0.072: [GC0.072: [ParNew: 69568K->747K(78208K), 0.0010471 secs] 69568K->747K(251968K), 0.0012162 secs] [Times: user=0.06 sys=0.00, real=0.00 secs] 
0.077: [GC0.077: [ParNew: 70315K->1306K(78208K), 0.0011588 secs] 70315K->1306K(251968K), 0.0012883 secs] [Times: user=0.00 sys=0.00, real=0.00 secs] 
0.127: [GC0.127: [ParNew: 70874K->6915K(78208K), 0.0046334 secs] 70874K->6915K(251968K), 0.0049067 secs] [Times: user=0.00 sys=0.00, real=0.00 secs] 
0.183: [GC0.183: [ParNew: 76483K->8640K(78208K), 0.0292666 secs] 76483K->37148K(251968K), 0.0297092 secs] [Times: user=0.06 sys=0.00, real=0.03 secs] 
0.271: [GC0.272: [ParNew: 78208K->8640K(78208K), 0.0470223 secs] 106716K->86196K(251968K), 0.0475752 secs] [Times: user=0.17 sys=0.00, real=0.05 secs] 
0.385: [GC0.385: [ParNew: 78208K->8640K(78208K), 0.0583235 secs] 155764K->142812K(251968K), 0.0587392 secs] [Times: user=0.16 sys=0.03, real=0.06 secs] 
0.515: [GC0.516: [ParNew: 78208K->78208K(78208K), 0.0000196 secs]0.516: [Tenured: 134172K->173760K(173760K), 0.3595043 secs] 212380K->178146K(251968K), [Perm : 2603K->2603K(21248K)], 0.3598885 secs] [Times: user=0.34 sys=0.00, real=0.36 secs] 
1.004: [Full GC1.004: [Tenured: 174783K->174783K(174784K), 0.4225808 secs] 253439K->203802K(253440K), [Perm : 2603K->2603K(21248K)], 0.4229439 secs] [Times: user=0.42 sys=0.00, real=0.42 secs] 
1.523: [Full GC1.523: [Tenured: 174783K->174783K(174784K), 0.4352736 secs] 253439K->206375K(253440K), [Perm : 2603K->2603K(21248K)], 0.4355649 secs] [Times: user=0.42 sys=0.00, real=0.42 secs] 
2.050: [Full GC2.050: [Tenured: 174783K->174783K(174784K), 0.4168573 secs] 253439K->177870K(253440K), [Perm : 2603K->2602K(21248K)], 0.4171469 secs] [Times: user=0.42 sys=0.00, real=0.41 secs] 
2.582: [Full GC2.582: [Tenured: 174783K->162267K(174784K), 0.3674674 secs] 253439K->162267K(253440K), [Perm : 2602K->2602K(21248K)], 0.3677836 secs] [Times: user=0.37 sys=0.00, real=0.36 secs] 
3.023: [GC3.023: [ParNew: 69952K->69952K(78656K), 0.0000205 secs]3.023: [Tenured: 162267K->155079K(174784K), 0.3476870 secs] 232219K->155079K(253440K), [Perm : 2602K->2602K(21248K)], 0.3480802 secs] [Times: user=0.34 sys=0.00, real=0.35 secs] 
3.448: [GC3.449: [ParNew: 69952K->69952K(78656K), 0.0000269 secs]3.449: [Tenured: 155079K->174225K(174784K), 0.3875275 secs] 225031K->174225K(253440K), [Perm : 2602K->2602K(21248K)], 0.3879460 secs] [Times: user=0.39 sys=0.00, real=0.39 secs] 
3.913: [GC3.913: [ParNew: 69952K->69952K(78656K), 0.0000199 secs]3.914: [Tenured: 174225K->174783K(174784K), 0.4069345 secs] 244177K->175033K(253440K), [Perm : 2602K->2602K(21248K)], 0.4074390 secs] [Times: user=0.41 sys=0.00, real=0.41 secs] 
4.446: [Full GC4.446: [Tenured: 174784K->174783K(174784K), 0.4723578 secs] 253440K->178809K(253440K), [Perm : 2602K->2602K(21248K)], 0.4726590 secs] [Times: user=0.44 sys=0.03, real=0.47 secs] 
5.040: [Full GC5.041: [Tenured: 174783K->172228K(174784K), 0.4221610 secs] 253439K->172228K(253440K), [Perm : 2602K->2602K(21248K)], 0.4225013 secs] [Times: user=0.42 sys=0.00, real=0.42 secs] 
5.531: [GC5.531: [ParNew: 69952K->69952K(78656K), 0.0000183 secs]5.531: [Tenured: 172228K->165969K(174784K), 0.3899338 secs] 242180K->165969K(253440K), [Perm : 2602K->2602K(21248K)], 0.3903344 secs] [Times: user=0.39 sys=0.00, real=0.39 secs] 
5.998: [GC5.999: [ParNew: 69952K->69952K(78656K), 0.0000173 secs]5.999: [Tenured: 165969K->161903K(174784K), 0.3825021 secs] 235921K->161903K(253440K), [Perm : 2602K->2602K(21248K)], 0.3830085 secs] [Times: user=0.39 sys=0.00, real=0.38 secs] 
6.455: [GC6.456: [ParNew: 69952K->69952K(78656K), 0.0000170 secs]6.456: [Tenured: 161903K->173160K(174784K), 0.3801904 secs] 231855K->173160K(253440K), [Perm : 2602K->2602K(21248K)], 0.3805794 secs] [Times: user=0.37 sys=0.00, real=0.38 secs] 
6.911: [GC6.911: [ParNew: 69952K->69952K(78656K), 0.0000192 secs]6.911: [Tenured: 173160K->174783K(174784K), 0.3921176 secs] 243112K->177840K(253440K), [Perm : 2602K->2602K(21248K)], 0.3925621 secs] [Times: user=0.39 sys=0.00, real=0.39 secs] 
7.431: [Full GC7.431: [Tenured: 174783K->173391K(174784K), 0.3878254 secs] 253439K->173391K(253440K), [Perm : 2602K->2602K(21248K)], 0.3882148 secs] [Times: user=0.39 sys=0.00, real=0.39 secs] 
7.895: [GC7.895: [ParNew: 69952K->69952K(78656K), 0.0000186 secs]7.895: [Tenured: 173391K->163117K(174784K), 0.3817779 secs] 243343K->163117K(253440K), [Perm : 2602K->2602K(21248K)], 0.3821884 secs] [Times: user=0.37 sys=0.00, real=0.38 secs] 
8.353: [GC8.354: [ParNew: 69952K->69952K(78656K), 0.0000215 secs]8.354: [Tenured: 163117K->174784K(174784K), 0.3870762 secs] 233069K->175400K(253440K), [Perm : 2602K->2602K(21248K)], 0.3875842 secs] [Times: user=0.39 sys=0.00, real=0.39 secs] 
8.870: [Full GC8.871: [Tenured: 174784K->171722K(174784K), 0.3867998 secs] 253439K->171722K(253440K), [Perm : 2602K->2602K(21248K)], 0.3871583 secs] [Times: user=0.39 sys=0.00, real=0.39 secs] 
9.333: [GC9.333: [ParNew: 69952K->69952K(78656K), 0.0000189 secs]9.333: [Tenured: 171722K->174783K(174784K), 0.3913065 secs] 241674K->176363K(253440K), [Perm : 2602K->2602K(21248K)], 0.3916997 secs] [Times: user=0.39 sys=0.00, real=0.39 secs] 
9.855: [Full GC9.855: [Tenured: 174783K->165387K(174784K), 0.3941343 secs] 253439K->165387K(253440K), [Perm : 2602K->2602K(21248K)], 0.3945448 secs] [Times: user=0.39 sys=0.00, real=0.39 secs] 
10.324: [GC10.324: [ParNew: 69952K->69952K(78656K), 0.0000180 secs]10.324: [Tenured: 165387K->174784K(174784K), 0.3960253 secs] 235339K->175998K(253440K), [Perm : 2602K->2602K(21248K)], 0.3964509 secs] [Times: user=0.39 sys=0.00, real=0.40 secs] 
10.846: [Full GC10.846: [Tenured: 174784K->174783K(174784K), 0.3993563 secs] 253440K->177762K(253440K), [Perm : 2602K->2602K(21248K)], 0.3996648 secs] [Times: user=0.41 sys=0.00, real=0.40 secs] 
11.368: [Full GC11.369: [Tenured: 174783K->167317K(174784K), 0.3830114 secs] 253439K->167317K(253440K), [Perm : 2602K->2602K(21248K)], 0.3834056 secs] [Times: user=0.34 sys=0.00, real=0.38 secs] 
11.826: [GC11.826: [ParNew: 69952K->69952K(78656K), 0.0000192 secs]11.826: [Tenured: 167317K->158792K(174784K), 0.3748283 secs] 237269K->158792K(253440K), [Perm : 2602K->2602K(21248K)], 0.3752227 secs] [Times: user=0.36 sys=0.00, real=0.38 secs] 
12.273: [GC12.273: [ParNew: 69952K->69952K(78656K), 0.0000244 secs]12.273: [Tenured: 158792K->172065K(174784K), 0.3785306 secs] 228744K->172065K(253440K), [Perm : 2602K->2602K(21248K)], 0.3789232 secs] [Times: user=0.37 sys=0.00, real=0.38 secs] 
12.728: [GC12.728: [ParNew: 69952K->69952K(78656K), 0.0000180 secs]12.728: [Tenured: 172065K->174784K(174784K), 0.3871869 secs] 242017K->175198K(253440K), [Perm : 2602K->2602K(21248K)], 0.3876009 secs] [Times: user=0.39 sys=0.00, real=0.39 secs] 
13.244: [Full GC13.244: [Tenured: 174784K->174784K(174784K), 0.3913575 secs] 253439K->175496K(253440K), [Perm : 2602K->2602K(21248K)], 0.3916526 secs] [Times: user=0.39 sys=0.00, real=0.39 secs] 
13.763: [Full GC13.763: [Tenured: 174784K->157837K(174784K), 0.3851731 secs] 253439K->157837K(253440K), [Perm : 2602K->2602K(21248K)], 0.3854672 secs] [Times: user=0.39 sys=0.00, real=0.38 secs] 
14.221: [GC14.221: [ParNew: 69952K->69952K(78656K), 0.0000205 secs]14.221: [Tenured: 157837K->174783K(174784K), 0.3895448 secs] 227789K->177998K(253440K), [Perm : 2602K->2602K(21248K)], 0.3899787 secs] [Times: user=0.37 sys=0.00, real=0.39 secs] 
14.738: [Full GC14.738: [Tenured: 174783K->173497K(174784K), 0.3928052 secs] 253439K->173497K(253440K), [Perm : 2602K->2602K(21248K)], 0.3932090 secs] [Times: user=0.39 sys=0.00, real=0.39 secs] 
15.204: [GC15.204: [ParNew: 69952K->69952K(78656K), 0.0000199 secs]15.204: [Tenured: 173497K->162558K(174784K), 0.3848283 secs] 243449K->162558K(253440K), [Perm : 2602K->2602K(21248K)], 0.3852613 secs] [Times: user=0.39 sys=0.00, real=0.39 secs] 
15.665: [GC15.665: [ParNew: 69952K->69952K(78656K), 0.0000202 secs]15.665: [Tenured: 162558K->165738K(174784K), 0.3897244 secs] 232510K->165738K(253440K), [Perm : 2602K->2602K(21248K)], 0.3901282 secs] [Times: user=0.39 sys=0.00, real=0.39 secs] 
16.128: [GC16.129: [ParNew: 69952K->69952K(78656K), 0.0000199 secs]16.129: [Tenured: 165738K->168160K(174784K), 0.3728430 secs] 235690K->168160K(253440K), [Perm : 2602K->2602K(21248K)], 0.3734126 secs] [Times: user=0.37 sys=0.00, real=0.37 secs] 
16.578: [GC16.578: [ParNew: 69952K->69952K(78656K), 0.0000180 secs]16.578: [Tenured: 168160K->174625K(174784K), 0.3842407 secs] 238112K->174625K(253440K), [Perm : 2602K->2602K(21248K)], 0.3846234 secs] [Times: user=0.38 sys=0.00, real=0.39 secs] 
17.036: [GC17.036: [ParNew: 69952K->69952K(78656K), 0.0000183 secs]17.036: [Tenured: 174625K->174783K(174784K), 0.3880182 secs] 244577K->176778K(253440K), [Perm : 2602K->2602K(21248K)], 0.3884127 secs] [Times: user=0.39 sys=0.00, real=0.39 secs] 
17.552: [Full GC17.552: [Tenured: 174784K->163705K(174784K), 0.3856115 secs] 253439K->163705K(253440K), [Perm : 2602K->2602K(21248K)], 0.3860210 secs] [Times: user=0.39 sys=0.00, real=0.39 secs] 
18.013: [GC18.013: [ParNew: 69952K->69952K(78656K), 0.0000199 secs]18.013: [Tenured: 163705K->170717K(174784K), 0.3790201 secs] 233657K->170717K(253440K), [Perm : 2602K->2602K(21248K)], 0.3795143 secs] [Times: user=0.37 sys=0.00, real=0.38 secs] 
18.469: [GC18.469: [ParNew: 69952K->69952K(78656K), 0.0000257 secs]18.469: [Tenured: 170717K->174395K(174784K), 0.3863924 secs] 240669K->174395K(253440K), [Perm : 2602K->2602K(21248K)], 0.3869540 secs] [Times: user=0.39 sys=0.00, real=0.39 secs] 
18.932: [GC18.932: [ParNew: 69952K->69952K(78656K), 0.0000192 secs] 244347K->244347K(253440K), 0.0003916 secs] [Times: user=0.02 sys=0.00, real=0.00 secs] 
18.932: [Full GC18.932: [Tenured: 174395K->162532K(174784K), 0.3812853 secs] 244347K->162532K(253440K), [Perm : 2602K->2602K(21248K)], 0.3815358 secs] [Times: user=0.37 sys=0.00, real=0.38 secs] 
19.389: [GC19.390: [ParNew: 69952K->69952K(78656K), 0.0000208 secs]19.390: [Tenured: 162532K->170026K(174784K), 0.3890842 secs] 232484K->170026K(253440K), [Perm : 2602K->2602K(21248K)], 0.3895541 secs] [Times: user=0.39 sys=0.00, real=0.39 secs] 
19.855: [GC19.855: [ParNew: 69952K->69952K(78656K), 0.0000189 secs]19.855: [Tenured: 170026K->171815K(174784K), 0.3803584 secs] 239978K->171815K(253440K), [Perm : 2602K->2602K(21248K)], 0.3807792 secs] [Times: user=0.37 sys=0.00, real=0.38 secs] 
20.309: [GC20.309: [ParNew: 69952K->69952K(78656K), 0.0000221 secs]20.309: [Tenured: 171815K->171839K(174784K), 0.3779575 secs] 241767K->171839K(253440K), [Perm : 2602K->2602K(21248K)], 0.3784578 secs] [Times: user=0.37 sys=0.00, real=0.38 secs] 
20.763: [GC20.763: [ParNew: 69952K->69952K(78656K), 0.0000180 secs]20.763: [Tenured: 171839K->172889K(174784K), 0.3813680 secs] 241791K->172889K(253440K), [Perm : 2602K->2602K(21248K)], 0.3817507 secs] [Times: user=0.37 sys=0.00, real=0.38 secs] 
21.219: [GC21.220: [ParNew: 69952K->69952K(78656K), 0.0000189 secs]21.220: [Tenured: 172889K->163193K(174784K), 0.3773789 secs] 242841K->163193K(253440K), [Perm : 2602K->2602K(21248K)], 0.3777959 secs] [Times: user=0.37 sys=0.00, real=0.38 secs] 
21.674: [GC21.674: [ParNew: 69952K->69952K(78656K), 0.0000234 secs]21.674: [Tenured: 163193K->174784K(174784K), 0.3886801 secs] 233145K->177994K(253440K), [Perm : 2602K->2602K(21248K)], 0.3891708 secs] [Times: user=0.39 sys=0.00, real=0.39 secs] 
22.186: [Full GC22.186: [Tenured: 174784K->172581K(174784K), 0.3874887 secs] 253439K->172581K(253440K), [Perm : 2602K->2602K(21248K)], 0.3878434 secs] [Times: user=0.39 sys=0.00, real=0.39 secs] 
22.648: [GC22.649: [ParNew: 69952K->69952K(78656K), 0.0000170 secs]22.649: [Tenured: 172581K->171959K(174784K), 0.3814546 secs] 242533K->171959K(253440K), [Perm : 2602K->2602K(21248K)], 0.3818264 secs] [Times: user=0.37 sys=0.00, real=0.38 secs] 
23.107: [GC23.107: [ParNew: 69952K->69952K(78656K), 0.0000305 secs]23.107: [Tenured: 171959K->165489K(174784K), 0.3827584 secs] 241911K->165489K(253440K), [Perm : 2602K->2602K(21248K)], 0.3832266 secs] [Times: user=0.39 sys=0.00, real=0.38 secs] 
23.566: [GC23.567: [ParNew: 69952K->69952K(78656K), 0.0000202 secs]23.567: [Tenured: 165489K->172168K(174784K), 0.3795624 secs] 235441K->172168K(253440K), [Perm : 2602K->2602K(21248K)], 0.3799739 secs] [Times: user=0.38 sys=0.00, real=0.38 secs] 
24.023: [GC24.023: [ParNew: 69952K->69952K(78656K), 0.0000196 secs]24.023: [Tenured: 172168K->172585K(174784K), 0.3813421 secs] 242120K->172585K(253440K), [Perm : 2602K->2602K(21248K)], 0.3818084 secs] [Times: user=0.38 sys=0.00, real=0.38 secs] 
24.481: [GC24.482: [ParNew: 69952K->69952K(78656K), 0.0000183 secs] 242537K->242537K(253440K), 0.0003335 secs] [Times: user=0.00 sys=0.00, real=0.00 secs] 
24.482: [Full GC24.482: [Tenured: 172585K->167243K(174784K), 0.3849842 secs] 242537K->167243K(253440K), [Perm : 2602K->2602K(21248K)], 0.3852199 secs] [Times: user=0.39 sys=0.00, real=0.38 secs] 
24.944: [GC24.945: [ParNew: 69952K->69952K(78656K), 0.0000176 secs]24.945: [Tenured: 167243K->160930K(174784K), 0.3834829 secs] 237195K->160930K(253440K), [Perm : 2602K->2602K(21248K)], 0.3838732 secs] [Times: user=0.37 sys=0.00, real=0.38 secs] 
25.400: [GC25.400: [ParNew: 69952K->69952K(78656K), 0.0000170 secs]25.400: [Tenured: 160930K->171907K(174784K), 0.3747272 secs] 230882K->171907K(253440K), [Perm : 2602K->2602K(21248K)], 0.3750961 secs] [Times: user=0.37 sys=0.00, real=0.38 secs] 
25.852: [GC25.852: [ParNew: 69952K->69952K(78656K), 0.0000196 secs]25.852: [Tenured: 171907K->173595K(174784K), 0.3819274 secs] 241859K->173595K(253440K), [Perm : 2602K->2602K(21248K)], 0.3824428 secs] [Times: user=0.39 sys=0.00, real=0.38 secs] 
26.308: [GC26.309: [ParNew: 69952K->69952K(78656K), 0.0000237 secs]26.309: [Tenured: 173595K->171983K(174784K), 0.3770980 secs] 243547K->171983K(253440K), [Perm : 2602K->2602K(21248K)], 0.3776403 secs] [Times: user=0.39 sys=0.00, real=0.38 secs] 
26.762: [GC26.762: [ParNew: 69952K->69952K(78656K), 0.0000196 secs]26.762: [Tenured: 171983K->167220K(174784K), 0.3853071 secs] 241935K->167220K(253440K), [Perm : 2602K->2602K(21248K)], 0.3857613 secs] [Times: user=0.39 sys=0.00, real=0.39 secs] 
27.220: [GC27.221: [ParNew: 69952K->69952K(78656K), 0.0000205 secs]27.221: [Tenured: 167220K->174784K(174784K), 0.3909287 secs] 237172K->180482K(253440K), [Perm : 2602K->2602K(21248K)], 0.3913652 secs] [Times: user=0.36 sys=0.00, real=0.39 secs] 
27.736: [Full GC27.737: [Tenured: 174784K->172722K(174784K), 0.3845188 secs] 253439K->172722K(253440K), [Perm : 2602K->2602K(21248K)], 0.3849053 secs] [Times: user=0.39 sys=0.00, real=0.38 secs] 
28.193: [GC28.193: [ParNew: 69952K->69952K(78656K), 0.0000173 secs]28.193: [Tenured: 172722K->173634K(174784K), 0.3817061 secs] 242674K->173634K(253440K), [Perm : 2602K->2602K(21248K)], 0.3820624 secs] [Times: user=0.39 sys=0.00, real=0.38 secs] 
28.651: [GC28.651: [ParNew: 69952K->69952K(78656K), 0.0000170 secs]28.651: [Tenured: 173634K->163187K(174784K), 0.3795380 secs] 243586K->163187K(253440K), [Perm : 2602K->2602K(21248K)], 0.3798854 secs] [Times: user=0.38 sys=0.00, real=0.38 secs] 
29.107: [GC29.107: [ParNew: 69952K->69952K(78656K), 0.0000311 secs] 233139K->233139K(253440K), 0.0005279 secs] [Times: user=0.00 sys=0.00, real=0.00 secs] 
29.107: [Full GC29.107: [Tenured: 163187K->163800K(174784K), 0.3809184 secs] 233139K->163800K(253440K), [Perm : 2602K->2602K(21248K)], 0.3811759 secs] [Times: user=0.38 sys=0.00, real=0.38 secs] 
29.565: [GC29.565: [ParNew: 69952K->69952K(78656K), 0.0000192 secs]29.565: [Tenured: 163800K->174024K(174784K), 0.3829912 secs] 233752K->174024K(253440K), [Perm : 2602K->2602K(21248K)], 0.3834405 secs] [Times: user=0.39 sys=0.00, real=0.38 secs] 
30.024: [GC30.025: [ParNew: 69952K->69952K(78656K), 0.0000292 secs]30.025: [Tenured: 174024K->170778K(174784K), 0.3794851 secs] 243976K->170778K(253440K), [Perm : 2602K->2602K(21248K)], 0.3799402 secs] [Times: user=0.38 sys=0.00, real=0.38 secs] 
30.480: [GC30.481: [ParNew: 69952K->69952K(78656K), 0.0000186 secs]30.481: [Tenured: 170778K->166589K(174784K), 0.3834306 secs] 240730K->166589K(253440K), [Perm : 2602K->2602K(21248K)], 0.3838244 secs] [Times: user=0.37 sys=0.00, real=0.38 secs] 
30.940: [GC30.941: [ParNew: 69952K->69952K(78656K), 0.0000205 secs]30.941: [Tenured: 166589K->174784K(174784K), 0.3885781 secs] 236541K->175918K(253440K), [Perm : 2602K->2602K(21248K)], 0.3890631 secs] [Times: user=0.39 sys=0.00, real=0.39 secs] 
31.455: [Full GC31.455: [Tenured: 174784K->170708K(174784K), 0.3817202 secs] 253440K->170708K(253440K), [Perm : 2602K->2602K(21248K)], 0.3820525 secs] [Times: user=0.39 sys=0.00, real=0.38 secs] 
31.911: [GC31.911: [ParNew: 69952K->69952K(78656K), 0.0000186 secs]31.911: [Tenured: 170708K->165812K(174784K), 0.3832747 secs] 240660K->165812K(253440K), [Perm : 2602K->2602K(21248K)], 0.3836936 secs] [Times: user=0.39 sys=0.00, real=0.38 secs] 
32.371: [GC32.371: [ParNew: 69952K->69952K(78656K), 0.0000192 secs]32.372: [Tenured: 165812K->163485K(174784K), 0.3798918 secs] 235764K->163485K(253440K), [Perm : 2602K->2602K(21248K)], 0.3803033 secs] [Times: user=0.38 sys=0.00, real=0.38 secs] 
32.827: [GC32.827: [ParNew: 69952K->69952K(78656K), 0.0000186 secs]32.827: [Tenured: 163485K->173117K(174784K), 0.3810550 secs] 233437K->173117K(253440K), [Perm : 2602K->2602K(21248K)], 0.3814870 secs] [Times: user=0.38 sys=0.00, real=0.38 secs] 
33.281: [GC33.281: [ParNew: 69952K->69952K(78656K), 0.0000196 secs]33.281: [Tenured: 173117K->172035K(174784K), 0.3775470 secs] 243069K->172035K(253440K), [Perm : 2602K->2602K(21248K)], 0.3779816 secs] [Times: user=0.39 sys=0.00, real=0.38 secs] 
33.734: [GC33.734: [ParNew: 69952K->69952K(78656K), 0.0000180 secs]33.734: [Tenured: 172035K->165883K(174784K), 0.3817192 secs] 241987K->165883K(253440K), [Perm : 2602K->2602K(21248K)], 0.3821205 secs] [Times: user=0.39 sys=0.00, real=0.38 secs] 
34.192: [GC34.192: [ParNew: 69952K->69952K(78656K), 0.0000189 secs]34.192: [Tenured: 165883K->159260K(174784K), 0.3756435 secs] 235835K->159260K(253440K), [Perm : 2602K->2602K(21248K)], 0.3760794 secs] [Times: user=0.37 sys=0.00, real=0.38 secs] 
34.641: [GC34.641: [ParNew: 69952K->69952K(78656K), 0.0000170 secs]34.641: [Tenured: 159260K->174783K(174784K), 0.3788786 secs] 229212K->175154K(253440K), [Perm : 2602K->2602K(21248K)], 0.3792628 secs] [Times: user=0.39 sys=0.00, real=0.38 secs] 
35.150: [Full GC35.150: [Tenured: 174783K->171666K(174784K), 0.3844531 secs] 253439K->171666K(253440K), [Perm : 2602K->2602K(21248K)], 0.3848633 secs] [Times: user=0.39 sys=0.00, real=0.38 secs] 
35.610: [GC35.611: [ParNew: 69952K->69952K(78656K), 0.0000273 secs]35.611: [Tenured: 171666K->169308K(174784K), 0.3779351 secs] 241618K->169308K(253440K), [Perm : 2602K->2602K(21248K)], 0.3784184 secs] [Times: user=0.38 sys=0.00, real=0.38 secs] 
36.066: [GC36.067: [ParNew: 69952K->69952K(78656K), 0.0000215 secs]36.067: [Tenured: 169308K->165454K(174784K), 0.3866519 secs] 239260K->165454K(253440K), [Perm : 2602K->2602K(21248K)], 0.3870804 secs] [Times: user=0.39 sys=0.00, real=0.39 secs] 
36.530: [GC36.530: [ParNew: 69952K->69952K(78656K), 0.0000180 secs]36.530: [Tenured: 165454K->172468K(174784K), 0.3791727 secs] 235406K->172468K(253440K), [Perm : 2602K->2602K(21248K)], 0.3795560 secs] [Times: user=0.37 sys=0.00, real=0.38 secs] 
36.976: [GC36.977: [ParNew: 69952K->69952K(78656K), 0.0000176 secs]36.977: [Tenured: 172468K->170815K(174784K), 0.3741695 secs] 242420K->170815K(253440K), [Perm : 2602K->2602K(21248K)], 0.3746098 secs] [Times: user=0.37 sys=0.00, real=0.38 secs] 
37.424: [GC37.424: [ParNew: 69952K->69952K(78656K), 0.0000199 secs]37.424: [Tenured: 170815K->172226K(174784K), 0.3766997 secs] 240767K->172226K(253440K), [Perm : 2602K->2602K(21248K)], 0.3770989 secs] [Times: user=0.37 sys=0.00, real=0.38 secs] 
37.877: [GC37.877: [ParNew: 69952K->69952K(78656K), 0.0000180 secs]37.877: [Tenured: 172226K->161914K(174784K), 0.3721583 secs] 242178K->161914K(253440K), [Perm : 2602K->2602K(21248K)], 0.3725537 secs] [Times: user=0.37 sys=0.00, real=0.37 secs] 
38.323: [GC38.324: [ParNew: 69952K->69952K(78656K), 0.0000176 secs]38.324: [Tenured: 161914K->174784K(174784K), 0.3805191 secs] 231866K->175508K(253440K), [Perm : 2602K->2602K(21248K)], 0.3809216 secs] [Times: user=0.38 sys=0.00, real=0.38 secs] 
38.834: [Full GC38.834: [Tenured: 174784K->169949K(174784K), 0.3790974 secs] 253439K->169949K(253440K), [Perm : 2602K->2602K(21248K)], 0.3794710 secs] [Times: user=0.39 sys=0.00, real=0.38 secs] 
39.287: [GC39.287: [ParNew: 69952K->69952K(78656K), 0.0000225 secs]39.287: [Tenured: 169949K->174242K(174784K), 0.3840047 secs] 239901K->174242K(253440K), [Perm : 2602K->2602K(21248K)], 0.3844155 secs] [Times: user=0.39 sys=0.00, real=0.38 secs] 
39.748: [GC39.748: [ParNew: 69952K->69952K(78656K), 0.0000215 secs]39.748: [Tenured: 174242K->159283K(174784K), 0.3737016 secs] 244194K->159283K(253440K), [Perm : 2602K->2602K(21248K)], 0.3741377 secs] [Times: user=0.37 sys=0.00, real=0.37 secs] 
40.198: [GC40.198: [ParNew: 69952K->69952K(78656K), 0.0000205 secs]40.198: [Tenured: 159283K->171897K(174784K), 0.3769716 secs] 229235K->171897K(253440K), [Perm : 2602K->2602K(21248K)], 0.3774562 secs] [Times: user=0.38 sys=0.00, real=0.38 secs] 
40.651: [GC40.652: [ParNew: 69952K->69952K(78656K), 0.0000167 secs]40.652: [Tenured: 171897K->174784K(174784K), 0.3860416 secs] 241849K->176072K(253440K), [Perm : 2602K->2602K(21248K)], 0.3863934 secs] [Times: user=0.39 sys=0.00, real=0.39 secs] 
41.167: [Full GC41.167: [Tenured: 174784K->174783K(174784K), 0.3970865 secs] 253439K->176351K(253440K), [Perm : 2602K->2602K(21248K)], 0.3974339 secs] [Times: user=0.39 sys=0.00, real=0.40 secs] 
41.693: [Full GC41.694: [Tenured: 174783K->161570K(174784K), 0.3842077 secs] 253439K->161570K(253440K), [Perm : 2602K->2602K(21248K)], 0.3845659 secs] [Times: user=0.37 sys=0.00, real=0.38 secs] 
42.154: [GC42.154: [ParNew: 69952K->69952K(78656K), 0.0000189 secs]42.154: [Tenured: 161570K->170609K(174784K), 0.3810720 secs] 231522K->170609K(253440K), [Perm : 2602K->2602K(21248K)], 0.3815024 secs] [Times: user=0.39 sys=0.00, real=0.38 secs] 
42.612: [GC42.612: [ParNew: 69952K->69952K(78656K), 0.0000208 secs] 240561K->240561K(253440K), 0.0003961 secs] [Times: user=0.00 sys=0.00, real=0.00 secs] 
42.612: [Full GC42.613: [Tenured: 170609K->164131K(174784K), 0.3833674 secs] 240561K->164131K(253440K), [Perm : 2602K->2602K(21248K)], 0.3836294 secs] [Times: user=0.39 sys=0.00, real=0.38 secs] 
43.073: [GC43.073: [ParNew: 69952K->69952K(78656K), 0.0000202 secs]43.073: [Tenured: 164131K->174783K(174784K), 0.4041972 secs] 234083K->182301K(253440K), [Perm : 2602K->2602K(21248K)], 0.4046632 secs] [Times: user=0.34 sys=0.00, real=0.40 secs] 
43.597: [Full GC43.597: [Tenured: 174784K->161382K(174784K), 0.3812503 secs] 253439K->161382K(253440K), [Perm : 2602K->2602K(21248K)], 0.3815313 secs] [Times: user=0.37 sys=0.00, real=0.38 secs] 
44.053: [GC44.053: [ParNew: 69952K->69952K(78656K), 0.0000189 secs]44.053: [Tenured: 161382K->171684K(174784K), 0.3794104 secs] 231334K->171684K(253440K), [Perm : 2602K->2602K(21248K)], 0.3798292 secs] [Times: user=0.38 sys=0.00, real=0.38 secs] 
44.505: [GC44.506: [ParNew: 69952K->69952K(78656K), 0.0000208 secs]44.506: [Tenured: 171684K->169600K(174784K), 0.3747664 secs] 241636K->169600K(253440K), [Perm : 2602K->2602K(21248K)], 0.3752125 secs] [Times: user=0.37 sys=0.00, real=0.38 secs] 
44.955: [GC44.956: [ParNew: 69952K->69952K(78656K), 0.0000176 secs]44.956: [Tenured: 169600K->173312K(174784K), 0.3794636 secs] 239552K->173312K(253440K), [Perm : 2602K->2602K(21248K)], 0.3798899 secs] [Times: user=0.37 sys=0.00, real=0.38 secs] 
45.408: [GC45.408: [ParNew: 69952K->69952K(78656K), 0.0000215 secs]45.408: [Tenured: 173312K->165034K(174784K), 0.3789290 secs] 243264K->165034K(253440K), [Perm : 2602K->2602K(21248K)], 0.3794309 secs] [Times: user=0.37 sys=0.00, real=0.38 secs] 
45.865: [GC45.865: [ParNew: 69952K->69952K(78656K), 0.0000244 secs]45.865: [Tenured: 165034K->174033K(174784K), 0.3818947 secs] 234986K->174033K(253440K), [Perm : 2602K->2602K(21248K)], 0.3823472 secs] [Times: user=0.39 sys=0.00, real=0.38 secs] 
46.322: [GC46.322: [ParNew: 69952K->69952K(78656K), 0.0000225 secs]46.322: [Tenured: 174033K->174783K(174784K), 0.3883848 secs] 243985K->175135K(253440K), [Perm : 2602K->2602K(21248K)], 0.3888703 secs] [Times: user=0.39 sys=0.00, real=0.39 secs] 
46.838: [Full GC46.838: [Tenured: 174783K->161048K(174784K), 0.3796939 secs] 253439K->161048K(253440K), [Perm : 2602K->2602K(21248K)], 0.3800018 secs] [Times: user=0.37 sys=0.00, real=0.38 secs] 
47.294: [GC47.294: [ParNew: 69952K->69952K(78656K), 0.0000183 secs]47.294: [Tenured: 161048K->162293K(174784K), 0.3764861 secs] 231000K->162293K(253440K), [Perm : 2602K->2602K(21248K)], 0.3768780 secs] [Times: user=0.37 sys=0.00, real=0.38 secs] 
47.747: [GC47.747: [ParNew: 69952K->69952K(78656K), 0.0000205 secs]47.747: [Tenured: 162293K->174784K(174784K), 0.3884896 secs] 232245K->177196K(253440K), [Perm : 2602K->2602K(21248K)], 0.3889495 secs] [Times: user=0.39 sys=0.00, real=0.39 secs] 
48.266: [Full GC48.266: [Tenured: 174784K->172203K(174784K), 0.3870967 secs] 253440K->172203K(253440K), [Perm : 2602K->2602K(21248K)], 0.3874919 secs] [Times: user=0.39 sys=0.00, real=0.39 secs] 
48.729: [GC48.729: [ParNew: 69952K->69952K(78656K), 0.0000205 secs]48.729: [Tenured: 172203K->174783K(174784K), 0.3946349 secs] 242155K->177859K(253440K), [Perm : 2602K->2602K(21248K)], 0.3950163 secs] [Times: user=0.39 sys=0.00, real=0.39 secs] 
49.251: [Full GC49.251: [Tenured: 174783K->161028K(174784K), 0.3834466 secs] 253439K->161028K(253440K), [Perm : 2602K->2602K(21248K)], 0.3838033 secs] [Times: user=0.39 sys=0.00, real=0.38 secs] 
49.710: [GC49.711: [ParNew: 69952K->69952K(78656K), 0.0000183 secs]49.711: [Tenured: 161028K->173918K(174784K), 0.3847023 secs] 230980K->173918K(253440K), [Perm : 2602K->2602K(21248K)], 0.3851208 secs] [Times: user=0.37 sys=0.00, real=0.38 secs] 
50.172: [GC50.173: [ParNew: 69952K->69952K(78656K), 0.0000231 secs]50.173: [Tenured: 173918K->173213K(174784K), 0.3854482 secs] 243870K->173213K(253440K), [Perm : 2602K->2602K(21248K)], 0.3859252 secs] [Times: user=0.39 sys=0.00, real=0.39 secs] 
50.635: [GC50.635: [ParNew: 69952K->69952K(78656K), 0.0000208 secs]50.635: [Tenured: 173213K->166123K(174784K), 0.3861445 secs] 243165K->166123K(253440K), [Perm : 2602K->2602K(21248K)], 0.3865810 secs] [Times: user=0.39 sys=0.00, real=0.39 secs] 
51.098: [GC51.098: [ParNew: 69952K->69952K(78656K), 0.0000215 secs]51.098: [Tenured: 166123K->168708K(174784K), 0.3899130 secs] 236075K->168708K(253440K), [Perm : 2602K->2602K(21248K)], 0.3903065 secs] [Times: user=0.39 sys=0.00, real=0.39 secs] 
51.559: [GC51.560: [ParNew: 69952K->69952K(78656K), 0.0000170 secs]51.560: [Tenured: 168708K->172483K(174784K), 0.3793789 secs] 238660K->172483K(253440K), [Perm : 2602K->2602K(21248K)], 0.3797426 secs] [Times: user=0.37 sys=0.00, real=0.38 secs] 
52.015: [GC52.015: [ParNew: 69952K->69952K(78656K), 0.0000199 secs]52.015: [Tenured: 172483K->170298K(174784K), 0.3748279 secs] 242435K->170298K(253440K), [Perm : 2602K->2602K(21248K)], 0.3752725 secs] [Times: user=0.37 sys=0.00, real=0.38 secs] 
52.465: [GC52.465: [ParNew: 69952K->69952K(78656K), 0.0000205 secs]52.465: [Tenured: 170298K->168134K(174784K), 0.3723934 secs] 240250K->168134K(253440K), [Perm : 2602K->2602K(21248K)], 0.3728706 secs] [Times: user=0.37 sys=0.00, real=0.37 secs] 
52.915: [GC52.915: [ParNew: 69952K->69952K(78656K), 0.0000189 secs]52.915: [Tenured: 168134K->162163K(174784K), 0.3748135 secs] 238086K->162163K(253440K), [Perm : 2602K->2602K(21248K)], 0.3752651 secs] [Times: user=0.38 sys=0.00, real=0.38 secs] 
53.364: [GC53.364: [ParNew: 69952K->69952K(78656K), 0.0000164 secs]53.364: [Tenured: 162163K->173437K(174784K), 0.3815550 secs] 232115K->173437K(253440K), [Perm : 2602K->2602K(21248K)], 0.3818956 secs] [Times: user=0.38 sys=0.00, real=0.38 secs] 
53.823: [GC53.824: [ParNew: 69952K->69952K(78656K), 0.0000199 secs]53.824: [Tenured: 173437K->169778K(174784K), 0.3750900 secs] 243389K->169778K(253440K), [Perm : 2602K->2602K(21248K)], 0.3756365 secs] [Times: user=0.38 sys=0.00, real=0.38 secs] 
54.276: [GC54.276: [ParNew: 69952K->69952K(78656K), 0.0000192 secs]54.276: [Tenured: 169778K->162632K(174784K), 0.3772802 secs] 239730K->162632K(253440K), [Perm : 2602K->2602K(21248K)], 0.3777760 secs] [Times: user=0.37 sys=0.00, real=0.38 secs] 
54.730: [GC54.730: [ParNew: 69952K->69952K(78656K), 0.0000176 secs]54.730: [Tenured: 162632K->164844K(174784K), 0.3806965 secs] 232584K->164844K(253440K), [Perm : 2602K->2602K(21248K)], 0.3810723 secs] [Times: user=0.39 sys=0.00, real=0.38 secs] 
55.188: [GC55.188: [ParNew: 69952K->69952K(78656K), 0.0000192 secs]55.188: [Tenured: 164844K->171554K(174784K), 0.3795406 secs] 234796K->171554K(253440K), [Perm : 2602K->2602K(21248K)], 0.3799761 secs] [Times: user=0.38 sys=0.00, real=0.38 secs] 
55.644: [GC55.644: [ParNew: 69952K->69952K(78656K), 0.0000180 secs]55.644: [Tenured: 171554K->174783K(174784K), 0.3864312 secs] 241506K->175879K(253440K), [Perm : 2602K->2602K(21248K)], 0.3868049 secs] [Times: user=0.39 sys=0.00, real=0.39 secs] 
56.161: [Full GC56.161: [Tenured: 174783K->162128K(174784K), 0.3816336 secs] 253439K->162128K(253440K), [Perm : 2602K->2602K(21248K)], 0.3819360 secs] [Times: user=0.37 sys=0.00, real=0.38 secs] 
56.616: [GC56.616: [ParNew: 69952K->69952K(78656K), 0.0000202 secs]56.617: [Tenured: 162128K->163376K(174784K), 0.3796888 secs] 232080K->163376K(253440K), [Perm : 2602K->2602K(21248K)], 0.3800829 secs] [Times: user=0.39 sys=0.00, real=0.38 secs] 
57.074: [GC57.074: [ParNew: 69952K->69952K(78656K), 0.0000192 secs]57.074: [Tenured: 163376K->172050K(174784K), 0.3811265 secs] 233328K->172050K(253440K), [Perm : 2602K->2602K(21248K)], 0.3815656 secs] [Times: user=0.38 sys=0.02, real=0.38 secs] 
57.532: [GC57.532: [ParNew: 69952K->69952K(78656K), 0.0000186 secs]57.532: [Tenured: 172050K->171647K(174784K), 0.3775117 secs] 242002K->171647K(253440K), [Perm : 2602K->2602K(21248K)], 0.3779126 secs] [Times: user=0.37 sys=0.00, real=0.38 secs] 
57.987: [GC57.987: [ParNew: 69952K->69952K(78656K), 0.0000234 secs]57.987: [Tenured: 171647K->168494K(174784K), 0.3892382 secs] 241599K->168494K(253440K), [Perm : 2602K->2602K(21248K)], 0.3897956 secs] [Times: user=0.39 sys=0.00, real=0.39 secs] 
58.453: [GC58.453: [ParNew: 69952K->69952K(78656K), 0.0000202 secs]58.453: [Tenured: 168494K->165158K(174784K), 0.4030481 secs] 238446K->165158K(253440K), [Perm : 2602K->2602K(21248K)], 0.4035246 secs] [Times: user=0.36 sys=0.00, real=0.40 secs] 
58.921: [GC58.921: [ParNew: 69952K->69952K(78656K), 0.0000327 secs]58.921: [Tenured: 165158K->170358K(174784K), 0.3747224 secs] 235110K->170358K(253440K), [Perm : 2602K->2602K(21248K)], 0.3751743 secs] [Times: user=0.34 sys=0.00, real=0.38 secs] 
59.370: [GC59.370: [ParNew: 69952K->69952K(78656K), 0.0000170 secs]59.371: [Tenured: 170358K->169818K(174784K), 0.3699690 secs] 240310K->169818K(253440K), [Perm : 2602K->2602K(21248K)], 0.3703286 secs] [Times: user=0.36 sys=0.00, real=0.37 secs] 
59.817: [GC59.817: [ParNew: 69952K->69952K(78656K), 0.0000212 secs]59.817: [Tenured: 169818K->171680K(174784K), 0.3754729 secs] 239770K->171680K(253440K), [Perm : 2602K->2602K(21248K)], 0.3759203 secs] [Times: user=0.37 sys=0.00, real=0.38 secs] 
60.269: [GC60.269: [ParNew: 69952K->69952K(78656K), 0.0000218 secs]60.269: [Tenured: 171680K->166149K(174784K), 0.3843591 secs] 241632K->166149K(253440K), [Perm : 2602K->2602K(21248K)], 0.3848623 secs] [Times: user=0.39 sys=0.00, real=0.38 secs] 
60.730: [GC60.730: [ParNew: 69952K->69952K(78656K), 0.0000176 secs]60.730: [Tenured: 166149K->174784K(174784K), 0.3884778 secs] 236101K->177764K(253440K), [Perm : 2602K->2602K(21248K)], 0.3888969 secs] [Times: user=0.39 sys=0.00, real=0.39 secs] 
61.245: [Full GC61.245: [Tenured: 174784K->168688K(174784K), 0.3776977 secs] 253439K->168688K(253440K), [Perm : 2602K->2602K(21248K)], 0.3781496 secs] [Times: user=0.37 sys=0.00, real=0.38 secs] 
61.698: [GC61.698: [ParNew: 69952K->69952K(78656K), 0.0000500 secs]61.698: [Tenured: 168688K->164884K(174784K), 0.3947991 secs] 238640K->164884K(253440K), [Perm : 2602K->2602K(21248K)], 0.3954220 secs] [Times: user=0.39 sys=0.00, real=0.40 secs] 
62.170: [GC62.170: [ParNew: 69952K->69952K(78656K), 0.0000202 secs]62.170: [Tenured: 164884K->166816K(174784K), 0.3920942 secs] 234836K->166816K(253440K), [Perm : 2602K->2602K(21248K)], 0.3925400 secs] [Times: user=0.39 sys=0.00, real=0.39 secs] 
62.637: [GC62.638: [ParNew: 69952K->69952K(78656K), 0.0000173 secs]62.638: [Tenured: 166816K->174784K(174784K), 0.3937356 secs] 236768K->175509K(253440K), [Perm : 2602K->2602K(21248K)], 0.3940945 secs] [Times: user=0.39 sys=0.00, real=0.39 secs] 
63.161: [Full GC63.161: [Tenured: 174784K->173286K(174784K), 0.3879697 secs] 253439K->173286K(253440K), [Perm : 2602K->2602K(21248K)], 0.3883838 secs] [Times: user=0.39 sys=0.00, real=0.39 secs] 
63.620: [GC63.620: [ParNew: 69951K->69951K(78656K), 0.0000208 secs]63.620: [Tenured: 173286K->171059K(174784K), 0.3804957 secs] 243238K->171059K(253440K), [Perm : 2602K->2602K(21248K)], 0.3809264 secs] [Times: user=0.39 sys=0.00, real=0.38 secs] 
64.077: [GC64.078: [ParNew: 69952K->69952K(78656K), 0.0000221 secs]64.078: [Tenured: 171059K->162133K(174784K), 0.3765698 secs] 241011K->162133K(253440K), [Perm : 2602K->2602K(21248K)], 0.3770367 secs] [Times: user=0.39 sys=0.00, real=0.38 secs] 
64.528: [GC64.528: [ParNew: 69952K->69952K(78656K), 0.0000183 secs] 232085K->232085K(253440K), 0.0003265 secs] [Times: user=0.00 sys=0.00, real=0.00 secs] 
64.528: [Full GC64.528: [Tenured: 162133K->161080K(174784K), 0.3733533 secs] 232085K->161080K(253440K), [Perm : 2602K->2602K(21248K)], 0.3736323 secs] [Times: user=0.38 sys=0.00, real=0.37 secs] 
64.979: [GC64.979: [ParNew: 69952K->69952K(78656K), 0.0000212 secs]64.979: [Tenured: 161080K->174784K(174784K), 0.3879499 secs] 231032K->177311K(253440K), [Perm : 2602K->2602K(21248K)], 0.3884130 secs] [Times: user=0.38 sys=0.00, real=0.39 secs] 
65.489: [Full GC65.490: [Tenured: 174784K->173218K(174784K), 0.3878363 secs] 253439K->173218K(253440K), [Perm : 2602K->2602K(21248K)], 0.3881577 secs] [Times: user=0.39 sys=0.00, real=0.39 secs] 
65.953: [GC65.953: [ParNew: 69952K->69952K(78656K), 0.0000208 secs]65.953: [Tenured: 173218K->166504K(174784K), 0.3888700 secs] 243170K->166504K(253440K), [Perm : 2602K->2602K(21248K)], 0.3893610 secs] [Times: user=0.39 sys=0.00, real=0.39 secs] 
66.417: [GC66.417: [ParNew: 69952K->69952K(78656K), 0.0000180 secs]66.417: [Tenured: 166504K->170288K(174784K), 0.3799582 secs] 236456K->170288K(253440K), [Perm : 2602K->2602K(21248K)], 0.3804020 secs] [Times: user=0.39 sys=0.00, real=0.38 secs] 
66.870: [GC66.870: [ParNew: 69952K->69952K(78656K), 0.0000208 secs]66.870: [Tenured: 170288K->172498K(174784K), 0.3810855 secs] 240240K->172498K(253440K), [Perm : 2602K->2602K(21248K)], 0.3815284 secs] [Times: user=0.37 sys=0.01, real=0.38 secs] 
67.327: [GC67.327: [ParNew: 69952K->69952K(78656K), 0.0000257 secs]67.327: [Tenured: 172498K->164401K(174784K), 0.3783465 secs] 242450K->164401K(253440K), [Perm : 2602K->2602K(21248K)], 0.3789601 secs] [Times: user=0.37 sys=0.00, real=0.38 secs] 
67.780: [GC67.781: [ParNew: 69952K->69952K(78656K), 0.0000176 secs]67.781: [Tenured: 164401K->165602K(174784K), 0.3829081 secs] 234353K->165602K(253440K), [Perm : 2602K->2602K(21248K)], 0.3833289 secs] [Times: user=0.37 sys=0.00, real=0.38 secs] 
68.241: [GC68.242: [ParNew: 69952K->69952K(78656K), 0.0000199 secs]68.242: [Tenured: 165602K->172642K(174784K), 0.3804867 secs] 235554K->172642K(253440K), [Perm : 2602K->2602K(21248K)], 0.3809216 secs] [Times: user=0.39 sys=0.00, real=0.38 secs] 
68.699: [GC68.699: [ParNew: 69952K->69952K(78656K), 0.0000205 secs]68.699: [Tenured: 172642K->168958K(174784K), 0.3720871 secs] 242594K->168958K(253440K), [Perm : 2602K->2602K(21248K)], 0.3725534 secs] [Times: user=0.38 sys=0.00, real=0.37 secs] 
69.148: [GC69.148: [ParNew: 69952K->69952K(78656K), 0.0000176 secs]69.148: [Tenured: 168958K->160845K(174784K), 0.3728959 secs] 238910K->160845K(253440K), [Perm : 2602K->2602K(21248K)], 0.3732750 secs] [Times: user=0.36 sys=0.02, real=0.37 secs] 
69.597: [GC69.597: [ParNew: 69952K->69952K(78656K), 0.0000180 secs]69.597: [Tenured: 160845K->168349K(174784K), 0.3867860 secs] 230797K->168349K(253440K), [Perm : 2602K->2602K(21248K)], 0.3871824 secs] [Times: user=0.39 sys=0.00, real=0.39 secs] 
70.061: [GC70.061: [ParNew: 69952K->69952K(78656K), 0.0000202 secs]70.061: [Tenured: 168349K->171340K(174784K), 0.3786872 secs] 238301K->171340K(253440K), [Perm : 2602K->2602K(21248K)], 0.3791512 secs] [Times: user=0.37 sys=0.00, real=0.38 secs] 
70.514: [GC70.514: [ParNew: 69952K->69952K(78656K), 0.0000199 secs]70.514: [Tenured: 171340K->170102K(174784K), 0.3743228 secs] 241292K->170102K(253440K), [Perm : 2602K->2602K(21248K)], 0.3748202 secs] [Times: user=0.38 sys=0.00, real=0.38 secs] 
70.964: [GC70.964: [ParNew: 69952K->69952K(78656K), 0.0000189 secs]70.964: [Tenured: 170102K->168621K(174784K), 0.3745813 secs] 240054K->168621K(253440K), [Perm : 2602K->2602K(21248K)], 0.3751422 secs] [Times: user=0.37 sys=0.00, real=0.38 secs] 
71.415: [GC71.415: [ParNew: 69952K->69952K(78656K), 0.0000176 secs]71.415: [Tenured: 168621K->172048K(174784K), 0.3968989 secs] 238573K->172048K(253440K), [Perm : 2602K->2602K(21248K)], 0.3972713 secs] [Times: user=0.39 sys=0.00, real=0.40 secs] 
71.888: [GC71.889: [ParNew: 69952K->69952K(78656K), 0.0000234 secs]71.889: [Tenured: 172048K->174783K(174784K), 0.3921949 secs] 242000K->177122K(253440K), [Perm : 2602K->2602K(21248K)], 0.3926753 secs] [Times: user=0.39 sys=0.00, real=0.39 secs] 
72.408: [Full GC72.409: [Tenured: 174784K->169252K(174784K), 0.3790175 secs] 253439K->169252K(253440K), [Perm : 2602K->2602K(21248K)], 0.3794052 secs] [Times: user=0.38 sys=0.00, real=0.38 secs] 
72.859: [GC72.859: [ParNew: 69952K->69952K(78656K), 0.0000196 secs]72.859: [Tenured: 169252K->170031K(174784K), 0.3772930 secs] 239204K->170031K(253440K), [Perm : 2602K->2602K(21248K)], 0.3776756 secs] [Times: user=0.39 sys=0.00, real=0.38 secs] 
73.306: [GC73.306: [ParNew: 69952K->69952K(78656K), 0.0000202 secs]73.306: [Tenured: 170031K->164546K(174784K), 0.3820672 secs] 239983K->164546K(253440K), [Perm : 2602K->2602K(21248K)], 0.3825489 secs] [Times: user=0.39 sys=0.00, real=0.38 secs] 
73.761: [GC73.761: [ParNew: 69952K->69952K(78656K), 0.0000170 secs] 234498K->234498K(253440K), 0.0002716 secs] [Times: user=0.00 sys=0.00, real=0.00 secs] 
73.762: [Full GC73.762: [Tenured: 164546K->162472K(174784K), 0.3797843 secs] 234498K->162472K(253440K), [Perm : 2602K->2602K(21248K)], 0.3800233 secs] [Times: user=0.39 sys=0.00, real=0.38 secs] 
74.216: [GC74.217: [ParNew: 69952K->69952K(78656K), 0.0000180 secs]74.217: [Tenured: 162472K->172116K(174784K), 0.3774020 secs] 232424K->172116K(253440K), [Perm : 2602K->2602K(21248K)], 0.3778065 secs] [Times: user=0.39 sys=0.00, real=0.38 secs] 
74.665: [GC74.665: [ParNew: 69952K->69952K(78656K), 0.0000189 secs]74.665: [Tenured: 172116K->174783K(174784K), 0.3863254 secs] 242068K->177943K(253440K), [Perm : 2602K->2602K(21248K)], 0.3867747 secs] [Times: user=0.39 sys=0.00, real=0.39 secs] 
75.180: [Full GC75.180: [Tenured: 174783K->166602K(174784K), 0.3867173 secs] 253439K->166602K(253440K), [Perm : 2602K->2602K(21248K)], 0.3870955 secs] [Times: user=0.41 sys=0.00, real=0.39 secs] 
75.642: [GC75.643: [ParNew: 69952K->69952K(78656K), 0.0000221 secs]75.643: [Tenured: 166602K->171292K(174784K), 0.3813690 secs] 236554K->171292K(253440K), [Perm : 2602K->2602K(21248K)], 0.3818626 secs] [Times: user=0.38 sys=0.00, real=0.38 secs] 
76.100: [GC76.101: [ParNew: 69952K->69952K(78656K), 0.0000218 secs]76.101: [Tenured: 171292K->168537K(174784K), 0.3747195 secs] 241244K->168537K(253440K), [Perm : 2602K->2602K(21248K)], 0.3752385 secs] [Times: user=0.38 sys=0.00, real=0.38 secs] 
76.550: [GC76.551: [ParNew: 69952K->69952K(78656K), 0.0000202 secs] 238489K->238489K(253440K), 0.0004038 secs] [Times: user=0.00 sys=0.00, real=0.00 secs] 
76.551: [Full GC76.551: [Tenured: 168537K->165416K(174784K), 0.3839473 secs] 238489K->165416K(253440K), [Perm : 2602K->2602K(21248K)], 0.3842096 secs] [Times: user=0.39 sys=0.00, real=0.38 secs] 
77.012: [GC77.012: [ParNew: 69952K->69952K(78656K), 0.0000192 secs]77.012: [Tenured: 165416K->167644K(174784K), 0.3898399 secs] 235368K->167644K(253440K), [Perm : 2602K->2602K(21248K)], 0.3902754 secs] [Times: user=0.39 sys=0.00, real=0.39 secs] 
77.478: [GC77.479: [ParNew: 69952K->69952K(78656K), 0.0000199 secs]77.479: [Tenured: 167644K->174784K(174784K), 0.3877821 secs] 237596K->175630K(253440K), [Perm : 2602K->2602K(21248K)], 0.3882398 secs] [Times: user=0.38 sys=0.00, real=0.39 secs] 
77.995: [Full GC77.995: [Tenured: 174784K->174784K(174784K), 0.3892100 secs] 253439K->175280K(253440K), [Perm : 2602K->2602K(21248K)], 0.3895830 secs] [Times: user=0.39 sys=0.00, real=0.39 secs] 
78.513: [Full GC78.514: [Tenured: 174784K->162926K(174784K), 0.3877138 secs] 253439K->162926K(253440K), [Perm : 2602K->2602K(21248K)], 0.3881153 secs] [Times: user=0.39 sys=0.00, real=0.39 secs] 
78.978: [GC78.978: [ParNew: 69952K->69952K(78656K), 0.0000189 secs]78.978: [Tenured: 162926K->162227K(174784K), 0.3828572 secs] 232878K->162227K(253440K), [Perm : 2602K->2602K(21248K)], 0.3832847 secs] [Times: user=0.37 sys=0.00, real=0.38 secs] 
79.437: [GC79.438: [ParNew: 69952K->69952K(78656K), 0.0000192 secs]79.438: [Tenured: 162227K->169567K(174784K), 0.3776259 secs] 232179K->169567K(253440K), [Perm : 2602K->2602K(21248K)], 0.3780694 secs] [Times: user=0.38 sys=0.00, real=0.38 secs] 
79.891: [GC79.891: [ParNew: 69952K->69952K(78656K), 0.0000205 secs]79.891: [Tenured: 169567K->173403K(174784K), 0.3834290 secs] 239519K->173403K(253440K), [Perm : 2602K->2602K(21248K)], 0.3839441 secs] [Times: user=0.39 sys=0.00, real=0.38 secs] 
80.352: [GC80.352: [ParNew: 69952K->69952K(78656K), 0.0000202 secs]80.352: [Tenured: 173403K->166581K(174784K), 0.3852741 secs] 243355K->166581K(253440K), [Perm : 2602K->2602K(21248K)], 0.3857064 secs] [Times: user=0.37 sys=0.00, real=0.39 secs] 
80.813: [GC80.813: [ParNew: 69952K->69952K(78656K), 0.0000173 secs]80.813: [Tenured: 166581K->164576K(174784K), 0.3823693 secs] 236533K->164576K(253440K), [Perm : 2602K->2602K(21248K)], 0.3827622 secs] [Times: user=0.39 sys=0.00, real=0.38 secs] 
81.272: [GC81.272: [ParNew: 69952K->69952K(78656K), 0.0000196 secs]81.272: [Tenured: 164576K->174783K(174784K), 0.3826173 secs] 234528K->175215K(253440K), [Perm : 2602K->2602K(21248K)], 0.3830794 secs] [Times: user=0.37 sys=0.00, real=0.38 secs] 
81.780: [Full GC81.780: [Tenured: 174783K->174783K(174784K), 0.3878148 secs] 253439K->174908K(253440K), [Perm : 2602K->2602K(21248K)], 0.3881391 secs] [Times: user=0.37 sys=0.00, real=0.39 secs] 
82.297: [Full GC82.297: [Tenured: 174783K->170673K(174784K), 0.3877815 secs] 253439K->170673K(253440K), [Perm : 2602K->2602K(21248K)], 0.3881856 secs] [Times: user=0.39 sys=0.00, real=0.39 secs] 
82.757: [GC82.758: [ParNew: 69952K->69952K(78656K), 0.0000221 secs]82.758: [Tenured: 170673K->162255K(174784K), 0.3816490 secs] 240625K->162255K(253440K), [Perm : 2602K->2602K(21248K)], 0.3821634 secs] [Times: user=0.37 sys=0.00, real=0.38 secs] 
83.216: [GC83.217: [ParNew: 69952K->69952K(78656K), 0.0000202 secs]83.217: [Tenured: 162255K->174784K(174784K), 0.3913007 secs] 232207K->176486K(253440K), [Perm : 2602K->2602K(21248K)], 0.3917744 secs] [Times: user=0.39 sys=0.00, real=0.39 secs] 
83.733: [Full GC83.733: [Tenured: 174784K->174294K(174784K), 0.3896497 secs] 253440K->174294K(253440K), [Perm : 2602K->2602K(21248K)], 0.3901391 secs] [Times: user=0.39 sys=0.00, real=0.39 secs] 
84.197: [GC84.197: [ParNew: 69952K->69952K(78656K), 0.0000192 secs]84.197: [Tenured: 174294K->174783K(174784K), 0.3931506 secs] 244246K->175737K(253440K), [Perm : 2602K->2602K(21248K)], 0.3936006 secs] [Times: user=0.39 sys=0.00, real=0.39 secs] 
84.716: [Full GC84.716: [Tenured: 174783K->163449K(174784K), 0.3856343 secs] 253439K->163449K(253440K), [Perm : 2602K->2602K(21248K)], 0.3860076 secs] [Times: user=0.39 sys=0.00, real=0.39 secs] 
85.178: [GC85.178: [ParNew: 69952K->69952K(78656K), 0.0000199 secs]85.178: [Tenured: 163449K->174783K(174784K), 0.3931712 secs] 233401K->178023K(253440K), [Perm : 2602K->2602K(21248K)], 0.3936003 secs] [Times: user=0.39 sys=0.00, real=0.39 secs] 
85.693: [Full GC85.693: [Tenured: 174783K->172030K(174784K), 0.3851509 secs] 253439K->172030K(253440K), [Perm : 2602K->2602K(21248K)], 0.3855220 secs] [Times: user=0.39 sys=0.00, real=0.38 secs] 
86.154: [GC86.154: [ParNew: 69952K->69952K(78656K), 0.0000199 secs] 241982K->241982K(253440K), 0.0003534 secs] [Times: user=0.00 sys=0.00, real=0.00 secs] 
86.154: [Full GC86.154: [Tenured: 172030K->160273K(174784K), 0.3761769 secs] 241982K->160273K(253440K), [Perm : 2602K->2602K(21248K)], 0.3763841 secs] [Times: user=0.37 sys=0.00, real=0.38 secs] 
86.605: [GC86.605: [ParNew: 69952K->69952K(78656K), 0.0000186 secs]86.605: [Tenured: 160273K->164181K(174784K), 0.3814306 secs] 230225K->164181K(253440K), [Perm : 2602K->2602K(21248K)], 0.3818514 secs] [Times: user=0.38 sys=0.00, real=0.38 secs] 
87.062: [GC87.063: [ParNew: 69952K->69952K(78656K), 0.0000205 secs]87.063: [Tenured: 164181K->169900K(174784K), 0.3764931 secs] 234133K->169900K(253440K), [Perm : 2602K->2602K(21248K)], 0.3769902 secs] [Times: user=0.37 sys=0.00, real=0.38 secs] 
87.515: [GC87.515: [ParNew: 69952K->69952K(78656K), 0.0000192 secs]87.515: [Tenured: 169900K->172292K(174784K), 0.3806310 secs] 239852K->172292K(253440K), [Perm : 2602K->2602K(21248K)], 0.3810310 secs] [Times: user=0.37 sys=0.00, real=0.38 secs] 
87.972: [GC87.972: [ParNew: 69952K->69952K(78656K), 0.0000176 secs]87.972: [Tenured: 172292K->174783K(174784K), 0.3857828 secs] 242244K->175188K(253440K), [Perm : 2602K->2602K(21248K)], 0.3862667 secs] [Times: user=0.39 sys=0.00, real=0.39 secs] 
88.485: [Full GC88.485: [Tenured: 174783K->165883K(174784K), 0.3921349 secs] 253439K->165883K(253440K), [Perm : 2602K->2602K(21248K)], 0.3925557 secs] [Times: user=0.39 sys=0.00, real=0.39 secs] 
88.953: [GC88.953: [ParNew: 69952K->69952K(78656K), 0.0000218 secs]88.953: [Tenured: 165883K->174566K(174784K), 0.3865990 secs] 235835K->174566K(253440K), [Perm : 2602K->2602K(21248K)], 0.3870012 secs] [Times: user=0.39 sys=0.00, real=0.39 secs] 
89.416: [GC89.416: [ParNew: 69952K->69952K(78656K), 0.0000186 secs]89.416: [Tenured: 174566K->174783K(174784K), 0.3886378 secs] 244518K->175784K(253440K), [Perm : 2602K->2602K(21248K)], 0.3890230 secs] [Times: user=0.39 sys=0.00, real=0.39 secs] 
89.932: [Full GC89.932: [Tenured: 174783K->162126K(174784K), 0.3885932 secs] 253439K->162126K(253440K), [Perm : 2602K->2602K(21248K)], 0.3889595 secs] [Times: user=0.38 sys=0.00, real=0.39 secs] 
90.396: [GC90.396: [ParNew: 69952K->69952K(78656K), 0.0000167 secs]90.396: [Tenured: 162126K->168285K(174784K), 0.3893998 secs] 232078K->168285K(253440K), [Perm : 2602K->2602K(21248K)], 0.3897972 secs] [Times: user=0.37 sys=0.00, real=0.39 secs] 
90.849: [GC90.849: [ParNew: 69952K->69952K(78656K), 0.0000170 secs]90.849: [Tenured: 168285K->173015K(174784K), 0.3718805 secs] 238237K->173015K(253440K), [Perm : 2602K->2602K(21248K)], 0.3722510 secs] [Times: user=0.36 sys=0.00, real=0.37 secs] 
91.298: [GC91.298: [ParNew: 69952K->69952K(78656K), 0.0000189 secs]91.298: [Tenured: 173015K->170241K(174784K), 0.3716544 secs] 242967K->170241K(253440K), [Perm : 2602K->2602K(21248K)], 0.3720370 secs] [Times: user=0.38 sys=0.00, real=0.37 secs] 
91.746: [GC91.746: [ParNew: 69952K->69952K(78656K), 0.0000170 secs]91.746: [Tenured: 170241K->172724K(174784K), 0.3782474 secs] 240193K->172724K(253440K), [Perm : 2602K->2602K(21248K)], 0.3786028 secs] [Times: user=0.38 sys=0.00, real=0.38 secs] 
92.194: [GC92.194: [ParNew: 69952K->69952K(78656K), 0.0000170 secs]92.194: [Tenured: 172724K->162630K(174784K), 0.3709703 secs] 242676K->162630K(253440K), [Perm : 2602K->2602K(21248K)], 0.3713478 secs] [Times: user=0.37 sys=0.00, real=0.37 secs] 
92.635: [GC92.635: [ParNew: 69952K->69952K(78656K), 0.0000164 secs]92.635: [Tenured: 162630K->172187K(174784K), 0.3732638 secs] 232582K->172187K(253440K), [Perm : 2602K->2602K(21248K)], 0.3736307 secs] [Times: user=0.37 sys=0.00, real=0.37 secs] 
93.084: [GC93.084: [ParNew: 69952K->69952K(78656K), 0.0000167 secs]93.084: [Tenured: 172187K->174783K(174784K), 0.3843090 secs] 242139K->177501K(253440K), [Perm : 2602K->2602K(21248K)], 0.3846561 secs] [Times: user=0.39 sys=0.00, real=0.38 secs] 
93.597: [Full GC93.597: [Tenured: 174783K->174104K(174784K), 0.3843084 secs] 253439K->174104K(253440K), [Perm : 2602K->2602K(21248K)], 0.3846301 secs] [Times: user=0.37 sys=0.00, real=0.38 secs] 
94.052: [GC94.052: [ParNew: 69952K->69952K(78656K), 0.0000180 secs]94.052: [Tenured: 174104K->167939K(174784K), 0.3881205 secs] 244056K->167939K(253440K), [Perm : 2602K->2602K(21248K)], 0.3885044 secs] [Times: user=0.39 sys=0.00, real=0.39 secs] 
94.503: [GC94.503: [ParNew: 69952K->69952K(78656K), 0.0000157 secs]94.503: [Tenured: 167939K->174101K(174784K), 0.3806131 secs] 237891K->174101K(253440K), [Perm : 4462K->4462K(21248K)], 0.3809720 secs] [Times: user=0.37 sys=0.00, real=0.38 secs] 
94.945: [GC94.945: [ParNew: 69952K->69952K(78656K), 0.0000170 secs]94.945: [Tenured: 174101K->169033K(174784K), 0.3686489 secs] 244053K->169033K(253440K), [Perm : 6064K->6064K(21248K)], 0.3690383 secs] [Times: user=0.37 sys=0.00, real=0.37 secs] 
95.375: [GC95.375: [ParNew: 69952K->69952K(78656K), 0.0000189 secs]95.375: [Tenured: 169033K->171257K(174784K), 0.3747279 secs] 238985K->171257K(253440K), [Perm : 6587K->6587K(21248K)], 0.3751291 secs] [Times: user=0.42 sys=0.03, real=0.38 secs] 
95.812: [GC95.812: [ParNew: 69952K->69952K(78656K), 0.0000189 secs]95.812: [Tenured: 171257K->160435K(174784K), 0.3693061 secs] 241209K->160435K(253440K), [Perm : 7017K->7015K(21248K)], 0.3696884 secs] [Times: user=0.36 sys=0.00, real=0.37 secs] 
96.249: [GC96.250: [ParNew: 69952K->69952K(78656K), 0.0000164 secs]96.250: [Tenured: 160435K->174783K(174784K), 0.3856317 secs] 230387K->176103K(253440K), [Perm : 7112K->7112K(21248K)], 0.3859976 secs] [Times: user=0.37 sys=0.00, real=0.39 secs] 
96.758: [Full GC96.758: [Tenured: 174784K->174031K(174784K), 0.3857776 secs] 253439K->174031K(253440K), [Perm : 7112K->7112K(21248K)], 0.3860775 secs] [Times: user=0.39 sys=0.00, real=0.39 secs] 
97.229: [GC97.229: [ParNew: 69952K->69952K(78656K), 0.0000157 secs]97.230: [Tenured: 174031K->174250K(174784K), 0.3845958 secs] 243983K->174250K(253440K), [Perm : 7122K->7122K(21248K)], 0.3849691 secs] [Times: user=0.39 sys=0.05, real=0.38 secs] 
97.673: [GC97.674: [ParNew: 69952K->69952K(78656K), 0.0000157 secs]97.674: [Tenured: 174250K->170722K(174784K), 0.3910993 secs] 244202K->170722K(253440K), [Perm : 7207K->7207K(21248K)], 0.3914556 secs] [Times: user=0.39 sys=0.00, real=0.39 secs] 
98.122: [GC98.122: [ParNew: 69952K->69952K(78656K), 0.0000244 secs]98.122: [Tenured: 170722K->174783K(174784K), 0.3683144 secs] 240674K->179497K(253440K), [Perm : 7233K->7233K(21248K)], 0.3687407 secs] [Times: user=0.36 sys=0.00, real=0.37 secs] 
98.599: [Full GC98.599: [Tenured: 174783K->174783K(174784K), 0.3784226 secs] 253439K->177692K(253440K), [Perm : 7253K->7253K(21248K)], 0.3787022 secs] [Times: user=0.42 sys=0.03, real=0.38 secs] 
99.096: [Full GC99.096: [Tenured: 174783K->174783K(174784K), 0.3903732 secs] 253439K->178862K(253440K), [Perm : 7259K->7259K(21248K)], 0.3906503 secs] [Times: user=0.39 sys=0.00, real=0.39 secs] 
99.600: [Full GC99.600: [Tenured: 174783K->169304K(174784K), 0.3988572 secs] 253439K->169304K(253440K), [Perm : 7264K->7264K(21248K)], 0.3991273 secs] [Times: user=0.39 sys=0.00, real=0.40 secs] 
100.067: [GC100.068: [ParNew: 69952K->69952K(78656K), 0.0000305 secs]100.068: [Tenured: 169304K->174783K(174784K), 0.3852237 secs] 239256K->175752K(253440K), [Perm : 7264K->7264K(21248K)], 0.3856686 secs] [Times: user=0.37 sys=0.00, real=0.39 secs] 
100.587: [Full GC100.587: [Tenured: 174783K->174783K(174784K), 0.3909884 secs] 253439K->175095K(253440K), [Perm : 7284K->7284K(21248K)], 0.3912905 secs] [Times: user=0.39 sys=0.00, real=0.39 secs] 
101.107: [Full GC101.107: [Tenured: 174783K->167505K(174784K), 0.3804967 secs] 253439K->167505K(253440K), [Perm : 7284K->7284K(21248K)], 0.3808260 secs] [Times: user=0.39 sys=0.00, real=0.38 secs] 
101.555: [GC101.555: [ParNew: 69952K->69952K(78656K), 0.0000170 secs] 237457K->237457K(253440K), 0.0002623 secs] [Times: user=0.00 sys=0.00, real=0.00 secs] 
101.555: [Full GC101.555: [Tenured: 167505K->163758K(174784K), 0.3821785 secs] 237457K->163758K(253440K), [Perm : 7300K->7209K(21248K)], 0.3823786 secs] [Times: user=0.37 sys=0.00, real=0.38 secs] 
102.013: [GC102.013: [ParNew: 69952K->69952K(78656K), 0.0000170 secs]102.013: [Tenured: 163758K->173614K(174784K), 0.3881032 secs] 233710K->173614K(253440K), [Perm : 7209K->7209K(21248K)], 0.3884643 secs] [Times: user=0.39 sys=0.00, real=0.39 secs] 
102.480: [GC102.480: [ParNew: 69952K->69952K(78656K), 0.0000167 secs]102.480: [Tenured: 173614K->174783K(174784K), 0.3869630 secs] 243566K->176857K(253440K), [Perm : 7263K->7263K(21248K)], 0.3873126 secs] [Times: user=0.39 sys=0.00, real=0.39 secs] 
102.981: [Full GC102.981: [Tenured: 174783K->174783K(174784K), 0.3903633 secs] 253439K->175737K(253440K), [Perm : 7263K->7263K(21248K)], 0.3906785 secs] [Times: user=0.37 sys=0.02, real=0.39 secs] 
103.488: [Full GC103.488: [Tenured: 174783K->169952K(174784K), 0.3971680 secs] 253439K->169952K(253440K), [Perm : 7266K->7266K(21248K)], 0.3974695 secs] [Times: user=0.39 sys=0.00, real=0.40 secs] 
103.958: [GC103.959: [ParNew: 69952K->69952K(78656K), 0.0000170 secs]103.959: [Tenured: 169952K->173046K(174784K), 0.3897972 secs] 239904K->173046K(253440K), [Perm : 7266K->7266K(21248K)], 0.3901757 secs] [Times: user=0.39 sys=0.00, real=0.39 secs] 
104.431: [GC104.431: [ParNew: 69952K->69952K(78656K), 0.0000164 secs]104.432: [Tenured: 173046K->174213K(174784K), 0.3870906 secs] 242998K->174213K(253440K), [Perm : 7270K->7270K(21248K)], 0.3874646 secs] [Times: user=0.39 sys=0.00, real=0.39 secs] 
104.890: [GC104.890: [ParNew: 69952K->69952K(78656K), 0.0000170 secs]104.890: [Tenured: 174213K->174783K(174784K), 0.3879569 secs] 244165K->175316K(253440K), [Perm : 7270K->7270K(21248K)], 0.3883142 secs] [Times: user=0.37 sys=0.00, real=0.39 secs] 
105.404: [Full GC105.405: [Tenured: 174783K->164332K(174784K), 0.3813042 secs] 253439K->164332K(253440K), [Perm : 7273K->7273K(21248K)], 0.3816532 secs] [Times: user=0.38 sys=0.00, real=0.38 secs] 
105.859: [GC105.859: [ParNew: 69952K->69952K(78656K), 0.0000186 secs]105.859: [Tenured: 164332K->174783K(174784K), 0.3847670 secs] 234284K->177148K(253440K), [Perm : 7273K->7273K(21248K)], 0.3851365 secs] [Times: user=0.38 sys=0.00, real=0.38 secs] 
106.370: [Full GC106.370: [Tenured: 174783K->174783K(174784K), 0.3891429 secs] 253439K->176201K(253440K), [Perm : 7273K->7273K(21248K)], 0.3894380 secs] [Times: user=0.39 sys=0.00, real=0.39 secs] 
106.879: [Full GC106.879: [Tenured: 174783K->174783K(174784K), 0.3935589 secs] 253439K->175349K(253440K), [Perm : 7273K->7273K(21248K)], 0.3939464 secs] [Times: user=0.39 sys=0.00, real=0.40 secs] 
107.397: [Full GC107.397: [Tenured: 174783K->167728K(174784K), 0.3925185 secs] 253439K->167728K(253440K), [Perm : 7275K->7275K(21248K)], 0.3927860 secs] [Times: user=0.41 sys=0.00, real=0.39 secs] 
107.859: [GC107.859: [ParNew: 69952K->69952K(78656K), 0.0000167 secs]107.859: [Tenured: 167728K->174783K(174784K), 0.3912157 secs] 237680K->175849K(253440K), [Perm : 7275K->7275K(21248K)], 0.3915698 secs] [Times: user=0.38 sys=0.00, real=0.39 secs] 
108.395: [Full GC108.395: [Tenured: 174783K->170990K(174784K), 0.3818392 secs] 253439K->170990K(253440K), [Perm : 7275K->7275K(21248K)], 0.3821625 secs] [Times: user=0.39 sys=0.00, real=0.38 secs] 
108.852: [GC108.852: [ParNew: 69952K->69952K(78656K), 0.0000170 secs]108.852: [Tenured: 170990K->172891K(174784K), 0.3893588 secs] 240942K->172891K(253440K), [Perm : 7275K->7275K(21248K)], 0.3897824 secs] [Times: user=0.39 sys=0.00, real=0.39 secs] 
109.323: [GC109.323: [ParNew: 69952K->69952K(78656K), 0.0000167 secs]109.323: [Tenured: 172891K->161317K(174784K), 0.3730444 secs] 242843K->161317K(253440K), [Perm : 7275K->7275K(21248K)], 0.3734017 secs] [Times: user=0.37 sys=0.00, real=0.37 secs] 
109.785: [GC109.785: [ParNew: 69952K->69952K(78656K), 0.0000192 secs]109.785: [Tenured: 161317K->172122K(174784K), 0.3566438 secs] 231269K->172122K(253440K), [Perm : 7275K->7275K(21248K)], 0.3570681 secs] [Times: user=0.36 sys=0.00, real=0.36 secs] 
110.215: [GC110.215: [ParNew: 69952K->69952K(78656K), 0.0000170 secs]110.215: [Tenured: 172122K->174783K(174784K), 0.3931580 secs] 242074K->179275K(253440K), [Perm : 7275K->7275K(21248K)], 0.3935711 secs] [Times: user=0.39 sys=0.00, real=0.39 secs] 
110.740: [Full GC110.740: [Tenured: 174783K->174784K(174784K), 0.3979428 secs] 253439K->179035K(253440K), [Perm : 7280K->7280K(21248K)], 0.3982889 secs] [Times: user=0.39 sys=0.00, real=0.40 secs] 
111.256: [Full GC111.256: [Tenured: 174784K->164773K(174784K), 0.3898851 secs] 253439K->164773K(253440K), [Perm : 7286K->7286K(21248K)], 0.3902145 secs] [Times: user=0.39 sys=0.00, real=0.39 secs] 
111.724: [GC111.724: [ParNew: 69952K->69952K(78656K), 0.0000208 secs]111.724: [Tenured: 164773K->168214K(174784K), 0.3747936 secs] 234725K->168214K(253440K), [Perm : 7288K->7288K(21248K)], 0.3752285 secs] [Times: user=0.38 sys=0.00, real=0.38 secs] 
112.174: [GC112.174: [ParNew: 69952K->69952K(78656K), 0.0000180 secs]112.174: [Tenured: 168214K->173945K(174784K), 0.3836455 secs] 238166K->173945K(253440K), [Perm : 7288K->7288K(21248K)], 0.3841019 secs] [Times: user=0.37 sys=0.00, real=0.38 secs] 
112.642: [GC112.642: [ParNew: 69952K->69952K(78656K), 0.0000160 secs]112.642: [Tenured: 173945K->173050K(174784K), 0.3842911 secs] 243897K->173050K(253440K), [Perm : 7291K->7291K(21248K)], 0.3847042 secs] [Times: user=0.37 sys=0.00, real=0.38 secs] 
113.091: [GC113.092: [ParNew: 69952K->69952K(78656K), 0.0000244 secs]113.092: [Tenured: 173050K->167096K(174784K), 0.3863062 secs] 243002K->167096K(253440K), [Perm : 7291K->7291K(21248K)], 0.3868370 secs] [Times: user=0.39 sys=0.00, real=0.39 secs] 
113.560: [GC113.560: [ParNew: 69952K->69952K(78656K), 0.0000192 secs]113.560: [Tenured: 167096K->174783K(174784K), 0.3769501 secs] 237048K->174900K(253440K), [Perm : 7294K->7294K(21248K)], 0.3773985 secs] [Times: user=0.39 sys=0.00, real=0.38 secs] 
114.066: [Full GC114.066: [Tenured: 174783K->172946K(174784K), 0.3843472 secs] 253439K->172946K(253440K), [Perm : 7294K->7294K(21248K)], 0.3846513 secs] [Times: user=0.39 sys=0.00, real=0.38 secs] 
114.512: [GC114.512: [ParNew: 69952K->69952K(78656K), 0.0000167 secs] 242898K->242898K(253440K), 0.0002729 secs] [Times: user=0.00 sys=0.00, real=0.00 secs] 
114.512: [Full GC114.512: [Tenured: 172946K->162648K(174784K), 0.3773914 secs] 242898K->162648K(253440K), [Perm : 7294K->7239K(21248K)], 0.3775832 secs] [Times: user=0.39 sys=0.00, real=0.38 secs] 
114.961: [GC114.961: [ParNew: 69952K->69952K(78656K), 0.0000164 secs]114.961: [Tenured: 162648K->166449K(174784K), 0.3963550 secs] 232600K->166449K(253440K), [Perm : 7239K->7239K(21248K)], 0.3967462 secs] [Times: user=0.39 sys=0.00, real=0.40 secs] 
115.434: [GC115.434: [ParNew: 69952K->69952K(78656K), 0.0000337 secs]115.434: [Tenured: 166449K->174784K(174784K), 0.3548340 secs] 236401K->177951K(253440K), [Perm : 7289K->7289K(21248K)], 0.3553272 secs] [Times: user=0.34 sys=0.00, real=0.36 secs] 
115.905: [Full GC115.905: [Tenured: 174784K->174784K(174784K), 0.3920602 secs] 253439K->175407K(253440K), [Perm : 7289K->7289K(21248K)], 0.3923684 secs] [Times: user=0.39 sys=0.00, real=0.39 secs] 
116.410: [Full GC116.410: [Tenured: 174784K->174784K(174784K), 0.3899537 secs] 253439K->174821K(253440K), [Perm : 7290K->7290K(21248K)], 0.3902520 secs] [Times: user=0.39 sys=0.00, real=0.39 secs] 
116.919: [Full GC116.919: [Tenured: 174784K->166795K(174784K), 0.3969589 secs] 253439K->166795K(253440K), [Perm : 7290K->7290K(21248K)], 0.3973591 secs] [Times: user=0.39 sys=0.00, real=0.40 secs] 
117.389: [GC117.389: [ParNew: 69952K->69952K(78656K), 0.0000266 secs]117.389: [Tenured: 166795K->174783K(174784K), 0.3932081 secs] 236747K->178043K(253440K), [Perm : 7290K->7290K(21248K)], 0.3937199 secs] [Times: user=0.39 sys=0.00, real=0.39 secs] 
117.907: [Full GC117.907: [Tenured: 174783K->172074K(174784K), 0.3909431 secs] 253439K->172074K(253440K), [Perm : 7290K->7290K(21248K)], 0.3914120 secs] [Times: user=0.39 sys=0.00, real=0.39 secs] 
118.383: [GC118.383: [ParNew: 69952K->69952K(78656K), 0.0000160 secs] 242026K->242026K(253440K), 0.0002710 secs] [Times: user=0.00 sys=0.00, real=0.00 secs] 
118.383: [Full GC118.383: [Tenured: 172074K->165747K(174784K), 0.3878341 secs] 242026K->165747K(253440K), [Perm : 7295K->7239K(21248K)], 0.3880294 secs] [Times: user=0.39 sys=0.00, real=0.39 secs] 
118.855: [GC118.855: [ParNew: 69952K->69952K(78656K), 0.0000186 secs]118.855: [Tenured: 165747K->160255K(174784K), 0.3853565 secs] 235699K->160255K(253440K), [Perm : 7245K->7245K(21248K)], 0.3858337 secs] [Times: user=0.39 sys=0.00, real=0.39 secs] 
119.328: [GC119.328: [ParNew: 69952K->69952K(78656K), 0.0000314 secs]119.328: [Tenured: 160255K->173128K(174784K), 0.3747067 secs] 230207K->173128K(253440K), [Perm : 7289K->7289K(21248K)], 0.3752574 secs] [Times: user=0.37 sys=0.00, real=0.38 secs] 
119.779: [GC119.780: [ParNew: 69952K->69952K(78656K), 0.0000196 secs]119.780: [Tenured: 173128K->168243K(174784K), 0.3775640 secs] 243080K->168243K(253440K), [Perm : 7289K->7289K(21248K)], 0.3780550 secs] [Times: user=0.38 sys=0.00, real=0.38 secs] 
120.235: [GC120.235: [ParNew: 69952K->69952K(78656K), 0.0000173 secs]120.235: [Tenured: 168243K->174783K(174784K), 0.3931253 secs] 238195K->177816K(253440K), [Perm : 7289K->7289K(21248K)], 0.3934348 secs] [Times: user=0.40 sys=0.00, real=0.39 secs] 
120.742: [Full GC120.742: [Tenured: 174783K->164419K(174784K), 0.3865175 secs] 253439K->164419K(253440K), [Perm : 7290K->7290K(21248K)], 0.3868819 secs] [Times: user=0.39 sys=0.00, real=0.39 secs] 
121.204: [GC121.204: [ParNew: 69952K->69952K(78656K), 0.0000186 secs]121.204: [Tenured: 164419K->171029K(174784K), 0.3842969 secs] 234371K->171029K(253440K), [Perm : 7290K->7290K(21248K)], 0.3847215 secs] [Times: user=0.39 sys=0.00, real=0.38 secs] 
121.669: [GC121.670: [ParNew: 69952K->69952K(78656K), 0.0000167 secs]121.670: [Tenured: 171029K->173747K(174784K), 0.3874742 secs] 240981K->173747K(253440K), [Perm : 7293K->7293K(21248K)], 0.3879059 secs] [Times: user=0.39 sys=0.00, real=0.39 secs] 
122.135: [GC122.135: [ParNew: 69952K->69952K(78656K), 0.0000205 secs]122.135: [Tenured: 173747K->173076K(174784K), 0.3898889 secs] 243699K->173076K(253440K), [Perm : 7293K->7293K(21248K)], 0.3903572 secs] [Times: user=0.39 sys=0.00, real=0.39 secs] 
122.610: [GC122.611: [ParNew: 69952K->69952K(78656K), 0.0000170 secs]122.611: [Tenured: 173076K->166252K(174784K), 0.3896077 secs] 243028K->166252K(253440K), [Perm : 7294K->7294K(21248K)], 0.3899781 secs] [Times: user=0.39 sys=0.00, real=0.39 secs] 
123.077: [GC123.078: [ParNew: 69952K->69952K(78656K), 0.0000225 secs]123.078: [Tenured: 166252K->174784K(174784K), 0.3915522 secs] 236204K->177051K(253440K), [Perm : 7294K->7294K(21248K)], 0.3920284 secs] [Times: user=0.39 sys=0.00, real=0.39 secs] 
123.607: [Full GC123.607: [Tenured: 174784K->172748K(174784K), 0.3881368 secs] 253439K->172748K(253440K), [Perm : 7295K->7295K(21248K)], 0.3884730 secs] [Times: user=0.38 sys=0.00, real=0.39 secs] 
124.071: [GC124.071: [ParNew: 69952K->69952K(78656K), 0.0000225 secs]124.071: [Tenured: 172748K->172706K(174784K), 0.3869810 secs] 242700K->172706K(253440K), [Perm : 7295K->7295K(21248K)], 0.3874255 secs] [Times: user=0.39 sys=0.00, real=0.39 secs] 
124.541: [GC124.542: [ParNew: 69952K->69952K(78656K), 0.0000208 secs]124.542: [Tenured: 172706K->160792K(174784K), 0.3765800 secs] 242658K->160792K(253440K), [Perm : 7296K->7296K(21248K)], 0.3769777 secs] [Times: user=0.39 sys=0.00, real=0.38 secs] 
124.990: [GC124.990: [ParNew: 69952K->69952K(78656K), 0.0000237 secs] 230744K->230744K(253440K), 0.0004173 secs] [Times: user=0.00 sys=0.00, real=0.00 secs] 
124.990: [Full GC124.990: [Tenured: 160792K->162493K(174784K), 0.3779761 secs] 230744K->162493K(253440K), [Perm : 7296K->7241K(21248K)], 0.3782202 secs] [Times: user=0.38 sys=0.00, real=0.38 secs] 
125.458: [GC125.458: [ParNew: 69952K->69952K(78656K), 0.0000164 secs]125.458: [Tenured: 162493K->169420K(174784K), 0.3674033 secs] 232445K->169420K(253440K), [Perm : 7291K->7291K(21248K)], 0.3677804 secs] [Times: user=0.38 sys=0.00, real=0.37 secs] 
125.898: [GC125.898: [ParNew: 69952K->69952K(78656K), 0.0000176 secs]125.898: [Tenured: 169420K->174784K(174784K), 0.3907331 secs] 239372K->176748K(253440K), [Perm : 7295K->7295K(21248K)], 0.3911215 secs] [Times: user=0.39 sys=0.00, real=0.39 secs] 
126.424: [Full GC126.424: [Tenured: 174784K->167496K(174784K), 0.3924778 secs] 253440K->167496K(253440K), [Perm : 7295K->7295K(21248K)], 0.3927937 secs] [Times: user=0.39 sys=0.00, real=0.39 secs] 
126.886: [GC126.887: [ParNew: 69952K->69952K(78656K), 0.0000180 secs]126.887: [Tenured: 167496K->174783K(174784K), 0.4009672 secs] 237448K->183289K(253440K), [Perm : 7295K->7295K(21248K)], 0.4013826 secs] [Times: user=0.39 sys=0.00, real=0.40 secs] 
127.413: [Full GC127.413: [Tenured: 174783K->174783K(174784K), 0.3992421 secs] 253439K->180190K(253440K), [Perm : 7295K->7295K(21248K)], 0.3995756 secs] [Times: user=0.39 sys=0.00, real=0.40 secs] 
127.931: [Full GC127.931: [Tenured: 174783K->174783K(174784K), 0.3973630 secs] 253439K->176870K(253440K), [Perm : 7295K->7295K(21248K)], 0.3976808 secs] [Times: user=0.39 sys=0.00, real=0.40 secs] 
128.443: [Full GC128.443: [Tenured: 174783K->166402K(174784K), 0.3929396 secs] 253439K->166402K(253440K), [Perm : 7298K->7298K(21248K)], 0.3932417 secs] [Times: user=0.39 sys=0.00, real=0.39 secs] 
128.907: [GC128.907: [ParNew: 69952K->69952K(78656K), 0.0000199 secs]128.907: [Tenured: 166402K->170028K(174784K), 0.3849175 secs] 236354K->170028K(253440K), [Perm : 7298K->7298K(21248K)], 0.3853469 secs] [Times: user=0.37 sys=0.00, real=0.39 secs] 
129.369: [GC129.369: [ParNew: 69952K->69952K(78656K), 0.0000167 secs]129.369: [Tenured: 170028K->170460K(174784K), 0.3795419 secs] 239980K->170460K(253440K), [Perm : 7299K->7299K(21248K)], 0.3799687 secs] [Times: user=0.37 sys=0.00, real=0.38 secs] 
129.826: [GC129.826: [ParNew: 69952K->69952K(78656K), 0.0000202 secs]129.826: [Tenured: 170460K->166462K(174784K), 0.3737365 secs] 240412K->166462K(253440K), [Perm : 7299K->7299K(21248K)], 0.3741554 secs] [Times: user=0.38 sys=0.00, real=0.37 secs] 
130.286: [GC130.287: [ParNew: 69952K->69952K(78656K), 0.0000167 secs]130.287: [Tenured: 166462K->163633K(174784K), 0.3921032 secs] 236414K->163633K(253440K), [Perm : 7301K->7301K(21248K)], 0.3925932 secs] [Times: user=0.39 sys=0.00, real=0.39 secs] 
130.749: [GC130.749: [ParNew: 69952K->69952K(78656K), 0.0000170 secs]130.749: [Tenured: 163633K->174783K(174784K), 0.3989149 secs] 233585K->175556K(253440K), [Perm : 7301K->7301K(21248K)], 0.3992674 secs] [Times: user=0.41 sys=0.00, real=0.40 secs] 
131.285: [Full GC131.285: [Tenured: 174783K->174783K(174784K), 0.4045227 secs] 253439K->177841K(253440K), [Perm : 7301K->7301K(21248K)], 0.4048232 secs] [Times: user=0.40 sys=0.00, real=0.40 secs] 
131.800: [Full GC131.800: [Tenured: 174783K->174783K(174784K), 0.4027321 secs] 253439K->180092K(253440K), [Perm : 7301K->7301K(21248K)], 0.4030285 secs] [Times: user=0.41 sys=0.00, real=0.40 secs] 
132.333: [Full GC132.333: [Tenured: 174783K->166506K(174784K), 0.3981933 secs] 253439K->166506K(253440K), [Perm : 7301K->7301K(21248K)], 0.3984714 secs] [Times: user=0.39 sys=0.00, real=0.40 secs] 
132.799: [GC132.800: [ParNew: 69952K->69952K(78656K), 0.0000167 secs]132.800: [Tenured: 166506K->174783K(174784K), 0.3911160 secs] 236458K->175226K(253440K), [Perm : 7301K->7301K(21248K)], 0.3914781 secs] [Times: user=0.39 sys=0.00, real=0.39 secs] 
133.324: [Full GC133.324: [Tenured: 174783K->173594K(174784K), 0.3949884 secs] 253439K->173594K(253440K), [Perm : 7301K->7301K(21248K)], 0.3952783 secs] [Times: user=0.41 sys=0.00, real=0.40 secs] 
133.788: [GC133.789: [ParNew: 69952K->69952K(78656K), 0.0000176 secs]133.789: [Tenured: 173594K->174783K(174784K), 0.3924935 secs] 243546K->175146K(253440K), [Perm : 7301K->7301K(21248K)], 0.3928412 secs] [Times: user=0.39 sys=0.00, real=0.39 secs] 
134.324: [Full GC134.324: [Tenured: 174783K->165467K(174784K), 0.3950031 secs] 253439K->165467K(253440K), [Perm : 7301K->7301K(21248K)], 0.3953463 secs] [Times: user=0.41 sys=0.00, real=0.40 secs] 
134.787: [GC134.787: [ParNew: 69952K->69952K(78656K), 0.0000180 secs]134.787: [Tenured: 165467K->173186K(174784K), 0.3853212 secs] 235419K->173186K(253440K), [Perm : 7301K->7301K(21248K)], 0.3857411 secs] [Times: user=0.39 sys=0.00, real=0.39 secs] 
135.267: [GC135.267: [ParNew: 69952K->69952K(78656K), 0.0000167 secs]135.267: [Tenured: 173186K->172348K(174784K), 0.3845897 secs] 243138K->172348K(253440K), [Perm : 7302K->7302K(21248K)], 0.3849800 secs] [Times: user=0.39 sys=0.00, real=0.38 secs] 
135.713: [GC135.713: [ParNew: 69952K->69952K(78656K), 0.0000170 secs]135.713: [Tenured: 172348K->173438K(174784K), 0.3838841 secs] 242300K->173438K(253440K), [Perm : 7302K->7302K(21248K)], 0.3842497 secs] [Times: user=0.38 sys=0.00, real=0.38 secs] 
136.174: [GC136.174: [ParNew: 69952K->69952K(78656K), 0.0000324 secs]136.174: [Tenured: 173438K->170262K(174784K), 0.3966661 secs] 243390K->170262K(253440K), [Perm : 7302K->7302K(21248K)], 0.3972748 secs] [Times: user=0.30 sys=0.00, real=0.40 secs] 
136.650: [GC136.650: [ParNew: 69952K->69952K(78656K), 0.0000160 secs]136.650: [Tenured: 170262K->172931K(174784K), 0.3783802 secs] 240214K->172931K(253440K), [Perm : 7302K->7302K(21248K)], 0.3787359 secs] [Times: user=0.34 sys=0.00, real=0.38 secs] 
137.099: [GC137.100: [ParNew: 69952K->69952K(78656K), 0.0000167 secs]137.100: [Tenured: 172931K->174784K(174784K), 0.3879091 secs] 242883K->175389K(253440K), [Perm : 7302K->7302K(21248K)], 0.3882715 secs] [Times: user=0.39 sys=0.00, real=0.39 secs] 
137.622: [Full GC137.622: [Tenured: 174784K->170350K(174784K), 0.3800387 secs] 253439K->170350K(253440K), [Perm : 7303K->7303K(21248K)], 0.3803822 secs] [Times: user=0.37 sys=0.00, real=0.38 secs] 
138.074: [GC138.074: [ParNew: 69952K->69952K(78656K), 0.0000215 secs]138.074: [Tenured: 170350K->165082K(174784K), 0.3941176 secs] 240302K->165082K(253440K), [Perm : 7303K->7303K(21248K)], 0.3945878 secs] [Times: user=0.37 sys=0.00, real=0.39 secs] 
138.551: [GC138.551: [ParNew: 69952K->69952K(78656K), 0.0000180 secs]138.551: [Tenured: 165082K->174784K(174784K), 0.3857183 secs] 235034K->176594K(253440K), [Perm : 7303K->7303K(21248K)], 0.3861048 secs] [Times: user=0.39 sys=0.00, real=0.39 secs] 
139.063: [Full GC139.064: [Tenured: 174784K->174527K(174784K), 0.3904117 secs] 253440K->174527K(253440K), [Perm : 7303K->7303K(21248K)], 0.3907863 secs] [Times: user=0.39 sys=0.00, real=0.39 secs] 
139.516: [GC139.517: [ParNew: 69952K->69952K(78656K), 0.0000170 secs]139.517: [Tenured: 174527K->173296K(174784K), 0.3826654 secs] 244479K->173296K(253440K), [Perm : 7303K->7303K(21248K)], 0.3831012 secs] [Times: user=0.39 sys=0.00, real=0.38 secs] 
139.970: [GC139.970: [ParNew: 69952K->69952K(78656K), 0.0000176 secs] 243248K->243248K(253440K), 0.0003044 secs] [Times: user=0.00 sys=0.00, real=0.00 secs] 
139.970: [Full GC139.971: [Tenured: 173296K->162810K(174784K), 0.3834736 secs] 243248K->162810K(253440K), [Perm : 7303K->7248K(21248K)], 0.3837151 secs] [Times: user=0.38 sys=0.00, real=0.38 secs] 
140.435: [GC140.435: [ParNew: 69952K->69952K(78656K), 0.0000160 secs]140.435: [Tenured: 162810K->172495K(174784K), 0.3798344 secs] 232762K->172495K(253440K), [Perm : 7298K->7298K(21248K)], 0.3802086 secs] [Times: user=0.39 sys=0.00, real=0.38 secs] 
140.887: [GC140.888: [ParNew: 69952K->69952K(78656K), 0.0000170 secs]140.888: [Tenured: 172495K->172653K(174784K), 0.3890788 secs] 242447K->172653K(253440K), [Perm : 7298K->7298K(21248K)], 0.3894813 secs] [Times: user=0.39 sys=0.00, real=0.39 secs] 
141.354: [GC141.354: [ParNew: 69952K->69952K(78656K), 0.0000173 secs]141.354: [Tenured: 172653K->173206K(174784K), 0.3899938 secs] 242605K->173206K(253440K), [Perm : 7299K->7299K(21248K)], 0.3903870 secs] [Times: user=0.39 sys=0.00, real=0.39 secs] 
141.817: [GC141.818: [ParNew: 69952K->69952K(78656K), 0.0000173 secs]141.818: [Tenured: 173206K->168240K(174784K), 0.3988367 secs] 243158K->168240K(253440K), [Perm : 7299K->7299K(21248K)], 0.3992591 secs] [Times: user=0.39 sys=0.00, real=0.40 secs] 
142.300: [GC142.300: [ParNew: 69952K->69952K(78656K), 0.0000269 secs]142.300: [Tenured: 168240K->174487K(174784K), 0.3754046 secs] 238192K->174487K(253440K), [Perm : 7299K->7299K(21248K)], 0.3757901 secs] [Times: user=0.37 sys=0.00, real=0.38 secs] 
142.752: [GC142.752: [ParNew: 69951K->69951K(78656K), 0.0000173 secs]142.752: [Tenured: 174487K->174783K(174784K), 0.3874239 secs] 244439K->175001K(253440K), [Perm : 7299K->7299K(21248K)], 0.3878261 secs] [Times: user=0.39 sys=0.00, real=0.39 secs] 
143.281: [Full GC143.281: [Tenured: 174783K->174610K(174784K), 0.3894149 secs] 253439K->174610K(253440K), [Perm : 7302K->7302K(21248K)], 0.3897456 secs] [Times: user=0.39 sys=0.00, real=0.39 secs] 
143.733: [GC143.733: [ParNew: 69952K->69952K(78656K), 0.0000180 secs]143.733: [Tenured: 174610K->168218K(174784K), 0.3909742 secs] 244562K->168218K(253440K), [Perm : 7302K->7302K(21248K)], 0.3913707 secs] [Times: user=0.39 sys=0.00, real=0.39 secs] 
144.200: [GC144.200: [ParNew: 69952K->69952K(78656K), 0.0000196 secs]144.200: [Tenured: 168218K->173492K(174784K), 0.3847831 secs] 238170K->173492K(253440K), [Perm : 7302K->7302K(21248K)], 0.3851574 secs] [Times: user=0.37 sys=0.00, real=0.38 secs] 
144.674: [GC144.674: [ParNew: 69952K->69952K(78656K), 0.0000170 secs]144.674: [Tenured: 173492K->173314K(174784K), 0.3850024 secs] 243444K->173314K(253440K), [Perm : 7303K->7303K(21248K)], 0.3853892 secs] [Times: user=0.39 sys=0.00, real=0.38 secs] 
145.128: [GC145.128: [ParNew: 69952K->69952K(78656K), 0.0000170 secs] 243266K->243266K(253440K), 0.0002556 secs] [Times: user=0.00 sys=0.00, real=0.00 secs] 
145.128: [Full GC145.128: [Tenured: 173314K->164098K(174784K), 0.3859072 secs] 243266K->164098K(253440K), [Perm : 7303K->7249K(21248K)], 0.3861105 secs] [Times: user=0.39 sys=0.00, real=0.39 secs] 
145.602: [GC145.602: [ParNew: 69952K->69952K(78656K), 0.0000164 secs]145.602: [Tenured: 164098K->163017K(174784K), 0.3770736 secs] 234050K->163017K(253440K), [Perm : 7300K->7300K(21248K)], 0.3774562 secs] [Times: user=0.39 sys=0.00, real=0.38 secs] 
146.056: [GC146.056: [ParNew: 69952K->69952K(78656K), 0.0000205 secs]146.056: [Tenured: 163017K->174783K(174784K), 0.4011779 secs] 232969K->177818K(253440K), [Perm : 7300K->7300K(21248K)], 0.4016879 secs] [Times: user=0.39 sys=0.00, real=0.40 secs] 
146.590: [Full GC146.590: [Tenured: 174783K->174783K(174784K), 0.3936170 secs] 253439K->177593K(253440K), [Perm : 7300K->7300K(21248K)], 0.3939181 secs] [Times: user=0.39 sys=0.00, real=0.40 secs] 
147.106: [Full GC147.107: [Tenured: 174783K->174348K(174784K), 0.3931500 secs] 253439K->174348K(253440K), [Perm : 7300K->7300K(21248K)], 0.3935034 secs] [Times: user=0.39 sys=0.00, real=0.39 secs] 
147.566: [GC147.566: [ParNew: 69952K->69952K(78656K), 0.0000253 secs]147.566: [Tenured: 174348K->162750K(174784K), 0.3824283 secs] 244300K->162750K(253440K), [Perm : 7300K->7300K(21248K)], 0.3828366 secs] [Times: user=0.39 sys=0.00, real=0.38 secs] 
148.019: [GC148.020: [ParNew: 69952K->69952K(78656K), 0.0000231 secs]148.020: [Tenured: 162750K->170988K(174784K), 0.3849133 secs] 232702K->170988K(253440K), [Perm : 7300K->7300K(21248K)], 0.3853443 secs] [Times: user=0.39 sys=0.00, real=0.39 secs] 
148.482: [GC148.483: [ParNew: 69952K->69952K(78656K), 0.0000176 secs]148.483: [Tenured: 170988K->173342K(174784K), 0.3766066 secs] 240940K->173342K(253440K), [Perm : 7303K->7303K(21248K)], 0.3770018 secs] [Times: user=0.38 sys=0.00, real=0.38 secs] 
148.934: [GC148.934: [ParNew: 69952K->69952K(78656K), 0.0000170 secs]148.934: [Tenured: 173342K->174784K(174784K), 0.3870188 secs] 243294K->174901K(253440K), [Perm : 7303K->7303K(21248K)], 0.3874248 secs] [Times: user=0.37 sys=0.00, real=0.39 secs] 
149.451: [Full GC149.451: [Tenured: 174784K->169122K(174784K), 0.3926952 secs] 253439K->169122K(253440K), [Perm : 7303K->7303K(21248K)], 0.3929970 secs] [Times: user=0.39 sys=0.00, real=0.39 secs] 
149.917: [GC149.918: [ParNew: 69952K->69952K(78656K), 0.0000212 secs]149.918: [Tenured: 169122K->174783K(174784K), 0.3945538 secs] 239074K->178983K(253440K), [Perm : 7303K->7303K(21248K)], 0.3949900 secs] [Times: user=0.39 sys=0.00, real=0.39 secs] 
150.441: [Full GC150.441: [Tenured: 174783K->174784K(174784K), 0.3891631 secs] 253439K->175918K(253440K), [Perm : 7305K->7305K(21248K)], 0.3894919 secs] [Times: user=0.39 sys=0.00, real=0.39 secs] 
150.955: [Full GC150.956: [Tenured: 174784K->172835K(174784K), 0.3912513 secs] 253439K->172835K(253440K), [Perm : 7305K->7305K(21248K)], 0.3915650 secs] [Times: user=0.39 sys=0.00, real=0.39 secs] 
151.408: [GC151.408: [ParNew: 69952K->69952K(78656K), 0.0000160 secs]151.408: [Tenured: 172835K->163165K(174784K), 0.3834697 secs] 242787K->163165K(253440K), [Perm : 7305K->7305K(21248K)], 0.3838777 secs] [Times: user=0.38 sys=0.00, real=0.38 secs] 
151.869: [GC151.869: [ParNew: 69952K->69952K(78656K), 0.0000218 secs]151.869: [Tenured: 163165K->173375K(174784K), 0.3878652 secs] 233117K->173375K(253440K), [Perm : 7305K->7305K(21248K)], 0.3883219 secs] [Times: user=0.34 sys=0.00, real=0.39 secs] 
152.344: [GC152.344: [ParNew: 69952K->69952K(78656K), 0.0000167 secs]152.344: [Tenured: 173375K->172402K(174784K), 0.3797718 secs] 243327K->172402K(253440K), [Perm : 7305K->7305K(21248K)], 0.3801435 secs] [Times: user=0.38 sys=0.00, real=0.38 secs] 
152.800: [GC152.800: [ParNew: 69952K->69952K(78656K), 0.0000202 secs]152.800: [Tenured: 172402K->173570K(174784K), 0.3860826 secs] 242354K->173570K(253440K), [Perm : 7305K->7305K(21248K)], 0.3865233 secs] [Times: user=0.39 sys=0.00, real=0.39 secs] 
153.268: [GC153.268: [ParNew: 69952K->69952K(78656K), 0.0000164 secs]153.268: [Tenured: 173570K->170442K(174784K), 0.3947754 secs] 243522K->170442K(253440K), [Perm : 7305K->7305K(21248K)], 0.3952145 secs] [Times: user=0.39 sys=0.00, real=0.40 secs] 
153.731: [GC153.731: [ParNew: 69952K->69952K(78656K), 0.0000167 secs]153.731: [Tenured: 170442K->174733K(174784K), 0.3846727 secs] 240394K->174733K(253440K), [Perm : 7305K->7305K(21248K)], 0.3850611 secs] [Times: user=0.37 sys=0.00, real=0.38 secs] 
154.184: [GC154.185: [ParNew: 69952K->69952K(78656K), 0.0000215 secs]154.185: [Tenured: 174733K->174783K(174784K), 0.3917664 secs] 244685K->176229K(253440K), [Perm : 7305K->7305K(21248K)], 0.3922324 secs] [Times: user=0.39 sys=0.00, real=0.39 secs] 
154.699: [Full GC154.699: [Tenured: 174783K->174201K(174784K), 0.3918014 secs] 253439K->174201K(253440K), [Perm : 7305K->7305K(21248K)], 0.3921744 secs] [Times: user=0.39 sys=0.00, real=0.39 secs] 
155.164: [GC155.164: [ParNew: 69952K->69952K(78656K), 0.0000167 secs]155.164: [Tenured: 174201K->166927K(174784K), 0.3861349 secs] 244153K->166927K(253440K), [Perm : 7305K->7305K(21248K)], 0.3865310 secs] [Times: user=0.39 sys=0.00, real=0.39 secs] 
155.631: [GC155.632: [ParNew: 69952K->69952K(78656K), 0.0000173 secs]155.632: [Tenured: 166927K->171696K(174784K), 0.3696281 secs] 236879K->171696K(253440K), [Perm : 7306K->7306K(21248K)], 0.3700338 secs] [Times: user=0.36 sys=0.00, real=0.37 secs] 
156.075: [GC156.075: [ParNew: 69952K->69952K(78656K), 0.0000221 secs]156.075: [Tenured: 171696K->174708K(174784K), 0.4051744 secs] 241648K->174708K(253440K), [Perm : 7306K->7306K(21248K)], 0.4057132 secs] [Times: user=0.38 sys=0.00, real=0.40 secs] 
156.559: [GC156.559: [ParNew: 69952K->69952K(78656K), 0.0000173 secs] 244660K->244660K(253440K), 0.0002861 secs] [Times: user=0.00 sys=0.00, real=0.00 secs] 
156.559: [Full GC156.559: [Tenured: 174708K->166882K(174784K), 0.4059589 secs] 244660K->166882K(253440K), [Perm : 7306K->7251K(21248K)], 0.4061449 secs] [Times: user=0.41 sys=0.00, real=0.41 secs] 
157.040: [GC157.040: [ParNew: 69952K->69952K(78656K), 0.0000176 secs] 236834K->236834K(253440K), 0.0003207 secs] [Times: user=0.00 sys=0.00, real=0.00 secs] 
157.040: [Full GC157.040: [Tenured: 166882K->163413K(174784K), 0.3804630 secs] 236834K->163413K(253440K), [Perm : 7251K->7251K(21248K)], 0.3806856 secs] [Times: user=0.36 sys=0.00, real=0.38 secs] 
157.501: [GC157.501: [ParNew: 69952K->69952K(78656K), 0.0000164 secs]157.501: [Tenured: 163413K->174784K(174784K), 0.3745502 secs] 233365K->177946K(253440K), [Perm : 7301K->7301K(21248K)], 0.3749363 secs] [Times: user=0.38 sys=0.00, real=0.38 secs] 
158.001: [Full GC158.001: [Tenured: 174784K->173042K(174784K), 0.3979130 secs] 253439K->173042K(253440K), [Perm : 7301K->7301K(21248K)], 0.3982305 secs] [Times: user=0.41 sys=0.00, real=0.40 secs] 
158.458: [GC158.458: [ParNew: 69952K->69952K(78656K), 0.0000180 secs]158.458: [Tenured: 173042K->174784K(174784K), 0.3874046 secs] 242994K->174880K(253440K), [Perm : 7302K->7302K(21248K)], 0.3878498 secs] [Times: user=0.37 sys=0.00, real=0.39 secs] 
158.981: [Full GC158.981: [Tenured: 174784K->164856K(174784K), 0.3939056 secs] 253439K->164856K(253440K), [Perm : 7302K->7302K(21248K)], 0.3942158 secs] [Times: user=0.39 sys=0.00, real=0.39 secs] 
159.436: [GC159.436: [ParNew: 69952K->69952K(78656K), 0.0000263 secs]159.436: [Tenured: 164856K->173279K(174784K), 0.3769325 secs] 234808K->173279K(253440K), [Perm : 7305K->7305K(21248K)], 0.3773116 secs] [Times: user=0.37 sys=0.00, real=0.38 secs] 
159.888: [GC159.888: [ParNew: 69952K->69952K(78656K), 0.0000173 secs] 243231K->243231K(253440K), 0.0002675 secs] [Times: user=0.00 sys=0.00, real=0.00 secs] 
159.888: [Full GC159.888: [Tenured: 173279K->169217K(174784K), 0.3989663 secs] 243231K->169217K(253440K), [Perm : 7305K->7252K(21248K)], 0.3991600 secs] [Times: user=0.41 sys=0.00, real=0.40 secs] 
160.362: [GC160.363: [ParNew: 69952K->69952K(78656K), 0.0000269 secs]160.363: [Tenured: 169217K->174783K(174784K), 0.3830999 secs] 239169K->177108K(253440K), [Perm : 7302K->7302K(21248K)], 0.3836304 secs] [Times: user=0.38 sys=0.00, real=0.38 secs] 
160.871: [Full GC160.871: [Tenured: 174783K->164296K(174784K), 0.3917228 secs] 253439K->164296K(253440K), [Perm : 7302K->7302K(21248K)], 0.3920358 secs] [Times: user=0.39 sys=0.00, real=0.39 secs] 
161.324: [GC161.324: [ParNew: 69952K->69952K(78656K), 0.0000170 secs]161.324: [Tenured: 164296K->174784K(174784K), 0.3785877 secs] 234248K->175610K(253440K), [Perm : 7302K->7302K(21248K)], 0.3789627 secs] [Times: user=0.39 sys=0.00, real=0.38 secs] 
161.832: [Full GC161.832: [Tenured: 174784K->174783K(174784K), 0.3989595 secs] 253439K->174978K(253440K), [Perm : 7302K->7302K(21248K)], 0.3993498 secs] [Times: user=0.39 sys=0.00, real=0.40 secs] 
162.337: [Full GC162.337: [Tenured: 174783K->173763K(174784K), 0.3914037 secs] 253439K->173763K(253440K), [Perm : 7302K->7302K(21248K)], 0.3917048 secs] [Times: user=0.39 sys=0.00, real=0.39 secs] 
162.803: [GC162.804: [ParNew: 69952K->69952K(78656K), 0.0000170 secs]162.804: [Tenured: 173763K->162934K(174784K), 0.3910121 secs] 243715K->162934K(253440K), [Perm : 7302K->7302K(21248K)], 0.3913723 secs] [Times: user=0.39 sys=0.00, real=0.39 secs] 
163.274: [GC163.274: [ParNew: 69952K->69952K(78656K), 0.0000180 secs]163.274: [Tenured: 162934K->174783K(174784K), 0.3825223 secs] 232886K->175301K(253440K), [Perm : 7305K->7305K(21248K)], 0.3829021 secs] [Times: user=0.39 sys=0.00, real=0.38 secs] 
163.775: [Full GC163.775: [Tenured: 174783K->171674K(174784K), 0.3897773 secs] 253439K->171674K(253440K), [Perm : 7305K->7305K(21248K)], 0.3900881 secs] [Times: user=0.37 sys=0.00, real=0.39 secs] 
164.233: [GC164.233: [ParNew: 69952K->69952K(78656K), 0.0000164 secs] 241626K->241626K(253440K), 0.0002694 secs] [Times: user=0.00 sys=0.00, real=0.00 secs] 
164.233: [Full GC164.233: [Tenured: 171674K->165562K(174784K), 0.3904361 secs] 241626K->165562K(253440K), [Perm : 7305K->7252K(21248K)], 0.3906275 secs] [Times: user=0.39 sys=0.00, real=0.39 secs] 
164.708: [GC164.708: [ParNew: 69952K->69952K(78656K), 0.0000170 secs]164.708: [Tenured: 165562K->169004K(174784K), 0.3941923 secs] 235514K->169004K(253440K), [Perm : 7302K->7302K(21248K)], 0.3945910 secs] [Times: user=0.41 sys=0.00, real=0.39 secs] 
165.178: [GC165.178: [ParNew: 69952K->69952K(78656K), 0.0000173 secs]165.178: [Tenured: 169004K->172004K(174784K), 0.3823344 secs] 238956K->172004K(253440K), [Perm : 7302K->7302K(21248K)], 0.3827099 secs] [Times: user=0.39 sys=0.00, real=0.38 secs] 
165.636: [GC165.636: [ParNew: 69952K->69952K(78656K), 0.0000160 secs]165.636: [Tenured: 172004K->168837K(174784K), 0.3722436 secs] 241956K->168837K(253440K), [Perm : 7302K->7302K(21248K)], 0.3726239 secs] [Times: user=0.37 sys=0.00, real=0.37 secs] 
166.084: [GC166.084: [ParNew: 69952K->69952K(78656K), 0.0000170 secs]166.084: [Tenured: 168837K->169390K(174784K), 0.3765595 secs] 238789K->169390K(253440K), [Perm : 7302K->7302K(21248K)], 0.3769174 secs] [Times: user=0.39 sys=0.00, real=0.38 secs] 
166.538: [GC166.538: [ParNew: 69952K->69952K(78656K), 0.0000167 secs]166.538: [Tenured: 169390K->160476K(174784K), 0.3720438 secs] 239342K->160476K(253440K), [Perm : 7302K->7302K(21248K)], 0.3724036 secs] [Times: user=0.36 sys=0.00, real=0.37 secs] 
166.986: [GC166.986: [ParNew: 69952K->69952K(78656K), 0.0000167 secs]166.986: [Tenured: 160476K->174783K(174784K), 0.3857225 secs] 230428K->175691K(253440K), [Perm : 7302K->7302K(21248K)], 0.3860781 secs] [Times: user=0.39 sys=0.00, real=0.39 secs] 
167.501: [Full GC167.501: [Tenured: 174783K->174783K(174784K), 0.3892170 secs] 253439K->174956K(253440K), [Perm : 7305K->7305K(21248K)], 0.3895230 secs] [Times: user=0.31 sys=0.00, real=0.39 secs] 
168.018: [Full GC168.018: [Tenured: 174783K->174783K(174784K), 0.4087739 secs] 253439K->181698K(253440K), [Perm : 7305K->7305K(21248K)], 0.4091084 secs] [Times: user=0.42 sys=0.00, real=0.41 secs] 
168.533: [Full GC168.533: [Tenured: 174783K->170240K(174784K), 0.4009236 secs] 253439K->170240K(253440K), [Perm : 7305K->7305K(21248K)], 0.4012074 secs] [Times: user=0.41 sys=0.00, real=0.40 secs] 
169.011: [GC169.012: [ParNew: 69952K->69952K(78656K), 0.0000346 secs]169.012: [Tenured: 170240K->173240K(174784K), 0.3934489 secs] 240192K->173240K(253440K), [Perm : 7305K->7305K(21248K)], 0.3939223 secs] [Times: user=0.39 sys=0.00, real=0.39 secs] 
169.491: [GC169.492: [ParNew: 69952K->69952K(78656K), 0.0000510 secs]169.492: [Tenured: 173240K->173053K(174784K), 0.3872167 secs] 243192K->173053K(253440K), [Perm : 7307K->7307K(21248K)], 0.3877905 secs] [Times: user=0.39 sys=0.00, real=0.39 secs] 
169.954: [GC169.955: [ParNew: 69952K->69952K(78656K), 0.0000164 secs]169.955: [Tenured: 173053K->173488K(174784K), 0.3882561 secs] 243005K->173488K(253440K), [Perm : 7307K->7307K(21248K)], 0.3886022 secs] [Times: user=0.38 sys=0.00, real=0.39 secs] 
170.425: [GC170.425: [ParNew: 69952K->69952K(78656K), 0.0000183 secs]170.425: [Tenured: 173488K->171435K(174784K), 0.3944236 secs] 243440K->171435K(253440K), [Perm : 7307K->7307K(21248K)], 0.3948498 secs] [Times: user=0.39 sys=0.00, real=0.39 secs] 
170.895: [GC170.895: [ParNew: 69952K->69952K(78656K), 0.0000199 secs]170.895: [Tenured: 171435K->174783K(174784K), 0.3924460 secs] 241387K->175569K(253440K), [Perm : 7307K->7307K(21248K)], 0.3928485 secs] [Times: user=0.39 sys=0.00, real=0.39 secs] 
171.416: [Full GC171.417: [Tenured: 174783K->173550K(174784K), 0.3876596 secs] 253439K->173550K(253440K), [Perm : 7307K->7307K(21248K)], 0.3879457 secs] [Times: user=0.39 sys=0.00, real=0.39 secs] 
171.880: [GC171.880: [ParNew: 69952K->69952K(78656K), 0.0000173 secs]171.880: [Tenured: 173550K->172323K(174784K), 0.3868957 secs] 243502K->172323K(253440K), [Perm : 7307K->7307K(21248K)], 0.3872760 secs] [Times: user=0.39 sys=0.00, real=0.39 secs] 
172.346: [GC172.346: [ParNew: 69952K->69952K(78656K), 0.0000189 secs]172.346: [Tenured: 172323K->160962K(174784K), 0.3743523 secs] 242275K->160962K(253440K), [Perm : 7307K->7307K(21248K)], 0.3747609 secs] [Times: user=0.38 sys=0.00, real=0.38 secs] 
172.796: [GC172.796: [ParNew: 69952K->69952K(78656K), 0.0000212 secs]172.796: [Tenured: 160962K->171822K(174784K), 0.3817096 secs] 230914K->171822K(253440K), [Perm : 7307K->7307K(21248K)], 0.3822972 secs] [Times: user=0.38 sys=0.00, real=0.38 secs] 
173.277: [GC173.277: [ParNew: 69952K->69952K(78656K), 0.0000170 secs]173.277: [Tenured: 171822K->170497K(174784K), 0.3779922 secs] 241774K->170497K(253440K), [Perm : 7307K->7307K(21248K)], 0.3783863 secs] [Times: user=0.37 sys=0.00, real=0.38 secs] 
173.717: [GC173.717: [ParNew: 69952K->69952K(78656K), 0.0000167 secs] 240449K->240449K(253440K), 0.0002582 secs] [Times: user=0.00 sys=0.00, real=0.00 secs] 
173.717: [Full GC173.717: [Tenured: 170497K->162577K(174784K), 0.3802292 secs] 240449K->162577K(253440K), [Perm : 7307K->7252K(21248K)], 0.3804287 secs] [Times: user=0.37 sys=0.00, real=0.38 secs] 
174.171: [GC174.172: [ParNew: 69952K->69952K(78656K), 0.0000167 secs]174.172: [Tenured: 162577K->171650K(174784K), 0.3970907 secs] 232529K->171650K(253440K), [Perm : 7252K->7252K(21248K)], 0.3974358 secs] [Times: user=0.39 sys=0.00, real=0.40 secs] 
174.650: [GC174.650: [ParNew: 69952K->69952K(78656K), 0.0000164 secs]174.650: [Tenured: 171650K->174784K(174784K), 0.3896477 secs] 241602K->180074K(253440K), [Perm : 7302K->7302K(21248K)], 0.3900236 secs] [Times: user=0.39 sys=0.00, real=0.39 secs] 
175.162: [Full GC175.163: [Tenured: 174784K->174783K(174784K), 0.4020266 secs] 253440K->180719K(253440K), [Perm : 7302K->7302K(21248K)], 0.4023771 secs] [Times: user=0.41 sys=0.00, real=0.40 secs] 
175.671: [Full GC175.671: [Tenured: 174783K->174783K(174784K), 0.3992668 secs] 253439K->179349K(253440K), [Perm : 7303K->7303K(21248K)], 0.3995875 secs] [Times: user=0.41 sys=0.00, real=0.40 secs] 
176.193: [Full GC176.194: [Tenured: 174783K->160745K(174784K), 0.3881772 secs] 253439K->160745K(253440K), [Perm : 7303K->7303K(21248K)], 0.3884899 secs] [Times: user=0.39 sys=0.00, real=0.39 secs] 
176.642: [GC176.642: [ParNew: 69952K->69952K(78656K), 0.0000173 secs]176.642: [Tenured: 160745K->169987K(174784K), 0.3732532 secs] 230697K->169987K(253440K), [Perm : 7303K->7303K(21248K)], 0.3736493 secs] [Times: user=0.38 sys=0.00, real=0.37 secs] 
177.092: [GC177.092: [ParNew: 69952K->69952K(78656K), 0.0000212 secs] 239939K->239939K(253440K), 0.0003659 secs] [Times: user=0.00 sys=0.00, real=0.00 secs] 
177.092: [Full GC177.092: [Tenured: 169987K->161972K(174784K), 0.3849649 secs] 239939K->161972K(253440K), [Perm : 7303K->7252K(21248K)], 0.3852549 secs] [Times: user=0.39 sys=0.00, real=0.38 secs] 
177.560: [GC177.560: [ParNew: 69952K->69952K(78656K), 0.0000176 secs]177.560: [Tenured: 161972K->170204K(174784K), 0.3167729 secs] 231924K->170204K(253440K), [Perm : 7302K->7302K(21248K)], 0.3171141 secs] [Times: user=0.31 sys=0.00, real=0.32 secs] 
177.940: [GC177.940: [ParNew: 69952K->69952K(78656K), 0.0000180 secs]177.940: [Tenured: 170204K->167179K(174784K), 0.3849229 secs] 240156K->167179K(253440K), [Perm : 7302K->7302K(21248K)], 0.3853947 secs] [Times: user=0.39 sys=0.00, real=0.38 secs] 
178.409: [GC178.409: [ParNew: 69952K->69952K(78656K), 0.0000164 secs]178.410: [Tenured: 167179K->172394K(174784K), 0.3211003 secs] 237131K->172394K(253440K), [Perm : 7303K->7303K(21248K)], 0.3214079 secs] [Times: user=0.31 sys=0.00, real=0.32 secs] 
178.805: [GC178.805: [ParNew: 69952K->69952K(78656K), 0.0000173 secs]178.805: [Tenured: 172394K->174784K(174784K), 0.3817196 secs] 242346K->178880K(253440K), [Perm : 7303K->7303K(21248K)], 0.3820800 secs] [Times: user=0.37 sys=0.00, real=0.38 secs] 
179.313: [Full GC179.313: [Tenured: 174784K->174783K(174784K), 0.3918460 secs] 253439K->178561K(253440K), [Perm : 7306K->7306K(21248K)], 0.3921667 secs] [Times: user=0.41 sys=0.00, real=0.39 secs] 
179.804: [Full GC179.804: [Tenured: 174783K->169463K(174784K), 0.3938476 secs] 253439K->169463K(253440K), [Perm : 7306K->7306K(21248K)], 0.3941555 secs] [Times: user=0.39 sys=0.00, real=0.39 secs] 
180.286: [GC180.287: [ParNew: 69952K->69952K(78656K), 0.0000183 secs]180.287: [Tenured: 169463K->174783K(174784K), 0.3950560 secs] 239415K->180815K(253440K), [Perm : 7306K->7306K(21248K)], 0.3954624 secs] [Times: user=0.39 sys=0.00, real=0.40 secs] 
180.791: [Full GC180.791: [Tenured: 174783K->174784K(174784K), 0.3968418 secs] 253439K->178085K(253440K), [Perm : 7306K->7306K(21248K)], 0.3971420 secs] [Times: user=0.41 sys=0.00, real=0.40 secs] 
181.323: [Full GC181.324: [Tenured: 174784K->173964K(174784K), 0.3916744 secs] 253439K->173964K(253440K), [Perm : 7306K->7306K(21248K)], 0.3919922 secs] [Times: user=0.39 sys=0.00, real=0.39 secs] 
181.774: [GC181.774: [ParNew: 69952K->69952K(78656K), 0.0000189 secs]181.774: [Tenured: 173964K->165489K(174784K), 0.3837231 secs] 243916K->165489K(253440K), [Perm : 7306K->7306K(21248K)], 0.3841115 secs] [Times: user=0.39 sys=0.00, real=0.38 secs] 
182.227: [GC182.227: [ParNew: 69952K->69952K(78656K), 0.0000176 secs]182.228: [Tenured: 165489K->169706K(174784K), 0.3772134 secs] 235441K->169706K(253440K), [Perm : 7306K->7306K(21248K)], 0.3776022 secs] [Times: user=0.39 sys=0.00, real=0.38 secs] 
182.678: [GC182.679: [ParNew: 69952K->69952K(78656K), 0.0000170 secs]182.679: [Tenured: 169706K->170277K(174784K), 0.3717051 secs] 239658K->170277K(253440K), [Perm : 7308K->7308K(21248K)], 0.3720271 secs] [Times: user=0.37 sys=0.00, real=0.37 secs] 
183.126: [GC183.127: [ParNew: 69951K->69951K(78656K), 0.0000176 secs]183.127: [Tenured: 170277K->169728K(174784K), 0.3766387 secs] 240229K->169728K(253440K), [Perm : 7308K->7308K(21248K)], 0.3769950 secs] [Times: user=0.31 sys=0.00, real=0.38 secs] 
183.580: [GC183.580: [ParNew: 69952K->69952K(78656K), 0.0000167 secs]183.580: [Tenured: 169728K->169604K(174784K), 0.3884598 secs] 239680K->169604K(253440K), [Perm : 7308K->7308K(21248K)], 0.3888399 secs] [Times: user=0.39 sys=0.00, real=0.39 secs] 
184.045: [GC184.045: [ParNew: 69952K->69952K(78656K), 0.0000279 secs]184.045: [Tenured: 169604K->174783K(174784K), 0.3861974 secs] 239556K->175230K(253440K), [Perm : 7308K->7308K(21248K)], 0.3865830 secs] [Times: user=0.39 sys=0.00, real=0.39 secs] 
184.565: [Full GC184.565: [Tenured: 174783K->173133K(174784K), 0.3844328 secs] 253439K->173133K(253440K), [Perm : 7308K->7308K(21248K)], 0.3847292 secs] [Times: user=0.39 sys=0.00, real=0.39 secs] 
185.024: [GC185.024: [ParNew: 69952K->69952K(78656K), 0.0000167 secs]185.024: [Tenured: 173133K->171036K(174784K), 0.3845871 secs] 243085K->171036K(253440K), [Perm : 7308K->7308K(21248K)], 0.3849421 secs] [Times: user=0.38 sys=0.00, real=0.38 secs] 
185.493: [GC185.493: [ParNew: 69952K->69952K(78656K), 0.0000189 secs] 240988K->240988K(253440K), 0.0002806 secs] [Times: user=0.00 sys=0.00, real=0.00 secs] 
185.494: [Full GC185.494: [Tenured: 171036K->167842K(174784K), 0.3890220 secs] 240988K->167842K(253440K), [Perm : 7308K->7296K(21248K)], 0.3892205 secs] [Times: user=0.39 sys=0.00, real=0.39 secs] 
185.956: [GC185.957: [ParNew: 69952K->69952K(78656K), 0.0000164 secs]185.957: [Tenured: 167842K->171272K(174784K), 0.3848530 secs] 237794K->171272K(253440K), [Perm : 7299K->7299K(21248K)], 0.3852189 secs] [Times: user=0.39 sys=0.00, real=0.38 secs] 
186.427: [GC186.427: [ParNew: 69952K->69952K(78656K), 0.0000285 secs]186.427: [Tenured: 171272K->171474K(174784K), 0.3757644 secs] 241224K->171474K(253440K), [Perm : 7308K->7308K(21248K)], 0.3761551 secs] [Times: user=0.38 sys=0.02, real=0.38 secs] 
186.875: [GC186.875: [ParNew: 69952K->69952K(78656K), 0.0000170 secs]186.875: [Tenured: 171474K->169386K(174784K), 0.3762221 secs] 241426K->169386K(253440K), [Perm : 7308K->7308K(21248K)], 0.3765621 secs] [Times: user=0.37 sys=0.00, real=0.38 secs] 
187.331: [GC187.331: [ParNew: 69952K->69952K(78656K), 0.0000176 secs]187.331: [Tenured: 169386K->161270K(174784K), 0.3711031 secs] 239338K->161270K(253440K), [Perm : 7308K->7308K(21248K)], 0.3714363 secs] [Times: user=0.37 sys=0.00, real=0.37 secs] 
187.774: [GC187.775: [ParNew: 69952K->69952K(78656K), 0.0000170 secs] 231222K->231222K(253440K), 0.0002518 secs] [Times: user=0.00 sys=0.00, real=0.00 secs] 
187.775: [Full GC187.775: [Tenured: 161270K->166300K(174784K), 0.3823530 secs] 231222K->166300K(253440K), [Perm : 7308K->7253K(21248K)], 0.3825457 secs] [Times: user=0.36 sys=0.00, real=0.38 secs] 
188.228: [GC188.229: [ParNew: 69952K->69952K(78656K), 0.0000170 secs]188.229: [Tenured: 166300K->174783K(174784K), 0.3878068 secs] 236252K->176079K(253440K), [Perm : 7262K->7262K(21248K)], 0.3882061 secs] [Times: user=0.39 sys=0.00, real=0.39 secs] 
188.747: [Full GC188.747: [Tenured: 174783K->172582K(174784K), 0.3844370 secs] 253439K->172582K(253440K), [Perm : 7303K->7303K(21248K)], 0.3847613 secs] [Times: user=0.39 sys=0.00, real=0.38 secs] 
189.203: [GC189.204: [ParNew: 69952K->69952K(78656K), 0.0000173 secs]189.204: [Tenured: 172582K->171587K(174784K), 0.3970500 secs] 242534K->171587K(253440K), [Perm : 7303K->7303K(21248K)], 0.3974486 secs] [Times: user=0.41 sys=0.00, real=0.40 secs] 
189.689: [GC189.689: [ParNew: 69952K->69952K(78656K), 0.0000164 secs]189.689: [Tenured: 171587K->174784K(174784K), 0.3877177 secs] 241539K->176592K(253440K), [Perm : 7303K->7303K(21248K)], 0.3881144 secs] [Times: user=0.39 sys=0.00, real=0.39 secs] 
190.206: [Full GC190.206: [Tenured: 174784K->172246K(174784K), 0.3870307 secs] 253439K->172246K(253440K), [Perm : 7303K->7303K(21248K)], 0.3873806 secs] [Times: user=0.39 sys=0.00, real=0.39 secs] 
190.662: [GC190.662: [ParNew: 69952K->69952K(78656K), 0.0000289 secs]190.662: [Tenured: 172246K->174160K(174784K), 0.3840201 secs] 242198K->174160K(253440K), [Perm : 7306K->7306K(21248K)], 0.3845310 secs] [Times: user=0.39 sys=0.00, real=0.38 secs] 
191.122: [GC191.123: [ParNew: 69952K->69952K(78656K), 0.0000183 secs]191.123: [Tenured: 174160K->164921K(174784K), 0.3878363 secs] 244112K->164921K(253440K), [Perm : 7306K->7306K(21248K)], 0.3882465 secs] [Times: user=0.37 sys=0.00, real=0.39 secs] 
191.588: [GC191.588: [ParNew: 69952K->69952K(78656K), 0.0000183 secs]191.588: [Tenured: 164921K->170805K(174784K), 0.3720236 secs] 234873K->170805K(253440K), [Perm : 7306K->7306K(21248K)], 0.3724466 secs] [Times: user=0.37 sys=0.00, real=0.37 secs] 
192.036: [GC192.037: [ParNew: 69952K->69952K(78656K), 0.0000173 secs]192.037: [Tenured: 170805K->174783K(174784K), 0.3944784 secs] 240757K->177591K(253440K), [Perm : 7306K->7306K(21248K)], 0.3948838 secs] [Times: user=0.39 sys=0.00, real=0.39 secs] 
192.568: [Full GC192.568: [Tenured: 174783K->174783K(174784K), 0.3874181 secs] 253439K->175766K(253440K), [Perm : 7306K->7306K(21248K)], 0.3877260 secs] [Times: user=0.39 sys=0.00, real=0.39 secs] 
193.084: [Full GC193.084: [Tenured: 174783K->169909K(174784K), 0.4038970 secs] 253439K->169909K(253440K), [Perm : 7306K->7306K(21248K)], 0.4042039 secs] [Times: user=0.41 sys=0.00, real=0.40 secs] 
193.551: [GC193.551: [ParNew: 69952K->69952K(78656K), 0.0000170 secs] 239861K->239861K(253440K), 0.0002739 secs] [Times: user=0.00 sys=0.00, real=0.00 secs] 
193.552: [Full GC193.552: [Tenured: 169909K->168236K(174784K), 0.3948816 secs] 239861K->168236K(253440K), [Perm : 7310K->7255K(21248K)], 0.3950718 secs] [Times: user=0.40 sys=0.00, real=0.39 secs] 
194.021: [GC194.021: [ParNew: 69952K->69952K(78656K), 0.0000167 secs]194.021: [Tenured: 168236K->170513K(174784K), 0.3828129 secs] 238188K->170513K(253440K), [Perm : 7255K->7255K(21248K)], 0.3831561 secs] [Times: user=0.39 sys=0.00, real=0.38 secs] 
194.482: [GC194.482: [ParNew: 69952K->69952K(78656K), 0.0000170 secs]194.482: [Tenured: 170513K->171912K(174784K), 0.3786230 secs] 240465K->171912K(253440K), [Perm : 7305K->7305K(21248K)], 0.3790149 secs] [Times: user=0.37 sys=0.00, real=0.38 secs] 
194.938: [GC194.938: [ParNew: 69952K->69952K(78656K), 0.0000189 secs]194.938: [Tenured: 171912K->161860K(174784K), 0.3828636 secs] 241864K->161860K(253440K), [Perm : 7305K->7305K(21248K)], 0.3834184 secs] [Times: user=0.39 sys=0.00, real=0.38 secs] 
195.409: [GC195.409: [ParNew: 69952K->69952K(78656K), 0.0000170 secs]195.409: [Tenured: 161860K->173926K(174784K), 0.3692362 secs] 231812K->173926K(253440K), [Perm : 7305K->7305K(21248K)], 0.3696105 secs] [Times: user=0.37 sys=0.00, real=0.37 secs] 
195.854: [GC195.855: [ParNew: 69952K->69952K(78656K), 0.0000176 secs]195.855: [Tenured: 173926K->174783K(174784K), 0.3901263 secs] 243878K->175998K(253440K), [Perm : 7305K->7305K(21248K)], 0.3905345 secs] [Times: user=0.39 sys=0.00, real=0.39 secs] 
196.384: [Full GC196.384: [Tenured: 174783K->174784K(174784K), 0.3988412 secs] 253439K->176775K(253440K), [Perm : 7305K->7305K(21248K)], 0.3991343 secs] [Times: user=0.39 sys=0.00, real=0.40 secs] 
196.900: [Full GC196.900: [Tenured: 174784K->169033K(174784K), 0.3968322 secs] 253439K->169033K(253440K), [Perm : 7305K->7305K(21248K)], 0.3971590 secs] [Times: user=0.39 sys=0.00, real=0.40 secs] 
197.360: [GC197.360: [ParNew: 69952K->69952K(78656K), 0.0000343 secs]197.360: [Tenured: 169033K->174784K(174784K), 0.3869187 secs] 238985K->175854K(253440K), [Perm : 7308K->7308K(21248K)], 0.3873475 secs] [Times: user=0.39 sys=0.00, real=0.39 secs] 
197.878: [Full GC197.878: [Tenured: 174784K->174666K(174784K), 0.3946074 secs] 253439K->174666K(253440K), [Perm : 7308K->7308K(21248K)], 0.3949322 secs] [Times: user=0.39 sys=0.00, real=0.39 secs] 
198.333: [GC198.333: [ParNew: 69952K->69952K(78656K), 0.0000157 secs]198.333: [Tenured: 174666K->174783K(174784K), 0.3901817 secs] 244618K->175324K(253440K), [Perm : 7309K->7309K(21248K)], 0.3905307 secs] [Times: user=0.39 sys=0.00, real=0.39 secs] 
198.859: [Full GC198.859: [Tenured: 174783K->165238K(174784K), 0.3969685 secs] 253439K->165238K(253440K), [Perm : 7309K->7309K(21248K)], 0.3973380 secs] [Times: user=0.41 sys=0.00, real=0.40 secs] 
199.313: [GC199.313: [ParNew: 69952K->69952K(78656K), 0.0000173 secs]199.313: [Tenured: 165238K->174784K(174784K), 0.3297665 secs] 235190K->176052K(253440K), [Perm : 7310K->7310K(21248K)], 0.3300882 secs] [Times: user=0.33 sys=0.00, real=0.33 secs] 
199.768: [Full GC199.769: [Tenured: 174784K->174505K(174784K), 0.4010089 secs] 253439K->174505K(253440K), [Perm : 7310K->7310K(21248K)], 0.4012863 secs] [Times: user=0.39 sys=0.00, real=0.40 secs] 
200.240: [GC200.240: [ParNew: 69952K->69952K(78656K), 0.0000176 secs]200.240: [Tenured: 174505K->174783K(174784K), 0.3985326 secs] 244457K->176576K(253440K), [Perm : 7310K->7310K(21248K)], 0.3989056 secs] [Times: user=0.39 sys=0.00, real=0.40 secs] 
200.765: [Full GC200.765: [Tenured: 174783K->162620K(174784K), 0.3869957 secs] 253439K->162620K(253440K), [Perm : 7310K->7310K(21248K)], 0.3873107 secs] [Times: user=0.38 sys=0.00, real=0.39 secs] 
201.223: [GC201.224: [ParNew: 69952K->69952K(78656K), 0.0000164 secs]201.224: [Tenured: 162620K->172793K(174784K), 0.3846910 secs] 232572K->172793K(253440K), [Perm : 7310K->7310K(21248K)], 0.3850951 secs] [Times: user=0.39 sys=0.00, real=0.39 secs] 
201.683: [GC201.683: [ParNew: 69952K->69952K(78656K), 0.0000160 secs]201.683: [Tenured: 172793K->173275K(174784K), 0.3788857 secs] 242745K->173275K(253440K), [Perm : 7310K->7310K(21248K)], 0.3792420 secs] [Times: user=0.39 sys=0.00, real=0.38 secs] 
202.137: [GC202.138: [ParNew: 69952K->69952K(78656K), 0.0000202 secs]202.138: [Tenured: 173275K->174783K(174784K), 0.3964954 secs] 243227K->178599K(253440K), [Perm : 7310K->7310K(21248K)], 0.3969351 secs] [Times: user=0.39 sys=0.00, real=0.40 secs] 
202.656: [Full GC202.657: [Tenured: 174783K->171531K(174784K), 0.3966298 secs] 253439K->171531K(253440K), [Perm : 7310K->7310K(21248K)], 0.3969339 secs] [Times: user=0.39 sys=0.00, real=0.40 secs] 
203.129: [GC203.129: [ParNew: 69952K->69952K(78656K), 0.0000180 secs]203.129: [Tenured: 171531K->174719K(174784K), 0.3932334 secs] 241483K->174719K(253440K), [Perm : 7310K->7310K(21248K)], 0.3936227 secs] [Times: user=0.39 sys=0.00, real=0.39 secs] 
203.600: [GC203.600: [ParNew: 69952K->69952K(78656K), 0.0000173 secs]203.600: [Tenured: 174719K->172446K(174784K), 0.3795614 secs] 244671K->172446K(253440K), [Perm : 7310K->7310K(21248K)], 0.3799392 secs] [Times: user=0.39 sys=0.00, real=0.38 secs] 
204.056: [GC204.057: [ParNew: 69952K->69952K(78656K), 0.0000164 secs]204.057: [Tenured: 172446K->173170K(174784K), 0.3845829 secs] 242398K->173170K(253440K), [Perm : 7310K->7310K(21248K)], 0.3849409 secs] [Times: user=0.38 sys=0.00, real=0.38 secs] 
204.518: [GC204.519: [ParNew: 69952K->69952K(78656K), 0.0000189 secs]204.519: [Tenured: 173170K->164022K(174784K), 0.3791512 secs] 243122K->164022K(253440K), [Perm : 7310K->7310K(21248K)], 0.3796153 secs] [Times: user=0.39 sys=0.00, real=0.38 secs] 
204.975: [GC204.975: [ParNew: 69952K->69952K(78656K), 0.0000205 secs]204.975: [Tenured: 164022K->174784K(174784K), 0.3904018 secs] 233974K->175226K(253440K), [Perm : 7310K->7310K(21248K)], 0.3908690 secs] [Times: user=0.39 sys=0.00, real=0.39 secs] 
205.498: [Full GC205.499: [Tenured: 174784K->174783K(174784K), 0.3952728 secs] 253439K->177666K(253440K), [Perm : 7310K->7310K(21248K)], 0.3956240 secs] [Times: user=0.39 sys=0.00, real=0.40 secs] 
206.021: [Full GC206.021: [Tenured: 174783K->172533K(174784K), 0.3905881 secs] 253439K->172533K(253440K), [Perm : 7310K->7310K(21248K)], 0.3908960 secs] [Times: user=0.39 sys=0.00, real=0.39 secs] 
206.470: [GC206.470: [ParNew: 69952K->69952K(78656K), 0.0000170 secs]206.470: [Tenured: 172533K->162437K(174784K), 0.3815480 secs] 242485K->162437K(253440K), [Perm : 7310K->7310K(21248K)], 0.3819097 secs] [Times: user=0.39 sys=0.00, real=0.38 secs] 
206.928: [GC206.928: [ParNew: 69952K->69952K(78656K), 0.0000196 secs]206.928: [Tenured: 162437K->173544K(174784K), 0.3885118 secs] 232389K->173544K(253440K), [Perm : 7310K->7310K(21248K)], 0.3889107 secs] [Times: user=0.39 sys=0.00, real=0.39 secs] 
207.395: [GC207.395: [ParNew: 69952K->69952K(78656K), 0.0000196 secs]207.395: [Tenured: 173544K->174783K(174784K), 0.3914303 secs] 243496K->176633K(253440K), [Perm : 7310K->7310K(21248K)], 0.3919047 secs] [Times: user=0.39 sys=0.00, real=0.39 secs] 
207.914: [Full GC207.915: [Tenured: 174783K->171785K(174784K), 0.3893790 secs] 253439K->171785K(253440K), [Perm : 7310K->7310K(21248K)], 0.3897728 secs] [Times: user=0.39 sys=0.00, real=0.39 secs] 
208.361: [GC208.361: [ParNew: 69952K->69952K(78656K), 0.0000362 secs]208.361: [Tenured: 171785K->158208K(174784K), 0.3709530 secs] 241737K->158208K(253440K), [Perm : 7310K->7310K(21248K)], 0.3714995 secs] [Times: user=0.36 sys=0.00, real=0.37 secs] 
208.810: [GC208.811: [ParNew: 69952K->69952K(78656K), 0.0000160 secs]208.811: [Tenured: 158208K->172948K(174784K), 0.3953405 secs] 228160K->172948K(253440K), [Perm : 7310K->7310K(21248K)], 0.3957337 secs] [Times: user=0.39 sys=0.00, real=0.40 secs] 
209.296: [GC209.296: [ParNew: 69952K->69952K(78656K), 0.0000167 secs]209.296: [Tenured: 172948K->174351K(174784K), 0.3996099 secs] 242900K->174351K(253440K), [Perm : 7314K->7314K(21248K)], 0.3999775 secs] [Times: user=0.38 sys=0.00, real=0.40 secs] 
209.757: [GC209.757: [ParNew: 69952K->69952K(78656K), 0.0000186 secs]209.757: [Tenured: 174351K->173097K(174784K), 0.3827337 secs] 244303K->173097K(253440K), [Perm : 7314K->7314K(21248K)], 0.3830897 secs] [Times: user=0.39 sys=0.00, real=0.38 secs] 
210.211: [GC210.212: [ParNew: 69952K->69952K(78656K), 0.0000183 secs]210.212: [Tenured: 173097K->166926K(174784K), 0.3896160 secs] 243049K->166926K(253440K), [Perm : 7314K->7314K(21248K)], 0.3899912 secs] [Times: user=0.39 sys=0.00, real=0.39 secs] 
210.682: [GC210.683: [ParNew: 69951K->69951K(78656K), 0.0000244 secs]210.683: [Tenured: 166926K->174784K(174784K), 0.3720681 secs] 236878K->175363K(253440K), [Perm : 7314K->7314K(21248K)], 0.3725213 secs] [Times: user=0.36 sys=0.00, real=0.37 secs] 
211.182: [Full GC211.183: [Tenured: 174784K->174341K(174784K), 0.3935076 secs] 253439K->174341K(253440K), [Perm : 7314K->7314K(21248K)], 0.3938591 secs] [Times: user=0.41 sys=0.00, real=0.39 secs] 
211.640: [GC211.640: [ParNew: 69952K->69952K(78656K), 0.0000202 secs]211.640: [Tenured: 174341K->171742K(174784K), 0.3802612 secs] 244293K->171742K(253440K), [Perm : 7314K->7314K(21248K)], 0.3807237 secs] [Times: user=0.37 sys=0.00, real=0.38 secs] 
212.096: [GC212.096: [ParNew: 69952K->69952K(78656K), 0.0000199 secs]212.096: [Tenured: 171742K->170121K(174784K), 0.3981378 secs] 241694K->170121K(253440K), [Perm : 7314K->7314K(21248K)], 0.3986125 secs] [Times: user=0.40 sys=0.00, real=0.40 secs] 
212.569: [GC212.569: [ParNew: 69952K->69952K(78656K), 0.0000176 secs] 240073K->240073K(253440K), 0.0002774 secs] [Times: user=0.00 sys=0.00, real=0.00 secs] 
212.569: [Full GC212.569: [Tenured: 170121K->170493K(174784K), 0.3932687 secs] 240073K->170493K(253440K), [Perm : 7314K->7256K(21248K)], 0.3934791 secs] [Times: user=0.40 sys=0.00, real=0.39 secs] 
213.039: [GC213.040: [ParNew: 69952K->69952K(78656K), 0.0000189 secs]213.040: [Tenured: 170493K->171121K(174784K), 0.3821262 secs] 240445K->171121K(253440K), [Perm : 7256K->7256K(21248K)], 0.3825287 secs] [Times: user=0.39 sys=0.00, real=0.38 secs] 
213.508: [GC213.508: [ParNew: 69952K->69952K(78656K), 0.0000196 secs]213.508: [Tenured: 171121K->174783K(174784K), 0.3870031 secs] 241073K->176370K(253440K), [Perm : 7306K->7306K(21248K)], 0.3873960 secs] [Times: user=0.37 sys=0.00, real=0.39 secs] 
214.023: [Full GC214.023: [Tenured: 174784K->166120K(174784K), 0.4049525 secs] 253439K->166120K(253440K), [Perm : 7306K->7306K(21248K)], 0.4053191 secs] [Times: user=0.31 sys=0.00, real=0.41 secs] 
214.489: [GC214.489: [ParNew: 69952K->69952K(78656K), 0.0000170 secs]214.489: [Tenured: 166120K->174783K(174784K), 0.3831413 secs] 236072K->177666K(253440K), [Perm : 7306K->7306K(21248K)], 0.3835050 secs] [Times: user=0.39 sys=0.00, real=0.38 secs] 
214.997: [Full GC214.997: [Tenured: 174783K->169416K(174784K), 0.3812391 secs] 253439K->169416K(253440K), [Perm : 7306K->7306K(21248K)], 0.3815493 secs] [Times: user=0.38 sys=0.00, real=0.38 secs] 
215.439: [GC215.439: [ParNew: 69952K->69952K(78656K), 0.0000157 secs]215.439: [Tenured: 169416K->171029K(174784K), 0.3793514 secs] 239368K->171029K(253440K), [Perm : 7306K->7306K(21248K)], 0.3796907 secs] [Times: user=0.39 sys=0.00, real=0.38 secs] 
215.893: [GC215.893: [ParNew: 69952K->69952K(78656K), 0.0000183 secs] 240981K->240981K(253440K), 0.0002755 secs] [Times: user=0.00 sys=0.00, real=0.00 secs] 
215.893: [Full GC215.893: [Tenured: 171029K->166249K(174784K), 0.4043319 secs] 240981K->166249K(253440K), [Perm : 7306K->7256K(21248K)], 0.4045782 secs] [Times: user=0.41 sys=0.00, real=0.40 secs] 
216.361: [GC216.361: [ParNew: 69952K->69952K(78656K), 0.0000189 secs]216.361: [Tenured: 166249K->174783K(174784K), 0.3882478 secs] 236201K->178655K(253440K), [Perm : 7267K->7267K(21248K)], 0.3886805 secs] [Times: user=0.39 sys=0.03, real=0.39 secs] 
216.872: [Full GC216.872: [Tenured: 174784K->174783K(174784K), 0.4225148 secs] 253440K->183532K(253440K), [Perm : 7306K->7306K(21248K)], 0.4228762 secs] [Times: user=0.42 sys=0.00, real=0.42 secs] 
217.395: [Full GC217.395: [Tenured: 174783K->174783K(174784K), 0.3947408 secs] 253439K->179046K(253440K), [Perm : 7306K->7306K(21248K)], 0.3950458 secs] [Times: user=0.39 sys=0.00, real=0.40 secs] 
217.912: [Full GC217.912: [Tenured: 174784K->165999K(174784K), 0.3962491 secs] 253439K->165999K(253440K), [Perm : 7306K->7306K(21248K)], 0.3966035 secs] [Times: user=0.39 sys=0.00, real=0.40 secs] 
218.369: [GC218.369: [ParNew: 69952K->69952K(78656K), 0.0000160 secs]218.369: [Tenured: 165999K->172183K(174784K), 0.3715402 secs] 235951K->172183K(253440K), [Perm : 7306K->7306K(21248K)], 0.3719033 secs] [Times: user=0.37 sys=0.00, real=0.37 secs] 
218.816: [GC218.817: [ParNew: 69952K->69952K(78656K), 0.0000183 secs] 242135K->242135K(253440K), 0.0003445 secs] [Times: user=0.00 sys=0.00, real=0.00 secs] 
218.817: [Full GC218.817: [Tenured: 172183K->163097K(174784K), 0.3858216 secs] 242135K->163097K(253440K), [Perm : 7306K->7256K(21248K)], 0.3860473 secs] [Times: user=0.37 sys=0.00, real=0.39 secs] 
219.276: [GC219.277: [ParNew: 69952K->69952K(78656K), 0.0000164 secs]219.277: [Tenured: 163097K->173324K(174784K), 0.3843857 secs] 233049K->173324K(253440K), [Perm : 7282K->7282K(21248K)], 0.3847128 secs] [Times: user=0.39 sys=0.00, real=0.38 secs] 
219.735: [GC219.735: [ParNew: 69952K->69952K(78656K), 0.0000170 secs]219.735: [Tenured: 173324K->163514K(174784K), 0.3826785 secs] 243276K->163514K(253440K), [Perm : 7306K->7306K(21248K)], 0.3830380 secs] [Times: user=0.37 sys=0.00, real=0.38 secs] 
220.194: [GC220.194: [ParNew: 69952K->69952K(78656K), 0.0000215 secs]220.194: [Tenured: 163514K->173133K(174784K), 0.3845756 secs] 233466K->173133K(253440K), [Perm : 7306K->7306K(21248K)], 0.3850166 secs] [Times: user=0.39 sys=0.00, real=0.39 secs] 
220.662: [GC220.662: [ParNew: 69952K->69952K(78656K), 0.0000176 secs]220.662: [Tenured: 173133K->174783K(174784K), 0.3857696 secs] 243085K->176779K(253440K), [Perm : 7307K->7307K(21248K)], 0.3861497 secs] [Times: user=0.39 sys=0.00, real=0.39 secs] 
221.171: [Full GC221.171: [Tenured: 174783K->173565K(174784K), 0.3896327 secs] 253439K->173565K(253440K), [Perm : 7307K->7307K(21248K)], 0.3900233 secs] [Times: user=0.39 sys=0.00, real=0.39 secs] 
221.625: [GC221.625: [ParNew: 69952K->69952K(78656K), 0.0000183 secs] 243517K->243517K(253440K), 0.0003573 secs] [Times: user=0.00 sys=0.00, real=0.00 secs] 
221.625: [Full GC221.626: [Tenured: 173565K->166068K(174784K), 0.3868042 secs] 243517K->166068K(253440K), [Perm : 7310K->7256K(21248K)], 0.3870413 secs] [Times: user=0.39 sys=0.00, real=0.39 secs] 
222.089: [GC222.089: [ParNew: 69952K->69952K(78656K), 0.0000228 secs]222.089: [Tenured: 166068K->174783K(174784K), 0.4022806 secs] 236020K->180119K(253440K), [Perm : 7256K->7256K(21248K)], 0.4028175 secs] [Times: user=0.39 sys=0.00, real=0.40 secs] 
222.612: [Full GC222.612: [Tenured: 174783K->174784K(174784K), 0.4136292 secs] 253439K->178930K(253440K), [Perm : 7306K->7306K(21248K)], 0.4139714 secs] [Times: user=0.42 sys=0.00, real=0.41 secs] 
223.150: [Full GC223.150: [Tenured: 174784K->170217K(174784K), 0.3868241 secs] 253439K->170217K(253440K), [Perm : 7306K->7306K(21248K)], 0.3872347 secs] [Times: user=0.38 sys=0.00, real=0.39 secs] 
223.599: [GC223.599: [ParNew: 69952K->69952K(78656K), 0.0000180 secs]223.599: [Tenured: 170217K->164981K(174784K), 0.4014929 secs] 240169K->164981K(253440K), [Perm : 7307K->7307K(21248K)], 0.4019685 secs] [Times: user=0.41 sys=0.00, real=0.40 secs] 
224.075: [GC224.075: [ParNew: 69952K->69952K(78656K), 0.0000228 secs]224.075: [Tenured: 164981K->173922K(174784K), 0.3881192 secs] 234933K->173922K(253440K), [Perm : 7307K->7307K(21248K)], 0.3886805 secs] [Times: user=0.39 sys=0.00, real=0.39 secs] 
224.542: [GC224.543: [ParNew: 69952K->69952K(78656K), 0.0000176 secs]224.543: [Tenured: 173922K->170607K(174784K), 0.3796653 secs] 243874K->170607K(253440K), [Perm : 7307K->7307K(21248K)], 0.3800765 secs] [Times: user=0.37 sys=0.00, real=0.38 secs] 
224.997: [GC224.997: [ParNew: 69952K->69952K(78656K), 0.0000237 secs] 240559K->240559K(253440K), 0.0004064 secs] [Times: user=0.00 sys=0.00, real=0.00 secs] 
224.998: [Full GC224.998: [Tenured: 170607K->161756K(174784K), 0.3822728 secs] 240559K->161756K(253440K), [Perm : 7307K->7256K(21248K)], 0.3824983 secs] [Times: user=0.39 sys=0.00, real=0.38 secs] 
225.457: [GC225.458: [ParNew: 69952K->69952K(78656K), 0.0000186 secs]225.458: [Tenured: 161756K->169308K(174784K), 0.3916946 secs] 231708K->169308K(253440K), [Perm : 7306K->7306K(21248K)], 0.3921243 secs] [Times: user=0.39 sys=0.00, real=0.39 secs] 
225.923: [GC225.923: [ParNew: 69952K->69952K(78656K), 0.0000173 secs]225.923: [Tenured: 169308K->174783K(174784K), 0.3911817 secs] 239260K->177299K(253440K), [Perm : 7306K->7306K(21248K)], 0.3915512 secs] [Times: user=0.39 sys=0.00, real=0.39 secs] 
226.442: [Full GC226.443: [Tenured: 174783K->174783K(174784K), 0.3906503 secs] 253439K->176283K(253440K), [Perm : 7307K->7307K(21248K)], 0.3909829 secs] [Times: user=0.39 sys=0.00, real=0.39 secs] 
226.960: [Full GC226.960: [Tenured: 174783K->173281K(174784K), 0.3923630 secs] 253439K->173281K(253440K), [Perm : 7307K->7307K(21248K)], 0.3926914 secs] [Times: user=0.39 sys=0.00, real=0.39 secs] 
227.413: [GC227.414: [ParNew: 69952K->69952K(78656K), 0.0000176 secs]227.414: [Tenured: 173281K->165595K(174784K), 0.3885852 secs] 243233K->165595K(253440K), [Perm : 7308K->7308K(21248K)], 0.3890554 secs] [Times: user=0.39 sys=0.00, real=0.39 secs] 
227.874: [GC227.875: [ParNew: 69952K->69952K(78656K), 0.0000170 secs]227.875: [Tenured: 165595K->174442K(174784K), 0.3421142 secs] 235547K->174442K(253440K), [Perm : 7308K->7308K(21248K)], 0.3424365 secs] [Times: user=0.33 sys=0.00, real=0.34 secs] 
228.302: [GC228.303: [ParNew: 69952K->69952K(78656K), 0.0000164 secs]228.303: [Tenured: 174442K->170230K(174784K), 0.3775056 secs] 244394K->170230K(253440K), [Perm : 7311K->7311K(21248K)], 0.3780092 secs] [Times: user=0.38 sys=0.00, real=0.38 secs] 
228.741: [GC228.741: [ParNew: 69952K->69952K(78656K), 0.0000183 secs]228.741: [Tenured: 170230K->173068K(174784K), 0.3910676 secs] 240182K->173068K(253440K), [Perm : 7311K->7311K(21248K)], 0.3914951 secs] [Times: user=0.38 sys=0.00, real=0.39 secs] 
229.207: [GC229.207: [ParNew: 69952K->69952K(78656K), 0.0000180 secs]229.207: [Tenured: 173068K->163699K(174784K), 0.3829983 secs] 243020K->163699K(253440K), [Perm : 7313K->7313K(21248K)], 0.3834203 secs] [Times: user=0.38 sys=0.00, real=0.38 secs] 
229.672: [GC229.672: [ParNew: 69952K->69952K(78656K), 0.0000173 secs]229.672: [Tenured: 163699K->172249K(174784K), 0.3661351 secs] 233651K->172249K(253440K), [Perm : 7313K->7313K(21248K)], 0.3665049 secs] [Times: user=0.36 sys=0.00, real=0.37 secs] 
230.115: [GC230.115: [ParNew: 69952K->69952K(78656K), 0.0000186 secs]230.115: [Tenured: 172249K->173209K(174784K), 0.3848203 secs] 242201K->173209K(253440K), [Perm : 7313K->7313K(21248K)], 0.3852385 secs] [Times: user=0.39 sys=0.00, real=0.38 secs] 
230.582: [GC230.583: [ParNew: 69952K->69952K(78656K), 0.0000173 secs]230.583: [Tenured: 173209K->172210K(174784K), 0.3768180 secs] 243161K->172210K(253440K), [Perm : 7315K->7315K(21248K)], 0.3772276 secs] [Times: user=0.37 sys=0.00, real=0.38 secs] 
231.035: [GC231.035: [ParNew: 69952K->69952K(78656K), 0.0000176 secs]231.035: [Tenured: 172210K->166934K(174784K), 0.3885339 secs] 242162K->166934K(253440K), [Perm : 7315K->7315K(21248K)], 0.3889059 secs] [Times: user=0.39 sys=0.00, real=0.39 secs] 
231.508: [GC231.509: [ParNew: 69952K->69952K(78656K), 0.0000218 secs]231.509: [Tenured: 166934K->174783K(174784K), 0.3819130 secs] 236886K->179802K(253440K), [Perm : 7315K->7315K(21248K)], 0.3823629 secs] [Times: user=0.39 sys=0.00, real=0.38 secs] 
232.012: [Full GC232.012: [Tenured: 174783K->174783K(174784K), 0.3943431 secs] 253439K->175319K(253440K), [Perm : 7315K->7315K(21248K)], 0.3946397 secs] [Times: user=0.39 sys=0.00, real=0.39 secs] 
232.517: [Full GC232.517: [Tenured: 174783K->172494K(174784K), 0.3854386 secs] 253439K->172494K(253440K), [Perm : 7315K->7315K(21248K)], 0.3858219 secs] [Times: user=0.39 sys=0.00, real=0.39 secs] 
232.974: [GC232.974: [ParNew: 69952K->69952K(78656K), 0.0000170 secs]232.974: [Tenured: 172494K->166806K(174784K), 0.3913646 secs] 242446K->166806K(253440K), [Perm : 7315K->7315K(21248K)], 0.3917250 secs] [Times: user=0.39 sys=0.00, real=0.39 secs] 
233.451: [GC233.451: [ParNew: 69952K->69952K(78656K), 0.0000167 secs]233.451: [Tenured: 166806K->172110K(174784K), 0.3781503 secs] 236758K->172110K(253440K), [Perm : 7315K->7315K(21248K)], 0.3786131 secs] [Times: user=0.38 sys=0.00, real=0.38 secs] 
233.905: [GC233.905: [ParNew: 69952K->69952K(78656K), 0.0000173 secs]233.906: [Tenured: 172110K->171586K(174784K), 0.3828703 secs] 242062K->171586K(253440K), [Perm : 7315K->7315K(21248K)], 0.3832552 secs] [Times: user=0.39 sys=0.00, real=0.38 secs] 
234.369: [GC234.369: [ParNew: 69952K->69952K(78656K), 0.0000180 secs] 241538K->241538K(253440K), 0.0002816 secs] [Times: user=0.00 sys=0.00, real=0.00 secs] 
234.370: [Full GC234.370: [Tenured: 171586K->164817K(174784K), 0.3830493 secs] 241538K->164817K(253440K), [Perm : 7315K->7260K(21248K)], 0.3832481 secs] [Times: user=0.37 sys=0.00, real=0.38 secs] 
234.829: [GC234.829: [ParNew: 69952K->69952K(78656K), 0.0000173 secs]234.829: [Tenured: 164817K->167946K(174784K), 0.3896025 secs] 234769K->167946K(253440K), [Perm : 7260K->7260K(21248K)], 0.3899467 secs] [Times: user=0.39 sys=0.00, real=0.39 secs] 
235.317: [GC235.317: [ParNew: 69952K->69952K(78656K), 0.0000164 secs]235.317: [Tenured: 167946K->172804K(174784K), 0.3815695 secs] 237898K->172804K(253440K), [Perm : 7287K->7287K(21248K)], 0.3819364 secs] [Times: user=0.39 sys=0.00, real=0.38 secs] 
235.764: [GC235.764: [ParNew: 69952K->69952K(78656K), 0.0000189 secs]235.764: [Tenured: 172804K->173403K(174784K), 0.3796827 secs] 242756K->173403K(253440K), [Perm : 7310K->7310K(21248K)], 0.3800983 secs] [Times: user=0.37 sys=0.00, real=0.38 secs] 
236.218: [GC236.218: [ParNew: 69952K->69952K(78656K), 0.0000164 secs]236.218: [Tenured: 173403K->173609K(174784K), 0.3818632 secs] 243355K->173609K(253440K), [Perm : 7310K->7310K(21248K)], 0.3822872 secs] [Times: user=0.39 sys=0.00, real=0.38 secs] 
236.682: [GC236.682: [ParNew: 69952K->69952K(78656K), 0.0000167 secs]236.682: [Tenured: 173609K->165923K(174784K), 0.3797074 secs] 243561K->165923K(253440K), [Perm : 7311K->7311K(21248K)], 0.3800762 secs] [Times: user=0.37 sys=0.00, real=0.38 secs] 
237.136: [GC237.137: [ParNew: 69952K->69952K(78656K), 0.0000167 secs]237.137: [Tenured: 165923K->174783K(174784K), 0.3844098 secs] 235875K->175439K(253440K), [Perm : 7311K->7311K(21248K)], 0.3847539 secs] [Times: user=0.39 sys=0.00, real=0.38 secs] 
237.661: [Full GC237.661: [Tenured: 174783K->172114K(174784K), 0.3820063 secs] 253439K->172114K(253440K), [Perm : 7311K->7311K(21248K)], 0.3824348 secs] [Times: user=0.38 sys=0.00, real=0.38 secs] 
238.113: [GC238.113: [ParNew: 69952K->69952K(78656K), 0.0000183 secs] 242066K->242066K(253440K), 0.0002800 secs] [Times: user=0.00 sys=0.00, real=0.00 secs] 
238.113: [Full GC238.113: [Tenured: 172114K->158880K(174784K), 0.3804303 secs] 242066K->158880K(253440K), [Perm : 7311K->7261K(21248K)], 0.3806448 secs] [Times: user=0.37 sys=0.00, real=0.38 secs] 
238.570: [GC238.570: [ParNew: 69952K->69952K(78656K), 0.0000167 secs]238.570: [Tenured: 158880K->162201K(174784K), 0.3736711 secs] 228832K->162201K(253440K), [Perm : 7310K->7310K(21248K)], 0.3740742 secs] [Times: user=0.37 sys=0.00, real=0.37 secs] 
239.015: [GC239.015: [ParNew: 69952K->69952K(78656K), 0.0000202 secs]239.015: [Tenured: 162201K->169475K(174784K), 0.3746580 secs] 232153K->169475K(253440K), [Perm : 7310K->7310K(21248K)], 0.3751284 secs] [Times: user=0.37 sys=0.00, real=0.38 secs] 
239.463: [GC239.463: [ParNew: 69952K->69952K(78656K), 0.0000192 secs]239.463: [Tenured: 169475K->171583K(174784K), 0.3724264 secs] 239427K->171583K(253440K), [Perm : 7311K->7311K(21248K)], 0.3727808 secs] [Times: user=0.37 sys=0.00, real=0.37 secs] 
239.906: [GC239.906: [ParNew: 69952K->69952K(78656K), 0.0000176 secs]239.906: [Tenured: 171583K->173265K(174784K), 0.3762702 secs] 241535K->173265K(253440K), [Perm : 7311K->7311K(21248K)], 0.3766621 secs] [Times: user=0.38 sys=0.00, real=0.38 secs] 
240.355: [GC240.355: [ParNew: 69952K->69952K(78656K), 0.0000170 secs]240.355: [Tenured: 173265K->165065K(174784K), 0.3747962 secs] 243217K->165065K(253440K), [Perm : 7314K->7314K(21248K)], 0.3751095 secs] [Times: user=0.34 sys=0.01, real=0.38 secs] 
240.794: [GC240.794: [ParNew: 69952K->69952K(78656K), 0.0000180 secs]240.794: [Tenured: 165065K->174783K(174784K), 0.3787558 secs] 235017K->176536K(253440K), [Perm : 7314K->7314K(21248K)], 0.3791458 secs] [Times: user=0.37 sys=0.00, real=0.38 secs] 
241.279: [Full GC241.279: [Tenured: 174783K->174784K(174784K), 0.3968620 secs] 253439K->181714K(253440K), [Perm : 7314K->7314K(21248K)], 0.3972921 secs] [Times: user=0.39 sys=0.00, real=0.40 secs] 
241.790: [Full GC241.790: [Tenured: 174784K->174784K(174784K), 0.4034419 secs] 253440K->185817K(253440K), [Perm : 7314K->7314K(21248K)], 0.4039085 secs] [Times: user=0.41 sys=0.00, real=0.40 secs] 
242.290: [Full GC242.290: [Tenured: 174784K->170681K(174784K), 0.3930679 secs] 253439K->170681K(253440K), [Perm : 7314K->7314K(21248K)], 0.3934014 secs] [Times: user=0.39 sys=0.00, real=0.39 secs] 
242.760: [GC242.760: [ParNew: 69952K->69952K(78656K), 0.0000186 secs] 240633K->240633K(253440K), 0.0002380 secs] [Times: user=0.00 sys=0.00, real=0.00 secs] 
242.760: [Full GC242.760: [Tenured: 170681K->170102K(174784K), 0.3847606 secs] 240633K->170102K(253440K), [Perm : 7314K->7261K(21248K)], 0.3850063 secs] [Times: user=0.37 sys=0.00, real=0.39 secs] 
243.218: [GC243.219: [ParNew: 69952K->69952K(78656K), 0.0000170 secs]243.219: [Tenured: 170102K->174783K(174784K), 0.3861301 secs] 240054K->175533K(253440K), [Perm : 7270K->7270K(21248K)], 0.3865127 secs] [Times: user=0.39 sys=0.00, real=0.39 secs] 
243.736: [Full GC243.736: [Tenured: 174783K->171580K(174784K), 0.3795255 secs] 253439K->171580K(253440K), [Perm : 7311K->7311K(21248K)], 0.3798975 secs] [Times: user=0.39 sys=0.00, real=0.38 secs] 
244.189: [GC244.189: [ParNew: 69952K->69952K(78656K), 0.0000170 secs]244.189: [Tenured: 171580K->166551K(174784K), 0.3856917 secs] 241532K->166551K(253440K), [Perm : 7311K->7311K(21248K)], 0.3860785 secs] [Times: user=0.39 sys=0.00, real=0.39 secs] 
244.655: [GC244.655: [ParNew: 69952K->69952K(78656K), 0.0000167 secs]244.655: [Tenured: 166551K->174783K(174784K), 0.3777494 secs] 236503K->175934K(253440K), [Perm : 7311K->7311K(21248K)], 0.3781859 secs] [Times: user=0.37 sys=0.00, real=0.38 secs] 
245.163: [Full GC245.163: [Tenured: 174783K->169770K(174784K), 0.3830156 secs] 253439K->169770K(253440K), [Perm : 7311K->7311K(21248K)], 0.3833947 secs] [Times: user=0.31 sys=0.00, real=0.38 secs] 
245.603: [GC245.603: [ParNew: 69952K->69952K(78656K), 0.0000173 secs]245.603: [Tenured: 169770K->174783K(174784K), 0.3843581 secs] 239722K->175217K(253440K), [Perm : 7311K->7311K(21248K)], 0.3847747 secs] [Times: user=0.38 sys=0.00, real=0.38 secs] 
246.116: [Full GC246.116: [Tenured: 174783K->161969K(174784K), 0.3875579 secs] 253439K->161969K(253440K), [Perm : 7311K->7311K(21248K)], 0.3879697 secs] [Times: user=0.39 sys=0.00, real=0.39 secs] 
246.565: [GC246.565: [ParNew: 69952K->69952K(78656K), 0.0000170 secs]246.565: [Tenured: 161969K->174784K(174784K), 0.3809825 secs] 231921K->175007K(253440K), [Perm : 7314K->7314K(21248K)], 0.3814591 secs] [Times: user=0.37 sys=0.00, real=0.38 secs] 
247.074: [Full GC247.074: [Tenured: 174784K->174783K(174784K), 0.4037270 secs] 253439K->176933K(253440K), [Perm : 7314K->7314K(21248K)], 0.4040901 secs] [Times: user=0.41 sys=0.00, real=0.40 secs] 
247.589: [Full GC247.589: [Tenured: 174783K->173915K(174784K), 0.3940759 secs] 253439K->173915K(253440K), [Perm : 7314K->7314K(21248K)], 0.3944371 secs] [Times: user=0.39 sys=0.01, real=0.39 secs] 
248.056: [GC248.056: [ParNew: 69952K->69952K(78656K), 0.0000196 secs]248.056: [Tenured: 173915K->162931K(174784K), 0.3863123 secs] 243867K->162931K(253440K), [Perm : 7314K->7314K(21248K)], 0.3867536 secs] [Times: user=0.39 sys=0.00, real=0.39 secs] 
248.522: [GC248.522: [ParNew: 69952K->69952K(78656K), 0.0000173 secs]248.522: [Tenured: 162931K->171154K(174784K), 0.3676672 secs] 232883K->171154K(253440K), [Perm : 7318K->7318K(21248K)], 0.3680284 secs] [Times: user=0.37 sys=0.00, real=0.37 secs] 
248.965: [GC248.965: [ParNew: 69952K->69952K(78656K), 0.0000228 secs]248.965: [Tenured: 171154K->173480K(174784K), 0.3882440 secs] 241106K->173480K(253440K), [Perm : 7318K->7318K(21248K)], 0.3887430 secs] [Times: user=0.39 sys=0.00, real=0.39 secs] 
249.432: [GC249.433: [ParNew: 69952K->69952K(78656K), 0.0000180 secs]249.433: [Tenured: 173480K->174783K(174784K), 0.4015009 secs] 243432K->180904K(253440K), [Perm : 7318K->7318K(21248K)], 0.4019326 secs] [Times: user=0.41 sys=0.00, real=0.40 secs] 
249.966: [Full GC249.966: [Tenured: 174783K->164657K(174784K), 0.3858979 secs] 253439K->164657K(253440K), [Perm : 7320K->7320K(21248K)], 0.3862279 secs] [Times: user=0.38 sys=0.00, real=0.39 secs] 
250.409: [GC250.409: [ParNew: 69952K->69952K(78656K), 0.0000167 secs]250.409: [Tenured: 164657K->174783K(174784K), 0.3672378 secs] 234609K->175996K(253440K), [Perm : 7320K->7320K(21248K)], 0.3676316 secs] [Times: user=0.37 sys=0.00, real=0.37 secs] 
250.900: [Full GC250.900: [Tenured: 174783K->166089K(174784K), 0.3768183 secs] 253439K->166089K(253440K), [Perm : 7320K->7320K(21248K)], 0.3771711 secs] [Times: user=0.38 sys=0.02, real=0.38 secs] 
251.355: [GC251.355: [ParNew: 69952K->69952K(78656K), 0.0000260 secs]251.355: [Tenured: 166089K->165788K(174784K), 0.3714604 secs] 236041K->165788K(253440K), [Perm : 7320K->7320K(21248K)], 0.3718885 secs] [Times: user=0.36 sys=0.00, real=0.37 secs] 
251.790: [GC251.790: [ParNew: 69952K->69952K(78656K), 0.0000173 secs] 235740K->235740K(253440K), 0.0002700 secs] [Times: user=0.02 sys=0.00, real=0.00 secs] 
251.790: [Full GC251.790: [Tenured: 165788K->160421K(174784K), 0.3753677 secs] 235740K->160421K(253440K), [Perm : 7320K->7265K(21248K)], 0.3755662 secs] [Times: user=0.38 sys=0.00, real=0.38 secs] 
252.237: [GC252.238: [ParNew: 69952K->69952K(78656K), 0.0000176 secs] 230373K->230373K(253440K), 0.0002726 secs] [Times: user=0.00 sys=0.00, real=0.00 secs] 
252.238: [Full GC252.238: [Tenured: 160421K->167969K(174784K), 0.3903476 secs] 230373K->167969K(253440K), [Perm : 7274K->7265K(21248K)], 0.3905451 secs] [Times: user=0.39 sys=0.00, real=0.39 secs] 
252.704: [GC252.704: [ParNew: 69952K->69952K(78656K), 0.0000164 secs]252.704: [Tenured: 167969K->174783K(174784K), 0.3893835 secs] 237921K->180084K(253440K), [Perm : 7315K->7315K(21248K)], 0.3898325 secs] [Times: user=0.39 sys=0.00, real=0.39 secs] 
253.216: [Full GC253.216: [Tenured: 174783K->172165K(174784K), 0.3885291 secs] 253439K->172165K(253440K), [Perm : 7315K->7315K(21248K)], 0.3888501 secs] [Times: user=0.39 sys=0.00, real=0.39 secs] 
253.670: [GC253.670: [ParNew: 69952K->69952K(78656K), 0.0000192 secs]253.670: [Tenured: 172165K->164077K(174784K), 0.3840313 secs] 242117K->164077K(253440K), [Perm : 7315K->7315K(21248K)], 0.3844563 secs] [Times: user=0.39 sys=0.00, real=0.38 secs] 
254.129: [GC254.130: [ParNew: 69952K->69952K(78656K), 0.0000257 secs]254.130: [Tenured: 164077K->174784K(174784K), 0.3936202 secs] 234029K->176422K(253440K), [Perm : 7315K->7315K(21248K)], 0.3941885 secs] [Times: user=0.40 sys=0.00, real=0.40 secs] 
254.648: [Full GC254.649: [Tenured: 174784K->172236K(174784K), 0.3864861 secs] 253439K->172236K(253440K), [Perm : 7315K->7315K(21248K)], 0.3868520 secs] [Times: user=0.39 sys=0.00, real=0.39 secs] 
255.109: [GC255.110: [ParNew: 69952K->69952K(78656K), 0.0000170 secs]255.110: [Tenured: 172236K->173276K(174784K), 0.3850980 secs] 242188K->173276K(253440K), [Perm : 7315K->7315K(21248K)], 0.3854556 secs] [Times: user=0.39 sys=0.00, real=0.38 secs] 
255.576: [GC255.576: [ParNew: 69952K->69952K(78656K), 0.0000176 secs]255.576: [Tenured: 173276K->165487K(174784K), 0.3854845 secs] 243228K->165487K(253440K), [Perm : 7318K->7318K(21248K)], 0.3858742 secs] [Times: user=0.39 sys=0.00, real=0.39 secs] 
256.038: [GC256.039: [ParNew: 69952K->69952K(78656K), 0.0000228 secs]256.039: [Tenured: 165487K->174784K(174784K), 0.3904037 secs] 235439K->176048K(253440K), [Perm : 7318K->7318K(21248K)], 0.3908594 secs] [Times: user=0.39 sys=0.00, real=0.39 secs] 
256.561: [Full GC256.561: [Tenured: 174784K->174783K(174784K), 0.3937392 secs] 253440K->175229K(253440K), [Perm : 7318K->7318K(21248K)], 0.3941359 secs] [Times: user=0.41 sys=0.00, real=0.39 secs] 
257.084: [Full GC257.085: [Tenured: 174783K->174783K(174784K), 0.3980561 secs] 253439K->175266K(253440K), [Perm : 7318K->7318K(21248K)], 0.3984762 secs] [Times: user=0.39 sys=0.00, real=0.40 secs] 
257.595: [Full GC257.595: [Tenured: 174783K->164905K(174784K), 0.3921170 secs] 253439K->164905K(253440K), [Perm : 7320K->7320K(21248K)], 0.3924178 secs] [Times: user=0.39 sys=0.00, real=0.39 secs] 
258.063: [GC258.063: [ParNew: 69952K->69952K(78656K), 0.0000176 secs]258.063: [Tenured: 164905K->174784K(174784K), 0.3965881 secs] 234857K->175093K(253440K), [Perm : 7320K->7320K(21248K)], 0.3969630 secs] [Times: user=0.39 sys=0.00, real=0.40 secs] 
258.598: [Full GC258.598: [Tenured: 174784K->174784K(174784K), 0.4051375 secs] 253440K->181147K(253440K), [Perm : 7320K->7320K(21248K)], 0.4054551 secs] [Times: user=0.41 sys=0.00, real=0.41 secs] 
259.127: [Full GC259.127: [Tenured: 174784K->174783K(174784K), 0.4074644 secs] 253439K->177730K(253440K), [Perm : 7320K->7320K(21248K)], 0.4078210 secs] [Times: user=0.41 sys=0.00, real=0.41 secs] 
259.644: [Full GC259.644: [Tenured: 174783K->168875K(174784K), 0.3969781 secs] 253439K->168875K(253440K), [Perm : 7320K->7320K(21248K)], 0.3972472 secs] [Times: user=0.39 sys=0.00, real=0.40 secs] 
260.121: [GC260.121: [ParNew: 69952K->69952K(78656K), 0.0000205 secs]260.121: [Tenured: 168875K->167393K(174784K), 0.3836487 secs] 238827K->167393K(253440K), [Perm : 7320K->7320K(21248K)], 0.3840778 secs] [Times: user=0.37 sys=0.00, real=0.38 secs] 
260.585: [GC260.585: [ParNew: 69952K->69952K(78656K), 0.0000186 secs]260.585: [Tenured: 167393K->170706K(174784K), 0.3788279 secs] 237345K->170706K(253440K), [Perm : 7321K->7321K(21248K)], 0.3792119 secs] [Times: user=0.39 sys=0.00, real=0.38 secs] 
261.038: [GC261.038: [ParNew: 69952K->69952K(78656K), 0.0000180 secs]261.038: [Tenured: 170706K->170899K(174784K), 0.3826567 secs] 240658K->170899K(253440K), [Perm : 7321K->7321K(21248K)], 0.3830528 secs] [Times: user=0.37 sys=0.00, real=0.38 secs] 
261.499: [GC261.499: [ParNew: 69952K->69952K(78656K), 0.0000157 secs]261.499: [Tenured: 170899K->167838K(174784K), 0.3889790 secs] 240851K->167838K(253440K), [Perm : 7321K->7321K(21248K)], 0.3893434 secs] [Times: user=0.39 sys=0.00, real=0.39 secs] 
261.961: [GC261.961: [ParNew: 69952K->69952K(78656K), 0.0000183 secs]261.961: [Tenured: 167838K->173041K(174784K), 0.3846548 secs] 237790K->173041K(253440K), [Perm : 7322K->7322K(21248K)], 0.3850291 secs] [Times: user=0.37 sys=0.00, real=0.38 secs] 
262.426: [GC262.426: [ParNew: 69952K->69952K(78656K), 0.0000167 secs]262.426: [Tenured: 173041K->174784K(174784K), 0.3888613 secs] 242993K->177180K(253440K), [Perm : 7322K->7322K(21248K)], 0.3892475 secs] [Times: user=0.39 sys=0.00, real=0.39 secs] 
262.934: [Full GC262.934: [Tenured: 174784K->174783K(174784K), 0.4007912 secs] 253439K->179730K(253440K), [Perm : 7322K->7322K(21248K)], 0.4011362 secs] [Times: user=0.41 sys=0.00, real=0.40 secs] 
263.445: [Full GC263.445: [Tenured: 174783K->167990K(174784K), 0.3953803 secs] 253439K->167990K(253440K), [Perm : 7322K->7322K(21248K)], 0.3956779 secs] [Times: user=0.39 sys=0.00, real=0.40 secs] 
263.915: [GC263.915: [ParNew: 69952K->69952K(78656K), 0.0000199 secs]263.915: [Tenured: 167990K->169596K(174784K), 0.3801923 secs] 237942K->169596K(253440K), [Perm : 7322K->7322K(21248K)], 0.3806095 secs] [Times: user=0.38 sys=0.00, real=0.38 secs] 
264.381: [GC264.382: [ParNew: 69952K->69952K(78656K), 0.0000192 secs]264.382: [Tenured: 169596K->171338K(174784K), 0.3785919 secs] 239548K->171338K(253440K), [Perm : 7323K->7323K(21248K)], 0.3790156 secs] [Times: user=0.36 sys=0.00, real=0.38 secs] 
264.834: [GC264.834: [ParNew: 69952K->69952K(78656K), 0.0000170 secs]264.834: [Tenured: 171338K->172843K(174784K), 0.3828212 secs] 241290K->172843K(253440K), [Perm : 7323K->7323K(21248K)], 0.3832061 secs] [Times: user=0.37 sys=0.00, real=0.38 secs] 
265.290: [GC265.290: [ParNew: 69952K->69952K(78656K), 0.0000170 secs] 242795K->242795K(253440K), 0.0002492 secs] [Times: user=0.00 sys=0.00, real=0.00 secs] 
265.290: [Full GC265.290: [Tenured: 172843K->160156K(174784K), 0.3753084 secs] 242795K->160156K(253440K), [Perm : 7323K->7268K(21248K)], 0.3755970 secs] [Times: user=0.38 sys=0.00, real=0.38 secs] 
265.749: [GC265.750: [ParNew: 69874K->69874K(78656K), 0.0000189 secs]265.750: [Tenured: 160156K->170949K(174784K), 0.3755300 secs] 230031K->170949K(253440K), [Perm : 7317K->7317K(21248K)], 0.3759973 secs] [Times: user=0.37 sys=0.00, real=0.38 secs] 
266.199: [GC266.200: [ParNew: 69952K->69952K(78656K), 0.0000247 secs]266.200: [Tenured: 170949K->174783K(174784K), 0.4004297 secs] 240901K->181327K(253440K), [Perm : 7317K->7317K(21248K)], 0.4008967 secs] [Times: user=0.41 sys=0.00, real=0.40 secs] 
266.720: [Full GC266.720: [Tenured: 174783K->174784K(174784K), 0.3948575 secs] 253439K->175643K(253440K), [Perm : 7318K->7318K(21248K)], 0.3951869 secs] [Times: user=0.39 sys=0.00, real=0.40 secs] 
267.241: [Full GC267.241: [Tenured: 174784K->166291K(174784K), 0.3979512 secs] 253439K->166291K(253440K), [Perm : 7318K->7318K(21248K)], 0.3982549 secs] [Times: user=0.41 sys=0.00, real=0.40 secs] 
267.702: [GC267.703: [ParNew: 69952K->69952K(78656K), 0.0000167 secs]267.703: [Tenured: 166291K->174783K(174784K), 0.3836586 secs] 236243K->175068K(253440K), [Perm : 7318K->7318K(21248K)], 0.3840557 secs] [Times: user=0.36 sys=0.00, real=0.38 secs] 
268.216: [Full GC268.216: [Tenured: 174783K->172665K(174784K), 0.3922462 secs] 253439K->172665K(253440K), [Perm : 7318K->7318K(21248K)], 0.3925958 secs] [Times: user=0.41 sys=0.00, real=0.39 secs] 
268.683: [GC268.683: [ParNew: 69952K->69952K(78656K), 0.0000334 secs]268.683: [Tenured: 172665K->174783K(174784K), 0.3880737 secs] 242617K->174988K(253440K), [Perm : 7321K->7321K(21248K)], 0.3885060 secs] [Times: user=0.39 sys=0.00, real=0.39 secs] 
269.201: [Full GC269.201: [Tenured: 174783K->159735K(174784K), 0.3864787 secs] 253439K->159735K(253440K), [Perm : 7321K->7321K(21248K)], 0.3868389 secs] [Times: user=0.38 sys=0.00, real=0.39 secs] 
269.649: [GC269.649: [ParNew: 69952K->69952K(78656K), 0.0000199 secs]269.649: [Tenured: 159735K->174783K(174784K), 0.3803446 secs] 229687K->175161K(253440K), [Perm : 7321K->7321K(21248K)], 0.3808934 secs] [Times: user=0.39 sys=0.00, real=0.38 secs] 
270.165: [Full GC270.165: [Tenured: 174784K->174783K(174784K), 0.4133598 secs] 253439K->178909K(253440K), [Perm : 7321K->7321K(21248K)], 0.4136828 secs] [Times: user=0.42 sys=0.00, real=0.41 secs] 
270.686: [Full GC270.686: [Tenured: 174783K->174783K(174784K), 0.4053765 secs] 253439K->179497K(253440K), [Perm : 7323K->7323K(21248K)], 0.4056683 secs] [Times: user=0.41 sys=0.00, real=0.41 secs] 
271.215: [Full GC271.215: [Tenured: 174783K->162470K(174784K), 0.3927263 secs] 253439K->162470K(253440K), [Perm : 7323K->7323K(21248K)], 0.3930599 secs] [Times: user=0.39 sys=0.00, real=0.39 secs] 
271.671: [GC271.671: [ParNew: 69952K->69952K(78656K), 0.0000164 secs]271.671: [Tenured: 162470K->172482K(174784K), 0.3755787 secs] 232422K->172482K(253440K), [Perm : 7323K->7323K(21248K)], 0.3759918 secs] [Times: user=0.38 sys=0.00, real=0.38 secs] 
272.123: [GC272.123: [ParNew: 69952K->69952K(78656K), 0.0000167 secs]272.123: [Tenured: 172482K->174783K(174784K), 0.3968736 secs] 242434K->176163K(253440K), [Perm : 7323K->7323K(21248K)], 0.3972302 secs] [Times: user=0.39 sys=0.00, real=0.40 secs] 
272.650: [Full GC272.650: [Tenured: 174783K->172909K(174784K), 0.3892125 secs] 253439K->172909K(253440K), [Perm : 7323K->7323K(21248K)], 0.3895442 secs] [Times: user=0.39 sys=0.00, real=0.39 secs] 
273.114: [GC273.115: [ParNew: 69952K->69952K(78656K), 0.0000192 secs]273.115: [Tenured: 172909K->165967K(174784K), 0.3916692 secs] 242861K->165967K(253440K), [Perm : 7323K->7323K(21248K)], 0.3920807 secs] [Times: user=0.41 sys=0.00, real=0.39 secs] 
273.586: [GC273.586: [ParNew: 69952K->69952K(78656K), 0.0000180 secs]273.586: [Tenured: 165967K->174783K(174784K), 0.3797202 secs] 235919K->178498K(253440K), [Perm : 7323K->7323K(21248K)], 0.3801743 secs] [Times: user=0.38 sys=0.00, real=0.38 secs] 
274.090: [Full GC274.090: [Tenured: 174783K->174345K(174784K), 0.3938553 secs] 253439K->174345K(253440K), [Perm : 7323K->7323K(21248K)], 0.3942318 secs] [Times: user=0.39 sys=0.00, real=0.39 secs] 
274.543: [GC274.544: [ParNew: 69952K->69952K(78656K), 0.0000167 secs]274.544: [Tenured: 174345K->174711K(174784K), 0.3859431 secs] 244297K->174711K(253440K), [Perm : 7323K->7323K(21248K)], 0.3863373 secs] [Times: user=0.39 sys=0.00, real=0.39 secs] 
275.003: [GC275.004: [ParNew: 69952K->69952K(78656K), 0.0000183 secs]275.004: [Tenured: 174711K->169729K(174784K), 0.3989265 secs] 244663K->169729K(253440K), [Perm : 7323K->7323K(21248K)], 0.3994108 secs] [Times: user=0.39 sys=0.00, real=0.40 secs] 
275.484: [GC275.485: [ParNew: 69952K->69952K(78656K), 0.0000301 secs]275.485: [Tenured: 169729K->174783K(174784K), 0.3972004 secs] 239681K->178542K(253440K), [Perm : 7323K->7323K(21248K)], 0.3977648 secs] [Times: user=0.41 sys=0.00, real=0.40 secs] 
276.004: [Full GC276.004: [Tenured: 174783K->172070K(174784K), 0.3864213 secs] 253439K->172070K(253440K), [Perm : 7323K->7323K(21248K)], 0.3867347 secs] [Times: user=0.39 sys=0.00, real=0.39 secs] 
276.449: [GC276.450: [ParNew: 69952K->69952K(78656K), 0.0000414 secs]276.450: [Tenured: 172070K->171195K(174784K), 0.3786063 secs] 242022K->171195K(253440K), [Perm : 7323K->7323K(21248K)], 0.3790172 secs] [Times: user=0.30 sys=0.06, real=0.38 secs] 
276.904: [GC276.904: [ParNew: 69952K->69952K(78656K), 0.0000170 secs]276.904: [Tenured: 171195K->163217K(174784K), 0.3895047 secs] 241147K->163217K(253440K), [Perm : 7323K->7323K(21248K)], 0.3898684 secs] [Times: user=0.39 sys=0.00, real=0.39 secs] 
277.378: [GC277.379: [ParNew: 69952K->69952K(78656K), 0.0000167 secs]277.379: [Tenured: 163217K->172965K(174784K), 0.3690608 secs] 233169K->172965K(253440K), [Perm : 7323K->7323K(21248K)], 0.3694321 secs] [Times: user=0.36 sys=0.00, real=0.37 secs] 
277.823: [GC277.823: [ParNew: 69952K->69952K(78656K), 0.0000183 secs]277.823: [Tenured: 172965K->170601K(174784K), 0.3777247 secs] 242917K->170601K(253440K), [Perm : 7323K->7323K(21248K)], 0.3781304 secs] [Times: user=0.39 sys=0.00, real=0.38 secs] 
278.273: [GC278.273: [ParNew: 69952K->69952K(78656K), 0.0000164 secs]278.273: [Tenured: 170601K->170000K(174784K), 0.3781313 secs] 240553K->170000K(253440K), [Perm : 7323K->7323K(21248K)], 0.3785957 secs] [Times: user=0.38 sys=0.00, real=0.38 secs] 
278.726: [GC278.726: [ParNew: 69952K->69952K(78656K), 0.0000164 secs]278.726: [Tenured: 170000K->161097K(174784K), 0.3718260 secs] 239952K->161097K(253440K), [Perm : 7323K->7323K(21248K)], 0.3721833 secs] [Times: user=0.37 sys=0.00, real=0.37 secs] 
279.174: [GC279.174: [ParNew: 69952K->69952K(78656K), 0.0000186 secs]279.174: [Tenured: 161097K->174783K(174784K), 0.3918646 secs] 231049K->178452K(253440K), [Perm : 7323K->7323K(21248K)], 0.3923642 secs] [Times: user=0.39 sys=0.00, real=0.39 secs] 
279.699: [Full GC279.699: [Tenured: 174783K->174557K(174784K), 0.4017424 secs] 253439K->174557K(253440K), [Perm : 7323K->7323K(21248K)], 0.4020650 secs] [Times: user=0.39 sys=0.00, real=0.40 secs] 
280.175: [GC280.175: [ParNew: 69952K->69952K(78656K), 0.0000164 secs]280.175: [Tenured: 174557K->172236K(174784K), 0.3837388 secs] 244509K->172236K(253440K), [Perm : 7323K->7323K(21248K)], 0.3841047 secs] [Times: user=0.39 sys=0.00, real=0.38 secs] 
280.637: [GC280.637: [ParNew: 69952K->69952K(78656K), 0.0000180 secs]280.637: [Tenured: 172236K->166036K(174784K), 0.3805133 secs] 242188K->166036K(253440K), [Perm : 7326K->7326K(21248K)], 0.3809271 secs] [Times: user=0.38 sys=0.00, real=0.38 secs] 
281.091: [GC281.092: [ParNew: 69952K->69952K(78656K), 0.0000183 secs] 235988K->235988K(253440K), 0.0003210 secs] [Times: user=0.00 sys=0.00, real=0.00 secs] 
281.092: [Full GC281.092: [Tenured: 166036K->163107K(174784K), 0.3827176 secs] 235988K->163107K(253440K), [Perm : 7326K->7268K(21248K)], 0.3829428 secs] [Times: user=0.38 sys=0.00, real=0.38 secs] 
281.553: [GC281.554: [ParNew: 69952K->69952K(78656K), 0.0000167 secs]281.554: [Tenured: 163107K->167421K(174784K), 0.3681579 secs] 233059K->167421K(253440K), [Perm : 7317K->7317K(21248K)], 0.3686143 secs] [Times: user=0.38 sys=0.00, real=0.37 secs] 
281.995: [GC281.996: [ParNew: 69952K->69952K(78656K), 0.0000282 secs]281.996: [Tenured: 167421K->174783K(174784K), 0.3883536 secs] 237373K->175788K(253440K), [Perm : 7317K->7317K(21248K)], 0.3888229 secs] [Times: user=0.39 sys=0.00, real=0.39 secs] 
282.516: [Full GC282.516: [Tenured: 174783K->165866K(174784K), 0.3885223 secs] 253439K->165866K(253440K), [Perm : 7318K->7318K(21248K)], 0.3888767 secs] [Times: user=0.39 sys=0.00, real=0.39 secs] 
282.971: [GC282.972: [ParNew: 69952K->69952K(78656K), 0.0000196 secs]282.972: [Tenured: 165866K->173199K(174784K), 0.3818110 secs] 235818K->173199K(253440K), [Perm : 7318K->7318K(21248K)], 0.3822385 secs] [Times: user=0.39 sys=0.00, real=0.38 secs] 
283.433: [GC283.434: [ParNew: 69952K->69952K(78656K), 0.0000183 secs]283.434: [Tenured: 173199K->174784K(174784K), 0.3964618 secs] 243151K->175908K(253440K), [Perm : 7318K->7318K(21248K)], 0.3968944 secs] [Times: user=0.39 sys=0.00, real=0.40 secs] 
283.957: [Full GC283.957: [Tenured: 174784K->172684K(174784K), 0.3897613 secs] 253439K->172684K(253440K), [Perm : 7318K->7318K(21248K)], 0.3901747 secs] [Times: user=0.39 sys=0.00, real=0.39 secs] 
284.404: [GC284.404: [ParNew: 69952K->69952K(78656K), 0.0000173 secs]284.404: [Tenured: 172684K->164775K(174784K), 0.3855605 secs] 242636K->164775K(253440K), [Perm : 7321K->7321K(21248K)], 0.3859906 secs] [Times: user=0.39 sys=0.00, real=0.39 secs] 
284.864: [GC284.864: [ParNew: 69952K->69952K(78656K), 0.0000189 secs]284.864: [Tenured: 164775K->173552K(174784K), 0.3868267 secs] 234727K->173552K(253440K), [Perm : 7321K->7321K(21248K)], 0.3873655 secs] [Times: user=0.37 sys=0.00, real=0.39 secs] 
285.343: [GC285.343: [ParNew: 69952K->69952K(78656K), 0.0000186 secs]285.343: [Tenured: 173552K->174783K(174784K), 0.3940166 secs] 243504K->177345K(253440K), [Perm : 7321K->7321K(21248K)], 0.3945233 secs] [Times: user=0.41 sys=0.00, real=0.39 secs] 
285.849: [Full GC285.849: [Tenured: 174783K->173208K(174784K), 0.3880207 secs] 253439K->173208K(253440K), [Perm : 7321K->7321K(21248K)], 0.3883514 secs] [Times: user=0.39 sys=0.00, real=0.39 secs] 
286.312: [GC286.312: [ParNew: 69952K->69952K(78656K), 0.0000170 secs]286.312: [Tenured: 173208K->166076K(174784K), 0.3886558 secs] 243160K->166076K(253440K), [Perm : 7321K->7321K(21248K)], 0.3889717 secs] [Times: user=0.39 sys=0.00, real=0.39 secs] 
286.761: [GC286.761: [ParNew: 69952K->69952K(78656K), 0.0000170 secs]286.761: [Tenured: 166076K->174113K(174784K), 0.3788793 secs] 236028K->174113K(253440K), [Perm : 7323K->7323K(21248K)], 0.3792375 secs] [Times: user=0.39 sys=0.00, real=0.38 secs] 
287.213: [GC287.213: [ParNew: 69952K->69952K(78656K), 0.0000237 secs]287.214: [Tenured: 174113K->174783K(174784K), 0.3892741 secs] 244065K->174858K(253440K), [Perm : 7323K->7323K(21248K)], 0.3897276 secs] [Times: user=0.39 sys=0.00, real=0.39 secs] 
287.733: [Full GC287.733: [Tenured: 174783K->164048K(174784K), 0.3688888 secs] 253439K->164048K(253440K), [Perm : 7323K->7323K(21248K)], 0.3692333 secs] [Times: user=0.36 sys=0.00, real=0.37 secs] 
288.176: [GC288.177: [ParNew: 69952K->69952K(78656K), 0.0000180 secs]288.177: [Tenured: 164048K->166769K(174784K), 0.3881298 secs] 234000K->166769K(253440K), [Perm : 7323K->7323K(21248K)], 0.3885448 secs] [Times: user=0.39 sys=0.00, real=0.39 secs] 
288.646: [GC288.646: [ParNew: 69952K->69952K(78656K), 0.0000186 secs]288.646: [Tenured: 166769K->174784K(174784K), 0.3834255 secs] 236721K->176286K(253440K), [Perm : 7323K->7323K(21248K)], 0.3838334 secs] [Times: user=0.39 sys=0.00, real=0.38 secs] 
289.153: [Full GC289.154: [Tenured: 174784K->174783K(174784K), 0.4015176 secs] 253440K->181010K(253440K), [Perm : 7323K->7323K(21248K)], 0.4018479 secs] [Times: user=0.39 sys=0.00, real=0.40 secs] 
289.669: [Full GC289.669: [Tenured: 174783K->174784K(174784K), 0.3997847 secs] 253439K->179953K(253440K), [Perm : 7323K->7323K(21248K)], 0.4000920 secs] [Times: user=0.39 sys=0.00, real=0.40 secs] 
290.191: [Full GC290.192: [Tenured: 174784K->165678K(174784K), 0.3974643 secs] 253439K->165678K(253440K), [Perm : 7323K->7323K(21248K)], 0.3978184 secs] [Times: user=0.41 sys=0.00, real=0.40 secs] 
290.646: [GC290.647: [ParNew: 69952K->69952K(78656K), 0.0000670 secs]290.647: [Tenured: 165678K->173493K(174784K), 0.3743664 secs] 235630K->173493K(253440K), [Perm : 7323K->7323K(21248K)], 0.3749027 secs] [Times: user=0.37 sys=0.00, real=0.38 secs] 
291.094: [GC291.094: [ParNew: 69952K->69952K(78656K), 0.0000196 secs] 243445K->243445K(253440K), 0.0003894 secs] [Times: user=0.00 sys=0.00, real=0.00 secs] 
291.095: [Full GC291.095: [Tenured: 173493K->163332K(174784K), 0.3886381 secs] 243445K->163332K(253440K), [Perm : 7323K->7268K(21248K)], 0.3888928 secs] [Times: user=0.39 sys=0.00, real=0.39 secs] 
291.562: [GC291.562: [ParNew: 69952K->69952K(78656K), 0.0000170 secs]291.562: [Tenured: 163332K->174714K(174784K), 0.3818273 secs] 233284K->175665K(253440K), [Perm : 7317K->7317K(21248K)], 0.3822147 secs] [Times: user=0.39 sys=0.00, real=0.38 secs] 
292.067: [Full GC292.067: [Tenured: 174784K->162696K(174784K), 0.3865855 secs] 253439K->162696K(253440K), [Perm : 7317K->7317K(21248K)], 0.3868905 secs] [Times: user=0.36 sys=0.00, real=0.39 secs] 
292.520: [GC292.521: [ParNew: 69952K->69952K(78656K), 0.0000176 secs]292.521: [Tenured: 162696K->174783K(174784K), 0.3773700 secs] 232648K->174870K(253440K), [Perm : 7318K->7318K(21248K)], 0.3777606 secs] [Times: user=0.38 sys=0.00, real=0.38 secs] 
293.022: [Full GC293.022: [Tenured: 174783K->171948K(174784K), 0.3873495 secs] 253439K->171948K(253440K), [Perm : 7318K->7318K(21248K)], 0.3876721 secs] [Times: user=0.39 sys=0.00, real=0.39 secs] 
293.473: [GC293.473: [ParNew: 69952K->69952K(78656K), 0.0000170 secs]293.473: [Tenured: 171948K->174784K(174784K), 0.3880955 secs] 241900K->175490K(253440K), [Perm : 7318K->7318K(21248K)], 0.3884560 secs] [Times: user=0.37 sys=0.00, real=0.39 secs] 
293.987: [Full GC293.987: [Tenured: 174784K->163434K(174784K), 0.3917770 secs] 253440K->163434K(253440K), [Perm : 7318K->7318K(21248K)], 0.3921545 secs] [Times: user=0.37 sys=0.02, real=0.39 secs] 
294.439: [GC294.439: [ParNew: 69952K->69952K(78656K), 0.0000176 secs]294.439: [Tenured: 163434K->171674K(174784K), 0.3701105 secs] 233386K->171674K(253440K), [Perm : 7324K->7324K(21248K)], 0.3705104 secs] [Times: user=0.36 sys=0.00, real=0.37 secs] 
294.884: [GC294.885: [ParNew: 69952K->69952K(78656K), 0.0000205 secs]294.885: [Tenured: 171674K->174784K(174784K), 0.3901247 secs] 241626K->175039K(253440K), [Perm : 7324K->7324K(21248K)], 0.3905794 secs] [Times: user=0.39 sys=0.00, real=0.39 secs] 
295.406: [Full GC295.406: [Tenured: 174784K->174783K(174784K), 0.3944691 secs] 253439K->175580K(253440K), [Perm : 7324K->7324K(21248K)], 0.3947530 secs] [Times: user=0.41 sys=0.00, real=0.39 secs] 
295.919: [Full GC295.919: [Tenured: 174783K->163153K(174784K), 0.3881336 secs] 253439K->163153K(253440K), [Perm : 7324K->7321K(21248K)], 0.3884325 secs] [Times: user=0.39 sys=0.00, real=0.39 secs] 
296.370: [GC296.371: [ParNew: 69952K->69952K(78656K), 0.0000164 secs]296.371: [Tenured: 163153K->171774K(174784K), 0.3754123 secs] 233105K->171774K(253440K), [Perm : 7323K->7323K(21248K)], 0.3757981 secs] [Times: user=0.37 sys=0.00, real=0.38 secs] 
296.820: [GC296.821: [ParNew: 69952K->69952K(78656K), 0.0000160 secs]296.821: [Tenured: 171774K->174784K(174784K), 0.3949640 secs] 241726K->175847K(253440K), [Perm : 7323K->7323K(21248K)], 0.3953546 secs] [Times: user=0.39 sys=0.00, real=0.40 secs] 
297.340: [Full GC297.341: [Tenured: 174784K->171193K(174784K), 0.3873482 secs] 253440K->171193K(253440K), [Perm : 7323K->7323K(21248K)], 0.3876490 secs] [Times: user=0.39 sys=0.00, real=0.39 secs] 
297.802: [GC297.802: [ParNew: 69952K->69952K(78656K), 0.0000346 secs]297.802: [Tenured: 171193K->163325K(174784K), 0.3846792 secs] 241145K->163325K(253440K), [Perm : 7323K->7323K(21248K)], 0.3850791 secs] [Times: user=0.39 sys=0.00, real=0.38 secs] 
298.259: [GC298.259: [ParNew: 69952K->69952K(78656K), 0.0000173 secs]298.259: [Tenured: 163325K->173176K(174784K), 0.3828106 secs] 233277K->173176K(253440K), [Perm : 7323K->7323K(21248K)], 0.3831929 secs] [Times: user=0.37 sys=0.00, real=0.38 secs] 
298.723: [GC298.723: [ParNew: 69952K->69952K(78656K), 0.0000167 secs]298.723: [Tenured: 173176K->172985K(174784K), 0.3852747 secs] 243128K->172985K(253440K), [Perm : 7323K->7323K(21248K)], 0.3856275 secs] [Times: user=0.39 sys=0.00, real=0.39 secs] 
299.182: [GC299.183: [ParNew: 69952K->69952K(78656K), 0.0000173 secs]299.183: [Tenured: 172985K->172006K(174784K), 0.3833206 secs] 242937K->172006K(253440K), [Perm : 7323K->7323K(21248K)], 0.3836859 secs] [Times: user=0.37 sys=0.00, real=0.38 secs] 
299.657: [GC299.657: [ParNew: 69952K->69952K(78656K), 0.0000164 secs] 241958K->241958K(253440K), 0.0003137 secs] [Times: user=0.00 sys=0.00, real=0.00 secs] 
299.657: [Full GC299.657: [Tenured: 172006K->161624K(174784K), 0.3760685 secs] 241958K->161624K(253440K), [Perm : 7323K->7268K(21248K)], 0.3762494 secs] [Times: user=0.37 sys=0.00, real=0.38 secs] 
300.118: [GC300.118: [ParNew: 69952K->69952K(78656K), 0.0000167 secs]300.118: [Tenured: 161624K->174783K(174784K), 0.3887943 secs] 231576K->177685K(253440K), [Perm : 7274K->7274K(21248K)], 0.3891532 secs] [Times: user=0.38 sys=0.01, real=0.39 secs] 
300.633: [Full GC300.633: [Tenured: 174783K->174783K(174784K), 0.3889874 secs] 253439K->175293K(253440K), [Perm : 7317K->7317K(21248K)], 0.3892786 secs] [Times: user=0.39 sys=0.00, real=0.39 secs] 
301.146: [Full GC301.146: [Tenured: 174783K->174784K(174784K), 0.3968373 secs] 253439K->175185K(253440K), [Perm : 7317K->7317K(21248K)], 0.3971808 secs] [Times: user=0.39 sys=0.00, real=0.40 secs] 
301.656: [Full GC301.656: [Tenured: 174784K->166967K(174784K), 0.3946407 secs] 253440K->166967K(253440K), [Perm : 7318K->7318K(21248K)], 0.3949823 secs] [Times: user=0.39 sys=0.00, real=0.39 secs] 
302.121: [GC302.121: [ParNew: 69952K->69952K(78656K), 0.0000180 secs]302.121: [Tenured: 166967K->172454K(174784K), 0.3916452 secs] 236919K->172454K(253440K), [Perm : 7318K->7318K(21248K)], 0.3920772 secs] [Times: user=0.39 sys=0.00, real=0.39 secs] 
302.598: [GC302.598: [ParNew: 69952K->69952K(78656K), 0.0000176 secs]302.599: [Tenured: 172454K->173189K(174784K), 0.3831051 secs] 242406K->173189K(253440K), [Perm : 7321K->7321K(21248K)], 0.3835040 secs] [Times: user=0.37 sys=0.00, real=0.38 secs] 
303.058: [GC303.058: [ParNew: 69952K->69952K(78656K), 0.0000180 secs]303.058: [Tenured: 173189K->173699K(174784K), 0.3894018 secs] 243141K->173699K(253440K), [Perm : 7321K->7321K(21248K)], 0.3898383 secs] [Times: user=0.39 sys=0.00, real=0.39 secs] 
303.529: [GC303.529: [ParNew: 69952K->69952K(78656K), 0.0000173 secs]303.529: [Tenured: 173699K->165997K(174784K), 0.3860980 secs] 243651K->165997K(253440K), [Perm : 7321K->7321K(21248K)], 0.3865140 secs] [Times: user=0.39 sys=0.00, real=0.39 secs] 
303.988: [GC303.988: [ParNew: 69952K->69952K(78656K), 0.0000334 secs]303.988: [Tenured: 165997K->174783K(174784K), 0.3936433 secs] 235949K->176150K(253440K), [Perm : 7321K->7321K(21248K)], 0.3942504 secs] [Times: user=0.39 sys=0.00, real=0.39 secs] 
304.511: [Full GC304.512: [Tenured: 174783K->174783K(174784K), 0.4009749 secs] 253439K->182171K(253440K), [Perm : 7321K->7321K(21248K)], 0.4013460 secs] [Times: user=0.41 sys=0.00, real=0.40 secs] 
305.022: [Full GC305.023: [Tenured: 174783K->174783K(174784K), 0.4013357 secs] 253439K->180274K(253440K), [Perm : 7321K->7321K(21248K)], 0.4017998 secs] [Times: user=0.41 sys=0.00, real=0.40 secs] 
305.555: [Full GC305.555: [Tenured: 174783K->167956K(174784K), 0.3934576 secs] 253439K->167956K(253440K), [Perm : 7323K->7323K(21248K)], 0.3937725 secs] [Times: user=0.39 sys=0.00, real=0.39 secs] 
306.020: [GC306.021: [ParNew: 69952K->69952K(78656K), 0.0000173 secs] 237908K->237908K(253440K), 0.0002636 secs] [Times: user=0.00 sys=0.00, real=0.00 secs] 
306.021: [Full GC306.021: [Tenured: 167956K->162018K(174784K), 0.3831471 secs] 237908K->162018K(253440K), [Perm : 7323K->7268K(21248K)], 0.3833446 secs] [Times: user=0.37 sys=0.00, real=0.38 secs] 
306.480: [GC306.480: [ParNew: 69952K->69952K(78656K), 0.0000196 secs]306.480: [Tenured: 162018K->173491K(174784K), 0.3774716 secs] 231970K->173491K(253440K), [Perm : 7318K->7318K(21248K)], 0.3778950 secs] [Times: user=0.39 sys=0.00, real=0.38 secs] 
306.934: [GC306.934: [ParNew: 69952K->69952K(78656K), 0.0000183 secs]306.934: [Tenured: 173491K->172708K(174784K), 0.3824890 secs] 243443K->172708K(253440K), [Perm : 7318K->7318K(21248K)], 0.3829312 secs] [Times: user=0.39 sys=0.00, real=0.38 secs] 
307.397: [GC307.398: [ParNew: 69952K->69952K(78656K), 0.0000170 secs]307.398: [Tenured: 172708K->166674K(174784K), 0.3860618 secs] 242660K->166674K(253440K), [Perm : 7319K->7319K(21248K)], 0.3864646 secs] [Times: user=0.30 sys=0.00, real=0.39 secs] 
307.859: [GC307.859: [ParNew: 69952K->69952K(78656K), 0.0000176 secs]307.859: [Tenured: 166674K->174783K(174784K), 0.4057196 secs] 236626K->175212K(253440K), [Perm : 7319K->7319K(21248K)], 0.4061112 secs] [Times: user=0.41 sys=0.00, real=0.41 secs] 
308.403: [Full GC308.403: [Tenured: 174783K->170975K(174784K), 0.3829476 secs] 253439K->170975K(253440K), [Perm : 7319K->7319K(21248K)], 0.3832603 secs] [Times: user=0.37 sys=0.00, real=0.38 secs] 
308.853: [GC308.853: [ParNew: 69952K->69952K(78656K), 0.0000173 secs]308.853: [Tenured: 170975K->169440K(174784K), 0.3777154 secs] 240927K->169440K(253440K), [Perm : 7319K->7319K(21248K)], 0.3780845 secs] [Times: user=0.39 sys=0.00, real=0.38 secs] 
309.300: [GC309.300: [ParNew: 69952K->69952K(78656K), 0.0000186 secs]309.300: [Tenured: 169440K->165653K(174784K), 0.3820903 secs] 239392K->165653K(253440K), [Perm : 7322K->7322K(21248K)], 0.3825499 secs] [Times: user=0.39 sys=0.00, real=0.38 secs] 
309.771: [GC309.772: [ParNew: 69952K->69952K(78656K), 0.0000167 secs] 235605K->235605K(253440K), 0.0002999 secs] [Times: user=0.00 sys=0.00, real=0.00 secs] 
309.772: [Full GC309.772: [Tenured: 165653K->169648K(174784K), 0.3943187 secs] 235605K->169648K(253440K), [Perm : 7322K->7268K(21248K)], 0.3945179 secs] [Times: user=0.41 sys=0.00, real=0.39 secs] 
310.239: [GC310.240: [ParNew: 69952K->69952K(78656K), 0.0000173 secs]310.240: [Tenured: 169648K->173843K(174784K), 0.3833758 secs] 239600K->173843K(253440K), [Perm : 7280K->7280K(21248K)], 0.3837885 secs] [Times: user=0.37 sys=0.00, real=0.38 secs] 
310.711: [GC310.711: [ParNew: 69952K->69952K(78656K), 0.0000212 secs]310.711: [Tenured: 173843K->174783K(174784K), 0.3946224 secs] 243795K->180614K(253440K), [Perm : 7318K->7318K(21248K)], 0.3950920 secs] [Times: user=0.39 sys=0.00, real=0.39 secs] 
311.225: [Full GC311.226: [Tenured: 174783K->167684K(174784K), 0.3937979 secs] 253439K->167684K(253440K), [Perm : 7318K->7318K(21248K)], 0.3941369 secs] [Times: user=0.39 sys=0.02, real=0.39 secs] 
311.684: [GC311.684: [ParNew: 69952K->69952K(78656K), 0.0000221 secs]311.684: [Tenured: 167684K->173989K(174784K), 0.3744447 secs] 237636K->173989K(253440K), [Perm : 7319K->7319K(21248K)], 0.3748392 secs] [Times: user=0.36 sys=0.00, real=0.38 secs] 
312.133: [GC312.134: [ParNew: 69952K->69952K(78656K), 0.0000237 secs]312.134: [Tenured: 173989K->174133K(174784K), 0.3862776 secs] 243941K->174133K(253440K), [Perm : 7319K->7319K(21248K)], 0.3867510 secs] [Times: user=0.39 sys=0.00, real=0.39 secs] 
312.596: [GC312.596: [ParNew: 69952K->69952K(78656K), 0.0000173 secs]312.596: [Tenured: 174133K->174573K(174784K), 0.3876760 secs] 244085K->174573K(253440K), [Perm : 7322K->7322K(21248K)], 0.3880666 secs] [Times: user=0.39 sys=0.00, real=0.39 secs] 
313.054: [GC313.054: [ParNew: 69952K->69952K(78656K), 0.0000167 secs]313.054: [Tenured: 174573K->164053K(174784K), 0.3847125 secs] 244525K->164053K(253440K), [Perm : 7322K->7322K(21248K)], 0.3850663 secs] [Times: user=0.38 sys=0.00, real=0.38 secs] 
313.523: [GC313.523: [ParNew: 69951K->69951K(78656K), 0.0000186 secs] 234005K->234005K(253440K), 0.0003303 secs] [Times: user=0.00 sys=0.00, real=0.00 secs] 
313.523: [Full GC313.523: [Tenured: 164053K->159090K(174784K), 0.3713234 secs] 234005K->159090K(253440K), [Perm : 7322K->7268K(21248K)], 0.3715066 secs] [Times: user=0.37 sys=0.00, real=0.37 secs] 
313.970: [GC313.971: [ParNew: 69952K->69952K(78656K), 0.0000205 secs]313.971: [Tenured: 159090K->168923K(174784K), 0.3744476 secs] 229042K->168923K(253440K), [Perm : 7268K->7268K(21248K)], 0.3748918 secs] [Times: user=0.37 sys=0.00, real=0.38 secs] 
314.433: [GC314.433: [ParNew: 69952K->69952K(78656K), 0.0000173 secs]314.433: [Tenured: 168923K->174078K(174784K), 0.3841304 secs] 238875K->174078K(253440K), [Perm : 7318K->7318K(21248K)], 0.3845178 secs] [Times: user=0.39 sys=0.00, real=0.38 secs] 
314.891: [GC314.891: [ParNew: 69952K->69952K(78656K), 0.0000202 secs]314.892: [Tenured: 174078K->169832K(174784K), 0.3941587 secs] 244030K->169832K(253440K), [Perm : 7318K->7318K(21248K)], 0.3945785 secs] [Times: user=0.39 sys=0.00, real=0.39 secs] 
315.373: [GC315.373: [ParNew: 69952K->69952K(78656K), 0.0000167 secs]315.373: [Tenured: 169832K->174783K(174784K), 0.3985051 secs] 239784K->180805K(253440K), [Perm : 7319K->7319K(21248K)], 0.3990051 secs] [Times: user=0.41 sys=0.00, real=0.40 secs] 
315.891: [Full GC315.892: [Tenured: 174783K->174783K(174784K), 0.3909063 secs] 253439K->178193K(253440K), [Perm : 7319K->7319K(21248K)], 0.3912241 secs] [Times: user=0.39 sys=0.00, real=0.39 secs] 
316.422: [Full GC316.423: [Tenured: 174783K->174784K(174784K), 0.4083088 secs] 253439K->177364K(253440K), [Perm : 7319K->7319K(21248K)], 0.4087286 secs] [Times: user=0.41 sys=0.00, real=0.41 secs] 
316.948: [Full GC316.948: [Tenured: 174784K->163505K(174784K), 0.4009890 secs] 253439K->163505K(253440K), [Perm : 7319K->7319K(21248K)], 0.4013361 secs] [Times: user=0.41 sys=0.00, real=0.40 secs] 
317.409: [GC317.409: [ParNew: 69952K->69952K(78656K), 0.0000170 secs]317.409: [Tenured: 163505K->168773K(174784K), 0.3763151 secs] 233457K->168773K(253440K), [Perm : 7322K->7322K(21248K)], 0.3766862 secs] [Times: user=0.36 sys=0.01, real=0.38 secs] 
317.862: [GC317.862: [ParNew: 69952K->69952K(78656K), 0.0000170 secs]317.862: [Tenured: 168773K->172777K(174784K), 0.3837949 secs] 238725K->172777K(253440K), [Perm : 7322K->7322K(21248K)], 0.3841474 secs] [Times: user=0.39 sys=0.00, real=0.38 secs] 
318.317: [GC318.318: [ParNew: 69952K->69952K(78656K), 0.0000164 secs]318.318: [Tenured: 172777K->174783K(174784K), 0.3919175 secs] 242729K->177408K(253440K), [Perm : 7322K->7322K(21248K)], 0.3922754 secs] [Times: user=0.39 sys=0.00, real=0.39 secs] 
318.845: [Full GC318.845: [Tenured: 174783K->168626K(174784K), 0.3973595 secs] 253439K->168626K(253440K), [Perm : 7322K->7322K(21248K)], 0.3976526 secs] [Times: user=0.39 sys=0.00, real=0.40 secs] 
319.310: [GC319.311: [ParNew: 69952K->69952K(78656K), 0.0000173 secs]319.311: [Tenured: 168626K->173905K(174784K), 0.3852715 secs] 238578K->173905K(253440K), [Perm : 7322K->7322K(21248K)], 0.3857176 secs] [Times: user=0.38 sys=0.00, real=0.39 secs] 
319.777: [GC319.777: [ParNew: 69952K->69952K(78656K), 0.0000170 secs]319.777: [Tenured: 173905K->174326K(174784K), 0.3921599 secs] 243857K->174326K(253440K), [Perm : 7324K->7324K(21248K)], 0.3925435 secs] [Times: user=0.39 sys=0.00, real=0.39 secs] 
320.239: [GC320.239: [ParNew: 69952K->69952K(78656K), 0.0000186 secs]320.239: [Tenured: 174326K->174783K(174784K), 0.3867363 secs] 244278K->176250K(253440K), [Perm : 7324K->7324K(21248K)], 0.3871221 secs] [Times: user=0.39 sys=0.00, real=0.39 secs] 
320.759: [Full GC320.759: [Tenured: 174783K->167024K(174784K), 0.3998591 secs] 253439K->167024K(253440K), [Perm : 7324K->7324K(21248K)], 0.4001728 secs] [Times: user=0.37 sys=0.00, real=0.40 secs] 
321.223: [GC321.224: [ParNew: 69952K->69952K(78656K), 0.0000205 secs]321.224: [Tenured: 167024K->169230K(174784K), 0.3758052 secs] 236976K->169230K(253440K), [Perm : 7324K->7324K(21248K)], 0.3762346 secs] [Times: user=0.39 sys=0.00, real=0.38 secs] 
321.675: [GC321.676: [ParNew: 69952K->69952K(78656K), 0.0000157 secs]321.676: [Tenured: 169230K->168649K(174784K), 0.3701945 secs] 239182K->168649K(253440K), [Perm : 7324K->7324K(21248K)], 0.3705585 secs] [Times: user=0.38 sys=0.00, real=0.37 secs] 
322.110: [GC322.111: [ParNew: 69952K->69952K(78656K), 0.0000622 secs]322.111: [Tenured: 168649K->169811K(174784K), 0.3757510 secs] 238601K->169811K(253440K), [Perm : 7324K->7324K(21248K)], 0.3762449 secs] [Times: user=0.38 sys=0.00, real=0.38 secs] 
322.583: [GC322.583: [ParNew: 69952K->69952K(78656K), 0.0000180 secs]322.583: [Tenured: 169811K->162805K(174784K), 0.3723424 secs] 239763K->162805K(253440K), [Perm : 7324K->7324K(21248K)], 0.3726557 secs] [Times: user=0.36 sys=0.00, real=0.37 secs] 
323.024: [GC323.025: [ParNew: 69952K->69952K(78656K), 0.0000167 secs]323.025: [Tenured: 162805K->174783K(174784K), 0.3857863 secs] 232757K->176635K(253440K), [Perm : 7324K->7324K(21248K)], 0.3861285 secs] [Times: user=0.34 sys=0.00, real=0.39 secs] 
323.548: [Full GC323.548: [Tenured: 174783K->174783K(174784K), 0.3896237 secs] 253439K->176274K(253440K), [Perm : 7324K->7324K(21248K)], 0.3899495 secs] [Times: user=0.39 sys=0.00, real=0.39 secs] 
324.063: [Full GC324.063: [Tenured: 174783K->174037K(174784K), 0.3965846 secs] 253439K->174037K(253440K), [Perm : 7324K->7324K(21248K)], 0.3969755 secs] [Times: user=0.39 sys=0.00, real=0.40 secs] 
324.532: [GC324.532: [ParNew: 69952K->69952K(78656K), 0.0000170 secs]324.532: [Tenured: 174037K->165314K(174784K), 0.4106225 secs] 243989K->165314K(253440K), [Perm : 7324K->7324K(21248K)], 0.4109515 secs] [Times: user=0.41 sys=0.00, real=0.41 secs] 
325.006: [GC325.007: [ParNew: 69952K->69952K(78656K), 0.0000183 secs]325.007: [Tenured: 165314K->173317K(174784K), 0.4190215 secs] 235266K->173317K(253440K), [Perm : 7324K->7324K(21248K)], 0.4194070 secs] [Times: user=0.36 sys=0.00, real=0.42 secs] 
325.506: [GC325.507: [ParNew: 69952K->69952K(78656K), 0.0000167 secs]325.507: [Tenured: 173317K->170427K(174784K), 0.3841869 secs] 243269K->170427K(253440K), [Perm : 7324K->7324K(21248K)], 0.3845711 secs] [Times: user=0.37 sys=0.00, real=0.38 secs] 
325.966: [GC325.966: [ParNew: 69952K->69952K(78656K), 0.0000180 secs]325.966: [Tenured: 170427K->174783K(174784K), 0.3956600 secs] 240379K->176221K(253440K), [Perm : 7324K->7324K(21248K)], 0.3961478 secs] [Times: user=0.41 sys=0.00, real=0.40 secs] 
326.497: [Full GC326.498: [Tenured: 174783K->168068K(174784K), 0.4045930 secs] 253439K->168068K(253440K), [Perm : 7324K->7324K(21248K)], 0.4050497 secs] [Times: user=0.37 sys=0.00, real=0.41 secs] 
326.978: [GC326.978: [ParNew: 69952K->69952K(78656K), 0.0000167 secs]326.978: [Tenured: 168068K->174783K(174784K), 0.3890618 secs] 238020K->174993K(253440K), [Perm : 7324K->7324K(21248K)], 0.3894370 secs] [Times: user=0.39 sys=0.00, real=0.39 secs] 
327.503: [Full GC327.504: [Tenured: 174783K->174784K(174784K), 0.3930047 secs] 253439K->177016K(253440K), [Perm : 7324K->7324K(21248K)], 0.3932886 secs] [Times: user=0.39 sys=0.00, real=0.39 secs] 
328.016: [Full GC328.016: [Tenured: 174784K->174783K(174784K), 0.4065192 secs] 253439K->177509K(253440K), [Perm : 7324K->7324K(21248K)], 0.4068621 secs] [Times: user=0.41 sys=0.00, real=0.41 secs] 
328.540: [Full GC328.541: [Tenured: 174783K->165079K(174784K), 0.3880150 secs] 253439K->165079K(253440K), [Perm : 7325K->7325K(21248K)], 0.3883267 secs] [Times: user=0.39 sys=0.00, real=0.39 secs] 
328.999: [GC328.999: [ParNew: 69952K->69952K(78656K), 0.0000167 secs]328.999: [Tenured: 165079K->170295K(174784K), 0.3788818 secs] 235031K->170295K(253440K), [Perm : 7325K->7325K(21248K)], 0.3792308 secs] [Times: user=0.38 sys=0.00, real=0.38 secs] 
329.453: [GC329.453: [ParNew: 69952K->69952K(78656K), 0.0000295 secs]329.453: [Tenured: 170295K->173109K(174784K), 0.3801721 secs] 240247K->173109K(253440K), [Perm : 7328K->7328K(21248K)], 0.3806205 secs] [Times: user=0.37 sys=0.00, real=0.38 secs] 
329.910: [GC329.910: [ParNew: 69952K->69952K(78656K), 0.0000167 secs]329.910: [Tenured: 173109K->173698K(174784K), 0.3812459 secs] 243061K->173698K(253440K), [Perm : 7328K->7328K(21248K)], 0.3816275 secs] [Times: user=0.39 sys=0.00, real=0.38 secs] 
330.379: [GC330.379: [ParNew: 69952K->69952K(78656K), 0.0000192 secs]330.379: [Tenured: 173698K->162469K(174784K), 0.3752369 secs] 243650K->162469K(253440K), [Perm : 7328K->7328K(21248K)], 0.3756108 secs] [Times: user=0.38 sys=0.00, real=0.38 secs] 
330.820: [GC330.820: [ParNew: 69952K->69952K(78656K), 0.0000167 secs]330.820: [Tenured: 162469K->168770K(174784K), 0.3676005 secs] 232421K->168770K(253440K), [Perm : 7328K->7328K(21248K)], 0.3679642 secs] [Times: user=0.36 sys=0.00, real=0.37 secs] 
331.258: [GC331.258: [ParNew: 69952K->69952K(78656K), 0.0000170 secs]331.258: [Tenured: 168770K->167566K(174784K), 0.3699414 secs] 238722K->167566K(253440K), [Perm : 7328K->7328K(21248K)], 0.3702987 secs] [Times: user=0.36 sys=0.00, real=0.37 secs] 
331.706: [GC331.707: [ParNew: 69952K->69952K(78656K), 0.0000273 secs]331.707: [Tenured: 167566K->173548K(174784K), 0.3783093 secs] 237518K->173548K(253440K), [Perm : 7328K->7328K(21248K)], 0.3787474 secs] [Times: user=0.39 sys=0.00, real=0.38 secs] 
332.160: [GC332.160: [ParNew: 69952K->69952K(78656K), 0.0000176 secs]332.160: [Tenured: 173548K->171589K(174784K), 0.3967895 secs] 243500K->171589K(253440K), [Perm : 7328K->7328K(21248K)], 0.3971863 secs] [Times: user=0.41 sys=0.00, real=0.40 secs] 
332.642: [GC332.642: [ParNew: 69952K->69952K(78656K), 0.0000173 secs]332.642: [Tenured: 171589K->174783K(174784K), 0.3773132 secs] 241541K->177561K(253440K), [Perm : 7328K->7328K(21248K)], 0.3777067 secs] [Times: user=0.39 sys=0.00, real=0.38 secs] 
333.145: [Full GC333.145: [Tenured: 174783K->174784K(174784K), 0.3925240 secs] 253439K->176970K(253440K), [Perm : 7328K->7328K(21248K)], 0.3928062 secs] [Times: user=0.39 sys=0.00, real=0.39 secs] 
333.658: [Full GC333.658: [Tenured: 174784K->172458K(174784K), 0.3904893 secs] 253439K->172458K(253440K), [Perm : 7328K->7328K(21248K)], 0.3907934 secs] [Times: user=0.39 sys=0.00, real=0.39 secs] 
334.124: [GC334.124: [ParNew: 69952K->69952K(78656K), 0.0000167 secs]334.124: [Tenured: 172458K->161687K(174784K), 0.3834793 secs] 242410K->161687K(253440K), [Perm : 7328K->7328K(21248K)], 0.3838302 secs] [Times: user=0.39 sys=0.00, real=0.38 secs] 
334.596: [GC334.597: [ParNew: 69952K->69952K(78656K), 0.0000170 secs]334.597: [Tenured: 161687K->174783K(174784K), 0.3818956 secs] 231639K->175849K(253440K), [Perm : 7328K->7328K(21248K)], 0.3822523 secs] [Times: user=0.37 sys=0.00, real=0.38 secs] 
335.106: [Full GC335.106: [Tenured: 174783K->172367K(174784K), 0.3875044 secs] 253439K->172367K(253440K), [Perm : 7328K->7328K(21248K)], 0.3877885 secs] [Times: user=0.39 sys=0.00, real=0.39 secs] 
335.563: [GC335.563: [ParNew: 69952K->69952K(78656K), 0.0000180 secs]335.563: [Tenured: 172367K->174442K(174784K), 0.3872016 secs] 242319K->174442K(253440K), [Perm : 7328K->7328K(21248K)], 0.3875551 secs] [Times: user=0.39 sys=0.00, real=0.39 secs] 
336.027: [GC336.027: [ParNew: 69952K->69952K(78656K), 0.0000164 secs]336.027: [Tenured: 174442K->164657K(174784K), 0.3902898 secs] 244394K->164657K(253440K), [Perm : 7328K->7328K(21248K)], 0.3906461 secs] [Times: user=0.37 sys=0.00, real=0.39 secs] 
336.497: [GC336.497: [ParNew: 69952K->69952K(78656K), 0.0000170 secs]336.497: [Tenured: 164657K->173838K(174784K), 0.3739036 secs] 234609K->173838K(253440K), [Perm : 7328K->7328K(21248K)], 0.3743151 secs] [Times: user=0.36 sys=0.00, real=0.37 secs] 
336.945: [GC336.945: [ParNew: 69952K->69952K(78656K), 0.0000167 secs]336.945: [Tenured: 173838K->173946K(174784K), 0.3838241 secs] 243790K->173946K(253440K), [Perm : 7328K->7328K(21248K)], 0.3841673 secs] [Times: user=0.39 sys=0.00, real=0.38 secs] 
337.411: [GC337.411: [ParNew: 69952K->69952K(78656K), 0.0000170 secs]337.411: [Tenured: 173946K->173039K(174784K), 0.3775512 secs] 243898K->173039K(253440K), [Perm : 7328K->7328K(21248K)], 0.3779229 secs] [Times: user=0.38 sys=0.00, real=0.38 secs] 
337.864: [GC337.865: [ParNew: 69952K->69952K(78656K), 0.0000164 secs]337.865: [Tenured: 173039K->164491K(174784K), 0.3787600 secs] 242991K->164491K(253440K), [Perm : 7328K->7328K(21248K)], 0.3791022 secs] [Times: user=0.39 sys=0.00, real=0.38 secs] 
338.318: [GC338.318: [ParNew: 69952K->69952K(78656K), 0.0000167 secs]338.318: [Tenured: 164491K->174784K(174784K), 0.3833023 secs] 234443K->174986K(253440K), [Perm : 7328K->7328K(21248K)], 0.3836513 secs] [Times: user=0.39 sys=0.00, real=0.38 secs] 
338.842: [Full GC338.843: [Tenured: 174784K->169697K(174784K), 0.3789424 secs] 253440K->169697K(253440K), [Perm : 7328K->7328K(21248K)], 0.3792340 secs] [Times: user=0.36 sys=0.00, real=0.38 secs] 
339.296: [GC339.296: [ParNew: 69952K->69952K(78656K), 0.0000167 secs]339.296: [Tenured: 169697K->170832K(174784K), 0.3772086 secs] 239649K->170832K(253440K), [Perm : 7328K->7328K(21248K)], 0.3776220 secs] [Times: user=0.38 sys=0.00, real=0.38 secs] 
339.752: [GC339.752: [ParNew: 69952K->69952K(78656K), 0.0000167 secs]339.752: [Tenured: 170832K->168561K(174784K), 0.3886657 secs] 240784K->168561K(253440K), [Perm : 7328K->7328K(21248K)], 0.3890624 secs] [Times: user=0.39 sys=0.00, real=0.39 secs] 
340.224: [GC340.224: [ParNew: 69952K->69952K(78656K), 0.0000164 secs]340.224: [Tenured: 168561K->174784K(174784K), 0.3840987 secs] 238513K->175183K(253440K), [Perm : 7328K->7328K(21248K)], 0.3844543 secs] [Times: user=0.37 sys=0.00, real=0.38 secs] 
340.745: [Full GC340.745: [Tenured: 174784K->171639K(174784K), 0.3831365 secs] 253440K->171639K(253440K), [Perm : 7328K->7328K(21248K)], 0.3834261 secs] [Times: user=0.38 sys=0.00, real=0.38 secs] 
341.203: [GC341.203: [ParNew: 69952K->69952K(78656K), 0.0000164 secs]341.203: [Tenured: 171639K->174783K(174784K), 0.3880602 secs] 241591K->176108K(253440K), [Perm : 7328K->7328K(21248K)], 0.3884136 secs] [Times: user=0.39 sys=0.00, real=0.39 secs] 
341.730: [Full GC341.731: [Tenured: 174783K->161308K(174784K), 0.3825319 secs] 253439K->161308K(253440K), [Perm : 7328K->7328K(21248K)], 0.3828741 secs] [Times: user=0.39 sys=0.00, real=0.38 secs] 
342.187: [GC342.188: [ParNew: 69952K->69952K(78656K), 0.0000186 secs]342.188: [Tenured: 161308K->174132K(174784K), 0.3850275 secs] 231260K->174132K(253440K), [Perm : 7328K->7328K(21248K)], 0.3854393 secs] [Times: user=0.39 sys=0.00, real=0.38 secs] 
342.655: [GC342.656: [ParNew: 69952K->69952K(78656K), 0.0000183 secs]342.656: [Tenured: 174132K->174783K(174784K), 0.3859774 secs] 244084K->176344K(253440K), [Perm : 7328K->7328K(21248K)], 0.3863575 secs] [Times: user=0.39 sys=0.00, real=0.39 secs] 
343.170: [Full GC343.170: [Tenured: 174783K->171937K(174784K), 0.3878075 secs] 253439K->171937K(253440K), [Perm : 7328K->7328K(21248K)], 0.3881295 secs] [Times: user=0.39 sys=0.00, real=0.39 secs] 
343.617: [GC343.617: [ParNew: 69952K->69952K(78656K), 0.0000173 secs]343.617: [Tenured: 171937K->165750K(174784K), 0.3839290 secs] 241889K->165750K(253440K), [Perm : 7328K->7328K(21248K)], 0.3843074 secs] [Times: user=0.39 sys=0.00, real=0.38 secs] 
344.076: [GC344.076: [ParNew: 69952K->69952K(78656K), 0.0000192 secs]344.076: [Tenured: 165750K->174783K(174784K), 0.3945054 secs] 235702K->176522K(253440K), [Perm : 7328K->7328K(21248K)], 0.3949015 secs] [Times: user=0.41 sys=0.00, real=0.39 secs] 
344.600: [Full GC344.600: [Tenured: 174783K->174216K(174784K), 0.3954999 secs] 253439K->174216K(253440K), [Perm : 7328K->7328K(21248K)], 0.3960551 secs] [Times: user=0.39 sys=0.00, real=0.40 secs] 
345.072: [GC345.072: [ParNew: 69952K->69952K(78656K), 0.0000192 secs]345.072: [Tenured: 174216K->172828K(174784K), 0.3818870 secs] 244168K->172828K(253440K), [Perm : 7328K->7328K(21248K)], 0.3822799 secs] [Times: user=0.39 sys=0.00, real=0.38 secs] 
345.534: [GC345.534: [ParNew: 69951K->69951K(78656K), 0.0000167 secs]345.534: [Tenured: 172828K->160881K(174784K), 0.3737715 secs] 242780K->160881K(253440K), [Perm : 7328K->7328K(21248K)], 0.3741349 secs] [Times: user=0.37 sys=0.00, real=0.37 secs] 
345.982: [GC345.982: [ParNew: 69952K->69952K(78656K), 0.0000183 secs]345.982: [Tenured: 160881K->174783K(174784K), 0.3906247 secs] 230833K->180247K(253440K), [Perm : 7328K->7328K(21248K)], 0.3910201 secs] [Times: user=0.39 sys=0.00, real=0.39 secs] 
346.498: [Full GC346.499: [Tenured: 174783K->174783K(174784K), 0.3944621 secs] 253439K->179869K(253440K), [Perm : 7328K->7328K(21248K)], 0.3947597 secs] [Times: user=0.39 sys=0.00, real=0.40 secs] 
347.007: [Full GC347.007: [Tenured: 174783K->174783K(174784K), 0.3954303 secs] 253439K->179871K(253440K), [Perm : 7328K->7328K(21248K)], 0.3957562 secs] [Times: user=0.42 sys=0.00, real=0.40 secs] 
347.524: [Full GC347.525: [Tenured: 174783K->165919K(174784K), 0.3874011 secs] 253439K->165919K(253440K), [Perm : 7328K->7328K(21248K)], 0.3877109 secs] [Times: user=0.39 sys=0.00, real=0.39 secs] 
347.987: [GC347.987: [ParNew: 69952K->69952K(78656K), 0.0000170 secs]347.987: [Tenured: 165919K->173658K(174784K), 0.3838456 secs] 235871K->173658K(253440K), [Perm : 7328K->7328K(21248K)], 0.3841933 secs] [Times: user=0.39 sys=0.00, real=0.38 secs] 
348.450: [GC348.450: [ParNew: 69952K->69952K(78656K), 0.0000167 secs]348.450: [Tenured: 173658K->174783K(174784K), 0.3838174 secs] 243610K->176273K(253440K), [Perm : 7328K->7328K(21248K)], 0.3842629 secs] [Times: user=0.38 sys=0.00, real=0.38 secs] 
348.961: [Full GC348.962: [Tenured: 174784K->173556K(174784K), 0.3952010 secs] 253439K->173556K(253440K), [Perm : 7328K->7328K(21248K)], 0.3955275 secs] [Times: user=0.39 sys=0.00, real=0.40 secs] 
349.425: [GC349.425: [ParNew: 69952K->69952K(78656K), 0.0000279 secs]349.425: [Tenured: 173556K->166173K(174784K), 0.3995096 secs] 243508K->166173K(253440K), [Perm : 7328K->7328K(21248K)], 0.3998931 secs] [Times: user=0.41 sys=0.00, real=0.40 secs] 
349.884: [GC349.884: [ParNew: 69952K->69952K(78656K), 0.0000167 secs]349.885: [Tenured: 166173K->172710K(174784K), 0.3426395 secs] 236125K->172710K(253440K), [Perm : 7328K->7328K(21248K)], 0.3429555 secs] [Times: user=0.34 sys=0.00, real=0.34 secs] 
350.295: [GC350.295: [ParNew: 69952K->69952K(78656K), 0.0000167 secs]350.295: [Tenured: 172710K->174784K(174784K), 0.3874473 secs] 242662K->175729K(253440K), [Perm : 7328K->7328K(21248K)], 0.3878450 secs] [Times: user=0.39 sys=0.00, real=0.39 secs] 
350.812: [Full GC350.812: [Tenured: 174784K->172192K(174784K), 0.3883581 secs] 253440K->172192K(253440K), [Perm : 7328K->7328K(21248K)], 0.3887533 secs] [Times: user=0.39 sys=0.00, real=0.39 secs] 
351.268: [GC351.268: [ParNew: 69952K->69952K(78656K), 0.0000176 secs]351.268: [Tenured: 172192K->166788K(174784K), 0.3863969 secs] 242144K->166788K(253440K), [Perm : 7328K->7328K(21248K)], 0.3867840 secs] [Times: user=0.39 sys=0.00, real=0.39 secs] 
351.737: [GC351.737: [ParNew: 69952K->69952K(78656K), 0.0000164 secs]351.737: [Tenured: 166788K->174783K(174784K), 0.3800383 secs] 236740K->175521K(253440K), [Perm : 7328K->7328K(21248K)], 0.3803886 secs] [Times: user=0.39 sys=0.00, real=0.38 secs] 
352.243: [Full GC352.243: [Tenured: 174783K->174268K(174784K), 0.3931260 secs] 253439K->174268K(253440K), [Perm : 7328K->7328K(21248K)], 0.3934075 secs] [Times: user=0.39 sys=0.00, real=0.39 secs] 
352.698: [GC352.698: [ParNew: 69952K->69952K(78656K), 0.0000218 secs]352.698: [Tenured: 174268K->171789K(174784K), 0.3814232 secs] 244220K->171789K(253440K), [Perm : 7328K->7328K(21248K)], 0.3819062 secs] [Times: user=0.39 sys=0.00, real=0.38 secs] 
353.153: [GC353.153: [ParNew: 69952K->69952K(78656K), 0.0000160 secs]353.153: [Tenured: 171789K->168718K(174784K), 0.3920451 secs] 241741K->168718K(253440K), [Perm : 7328K->7328K(21248K)], 0.3923941 secs] [Times: user=0.39 sys=0.00, real=0.39 secs] 
353.632: [GC353.632: [ParNew: 69952K->69952K(78656K), 0.0000167 secs]353.632: [Tenured: 168718K->172946K(174784K), 0.3767843 secs] 238670K->172946K(253440K), [Perm : 7328K->7328K(21248K)], 0.3771711 secs] [Times: user=0.37 sys=0.00, real=0.38 secs] 
354.085: [GC354.085: [ParNew: 69952K->69952K(78656K), 0.0000176 secs]354.085: [Tenured: 172946K->174784K(174784K), 0.3887013 secs] 242898K->177111K(253440K), [Perm : 7328K->7328K(21248K)], 0.3890743 secs] [Times: user=0.39 sys=0.00, real=0.39 secs] 
354.600: [Full GC354.600: [Tenured: 174784K->174447K(174784K), 0.3871747 secs] 253439K->174447K(253440K), [Perm : 7328K->7328K(21248K)], 0.3874803 secs] [Times: user=0.39 sys=0.00, real=0.39 secs] 
355.060: [GC355.060: [ParNew: 69952K->69952K(78656K), 0.0000263 secs] 244399K->244399K(253440K), 0.0002838 secs] [Times: user=0.00 sys=0.02, real=0.00 secs] 
355.060: [Full GC355.060: [Tenured: 174447K->169367K(174784K), 0.4143223 secs] 244399K->169367K(253440K), [Perm : 7328K->7270K(21248K)], 0.4145051 secs] [Times: user=0.37 sys=0.00, real=0.41 secs] 
355.549: [GC355.549: [ParNew: 69952K->69952K(78656K), 0.0000170 secs]355.549: [Tenured: 169367K->174784K(174784K), 0.3774774 secs] 239319K->179943K(253440K), [Perm : 7319K->7319K(21248K)], 0.3779078 secs] [Times: user=0.38 sys=0.00, real=0.38 secs] 
356.048: [Full GC356.048: [Tenured: 174784K->173170K(174784K), 0.3879550 secs] 253439K->173170K(253440K), [Perm : 7319K->7319K(21248K)], 0.3882786 secs] [Times: user=0.39 sys=0.00, real=0.39 secs] 
356.495: [GC356.495: [ParNew: 69952K->69952K(78656K), 0.0000164 secs]356.495: [Tenured: 173170K->172282K(174784K), 0.3762494 secs] 243122K->172282K(253440K), [Perm : 7320K->7320K(21248K)], 0.3766362 secs] [Times: user=0.37 sys=0.00, real=0.38 secs] 
356.951: [GC356.951: [ParNew: 69952K->69952K(78656K), 0.0000279 secs]356.951: [Tenured: 172282K->167431K(174784K), 0.3956667 secs] 242234K->167431K(253440K), [Perm : 7320K->7320K(21248K)], 0.3961356 secs] [Times: user=0.38 sys=0.00, real=0.40 secs] 
357.440: [GC357.440: [ParNew: 69952K->69952K(78656K), 0.0000176 secs]357.440: [Tenured: 167431K->174503K(174784K), 0.3716977 secs] 237383K->174503K(253440K), [Perm : 7320K->7320K(21248K)], 0.3720672 secs] [Times: user=0.38 sys=0.00, real=0.37 secs] 
357.888: [GC357.888: [ParNew: 69952K->69952K(78656K), 0.0000167 secs]357.888: [Tenured: 174503K->173884K(174784K), 0.3852811 secs] 244455K->173884K(253440K), [Perm : 7320K->7320K(21248K)], 0.3856320 secs] [Times: user=0.36 sys=0.00, real=0.39 secs] 
358.343: [GC358.343: [ParNew: 69952K->69952K(78656K), 0.0000170 secs]358.343: [Tenured: 173884K->167027K(174784K), 0.3687727 secs] 243836K->167027K(253440K), [Perm : 7323K->7323K(21248K)], 0.3691307 secs] [Times: user=0.38 sys=0.00, real=0.37 secs] 
358.801: [GC358.801: [ParNew: 69952K->69952K(78656K), 0.0000362 secs]358.801: [Tenured: 167027K->162483K(174784K), 0.3733064 secs] 236979K->162483K(253440K), [Perm : 7323K->7323K(21248K)], 0.3738937 secs] [Times: user=0.37 sys=0.00, real=0.37 secs] 
359.245: [GC359.245: [ParNew: 69952K->69952K(78656K), 0.0000173 secs]359.245: [Tenured: 162483K->174783K(174784K), 0.3846792 secs] 232435K->175655K(253440K), [Perm : 7323K->7323K(21248K)], 0.3850550 secs] [Times: user=0.37 sys=0.00, real=0.38 secs] 
359.776: [Full GC359.776: [Tenured: 174783K->174622K(174784K), 0.3865021 secs] 253439K->174622K(253440K), [Perm : 7323K->7323K(21248K)], 0.3867840 secs] [Times: user=0.39 sys=0.00, real=0.39 secs] 
360.232: [GC360.232: [ParNew: 69952K->69952K(78656K), 0.0000173 secs]360.232: [Tenured: 174622K->174783K(174784K), 0.3905599 secs] 244574K->176244K(253440K), [Perm : 7323K->7323K(21248K)], 0.3909242 secs] [Times: user=0.39 sys=0.00, real=0.39 secs] 
360.757: [Full GC360.757: [Tenured: 174783K->166412K(174784K), 0.3878953 secs] 253439K->166412K(253440K), [Perm : 7325K->7325K(21248K)], 0.3882241 secs] [Times: user=0.39 sys=0.00, real=0.39 secs] 
361.216: [GC361.216: [ParNew: 69952K->69952K(78656K), 0.0000176 secs]361.216: [Tenured: 166412K->174783K(174784K), 0.3928537 secs] 236364K->176641K(253440K), [Perm : 7325K->7325K(21248K)], 0.3932404 secs] [Times: user=0.39 sys=0.00, real=0.39 secs] 
361.747: [Full GC361.747: [Tenured: 174783K->174784K(174784K), 0.4038729 secs] 253439K->178562K(253440K), [Perm : 7325K->7325K(21248K)], 0.4042171 secs] [Times: user=0.41 sys=0.00, real=0.40 secs] 
362.267: [Full GC362.268: [Tenured: 174784K->170969K(174784K), 0.3861667 secs] 253439K->170969K(253440K), [Perm : 7325K->7325K(21248K)], 0.3864800 secs] [Times: user=0.38 sys=0.00, real=0.39 secs] 
362.729: [GC362.729: [ParNew: 69952K->69952K(78656K), 0.0000164 secs]362.730: [Tenured: 170969K->165071K(174784K), 0.3823892 secs] 240921K->165071K(253440K), [Perm : 7325K->7325K(21248K)], 0.3827577 secs] [Times: user=0.39 sys=0.00, real=0.38 secs] 
363.188: [GC363.188: [ParNew: 69952K->69952K(78656K), 0.0000170 secs]363.188: [Tenured: 165071K->170094K(174784K), 0.3775396 secs] 235023K->170094K(253440K), [Perm : 7325K->7325K(21248K)], 0.3779245 secs] [Times: user=0.37 sys=0.00, real=0.38 secs] 
363.675: [GC363.675: [ParNew: 69952K->69952K(78656K), 0.0000164 secs]363.675: [Tenured: 170094K->174784K(174784K), 0.3831038 secs] 240046K->174801K(253440K), [Perm : 7325K->7325K(21248K)], 0.3834396 secs] [Times: user=0.37 sys=0.00, real=0.38 secs] 
364.188: [Full GC364.188: [Tenured: 174784K->170910K(174784K), 0.4166658 secs] 253439K->170910K(253440K), [Perm : 7325K->7325K(21248K)], 0.4169480 secs] [Times: user=0.39 sys=0.00, real=0.42 secs] 
364.674: [GC364.674: [ParNew: 69952K->69952K(78656K), 0.0000189 secs]364.674: [Tenured: 170910K->173138K(174784K), 0.3958408 secs] 240862K->173138K(253440K), [Perm : 7325K->7325K(21248K)], 0.3962411 secs] [Times: user=0.39 sys=0.00, real=0.40 secs] 
365.146: [GC365.146: [ParNew: 69952K->69952K(78656K), 0.0000189 secs]365.146: [Tenured: 173138K->174783K(174784K), 0.3948222 secs] 243090K->177174K(253440K), [Perm : 7325K->7325K(21248K)], 0.3952674 secs] [Times: user=0.39 sys=0.00, real=0.40 secs] 
365.663: [Full GC365.663: [Tenured: 174783K->174783K(174784K), 0.3884341 secs] 253439K->175852K(253440K), [Perm : 7325K->7325K(21248K)], 0.3887112 secs] [Times: user=0.39 sys=0.00, real=0.39 secs] 
366.166: [Full GC366.167: [Tenured: 174783K->169908K(174784K), 0.3864553 secs] 253439K->169908K(253440K), [Perm : 7325K->7325K(21248K)], 0.3868777 secs] [Times: user=0.39 sys=0.00, real=0.39 secs] 
366.633: [GC366.633: [ParNew: 69952K->69952K(78656K), 0.0000167 secs]366.633: [Tenured: 169908K->164711K(174784K), 0.3780784 secs] 239860K->164711K(253440K), [Perm : 7325K->7325K(21248K)], 0.3784684 secs] [Times: user=0.39 sys=0.00, real=0.38 secs] 
367.088: [GC367.088: [ParNew: 69952K->69952K(78656K), 0.0000205 secs]367.088: [Tenured: 164711K->169442K(174784K), 0.3768728 secs] 234663K->169442K(253440K), [Perm : 7325K->7325K(21248K)], 0.3773619 secs] [Times: user=0.38 sys=0.00, real=0.38 secs] 
367.543: [GC367.544: [ParNew: 69952K->69952K(78656K), 0.0000189 secs] 239394K->239394K(253440K), 0.0003201 secs] [Times: user=0.00 sys=0.00, real=0.00 secs] 
367.544: [Full GC367.544: [Tenured: 169442K->165688K(174784K), 0.3800207 secs] 239394K->165688K(253440K), [Perm : 7325K->7270K(21248K)], 0.3802019 secs] [Times: user=0.37 sys=0.00, real=0.38 secs] 
367.997: [GC367.998: [ParNew: 69952K->69952K(78656K), 0.0000170 secs] 235640K->235640K(253440K), 0.0002668 secs] [Times: user=0.00 sys=0.00, real=0.00 secs] 
367.998: [Full GC367.998: [Tenured: 165688K->170348K(174784K), 0.3932125 secs] 235640K->170348K(253440K), [Perm : 7270K->7270K(21248K)], 0.3934390 secs] [Times: user=0.39 sys=0.00, real=0.39 secs] 
368.464: [GC368.464: [ParNew: 69952K->69952K(78656K), 0.0000257 secs]368.464: [Tenured: 170348K->172227K(174784K), 0.3940140 secs] 240300K->172227K(253440K), [Perm : 7320K->7320K(21248K)], 0.3944117 secs] [Times: user=0.37 sys=0.00, real=0.39 secs] 
368.927: [GC368.928: [ParNew: 69952K->69952K(78656K), 0.0000167 secs] 242179K->242179K(253440K), 0.0002540 secs] [Times: user=0.00 sys=0.00, real=0.00 secs] 
368.928: [Full GC368.928: [Tenured: 172227K->169518K(174784K), 0.3882218 secs] 242179K->169518K(253440K), [Perm : 7320K->7270K(21248K)], 0.3884248 secs] [Times: user=0.39 sys=0.00, real=0.39 secs] 
369.404: [GC369.404: [ParNew: 69952K->69952K(78656K), 0.0000170 secs]369.404: [Tenured: 169518K->174784K(174784K), 0.3803905 secs] 239470K->175667K(253440K), [Perm : 7320K->7320K(21248K)], 0.3807638 secs] [Times: user=0.38 sys=0.00, real=0.38 secs] 
369.910: [Full GC369.910: [Tenured: 174784K->169900K(174784K), 0.3795820 secs] 253439K->169900K(253440K), [Perm : 7320K->7320K(21248K)], 0.3799187 secs] [Times: user=0.38 sys=0.00, real=0.38 secs] 
370.352: [GC370.353: [ParNew: 69952K->69952K(78656K), 0.0000180 secs]370.353: [Tenured: 169900K->166169K(174784K), 0.3926362 secs] 239852K->166169K(253440K), [Perm : 7320K->7320K(21248K)], 0.3930288 secs] [Times: user=0.39 sys=0.00, real=0.39 secs] 
370.834: [GC370.834: [ParNew: 69952K->69952K(78656K), 0.0000170 secs]370.834: [Tenured: 166169K->174783K(174784K), 0.3852212 secs] 236121K->179025K(253440K), [Perm : 7321K->7321K(21248K)], 0.3856131 secs] [Times: user=0.38 sys=0.00, real=0.39 secs] 
371.339: [Full GC371.339: [Tenured: 174783K->170706K(174784K), 0.3848690 secs] 253439K->170706K(253440K), [Perm : 7321K->7321K(21248K)], 0.3851667 secs] [Times: user=0.39 sys=0.00, real=0.38 secs] 
371.806: [GC371.806: [ParNew: 69952K->69952K(78656K), 0.0000170 secs]371.806: [Tenured: 170706K->169861K(174784K), 0.3749241 secs] 240658K->169861K(253440K), [Perm : 7324K->7324K(21248K)], 0.3753045 secs] [Times: user=0.38 sys=0.00, real=0.38 secs] 
372.254: [GC372.254: [ParNew: 69952K->69952K(78656K), 0.0000170 secs]372.254: [Tenured: 169861K->160034K(174784K), 0.3711009 secs] 239813K->160034K(253440K), [Perm : 7324K->7324K(21248K)], 0.3714434 secs] [Times: user=0.37 sys=0.00, real=0.37 secs] 
372.706: [GC372.706: [ParNew: 69952K->69952K(78656K), 0.0000176 secs]372.706: [Tenured: 160034K->173257K(174784K), 0.3740694 secs] 229986K->173257K(253440K), [Perm : 7324K->7324K(21248K)], 0.3745303 secs] [Times: user=0.38 sys=0.00, real=0.38 secs] 
373.156: [GC373.156: [ParNew: 69952K->69952K(78656K), 0.0000167 secs]373.156: [Tenured: 173257K->174783K(174784K), 0.3941747 secs] 243209K->176033K(253440K), [Perm : 7324K->7324K(21248K)], 0.3945278 secs] [Times: user=0.39 sys=0.00, real=0.39 secs] 
373.681: [Full GC373.682: [Tenured: 174783K->172841K(174784K), 0.3796500 secs] 253439K->172841K(253440K), [Perm : 7324K->7324K(21248K)], 0.3799931 secs] [Times: user=0.39 sys=0.00, real=0.38 secs] 
374.137: [GC374.137: [ParNew: 69952K->69952K(78656K), 0.0000196 secs]374.137: [Tenured: 172841K->167148K(174784K), 0.3904726 secs] 242793K->167148K(253440K), [Perm : 7324K->7324K(21248K)], 0.3908909 secs] [Times: user=0.39 sys=0.00, real=0.39 secs] 
374.602: [GC374.602: [ParNew: 69952K->69952K(78656K), 0.0000257 secs]374.602: [Tenured: 167148K->174236K(174784K), 0.3217389 secs] 237100K->174236K(253440K), [Perm : 7326K->7326K(21248K)], 0.3222036 secs] [Times: user=0.33 sys=0.00, real=0.32 secs] 
374.999: [GC374.999: [ParNew: 69952K->69952K(78656K), 0.0000183 secs]374.999: [Tenured: 174236K->174783K(174784K), 0.4004483 secs] 244188K->178494K(253440K), [Perm : 7326K->7326K(21248K)], 0.4008662 secs] [Times: user=0.39 sys=0.00, real=0.40 secs] 
375.533: [Full GC375.533: [Tenured: 174783K->174783K(174784K), 0.3922501 secs] 253439K->179499K(253440K), [Perm : 7326K->7326K(21248K)], 0.3925192 secs] [Times: user=0.39 sys=0.00, real=0.39 secs] 
376.048: [Full GC376.048: [Tenured: 174783K->170625K(174784K), 0.4046340 secs] 253439K->170625K(253440K), [Perm : 7326K->7326K(21248K)], 0.4050038 secs] [Times: user=0.41 sys=0.00, real=0.40 secs] 
376.512: [GC376.513: [ParNew: 69952K->69952K(78656K), 0.0000183 secs]376.513: [Tenured: 170625K->174007K(174784K), 0.3827080 secs] 240577K->174007K(253440K), [Perm : 7326K->7326K(21248K)], 0.3831047 secs] [Times: user=0.38 sys=0.00, real=0.38 secs] 
376.971: [GC376.971: [ParNew: 69952K->69952K(78656K), 0.0000228 secs]376.971: [Tenured: 174007K->172713K(174784K), 0.3883411 secs] 243959K->172713K(253440K), [Perm : 7326K->7326K(21248K)], 0.3887959 secs] [Times: user=0.39 sys=0.00, real=0.39 secs] 
377.442: [GC377.442: [ParNew: 69952K->69952K(78656K), 0.0000164 secs]377.442: [Tenured: 172713K->170438K(174784K), 0.3808879 secs] 242665K->170438K(253440K), [Perm : 7326K->7326K(21248K)], 0.3812616 secs] [Times: user=0.39 sys=0.00, real=0.38 secs] 
377.900: [GC377.900: [ParNew: 69952K->69952K(78656K), 0.0000205 secs]377.900: [Tenured: 170438K->165508K(174784K), 0.3861234 secs] 240390K->165508K(253440K), [Perm : 7326K->7326K(21248K)], 0.3866105 secs] [Times: user=0.38 sys=0.00, real=0.39 secs] 
378.365: [GC378.365: [ParNew: 69952K->69952K(78656K), 0.0000398 secs]378.365: [Tenured: 165508K->174783K(174784K), 0.3898376 secs] 235460K->176134K(253440K), [Perm : 7326K->7326K(21248K)], 0.3903376 secs] [Times: user=0.39 sys=0.00, real=0.39 secs] 
378.871: [Full GC378.871: [Tenured: 174783K->170820K(174784K), 0.3864710 secs] 253439K->170820K(253440K), [Perm : 7326K->7326K(21248K)], 0.3869749 secs] [Times: user=0.39 sys=0.00, real=0.39 secs] 
379.329: [GC379.329: [ParNew: 69952K->69952K(78656K), 0.0000170 secs]379.329: [Tenured: 170820K->166651K(174784K), 0.3760765 secs] 240772K->166651K(253440K), [Perm : 7326K->7326K(21248K)], 0.3764694 secs] [Times: user=0.36 sys=0.00, real=0.38 secs] 
379.795: [GC379.795: [ParNew: 69952K->69952K(78656K), 0.0000160 secs] 236603K->236603K(253440K), 0.0002915 secs] [Times: user=0.00 sys=0.00, real=0.00 secs] 
379.795: [Full GC379.795: [Tenured: 166651K->165670K(174784K), 0.3854098 secs] 236603K->165670K(253440K), [Perm : 7326K->7271K(21248K)], 0.3856307 secs] [Times: user=0.39 sys=0.00, real=0.39 secs] 
380.264: [GC380.264: [ParNew: 69952K->69952K(78656K), 0.0000170 secs]380.264: [Tenured: 165670K->174784K(174784K), 0.4012684 secs] 235622K->182044K(253440K), [Perm : 7282K->7282K(21248K)], 0.4016260 secs] [Times: user=0.41 sys=0.00, real=0.40 secs] 
380.786: [Full GC380.787: [Tenured: 174784K->174784K(174784K), 0.4230873 secs] 253439K->180897K(253440K), [Perm : 7320K->7320K(21248K)], 0.4233839 secs] [Times: user=0.41 sys=0.00, real=0.42 secs] 
381.320: [Full GC381.321: [Tenured: 174784K->174784K(174784K), 0.4043021 secs] 253440K->178081K(253440K), [Perm : 7320K->7320K(21248K)], 0.4047174 secs] [Times: user=0.40 sys=0.00, real=0.40 secs] 
381.859: [Full GC381.859: [Tenured: 174784K->167260K(174784K), 0.4071786 secs] 253439K->167260K(253440K), [Perm : 7321K->7321K(21248K)], 0.4074897 secs] [Times: user=0.42 sys=0.00, real=0.41 secs] 
382.334: [GC382.334: [ParNew: 69952K->69952K(78656K), 0.0000199 secs]382.334: [Tenured: 167260K->170102K(174784K), 0.3847651 secs] 237212K->170102K(253440K), [Perm : 7321K->7321K(21248K)], 0.3852180 secs] [Times: user=0.37 sys=0.01, real=0.38 secs] 
382.803: [GC382.803: [ParNew: 69952K->69952K(78656K), 0.0000180 secs]382.804: [Tenured: 170102K->170402K(174784K), 0.3861359 secs] 240054K->170402K(253440K), [Perm : 7324K->7324K(21248K)], 0.3865759 secs] [Times: user=0.36 sys=0.00, real=0.39 secs] 
383.260: [GC383.261: [ParNew: 69952K->69952K(78656K), 0.0000164 secs]383.261: [Tenured: 170402K->165814K(174784K), 0.3693532 secs] 240354K->165814K(253440K), [Perm : 7324K->7324K(21248K)], 0.3697506 secs] [Times: user=0.38 sys=0.00, real=0.37 secs] 
383.720: [GC383.720: [ParNew: 69952K->69952K(78656K), 0.0000192 secs]383.720: [Tenured: 165814K->158474K(174784K), 0.3790585 secs] 235766K->158474K(253440K), [Perm : 7324K->7324K(21248K)], 0.3794511 secs] [Times: user=0.36 sys=0.00, real=0.38 secs] 
384.172: [GC384.172: [ParNew: 69952K->69952K(78656K), 0.0000164 secs]384.172: [Tenured: 158474K->173491K(174784K), 0.3898120 secs] 228426K->173491K(253440K), [Perm : 7324K->7324K(21248K)], 0.3901878 secs] [Times: user=0.37 sys=0.00, real=0.39 secs] 
384.637: [GC384.638: [ParNew: 69952K->69952K(78656K), 0.0000164 secs]384.638: [Tenured: 173491K->174784K(174784K), 0.3948007 secs] 243443K->176772K(253440K), [Perm : 7324K->7324K(21248K)], 0.3951715 secs] [Times: user=0.39 sys=0.00, real=0.39 secs] 
385.159: [Full GC385.159: [Tenured: 174784K->173912K(174784K), 0.3990006 secs] 253439K->173912K(253440K), [Perm : 7324K->7324K(21248K)], 0.3993890 secs] [Times: user=0.37 sys=0.00, real=0.40 secs] 
385.617: [GC385.617: [ParNew: 69952K->69952K(78656K), 0.0000279 secs]385.617: [Tenured: 173912K->168151K(174784K), 0.3901311 secs] 243864K->168151K(253440K), [Perm : 7326K->7326K(21248K)], 0.3906875 secs] [Times: user=0.36 sys=0.00, real=0.39 secs] 
386.070: [GC386.071: [ParNew: 69952K->69952K(78656K), 0.0000205 secs]386.071: [Tenured: 168151K->174783K(174784K), 0.3739334 secs] 238103K->177086K(253440K), [Perm : 7326K->7326K(21248K)], 0.3744004 secs] [Times: user=0.37 sys=0.00, real=0.38 secs] 
386.581: [Full GC386.581: [Tenured: 174783K->174784K(174784K), 0.3831567 secs] 253439K->179379K(253440K), [Perm : 7326K->7326K(21248K)], 0.3834633 secs] [Times: user=0.38 sys=0.02, real=0.38 secs] 
387.078: [Full GC387.078: [Tenured: 174784K->172682K(174784K), 0.3908007 secs] 253439K->172682K(253440K), [Perm : 7326K->7326K(21248K)], 0.3910807 secs] [Times: user=0.39 sys=0.00, real=0.39 secs] 
387.530: [GC387.530: [ParNew: 69952K->69952K(78656K), 0.0000366 secs]387.530: [Tenured: 172682K->163027K(174784K), 0.3840691 secs] 242634K->163027K(253440K), [Perm : 7326K->7326K(21248K)], 0.3845624 secs] [Times: user=0.39 sys=0.00, real=0.38 secs] 
387.990: [GC387.990: [ParNew: 69952K->69952K(78656K), 0.0000244 secs]387.990: [Tenured: 163027K->174783K(174784K), 0.3934239 secs] 232979K->177329K(253440K), [Perm : 7326K->7326K(21248K)], 0.3938857 secs] [Times: user=0.41 sys=0.00, real=0.39 secs] 
388.509: [Full GC388.509: [Tenured: 174783K->174784K(174784K), 0.3957600 secs] 253439K->178681K(253440K), [Perm : 7326K->7326K(21248K)], 0.3960615 secs] [Times: user=0.39 sys=0.00, real=0.40 secs] 
389.030: [Full GC389.031: [Tenured: 174784K->172206K(174784K), 0.3909194 secs] 253440K->172206K(253440K), [Perm : 7326K->7326K(21248K)], 0.3912789 secs] [Times: user=0.39 sys=0.00, real=0.39 secs] 
389.481: [GC389.482: [ParNew: 69952K->69952K(78656K), 0.0000170 secs]389.482: [Tenured: 172206K->166784K(174784K), 0.3917244 secs] 242158K->166784K(253440K), [Perm : 7326K->7326K(21248K)], 0.3920878 secs] [Times: user=0.39 sys=0.00, real=0.39 secs] 
389.953: [GC389.953: [ParNew: 69952K->69952K(78656K), 0.0000192 secs]389.953: [Tenured: 166784K->170404K(174784K), 0.3864261 secs] 236736K->170404K(253440K), [Perm : 7326K->7326K(21248K)], 0.3868530 secs] [Times: user=0.39 sys=0.00, real=0.39 secs] 
390.419: [GC390.419: [ParNew: 69952K->69952K(78656K), 0.0000276 secs]390.419: [Tenured: 170404K->172015K(174784K), 0.3809867 secs] 240356K->172015K(253440K), [Perm : 7326K->7326K(21248K)], 0.3815114 secs] [Times: user=0.39 sys=0.00, real=0.38 secs] 
390.868: [GC390.868: [ParNew: 69952K->69952K(78656K), 0.0000160 secs]390.868: [Tenured: 172015K->171854K(174784K), 0.3823049 secs] 241967K->171854K(253440K), [Perm : 7326K->7326K(21248K)], 0.3827706 secs] [Times: user=0.37 sys=0.00, real=0.38 secs] 
391.325: [GC391.325: [ParNew: 69952K->69952K(78656K), 0.0000192 secs]391.325: [Tenured: 171854K->171197K(174784K), 0.3962065 secs] 241806K->171197K(253440K), [Perm : 7326K->7326K(21248K)], 0.3966189 secs] [Times: user=0.41 sys=0.00, real=0.40 secs] 
391.801: [GC391.802: [ParNew: 69952K->69952K(78656K), 0.0000196 secs]391.802: [Tenured: 171197K->174783K(174784K), 0.3820884 secs] 241149K->175207K(253440K), [Perm : 7326K->7326K(21248K)], 0.3825114 secs] [Times: user=0.38 sys=0.00, real=0.38 secs] 
392.306: [Full GC392.307: [Tenured: 174783K->174784K(174784K), 0.3956827 secs] 253439K->176224K(253440K), [Perm : 7326K->7326K(21248K)], 0.3959980 secs] [Times: user=0.40 sys=0.00, real=0.40 secs] 
392.813: [Full GC392.813: [Tenured: 174784K->174313K(174784K), 0.3917363 secs] 253439K->174313K(253440K), [Perm : 7326K->7326K(21248K)], 0.3920929 secs] [Times: user=0.39 sys=0.00, real=0.39 secs] 
393.275: [GC393.275: [ParNew: 69952K->69952K(78656K), 0.0000192 secs]393.275: [Tenured: 174313K->164360K(174784K), 0.3897084 secs] 244265K->164360K(253440K), [Perm : 7326K->7326K(21248K)], 0.3901516 secs] [Times: user=0.39 sys=0.00, real=0.39 secs] 
393.741: [GC393.741: [ParNew: 69952K->69952K(78656K), 0.0000260 secs]393.741: [Tenured: 164360K->173530K(174784K), 0.3616092 secs] 234312K->173530K(253440K), [Perm : 7326K->7326K(21248K)], 0.3619959 secs] [Times: user=0.36 sys=0.00, real=0.36 secs] 
394.177: [GC394.177: [ParNew: 69952K->69952K(78656K), 0.0000170 secs]394.177: [Tenured: 173530K->170313K(174784K), 0.3834306 secs] 243482K->170313K(253440K), [Perm : 7326K->7326K(21248K)], 0.3838046 secs] [Times: user=0.39 sys=0.00, real=0.38 secs] 
394.638: [GC394.638: [ParNew: 69952K->69952K(78656K), 0.0000180 secs] 240265K->240265K(253440K), 0.0003143 secs] [Times: user=0.00 sys=0.00, real=0.00 secs] 
394.638: [Full GC394.638: [Tenured: 170313K->162167K(174784K), 0.3772904 secs] 240265K->162167K(253440K), [Perm : 7326K->7271K(21248K)], 0.3775168 secs] [Times: user=0.37 sys=0.00, real=0.38 secs] 
395.093: [GC395.093: [ParNew: 69952K->69952K(78656K), 0.0000225 secs]395.093: [Tenured: 162167K->167280K(174784K), 0.3899374 secs] 232119K->167280K(253440K), [Perm : 7271K->7271K(21248K)], 0.3904104 secs] [Times: user=0.39 sys=0.00, real=0.39 secs] 
395.562: [GC395.562: [ParNew: 69952K->69952K(78656K), 0.0000170 secs]395.562: [Tenured: 167280K->174783K(174784K), 0.3820114 secs] 237232K->176798K(253440K), [Perm : 7320K->7320K(21248K)], 0.3823934 secs] [Times: user=0.38 sys=0.00, real=0.38 secs] 
396.072: [Full GC396.072: [Tenured: 174784K->174784K(174784K), 0.3910910 secs] 253439K->174864K(253440K), [Perm : 7329K->7329K(21248K)], 0.3914335 secs] [Times: user=0.41 sys=0.00, real=0.39 secs] 
396.577: [Full GC396.578: [Tenured: 174784K->174783K(174784K), 0.3959002 secs] 253439K->177265K(253440K), [Perm : 7330K->7330K(21248K)], 0.3961984 secs] [Times: user=0.39 sys=0.00, real=0.40 secs] 
397.100: [Full GC397.100: [Tenured: 174783K->159719K(174784K), 0.3872571 secs] 253439K->159719K(253440K), [Perm : 7330K->7330K(21248K)], 0.3876080 secs] [Times: user=0.39 sys=0.00, real=0.39 secs] 
397.548: [GC397.548: [ParNew: 69952K->69952K(78656K), 0.0000157 secs]397.548: [Tenured: 159719K->171406K(174784K), 0.3688132 secs] 229671K->171406K(253440K), [Perm : 7330K->7330K(21248K)], 0.3691826 secs] [Times: user=0.37 sys=0.00, real=0.37 secs] 
397.991: [GC397.991: [ParNew: 69952K->69952K(78656K), 0.0000199 secs]397.991: [Tenured: 171406K->174783K(174784K), 0.3983604 secs] 241358K->177447K(253440K), [Perm : 7330K->7330K(21248K)], 0.3988251 secs] [Times: user=0.39 sys=0.00, real=0.40 secs] 
398.524: [Full GC398.524: [Tenured: 174783K->171775K(174784K), 0.3893700 secs] 253439K->171775K(253440K), [Perm : 7333K->7333K(21248K)], 0.3897055 secs] [Times: user=0.39 sys=0.00, real=0.39 secs] 
398.989: [GC398.989: [ParNew: 69952K->69952K(78656K), 0.0000186 secs]398.989: [Tenured: 171775K->160859K(174784K), 0.3814479 secs] 241727K->160859K(253440K), [Perm : 7333K->7333K(21248K)], 0.3818440 secs] [Times: user=0.39 sys=0.00, real=0.38 secs] 
399.454: [GC399.454: [ParNew: 69952K->69952K(78656K), 0.0000170 secs]399.454: [Tenured: 160859K->172058K(174784K), 0.3736926 secs] 230811K->172058K(253440K), [Perm : 7333K->7333K(21248K)], 0.3740707 secs] [Times: user=0.37 sys=0.00, real=0.37 secs] 
399.908: [GC399.908: [ParNew: 69952K->69952K(78656K), 0.0000186 secs]399.908: [Tenured: 172058K->173131K(174784K), 0.3852199 secs] 242010K->173131K(253440K), [Perm : 7333K->7333K(21248K)], 0.3856481 secs] [Times: user=0.39 sys=0.00, real=0.39 secs] 
400.364: [GC400.364: [ParNew: 69952K->69952K(78656K), 0.0000167 secs]400.364: [Tenured: 173131K->174784K(174784K), 0.3921436 secs] 243083K->178182K(253440K), [Perm : 7333K->7333K(21248K)], 0.3925012 secs] [Times: user=0.38 sys=0.00, real=0.39 secs] 
400.884: [Full GC400.884: [Tenured: 174784K->165288K(174784K), 0.3875637 secs] 253439K->165288K(253440K), [Perm : 7334K->7334K(21248K)], 0.3879284 secs] [Times: user=0.39 sys=0.00, real=0.39 secs] 
401.342: [GC401.342: [ParNew: 69952K->69952K(78656K), 0.0000170 secs]401.342: [Tenured: 165288K->172502K(174784K), 0.3822911 secs] 235240K->172502K(253440K), [Perm : 7334K->7334K(21248K)], 0.3826602 secs] [Times: user=0.37 sys=0.00, real=0.38 secs] 
401.803: [GC401.803: [ParNew: 69952K->69952K(78656K), 0.0000180 secs]401.803: [Tenured: 172502K->174783K(174784K), 0.3834370 secs] 242454K->174826K(253440K), [Perm : 7334K->7334K(21248K)], 0.3838604 secs] [Times: user=0.37 sys=0.00, real=0.38 secs] 
402.306: [Full GC402.306: [Tenured: 174783K->174407K(174784K), 0.3905153 secs] 253439K->174407K(253440K), [Perm : 7334K->7334K(21248K)], 0.3908597 secs] [Times: user=0.39 sys=0.00, real=0.39 secs] 
402.774: [GC402.774: [ParNew: 69952K->69952K(78656K), 0.0000215 secs]402.774: [Tenured: 174407K->166084K(174784K), 0.3884357 secs] 244359K->166084K(253440K), [Perm : 7334K->7334K(21248K)], 0.3889239 secs] [Times: user=0.39 sys=0.00, real=0.39 secs] 
403.235: [GC403.235: [ParNew: 69952K->69952K(78656K), 0.0000164 secs]403.235: [Tenured: 166084K->174783K(174784K), 0.3965461 secs] 236036K->176192K(253440K), [Perm : 7334K->7334K(21248K)], 0.3969095 secs] [Times: user=0.39 sys=0.00, real=0.40 secs] 
403.772: [Full GC403.773: [Tenured: 174783K->172258K(174784K), 0.3914390 secs] 253439K->172258K(253440K), [Perm : 7334K->7334K(21248K)], 0.3917693 secs] [Times: user=0.39 sys=0.00, real=0.39 secs] 
404.234: [GC404.234: [ParNew: 69952K->69952K(78656K), 0.0000189 secs]404.234: [Tenured: 172258K->174784K(174784K), 0.3928424 secs] 242210K->178387K(253440K), [Perm : 7334K->7334K(21248K)], 0.3932193 secs] [Times: user=0.39 sys=0.00, real=0.39 secs] 
404.759: [Full GC404.759: [Tenured: 174784K->166714K(174784K), 0.3910384 secs] 253439K->166714K(253440K), [Perm : 7334K->7334K(21248K)], 0.3914098 secs] [Times: user=0.39 sys=0.02, real=0.39 secs] 
405.224: [GC405.225: [ParNew: 69952K->69952K(78656K), 0.0000231 secs]405.225: [Tenured: 166714K->173980K(174784K), 0.3854024 secs] 236666K->173980K(253440K), [Perm : 7334K->7334K(21248K)], 0.3859181 secs] [Times: user=0.39 sys=0.00, real=0.39 secs] 
405.692: [GC405.692: [ParNew: 69952K->69952K(78656K), 0.0000180 secs]405.692: [Tenured: 173980K->174783K(174784K), 0.3950730 secs] 243932K->178772K(253440K), [Perm : 7334K->7334K(21248K)], 0.3954964 secs] [Times: user=0.41 sys=0.00, real=0.39 secs] 
406.213: [Full GC406.213: [Tenured: 174783K->173876K(174784K), 0.3925695 secs] 253439K->173876K(253440K), [Perm : 7334K->7334K(21248K)], 0.3929723 secs] [Times: user=0.39 sys=0.00, real=0.39 secs] 
406.664: [GC406.664: [ParNew: 69952K->69952K(78656K), 0.0000160 secs]406.664: [Tenured: 173876K->162881K(174784K), 0.3814912 secs] 243828K->162881K(253440K), [Perm : 7334K->7334K(21248K)], 0.3818385 secs] [Times: user=0.38 sys=0.00, real=0.38 secs] 
407.117: [GC407.117: [ParNew: 69952K->69952K(78656K), 0.0000241 secs]407.117: [Tenured: 162881K->173393K(174784K), 0.3873889 secs] 232833K->173393K(253440K), [Perm : 7334K->7334K(21248K)], 0.3878729 secs] [Times: user=0.39 sys=0.00, real=0.39 secs] 
407.591: [GC407.591: [ParNew: 69952K->69952K(78656K), 0.0000164 secs]407.591: [Tenured: 173393K->174783K(174784K), 0.3875025 secs] 243345K->175100K(253440K), [Perm : 7334K->7334K(21248K)], 0.3879040 secs] [Times: user=0.39 sys=0.00, real=0.39 secs] 
408.104: [Full GC408.105: [Tenured: 174783K->174783K(174784K), 0.4006314 secs] 253439K->178781K(253440K), [Perm : 7334K->7334K(21248K)], 0.4009448 secs] [Times: user=0.40 sys=0.00, real=0.40 secs] 
408.608: [Full GC408.608: [Tenured: 174783K->170154K(174784K), 0.4030397 secs] 253439K->170154K(253440K), [Perm : 7334K->7334K(21248K)], 0.4033909 secs] [Times: user=0.41 sys=0.00, real=0.40 secs] 
409.088: [GC409.088: [ParNew: 69952K->69952K(78656K), 0.0000199 secs]409.088: [Tenured: 170154K->174783K(174784K), 0.3936218 secs] 240106K->175785K(253440K), [Perm : 7334K->7334K(21248K)], 0.3940865 secs] [Times: user=0.39 sys=0.00, real=0.39 secs] 
409.626: [Full GC409.626: [Tenured: 174783K->174783K(174784K), 0.3903440 secs] 253439K->175249K(253440K), [Perm : 7335K->7335K(21248K)], 0.3906500 secs] [Times: user=0.39 sys=0.00, real=0.39 secs] 
410.145: [Full GC410.145: [Tenured: 174783K->170067K(174784K), 0.3956276 secs] 253439K->170067K(253440K), [Perm : 7335K->7335K(21248K)], 0.3959284 secs] [Times: user=0.39 sys=0.00, real=0.40 secs] 
410.601: [GC410.602: [ParNew: 69952K->69952K(78656K), 0.0000164 secs]410.602: [Tenured: 170067K->163969K(174784K), 0.3880188 secs] 240019K->163969K(253440K), [Perm : 7338K->7338K(21248K)], 0.3883947 secs] [Times: user=0.39 sys=0.00, real=0.39 secs] 
411.066: [GC411.067: [ParNew: 69952K->69952K(78656K), 0.0000192 secs]411.067: [Tenured: 163969K->174458K(174784K), 0.3930759 secs] 233921K->174458K(253440K), [Perm : 7338K->7338K(21248K)], 0.3935429 secs] [Times: user=0.39 sys=0.00, real=0.39 secs] 
411.537: [GC411.538: [ParNew: 69952K->69952K(78656K), 0.0000253 secs]411.538: [Tenured: 174458K->174783K(174784K), 0.3899486 secs] 244410K->176251K(253440K), [Perm : 7338K->7338K(21248K)], 0.3903623 secs] [Times: user=0.39 sys=0.00, real=0.39 secs] 
412.055: [Full GC412.055: [Tenured: 174783K->172802K(174784K), 0.3926362 secs] 253439K->172802K(253440K), [Perm : 7338K->7338K(21248K)], 0.3930429 secs] [Times: user=0.39 sys=0.00, real=0.39 secs] 
412.506: [GC412.506: [ParNew: 69952K->69952K(78656K), 0.0000173 secs]412.506: [Tenured: 172802K->166278K(174784K), 0.3892286 secs] 242754K->166278K(253440K), [Perm : 7338K->7338K(21248K)], 0.3896121 secs] [Times: user=0.39 sys=0.00, real=0.39 secs] 
412.964: [GC412.964: [ParNew: 69952K->69952K(78656K), 0.0000160 secs]412.964: [Tenured: 166278K->173153K(174784K), 0.3837722 secs] 236230K->173153K(253440K), [Perm : 7338K->7338K(21248K)], 0.3842327 secs] [Times: user=0.39 sys=0.00, real=0.38 secs] 
413.429: [GC413.429: [ParNew: 69952K->69952K(78656K), 0.0000189 secs]413.429: [Tenured: 173153K->174784K(174784K), 0.3999319 secs] 243105K->175158K(253440K), [Perm : 7338K->7338K(21248K)], 0.4003704 secs] [Times: user=0.40 sys=0.00, real=0.40 secs] 
413.945: [Full GC413.945: [Tenured: 174784K->174783K(174784K), 0.3970814 secs] 253439K->175242K(253440K), [Perm : 7338K->7338K(21248K)], 0.3973768 secs] [Times: user=0.41 sys=0.00, real=0.40 secs] 
414.476: [Full GC414.476: [Tenured: 174783K->164223K(174784K), 0.3948168 secs] 253439K->164223K(253440K), [Perm : 7338K->7338K(21248K)], 0.3951045 secs] [Times: user=0.41 sys=0.00, real=0.40 secs] 
414.936: [GC414.936: [ParNew: 69952K->69952K(78656K), 0.0000173 secs]414.936: [Tenured: 164223K->172340K(174784K), 0.3819380 secs] 234175K->172340K(253440K), [Perm : 7338K->7338K(21248K)], 0.3824393 secs] [Times: user=0.38 sys=0.00, real=0.38 secs] 
415.414: [GC415.414: [ParNew: 69952K->69952K(78656K), 0.0000167 secs]415.415: [Tenured: 172340K->174783K(174784K), 0.3921102 secs] 242292K->175386K(253440K), [Perm : 7338K->7338K(21248K)], 0.3924649 secs] [Times: user=0.41 sys=0.00, real=0.39 secs] 
415.914: [Full GC415.914: [Tenured: 174783K->174783K(174784K), 0.3910121 secs] 253439K->175086K(253440K), [Perm : 7338K->7338K(21248K)], 0.3913485 secs] [Times: user=0.39 sys=0.00, real=0.39 secs] 
416.455: [Full GC416.455: [Tenured: 174783K->167140K(174784K), 0.3971943 secs] 253439K->167140K(253440K), [Perm : 7338K->7338K(21248K)], 0.3976622 secs] [Times: user=0.34 sys=0.00, real=0.40 secs] 
416.909: [GC416.909: [ParNew: 69952K->69952K(78656K), 0.0000167 secs]416.909: [Tenured: 167140K->174783K(174784K), 0.3838244 secs] 237092K->179401K(253440K), [Perm : 7338K->7338K(21248K)], 0.3842241 secs] [Times: user=0.39 sys=0.00, real=0.38 secs] 
417.414: [Full GC417.414: [Tenured: 174783K->171634K(174784K), 0.3903620 secs] 253439K->171634K(253440K), [Perm : 7338K->7338K(21248K)], 0.3906801 secs] [Times: user=0.39 sys=0.00, real=0.39 secs] 
417.881: [GC417.881: [ParNew: 69952K->69952K(78656K), 0.0000173 secs]417.881: [Tenured: 171634K->170519K(174784K), 0.3811814 secs] 241586K->170519K(253440K), [Perm : 7338K->7338K(21248K)], 0.3815576 secs] [Times: user=0.37 sys=0.00, real=0.38 secs] 
418.335: [GC418.335: [ParNew: 69952K->69952K(78656K), 0.0000170 secs]418.335: [Tenured: 170519K->172156K(174784K), 0.4000894 secs] 240471K->172156K(253440K), [Perm : 7338K->7338K(21248K)], 0.4004845 secs] [Times: user=0.39 sys=0.00, real=0.40 secs] 
418.820: [GC418.820: [ParNew: 69952K->69952K(78656K), 0.0000205 secs]418.820: [Tenured: 172156K->174783K(174784K), 0.3868684 secs] 242108K->176448K(253440K), [Perm : 7338K->7338K(21248K)], 0.3872956 secs] [Times: user=0.39 sys=0.00, real=0.39 secs] 
419.331: [Full GC419.331: [Tenured: 174783K->174783K(174784K), 0.4016677 secs] 253439K->174893K(253440K), [Perm : 7338K->7338K(21248K)], 0.4021109 secs] [Times: user=0.39 sys=0.00, real=0.40 secs] 
419.858: [Full GC419.859: [Tenured: 174783K->173498K(174784K), 0.3930265 secs] 253439K->173498K(253440K), [Perm : 7338K->7338K(21248K)], 0.3933517 secs] [Times: user=0.39 sys=0.00, real=0.39 secs] 
420.322: [GC420.322: [ParNew: 69952K->69952K(78656K), 0.0000176 secs]420.322: [Tenured: 173498K->165753K(174784K), 0.3890470 secs] 243450K->165753K(253440K), [Perm : 7338K->7338K(21248K)], 0.3894194 secs] [Times: user=0.39 sys=0.00, real=0.39 secs] 
420.794: [GC420.794: [ParNew: 69952K->69952K(78656K), 0.0000212 secs]420.794: [Tenured: 165753K->169661K(174784K), 0.3682548 secs] 235705K->169661K(253440K), [Perm : 7338K->7338K(21248K)], 0.3687391 secs] [Times: user=0.37 sys=0.00, real=0.37 secs] 
421.233: [GC421.234: [ParNew: 69952K->69952K(78656K), 0.0000202 secs]421.234: [Tenured: 169661K->174342K(174784K), 0.3886163 secs] 239613K->174342K(253440K), [Perm : 7338K->7338K(21248K)], 0.3890563 secs] [Times: user=0.38 sys=0.00, real=0.39 secs] 
421.706: [GC421.706: [ParNew: 69952K->69952K(78656K), 0.0000170 secs]421.706: [Tenured: 174342K->174783K(174784K), 0.3981070 secs] 244294K->176249K(253440K), [Perm : 7339K->7339K(21248K)], 0.3984714 secs] [Times: user=0.37 sys=0.00, real=0.40 secs] 
422.229: [Full GC422.230: [Tenured: 174783K->168205K(174784K), 0.3938707 secs] 253439K->168205K(253440K), [Perm : 7339K->7339K(21248K)], 0.3942552 secs] [Times: user=0.40 sys=0.00, real=0.39 secs] 
422.711: [GC422.711: [ParNew: 69952K->69952K(78656K), 0.0000170 secs] 238157K->238157K(253440K), 0.0002848 secs] [Times: user=0.00 sys=0.00, real=0.00 secs] 
422.712: [Full GC422.712: [Tenured: 168205K->165239K(174784K), 0.3840557 secs] 238157K->165239K(253440K), [Perm : 7339K->7272K(21248K)], 0.3842353 secs] [Times: user=0.39 sys=0.00, real=0.38 secs] 
423.172: [GC423.172: [ParNew: 69952K->69952K(78656K), 0.0000186 secs]423.172: [Tenured: 165239K->174784K(174784K), 0.3869887 secs] 235191K->175144K(253440K), [Perm : 7272K->7272K(21248K)], 0.3874197 secs] [Times: user=0.39 sys=0.00, real=0.39 secs] 
423.689: [Full GC423.689: [Tenured: 174784K->174783K(174784K), 0.3984515 secs] 253440K->180390K(253440K), [Perm : 7322K->7322K(21248K)], 0.3987867 secs] [Times: user=0.39 sys=0.00, real=0.40 secs] 
424.207: [Full GC424.207: [Tenured: 174783K->162838K(174784K), 0.3865477 secs] 253439K->162838K(253440K), [Perm : 7322K->7322K(21248K)], 0.3868459 secs] [Times: user=0.39 sys=0.00, real=0.39 secs] 
424.653: [GC424.653: [ParNew: 69952K->69952K(78656K), 0.0000167 secs]424.653: [Tenured: 162838K->172091K(174784K), 0.3534860 secs] 232790K->172091K(253440K), [Perm : 7323K->7323K(21248K)], 0.3538317 secs] [Times: user=0.34 sys=0.00, real=0.35 secs] 
425.081: [GC425.081: [ParNew: 69952K->69952K(78656K), 0.0000221 secs]425.081: [Tenured: 172091K->171484K(174784K), 0.3849476 secs] 242043K->171484K(253440K), [Perm : 7323K->7323K(21248K)], 0.3853857 secs] [Times: user=0.39 sys=0.00, real=0.38 secs] 
425.554: [GC425.554: [ParNew: 69952K->69952K(78656K), 0.0000180 secs]425.554: [Tenured: 171484K->171898K(174784K), 0.3795149 secs] 241436K->171898K(253440K), [Perm : 7323K->7323K(21248K)], 0.3798825 secs] [Times: user=0.39 sys=0.00, real=0.38 secs] 
426.007: [GC426.007: [ParNew: 69952K->69952K(78656K), 0.0000176 secs] 241850K->241850K(253440K), 0.0002925 secs] [Times: user=0.00 sys=0.00, real=0.00 secs] 
426.007: [Full GC426.007: [Tenured: 171898K->164213K(174784K), 0.3839393 secs] 241850K->164213K(253440K), [Perm : 7323K->7272K(21248K)], 0.3841535 secs] [Times: user=0.39 sys=0.00, real=0.38 secs] 
426.466: [GC426.466: [ParNew: 69952K->69952K(78656K), 0.0000205 secs]426.467: [Tenured: 164213K->174434K(174784K), 0.3753953 secs] 234165K->174434K(253440K), [Perm : 7322K->7322K(21248K)], 0.3757795 secs] [Times: user=0.38 sys=0.00, real=0.38 secs] 
426.916: [GC426.916: [ParNew: 69952K->69952K(78656K), 0.0000282 secs]426.916: [Tenured: 174434K->174783K(174784K), 0.3927844 secs] 244386K->178825K(253440K), [Perm : 7322K->7322K(21248K)], 0.3932555 secs] [Times: user=0.39 sys=0.00, real=0.39 secs] 
427.434: [Full GC427.434: [Tenured: 174783K->172313K(174784K), 0.3862013 secs] 253439K->172313K(253440K), [Perm : 7322K->7322K(21248K)], 0.3864941 secs] [Times: user=0.39 sys=0.00, real=0.39 secs] 
427.885: [GC427.885: [ParNew: 69952K->69952K(78656K), 0.0000180 secs]427.885: [Tenured: 172313K->166910K(174784K), 0.3897392 secs] 242265K->166910K(253440K), [Perm : 7323K->7323K(21248K)], 0.3901099 secs] [Times: user=0.39 sys=0.00, real=0.39 secs] 
428.347: [GC428.348: [ParNew: 69952K->69952K(78656K), 0.0000176 secs]428.348: [Tenured: 166910K->174783K(174784K), 0.3866016 secs] 236862K->174858K(253440K), [Perm : 7323K->7323K(21248K)], 0.3869912 secs] [Times: user=0.37 sys=0.01, real=0.39 secs] 
428.869: [Full GC428.869: [Tenured: 174783K->170331K(174784K), 0.3832276 secs] 253439K->170331K(253440K), [Perm : 7323K->7323K(21248K)], 0.3835396 secs] [Times: user=0.39 sys=0.00, real=0.38 secs] 
429.324: [GC429.324: [ParNew: 69952K->69952K(78656K), 0.0000170 secs]429.324: [Tenured: 170331K->172794K(174784K), 0.3845422 secs] 240283K->172794K(253440K), [Perm : 7326K->7326K(21248K)], 0.3849457 secs] [Times: user=0.39 sys=0.00, real=0.38 secs] 
429.797: [GC429.797: [ParNew: 69952K->69952K(78656K), 0.0000170 secs]429.797: [Tenured: 172794K->166310K(174784K), 0.3856259 secs] 242746K->166310K(253440K), [Perm : 7326K->7326K(21248K)], 0.3859915 secs] [Times: user=0.39 sys=0.00, real=0.39 secs] 
430.267: [GC430.267: [ParNew: 69952K->69952K(78656K), 0.0000167 secs]430.267: [Tenured: 166310K->174783K(174784K), 0.3898690 secs] 236262K->177483K(253440K), [Perm : 7326K->7326K(21248K)], 0.3902231 secs] [Times: user=0.39 sys=0.00, real=0.39 secs] 
430.790: [Full GC430.790: [Tenured: 174783K->174784K(174784K), 0.3902084 secs] 253439K->174920K(253440K), [Perm : 7326K->7326K(21248K)], 0.3905410 secs] [Times: user=0.39 sys=0.00, real=0.39 secs] 
431.305: [Full GC431.305: [Tenured: 174784K->174783K(174784K), 0.3927805 secs] 253439K->175247K(253440K), [Perm : 7326K->7326K(21248K)], 0.3930669 secs] [Times: user=0.39 sys=0.00, real=0.39 secs] 
431.823: [Full GC431.824: [Tenured: 174783K->160995K(174784K), 0.3841092 secs] 253439K->160995K(253440K), [Perm : 7329K->7329K(21248K)], 0.3844338 secs] [Times: user=0.37 sys=0.00, real=0.38 secs] 
432.278: [GC432.278: [ParNew: 69952K->69952K(78656K), 0.0000164 secs]432.278: [Tenured: 160995K->168576K(174784K), 0.3786278 secs] 230947K->168576K(253440K), [Perm : 7329K->7329K(21248K)], 0.3789950 secs] [Times: user=0.38 sys=0.00, real=0.38 secs] 
432.742: [GC432.742: [ParNew: 69952K->69952K(78656K), 0.0000164 secs]432.742: [Tenured: 168576K->171022K(174784K), 0.3816865 secs] 238528K->171022K(253440K), [Perm : 7329K->7329K(21248K)], 0.3820419 secs] [Times: user=0.39 sys=0.00, real=0.38 secs] 
433.200: [GC433.200: [ParNew: 69952K->69952K(78656K), 0.0000189 secs]433.200: [Tenured: 171022K->172133K(174784K), 0.3845878 secs] 240974K->172133K(253440K), [Perm : 7329K->7329K(21248K)], 0.3850291 secs] [Times: user=0.38 sys=0.00, real=0.38 secs] 
433.673: [GC433.674: [ParNew: 69952K->69952K(78656K), 0.0000170 secs]433.674: [Tenured: 172133K->163751K(174784K), 0.3797705 secs] 242085K->163751K(253440K), [Perm : 7329K->7329K(21248K)], 0.3801689 secs] [Times: user=0.37 sys=0.00, real=0.38 secs] 
434.127: [GC434.127: [ParNew: 69952K->69952K(78656K), 0.0000176 secs]434.127: [Tenured: 163751K->174783K(174784K), 0.3837071 secs] 233703K->175005K(253440K), [Perm : 7329K->7329K(21248K)], 0.3841455 secs] [Times: user=0.39 sys=0.00, real=0.38 secs] 
434.641: [Full GC434.641: [Tenured: 174783K->170243K(174784K), 0.3800842 secs] 253439K->170243K(253440K), [Perm : 7329K->7329K(21248K)], 0.3803793 secs] [Times: user=0.36 sys=0.00, real=0.38 secs] 
435.094: [GC435.094: [ParNew: 69952K->69952K(78656K), 0.0000205 secs]435.094: [Tenured: 170243K->168720K(174784K), 0.3772776 secs] 240195K->168720K(253440K), [Perm : 7329K->7329K(21248K)], 0.3777619 secs] [Times: user=0.38 sys=0.00, real=0.38 secs] 
435.554: [GC435.554: [ParNew: 69952K->69952K(78656K), 0.0000308 secs]435.554: [Tenured: 168720K->168977K(174784K), 0.3941741 secs] 238672K->168977K(253440K), [Perm : 7329K->7329K(21248K)], 0.3946911 secs] [Times: user=0.40 sys=0.00, real=0.39 secs] 
436.019: [GC436.020: [ParNew: 69952K->69952K(78656K), 0.0000160 secs]436.020: [Tenured: 168977K->173285K(174784K), 0.3894415 secs] 238929K->173285K(253440K), [Perm : 7329K->7329K(21248K)], 0.3898197 secs] [Times: user=0.39 sys=0.00, real=0.39 secs] 
436.489: [GC436.489: [ParNew: 69952K->69952K(78656K), 0.0000208 secs]436.489: [Tenured: 173285K->171737K(174784K), 0.3797263 secs] 243237K->171737K(253440K), [Perm : 7329K->7329K(21248K)], 0.3801702 secs] [Times: user=0.39 sys=0.00, real=0.38 secs] 
436.945: [GC436.945: [ParNew: 69952K->69952K(78656K), 0.0000183 secs]436.945: [Tenured: 171737K->172918K(174784K), 0.3819832 secs] 241689K->172918K(253440K), [Perm : 7329K->7329K(21248K)], 0.3823799 secs] [Times: user=0.37 sys=0.00, real=0.38 secs] 
437.400: [GC437.400: [ParNew: 69952K->69952K(78656K), 0.0000176 secs]437.400: [Tenured: 172918K->166665K(174784K), 0.3827330 secs] 242870K->166665K(253440K), [Perm : 7329K->7329K(21248K)], 0.3830720 secs] [Times: user=0.38 sys=0.00, real=0.38 secs] 
437.853: [GC437.853: [ParNew: 69952K->69952K(78656K), 0.0000167 secs]437.853: [Tenured: 166665K->173990K(174784K), 0.3766734 secs] 236617K->173990K(253440K), [Perm : 7329K->7329K(21248K)], 0.3770374 secs] [Times: user=0.37 sys=0.00, real=0.38 secs] 
438.304: [GC438.304: [ParNew: 69952K->69952K(78656K), 0.0000167 secs]438.304: [Tenured: 173990K->169522K(174784K), 0.3746169 secs] 243942K->169522K(253440K), [Perm : 7329K->7329K(21248K)], 0.3749928 secs] [Times: user=0.37 sys=0.00, real=0.38 secs] 
438.769: [GC438.770: [ParNew: 69952K->69952K(78656K), 0.0000170 secs]438.770: [Tenured: 169522K->173551K(174784K), 0.3803033 secs] 239474K->173551K(253440K), [Perm : 7329K->7329K(21248K)], 0.3806798 secs] [Times: user=0.37 sys=0.00, real=0.38 secs] 
439.225: [GC439.225: [ParNew: 69952K->69952K(78656K), 0.0000247 secs]439.225: [Tenured: 173551K->167747K(174784K), 0.3876981 secs] 243503K->167747K(253440K), [Perm : 7329K->7329K(21248K)], 0.3881202 secs] [Times: user=0.39 sys=0.00, real=0.39 secs] 
439.696: [GC439.696: [ParNew: 69952K->69952K(78656K), 0.0000180 secs]439.696: [Tenured: 167747K->174783K(174784K), 0.3806843 secs] 237699K->175405K(253440K), [Perm : 7329K->7329K(21248K)], 0.3810518 secs] [Times: user=0.37 sys=0.00, real=0.38 secs] 
440.208: [Full GC440.208: [Tenured: 174783K->171611K(174784K), 0.3861471 secs] 253439K->171611K(253440K), [Perm : 7329K->7329K(21248K)], 0.3864515 secs] [Times: user=0.39 sys=0.00, real=0.39 secs] 
440.656: [GC440.656: [ParNew: 69952K->69952K(78656K), 0.0000176 secs]440.656: [Tenured: 171611K->170786K(174784K), 0.3781698 secs] 241563K->170786K(253440K), [Perm : 7329K->7329K(21248K)], 0.3785396 secs] [Times: user=0.37 sys=0.00, real=0.38 secs] 
441.109: [GC441.109: [ParNew: 69952K->69952K(78656K), 0.0000167 secs]441.109: [Tenured: 170786K->164234K(174784K), 0.3882985 secs] 240738K->164234K(253440K), [Perm : 7329K->7329K(21248K)], 0.3887023 secs] [Times: user=0.37 sys=0.00, real=0.39 secs] 
441.571: [GC441.571: [ParNew: 69952K->69952K(78656K), 0.0000164 secs]441.571: [Tenured: 164234K->173833K(174784K), 0.3582766 secs] 234186K->173833K(253440K), [Perm : 7332K->7332K(21248K)], 0.3586406 secs] [Times: user=0.36 sys=0.00, real=0.36 secs] 
442.004: [GC442.004: [ParNew: 69951K->69951K(78656K), 0.0000189 secs]442.004: [Tenured: 173833K->171268K(174784K), 0.3847324 secs] 243785K->171268K(253440K), [Perm : 7332K->7332K(21248K)], 0.3851683 secs] [Times: user=0.39 sys=0.00, real=0.38 secs] 
442.480: [GC442.480: [ParNew: 69952K->69952K(78656K), 0.0000266 secs]442.480: [Tenured: 171268K->171576K(174784K), 0.3869373 secs] 241220K->171576K(253440K), [Perm : 7332K->7332K(21248K)], 0.3874418 secs] [Times: user=0.39 sys=0.00, real=0.39 secs] 
442.933: [GC442.933: [ParNew: 69952K->69952K(78656K), 0.0000173 secs] 241528K->241528K(253440K), 0.0002826 secs] [Times: user=0.00 sys=0.00, real=0.00 secs] 
442.933: [Full GC442.933: [Tenured: 171576K->165344K(174784K), 0.3833055 secs] 241528K->165344K(253440K), [Perm : 7332K->7274K(21248K)], 0.3834989 secs] [Times: user=0.39 sys=0.00, real=0.38 secs] 
443.387: [GC443.387: [ParNew: 69952K->69952K(78656K), 0.0000167 secs]443.387: [Tenured: 165344K->174783K(174784K), 0.3847039 secs] 235296K->176070K(253440K), [Perm : 7282K->7282K(21248K)], 0.3850688 secs] [Times: user=0.38 sys=0.00, real=0.38 secs] 
443.909: [Full GC443.909: [Tenured: 174783K->172740K(174784K), 0.3859357 secs] 253439K->172740K(253440K), [Perm : 7323K->7323K(21248K)], 0.3862696 secs] [Times: user=0.39 sys=0.00, real=0.39 secs] 
444.364: [GC444.365: [ParNew: 69952K->69952K(78656K), 0.0000170 secs]444.365: [Tenured: 172740K->169936K(174784K), 0.3909813 secs] 242692K->169936K(253440K), [Perm : 7323K->7323K(21248K)], 0.3913251 secs] [Times: user=0.38 sys=0.00, real=0.39 secs] 
444.841: [GC444.842: [ParNew: 69952K->69952K(78656K), 0.0000167 secs]444.842: [Tenured: 169936K->160384K(174784K), 0.3752766 secs] 239888K->160384K(253440K), [Perm : 7324K->7324K(21248K)], 0.3756948 secs] [Times: user=0.37 sys=0.00, real=0.38 secs] 
445.288: [GC445.288: [ParNew: 69952K->69952K(78656K), 0.0000189 secs]445.288: [Tenured: 160384K->170257K(174784K), 0.3735989 secs] 230336K->170257K(253440K), [Perm : 7324K->7324K(21248K)], 0.3740505 secs] [Times: user=0.38 sys=0.00, real=0.37 secs] 
445.748: [GC445.748: [ParNew: 69952K->69952K(78656K), 0.0000221 secs]445.748: [Tenured: 170257K->174784K(174784K), 0.3852921 secs] 240209K->175682K(253440K), [Perm : 7324K->7324K(21248K)], 0.3857510 secs] [Times: user=0.39 sys=0.00, real=0.39 secs] 
446.257: [Full GC446.258: [Tenured: 174784K->174783K(174784K), 0.3998909 secs] 253439K->178421K(253440K), [Perm : 7327K->7327K(21248K)], 0.4002430 secs] [Times: user=0.39 sys=0.00, real=0.40 secs] 
446.785: [Full GC446.785: [Tenured: 174783K->168634K(174784K), 0.3975230 secs] 253439K->168634K(253440K), [Perm : 7327K->7327K(21248K)], 0.3979002 secs] [Times: user=0.41 sys=0.00, real=0.40 secs] 
447.253: [GC447.253: [ParNew: 69952K->69952K(78656K), 0.0000173 secs] 238586K->238586K(253440K), 0.0002716 secs] [Times: user=0.00 sys=0.00, real=0.00 secs] 
447.253: [Full GC447.253: [Tenured: 168634K->166965K(174784K), 0.3943630 secs] 238586K->166965K(253440K), [Perm : 7327K->7274K(21248K)], 0.3945929 secs] [Times: user=0.39 sys=0.01, real=0.39 secs] 
447.731: [GC447.731: [ParNew: 69952K->69952K(78656K), 0.0000167 secs]447.731: [Tenured: 166965K->174783K(174784K), 0.3834309 secs] 236917K->174908K(253440K), [Perm : 7326K->7326K(21248K)], 0.3838267 secs] [Times: user=0.31 sys=0.00, real=0.38 secs] 
448.238: [Full GC448.239: [Tenured: 174783K->166105K(174784K), 0.3780678 secs] 253439K->166105K(253440K), [Perm : 7326K->7326K(21248K)], 0.3784402 secs] [Times: user=0.38 sys=0.00, real=0.38 secs] 
448.698: [GC448.698: [ParNew: 69952K->69952K(78656K), 0.0000176 secs]448.698: [Tenured: 166105K->162101K(174784K), 0.3799508 secs] 236057K->162101K(253440K), [Perm : 7326K->7326K(21248K)], 0.3804008 secs] [Times: user=0.37 sys=0.00, real=0.38 secs] 
449.152: [GC449.152: [ParNew: 69952K->69952K(78656K), 0.0000167 secs]449.152: [Tenured: 162101K->172656K(174784K), 0.3818636 secs] 232053K->172656K(253440K), [Perm : 7326K->7326K(21248K)], 0.3822356 secs] [Times: user=0.39 sys=0.00, real=0.38 secs] 
449.616: [GC449.616: [ParNew: 69952K->69952K(78656K), 0.0000176 secs]449.617: [Tenured: 172656K->174473K(174784K), 0.3823719 secs] 242608K->174473K(253440K), [Perm : 7326K->7326K(21248K)], 0.3827677 secs] [Times: user=0.38 sys=0.00, real=0.38 secs] 
450.085: [GC450.085: [ParNew: 69952K->69952K(78656K), 0.0000234 secs]450.085: [Tenured: 174473K->174783K(174784K), 0.3920105 secs] 244425K->178481K(253440K), [Perm : 7326K->7326K(21248K)], 0.3925179 secs] [Times: user=0.39 sys=0.00, real=0.39 secs] 
450.616: [Full GC450.616: [Tenured: 174783K->164703K(174784K), 0.3877680 secs] 253439K->164703K(253440K), [Perm : 7329K->7329K(21248K)], 0.3881493 secs] [Times: user=0.39 sys=0.00, real=0.39 secs] 
451.075: [GC451.075: [ParNew: 69952K->69952K(78656K), 0.0000183 secs]451.075: [Tenured: 164703K->171638K(174784K), 0.3808491 secs] 234655K->171638K(253440K), [Perm : 7329K->7329K(21248K)], 0.3812256 secs] [Times: user=0.39 sys=0.00, real=0.38 secs] 
451.534: [GC451.534: [ParNew: 69952K->69952K(78656K), 0.0000167 secs]451.534: [Tenured: 171638K->167157K(174784K), 0.3707590 secs] 241590K->167157K(253440K), [Perm : 7329K->7329K(21248K)], 0.3711268 secs] [Times: user=0.38 sys=0.00, real=0.37 secs] 
451.982: [GC451.982: [ParNew: 69952K->69952K(78656K), 0.0000199 secs]451.982: [Tenured: 167157K->163962K(174784K), 0.3676422 secs] 237109K->163962K(253440K), [Perm : 7329K->7329K(21248K)], 0.3680620 secs] [Times: user=0.36 sys=0.00, real=0.37 secs] 
452.436: [GC452.436: [ParNew: 69952K->69952K(78656K), 0.0000154 secs]452.436: [Tenured: 163962K->167403K(174784K), 0.3878238 secs] 233914K->167403K(253440K), [Perm : 7331K->7331K(21248K)], 0.3881798 secs] [Times: user=0.37 sys=0.00, real=0.39 secs] 
452.891: [GC452.891: [ParNew: 69952K->69952K(78656K), 0.0000170 secs]452.891: [Tenured: 167403K->174783K(174784K), 0.3946834 secs] 237355K->180179K(253440K), [Perm : 7331K->7331K(21248K)], 0.3950631 secs] [Times: user=0.39 sys=0.00, real=0.39 secs] 
453.405: [Full GC453.405: [Tenured: 174783K->174784K(174784K), 0.4032777 secs] 253439K->181213K(253440K), [Perm : 7331K->7331K(21248K)], 0.4036080 secs] [Times: user=0.41 sys=0.00, real=0.40 secs] 
453.937: [Full GC453.937: [Tenured: 174784K->174784K(174784K), 0.3983049 secs] 253440K->177188K(253440K), [Perm : 7331K->7331K(21248K)], 0.3985961 secs] [Times: user=0.39 sys=0.00, real=0.40 secs] 
454.480: [Full GC454.480: [Tenured: 174784K->166578K(174784K), 0.3964409 secs] 253439K->166578K(253440K), [Perm : 7331K->7331K(21248K)], 0.3968033 secs] [Times: user=0.39 sys=0.00, real=0.40 secs] 
454.936: [GC454.936: [ParNew: 69952K->69952K(78656K), 0.0000160 secs]454.936: [Tenured: 166578K->173527K(174784K), 0.3861080 secs] 236530K->173527K(253440K), [Perm : 7331K->7331K(21248K)], 0.3864531 secs] [Times: user=0.39 sys=0.00, real=0.39 secs] 
455.392: [GC455.393: [ParNew: 69952K->69952K(78656K), 0.0000167 secs]455.393: [Tenured: 173527K->169384K(174784K), 0.3806936 secs] 243479K->169384K(253440K), [Perm : 7331K->7331K(21248K)], 0.3810441 secs] [Times: user=0.39 sys=0.00, real=0.38 secs] 
455.854: [GC455.854: [ParNew: 69952K->69952K(78656K), 0.0000170 secs]455.854: [Tenured: 169384K->171461K(174784K), 0.3807552 secs] 239336K->171461K(253440K), [Perm : 7331K->7331K(21248K)], 0.3811298 secs] [Times: user=0.37 sys=0.00, real=0.38 secs] 
456.307: [GC456.307: [ParNew: 69952K->69952K(78656K), 0.0000176 secs]456.307: [Tenured: 171461K->170104K(174784K), 0.3964685 secs] 241413K->170104K(253440K), [Perm : 7331K->7331K(21248K)], 0.3968543 secs] [Times: user=0.39 sys=0.00, real=0.40 secs] 
456.788: [GC456.789: [ParNew: 69952K->69952K(78656K), 0.0000654 secs]456.789: [Tenured: 170104K->174783K(174784K), 0.3973447 secs] 240056K->179969K(253440K), [Perm : 7331K->7331K(21248K)], 0.3978271 secs] [Times: user=0.39 sys=0.00, real=0.40 secs] 
457.303: [Full GC457.303: [Tenured: 174783K->174784K(174784K), 0.3911862 secs] 253439K->174927K(253440K), [Perm : 7331K->7331K(21248K)], 0.3914752 secs] [Times: user=0.39 sys=0.00, real=0.39 secs] 
457.817: [Full GC457.818: [Tenured: 174784K->174526K(174784K), 0.3919970 secs] 253439K->174526K(253440K), [Perm : 7331K->7331K(21248K)], 0.3924483 secs] [Times: user=0.39 sys=0.00, real=0.39 secs] 
458.278: [GC458.278: [ParNew: 69952K->69952K(78656K), 0.0000170 secs]458.278: [Tenured: 174526K->160794K(174784K), 0.3773405 secs] 244478K->160794K(253440K), [Perm : 7331K->7331K(21248K)], 0.3777006 secs] [Times: user=0.37 sys=0.00, real=0.38 secs] 
458.742: [GC458.742: [ParNew: 69952K->69952K(78656K), 0.0000167 secs]458.742: [Tenured: 160794K->169310K(174784K), 0.3683350 secs] 230746K->169310K(253440K), [Perm : 7331K->7331K(21248K)], 0.3687349 secs] [Times: user=0.37 sys=0.00, real=0.37 secs] 
459.181: [GC459.181: [ParNew: 69952K->69952K(78656K), 0.0000180 secs]459.181: [Tenured: 169310K->174035K(174784K), 0.3854835 secs] 239262K->174035K(253440K), [Perm : 7331K->7331K(21248K)], 0.3858584 secs] [Times: user=0.39 sys=0.00, real=0.39 secs] 
459.652: [GC459.652: [ParNew: 69952K->69952K(78656K), 0.0000208 secs] 243987K->243987K(253440K), 0.0003384 secs] [Times: user=0.00 sys=0.00, real=0.00 secs] 
459.652: [Full GC459.652: [Tenured: 174035K->164954K(174784K), 0.3811243 secs] 243987K->164954K(253440K), [Perm : 7331K->7276K(21248K)], 0.3813190 secs] [Times: user=0.39 sys=0.00, real=0.38 secs] 
460.110: [GC460.110: [ParNew: 69952K->69952K(78656K), 0.0000176 secs]460.110: [Tenured: 164954K->161460K(174784K), 0.3781435 secs] 234906K->161460K(253440K), [Perm : 7282K->7282K(21248K)], 0.3785614 secs] [Times: user=0.38 sys=0.00, real=0.38 secs] 
460.564: [GC460.565: [ParNew: 69952K->69952K(78656K), 0.0000208 secs]460.565: [Tenured: 161460K->174784K(174784K), 0.3700252 secs] 231412K->175390K(253440K), [Perm : 7326K->7326K(21248K)], 0.3705457 secs] [Times: user=0.36 sys=0.00, real=0.37 secs] 
461.060: [Full GC461.061: [Tenured: 174784K->174784K(174784K), 0.3914880 secs] 253439K->175588K(253440K), [Perm : 7326K->7326K(21248K)], 0.3918790 secs] [Times: user=0.39 sys=0.02, real=0.39 secs] 
461.563: [Full GC461.563: [Tenured: 174784K->174690K(174784K), 0.3909364 secs] 253439K->174690K(253440K), [Perm : 7326K->7326K(21248K)], 0.3912680 secs] [Times: user=0.39 sys=0.00, real=0.39 secs] 
462.029: [GC462.030: [ParNew: 69952K->69952K(78656K), 0.0000189 secs]462.030: [Tenured: 174690K->164074K(174784K), 0.3910756 secs] 244642K->164074K(253440K), [Perm : 7326K->7326K(21248K)], 0.3914778 secs] [Times: user=0.39 sys=0.00, real=0.39 secs] 
462.502: [GC462.502: [ParNew: 69952K->69952K(78656K), 0.0000167 secs]462.502: [Tenured: 164074K->172226K(174784K), 0.3861163 secs] 234026K->172226K(253440K), [Perm : 7329K->7329K(21248K)], 0.3864697 secs] [Times: user=0.39 sys=0.00, real=0.39 secs] 
462.955: [GC462.955: [ParNew: 69952K->69952K(78656K), 0.0000164 secs]462.955: [Tenured: 172226K->171319K(174784K), 0.3913735 secs] 242178K->171319K(253440K), [Perm : 7329K->7329K(21248K)], 0.3918139 secs] [Times: user=0.36 sys=0.00, real=0.39 secs] 
463.444: [GC463.444: [ParNew: 69952K->69952K(78656K), 0.0000164 secs]463.444: [Tenured: 171319K->174783K(174784K), 0.4040731 secs] 241271K->181253K(253440K), [Perm : 7329K->7329K(21248K)], 0.4044429 secs] [Times: user=0.41 sys=0.00, real=0.40 secs] 
463.954: [Full GC463.955: [Tenured: 174783K->174122K(174784K), 0.4045384 secs] 253439K->174122K(253440K), [Perm : 7329K->7329K(21248K)], 0.4048258 secs] [Times: user=0.41 sys=0.00, real=0.40 secs] 
464.440: [GC464.440: [ParNew: 69952K->69952K(78656K), 0.0000170 secs]464.440: [Tenured: 174122K->174783K(174784K), 0.3978752 secs] 244074K->181209K(253440K), [Perm : 7329K->7329K(21248K)], 0.3982629 secs] [Times: user=0.41 sys=0.00, real=0.40 secs] 
464.951: [Full GC464.951: [Tenured: 174783K->171560K(174784K), 0.3855438 secs] 253439K->171560K(253440K), [Perm : 7329K->7329K(21248K)], 0.3859685 secs] [Times: user=0.39 sys=0.00, real=0.39 secs] 
465.403: [GC465.403: [ParNew: 69952K->69952K(78656K), 0.0000167 secs]465.403: [Tenured: 171560K->170703K(174784K), 0.3783174 secs] 241512K->170703K(253440K), [Perm : 7329K->7329K(21248K)], 0.3787029 secs] [Times: user=0.37 sys=0.00, real=0.38 secs] 
465.866: [GC465.866: [ParNew: 69952K->69952K(78656K), 0.0000176 secs]465.866: [Tenured: 170703K->162827K(174784K), 0.3795884 secs] 240655K->162827K(253440K), [Perm : 7331K->7331K(21248K)], 0.3800919 secs] [Times: user=0.38 sys=0.00, real=0.38 secs] 
466.314: [GC466.314: [ParNew: 69952K->69952K(78656K), 0.0000208 secs]466.314: [Tenured: 162827K->171104K(174784K), 0.3765996 secs] 232779K->171104K(253440K), [Perm : 7331K->7331K(21248K)], 0.3769957 secs] [Times: user=0.37 sys=0.00, real=0.38 secs] 
466.782: [GC466.782: [ParNew: 69952K->69952K(78656K), 0.0000183 secs]466.782: [Tenured: 171104K->172243K(174784K), 0.3807651 secs] 241056K->172243K(253440K), [Perm : 7331K->7331K(21248K)], 0.3811634 secs] [Times: user=0.39 sys=0.00, real=0.38 secs] 
467.233: [GC467.233: [ParNew: 69952K->69952K(78656K), 0.0000183 secs]467.233: [Tenured: 172243K->174783K(174784K), 0.3838270 secs] 242195K->175010K(253440K), [Perm : 7331K->7331K(21248K)], 0.3843055 secs] [Times: user=0.39 sys=0.00, real=0.38 secs] 
467.760: [Full GC467.760: [Tenured: 174784K->168854K(174784K), 0.3943267 secs] 253439K->168854K(253440K), [Perm : 7331K->7331K(21248K)], 0.3946074 secs] [Times: user=0.39 sys=0.00, real=0.39 secs] 
468.226: [GC468.227: [ParNew: 69952K->69952K(78656K), 0.0000208 secs]468.227: [Tenured: 168854K->174783K(174784K), 0.3955904 secs] 238806K->179038K(253440K), [Perm : 7331K->7331K(21248K)], 0.3960092 secs] [Times: user=0.39 sys=0.00, real=0.40 secs] 
468.752: [Full GC468.752: [Tenured: 174783K->173379K(174784K), 0.3887446 secs] 253439K->173379K(253440K), [Perm : 7331K->7331K(21248K)], 0.3890374 secs] [Times: user=0.39 sys=0.00, real=0.39 secs] 
469.214: [GC469.214: [ParNew: 69952K->69952K(78656K), 0.0000183 secs]469.214: [Tenured: 173379K->166268K(174784K), 0.3816926 secs] 243331K->166268K(253440K), [Perm : 7331K->7331K(21248K)], 0.3821342 secs] [Times: user=0.39 sys=0.00, real=0.38 secs] 
469.678: [GC469.678: [ParNew: 69952K->69952K(78656K), 0.0000180 secs]469.678: [Tenured: 166268K->162975K(174784K), 0.3852779 secs] 236220K->162975K(253440K), [Perm : 7331K->7331K(21248K)], 0.3856497 secs] [Times: user=0.39 sys=0.00, real=0.39 secs] 
470.142: [GC470.142: [ParNew: 69952K->69952K(78656K), 0.0000173 secs]470.142: [Tenured: 162975K->174783K(174784K), 0.3916054 secs] 232927K->174825K(253440K), [Perm : 7331K->7331K(21248K)], 0.3919566 secs] [Times: user=0.39 sys=0.00, real=0.39 secs] 
470.665: [Full GC470.665: [Tenured: 174783K->174783K(174784K), 0.3950150 secs] 253439K->178209K(253440K), [Perm : 7331K->7331K(21248K)], 0.3953431 secs] [Times: user=0.41 sys=0.00, real=0.40 secs] 
471.184: [Full GC471.184: [Tenured: 174783K->174663K(174784K), 0.3936086 secs] 253439K->174663K(253440K), [Perm : 7331K->7331K(21248K)], 0.3940522 secs] [Times: user=0.40 sys=0.00, real=0.39 secs] 
471.636: [GC471.637: [ParNew: 69952K->69952K(78656K), 0.0000176 secs]471.637: [Tenured: 174663K->168768K(174784K), 0.3929672 secs] 244615K->168768K(253440K), [Perm : 7331K->7331K(21248K)], 0.3933617 secs] [Times: user=0.41 sys=0.00, real=0.39 secs] 
472.106: [GC472.106: [ParNew: 69952K->69952K(78656K), 0.0000202 secs]472.106: [Tenured: 168768K->174356K(174784K), 0.3925361 secs] 238720K->174356K(253440K), [Perm : 7331K->7331K(21248K)], 0.3929650 secs] [Times: user=0.39 sys=0.00, real=0.39 secs] 
472.582: [GC472.582: [ParNew: 69952K->69952K(78656K), 0.0000180 secs]472.582: [Tenured: 174356K->170490K(174784K), 0.3809402 secs] 244308K->170490K(253440K), [Perm : 7331K->7331K(21248K)], 0.3813373 secs] [Times: user=0.39 sys=0.00, real=0.38 secs] 
473.039: [GC473.040: [ParNew: 69952K->69952K(78656K), 0.0000170 secs]473.040: [Tenured: 170490K->171935K(174784K), 0.3830887 secs] 240442K->171935K(253440K), [Perm : 7331K->7331K(21248K)], 0.3834745 secs] [Times: user=0.39 sys=0.00, real=0.38 secs] 
473.505: [GC473.505: [ParNew: 69952K->69952K(78656K), 0.0000186 secs]473.505: [Tenured: 171935K->163377K(174784K), 0.3785322 secs] 241887K->163377K(253440K), [Perm : 7331K->7331K(21248K)], 0.3789575 secs] [Times: user=0.39 sys=0.00, real=0.38 secs] 
473.960: [GC473.961: [ParNew: 69952K->69952K(78656K), 0.0000176 secs]473.961: [Tenured: 163377K->174783K(174784K), 0.3890406 secs] 233329K->175841K(253440K), [Perm : 7331K->7331K(21248K)], 0.3894544 secs] [Times: user=0.39 sys=0.00, real=0.39 secs] 
474.489: [Full GC474.490: [Tenured: 174783K->174783K(174784K), 0.3976208 secs] 253439K->177760K(253440K), [Perm : 7331K->7331K(21248K)], 0.3980416 secs] [Times: user=0.41 sys=0.00, real=0.40 secs] 
474.998: [Full GC474.998: [Tenured: 174783K->174784K(174784K), 0.4044711 secs] 253439K->179544K(253440K), [Perm : 7331K->7331K(21248K)], 0.4047552 secs] [Times: user=0.41 sys=0.00, real=0.40 secs] 
475.532: [Full GC475.532: [Tenured: 174784K->163808K(174784K), 0.3931429 secs] 253439K->163808K(253440K), [Perm : 7334K->7334K(21248K)], 0.3934287 secs] [Times: user=0.39 sys=0.00, real=0.39 secs] 
475.992: [GC475.992: [ParNew: 69952K->69952K(78656K), 0.0000167 secs]475.992: [Tenured: 163808K->168905K(174784K), 0.3860791 secs] 233760K->168905K(253440K), [Perm : 7334K->7334K(21248K)], 0.3864242 secs] [Times: user=0.37 sys=0.00, real=0.39 secs] 
476.460: [GC476.460: [ParNew: 69952K->69952K(78656K), 0.0000167 secs]476.460: [Tenured: 168905K->172460K(174784K), 0.3887007 secs] 238857K->172460K(253440K), [Perm : 7334K->7334K(21248K)], 0.3890849 secs] [Times: user=0.39 sys=0.00, real=0.39 secs] 
476.916: [GC476.916: [ParNew: 69952K->69952K(78656K), 0.0000170 secs]476.916: [Tenured: 172460K->174783K(174784K), 0.3969339 secs] 242412K->175718K(253440K), [Perm : 7334K->7334K(21248K)], 0.3973585 secs] [Times: user=0.39 sys=0.00, real=0.40 secs] 
477.431: [Full GC477.432: [Tenured: 174783K->164279K(174784K), 0.3930721 secs] 253439K->164279K(253440K), [Perm : 7334K->7334K(21248K)], 0.3933780 secs] [Times: user=0.39 sys=0.00, real=0.39 secs] 
477.905: [GC477.905: [ParNew: 69952K->69952K(78656K), 0.0000160 secs]477.905: [Tenured: 164279K->174784K(174784K), 0.3894252 secs] 234231K->176329K(253440K), [Perm : 7334K->7334K(21248K)], 0.3898043 secs] [Times: user=0.39 sys=0.00, real=0.39 secs] 
478.414: [Full GC478.414: [Tenured: 174784K->174783K(174784K), 0.4015843 secs] 253440K->179379K(253440K), [Perm : 7334K->7334K(21248K)], 0.4019259 secs] [Times: user=0.37 sys=0.00, real=0.40 secs] 
478.943: [Full GC478.943: [Tenured: 174783K->174783K(174784K), 0.3944925 secs] 253439K->175448K(253440K), [Perm : 7334K->7334K(21248K)], 0.3947838 secs] [Times: user=0.39 sys=0.00, real=0.40 secs] 
479.464: [Full GC479.464: [Tenured: 174783K->162294K(174784K), 0.3860464 secs] 253439K->162294K(253440K), [Perm : 7334K->7334K(21248K)], 0.3863511 secs] [Times: user=0.39 sys=0.00, real=0.39 secs] 
479.907: [GC479.908: [ParNew: 69952K->69952K(78656K), 0.0000164 secs]479.908: [Tenured: 162294K->168356K(174784K), 0.3742442 secs] 232246K->168356K(253440K), [Perm : 7334K->7334K(21248K)], 0.3746140 secs] [Times: user=0.38 sys=0.00, real=0.37 secs] 
480.358: [GC480.358: [ParNew: 69952K->69952K(78656K), 0.0000180 secs]480.358: [Tenured: 168356K->167037K(174784K), 0.3718504 secs] 238308K->167037K(253440K), [Perm : 7334K->7334K(21248K)], 0.3722128 secs] [Times: user=0.36 sys=0.00, real=0.37 secs] 
480.819: [GC480.819: [ParNew: 69952K->69952K(78656K), 0.0000176 secs]480.819: [Tenured: 167037K->172008K(174784K), 0.3805695 secs] 236989K->172008K(253440K), [Perm : 7334K->7334K(21248K)], 0.3809457 secs] [Times: user=0.39 sys=0.00, real=0.38 secs] 
481.268: [GC481.268: [ParNew: 69952K->69952K(78656K), 0.0000167 secs]481.268: [Tenured: 172008K->163752K(174784K), 0.3813911 secs] 241960K->163752K(253440K), [Perm : 7334K->7334K(21248K)], 0.3817536 secs] [Times: user=0.38 sys=0.00, real=0.38 secs] 
481.740: [GC481.741: [ParNew: 69952K->69952K(78656K), 0.0000173 secs]481.741: [Tenured: 163752K->174783K(174784K), 0.3844303 secs] 233704K->178901K(253440K), [Perm : 7334K->7334K(21248K)], 0.3848174 secs] [Times: user=0.39 sys=0.00, real=0.38 secs] 
482.249: [Full GC482.250: [Tenured: 174783K->174169K(174784K), 0.3909255 secs] 253439K->174169K(253440K), [Perm : 7334K->7334K(21248K)], 0.3912732 secs] [Times: user=0.39 sys=0.00, real=0.39 secs] 
482.714: [GC482.714: [ParNew: 69952K->69952K(78656K), 0.0000170 secs] 244121K->244121K(253440K), 0.0003166 secs] [Times: user=0.00 sys=0.00, real=0.00 secs] 
482.715: [Full GC482.715: [Tenured: 174169K->165688K(174784K), 0.3940256 secs] 244121K->165688K(253440K), [Perm : 7334K->7276K(21248K)], 0.3942065 secs] [Times: user=0.39 sys=0.00, real=0.39 secs] 
483.184: [GC483.184: [ParNew: 69952K->69952K(78656K), 0.0000167 secs]483.184: [Tenured: 165688K->170405K(174784K), 0.4066350 secs] 235640K->170405K(253440K), [Perm : 7276K->7276K(21248K)], 0.4069971 secs] [Times: user=0.40 sys=0.00, real=0.41 secs] 
483.669: [GC483.669: [ParNew: 69952K->69952K(78656K), 0.0000257 secs]483.669: [Tenured: 170405K->174783K(174784K), 0.3859082 secs] 240357K->175854K(253440K), [Perm : 7326K->7326K(21248K)], 0.3863081 secs] [Times: user=0.39 sys=0.00, real=0.39 secs] 
484.179: [Full GC484.179: [Tenured: 174783K->174298K(174784K), 0.3942016 secs] 253439K->174298K(253440K), [Perm : 7326K->7326K(21248K)], 0.3945628 secs] [Times: user=0.39 sys=0.00, real=0.39 secs] 
484.637: [GC484.638: [ParNew: 69952K->69952K(78656K), 0.0000202 secs]484.638: [Tenured: 174298K->174783K(174784K), 0.4032437 secs] 244250K->177504K(253440K), [Perm : 7326K->7326K(21248K)], 0.4036908 secs] [Times: user=0.40 sys=0.00, real=0.40 secs] 
485.163: [Full GC485.163: [Tenured: 174783K->164217K(174784K), 0.3891291 secs] 253439K->164217K(253440K), [Perm : 7326K->7326K(21248K)], 0.3894701 secs] [Times: user=0.39 sys=0.00, real=0.39 secs] 
485.615: [GC485.615: [ParNew: 69952K->69952K(78656K), 0.0000186 secs]485.615: [Tenured: 164217K->167798K(174784K), 0.3677031 secs] 234169K->167798K(253440K), [Perm : 7326K->7326K(21248K)], 0.3681101 secs] [Times: user=0.36 sys=0.00, real=0.37 secs] 
486.059: [GC486.059: [ParNew: 69952K->69952K(78656K), 0.0000183 secs]486.059: [Tenured: 167798K->174135K(174784K), 0.3866708 secs] 237750K->174135K(253440K), [Perm : 7326K->7326K(21248K)], 0.3871000 secs] [Times: user=0.39 sys=0.00, real=0.39 secs] 
486.523: [GC486.523: [ParNew: 69952K->69952K(78656K), 0.0000170 secs]486.523: [Tenured: 174135K->173974K(174784K), 0.3821824 secs] 244087K->173974K(253440K), [Perm : 7332K->7332K(21248K)], 0.3825554 secs] [Times: user=0.37 sys=0.00, real=0.38 secs] 
486.980: [GC486.980: [ParNew: 69952K->69952K(78656K), 0.0000189 secs]486.980: [Tenured: 173974K->164382K(174784K), 0.3834700 secs] 243926K->164382K(253440K), [Perm : 7332K->7329K(21248K)], 0.3838636 secs] [Times: user=0.39 sys=0.00, real=0.38 secs] 
487.446: [GC487.446: [ParNew: 69952K->69952K(78656K), 0.0000237 secs]487.446: [Tenured: 164382K->172577K(174784K), 0.3792693 secs] 234334K->172577K(253440K), [Perm : 7329K->7329K(21248K)], 0.3798482 secs] [Times: user=0.37 sys=0.00, real=0.38 secs] 
487.888: [GC487.888: [ParNew: 69952K->69952K(78656K), 0.0000176 secs]487.888: [Tenured: 172577K->172134K(174784K), 0.3793116 secs] 242529K->172134K(253440K), [Perm : 7329K->7329K(21248K)], 0.3797042 secs] [Times: user=0.39 sys=0.00, real=0.38 secs] 
488.337: [GC488.337: [ParNew: 69952K->69952K(78656K), 0.0000189 secs]488.337: [Tenured: 172134K->170594K(174784K), 0.3742561 secs] 242086K->170594K(253440K), [Perm : 7329K->7329K(21248K)], 0.3746531 secs] [Times: user=0.37 sys=0.00, real=0.38 secs] 
488.790: [GC488.791: [ParNew: 69952K->69952K(78656K), 0.0000173 secs]488.791: [Tenured: 170594K->168275K(174784K), 0.3890974 secs] 240546K->168275K(253440K), [Perm : 7331K->7331K(21248K)], 0.3895538 secs] [Times: user=0.39 sys=0.00, real=0.39 secs] 
489.253: [GC489.253: [ParNew: 69952K->69952K(78656K), 0.0000173 secs]489.253: [Tenured: 168275K->174784K(174784K), 0.3855345 secs] 238227K->175502K(253440K), [Perm : 7331K->7331K(21248K)], 0.3858956 secs] [Times: user=0.38 sys=0.00, real=0.39 secs] 
489.786: [Full GC489.786: [Tenured: 174784K->172549K(174784K), 0.3850162 secs] 253440K->172549K(253440K), [Perm : 7331K->7331K(21248K)], 0.3854001 secs] [Times: user=0.39 sys=0.00, real=0.38 secs] 
490.244: [GC490.244: [ParNew: 69952K->69952K(78656K), 0.0000170 secs]490.244: [Tenured: 172549K->174783K(174784K), 0.3893546 secs] 242501K->175994K(253440K), [Perm : 7331K->7331K(21248K)], 0.3897311 secs] [Times: user=0.39 sys=0.00, real=0.39 secs] 
490.772: [Full GC490.772: [Tenured: 174783K->166896K(174784K), 0.3929595 secs] 253439K->166896K(253440K), [Perm : 7331K->7331K(21248K)], 0.3932629 secs] [Times: user=0.39 sys=0.00, real=0.39 secs] 
491.238: [GC491.238: [ParNew: 69952K->69952K(78656K), 0.0000183 secs]491.238: [Tenured: 166896K->173196K(174784K), 0.3862654 secs] 236848K->173196K(253440K), [Perm : 7331K->7331K(21248K)], 0.3866769 secs] [Times: user=0.39 sys=0.00, real=0.39 secs] 
491.702: [GC491.702: [ParNew: 69952K->69952K(78656K), 0.0000167 secs]491.702: [Tenured: 173196K->174671K(174784K), 0.3910368 secs] 243148K->174671K(253440K), [Perm : 7331K->7331K(21248K)], 0.3914191 secs] [Times: user=0.39 sys=0.00, real=0.39 secs] 
492.168: [GC492.168: [ParNew: 69952K->69952K(78656K), 0.0000176 secs]492.168: [Tenured: 174671K->174784K(174784K), 0.3950297 secs] 244623K->175915K(253440K), [Perm : 7331K->7331K(21248K)], 0.3953870 secs] [Times: user=0.39 sys=0.00, real=0.40 secs] 
492.697: [Full GC492.697: [Tenured: 174784K->169034K(174784K), 0.4036350 secs] 253440K->169034K(253440K), [Perm : 7331K->7331K(21248K)], 0.4039422 secs] [Times: user=0.39 sys=0.00, real=0.40 secs] 
493.176: [GC493.176: [ParNew: 69952K->69952K(78656K), 0.0000170 secs]493.176: [Tenured: 169034K->174783K(174784K), 0.3992700 secs] 238986K->178618K(253440K), [Perm : 7331K->7331K(21248K)], 0.3996176 secs] [Times: user=0.41 sys=0.00, real=0.40 secs] 
493.711: [Full GC493.711: [Tenured: 174783K->173667K(174784K), 0.3867763 secs] 253439K->173667K(253440K), [Perm : 7331K->7331K(21248K)], 0.3870605 secs] [Times: user=0.38 sys=0.00, real=0.39 secs] 
494.173: [GC494.173: [ParNew: 69952K->69952K(78656K), 0.0000160 secs]494.173: [Tenured: 173667K->172750K(174784K), 0.3871763 secs] 243619K->172750K(253440K), [Perm : 7331K->7331K(21248K)], 0.3875326 secs] [Times: user=0.30 sys=0.00, real=0.39 secs] 
494.649: [GC494.649: [ParNew: 69952K->69952K(78656K), 0.0000180 secs]494.649: [Tenured: 172750K->159740K(174784K), 0.3748757 secs] 242702K->159740K(253440K), [Perm : 7331K->7331K(21248K)], 0.3752725 secs] [Times: user=0.36 sys=0.00, real=0.38 secs] 
495.101: [GC495.101: [ParNew: 69952K->69952K(78656K), 0.0000183 secs]495.101: [Tenured: 159740K->174783K(174784K), 0.3929749 secs] 229692K->177152K(253440K), [Perm : 7331K->7331K(21248K)], 0.3934037 secs] [Times: user=0.39 sys=0.00, real=0.39 secs] 
495.625: [Full GC495.625: [Tenured: 174783K->174783K(174784K), 0.3912956 secs] 253439K->176068K(253440K), [Perm : 7331K->7331K(21248K)], 0.3916269 secs] [Times: user=0.39 sys=0.00, real=0.39 secs] 
496.145: [Full GC496.145: [Tenured: 174784K->174579K(174784K), 0.3984319 secs] 253439K->174579K(253440K), [Perm : 7331K->7331K(21248K)], 0.3987074 secs] [Times: user=0.39 sys=0.00, real=0.40 secs] 
496.604: [GC496.604: [ParNew: 69952K->69952K(78656K), 0.0000167 secs]496.604: [Tenured: 174579K->163774K(174784K), 0.3863604 secs] 244531K->163774K(253440K), [Perm : 7331K->7331K(21248K)], 0.3867295 secs] [Times: user=0.39 sys=0.00, real=0.39 secs] 
497.066: [GC497.066: [ParNew: 69952K->69952K(78656K), 0.0000176 secs]497.066: [Tenured: 163774K->174783K(174784K), 0.3994412 secs] 233726K->179209K(253440K), [Perm : 7331K->7331K(21248K)], 0.3998444 secs] [Times: user=0.39 sys=0.00, real=0.40 secs] 
497.598: [Full GC497.598: [Tenured: 174783K->174783K(174784K), 0.4012071 secs] 253439K->179073K(253440K), [Perm : 7331K->7331K(21248K)], 0.4014971 secs] [Times: user=0.39 sys=0.00, real=0.40 secs] 
498.121: [Full GC498.121: [Tenured: 174783K->169750K(174784K), 0.3887404 secs] 253439K->169750K(253440K), [Perm : 7331K->7331K(21248K)], 0.3890708 secs] [Times: user=0.39 sys=0.00, real=0.39 secs] 
498.567: [GC498.567: [ParNew: 69952K->69952K(78656K), 0.0000167 secs]498.567: [Tenured: 169750K->161708K(174784K), 0.3792564 secs] 239702K->161708K(253440K), [Perm : 7334K->7334K(21248K)], 0.3796516 secs] [Times: user=0.38 sys=0.00, real=0.38 secs] 
499.023: [GC499.024: [ParNew: 69952K->69952K(78656K), 0.0000199 secs]499.024: [Tenured: 161708K->174783K(174784K), 0.3959027 secs] 231660K->177624K(253440K), [Perm : 7334K->7334K(21248K)], 0.3963344 secs] [Times: user=0.39 sys=0.00, real=0.40 secs] 
499.556: [Full GC499.556: [Tenured: 174783K->174783K(174784K), 0.3970772 secs] 253439K->176234K(253440K), [Perm : 7334K->7334K(21248K)], 0.3973819 secs] [Times: user=0.40 sys=0.00, real=0.40 secs] 
500.081: [Full GC500.082: [Tenured: 174783K->174784K(174784K), 0.4052023 secs] 253439K->177233K(253440K), [Perm : 7334K->7334K(21248K)], 0.4057469 secs] [Times: user=0.41 sys=0.00, real=0.41 secs] 
500.599: [Full GC500.599: [Tenured: 174784K->172797K(174784K), 0.4102309 secs] 253439K->172797K(253440K), [Perm : 7334K->7334K(21248K)], 0.4105535 secs] [Times: user=0.41 sys=0.00, real=0.41 secs] 
501.084: [GC501.085: [ParNew: 69952K->69952K(78656K), 0.0000208 secs]501.085: [Tenured: 172797K->174784K(174784K), 0.4032017 secs] 242749K->175667K(253440K), [Perm : 7334K->7334K(21248K)], 0.4036898 secs] [Times: user=0.41 sys=0.00, real=0.40 secs] 
501.620: [Full GC501.620: [Tenured: 174784K->174784K(174784K), 0.3926920 secs] 253439K->175901K(253440K), [Perm : 7334K->7334K(21248K)], 0.3930105 secs] [Times: user=0.41 sys=0.00, real=0.39 secs] 
502.139: [Full GC502.139: [Tenured: 174784K->171400K(174784K), 0.3923966 secs] 253439K->171400K(253440K), [Perm : 7334K->7334K(21248K)], 0.3927016 secs] [Times: user=0.39 sys=0.00, real=0.39 secs] 
502.593: [GC502.593: [ParNew: 69952K->69952K(78656K), 0.0000164 secs]502.593: [Tenured: 171400K->166766K(174784K), 0.3926991 secs] 241352K->166766K(253440K), [Perm : 7334K->7334K(21248K)], 0.3931183 secs] [Times: user=0.39 sys=0.00, real=0.39 secs] 
503.062: [GC503.062: [ParNew: 69952K->69952K(78656K), 0.0000221 secs]503.062: [Tenured: 166766K->173598K(174784K), 0.3908633 secs] 236718K->173598K(253440K), [Perm : 7334K->7334K(21248K)], 0.3913174 secs] [Times: user=0.39 sys=0.00, real=0.39 secs] 
503.539: [GC503.539: [ParNew: 69952K->69952K(78656K), 0.0000183 secs]503.539: [Tenured: 173598K->174784K(174784K), 0.3873995 secs] 243550K->176350K(253440K), [Perm : 7334K->7334K(21248K)], 0.3877924 secs] [Times: user=0.39 sys=0.00, real=0.39 secs] 
504.055: [Full GC504.055: [Tenured: 174784K->162958K(174784K), 0.3893270 secs] 253439K->162958K(253440K), [Perm : 7334K->7334K(21248K)], 0.3896824 secs] [Times: user=0.39 sys=0.00, real=0.39 secs] 
504.508: [GC504.508: [ParNew: 69952K->69952K(78656K), 0.0000164 secs]504.508: [Tenured: 162958K->163675K(174784K), 0.3826387 secs] 232910K->163675K(253440K), [Perm : 7334K->7334K(21248K)], 0.3830101 secs] [Times: user=0.37 sys=0.00, real=0.38 secs] 
504.965: [GC504.965: [ParNew: 69952K->69952K(78656K), 0.0000167 secs]504.965: [Tenured: 163675K->174783K(174784K), 0.3946766 secs] 233627K->176746K(253440K), [Perm : 7334K->7334K(21248K)], 0.3950214 secs] [Times: user=0.39 sys=0.00, real=0.40 secs] 
505.495: [Full GC505.496: [Tenured: 174783K->174783K(174784K), 0.4008912 secs] 253439K->178779K(253440K), [Perm : 7334K->7334K(21248K)], 0.4012090 secs] [Times: user=0.41 sys=0.00, real=0.40 secs] 
506.005: [Full GC506.005: [Tenured: 174783K->174783K(174784K), 0.4045182 secs] 253439K->179363K(253440K), [Perm : 7334K->7334K(21248K)], 0.4048181 secs] [Times: user=0.41 sys=0.00, real=0.40 secs] 
506.549: [Full GC506.549: [Tenured: 174783K->173149K(174784K), 0.4105468 secs] 253439K->173149K(253440K), [Perm : 7334K->7334K(21248K)], 0.4108550 secs] [Times: user=0.41 sys=0.01, real=0.41 secs] 
507.028: [GC507.028: [ParNew: 69952K->69952K(78656K), 0.0000167 secs]507.028: [Tenured: 173149K->174783K(174784K), 0.3958992 secs] 243101K->176195K(253440K), [Perm : 7334K->7334K(21248K)], 0.3962446 secs] [Times: user=0.40 sys=0.00, real=0.40 secs] 
507.549: [Full GC507.549: [Tenured: 174783K->174783K(174784K), 0.3888931 secs] 253439K->175167K(253440K), [Perm : 7334K->7334K(21248K)], 0.3892408 secs] [Times: user=0.39 sys=0.00, real=0.39 secs] 
508.064: [Full GC508.064: [Tenured: 174783K->171395K(174784K), 0.3916231 secs] 253439K->171395K(253440K), [Perm : 7334K->7334K(21248K)], 0.3919300 secs] [Times: user=0.39 sys=0.00, real=0.39 secs] 
508.513: [GC508.513: [ParNew: 69952K->69952K(78656K), 0.0000250 secs]508.513: [Tenured: 171395K->162626K(174784K), 0.3804633 secs] 241347K->162626K(253440K), [Perm : 7334K->7334K(21248K)], 0.3808603 secs] [Times: user=0.39 sys=0.00, real=0.38 secs] 
508.968: [GC508.968: [ParNew: 69952K->69952K(78656K), 0.0000202 secs]508.968: [Tenured: 162626K->174736K(174784K), 0.3954884 secs] 232578K->174736K(253440K), [Perm : 7334K->7334K(21248K)], 0.3959088 secs] [Times: user=0.39 sys=0.00, real=0.39 secs] 
509.439: [GC509.439: [ParNew: 69952K->69952K(78656K), 0.0000173 secs] 244688K->244688K(253440K), 0.0002123 secs] [Times: user=0.00 sys=0.00, real=0.00 secs] 
509.439: [Full GC509.439: [Tenured: 174736K->165837K(174784K), 0.3993264 secs] 244688K->165837K(253440K), [Perm : 7334K->7285K(21248K)], 0.3995137 secs] [Times: user=0.39 sys=0.00, real=0.40 secs] 
509.907: [GC509.907: [ParNew: 69952K->69952K(78656K), 0.0000167 secs]509.907: [Tenured: 165837K->174783K(174784K), 0.3955955 secs] 235789K->177549K(253440K), [Perm : 7320K->7320K(21248K)], 0.3960038 secs] [Times: user=0.34 sys=0.00, real=0.40 secs] 
510.422: [Full GC510.422: [Tenured: 174783K->167205K(174784K), 0.3929329 secs] 253439K->167205K(253440K), [Perm : 7320K->7320K(21248K)], 0.3932850 secs] [Times: user=0.39 sys=0.00, real=0.39 secs] 
510.884: [GC510.885: [ParNew: 69952K->69952K(78656K), 0.0000295 secs]510.885: [Tenured: 167205K->174783K(174784K), 0.3970192 secs] 237157K->180549K(253440K), [Perm : 7329K->7329K(21248K)], 0.3975358 secs] [Times: user=0.41 sys=0.00, real=0.40 secs] 
511.401: [Full GC511.401: [Tenured: 174783K->172045K(174784K), 0.3877189 secs] 253439K->172045K(253440K), [Perm : 7329K->7329K(21248K)], 0.3880541 secs] [Times: user=0.39 sys=0.00, real=0.39 secs] 
511.861: [GC511.861: [ParNew: 69952K->69952K(78656K), 0.0000192 secs]511.861: [Tenured: 172045K->170482K(174784K), 0.3824409 secs] 241997K->170482K(253440K), [Perm : 7329K->7329K(21248K)], 0.3828267 secs] [Times: user=0.39 sys=0.00, real=0.38 secs] 
512.316: [GC512.316: [ParNew: 69951K->69951K(78656K), 0.0000183 secs]512.316: [Tenured: 170482K->159629K(174784K), 0.3760435 secs] 240434K->159629K(253440K), [Perm : 7329K->7329K(21248K)], 0.3764133 secs] [Times: user=0.37 sys=0.00, real=0.38 secs] 
512.781: [GC512.782: [ParNew: 69952K->69952K(78656K), 0.0000173 secs]512.782: [Tenured: 159629K->170479K(174784K), 0.3759771 secs] 229581K->170479K(253440K), [Perm : 7329K->7329K(21248K)], 0.3763693 secs] [Times: user=0.38 sys=0.00, real=0.38 secs] 
513.232: [GC513.232: [ParNew: 69952K->69952K(78656K), 0.0000180 secs]513.232: [Tenured: 170479K->174783K(174784K), 0.3880817 secs] 240431K->175974K(253440K), [Perm : 7329K->7329K(21248K)], 0.3884550 secs] [Times: user=0.39 sys=0.00, real=0.39 secs] 
513.760: [Full GC513.760: [Tenured: 174783K->174783K(174784K), 0.3998675 secs] 253439K->179704K(253440K), [Perm : 7329K->7329K(21248K)], 0.4001465 secs] [Times: user=0.39 sys=0.00, real=0.40 secs] 
514.278: [Full GC514.278: [Tenured: 174783K->165874K(174784K), 0.3946102 secs] 253439K->165874K(253440K), [Perm : 7329K->7329K(21248K)], 0.3949226 secs] [Times: user=0.39 sys=0.00, real=0.39 secs] 
514.749: [GC514.749: [ParNew: 69952K->69952K(78656K), 0.0000183 secs]514.749: [Tenured: 165874K->173539K(174784K), 0.3852340 secs] 235826K->173539K(253440K), [Perm : 7331K->7331K(21248K)], 0.3856285 secs] [Times: user=0.39 sys=0.00, real=0.39 secs] 
515.210: [GC515.210: [ParNew: 69952K->69952K(78656K), 0.0000167 secs]515.210: [Tenured: 173539K->167482K(174784K), 0.3814614 secs] 243491K->167482K(253440K), [Perm : 7331K->7331K(21248K)], 0.3818087 secs] [Times: user=0.36 sys=0.00, real=0.38 secs] 
515.678: [GC515.678: [ParNew: 69952K->69952K(78656K), 0.0000176 secs]515.678: [Tenured: 167482K->167643K(174784K), 0.3814335 secs] 237434K->167643K(253440K), [Perm : 7331K->7331K(21248K)], 0.3818078 secs] [Times: user=0.37 sys=0.00, real=0.38 secs] 
516.132: [GC516.132: [ParNew: 69952K->69952K(78656K), 0.0000186 secs]516.132: [Tenured: 167643K->164367K(174784K), 0.3811949 secs] 237595K->164367K(253440K), [Perm : 7331K->7331K(21248K)], 0.3816654 secs] [Times: user=0.36 sys=0.00, real=0.38 secs] 
516.596: [GC516.596: [ParNew: 69952K->69952K(78656K), 0.0000173 secs]516.596: [Tenured: 164367K->171596K(174784K), 0.3596146 secs] 234319K->171596K(253440K), [Perm : 7334K->7334K(21248K)], 0.3600094 secs] [Times: user=0.36 sys=0.00, real=0.36 secs] 
517.032: [GC517.032: [ParNew: 69952K->69952K(78656K), 0.0000189 secs]517.032: [Tenured: 171596K->174784K(174784K), 0.3859752 secs] 241548K->175305K(253440K), [Perm : 7334K->7334K(21248K)], 0.3865262 secs] [Times: user=0.39 sys=0.00, real=0.39 secs] 
517.549: [Full GC517.549: [Tenured: 174784K->170076K(174784K), 0.3831817 secs] 253440K->170076K(253440K), [Perm : 7334K->7334K(21248K)], 0.3835938 secs] [Times: user=0.37 sys=0.00, real=0.38 secs] 
517.996: [GC517.996: [ParNew: 69952K->69952K(78656K), 0.0000180 secs]517.996: [Tenured: 170076K->161835K(174784K), 0.3753411 secs] 240028K->161835K(253440K), [Perm : 7334K->7334K(21248K)], 0.3757808 secs] [Times: user=0.37 sys=0.00, real=0.38 secs] 
518.443: [GC518.444: [ParNew: 69952K->69952K(78656K), 0.0000167 secs]518.444: [Tenured: 161835K->173659K(174784K), 0.3806708 secs] 231787K->173659K(253440K), [Perm : 7334K->7334K(21248K)], 0.3810457 secs] [Times: user=0.38 sys=0.00, real=0.38 secs] 
518.905: [GC518.905: [ParNew: 69952K->69952K(78656K), 0.0000180 secs] 243611K->243611K(253440K), 0.0002684 secs] [Times: user=0.00 sys=0.00, real=0.00 secs] 
518.906: [Full GC518.906: [Tenured: 173659K->169012K(174784K), 0.3917395 secs] 243611K->169012K(253440K), [Perm : 7334K->7279K(21248K)], 0.3919194 secs] [Times: user=0.39 sys=0.00, real=0.39 secs] 
519.368: [GC519.368: [ParNew: 69952K->69952K(78656K), 0.0000170 secs]519.368: [Tenured: 169012K->174784K(174784K), 0.3856827 secs] 238964K->175276K(253440K), [Perm : 7287K->7287K(21248K)], 0.3860336 secs] [Times: user=0.39 sys=0.00, real=0.39 secs] 
519.893: [Full GC519.893: [Tenured: 174784K->161297K(174784K), 0.3812754 secs] 253439K->161297K(253440K), [Perm : 7328K->7328K(21248K)], 0.3815576 secs] [Times: user=0.38 sys=0.00, real=0.38 secs] 
520.344: [GC520.345: [ParNew: 69952K->69952K(78656K), 0.0000176 secs]520.345: [Tenured: 161297K->173472K(174784K), 0.3848658 secs] 231249K->173472K(253440K), [Perm : 7328K->7328K(21248K)], 0.3852237 secs] [Times: user=0.39 sys=0.00, real=0.39 secs] 
520.805: [GC520.805: [ParNew: 69952K->69952K(78656K), 0.0000173 secs]520.805: [Tenured: 173472K->174783K(174784K), 0.3841301 secs] 243424K->174901K(253440K), [Perm : 7329K->7329K(21248K)], 0.3845422 secs] [Times: user=0.39 sys=0.00, real=0.38 secs] 
521.315: [Full GC521.315: [Tenured: 174783K->174307K(174784K), 0.3913857 secs] 253439K->174307K(253440K), [Perm : 7329K->7329K(21248K)], 0.3916837 secs] [Times: user=0.39 sys=0.00, real=0.39 secs] 
521.781: [GC521.781: [ParNew: 69952K->69952K(78656K), 0.0000180 secs]521.781: [Tenured: 174307K->161711K(174784K), 0.3822985 secs] 244259K->161711K(253440K), [Perm : 7332K->7332K(21248K)], 0.3827305 secs] [Times: user=0.38 sys=0.00, real=0.38 secs] 
522.237: [GC522.238: [ParNew: 69952K->69952K(78656K), 0.0000173 secs]522.238: [Tenured: 161711K->170326K(174784K), 0.3816734 secs] 231663K->170326K(253440K), [Perm : 7332K->7332K(21248K)], 0.3821368 secs] [Times: user=0.39 sys=0.00, real=0.38 secs] 
522.698: [GC522.698: [ParNew: 69952K->69952K(78656K), 0.0000176 secs]522.698: [Tenured: 170326K->174783K(174784K), 0.3994182 secs] 240278K->179445K(253440K), [Perm : 7332K->7332K(21248K)], 0.3998207 secs] [Times: user=0.39 sys=0.00, real=0.40 secs] 
523.221: [Full GC523.221: [Tenured: 174783K->174783K(174784K), 0.3960945 secs] 253439K->175921K(253440K), [Perm : 7332K->7332K(21248K)], 0.3964031 secs] [Times: user=0.39 sys=0.01, real=0.40 secs] 
523.730: [Full GC523.730: [Tenured: 174783K->163844K(174784K), 0.3860849 secs] 253439K->163844K(253440K), [Perm : 7332K->7332K(21248K)], 0.3864033 secs] [Times: user=0.39 sys=0.00, real=0.39 secs] 
524.192: [GC524.192: [ParNew: 69952K->69952K(78656K), 0.0000202 secs]524.192: [Tenured: 163844K->174335K(174784K), 0.3892270 secs] 233796K->174335K(253440K), [Perm : 7332K->7332K(21248K)], 0.3896728 secs] [Times: user=0.39 sys=0.00, real=0.39 secs] 
524.665: [GC524.665: [ParNew: 69952K->69952K(78656K), 0.0000228 secs]524.665: [Tenured: 174335K->173213K(174784K), 0.3841788 secs] 244287K->173213K(253440K), [Perm : 7336K->7336K(21248K)], 0.3846974 secs] [Times: user=0.38 sys=0.00, real=0.38 secs] 
525.126: [GC525.126: [ParNew: 69952K->69952K(78656K), 0.0000180 secs] 243165K->243165K(253440K), 0.0003425 secs] [Times: user=0.00 sys=0.00, real=0.00 secs] 
525.127: [Full GC525.127: [Tenured: 173213K->166154K(174784K), 0.3884989 secs] 243165K->166154K(253440K), [Perm : 7336K->7281K(21248K)], 0.3887696 secs] [Times: user=0.37 sys=0.00, real=0.39 secs] 
525.590: [GC525.590: [ParNew: 69952K->69952K(78656K), 0.0000218 secs]525.590: [Tenured: 166154K->164697K(174784K), 0.3799152 secs] 236106K->164697K(253440K), [Perm : 7331K->7331K(21248K)], 0.3803305 secs] [Times: user=0.34 sys=0.00, real=0.38 secs] 
526.045: [GC526.046: [ParNew: 69952K->69952K(78656K), 0.0000180 secs]526.046: [Tenured: 164697K->174783K(174784K), 0.3946526 secs] 234649K->178733K(253440K), [Perm : 7331K->7331K(21248K)], 0.3950968 secs] [Times: user=0.41 sys=0.00, real=0.39 secs] 
526.573: [Full GC526.573: [Tenured: 174783K->174783K(174784K), 0.3875118 secs] 253439K->175376K(253440K), [Perm : 7331K->7331K(21248K)], 0.3878293 secs] [Times: user=0.39 sys=0.00, real=0.39 secs] 
527.087: [Full GC527.087: [Tenured: 174783K->170951K(174784K), 0.3910121 secs] 253439K->170951K(253440K), [Perm : 7331K->7331K(21248K)], 0.3913104 secs] [Times: user=0.39 sys=0.00, real=0.39 secs] 
527.536: [GC527.536: [ParNew: 69952K->69952K(78656K), 0.0000164 secs]527.536: [Tenured: 170951K->159709K(174784K), 0.3761608 secs] 240903K->159709K(253440K), [Perm : 7331K->7331K(21248K)], 0.3766323 secs] [Times: user=0.38 sys=0.00, real=0.38 secs] 
527.990: [GC527.990: [ParNew: 69952K->69952K(78656K), 0.0000215 secs]527.990: [Tenured: 159709K->172907K(174784K), 0.3849874 secs] 229661K->172907K(253440K), [Perm : 7331K->7331K(21248K)], 0.3854515 secs] [Times: user=0.39 sys=0.00, real=0.39 secs] 
528.448: [GC528.448: [ParNew: 69952K->69952K(78656K), 0.0000176 secs]528.448: [Tenured: 172907K->173766K(174784K), 0.3885114 secs] 242859K->173766K(253440K), [Perm : 7334K->7334K(21248K)], 0.3888655 secs] [Times: user=0.39 sys=0.00, real=0.39 secs] 
528.906: [GC528.906: [ParNew: 69952K->69952K(78656K), 0.0000176 secs]528.906: [Tenured: 173766K->174783K(174784K), 0.3908094 secs] 243718K->176006K(253440K), [Perm : 7334K->7334K(21248K)], 0.3911927 secs] [Times: user=0.39 sys=0.00, real=0.39 secs] 
529.419: [Full GC529.419: [Tenured: 174783K->161975K(174784K), 0.3830284 secs] 253439K->161975K(253440K), [Perm : 7334K->7334K(21248K)], 0.3833632 secs] [Times: user=0.37 sys=0.00, real=0.38 secs] 
529.867: [GC529.867: [ParNew: 69952K->69952K(78656K), 0.0000170 secs]529.867: [Tenured: 161975K->171856K(174784K), 0.3862465 secs] 231927K->171856K(253440K), [Perm : 7334K->7334K(21248K)], 0.3866766 secs] [Times: user=0.39 sys=0.00, real=0.39 secs] 
530.336: [GC530.336: [ParNew: 69952K->69952K(78656K), 0.0000173 secs]530.336: [Tenured: 171856K->167719K(174784K), 0.3729347 secs] 241808K->167719K(253440K), [Perm : 7334K->7334K(21248K)], 0.3732888 secs] [Times: user=0.37 sys=0.00, real=0.37 secs] 
530.790: [GC530.790: [ParNew: 69952K->69952K(78656K), 0.0000164 secs]530.790: [Tenured: 167719K->169818K(174784K), 0.3732109 secs] 237671K->169818K(253440K), [Perm : 7336K->7336K(21248K)], 0.3735835 secs] [Times: user=0.38 sys=0.00, real=0.37 secs] 
531.237: [GC531.237: [ParNew: 69952K->69952K(78656K), 0.0000164 secs]531.237: [Tenured: 169818K->168525K(174784K), 0.3914046 secs] 239770K->168525K(253440K), [Perm : 7336K->7336K(21248K)], 0.3917744 secs] [Times: user=0.39 sys=0.00, real=0.39 secs] 
531.716: [GC531.716: [ParNew: 69952K->69952K(78656K), 0.0000180 secs]531.716: [Tenured: 168525K->174783K(174784K), 0.3795845 secs] 238477K->176158K(253440K), [Perm : 7336K->7336K(21248K)], 0.3799620 secs] [Times: user=0.38 sys=0.00, real=0.38 secs] 
532.224: [Full GC532.224: [Tenured: 174783K->174784K(174784K), 0.4021276 secs] 253439K->181219K(253440K), [Perm : 7336K->7336K(21248K)], 0.4024842 secs] [Times: user=0.41 sys=0.00, real=0.40 secs] 
532.737: [Full GC532.737: [Tenured: 174784K->174783K(174784K), 0.4015291 secs] 253439K->180863K(253440K), [Perm : 7336K->7336K(21248K)], 0.4018274 secs] [Times: user=0.41 sys=0.00, real=0.40 secs] 
533.260: [Full GC533.260: [Tenured: 174783K->163376K(174784K), 0.3917879 secs] 253439K->163376K(253440K), [Perm : 7336K->7336K(21248K)], 0.3921859 secs] [Times: user=0.39 sys=0.00, real=0.39 secs] 
533.716: [GC533.716: [ParNew: 69952K->69952K(78656K), 0.0000295 secs]533.716: [Tenured: 163376K->173729K(174784K), 0.3756185 secs] 233328K->173729K(253440K), [Perm : 7336K->7336K(21248K)], 0.3760534 secs] [Times: user=0.37 sys=0.00, real=0.38 secs] 
534.163: [GC534.163: [ParNew: 69952K->69952K(78656K), 0.0000183 secs]534.163: [Tenured: 173729K->167851K(174784K), 0.3796872 secs] 243681K->167851K(253440K), [Perm : 7336K->7336K(21248K)], 0.3801102 secs] [Times: user=0.37 sys=0.00, real=0.38 secs] 
534.633: [GC534.634: [ParNew: 69952K->69952K(78656K), 0.0000170 secs]534.634: [Tenured: 167851K->173841K(174784K), 0.3855810 secs] 237803K->173841K(253440K), [Perm : 7336K->7336K(21248K)], 0.3860130 secs] [Times: user=0.39 sys=0.00, real=0.39 secs] 
535.095: [GC535.096: [ParNew: 69952K->69952K(78656K), 0.0000186 secs]535.096: [Tenured: 173841K->162725K(174784K), 0.3854572 secs] 243793K->162725K(253440K), [Perm : 7336K->7336K(21248K)], 0.3859078 secs] [Times: user=0.39 sys=0.00, real=0.39 secs] 
535.568: [GC535.568: [ParNew: 69952K->69952K(78656K), 0.0000337 secs] 232677K->232677K(253440K), 0.0003108 secs] [Times: user=0.00 sys=0.00, real=0.00 secs] 
535.568: [Full GC535.568: [Tenured: 162725K->165752K(174784K), 0.3814223 secs] 232677K->165752K(253440K), [Perm : 7336K->7281K(21248K)], 0.3816339 secs] [Times: user=0.36 sys=0.00, real=0.38 secs] 
536.024: [GC536.025: [ParNew: 69952K->69952K(78656K), 0.0000208 secs]536.025: [Tenured: 165752K->174784K(174784K), 0.3884877 secs] 235704K->175956K(253440K), [Perm : 7281K->7281K(21248K)], 0.3889624 secs] [Times: user=0.39 sys=0.00, real=0.39 secs] 
536.555: [Full GC536.555: [Tenured: 174784K->174783K(174784K), 0.3952241 secs] 253439K->177636K(253440K), [Perm : 7331K->7331K(21248K)], 0.3956138 secs] [Times: user=0.39 sys=0.00, real=0.40 secs] 
537.066: [Full GC537.066: [Tenured: 174783K->163941K(174784K), 0.4035920 secs] 253439K->163941K(253440K), [Perm : 7331K->7331K(21248K)], 0.4039243 secs] [Times: user=0.41 sys=0.00, real=0.40 secs] 
537.530: [GC537.530: [ParNew: 69952K->69952K(78656K), 0.0000167 secs]537.530: [Tenured: 163941K->173948K(174784K), 0.3795258 secs] 233893K->173948K(253440K), [Perm : 7331K->7331K(21248K)], 0.3799030 secs] [Times: user=0.39 sys=0.00, real=0.38 secs] 
537.982: [GC537.982: [ParNew: 69952K->69952K(78656K), 0.0000180 secs]537.982: [Tenured: 173948K->174783K(174784K), 0.3957761 secs] 243900K->176246K(253440K), [Perm : 7331K->7331K(21248K)], 0.3961705 secs] [Times: user=0.40 sys=0.00, real=0.40 secs] 
538.520: [Full GC538.520: [Tenured: 174784K->174783K(174784K), 0.4030930 secs] 253440K->178822K(253440K), [Perm : 7331K->7331K(21248K)], 0.4034297 secs] [Times: user=0.41 sys=0.00, real=0.40 secs] 
539.031: [Full GC539.031: [Tenured: 174783K->169799K(174784K), 0.4013723 secs] 253439K->169799K(253440K), [Perm : 7331K->7331K(21248K)], 0.4016795 secs] [Times: user=0.39 sys=0.00, real=0.40 secs] 
539.522: [GC539.523: [ParNew: 69952K->69952K(78656K), 0.0000160 secs]539.523: [Tenured: 169799K->174783K(174784K), 0.3986157 secs] 239751K->178921K(253440K), [Perm : 7334K->7334K(21248K)], 0.3989698 secs] [Times: user=0.41 sys=0.00, real=0.40 secs] 
540.049: [Full GC540.049: [Tenured: 174783K->173725K(174784K), 0.3908373 secs] 253439K->173725K(253440K), [Perm : 7334K->7334K(21248K)], 0.3911410 secs] [Times: user=0.39 sys=0.00, real=0.39 secs] 
540.524: [GC540.524: [ParNew: 69952K->69952K(78656K), 0.0000170 secs]540.524: [Tenured: 173725K->174783K(174784K), 0.3932674 secs] 243677K->174920K(253440K), [Perm : 7334K->7334K(21248K)], 0.3937000 secs] [Times: user=0.41 sys=0.00, real=0.39 secs] 
541.039: [Full GC541.039: [Tenured: 174783K->159552K(174784K), 0.3817802 secs] 253439K->159552K(253440K), [Perm : 7334K->7334K(21248K)], 0.3821179 secs] [Times: user=0.33 sys=0.00, real=0.38 secs] 
541.506: [GC541.506: [ParNew: 69952K->69952K(78656K), 0.0000170 secs]541.506: [Tenured: 159552K->173216K(174784K), 0.3841160 secs] 229504K->173216K(253440K), [Perm : 7336K->7336K(21248K)], 0.3845044 secs] [Times: user=0.39 sys=0.00, real=0.38 secs] 
541.960: [GC541.960: [ParNew: 69952K->69952K(78656K), 0.0000167 secs]541.960: [Tenured: 173216K->174783K(174784K), 0.3946535 secs] 243168K->177214K(253440K), [Perm : 7336K->7336K(21248K)], 0.3950044 secs] [Times: user=0.41 sys=0.00, real=0.39 secs] 
542.492: [Full GC542.492: [Tenured: 174783K->174784K(174784K), 0.3906224 secs] 253439K->174949K(253440K), [Perm : 7336K->7336K(21248K)], 0.3909954 secs] [Times: user=0.39 sys=0.00, real=0.39 secs] 
542.991: [Full GC542.991: [Tenured: 174784K->166071K(174784K), 0.3896006 secs] 253440K->166071K(253440K), [Perm : 7336K->7336K(21248K)], 0.3899242 secs] [Times: user=0.37 sys=0.00, real=0.39 secs] 
543.457: [GC543.457: [ParNew: 69952K->69952K(78656K), 0.0000170 secs]543.457: [Tenured: 166071K->165860K(174784K), 0.3722766 secs] 236023K->165860K(253440K), [Perm : 7336K->7336K(21248K)], 0.3726063 secs] [Times: user=0.37 sys=0.00, real=0.37 secs] 
543.894: [GC543.894: [ParNew: 69952K->69952K(78656K), 0.0000202 secs]543.894: [Tenured: 165860K->174783K(174784K), 0.3931555 secs] 235812K->176666K(253440K), [Perm : 7336K->7336K(21248K)], 0.3936102 secs] [Times: user=0.39 sys=0.01, real=0.39 secs] 
544.407: [Full GC544.407: [Tenured: 174783K->173328K(174784K), 0.3907193 secs] 253439K->173328K(253440K), [Perm : 7336K->7336K(21248K)], 0.3910066 secs] [Times: user=0.39 sys=0.00, real=0.39 secs] 
544.866: [GC544.866: [ParNew: 69952K->69952K(78656K), 0.0000186 secs]544.866: [Tenured: 173328K->168157K(174784K), 0.4028370 secs] 243280K->168157K(253440K), [Perm : 7336K->7336K(21248K)], 0.4032257 secs] [Times: user=0.41 sys=0.00, real=0.40 secs] 
545.339: [GC545.339: [ParNew: 69952K->69952K(78656K), 0.0000173 secs]545.339: [Tenured: 168157K->174784K(174784K), 0.3940259 secs] 238109K->175754K(253440K), [Perm : 7336K->7336K(21248K)], 0.3943812 secs] [Times: user=0.39 sys=0.00, real=0.39 secs] 
545.859: [Full GC545.859: [Tenured: 174784K->174783K(174784K), 0.3901712 secs] 253439K->175754K(253440K), [Perm : 7336K->7336K(21248K)], 0.3905175 secs] [Times: user=0.39 sys=0.00, real=0.39 secs] 
546.371: [Full GC546.371: [Tenured: 174784K->171918K(174784K), 0.3883389 secs] 253440K->171918K(253440K), [Perm : 7336K->7336K(21248K)], 0.3886263 secs] [Times: user=0.39 sys=0.00, real=0.39 secs] 
546.819: [GC546.819: [ParNew: 69952K->69952K(78656K), 0.0000170 secs]546.819: [Tenured: 171918K->166730K(174784K), 0.3873918 secs] 241870K->166730K(253440K), [Perm : 7336K->7336K(21248K)], 0.3877452 secs] [Times: user=0.39 sys=0.00, real=0.39 secs] 
547.278: [GC547.278: [ParNew: 69952K->69952K(78656K), 0.0000176 secs]547.278: [Tenured: 166730K->174783K(174784K), 0.3942680 secs] 236682K->177810K(253440K), [Perm : 7336K->7336K(21248K)], 0.3946664 secs] [Times: user=0.41 sys=0.00, real=0.39 secs] 
547.801: [Full GC547.801: [Tenured: 174783K->174784K(174784K), 0.3896612 secs] 253439K->176219K(253440K), [Perm : 7336K->7336K(21248K)], 0.3899807 secs] [Times: user=0.39 sys=0.00, real=0.39 secs] 
548.314: [Full GC548.314: [Tenured: 174784K->174784K(174784K), 0.4011164 secs] 253439K->176283K(253440K), [Perm : 7336K->7336K(21248K)], 0.4014849 secs] [Times: user=0.39 sys=0.00, real=0.40 secs] 
548.833: [Full GC548.834: [Tenured: 174784K->167944K(174784K), 0.3904900 secs] 253439K->167944K(253440K), [Perm : 7336K->7336K(21248K)], 0.3908357 secs] [Times: user=0.39 sys=0.00, real=0.39 secs] 
549.294: [GC549.295: [ParNew: 69952K->69952K(78656K), 0.0000164 secs]549.295: [Tenured: 167944K->171444K(174784K), 0.3808799 secs] 237896K->171444K(253440K), [Perm : 7336K->7336K(21248K)], 0.3812276 secs] [Times: user=0.38 sys=0.00, real=0.38 secs] 
549.760: [GC549.761: [ParNew: 69952K->69952K(78656K), 0.0000167 secs]549.761: [Tenured: 171444K->169388K(174784K), 0.3704398 secs] 241396K->169388K(253440K), [Perm : 7336K->7336K(21248K)], 0.3708007 secs] [Times: user=0.37 sys=0.00, real=0.37 secs] 
550.219: [GC550.219: [ParNew: 69952K->69952K(78656K), 0.0000167 secs]550.219: [Tenured: 169388K->174194K(174784K), 0.3846128 secs] 239340K->174194K(253440K), [Perm : 7336K->7336K(21248K)], 0.3849614 secs] [Times: user=0.39 sys=0.00, real=0.38 secs] 
550.691: [GC550.691: [ParNew: 69952K->69952K(78656K), 0.0000164 secs]550.691: [Tenured: 174194K->167612K(174784K), 0.3832314 secs] 244146K->167612K(253440K), [Perm : 7336K->7336K(21248K)], 0.3835813 secs] [Times: user=0.39 sys=0.00, real=0.38 secs] 
551.150: [GC551.150: [ParNew: 69952K->69952K(78656K), 0.0000167 secs] 237564K->237564K(253440K), 0.0002563 secs] [Times: user=0.00 sys=0.00, real=0.00 secs] 
551.151: [Full GC551.151: [Tenured: 167612K->164683K(174784K), 0.3809190 secs] 237564K->164683K(253440K), [Perm : 7336K->7281K(21248K)], 0.3811525 secs] [Times: user=0.37 sys=0.00, real=0.38 secs] 
551.615: [GC551.615: [ParNew: 69952K->69952K(78656K), 0.0000199 secs]551.615: [Tenured: 164683K->171939K(174784K), 0.3712137 secs] 234635K->171939K(253440K), [Perm : 7331K->7331K(21248K)], 0.3716592 secs] [Times: user=0.38 sys=0.00, real=0.37 secs] 
552.063: [GC552.063: [ParNew: 69952K->69952K(78656K), 0.0000167 secs]552.063: [Tenured: 171939K->174783K(174784K), 0.3868228 secs] 241891K->176970K(253440K), [Perm : 7331K->7331K(21248K)], 0.3871878 secs] [Times: user=0.39 sys=0.00, real=0.39 secs] 
552.577: [Full GC552.578: [Tenured: 174783K->166626K(174784K), 0.3944181 secs] 253439K->166626K(253440K), [Perm : 7331K->7331K(21248K)], 0.3947347 secs] [Times: user=0.39 sys=0.00, real=0.39 secs] 
553.048: [GC553.048: [ParNew: 69952K->69952K(78656K), 0.0000186 secs]553.048: [Tenured: 166626K->174784K(174784K), 0.3941709 secs] 236578K->176529K(253440K), [Perm : 7331K->7331K(21248K)], 0.3945721 secs] [Times: user=0.41 sys=0.00, real=0.39 secs] 
553.576: [Full GC553.576: [Tenured: 174784K->174783K(174784K), 0.3966292 secs] 253440K->176930K(253440K), [Perm : 7331K->7331K(21248K)], 0.3969169 secs] [Times: user=0.41 sys=0.00, real=0.40 secs] 
554.094: [Full GC554.094: [Tenured: 174783K->174783K(174784K), 0.3995314 secs] 253439K->175942K(253440K), [Perm : 7331K->7331K(21248K)], 0.3998604 secs] [Times: user=0.41 sys=0.00, real=0.40 secs] 
554.604: [Full GC554.605: [Tenured: 174783K->166270K(174784K), 0.3942575 secs] 253439K->166270K(253440K), [Perm : 7334K->7334K(21248K)], 0.3945920 secs] [Times: user=0.39 sys=0.00, real=0.39 secs] 
555.076: [GC555.076: [ParNew: 69952K->69952K(78656K), 0.0000183 secs]555.076: [Tenured: 166270K->173906K(174784K), 0.3952154 secs] 236222K->173906K(253440K), [Perm : 7334K->7334K(21248K)], 0.3956109 secs] [Times: user=0.41 sys=0.00, real=0.40 secs] 
555.552: [GC555.553: [ParNew: 69952K->69952K(78656K), 0.0000176 secs]555.553: [Tenured: 173906K->174783K(174784K), 0.3921035 secs] 243858K->175936K(253440K), [Perm : 7334K->7334K(21248K)], 0.3925079 secs] [Times: user=0.39 sys=0.00, real=0.39 secs] 
556.075: [Full GC556.075: [Tenured: 174783K->174769K(174784K), 0.3987523 secs] 253439K->174769K(253440K), [Perm : 7334K->7334K(21248K)], 0.3990843 secs] [Times: user=0.41 sys=0.00, real=0.40 secs] 
556.537: [GC556.538: [ParNew: 69952K->69952K(78656K), 0.0000160 secs]556.538: [Tenured: 174769K->163925K(174784K), 0.3874640 secs] 244721K->163925K(253440K), [Perm : 7336K->7336K(21248K)], 0.3878203 secs] [Times: user=0.26 sys=0.00, real=0.39 secs] 
557.000: [GC557.000: [ParNew: 69952K->69952K(78656K), 0.0000305 secs]557.000: [Tenured: 163925K->174068K(174784K), 0.3887613 secs] 233877K->174068K(253440K), [Perm : 7336K->7336K(21248K)], 0.3892347 secs] [Times: user=0.39 sys=0.00, real=0.39 secs] 
557.464: [GC557.465: [ParNew: 69952K->69952K(78656K), 0.0000183 secs]557.465: [Tenured: 174068K->173208K(174784K), 0.3874938 secs] 244020K->173208K(253440K), [Perm : 7336K->7336K(21248K)], 0.3879316 secs] [Times: user=0.39 sys=0.00, real=0.39 secs] 
557.918: [GC557.919: [ParNew: 69952K->69952K(78656K), 0.0000170 secs]557.919: [Tenured: 173208K->174055K(174784K), 0.3848395 secs] 243160K->174055K(253440K), [Perm : 7336K->7336K(21248K)], 0.3852003 secs] [Times: user=0.39 sys=0.00, real=0.38 secs] 
558.375: [GC558.375: [ParNew: 69952K->69952K(78656K), 0.0000170 secs]558.375: [Tenured: 174055K->163722K(174784K), 0.3844357 secs] 244007K->163722K(253440K), [Perm : 7336K->7336K(21248K)], 0.3848100 secs] [Times: user=0.38 sys=0.00, real=0.38 secs] 
558.835: [GC558.835: [ParNew: 69952K->69952K(78656K), 0.0000180 secs]558.835: [Tenured: 163722K->173479K(174784K), 0.3702339 secs] 233674K->173479K(253440K), [Perm : 7336K->7336K(21248K)], 0.3706676 secs] [Times: user=0.38 sys=0.00, real=0.37 secs] 
559.273: [GC559.273: [ParNew: 69952K->69952K(78656K), 0.0000167 secs]559.273: [Tenured: 173479K->170608K(174784K), 0.3746820 secs] 243431K->170608K(253440K), [Perm : 7336K->7336K(21248K)], 0.3750864 secs] [Times: user=0.36 sys=0.00, real=0.38 secs] 
559.732: [GC559.732: [ParNew: 69952K->69952K(78656K), 0.0000253 secs] 240560K->240560K(253440K), 0.0002886 secs] [Times: user=0.00 sys=0.00, real=0.00 secs] 
559.732: [Full GC559.732: [Tenured: 170608K->166215K(174784K), 0.3815255 secs] 240560K->166215K(253440K), [Perm : 7336K->7281K(21248K)], 0.3818062 secs] [Times: user=0.36 sys=0.00, real=0.38 secs] 
560.191: [GC560.191: [ParNew: 69952K->69952K(78656K), 0.0000183 secs]560.191: [Tenured: 166215K->165542K(174784K), 0.3865445 secs] 236167K->165542K(253440K), [Perm : 7287K->7287K(21248K)], 0.3869367 secs] [Times: user=0.39 sys=0.00, real=0.39 secs] 
560.657: [GC560.658: [ParNew: 69952K->69952K(78656K), 0.0000167 secs]560.658: [Tenured: 165542K->174783K(174784K), 0.3774675 secs] 235494K->178455K(253440K), [Perm : 7331K->7331K(21248K)], 0.3778424 secs] [Times: user=0.36 sys=0.00, real=0.38 secs] 
561.162: [Full GC561.162: [Tenured: 174783K->172714K(174784K), 0.3902116 secs] 253439K->172714K(253440K), [Perm : 7331K->7331K(21248K)], 0.3905932 secs] [Times: user=0.39 sys=0.00, real=0.39 secs] 
561.614: [GC561.614: [ParNew: 69952K->69952K(78656K), 0.0000186 secs]561.614: [Tenured: 172714K->174784K(174784K), 0.3865063 secs] 242666K->175084K(253440K), [Perm : 7332K->7332K(21248K)], 0.3870422 secs] [Times: user=0.39 sys=0.00, real=0.39 secs] 
562.131: [Full GC562.131: [Tenured: 174784K->164012K(174784K), 0.3918161 secs] 253440K->164012K(253440K), [Perm : 7332K->7332K(21248K)], 0.3921789 secs] [Times: user=0.41 sys=0.00, real=0.39 secs] 
562.583: [GC562.583: [ParNew: 69952K->69952K(78656K), 0.0000308 secs]562.583: [Tenured: 164012K->174103K(174784K), 0.3796817 secs] 233964K->174103K(253440K), [Perm : 7334K->7334K(21248K)], 0.3801089 secs] [Times: user=0.39 sys=0.00, real=0.38 secs] 
563.038: [GC563.038: [ParNew: 69952K->69952K(78656K), 0.0000183 secs]563.038: [Tenured: 174103K->173216K(174784K), 0.3943392 secs] 244055K->173216K(253440K), [Perm : 7334K->7334K(21248K)], 0.3947555 secs] [Times: user=0.39 sys=0.00, real=0.39 secs] 
563.526: [GC563.526: [ParNew: 69952K->69952K(78656K), 0.0000173 secs] 243168K->243168K(253440K), 0.0003502 secs] [Times: user=0.00 sys=0.00, real=0.00 secs] 
563.527: [Full GC563.527: [Tenured: 173216K->166358K(174784K), 0.3983197 secs] 243168K->166358K(253440K), [Perm : 7334K->7323K(21248K)], 0.3985079 secs] [Times: user=0.41 sys=0.00, real=0.40 secs] 
563.993: [GC563.993: [ParNew: 69952K->69952K(78656K), 0.0000180 secs]563.993: [Tenured: 166358K->161058K(174784K), 0.3816913 secs] 236310K->161058K(253440K), [Perm : 7326K->7326K(21248K)], 0.3820778 secs] [Times: user=0.37 sys=0.00, real=0.38 secs] 
564.446: [GC564.446: [ParNew: 69952K->69952K(78656K), 0.0000180 secs]564.446: [Tenured: 161058K->172271K(174784K), 0.3806551 secs] 231010K->172271K(253440K), [Perm : 7326K->7326K(21248K)], 0.3810582 secs] [Times: user=0.37 sys=0.00, real=0.38 secs] 
564.902: [GC564.903: [ParNew: 69952K->69952K(78656K), 0.0000180 secs]564.903: [Tenured: 172271K->172797K(174784K), 0.3778148 secs] 242223K->172797K(253440K), [Perm : 7334K->7334K(21248K)], 0.3782712 secs] [Times: user=0.37 sys=0.00, real=0.38 secs] 
565.352: [GC565.352: [ParNew: 69952K->69952K(78656K), 0.0000170 secs]565.352: [Tenured: 172797K->174783K(174784K), 0.3860878 secs] 242749K->175780K(253440K), [Perm : 7335K->7335K(21248K)], 0.3864550 secs] [Times: user=0.39 sys=0.00, real=0.39 secs] 
565.870: [Full GC565.870: [Tenured: 174783K->169380K(174784K), 0.3933976 secs] 253439K->169380K(253440K), [Perm : 7337K->7337K(21248K)], 0.3937546 secs] [Times: user=0.39 sys=0.00, real=0.39 secs] 
566.335: [GC566.335: [ParNew: 69952K->69952K(78656K), 0.0000218 secs]566.335: [Tenured: 169380K->174783K(174784K), 0.3912453 secs] 239332K->177303K(253440K), [Perm : 7337K->7337K(21248K)], 0.3916943 secs] [Times: user=0.39 sys=0.00, real=0.39 secs] 
566.856: [Full GC566.857: [Tenured: 174783K->174783K(174784K), 0.3908062 secs] 253439K->178084K(253440K), [Perm : 7337K->7337K(21248K)], 0.3911699 secs] [Times: user=0.39 sys=0.00, real=0.39 secs] 
567.368: [Full GC567.369: [Tenured: 174783K->169888K(174784K), 0.3833661 secs] 253439K->169888K(253440K), [Perm : 7337K->7337K(21248K)], 0.3837654 secs] [Times: user=0.39 sys=0.00, real=0.38 secs] 
567.825: [GC567.825: [ParNew: 69952K->69952K(78656K), 0.0000180 secs] 239840K->239840K(253440K), 0.0002819 secs] [Times: user=0.02 sys=0.00, real=0.00 secs] 
567.825: [Full GC567.825: [Tenured: 169888K->159980K(174784K), 0.3770807 secs] 239840K->159980K(253440K), [Perm : 7337K->7282K(21248K)], 0.3772734 secs] [Times: user=0.38 sys=0.00, real=0.38 secs] 
568.273: [GC568.274: [ParNew: 69952K->69952K(78656K), 0.0000173 secs] 229932K->229932K(253440K), 0.0002569 secs] [Times: user=0.00 sys=0.00, real=0.00 secs] 
568.274: [Full GC568.274: [Tenured: 159980K->162396K(174784K), 0.3808196 secs] 229932K->162396K(253440K), [Perm : 7290K->7282K(21248K)], 0.3810050 secs] [Times: user=0.39 sys=0.00, real=0.38 secs] 
568.740: [GC568.741: [ParNew: 69952K->69952K(78656K), 0.0000170 secs]568.741: [Tenured: 162396K->174783K(174784K), 0.3863286 secs] 232348K->178538K(253440K), [Perm : 7331K->7331K(21248K)], 0.3867799 secs] [Times: user=0.39 sys=0.00, real=0.39 secs] 
569.254: [Full GC569.254: [Tenured: 174783K->172046K(174784K), 0.3911407 secs] 253439K->172046K(253440K), [Perm : 7331K->7331K(21248K)], 0.3915291 secs] [Times: user=0.39 sys=0.00, real=0.39 secs] 
569.706: [GC569.706: [ParNew: 69952K->69952K(78656K), 0.0000257 secs]569.706: [Tenured: 172046K->165857K(174784K), 0.3855708 secs] 241998K->165857K(253440K), [Perm : 7332K->7332K(21248K)], 0.3859466 secs] [Times: user=0.39 sys=0.00, real=0.39 secs] 
570.181: [GC570.181: [ParNew: 69952K->69952K(78656K), 0.0000202 secs]570.181: [Tenured: 165857K->174372K(174784K), 0.3897513 secs] 235809K->174372K(253440K), [Perm : 7332K->7332K(21248K)], 0.3901407 secs] [Times: user=0.39 sys=0.00, real=0.39 secs] 
570.653: [GC570.654: [ParNew: 69952K->69952K(78656K), 0.0000196 secs]570.654: [Tenured: 174372K->171661K(174784K), 0.3806246 secs] 244324K->171661K(253440K), [Perm : 7332K->7332K(21248K)], 0.3811265 secs] [Times: user=0.38 sys=0.00, real=0.38 secs] 
571.111: [GC571.112: [ParNew: 69952K->69952K(78656K), 0.0000231 secs]571.112: [Tenured: 171661K->173432K(174784K), 0.3857812 secs] 241613K->173432K(253440K), [Perm : 7332K->7332K(21248K)], 0.3862443 secs] [Times: user=0.39 sys=0.00, real=0.39 secs] 
571.581: [GC571.581: [ParNew: 69952K->69952K(78656K), 0.0000192 secs]571.581: [Tenured: 173432K->165589K(174784K), 0.3805970 secs] 243384K->165589K(253440K), [Perm : 7335K->7335K(21248K)], 0.3809521 secs] [Times: user=0.41 sys=0.00, real=0.38 secs] 
572.039: [GC572.039: [ParNew: 69952K->69952K(78656K), 0.0000164 secs]572.039: [Tenured: 165589K->173915K(174784K), 0.3852632 secs] 235541K->173915K(253440K), [Perm : 7335K->7335K(21248K)], 0.3856853 secs] [Times: user=0.33 sys=0.00, real=0.39 secs] 
572.507: [GC572.507: [ParNew: 69952K->69952K(78656K), 0.0000167 secs] 243867K->243867K(253440K), 0.0002707 secs] [Times: user=0.00 sys=0.00, real=0.00 secs] 
572.507: [Full GC572.507: [Tenured: 173915K->164461K(174784K), 0.3846080 secs] 243867K->164461K(253440K), [Perm : 7335K->7323K(21248K)], 0.3847911 secs] [Times: user=0.37 sys=0.00, real=0.38 secs] 
572.952: [GC572.952: [ParNew: 69952K->69952K(78656K), 0.0000170 secs]572.952: [Tenured: 164461K->171959K(174784K), 0.3561669 secs] 234413K->171959K(253440K), [Perm : 7326K->7326K(21248K)], 0.3565610 secs] [Times: user=0.36 sys=0.00, real=0.36 secs] 
573.379: [GC573.379: [ParNew: 69952K->69952K(78656K), 0.0000183 secs]573.379: [Tenured: 171959K->167487K(174784K), 0.3886946 secs] 241911K->167487K(253440K), [Perm : 7326K->7326K(21248K)], 0.3890743 secs] [Times: user=0.38 sys=0.00, real=0.39 secs] 
573.852: [GC573.853: [ParNew: 69952K->69952K(78656K), 0.0000205 secs]573.853: [Tenured: 167487K->174783K(174784K), 0.3813674 secs] 237439K->176171K(253440K), [Perm : 7338K->7338K(21248K)], 0.3819665 secs] [Times: user=0.38 sys=0.00, real=0.38 secs] 
574.358: [Full GC574.358: [Tenured: 174783K->174783K(174784K), 0.4033229 secs] 253439K->181345K(253440K), [Perm : 7338K->7338K(21248K)], 0.4036090 secs] [Times: user=0.41 sys=0.00, real=0.40 secs] 
574.871: [Full GC574.871: [Tenured: 174783K->174784K(174784K), 0.3913521 secs] 253439K->175965K(253440K), [Perm : 7338K->7338K(21248K)], 0.3918315 secs] [Times: user=0.39 sys=0.00, real=0.39 secs] 
575.386: [Full GC575.386: [Tenured: 174784K->164897K(174784K), 0.3939666 secs] 253439K->164897K(253440K), [Perm : 7338K->7338K(21248K)], 0.3942927 secs] [Times: user=0.39 sys=0.00, real=0.39 secs] 
575.848: [GC575.848: [ParNew: 69952K->69952K(78656K), 0.0000173 secs]575.848: [Tenured: 164897K->171924K(174784K), 0.3806294 secs] 234849K->171924K(253440K), [Perm : 7338K->7338K(21248K)], 0.3810387 secs] [Times: user=0.38 sys=0.00, real=0.38 secs] 
576.298: [GC576.299: [ParNew: 69952K->69952K(78656K), 0.0000167 secs]576.299: [Tenured: 171924K->172282K(174784K), 0.3823010 secs] 241876K->172282K(253440K), [Perm : 7338K->7338K(21248K)], 0.3827311 secs] [Times: user=0.37 sys=0.00, real=0.38 secs] 
576.764: [GC576.764: [ParNew: 69952K->69952K(78656K), 0.0000183 secs]576.764: [Tenured: 172282K->174784K(174784K), 0.3850287 secs] 242234K->175402K(253440K), [Perm : 7338K->7338K(21248K)], 0.3854444 secs] [Times: user=0.38 sys=0.00, real=0.39 secs] 
577.275: [Full GC577.275: [Tenured: 174784K->166065K(174784K), 0.3900650 secs] 253440K->166065K(253440K), [Perm : 7338K->7338K(21248K)], 0.3903909 secs] [Times: user=0.39 sys=0.00, real=0.39 secs] 
577.746: [GC577.746: [ParNew: 69952K->69952K(78656K), 0.0000257 secs]577.746: [Tenured: 166065K->172003K(174784K), 0.3822253 secs] 236017K->172003K(253440K), [Perm : 7338K->7338K(21248K)], 0.3826419 secs] [Times: user=0.39 sys=0.00, real=0.38 secs] 
578.205: [GC578.205: [ParNew: 69952K->69952K(78656K), 0.0000173 secs]578.205: [Tenured: 172003K->174482K(174784K), 0.3868815 secs] 241955K->174482K(253440K), [Perm : 7338K->7338K(21248K)], 0.3872837 secs] [Times: user=0.39 sys=0.00, real=0.39 secs] 
578.674: [GC578.674: [ParNew: 69952K->69952K(78656K), 0.0000157 secs]578.674: [Tenured: 174482K->174783K(174784K), 0.3846702 secs] 244434K->175902K(253440K), [Perm : 7338K->7338K(21248K)], 0.3850929 secs] [Times: user=0.39 sys=0.00, real=0.38 secs] 
579.189: [Full GC579.189: [Tenured: 174783K->168627K(174784K), 0.3972482 secs] 253439K->168627K(253440K), [Perm : 7338K->7338K(21248K)], 0.3976157 secs] [Times: user=0.39 sys=0.00, real=0.40 secs] 
579.647: [GC579.647: [ParNew: 69952K->69952K(78656K), 0.0000218 secs]579.647: [Tenured: 168627K->174784K(174784K), 0.3809736 secs] 238579K->175335K(253440K), [Perm : 7338K->7338K(21248K)], 0.3814466 secs] [Times: user=0.39 sys=0.00, real=0.38 secs] 
580.167: [Full GC580.167: [Tenured: 174784K->169284K(174784K), 0.3855823 secs] 253440K->169284K(253440K), [Perm : 7338K->7338K(21248K)], 0.3859681 secs] [Times: user=0.37 sys=0.00, real=0.39 secs] 
580.611: [GC580.611: [ParNew: 69952K->69952K(78656K), 0.0000160 secs]580.611: [Tenured: 169284K->169113K(174784K), 0.3773523 secs] 239236K->169113K(253440K), [Perm : 7338K->7338K(21248K)], 0.3777247 secs] [Times: user=0.37 sys=0.00, real=0.38 secs] 
581.063: [GC581.063: [ParNew: 69952K->69952K(78656K), 0.0000183 secs]581.063: [Tenured: 169113K->165135K(174784K), 0.3891856 secs] 239065K->165135K(253440K), [Perm : 7338K->7338K(21248K)], 0.3895932 secs] [Times: user=0.39 sys=0.00, real=0.39 secs] 
581.531: [GC581.531: [ParNew: 69952K->69952K(78656K), 0.0000167 secs]581.531: [Tenured: 165135K->174783K(174784K), 0.3887215 secs] 235087K->175613K(253440K), [Perm : 7338K->7338K(21248K)], 0.3890910 secs] [Times: user=0.39 sys=0.00, real=0.39 secs] 
582.034: [Full GC582.034: [Tenured: 174783K->174784K(174784K), 0.3898299 secs] 253439K->174904K(253440K), [Perm : 7338K->7338K(21248K)], 0.3902238 secs] [Times: user=0.39 sys=0.00, real=0.39 secs] 
582.559: [Full GC582.559: [Tenured: 174784K->174783K(174784K), 0.4057168 secs] 253440K->177874K(253440K), [Perm : 7338K->7338K(21248K)], 0.4060445 secs] [Times: user=0.40 sys=0.00, real=0.41 secs] 
583.076: [Full GC583.077: [Tenured: 174783K->169265K(174784K), 0.4072819 secs] 253439K->169265K(253440K), [Perm : 7338K->7338K(21248K)], 0.4076995 secs] [Times: user=0.40 sys=0.00, real=0.41 secs] 
583.546: [GC583.546: [ParNew: 69952K->69952K(78656K), 0.0000183 secs]583.546: [Tenured: 169265K->174783K(174784K), 0.3882064 secs] 239217K->177700K(253440K), [Perm : 7338K->7338K(21248K)], 0.3886814 secs] [Times: user=0.39 sys=0.00, real=0.39 secs] 
584.054: [Full GC584.054: [Tenured: 174783K->172858K(174784K), 0.3930689 secs] 253439K->172858K(253440K), [Perm : 7338K->7338K(21248K)], 0.3934390 secs] [Times: user=0.39 sys=0.00, real=0.39 secs] 
584.527: [GC584.527: [ParNew: 69952K->69952K(78656K), 0.0000167 secs]584.527: [Tenured: 172858K->172103K(174784K), 0.3847013 secs] 242810K->172103K(253440K), [Perm : 7338K->7338K(21248K)], 0.3851022 secs] [Times: user=0.39 sys=0.00, real=0.38 secs] 
584.976: [GC584.977: [ParNew: 69952K->69952K(78656K), 0.0000157 secs]584.977: [Tenured: 172103K->162462K(174784K), 0.3793899 secs] 242055K->162462K(253440K), [Perm : 7338K->7338K(21248K)], 0.3797391 secs] [Times: user=0.37 sys=0.00, real=0.38 secs] 
585.428: [GC585.428: [ParNew: 69952K->69952K(78656K), 0.0000192 secs]585.428: [Tenured: 162462K->170631K(174784K), 0.3777689 secs] 232414K->170631K(253440K), [Perm : 7338K->7338K(21248K)], 0.3782542 secs] [Times: user=0.38 sys=0.00, real=0.38 secs] 
585.882: [GC585.882: [ParNew: 69952K->69952K(78656K), 0.0000202 secs]585.882: [Tenured: 170631K->171533K(174784K), 0.3762449 secs] 240583K->171533K(253440K), [Perm : 7338K->7338K(21248K)], 0.3767070 secs] [Times: user=0.38 sys=0.00, real=0.38 secs] 
586.330: [GC586.330: [ParNew: 69952K->69952K(78656K), 0.0000180 secs]586.330: [Tenured: 171533K->174783K(174784K), 0.3904181 secs] 241485K->178828K(253440K), [Perm : 7338K->7338K(21248K)], 0.3907857 secs] [Times: user=0.39 sys=0.00, real=0.39 secs] 
586.852: [Full GC586.852: [Tenured: 174783K->170953K(174784K), 0.3970544 secs] 253439K->170953K(253440K), [Perm : 7338K->7338K(21248K)], 0.3974634 secs] [Times: user=0.39 sys=0.00, real=0.40 secs] 
587.320: [GC587.320: [ParNew: 69952K->69952K(78656K), 0.0000167 secs]587.320: [Tenured: 170953K->174783K(174784K), 0.3881535 secs] 240905K->175584K(253440K), [Perm : 7338K->7338K(21248K)], 0.3885233 secs] [Times: user=0.39 sys=0.00, real=0.39 secs] 
587.840: [Full GC587.841: [Tenured: 174784K->174783K(174784K), 0.3923934 secs] 253439K->175536K(253440K), [Perm : 7338K->7338K(21248K)], 0.3927363 secs] [Times: user=0.37 sys=0.00, real=0.39 secs] 
588.357: [Full GC588.357: [Tenured: 174783K->170903K(174784K), 0.3894624 secs] 253439K->170903K(253440K), [Perm : 7338K->7338K(21248K)], 0.3898049 secs] [Times: user=0.39 sys=0.00, real=0.39 secs] 
588.821: [GC588.821: [ParNew: 69952K->69952K(78656K), 0.0000167 secs]588.821: [Tenured: 170903K->164185K(174784K), 0.3872808 secs] 240855K->164185K(253440K), [Perm : 7341K->7341K(21248K)], 0.3876516 secs] [Times: user=0.39 sys=0.00, real=0.39 secs] 
589.281: [GC589.281: [ParNew: 69952K->69952K(78656K), 0.0000186 secs]589.281: [Tenured: 164185K->171774K(174784K), 0.3828886 secs] 234137K->171774K(253440K), [Perm : 7341K->7341K(21248K)], 0.3833395 secs] [Times: user=0.37 sys=0.00, real=0.38 secs] 
589.754: [GC589.754: [ParNew: 69952K->69952K(78656K), 0.0000167 secs]589.754: [Tenured: 171774K->172041K(174784K), 0.3811278 secs] 241726K->172041K(253440K), [Perm : 7341K->7341K(21248K)], 0.3815403 secs] [Times: user=0.39 sys=0.00, real=0.38 secs] 
590.218: [GC590.219: [ParNew: 69952K->69952K(78656K), 0.0000183 secs]590.219: [Tenured: 172041K->174783K(174784K), 0.3923774 secs] 241993K->177092K(253440K), [Perm : 7341K->7341K(21248K)], 0.3928078 secs] [Times: user=0.39 sys=0.00, real=0.39 secs] 
590.748: [Full GC590.749: [Tenured: 174783K->164616K(174784K), 0.3888479 secs] 253439K->164616K(253440K), [Perm : 7341K->7341K(21248K)], 0.3891647 secs] [Times: user=0.39 sys=0.00, real=0.39 secs] 
591.213: [GC591.214: [ParNew: 69952K->69952K(78656K), 0.0000221 secs]591.214: [Tenured: 164616K->174783K(174784K), 0.3913116 secs] 234568K->175547K(253440K), [Perm : 7341K->7341K(21248K)], 0.3917420 secs] [Times: user=0.39 sys=0.00, real=0.39 secs] 
591.740: [Full GC591.741: [Tenured: 174784K->171578K(174784K), 0.3867914 secs] 253439K->171578K(253440K), [Perm : 7341K->7341K(21248K)], 0.3870756 secs] [Times: user=0.37 sys=0.00, real=0.39 secs] 
592.202: [GC592.203: [ParNew: 69952K->69952K(78656K), 0.0000173 secs]592.203: [Tenured: 171578K->173143K(174784K), 0.3866442 secs] 241530K->173143K(253440K), [Perm : 7341K->7341K(21248K)], 0.3871522 secs] [Times: user=0.39 sys=0.00, real=0.39 secs] 
592.679: [GC592.679: [ParNew: 69952K->69952K(78656K), 0.0000266 secs]592.679: [Tenured: 173143K->165567K(174784K), 0.3881506 secs] 243095K->165567K(253440K), [Perm : 7341K->7341K(21248K)], 0.3885740 secs] [Times: user=0.39 sys=0.00, real=0.39 secs] 
593.140: [GC593.141: [ParNew: 69952K->69952K(78656K), 0.0000173 secs]593.141: [Tenured: 165567K->174464K(174784K), 0.3855127 secs] 235519K->174464K(253440K), [Perm : 7341K->7341K(21248K)], 0.3858681 secs] [Times: user=0.39 sys=0.00, real=0.39 secs] 
593.616: [GC593.616: [ParNew: 69952K->69952K(78656K), 0.0000192 secs]593.616: [Tenured: 174464K->172343K(174784K), 0.3828857 secs] 244416K->172343K(253440K), [Perm : 7341K->7341K(21248K)], 0.3833418 secs] [Times: user=0.37 sys=0.00, real=0.38 secs] 
594.072: [GC594.073: [ParNew: 69952K->69952K(78656K), 0.0000192 secs]594.073: [Tenured: 172343K->173844K(174784K), 0.3858504 secs] 242295K->173844K(253440K), [Perm : 7341K->7341K(21248K)], 0.3863312 secs] [Times: user=0.39 sys=0.00, real=0.39 secs] 
594.536: [GC594.536: [ParNew: 69952K->69952K(78656K), 0.0000170 secs]594.536: [Tenured: 173844K->166550K(174784K), 0.3867494 secs] 243796K->166550K(253440K), [Perm : 7341K->7341K(21248K)], 0.3872574 secs] [Times: user=0.39 sys=0.00, real=0.39 secs] 
594.991: [GC594.991: [ParNew: 69952K->69952K(78656K), 0.0000202 secs]594.991: [Tenured: 166550K->170213K(174784K), 0.3756054 secs] 236502K->170213K(253440K), [Perm : 7341K->7341K(21248K)], 0.3760787 secs] [Times: user=0.37 sys=0.00, real=0.38 secs] 
595.437: [GC595.437: [ParNew: 69952K->69952K(78656K), 0.0000170 secs]595.437: [Tenured: 170213K->172671K(174784K), 0.3803305 secs] 240165K->172671K(253440K), [Perm : 7341K->7341K(21248K)], 0.3807096 secs] [Times: user=0.37 sys=0.00, real=0.38 secs] 
595.896: [GC595.896: [ParNew: 69952K->69952K(78656K), 0.0000173 secs]595.897: [Tenured: 172671K->173509K(174784K), 0.3812879 secs] 242623K->173509K(253440K), [Perm : 7341K->7341K(21248K)], 0.3816686 secs] [Times: user=0.37 sys=0.00, real=0.38 secs] 
596.349: [GC596.349: [ParNew: 69952K->69952K(78656K), 0.0000180 secs]596.349: [Tenured: 173509K->166207K(174784K), 0.3855380 secs] 243461K->166207K(253440K), [Perm : 7341K->7341K(21248K)], 0.3859393 secs] [Times: user=0.39 sys=0.00, real=0.39 secs] 
596.823: [GC596.823: [ParNew: 69952K->69952K(78656K), 0.0000324 secs]596.823: [Tenured: 166207K->174783K(174784K), 0.3772869 secs] 236159K->175656K(253440K), [Perm : 7341K->7341K(21248K)], 0.3777276 secs] [Times: user=0.39 sys=0.00, real=0.38 secs] 
597.326: [Full GC597.326: [Tenured: 174783K->174783K(174784K), 0.3953049 secs] 253439K->176866K(253440K), [Perm : 7341K->7341K(21248K)], 0.3956240 secs] [Times: user=0.39 sys=0.00, real=0.40 secs] 
597.845: [Full GC597.845: [Tenured: 174783K->173366K(174784K), 0.3925086 secs] 253439K->173366K(253440K), [Perm : 7341K->7341K(21248K)], 0.3927940 secs] [Times: user=0.39 sys=0.00, real=0.39 secs] 
598.308: [GC598.308: [ParNew: 69952K->69952K(78656K), 0.0000170 secs]598.308: [Tenured: 173366K->159888K(174784K), 0.3797754 secs] 243318K->159888K(253440K), [Perm : 7341K->7341K(21248K)], 0.3801477 secs] [Times: user=0.37 sys=0.00, real=0.38 secs] 
598.770: [GC598.771: [ParNew: 69952K->69952K(78656K), 0.0000176 secs]598.771: [Tenured: 159888K->173122K(174784K), 0.3782234 secs] 229840K->173122K(253440K), [Perm : 7341K->7341K(21248K)], 0.3786573 secs] [Times: user=0.36 sys=0.00, real=0.38 secs] 
599.224: [GC599.224: [ParNew: 69952K->69952K(78656K), 0.0000189 secs]599.224: [Tenured: 173122K->172904K(174784K), 0.3841141 secs] 243074K->172904K(253440K), [Perm : 7341K->7341K(21248K)], 0.3845085 secs] [Times: user=0.39 sys=0.00, real=0.38 secs] 
599.692: [GC599.692: [ParNew: 69952K->69952K(78656K), 0.0000170 secs]599.692: [Tenured: 172904K->172127K(174784K), 0.3820775 secs] 242856K->172127K(253440K), [Perm : 7343K->7343K(21248K)], 0.3824348 secs] [Times: user=0.37 sys=0.00, real=0.38 secs] 
600.156: [GC600.156: [ParNew: 69952K->69952K(78656K), 0.0000241 secs]600.156: [Tenured: 172127K->170118K(174784K), 0.3964662 secs] 242079K->170118K(253440K), [Perm : 7343K->7343K(21248K)], 0.3968453 secs] [Times: user=0.39 sys=0.00, real=0.40 secs] 
600.632: [GC600.632: [ParNew: 69952K->69952K(78656K), 0.0000164 secs]600.632: [Tenured: 170118K->174783K(174784K), 0.3860092 secs] 240070K->176754K(253440K), [Perm : 7343K->7343K(21248K)], 0.3864794 secs] [Times: user=0.38 sys=0.00, real=0.39 secs] 
601.140: [Full GC601.140: [Tenured: 174784K->174783K(174784K), 0.3971933 secs] 253440K->179160K(253440K), [Perm : 7343K->7343K(21248K)], 0.3975140 secs] [Times: user=0.40 sys=0.00, real=0.40 secs] 
601.646: [Full GC601.647: [Tenured: 174783K->174783K(174784K), 0.3926413 secs] 253439K->176692K(253440K), [Perm : 7343K->7343K(21248K)], 0.3930358 secs] [Times: user=0.39 sys=0.00, real=0.39 secs] 
602.161: [Full GC602.161: [Tenured: 174783K->161434K(174784K), 0.3873453 secs] 253439K->161434K(253440K), [Perm : 7343K->7343K(21248K)], 0.3877273 secs] [Times: user=0.38 sys=0.00, real=0.39 secs] 
602.617: [GC602.617: [ParNew: 69952K->69952K(78656K), 0.0000180 secs]602.617: [Tenured: 161434K->173187K(174784K), 0.3756990 secs] 231386K->173187K(253440K), [Perm : 7343K->7343K(21248K)], 0.3761095 secs] [Times: user=0.37 sys=0.00, real=0.38 secs] 
603.067: [GC603.068: [ParNew: 69952K->69952K(78656K), 0.0000225 secs]603.068: [Tenured: 173187K->170771K(174784K), 0.3831012 secs] 243139K->170771K(253440K), [Perm : 7343K->7343K(21248K)], 0.3836885 secs] [Times: user=0.33 sys=0.00, real=0.38 secs] 
603.532: [GC603.532: [ParNew: 69952K->69952K(78656K), 0.0000167 secs]603.532: [Tenured: 170771K->174784K(174784K), 0.3888453 secs] 240723K->175703K(253440K), [Perm : 7343K->7343K(21248K)], 0.3892279 secs] [Times: user=0.36 sys=0.00, real=0.39 secs] 
604.043: [Full GC604.043: [Tenured: 174784K->163792K(174784K), 0.3900089 secs] 253439K->163792K(253440K), [Perm : 7343K->7343K(21248K)], 0.3904232 secs] [Times: user=0.39 sys=0.00, real=0.39 secs] 
604.519: [GC604.520: [ParNew: 69952K->69952K(78656K), 0.0000189 secs]604.520: [Tenured: 163792K->174783K(174784K), 0.4036905 secs] 233744K->183412K(253440K), [Perm : 7343K->7343K(21248K)], 0.4041205 secs] [Times: user=0.41 sys=0.00, real=0.40 secs] 
605.029: [Full GC605.029: [Tenured: 174783K->174783K(174784K), 0.3997199 secs] 253439K->179643K(253440K), [Perm : 7343K->7343K(21248K)], 0.4000394 secs] [Times: user=0.41 sys=0.00, real=0.40 secs] 
605.569: [Full GC605.569: [Tenured: 174783K->172354K(174784K), 0.3901519 secs] 253439K->172354K(253440K), [Perm : 7343K->7343K(21248K)], 0.3904576 secs] [Times: user=0.39 sys=0.00, real=0.39 secs] 
606.018: [GC606.019: [ParNew: 69952K->69952K(78656K), 0.0000183 secs]606.019: [Tenured: 172354K->160584K(174784K), 0.3793895 secs] 242306K->160584K(253440K), [Perm : 7343K->7343K(21248K)], 0.3798347 secs] [Times: user=0.37 sys=0.00, real=0.38 secs] 
606.470: [GC606.470: [ParNew: 69952K->69952K(78656K), 0.0000167 secs]606.470: [Tenured: 160584K->170650K(174784K), 0.3792439 secs] 230536K->170650K(253440K), [Perm : 7343K->7343K(21248K)], 0.3796185 secs] [Times: user=0.37 sys=0.00, real=0.38 secs] 
Heap
 par new generation   total 78656K, used 3099K [0x00000000eae00000, 0x00000000f0350000, 0x00000000f0350000)
  eden space 69952K,   4% used [0x00000000eae00000, 0x00000000eb1084e0, 0x00000000ef250000)
  from space 8704K,   0% used [0x00000000ef250000, 0x00000000ef250000, 0x00000000efad0000)
  to   space 8704K,   0% used [0x00000000efad0000, 0x00000000efad0000, 0x00000000f0350000)
 tenured generation   total 174784K, used 170650K [0x00000000f0350000, 0x00000000fae00000, 0x00000000fae00000)
   the space 174784K,  97% used [0x00000000f0350000, 0x00000000fa9f6b98, 0x00000000fa9f6c00, 0x00000000fae00000)
 compacting perm gen  total 21248K, used 7354K [0x00000000fae00000, 0x00000000fc2c0000, 0x0000000100000000)
   the space 21248K,  34% used [0x00000000fae00000, 0x00000000fb52e8b8, 0x00000000fb52ea00, 0x00000000fc2c0000)
No shared spaces configured.
