0.067: [GC0.067: [ParNew: 69568K->658K(78208K), 0.0010892 secs] 69568K->658K(251968K), 0.0012441 secs] [Times: user=0.00 sys=0.00, real=0.00 secs] 
0.107: [GC0.107: [ParNew: 70226K->5117K(78208K), 0.0042085 secs] 70226K->5117K(251968K), 0.0045000 secs] [Times: user=0.06 sys=0.00, real=0.00 secs] 
0.161: [GC0.161: [ParNew: 74685K->8640K(78208K), 0.0220142 secs] 74685K->28196K(251968K), 0.0224812 secs] [Times: user=0.03 sys=0.02, real=0.02 secs] 
0.238: [GC0.239: [ParNew: 78208K->8640K(78208K), 0.0408622 secs] 97764K->71692K(251968K), 0.0413802 secs] [Times: user=0.13 sys=0.00, real=0.04 secs] 
0.342: [GC0.342: [ParNew: 78208K->8640K(78208K), 0.0507571 secs] 141260K->126772K(251968K), 0.0513540 secs] [Times: user=0.20 sys=0.05, real=0.05 secs] 
0.464: [GC0.465: [ParNew: 78208K->8640K(78208K), 0.0556577 secs]0.520: [Tenured: 178708K->165971K(178944K), 0.3116760 secs] 196340K->165971K(257152K), [Perm : 2603K->2603K(21248K)], 0.3679357 secs] [Times: user=0.56 sys=0.00, real=0.37 secs] 
0.952: [GC0.952: [ParNew: 114880K->14336K(129216K), 0.0928259 secs] 280851K->271667K(405836K), 0.0934202 secs] [Times: user=0.34 sys=0.03, real=0.09 secs] 
1.165: [GC1.165: [ParNew: 129216K->14336K(129216K), 0.1061656 secs]1.272: [Tenured: 363443K->183394K(363596K), 0.3856192 secs] 386547K->183394K(492812K), [Perm : 2603K->2603K(21248K)], 0.4965731 secs] [Times: user=0.80 sys=0.03, real=0.50 secs] 
1.774: [GC1.775: [ParNew: 126464K->15808K(142272K), 0.0568447 secs] 309858K->254338K(447932K), 0.0573030 secs] [Times: user=0.25 sys=0.00, real=0.06 secs] 
1.960: [GC1.961: [ParNew: 142272K->15808K(142272K), 0.1028798 secs]2.064: [Tenured: 349850K->178783K(350012K), 0.3660505 secs] 380802K->178783K(492284K), [Perm : 2603K->2603K(21248K)], 0.4722754 secs] [Times: user=0.80 sys=0.01, real=0.47 secs] 
2.567: [GC2.568: [ParNew: 126464K->15808K(142272K), 0.1029295 secs] 305247K->300327K(447932K), 0.1034449 secs] [Times: user=0.41 sys=0.00, real=0.10 secs] 
2.798: [GC2.798: [ParNew: 142272K->15808K(142272K), 0.0898368 secs]2.888: [Tenured: 382071K->161042K(382076K), 0.3742497 secs] 426791K->161042K(524348K), [Perm : 2603K->2602K(21248K)], 0.4696057 secs] [Times: user=0.70 sys=0.03, real=0.47 secs] 
3.403: [GC3.403: [ParNew: 126464K->15808K(142272K), 0.0949798 secs] 287506K->279818K(447932K), 0.0955421 secs] [Times: user=0.37 sys=0.00, real=0.10 secs] 
3.633: [GC3.634: [ParNew: 142272K->15806K(142272K), 0.1154103 secs]3.749: [Tenured: 385146K->178521K(385148K), 0.3807276 secs] 406282K->178521K(527420K), [Perm : 2602K->2602K(21248K)], 0.5019804 secs] [Times: user=0.83 sys=0.03, real=0.50 secs] 
4.273: [GC4.273: [ParNew: 126463K->15808K(142272K), 0.0998766 secs] 304985K->300593K(447932K), 0.1003288 secs] [Times: user=0.42 sys=0.00, real=0.10 secs] 
4.510: [GC4.510: [ParNew: 142272K->15807K(142272K), 0.1206233 secs]4.630: [Tenured: 404089K->165599K(404156K), 0.3865191 secs] 427057K->165599K(546428K), [Perm : 2602K->2602K(21248K)], 0.5142448 secs] [Times: user=0.76 sys=0.05, real=0.51 secs] 
5.160: [GC5.161: [ParNew: 126464K->15807K(142272K), 0.0984657 secs] 292063K->287166K(447932K), 0.0988942 secs] [Times: user=0.41 sys=0.00, real=0.10 secs] 
5.397: [GC5.397: [ParNew: 142271K->15807K(142272K), 0.1117823 secs]5.509: [Tenured: 392703K->183464K(392828K), 0.3787728 secs] 413630K->183464K(535100K), [Perm : 2602K->2602K(21248K)], 0.4968611 secs] [Times: user=0.73 sys=0.03, real=0.50 secs] 
6.030: [GC6.030: [ParNew: 126528K->15807K(142336K), 0.1024334 secs] 309992K->307087K(448112K), 0.1028618 secs] [Times: user=0.39 sys=0.00, real=0.10 secs] 
6.271: [GC6.271: [ParNew: 142335K->15806K(142336K), 0.1139142 secs]6.385: [Tenured: 414056K->163048K(414064K), 0.3752641 secs] 433615K->163048K(556400K), [Perm : 2602K->2602K(21248K)], 0.4967463 secs] [Times: user=0.76 sys=0.03, real=0.50 secs] 
6.899: [GC6.900: [ParNew: 126528K->15806K(142336K), 0.0937646 secs] 289576K->277478K(448112K), 0.0942005 secs] [Times: user=0.38 sys=0.00, real=0.09 secs] 
7.131: [GC7.132: [ParNew: 142334K->15806K(142336K), 0.1142544 secs]7.246: [Tenured: 384712K->186596K(384880K), 0.3807305 secs] 404006K->186596K(527216K), [Perm : 2602K->2602K(21248K)], 0.5004416 secs] [Times: user=0.75 sys=0.03, real=0.50 secs] 
7.766: [GC7.766: [ParNew: 128640K->16064K(144704K), 0.0951691 secs] 315236K->304540K(455700K), 0.0955988 secs] [Times: user=0.44 sys=0.00, real=0.10 secs] 
7.995: [GC7.995: [ParNew: 144704K->16064K(144704K), 0.1000940 secs]8.095: [Tenured: 397140K->165887K(397396K), 0.3762834 secs] 433180K->165887K(542100K), [Perm : 2602K->2602K(21248K)], 0.4828502 secs] [Times: user=0.78 sys=0.02, real=0.48 secs] 
8.617: [GC8.618: [ParNew: 128640K->16064K(144704K), 0.1033898 secs] 294527K->290207K(455700K), 0.1038022 secs] [Times: user=0.41 sys=0.00, real=0.10 secs] 
8.855: [GC8.855: [ParNew: 144704K->16064K(144704K), 0.1087663 secs]8.964: [Tenured: 392287K->164310K(392404K), 0.3734893 secs] 418847K->164310K(537108K), [Perm : 2602K->2602K(21248K)], 0.4882033 secs] [Times: user=0.79 sys=0.01, real=0.49 secs] 
9.482: [GC9.483: [ParNew: 128640K->16062K(144704K), 0.0993868 secs] 292950K->288397K(455700K), 0.0997980 secs] [Times: user=0.44 sys=0.00, real=0.10 secs] 
9.721: [GC9.721: [ParNew: 144702K->16062K(144704K), 0.1130418 secs]9.834: [Tenured: 392590K->161498K(392788K), 0.3725059 secs] 417037K->161498K(537492K), [Perm : 2602K->2602K(21248K)], 0.4917091 secs] [Times: user=0.78 sys=0.02, real=0.49 secs] 
10.353: [GC10.353: [ParNew: 128640K->16062K(144704K), 0.1000565 secs] 290138K->285609K(455700K), 0.1004956 secs] [Times: user=0.42 sys=0.00, real=0.10 secs] 
10.593: [GC10.593: [ParNew: 144702K->16062K(144704K), 0.1130145 secs]10.706: [Tenured: 392714K->183537K(392788K), 0.3778517 secs] 414249K->183537K(537492K), [Perm : 2602K->2602K(21248K)], 0.4966308 secs] [Times: user=0.81 sys=0.00, real=0.50 secs] 
11.227: [GC11.227: [ParNew: 128640K->16062K(144704K), 0.0993092 secs] 312177K->305999K(455700K), 0.0997428 secs] [Times: user=0.41 sys=0.00, real=0.10 secs] 
11.467: [GC11.467: [ParNew: 144702K->16062K(144704K), 0.1152987 secs]11.583: [Tenured: 414457K->159958K(414484K), 0.3718933 secs] 434639K->159958K(559188K), [Perm : 2602K->2602K(21248K)], 0.4944272 secs] [Times: user=0.62 sys=0.03, real=0.49 secs] 
12.099: [GC12.099: [ParNew: 128640K->16062K(144704K), 0.1056758 secs] 288598K->285413K(455700K), 0.1060973 secs] [Times: user=0.39 sys=0.00, real=0.11 secs] 
12.345: [GC12.345: [ParNew: 144702K->16062K(144704K), 0.1132051 secs]12.458: [Tenured: 391278K->186284K(391444K), 0.3811711 secs] 414053K->186284K(536148K), [Perm : 2602K->2602K(21248K)], 0.5001783 secs] [Times: user=0.81 sys=0.00, real=0.50 secs] 
12.981: [GC12.981: [ParNew: 128640K->16062K(144704K), 0.0946723 secs] 314924K->303170K(455700K), 0.0950898 secs] [Times: user=0.36 sys=0.00, real=0.10 secs] 
13.216: [GC13.216: [ParNew: 144702K->16064K(144704K), 0.1139466 secs]13.330: [Tenured: 410572K->166693K(410644K), 0.3826179 secs] 431810K->166693K(555348K), [Perm : 2602K->2602K(21248K)], 0.5043076 secs] [Times: user=0.81 sys=0.02, real=0.50 secs] 
13.854: [GC13.854: [ParNew: 128640K->16063K(144704K), 0.0915247 secs] 295333K->282933K(455700K), 0.0922451 secs] [Times: user=0.34 sys=0.00, real=0.09 secs] 
14.077: [GC14.077: [ParNew: 144703K->16063K(144704K), 0.0954994 secs]14.173: [Tenured: 369293K->179309K(369364K), 0.3673914 secs] 411573K->179309K(514068K), [Perm : 2602K->2602K(21248K)], 0.4674890 secs] [Times: user=0.70 sys=0.00, real=0.47 secs] 
14.685: [GC14.685: [ParNew: 128640K->16063K(144704K), 0.0998256 secs] 307949K->304573K(455700K), 0.1003003 secs] [Times: user=0.38 sys=0.00, real=0.10 secs] 
14.917: [GC14.917: [ParNew: 144703K->16063K(144704K), 0.1010812 secs]15.018: [Tenured: 399853K->162073K(399892K), 0.3727628 secs] 433213K->162073K(544596K), [Perm : 2602K->2602K(21248K)], 0.4803226 secs] [Times: user=0.72 sys=0.05, real=0.48 secs] 
15.532: [GC15.532: [ParNew: 128640K->16062K(144704K), 0.0948830 secs] 290713K->279096K(455700K), 0.0953548 secs] [Times: user=0.37 sys=0.00, real=0.10 secs] 
15.767: [GC15.767: [ParNew: 144702K->16062K(144704K), 0.1275637 secs]15.894: [Tenured: 385841K->184465K(385876K), 0.3787959 secs] 407736K->184465K(530580K), [Perm : 2602K->2602K(21248K)], 0.5121703 secs] [Times: user=0.80 sys=0.03, real=0.51 secs] 
16.417: [GC16.418: [ParNew: 128640K->16062K(144704K), 0.1017528 secs] 313105K->308903K(455700K), 0.1021688 secs] [Times: user=0.40 sys=0.00, real=0.10 secs] 
16.661: [GC16.661: [ParNew: 144702K->16062K(144704K), 0.1129700 secs]16.774: [Tenured: 417369K->161307K(417556K), 0.3770518 secs] 437543K->161307K(562260K), [Perm : 2602K->2602K(21248K)], 0.4977777 secs] [Times: user=0.75 sys=0.03, real=0.50 secs] 
17.298: [GC17.298: [ParNew: 128640K->16062K(144704K), 0.1014985 secs] 289947K->286098K(455700K), 0.1019196 secs] [Times: user=0.42 sys=0.00, real=0.10 secs] 
17.537: [GC17.538: [ParNew: 144702K->16062K(144704K), 0.1117458 secs]17.649: [Tenured: 392931K->182788K(392980K), 0.3761660 secs] 414738K->182788K(537684K), [Perm : 2602K->2602K(21248K)], 0.4937145 secs] [Times: user=0.80 sys=0.02, real=0.49 secs] 
18.169: [GC18.169: [ParNew: 128640K->16062K(144704K), 0.1001309 secs] 311428K->304962K(455700K), 0.1005674 secs] [Times: user=0.42 sys=0.00, real=0.10 secs] 
18.409: [GC18.410: [ParNew: 144702K->16062K(144704K), 0.1120360 secs]18.522: [Tenured: 412460K->161217K(412564K), 0.3697686 secs] 433602K->161217K(557268K), [Perm : 2602K->2602K(21248K)], 0.4888906 secs] [Times: user=0.76 sys=0.05, real=0.49 secs] 
19.033: [GC19.033: [ParNew: 128640K->16062K(144704K), 0.0953220 secs] 289857K->280063K(455700K), 0.0957435 secs] [Times: user=0.36 sys=0.00, real=0.10 secs] 
19.267: [GC19.267: [ParNew: 144702K->16064K(144704K), 0.1073769 secs]19.374: [Tenured: 381849K->188549K(382036K), 0.3866080 secs] 408703K->188549K(526740K), [Perm : 2602K->2602K(21248K)], 0.4990670 secs] [Times: user=0.75 sys=0.02, real=0.50 secs] 
19.900: [GC19.900: [ParNew: 129984K->16192K(146176K), 0.0918005 secs] 318533K->302421K(460428K), 0.0922403 secs] [Times: user=0.37 sys=0.00, real=0.09 secs] 
20.128: [GC20.128: [ParNew: 146176K->16192K(146176K), 0.1070408 secs]20.236: [Tenured: 405437K->166125K(405644K), 0.3773725 secs] 432405K->166125K(551820K), [Perm : 2602K->2602K(21248K)], 0.4913178 secs] [Times: user=0.80 sys=0.02, real=0.49 secs] 
20.758: [GC20.759: [ParNew: 129984K->16192K(146176K), 0.1005953 secs] 296109K->291813K(460428K), 0.1010190 secs] [Times: user=0.44 sys=0.00, real=0.10 secs] 
20.994: [GC20.994: [ParNew: 146176K->16192K(146176K), 0.1179293 secs]21.112: [Tenured: 389245K->173799K(389324K), 0.3768193 secs] 421797K->173799K(535500K), [Perm : 2602K->2602K(21248K)], 0.5001645 secs] [Times: user=0.81 sys=0.00, real=0.50 secs] 
21.636: [GC21.636: [ParNew: 129983K->16191K(146176K), 0.1045799 secs] 303783K->300502K(460428K), 0.1051916 secs] [Times: user=0.44 sys=0.00, real=0.10 secs] 
21.882: [GC21.882: [ParNew: 146175K->16191K(146176K), 0.1135312 secs]21.996: [Tenured: 407159K->168722K(407180K), 0.3880887 secs] 430486K->168722K(553356K), [Perm : 2602K->2602K(21248K)], 0.5081703 secs] [Times: user=0.80 sys=0.03, real=0.51 secs] 
22.530: [GC22.530: [ParNew: 129984K->16191K(146176K), 0.1023827 secs] 298706K->293897K(460428K), 0.1028432 secs] [Times: user=0.34 sys=0.00, real=0.10 secs] 
22.772: [GC22.772: [ParNew: 146175K->16191K(146176K), 0.1107047 secs]22.883: [Tenured: 398930K->180811K(399116K), 0.3751073 secs] 423881K->180811K(545292K), [Perm : 2602K->2602K(21248K)], 0.4919547 secs] [Times: user=0.76 sys=0.05, real=0.49 secs] 
23.404: [GC23.404: [ParNew: 129984K->16191K(146176K), 0.1002759 secs] 310795K->304930K(460428K), 0.1007268 secs] [Times: user=0.37 sys=0.00, real=0.10 secs] 
23.644: [GC23.644: [ParNew: 146175K->16190K(146176K), 0.1112621 secs]23.756: [Tenured: 410987K->169280K(411212K), 0.3880057 secs] 434914K->169280K(557388K), [Perm : 2602K->2602K(21248K)], 0.5063474 secs] [Times: user=0.81 sys=0.02, real=0.51 secs] 
24.290: [GC24.290: [ParNew: 129984K->16190K(146176K), 0.1010652 secs] 299264K->295087K(460428K), 0.1014927 secs] [Times: user=0.37 sys=0.00, real=0.10 secs] 
24.533: [GC24.533: [ParNew: 146174K->16190K(146176K), 0.1151961 secs]24.648: [Tenured: 404064K->183333K(404108K), 0.3831455 secs] 425071K->183333K(550284K), [Perm : 2602K->2602K(21248K)], 0.5050885 secs] [Times: user=0.83 sys=0.03, real=0.51 secs] 
25.166: [GC25.166: [ParNew: 129984K->16190K(146176K), 0.1085482 secs] 313317K->282860K(460428K), 0.1089716 secs] [Times: user=0.33 sys=0.00, real=0.11 secs] 
25.398: [GC25.398: [ParNew: 146174K->16192K(146176K), 0.1213023 secs]25.520: [Tenured: 368085K->167894K(368204K), 0.3761759 secs] 412844K->167894K(514380K), [Perm : 2602K->2602K(21248K)], 0.5017531 secs] [Times: user=0.69 sys=0.00, real=0.50 secs] 
26.036: [GC26.037: [ParNew: 129984K->16192K(146176K), 0.0987114 secs] 297878K->288526K(460428K), 0.0992060 secs] [Times: user=0.36 sys=0.00, real=0.10 secs] 
26.278: [GC26.278: [ParNew: 146176K->16192K(146176K), 0.1131015 secs]26.391: [Tenured: 394726K->181432K(394892K), 0.3797212 secs] 418510K->181432K(541068K), [Perm : 2602K->2602K(21248K)], 0.4988727 secs] [Times: user=0.67 sys=0.06, real=0.50 secs] 
26.905: [GC26.905: [ParNew: 129984K->16192K(146176K), 0.0920010 secs] 311416K->288352K(460428K), 0.0924128 secs] [Times: user=0.31 sys=0.00, real=0.09 secs] 
27.122: [GC27.122: [ParNew: 146176K->16192K(146176K), 0.0871084 secs]27.209: [Tenured: 361168K->169661K(361292K), 0.3797311 secs] 418336K->169661K(507468K), [Perm : 2602K->2602K(21248K)], 0.4704588 secs] [Times: user=0.61 sys=0.00, real=0.47 secs] 
27.732: [GC27.732: [ParNew: 129983K->16192K(146176K), 0.1017358 secs] 299645K->293797K(460428K), 0.1021771 secs] [Times: user=0.37 sys=0.00, real=0.10 secs] 
27.967: [GC27.967: [ParNew: 146176K->16191K(146176K), 0.1028869 secs]28.070: [Tenured: 388797K->186676K(388940K), 0.3843363 secs] 423781K->186676K(535116K), [Perm : 2602K->2602K(21248K)], 0.4926077 secs] [Times: user=0.80 sys=0.02, real=0.49 secs] 
28.599: [GC28.600: [ParNew: 129984K->16190K(146176K), 0.1048949 secs] 316660K->312275K(460428K), 0.1054584 secs] [Times: user=0.41 sys=0.00, real=0.11 secs] 
28.846: [GC28.847: [ParNew: 146174K->16190K(146176K), 0.1156967 secs]28.962: [Tenured: 421876K->161251K(421964K), 0.3743764 secs] 442259K->161251K(568140K), [Perm : 2602K->2602K(21248K)], 0.4977222 secs] [Times: user=0.73 sys=0.06, real=0.50 secs] 
29.481: [GC29.481: [ParNew: 129984K->16190K(146176K), 0.1010437 secs] 291235K->285378K(460428K), 0.1015392 secs] [Times: user=0.39 sys=0.00, real=0.10 secs] 
29.723: [GC29.723: [ParNew: 146174K->16190K(146176K), 0.1106836 secs]29.834: [Tenured: 392347K->180736K(392396K), 0.3772189 secs] 415362K->180736K(538572K), [Perm : 2602K->2602K(21248K)], 0.4936870 secs] [Times: user=0.80 sys=0.03, real=0.49 secs] 
30.356: [GC30.357: [ParNew: 129984K->16190K(146176K), 0.1020074 secs] 310720K->306143K(460428K), 0.1024824 secs] [Times: user=0.39 sys=0.00, real=0.10 secs] 
30.599: [GC30.599: [ParNew: 146174K->16190K(146176K), 0.1129745 secs]30.712: [Tenured: 414824K->167571K(414860K), 0.3822991 secs] 436127K->167571K(561036K), [Perm : 2602K->2602K(21248K)], 0.5030189 secs] [Times: user=0.78 sys=0.03, real=0.50 secs] 
31.234: [GC31.234: [ParNew: 129984K->16190K(146176K), 0.0879654 secs] 297555K->278521K(460428K), 0.0884198 secs] [Times: user=0.31 sys=0.00, real=0.09 secs] 
31.461: [GC31.462: [ParNew: 146174K->16190K(146176K), 0.1082865 secs]31.570: [Tenured: 383515K->182827K(383564K), 0.3787606 secs] 408505K->182827K(529740K), [Perm : 2602K->2602K(21248K)], 0.4925106 secs] [Times: user=0.81 sys=0.00, real=0.49 secs] 
32.087: [GC32.088: [ParNew: 129984K->16190K(146176K), 0.0969074 secs] 312811K->298033K(460428K), 0.0973464 secs] [Times: user=0.41 sys=0.00, real=0.10 secs] 
32.322: [GC32.322: [ParNew: 146174K->16190K(146176K), 0.1075267 secs]32.429: [Tenured: 398379K->164646K(398732K), 0.3771384 secs] 428017K->164646K(544908K), [Perm : 2602K->2602K(21248K)], 0.4909612 secs] [Times: user=0.77 sys=0.02, real=0.49 secs] 
32.953: [GC32.953: [ParNew: 129984K->16190K(146176K), 0.1210434 secs] 294630K->289332K(460428K), 0.1214498 secs] [Times: user=0.45 sys=0.00, real=0.12 secs] 
33.213: [GC33.213: [ParNew: 146174K->16192K(146176K), 0.1119462 secs]33.325: [Tenured: 394342K->170175K(394508K), 0.3704091 secs] 419316K->170175K(540684K), [Perm : 2602K->2602K(21248K)], 0.4880952 secs] [Times: user=0.78 sys=0.01, real=0.49 secs] 
33.837: [GC33.837: [ParNew: 129984K->16191K(146176K), 0.1003830 secs] 300159K->289006K(460428K), 0.1008336 secs] [Times: user=0.34 sys=0.00, real=0.10 secs] 
34.073: [GC34.073: [ParNew: 146175K->16191K(146176K), 0.1345300 secs]34.208: [Tenured: 390711K->164950K(391052K), 0.3787705 secs] 418990K->164950K(537228K), [Perm : 2602K->2602K(21248K)], 0.5190424 secs] [Times: user=0.78 sys=0.00, real=0.52 secs] 
34.734: [GC34.734: [ParNew: 129984K->16191K(146176K), 0.1028275 secs] 294934K->292053K(460428K), 0.1033529 secs] [Times: user=0.41 sys=0.00, real=0.10 secs] 
34.978: [GC34.978: [ParNew: 146175K->16191K(146176K), 0.1117503 secs]35.090: [Tenured: 399758K->162950K(399884K), 0.3758478 secs] 422037K->162950K(546060K), [Perm : 2602K->2602K(21248K)], 0.4940340 secs] [Times: user=0.80 sys=0.02, real=0.49 secs] 
35.608: [GC35.608: [ParNew: 129984K->16191K(146176K), 0.0953150 secs] 292934K->282133K(460428K), 0.0957832 secs] [Times: user=0.36 sys=0.00, real=0.10 secs] 
35.846: [GC35.846: [ParNew: 146175K->16190K(146176K), 0.1120796 secs]35.958: [Tenured: 389710K->182285K(389900K), 0.3827956 secs] 412117K->182285K(536076K), [Perm : 2602K->2602K(21248K)], 0.5005180 secs] [Times: user=0.87 sys=0.00, real=0.50 secs] 
36.484: [GC36.484: [ParNew: 129984K->16190K(146176K), 0.0995026 secs] 312269K->302163K(460428K), 0.0999253 secs] [Times: user=0.42 sys=0.00, real=0.10 secs] 
36.716: [GC36.717: [ParNew: 146174K->16190K(146176K), 0.1132833 secs]36.830: [Tenured: 399973K->165382K(400076K), 0.3962007 secs] 432147K->165382K(546252K), [Perm : 2602K->2602K(21248K)], 0.5158532 secs] [Times: user=0.75 sys=0.02, real=0.52 secs] 
37.367: [GC37.367: [ParNew: 129984K->16190K(146176K), 0.0927605 secs] 295366K->277908K(460428K), 0.0932486 secs] [Times: user=0.38 sys=0.00, real=0.09 secs] 
37.597: [GC37.597: [ParNew: 146174K->16190K(146176K), 0.1081592 secs]37.706: [Tenured: 379150K->167693K(379340K), 0.3884697 secs] 407892K->167693K(525516K), [Perm : 2602K->2602K(21248K)], 0.5016123 secs] [Times: user=0.76 sys=0.00, real=0.50 secs] 
38.233: [GC38.233: [ParNew: 129984K->16190K(146176K), 0.0958002 secs] 297677K->286140K(460428K), 0.0962310 secs] [Times: user=0.44 sys=0.00, real=0.10 secs] 
38.462: [GC38.462: [ParNew: 146174K->16190K(146176K), 0.1198690 secs]38.582: [Tenured: 380901K->176475K(381068K), 0.3752166 secs] 416124K->176475K(527244K), [Perm : 2602K->2602K(21248K)], 0.5000378 secs] [Times: user=0.76 sys=0.02, real=0.50 secs] 
39.099: [GC39.100: [ParNew: 129983K->16190K(146176K), 0.1009911 secs] 306459K->300457K(460428K), 0.1013946 secs] [Times: user=0.36 sys=0.00, real=0.10 secs] 
39.330: [GC39.330: [ParNew: 146174K->16190K(146176K), 0.0996899 secs]39.430: [Tenured: 389595K->163880K(389708K), 0.3855525 secs] 430441K->163880K(535884K), [Perm : 2602K->2602K(21248K)], 0.4907168 secs] [Times: user=0.73 sys=0.00, real=0.49 secs] 
39.945: [GC39.945: [ParNew: 129984K->16190K(146176K), 0.0685506 secs] 293864K->237846K(460428K), 0.0689977 secs] [Times: user=0.30 sys=0.00, real=0.07 secs] 
40.152: [GC40.153: [ParNew: 146174K->16192K(146176K), 0.0984770 secs]40.251: [Tenured: 332168K->179169K(332300K), 0.3747057 secs] 367830K->179169K(478476K), [Perm : 2602K->2602K(21248K)], 0.4748165 secs] [Times: user=0.81 sys=0.00, real=0.47 secs] 
40.767: [GC40.767: [ParNew: 129984K->16191K(146176K), 0.0993968 secs] 309153K->303617K(460428K), 0.0998359 secs] [Times: user=0.37 sys=0.00, real=0.10 secs] 
41.005: [GC41.005: [ParNew: 146175K->16191K(146176K), 0.1107131 secs]41.116: [Tenured: 404865K->166250K(404876K), 0.3946025 secs] 433601K->166250K(551052K), [Perm : 2602K->2602K(21248K)], 0.5118246 secs] [Times: user=0.77 sys=0.03, real=0.51 secs] 
41.645: [GC41.646: [ParNew: 129984K->16191K(146176K), 0.0666645 secs] 296234K->248489K(460428K), 0.0671997 secs] [Times: user=0.23 sys=0.00, real=0.07 secs] 
41.843: [GC41.843: [ParNew: 146175K->16191K(146176K), 0.0691532 secs] 378473K->326521K(460428K), 0.0695933 secs] [Times: user=0.25 sys=0.00, real=0.07 secs] 
42.050: [GC42.051: [ParNew: 146175K->16191K(146176K), 0.1111951 secs]42.162: [Tenured: 428410K->184436K(428492K), 0.3950592 secs] 456505K->184436K(574668K), [Perm : 2602K->2602K(21248K)], 0.5145809 secs] [Times: user=0.78 sys=0.00, real=0.52 secs] 
42.704: [GC42.705: [ParNew: 129984K->16190K(146176K), 0.1053404 secs] 314420K->308211K(460428K), 0.1057852 secs] [Times: user=0.33 sys=0.00, real=0.11 secs] 
42.948: [GC42.949: [ParNew: 146174K->16190K(146176K), 0.1140976 secs]43.063: [Tenured: 412388K->166549K(412556K), 0.3933405 secs] 438195K->166549K(558732K), [Perm : 2602K->2602K(21248K)], 0.5145126 secs] [Times: user=0.73 sys=0.08, real=0.51 secs] 
43.601: [GC43.601: [ParNew: 129984K->16190K(146176K), 0.1005501 secs] 296533K->288580K(460428K), 0.1010671 secs] [Times: user=0.36 sys=0.00, real=0.10 secs] 
43.843: [GC43.844: [ParNew: 146174K->16190K(146176K), 0.1128353 secs]43.957: [Tenured: 395541K->167297K(395660K), 0.3838078 secs] 418564K->167297K(541836K), [Perm : 2602K->2602K(21248K)], 0.5026565 secs] [Times: user=0.81 sys=0.00, real=0.50 secs] 
44.482: [GC44.482: [ParNew: 129984K->16190K(146176K), 0.0999375 secs] 297281K->289744K(460428K), 0.1003663 secs] [Times: user=0.33 sys=0.00, real=0.10 secs] 
44.722: [GC44.722: [ParNew: 146174K->16190K(146176K), 0.1155287 secs]44.838: [Tenured: 398353K->163194K(398540K), 0.3791981 secs] 419728K->163194K(544716K), [Perm : 2602K->2602K(21248K)], 0.5014782 secs] [Times: user=0.76 sys=0.03, real=0.50 secs] 
45.357: [GC45.357: [ParNew: 129984K->16190K(146176K), 0.0940433 secs] 293178K->276168K(460428K), 0.0944994 secs] [Times: user=0.36 sys=0.00, real=0.10 secs] 
45.585: [GC45.586: [ParNew: 146174K->16190K(146176K), 0.0944513 secs]45.680: [Tenured: 363314K->185754K(363404K), 0.3775419 secs] 406152K->185754K(509580K), [Perm : 2602K->2602K(21248K)], 0.4758469 secs] [Times: user=0.75 sys=0.00, real=0.48 secs] 
46.198: [GC46.199: [ParNew: 129984K->16190K(146176K), 0.0977435 secs] 315738K->307112K(460428K), 0.0981720 secs] [Times: user=0.36 sys=0.00, real=0.10 secs] 
46.427: [GC46.427: [ParNew: 146174K->16192K(146176K), 0.0966530 secs]46.524: [Tenured: 395930K->161780K(396044K), 0.3702760 secs] 437096K->161780K(542220K), [Perm : 2602K->2602K(21248K)], 0.4733142 secs] [Times: user=0.72 sys=0.00, real=0.47 secs] 
47.041: [GC47.041: [ParNew: 129984K->16191K(146176K), 0.1033837 secs] 291764K->287091K(460428K), 0.1037926 secs] [Times: user=0.39 sys=0.00, real=0.10 secs] 
47.282: [GC47.282: [ParNew: 146175K->16191K(146176K), 0.1070075 secs]47.389: [Tenured: 389372K->165720K(389516K), 0.3686611 secs] 417075K->165720K(535692K), [Perm : 2602K->2602K(21248K)], 0.4812366 secs] [Times: user=0.76 sys=0.00, real=0.48 secs] 
47.903: [GC47.903: [ParNew: 129984K->16191K(146176K), 0.1034103 secs] 295704K->290423K(460428K), 0.1038365 secs] [Times: user=0.39 sys=0.00, real=0.10 secs] 
48.148: [GC48.148: [ParNew: 146175K->16191K(146176K), 0.1144248 secs]48.262: [Tenured: 399672K->165154K(399692K), 0.3769242 secs] 420407K->165154K(545868K), [Perm : 2602K->2602K(21248K)], 0.4975734 secs] [Times: user=0.76 sys=0.02, real=0.50 secs] 
48.786: [GC48.786: [ParNew: 129984K->16190K(146176K), 0.1052047 secs] 295138K->290905K(460428K), 0.1056075 secs] [Times: user=0.41 sys=0.00, real=0.11 secs] 
49.030: [GC49.030: [ParNew: 146174K->16190K(146176K), 0.1119777 secs]49.142: [Tenured: 398922K->185691K(398924K), 0.3821490 secs] 420889K->185691K(545100K), [Perm : 2602K->2602K(21248K)], 0.5004634 secs] [Times: user=0.81 sys=0.02, real=0.50 secs] 
49.670: [GC49.670: [ParNew: 129984K->16190K(146176K), 0.0987444 secs] 315675K->307882K(460428K), 0.0992217 secs] [Times: user=0.38 sys=0.00, real=0.10 secs] 
49.909: [GC49.910: [ParNew: 146174K->16190K(146176K), 0.1132929 secs]50.023: [Tenured: 415259K->159808K(415436K), 0.3704767 secs] 437866K->159808K(561612K), [Perm : 2602K->2602K(21248K)], 0.4915638 secs] [Times: user=0.75 sys=0.02, real=0.49 secs] 
50.533: [GC50.533: [ParNew: 129984K->16190K(146176K), 0.1022987 secs] 289792K->276711K(460428K), 0.1027647 secs] [Times: user=0.33 sys=0.00, real=0.10 secs] 
50.776: [GC50.776: [ParNew: 146174K->16190K(146176K), 0.1112127 secs]50.888: [Tenured: 382728K->183124K(382796K), 0.3790810 secs] 406695K->183124K(528972K), [Perm : 2602K->2602K(21248K)], 0.4953371 secs] [Times: user=0.86 sys=0.00, real=0.50 secs] 
51.409: [GC51.409: [ParNew: 129984K->16190K(146176K), 0.1046960 secs] 313108K->298330K(460428K), 0.1051159 secs] [Times: user=0.37 sys=0.00, real=0.11 secs] 
51.653: [GC51.653: [ParNew: 146174K->16190K(146176K), 0.1084520 secs]51.762: [Tenured: 402004K->171398K(402188K), 0.3863148 secs] 428314K->171398K(548364K), [Perm : 2602K->2602K(21248K)], 0.5011507 secs] [Times: user=0.78 sys=0.03, real=0.50 secs] 
52.293: [GC52.293: [ParNew: 129984K->16190K(146176K), 0.1017967 secs] 301382K->296469K(460428K), 0.1022108 secs] [Times: user=0.37 sys=0.00, real=0.10 secs] 
52.526: [GC52.526: [ParNew: 146174K->16190K(146176K), 0.0980328 secs]52.624: [Tenured: 390614K->183717K(390668K), 0.3813106 secs] 426453K->183717K(536844K), [Perm : 2602K->2602K(21248K)], 0.4849932 secs] [Times: user=0.72 sys=0.05, real=0.48 secs] 
53.152: [GC53.152: [ParNew: 129984K->16190K(146176K), 0.1039933 secs] 313701K->311092K(460428K), 0.1044106 secs] [Times: user=0.39 sys=0.00, real=0.11 secs] 
53.396: [GC53.396: [ParNew: 146174K->16192K(146176K), 0.1115344 secs]53.507: [Tenured: 415437K->159283K(415628K), 0.3705332 secs] 441076K->159283K(561804K), [Perm : 2602K->2602K(21248K)], 0.4894291 secs] [Times: user=0.81 sys=0.01, real=0.49 secs] 
54.026: [GC54.026: [ParNew: 129984K->16191K(146176K), 0.1060411 secs] 289267K->285395K(460428K), 0.1064568 secs] [Times: user=0.39 sys=0.00, real=0.11 secs] 
54.273: [GC54.273: [ParNew: 146175K->16191K(146176K), 0.1181204 secs]54.392: [Tenured: 396707K->181226K(396812K), 0.3717214 secs] 415379K->181226K(542988K), [Perm : 2602K->2602K(21248K)], 0.4958839 secs] [Times: user=0.76 sys=0.01, real=0.50 secs] 
54.908: [GC54.908: [ParNew: 129984K->16191K(146176K), 0.1019590 secs] 311210K->303385K(460428K), 0.1023644 secs] [Times: user=0.44 sys=0.00, real=0.10 secs] 
55.140: [GC55.140: [ParNew: 146175K->16191K(146176K), 0.0891235 secs]55.229: [Tenured: 384090K->163140K(384140K), 0.3689540 secs] 433369K->163140K(530316K), [Perm : 2602K->2602K(21248K)], 0.4636413 secs] [Times: user=0.75 sys=0.00, real=0.46 secs] 
55.744: [GC55.744: [ParNew: 129984K->16190K(146176K), 0.1020219 secs] 293124K->289091K(460428K), 0.1024866 secs] [Times: user=0.37 sys=0.00, real=0.10 secs] 
55.988: [GC55.988: [ParNew: 146174K->16190K(146176K), 0.1157047 secs]56.104: [Tenured: 397684K->178753K(397772K), 0.3825348 secs] 419075K->178753K(543948K), [Perm : 2602K->2602K(21248K)], 0.5044747 secs] [Times: user=0.80 sys=0.01, real=0.50 secs] 
56.628: [GC56.628: [ParNew: 129984K->16190K(146176K), 0.0943795 secs] 308737K->296568K(460428K), 0.0948143 secs] [Times: user=0.37 sys=0.00, real=0.10 secs] 
56.861: [GC56.862: [ParNew: 146174K->16190K(146176K), 0.1136672 secs]56.975: [Tenured: 401881K->184876K(401996K), 0.3812609 secs] 426552K->184876K(548172K), [Perm : 2602K->2602K(21248K)], 0.5015032 secs] [Times: user=0.78 sys=0.03, real=0.50 secs] 
57.500: [GC57.500: [ParNew: 129984K->16190K(146176K), 0.0980312 secs] 314860K->300130K(460428K), 0.0985376 secs] [Times: user=0.34 sys=0.02, real=0.10 secs] 
57.739: [GC57.740: [ParNew: 146174K->16190K(146176K), 0.1161525 secs]57.856: [Tenured: 410092K->165181K(410252K), 0.3747250 secs] 430114K->165181K(556428K), [Perm : 2602K->2602K(21248K)], 0.4977376 secs] [Times: user=0.78 sys=0.02, real=0.50 secs] 
58.376: [GC58.376: [ParNew: 129984K->16190K(146176K), 0.0980430 secs] 295165K->287995K(460428K), 0.0984827 secs] [Times: user=0.36 sys=0.00, real=0.10 secs] 
58.609: [GC58.609: [ParNew: 146174K->16190K(146176K), 0.1054222 secs]58.714: [Tenured: 386125K->166088K(386252K), 0.3819017 secs] 417979K->166088K(532428K), [Perm : 2602K->2602K(21248K)], 0.4928063 secs] [Times: user=0.67 sys=0.03, real=0.49 secs] 
59.241: [GC59.241: [ParNew: 129984K->16190K(146176K), 0.1176643 secs] 296072K->292126K(460428K), 0.1180550 secs] [Times: user=0.45 sys=0.00, real=0.12 secs] 
59.499: [GC59.499: [ParNew: 146174K->16190K(146176K), 0.1132823 secs]59.613: [Tenured: 398152K->184394K(398540K), 0.3773020 secs] 422110K->184394K(544716K), [Perm : 2602K->2602K(21248K)], 0.4967931 secs] [Times: user=0.80 sys=0.02, real=0.50 secs] 
60.136: [GC60.136: [ParNew: 129984K->16192K(146176K), 0.1026409 secs] 314378K->310538K(460428K), 0.1030601 secs] [Times: user=0.37 sys=0.00, real=0.10 secs] 
60.377: [GC60.378: [ParNew: 146176K->16191K(146176K), 0.1124838 secs]60.490: [Tenured: 415282K->162639K(415436K), 0.3815845 secs] 440522K->162639K(561612K), [Perm : 2602K->2602K(21248K)], 0.5014035 secs] [Times: user=0.75 sys=0.02, real=0.50 secs] 
61.016: [GC61.016: [ParNew: 129984K->16191K(146176K), 0.1000626 secs] 292623K->283494K(460428K), 0.1004853 secs] [Times: user=0.34 sys=0.00, real=0.10 secs] 
61.256: [GC61.256: [ParNew: 146175K->16191K(146176K), 0.1110668 secs]61.367: [Tenured: 388167K->185624K(388364K), 0.3944775 secs] 413478K->185624K(534540K), [Perm : 2602K->2602K(21248K)], 0.5113464 secs] [Times: user=0.80 sys=0.00, real=0.51 secs] 
61.907: [GC61.907: [ParNew: 129984K->16191K(146176K), 0.1089218 secs] 315608K->311416K(460428K), 0.1094299 secs] [Times: user=0.41 sys=0.00, real=0.11 secs] 
62.156: [GC62.156: [ParNew: 146175K->16191K(146176K), 0.1327690 secs]62.289: [Tenured: 419744K->165108K(419852K), 0.3894078 secs] 441400K->165108K(566028K), [Perm : 2602K->2602K(21248K)], 0.5297644 secs] [Times: user=0.81 sys=0.03, real=0.53 secs] 
62.823: [GC62.823: [ParNew: 129984K->16190K(146176K), 0.0976107 secs] 295092K->285283K(460428K), 0.0981239 secs] [Times: user=0.36 sys=0.00, real=0.10 secs] 
63.060: [GC63.060: [ParNew: 146174K->16190K(146176K), 0.1136723 secs]63.174: [Tenured: 393268K->184956K(393356K), 0.3761195 secs] 415267K->184956K(539532K), [Perm : 2602K->2602K(21248K)], 0.4958393 secs] [Times: user=0.73 sys=0.03, real=0.50 secs] 
63.690: [GC63.690: [ParNew: 129984K->16190K(146176K), 0.0938811 secs] 314940K->300795K(460428K), 0.0944651 secs] [Times: user=0.34 sys=0.00, real=0.09 secs] 
63.910: [GC63.910: [ParNew: 146174K->16190K(146176K), 0.0760776 secs]63.986: [Tenured: 366844K->162463K(366860K), 0.3640633 secs] 430779K->162463K(513036K), [Perm : 2602K->2602K(21248K)], 0.4441733 secs] [Times: user=0.66 sys=0.00, real=0.44 secs] 
64.491: [GC64.491: [ParNew: 129984K->16190K(146176K), 0.0997335 secs] 292447K->282309K(460428K), 0.1001736 secs] [Times: user=0.36 sys=0.00, real=0.10 secs] 
64.730: [GC64.730: [ParNew: 146174K->16190K(146176K), 0.1090145 secs]64.839: [Tenured: 385471K->190112K(385484K), 0.3890063 secs] 412293K->190112K(531660K), [Perm : 2602K->2602K(21248K)], 0.5029974 secs] [Times: user=0.81 sys=0.02, real=0.50 secs] 
65.374: [GC65.374: [ParNew: 131008K->16320K(147328K), 0.1040360 secs] 321120K->315128K(464184K), 0.1045094 secs] [Times: user=0.42 sys=0.00, real=0.10 secs] 
65.613: [GC65.614: [ParNew: 147328K->16320K(147328K), 0.1016960 secs]65.715: [Tenured: 410520K->164967K(410552K), 0.3776948 secs] 446136K->164967K(557880K), [Perm : 2602K->2602K(21248K)], 0.4859801 secs] [Times: user=0.72 sys=0.05, real=0.49 secs] 
66.240: [GC66.241: [ParNew: 131008K->16320K(147328K), 0.1007384 secs] 295975K->291327K(464184K), 0.1011736 secs] [Times: user=0.38 sys=0.00, real=0.10 secs] 
66.482: [GC66.482: [ParNew: 147328K->16320K(147328K), 0.1078259 secs]66.590: [Tenured: 396247K->185821K(396344K), 0.3826811 secs] 422335K->185821K(543672K), [Perm : 2602K->2602K(21248K)], 0.4961613 secs] [Times: user=0.80 sys=0.02, real=0.50 secs] 
67.114: [GC67.115: [ParNew: 131008K->16319K(147328K), 0.0963618 secs] 316829K->305956K(464184K), 0.0967909 secs] [Times: user=0.38 sys=0.00, real=0.10 secs] 
67.353: [GC67.354: [ParNew: 147327K->16319K(147328K), 0.1128414 secs]67.466: [Tenured: 414469K->162054K(414584K), 0.3721034 secs] 436964K->162054K(561912K), [Perm : 2602K->2602K(21248K)], 0.4920365 secs] [Times: user=0.78 sys=0.03, real=0.49 secs] 
67.976: [GC67.976: [ParNew: 131008K->16319K(147328K), 0.0838602 secs] 293062K->265453K(464184K), 0.0842870 secs] [Times: user=0.30 sys=0.00, real=0.08 secs] 
68.173: [GC68.174: [ParNew: 147327K->16319K(147328K), 0.0662870 secs]68.240: [Tenured: 319542K->177877K(319544K), 0.3604283 secs] 396461K->177877K(466872K), [Perm : 5336K->5336K(21248K)], 0.4274660 secs] [Times: user=0.61 sys=0.00, real=0.43 secs] 
68.720: [GC68.721: [ParNew: 131008K->16318K(147328K), 0.0738255 secs] 308885K->271439K(464184K), 0.0742989 secs] [Times: user=0.31 sys=0.00, real=0.07 secs] 
68.927: [GC68.927: [ParNew: 147326K->16318K(147328K), 0.0804984 secs]69.007: [Tenured: 344496K->166905K(344504K), 0.3747692 secs] 402447K->166905K(491832K), [Perm : 7100K->7099K(21248K)], 0.4577433 secs] [Times: user=0.69 sys=0.00, real=0.46 secs] 
69.523: [GC69.524: [ParNew: 131008K->16318K(147328K), 0.0991832 secs] 297913K->291280K(464184K), 0.0997422 secs] [Times: user=0.40 sys=0.00, real=0.10 secs] 
69.763: [GC69.763: [ParNew: 147326K->16318K(147328K), 0.1039520 secs]69.867: [Tenured: 391249K->185935K(391352K), 0.3917039 secs] 422288K->185935K(538680K), [Perm : 7112K->7112K(21248K)], 0.5011799 secs] [Times: user=0.73 sys=0.05, real=0.50 secs] 
70.386: [GC70.386: [ParNew: 131008K->16318K(147328K), 0.0232493 secs] 316943K->219022K(464184K), 0.0236447 secs] [Times: user=0.06 sys=0.00, real=0.02 secs] 
70.529: [GC70.529: [ParNew: 147326K->16318K(147328K), 0.0414181 secs] 350030K->264169K(464184K), 0.0418465 secs] [Times: user=0.13 sys=0.00, real=0.04 secs] 
70.697: [GC70.697: [ParNew: 147326K->16318K(147328K), 0.0578309 secs] 395177K->328701K(464184K), 0.0582533 secs] [Times: user=0.25 sys=0.00, real=0.06 secs] 
70.888: [GC70.888: [ParNew: 147326K->16318K(147328K), 0.1093080 secs]70.997: [Tenured: 433871K->185362K(433976K), 0.3876218 secs] 459709K->185362K(581304K), [Perm : 7257K->7257K(21248K)], 0.5055747 secs] [Times: user=0.81 sys=0.02, real=0.51 secs] 
71.518: [GC71.518: [ParNew: 131008K->16318K(147328K), 0.0204279 secs] 316370K->214957K(464184K), 0.0209680 secs] [Times: user=0.06 sys=0.00, real=0.02 secs] 
71.670: [GC71.670: [ParNew: 147326K->16318K(147328K), 0.0882034 secs] 345965K->317289K(464184K), 0.0886354 secs] [Times: user=0.33 sys=0.00, real=0.09 secs] 
71.898: [GC71.899: [ParNew: 147326K->16318K(147328K), 0.1111085 secs]72.010: [Tenured: 424235K->184349K(424376K), 0.3855906 secs] 448297K->184349K(571704K), [Perm : 7266K->7266K(21248K)], 0.5043910 secs] [Times: user=0.80 sys=0.03, real=0.50 secs] 
72.539: [GC72.540: [ParNew: 131008K->16320K(147328K), 0.0436406 secs] 315357K->241789K(464184K), 0.0440682 secs] [Times: user=0.13 sys=0.00, real=0.04 secs] 
72.722: [GC72.722: [ParNew: 147328K->16319K(147328K), 0.1035957 secs]72.826: [Tenured: 344837K->168106K(344888K), 0.3787106 secs] 372797K->168106K(492216K), [Perm : 7282K->7282K(21248K)], 0.4854198 secs] [Times: user=0.78 sys=0.00, real=0.49 secs] 
73.349: [GC73.349: [ParNew: 131008K->16319K(147328K), 0.0659650 secs] 299114K->252025K(464184K), 0.0663588 secs] [Times: user=0.31 sys=0.00, real=0.07 secs] 
73.555: [GC73.556: [ParNew: 147327K->16319K(147328K), 0.1084857 secs]73.664: [Tenured: 357234K->181661K(357368K), 0.3730739 secs] 383033K->181661K(504696K), [Perm : 7299K->7299K(21248K)], 0.4848322 secs] [Times: user=0.75 sys=0.03, real=0.49 secs] 
74.177: [GC74.177: [ParNew: 131008K->16319K(147328K), 0.0594781 secs] 312669K->257812K(464184K), 0.0599085 secs] [Times: user=0.19 sys=0.00, real=0.06 secs] 
74.374: [GC74.374: [ParNew: 147327K->16319K(147328K), 0.1037701 secs]74.478: [Tenured: 358069K->171383K(358136K), 0.3734334 secs] 388820K->171383K(505464K), [Perm : 7303K->7303K(21248K)], 0.4805205 secs] [Times: user=0.76 sys=0.01, real=0.48 secs] 
75.004: [GC75.004: [ParNew: 131008K->16318K(147328K), 0.0917479 secs] 302391K->286458K(464184K), 0.0921713 secs] [Times: user=0.28 sys=0.00, real=0.09 secs] 
75.228: [GC75.229: [ParNew: 147326K->16318K(147328K), 0.0852136 secs]75.314: [Tenured: 365935K->182937K(366008K), 0.3772083 secs] 417466K->182937K(513336K), [Perm : 7305K->7305K(21248K)], 0.4662526 secs] [Times: user=0.69 sys=0.02, real=0.47 secs] 
75.835: [GC75.836: [ParNew: 131008K->16318K(147328K), 0.1004301 secs] 313945K->309760K(464184K), 0.1008461 secs] [Times: user=0.34 sys=0.00, real=0.10 secs] 
76.079: [GC76.079: [ParNew: 147326K->16318K(147328K), 0.0933121 secs]76.172: [Tenured: 388225K->167221K(388280K), 0.3835881 secs] 440768K->167221K(535608K), [Perm : 7305K->7305K(21248K)], 0.4821038 secs] [Times: user=0.75 sys=0.00, real=0.48 secs] 
76.697: [GC76.697: [ParNew: 131008K->16318K(147328K), 0.0956604 secs] 298229K->286731K(464184K), 0.0960876 secs] [Times: user=0.36 sys=0.00, real=0.10 secs] 
76.933: [GC76.933: [ParNew: 147326K->16318K(147328K), 0.1317269 secs]77.065: [Tenured: 390485K->179242K(390584K), 0.3832744 secs] 417739K->179242K(537912K), [Perm : 7308K->7308K(21248K)], 0.5203282 secs] [Times: user=0.80 sys=0.08, real=0.52 secs] 
77.603: [GC77.603: [ParNew: 131008K->16318K(147328K), 0.0866517 secs] 310250K->285216K(464184K), 0.0871158 secs] [Times: user=0.36 sys=0.00, real=0.09 secs] 
77.826: [GC77.826: [ParNew: 147326K->16318K(147328K), 0.0908740 secs]77.917: [Tenured: 370562K->167227K(370616K), 0.3712882 secs] 416224K->167227K(517944K), [Perm : 7312K->7312K(21248K)], 0.4663084 secs] [Times: user=0.73 sys=0.01, real=0.47 secs] 
78.443: [GC78.443: [ParNew: 131008K->16318K(147328K), 0.0798752 secs] 298235K->268393K(464184K), 0.0804095 secs] [Times: user=0.31 sys=0.00, real=0.08 secs] 
78.663: [GC78.663: [ParNew: 147326K->16318K(147328K), 0.1119466 secs]78.776: [Tenured: 374099K->178668K(374264K), 0.3739351 secs] 399401K->178668K(521592K), [Perm : 7312K->7312K(21248K)], 0.4904782 secs] [Times: user=0.78 sys=0.01, real=0.49 secs] 
79.299: [GC79.299: [ParNew: 131008K->16320K(147328K), 0.0709929 secs] 309676K->268388K(464184K), 0.0714057 secs] [Times: user=0.25 sys=0.00, real=0.07 secs] 
79.507: [GC79.507: [ParNew: 147328K->16319K(147328K), 0.0998253 secs]79.607: [Tenured: 363772K->166671K(363896K), 0.3746926 secs] 399396K->166671K(511224K), [Perm : 7312K->7312K(21248K)], 0.4781885 secs] [Times: user=0.75 sys=0.03, real=0.48 secs] 
80.132: [GC80.132: [ParNew: 131008K->16319K(147328K), 0.0752280 secs] 297679K->259207K(464184K), 0.0756706 secs] [Times: user=0.28 sys=0.00, real=0.08 secs] 
80.345: [GC80.345: [ParNew: 147327K->16319K(147328K), 0.0985870 secs]80.444: [Tenured: 353711K->184774K(353912K), 0.3744780 secs] 390215K->184774K(501240K), [Perm : 7312K->7312K(21248K)], 0.4762988 secs] [Times: user=0.73 sys=0.01, real=0.48 secs] 
80.963: [GC80.963: [ParNew: 131008K->16319K(147328K), 0.1006681 secs] 315782K->312645K(464184K), 0.1011049 secs] [Times: user=0.37 sys=0.00, real=0.10 secs] 
81.206: [GC81.206: [ParNew: 147327K->16318K(147328K), 0.0730301 secs]81.279: [Tenured: 374142K->165881K(374264K), 0.3746172 secs] 443653K->165881K(521592K), [Perm : 7312K->7312K(21248K)], 0.4521445 secs] [Times: user=0.65 sys=0.03, real=0.45 secs] 
81.795: [GC81.795: [ParNew: 131008K->16318K(147328K), 0.0978913 secs] 296889K->287984K(464184K), 0.0983073 secs] [Times: user=0.34 sys=0.00, real=0.10 secs] 
82.039: [GC82.039: [ParNew: 147326K->16318K(147328K), 0.1117070 secs]82.151: [Tenured: 395945K->173356K(395960K), 0.3729104 secs] 418992K->173356K(543288K), [Perm : 7312K->7312K(21248K)], 0.4905635 secs] [Times: user=0.81 sys=0.00, real=0.49 secs] 
82.661: [GC82.661: [ParNew: 131008K->16318K(147328K), 0.0904612 secs] 304364K->287659K(464184K), 0.0908714 secs] [Times: user=0.38 sys=0.00, real=0.09 secs] 
82.890: [GC82.891: [ParNew: 147326K->16318K(147328K), 0.1014686 secs]82.992: [Tenured: 384804K->164069K(384824K), 0.3766204 secs] 418667K->164069K(532152K), [Perm : 7312K->7312K(21248K)], 0.4835089 secs] [Times: user=0.80 sys=0.01, real=0.48 secs] 
83.518: [GC83.518: [ParNew: 131008K->16318K(147328K), 0.0798544 secs] 295077K->266315K(464184K), 0.0803278 secs] [Times: user=0.31 sys=0.00, real=0.08 secs] 
83.739: [GC83.739: [ParNew: 147326K->16318K(147328K), 0.1097916 secs]83.849: [Tenured: 373317K->183792K(373496K), 0.3893848 secs] 397323K->183792K(520824K), [Perm : 7322K->7322K(21248K)], 0.5037409 secs] [Times: user=0.81 sys=0.00, real=0.50 secs] 
84.390: [GC84.390: [ParNew: 131008K->16318K(147328K), 0.0841171 secs] 314800K->288974K(464184K), 0.0847678 secs] [Times: user=0.36 sys=0.00, real=0.09 secs] 
84.617: [GC84.617: [ParNew: 147326K->16318K(147328K), 0.1056470 secs]84.723: [Tenured: 390720K->183713K(390968K), 0.3782372 secs] 419982K->183713K(538296K), [Perm : 7328K->7328K(21248K)], 0.4894493 secs] [Times: user=0.80 sys=0.02, real=0.49 secs] 
85.242: [GC85.243: [ParNew: 131008K->16318K(147328K), 0.0664018 secs] 314721K->265487K(464184K), 0.0668470 secs] [Times: user=0.23 sys=0.00, real=0.07 secs] 
85.448: [GC85.449: [ParNew: 147326K->16320K(147328K), 0.1056457 secs]85.554: [Tenured: 367137K->169206K(367160K), 0.3817827 secs] 396495K->169206K(514488K), [Perm : 7335K->7335K(21248K)], 0.4914307 secs] [Times: user=0.78 sys=0.03, real=0.49 secs] 
86.092: [GC86.092: [ParNew: 131008K->16319K(147328K), 0.0888939 secs] 300214K->282081K(464184K), 0.0894077 secs] [Times: user=0.36 sys=0.00, real=0.09 secs] 
86.311: [GC86.311: [ParNew: 147327K->16319K(147328K), 0.0840808 secs]86.395: [Tenured: 358850K->167314K(358904K), 0.3794315 secs] 413089K->167314K(506232K), [Perm : 7335K->7335K(21248K)], 0.4668273 secs] [Times: user=0.70 sys=0.03, real=0.47 secs] 
86.916: [GC86.916: [ParNew: 131008K->16319K(147328K), 0.0952961 secs] 298322K->287865K(464184K), 0.0957172 secs] [Times: user=0.38 sys=0.00, real=0.10 secs] 
87.166: [GC87.166: [ParNew: 147327K->16319K(147328K), 0.0990222 secs]87.265: [Tenured: 380746K->179408K(380792K), 0.3776785 secs] 418873K->179408K(528120K), [Perm : 7335K->7335K(21248K)], 0.4814643 secs] [Times: user=0.80 sys=0.00, real=0.48 secs] 
87.780: [GC87.780: [ParNew: 131008K->16318K(147328K), 0.0874118 secs] 310416K->290391K(464184K), 0.0878198 secs] [Times: user=0.30 sys=0.00, real=0.09 secs] 
88.000: [GC88.000: [ParNew: 147326K->16318K(147328K), 0.1041527 secs]88.104: [Tenured: 387512K->169223K(387704K), 0.3765557 secs] 421399K->169223K(535032K), [Perm : 7335K->7335K(21248K)], 0.4864749 secs] [Times: user=0.72 sys=0.01, real=0.49 secs] 
88.633: [GC88.634: [ParNew: 131008K->16318K(147328K), 0.0905080 secs] 300231K->264830K(464184K), 0.0909789 secs] [Times: user=0.30 sys=0.00, real=0.09 secs] 
88.853: [GC88.854: [ParNew: 147326K->16318K(147328K), 0.0963487 secs]88.950: [Tenured: 354663K->179967K(354680K), 0.3663956 secs] 395838K->179967K(502008K), [Perm : 7335K->7335K(21248K)], 0.4658854 secs] [Times: user=0.76 sys=0.00, real=0.47 secs] 
89.468: [GC89.468: [ParNew: 131008K->16318K(147328K), 0.0578761 secs] 310975K->254942K(464184K), 0.0582940 secs] [Times: user=0.23 sys=0.00, real=0.06 secs] 
89.654: [GC89.655: [ParNew: 147326K->16318K(147328K), 0.0878531 secs]89.742: [Tenured: 338791K->168504K(338936K), 0.3776769 secs] 385950K->168504K(486264K), [Perm : 7335K->7335K(21248K)], 0.4678014 secs] [Times: user=0.70 sys=0.00, real=0.47 secs] 
90.267: [GC90.267: [ParNew: 131008K->16318K(147328K), 0.0369992 secs] 299512K->212142K(464184K), 0.0374309 secs] [Times: user=0.08 sys=0.00, real=0.04 secs] 
90.444: [GC90.444: [ParNew: 147326K->16318K(147328K), 0.1021569 secs] 343150K->329782K(464184K), 0.1025652 secs] [Times: user=0.41 sys=0.00, real=0.10 secs] 
90.689: [GC90.689: [ParNew: 147326K->16318K(147328K), 0.1098699 secs]90.799: [Tenured: 436256K->178011K(436280K), 0.3809184 secs] 460790K->178011K(583608K), [Perm : 7335K->7335K(21248K)], 0.4996834 secs] [Times: user=0.81 sys=0.02, real=0.50 secs] 
91.331: [GC91.331: [ParNew: 131008K->16320K(147328K), 0.0586939 secs] 309019K->254099K(464184K), 0.0590977 secs] [Times: user=0.25 sys=0.00, real=0.06 secs] 
91.532: [GC91.533: [ParNew: 147328K->16319K(147328K), 0.1077304 secs]91.640: [Tenured: 358891K->164829K(358904K), 0.3714235 secs] 385107K->164829K(506232K), [Perm : 7335K->7335K(21248K)], 0.4825301 secs] [Times: user=0.75 sys=0.02, real=0.48 secs] 
92.162: [GC92.162: [ParNew: 131008K->16319K(147328K), 0.0836334 secs] 295837K->270244K(464184K), 0.0840709 secs] [Times: user=0.38 sys=0.00, real=0.08 secs] 
92.381: [GC92.381: [ParNew: 147327K->16319K(147328K), 0.0950533 secs]92.477: [Tenured: 359733K->187109K(360056K), 0.3860307 secs] 401252K->187109K(507384K), [Perm : 7335K->7335K(21248K)], 0.4845298 secs] [Times: user=0.73 sys=0.03, real=0.48 secs] 
93.005: [GC93.005: [ParNew: 131008K->16319K(147328K), 0.0980998 secs] 318117K->311316K(464184K), 0.0985729 secs] [Times: user=0.41 sys=0.00, real=0.10 secs] 
93.256: [GC93.256: [ParNew: 147327K->16319K(147328K), 0.0915886 secs]93.348: [Tenured: 394725K->166404K(394808K), 0.3835505 secs] 442324K->166404K(542136K), [Perm : 7335K->7335K(21248K)], 0.4808938 secs] [Times: user=0.69 sys=0.02, real=0.48 secs] 
93.875: [GC93.875: [ParNew: 131008K->16318K(147328K), 0.0975754 secs] 297412K->284339K(464184K), 0.0980071 secs] [Times: user=0.41 sys=0.00, real=0.10 secs] 
94.128: [GC94.128: [ParNew: 147326K->16318K(147328K), 0.0954709 secs]94.223: [Tenured: 374252K->178431K(374264K), 0.3822131 secs] 415347K->178431K(521592K), [Perm : 7335K->7335K(21248K)], 0.4819140 secs] [Times: user=0.73 sys=0.02, real=0.48 secs] 
94.750: [GC94.750: [ParNew: 131008K->16318K(147328K), 0.1107124 secs] 309439K->302661K(464184K), 0.1111807 secs] [Times: user=0.44 sys=0.00, real=0.11 secs] 
95.000: [GC95.000: [ParNew: 147326K->16318K(147328K), 0.1075681 secs]95.107: [Tenured: 406247K->161957K(406328K), 0.3761432 secs] 433669K->161957K(553656K), [Perm : 7335K->7335K(21248K)], 0.4900997 secs] [Times: user=0.73 sys=0.05, real=0.49 secs] 
95.637: [GC95.637: [ParNew: 131008K->16318K(147328K), 0.0851232 secs] 292965K->270196K(464184K), 0.0857290 secs] [Times: user=0.37 sys=0.00, real=0.09 secs] 
95.863: [GC95.863: [ParNew: 147326K->16318K(147328K), 0.1102583 secs]95.974: [Tenured: 374333K->181857K(374456K), 0.3804716 secs] 401204K->181857K(521784K), [Perm : 7336K->7336K(21248K)], 0.4949897 secs] [Times: user=0.75 sys=0.03, real=0.50 secs] 
96.498: [GC96.499: [ParNew: 131008K->16318K(147328K), 0.0834673 secs] 312865K->287439K(464184K), 0.0839609 secs] [Times: user=0.37 sys=0.00, real=0.08 secs] 
96.723: [GC96.724: [ParNew: 147326K->16318K(147328K), 0.1077397 secs]96.831: [Tenured: 392209K->168576K(392312K), 0.3884162 secs] 418447K->168576K(539640K), [Perm : 7336K->7336K(21248K)], 0.5015334 secs] [Times: user=0.81 sys=0.01, real=0.50 secs] 
97.366: [GC97.367: [ParNew: 131008K->16318K(147328K), 0.0692976 secs] 299584K->256734K(464184K), 0.0697049 secs] [Times: user=0.31 sys=0.00, real=0.07 secs] 
97.575: [GC97.575: [ParNew: 147326K->16318K(147328K), 0.1001505 secs]97.675: [Tenured: 354152K->178840K(354296K), 0.3745127 secs] 387742K->178840K(501624K), [Perm : 7336K->7336K(21248K)], 0.4775702 secs] [Times: user=0.80 sys=0.00, real=0.48 secs] 
98.204: [GC98.204: [ParNew: 131008K->16320K(147328K), 0.0877357 secs] 309848K->290600K(464184K), 0.0881424 secs] [Times: user=0.31 sys=0.00, real=0.09 secs] 
98.426: [GC98.427: [ParNew: 147328K->16319K(147328K), 0.0986582 secs]98.525: [Tenured: 384376K->188358K(384440K), 0.3847375 secs] 421608K->188358K(531768K), [Perm : 7336K->7336K(21248K)], 0.4883710 secs] [Times: user=0.70 sys=0.06, real=0.49 secs] 
99.053: [GC99.053: [ParNew: 131008K->16319K(147328K), 0.0940292 secs] 319366K->307677K(464184K), 0.0944420 secs] [Times: user=0.38 sys=0.00, real=0.09 secs] 
99.292: [GC99.292: [ParNew: 147327K->16319K(147328K), 0.0977909 secs]99.390: [Tenured: 394942K->189831K(395000K), 0.3892597 secs] 438685K->189831K(542328K), [Perm : 7339K->7339K(21248K)], 0.4927290 secs] [Times: user=0.75 sys=0.02, real=0.49 secs] 
99.924: [GC99.924: [ParNew: 131008K->16319K(147328K), 0.0967624 secs] 320839K->311750K(464184K), 0.0971627 secs] [Times: user=0.38 sys=0.00, real=0.10 secs] 
100.163: [GC100.163: [ParNew: 147327K->16319K(147328K), 0.0938015 secs]100.257: [Tenured: 399447K->162547K(399608K), 0.3743658 secs] 442758K->162547K(546936K), [Perm : 7339K->7339K(21248K)], 0.4742937 secs] [Times: user=0.73 sys=0.03, real=0.47 secs] 
100.780: [GC100.780: [ParNew: 131008K->16318K(147328K), 0.0989831 secs] 293555K->287746K(464184K), 0.0993811 secs] [Times: user=0.38 sys=0.00, real=0.10 secs] 
101.017: [GC101.017: [ParNew: 147326K->16318K(147328K), 0.1084343 secs]101.126: [Tenured: 390923K->179263K(390968K), 0.3852808 secs] 418754K->179263K(538296K), [Perm : 7339K->7339K(21248K)], 0.4992716 secs] [Times: user=0.78 sys=0.03, real=0.50 secs] 
101.661: [GC101.661: [ParNew: 131008K->16318K(147328K), 0.0732742 secs] 310271K->273077K(464184K), 0.0736978 secs] [Times: user=0.31 sys=0.00, real=0.07 secs] 
101.876: [GC101.876: [ParNew: 147326K->16318K(147328K), 0.1071890 secs]101.983: [Tenured: 376119K->178335K(376184K), 0.3739966 secs] 404085K->178335K(523512K), [Perm : 7339K->7339K(21248K)], 0.4857825 secs] [Times: user=0.73 sys=0.06, real=0.49 secs] 
102.512: [GC102.513: [ParNew: 131008K->16318K(147328K), 0.0838024 secs] 309343K->283173K(464184K), 0.0842466 secs] [Times: user=0.31 sys=0.00, real=0.08 secs] 
102.739: [GC102.740: [ParNew: 147326K->16318K(147328K), 0.1113151 secs]102.851: [Tenured: 391839K->178195K(391928K), 0.3776121 secs] 414181K->178195K(539256K), [Perm : 7339K->7339K(21248K)], 0.4943986 secs] [Times: user=0.76 sys=0.02, real=0.49 secs] 
103.375: [GC103.375: [ParNew: 131008K->16318K(147328K), 0.0751738 secs] 309203K->274345K(464184K), 0.0756388 secs] [Times: user=0.31 sys=0.00, real=0.08 secs] 
103.591: [GC103.591: [ParNew: 147326K->16318K(147328K), 0.1049687 secs]103.696: [Tenured: 375403K->162715K(375416K), 0.3726791 secs] 405353K->162715K(522744K), [Perm : 7340K->7340K(21248K)], 0.4821308 secs] [Times: user=0.78 sys=0.03, real=0.48 secs] 
104.222: [GC104.222: [ParNew: 131008K->16318K(147328K), 0.0895561 secs] 293723K->276513K(464184K), 0.0899747 secs] [Times: user=0.31 sys=0.00, real=0.09 secs] 
104.448: [GC104.448: [ParNew: 147326K->16318K(147328K), 0.1033670 secs]104.551: [Tenured: 373603K->181775K(373688K), 0.3866769 secs] 407521K->181775K(521016K), [Perm : 7341K->7341K(21248K)], 0.4945025 secs] [Times: user=0.72 sys=0.01, real=0.49 secs] 
105.080: [GC105.081: [ParNew: 131008K->16320K(147328K), 0.0999856 secs] 312783K->305791K(464184K), 0.1004154 secs] [Times: user=0.36 sys=0.00, real=0.10 secs] 
105.329: [GC105.329: [ParNew: 147328K->16319K(147328K), 0.0968156 secs]105.426: [Tenured: 391215K->165658K(391352K), 0.3903264 secs] 436799K->165658K(538680K), [Perm : 7341K->7341K(21248K)], 0.4925596 secs] [Times: user=0.72 sys=0.01, real=0.49 secs] 
105.955: [GC105.956: [ParNew: 131008K->16319K(147328K), 0.0957098 secs] 296666K->280753K(464184K), 0.0961521 secs] [Times: user=0.36 sys=0.00, real=0.10 secs] 
106.206: [GC106.206: [ParNew: 147327K->16319K(147328K), 0.1023641 secs]106.308: [Tenured: 379544K->184920K(379640K), 0.3911202 secs] 411761K->184920K(526968K), [Perm : 7341K->7341K(21248K)], 0.4982341 secs] [Times: user=0.75 sys=0.02, real=0.50 secs] 
106.838: [GC106.839: [ParNew: 131008K->16319K(147328K), 0.0926023 secs] 315928K->302355K(464184K), 0.0931485 secs] [Times: user=0.33 sys=0.00, real=0.09 secs] 
107.072: [GC107.072: [ParNew: 147327K->16318K(147328K), 0.1099546 secs]107.182: [Tenured: 405476K->164572K(405560K), 0.3828039 secs] 433363K->164572K(552888K), [Perm : 7341K->7341K(21248K)], 0.4994015 secs] [Times: user=0.78 sys=0.03, real=0.50 secs] 
107.717: [GC107.717: [ParNew: 131008K->16318K(147328K), 0.0879849 secs] 295580K->272115K(464184K), 0.0885375 secs] [Times: user=0.31 sys=0.00, real=0.09 secs] 
107.946: [GC107.946: [ParNew: 147326K->16318K(147328K), 0.1038885 secs]108.050: [Tenured: 371012K->181139K(371192K), 0.3762612 secs] 403123K->181139K(518520K), [Perm : 7342K->7342K(21248K)], 0.4843216 secs] [Times: user=0.78 sys=0.02, real=0.48 secs] 
108.579: [GC108.579: [ParNew: 131008K->16318K(147328K), 0.0743630 secs] 312147K->276482K(464184K), 0.0747771 secs] [Times: user=0.31 sys=0.00, real=0.08 secs] 
108.796: [GC108.796: [ParNew: 147326K->16318K(147328K), 0.1059994 secs]108.902: [Tenured: 380139K->168772K(380216K), 0.3849101 secs] 407490K->168772K(527544K), [Perm : 7342K->7342K(21248K)], 0.4955346 secs] [Times: user=0.80 sys=0.02, real=0.49 secs] 
109.449: [GC109.449: [ParNew: 131008K->16318K(147328K), 0.0700715 secs] 299780K->257875K(464184K), 0.0706385 secs] [Times: user=0.25 sys=0.00, real=0.07 secs] 
109.658: [GC109.659: [ParNew: 147326K->16318K(147328K), 0.1049552 secs]109.764: [Tenured: 360524K->185940K(360632K), 0.3855079 secs] 388883K->185940K(507960K), [Perm : 7342K->7342K(21248K)], 0.4938871 secs] [Times: user=0.78 sys=0.05, real=0.49 secs] 
110.304: [GC110.304: [ParNew: 131008K->16318K(147328K), 0.0845731 secs] 316948K->292802K(464184K), 0.0849699 secs] [Times: user=0.37 sys=0.00, real=0.09 secs] 
110.524: [GC110.525: [ParNew: 147326K->16318K(147328K), 0.1015661 secs]110.626: [Tenured: 387836K->163520K(387896K), 0.3750107 secs] 423810K->163520K(535224K), [Perm : 7343K->7343K(21248K)], 0.4821324 secs] [Times: user=0.75 sys=0.00, real=0.48 secs] 
111.145: [GC111.146: [ParNew: 131008K->16320K(147328K), 0.0951431 secs] 294528K->284192K(464184K), 0.0956813 secs] [Times: user=0.44 sys=0.00, real=0.10 secs] 
111.385: [GC111.385: [ParNew: 147328K->16319K(147328K), 0.1001261 secs]111.485: [Tenured: 375504K->180882K(375608K), 0.3856968 secs] 415200K->180882K(522936K), [Perm : 7343K->7343K(21248K)], 0.4901943 secs] [Times: user=0.72 sys=0.02, real=0.49 secs] 
112.010: [GC112.010: [ParNew: 131008K->16319K(147328K), 0.0955507 secs] 311890K->299850K(464184K), 0.0959603 secs] [Times: user=0.38 sys=0.00, real=0.10 secs] 
112.249: [GC112.249: [ParNew: 147327K->16319K(147328K), 0.0938060 secs]112.343: [Tenured: 384162K->182434K(384248K), 0.3771573 secs] 430858K->182434K(531576K), [Perm : 7343K->7343K(21248K)], 0.4758495 secs] [Times: user=0.70 sys=0.03, real=0.48 secs] 
112.866: [GC112.866: [ParNew: 131008K->16319K(147328K), 0.1009783 secs] 313442K->308297K(464184K), 0.1013881 secs] [Times: user=0.37 sys=0.00, real=0.10 secs] 
113.107: [GC113.107: [ParNew: 147327K->16319K(147328K), 0.1076399 secs]113.215: [Tenured: 412162K->167274K(412280K), 0.3854495 secs] 439305K->167274K(559608K), [Perm : 7343K->7343K(21248K)], 0.4999047 secs] [Times: user=0.81 sys=0.02, real=0.50 secs] 
113.756: [GC113.757: [ParNew: 131008K->16318K(147328K), 0.0885545 secs] 298282K->276457K(464184K), 0.0889904 secs] [Times: user=0.31 sys=0.00, real=0.09 secs] 
113.984: [GC113.984: [ParNew: 147326K->16318K(147328K), 0.1112358 secs]114.095: [Tenured: 379594K->163665K(379640K), 0.3746259 secs] 407465K->163665K(526968K), [Perm : 7343K->7343K(21248K)], 0.4906212 secs] [Times: user=0.78 sys=0.00, real=0.49 secs] 
114.628: [GC114.628: [ParNew: 131008K->16318K(147328K), 0.0810311 secs] 294673K->266304K(464184K), 0.0814647 secs] [Times: user=0.31 sys=0.00, real=0.08 secs] 
114.852: [GC114.852: [ParNew: 147326K->16318K(147328K), 0.1074674 secs]114.959: [Tenured: 371753K->174871K(371768K), 0.3731996 secs] 397312K->174871K(519096K), [Perm : 7343K->7343K(21248K)], 0.4848665 secs] [Times: user=0.81 sys=0.00, real=0.48 secs] 
115.475: [GC115.475: [ParNew: 131008K->16318K(147328K), 0.0714887 secs] 305879K->265590K(464184K), 0.0719403 secs] [Times: user=0.25 sys=0.02, real=0.07 secs] 
115.687: [GC115.687: [ParNew: 147326K->16318K(147328K), 0.1067291 secs]115.794: [Tenured: 370583K->182284K(370616K), 0.3762077 secs] 396598K->182284K(517944K), [Perm : 7343K->7343K(21248K)], 0.4871796 secs] [Times: user=0.76 sys=0.02, real=0.49 secs] 
116.319: [GC116.319: [ParNew: 131008K->16318K(147328K), 0.0556593 secs] 313292K->254251K(464184K), 0.0561166 secs] [Times: user=0.25 sys=0.00, real=0.06 secs] 
116.512: [GC116.512: [ParNew: 147326K->16318K(147328K), 0.1019099 secs]116.614: [Tenured: 355444K->167878K(355448K), 0.3780079 secs] 385259K->167878K(502776K), [Perm : 7344K->7344K(21248K)], 0.4828620 secs] [Times: user=0.81 sys=0.00, real=0.48 secs] 
117.133: [GC117.133: [ParNew: 131008K->16318K(147328K), 0.0956614 secs] 298886K->289132K(464184K), 0.0960899 secs] [Times: user=0.38 sys=0.00, real=0.10 secs] 
117.374: [GC117.374: [ParNew: 147326K->16318K(147328K), 0.0883743 secs]117.462: [Tenured: 370190K->168071K(370232K), 0.3865441 secs] 420140K->168071K(517560K), [Perm : 7344K->7344K(21248K)], 0.4788787 secs] [Times: user=0.70 sys=0.00, real=0.48 secs] 
117.990: [GC117.990: [ParNew: 131008K->16320K(147328K), 0.0955719 secs] 299079K->287247K(464184K), 0.0959847 secs] [Times: user=0.36 sys=0.00, real=0.10 secs] 
118.223: [GC118.223: [ParNew: 147328K->16319K(147328K), 0.1048975 secs]118.328: [Tenured: 386399K->173790K(386552K), 0.3844460 secs] 418255K->173790K(533880K), [Perm : 7344K->7344K(21248K)], 0.4948714 secs] [Times: user=0.78 sys=0.03, real=0.49 secs] 
118.865: [GC118.865: [ParNew: 131008K->16319K(147328K), 0.0698944 secs] 304798K->263398K(464184K), 0.0703566 secs] [Times: user=0.31 sys=0.00, real=0.07 secs] 
119.071: [GC119.071: [ParNew: 147327K->16319K(147328K), 0.1026585 secs]119.174: [Tenured: 362678K->177653K(362744K), 0.3743311 secs] 394406K->177653K(510072K), [Perm : 7344K->7344K(21248K)], 0.4804945 secs] [Times: user=0.80 sys=0.00, real=0.48 secs] 
119.703: [GC119.703: [ParNew: 131008K->16319K(147328K), 0.0793040 secs] 308661K->278508K(464184K), 0.0798419 secs] [Times: user=0.31 sys=0.00, real=0.08 secs] 
119.924: [GC119.924: [ParNew: 147327K->16318K(147328K), 0.1063356 secs]120.031: [Tenured: 380533K->166900K(380600K), 0.3779133 secs] 409516K->166900K(527928K), [Perm : 7344K->7344K(21248K)], 0.4891363 secs] [Times: user=0.76 sys=0.05, real=0.49 secs] 
120.573: [GC120.573: [ParNew: 131008K->16318K(147328K), 0.0646840 secs] 297908K->248075K(464184K), 0.0651042 secs] [Times: user=0.23 sys=0.00, real=0.07 secs] 
120.771: [GC120.772: [ParNew: 147326K->16318K(147328K), 0.0945953 secs]120.866: [Tenured: 339236K->171403K(339320K), 0.3816657 secs] 379083K->171403K(486648K), [Perm : 7344K->7344K(21248K)], 0.4783081 secs] [Times: user=0.76 sys=0.00, real=0.48 secs] 
121.397: [GC121.397: [ParNew: 131008K->16318K(147328K), 0.0884702 secs] 302411K->283090K(464184K), 0.0888695 secs] [Times: user=0.31 sys=0.00, real=0.09 secs] 
121.615: [GC121.615: [ParNew: 147326K->16318K(147328K), 0.0792540 secs]121.695: [Tenured: 354923K->180471K(355064K), 0.3736188 secs] 414098K->180471K(502392K), [Perm : 7344K->7344K(21248K)], 0.4559578 secs] [Times: user=0.69 sys=0.00, real=0.46 secs] 
122.211: [GC122.211: [ParNew: 131008K->16318K(147328K), 0.0974994 secs] 311479K->303229K(464184K), 0.0979600 secs] [Times: user=0.36 sys=0.00, real=0.10 secs] 
122.461: [GC122.462: [ParNew: 147326K->16318K(147328K), 0.0850853 secs]122.547: [Tenured: 380911K->169601K(380984K), 0.3856506 secs] 434237K->169601K(528312K), [Perm : 7344K->7344K(21248K)], 0.4754152 secs] [Times: user=0.66 sys=0.02, real=0.48 secs] 
123.076: [GC123.076: [ParNew: 131008K->16318K(147328K), 0.0968285 secs] 300609K->292431K(464184K), 0.0973269 secs] [Times: user=0.37 sys=0.00, real=0.10 secs] 
123.324: [GC123.324: [ParNew: 147326K->16318K(147328K), 0.1030219 secs]123.427: [Tenured: 391975K->177724K(392120K), 0.3852362 secs] 423439K->177724K(539448K), [Perm : 7344K->7344K(21248K)], 0.4939685 secs] [Times: user=0.78 sys=0.03, real=0.49 secs] 
123.950: [GC123.950: [ParNew: 131008K->16318K(147328K), 0.0908458 secs] 308732K->293318K(464184K), 0.0912730 secs] [Times: user=0.38 sys=0.00, real=0.09 secs] 
124.169: [GC124.170: [ParNew: 147326K->16320K(147328K), 0.0927666 secs]124.262: [Tenured: 375424K->161834K(375608K), 0.3732138 secs] 424326K->161834K(522936K), [Perm : 7344K->7344K(21248K)], 0.4704604 secs] [Times: user=0.72 sys=0.00, real=0.47 secs] 
124.792: [GC124.792: [ParNew: 131008K->16319K(147328K), 0.0796148 secs] 292842K->260985K(464184K), 0.0801174 secs] [Times: user=0.30 sys=0.00, real=0.08 secs] 
125.011: [GC125.011: [ParNew: 147327K->16319K(147328K), 0.1077050 secs]125.119: [Tenured: 358010K->182432K(358136K), 0.3891166 secs] 391993K->182432K(505464K), [Perm : 7344K->7344K(21248K)], 0.5000523 secs] [Times: user=0.76 sys=0.00, real=0.50 secs] 
125.658: [GC125.659: [ParNew: 131008K->16319K(147328K), 0.0676443 secs] 313440K->265512K(464184K), 0.0680801 secs] [Times: user=0.25 sys=0.00, real=0.07 secs] 
125.863: [GC125.863: [ParNew: 147327K->16319K(147328K), 0.1092275 secs]125.972: [Tenured: 364496K->166805K(364664K), 0.3889723 secs] 396520K->166805K(511992K), [Perm : 7344K->7344K(21248K)], 0.5025914 secs] [Times: user=0.80 sys=0.00, real=0.50 secs] 
126.510: [GC126.510: [ParNew: 131008K->16318K(147328K), 0.0616507 secs] 297813K->244868K(464184K), 0.0620750 secs] [Times: user=0.25 sys=0.00, real=0.06 secs] 
126.709: [GC126.710: [ParNew: 147326K->16318K(147328K), 0.1069193 secs]126.817: [Tenured: 347181K->178829K(347192K), 0.3724854 secs] 375876K->178829K(494520K), [Perm : 7344K->7344K(21248K)], 0.4819983 secs] [Times: user=0.78 sys=0.00, real=0.48 secs] 
127.339: [GC127.339: [ParNew: 131008K->16318K(147328K), 0.0932576 secs] 309837K->294280K(464184K), 0.0937117 secs] [Times: user=0.37 sys=0.00, real=0.09 secs] 
127.563: [GC127.563: [ParNew: 147326K->16318K(147328K), 0.0966665 secs]127.659: [Tenured: 375149K->169251K(375224K), 0.3863806 secs] 425288K->169251K(522552K), [Perm : 7344K->7344K(21248K)], 0.4876847 secs] [Times: user=0.69 sys=0.01, real=0.49 secs] 
128.189: [GC128.190: [ParNew: 131008K->16318K(147328K), 0.1024443 secs] 300259K->292434K(464184K), 0.1029016 secs] [Times: user=0.41 sys=0.00, real=0.10 secs] 
128.439: [GC128.440: [ParNew: 147326K->16318K(147328K), 0.0861876 secs]128.526: [Tenured: 367235K->180883K(367352K), 0.3739578 secs] 423442K->180883K(514680K), [Perm : 7344K->7344K(21248K)], 0.4641759 secs] [Times: user=0.73 sys=0.02, real=0.46 secs] 
129.044: [GC129.044: [ParNew: 131008K->16318K(147328K), 0.1003182 secs] 311891K->304665K(464184K), 0.1008124 secs] [Times: user=0.36 sys=0.00, real=0.10 secs] 
129.283: [GC129.284: [ParNew: 147326K->16318K(147328K), 0.1067066 secs]129.390: [Tenured: 404547K->166593K(404600K), 0.3878575 secs] 435673K->166593K(551928K), [Perm : 7344K->7344K(21248K)], 0.5008810 secs] [Times: user=0.81 sys=0.02, real=0.50 secs] 
129.928: [GC129.928: [ParNew: 131008K->16318K(147328K), 0.0881546 secs] 297601K->276807K(464184K), 0.0885645 secs] [Times: user=0.34 sys=0.00, real=0.09 secs] 
130.157: [GC130.157: [ParNew: 147326K->16318K(147328K), 0.1107499 secs]130.268: [Tenured: 383905K->183794K(384056K), 0.3865688 secs] 407815K->183794K(531384K), [Perm : 7344K->7344K(21248K)], 0.5023595 secs] [Times: user=0.80 sys=0.03, real=0.50 secs] 
130.813: [GC130.813: [ParNew: 131008K->16320K(147328K), 0.0786719 secs] 314802K->282418K(464184K), 0.0791440 secs] [Times: user=0.30 sys=0.00, real=0.08 secs] 
131.034: [GC131.034: [ParNew: 147328K->16319K(147328K), 0.1131775 secs]131.147: [Tenured: 392714K->165886K(392888K), 0.3841237 secs] 413426K->165886K(540216K), [Perm : 7344K->7344K(21248K)], 0.5030776 secs] [Times: user=0.84 sys=0.03, real=0.50 secs] 
131.679: [GC131.679: [ParNew: 131008K->16319K(147328K), 0.0772905 secs] 296894K->262597K(464184K), 0.0777925 secs] [Times: user=0.30 sys=0.00, real=0.08 secs] 
131.897: [GC131.898: [ParNew: 147327K->16319K(147328K), 0.1149440 secs]132.013: [Tenured: 369942K->180923K(370040K), 0.3864082 secs] 393605K->180923K(517368K), [Perm : 7344K->7344K(21248K)], 0.5056107 secs] [Times: user=0.83 sys=0.00, real=0.51 secs] 
132.552: [GC132.552: [ParNew: 131008K->16319K(147328K), 0.0853060 secs] 311931K->281522K(464184K), 0.0857431 secs] [Times: user=0.30 sys=0.00, real=0.09 secs] 
132.776: [GC132.776: [ParNew: 147327K->16319K(147328K), 0.1107230 secs]132.887: [Tenured: 385563K->167731K(385592K), 0.3859482 secs] 412530K->167731K(532920K), [Perm : 7344K->7344K(21248K)], 0.5019359 secs] [Times: user=0.80 sys=0.02, real=0.50 secs] 
133.421: [GC133.421: [ParNew: 131008K->16318K(147328K), 0.0845176 secs] 298739K->269146K(464184K), 0.0849448 secs] [Times: user=0.34 sys=0.00, real=0.09 secs] 
133.640: [GC133.640: [ParNew: 147326K->16318K(147328K), 0.1015036 secs]133.742: [Tenured: 359251K->182814K(359288K), 0.3820307 secs] 400154K->182814K(506616K), [Perm : 7345K->7345K(21248K)], 0.4867847 secs] [Times: user=0.75 sys=0.02, real=0.49 secs] 
134.268: [GC134.268: [ParNew: 131008K->16318K(147328K), 0.1011826 secs] 313822K->306701K(464184K), 0.1016838 secs] [Times: user=0.37 sys=0.00, real=0.10 secs] 
134.513: [GC134.513: [ParNew: 147326K->16318K(147328K), 0.0932563 secs]134.606: [Tenured: 390150K->168969K(390200K), 0.3860041 secs] 437709K->168969K(537528K), [Perm : 7345K->7345K(21248K)], 0.4847466 secs] [Times: user=0.73 sys=0.03, real=0.49 secs] 
135.125: [GC135.126: [ParNew: 131008K->16318K(147328K), 0.0576532 secs] 299977K->242423K(464184K), 0.0581737 secs] [Times: user=0.19 sys=0.00, real=0.06 secs] 
135.319: [GC135.319: [ParNew: 147326K->16318K(147328K), 0.0797194 secs] 373431K->331591K(464184K), 0.0802008 secs] [Times: user=0.31 sys=0.00, real=0.08 secs] 
135.546: [GC135.546: [ParNew: 147326K->16318K(147328K), 0.0792056 secs]135.626: [Tenured: 396497K->176700K(396536K), 0.3906686 secs] 462599K->176700K(543864K), [Perm : 7345K->7345K(21248K)], 0.4756625 secs] [Times: user=0.67 sys=0.00, real=0.48 secs] 
136.163: [GC136.163: [ParNew: 131008K->16318K(147328K), 0.1008792 secs] 307708K->299034K(464184K), 0.1014087 secs] [Times: user=0.39 sys=0.00, real=0.10 secs] 
136.411: [GC136.411: [ParNew: 147326K->16318K(147328K), 0.0906941 secs]136.502: [Tenured: 379720K->172219K(379832K), 0.3926154 secs] 430042K->172219K(527160K), [Perm : 7346K->7346K(21248K)], 0.4881526 secs] [Times: user=0.73 sys=0.02, real=0.49 secs] 
137.032: [GC137.032: [ParNew: 131008K->16318K(147328K), 0.0844650 secs] 303227K->276681K(464184K), 0.0848922 secs] [Times: user=0.30 sys=0.00, real=0.09 secs] 
137.256: [GC137.256: [ParNew: 147326K->16320K(147328K), 0.1102214 secs]137.367: [Tenured: 380539K->180934K(380792K), 0.3827539 secs] 407689K->180934K(528120K), [Perm : 7346K->7346K(21248K)], 0.4976219 secs] [Times: user=0.81 sys=0.01, real=0.50 secs] 
137.901: [GC137.901: [ParNew: 131008K->16319K(147328K), 0.0853506 secs] 311942K->285478K(464184K), 0.0857752 secs] [Times: user=0.28 sys=0.00, real=0.09 secs] 
138.125: [GC138.126: [ParNew: 147327K->16319K(147328K), 0.1236044 secs]138.249: [Tenured: 388838K->164830K(388856K), 0.3817965 secs] 416486K->164830K(536184K), [Perm : 7346K->7346K(21248K)], 0.5106161 secs] [Times: user=0.83 sys=0.03, real=0.51 secs] 
138.776: [GC138.776: [ParNew: 131008K->16319K(147328K), 0.0728467 secs] 295838K->256149K(464184K), 0.0732739 secs] [Times: user=0.25 sys=0.00, real=0.07 secs] 
138.990: [GC138.990: [ParNew: 147327K->16319K(147328K), 0.1095094 secs]139.100: [Tenured: 360806K->181142K(360824K), 0.3776541 secs] 387157K->181142K(508152K), [Perm : 7346K->7346K(21248K)], 0.4904923 secs] [Times: user=0.78 sys=0.00, real=0.49 secs] 
139.626: [GC139.626: [ParNew: 131008K->16318K(147328K), 0.0904215 secs] 312150K->294877K(464184K), 0.0908204 secs] [Times: user=0.37 sys=0.00, real=0.09 secs] 
139.855: [GC139.855: [ParNew: 147326K->16318K(147328K), 0.1075774 secs]139.963: [Tenured: 397262K->165798K(397304K), 0.3837738 secs] 425885K->165798K(544632K), [Perm : 7346K->7346K(21248K)], 0.4972482 secs] [Times: user=0.76 sys=0.05, real=0.50 secs] 
140.497: [GC140.497: [ParNew: 131008K->16318K(147328K), 0.0752601 secs] 296806K->260157K(464184K), 0.0757540 secs] [Times: user=0.31 sys=0.00, real=0.08 secs] 
140.711: [GC140.711: [ParNew: 147326K->16318K(147328K), 0.1059234 secs]140.817: [Tenured: 360494K->183316K(360632K), 0.3796368 secs] 391165K->183316K(507960K), [Perm : 7346K->7346K(21248K)], 0.4889005 secs] [Times: user=0.77 sys=0.00, real=0.49 secs] 
141.338: [GC141.338: [ParNew: 131008K->16318K(147328K), 0.1004831 secs] 314324K->305954K(464184K), 0.1009362 secs] [Times: user=0.37 sys=0.00, real=0.10 secs] 
141.582: [GC141.582: [ParNew: 147326K->16318K(147328K), 0.0942877 secs]141.677: [Tenured: 391308K->164933K(391352K), 0.3795707 secs] 436962K->164933K(538680K), [Perm : 7346K->7346K(21248K)], 0.4794553 secs] [Times: user=0.73 sys=0.05, real=0.48 secs] 
142.202: [GC142.202: [ParNew: 131008K->16318K(147328K), 0.1091018 secs] 295941K->288187K(464184K), 0.1095059 secs] [Times: user=0.42 sys=0.00, real=0.11 secs] 
142.455: [GC142.455: [ParNew: 147326K->16318K(147328K), 0.0896947 secs]142.545: [Tenured: 366981K->178624K(367160K), 0.3872510 secs] 419195K->178624K(514488K), [Perm : 7346K->7346K(21248K)], 0.4808896 secs] [Times: user=0.72 sys=0.01, real=0.48 secs] 
143.075: [GC143.075: [ParNew: 131008K->16318K(147328K), 0.0998243 secs] 309632K->303142K(464184K), 0.1002618 secs] [Times: user=0.44 sys=0.00, real=0.10 secs] 
143.316: [GC143.317: [ParNew: 147326K->16318K(147328K), 0.1126082 secs]143.429: [Tenured: 409912K->182110K(409976K), 0.3771721 secs] 434150K->182110K(557304K), [Perm : 7346K->7346K(21248K)], 0.4963925 secs] [Times: user=0.80 sys=0.02, real=0.50 secs] 
143.962: [GC143.963: [ParNew: 131008K->16320K(147328K), 0.0751776 secs] 313118K->276126K(464184K), 0.0757617 secs] [Times: user=0.31 sys=0.00, real=0.08 secs] 
144.180: [GC144.180: [ParNew: 147328K->16319K(147328K), 0.1123305 secs]144.292: [Tenured: 383502K->170610K(383672K), 0.3879996 secs] 407134K->170610K(531000K), [Perm : 7346K->7346K(21248K)], 0.5057277 secs] [Times: user=0.83 sys=0.00, real=0.51 secs] 
144.836: [GC144.836: [ParNew: 131008K->16319K(147328K), 0.0760497 secs] 301618K->265314K(464184K), 0.0764628 secs] [Times: user=0.30 sys=0.00, real=0.08 secs] 
145.053: [GC145.053: [ParNew: 147327K->16319K(147328K), 0.1093628 secs]145.162: [Tenured: 370330K->164626K(370424K), 0.3815034 secs] 396322K->164626K(517752K), [Perm : 7346K->7346K(21248K)], 0.4949820 secs] [Times: user=0.78 sys=0.03, real=0.49 secs] 
145.701: [GC145.701: [ParNew: 131008K->16319K(147328K), 0.0913377 secs] 295634K->273802K(464184K), 0.0918198 secs] [Times: user=0.30 sys=0.00, real=0.09 secs] 
145.934: [GC145.934: [ParNew: 147327K->16318K(147328K), 0.1089392 secs]146.043: [Tenured: 377570K->169834K(377720K), 0.3830647 secs] 404810K->169834K(525048K), [Perm : 7347K->7347K(21248K)], 0.4968383 secs] [Times: user=0.81 sys=0.02, real=0.50 secs] 
146.581: [GC146.581: [ParNew: 131008K->16318K(147328K), 0.0822386 secs] 300842K->271737K(464184K), 0.0826780 secs] [Times: user=0.31 sys=0.00, real=0.08 secs] 
146.801: [GC146.802: [ParNew: 147326K->16318K(147328K), 0.1068458 secs]146.908: [Tenured: 373842K->181485K(373880K), 0.3805788 secs] 402745K->181485K(521208K), [Perm : 7347K->7347K(21248K)], 0.4918127 secs] [Times: user=0.78 sys=0.02, real=0.49 secs] 
147.439: [GC147.440: [ParNew: 131008K->16318K(147328K), 0.0899898 secs] 312493K->291722K(464184K), 0.0905247 secs] [Times: user=0.36 sys=0.00, real=0.09 secs] 
147.660: [GC147.660: [ParNew: 147326K->16318K(147328K), 0.0845892 secs]147.744: [Tenured: 369175K->164949K(369272K), 0.3784668 secs] 422730K->164949K(516600K), [Perm : 7347K->7347K(21248K)], 0.4675669 secs] [Times: user=0.69 sys=0.02, real=0.47 secs] 
148.251: [GC148.251: [ParNew: 131008K->16318K(147328K), 0.0990684 secs] 295957K->267075K(464184K), 0.0995385 secs] [Times: user=0.34 sys=0.00, real=0.10 secs] 
148.483: [GC148.483: [ParNew: 147326K->16318K(147328K), 0.0479392 secs] 398083K->303795K(464184K), 0.0484370 secs] [Times: user=0.17 sys=0.00, real=0.05 secs] 
148.656: [GC148.656: [ParNew: 147326K->16318K(147328K), 0.0986745 secs]148.755: [Tenured: 383005K->168016K(383096K), 0.3905592 secs] 434803K->168016K(530424K), [Perm : 7347K->7347K(21248K)], 0.4942152 secs] [Times: user=0.67 sys=0.03, real=0.49 secs] 
149.291: [GC149.292: [ParNew: 131008K->16318K(147328K), 0.1043449 secs] 299024K->294606K(464184K), 0.1047518 secs] [Times: user=0.37 sys=0.00, real=0.11 secs] 
149.543: [GC149.544: [ParNew: 147326K->16318K(147328K), 0.0772777 secs]149.621: [Tenured: 363672K->179307K(363704K), 0.3772353 secs] 425614K->179307K(511032K), [Perm : 7347K->7347K(21248K)], 0.4581355 secs] [Times: user=0.67 sys=0.01, real=0.46 secs] 
150.142: [GC150.142: [ParNew: 131008K->16320K(147328K), 0.1016094 secs] 310315K->303427K(464184K), 0.1021588 secs] [Times: user=0.41 sys=0.00, real=0.10 secs] 
150.386: [GC150.386: [ParNew: 147328K->16319K(147328K), 0.1131361 secs]150.500: [Tenured: 411043K->165528K(411128K), 0.3862314 secs] 434435K->165528K(558456K), [Perm : 7347K->7347K(21248K)], 0.5061068 secs] [Times: user=0.76 sys=0.05, real=0.51 secs] 
151.036: [GC151.036: [ParNew: 131008K->16319K(147328K), 0.0482779 secs] 296536K->228671K(464184K), 0.0487465 secs] [Times: user=0.19 sys=0.00, real=0.05 secs] 
151.224: [GC151.224: [ParNew: 147327K->16319K(147328K), 0.1009330 secs]151.325: [Tenured: 325008K->183956K(325112K), 0.3755880 secs] 359679K->183956K(472440K), [Perm : 7347K->7347K(21248K)], 0.4774617 secs] [Times: user=0.70 sys=0.00, real=0.48 secs] 
151.850: [GC151.850: [ParNew: 131008K->16319K(147328K), 0.0781703 secs] 314964K->282363K(464184K), 0.0785920 secs] [Times: user=0.30 sys=0.00, real=0.08 secs] 
152.069: [GC152.069: [ParNew: 147327K->16318K(147328K), 0.1085392 secs]152.178: [Tenured: 387324K->168320K(387512K), 0.3843892 secs] 413371K->168320K(534840K), [Perm : 7347K->7347K(21248K)], 0.4983909 secs] [Times: user=0.80 sys=0.03, real=0.50 secs] 
152.714: [GC152.714: [ParNew: 131008K->16318K(147328K), 0.0858955 secs] 299328K->276079K(464184K), 0.0863451 secs] [Times: user=0.36 sys=0.00, real=0.09 secs] 
152.938: [GC152.938: [ParNew: 147326K->16318K(147328K), 0.1056348 secs]153.044: [Tenured: 377176K->183894K(377336K), 0.3909627 secs] 407087K->183894K(524664K), [Perm : 7347K->7347K(21248K)], 0.5014888 secs] [Times: user=0.80 sys=0.02, real=0.50 secs] 
153.576: [GC153.576: [ParNew: 131008K->16318K(147328K), 0.0540887 secs] 314902K->253660K(464184K), 0.0546667 secs] [Times: user=0.23 sys=0.00, real=0.05 secs] 
153.766: [GC153.767: [ParNew: 147326K->16318K(147328K), 0.1133702 secs]153.880: [Tenured: 356518K->162416K(356600K), 0.3708715 secs] 384668K->162416K(503928K), [Perm : 7347K->7347K(21248K)], 0.4873441 secs] [Times: user=0.78 sys=0.00, real=0.49 secs] 
154.394: [GC154.395: [ParNew: 131008K->16318K(147328K), 0.1023634 secs] 293424K->287262K(464184K), 0.1028153 secs] [Times: user=0.34 sys=0.00, real=0.10 secs] 
154.643: [GC154.643: [ParNew: 147326K->16318K(147328K), 0.0804961 secs]154.724: [Tenured: 357072K->180032K(357176K), 0.3720794 secs] 418270K->180032K(504504K), [Perm : 7347K->7347K(21248K)], 0.4557635 secs] [Times: user=0.67 sys=0.00, real=0.46 secs] 
155.237: [GC155.238: [ParNew: 131008K->16318K(147328K), 0.1022073 secs] 311040K->303814K(464184K), 0.1027031 secs] [Times: user=0.36 sys=0.00, real=0.10 secs] 
155.496: [GC155.497: [ParNew: 147326K->16318K(147328K), 0.1095065 secs]155.606: [Tenured: 392894K->167679K(393080K), 0.3846573 secs] 434822K->167679K(540408K), [Perm : 7347K->7347K(21248K)], 0.5002707 secs] [Times: user=0.73 sys=0.00, real=0.50 secs] 
156.133: [GC156.133: [ParNew: 131008K->16318K(147328K), 0.0930744 secs] 298687K->282449K(464184K), 0.0935549 secs] [Times: user=0.37 sys=0.00, real=0.09 secs] 
156.366: [GC156.367: [ParNew: 147326K->16320K(147328K), 0.1141877 secs]156.481: [Tenured: 389467K->183464K(389624K), 0.3851561 secs] 413457K->183464K(536952K), [Perm : 7347K->7347K(21248K)], 0.5051562 secs] [Times: user=0.78 sys=0.02, real=0.51 secs] 
157.017: [GC157.017: [ParNew: 131008K->16319K(147328K), 0.0841748 secs] 314472K->290384K(464184K), 0.0845911 secs] [Times: user=0.30 sys=0.00, real=0.09 secs] 
157.244: [GC157.244: [ParNew: 147327K->16319K(147328K), 0.1132653 secs]157.357: [Tenured: 397776K->164317K(397880K), 0.3836897 secs] 421392K->164317K(545208K), [Perm : 7347K->7347K(21248K)], 0.5030783 secs] [Times: user=0.83 sys=0.05, real=0.50 secs] 
157.889: [GC157.889: [ParNew: 131008K->16319K(147328K), 0.0506801 secs] 295325K->229964K(464184K), 0.0511217 secs] [Times: user=0.19 sys=0.00, real=0.05 secs] 
158.082: [GC158.082: [ParNew: 147327K->16319K(147328K), 0.1066800 secs]158.189: [Tenured: 335117K->181992K(335288K), 0.3784110 secs] 360972K->181992K(482616K), [Perm : 7347K->7347K(21248K)], 0.4870506 secs] [Times: user=0.81 sys=0.00, real=0.49 secs] 
158.717: [GC158.717: [ParNew: 131008K->16318K(147328K), 0.0810475 secs] 313000K->282143K(464184K), 0.0814901 secs] [Times: user=0.31 sys=0.00, real=0.08 secs] 
158.936: [GC158.937: [ParNew: 147326K->16318K(147328K), 0.1122766 secs]159.049: [Tenured: 385456K->161075K(385592K), 0.3725851 secs] 413151K->161075K(532920K), [Perm : 7348K->7348K(21248K)], 0.4900442 secs] [Times: user=0.80 sys=0.02, real=0.49 secs] 
159.578: [GC159.578: [ParNew: 131008K->16318K(147328K), 0.0832553 secs] 292083K->265650K(464184K), 0.0837001 secs] [Times: user=0.31 sys=0.00, real=0.08 secs] 
159.801: [GC159.802: [ParNew: 147326K->16318K(147328K), 0.1224915 secs]159.924: [Tenured: 370635K->180692K(371000K), 0.3833389 secs] 396658K->180692K(518328K), [Perm : 7348K->7348K(21248K)], 0.5097518 secs] [Times: user=0.78 sys=0.02, real=0.51 secs] 
160.453: [GC160.453: [ParNew: 131008K->16318K(147328K), 0.1059193 secs] 311700K->306811K(464184K), 0.1063192 secs] [Times: user=0.42 sys=0.00, real=0.11 secs] 
160.708: [GC160.708: [ParNew: 147326K->16318K(147328K), 0.0927268 secs]160.801: [Tenured: 392964K->184168K(393080K), 0.3870201 secs] 437819K->184168K(540408K), [Perm : 7349K->7349K(21248K)], 0.4852995 secs] [Times: user=0.75 sys=0.03, real=0.49 secs] 
161.333: [GC161.334: [ParNew: 131008K->16318K(147328K), 0.1004298 secs] 315176K->308158K(464184K), 0.1009757 secs] [Times: user=0.37 sys=0.00, real=0.10 secs] 
161.585: [GC161.586: [ParNew: 147326K->16318K(147328K), 0.0881164 secs]161.674: [Tenured: 388632K->182857K(388664K), 0.3818180 secs] 439166K->182857K(535992K), [Perm : 7349K->7349K(21248K)], 0.4750782 secs] [Times: user=0.65 sys=0.03, real=0.47 secs] 
162.201: [GC162.201: [ParNew: 131008K->16318K(147328K), 0.1014241 secs] 313865K->308655K(464184K), 0.1018503 secs] [Times: user=0.42 sys=0.00, real=0.10 secs] 
162.443: [GC162.443: [ParNew: 147326K->16320K(147328K), 0.1165428 secs]162.560: [Tenured: 416009K->165936K(416120K), 0.3919236 secs] 439663K->165936K(563448K), [Perm : 7349K->7349K(21248K)], 0.5155851 secs] [Times: user=0.76 sys=0.03, real=0.52 secs] 
163.108: [GC163.108: [ParNew: 131008K->16319K(147328K), 0.0859436 secs] 296944K->273279K(464184K), 0.0863749 secs] [Times: user=0.37 sys=0.00, real=0.09 secs] 
163.336: [GC163.336: [ParNew: 147327K->16319K(147328K), 0.1141262 secs]163.450: [Tenured: 380024K->185398K(380216K), 0.3845730 secs] 404287K->185398K(527544K), [Perm : 7349K->7349K(21248K)], 0.5033374 secs] [Times: user=0.78 sys=0.02, real=0.50 secs] 
163.982: [GC163.983: [ParNew: 131008K->16319K(147328K), 0.0663591 secs] 316406K->269005K(464184K), 0.0667498 secs] [Times: user=0.30 sys=0.00, real=0.07 secs] 
164.192: [GC164.193: [ParNew: 147327K->16319K(147328K), 0.1123234 secs]164.305: [Tenured: 377246K->161760K(377336K), 0.3745419 secs] 400013K->161760K(524664K), [Perm : 7349K->7349K(21248K)], 0.4915131 secs] [Times: user=0.78 sys=0.03, real=0.49 secs] 
164.832: [GC164.832: [ParNew: 131008K->16319K(147328K), 0.0846921 secs] 292768K->262831K(464184K), 0.0851151 secs] [Times: user=0.30 sys=0.00, real=0.09 secs] 
165.058: [GC165.058: [ParNew: 147327K->16318K(147328K), 0.1072586 secs]165.165: [Tenured: 364552K->182150K(364664K), 0.3769254 secs] 393839K->182150K(511992K), [Perm : 7349K->7349K(21248K)], 0.4881882 secs] [Times: user=0.81 sys=0.02, real=0.49 secs] 
165.696: [GC165.696: [ParNew: 131008K->16318K(147328K), 0.0741808 secs] 313158K->275109K(464184K), 0.0746222 secs] [Times: user=0.31 sys=0.00, real=0.07 secs] 
165.912: [GC165.913: [ParNew: 147326K->16318K(147328K), 0.1154706 secs]166.028: [Tenured: 380806K->163286K(380984K), 0.3765358 secs] 406117K->163286K(528312K), [Perm : 7349K->7349K(21248K)], 0.4968226 secs] [Times: user=0.84 sys=0.01, real=0.50 secs] 
166.555: [GC166.555: [ParNew: 131008K->16318K(147328K), 0.0666394 secs] 294294K->247061K(464184K), 0.0671795 secs] [Times: user=0.28 sys=0.00, real=0.07 secs] 
166.763: [GC166.763: [ParNew: 147326K->16318K(147328K), 0.1089106 secs]166.872: [Tenured: 352558K->175864K(352760K), 0.3674446 secs] 378069K->175864K(500088K), [Perm : 7349K->7349K(21248K)], 0.4794149 secs] [Times: user=0.78 sys=0.02, real=0.48 secs] 
167.385: [GC167.386: [ParNew: 131008K->16318K(147328K), 0.1011120 secs] 306872K->302479K(464184K), 0.1017929 secs] [Times: user=0.36 sys=0.00, real=0.10 secs] 
167.629: [GC167.629: [ParNew: 147326K->16318K(147328K), 0.0768820 secs]167.706: [Tenured: 367072K->166239K(367160K), 0.3781503 secs] 433487K->166239K(514488K), [Perm : 7350K->7350K(21248K)], 0.4587830 secs] [Times: user=0.66 sys=0.02, real=0.46 secs] 
168.230: [GC168.230: [ParNew: 131008K->16318K(147328K), 0.1042714 secs] 297247K->291989K(464184K), 0.1046736 secs] [Times: user=0.36 sys=0.00, real=0.11 secs] 
168.475: [GC168.475: [ParNew: 147326K->16318K(147328K), 0.1137692 secs]168.589: [Tenured: 400375K->164333K(400376K), 0.3849813 secs] 422997K->164333K(547704K), [Perm : 7350K->7350K(21248K)], 0.5048984 secs] [Times: user=0.84 sys=0.03, real=0.51 secs] 
169.125: [GC169.125: [ParNew: 131008K->16320K(147328K), 0.0872948 secs] 295341K->273701K(464184K), 0.0877422 secs] [Times: user=0.36 sys=0.00, real=0.09 secs] 
169.351: [GC169.351: [ParNew: 147328K->16319K(147328K), 0.1073301 secs]169.458: [Tenured: 375813K->157919K(375992K), 0.3725633 secs] 404709K->157919K(523320K), [Perm : 7350K->7350K(21248K)], 0.4847241 secs] [Times: user=0.73 sys=0.02, real=0.48 secs] 
169.986: [GC169.986: [ParNew: 131008K->16319K(147328K), 0.0824233 secs] 288927K->260134K(464184K), 0.0828614 secs] [Times: user=0.37 sys=0.00, real=0.08 secs] 
170.213: [GC170.213: [ParNew: 147327K->16319K(147328K), 0.1122692 secs]170.325: [Tenured: 369823K->181936K(369848K), 0.3858354 secs] 391142K->181936K(517176K), [Perm : 7350K->7350K(21248K)], 0.5024885 secs] [Times: user=0.81 sys=0.02, real=0.50 secs] 
170.876: [GC170.876: [ParNew: 131008K->16319K(147328K), 0.0903746 secs] 312944K->289831K(464184K), 0.0908544 secs] [Times: user=0.33 sys=0.00, real=0.09 secs] 
171.107: [GC171.107: [ParNew: 147327K->16319K(147328K), 0.1088795 secs]171.216: [Tenured: 392968K->162118K(393080K), 0.3788581 secs] 420839K->162118K(540408K), [Perm : 7350K->7350K(21248K)], 0.4936077 secs] [Times: user=0.76 sys=0.03, real=0.49 secs] 
171.736: [GC171.737: [ParNew: 131008K->16318K(147328K), 0.0395104 secs] 293126K->212893K(464184K), 0.0399841 secs] [Times: user=0.14 sys=0.00, real=0.04 secs] 
171.904: [GC171.905: [ParNew: 147326K->16318K(147328K), 0.1026348 secs] 343901K->322789K(464184K), 0.1030491 secs] [Times: user=0.39 sys=0.00, real=0.10 secs] 
172.146: [GC172.146: [ParNew: 147326K->16318K(147328K), 0.1081970 secs]172.254: [Tenured: 424382K->173374K(424568K), 0.3906067 secs] 453797K->173374K(571896K), [Perm : 7350K->7350K(21248K)], 0.5067220 secs] [Times: user=0.75 sys=0.08, real=0.51 secs] 
172.786: [GC172.786: [ParNew: 131008K->16318K(147328K), 0.0665759 secs] 304382K->256092K(464184K), 0.0671016 secs] [Times: user=0.22 sys=0.00, real=0.07 secs] 
172.977: [GC172.977: [ParNew: 147326K->16318K(147328K), 0.0881629 secs]173.065: [Tenured: 332030K->164630K(332216K), 0.3677086 secs] 387100K->164630K(479544K), [Perm : 7350K->7350K(21248K)], 0.4577054 secs] [Times: user=0.67 sys=0.00, real=0.46 secs] 
173.582: [GC173.582: [ParNew: 131008K->16318K(147328K), 0.0787052 secs] 295638K->255724K(464184K), 0.0791652 secs] [Times: user=0.28 sys=0.00, real=0.08 secs] 
173.797: [GC173.797: [ParNew: 147326K->16318K(147328K), 0.1088638 secs]173.906: [Tenured: 358198K->180965K(358328K), 0.3768533 secs] 386732K->180965K(505656K), [Perm : 7350K->7350K(21248K)], 0.4892209 secs] [Times: user=0.80 sys=0.02, real=0.49 secs] 
174.429: [GC174.429: [ParNew: 131008K->16318K(147328K), 0.1028394 secs] 311973K->306467K(464184K), 0.1033497 secs] [Times: user=0.41 sys=0.00, real=0.10 secs] 
174.669: [GC174.669: [ParNew: 147326K->16318K(147328K), 0.0755022 secs]174.744: [Tenured: 367133K->165205K(367160K), 0.3795871 secs] 437475K->165205K(514488K), [Perm : 7350K->7350K(21248K)], 0.4591143 secs] [Times: user=0.66 sys=0.02, real=0.46 secs] 
175.269: [GC175.269: [ParNew: 131008K->16318K(147328K), 0.0991732 secs] 296213K->288603K(464184K), 0.0996267 secs] [Times: user=0.38 sys=0.00, real=0.10 secs] 
175.496: [GC175.496: [ParNew: 147326K->16320K(147328K), 0.0910606 secs]175.587: [Tenured: 373269K->184216K(373304K), 0.3808979 secs] 419611K->184216K(520632K), [Perm : 7350K->7350K(21248K)], 0.4765012 secs] [Times: user=0.73 sys=0.03, real=0.48 secs] 
176.125: [GC176.125: [ParNew: 131008K->16319K(147328K), 0.0877133 secs] 315224K->291351K(464184K), 0.0881479 secs] [Times: user=0.31 sys=0.00, real=0.09 secs] 
176.356: [GC176.356: [ParNew: 147327K->16319K(147328K), 0.1163856 secs]176.473: [Tenured: 399688K->163794K(399800K), 0.3775265 secs] 422359K->163794K(547128K), [Perm : 7350K->7350K(21248K)], 0.5002219 secs] [Times: user=0.75 sys=0.06, real=0.50 secs] 
176.996: [GC176.996: [ParNew: 131008K->16319K(147328K), 0.0780757 secs] 294802K->260729K(464184K), 0.0785404 secs] [Times: user=0.31 sys=0.00, real=0.08 secs] 
177.214: [GC177.214: [ParNew: 147327K->16319K(147328K), 0.1072102 secs]177.322: [Tenured: 365762K->178069K(365816K), 0.3863078 secs] 391737K->178069K(513144K), [Perm : 7351K->7351K(21248K)], 0.4973637 secs] [Times: user=0.75 sys=0.02, real=0.50 secs] 
177.866: [GC177.867: [ParNew: 131008K->16319K(147328K), 0.0870747 secs] 309077K->287964K(464184K), 0.0874987 secs] [Times: user=0.37 sys=0.00, real=0.09 secs] 
178.092: [GC178.092: [ParNew: 147327K->16318K(147328K), 0.1119822 secs]178.204: [Tenured: 387141K->185374K(387512K), 0.3903716 secs] 418972K->185374K(534840K), [Perm : 7351K->7351K(21248K)], 0.5080109 secs] [Times: user=0.78 sys=0.00, real=0.51 secs] 
178.734: [GC178.734: [ParNew: 131008K->16318K(147328K), 0.0600413 secs] 316382K->260589K(464184K), 0.0605288 secs] [Times: user=0.22 sys=0.00, real=0.06 secs] 
178.933: [GC178.933: [ParNew: 147326K->16318K(147328K), 0.1151233 secs]179.049: [Tenured: 362862K->164132K(362936K), 0.3756172 secs] 391597K->164132K(510264K), [Perm : 7351K->7351K(21248K)], 0.4945834 secs] [Times: user=0.72 sys=0.02, real=0.49 secs] 
179.585: [GC179.585: [ParNew: 131008K->16318K(147328K), 0.0950789 secs] 295140K->277710K(464184K), 0.0956184 secs] [Times: user=0.38 sys=0.00, real=0.10 secs] 
179.810: [GC179.811: [ParNew: 147326K->16318K(147328K), 0.0918801 secs]179.902: [Tenured: 362752K->162373K(362936K), 0.3735903 secs] 408718K->162373K(510264K), [Perm : 7351K->7351K(21248K)], 0.4700698 secs] [Times: user=0.73 sys=0.00, real=0.47 secs] 
180.401: [GC180.401: [ParNew: 131008K->16318K(147328K), 0.0203766 secs] 293381K->189539K(464184K), 0.0208538 secs] [Times: user=0.06 sys=0.00, real=0.02 secs] 
180.569: [GC180.569: [ParNew: 147326K->16318K(147328K), 0.0666308 secs] 320547K->256723K(464184K), 0.0671715 secs] [Times: user=0.23 sys=0.00, real=0.07 secs] 
180.788: [GC180.788: [ParNew: 147326K->16318K(147328K), 0.0282990 secs] 387731K->284659K(464184K), 0.0288365 secs] [Times: user=0.13 sys=0.00, real=0.03 secs] 
180.935: [GC180.935: [ParNew: 147326K->16318K(147328K), 0.0486391 secs] 415667K->328475K(464184K), 0.0491647 secs] [Times: user=0.16 sys=0.00, real=0.05 secs] 
181.115: [GC181.115: [ParNew: 147326K->16318K(147328K), 0.0811417 secs]181.196: [Tenured: 395253K->182121K(395384K), 0.3970237 secs] 459483K->182121K(542712K), [Perm : 7351K->7351K(21248K)], 0.4843604 secs] [Times: user=0.67 sys=0.02, real=0.48 secs] 
181.750: [GC181.750: [ParNew: 131008K->16320K(147328K), 0.0241537 secs] 313129K->211401K(464184K), 0.0245828 secs] [Times: user=0.11 sys=0.00, real=0.03 secs] 
181.899: [GC181.899: [ParNew: 147328K->16319K(147328K), 0.0632026 secs] 342409K->282048K(464184K), 0.0636641 secs] [Times: user=0.25 sys=0.00, real=0.06 secs] 
182.081: [GC182.081: [ParNew: 147327K->16319K(147328K), 0.0465582 secs] 413056K->332576K(464184K), 0.0471304 secs] [Times: user=0.19 sys=0.00, real=0.05 secs] 
182.248: [GC182.248: [ParNew: 147327K->16319K(147328K), 0.0667158 secs]182.315: [Tenured: 375089K->163731K(375224K), 0.3936914 secs] 463584K->163731K(522552K), [Perm : 7351K->7351K(21248K)], 0.4649793 secs] [Times: user=0.62 sys=0.02, real=0.47 secs] 
182.880: [GC182.880: [ParNew: 131008K->16319K(147328K), 0.0103038 secs] 294739K->180050K(464184K), 0.0106607 secs] [Times: user=0.00 sys=0.00, real=0.01 secs] 
183.011: [GC183.012: [ParNew: 147327K->16320K(147328K), 0.0562879 secs] 311058K->232579K(464184K), 0.0567327 secs] [Times: user=0.17 sys=0.00, real=0.06 secs] 
183.190: [GC183.190: [ParNew: 147328K->16320K(147328K), 0.0320152 secs] 363587K->265259K(464184K), 0.0324116 secs] [Times: user=0.13 sys=0.00, real=0.03 secs] 
183.339: [GC183.339: [ParNew: 147328K->16320K(147328K), 0.0551898 secs] 396267K->314635K(464184K), 0.0556439 secs] [Times: user=0.22 sys=0.00, real=0.05 secs] 
183.524: [GC183.524: [ParNew: 147328K->16320K(147328K), 0.0593905 secs]183.584: [Tenured: 354987K->184912K(355256K), 0.4049275 secs] 445643K->184912K(502584K), [Perm : 7351K->7351K(21248K)], 0.4675169 secs] [Times: user=0.64 sys=0.00, real=0.47 secs] 
184.146: [GC184.146: [ParNew: 131008K->16320K(147328K), 0.0147810 secs] 315920K->205352K(464184K), 0.0151469 secs] [Times: user=0.06 sys=0.00, real=0.01 secs] 
184.293: [GC184.293: [ParNew: 147328K->16320K(147328K), 0.0913971 secs] 336360K->295264K(464184K), 0.0919522 secs] [Times: user=0.31 sys=0.00, real=0.09 secs] 
184.506: [GC184.506: [ParNew: 147328K->16319K(147328K), 0.0535704 secs]184.560: [Tenured: 320008K->168816K(320120K), 0.3868479 secs] 426272K->168816K(467448K), [Perm : 7351K->7351K(21248K)], 0.4410351 secs] [Times: user=0.48 sys=0.00, real=0.44 secs] 
185.090: [GC185.091: [ParNew: 131008K->16319K(147328K), 0.0787931 secs] 299824K->261487K(464184K), 0.0793419 secs] [Times: user=0.26 sys=0.00, real=0.08 secs] 
185.282: [GC185.283: [ParNew: 147327K->16319K(147328K), 0.0523745 secs] 392495K->306487K(464184K), 0.0528600 secs] [Times: user=0.16 sys=0.00, real=0.05 secs] 
185.455: [GC185.455: [ParNew: 147327K->16318K(147328K), 0.0507991 secs]185.506: [Tenured: 342472K->178915K(342584K), 0.3697756 secs] 437495K->178915K(489912K), [Perm : 7351K->7351K(21248K)], 0.4230164 secs] [Times: user=0.55 sys=0.00, real=0.42 secs] 
186.020: [GC186.020: [ParNew: 131008K->16318K(147328K), 0.0845516 secs] 309923K->281642K(464184K), 0.0849933 secs] [Times: user=0.31 sys=0.00, real=0.09 secs] 
186.242: [GC186.242: [ParNew: 147326K->16318K(147328K), 0.1125149 secs]186.354: [Tenured: 383115K->191791K(383288K), 0.4139192 secs] 412650K->191791K(530616K), [Perm : 7352K->7352K(21248K)], 0.5311178 secs] [Times: user=0.78 sys=0.06, real=0.53 secs] 
186.909: [GC186.909: [ParNew: 132160K->16448K(148608K), 0.0144128 secs] 323951K->211495K(468260K), 0.0148557 secs] [Times: user=0.03 sys=0.00, real=0.01 secs] 
187.039: [GC187.040: [ParNew: 148608K->16448K(148608K), 0.0767633 secs] 343655K->269839K(468260K), 0.0772290 secs] [Times: user=0.25 sys=0.00, real=0.08 secs] 
187.254: [GC187.254: [ParNew: 148608K->16448K(148608K), 0.1011976 secs]187.356: [Tenured: 364975K->156864K(365156K), 0.3633250 secs] 401999K->156864K(513764K), [Perm : 7352K->7352K(21248K)], 0.4684418 secs] [Times: user=0.75 sys=0.02, real=0.47 secs] 
187.867: [GC187.867: [ParNew: 132160K->16448K(148608K), 0.0607789 secs] 289024K->234800K(468260K), 0.0612943 secs] [Times: user=0.19 sys=0.00, real=0.06 secs] 
188.069: [GC188.069: [ParNew: 148608K->16447K(148608K), 0.1102564 secs]188.180: [Tenured: 340480K->173356K(340772K), 0.3884281 secs] 366960K->173356K(489380K), [Perm : 7352K->7352K(21248K)], 0.5005048 secs] [Times: user=0.83 sys=0.03, real=0.50 secs] 
188.707: [GC188.708: [ParNew: 132160K->16446K(148608K), 0.0733569 secs] 305516K->263099K(468260K), 0.0737755 secs] [Times: user=0.31 sys=0.00, real=0.07 secs] 
188.920: [GC188.920: [ParNew: 148606K->16446K(148608K), 0.1088686 secs]189.029: [Tenured: 365284K->182389K(365348K), 0.3757356 secs] 395259K->182389K(513956K), [Perm : 7352K->7352K(21248K)], 0.4884134 secs] [Times: user=0.78 sys=0.00, real=0.49 secs] 
189.551: [GC189.551: [ParNew: 132160K->16446K(148608K), 0.1056293 secs] 314549K->310380K(468260K), 0.1060921 secs] [Times: user=0.44 sys=0.00, real=0.11 secs] 
189.804: [GC189.805: [ParNew: 148606K->16446K(148608K), 0.0933666 secs]189.898: [Tenured: 379957K->176404K(380132K), 0.3731461 secs] 442540K->176404K(528740K), [Perm : 7352K->7352K(21248K)], 0.4721458 secs] [Times: user=0.69 sys=0.01, real=0.47 secs] 
190.418: [GC190.418: [ParNew: 132159K->16446K(148608K), 0.1037175 secs] 308564K->302651K(468260K), 0.1043670 secs] [Times: user=0.41 sys=0.00, real=0.11 secs] 
190.675: [GC190.675: [ParNew: 148606K->16446K(148608K), 0.1083939 secs]190.783: [Tenured: 395970K->168607K(396452K), 0.3905871 secs] 434811K->168607K(545060K), [Perm : 7352K->7352K(21248K)], 0.5049760 secs] [Times: user=0.75 sys=0.03, real=0.50 secs] 
191.318: [GC191.318: [ParNew: 132160K->16446K(148608K), 0.0876325 secs] 300767K->279170K(468260K), 0.0881171 secs] [Times: user=0.31 sys=0.00, real=0.09 secs] 
191.543: [GC191.544: [ParNew: 148606K->16446K(148608K), 0.1065880 secs]191.650: [Tenured: 378683K->166480K(378980K), 0.3846683 secs] 411330K->166480K(527588K), [Perm : 7352K->7352K(21248K)], 0.4956103 secs] [Times: user=0.81 sys=0.02, real=0.49 secs] 
192.171: [GC192.172: [ParNew: 132160K->16446K(148608K), 0.0517616 secs] 298640K->231422K(468260K), 0.0521750 secs] [Times: user=0.25 sys=0.00, real=0.05 secs] 
192.364: [GC192.364: [ParNew: 148606K->16446K(148608K), 0.1103279 secs]192.475: [Tenured: 336024K->178438K(336164K), 0.3673827 secs] 363582K->178438K(484772K), [Perm : 7352K->7352K(21248K)], 0.4793934 secs] [Times: user=0.73 sys=0.01, real=0.48 secs] 
192.991: [GC192.992: [ParNew: 132160K->16448K(148608K), 0.0874699 secs] 310598K->286398K(468260K), 0.0879044 secs] [Times: user=0.36 sys=0.00, real=0.09 secs] 
193.221: [GC193.221: [ParNew: 148608K->16447K(148608K), 0.1169690 secs]193.338: [Tenured: 393718K->163482K(393764K), 0.3792821 secs] 418558K->163482K(542372K), [Perm : 7354K->7354K(21248K)], 0.5019468 secs] [Times: user=0.78 sys=0.00, real=0.50 secs] 
193.872: [GC193.872: [ParNew: 132160K->16447K(148608K), 0.0809856 secs] 295642K->261321K(468260K), 0.0814009 secs] [Times: user=0.36 sys=0.00, real=0.08 secs] 
194.092: [GC194.092: [ParNew: 148607K->16447K(148608K), 0.1048577 secs]194.197: [Tenured: 362698K->177214K(362852K), 0.3745335 secs] 393481K->177214K(511460K), [Perm : 7354K->7354K(21248K)], 0.4831151 secs] [Times: user=0.73 sys=0.03, real=0.48 secs] 
194.719: [GC194.720: [ParNew: 132160K->16447K(148608K), 0.0918936 secs] 309374K->290853K(468260K), 0.0925850 secs] [Times: user=0.37 sys=0.00, real=0.09 secs] 
194.949: [GC194.949: [ParNew: 148607K->16447K(148608K), 0.0945440 secs]195.043: [Tenured: 377030K->161853K(377060K), 0.3731952 secs] 423013K->161853K(525668K), [Perm : 7354K->7354K(21248K)], 0.4728222 secs] [Times: user=0.80 sys=0.02, real=0.47 secs] 
195.560: [GC195.560: [ParNew: 132160K->16446K(148608K), 0.0994699 secs] 294013K->284972K(468260K), 0.0998852 secs] [Times: user=0.38 sys=0.00, real=0.10 secs] 
195.810: [GC195.811: [ParNew: 148606K->16446K(148608K), 0.0851889 secs]195.896: [Tenured: 361813K->177347K(361892K), 0.3718741 secs] 417132K->177347K(510500K), [Perm : 7354K->7354K(21248K)], 0.4605383 secs] [Times: user=0.69 sys=0.00, real=0.46 secs] 
196.410: [GC196.411: [ParNew: 132160K->16446K(148608K), 0.0954689 secs] 309507K->295042K(468260K), 0.0959260 secs] [Times: user=0.34 sys=0.00, real=0.10 secs] 
196.651: [GC196.652: [ParNew: 148606K->16446K(148608K), 0.1154713 secs]196.767: [Tenured: 405099K->167794K(405284K), 0.3908838 secs] 427202K->167794K(553892K), [Perm : 7354K->7354K(21248K)], 0.5126729 secs] [Times: user=0.81 sys=0.02, real=0.51 secs] 
197.313: [GC197.313: [ParNew: 132160K->16446K(148608K), 0.0762739 secs] 299954K->260465K(468260K), 0.0767565 secs] [Times: user=0.31 sys=0.00, real=0.08 secs] 
197.529: [GC197.529: [ParNew: 148606K->16446K(148608K), 0.1097134 secs]197.639: [Tenured: 361530K->179517K(361700K), 0.3746140 secs] 392625K->179517K(510308K), [Perm : 7354K->7354K(21248K)], 0.4878277 secs] [Times: user=0.80 sys=0.00, real=0.49 secs] 
198.161: [GC198.161: [ParNew: 132160K->16446K(148608K), 0.0970475 secs] 311677K->292739K(468260K), 0.0974545 secs] [Times: user=0.30 sys=0.00, real=0.10 secs] 
198.399: [GC198.399: [ParNew: 148606K->16446K(148608K), 0.1160611 secs]198.515: [Tenured: 397861K->163410K(397988K), 0.3856557 secs] 424899K->163410K(546596K), [Perm : 7354K->7354K(21248K)], 0.5076367 secs] [Times: user=0.75 sys=0.01, real=0.51 secs] 
199.060: [GC199.060: [ParNew: 132160K->16446K(148608K), 0.0832919 secs] 295570K->266128K(468260K), 0.0838207 secs] [Times: user=0.30 sys=0.00, real=0.08 secs] 
199.280: [GC199.280: [ParNew: 148606K->16448K(148608K), 0.0989613 secs]199.379: [Tenured: 358690K->177828K(358820K), 0.3803138 secs] 398288K->177828K(507428K), [Perm : 7354K->7354K(21248K)], 0.4826635 secs] [Times: user=0.67 sys=0.01, real=0.48 secs] 
199.913: [GC199.913: [ParNew: 132160K->16447K(148608K), 0.0756918 secs] 309988K->269619K(468260K), 0.0761340 secs] [Times: user=0.28 sys=0.00, real=0.08 secs] 
200.133: [GC200.133: [ParNew: 148607K->16447K(148608K), 0.1125389 secs]200.246: [Tenured: 379900K->184418K(379940K), 0.3820813 secs] 401779K->184418K(528548K), [Perm : 7354K->7354K(21248K)], 0.4991462 secs] [Times: user=0.83 sys=0.00, real=0.50 secs] 
200.786: [GC200.786: [ParNew: 132160K->16447K(148608K), 0.0938884 secs] 316578K->298053K(468260K), 0.0943394 secs] [Times: user=0.34 sys=0.00, real=0.09 secs] 
201.022: [GC201.022: [ParNew: 148607K->16447K(148608K), 0.0943913 secs]201.117: [Tenured: 385234K->168813K(385316K), 0.3848530 secs] 430213K->168813K(533924K), [Perm : 7354K->7354K(21248K)], 0.4842687 secs] [Times: user=0.73 sys=0.02, real=0.48 secs] 
201.649: [GC201.649: [ParNew: 132160K->16447K(148608K), 0.1043766 secs] 300973K->295180K(468260K), 0.1047887 secs] [Times: user=0.44 sys=0.00, real=0.11 secs] 
201.903: [GC201.903: [ParNew: 148607K->16446K(148608K), 0.0910401 secs]201.994: [Tenured: 371053K->163504K(371108K), 0.3776480 secs] 427340K->163504K(519716K), [Perm : 7354K->7354K(21248K)], 0.4729556 secs] [Times: user=0.69 sys=0.03, real=0.47 secs] 
202.514: [GC202.515: [ParNew: 132160K->16446K(148608K), 0.1001421 secs] 295664K->286879K(468260K), 0.1006149 secs] [Times: user=0.44 sys=0.00, real=0.10 secs] 
202.762: [GC202.762: [ParNew: 148606K->16446K(148608K), 0.1169915 secs]202.879: [Tenured: 393632K->173915K(393764K), 0.3745030 secs] 419039K->173915K(542372K), [Perm : 7354K->7354K(21248K)], 0.4971568 secs] [Times: user=0.75 sys=0.05, real=0.50 secs] 
203.390: [GC203.391: [ParNew: 132160K->16446K(148608K), 0.0958711 secs] 306075K->284746K(468260K), 0.0963169 secs] [Times: user=0.33 sys=0.00, real=0.10 secs] 
203.630: [GC203.630: [ParNew: 148606K->16446K(148608K), 0.1152387 secs]203.745: [Tenured: 394475K->168457K(394532K), 0.3871538 secs] 416906K->168457K(543140K), [Perm : 7354K->7354K(21248K)], 0.5079612 secs] [Times: user=0.83 sys=0.00, real=0.51 secs] 
204.281: [GC204.281: [ParNew: 132160K->16446K(148608K), 0.0791581 secs] 300617K->268623K(468260K), 0.0795834 secs] [Times: user=0.28 sys=0.00, real=0.08 secs] 
204.501: [GC204.501: [ParNew: 148606K->16446K(148608K), 0.1117647 secs]204.613: [Tenured: 375033K->178584K(375140K), 0.3909624 secs] 400783K->178584K(523748K), [Perm : 7354K->7354K(21248K)], 0.5072970 secs] [Times: user=0.78 sys=0.00, real=0.51 secs] 
205.159: [GC205.159: [ParNew: 132160K->16446K(148608K), 0.0897585 secs] 310744K->287671K(468260K), 0.0901886 secs] [Times: user=0.36 sys=0.00, real=0.09 secs] 
205.388: [GC205.388: [ParNew: 148606K->16446K(148608K), 0.1194908 secs]205.508: [Tenured: 391776K->164817K(391844K), 0.3915503 secs] 419831K->164817K(540452K), [Perm : 7354K->7354K(21248K)], 0.5162942 secs] [Times: user=0.76 sys=0.03, real=0.52 secs] 
206.053: [GC206.053: [ParNew: 132160K->16446K(148608K), 0.0746295 secs] 296977K->258087K(468260K), 0.0750564 secs] [Times: user=0.28 sys=0.00, real=0.08 secs] 
206.271: [GC206.272: [ParNew: 148606K->16448K(148608K), 0.1116688 secs]206.383: [Tenured: 364489K->184081K(364772K), 0.3867061 secs] 390247K->184081K(513380K), [Perm : 7354K->7354K(21248K)], 0.5019481 secs] [Times: user=0.80 sys=0.01, real=0.50 secs] 
206.909: [GC206.909: [ParNew: 132160K->16447K(148608K), 0.0585586 secs] 316241K->257704K(468260K), 0.0591599 secs] [Times: user=0.23 sys=0.00, real=0.06 secs] 
207.105: [GC207.105: [ParNew: 148607K->16447K(148608K), 0.1027496 secs]207.208: [Tenured: 353401K->167065K(353444K), 0.3783472 secs] 389864K->167065K(502052K), [Perm : 7354K->7354K(21248K)], 0.4838899 secs] [Times: user=0.75 sys=0.00, real=0.48 secs] 
207.732: [GC207.732: [ParNew: 132160K->16447K(148608K), 0.0997044 secs] 299225K->293392K(468260K), 0.1001139 secs] [Times: user=0.38 sys=0.00, real=0.10 secs] 
207.970: [GC207.971: [ParNew: 148607K->16447K(148608K), 0.0846655 secs]208.055: [Tenured: 357937K->182473K(358052K), 0.3804360 secs] 425552K->182473K(506660K), [Perm : 7354K->7354K(21248K)], 0.4681426 secs] [Times: user=0.72 sys=0.00, real=0.47 secs] 
208.578: [GC208.578: [ParNew: 132160K->16446K(148608K), 0.0958576 secs] 314633K->300176K(468260K), 0.0962990 secs] [Times: user=0.38 sys=0.00, real=0.10 secs] 
208.823: [GC208.823: [ParNew: 148606K->16446K(148608K), 0.0968176 secs]208.920: [Tenured: 389279K->163772K(389348K), 0.3783796 secs] 432336K->163772K(537956K), [Perm : 7354K->7354K(21248K)], 0.4806683 secs] [Times: user=0.73 sys=0.03, real=0.48 secs] 
209.439: [GC209.439: [ParNew: 132160K->16446K(148608K), 0.0952694 secs] 295932K->280343K(468260K), 0.0957082 secs] [Times: user=0.38 sys=0.00, real=0.10 secs] 
209.674: [GC209.674: [ParNew: 148606K->16446K(148608K), 0.1127830 secs]209.787: [Tenured: 385096K->177158K(385124K), 0.3757317 secs] 412503K->177158K(533732K), [Perm : 7354K->7354K(21248K)], 0.4935599 secs] [Times: user=0.84 sys=0.00, real=0.49 secs] 
210.310: [GC210.310: [ParNew: 132160K->16446K(148608K), 0.0827300 secs] 309318K->279276K(468260K), 0.0831514 secs] [Times: user=0.31 sys=0.00, real=0.08 secs] 
210.534: [GC210.534: [ParNew: 148606K->16446K(148608K), 0.1152185 secs]210.649: [Tenured: 384006K->164880K(384164K), 0.3799444 secs] 411436K->164880K(532772K), [Perm : 7354K->7354K(21248K)], 0.5001238 secs] [Times: user=0.75 sys=0.05, real=0.50 secs] 
211.184: [GC211.185: [ParNew: 132160K->16446K(148608K), 0.0819740 secs] 297040K->265966K(468260K), 0.0825722 secs] [Times: user=0.31 sys=0.00, real=0.08 secs] 
211.389: [GC211.389: [ParNew: 148606K->16446K(148608K), 0.0747780 secs]211.464: [Tenured: 331208K->183841K(331364K), 0.3840971 secs] 398126K->183841K(479972K), [Perm : 7354K->7354K(21248K)], 0.4603443 secs] [Times: user=0.67 sys=0.00, real=0.46 secs] 
211.993: [GC211.993: [ParNew: 132160K->16446K(148608K), 0.0854897 secs] 316001K->285359K(468260K), 0.0859474 secs] [Times: user=0.36 sys=0.00, real=0.09 secs] 
212.215: [GC212.216: [ParNew: 148606K->16446K(148608K), 0.1073801 secs]212.323: [Tenured: 383033K->162378K(383396K), 0.3789739 secs] 417519K->162378K(532004K), [Perm : 7354K->7354K(21248K)], 0.4913075 secs] [Times: user=0.83 sys=0.00, real=0.49 secs] 
212.854: [GC212.854: [ParNew: 132160K->16448K(148608K), 0.0877729 secs] 294538K->271410K(468260K), 0.0882303 secs] [Times: user=0.36 sys=0.00, real=0.09 secs] 
213.075: [GC213.075: [ParNew: 148608K->16447K(148608K), 0.1028541 secs]213.178: [Tenured: 365834K->185113K(365924K), 0.3868905 secs] 403570K->185113K(514532K), [Perm : 7354K->7354K(21248K)], 0.4933358 secs] [Times: user=0.76 sys=0.03, real=0.49 secs] 
213.707: [GC213.707: [ParNew: 132160K->16447K(148608K), 0.1034491 secs] 317273K->306832K(468260K), 0.1039231 secs] [Times: user=0.33 sys=0.00, real=0.10 secs] 
213.952: [GC213.953: [ParNew: 148607K->16447K(148608K), 0.0727366 secs]214.025: [Tenured: 368441K->165292K(368612K), 0.3792109 secs] 438992K->165292K(517220K), [Perm : 7354K->7354K(21248K)], 0.4562365 secs] [Times: user=0.58 sys=0.01, real=0.46 secs] 
214.551: [GC214.551: [ParNew: 132160K->16447K(148608K), 0.1128035 secs] 297452K->294828K(468260K), 0.1133346 secs] [Times: user=0.39 sys=0.00, real=0.11 secs] 
214.819: [GC214.819: [ParNew: 148607K->16446K(148608K), 0.1061098 secs]214.925: [Tenured: 393025K->179437K(393188K), 0.3825916 secs] 426988K->179437K(541796K), [Perm : 7354K->7354K(21248K)], 0.4941536 secs] [Times: user=0.75 sys=0.02, real=0.49 secs] 
215.444: [GC215.444: [ParNew: 132160K->16446K(148608K), 0.0852364 secs] 311597K->283552K(468260K), 0.0857620 secs] [Times: user=0.36 sys=0.00, real=0.09 secs] 
215.664: [GC215.665: [ParNew: 148606K->16446K(148608K), 0.0980802 secs]215.763: [Tenured: 373881K->165508K(373988K), 0.3794569 secs] 415712K->165508K(522596K), [Perm : 7354K->7354K(21248K)], 0.4817777 secs] [Times: user=0.76 sys=0.01, real=0.48 secs] 
216.296: [GC216.297: [ParNew: 132160K->16446K(148608K), 0.0889712 secs] 297668K->275083K(468260K), 0.0895013 secs] [Times: user=0.34 sys=0.00, real=0.09 secs] 
216.526: [GC216.527: [ParNew: 148606K->16446K(148608K), 0.1124363 secs]216.639: [Tenured: 382140K->177924K(382244K), 0.3778953 secs] 407243K->177924K(530852K), [Perm : 7354K->7354K(21248K)], 0.4950202 secs] [Times: user=0.80 sys=0.00, real=0.50 secs] 
217.172: [GC217.173: [ParNew: 132160K->16446K(148608K), 0.0761433 secs] 310084K->273043K(468260K), 0.0765779 secs] [Times: user=0.28 sys=0.00, real=0.08 secs] 
217.388: [GC217.388: [ParNew: 148606K->16446K(148608K), 0.1093955 secs]217.498: [Tenured: 374724K->160182K(374756K), 0.3698751 secs] 405203K->160182K(523364K), [Perm : 7354K->7354K(21248K)], 0.4835006 secs] [Times: user=0.76 sys=0.03, real=0.48 secs] 
218.007: [GC218.008: [ParNew: 132160K->16446K(148608K), 0.0649223 secs] 292342K->238548K(468260K), 0.0653935 secs] [Times: user=0.22 sys=0.00, real=0.07 secs] 
218.214: [GC218.214: [ParNew: 148606K->16446K(148608K), 0.1100303 secs]218.324: [Tenured: 344806K->181547K(344996K), 0.3823921 secs] 370708K->181547K(493604K), [Perm : 7354K->7354K(21248K)], 0.4949227 secs] [Times: user=0.80 sys=0.02, real=0.49 secs] 
218.854: [GC218.854: [ParNew: 132160K->16446K(148608K), 0.0722376 secs] 313707K->261337K(468260K), 0.0727290 secs] [Times: user=0.28 sys=0.00, real=0.07 secs] 
219.057: [GC219.058: [ParNew: 148606K->16446K(148608K), 0.0958176 secs]219.153: [Tenured: 347011K->169206K(347108K), 0.3812959 secs] 393497K->169206K(495716K), [Perm : 7354K->7354K(21248K)], 0.4794390 secs] [Times: user=0.73 sys=0.00, real=0.48 secs] 
219.674: [GC219.674: [ParNew: 132160K->16448K(148608K), 0.0928884 secs] 301366K->285846K(468260K), 0.0935530 secs] [Times: user=0.37 sys=0.00, real=0.09 secs] 
219.912: [GC219.912: [ParNew: 148608K->16447K(148608K), 0.0802473 secs]219.992: [Tenured: 353342K->175002K(353444K), 0.3630543 secs] 418006K->175002K(502052K), [Perm : 7354K->7354K(21248K)], 0.4464440 secs] [Times: user=0.66 sys=0.00, real=0.45 secs] 
220.496: [GC220.496: [ParNew: 132160K->16447K(148608K), 0.1010161 secs] 307162K->295585K(468260K), 0.1014712 secs] [Times: user=0.42 sys=0.00, real=0.10 secs] 
220.736: [GC220.737: [ParNew: 148607K->16447K(148608K), 0.1105354 secs]220.847: [Tenured: 399674K->167818K(399716K), 0.3881279 secs] 427745K->167818K(548324K), [Perm : 7354K->7354K(21248K)], 0.5050545 secs] [Times: user=0.80 sys=0.00, real=0.51 secs] 
221.388: [GC221.389: [ParNew: 132160K->16447K(148608K), 0.0781103 secs] 299978K->262465K(468260K), 0.0785526 secs] [Times: user=0.30 sys=0.00, real=0.08 secs] 
221.609: [GC221.609: [ParNew: 148607K->16447K(148608K), 0.1175899 secs]221.726: [Tenured: 370778K->177649K(370916K), 0.3818632 secs] 394625K->177649K(519524K), [Perm : 7356K->7356K(21248K)], 0.5036187 secs] [Times: user=0.84 sys=0.03, real=0.50 secs] 
222.265: [GC222.265: [ParNew: 132160K->16446K(148608K), 0.0740458 secs] 309809K->269576K(468260K), 0.0744490 secs] [Times: user=0.23 sys=0.00, real=0.07 secs] 
222.481: [GC222.481: [ParNew: 148606K->16446K(148608K), 0.1132416 secs]222.594: [Tenured: 377553K->163452K(377636K), 0.3789033 secs] 401736K->163452K(526244K), [Perm : 7358K->7358K(21248K)], 0.4971129 secs] [Times: user=0.81 sys=0.05, real=0.50 secs] 
223.126: [GC223.127: [ParNew: 132160K->16446K(148608K), 0.0877871 secs] 295612K->271179K(468260K), 0.0882810 secs] [Times: user=0.31 sys=0.00, real=0.09 secs] 
223.357: [GC223.357: [ParNew: 148606K->16446K(148608K), 0.1175521 secs]223.474: [Tenured: 378916K->179257K(379172K), 0.3841990 secs] 403339K->179257K(527780K), [Perm : 7358K->7358K(21248K)], 0.5065764 secs] [Times: user=0.81 sys=0.02, real=0.51 secs] 
224.009: [GC224.010: [ParNew: 132160K->16446K(148608K), 0.0842178 secs] 311417K->283959K(468260K), 0.0847745 secs] [Times: user=0.37 sys=0.00, real=0.08 secs] 
224.234: [GC224.234: [ParNew: 148606K->16446K(148608K), 0.1100668 secs]224.344: [Tenured: 386169K->188642K(386276K), 0.3895223 secs] 416119K->188642K(534884K), [Perm : 7358K->7358K(21248K)], 0.5045308 secs] [Times: user=0.81 sys=0.02, real=0.51 secs] 
224.894: [GC224.894: [ParNew: 132160K->16446K(148608K), 0.0901495 secs] 320802K->297040K(468260K), 0.0905725 secs] [Times: user=0.34 sys=0.00, real=0.09 secs] 
225.123: [GC225.123: [ParNew: 148606K->16446K(148608K), 0.1079263 secs]225.231: [Tenured: 399194K->164904K(399524K), 0.3800589 secs] 429200K->164904K(548132K), [Perm : 7358K->7358K(21248K)], 0.4937556 secs] [Times: user=0.80 sys=0.00, real=0.49 secs] 
225.757: [GC225.757: [ParNew: 132160K->16446K(148608K), 0.0998849 secs] 297064K->288398K(468260K), 0.1003487 secs] [Times: user=0.42 sys=0.00, real=0.10 secs] 
225.995: [GC225.995: [ParNew: 148606K->16448K(148608K), 0.0822479 secs]226.077: [Tenured: 362264K->162780K(362276K), 0.3814014 secs] 420558K->162780K(510884K), [Perm : 7358K->7358K(21248K)], 0.4672600 secs] [Times: user=0.66 sys=0.03, real=0.47 secs] 
226.602: [GC226.602: [ParNew: 132160K->16447K(148608K), 0.1061919 secs] 294940K->288772K(468260K), 0.1066002 secs] [Times: user=0.38 sys=0.02, real=0.11 secs] 
226.870: [GC226.870: [ParNew: 148607K->16447K(148608K), 0.1071159 secs]226.977: [Tenured: 382484K->188501K(382628K), 0.3998996 secs] 420932K->188501K(531236K), [Perm : 7360K->7360K(21248K)], 0.5118317 secs] [Times: user=0.78 sys=0.02, real=0.51 secs] 
227.509: [GC227.509: [ParNew: 132160K->16447K(148608K), 0.0784198 secs] 320661K->285532K(468260K), 0.0788640 secs] [Times: user=0.30 sys=0.00, real=0.08 secs] 
227.728: [GC227.728: [ParNew: 148607K->16447K(148608K), 0.1125995 secs]227.841: [Tenured: 389877K->162843K(389924K), 0.3759286 secs] 417692K->162843K(538532K), [Perm : 7360K->7360K(21248K)], 0.4939669 secs] [Times: user=0.80 sys=0.01, real=0.49 secs] 
228.368: [GC228.368: [ParNew: 132160K->16447K(148608K), 0.0821706 secs] 295003K->262970K(468260K), 0.0825709 secs] [Times: user=0.31 sys=0.00, real=0.08 secs] 
228.591: [GC228.592: [ParNew: 148607K->16446K(148608K), 0.1183760 secs]228.710: [Tenured: 365995K->186179K(366116K), 0.3878995 secs] 395130K->186179K(514724K), [Perm : 7360K->7360K(21248K)], 0.5099952 secs] [Times: user=0.86 sys=0.02, real=0.51 secs] 
229.253: [GC229.254: [ParNew: 132160K->16446K(148608K), 0.0879718 secs] 318339K->290913K(468260K), 0.0884346 secs] [Times: user=0.22 sys=0.00, real=0.09 secs] 
229.480: [GC229.480: [ParNew: 148606K->16446K(148608K), 0.1109642 secs]229.591: [Tenured: 396051K->161049K(396068K), 0.3766333 secs] 423073K->161049K(544676K), [Perm : 7360K->7360K(21248K)], 0.4932521 secs] [Times: user=0.72 sys=0.02, real=0.49 secs] 
230.126: [GC230.126: [ParNew: 132160K->16446K(148608K), 0.0859897 secs] 293209K->265711K(468260K), 0.0863987 secs] [Times: user=0.37 sys=0.00, real=0.09 secs] 
230.355: [GC230.355: [ParNew: 148606K->16446K(148608K), 0.1136268 secs]230.469: [Tenured: 374105K->184177K(374180K), 0.3899143 secs] 397871K->184177K(522788K), [Perm : 7360K->7360K(21248K)], 0.5083519 secs] [Times: user=0.81 sys=0.02, real=0.51 secs] 
231.012: [GC231.012: [ParNew: 132160K->16446K(148608K), 0.0852947 secs] 316337K->283672K(468260K), 0.0857091 secs] [Times: user=0.34 sys=0.00, real=0.09 secs] 
231.239: [GC231.239: [ParNew: 148606K->16446K(148608K), 0.1147689 secs]231.354: [Tenured: 391017K->184008K(391076K), 0.3871195 secs] 415832K->184008K(539684K), [Perm : 7360K->7360K(21248K)], 0.5075382 secs] [Times: user=0.80 sys=0.02, real=0.51 secs] 
231.902: [GC231.902: [ParNew: 132159K->16446K(148608K), 0.0921232 secs] 316168K->297916K(468260K), 0.0925651 secs] [Times: user=0.34 sys=0.00, real=0.09 secs] 
232.133: [GC232.133: [ParNew: 148606K->16446K(148608K), 0.1064943 secs]232.240: [Tenured: 397910K->169098K(397988K), 0.3883078 secs] 430076K->169098K(546596K), [Perm : 7360K->7360K(21248K)], 0.5005045 secs] [Times: user=0.81 sys=0.00, real=0.50 secs] 
232.773: [GC232.773: [ParNew: 132160K->16446K(148608K), 0.1013189 secs] 301258K->292608K(468260K), 0.1017425 secs] [Times: user=0.44 sys=0.00, real=0.10 secs] 
233.019: [GC233.019: [ParNew: 148606K->16448K(148608K), 0.0901755 secs]233.110: [Tenured: 374842K->167273K(374948K), 0.3865550 secs] 424768K->167273K(523556K), [Perm : 7360K->7360K(21248K)], 0.4809252 secs] [Times: user=0.76 sys=0.00, real=0.48 secs] 
233.643: [GC233.644: [ParNew: 132160K->16447K(148608K), 0.1063712 secs] 299433K->295928K(468260K), 0.1067980 secs] [Times: user=0.42 sys=0.00, real=0.11 secs] 
233.907: [GC233.907: [ParNew: 148607K->16447K(148608K), 0.1070197 secs]234.014: [Tenured: 394977K->180063K(395108K), 0.3859652 secs] 428088K->180063K(543716K), [Perm : 7360K->7360K(21248K)], 0.4985962 secs] [Times: user=0.78 sys=0.02, real=0.50 secs] 
234.527: [GC234.528: [ParNew: 132160K->16447K(148608K), 0.0739143 secs] 312223K->271142K(468260K), 0.0743367 secs] [Times: user=0.25 sys=0.00, real=0.07 secs] 
234.736: [GC234.736: [ParNew: 148607K->16447K(148608K), 0.1262022 secs]234.863: [Tenured: 365599K->186996K(365732K), 0.3943873 secs] 403302K->186996K(514340K), [Perm : 7360K->7360K(21248K)], 0.5244873 secs] [Times: user=0.78 sys=0.02, real=0.53 secs] 
235.388: [GC235.388: [ParNew: 132160K->16446K(148608K), 0.0396278 secs] 319156K->228595K(468260K), 0.0400444 secs] [Times: user=0.09 sys=0.00, real=0.04 secs] 
235.548: [GC235.548: [ParNew: 148606K->16446K(148608K), 0.0928435 secs] 360755K->306899K(468260K), 0.0934776 secs] [Times: user=0.28 sys=0.00, real=0.09 secs] 
235.767: [GC235.767: [ParNew: 148606K->16446K(148608K), 0.1002339 secs]235.868: [Tenured: 393852K->179837K(393956K), 0.3779694 secs] 439059K->179837K(542564K), [Perm : 7360K->7360K(21248K)], 0.4837408 secs] [Times: user=0.76 sys=0.03, real=0.48 secs] 
236.380: [GC236.380: [ParNew: 132160K->16446K(148608K), 0.0294308 secs] 311997K->219332K(468260K), 0.0298831 secs] [Times: user=0.12 sys=0.00, real=0.03 secs] 
236.528: [GC236.529: [ParNew: 148606K->16446K(148608K), 0.0724753 secs] 351492K->299691K(468260K), 0.0728941 secs] [Times: user=0.28 sys=0.00, real=0.07 secs] 
236.730: [GC236.731: [ParNew: 148606K->16446K(148608K), 0.1038394 secs]236.834: [Tenured: 393877K->172101K(394148K), 0.3924954 secs] 431851K->172101K(542756K), [Perm : 7360K->7360K(21248K)], 0.5022498 secs] [Times: user=0.78 sys=0.00, real=0.50 secs] 
237.361: [GC237.361: [ParNew: 132160K->16446K(148608K), 0.0221034 secs] 304261K->203043K(468260K), 0.0225812 secs] [Times: user=0.13 sys=0.00, real=0.02 secs] 
237.506: [GC237.506: [ParNew: 148606K->16446K(148608K), 0.0938182 secs] 335203K->288139K(468260K), 0.0942941 secs] [Times: user=0.28 sys=0.00, real=0.10 secs] 
237.728: [GC237.728: [ParNew: 148606K->16446K(148608K), 0.0960443 secs]237.824: [Tenured: 378117K->184452K(378212K), 0.3845884 secs] 420299K->184452K(526820K), [Perm : 7360K->7360K(21248K)], 0.4856802 secs] [Times: user=0.72 sys=0.05, real=0.49 secs] 
238.358: [GC238.358: [ParNew: 132160K->16446K(148608K), 0.0839968 secs] 316612K->289819K(468260K), 0.0847457 secs] [Times: user=0.36 sys=0.00, real=0.09 secs] 
238.581: [GC238.582: [ParNew: 148606K->16448K(148608K), 0.1106403 secs]238.692: [Tenured: 394732K->160745K(394916K), 0.3761426 secs] 421979K->160745K(543524K), [Perm : 7360K->7360K(21248K)], 0.4925208 secs] [Times: user=0.86 sys=0.01, real=0.49 secs] 
239.215: [GC239.215: [ParNew: 132160K->16447K(148608K), 0.0836854 secs] 292905K->264968K(468260K), 0.0841456 secs] [Times: user=0.30 sys=0.00, real=0.08 secs] 
239.438: [GC239.438: [ParNew: 148607K->16447K(148608K), 0.1130469 secs]239.551: [Tenured: 367353K->175474K(367460K), 0.3778366 secs] 397128K->175474K(516068K), [Perm : 7360K->7360K(21248K)], 0.4949618 secs] [Times: user=0.86 sys=0.00, real=0.50 secs] 
240.075: [GC240.075: [ParNew: 132159K->16447K(148608K), 0.0828149 secs] 307634K->273946K(468260K), 0.0832514 secs] [Times: user=0.36 sys=0.00, real=0.08 secs] 
240.299: [GC240.300: [ParNew: 148607K->16447K(148608K), 0.1107333 secs]240.410: [Tenured: 381586K->170796K(381668K), 0.3953376 secs] 406106K->170796K(530276K), [Perm : 7360K->7360K(21248K)], 0.5107829 secs] [Times: user=0.83 sys=0.00, real=0.51 secs] 
240.956: [GC240.957: [ParNew: 132160K->16446K(148608K), 0.0830391 secs] 302956K->274515K(468260K), 0.0834692 secs] [Times: user=0.31 sys=0.00, real=0.08 secs] 
241.187: [GC241.187: [ParNew: 148606K->16446K(148608K), 0.1038760 secs]241.291: [Tenured: 370268K->176791K(370340K), 0.3730704 secs] 406675K->176791K(518948K), [Perm : 7360K->7360K(21248K)], 0.4810949 secs] [Times: user=0.75 sys=0.05, real=0.48 secs] 
241.810: [GC241.810: [ParNew: 132160K->16446K(148608K), 0.1074385 secs] 308951K->304838K(468260K), 0.1078686 secs] [Times: user=0.42 sys=0.00, real=0.11 secs] 
242.072: [GC242.073: [ParNew: 148606K->16446K(148608K), 0.0978544 secs]242.170: [Tenured: 392567K->186448K(392612K), 0.3897824 secs] 436998K->186448K(541220K), [Perm : 7360K->7360K(21248K)], 0.4928945 secs] [Times: user=0.81 sys=0.01, real=0.49 secs] 
242.682: [GC242.683: [ParNew: 132160K->16446K(148608K), 0.0238221 secs] 318608K->220078K(468260K), 0.0242964 secs] [Times: user=0.13 sys=0.00, real=0.02 secs] 
242.827: [GC242.827: [ParNew: 148606K->16446K(148608K), 0.0203295 secs] 352238K->238430K(468260K), 0.0207509 secs] [Times: user=0.06 sys=0.00, real=0.02 secs] 
242.987: [GC242.987: [ParNew: 148606K->16446K(148608K), 0.0368802 secs] 370590K->274276K(468260K), 0.0373430 secs] [Times: user=0.12 sys=0.00, real=0.04 secs] 
243.139: [GC243.139: [ParNew: 148606K->16446K(148608K), 0.0322416 secs] 406436K->305656K(468260K), 0.0326550 secs] [Times: user=0.13 sys=0.00, real=0.03 secs] 
243.289: [GC243.289: [ParNew: 148606K->16446K(148608K), 0.0535746 secs]243.343: [Tenured: 324850K->167397K(325028K), 0.3926176 secs] 437816K->167397K(473636K), [Perm : 7360K->7360K(21248K)], 0.4469700 secs] [Times: user=0.56 sys=0.00, real=0.45 secs] 
243.877: [GC243.877: [ParNew: 132160K->16446K(148608K), 0.1009558 secs] 299557K->295331K(468260K), 0.1014260 secs] [Times: user=0.37 sys=0.00, real=0.10 secs] 
244.114: [GC244.114: [ParNew: 148606K->16448K(148608K), 0.0510076 secs]244.165: [Tenured: 326989K->166201K(327140K), 0.3967289 secs] 427491K->166201K(475748K), [Perm : 7360K->7360K(21248K)], 0.4512333 secs] [Times: user=0.56 sys=0.00, real=0.45 secs] 
244.681: [GC244.681: [ParNew: 132160K->16447K(148608K), 0.0572613 secs] 298361K->223176K(468260K), 0.0576862 secs] [Times: user=0.17 sys=0.00, real=0.06 secs] 
244.870: [GC244.870: [ParNew: 148607K->16447K(148608K), 0.0802527 secs] 355336K->310968K(468260K), 0.0806520 secs] [Times: user=0.22 sys=0.00, real=0.08 secs] 
245.090: [GC245.090: [ParNew: 148607K->16447K(148608K), 0.0723194 secs]245.162: [Tenured: 370297K->177929K(370340K), 0.3907699 secs] 443128K->177929K(518948K), [Perm : 7360K->7360K(21248K)], 0.4670101 secs] [Times: user=0.62 sys=0.02, real=0.47 secs] 
245.672: [GC245.672: [ParNew: 132160K->16447K(148608K), 0.0224654 secs] 310089K->209568K(468260K), 0.0229558 secs] [Times: user=0.06 sys=0.00, real=0.02 secs] 
245.810: [GC245.810: [ParNew: 148607K->16447K(148608K), 0.0353670 secs] 341728K->241480K(468260K), 0.0357634 secs] [Times: user=0.11 sys=0.00, real=0.04 secs] 
245.963: [GC245.963: [ParNew: 148607K->16446K(148608K), 0.0274029 secs] 373640K->266008K(468260K), 0.0278689 secs] [Times: user=0.06 sys=0.00, real=0.03 secs] 
246.144: [GC246.144: [ParNew: 148606K->16446K(148608K), 0.0222801 secs] 398168K->286152K(468260K), 0.0226492 secs] [Times: user=0.12 sys=0.00, real=0.02 secs] 
246.274: [GC246.274: [ParNew: 148606K->16448K(148608K), 0.0270254 secs] 418312K->302385K(468260K), 0.0273885 secs] [Times: user=0.05 sys=0.00, real=0.03 secs] 
246.410: [GC246.410: [ParNew: 148608K->16448K(148608K), 0.0424418 secs]246.452: [Tenured: 327241K->177554K(327332K), 0.3804745 secs] 434545K->177554K(475940K), [Perm : 7360K->7360K(21248K)], 0.4239388 secs] [Times: user=0.53 sys=0.02, real=0.42 secs] 
246.961: [GC246.962: [ParNew: 132160K->16448K(148608K), 0.0878085 secs] 309714K->285130K(468260K), 0.0882755 secs] [Times: user=0.28 sys=0.00, real=0.09 secs] 
247.179: [GC247.180: [ParNew: 148608K->16448K(148608K), 0.0714454 secs]247.251: [Tenured: 330850K->179544K(330980K), 0.3769363 secs] 417290K->179544K(479588K), [Perm : 7360K->7360K(21248K)], 0.4496807 secs] [Times: user=0.56 sys=0.00, real=0.45 secs] 
247.770: [GC247.770: [ParNew: 132160K->16448K(148608K), 0.1032502 secs] 311704K->306312K(468260K), 0.1036563 secs] [Times: user=0.37 sys=0.02, real=0.10 secs] 
248.019: [GC248.019: [ParNew: 148608K->16448K(148608K), 0.0865414 secs]248.106: [Tenured: 379525K->160141K(379556K), 0.3707715 secs] 438472K->160141K(528164K), [Perm : 7360K->7360K(21248K)], 0.4620300 secs] [Times: user=0.70 sys=0.02, real=0.46 secs] 
248.603: [GC248.603: [ParNew: 132160K->16446K(148608K), 0.0432539 secs] 292301K->215828K(468260K), 0.0437112 secs] [Times: user=0.19 sys=0.00, real=0.04 secs] 
248.789: [GC248.789: [ParNew: 148606K->16446K(148608K), 0.1101011 secs]248.899: [Tenured: 321405K->184330K(321572K), 0.3920490 secs] 347988K->184330K(470180K), [Perm : 7360K->7360K(21248K)], 0.5026812 secs] [Times: user=0.78 sys=0.00, real=0.50 secs] 
249.427: [GC249.427: [ParNew: 132160K->16446K(148608K), 0.0510146 secs] 316490K->242729K(468260K), 0.0514463 secs] [Times: user=0.17 sys=0.00, real=0.05 secs] 
249.613: [GC249.614: [ParNew: 148606K->16446K(148608K), 0.1013131 secs]249.715: [Tenured: 337298K->160350K(337508K), 0.3622471 secs] 374889K->160350K(486116K), [Perm : 7360K->7360K(21248K)], 0.4653090 secs] [Times: user=0.73 sys=0.02, real=0.47 secs] 
250.225: [GC250.225: [ParNew: 132160K->16446K(148608K), 0.0833018 secs] 292510K->259796K(468260K), 0.0837258 secs] [Times: user=0.28 sys=0.00, real=0.08 secs] 
250.452: [GC250.452: [ParNew: 148606K->16446K(148608K), 0.1173924 secs]250.570: [Tenured: 368254K->187726K(368420K), 0.3887850 secs] 391956K->187726K(517028K), [Perm : 7360K->7360K(21248K)], 0.5103429 secs] [Times: user=0.84 sys=0.02, real=0.51 secs] 
251.113: [GC251.114: [ParNew: 132160K->16446K(148608K), 0.0977274 secs] 319886K->290380K(468260K), 0.0981280 secs] [Times: user=0.36 sys=0.00, real=0.10 secs] 
251.352: [GC251.352: [ParNew: 148606K->16448K(148608K), 0.1139632 secs]251.466: [Tenured: 398950K->164642K(399140K), 0.3823376 secs] 422540K->164642K(547748K), [Perm : 7360K->7360K(21248K)], 0.5022001 secs] [Times: user=0.80 sys=0.02, real=0.50 secs] 
252.012: [GC252.012: [ParNew: 132160K->16447K(148608K), 0.0904327 secs] 296802K->276737K(468260K), 0.0908624 secs] [Times: user=0.36 sys=0.00, real=0.09 secs] 
252.233: [GC252.233: [ParNew: 148607K->16447K(148608K), 0.0862701 secs]252.319: [Tenured: 354493K->176917K(354596K), 0.3726535 secs] 408897K->176917K(503204K), [Perm : 7360K->7360K(21248K)], 0.4617952 secs] [Times: user=0.69 sys=0.00, real=0.46 secs] 
252.835: [GC252.835: [ParNew: 132160K->16447K(148608K), 0.0992374 secs] 309077K->298996K(468260K), 0.0996835 secs] [Times: user=0.41 sys=0.00, real=0.10 secs] 
253.084: [GC253.084: [ParNew: 148607K->16447K(148608K), 0.0970905 secs]253.181: [Tenured: 386333K->166343K(386468K), 0.3974829 secs] 431156K->166343K(535076K), [Perm : 7360K->7360K(21248K)], 0.5001754 secs] [Times: user=0.75 sys=0.01, real=0.50 secs] 
253.718: [GC253.718: [ParNew: 132160K->16446K(148608K), 0.0928746 secs] 298503K->278126K(468260K), 0.0932967 secs] [Times: user=0.36 sys=0.00, real=0.09 secs] 
253.946: [GC253.946: [ParNew: 148606K->16446K(148608K), 0.0989693 secs]254.045: [Tenured: 370695K->182482K(370724K), 0.3994637 secs] 410286K->182482K(519332K), [Perm : 7360K->7360K(21248K)], 0.5026222 secs] [Times: user=0.81 sys=0.03, real=0.50 secs] 
254.591: [GC254.591: [ParNew: 132160K->16446K(148608K), 0.0601535 secs] 314642K->257984K(468260K), 0.0606183 secs] [Times: user=0.25 sys=0.00, real=0.06 secs] 
254.789: [GC254.790: [ParNew: 148606K->16446K(148608K), 0.1042765 secs]254.894: [Tenured: 355626K->167238K(355940K), 0.3872449 secs] 390144K->167238K(504548K), [Perm : 7360K->7360K(21248K)], 0.4945888 secs] [Times: user=0.73 sys=0.03, real=0.49 secs] 
255.428: [GC255.429: [ParNew: 132160K->16446K(148608K), 0.0842627 secs] 299398K->265596K(468260K), 0.0847088 secs] [Times: user=0.34 sys=0.00, real=0.08 secs] 
255.648: [GC255.648: [ParNew: 148606K->16446K(148608K), 0.1076326 secs]255.755: [Tenured: 361278K->183816K(361316K), 0.3944800 secs] 397756K->183816K(509924K), [Perm : 7360K->7360K(21248K)], 0.5055276 secs] [Times: user=0.73 sys=0.02, real=0.50 secs] 
256.298: [GC256.298: [ParNew: 132160K->16446K(148608K), 0.0639560 secs] 315976K->251583K(468260K), 0.0643636 secs] [Times: user=0.20 sys=0.00, real=0.06 secs] 
256.504: [GC256.504: [ParNew: 148606K->16446K(148608K), 0.1190938 secs]256.623: [Tenured: 349808K->168444K(349988K), 0.4099663 secs] 383743K->168444K(498596K), [Perm : 7360K->7360K(21248K)], 0.5323128 secs] [Times: user=0.80 sys=0.00, real=0.53 secs] 
257.180: [GC257.180: [ParNew: 132160K->16446K(148608K), 0.0898740 secs] 300604K->274339K(468260K), 0.0903156 secs] [Times: user=0.25 sys=0.00, real=0.09 secs] 
257.406: [GC257.406: [ParNew: 148606K->16446K(148608K), 0.1168022 secs]257.523: [Tenured: 374756K->182542K(374948K), 0.3910246 secs] 406499K->182542K(523556K), [Perm : 7360K->7360K(21248K)], 0.5121075 secs] [Times: user=0.84 sys=0.00, real=0.51 secs] 
258.076: [GC258.076: [ParNew: 132160K->16448K(148608K), 0.0400662 secs] 314702K->235082K(468260K), 0.0406486 secs] [Times: user=0.19 sys=0.00, real=0.04 secs] 
258.254: [GC258.255: [ParNew: 148608K->16447K(148608K), 0.1165749 secs]258.371: [Tenured: 332042K->169072K(332132K), 0.3918614 secs] 367242K->169072K(480740K), [Perm : 7360K->7360K(21248K)], 0.5096816 secs] [Times: user=0.80 sys=0.00, real=0.51 secs] 
258.902: [GC258.902: [ParNew: 132160K->16447K(148608K), 0.1028173 secs] 301232K->292607K(468260K), 0.1032265 secs] [Times: user=0.41 sys=0.00, real=0.10 secs] 
259.143: [GC259.143: [ParNew: 148607K->16447K(148608K), 0.0438764 secs] 424767K->332607K(468260K), 0.0443283 secs] [Times: user=0.13 sys=0.00, real=0.05 secs] 
259.322: [GC259.322: [ParNew: 148607K->16447K(148608K), 0.0827004 secs]259.405: [Tenured: 402072K->185843K(402212K), 0.3879986 secs] 464767K->185843K(550820K), [Perm : 7360K->7360K(21248K)], 0.4775089 secs] [Times: user=0.65 sys=0.06, real=0.48 secs] 
259.939: [GC259.939: [ParNew: 132160K->16446K(148608K), 0.0976412 secs] 318003K->309290K(468260K), 0.0981104 secs] [Times: user=0.38 sys=0.00, real=0.10 secs] 
260.187: [GC260.187: [ParNew: 148606K->16446K(148608K), 0.0846633 secs]260.272: [Tenured: 385875K->168153K(385892K), 0.3993960 secs] 441450K->168153K(534500K), [Perm : 7360K->7360K(21248K)], 0.4893810 secs] [Times: user=0.64 sys=0.05, real=0.49 secs] 
260.817: [GC260.817: [ParNew: 132160K->16446K(148608K), 0.0844962 secs] 300313K->270544K(468260K), 0.0850167 secs] [Times: user=0.26 sys=0.00, real=0.09 secs] 
261.026: [GC261.026: [ParNew: 148606K->16446K(148608K), 0.0630047 secs]261.089: [Tenured: 322337K->179804K(322340K), 0.3845345 secs] 402704K->179804K(470948K), [Perm : 7360K->7360K(21248K)], 0.4482076 secs] [Times: user=0.58 sys=0.00, real=0.45 secs] 
261.639: [GC261.639: [ParNew: 132160K->16446K(148608K), 0.0231864 secs] 311964K->211874K(468260K), 0.0236258 secs] [Times: user=0.06 sys=0.00, real=0.02 secs] 
261.800: [GC261.800: [ParNew: 148606K->16446K(148608K), 0.1119706 secs] 344034K->328986K(468260K), 0.1123612 secs] [Times: user=0.39 sys=0.00, real=0.11 secs] 
262.037: [GC262.037: [ParNew: 148606K->16446K(148608K), 0.0625185 secs]262.100: [Tenured: 372556K->161874K(372644K), 0.3839957 secs] 461146K->161874K(521252K), [Perm : 7360K->7360K(21248K)], 0.4508734 secs] [Times: user=0.58 sys=0.00, real=0.45 secs] 
262.631: [GC262.632: [ParNew: 132160K->16446K(148608K), 0.0188628 secs] 294034K->188648K(468260K), 0.0192945 secs] [Times: user=0.06 sys=0.00, real=0.02 secs] 
262.792: [GC262.792: [ParNew: 148606K->16446K(148608K), 0.0927595 secs] 320808K->288344K(468260K), 0.0931816 secs] [Times: user=0.37 sys=0.00, real=0.09 secs] 
263.019: [GC263.019: [ParNew: 148606K->16446K(148608K), 0.0788800 secs]263.098: [Tenured: 355914K->177259K(355940K), 0.3798613 secs] 420504K->177259K(504548K), [Perm : 7360K->7360K(21248K)], 0.4619312 secs] [Times: user=0.67 sys=0.01, real=0.46 secs] 
263.618: [GC263.618: [ParNew: 132160K->16448K(148608K), 0.0880857 secs] 309419K->265643K(468260K), 0.0885561 secs] [Times: user=0.33 sys=0.00, real=0.09 secs] 
263.842: [GC263.842: [ParNew: 148608K->16447K(148608K), 0.1071210 secs]263.950: [Tenured: 362539K->181982K(362660K), 0.3764072 secs] 397803K->181982K(511268K), [Perm : 7360K->7360K(21248K)], 0.4875003 secs] [Times: user=0.81 sys=0.00, real=0.49 secs] 
264.480: [GC264.480: [ParNew: 132160K->16447K(148608K), 0.0791870 secs] 314142K->279245K(468260K), 0.0796562 secs] [Times: user=0.31 sys=0.00, real=0.08 secs] 
264.699: [GC264.699: [ParNew: 148607K->16447K(148608K), 0.1145553 secs]264.813: [Tenured: 384262K->164228K(384356K), 0.3768972 secs] 411405K->164228K(532964K), [Perm : 7360K->7360K(21248K)], 0.4965333 secs] [Times: user=0.78 sys=0.03, real=0.50 secs] 
265.345: [GC265.345: [ParNew: 132160K->16447K(148608K), 0.0903749 secs] 296388K->275475K(468260K), 0.0908438 secs] [Times: user=0.36 sys=0.00, real=0.09 secs] 
265.557: [GC265.557: [ParNew: 148607K->16446K(148608K), 0.0438677 secs] 407635K->307115K(468260K), 0.0443228 secs] [Times: user=0.16 sys=0.00, real=0.04 secs] 
265.739: [GC265.740: [ParNew: 148606K->16446K(148608K), 0.1094161 secs]265.849: [Tenured: 400892K->168887K(401060K), 0.4089246 secs] 439275K->168887K(549668K), [Perm : 7360K->7360K(21248K)], 0.5244398 secs] [Times: user=0.76 sys=0.03, real=0.52 secs] 
266.414: [GC266.415: [ParNew: 132160K->16446K(148608K), 0.0306111 secs] 301047K->207574K(468260K), 0.0310755 secs] [Times: user=0.13 sys=0.00, real=0.03 secs] 
266.581: [GC266.581: [ParNew: 148606K->16446K(148608K), 0.0772460 secs] 339734K->293198K(468260K), 0.0776937 secs] [Times: user=0.25 sys=0.00, real=0.08 secs] 
266.793: [GC266.793: [ParNew: 148606K->16446K(148608K), 0.1058426 secs]266.899: [Tenured: 391295K->181334K(391460K), 0.3969852 secs] 425358K->181334K(540068K), [Perm : 7360K->7360K(21248K)], 0.5082810 secs] [Times: user=0.80 sys=0.02, real=0.51 secs] 
267.446: [GC267.446: [ParNew: 132160K->16446K(148608K), 0.1023817 secs] 313494K->288077K(468260K), 0.1028032 secs] [Times: user=0.31 sys=0.00, real=0.10 secs] 
267.664: [GC267.664: [ParNew: 148606K->16446K(148608K), 0.0422497 secs] 420237K->330053K(468260K), 0.0427122 secs] [Times: user=0.19 sys=0.00, real=0.04 secs] 
267.834: [GC267.834: [ParNew: 148606K->16446K(148608K), 0.0655278 secs]267.900: [Tenured: 380798K->187097K(380900K), 0.4014701 secs] 462213K->187097K(529508K), [Perm : 7360K->7360K(21248K)], 0.4717093 secs] [Times: user=0.58 sys=0.02, real=0.47 secs] 
268.453: [GC268.453: [ParNew: 132160K->16446K(148608K), 0.0951293 secs] 319257K->296655K(468260K), 0.0955449 secs] [Times: user=0.34 sys=0.00, real=0.10 secs] 
268.660: [GC268.660: [ParNew: 148606K->16446K(148608K), 0.0353269 secs] 428815K->329303K(468260K), 0.0358686 secs] [Times: user=0.12 sys=0.00, real=0.04 secs] 
268.823: [GC268.823: [ParNew: 148606K->16446K(148608K), 0.0559508 secs]268.879: [Tenured: 370897K->186379K(370916K), 0.4025561 secs] 461463K->186379K(519524K), [Perm : 7360K->7360K(21248K)], 0.4625076 secs] [Times: user=0.62 sys=0.03, real=0.46 secs] 
269.416: [GC269.416: [ParNew: 132160K->16448K(148608K), 0.0322432 secs] 318539K->227939K(468260K), 0.0327378 secs] [Times: user=0.13 sys=0.00, real=0.03 secs] 
269.567: [GC269.567: [ParNew: 148608K->16447K(148608K), 0.0388007 secs] 360099K->267394K(468260K), 0.0392375 secs] [Times: user=0.12 sys=0.00, real=0.04 secs] 
269.729: [GC269.729: [ParNew: 148607K->16447K(148608K), 0.0764945 secs] 399554K->330210K(468260K), 0.0770051 secs] [Times: user=0.19 sys=0.00, real=0.08 secs] 
269.930: [GC269.931: [ParNew: 148607K->16447K(148608K), 0.0475438 secs]269.978: [Tenured: 355939K->165462K(355940K), 0.4019060 secs] 462370K->165462K(504548K), [Perm : 7360K->7360K(21248K)], 0.4528334 secs] [Times: user=0.55 sys=0.03, real=0.45 secs] 
270.542: [GC270.542: [ParNew: 132160K->16447K(148608K), 0.0125677 secs] 297622K->182909K(468260K), 0.0129744 secs] [Times: user=0.05 sys=0.00, real=0.01 secs] 
270.682: [GC270.682: [ParNew: 148607K->16448K(148608K), 0.0636981 secs] 315069K->249502K(468260K), 0.0641221 secs] [Times: user=0.22 sys=0.00, real=0.07 secs] 
270.882: [GC270.882: [ParNew: 148608K->16448K(148608K), 0.1069398 secs]270.989: [Tenured: 347454K->182568K(347492K), 0.3830271 secs] 381662K->182568K(496100K), [Perm : 7360K->7360K(21248K)], 0.4924509 secs] [Times: user=0.75 sys=0.02, real=0.49 secs] 
271.521: [GC271.521: [ParNew: 132160K->16448K(148608K), 0.0279805 secs] 314728K->220088K(468260K), 0.0284260 secs] [Times: user=0.13 sys=0.00, real=0.03 secs] 
271.669: [GC271.670: [ParNew: 148608K->16448K(148608K), 0.0773961 secs] 352248K->305304K(468260K), 0.0781013 secs] [Times: user=0.26 sys=0.02, real=0.08 secs] 
271.882: [GC271.882: [ParNew: 148608K->16447K(148608K), 0.1051835 secs]271.987: [Tenured: 401248K->183699K(401252K), 0.3919569 secs] 437464K->183699K(549860K), [Perm : 7360K->7360K(21248K)], 0.5033304 secs] [Times: user=0.76 sys=0.03, real=0.50 secs] 
272.536: [GC272.536: [ParNew: 132160K->16447K(148608K), 0.0808942 secs] 315859K->281146K(468260K), 0.0813547 secs] [Times: user=0.30 sys=0.00, real=0.08 secs] 
272.747: [GC272.747: [ParNew: 148607K->16446K(148608K), 0.0830661 secs]272.830: [Tenured: 356083K->168128K(356132K), 0.3822192 secs] 413306K->168128K(504740K), [Perm : 7360K->7360K(21248K)], 0.4682337 secs] [Times: user=0.69 sys=0.02, real=0.47 secs] 
273.362: [GC273.362: [ParNew: 132160K->16446K(148608K), 0.0759220 secs] 300288K->264718K(468260K), 0.0763704 secs] [Times: user=0.31 sys=0.00, real=0.08 secs] 
273.576: [GC273.576: [ParNew: 148606K->16446K(148608K), 0.1063147 secs]273.682: [Tenured: 359112K->163415K(359204K), 0.3696156 secs] 396878K->163415K(507812K), [Perm : 7360K->7360K(21248K)], 0.4789858 secs] [Times: user=0.75 sys=0.01, real=0.48 secs] 
274.208: [GC274.209: [ParNew: 132160K->16446K(148608K), 0.0936979 secs] 295575K->275886K(468260K), 0.0941107 secs] [Times: user=0.36 sys=0.00, real=0.09 secs] 
274.446: [GC274.446: [ParNew: 148606K->16446K(148608K), 0.1136829 secs]274.560: [Tenured: 386159K->186344K(386276K), 0.3887770 secs] 408046K->186344K(534884K), [Perm : 7360K->7360K(21248K)], 0.5074465 secs] [Times: user=0.80 sys=0.02, real=0.51 secs] 
275.096: [GC275.096: [ParNew: 132160K->16446K(148608K), 0.1020671 secs] 318504K->313799K(468260K), 0.1024805 secs] [Times: user=0.41 sys=0.00, real=0.10 secs] 
275.343: [GC275.343: [ParNew: 148606K->16446K(148608K), 0.0919478 secs]275.436: [Tenured: 398240K->166099K(398372K), 0.3803934 secs] 445959K->166099K(546980K), [Perm : 7360K->7360K(21248K)], 0.4785015 secs] [Times: user=0.73 sys=0.03, real=0.48 secs] 
275.964: [GC275.964: [ParNew: 132160K->16446K(148608K), 0.0996251 secs] 298259K->290289K(468260K), 0.1002624 secs] [Times: user=0.28 sys=0.00, real=0.10 secs] 
276.214: [GC276.214: [ParNew: 148606K->16446K(148608K), 0.0891325 secs]276.304: [Tenured: 372795K->180883K(372836K), 0.3740588 secs] 422449K->180883K(521444K), [Perm : 7360K->7360K(21248K)], 0.4674886 secs] [Times: user=0.69 sys=0.03, real=0.47 secs] 
276.821: [GC276.821: [ParNew: 132160K->16446K(148608K), 0.0957784 secs] 313043K->301305K(468260K), 0.0962043 secs] [Times: user=0.38 sys=0.00, real=0.10 secs] 
277.055: [GC277.056: [ParNew: 148606K->16448K(148608K), 0.1041944 secs]277.160: [Tenured: 400899K->166120K(401060K), 0.3837564 secs] 433465K->166120K(549668K), [Perm : 7360K->7360K(21248K)], 0.4938143 secs] [Times: user=0.75 sys=0.02, real=0.49 secs] 
277.698: [GC277.699: [ParNew: 132160K->16447K(148608K), 0.0804018 secs] 298280K->265911K(468260K), 0.0811299 secs] [Times: user=0.30 sys=0.00, real=0.08 secs] 
277.918: [GC277.918: [ParNew: 148607K->16447K(148608K), 0.1075325 secs]278.026: [Tenured: 369592K->183796K(369956K), 0.3770659 secs] 398071K->183796K(518564K), [Perm : 7360K->7360K(21248K)], 0.4886135 secs] [Times: user=0.78 sys=0.02, real=0.49 secs] 
278.556: [GC278.556: [ParNew: 132160K->16447K(148608K), 0.0772800 secs] 315956K->279307K(468260K), 0.0776828 secs] [Times: user=0.28 sys=0.00, real=0.08 secs] 
278.775: [GC278.775: [ParNew: 148607K->16447K(148608K), 0.1148747 secs]278.890: [Tenured: 385604K->165797K(385700K), 0.3768706 secs] 411467K->165797K(534308K), [Perm : 7361K->7361K(21248K)], 0.4966440 secs] [Times: user=0.81 sys=0.00, real=0.50 secs] 
279.407: [GC279.407: [ParNew: 132160K->16447K(148608K), 0.0512504 secs] 297957K->232644K(468260K), 0.0516609 secs] [Times: user=0.19 sys=0.00, real=0.05 secs] 
279.602: [GC279.602: [ParNew: 148607K->16446K(148608K), 0.1080767 secs]279.710: [Tenured: 339269K->183923K(339428K), 0.3799043 secs] 364804K->183923K(488036K), [Perm : 7361K->7361K(21248K)], 0.4897976 secs] [Times: user=0.78 sys=0.02, real=0.49 secs] 
280.237: [GC280.237: [ParNew: 132160K->16446K(148608K), 0.0778136 secs] 316083K->278506K(468260K), 0.0782485 secs] [Times: user=0.27 sys=0.00, real=0.08 secs] 
280.452: [GC280.452: [ParNew: 148606K->16446K(148608K), 0.1105578 secs]280.563: [Tenured: 380171K->162534K(380324K), 0.3769171 secs] 410666K->162534K(528932K), [Perm : 7361K->7361K(21248K)], 0.4922617 secs] [Times: user=0.81 sys=0.00, real=0.49 secs] 
281.081: [GC281.081: [ParNew: 132160K->16446K(148608K), 0.0902114 secs] 294694K->276669K(468260K), 0.0906460 secs] [Times: user=0.37 sys=0.00, real=0.09 secs] 
281.318: [GC281.319: [ParNew: 148606K->16446K(148608K), 0.0895722 secs]281.408: [Tenured: 360902K->182239K(360932K), 0.3791984 secs] 408829K->182239K(509540K), [Perm : 7361K->7361K(21248K)], 0.4721166 secs] [Times: user=0.73 sys=0.02, real=0.47 secs] 
281.928: [GC281.928: [ParNew: 132160K->16446K(148608K), 0.0934276 secs] 314399K->300670K(468260K), 0.0939118 secs] [Times: user=0.37 sys=0.00, real=0.09 secs] 
282.186: [GC282.187: [ParNew: 148606K->16446K(148608K), 0.1054337 secs]282.292: [Tenured: 400495K->167941K(400676K), 0.3844569 secs] 432830K->167941K(549284K), [Perm : 7361K->7361K(21248K)], 0.4961828 secs] [Times: user=0.78 sys=0.00, real=0.50 secs] 
282.801: [GC282.802: [ParNew: 132160K->16446K(148608K), 0.0537805 secs] 300101K->235651K(468260K), 0.0542119 secs] [Times: user=0.23 sys=0.00, real=0.06 secs] 
282.998: [GC282.999: [ParNew: 148606K->16446K(148608K), 0.1090033 secs]283.108: [Tenured: 339933K->185190K(340004K), 0.3794219 secs] 367811K->185190K(488612K), [Perm : 7361K->7361K(21248K)], 0.4903114 secs] [Times: user=0.73 sys=0.02, real=0.49 secs] 
283.644: [GC283.644: [ParNew: 132160K->16448K(148608K), 0.0879930 secs] 317350K->297430K(468260K), 0.0885914 secs] [Times: user=0.38 sys=0.00, real=0.09 secs] 
283.873: [GC283.873: [ParNew: 148608K->16447K(148608K), 0.1046992 secs]283.978: [Tenured: 398262K->159046K(398372K), 0.3688632 secs] 429590K->159046K(546980K), [Perm : 7361K->7361K(21248K)], 0.4794541 secs] [Times: user=0.78 sys=0.03, real=0.48 secs] 
284.501: [GC284.501: [ParNew: 132160K->16447K(148608K), 0.0727925 secs] 291206K->251893K(468260K), 0.0732120 secs] [Times: user=0.31 sys=0.00, real=0.07 secs] 
284.714: [GC284.714: [ParNew: 148607K->16447K(148608K), 0.1043211 secs]284.819: [Tenured: 355214K->185012K(355364K), 0.3802811 secs] 384053K->185012K(503972K), [Perm : 7361K->7361K(21248K)], 0.4874865 secs] [Times: user=0.73 sys=0.01, real=0.49 secs] 
285.350: [GC285.350: [ParNew: 132160K->16447K(148608K), 0.0585820 secs] 317172K->260923K(468260K), 0.0590163 secs] [Times: user=0.19 sys=0.00, real=0.06 secs] 
285.545: [GC285.545: [ParNew: 148607K->16446K(148608K), 0.0980680 secs]285.643: [Tenured: 354572K->181001K(354596K), 0.3712840 secs] 393083K->181001K(503204K), [Perm : 7361K->7361K(21248K)], 0.4721522 secs] [Times: user=0.72 sys=0.01, real=0.47 secs] 
286.160: [GC286.160: [ParNew: 132160K->16446K(148608K), 0.0999462 secs] 313161K->306192K(468260K), 0.1003516 secs] [Times: user=0.44 sys=0.00, real=0.10 secs] 
286.402: [GC286.402: [ParNew: 148606K->16446K(148608K), 0.0837264 secs]286.486: [Tenured: 380881K->163186K(380900K), 0.3798328 secs] 438352K->163186K(529508K), [Perm : 7361K->7361K(21248K)], 0.4681997 secs] [Times: user=0.67 sys=0.03, real=0.47 secs] 
287.009: [GC287.009: [ParNew: 132160K->16446K(148608K), 0.0994183 secs] 295346K->286817K(468260K), 0.0998929 secs] [Times: user=0.36 sys=0.00, real=0.10 secs] 
287.249: [GC287.249: [ParNew: 148606K->16446K(148608K), 0.0789163 secs]287.328: [Tenured: 357898K->166786K(358052K), 0.3791333 secs] 418977K->166786K(506660K), [Perm : 7361K->7361K(21248K)], 0.4612859 secs] [Times: user=0.69 sys=0.02, real=0.46 secs] 
287.851: [GC287.852: [ParNew: 132160K->16446K(148608K), 0.1116367 secs] 298946K->294096K(468260K), 0.1120591 secs] [Times: user=0.42 sys=0.00, real=0.11 secs] 
288.107: [GC288.107: [ParNew: 148606K->16446K(148608K), 0.1111435 secs]288.218: [Tenured: 401522K->175957K(401636K), 0.3808068 secs] 426256K->175957K(550244K), [Perm : 7361K->7361K(21248K)], 0.4979785 secs] [Times: user=0.81 sys=0.01, real=0.50 secs] 
288.756: [GC288.757: [ParNew: 132160K->16446K(148608K), 0.0678296 secs] 308117K->263179K(468260K), 0.0682950 secs] [Times: user=0.25 sys=0.00, real=0.07 secs] 
288.966: [GC288.966: [ParNew: 148606K->16446K(148608K), 0.1084305 secs]289.074: [Tenured: 366533K->183216K(366884K), 0.3826945 secs] 395339K->183216K(515492K), [Perm : 7361K->7361K(21248K)], 0.4948544 secs] [Times: user=0.81 sys=0.00, real=0.50 secs] 
289.611: [GC289.611: [ParNew: 132160K->16446K(148608K), 0.0777572 secs] 315376K->280278K(468260K), 0.0783807 secs] [Times: user=0.31 sys=0.00, real=0.08 secs] 
289.831: [GC289.831: [ParNew: 148606K->16448K(148608K), 0.1098991 secs]289.941: [Tenured: 383624K->160252K(383780K), 0.3729485 secs] 412438K->160252K(532388K), [Perm : 7361K->7361K(21248K)], 0.4875801 secs] [Times: user=0.78 sys=0.03, real=0.49 secs] 
290.466: [GC290.466: [ParNew: 132160K->16447K(148608K), 0.0816709 secs] 292412K->258596K(468260K), 0.0821001 secs] [Times: user=0.37 sys=0.00, real=0.08 secs] 
290.683: [GC290.683: [ParNew: 148607K->16447K(148608K), 0.0981242 secs]290.781: [Tenured: 350412K->168174K(350564K), 0.3796939 secs] 390756K->168174K(499172K), [Perm : 7361K->7361K(21248K)], 0.4803447 secs] [Times: user=0.80 sys=0.00, real=0.48 secs] 
291.321: [GC291.321: [ParNew: 132160K->16447K(148608K), 0.0808137 secs] 300334K->271741K(468260K), 0.0812428 secs] [Times: user=0.31 sys=0.00, real=0.08 secs] 
291.537: [GC291.538: [ParNew: 148607K->16447K(148608K), 0.0966011 secs]291.634: [Tenured: 364302K->186140K(364580K), 0.3812256 secs] 403901K->186140K(513188K), [Perm : 7361K->7361K(21248K)], 0.4816574 secs] [Times: user=0.64 sys=0.02, real=0.48 secs] 
292.162: [GC292.163: [ParNew: 132160K->16447K(148608K), 0.1011636 secs] 318300K->313163K(468260K), 0.1015819 secs] [Times: user=0.40 sys=0.00, real=0.10 secs] 
292.414: [GC292.415: [ParNew: 148606K->16446K(148608K), 0.0975828 secs]292.512: [Tenured: 398484K->170705K(398756K), 0.3890012 secs] 445323K->170705K(547364K), [Perm : 7361K->7361K(21248K)], 0.4922485 secs] [Times: user=0.69 sys=0.09, real=0.49 secs] 
293.044: [GC293.044: [ParNew: 132160K->16446K(148608K), 0.0933368 secs] 302865K->288512K(468260K), 0.0938692 secs] [Times: user=0.37 sys=0.00, real=0.09 secs] 
293.292: [GC293.292: [ParNew: 148606K->16446K(148608K), 0.0912922 secs]293.383: [Tenured: 372481K->180028K(372644K), 0.3784928 secs] 420672K->180028K(521252K), [Perm : 7361K->7361K(21248K)], 0.4738543 secs] [Times: user=0.70 sys=0.00, real=0.47 secs] 
293.905: [GC293.906: [ParNew: 132160K->16446K(148608K), 0.0989202 secs] 312188K->305099K(468260K), 0.0993349 secs] [Times: user=0.37 sys=0.00, real=0.10 secs] 
294.143: [GC294.143: [ParNew: 148606K->16446K(148608K), 0.1042807 secs]294.247: [Tenured: 403044K->162256K(403172K), 0.3785464 secs] 437259K->162256K(551780K), [Perm : 7361K->7361K(21248K)], 0.4890744 secs] [Times: user=0.78 sys=0.00, real=0.49 secs] 
294.781: [GC294.781: [ParNew: 132160K->16446K(148608K), 0.0839817 secs] 294416K->268183K(468260K), 0.0844955 secs] [Times: user=0.30 sys=0.00, real=0.08 secs] 
295.002: [GC295.003: [ParNew: 148606K->16446K(148608K), 0.1179065 secs]295.120: [Tenured: 367048K->182459K(367076K), 0.3746140 secs] 400343K->182459K(515684K), [Perm : 7361K->7361K(21248K)], 0.4961132 secs] [Times: user=0.80 sys=0.02, real=0.50 secs] 
295.654: [GC295.654: [ParNew: 132160K->16446K(148608K), 0.0854195 secs] 314619K->291049K(468260K), 0.0859458 secs] [Times: user=0.38 sys=0.00, real=0.09 secs] 
295.879: [GC295.879: [ParNew: 148606K->16446K(148608K), 0.1090915 secs]295.988: [Tenured: 394539K->165937K(394724K), 0.3852160 secs] 423209K->165937K(543332K), [Perm : 7361K->7361K(21248K)], 0.4999657 secs] [Times: user=0.78 sys=0.05, real=0.50 secs] 
296.530: [GC296.530: [ParNew: 132160K->16448K(148608K), 0.0762703 secs] 298097K->262065K(468260K), 0.0767033 secs] [Times: user=0.31 sys=0.00, real=0.08 secs] 
296.749: [GC296.749: [ParNew: 148608K->16447K(148608K), 0.1152910 secs]296.865: [Tenured: 369721K->176899K(369764K), 0.3735210 secs] 394225K->176899K(518372K), [Perm : 7361K->7361K(21248K)], 0.4928111 secs] [Times: user=0.83 sys=0.02, real=0.49 secs] 
297.386: [GC297.386: [ParNew: 132160K->16447K(148608K), 0.0833509 secs] 309059K->281210K(468260K), 0.0837678 secs] [Times: user=0.31 sys=0.00, real=0.08 secs] 
297.606: [GC297.606: [ParNew: 148607K->16447K(148608K), 0.1037929 secs]297.710: [Tenured: 379067K->162681K(379172K), 0.3727317 secs] 413370K->162681K(527780K), [Perm : 7361K->7361K(21248K)], 0.4813341 secs] [Times: user=0.80 sys=0.01, real=0.48 secs] 
298.247: [GC298.247: [ParNew: 132160K->16447K(148608K), 0.0973779 secs] 294841K->286232K(468260K), 0.0979103 secs] [Times: user=0.41 sys=0.00, real=0.10 secs] 
298.478: [GC298.478: [ParNew: 148607K->16447K(148608K), 0.0934234 secs]298.571: [Tenured: 373529K->182541K(373604K), 0.3853139 secs] 418392K->182541K(522212K), [Perm : 7361K->7361K(21248K)], 0.4829643 secs] [Times: user=0.76 sys=0.00, real=0.48 secs] 
299.098: [GC299.098: [ParNew: 132160K->16446K(148608K), 0.0960097 secs] 314701K->304036K(468260K), 0.0964282 secs] [Times: user=0.36 sys=0.00, real=0.10 secs] 
299.336: [GC299.336: [ParNew: 148606K->16446K(148608K), 0.0870420 secs]299.423: [Tenured: 383125K->166211K(383204K), 0.3802747 secs] 436196K->166211K(531812K), [Perm : 7361K->7361K(21248K)], 0.4720025 secs] [Times: user=0.72 sys=0.03, real=0.47 secs] 
299.948: [GC299.948: [ParNew: 132160K->16446K(148608K), 0.0999978 secs] 298371K->291274K(468260K), 0.1004109 secs] [Times: user=0.42 sys=0.00, real=0.10 secs] 
300.186: [GC300.186: [ParNew: 148606K->16446K(148608K), 0.1032429 secs]300.290: [Tenured: 388867K->188551K(388964K), 0.3999647 secs] 423434K->188551K(537572K), [Perm : 7361K->7361K(21248K)], 0.5084898 secs] [Times: user=0.76 sys=0.01, real=0.51 secs] 
300.849: [GC300.849: [ParNew: 132160K->16446K(148608K), 0.0921835 secs] 320711K->300174K(468260K), 0.0926373 secs] [Times: user=0.34 sys=0.00, real=0.09 secs] 
301.082: [GC301.082: [ParNew: 148606K->16446K(148608K), 0.1077711 secs]301.190: [Tenured: 400319K->161779K(400484K), 0.3738234 secs] 432334K->161779K(549092K), [Perm : 7361K->7361K(21248K)], 0.4875699 secs] [Times: user=0.78 sys=0.02, real=0.49 secs] 
301.720: [GC301.720: [ParNew: 132160K->16446K(148608K), 0.0841562 secs] 293939K->268809K(468260K), 0.0845997 secs] [Times: user=0.31 sys=0.00, real=0.08 secs] 
301.944: [GC301.944: [ParNew: 148606K->16446K(148608K), 0.1094363 secs]302.053: [Tenured: 372251K->181422K(372260K), 0.3777195 secs] 400969K->181422K(520868K), [Perm : 7361K->7361K(21248K)], 0.4913050 secs] [Times: user=0.78 sys=0.03, real=0.49 secs] 
302.580: [GC302.580: [ParNew: 132160K->16446K(148608K), 0.0755869 secs] 313582K->277500K(468260K), 0.0760016 secs] [Times: user=0.31 sys=0.00, real=0.08 secs] 
302.796: [GC302.796: [ParNew: 148606K->16446K(148608K), 0.1073445 secs]302.904: [Tenured: 380878K->163469K(380900K), 0.3788520 secs] 409660K->163469K(529508K), [Perm : 7361K->7361K(21248K)], 0.4907450 secs] [Times: user=0.78 sys=0.03, real=0.49 secs] 
303.432: [GC303.432: [ParNew: 132160K->16448K(148608K), 0.0860536 secs] 295629K->268189K(468260K), 0.0864711 secs] [Times: user=0.30 sys=0.00, real=0.09 secs] 
303.659: [GC303.659: [ParNew: 148608K->16447K(148608K), 0.1095844 secs]303.769: [Tenured: 373941K->186835K(373988K), 0.3968020 secs] 400349K->186835K(522596K), [Perm : 7361K->7361K(21248K)], 0.5103984 secs] [Times: user=0.83 sys=0.02, real=0.51 secs] 
304.319: [GC304.319: [ParNew: 132160K->16447K(148608K), 0.0724612 secs] 318995K->279939K(468260K), 0.0729121 secs] [Times: user=0.25 sys=0.01, real=0.07 secs] 
304.533: [GC304.533: [ParNew: 148607K->16447K(148608K), 0.1035556 secs]304.636: [Tenured: 381043K->164861K(381092K), 0.3744803 secs] 412099K->164861K(529700K), [Perm : 7361K->7361K(21248K)], 0.4828226 secs] [Times: user=0.78 sys=0.03, real=0.48 secs] 
305.155: [GC305.155: [ParNew: 132160K->16447K(148608K), 0.0951832 secs] 297021K->285373K(468260K), 0.0956261 secs] [Times: user=0.37 sys=0.00, real=0.10 secs] 
305.394: [GC305.394: [ParNew: 148607K->16446K(148608K), 0.0797505 secs]305.474: [Tenured: 356965K->183239K(357092K), 0.3797891 secs] 417533K->183239K(505700K), [Perm : 7361K->7361K(21248K)], 0.4625015 secs] [Times: user=0.72 sys=0.03, real=0.46 secs] 
305.995: [GC305.995: [ParNew: 132160K->16446K(148608K), 0.0974176 secs] 315399K->306662K(468260K), 0.0978301 secs] [Times: user=0.37 sys=0.00, real=0.10 secs] 
306.228: [GC306.229: [ParNew: 148606K->16446K(148608K), 0.0981277 secs]306.327: [Tenured: 398327K->168421K(398372K), 0.3881686 secs] 438822K->168421K(546980K), [Perm : 7361K->7361K(21248K)], 0.4921578 secs] [Times: user=0.75 sys=0.02, real=0.49 secs] 
306.870: [GC306.870: [ParNew: 132160K->16446K(148608K), 0.0856896 secs] 300581K->275603K(468260K), 0.0860991 secs] [Times: user=0.36 sys=0.00, real=0.09 secs] 
307.096: [GC307.096: [ParNew: 148606K->16446K(148608K), 0.1041123 secs]307.200: [Tenured: 376981K->185729K(377060K), 0.3839418 secs] 407763K->185729K(525668K), [Perm : 7361K->7361K(21248K)], 0.4923595 secs] [Times: user=0.62 sys=0.00, real=0.49 secs] 
307.737: [GC307.737: [ParNew: 132160K->16446K(148608K), 0.0746036 secs] 317889K->281879K(468260K), 0.0750160 secs] [Times: user=0.25 sys=0.00, real=0.08 secs] 
307.948: [GC307.948: [ParNew: 148606K->16446K(148608K), 0.1101900 secs]308.058: [Tenured: 381697K->163093K(381860K), 0.3732635 secs] 414039K->163093K(530468K), [Perm : 7363K->7363K(21248K)], 0.4883547 secs] [Times: user=0.70 sys=0.08, real=0.49 secs] 
308.582: [GC308.582: [ParNew: 132160K->16446K(148608K), 0.0841549 secs] 295253K->270068K(468260K), 0.0845911 secs] [Times: user=0.31 sys=0.00, real=0.08 secs] 
308.810: [GC308.811: [ParNew: 148606K->16446K(148608K), 0.1103061 secs]308.921: [Tenured: 379021K->181360K(379172K), 0.3846436 secs] 402228K->181360K(527780K), [Perm : 7363K->7363K(21248K)], 0.4999984 secs] [Times: user=0.80 sys=0.02, real=0.50 secs] 
309.451: [GC309.452: [ParNew: 132160K->16446K(148608K), 0.0492314 secs] 313520K->245510K(468260K), 0.0496490 secs] [Times: user=0.19 sys=0.00, real=0.05 secs] 
309.634: [GC309.635: [ParNew: 148606K->16446K(148608K), 0.1033490 secs]309.738: [Tenured: 344720K->182340K(344804K), 0.3750739 secs] 377670K->182340K(493412K), [Perm : 7363K->7363K(21248K)], 0.4807815 secs] [Times: user=0.78 sys=0.00, real=0.48 secs] 
310.247: [GC310.247: [ParNew: 132160K->16448K(148608K), 0.0893942 secs] 314500K->293860K(468260K), 0.0898211 secs] [Times: user=0.36 sys=0.00, real=0.09 secs] 
310.479: [GC310.479: [ParNew: 148608K->16447K(148608K), 0.0878849 secs]310.567: [Tenured: 372788K->182724K(372836K), 0.3798642 secs] 426020K->182724K(521444K), [Perm : 7363K->7363K(21248K)], 0.4719075 secs] [Times: user=0.75 sys=0.01, real=0.47 secs] 
311.092: [GC311.092: [ParNew: 132160K->16447K(148608K), 0.1130700 secs] 314884K->310027K(468260K), 0.1134873 secs] [Times: user=0.42 sys=0.00, real=0.11 secs] 
311.357: [GC311.357: [ParNew: 148607K->16447K(148608K), 0.1010514 secs]311.458: [Tenured: 405980K->169225K(406052K), 0.3854386 secs] 442187K->169225K(554660K), [Perm : 7363K->7363K(21248K)], 0.4928188 secs] [Times: user=0.76 sys=0.00, real=0.49 secs] 
311.994: [GC311.994: [ParNew: 132160K->16447K(148608K), 0.1004083 secs] 301385K->296576K(468260K), 0.1008727 secs] [Times: user=0.44 sys=0.00, real=0.10 secs] 
312.231: [GC312.231: [ParNew: 148607K->16446K(148608K), 0.1031915 secs]312.334: [Tenured: 394865K->165554K(394916K), 0.3882725 secs] 428736K->165554K(543524K), [Perm : 7363K->7363K(21248K)], 0.4969779 secs] [Times: user=0.72 sys=0.06, real=0.50 secs] 
312.875: [GC312.875: [ParNew: 132160K->16446K(148608K), 0.0889907 secs] 297714K->274689K(468260K), 0.0894269 secs] [Times: user=0.36 sys=0.00, real=0.09 secs] 
313.102: [GC313.103: [ParNew: 148606K->16446K(148608K), 0.1049873 secs]313.208: [Tenured: 377530K->187923K(377828K), 0.3858126 secs] 406849K->187923K(526436K), [Perm : 7363K->7363K(21248K)], 0.4952963 secs] [Times: user=0.76 sys=0.00, real=0.50 secs] 
313.743: [GC313.744: [ParNew: 132160K->16446K(148608K), 0.0757575 secs] 320083K->284314K(468260K), 0.0762793 secs] [Times: user=0.26 sys=0.00, real=0.08 secs] 
313.962: [GC313.962: [ParNew: 148606K->16446K(148608K), 0.1174196 secs]314.080: [Tenured: 391675K->165792K(391844K), 0.3784457 secs] 416474K->165792K(540452K), [Perm : 7363K->7363K(21248K)], 0.5013034 secs] [Times: user=0.75 sys=0.01, real=0.50 secs] 
314.605: [GC314.605: [ParNew: 132160K->16446K(148608K), 0.0414524 secs] 297952K->218223K(468260K), 0.0418677 secs] [Times: user=0.19 sys=0.00, real=0.04 secs] 
314.775: [GC314.775: [ParNew: 148606K->16446K(148608K), 0.0978519 secs] 350383K->327951K(468260K), 0.0983083 secs] [Times: user=0.37 sys=0.00, real=0.10 secs] 
315.010: [GC315.011: [ParNew: 148606K->16446K(148608K), 0.1216320 secs]315.132: [Tenured: 432816K->169856K(432932K), 0.4081805 secs] 460111K->169856K(581540K), [Perm : 7363K->7363K(21248K)], 0.5379931 secs] [Times: user=0.86 sys=0.00, real=0.54 secs] 
315.689: [GC315.690: [ParNew: 132160K->16446K(148608K), 0.1080238 secs] 302016K->256406K(468260K), 0.1084991 secs] [Times: user=0.33 sys=0.00, real=0.11 secs] 
315.936: [GC315.936: [ParNew: 148606K->16446K(148608K), 0.1078035 secs]316.044: [Tenured: 355792K->178770K(355940K), 0.3675941 secs] 388566K->178770K(504548K), [Perm : 7363K->7363K(21248K)], 0.4783338 secs] [Times: user=0.80 sys=0.00, real=0.48 secs] 
316.558: [GC316.558: [ParNew: 132160K->16448K(148608K), 0.0910148 secs] 310930K->289874K(468260K), 0.0914317 secs] [Times: user=0.34 sys=0.00, real=0.09 secs] 
316.790: [GC316.791: [ParNew: 148608K->16447K(148608K), 0.1098365 secs]316.901: [Tenured: 392410K->168444K(392420K), 0.3869505 secs] 422034K->168444K(541028K), [Perm : 7363K->7363K(21248K)], 0.5022335 secs] [Times: user=0.83 sys=0.00, real=0.50 secs] 
317.442: [GC317.443: [ParNew: 132160K->16447K(148608K), 0.0874859 secs] 300604K->277099K(468260K), 0.0880388 secs] [Times: user=0.31 sys=0.00, real=0.09 secs] 
317.672: [GC317.672: [ParNew: 148607K->16447K(148608K), 0.1096460 secs]317.782: [Tenured: 378900K->177458K(378980K), 0.3771198 secs] 409259K->177458K(527588K), [Perm : 7363K->7363K(21248K)], 0.4911943 secs] [Times: user=0.78 sys=0.03, real=0.49 secs] 
318.300: [GC318.300: [ParNew: 132160K->16447K(148608K), 0.0975276 secs] 309618K->295977K(468260K), 0.0981835 secs] [Times: user=0.36 sys=0.00, real=0.10 secs] 
318.554: [GC318.555: [ParNew: 148607K->16447K(148608K), 0.0993868 secs]318.654: [Tenured: 387426K->164164K(387428K), 0.3794681 secs] 428137K->164164K(536036K), [Perm : 7363K->7363K(21248K)], 0.4844762 secs] [Times: user=0.70 sys=0.03, real=0.49 secs] 
319.183: [GC319.183: [ParNew: 132160K->16446K(148608K), 0.1065716 secs] 296324K->293275K(468260K), 0.1070004 secs] [Times: user=0.39 sys=0.00, real=0.11 secs] 
319.438: [GC319.438: [ParNew: 148606K->16446K(148608K), 0.0847806 secs]319.523: [Tenured: 369220K->180972K(369380K), 0.3878350 secs] 425435K->180972K(517988K), [Perm : 7363K->7363K(21248K)], 0.4764743 secs] [Times: user=0.69 sys=0.00, real=0.48 secs] 
320.054: [GC320.054: [ParNew: 132160K->16446K(148608K), 0.1076431 secs] 313132K->302067K(468260K), 0.1081842 secs] [Times: user=0.38 sys=0.00, real=0.11 secs] 
320.297: [GC320.297: [ParNew: 148606K->16446K(148608K), 0.1052672 secs]320.403: [Tenured: 399284K->162184K(399332K), 0.3793382 secs] 434227K->162184K(547940K), [Perm : 7363K->7363K(21248K)], 0.4904557 secs] [Times: user=0.75 sys=0.00, real=0.49 secs] 
320.938: [GC320.938: [ParNew: 132160K->16446K(148608K), 0.0872492 secs] 294344K->272142K(468260K), 0.0876690 secs] [Times: user=0.31 sys=0.00, real=0.09 secs] 
321.169: [GC321.169: [ParNew: 148606K->16446K(148608K), 0.1243783 secs]321.293: [Tenured: 377872K->167320K(378020K), 0.3810685 secs] 404302K->167320K(526628K), [Perm : 7363K->7363K(21248K)], 0.5100610 secs] [Times: user=0.81 sys=0.00, real=0.51 secs] 
321.831: [GC321.831: [ParNew: 132160K->16446K(148608K), 0.0803383 secs] 299480K->262502K(468260K), 0.0807431 secs] [Times: user=0.27 sys=0.00, real=0.08 secs] 
322.049: [GC322.049: [ParNew: 148606K->16446K(148608K), 0.1141460 secs]322.164: [Tenured: 367184K->164544K(367268K), 0.3867500 secs] 394662K->164544K(515876K), [Perm : 7363K->7363K(21248K)], 0.5051043 secs] [Times: user=0.80 sys=0.02, real=0.51 secs] 
322.693: [GC322.693: [ParNew: 132160K->16446K(148608K), 0.0850808 secs] 296704K->262654K(468260K), 0.0855006 secs] [Times: user=0.27 sys=0.00, real=0.09 secs] 
322.919: [GC322.919: [ParNew: 148606K->16446K(148608K), 0.1151432 secs]323.034: [Tenured: 367992K->182994K(368036K), 0.3839704 secs] 394814K->182994K(516644K), [Perm : 7363K->7363K(21248K)], 0.5030558 secs] [Times: user=0.75 sys=0.02, real=0.50 secs] 
323.577: [GC323.577: [ParNew: 132160K->16448K(148608K), 0.0879509 secs] 315154K->291634K(468260K), 0.0884856 secs] [Times: user=0.36 sys=0.00, real=0.09 secs] 
323.804: [GC323.804: [ParNew: 148608K->16447K(148608K), 0.1088170 secs]323.913: [Tenured: 392786K->189598K(392804K), 0.3925172 secs] 423794K->189598K(541412K), [Perm : 7363K->7363K(21248K)], 0.5069667 secs] [Times: user=0.81 sys=0.02, real=0.51 secs] 
324.462: [GC324.462: [ParNew: 132160K->16447K(148608K), 0.0830709 secs] 321758K->291645K(468260K), 0.0834811 secs] [Times: user=0.30 sys=0.00, real=0.08 secs] 
324.685: [GC324.685: [ParNew: 148607K->16447K(148608K), 0.1050787 secs]324.791: [Tenured: 390430K->165128K(390500K), 0.3825377 secs] 423805K->165128K(539108K), [Perm : 7363K->7363K(21248K)], 0.4933409 secs] [Times: user=0.76 sys=0.05, real=0.49 secs] 
325.305: [GC325.305: [ParNew: 132160K->16447K(148608K), 0.0209991 secs] 297288K->194927K(468260K), 0.0213782 secs] [Times: user=0.06 sys=0.00, real=0.02 secs] 
325.464: [GC325.464: [ParNew: 148607K->16447K(148608K), 0.0679159 secs] 327087K->268591K(468260K), 0.0684656 secs] [Times: user=0.23 sys=0.00, real=0.07 secs] 
325.669: [GC325.669: [ParNew: 148607K->16446K(148608K), 0.1085838 secs]325.778: [Tenured: 360096K->164031K(360356K), 0.4015384 secs] 400751K->164031K(508964K), [Perm : 7363K->7363K(21248K)], 0.5135854 secs] [Times: user=0.73 sys=0.02, real=0.51 secs] 
326.299: [GC326.299: [ParNew: 132160K->16446K(148608K), 0.0190023 secs] 296191K->188638K(468260K), 0.0193830 secs] [Times: user=0.06 sys=0.02, real=0.02 secs] 
326.465: [GC326.466: [ParNew: 148606K->16446K(148608K), 0.0631814 secs] 320798K->257870K(468260K), 0.0638290 secs] [Times: user=0.25 sys=0.00, real=0.06 secs] 
326.670: [GC326.670: [ParNew: 148606K->16446K(148608K), 0.1080819 secs]326.778: [Tenured: 362759K->180228K(362852K), 0.3774447 secs] 390030K->180228K(511460K), [Perm : 7363K->7363K(21248K)], 0.4896857 secs] [Times: user=0.73 sys=0.02, real=0.49 secs] 
327.293: [GC327.293: [ParNew: 132160K->16446K(148608K), 0.0647430 secs] 312388K->259850K(468260K), 0.0651738 secs] [Times: user=0.23 sys=0.00, real=0.07 secs] 
327.501: [GC327.501: [ParNew: 148606K->16446K(148608K), 0.0865648 secs]327.587: [Tenured: 340556K->164926K(340580K), 0.3917036 secs] 392010K->164926K(489188K), [Perm : 7363K->7363K(21248K)], 0.4803142 secs] [Times: user=0.69 sys=0.00, real=0.48 secs] 
328.103: [GC328.103: [ParNew: 132160K->16446K(148608K), 0.0641426 secs] 297086K->234092K(468260K), 0.0646295 secs] [Times: user=0.19 sys=0.00, real=0.07 secs] 
328.296: [GC328.297: [ParNew: 148606K->16446K(148608K), 0.0848448 secs] 366252K->306980K(468260K), 0.0853246 secs] [Times: user=0.23 sys=0.00, real=0.09 secs] 
328.530: [GC328.530: [ParNew: 148606K->16446K(148608K), 0.0498459 secs]328.580: [Tenured: 336142K->182485K(336164K), 0.3994884 secs] 439140K->182485K(484772K), [Perm : 7363K->7363K(21248K)], 0.4510178 secs] [Times: user=0.51 sys=0.00, real=0.45 secs] 
329.104: [GC329.104: [ParNew: 132160K->16446K(148608K), 0.0433693 secs] 314645K->232571K(468260K), 0.0439582 secs] [Times: user=0.17 sys=0.00, real=0.04 secs] 
329.274: [GC329.274: [ParNew: 148606K->16448K(148608K), 0.0684406 secs] 364731K->300093K(468260K), 0.0689085 secs] [Times: user=0.30 sys=0.00, real=0.07 secs] 
329.498: [GC329.498: [ParNew: 148608K->16447K(148608K), 0.0642312 secs]329.562: [Tenured: 341597K->164084K(341924K), 0.3832529 secs] 432253K->164084K(490532K), [Perm : 7363K->7363K(21248K)], 0.4494812 secs] [Times: user=0.56 sys=0.00, real=0.45 secs] 
330.087: [GC330.087: [ParNew: 132160K->16447K(148608K), 0.1044895 secs] 296244K->289988K(468260K), 0.1049125 secs] [Times: user=0.42 sys=0.00, real=0.11 secs] 
330.309: [GC330.309: [ParNew: 148607K->16447K(148608K), 0.0381342 secs] 422148K->328531K(468260K), 0.0386079 secs] [Times: user=0.13 sys=0.00, real=0.04 secs] 
330.490: [GC330.490: [ParNew: 148607K->16447K(148608K), 0.0619797 secs]330.552: [Tenured: 375484K->184003K(375524K), 0.4038457 secs] 460691K->184003K(524132K), [Perm : 7363K->7363K(21248K)], 0.4711744 secs] [Times: user=0.58 sys=0.03, real=0.47 secs] 
331.097: [GC331.097: [ParNew: 132160K->16446K(148608K), 0.0828493 secs] 316163K->288186K(468260K), 0.0832992 secs] [Times: user=0.31 sys=0.00, real=0.08 secs] 
331.316: [GC331.316: [ParNew: 148606K->16446K(148608K), 0.1246243 secs]331.440: [Tenured: 389627K->167897K(389732K), 0.3821355 secs] 420346K->167897K(538340K), [Perm : 7363K->7363K(21248K)], 0.5121226 secs] [Times: user=0.86 sys=0.00, real=0.51 secs] 
331.982: [GC331.982: [ParNew: 132160K->16446K(148608K), 0.0821754 secs] 300057K->267656K(468260K), 0.0827864 secs] [Times: user=0.31 sys=0.00, real=0.08 secs] 
332.208: [GC332.209: [ParNew: 148606K->16446K(148608K), 0.1173385 secs]332.326: [Tenured: 375841K->179586K(375908K), 0.3806451 secs] 399816K->179586K(524516K), [Perm : 7363K->7363K(21248K)], 0.5022851 secs] [Times: user=0.81 sys=0.02, real=0.50 secs] 
332.852: [GC332.853: [ParNew: 132160K->16446K(148608K), 0.0832540 secs] 311746K->280600K(468260K), 0.0836742 secs] [Times: user=0.30 sys=0.00, real=0.08 secs] 
333.073: [GC333.074: [ParNew: 148606K->16446K(148608K), 0.1001973 secs]333.174: [Tenured: 372786K->163136K(372836K), 0.3761140 secs] 412760K->163136K(521444K), [Perm : 7363K->7363K(21248K)], 0.4805920 secs] [Times: user=0.72 sys=0.03, real=0.48 secs] 
333.701: [GC333.701: [ParNew: 132160K->16446K(148608K), 0.0865773 secs] 295296K->270374K(468260K), 0.0869869 secs] [Times: user=0.36 sys=0.00, real=0.09 secs] 
333.924: [GC333.924: [ParNew: 148606K->16446K(148608K), 0.1042631 secs]334.029: [Tenured: 366528K->186148K(366692K), 0.3811237 secs] 402534K->186148K(515300K), [Perm : 7363K->7363K(21248K)], 0.4893104 secs] [Times: user=0.76 sys=0.02, real=0.49 secs] 
334.561: [GC334.561: [ParNew: 132160K->16446K(148608K), 0.0610852 secs] 318308K->265034K(468260K), 0.0616478 secs] [Times: user=0.25 sys=0.00, real=0.06 secs] 
334.767: [GC334.767: [ParNew: 148606K->16446K(148608K), 0.1142477 secs]334.882: [Tenured: 373620K->167171K(373796K), 0.3791423 secs] 397194K->167171K(522404K), [Perm : 7363K->7363K(21248K)], 0.4976992 secs] [Times: user=0.81 sys=0.00, real=0.50 secs] 
335.416: [GC335.416: [ParNew: 132160K->16448K(148608K), 0.1159908 secs] 299331K->288435K(468260K), 0.1164292 secs] [Times: user=0.41 sys=0.00, real=0.12 secs] 
335.663: [GC335.664: [ParNew: 148608K->16447K(148608K), 0.0946027 secs]335.758: [Tenured: 374431K->178389K(374564K), 0.3781317 secs] 420595K->178389K(523172K), [Perm : 7363K->7363K(21248K)], 0.4773671 secs] [Times: user=0.75 sys=0.00, real=0.48 secs] 
336.283: [GC336.283: [ParNew: 132160K->16447K(148608K), 0.1084716 secs] 310549K->306093K(468260K), 0.1088789 secs] [Times: user=0.41 sys=0.00, real=0.11 secs] 
336.534: [GC336.534: [ParNew: 148607K->16447K(148608K), 0.0909862 secs]336.625: [Tenured: 390149K->165282K(390308K), 0.3848867 secs] 438253K->165282K(538916K), [Perm : 7363K->7363K(21248K)], 0.4812065 secs] [Times: user=0.70 sys=0.00, real=0.48 secs] 
337.159: [GC337.159: [ParNew: 132160K->16447K(148608K), 0.1043763 secs] 297442K->294673K(468260K), 0.1048455 secs] [Times: user=0.38 sys=0.00, real=0.11 secs] 
337.427: [GC337.427: [ParNew: 148607K->16447K(148608K), 0.1097993 secs]337.537: [Tenured: 398722K->180487K(398756K), 0.4014878 secs] 426833K->180487K(547364K), [Perm : 7363K->7363K(21248K)], 0.5174840 secs] [Times: user=0.84 sys=0.00, real=0.52 secs] 
338.065: [GC338.066: [ParNew: 132160K->16446K(148608K), 0.0597542 secs] 312647K->257230K(468260K), 0.0601721 secs] [Times: user=0.25 sys=0.00, real=0.06 secs] 
338.258: [GC338.258: [ParNew: 148606K->16446K(148608K), 0.1004638 secs]338.358: [Tenured: 353543K->168217K(353636K), 0.3830101 secs] 389390K->168217K(502244K), [Perm : 7363K->7363K(21248K)], 0.4863704 secs] [Times: user=0.69 sys=0.00, real=0.49 secs] 
338.888: [GC338.889: [ParNew: 132160K->16446K(148608K), 0.0854391 secs] 300377K->269824K(468260K), 0.0859545 secs] [Times: user=0.31 sys=0.00, real=0.09 secs] 
339.106: [GC339.106: [ParNew: 148606K->16446K(148608K), 0.1006245 secs]339.207: [Tenured: 365593K->181876K(365732K), 0.3841108 secs] 401984K->181876K(514340K), [Perm : 7363K->7363K(21248K)], 0.4885558 secs] [Times: user=0.80 sys=0.02, real=0.49 secs] 
339.729: [GC339.729: [ParNew: 132160K->16446K(148608K), 0.0506808 secs] 314036K->235538K(468260K), 0.0511891 secs] [Times: user=0.17 sys=0.00, real=0.05 secs] 
339.906: [GC339.906: [ParNew: 148606K->16446K(148608K), 0.0857701 secs] 367698K->330370K(468260K), 0.0862293 secs] [Times: user=0.30 sys=0.00, real=0.09 secs] 
340.133: [GC340.133: [ParNew: 148606K->16446K(148608K), 0.1114924 secs]340.245: [Tenured: 434476K->168098K(434660K), 0.3948097 secs] 462530K->168098K(583268K), [Perm : 7363K->7363K(21248K)], 0.5147672 secs] [Times: user=0.80 sys=0.03, real=0.52 secs] 
340.799: [GC340.799: [ParNew: 132160K->16446K(148608K), 0.0798560 secs] 300258K->268065K(468260K), 0.0803156 secs] [Times: user=0.31 sys=0.00, real=0.08 secs] 
341.017: [GC341.017: [ParNew: 148606K->16446K(148608K), 0.1063789 secs]341.124: [Tenured: 367202K->184864K(367268K), 0.4080894 secs] 400225K->184864K(515876K), [Perm : 7363K->7363K(21248K)], 0.5181903 secs] [Times: user=0.81 sys=0.02, real=0.52 secs] 
341.695: [GC341.695: [ParNew: 132160K->16446K(148608K), 0.0815446 secs] 317024K->286166K(468260K), 0.0819452 secs] [Times: user=0.33 sys=0.00, real=0.08 secs] 
341.920: [GC341.920: [ParNew: 148606K->16448K(148608K), 0.1160136 secs]342.036: [Tenured: 394520K->161411K(394532K), 0.3730143 secs] 418326K->161411K(543140K), [Perm : 7363K->7363K(21248K)], 0.4946360 secs] [Times: user=0.78 sys=0.03, real=0.50 secs] 
342.564: [GC342.564: [ParNew: 132160K->16447K(148608K), 0.0841479 secs] 293571K->266762K(468260K), 0.0845949 secs] [Times: user=0.36 sys=0.00, real=0.09 secs] 
342.784: [GC342.784: [ParNew: 148607K->16447K(148608K), 0.0951386 secs]342.880: [Tenured: 357675K->178602K(357860K), 0.3721355 secs] 398922K->178602K(506468K), [Perm : 7363K->7363K(21248K)], 0.4704072 secs] [Times: user=0.75 sys=0.00, real=0.47 secs] 
343.399: [GC343.399: [ParNew: 132160K->16447K(148608K), 0.1035152 secs] 310762K->303346K(468260K), 0.1039109 secs] [Times: user=0.36 sys=0.00, real=0.10 secs] 
343.637: [GC343.637: [ParNew: 148607K->16447K(148608K), 0.0881289 secs]343.725: [Tenured: 381698K->164697K(381860K), 0.3798193 secs] 435506K->164697K(530468K), [Perm : 7363K->7363K(21248K)], 0.4730733 secs] [Times: user=0.72 sys=0.00, real=0.47 secs] 
344.252: [GC344.252: [ParNew: 132160K->16446K(148608K), 0.1114324 secs] 296857K->291704K(468260K), 0.1118821 secs] [Times: user=0.38 sys=0.00, real=0.11 secs] 
344.501: [GC344.501: [ParNew: 148606K->16446K(148608K), 0.0380604 secs] 423864K->329912K(468260K), 0.0385091 secs] [Times: user=0.17 sys=0.00, real=0.04 secs] 
344.675: [GC344.675: [ParNew: 148606K->16446K(148608K), 0.1012146 secs]344.776: [Tenured: 420721K->162395K(420836K), 0.3931818 secs] 462072K->162395K(569444K), [Perm : 7363K->7363K(21248K)], 0.5019574 secs] [Times: user=0.78 sys=0.06, real=0.50 secs] 
345.298: [GC345.298: [ParNew: 132160K->16446K(148608K), 0.0672196 secs] 294555K->247393K(468260K), 0.0676869 secs] [Times: user=0.30 sys=0.00, real=0.07 secs] 
345.501: [GC345.501: [ParNew: 148606K->16446K(148608K), 0.0521837 secs] 379553K->297081K(468260K), 0.0526202 secs] [Times: user=0.22 sys=0.00, real=0.05 secs] 
345.687: [GC345.687: [ParNew: 148606K->16446K(148608K), 0.0928208 secs]345.780: [Tenured: 383667K->186981K(383780K), 0.3799797 secs] 429241K->186981K(532388K), [Perm : 7363K->7363K(21248K)], 0.4778710 secs] [Times: user=0.77 sys=0.00, real=0.48 secs] 
346.296: [GC346.296: [ParNew: 132160K->16446K(148608K), 0.0925116 secs] 319141K->302923K(468260K), 0.0929497 secs] [Times: user=0.36 sys=0.00, real=0.09 secs] 
346.519: [GC346.519: [ParNew: 148606K->16446K(148608K), 0.0321210 secs]346.552: [Tenured: 319997K->167384K(320036K), 0.3789094 secs] 435083K->167384K(468644K), [Perm : 7363K->7363K(21248K)], 0.4114423 secs] [Times: user=0.50 sys=0.00, real=0.41 secs] 
347.066: [GC347.066: [ParNew: 132160K->16446K(148608K), 0.0902874 secs] 299544K->282479K(468260K), 0.0908403 secs] [Times: user=0.38 sys=0.00, real=0.09 secs] 
347.290: [GC347.290: [ParNew: 148606K->16446K(148608K), 0.1005857 secs]347.391: [Tenured: 380288K->163832K(380324K), 0.3749905 secs] 414639K->163832K(528932K), [Perm : 7363K->7363K(21248K)], 0.4800913 secs] [Times: user=0.81 sys=0.00, real=0.48 secs] 
347.913: [GC347.913: [ParNew: 132160K->16446K(148608K), 0.0815856 secs] 295992K->268902K(468260K), 0.0820574 secs] [Times: user=0.31 sys=0.00, real=0.08 secs] 
348.129: [GC348.129: [ParNew: 148606K->16448K(148608K), 0.0964885 secs]348.226: [Tenured: 362352K->187769K(362660K), 0.3784922 secs] 401062K->187769K(511268K), [Perm : 7363K->7363K(21248K)], 0.4783226 secs] [Times: user=0.72 sys=0.03, real=0.48 secs] 
348.750: [GC348.750: [ParNew: 132160K->16447K(148608K), 0.0654053 secs] 319929K->272529K(468260K), 0.0658659 secs] [Times: user=0.25 sys=0.00, real=0.07 secs] 
348.955: [GC348.956: [ParNew: 148607K->16447K(148608K), 0.1061858 secs]349.062: [Tenured: 377745K->165522K(378020K), 0.3728427 secs] 404689K->165522K(526628K), [Perm : 7363K->7363K(21248K)], 0.4834781 secs] [Times: user=0.76 sys=0.05, real=0.48 secs] 
349.576: [GC349.576: [ParNew: 132160K->16447K(148608K), 0.0633662 secs] 297682K->243162K(468260K), 0.0638639 secs] [Times: user=0.23 sys=0.00, real=0.06 secs] 
349.779: [GC349.779: [ParNew: 148607K->16447K(148608K), 0.1059610 secs]349.885: [Tenured: 348370K->180651K(348452K), 0.3665203 secs] 375322K->180651K(497060K), [Perm : 7363K->7363K(21248K)], 0.4749127 secs] [Times: user=0.73 sys=0.01, real=0.47 secs] 
350.402: [GC350.402: [ParNew: 132160K->16447K(148608K), 0.0986152 secs] 312811K->306954K(468260K), 0.0989888 secs] [Times: user=0.36 sys=0.00, real=0.10 secs] 
350.605: [GC350.606: [ParNew: 148607K->16446K(148608K), 0.0210562 secs] 439114K->323154K(468260K), 0.0213891 secs] [Times: user=0.05 sys=0.00, real=0.02 secs] 
350.751: [GC350.752: [ParNew: 148606K->16448K(148608K), 0.0873743 secs]350.839: [Tenured: 392051K->164361K(392228K), 0.3815980 secs] 455314K->164361K(540836K), [Perm : 7363K->7363K(21248K)], 0.4745012 secs] [Times: user=0.69 sys=0.00, real=0.48 secs] 
351.347: [GC351.347: [ParNew: 132160K->16448K(148608K), 0.0921171 secs] 296521K->254249K(468260K), 0.0925222 secs] [Times: user=0.30 sys=0.00, real=0.09 secs] 
351.573: [GC351.573: [ParNew: 148608K->16448K(148608K), 0.0357894 secs] 386409K->292377K(468260K), 0.0362214 secs] [Times: user=0.13 sys=0.00, real=0.04 secs] 
351.739: [GC351.739: [ParNew: 148608K->16448K(148608K), 0.0934490 secs]351.833: [Tenured: 381697K->183244K(381860K), 0.3757583 secs] 424537K->183244K(530468K), [Perm : 7363K->7363K(21248K)], 0.4740252 secs] [Times: user=0.75 sys=0.02, real=0.47 secs] 
352.337: [GC352.338: [ParNew: 132160K->16448K(148608K), 0.0633761 secs] 315404K->261276K(468260K), 0.0638742 secs] [Times: user=0.25 sys=0.00, real=0.06 secs] 
352.527: [GC352.527: [ParNew: 148608K->16448K(148608K), 0.0547183 secs] 393436K->295324K(468260K), 0.0551468 secs] [Times: user=0.17 sys=0.00, real=0.06 secs] 
352.716: [GC352.716: [ParNew: 148608K->16446K(148608K), 0.1015139 secs]352.818: [Tenured: 387516K->162854K(387620K), 0.3895531 secs] 427484K->162854K(536228K), [Perm : 7363K->7363K(21248K)], 0.4973512 secs] [Times: user=0.75 sys=0.02, real=0.50 secs] 
353.339: [GC353.339: [ParNew: 132160K->16446K(148608K), 0.0808890 secs] 295014K->254621K(468260K), 0.0813287 secs] [Times: user=0.30 sys=0.00, real=0.08 secs] 
353.550: [GC353.550: [ParNew: 148606K->16446K(148608K), 0.0337788 secs] 386781K->284421K(468260K), 0.0342333 secs] [Times: user=0.13 sys=0.00, real=0.03 secs] 
353.711: [GC353.711: [ParNew: 148606K->16446K(148608K), 0.0942781 secs]353.806: [Tenured: 367038K->182864K(367076K), 0.3851349 secs] 416581K->182864K(515684K), [Perm : 7363K->7363K(21248K)], 0.4835381 secs] [Times: user=0.66 sys=0.03, real=0.48 secs] 
354.331: [GC354.331: [ParNew: 132160K->16446K(148608K), 0.1092150 secs] 315024K->297382K(468260K), 0.1096188 secs] [Times: user=0.40 sys=0.00, real=0.11 secs] 
354.583: [GC354.584: [ParNew: 148606K->16446K(148608K), 0.0623534 secs]354.646: [Tenured: 340936K->166911K(341156K), 0.3694876 secs] 429542K->166911K(489764K), [Perm : 7363K->7363K(21248K)], 0.4340738 secs] [Times: user=0.55 sys=0.00, real=0.43 secs] 
355.142: [GC355.142: [ParNew: 132160K->16446K(148608K), 0.0565650 secs] 299071K->234246K(468260K), 0.0569781 secs] [Times: user=0.23 sys=0.00, real=0.06 secs] 
355.330: [GC355.331: [ParNew: 148606K->16446K(148608K), 0.1010568 secs]355.432: [Tenured: 322823K->179482K(322916K), 0.3712365 secs] 366406K->179482K(471524K), [Perm : 7363K->7363K(21248K)], 0.4729351 secs] [Times: user=0.72 sys=0.00, real=0.47 secs] 
355.939: [GC355.939: [ParNew: 132160K->16446K(148608K), 0.0620342 secs] 311642K->258121K(468260K), 0.0625070 secs] [Times: user=0.27 sys=0.00, real=0.06 secs] 
356.137: [GC356.137: [ParNew: 148606K->16446K(148608K), 0.1076441 secs]356.245: [Tenured: 357002K->183342K(357092K), 0.3771467 secs] 390281K->183342K(505700K), [Perm : 7363K->7363K(21248K)], 0.4879400 secs] [Times: user=0.73 sys=0.00, real=0.49 secs] 
356.771: [GC356.772: [ParNew: 132160K->16448K(148608K), 0.0838579 secs] 315502K->278238K(468260K), 0.0842607 secs] [Times: user=0.31 sys=0.00, real=0.08 secs] 
356.987: [GC356.987: [ParNew: 148608K->16447K(148608K), 0.1147670 secs]357.102: [Tenured: 368710K->160867K(368804K), 0.3716948 secs] 410398K->160867K(517412K), [Perm : 7363K->7363K(21248K)], 0.4904445 secs] [Times: user=0.70 sys=0.05, real=0.49 secs] 
357.618: [GC357.618: [ParNew: 132160K->16447K(148608K), 0.0479113 secs] 293027K->221922K(468260K), 0.0483693 secs] [Times: user=0.19 sys=0.00, real=0.05 secs] 
357.804: [GC357.804: [ParNew: 148607K->16447K(148608K), 0.1055610 secs]357.910: [Tenured: 323387K->169476K(323492K), 0.3933152 secs] 354082K->169476K(472100K), [Perm : 7363K->7363K(21248K)], 0.4996090 secs] [Times: user=0.76 sys=0.00, real=0.50 secs] 
358.465: [GC358.465: [ParNew: 132160K->16447K(148608K), 0.1056502 secs] 301636K->294667K(468260K), 0.1061258 secs] [Times: user=0.39 sys=0.00, real=0.11 secs] 
358.696: [GC358.696: [ParNew: 148607K->16447K(148608K), 0.0931274 secs]358.789: [Tenured: 380396K->180239K(380516K), 0.3932360 secs] 426827K->180239K(529124K), [Perm : 7363K->7363K(21248K)], 0.4909528 secs] [Times: user=0.73 sys=0.02, real=0.49 secs] 
359.320: [GC359.320: [ParNew: 132160K->16446K(148608K), 0.0899827 secs] 312399K->289134K(468260K), 0.0903875 secs] [Times: user=0.34 sys=0.00, real=0.09 secs] 
359.554: [GC359.554: [ParNew: 148606K->16446K(148608K), 0.0864875 secs]359.640: [Tenured: 366567K->171336K(366884K), 0.3905916 secs] 421294K->171336K(515492K), [Perm : 7363K->7363K(21248K)], 0.4806648 secs] [Times: user=0.73 sys=0.00, real=0.48 secs] 
360.177: [GC360.177: [ParNew: 132160K->16446K(148608K), 0.1026646 secs] 303496K->296342K(468260K), 0.1031146 secs] [Times: user=0.41 sys=0.00, real=0.10 secs] 
360.423: [GC360.423: [ParNew: 148606K->16446K(148608K), 0.1200630 secs]360.543: [Tenured: 404128K->187376K(404132K), 0.3893389 secs] 428502K->187376K(552740K), [Perm : 7363K->7363K(21248K)], 0.5159821 secs] [Times: user=0.83 sys=0.01, real=0.52 secs] 
361.089: [GC361.090: [ParNew: 132160K->16446K(148608K), 0.0865940 secs] 319536K->295463K(468260K), 0.0871305 secs] [Times: user=0.31 sys=0.00, real=0.09 secs] 
361.315: [GC361.315: [ParNew: 148606K->16446K(148608K), 0.1020969 secs]361.418: [Tenured: 392032K->160402K(392036K), 0.3747170 secs] 427623K->160402K(540644K), [Perm : 7363K->7363K(21248K)], 0.4823893 secs] [Times: user=0.78 sys=0.02, real=0.48 secs] 
361.948: [GC361.948: [ParNew: 132160K->16446K(148608K), 0.0823300 secs] 292562K->259553K(468260K), 0.0827867 secs] [Times: user=0.31 sys=0.00, real=0.08 secs] 
362.168: [GC362.168: [ParNew: 148606K->16446K(148608K), 0.1166611 secs]362.284: [Tenured: 359962K->183893K(360164K), 0.3824158 secs] 391713K->183893K(508772K), [Perm : 7363K->7363K(21248K)], 0.5026934 secs] [Times: user=0.80 sys=0.00, real=0.50 secs] 
362.819: [GC362.819: [ParNew: 132160K->16446K(148608K), 0.0719307 secs] 316053K->271483K(468260K), 0.0725490 secs] [Times: user=0.25 sys=0.00, real=0.07 secs] 
363.027: [GC363.027: [ParNew: 148606K->16446K(148608K), 0.0652248 secs] 403643K->331643K(468260K), 0.0657267 secs] [Times: user=0.23 sys=0.00, real=0.07 secs] 
363.228: [GC363.228: [ParNew: 148606K->16448K(148608K), 0.0993792 secs]363.328: [Tenured: 415285K->166582K(415460K), 0.4137123 secs] 463803K->166582K(564068K), [Perm : 7363K->7363K(21248K)], 0.5202198 secs] [Times: user=0.78 sys=0.02, real=0.52 secs] 
363.897: [GC363.897: [ParNew: 132160K->16447K(148608K), 0.0733726 secs] 298742K->259326K(468260K), 0.0738454 secs] [Times: user=0.25 sys=0.00, real=0.07 secs] 
364.111: [GC364.112: [ParNew: 148607K->16447K(148608K), 0.1056505 secs]364.217: [Tenured: 339134K->177411K(339236K), 0.3740659 secs] 391486K->177411K(487844K), [Perm : 7363K->7363K(21248K)], 0.4814781 secs] [Times: user=0.75 sys=0.00, real=0.48 secs] 
364.736: [GC364.736: [ParNew: 132160K->16447K(148608K), 0.0906011 secs] 309571K->285195K(468260K), 0.0910206 secs] [Times: user=0.36 sys=0.00, real=0.09 secs] 
364.967: [GC364.967: [ParNew: 148607K->16447K(148608K), 0.1148087 secs]365.082: [Tenured: 388243K->161208K(388388K), 0.3755759 secs] 417355K->161208K(536996K), [Perm : 7363K->7363K(21248K)], 0.4956898 secs] [Times: user=0.81 sys=0.00, real=0.50 secs] 
365.615: [GC365.615: [ParNew: 132160K->16447K(148608K), 0.0718364 secs] 293368K->252879K(468260K), 0.0723024 secs] [Times: user=0.25 sys=0.00, real=0.07 secs] 
365.829: [GC365.829: [ParNew: 148607K->16446K(148608K), 0.1132711 secs]365.942: [Tenured: 357160K->176538K(357284K), 0.3746952 secs] 385039K->176538K(505892K), [Perm : 7363K->7363K(21248K)], 0.4909236 secs] [Times: user=0.80 sys=0.00, real=0.49 secs] 
366.460: [GC366.460: [ParNew: 132160K->16446K(148608K), 0.0959667 secs] 308698K->296953K(468260K), 0.0964340 secs] [Times: user=0.38 sys=0.00, real=0.10 secs] 
366.700: [GC366.700: [ParNew: 148606K->16446K(148608K), 0.0880600 secs]366.788: [Tenured: 372882K->180345K(373220K), 0.3736640 secs] 429113K->180345K(521828K), [Perm : 7363K->7363K(21248K)], 0.4658597 secs] [Times: user=0.69 sys=0.01, real=0.47 secs] 
367.307: [GC367.308: [ParNew: 132160K->16446K(148608K), 0.1076200 secs] 312505K->306999K(468260K), 0.1081912 secs] [Times: user=0.33 sys=0.00, real=0.11 secs] 
367.561: [GC367.561: [ParNew: 148606K->16446K(148608K), 0.0769150 secs]367.638: [Tenured: 371601K->164603K(371684K), 0.3768667 secs] 439159K->164603K(520292K), [Perm : 7363K->7363K(21248K)], 0.4577202 secs] [Times: user=0.55 sys=0.01, real=0.46 secs] 
368.156: [GC368.156: [ParNew: 132160K->16446K(148608K), 0.1003359 secs] 296763K->287833K(468260K), 0.1007977 secs] [Times: user=0.37 sys=0.00, real=0.10 secs] 
368.397: [GC368.397: [ParNew: 148606K->16446K(148608K), 0.1093542 secs]368.506: [Tenured: 390275K->167077K(390308K), 0.3915021 secs] 419993K->167077K(538916K), [Perm : 7363K->7363K(21248K)], 0.5061068 secs] [Times: user=0.75 sys=0.03, real=0.51 secs] 
369.042: [GC369.042: [ParNew: 132160K->16446K(148608K), 0.0274196 secs] 299237K->203875K(468260K), 0.0278994 secs] [Times: user=0.09 sys=0.00, real=0.03 secs] 
369.208: [GC369.208: [ParNew: 148606K->16446K(148608K), 0.0972675 secs] 336035K->313075K(468260K), 0.0977265 secs] [Times: user=0.36 sys=0.00, real=0.10 secs] 
369.442: [GC369.442: [ParNew: 148606K->16448K(148608K), 0.1032720 secs]369.546: [Tenured: 406533K->184486K(406628K), 0.3893597 secs] 445235K->184486K(555236K), [Perm : 7363K->7363K(21248K)], 0.4988932 secs] [Times: user=0.65 sys=0.02, real=0.50 secs] 
370.086: [GC370.087: [ParNew: 132160K->16447K(148608K), 0.0846113 secs] 316646K->289038K(468260K), 0.0850221 secs] [Times: user=0.36 sys=0.00, real=0.08 secs] 
370.314: [GC370.315: [ParNew: 148607K->16447K(148608K), 0.1151076 secs]370.430: [Tenured: 396686K->164691K(396836K), 0.3845204 secs] 421198K->164691K(545444K), [Perm : 7363K->7363K(21248K)], 0.5052239 secs] [Times: user=0.76 sys=0.02, real=0.51 secs] 
370.967: [GC370.967: [ParNew: 132160K->16447K(148608K), 0.0710712 secs] 296851K->253835K(468260K), 0.0715112 secs] [Times: user=0.23 sys=0.00, real=0.07 secs] 
371.182: [GC371.183: [ParNew: 148607K->16447K(148608K), 0.1351112 secs]371.318: [Tenured: 363107K->177883K(363236K), 0.3792542 secs] 385995K->177883K(511844K), [Perm : 7363K->7363K(21248K)], 0.5179888 secs] [Times: user=0.80 sys=0.00, real=0.52 secs] 
371.851: [GC371.851: [ParNew: 132160K->16447K(148608K), 0.0870308 secs] 310043K->288170K(468260K), 0.0874583 secs] [Times: user=0.30 sys=0.02, real=0.09 secs] 
372.079: [GC372.080: [ParNew: 148607K->16446K(148608K), 0.1068083 secs]372.186: [Tenured: 389371K->167959K(389540K), 0.3873764 secs] 420330K->167959K(538148K), [Perm : 7363K->7363K(21248K)], 0.4995561 secs] [Times: user=0.80 sys=0.03, real=0.50 secs] 
372.726: [GC372.726: [ParNew: 132160K->16446K(148608K), 0.0904817 secs] 300119K->280182K(468260K), 0.0909651 secs] [Times: user=0.31 sys=0.00, real=0.09 secs] 
372.955: [GC372.955: [ParNew: 148606K->16446K(148608K), 0.1087214 secs]373.064: [Tenured: 382111K->182728K(382244K), 0.3802369 secs] 412342K->182728K(530852K), [Perm : 7363K->7363K(21248K)], 0.4937777 secs] [Times: user=0.83 sys=0.00, real=0.49 secs] 
373.592: [GC373.592: [ParNew: 132160K->16446K(148608K), 0.0870443 secs] 314888K->284199K(468260K), 0.0874468 secs] [Times: user=0.33 sys=0.00, real=0.09 secs] 
373.815: [GC373.815: [ParNew: 148606K->16446K(148608K), 0.1058859 secs]373.921: [Tenured: 377104K->162322K(377252K), 0.3742048 secs] 416359K->162322K(525860K), [Perm : 7363K->7363K(21248K)], 0.4844364 secs] [Times: user=0.75 sys=0.02, real=0.48 secs] 
374.440: [GC374.440: [ParNew: 132160K->16446K(148608K), 0.1010947 secs] 294482K->286753K(468260K), 0.1015424 secs] [Times: user=0.37 sys=0.00, real=0.10 secs] 
374.695: [GC374.695: [ParNew: 148606K->16446K(148608K), 0.0929465 secs]374.788: [Tenured: 369442K->183274K(369764K), 0.3800377 secs] 418913K->183274K(518372K), [Perm : 7363K->7363K(21248K)], 0.4767773 secs] [Times: user=0.75 sys=0.00, real=0.48 secs] 
375.316: [GC375.316: [ParNew: 132160K->16446K(148608K), 0.1039677 secs] 315434K->311968K(468260K), 0.1044305 secs] [Times: user=0.37 sys=0.00, real=0.11 secs] 
375.566: [GC375.567: [ParNew: 148606K->16446K(148608K), 0.0884631 secs]375.655: [Tenured: 385482K->170631K(385508K), 0.3876747 secs] 444128K->170631K(534116K), [Perm : 7363K->7363K(21248K)], 0.4813113 secs] [Times: user=0.69 sys=0.02, real=0.48 secs] 
376.192: [GC376.193: [ParNew: 132160K->16448K(148608K), 0.1029128 secs] 302791K->299959K(468260K), 0.1033728 secs] [Times: user=0.37 sys=0.00, real=0.10 secs] 
376.436: [GC376.436: [ParNew: 148608K->16447K(148608K), 0.1089600 secs]376.545: [Tenured: 400815K->170666K(400868K), 0.3833863 secs] 432119K->170666K(549476K), [Perm : 7363K->7363K(21248K)], 0.4982059 secs] [Times: user=0.83 sys=0.00, real=0.50 secs] 
377.083: [GC377.083: [ParNew: 132160K->16447K(148608K), 0.0789644 secs] 302826K->270145K(468260K), 0.0793999 secs] [Times: user=0.31 sys=0.00, real=0.08 secs] 
377.306: [GC377.306: [ParNew: 148607K->16447K(148608K), 0.1135546 secs]377.419: [Tenured: 379522K->175269K(379748K), 0.3716381 secs] 402305K->175269K(528356K), [Perm : 7363K->7363K(21248K)], 0.4899140 secs] [Times: user=0.80 sys=0.02, real=0.49 secs] 
377.948: [GC377.948: [ParNew: 132160K->16447K(148608K), 0.0789233 secs] 307429K->274356K(468260K), 0.0793566 secs] [Times: user=0.30 sys=0.00, real=0.08 secs] 
378.170: [GC378.170: [ParNew: 148607K->16447K(148608K), 0.1117179 secs]378.282: [Tenured: 378109K->166744K(378212K), 0.3851259 secs] 406516K->166744K(526820K), [Perm : 7363K->7363K(21248K)], 0.5012826 secs] [Times: user=0.78 sys=0.01, real=0.50 secs] 
378.823: [GC378.823: [ParNew: 132160K->16446K(148608K), 0.0853634 secs] 298904K->270495K(468260K), 0.0858143 secs] [Times: user=0.36 sys=0.00, real=0.09 secs] 
379.051: [GC379.051: [ParNew: 148606K->16446K(148608K), 0.1113725 secs]379.163: [Tenured: 376848K->164343K(376868K), 0.3824745 secs] 402655K->164343K(525476K), [Perm : 7363K->7363K(21248K)], 0.4986950 secs] [Times: user=0.80 sys=0.02, real=0.50 secs] 
379.689: [GC379.689: [ParNew: 132160K->16446K(148608K), 0.0776998 secs] 296503K->261126K(468260K), 0.0782906 secs] [Times: user=0.30 sys=0.00, real=0.08 secs] 
379.910: [GC379.911: [ParNew: 148606K->16446K(148608K), 0.1170008 secs]380.028: [Tenured: 368135K->175428K(368228K), 0.3766669 secs] 393286K->175428K(516836K), [Perm : 7363K->7363K(21248K)], 0.4978117 secs] [Times: user=0.83 sys=0.00, real=0.50 secs] 
380.559: [GC380.559: [ParNew: 132160K->16446K(148608K), 0.0960164 secs] 307588K->291479K(468260K), 0.0964439 secs] [Times: user=0.37 sys=0.00, real=0.10 secs] 
380.794: [GC380.794: [ParNew: 148606K->16446K(148608K), 0.1066127 secs]380.901: [Tenured: 389876K->182852K(389924K), 0.3788382 secs] 423639K->182852K(538532K), [Perm : 7363K->7363K(21248K)], 0.4911651 secs] [Times: user=0.76 sys=0.05, real=0.49 secs] 
381.430: [GC381.430: [ParNew: 132160K->16446K(148608K), 0.1083532 secs] 315012K->310690K(468260K), 0.1088147 secs] [Times: user=0.42 sys=0.00, real=0.11 secs] 
381.696: [GC381.696: [ParNew: 148606K->16446K(148608K), 0.0948217 secs]381.791: [Tenured: 395156K->165555K(395300K), 0.3798039 secs] 442850K->165555K(543908K), [Perm : 7363K->7363K(21248K)], 0.4801776 secs] [Times: user=0.72 sys=0.01, real=0.48 secs] 
382.319: [GC382.319: [ParNew: 132159K->16446K(148608K), 0.1033679 secs] 297715K->292041K(468260K), 0.1037785 secs] [Times: user=0.37 sys=0.00, real=0.10 secs] 
382.576: [GC382.576: [ParNew: 148606K->16446K(148608K), 0.0964208 secs]382.673: [Tenured: 378483K->167929K(378596K), 0.3849431 secs] 424201K->167929K(527204K), [Perm : 7363K->7363K(21248K)], 0.4858986 secs] [Times: user=0.73 sys=0.00, real=0.49 secs] 
383.205: [GC383.206: [ParNew: 132160K->16448K(148608K), 0.1054956 secs] 300089K->294969K(468260K), 0.1058894 secs] [Times: user=0.44 sys=0.00, real=0.11 secs] 
383.454: [GC383.455: [ParNew: 148608K->16447K(148608K), 0.1123353 secs]383.567: [Tenured: 402825K->176777K(402980K), 0.3853883 secs] 427129K->176777K(551588K), [Perm : 7363K->7363K(21248K)], 0.5036844 secs] [Times: user=0.83 sys=0.02, real=0.50 secs] 
384.094: [GC384.095: [ParNew: 132160K->16447K(148608K), 0.0667039 secs] 308937K->260008K(468260K), 0.0671564 secs] [Times: user=0.30 sys=0.00, real=0.07 secs] 
384.306: [GC384.307: [ParNew: 148607K->16447K(148608K), 0.1105293 secs]384.417: [Tenured: 369665K->166414K(369764K), 0.3846407 secs] 392168K->166414K(518372K), [Perm : 7363K->7363K(21248K)], 0.4993849 secs] [Times: user=0.81 sys=0.01, real=0.50 secs] 
384.951: [GC384.952: [ParNew: 132160K->16447K(148608K), 0.0725641 secs] 298574K->257197K(468260K), 0.0730404 secs] [Times: user=0.22 sys=0.00, real=0.07 secs] 
385.163: [GC385.163: [ParNew: 148607K->16447K(148608K), 0.1204552 secs]385.283: [Tenured: 361182K->181404K(361316K), 0.3772763 secs] 389357K->181404K(509924K), [Perm : 7363K->7363K(21248K)], 0.5010221 secs] [Times: user=0.73 sys=0.00, real=0.50 secs] 
385.813: [GC385.813: [ParNew: 132160K->16446K(148608K), 0.0786969 secs] 313564K->281355K(468260K), 0.0791866 secs] [Times: user=0.31 sys=0.00, real=0.08 secs] 
386.034: [GC386.034: [ParNew: 148606K->16446K(148608K), 0.1150935 secs]386.149: [Tenured: 387724K->169132K(387812K), 0.3973178 secs] 413515K->169132K(536420K), [Perm : 7363K->7363K(21248K)], 0.5176139 secs] [Times: user=0.76 sys=0.01, real=0.52 secs] 
386.700: [GC386.700: [ParNew: 132160K->16446K(148608K), 0.0917252 secs] 301292K->277755K(468260K), 0.0921553 secs] [Times: user=0.36 sys=0.00, real=0.09 secs] 
386.932: [GC386.932: [ParNew: 148606K->16446K(148608K), 0.1116486 secs]387.044: [Tenured: 380836K->178174K(380900K), 0.3821698 secs] 409915K->178174K(529508K), [Perm : 7363K->7363K(21248K)], 0.4985375 secs] [Times: user=0.80 sys=0.03, real=0.50 secs] 
387.576: [GC387.576: [ParNew: 132160K->16446K(148608K), 0.0809172 secs] 310334K->277402K(468260K), 0.0815770 secs] [Times: user=0.26 sys=0.00, real=0.08 secs] 
387.782: [GC387.782: [ParNew: 148606K->16446K(148608K), 0.0921152 secs]387.874: [Tenured: 361591K->187301K(361700K), 0.4002363 secs] 409562K->187301K(510308K), [Perm : 7363K->7363K(21248K)], 0.4957864 secs] [Times: user=0.75 sys=0.03, real=0.50 secs] 
388.420: [GC388.420: [ParNew: 132160K->16446K(148608K), 0.1075132 secs] 319461K->313939K(468260K), 0.1079549 secs] [Times: user=0.38 sys=0.00, real=0.11 secs] 
388.678: [GC388.678: [ParNew: 148606K->16446K(148608K), 0.0899901 secs]388.768: [Tenured: 395037K->166637K(395300K), 0.3820371 secs] 446099K->166637K(543908K), [Perm : 7365K->7365K(21248K)], 0.4776891 secs] [Times: user=0.75 sys=0.02, real=0.48 secs] 
389.295: [GC389.296: [ParNew: 132160K->16446K(148608K), 0.0931097 secs] 298797K->281539K(468260K), 0.0936748 secs] [Times: user=0.37 sys=0.00, real=0.09 secs] 
389.523: [GC389.523: [ParNew: 148606K->16446K(148608K), 0.0498706 secs] 413699K->334347K(468260K), 0.0503081 secs] [Times: user=0.23 sys=0.00, real=0.05 secs] 
389.714: [GC389.714: [ParNew: 148606K->16448K(148608K), 0.0899150 secs]389.804: [Tenured: 405933K->162364K(406052K), 0.4043800 secs] 466507K->162364K(554660K), [Perm : 7365K->7365K(21248K)], 0.5011992 secs] [Times: user=0.67 sys=0.03, real=0.50 secs] 
390.356: [GC390.356: [ParNew: 132160K->16447K(148608K), 0.0989731 secs] 294524K->283908K(468260K), 0.0994208 secs] [Times: user=0.36 sys=0.00, real=0.10 secs] 
390.594: [GC390.594: [ParNew: 148607K->16447K(148608K), 0.0673370 secs]390.662: [Tenured: 336188K->182682K(336356K), 0.3780675 secs] 416068K->182682K(484964K), [Perm : 7365K->7365K(21248K)], 0.4471278 secs] [Times: user=0.62 sys=0.00, real=0.45 secs] 
391.180: [GC391.180: [ParNew: 132160K->16447K(148608K), 0.0971861 secs] 314842K->303289K(468260K), 0.0976149 secs] [Times: user=0.37 sys=0.00, real=0.10 secs] 
391.417: [GC391.417: [ParNew: 148607K->16447K(148608K), 0.1072291 secs]391.524: [Tenured: 402946K->185947K(402980K), 0.3857209 secs] 435449K->185947K(551588K), [Perm : 7365K->7365K(21248K)], 0.4994487 secs] [Times: user=0.81 sys=0.01, real=0.50 secs] 
392.071: [GC392.071: [ParNew: 132160K->16447K(148608K), 0.0917707 secs] 318107K->288874K(468260K), 0.0922431 secs] [Times: user=0.33 sys=0.00, real=0.09 secs] 
392.307: [GC392.307: [ParNew: 148607K->16446K(148608K), 0.1107894 secs]392.418: [Tenured: 394235K->166387K(394340K), 0.3831083 secs] 421034K->166387K(542948K), [Perm : 7365K->7365K(21248K)], 0.4995654 secs] [Times: user=0.76 sys=0.05, real=0.50 secs] 
392.961: [GC392.962: [ParNew: 132160K->16446K(148608K), 0.0821276 secs] 298547K->270434K(468260K), 0.0825564 secs] [Times: user=0.31 sys=0.00, real=0.08 secs] 
393.184: [GC393.184: [ParNew: 148606K->16446K(148608K), 0.1079600 secs]393.292: [Tenured: 374227K->164347K(374372K), 0.3820932 secs] 402594K->164347K(522980K), [Perm : 7365K->7365K(21248K)], 0.4944253 secs] [Times: user=0.77 sys=0.03, real=0.50 secs] 
393.821: [GC393.821: [ParNew: 132160K->16446K(148608K), 0.0868384 secs] 296507K->269362K(468260K), 0.0872614 secs] [Times: user=0.30 sys=0.00, real=0.09 secs] 
394.052: [GC394.052: [ParNew: 148606K->16446K(148608K), 0.1195736 secs]394.172: [Tenured: 376395K->177566K(376484K), 0.3787818 secs] 401522K->177566K(525092K), [Perm : 7365K->7365K(21248K)], 0.5029638 secs] [Times: user=0.80 sys=0.01, real=0.50 secs] 
394.699: [GC394.700: [ParNew: 132160K->16446K(148608K), 0.0855209 secs] 309726K->283892K(468260K), 0.0859622 secs] [Times: user=0.38 sys=0.00, real=0.09 secs] 
394.928: [GC394.928: [ParNew: 148606K->16446K(148608K), 0.1163285 secs]395.045: [Tenured: 392622K->180994K(392804K), 0.3769405 secs] 416052K->180994K(541412K), [Perm : 7365K->7365K(21248K)], 0.4989666 secs] [Times: user=0.80 sys=0.03, real=0.50 secs] 
395.576: [GC395.576: [ParNew: 132146K->16446K(148608K), 0.0859570 secs] 313140K->290787K(468260K), 0.0865000 secs] [Times: user=0.38 sys=0.00, real=0.09 secs] 
395.800: [GC395.801: [ParNew: 148606K->16446K(148608K), 0.0935087 secs]395.894: [Tenured: 378265K->163526K(378404K), 0.3755332 secs] 422947K->163526K(527012K), [Perm : 7365K->7365K(21248K)], 0.4736346 secs] [Times: user=0.72 sys=0.00, real=0.47 secs] 
396.420: [GC396.420: [ParNew: 132160K->16448K(148608K), 0.1052217 secs] 295686K->291950K(468260K), 0.1057021 secs] [Times: user=0.44 sys=0.00, real=0.11 secs] 
396.675: [GC396.675: [ParNew: 148608K->16447K(148608K), 0.0994898 secs]396.775: [Tenured: 384286K->161570K(384356K), 0.3780938 secs] 424110K->161570K(532964K), [Perm : 7365K->7365K(21248K)], 0.4829509 secs] [Times: user=0.64 sys=0.09, real=0.48 secs] 
397.302: [GC397.303: [ParNew: 132160K->16447K(148608K), 0.1017926 secs] 293730K->289370K(468260K), 0.1022650 secs] [Times: user=0.44 sys=0.00, real=0.10 secs] 
397.572: [GC397.573: [ParNew: 148607K->16447K(148608K), 0.1118414 secs]397.684: [Tenured: 394538K->187833K(394724K), 0.3911449 secs] 421530K->187833K(543332K), [Perm : 7365K->7365K(21248K)], 0.5086931 secs] [Times: user=0.84 sys=0.00, real=0.51 secs] 
398.209: [GC398.209: [ParNew: 132160K->16447K(148608K), 0.0770911 secs] 319993K->284744K(468260K), 0.0776151 secs] [Times: user=0.31 sys=0.00, real=0.08 secs] 
398.432: [GC398.432: [ParNew: 148607K->16446K(148608K), 0.1131294 secs]398.545: [Tenured: 394785K->160693K(394916K), 0.3780547 secs] 416904K->160693K(543524K), [Perm : 7365K->7365K(21248K)], 0.4975609 secs] [Times: user=0.87 sys=0.00, real=0.50 secs] 
399.082: [GC399.083: [ParNew: 132160K->16446K(148608K), 0.0852207 secs] 292853K->266804K(468260K), 0.0856469 secs] [Times: user=0.37 sys=0.00, real=0.09 secs] 
399.309: [GC399.309: [ParNew: 148606K->16446K(148608K), 0.1093372 secs]399.419: [Tenured: 372621K->176091K(372644K), 0.3840801 secs] 398964K->176091K(521252K), [Perm : 7365K->7365K(21248K)], 0.4975481 secs] [Times: user=0.80 sys=0.03, real=0.50 secs] 
399.959: [GC399.959: [ParNew: 132160K->16446K(148608K), 0.0821042 secs] 308251K->278578K(468260K), 0.0825263 secs] [Times: user=0.36 sys=0.00, real=0.08 secs] 
400.186: [GC400.186: [ParNew: 148606K->16446K(148608K), 0.1155755 secs]400.301: [Tenured: 386003K->163076K(386084K), 0.3763934 secs] 410738K->163076K(534692K), [Perm : 7365K->7365K(21248K)], 0.4973428 secs] [Times: user=0.76 sys=0.02, real=0.50 secs] 
400.828: [GC400.828: [ParNew: 132160K->16446K(148608K), 0.0833842 secs] 295236K->266818K(468260K), 0.0838586 secs] [Times: user=0.31 sys=0.00, real=0.08 secs] 
401.054: [GC401.054: [ParNew: 148606K->16446K(148608K), 0.1086864 secs]401.163: [Tenured: 371932K->179835K(372068K), 0.3741689 secs] 398978K->179835K(520676K), [Perm : 7365K->7365K(21248K)], 0.4875708 secs] [Times: user=0.78 sys=0.00, real=0.49 secs] 
401.701: [GC401.701: [ParNew: 132160K->16446K(148608K), 0.0784817 secs] 311995K->276682K(468260K), 0.0789775 secs] [Times: user=0.31 sys=0.00, real=0.08 secs] 
401.923: [GC401.923: [ParNew: 148606K->16446K(148608K), 0.1139517 secs]402.037: [Tenured: 386011K->160977K(386084K), 0.3725723 secs] 408842K->160977K(534692K), [Perm : 7365K->7365K(21248K)], 0.4916549 secs] [Times: user=0.83 sys=0.03, real=0.49 secs] 
402.570: [GC402.570: [ParNew: 132160K->16446K(148608K), 0.1003275 secs] 293137K->280281K(468260K), 0.1007708 secs] [Times: user=0.36 sys=0.00, real=0.10 secs] 
402.806: [GC402.806: [ParNew: 148606K->16446K(148608K), 0.1038256 secs]402.910: [Tenured: 377599K->181053K(377636K), 0.3842956 secs] 412441K->181053K(526244K), [Perm : 7365K->7365K(21248K)], 0.4931154 secs] [Times: user=0.80 sys=0.00, real=0.49 secs] 
403.443: [GC403.443: [ParNew: 132160K->16448K(148608K), 0.1060905 secs] 313213K->309557K(468260K), 0.1065084 secs] [Times: user=0.41 sys=0.00, real=0.11 secs] 
403.701: [GC403.701: [ParNew: 148608K->16447K(148608K), 0.0805160 secs]403.782: [Tenured: 380197K->165700K(380516K), 0.3814178 secs] 441717K->165700K(529124K), [Perm : 7365K->7365K(21248K)], 0.4666362 secs] [Times: user=0.70 sys=0.00, real=0.47 secs] 
404.307: [GC404.307: [ParNew: 132160K->16447K(148608K), 0.0980203 secs] 297860K->287227K(468260K), 0.0984962 secs] [Times: user=0.34 sys=0.00, real=0.10 secs] 
404.550: [GC404.550: [ParNew: 148607K->16447K(148608K), 0.1192359 secs]404.669: [Tenured: 397596K->159730K(397604K), 0.4124830 secs] 419387K->159730K(546212K), [Perm : 7365K->7365K(21248K)], 0.5386098 secs] [Times: user=0.80 sys=0.02, real=0.54 secs] 
405.250: [GC405.250: [ParNew: 132160K->16447K(148608K), 0.0164924 secs] 291890K->181273K(468260K), 0.0169067 secs] [Times: user=0.00 sys=0.00, real=0.02 secs] 
405.410: [GC405.410: [ParNew: 148607K->16446K(148608K), 0.1076492 secs] 313433K->299209K(468260K), 0.1080835 secs] [Times: user=0.44 sys=0.00, real=0.11 secs] 
405.663: [GC405.663: [ParNew: 148606K->16446K(148608K), 0.0946338 secs]405.758: [Tenured: 376762K->183988K(376868K), 0.3829979 secs] 431369K->183988K(525476K), [Perm : 7365K->7365K(21248K)], 0.4823328 secs] [Times: user=0.75 sys=0.00, real=0.48 secs] 
406.285: [GC406.285: [ParNew: 132160K->16446K(148608K), 0.0970536 secs] 316148K->304555K(468260K), 0.0975713 secs] [Times: user=0.36 sys=0.00, real=0.10 secs] 
406.528: [GC406.528: [ParNew: 148606K->16446K(148608K), 0.1155546 secs]406.644: [Tenured: 414524K->170691K(414692K), 0.3961042 secs] 436715K->170691K(563300K), [Perm : 7365K->7365K(21248K)], 0.5185674 secs] [Times: user=0.87 sys=0.03, real=0.52 secs] 
407.196: [GC407.197: [ParNew: 132160K->16446K(148608K), 0.0838124 secs] 302851K->271009K(468260K), 0.0843303 secs] [Times: user=0.33 sys=0.00, real=0.09 secs] 
407.423: [GC407.424: [ParNew: 148606K->16446K(148608K), 0.1089055 secs]407.533: [Tenured: 374443K->164910K(374564K), 0.3853623 secs] 403169K->164910K(523172K), [Perm : 7365K->7365K(21248K)], 0.4987790 secs] [Times: user=0.76 sys=0.06, real=0.50 secs] 
408.065: [GC408.065: [ParNew: 132160K->16446K(148608K), 0.0911521 secs] 297070K->271245K(468260K), 0.0915943 secs] [Times: user=0.34 sys=0.00, real=0.09 secs] 
408.297: [GC408.297: [ParNew: 148606K->16446K(148608K), 0.1075700 secs]408.405: [Tenured: 372342K->173832K(372452K), 0.3774219 secs] 403405K->173832K(521060K), [Perm : 7365K->7365K(21248K)], 0.4893027 secs] [Times: user=0.78 sys=0.00, real=0.49 secs] 
408.932: [GC408.933: [ParNew: 132160K->16446K(148608K), 0.0812110 secs] 305992K->274599K(468260K), 0.0816757 secs] [Times: user=0.31 sys=0.00, real=0.08 secs] 
409.156: [GC409.157: [ParNew: 148606K->16446K(148608K), 0.1110363 secs]409.268: [Tenured: 382320K->182337K(382820K), 0.3825579 secs] 406759K->182337K(531428K), [Perm : 7365K->7365K(21248K)], 0.4987117 secs] [Times: user=0.83 sys=0.00, real=0.50 secs] 
409.798: [GC409.798: [ParNew: 132160K->16448K(148608K), 0.0762367 secs] 314497K->277577K(468260K), 0.0767306 secs] [Times: user=0.30 sys=0.00, real=0.08 secs] 
410.017: [GC410.017: [ParNew: 148608K->16447K(148608K), 0.1092682 secs]410.126: [Tenured: 381673K->165679K(381860K), 0.4037793 secs] 409737K->165679K(530468K), [Perm : 7365K->7365K(21248K)], 0.5178227 secs] [Times: user=0.81 sys=0.03, real=0.52 secs] 
410.686: [GC410.686: [ParNew: 132160K->16447K(148608K), 0.0980206 secs] 297839K->276981K(468260K), 0.0984722 secs] [Times: user=0.37 sys=0.00, real=0.10 secs] 
410.917: [GC410.917: [ParNew: 148607K->16447K(148608K), 0.1004792 secs]411.018: [Tenured: 371031K->166204K(371108K), 0.3845303 secs] 409141K->166204K(519716K), [Perm : 7365K->7365K(21248K)], 0.4889028 secs] [Times: user=0.76 sys=0.00, real=0.49 secs] 
411.547: [GC411.548: [ParNew: 132160K->16447K(148608K), 0.1028609 secs] 298364K->294291K(468260K), 0.1032817 secs] [Times: user=0.42 sys=0.00, real=0.10 secs] 
411.797: [GC411.797: [ParNew: 148607K->16446K(148608K), 0.0962104 secs]411.893: [Tenured: 381324K->182176K(381476K), 0.3884899 secs] 426451K->182176K(530084K), [Perm : 7365K->7365K(21248K)], 0.4900160 secs] [Times: user=0.72 sys=0.01, real=0.49 secs] 
412.425: [GC412.425: [ParNew: 132160K->16446K(148608K), 0.0965170 secs] 314336K->300959K(468260K), 0.0969462 secs] [Times: user=0.37 sys=0.00, real=0.10 secs] 
412.689: [GC412.689: [ParNew: 148606K->16446K(148608K), 0.1189052 secs]412.808: [Tenured: 408424K->172642K(408548K), 0.3978187 secs] 433119K->172642K(557156K), [Perm : 7365K->7365K(21248K)], 0.5235209 secs] [Times: user=0.86 sys=0.02, real=0.52 secs] 
413.336: [GC413.337: [ParNew: 132160K->16446K(148608K), 0.0817123 secs] 304802K->273505K(468260K), 0.0822511 secs] [Times: user=0.31 sys=0.00, real=0.08 secs] 
413.561: [GC413.561: [ParNew: 148606K->16446K(148608K), 0.1063612 secs]413.667: [Tenured: 375250K->177359K(375332K), 0.3851615 secs] 405665K->177359K(523940K), [Perm : 7365K->7365K(21248K)], 0.4956575 secs] [Times: user=0.83 sys=0.00, real=0.50 secs] 
414.206: [GC414.206: [ParNew: 132160K->16446K(148608K), 0.0894577 secs] 309519K->287029K(468260K), 0.0898977 secs] [Times: user=0.31 sys=0.00, real=0.09 secs] 
414.437: [GC414.437: [ParNew: 148606K->16446K(148608K), 0.1132702 secs]414.550: [Tenured: 392487K->172495K(392804K), 0.3948877 secs] 419189K->172495K(541412K), [Perm : 7365K->7365K(21248K)], 0.5137056 secs] [Times: user=0.89 sys=0.00, real=0.51 secs] 
415.101: [GC415.101: [ParNew: 132160K->16446K(148608K), 0.0743082 secs] 304655K->260397K(468260K), 0.0747299 secs] [Times: user=0.26 sys=0.00, real=0.07 secs] 
415.310: [GC415.310: [ParNew: 148606K->16446K(148608K), 0.0952807 secs]415.405: [Tenured: 343639K->180090K(343652K), 0.3745165 secs] 392557K->180090K(492260K), [Perm : 7365K->7365K(21248K)], 0.4719906 secs] [Times: user=0.72 sys=0.05, real=0.47 secs] 
415.927: [GC415.927: [ParNew: 132160K->16446K(148608K), 0.0772957 secs] 312250K->275136K(468260K), 0.0778714 secs] [Times: user=0.31 sys=0.00, real=0.08 secs] 
416.148: [GC416.148: [ParNew: 148606K->16448K(148608K), 0.1141069 secs]416.262: [Tenured: 382738K->177795K(382820K), 0.3719729 secs] 407296K->177795K(531428K), [Perm : 7365K->7365K(21248K)], 0.4907809 secs] [Times: user=0.64 sys=0.03, real=0.49 secs] 
416.788: [GC416.789: [ParNew: 132160K->16447K(148608K), 0.0940263 secs] 309955K->289762K(468260K), 0.0944365 secs] [Times: user=0.36 sys=0.00, real=0.09 secs] 
417.024: [GC417.024: [ParNew: 148607K->16447K(148608K), 0.1129671 secs]417.137: [Tenured: 395123K->168887K(395300K), 0.3879149 secs] 421922K->168887K(543908K), [Perm : 7365K->7365K(21248K)], 0.5067043 secs] [Times: user=0.83 sys=0.05, real=0.51 secs] 
417.679: [GC417.679: [ParNew: 132160K->16447K(148608K), 0.1017400 secs] 301047K->295318K(468260K), 0.1021252 secs] [Times: user=0.40 sys=0.00, real=0.10 secs] 
417.914: [GC417.914: [ParNew: 148607K->16447K(148608K), 0.0978487 secs]418.012: [Tenured: 385007K->163929K(385124K), 0.3876679 secs] 427478K->163929K(533732K), [Perm : 7365K->7365K(21248K)], 0.4904753 secs] [Times: user=0.80 sys=0.02, real=0.44 secs] 
418.547: [GC418.547: [ParNew: 132160K->16447K(148608K), 0.1007034 secs] 296089K->286408K(468260K), 0.1011194 secs] [Times: user=0.31 sys=0.00, real=0.09 secs] 
418.796: [GC418.796: [ParNew: 148607K->16446K(148608K), 0.1076409 secs]418.904: [Tenured: 382057K->174475K(382244K), 0.3833462 secs] 418568K->174475K(530852K), [Perm : 7365K->7365K(21248K)], 0.4958858 secs] [Times: user=0.76 sys=0.03, real=0.48 secs] 
419.423: [GC419.423: [ParNew: 132160K->16446K(148608K), 0.0808454 secs] 306635K->274162K(468260K), 0.0812716 secs] [Times: user=0.28 sys=0.00, real=0.08 secs] 
419.647: [GC419.647: [ParNew: 148606K->16446K(148608K), 0.1143196 secs]419.761: [Tenured: 383163K->184335K(383204K), 0.3801714 secs] 406322K->184335K(531812K), [Perm : 7365K->7365K(21248K)], 0.4993451 secs] [Times: user=0.84 sys=0.02, real=0.49 secs] 
420.301: [GC420.302: [ParNew: 132160K->16446K(148608K), 0.0857858 secs] 316495K->289357K(468260K), 0.0862377 secs] [Times: user=0.33 sys=0.00, real=0.09 secs] 
420.527: [GC420.528: [ParNew: 148606K->16446K(148608K), 0.1099619 secs]420.638: [Tenured: 393055K->163228K(393188K), 0.3769386 secs] 421517K->163228K(541796K), [Perm : 7365K->7365K(21248K)], 0.4926876 secs] [Times: user=0.80 sys=0.00, real=0.49 secs] 
421.163: [GC421.164: [ParNew: 132160K->16446K(148608K), 0.0854811 secs] 295388K->269578K(468260K), 0.0859131 secs] [Times: user=0.31 sys=0.00, real=0.09 secs] 
421.389: [GC421.389: [ParNew: 148606K->16446K(148608K), 0.1098471 secs]421.499: [Tenured: 371028K->166733K(371108K), 0.3836192 secs] 401738K->166733K(519716K), [Perm : 7365K->7365K(21248K)], 0.4976950 secs] [Times: user=0.78 sys=0.00, real=0.50 secs] 
422.038: [GC422.039: [ParNew: 132160K->16446K(148608K), 0.0858364 secs] 298893K->271379K(468260K), 0.0862341 secs] [Times: user=0.31 sys=0.00, real=0.09 secs] 
422.266: [GC422.266: [ParNew: 148606K->16446K(148608K), 0.1155473 secs]422.382: [Tenured: 377693K->175774K(377828K), 0.3806342 secs] 403539K->175774K(526436K), [Perm : 7365K->7365K(21248K)], 0.5011912 secs] [Times: user=0.86 sys=0.00, real=0.50 secs] 
422.918: [GC422.918: [ParNew: 132160K->16446K(148608K), 0.0688008 secs] 307934K->254908K(468260K), 0.0694127 secs] [Times: user=0.26 sys=0.00, real=0.07 secs] 
423.124: [GC423.124: [ParNew: 148606K->16448K(148608K), 0.1092673 secs]423.233: [Tenured: 356894K->184229K(356900K), 0.3787834 secs] 387068K->184229K(505508K), [Perm : 7365K->7365K(21248K)], 0.4909733 secs] [Times: user=0.80 sys=0.02, real=0.49 secs] 
423.751: [GC423.751: [ParNew: 132160K->16447K(148608K), 0.0966992 secs] 316389K->304652K(468260K), 0.0971774 secs] [Times: user=0.37 sys=0.00, real=0.10 secs] 
423.995: [GC423.995: [ParNew: 148607K->16447K(148608K), 0.0799500 secs]424.075: [Tenured: 363429K->162761K(363620K), 0.3751365 secs] 436812K->162761K(512228K), [Perm : 7365K->7365K(21248K)], 0.4588202 secs] [Times: user=0.61 sys=0.02, real=0.46 secs] 
424.593: [GC424.594: [ParNew: 132160K->16447K(148608K), 0.0971623 secs] 294921K->282352K(468260K), 0.0976607 secs] [Times: user=0.38 sys=0.00, real=0.10 secs] 
424.834: [GC424.834: [ParNew: 148607K->16447K(148608K), 0.1156877 secs]424.950: [Tenured: 393289K->162983K(393380K), 0.3860041 secs] 414512K->162983K(541988K), [Perm : 7365K->7365K(21248K)], 0.5074773 secs] [Times: user=0.80 sys=0.03, real=0.51 secs] 
425.487: [GC425.487: [ParNew: 132160K->16447K(148608K), 0.0517831 secs] 295143K->229782K(468260K), 0.0521901 secs] [Times: user=0.19 sys=0.00, real=0.05 secs] 
425.681: [GC425.682: [ParNew: 148607K->16446K(148608K), 0.1095155 secs]425.791: [Tenured: 335383K->175602K(335396K), 0.3624382 secs] 361942K->175602K(484004K), [Perm : 7365K->7365K(21248K)], 0.4734306 secs] [Times: user=0.80 sys=0.02, real=0.47 secs] 
426.309: [GC426.309: [ParNew: 132160K->16446K(148608K), 0.0877964 secs] 307762K->283225K(468260K), 0.0882046 secs] [Times: user=0.38 sys=0.00, real=0.09 secs] 
426.534: [GC426.534: [ParNew: 148606K->16446K(148608K), 0.1017432 secs]426.636: [Tenured: 379010K->171711K(379172K), 0.3918328 secs] 415385K->171711K(527780K), [Perm : 7365K->7365K(21248K)], 0.4981883 secs] [Times: user=0.75 sys=0.03, real=0.50 secs] 
427.182: [GC427.182: [ParNew: 132160K->16446K(148608K), 0.0817312 secs] 303871K->271446K(468260K), 0.0822768 secs] [Times: user=0.38 sys=0.00, real=0.08 secs] 
427.407: [GC427.407: [ParNew: 148606K->16446K(148608K), 0.1115976 secs]427.519: [Tenured: 379447K->177775K(379556K), 0.3757988 secs] 403606K->177775K(528164K), [Perm : 7365K->7365K(21248K)], 0.4920622 secs] [Times: user=0.81 sys=0.00, real=0.49 secs] 
428.049: [GC428.049: [ParNew: 132160K->16446K(148608K), 0.0827752 secs] 309935K->281453K(468260K), 0.0834394 secs] [Times: user=0.30 sys=0.00, real=0.08 secs] 
428.263: [GC428.263: [ParNew: 148606K->16446K(148608K), 0.0967868 secs]428.360: [Tenured: 370903K->168953K(370916K), 0.3873273 secs] 413613K->168953K(519524K), [Perm : 7365K->7365K(21248K)], 0.4883678 secs] [Times: user=0.76 sys=0.00, real=0.49 secs] 
428.890: [GC428.891: [ParNew: 132160K->16446K(148608K), 0.1127301 secs] 301113K->293368K(468260K), 0.1132108 secs] [Times: user=0.41 sys=0.00, real=0.11 secs] 
429.152: [GC429.152: [ParNew: 148606K->16446K(148608K), 0.0983163 secs]429.251: [Tenured: 382065K->185567K(382244K), 0.3854717 secs] 425528K->185567K(530852K), [Perm : 7365K->7365K(21248K)], 0.4888932 secs] [Times: user=0.76 sys=0.00, real=0.49 secs] 
429.784: [GC429.784: [ParNew: 132160K->16446K(148608K), 0.1030969 secs] 317727K->311293K(468260K), 0.1035209 secs] [Times: user=0.41 sys=0.00, real=0.10 secs] 
430.044: [GC430.044: [ParNew: 148606K->16448K(148608K), 0.1070283 secs]430.151: [Tenured: 401619K->167151K(401636K), 0.3855730 secs] 443453K->167151K(550244K), [Perm : 7365K->7365K(21248K)], 0.4989047 secs] [Times: user=0.80 sys=0.03, real=0.50 secs] 
430.665: [GC430.666: [ParNew: 132160K->16447K(148608K), 0.0681930 secs] 299311K->245930K(468260K), 0.0687196 secs] [Times: user=0.22 sys=0.00, real=0.07 secs] 
430.873: [GC430.873: [ParNew: 148607K->16447K(148608K), 0.1008856 secs]430.974: [Tenured: 343659K->178984K(343844K), 0.3761374 secs] 378090K->178984K(492452K), [Perm : 7365K->7365K(21248K)], 0.4790628 secs] [Times: user=0.78 sys=0.02, real=0.48 secs] 
431.495: [GC431.495: [ParNew: 132160K->16447K(148608K), 0.0817344 secs] 311144K->269343K(468260K), 0.0822396 secs] [Times: user=0.30 sys=0.00, real=0.08 secs] 
431.718: [GC431.718: [ParNew: 148607K->16447K(148608K), 0.1178042 secs]431.836: [Tenured: 377560K->162822K(377636K), 0.3771304 secs] 401503K->162822K(526244K), [Perm : 7365K->7365K(21248K)], 0.4995019 secs] [Times: user=0.69 sys=0.03, real=0.50 secs] 
432.379: [GC432.380: [ParNew: 132160K->16447K(148608K), 0.0902649 secs] 294982K->262173K(468260K), 0.0906620 secs] [Times: user=0.30 sys=0.00, real=0.09 secs] 
432.609: [GC432.609: [ParNew: 148607K->16446K(148608K), 0.1085767 secs]432.718: [Tenured: 365166K->187565K(365348K), 0.3894704 secs] 394333K->187565K(513956K), [Perm : 7365K->7365K(21248K)], 0.5018300 secs] [Times: user=0.77 sys=0.05, real=0.50 secs] 
433.257: [GC433.257: [ParNew: 132160K->16446K(148608K), 0.0751578 secs] 319725K->280979K(468260K), 0.0755949 secs] [Times: user=0.31 sys=0.00, real=0.08 secs] 
433.475: [GC433.475: [ParNew: 148606K->16446K(148608K), 0.1157025 secs]433.591: [Tenured: 389613K->183003K(389732K), 0.3798308 secs] 413139K->183003K(538340K), [Perm : 7365K->7365K(21248K)], 0.5010346 secs] [Times: user=0.80 sys=0.02, real=0.50 secs] 
434.118: [GC434.119: [ParNew: 132160K->16446K(148608K), 0.0545060 secs] 315163K->251113K(468260K), 0.0549133 secs] [Times: user=0.20 sys=0.00, real=0.06 secs] 
434.303: [GC434.304: [ParNew: 148606K->16446K(148608K), 0.0600807 secs] 383273K->317033K(468260K), 0.0606022 secs] [Times: user=0.25 sys=0.00, real=0.06 secs] 
434.502: [GC434.503: [ParNew: 148606K->16446K(148608K), 0.1042785 secs]434.607: [Tenured: 413619K->165502K(413732K), 0.3904002 secs] 449193K->165502K(562340K), [Perm : 7365K->7365K(21248K)], 0.5016831 secs] [Times: user=0.72 sys=0.05, real=0.50 secs] 
435.143: [GC435.143: [ParNew: 132160K->16446K(148608K), 0.0718062 secs] 297662K->255941K(468260K), 0.0725112 secs] [Times: user=0.23 sys=0.00, real=0.07 secs] 
435.354: [GC435.355: [ParNew: 148606K->16446K(148608K), 0.1055504 secs]435.460: [Tenured: 357094K->166310K(357284K), 0.3945872 secs] 388101K->166310K(505892K), [Perm : 7365K->7365K(21248K)], 0.5031347 secs] [Times: user=0.80 sys=0.02, real=0.50 secs] 
435.996: [GC435.996: [ParNew: 132160K->16446K(148608K), 0.0755215 secs] 298470K->260740K(468260K), 0.0759881 secs] [Times: user=0.31 sys=0.00, real=0.08 secs] 
436.213: [GC436.213: [ParNew: 148606K->16448K(148608K), 0.0863996 secs]436.300: [Tenured: 338366K->183111K(338468K), 0.3784966 secs] 392900K->183111K(487076K), [Perm : 7365K->7365K(21248K)], 0.4669537 secs] [Times: user=0.70 sys=0.00, real=0.47 secs] 
436.822: [GC436.822: [ParNew: 132160K->16447K(148608K), 0.1055174 secs] 315271K->311326K(468260K), 0.1061479 secs] [Times: user=0.41 sys=0.00, real=0.11 secs] 
437.053: [GC437.054: [ParNew: 148607K->16447K(148608K), 0.0646811 secs]437.118: [Tenured: 345983K->180640K(346148K), 0.3723202 secs] 443486K->180640K(494756K), [Perm : 7365K->7365K(21248K)], 0.4392804 secs] [Times: user=0.55 sys=0.00, real=0.44 secs] 
437.639: [GC437.640: [ParNew: 132160K->16447K(148608K), 0.0863669 secs] 312800K->283807K(468260K), 0.0868198 secs] [Times: user=0.28 sys=0.00, real=0.09 secs] 
437.868: [GC437.868: [ParNew: 148607K->16447K(148608K), 0.1139924 secs]437.982: [Tenured: 390976K->160704K(391076K), 0.3735149 secs] 415967K->160704K(539684K), [Perm : 7365K->7365K(21248K)], 0.4928037 secs] [Times: user=0.81 sys=0.06, real=0.49 secs] 
438.513: [GC438.513: [ParNew: 132160K->16447K(148608K), 0.0507597 secs] 292864K->226383K(468260K), 0.0511615 secs] [Times: user=0.19 sys=0.00, real=0.05 secs] 
438.705: [GC438.705: [ParNew: 148607K->16446K(148608K), 0.1145457 secs]438.820: [Tenured: 331960K->167848K(332132K), 0.3831160 secs] 358543K->167848K(480740K), [Perm : 7365K->7365K(21248K)], 0.4990141 secs] [Times: user=0.78 sys=0.00, real=0.50 secs] 
439.357: [GC439.358: [ParNew: 132160K->16446K(148608K), 0.0689765 secs] 300008K->251903K(468260K), 0.0694919 secs] [Times: user=0.25 sys=0.00, real=0.07 secs] 
439.563: [GC439.563: [ParNew: 148606K->16446K(148608K), 0.1021197 secs]439.665: [Tenured: 349232K->182451K(349412K), 0.3891962 secs] 384063K->182451K(498020K), [Perm : 7365K->7365K(21248K)], 0.4939285 secs] [Times: user=0.78 sys=0.00, real=0.49 secs] 
440.206: [GC440.206: [ParNew: 132160K->16446K(148608K), 0.0884801 secs] 314611K->291922K(468260K), 0.0889253 secs] [Times: user=0.33 sys=0.00, real=0.09 secs] 
440.435: [GC440.436: [ParNew: 148606K->16446K(148608K), 0.1085697 secs]440.544: [Tenured: 393867K->166893K(393956K), 0.3828462 secs] 424082K->166893K(542564K), [Perm : 7366K->7366K(21248K)], 0.4971658 secs] [Times: user=0.83 sys=0.00, real=0.50 secs] 
441.073: [GC441.074: [ParNew: 132160K->16446K(148608K), 0.1004071 secs] 299053K->288371K(468260K), 0.1009593 secs] [Times: user=0.34 sys=0.00, real=0.10 secs] 
441.318: [GC441.319: [ParNew: 148606K->16446K(148608K), 0.0993875 secs]441.418: [Tenured: 378389K->176315K(378596K), 0.3895470 secs] 420531K->176315K(527204K), [Perm : 7366K->7366K(21248K)], 0.4935167 secs] [Times: user=0.70 sys=0.03, real=0.49 secs] 
441.954: [GC441.954: [ParNew: 132160K->16446K(148608K), 0.0998144 secs] 308475K->300721K(468260K), 0.1002191 secs] [Times: user=0.44 sys=0.00, real=0.10 secs] 
442.207: [GC442.207: [ParNew: 148606K->16446K(148608K), 0.0743053 secs]442.282: [Tenured: 364443K->170465K(364580K), 0.3874685 secs] 432881K->170465K(513188K), [Perm : 7366K->7366K(21248K)], 0.4656708 secs] [Times: user=0.64 sys=0.00, real=0.47 secs] 
442.799: [GC442.800: [ParNew: 132160K->16448K(148608K), 0.0754968 secs] 302625K->263705K(468260K), 0.0760086 secs] [Times: user=0.25 sys=0.00, real=0.08 secs] 
443.017: [GC443.017: [ParNew: 148608K->16447K(148608K), 0.1109068 secs]443.128: [Tenured: 371913K->181578K(372068K), 0.4078021 secs] 395865K->181578K(520676K), [Perm : 7366K->7366K(21248K)], 0.5226960 secs] [Times: user=0.78 sys=0.02, real=0.52 secs] 
443.680: [GC443.680: [ParNew: 132160K->16447K(148608K), 0.0842303 secs] 313738K->277561K(468260K), 0.0846697 secs] [Times: user=0.26 sys=0.00, real=0.09 secs] 
443.903: [GC443.903: [ParNew: 148607K->16447K(148608K), 0.1103250 secs]444.014: [Tenured: 380258K->162107K(380324K), 0.3746900 secs] 409721K->162107K(528932K), [Perm : 7366K->7366K(21248K)], 0.4895731 secs] [Times: user=0.76 sys=0.03, real=0.49 secs] 
444.543: [GC444.543: [ParNew: 132160K->16447K(148608K), 0.0922624 secs] 294267K->264474K(468260K), 0.0926585 secs] [Times: user=0.33 sys=0.00, real=0.09 secs] 
444.776: [GC444.776: [ParNew: 148607K->16446K(148608K), 0.1148892 secs]444.891: [Tenured: 370883K->182799K(370916K), 0.3842674 secs] 396634K->182799K(519524K), [Perm : 7366K->7366K(21248K)], 0.5037543 secs] [Times: user=0.84 sys=0.01, real=0.50 secs] 
445.432: [GC445.432: [ParNew: 132160K->16446K(148608K), 0.0817447 secs] 314959K->282502K(468260K), 0.0822861 secs] [Times: user=0.36 sys=0.00, real=0.08 secs] 
445.653: [GC445.653: [ParNew: 148606K->16446K(148608K), 0.1090591 secs]445.762: [Tenured: 383911K->167043K(383972K), 0.3862314 secs] 414662K->167043K(532580K), [Perm : 7366K->7366K(21248K)], 0.5003063 secs] [Times: user=0.81 sys=0.03, real=0.50 secs] 
446.306: [GC446.306: [ParNew: 132160K->16446K(148608K), 0.0892467 secs] 299203K->275730K(468260K), 0.0896700 secs] [Times: user=0.37 sys=0.00, real=0.09 secs] 
446.536: [GC446.536: [ParNew: 148606K->16446K(148608K), 0.1041653 secs]446.640: [Tenured: 373907K->183024K(373988K), 0.3835198 secs] 407890K->183024K(522596K), [Perm : 7366K->7366K(21248K)], 0.4920166 secs] [Times: user=0.81 sys=0.02, real=0.49 secs] 
447.169: [GC447.170: [ParNew: 132160K->16446K(148608K), 0.1017916 secs] 315184K->307830K(468260K), 0.1023731 secs] [Times: user=0.28 sys=0.00, real=0.10 secs] 
447.422: [GC447.422: [ParNew: 148606K->16446K(148608K), 0.0891633 secs]447.512: [Tenured: 381536K->162554K(381668K), 0.3847228 secs] 439990K->162554K(530276K), [Perm : 7366K->7366K(21248K)], 0.4786016 secs] [Times: user=0.65 sys=0.03, real=0.48 secs] 
448.043: [GC448.044: [ParNew: 132160K->16446K(148608K), 0.1018958 secs] 294714K->289912K(468260K), 0.1023426 secs] [Times: user=0.36 sys=0.00, real=0.10 secs] 
448.304: [GC448.304: [ParNew: 148606K->16446K(148608K), 0.1110636 secs]448.415: [Tenured: 394538K->182009K(394724K), 0.3868892 secs] 422072K->182009K(543332K), [Perm : 7366K->7366K(21248K)], 0.5038304 secs] [Times: user=0.84 sys=0.01, real=0.50 secs] 
448.937: [GC448.938: [ParNew: 132160K->16446K(148608K), 0.0799487 secs] 314169K->282015K(468260K), 0.0805231 secs] [Times: user=0.28 sys=0.00, real=0.08 secs] 
449.162: [GC449.162: [ParNew: 148606K->16448K(148608K), 0.1180742 secs]449.281: [Tenured: 393001K->166854K(393188K), 0.3881356 secs] 414175K->166854K(541796K), [Perm : 7366K->7366K(21248K)], 0.5120517 secs] [Times: user=0.78 sys=0.01, real=0.51 secs] 
449.820: [GC449.820: [ParNew: 132160K->16447K(148608K), 0.0756558 secs] 299014K->256437K(468260K), 0.0760670 secs] [Times: user=0.25 sys=0.00, real=0.08 secs] 
450.037: [GC450.037: [ParNew: 148607K->16447K(148608K), 0.1087240 secs]450.146: [Tenured: 360126K->180334K(360164K), 0.3869476 secs] 388597K->180334K(508772K), [Perm : 7366K->7366K(21248K)], 0.4988422 secs] [Times: user=0.73 sys=0.08, real=0.50 secs] 
450.681: [GC450.681: [ParNew: 132160K->16447K(148608K), 0.0880084 secs] 312494K->290269K(468260K), 0.0884413 secs] [Times: user=0.37 sys=0.00, real=0.09 secs] 
450.909: [GC450.909: [ParNew: 148607K->16447K(148608K), 0.1099866 secs]451.019: [Tenured: 394998K->185106K(395108K), 0.3883969 secs] 422429K->185106K(543716K), [Perm : 7366K->7366K(21248K)], 0.5044089 secs] [Times: user=0.81 sys=0.03, real=0.51 secs] 
451.563: [GC451.563: [ParNew: 132160K->16447K(148608K), 0.0854535 secs] 317266K->293553K(468260K), 0.0859032 secs] [Times: user=0.37 sys=0.00, real=0.09 secs] 
451.790: [GC451.790: [ParNew: 148607K->16446K(148608K), 0.1141502 secs]451.904: [Tenured: 399642K->160689K(399716K), 0.3747317 secs] 425713K->160689K(548324K), [Perm : 7366K->7366K(21248K)], 0.4949724 secs] [Times: user=0.78 sys=0.03, real=0.50 secs] 
452.441: [GC452.441: [ParNew: 132160K->16446K(148608K), 0.0865016 secs] 292849K->266967K(468260K), 0.0870773 secs] [Times: user=0.31 sys=0.00, real=0.09 secs] 
452.669: [GC452.669: [ParNew: 148606K->16446K(148608K), 0.1153792 secs]452.785: [Tenured: 371753K->165139K(371876K), 0.3822484 secs] 399127K->165139K(520484K), [Perm : 7366K->7366K(21248K)], 0.5017563 secs] [Times: user=0.81 sys=0.00, real=0.50 secs] 
453.324: [GC453.324: [ParNew: 132160K->16446K(148608K), 0.0969815 secs] 297299K->284964K(468260K), 0.0975074 secs] [Times: user=0.42 sys=0.00, real=0.10 secs] 
453.554: [GC453.554: [ParNew: 148606K->16446K(148608K), 0.1003907 secs]453.655: [Tenured: 376982K->175305K(377060K), 0.3738501 secs] 417124K->175305K(525668K), [Perm : 7366K->7366K(21248K)], 0.4787642 secs] [Times: user=0.72 sys=0.02, real=0.48 secs] 
454.175: [GC454.176: [ParNew: 132160K->16446K(148608K), 0.1051784 secs] 307465K->304047K(468260K), 0.1056095 secs] [Times: user=0.42 sys=0.00, real=0.11 secs] 
454.421: [GC454.421: [ParNew: 148606K->16446K(148608K), 0.0699345 secs]454.491: [Tenured: 362513K->187805K(362660K), 0.3899646 secs] 436207K->187805K(511268K), [Perm : 7366K->7366K(21248K)], 0.4635329 secs] [Times: user=0.64 sys=0.00, real=0.46 secs] 
455.025: [GC455.026: [ParNew: 132160K->16446K(148608K), 0.0998314 secs] 319965K->311091K(468260K), 0.1003310 secs] [Times: user=0.42 sys=0.00, real=0.10 secs] 
455.269: [GC455.269: [ParNew: 148606K->16446K(148608K), 0.1205053 secs]455.390: [Tenured: 421453K->164665K(421604K), 0.3892905 secs] 443251K->164665K(570212K), [Perm : 7366K->7366K(21248K)], 0.5177114 secs] [Times: user=0.87 sys=0.00, real=0.52 secs] 
455.938: [GC455.938: [ParNew: 132160K->16446K(148608K), 0.0729345 secs] 296825K->255944K(468260K), 0.0733941 secs] [Times: user=0.25 sys=0.00, real=0.07 secs] 
456.155: [GC456.155: [ParNew: 148606K->16448K(148608K), 0.1124629 secs]456.267: [Tenured: 365305K->165964K(365348K), 0.3837577 secs] 388104K->165964K(513956K), [Perm : 7366K->7366K(21248K)], 0.4998028 secs] [Times: user=0.80 sys=0.03, real=0.50 secs] 
456.794: [GC456.794: [ParNew: 132160K->16447K(148608K), 0.0772004 secs] 298124K->261715K(468260K), 0.0776257 secs] [Times: user=0.31 sys=0.00, real=0.08 secs] 
457.011: [GC457.011: [ParNew: 148607K->16447K(148608K), 0.1074850 secs]457.118: [Tenured: 363100K->181438K(363236K), 0.3795720 secs] 393875K->181438K(511844K), [Perm : 7366K->7366K(21248K)], 0.4907110 secs] [Times: user=0.76 sys=0.00, real=0.49 secs] 
457.648: [GC457.648: [ParNew: 132160K->16447K(148608K), 0.0770978 secs] 313598K->277869K(468260K), 0.0775115 secs] [Times: user=0.31 sys=0.00, real=0.08 secs] 
457.863: [GC457.863: [ParNew: 148607K->16447K(148608K), 0.1162692 secs]457.980: [Tenured: 380678K->189589K(380708K), 0.3932507 secs] 410029K->189589K(529316K), [Perm : 7366K->7366K(21248K)], 0.5148801 secs] [Times: user=0.86 sys=0.03, real=0.52 secs] 
458.520: [GC458.520: [ParNew: 132160K->16447K(148608K), 0.0778451 secs] 321749K->285644K(468260K), 0.0782726 secs] [Times: user=0.23 sys=0.00, real=0.08 secs] 
458.741: [GC458.741: [ParNew: 148607K->16446K(148608K), 0.1133638 secs]458.855: [Tenured: 392621K->168652K(392996K), 0.3882321 secs] 417804K->168652K(541604K), [Perm : 7366K->7366K(21248K)], 0.5076893 secs] [Times: user=0.81 sys=0.01, real=0.51 secs] 
459.392: [GC459.392: [ParNew: 132160K->16446K(148608K), 0.1078846 secs] 300812K->295746K(468260K), 0.1082987 secs] [Times: user=0.39 sys=0.00, real=0.11 secs] 
459.645: [GC459.646: [ParNew: 148606K->16446K(148608K), 0.0863900 secs]459.732: [Tenured: 374604K->161132K(374756K), 0.3822208 secs] 427906K->161132K(523364K), [Perm : 7366K->7366K(21248K)], 0.4734900 secs] [Times: user=0.70 sys=0.02, real=0.47 secs] 
460.256: [GC460.256: [ParNew: 132160K->16446K(148608K), 0.0685266 secs] 293292K->247307K(468260K), 0.0689643 secs] [Times: user=0.25 sys=0.00, real=0.07 secs] 
460.472: [GC460.472: [ParNew: 148606K->16446K(148608K), 0.0961742 secs]460.568: [Tenured: 331476K->182902K(331556K), 0.3871638 secs] 379467K->182902K(480164K), [Perm : 7366K->7366K(21248K)], 0.4847504 secs] [Times: user=0.75 sys=0.02, real=0.48 secs] 
461.089: [GC461.090: [ParNew: 132160K->16446K(148608K), 0.0628659 secs] 315062K->262020K(468260K), 0.0633380 secs] [Times: user=0.25 sys=0.00, real=0.06 secs] 
461.295: [GC461.295: [ParNew: 148606K->16446K(148608K), 0.1105620 secs]461.406: [Tenured: 366830K->180557K(366884K), 0.3767821 secs] 394180K->180557K(515492K), [Perm : 7366K->7366K(21248K)], 0.4919657 secs] [Times: user=0.80 sys=0.02, real=0.49 secs] 
461.938: [GC461.938: [ParNew: 132160K->16446K(148608K), 0.0756985 secs] 312717K->274260K(468260K), 0.0761263 secs] [Times: user=0.31 sys=0.00, real=0.08 secs] 
462.155: [GC462.155: [ParNew: 148606K->16446K(148608K), 0.1117304 secs]462.267: [Tenured: 380517K->168707K(380708K), 0.4020262 secs] 406420K->168707K(529316K), [Perm : 7366K->7366K(21248K)], 0.5185360 secs] [Times: user=0.81 sys=0.02, real=0.52 secs] 
462.814: [GC462.814: [ParNew: 132160K->16448K(148608K), 0.0757258 secs] 300867K->264139K(468260K), 0.0761421 secs] [Times: user=0.19 sys=0.00, real=0.08 secs] 
463.011: [GC463.011: [ParNew: 148608K->16447K(148608K), 0.0507741 secs] 396299K->319227K(468260K), 0.0512911 secs] [Times: user=0.25 sys=0.00, real=0.05 secs] 
463.209: [GC463.209: [ParNew: 148607K->16447K(148608K), 0.1020976 secs]463.311: [Tenured: 412451K->167299K(412580K), 0.3975073 secs] 451387K->167299K(561188K), [Perm : 7366K->7366K(21248K)], 0.5068037 secs] [Times: user=0.75 sys=0.00, real=0.51 secs] 
463.869: [GC463.869: [ParNew: 132160K->16447K(148608K), 0.0418010 secs] 299459K->222226K(468260K), 0.0422115 secs] [Times: user=0.17 sys=0.00, real=0.04 secs] 
464.048: [GC464.049: [ParNew: 148607K->16447K(148608K), 0.1015677 secs]464.150: [Tenured: 320603K->179333K(320612K), 0.3892077 secs] 354386K->179333K(469220K), [Perm : 7366K->7366K(21248K)], 0.4912293 secs] [Times: user=0.70 sys=0.00, real=0.49 secs] 
464.684: [GC464.684: [ParNew: 132160K->16447K(148608K), 0.0719332 secs] 311493K->270284K(468260K), 0.0723704 secs] [Times: user=0.30 sys=0.00, real=0.07 secs] 
464.893: [GC464.894: [ParNew: 148606K->16446K(148608K), 0.1082689 secs]465.002: [Tenured: 373765K->185999K(373796K), 0.3872754 secs] 402444K->185999K(522404K), [Perm : 7366K->7366K(21248K)], 0.5000475 secs] [Times: user=0.81 sys=0.00, real=0.50 secs] 
465.535: [GC465.535: [ParNew: 132160K->16446K(148608K), 0.0625487 secs] 318159K->261574K(468260K), 0.0630137 secs] [Times: user=0.23 sys=0.00, real=0.06 secs] 
465.735: [GC465.736: [ParNew: 148606K->16446K(148608K), 0.1011518 secs]465.837: [Tenured: 359175K->161399K(359588K), 0.3689517 secs] 393734K->161399K(508196K), [Perm : 7366K->7366K(21248K)], 0.4735496 secs] [Times: user=0.73 sys=0.00, real=0.47 secs] 
466.351: [GC466.352: [ParNew: 132160K->16446K(148608K), 0.1062708 secs] 293559K->290670K(468260K), 0.1067191 secs] [Times: user=0.42 sys=0.00, real=0.11 secs] 
466.600: [GC466.600: [ParNew: 148606K->16446K(148608K), 0.0964686 secs]466.697: [Tenured: 380207K->170296K(380324K), 0.3946776 secs] 422830K->170296K(528932K), [Perm : 7366K->7366K(21248K)], 0.4955410 secs] [Times: user=0.78 sys=0.00, real=0.49 secs] 
467.236: [GC467.236: [ParNew: 132160K->16446K(148608K), 0.1076983 secs] 302456K->297335K(468260K), 0.1081114 secs] [Times: user=0.36 sys=0.00, real=0.11 secs] 
467.498: [GC467.498: [ParNew: 148606K->16446K(148608K), 0.1199594 secs]467.618: [Tenured: 395315K->169955K(395492K), 0.3932026 secs] 429495K->169955K(544100K), [Perm : 7366K->7366K(21248K)], 0.5190206 secs] [Times: user=0.84 sys=0.00, real=0.52 secs] 
468.150: [GC468.150: [ParNew: 132160K->16446K(148608K), 0.0928827 secs] 302115K->282126K(468260K), 0.0933192 secs] [Times: user=0.37 sys=0.00, real=0.09 secs] 
468.386: [GC468.386: [ParNew: 148606K->16446K(148608K), 0.1126653 secs]468.499: [Tenured: 392167K->177919K(392228K), 0.3747218 secs] 414286K->177919K(540836K), [Perm : 7366K->7366K(21248K)], 0.4931789 secs] [Times: user=0.81 sys=0.00, real=0.49 secs] 
469.025: [GC469.026: [ParNew: 132160K->16446K(148608K), 0.0832393 secs] 310079K->281653K(468260K), 0.0836584 secs] [Times: user=0.31 sys=0.00, real=0.08 secs] 
469.252: [GC469.252: [ParNew: 148606K->16448K(148608K), 0.1114844 secs]469.363: [Tenured: 388095K->166899K(388196K), 0.3886263 secs] 413813K->166899K(536804K), [Perm : 7366K->7366K(21248K)], 0.5054962 secs] [Times: user=0.78 sys=0.05, real=0.51 secs] 
469.903: [GC469.903: [ParNew: 132160K->16447K(148608K), 0.0860606 secs] 299059K->273955K(468260K), 0.0864667 secs] [Times: user=0.36 sys=0.00, real=0.09 secs] 
470.128: [GC470.129: [ParNew: 148607K->16447K(148608K), 0.1097268 secs]470.238: [Tenured: 377387K->163237K(377444K), 0.3758344 secs] 406115K->163237K(526052K), [Perm : 7366K->7366K(21248K)], 0.4900936 secs] [Times: user=0.83 sys=0.03, real=0.49 secs] 
470.760: [GC470.760: [ParNew: 132160K->16447K(148608K), 0.0754153 secs] 295397K->256460K(468260K), 0.0759394 secs] [Times: user=0.31 sys=0.00, real=0.08 secs] 
470.975: [GC470.975: [ParNew: 148607K->16447K(148608K), 0.1117118 secs]471.087: [Tenured: 358501K->179061K(358628K), 0.3760614 secs] 388620K->179061K(507236K), [Perm : 7366K->7366K(21248K)], 0.4909044 secs] [Times: user=0.80 sys=0.00, real=0.49 secs] 
471.609: [GC471.609: [ParNew: 132160K->16447K(148608K), 0.0763961 secs] 311221K->270244K(468260K), 0.0768595 secs] [Times: user=0.30 sys=0.00, real=0.08 secs] 
471.829: [GC471.829: [ParNew: 148607K->16446K(148608K), 0.1151762 secs]471.945: [Tenured: 376901K->163903K(377060K), 0.3801525 secs] 402404K->163903K(525668K), [Perm : 7366K->7366K(21248K)], 0.4997826 secs] [Times: user=0.78 sys=0.03, real=0.50 secs] 
472.468: [GC472.469: [ParNew: 132160K->16446K(148608K), 0.1111290 secs] 296063K->292245K(468260K), 0.1115742 secs] [Times: user=0.44 sys=0.00, real=0.11 secs] 
472.723: [GC472.724: [ParNew: 148606K->16446K(148608K), 0.0713168 secs]472.795: [Tenured: 352231K->181491K(352292K), 0.3796320 secs] 424405K->181491K(500900K), [Perm : 7366K->7366K(21248K)], 0.4536166 secs] [Times: user=0.64 sys=0.00, real=0.45 secs] 
473.320: [GC473.321: [ParNew: 132160K->16446K(148608K), 0.1053429 secs] 313651K->310434K(468260K), 0.1057939 secs] [Times: user=0.42 sys=0.00, real=0.11 secs] 
473.570: [GC473.570: [ParNew: 148606K->16446K(148608K), 0.1140819 secs]473.684: [Tenured: 419819K->163885K(419876K), 0.3854717 secs] 442594K->163885K(568484K), [Perm : 7366K->7366K(21248K)], 0.5068435 secs] [Times: user=0.81 sys=0.03, real=0.51 secs] 
474.227: [GC474.228: [ParNew: 132160K->16446K(148608K), 0.0831033 secs] 296045K->267651K(468260K), 0.0835876 secs] [Times: user=0.36 sys=0.00, real=0.08 secs] 
474.455: [GC474.456: [ParNew: 148606K->16446K(148608K), 0.1150906 secs]474.571: [Tenured: 377325K->180101K(377444K), 0.3810031 secs] 399811K->180101K(526052K), [Perm : 7366K->7366K(21248K)], 0.5005657 secs] [Times: user=0.81 sys=0.00, real=0.50 secs] 
475.104: [GC475.104: [ParNew: 132160K->16446K(148608K), 0.0818233 secs] 312261K->281875K(468260K), 0.0822389 secs] [Times: user=0.38 sys=0.00, real=0.08 secs] 
475.310: [GC475.310: [ParNew: 148606K->16446K(148608K), 0.0838691 secs]475.394: [Tenured: 355965K->183885K(356132K), 0.3786942 secs] 414035K->183885K(504740K), [Perm : 7366K->7366K(21248K)], 0.4659896 secs] [Times: user=0.69 sys=0.00, real=0.47 secs] 
475.919: [GC475.919: [ParNew: 132160K->16446K(148608K), 0.0784153 secs] 316045K->282499K(468260K), 0.0788428 secs] [Times: user=0.31 sys=0.00, real=0.08 secs] 
476.135: [GC476.135: [ParNew: 148606K->16448K(148608K), 0.1088792 secs]476.244: [Tenured: 384157K->161690K(384164K), 0.3776439 secs] 414659K->161690K(532772K), [Perm : 7366K->7366K(21248K)], 0.4914717 secs] [Times: user=0.73 sys=0.03, real=0.49 secs] 
476.771: [GC476.772: [ParNew: 132160K->16447K(148608K), 0.0831039 secs] 293850K->263641K(468260K), 0.0835090 secs] [Times: user=0.31 sys=0.00, real=0.08 secs] 
476.990: [GC476.991: [ParNew: 148607K->16447K(148608K), 0.0704336 secs]477.061: [Tenured: 326114K->164976K(326180K), 0.3737384 secs] 395801K->164976K(474788K), [Perm : 7366K->7366K(21248K)], 0.4450691 secs] [Times: user=0.67 sys=0.00, real=0.44 secs] 
477.576: [GC477.577: [ParNew: 132160K->16447K(148608K), 0.1036601 secs] 297136K->290191K(468260K), 0.1040735 secs] [Times: user=0.39 sys=0.00, real=0.10 secs] 
477.831: [GC477.831: [ParNew: 148607K->16447K(148608K), 0.0940257 secs]477.925: [Tenured: 374152K->183305K(374180K), 0.3868716 secs] 422351K->183305K(522788K), [Perm : 7366K->7366K(21248K)], 0.4851972 secs] [Times: user=0.73 sys=0.00, real=0.48 secs] 
478.460: [GC478.460: [ParNew: 132160K->16446K(148608K), 0.1035126 secs] 315465K->311927K(468260K), 0.1041736 secs] [Times: user=0.28 sys=0.00, real=0.10 secs] 
478.718: [GC478.718: [ParNew: 148606K->16446K(148608K), 0.0773204 secs]478.795: [Tenured: 373681K->166834K(373796K), 0.3998749 secs] 444087K->166834K(522404K), [Perm : 7366K->7366K(21248K)], 0.4815201 secs] [Times: user=0.66 sys=0.02, real=0.48 secs] 
479.329: [GC479.329: [ParNew: 132160K->16446K(148608K), 0.0956537 secs] 298994K->281185K(468260K), 0.0962226 secs] [Times: user=0.33 sys=0.00, real=0.10 secs] 
479.557: [GC479.557: [ParNew: 148606K->16446K(148608K), 0.0597594 secs]479.617: [Tenured: 322594K->178773K(322724K), 0.3781317 secs] 413345K->178773K(471332K), [Perm : 7366K->7366K(21248K)], 0.4385395 secs] [Times: user=0.59 sys=0.00, real=0.44 secs] 
480.148: [GC480.148: [ParNew: 132160K->16446K(148608K), 0.0784410 secs] 310933K->276675K(468260K), 0.0789949 secs] [Times: user=0.31 sys=0.00, real=0.08 secs] 
480.365: [GC480.365: [ParNew: 148606K->16446K(148608K), 0.1135213 secs]480.479: [Tenured: 368661K->166430K(368804K), 0.4044470 secs] 408835K->166430K(517412K), [Perm : 7366K->7366K(21248K)], 0.5218657 secs] [Times: user=0.77 sys=0.00, real=0.52 secs] 
481.038: [GC481.038: [ParNew: 132160K->16446K(148608K), 0.0767226 secs] 298590K->257108K(468260K), 0.0771597 secs] [Times: user=0.30 sys=0.00, real=0.08 secs] 
481.245: [GC481.245: [ParNew: 148606K->16446K(148608K), 0.0684910 secs] 389268K->329028K(468260K), 0.0689829 secs] [Times: user=0.23 sys=0.00, real=0.07 secs] 
481.456: [GC481.457: [ParNew: 148606K->16446K(148608K), 0.0847005 secs]481.541: [Tenured: 402974K->184993K(403172K), 0.4101068 secs] 461188K->184993K(551780K), [Perm : 7366K->7366K(21248K)], 0.5013281 secs] [Times: user=0.67 sys=0.05, real=0.50 secs] 
482.093: [GC482.093: [ParNew: 132159K->16448K(148608K), 0.0619630 secs] 317153K->263593K(468260K), 0.0624393 secs] [Times: user=0.20 sys=0.00, real=0.06 secs] 
482.291: [GC482.291: [ParNew: 148608K->16447K(148608K), 0.0982951 secs]482.390: [Tenured: 345617K->164558K(345764K), 0.3917677 secs] 395753K->164558K(494372K), [Perm : 7369K->7369K(21248K)], 0.4931446 secs] [Times: user=0.70 sys=0.00, real=0.49 secs] 
482.945: [GC482.945: [ParNew: 132160K->16447K(148608K), 0.0803342 secs] 296718K->265389K(468260K), 0.0807858 secs] [Times: user=0.28 sys=0.00, real=0.08 secs] 
483.169: [GC483.170: [ParNew: 148607K->16447K(148608K), 0.0441400 secs] 397549K->311069K(468260K), 0.0447356 secs] [Times: user=0.17 sys=0.00, real=0.05 secs] 
483.354: [GC483.354: [ParNew: 148607K->16447K(148608K), 0.1036357 secs]483.458: [Tenured: 407494K->184025K(407588K), 0.4014008 secs] 443229K->184025K(556196K), [Perm : 7369K->7369K(21248K)], 0.5115257 secs] [Times: user=0.80 sys=0.03, real=0.51 secs] 
484.021: [GC484.021: [ParNew: 132160K->16447K(148608K), 0.0203218 secs] 316185K->212504K(468260K), 0.0207307 secs] [Times: user=0.06 sys=0.00, real=0.02 secs] 
484.180: [GC484.180: [ParNew: 148607K->16446K(148608K), 0.1043285 secs] 344664K->329408K(468260K), 0.1048003 secs] [Times: user=0.40 sys=0.00, real=0.10 secs] 
484.416: [GC484.416: [ParNew: 148606K->16446K(148608K), 0.0680490 secs]484.484: [Tenured: 380193K->164437K(380324K), 0.3791605 secs] 461568K->164437K(528932K), [Perm : 7369K->7369K(21248K)], 0.4519655 secs] [Times: user=0.66 sys=0.00, real=0.45 secs] 
485.013: [GC485.013: [ParNew: 132160K->16446K(148608K), 0.0718406 secs] 296597K->252051K(468260K), 0.0726055 secs] [Times: user=0.20 sys=0.00, real=0.07 secs] 
485.224: [GC485.225: [ParNew: 148606K->16446K(148608K), 0.1052217 secs]485.330: [Tenured: 353549K->190432K(353636K), 0.3911471 secs] 384211K->190432K(502244K), [Perm : 7369K->7369K(21248K)], 0.4990478 secs] [Times: user=0.81 sys=0.00, real=0.50 secs] 
485.871: [GC485.872: [ParNew: 132160K->16446K(148608K), 0.0789644 secs] 322592K->288999K(468260K), 0.0793736 secs] [Times: user=0.31 sys=0.00, real=0.08 secs] 
486.091: [GC486.091: [ParNew: 148606K->16446K(148608K), 0.1159559 secs]486.207: [Tenured: 393256K->178974K(393380K), 0.3746891 secs] 421159K->178974K(541988K), [Perm : 7369K->7369K(21248K)], 0.4962091 secs] [Times: user=0.76 sys=0.02, real=0.50 secs] 
486.744: [GC486.745: [ParNew: 132160K->16446K(148608K), 0.0946556 secs] 311134K->296971K(468260K), 0.0951270 secs] [Times: user=0.37 sys=0.00, real=0.10 secs] 
486.974: [GC486.974: [ParNew: 148606K->16446K(148608K), 0.0973734 secs]487.072: [Tenured: 385228K->171712K(385316K), 0.3940634 secs] 429131K->171712K(533924K), [Perm : 7371K->7371K(21248K)], 0.4964419 secs] [Times: user=0.75 sys=0.03, real=0.50 secs] 
487.614: [GC487.614: [ParNew: 132160K->16446K(148608K), 0.1054302 secs] 303872K->299806K(468260K), 0.1059488 secs] [Times: user=0.42 sys=0.00, real=0.11 secs] 
487.875: [GC487.875: [ParNew: 148606K->16446K(148608K), 0.0896373 secs]487.965: [Tenured: 378552K->161139K(378596K), 0.3749184 secs] 431966K->161139K(527204K), [Perm : 7371K->7371K(21248K)], 0.4690464 secs] [Times: user=0.72 sys=0.00, real=0.47 secs] 
488.487: [GC488.487: [ParNew: 132160K->16448K(148608K), 0.1038654 secs] 293299K->288515K(468260K), 0.1042996 secs] [Times: user=0.44 sys=0.00, real=0.10 secs] 
488.742: [GC488.742: [ParNew: 148608K->16447K(148608K), 0.0668575 secs]488.809: [Tenured: 341667K->179848K(341732K), 0.3808732 secs] 420675K->179848K(490340K), [Perm : 7371K->7371K(21248K)], 0.4498058 secs] [Times: user=0.62 sys=0.00, real=0.45 secs] 
489.338: [GC489.338: [ParNew: 132160K->16447K(148608K), 0.0808759 secs] 312008K->269312K(468260K), 0.0814115 secs] [Times: user=0.28 sys=0.00, real=0.08 secs] 
489.560: [GC489.560: [ParNew: 148607K->16447K(148608K), 0.0783473 secs]489.639: [Tenured: 338240K->178272K(338276K), 0.3674187 secs] 401472K->178272K(486884K), [Perm : 7371K->7371K(21248K)], 0.4478401 secs] [Times: user=0.69 sys=0.00, real=0.45 secs] 
490.146: [GC490.146: [ParNew: 132160K->16447K(148608K), 0.0529428 secs] 310432K->243463K(468260K), 0.0533915 secs] [Times: user=0.17 sys=0.00, real=0.05 secs] 
490.340: [GC490.340: [ParNew: 148607K->16447K(148608K), 0.1063734 secs]490.446: [Tenured: 346840K->171315K(346916K), 0.3908723 secs] 375623K->171315K(495524K), [Perm : 7371K->7371K(21248K)], 0.5001212 secs] [Times: user=0.81 sys=0.02, real=0.50 secs] 
490.992: [GC490.992: [ParNew: 132160K->16446K(148608K), 0.0731177 secs] 303475K->261786K(468260K), 0.0735747 secs] [Times: user=0.31 sys=0.00, real=0.07 secs] 
491.194: [GC491.194: [ParNew: 148606K->16446K(148608K), 0.0936979 secs]491.288: [Tenured: 344179K->158064K(344228K), 0.3787122 secs] 393946K->158064K(492836K), [Perm : 7371K->7371K(21248K)], 0.4748527 secs] [Times: user=0.72 sys=0.00, real=0.47 secs] 
491.810: [GC491.811: [ParNew: 132160K->16446K(148608K), 0.0730917 secs] 290224K->249031K(468260K), 0.0737145 secs] [Times: user=0.30 sys=0.00, real=0.07 secs] 
492.013: [GC492.013: [ParNew: 148606K->16446K(148608K), 0.0887550 secs]492.102: [Tenured: 331712K->180203K(331748K), 0.3693581 secs] 381191K->180203K(480356K), [Perm : 7371K->7371K(21248K)], 0.4593959 secs] [Times: user=0.72 sys=0.02, real=0.46 secs] 
492.610: [GC492.610: [ParNew: 132160K->16446K(148608K), 0.1117076 secs] 312363K->302497K(468260K), 0.1121922 secs] [Times: user=0.39 sys=0.00, real=0.11 secs] 
492.870: [GC492.870: [ParNew: 148606K->16446K(148608K), 0.0430746 secs]492.913: [Tenured: 331579K->171957K(331748K), 0.3782917 secs] 434657K->171957K(480356K), [Perm : 7371K->7371K(21248K)], 0.4226479 secs] [Times: user=0.56 sys=0.00, real=0.42 secs] 
493.432: [GC493.432: [ParNew: 132160K->16446K(148608K), 0.1002650 secs] 304117K->294723K(468260K), 0.1009260 secs] [Times: user=0.37 sys=0.00, real=0.10 secs] 
493.677: [GC493.677: [ParNew: 148606K->16446K(148608K), 0.1161563 secs]493.793: [Tenured: 404253K->173701K(404516K), 0.4163560 secs] 426883K->173701K(553124K), [Perm : 7371K->7371K(21248K)], 0.5387904 secs] [Times: user=0.72 sys=0.05, real=0.54 secs] 
494.360: [GC494.360: [ParNew: 132160K->16446K(148608K), 0.0816475 secs] 305861K->272995K(468260K), 0.0820901 secs] [Times: user=0.31 sys=0.00, real=0.08 secs] 
494.573: [GC494.573: [ParNew: 148606K->16448K(148608K), 0.0942852 secs]494.667: [Tenured: 335165K->166133K(335396K), 0.3843370 secs] 405155K->166133K(484004K), [Perm : 7371K->7371K(21248K)], 0.4806750 secs] [Times: user=0.67 sys=0.00, real=0.48 secs] 
495.206: [GC495.206: [ParNew: 132160K->16447K(148608K), 0.0825151 secs] 298293K->269164K(468260K), 0.0829663 secs] [Times: user=0.31 sys=0.00, real=0.08 secs] 
495.416: [GC495.417: [ParNew: 148607K->16447K(148608K), 0.0526333 secs] 401324K->313572K(468260K), 0.0530868 secs] [Times: user=0.14 sys=0.00, real=0.05 secs] 
495.604: [GC495.605: [ParNew: 148607K->16447K(148608K), 0.0993407 secs]495.704: [Tenured: 400181K->181262K(400292K), 0.4160901 secs] 445732K->181262K(548900K), [Perm : 7371K->7371K(21248K)], 0.5213500 secs] [Times: user=0.72 sys=0.03, real=0.52 secs] 
496.259: [GC496.259: [ParNew: 132160K->16447K(148608K), 0.0699034 secs] 313422K->250125K(468260K), 0.0703762 secs] [Times: user=0.20 sys=0.00, real=0.07 secs] 
496.464: [GC496.464: [ParNew: 148607K->16446K(148608K), 0.0539813 secs] 382285K->306484K(468260K), 0.0545050 secs] [Times: user=0.19 sys=0.00, real=0.05 secs] 
496.658: [GC496.658: [ParNew: 148606K->16446K(148608K), 0.0523572 secs]496.710: [Tenured: 338742K->179964K(338852K), 0.3700992 secs] 438644K->179964K(487460K), [Perm : 7371K->7371K(21248K)], 0.4244109 secs] [Times: user=0.53 sys=0.00, real=0.42 secs] 
497.236: [GC497.236: [ParNew: 132160K->16446K(148608K), 0.0278298 secs] 312124K->211699K(468260K), 0.0282634 secs] [Times: user=0.09 sys=0.00, real=0.03 secs] 
497.402: [GC497.403: [ParNew: 148606K->16446K(148608K), 0.0895029 secs] 343859K->297291K(468260K), 0.0899125 secs] [Times: user=0.33 sys=0.00, real=0.09 secs] 
497.633: [GC497.633: [ParNew: 148606K->16446K(148608K), 0.1128584 secs]497.746: [Tenured: 403812K->162964K(403940K), 0.3842436 secs] 429451K->162964K(552548K), [Perm : 7371K->7371K(21248K)], 0.5042062 secs] [Times: user=0.83 sys=0.00, real=0.50 secs] 
498.285: [GC498.286: [ParNew: 132160K->16446K(148608K), 0.0600737 secs] 295124K->239195K(468260K), 0.0604999 secs] [Times: user=0.25 sys=0.00, real=0.06 secs] 
498.485: [GC498.485: [ParNew: 148606K->16446K(148608K), 0.1103988 secs]498.596: [Tenured: 344060K->166451K(344228K), 0.3853238 secs] 371355K->166451K(492836K), [Perm : 7371K->7371K(21248K)], 0.4980821 secs] [Times: user=0.81 sys=0.00, real=0.50 secs] 
499.123: [GC499.123: [ParNew: 132160K->16446K(148608K), 0.0763364 secs] 298611K->256089K(468260K), 0.0767752 secs] [Times: user=0.31 sys=0.00, real=0.08 secs] 
499.326: [GC499.327: [ParNew: 148606K->16446K(148608K), 0.0601462 secs] 388249K->320777K(468260K), 0.0605705 secs] [Times: user=0.25 sys=0.00, real=0.06 secs] 
499.505: [GC499.505: [ParNew: 148606K->16448K(148608K), 0.0647626 secs]499.570: [Tenured: 372275K->185708K(372644K), 0.4018373 secs] 452937K->185708K(521252K), [Perm : 7371K->7371K(21248K)], 0.4706785 secs] [Times: user=0.62 sys=0.00, real=0.47 secs] 
500.121: [GC500.122: [ParNew: 132160K->16447K(148608K), 0.0742222 secs] 317868K->272883K(468260K), 0.0747100 secs] [Times: user=0.28 sys=0.00, real=0.07 secs] 
500.332: [GC500.332: [ParNew: 148607K->16447K(148608K), 0.0843724 secs]500.416: [Tenured: 349036K->182750K(349220K), 0.3932581 secs] 405043K->182750K(497828K), [Perm : 7371K->7371K(21248K)], 0.4803024 secs] [Times: user=0.69 sys=0.00, real=0.48 secs] 
500.955: [GC500.955: [ParNew: 132160K->16447K(148608K), 0.0625666 secs] 314910K->263125K(468260K), 0.0630913 secs] [Times: user=0.25 sys=0.00, real=0.06 secs] 
501.155: [GC501.155: [ParNew: 148607K->16447K(148608K), 0.0768922 secs]501.232: [Tenured: 326718K->162277K(326756K), 0.3637262 secs] 395285K->162277K(475364K), [Perm : 7371K->7371K(21248K)], 0.4415960 secs] [Times: user=0.62 sys=0.00, real=0.44 secs] 
501.737: [GC501.738: [ParNew: 132160K->16446K(148608K), 0.1028089 secs] 294437K->287683K(468260K), 0.1032823 secs] [Times: user=0.37 sys=0.00, real=0.10 secs] 
501.977: [GC501.977: [ParNew: 148606K->16446K(148608K), 0.0510971 secs]502.028: [Tenured: 319685K->168751K(320036K), 0.3982408 secs] 419843K->168751K(468644K), [Perm : 7371K->7371K(21248K)], 0.4498148 secs] [Times: user=0.51 sys=0.00, real=0.45 secs] 
502.556: [GC502.556: [ParNew: 132160K->16446K(148608K), 0.0513729 secs] 300911K->233662K(468260K), 0.0518039 secs] [Times: user=0.23 sys=0.00, real=0.05 secs] 
502.744: [GC502.744: [ParNew: 148606K->16446K(148608K), 0.0768047 secs] 365822K->317190K(468260K), 0.0773201 secs] [Times: user=0.30 sys=0.00, real=0.08 secs] 
502.964: [GC502.965: [ParNew: 148606K->16446K(148608K), 0.0610124 secs]503.026: [Tenured: 356143K->186168K(356324K), 0.3952626 secs] 449350K->186168K(504932K), [Perm : 7371K->7371K(21248K)], 0.4593783 secs] [Times: user=0.58 sys=0.02, real=0.46 secs] 
503.560: [GC503.561: [ParNew: 132160K->16446K(148608K), 0.0608171 secs] 318328K->263366K(468260K), 0.0613226 secs] [Times: user=0.25 sys=0.00, real=0.06 secs] 
503.756: [GC503.757: [ParNew: 148606K->16446K(148608K), 0.0827774 secs]503.840: [Tenured: 336912K->163232K(337124K), 0.3932305 secs] 395526K->163232K(485732K), [Perm : 7371K->7371K(21248K)], 0.4787966 secs] [Times: user=0.67 sys=0.00, real=0.48 secs] 
504.375: [GC504.376: [ParNew: 132160K->16446K(148608K), 0.0666853 secs] 295392K->245455K(468260K), 0.0671520 secs] [Times: user=0.25 sys=0.00, real=0.07 secs] 
504.570: [GC504.571: [ParNew: 148606K->16446K(148608K), 0.0884801 secs]504.659: [Tenured: 326808K->185560K(326948K), 0.3792282 secs] 377615K->185560K(475556K), [Perm : 7371K->7371K(21248K)], 0.4686227 secs] [Times: user=0.75 sys=0.00, real=0.47 secs] 
505.190: [GC505.190: [ParNew: 132160K->16446K(148608K), 0.0843685 secs] 317720K->290254K(468260K), 0.0847745 secs] [Times: user=0.30 sys=0.00, real=0.09 secs] 
505.411: [GC505.411: [ParNew: 148606K->16448K(148608K), 0.1086845 secs]505.520: [Tenured: 387872K->158449K(388004K), 0.3696066 secs] 422414K->158449K(536612K), [Perm : 7371K->7371K(21248K)], 0.4836225 secs] [Times: user=0.73 sys=0.05, real=0.48 secs] 
506.053: [GC506.054: [ParNew: 132160K->16447K(148608K), 0.0922977 secs] 290609K->274224K(468260K), 0.0927354 secs] [Times: user=0.36 sys=0.00, real=0.09 secs] 
506.287: [GC506.287: [ParNew: 148607K->16447K(148608K), 0.1139392 secs]506.401: [Tenured: 378953K->177582K(378980K), 0.4056831 secs] 406384K->177582K(527588K), [Perm : 7371K->7371K(21248K)], 0.5240145 secs] [Times: user=0.80 sys=0.03, real=0.52 secs] 
506.954: [GC506.955: [ParNew: 132160K->16447K(148608K), 0.0714243 secs] 309742K->267517K(468260K), 0.0719233 secs] [Times: user=0.31 sys=0.00, real=0.07 secs] 
507.167: [GC507.168: [ParNew: 148607K->16447K(148608K), 0.0851004 secs]507.253: [Tenured: 345718K->176464K(345764K), 0.3655723 secs] 399677K->176464K(494372K), [Perm : 7371K->7371K(21248K)], 0.4528510 secs] [Times: user=0.69 sys=0.00, real=0.45 secs] 
507.762: [GC507.762: [ParNew: 132160K->16446K(148608K), 0.1011482 secs] 308624K->302742K(468260K), 0.1017647 secs] [Times: user=0.38 sys=0.00, real=0.10 secs] 
508.011: [GC508.012: [ParNew: 148606K->16446K(148608K), 0.0419764 secs]508.054: [Tenured: 329904K->184041K(330020K), 0.3748465 secs] 434902K->184041K(478628K), [Perm : 7371K->7371K(21248K)], 0.4180103 secs] [Times: user=0.56 sys=0.00, real=0.42 secs] 
508.563: [GC508.563: [ParNew: 132160K->16446K(148608K), 0.0567510 secs] 316201K->257400K(468260K), 0.0572905 secs] [Times: user=0.23 sys=0.00, real=0.06 secs] 
508.764: [GC508.764: [ParNew: 148606K->16446K(148608K), 0.1154568 secs]508.880: [Tenured: 368689K->162582K(368804K), 0.3734976 secs] 389560K->162582K(517412K), [Perm : 7371K->7371K(21248K)], 0.4929839 secs] [Times: user=0.84 sys=0.03, real=0.49 secs] 
509.422: [GC509.422: [ParNew: 132160K->16446K(148608K), 0.0567847 secs] 294742K->230709K(468260K), 0.0572250 secs] [Times: user=0.16 sys=0.00, real=0.06 secs] 
509.617: [GC509.618: [ParNew: 148606K->16446K(148608K), 0.1097285 secs]509.727: [Tenured: 336198K->185661K(336356K), 0.3814809 secs] 362869K->185661K(484964K), [Perm : 7371K->7371K(21248K)], 0.4927235 secs] [Times: user=0.69 sys=0.00, real=0.49 secs] 
510.258: [GC510.258: [ParNew: 132160K->16446K(148608K), 0.0850071 secs] 317821K->291404K(468260K), 0.0855812 secs] [Times: user=0.28 sys=0.00, real=0.09 secs] 
510.481: [GC510.481: [ParNew: 148606K->16446K(148608K), 0.1081948 secs]510.590: [Tenured: 394765K->165712K(394916K), 0.3886051 secs] 423564K->165712K(543524K), [Perm : 7371K->7371K(21248K)], 0.5027130 secs] [Times: user=0.76 sys=0.00, real=0.50 secs] 
511.131: [GC511.131: [ParNew: 132160K->16446K(148608K), 0.0858753 secs] 297872K->271326K(468260K), 0.0864474 secs] [Times: user=0.30 sys=0.00, real=0.09 secs] 
511.358: [GC511.358: [ParNew: 148606K->16446K(148608K), 0.1112336 secs]511.470: [Tenured: 377648K->181080K(377828K), 0.3836731 secs] 403486K->181080K(526436K), [Perm : 7371K->7371K(21248K)], 0.4995112 secs] [Times: user=0.84 sys=0.02, real=0.50 secs] 
512.005: [GC512.005: [ParNew: 132160K->16448K(148608K), 0.0668864 secs] 313240K->264368K(468260K), 0.0673203 secs] [Times: user=0.25 sys=0.00, real=0.07 secs] 
512.197: [GC512.197: [ParNew: 148608K->16447K(148608K), 0.0983689 secs]512.296: [Tenured: 357008K->167741K(357092K), 0.4286771 secs] 396528K->167741K(505700K), [Perm : 7371K->7371K(21248K)], 0.5300485 secs] [Times: user=0.76 sys=0.02, real=0.53 secs] 
512.856: [GC512.856: [ParNew: 132160K->16447K(148608K), 0.0631026 secs] 299901K->240341K(468260K), 0.0635647 secs] [Times: user=0.30 sys=0.00, real=0.06 secs] 
513.075: [GC513.075: [ParNew: 148607K->16447K(148608K), 0.0601202 secs] 372501K->306621K(468260K), 0.0605974 secs] [Times: user=0.19 sys=0.00, real=0.06 secs] 
513.260: [GC513.260: [ParNew: 148607K->16447K(148608K), 0.0553751 secs]513.316: [Tenured: 344381K->183073K(344612K), 0.4083447 secs] 438781K->183073K(493220K), [Perm : 7371K->7371K(21248K)], 0.4662487 secs] [Times: user=0.61 sys=0.00, real=0.47 secs] 
513.866: [GC513.867: [ParNew: 132160K->16446K(148608K), 0.1178876 secs] 315233K->308064K(468260K), 0.1183039 secs] [Times: user=0.45 sys=0.00, real=0.12 secs] 
514.134: [GC514.134: [ParNew: 148606K->16446K(148608K), 0.1055488 secs]514.239: [Tenured: 401769K->189028K(401828K), 0.4069631 secs] 440224K->189028K(550436K), [Perm : 7371K->7371K(21248K)], 0.5190289 secs] [Times: user=0.83 sys=0.03, real=0.52 secs] 
514.794: [GC514.794: [ParNew: 132160K->16446K(148608K), 0.1000055 secs] 321188K->312659K(468260K), 0.1004734 secs] [Times: user=0.37 sys=0.00, real=0.10 secs] 
515.051: [GC515.051: [ParNew: 148606K->16446K(148608K), 0.1019148 secs]515.153: [Tenured: 403236K->161482K(403556K), 0.4109929 secs] 444819K->161482K(552164K), [Perm : 7371K->7371K(21248K)], 0.5192085 secs] [Times: user=0.75 sys=0.02, real=0.52 secs] 
515.702: [GC515.703: [ParNew: 132160K->16446K(148608K), 0.0882694 secs] 293642K->265841K(468260K), 0.0887685 secs] [Times: user=0.37 sys=0.00, real=0.09 secs] 
515.930: [GC515.930: [ParNew: 148606K->16446K(148608K), 0.0809041 secs]516.011: [Tenured: 323946K->171025K(324068K), 0.4064108 secs] 398001K->171025K(472676K), [Perm : 7371K->7371K(21248K)], 0.4880891 secs] [Times: user=0.66 sys=0.00, real=0.49 secs] 
516.561: [GC516.562: [ParNew: 132160K->16446K(148608K), 0.0682277 secs] 303185K->242304K(468260K), 0.0686828 secs] [Times: user=0.22 sys=0.00, real=0.07 secs] 
516.773: [GC516.773: [ParNew: 148606K->16446K(148608K), 0.0856177 secs]516.858: [Tenured: 323313K->173062K(323492K), 0.3918190 secs] 374464K->173062K(472100K), [Perm : 7371K->7371K(21248K)], 0.4783040 secs] [Times: user=0.69 sys=0.00, real=0.48 secs] 
517.407: [GC517.408: [ParNew: 132160K->16446K(148608K), 0.0424052 secs] 305222K->229132K(468260K), 0.0428401 secs] [Times: user=0.19 sys=0.00, real=0.04 secs] 
517.583: [GC517.583: [ParNew: 148606K->16446K(148608K), 0.1123487 secs] 361292K->326260K(468260K), 0.1129049 secs] [Times: user=0.33 sys=0.00, real=0.11 secs] 
517.827: [GC517.827: [ParNew: 148606K->16448K(148608K), 0.0927765 secs]517.920: [Tenured: 390862K->167764K(391268K), 0.3883126 secs] 458420K->167764K(539876K), [Perm : 7371K->7371K(21248K)], 0.4870962 secs] [Times: user=0.65 sys=0.02, real=0.49 secs] 
518.458: [GC518.458: [ParNew: 132160K->16447K(148608K), 0.0644884 secs] 299924K->249628K(468260K), 0.0649833 secs] [Times: user=0.25 sys=0.00, real=0.07 secs] 
518.657: [GC518.657: [ParNew: 148607K->16447K(148608K), 0.0976081 secs]518.755: [Tenured: 337604K->175588K(337700K), 0.3723529 secs] 381788K->175588K(486308K), [Perm : 7371K->7371K(21248K)], 0.4718838 secs] [Times: user=0.75 sys=0.01, real=0.47 secs] 
519.283: [GC519.283: [ParNew: 132160K->16447K(148608K), 0.0881091 secs] 307748K->284643K(468260K), 0.0887168 secs] [Times: user=0.37 sys=0.00, real=0.09 secs] 
519.500: [GC519.500: [ParNew: 148607K->16447K(148608K), 0.0767116 secs]519.577: [Tenured: 352124K->164251K(352484K), 0.3732978 secs] 416803K->164251K(501092K), [Perm : 7371K->7371K(21248K)], 0.4527195 secs] [Times: user=0.66 sys=0.02, real=0.45 secs] 
520.096: [GC520.096: [ParNew: 132160K->16447K(148608K), 0.0838242 secs] 296411K->270722K(468260K), 0.0842550 secs] [Times: user=0.31 sys=0.00, real=0.08 secs] 
520.322: [GC520.323: [ParNew: 148607K->16446K(148608K), 0.1091900 secs]520.432: [Tenured: 374659K->183786K(374756K), 0.3814566 secs] 402882K->183786K(523364K), [Perm : 7371K->7371K(21248K)], 0.4949002 secs] [Times: user=0.80 sys=0.02, real=0.50 secs] 
520.951: [GC520.951: [ParNew: 132160K->16446K(148608K), 0.0846931 secs] 315946K->288345K(468260K), 0.0851305 secs] [Times: user=0.36 sys=0.00, real=0.08 secs] 
521.188: [GC521.189: [ParNew: 148606K->16446K(148608K), 0.0963907 secs]521.285: [Tenured: 378882K->166782K(378980K), 0.3789899 secs] 420505K->166782K(527588K), [Perm : 7371K->7371K(21248K)], 0.4801962 secs] [Times: user=0.73 sys=0.01, real=0.48 secs] 
521.812: [GC521.812: [ParNew: 132160K->16446K(148608K), 0.1041951 secs] 298942K->295477K(468260K), 0.1046778 secs] [Times: user=0.37 sys=0.00, real=0.11 secs] 
522.069: [GC522.070: [ParNew: 148606K->16446K(148608K), 0.0922573 secs]522.162: [Tenured: 381300K->183454K(381476K), 0.3855429 secs] 427637K->183454K(530084K), [Perm : 7371K->7371K(21248K)], 0.4824380 secs] [Times: user=0.76 sys=0.00, real=0.48 secs] 
522.685: [GC522.685: [ParNew: 132160K->16446K(148608K), 0.0837174 secs] 315614K->289233K(468260K), 0.0842595 secs] [Times: user=0.31 sys=0.00, real=0.08 secs] 
522.910: [GC522.910: [ParNew: 148606K->16446K(148608K), 0.1081329 secs]523.018: [Tenured: 392922K->161537K(392996K), 0.3747093 secs] 421393K->161537K(541604K), [Perm : 7371K->7371K(21248K)], 0.4884300 secs] [Times: user=0.80 sys=0.00, real=0.49 secs] 
523.556: [GC523.556: [ParNew: 132160K->16446K(148608K), 0.0890892 secs] 293697K->270247K(468260K), 0.0896723 secs] [Times: user=0.36 sys=0.00, real=0.09 secs] 
523.792: [GC523.792: [ParNew: 148606K->16446K(148608K), 0.1133167 secs]523.905: [Tenured: 380953K->166092K(381092K), 0.3862096 secs] 402407K->166092K(529700K), [Perm : 7371K->7371K(21248K)], 0.5044221 secs] [Times: user=0.81 sys=0.03, real=0.51 secs] 
524.450: [GC524.450: [ParNew: 132160K->16448K(148608K), 0.0830972 secs] 298252K->271428K(468260K), 0.0835103 secs] [Times: user=0.31 sys=0.00, real=0.08 secs] 
524.674: [GC524.674: [ParNew: 148608K->16447K(148608K), 0.1050360 secs]524.779: [Tenured: 371596K->176482K(371684K), 0.3783786 secs] 403588K->176482K(520292K), [Perm : 7371K->7371K(21248K)], 0.4876789 secs] [Times: user=0.78 sys=0.00, real=0.49 secs] 
525.313: [GC525.313: [ParNew: 132160K->16447K(148608K), 0.0857957 secs] 308642K->285497K(468260K), 0.0862165 secs] [Times: user=0.36 sys=0.00, real=0.09 secs] 
525.535: [GC525.535: [ParNew: 148607K->16447K(148608K), 0.1033574 secs]525.639: [Tenured: 383346K->181831K(383396K), 0.3756596 secs] 417657K->181831K(532004K), [Perm : 7371K->7371K(21248K)], 0.4844339 secs] [Times: user=0.80 sys=0.00, real=0.48 secs] 
526.178: [GC526.179: [ParNew: 132160K->16447K(148608K), 0.0570413 secs] 313991K->255478K(468260K), 0.0574961 secs] [Times: user=0.25 sys=0.00, real=0.06 secs] 
526.379: [GC526.380: [ParNew: 148607K->16447K(148608K), 0.1119408 secs]526.492: [Tenured: 363951K->166825K(364004K), 0.3765749 secs] 387638K->166825K(512612K), [Perm : 7371K->7371K(21248K)], 0.4919249 secs] [Times: user=0.84 sys=0.02, real=0.49 secs] 
527.014: [GC527.014: [ParNew: 132160K->16446K(148608K), 0.1014568 secs] 298985K->295135K(468260K), 0.1019228 secs] [Times: user=0.44 sys=0.00, real=0.10 secs] 
527.266: [GC527.266: [ParNew: 148606K->16446K(148608K), 0.0822075 secs]527.348: [Tenured: 368897K->178814K(368996K), 0.3739450 secs] 427295K->178814K(517604K), [Perm : 7371K->7371K(21248K)], 0.4599938 secs] [Times: user=0.66 sys=0.01, real=0.46 secs] 
527.870: [GC527.870: [ParNew: 132160K->16446K(148608K), 0.1040950 secs] 310974K->307885K(468260K), 0.1045552 secs] [Times: user=0.41 sys=0.00, real=0.11 secs] 
528.126: [GC528.126: [ParNew: 148606K->16446K(148608K), 0.0912566 secs]528.217: [Tenured: 373550K->166594K(373604K), 0.3808841 secs] 440045K->166594K(522212K), [Perm : 7371K->7371K(21248K)], 0.4763954 secs] [Times: user=0.66 sys=0.03, real=0.48 secs] 
528.744: [GC528.744: [ParNew: 132160K->16446K(148608K), 0.0997368 secs] 298754K->291497K(468260K), 0.1001367 secs] [Times: user=0.38 sys=0.00, real=0.10 secs] 
528.978: [GC528.978: [ParNew: 148606K->16446K(148608K), 0.0925600 secs]529.071: [Tenured: 376106K->181077K(376292K), 0.3814097 secs] 423657K->181077K(524900K), [Perm : 7371K->7371K(21248K)], 0.4783242 secs] [Times: user=0.69 sys=0.05, real=0.48 secs] 
529.608: [GC529.608: [ParNew: 132160K->16446K(148608K), 0.0814249 secs] 313237K->284363K(468260K), 0.0818396 secs] [Times: user=0.36 sys=0.00, real=0.08 secs] 
529.831: [GC529.831: [ParNew: 148606K->16446K(148608K), 0.1029077 secs]529.934: [Tenured: 381477K->171872K(381668K), 0.3925198 secs] 416523K->171872K(530276K), [Perm : 7371K->7371K(21248K)], 0.5003374 secs] [Times: user=0.77 sys=0.01, real=0.50 secs] 
530.470: [GC530.471: [ParNew: 132160K->16446K(148608K), 0.0777017 secs] 304032K->268054K(468260K), 0.0781482 secs] [Times: user=0.30 sys=0.00, real=0.08 secs] 
530.683: [GC530.683: [ParNew: 148606K->16446K(148608K), 0.0987367 secs]530.782: [Tenured: 361760K->183663K(361892K), 0.3810483 secs] 400214K->183663K(510500K), [Perm : 7371K->7371K(21248K)], 0.4832325 secs] [Times: user=0.75 sys=0.03, real=0.48 secs] 
531.322: [GC531.322: [ParNew: 132160K->16448K(148608K), 0.0828489 secs] 315823K->288879K(468260K), 0.0833098 secs] [Times: user=0.36 sys=0.00, real=0.08 secs] 
531.547: [GC531.547: [ParNew: 148608K->16447K(148608K), 0.1096710 secs]531.657: [Tenured: 394583K->166442K(394916K), 0.3811586 secs] 421039K->166442K(543524K), [Perm : 7371K->7371K(21248K)], 0.4963351 secs] [Times: user=0.78 sys=0.03, real=0.50 secs] 
532.182: [GC532.182: [ParNew: 132160K->16447K(148608K), 0.0542311 secs] 298602K->236129K(468260K), 0.0548678 secs] [Times: user=0.25 sys=0.00, real=0.06 secs] 
532.380: [GC532.380: [ParNew: 148607K->16447K(148608K), 0.1132352 secs]532.493: [Tenured: 343010K->182222K(343076K), 0.3809704 secs] 368289K->182222K(491684K), [Perm : 7372K->7372K(21248K)], 0.4962187 secs] [Times: user=0.80 sys=0.00, real=0.50 secs] 
533.017: [GC533.017: [ParNew: 132160K->16446K(148608K), 0.0968560 secs] 314382K->303973K(468260K), 0.0973493 secs] [Times: user=0.38 sys=0.00, real=0.10 secs] 
533.271: [GC533.271: [ParNew: 148606K->16446K(148608K), 0.0755333 secs]533.346: [Tenured: 370046K->165108K(370340K), 0.3770059 secs] 436133K->165108K(518948K), [Perm : 7372K->7372K(21248K)], 0.4563488 secs] [Times: user=0.69 sys=0.00, real=0.46 secs] 
533.869: [GC533.869: [ParNew: 132160K->16446K(148608K), 0.1030562 secs] 297268K->293771K(468260K), 0.1041011 secs] [Times: user=0.36 sys=0.00, real=0.10 secs] 
534.128: [GC534.128: [ParNew: 148606K->16446K(148608K), 0.1078606 secs]534.236: [Tenured: 391463K->185099K(391652K), 0.3879912 secs] 425931K->185099K(540260K), [Perm : 7372K->7372K(21248K)], 0.5013730 secs] [Times: user=0.80 sys=0.01, real=0.50 secs] 
534.760: [GC534.761: [ParNew: 132160K->16446K(148608K), 0.0812421 secs] 317259K->288845K(468260K), 0.0817604 secs] [Times: user=0.31 sys=0.00, real=0.08 secs] 
534.985: [GC534.986: [ParNew: 148606K->16446K(148608K), 0.1138760 secs]535.100: [Tenured: 398511K->167043K(398564K), 0.3847725 secs] 421005K->167043K(547172K), [Perm : 7372K->7372K(21248K)], 0.5051918 secs] [Times: user=0.80 sys=0.03, real=0.50 secs] 
535.639: [GC535.640: [ParNew: 132160K->16446K(148608K), 0.0790709 secs] 299203K->253626K(468260K), 0.0795548 secs] [Times: user=0.27 sys=0.00, real=0.08 secs] 
535.861: [GC535.861: [ParNew: 148606K->16446K(148608K), 0.1117759 secs]535.973: [Tenured: 362507K->174778K(362660K), 0.3719421 secs] 385786K->174778K(511268K), [Perm : 7372K->7372K(21248K)], 0.4873543 secs] [Times: user=0.80 sys=0.00, real=0.49 secs] 
536.504: [GC536.504: [ParNew: 132160K->16446K(148608K), 0.0912207 secs] 306938K->289376K(468260K), 0.0916771 secs] [Times: user=0.34 sys=0.00, real=0.09 secs] 
536.736: [GC536.737: [ParNew: 148606K->16446K(148608K), 0.1084488 secs]536.845: [Tenured: 393122K->165712K(393188K), 0.3809258 secs] 421536K->165712K(541796K), [Perm : 7372K->7372K(21248K)], 0.4950080 secs] [Times: user=0.83 sys=0.00, real=0.50 secs] 
537.372: [GC537.372: [ParNew: 132160K->16446K(148608K), 0.0843079 secs] 297872K->271462K(468260K), 0.0847415 secs] [Times: user=0.30 sys=0.00, real=0.09 secs] 
537.597: [GC537.597: [ParNew: 148606K->16448K(148608K), 0.1078349 secs]537.705: [Tenured: 375184K->181537K(375332K), 0.3785316 secs] 403622K->181537K(523940K), [Perm : 7372K->7372K(21248K)], 0.4905561 secs] [Times: user=0.83 sys=0.00, real=0.49 secs] 
538.228: [GC538.228: [ParNew: 132160K->16447K(148608K), 0.0778993 secs] 313697K->280048K(468260K), 0.0783662 secs] [Times: user=0.31 sys=0.00, real=0.08 secs] 
538.450: [GC538.450: [ParNew: 148607K->16447K(148608K), 0.1261099 secs]538.576: [Tenured: 389025K->166199K(389156K), 0.3835387 secs] 412208K->166199K(537764K), [Perm : 7372K->7372K(21248K)], 0.5147695 secs] [Times: user=0.80 sys=0.01, real=0.52 secs] 
539.124: [GC539.124: [ParNew: 132160K->16447K(148608K), 0.0964805 secs] 298359K->288574K(468260K), 0.0969609 secs] [Times: user=0.44 sys=0.00, real=0.10 secs] 
539.349: [GC539.349: [ParNew: 148607K->16447K(148608K), 0.0588412 secs]539.408: [Tenured: 334391K->183526K(334436K), 0.3787818 secs] 420734K->183526K(483044K), [Perm : 7372K->7372K(21248K)], 0.4390196 secs] [Times: user=0.62 sys=0.00, real=0.44 secs] 
539.931: [GC539.931: [ParNew: 132160K->16447K(148608K), 0.1010947 secs] 315686K->310397K(468260K), 0.1015065 secs] [Times: user=0.41 sys=0.00, real=0.10 secs] 
540.178: [GC540.178: [ParNew: 148607K->16446K(148608K), 0.0798672 secs]540.258: [Tenured: 375462K->166307K(375524K), 0.3760031 secs] 442557K->166307K(524132K), [Perm : 7372K->7372K(21248K)], 0.4601079 secs] [Times: user=0.67 sys=0.00, real=0.46 secs] 
540.779: [GC540.779: [ParNew: 132160K->16446K(148608K), 0.1000225 secs] 298467K->292186K(468260K), 0.1004584 secs] [Times: user=0.36 sys=0.00, real=0.10 secs] 
541.018: [GC541.018: [ParNew: 148606K->16446K(148608K), 0.1040572 secs]541.122: [Tenured: 392539K->180472K(392996K), 0.3799027 secs] 424346K->180472K(541604K), [Perm : 7372K->7372K(21248K)], 0.4893479 secs] [Times: user=0.73 sys=0.00, real=0.49 secs] 
541.658: [GC541.658: [ParNew: 132160K->16446K(148608K), 0.0526570 secs] 312632K->249343K(468260K), 0.0531824 secs] [Times: user=0.19 sys=0.00, real=0.05 secs] 
541.852: [GC541.852: [ParNew: 148606K->16446K(148608K), 0.1066916 secs]541.959: [Tenured: 353800K->170791K(353828K), 0.3843495 secs] 381503K->170791K(502436K), [Perm : 7372K->7372K(21248K)], 0.4936844 secs] [Times: user=0.78 sys=0.02, real=0.49 secs] 
542.497: [GC542.497: [ParNew: 132160K->16446K(148608K), 0.0877948 secs] 302951K->282606K(468260K), 0.0883188 secs] [Times: user=0.28 sys=0.00, real=0.09 secs] 
542.725: [GC542.725: [ParNew: 148606K->16446K(148608K), 0.1054587 secs]542.830: [Tenured: 384703K->183868K(384740K), 0.3767526 secs] 414766K->183868K(533348K), [Perm : 7372K->7372K(21248K)], 0.4871061 secs] [Times: user=0.76 sys=0.02, real=0.49 secs] 
543.352: [GC543.352: [ParNew: 132160K->16446K(148608K), 0.0594800 secs] 316028K->260586K(468260K), 0.0599008 secs] [Times: user=0.25 sys=0.00, real=0.06 secs] 
543.551: [GC543.551: [ParNew: 148606K->16446K(148608K), 0.0988852 secs]543.650: [Tenured: 357708K->168430K(357860K), 0.3759235 secs] 392746K->168430K(506468K), [Perm : 7372K->7372K(21248K)], 0.4778758 secs] [Times: user=0.76 sys=0.00, real=0.48 secs] 
544.188: [GC544.188: [ParNew: 132160K->16446K(148608K), 0.0888464 secs] 300590K->281396K(468260K), 0.0892807 secs] [Times: user=0.37 sys=0.00, real=0.09 secs] 
544.410: [GC544.410: [ParNew: 148606K->16448K(148608K), 0.0939369 secs]544.504: [Tenured: 365390K->180730K(365540K), 0.3760508 secs] 413556K->180730K(514148K), [Perm : 7372K->7372K(21248K)], 0.4737366 secs] [Times: user=0.72 sys=0.02, real=0.47 secs] 
545.025: [GC545.026: [ParNew: 132160K->16447K(148608K), 0.1008064 secs] 312890K->307706K(468260K), 0.1012698 secs] [Times: user=0.36 sys=0.00, real=0.10 secs] 
545.275: [GC545.276: [ParNew: 148607K->16447K(148608K), 0.0883650 secs]545.364: [Tenured: 386802K->166831K(386852K), 0.3857770 secs] 439866K->166831K(535460K), [Perm : 7372K->7372K(21248K)], 0.4791202 secs] [Times: user=0.69 sys=0.02, real=0.48 secs] 
545.895: [GC545.895: [ParNew: 132160K->16447K(148608K), 0.0990456 secs] 298991K->291494K(468260K), 0.0994651 secs] [Times: user=0.44 sys=0.00, real=0.10 secs] 
546.137: [GC546.137: [ParNew: 148607K->16447K(148608K), 0.1092105 secs]546.246: [Tenured: 396367K->172014K(396452K), 0.3807965 secs] 423654K->172014K(545060K), [Perm : 7372K->7372K(21248K)], 0.4958278 secs] [Times: user=0.78 sys=0.03, real=0.50 secs] 
546.771: [GC546.771: [ParNew: 132160K->16446K(148608K), 0.0852264 secs] 304174K->280509K(468260K), 0.0856722 secs] [Times: user=0.28 sys=0.00, real=0.09 secs] 
546.999: [GC546.999: [ParNew: 148606K->16446K(148608K), 0.1094045 secs]547.108: [Tenured: 386886K->163458K(387044K), 0.3765903 secs] 412669K->163458K(535652K), [Perm : 7372K->7372K(21248K)], 0.4910439 secs] [Times: user=0.72 sys=0.05, real=0.49 secs] 
547.638: [GC547.638: [ParNew: 132160K->16446K(148608K), 0.0721459 secs] 295618K->256057K(468260K), 0.0726032 secs] [Times: user=0.31 sys=0.00, real=0.07 secs] 
547.853: [GC547.853: [ParNew: 148606K->16446K(148608K), 0.1092624 secs]547.962: [Tenured: 362090K->179476K(362276K), 0.3789033 secs] 388217K->179476K(510884K), [Perm : 7372K->7372K(21248K)], 0.4916472 secs] [Times: user=0.81 sys=0.00, real=0.49 secs] 
548.497: [GC548.498: [ParNew: 132160K->16446K(148608K), 0.0846607 secs] 311636K->288115K(468260K), 0.0850978 secs] [Times: user=0.38 sys=0.00, real=0.09 secs] 
548.722: [GC548.722: [ParNew: 148606K->16446K(148608K), 0.1112650 secs]548.834: [Tenured: 390964K->165002K(391076K), 0.3795858 secs] 420275K->165002K(539684K), [Perm : 7372K->7372K(21248K)], 0.4963387 secs] [Times: user=0.80 sys=0.00, real=0.50 secs] 
549.370: [GC549.370: [ParNew: 132160K->16446K(148608K), 0.0764249 secs] 297162K->260864K(468260K), 0.0770000 secs] [Times: user=0.31 sys=0.00, real=0.08 secs] 
549.585: [GC549.585: [ParNew: 148606K->16446K(148608K), 0.1084873 secs]549.694: [Tenured: 366186K->178635K(366308K), 0.3743440 secs] 393024K->178635K(514916K), [Perm : 7372K->7372K(21248K)], 0.4865955 secs] [Times: user=0.75 sys=0.00, real=0.49 secs] 
550.227: [GC550.227: [ParNew: 132160K->16446K(148608K), 0.0881315 secs] 310795K->287577K(468260K), 0.0885302 secs] [Times: user=0.36 sys=0.00, real=0.09 secs] 
550.451: [GC550.451: [ParNew: 148606K->16446K(148608K), 0.1101717 secs]550.561: [Tenured: 386115K->164110K(386276K), 0.3843046 secs] 419737K->164110K(534884K), [Perm : 7372K->7372K(21248K)], 0.4999250 secs] [Times: user=0.83 sys=0.02, real=0.50 secs] 
551.094: [GC551.094: [ParNew: 132160K->16448K(148608K), 0.0996598 secs] 296270K->291198K(468260K), 0.1000774 secs] [Times: user=0.36 sys=0.00, real=0.10 secs] 
551.350: [GC551.350: [ParNew: 148608K->16447K(148608K), 0.0919285 secs]551.442: [Tenured: 375990K->181660K(376100K), 0.3818029 secs] 423358K->181660K(524708K), [Perm : 7372K->7372K(21248K)], 0.4781436 secs] [Times: user=0.73 sys=0.02, real=0.48 secs] 
551.967: [GC551.967: [ParNew: 132160K->16447K(148608K), 0.0979577 secs] 313820K->306435K(468260K), 0.0983708 secs] [Times: user=0.37 sys=0.00, real=0.10 secs] 
552.217: [GC552.217: [ParNew: 148607K->16447K(148608K), 0.0933708 secs]552.310: [Tenured: 392418K->171904K(392612K), 0.3928235 secs] 438595K->171904K(541220K), [Perm : 7372K->7372K(21248K)], 0.4917665 secs] [Times: user=0.75 sys=0.02, real=0.49 secs] 
552.843: [GC552.843: [ParNew: 132160K->16447K(148608K), 0.0911142 secs] 304064K->286763K(468260K), 0.0915228 secs] [Times: user=0.37 sys=0.00, real=0.09 secs] 
553.074: [GC553.075: [ParNew: 148607K->16446K(148608K), 0.1067211 secs]553.181: [Tenured: 389924K->177814K(390116K), 0.3839723 secs] 418923K->177814K(538724K), [Perm : 7372K->7372K(21248K)], 0.4958630 secs] [Times: user=0.75 sys=0.02, real=0.50 secs] 
553.737: [GC553.737: [ParNew: 132160K->16446K(148608K), 0.0765776 secs] 309974K->272973K(468260K), 0.0769791 secs] [Times: user=0.28 sys=0.00, real=0.08 secs] 
553.956: [GC553.957: [ParNew: 148606K->16446K(148608K), 0.1092111 secs]554.066: [Tenured: 381374K->161216K(381476K), 0.3715964 secs] 405133K->161216K(530084K), [Perm : 7372K->7372K(21248K)], 0.4854756 secs] [Times: user=0.80 sys=0.00, real=0.49 secs] 
554.589: [GC554.589: [ParNew: 132160K->16446K(148608K), 0.0846302 secs] 293376K->267854K(468260K), 0.0850786 secs] [Times: user=0.31 sys=0.00, real=0.09 secs] 
554.809: [GC554.809: [ParNew: 148606K->16446K(148608K), 0.0940013 secs]554.903: [Tenured: 357824K->180807K(358052K), 0.3756249 secs] 400014K->180807K(506660K), [Perm : 7372K->7372K(21248K)], 0.4728527 secs] [Times: user=0.75 sys=0.00, real=0.47 secs] 
555.428: [GC555.428: [ParNew: 132160K->16446K(148608K), 0.0796007 secs] 312967K->281789K(468260K), 0.0800917 secs] [Times: user=0.30 sys=0.00, real=0.08 secs] 
555.648: [GC555.648: [ParNew: 148606K->16446K(148608K), 0.1083102 secs]555.756: [Tenured: 384535K->186465K(384740K), 0.3830329 secs] 413949K->186465K(533348K), [Perm : 7373K->7373K(21248K)], 0.4963082 secs] [Times: user=0.81 sys=0.00, real=0.50 secs] 
556.287: [GC556.287: [ParNew: 132160K->16446K(148608K), 0.0691767 secs] 318625K->274727K(468260K), 0.0695984 secs] [Times: user=0.19 sys=0.00, real=0.07 secs] 
556.492: [GC556.492: [ParNew: 148606K->16446K(148608K), 0.0971004 secs]556.589: [Tenured: 367441K->164588K(367460K), 0.3751798 secs] 406887K->164588K(516068K), [Perm : 7373K->7373K(21248K)], 0.4761064 secs] [Times: user=0.73 sys=0.02, real=0.48 secs] 
557.098: [GC557.099: [ParNew: 132160K->16448K(148608K), 0.0867277 secs] 296748K->268820K(468260K), 0.0871796 secs] [Times: user=0.31 sys=0.00, real=0.09 secs] 
557.336: [GC557.336: [ParNew: 148608K->16447K(148608K), 0.0786061 secs]557.415: [Tenured: 335540K->162884K(335588K), 0.3675986 secs] 400980K->162884K(484196K), [Perm : 7373K->7373K(21248K)], 0.4479754 secs] [Times: user=0.66 sys=0.00, real=0.45 secs] 
557.924: [GC557.924: [ParNew: 132160K->16447K(148608K), 0.1008009 secs] 295044K->288747K(468260K), 0.1012313 secs] [Times: user=0.34 sys=0.00, real=0.10 secs] 
558.168: [GC558.168: [ParNew: 148607K->16447K(148608K), 0.1154328 secs]558.283: [Tenured: 397444K->179767K(397604K), 0.3760284 secs] 420907K->179767K(546212K), [Perm : 7373K->7373K(21248K)], 0.4972553 secs] [Times: user=0.80 sys=0.05, real=0.50 secs] 
558.814: [GC558.814: [ParNew: 132160K->16447K(148608K), 0.0757193 secs] 311927K->274542K(468260K), 0.0761651 secs] [Times: user=0.25 sys=0.00, real=0.08 secs] 
559.031: [GC559.031: [ParNew: 148607K->16446K(148608K), 0.1122458 secs]559.143: [Tenured: 381807K->171128K(381860K), 0.3913877 secs] 406702K->171128K(530468K), [Perm : 7373K->7373K(21248K)], 0.5084000 secs] [Times: user=0.84 sys=0.03, real=0.51 secs] 
559.685: [GC559.685: [ParNew: 132160K->16446K(148608K), 0.0901838 secs] 303288K->279159K(468260K), 0.0907656 secs] [Times: user=0.33 sys=0.00, real=0.09 secs] 
559.917: [GC559.917: [ParNew: 148606K->16446K(148608K), 0.1261403 secs]560.043: [Tenured: 385560K->183401K(385892K), 0.3839781 secs] 411319K->183401K(534500K), [Perm : 7373K->7373K(21248K)], 0.5153063 secs] [Times: user=0.84 sys=0.01, real=0.51 secs] 
560.575: [GC560.575: [ParNew: 132160K->16446K(148608K), 0.0809782 secs] 315561K->275584K(468260K), 0.0813903 secs] [Times: user=0.33 sys=0.00, real=0.08 secs] 
560.794: [GC560.795: [ParNew: 148606K->16446K(148608K), 0.1428912 secs]560.938: [Tenured: 377665K->162057K(377828K), 0.3745742 secs] 407744K->162057K(526436K), [Perm : 7374K->7374K(21248K)], 0.5218606 secs] [Times: user=0.83 sys=0.00, real=0.52 secs] 
561.452: [GC561.452: [ParNew: 132160K->16446K(148608K), 0.0393141 secs] 294217K->213264K(468260K), 0.0397474 secs] [Times: user=0.13 sys=0.00, real=0.04 secs] 
561.614: [GC561.614: [ParNew: 148606K->16446K(148608K), 0.0670596 secs] 345424K->286463K(468260K), 0.0674605 secs] [Times: user=0.23 sys=0.00, real=0.07 secs] 
561.821: [GC561.821: [ParNew: 148606K->16446K(148608K), 0.1092621 secs]561.931: [Tenured: 387841K->187380K(388004K), 0.3907908 secs] 418623K->187380K(536612K), [Perm : 7374K->7374K(21248K)], 0.5053195 secs] [Times: user=0.76 sys=0.03, real=0.50 secs] 
562.472: [GC562.472: [ParNew: 132160K->16446K(148608K), 0.0627963 secs] 319540K->266811K(468260K), 0.0632982 secs] [Times: user=0.25 sys=0.00, real=0.06 secs] 
562.678: [GC562.679: [ParNew: 148606K->16446K(148608K), 0.1136624 secs]562.792: [Tenured: 376532K->165093K(376676K), 0.3782680 secs] 398971K->165093K(525284K), [Perm : 7374K->7374K(21248K)], 0.4962062 secs] [Times: user=0.84 sys=0.02, real=0.50 secs] 
563.334: [GC563.334: [ParNew: 132160K->16446K(148608K), 0.0750522 secs] 297253K->259108K(468260K), 0.0755587 secs] [Times: user=0.28 sys=0.00, real=0.08 secs] 
563.547: [GC563.548: [ParNew: 148606K->16448K(148608K), 0.1071855 secs]563.655: [Tenured: 362405K->182926K(362468K), 0.3825130 secs] 391268K->182926K(511076K), [Perm : 7376K->7376K(21248K)], 0.4930157 secs] [Times: user=0.78 sys=0.05, real=0.49 secs] 
564.176: [GC564.176: [ParNew: 132160K->16447K(148608K), 0.1087115 secs] 315086K->305357K(468260K), 0.1091172 secs] [Times: user=0.42 sys=0.00, real=0.11 secs] 
564.430: [GC564.430: [ParNew: 148607K->16447K(148608K), 0.0875767 secs]564.517: [Tenured: 376838K->166530K(376868K), 0.3833642 secs] 437517K->166530K(525476K), [Perm : 7376K->7376K(21248K)], 0.4751680 secs] [Times: user=0.67 sys=0.02, real=0.47 secs] 
565.040: [GC565.040: [ParNew: 132160K->16447K(148608K), 0.0988233 secs] 298690K->286665K(468260K), 0.0993057 secs] [Times: user=0.36 sys=0.00, real=0.10 secs] 
565.285: [GC565.285: [ParNew: 148607K->16447K(148608K), 0.0960158 secs]565.381: [Tenured: 373294K->187029K(373412K), 0.3891189 secs] 418825K->187029K(522020K), [Perm : 7376K->7376K(21248K)], 0.4895587 secs] [Times: user=0.73 sys=0.02, real=0.49 secs] 
565.913: [GC565.913: [ParNew: 132160K->16447K(148608K), 0.0940619 secs] 319189K->304420K(468260K), 0.0944978 secs] [Times: user=0.38 sys=0.00, real=0.10 secs] 
566.150: [GC566.151: [ParNew: 148607K->16446K(148608K), 0.1154825 secs]566.266: [Tenured: 413101K->163453K(413156K), 0.3824681 secs] 436580K->163453K(561764K), [Perm : 7376K->7376K(21248K)], 0.5050757 secs] [Times: user=0.73 sys=0.08, real=0.50 secs] 
566.803: [GC566.804: [ParNew: 132160K->16446K(148608K), 0.0898236 secs] 295613K->274876K(468260K), 0.0902925 secs] [Times: user=0.31 sys=0.00, real=0.09 secs] 
567.031: [GC567.032: [ParNew: 148606K->16446K(148608K), 0.1048006 secs]567.136: [Tenured: 374389K->185546K(374564K), 0.3876981 secs] 407036K->185546K(523172K), [Perm : 7376K->7376K(21248K)], 0.4966552 secs] [Times: user=0.78 sys=0.02, real=0.50 secs] 
567.679: [GC567.679: [ParNew: 132160K->16446K(148608K), 0.0846296 secs] 317706K->287984K(468260K), 0.0850898 secs] [Times: user=0.30 sys=0.00, real=0.09 secs] 
567.899: [GC567.899: [ParNew: 148606K->16446K(148608K), 0.1213404 secs]568.020: [Tenured: 390138K->165460K(390308K), 0.3807936 secs] 420144K->165460K(538916K), [Perm : 7376K->7376K(21248K)], 0.5075023 secs] [Times: user=0.81 sys=0.00, real=0.51 secs] 
568.551: [GC568.551: [ParNew: 132160K->16446K(148608K), 0.0697963 secs] 297620K->252066K(468260K), 0.0702607 secs] [Times: user=0.25 sys=0.00, real=0.07 secs] 
568.766: [GC568.766: [ParNew: 148606K->16446K(148608K), 0.1136967 secs]568.880: [Tenured: 362316K->183207K(362468K), 0.3811618 secs] 384226K->183207K(511076K), [Perm : 7376K->7376K(21248K)], 0.4981748 secs] [Times: user=0.87 sys=0.00, real=0.50 secs] 
569.418: [GC569.418: [ParNew: 132160K->16446K(148608K), 0.0949388 secs] 315367K->294453K(468260K), 0.0953435 secs] [Times: user=0.34 sys=0.00, real=0.10 secs] 
569.650: [GC569.651: [ParNew: 148606K->16446K(148608K), 0.1044789 secs]569.755: [Tenured: 391047K->168164K(391268K), 0.3887578 secs] 426613K->168164K(539876K), [Perm : 7376K->7376K(21248K)], 0.4985446 secs] [Times: user=0.80 sys=0.03, real=0.50 secs] 
570.298: [GC570.298: [ParNew: 132160K->16446K(148608K), 0.0806491 secs] 300324K->267602K(468260K), 0.0811350 secs] [Times: user=0.31 sys=0.00, real=0.08 secs] 
570.509: [GC570.509: [ParNew: 148606K->16448K(148608K), 0.0540092 secs] 399762K->323964K(468260K), 0.0544669 secs] [Times: user=0.23 sys=0.00, real=0.05 secs] 
570.700: [GC570.700: [ParNew: 148608K->16447K(148608K), 0.0938942 secs]570.794: [Tenured: 406020K->185260K(406244K), 0.4439693 secs] 456124K->185260K(554852K), [Perm : 7376K->7376K(21248K)], 0.5441349 secs] [Times: user=0.78 sys=0.03, real=0.54 secs] 
571.397: [GC571.397: [ParNew: 132160K->16447K(148608K), 0.0786097 secs] 317420K->285028K(468260K), 0.0791286 secs] [Times: user=0.31 sys=0.00, real=0.08 secs] 
571.606: [GC571.607: [ParNew: 148607K->16447K(148608K), 0.0320601 secs] 417188K->317755K(468260K), 0.0324594 secs] [Times: user=0.13 sys=0.00, real=0.03 secs] 
571.780: [GC571.780: [ParNew: 148607K->16447K(148608K), 0.1063176 secs]571.886: [Tenured: 415132K->159455K(415460K), 0.4286739 secs] 449915K->159455K(564068K), [Perm : 7376K->7376K(21248K)], 0.5422038 secs] [Times: user=0.61 sys=0.03, real=0.54 secs] 
572.463: [GC572.464: [ParNew: 132160K->16446K(148608K), 0.0868307 secs] 291615K->264166K(468260K), 0.0872736 secs] [Times: user=0.30 sys=0.00, real=0.09 secs] 
572.687: [GC572.687: [ParNew: 148606K->16446K(148608K), 0.0578055 secs] 396326K->325678K(468260K), 0.0582241 secs] [Times: user=0.25 sys=0.00, real=0.06 secs] 
572.888: [GC572.888: [ParNew: 148606K->16446K(148608K), 0.1220749 secs]573.011: [Tenured: 436407K->190888K(436580K), 0.4027867 secs] 457838K->190888K(585188K), [Perm : 7376K->7376K(21248K)], 0.5333074 secs] [Times: user=0.86 sys=0.03, real=0.53 secs] 
573.576: [GC573.576: [ParNew: 132160K->16446K(148608K), 0.0811953 secs] 323048K->290103K(468260K), 0.0816241 secs] [Times: user=0.28 sys=0.00, real=0.08 secs] 
573.801: [GC573.801: [ParNew: 148606K->16446K(148608K), 0.1144257 secs]573.915: [Tenured: 397408K->167749K(397412K), 0.3887475 secs] 422263K->167749K(546020K), [Perm : 7376K->7376K(21248K)], 0.5090267 secs] [Times: user=0.84 sys=0.00, real=0.51 secs] 
574.453: [GC574.453: [ParNew: 132160K->16446K(148608K), 0.0746106 secs] 299909K->261139K(468260K), 0.0750404 secs] [Times: user=0.31 sys=0.00, real=0.07 secs] 
574.667: [GC574.667: [ParNew: 148606K->16446K(148608K), 0.1114482 secs]574.779: [Tenured: 366789K->183281K(366884K), 0.3834357 secs] 393299K->183281K(515492K), [Perm : 7376K->7376K(21248K)], 0.4987255 secs] [Times: user=0.75 sys=0.03, real=0.50 secs] 
575.319: [GC575.319: [ParNew: 132160K->16446K(148608K), 0.0778226 secs] 315441K->281391K(468260K), 0.0782816 secs] [Times: user=0.31 sys=0.00, real=0.08 secs] 
575.539: [GC575.539: [ParNew: 148606K->16446K(148608K), 0.1179453 secs]575.657: [Tenured: 387481K->168025K(387620K), 0.3881798 secs] 413551K->168025K(536228K), [Perm : 7376K->7376K(21248K)], 0.5113798 secs] [Times: user=0.80 sys=0.00, real=0.51 secs] 
576.191: [GC576.192: [ParNew: 132160K->16446K(148608K), 0.1020607 secs] 300185K->293535K(468260K), 0.1025331 secs] [Times: user=0.39 sys=0.00, real=0.10 secs] 
576.449: [GC576.449: [ParNew: 148606K->16448K(148608K), 0.0968317 secs]576.546: [Tenured: 382241K->179521K(382244K), 0.3833395 secs] 425695K->179521K(530852K), [Perm : 7376K->7376K(21248K)], 0.4851642 secs] [Times: user=0.73 sys=0.02, real=0.49 secs] 
577.074: [GC577.074: [ParNew: 132160K->16447K(148608K), 0.1028253 secs] 311681K->305288K(468260K), 0.1032416 secs] [Times: user=0.40 sys=0.00, real=0.10 secs] 
577.324: [GC577.324: [ParNew: 148607K->16447K(148608K), 0.0831337 secs]577.407: [Tenured: 379177K->167732K(379364K), 0.3878036 secs] 437448K->167732K(527972K), [Perm : 7376K->7376K(21248K)], 0.4758713 secs] [Times: user=0.70 sys=0.02, real=0.48 secs] 
577.941: [GC577.942: [ParNew: 132160K->16447K(148608K), 0.1011656 secs] 299892K->293115K(468260K), 0.1016049 secs] [Times: user=0.37 sys=0.00, real=0.10 secs] 
578.181: [GC578.181: [ParNew: 148607K->16447K(148608K), 0.1127307 secs]578.294: [Tenured: 396940K->178917K(397028K), 0.3802516 secs] 425275K->178917K(545636K), [Perm : 7376K->7376K(21248K)], 0.4987768 secs] [Times: user=0.80 sys=0.01, real=0.50 secs] 
578.831: [GC578.831: [ParNew: 132160K->16446K(148608K), 0.0856838 secs] 311077K->284972K(468260K), 0.0862123 secs] [Times: user=0.31 sys=0.00, real=0.09 secs] 
579.057: [GC579.057: [ParNew: 148606K->16446K(148608K), 0.1100197 secs]579.167: [Tenured: 387141K->171219K(387428K), 0.3924868 secs] 417132K->171219K(536036K), [Perm : 7376K->7376K(21248K)], 0.5080751 secs] [Times: user=0.78 sys=0.01, real=0.51 secs] 
579.704: [GC579.704: [ParNew: 132160K->16446K(148608K), 0.0784920 secs] 303379K->267185K(468260K), 0.0789089 secs] [Times: user=0.31 sys=0.00, real=0.08 secs] 
579.927: [GC579.927: [ParNew: 148606K->16446K(148608K), 0.1155059 secs]580.043: [Tenured: 378155K->179484K(378212K), 0.3805903 secs] 399345K->179484K(526820K), [Perm : 7376K->7376K(21248K)], 0.5009683 secs] [Times: user=0.81 sys=0.00, real=0.50 secs] 
580.569: [GC580.569: [ParNew: 132160K->16446K(148608K), 0.0498729 secs] 311644K->244371K(468260K), 0.0503331 secs] [Times: user=0.19 sys=0.00, real=0.05 secs] 
580.760: [GC580.760: [ParNew: 148606K->16446K(148608K), 0.1082862 secs]580.868: [Tenured: 351204K->186262K(351332K), 0.3849046 secs] 376531K->186262K(499940K), [Perm : 7377K->7377K(21248K)], 0.4958675 secs] [Times: user=0.78 sys=0.02, real=0.50 secs] 
581.408: [GC581.408: [ParNew: 132160K->16446K(148608K), 0.0781321 secs] 318422K->283020K(468260K), 0.0785420 secs] [Times: user=0.28 sys=0.00, real=0.08 secs] 
581.627: [GC581.627: [ParNew: 148606K->16446K(148608K), 0.1125534 secs]581.740: [Tenured: 388958K->166422K(388964K), 0.3841644 secs] 415180K->166422K(537572K), [Perm : 7377K->7377K(21248K)], 0.5023961 secs] [Times: user=0.80 sys=0.02, real=0.50 secs] 
582.281: [GC582.281: [ParNew: 132160K->16446K(148608K), 0.0987707 secs] 298582K->288202K(468260K), 0.0992384 secs] [Times: user=0.38 sys=0.00, real=0.10 secs] 
582.515: [GC582.515: [ParNew: 148606K->16446K(148608K), 0.0962759 secs]582.612: [Tenured: 376904K->169622K(377252K), 0.3887456 secs] 420362K->169622K(525860K), [Perm : 7377K->7377K(21248K)], 0.4894403 secs] [Times: user=0.75 sys=0.00, real=0.49 secs] 
583.144: [GC583.144: [ParNew: 132160K->16448K(148608K), 0.0983830 secs] 301782K->291126K(468260K), 0.0989459 secs] [Times: user=0.36 sys=0.02, real=0.10 secs] 
583.396: [GC583.396: [ParNew: 148608K->16447K(148608K), 0.0900712 secs]583.486: [Tenured: 370902K->182404K(370916K), 0.3869633 secs] 423286K->182404K(519524K), [Perm : 7377K->7377K(21248K)], 0.4809598 secs] [Times: user=0.75 sys=0.00, real=0.48 secs] 
584.020: [GC584.020: [ParNew: 132160K->16447K(148608K), 0.1011957 secs] 314564K->308763K(468260K), 0.1016229 secs] [Times: user=0.42 sys=0.00, real=0.10 secs] 
584.284: [GC584.284: [ParNew: 148607K->16447K(148608K), 0.1018442 secs]584.386: [Tenured: 404332K->166820K(404516K), 0.3830826 secs] 440923K->166820K(553124K), [Perm : 7377K->7377K(21248K)], 0.4913784 secs] [Times: user=0.77 sys=0.06, real=0.49 secs] 
584.907: [GC584.907: [ParNew: 132160K->16447K(148608K), 0.0887919 secs] 298980K->277555K(468260K), 0.0892024 secs] [Times: user=0.37 sys=0.00, real=0.09 secs] 
585.137: [GC585.138: [ParNew: 148607K->16447K(148608K), 0.1125184 secs]585.250: [Tenured: 380356K->177225K(380516K), 0.3829906 secs] 409715K->177225K(529124K), [Perm : 7377K->7377K(21248K)], 0.5001706 secs] [Times: user=0.80 sys=0.00, real=0.50 secs] 
585.780: [GC585.780: [ParNew: 132160K->16446K(148608K), 0.0759236 secs] 309385K->270808K(468260K), 0.0763704 secs] [Times: user=0.30 sys=0.00, real=0.08 secs] 
585.999: [GC585.999: [ParNew: 148606K->16446K(148608K), 0.1131903 secs]586.113: [Tenured: 379697K->163322K(379748K), 0.3803937 secs] 402968K->163322K(528356K), [Perm : 7377K->7377K(21248K)], 0.4980593 secs] [Times: user=0.80 sys=0.00, real=0.50 secs] 
586.647: [GC586.647: [ParNew: 132160K->16446K(148608K), 0.0922271 secs] 295482K->273360K(468260K), 0.0926947 secs] [Times: user=0.36 sys=0.00, real=0.09 secs] 
586.882: [GC586.882: [ParNew: 148606K->16446K(148608K), 0.1062653 secs]586.988: [Tenured: 375178K->187203K(375332K), 0.3909220 secs] 405520K->187203K(523940K), [Perm : 7377K->7377K(21248K)], 0.5018730 secs] [Times: user=0.72 sys=0.02, real=0.50 secs] 
587.520: [GC587.520: [ParNew: 132160K->16446K(148608K), 0.0647472 secs] 319363K->267938K(468260K), 0.0651657 secs] [Times: user=0.25 sys=0.00, real=0.06 secs] 
587.727: [GC587.728: [ParNew: 148606K->16446K(148608K), 0.1152156 secs]587.843: [Tenured: 373267K->180168K(373412K), 0.3721076 secs] 400098K->180168K(522020K), [Perm : 7377K->7377K(21248K)], 0.4913742 secs] [Times: user=0.76 sys=0.01, real=0.49 secs] 
588.366: [GC588.366: [ParNew: 132160K->16446K(148608K), 0.0832255 secs] 312328K->284870K(468260K), 0.0838133 secs] [Times: user=0.31 sys=0.00, real=0.08 secs] 
588.591: [GC588.591: [ParNew: 148606K->16446K(148608K), 0.1124315 secs]588.704: [Tenured: 392856K->169945K(392996K), 0.3860127 secs] 417030K->169945K(541604K), [Perm : 7377K->7377K(21248K)], 0.5042832 secs] [Times: user=0.84 sys=0.03, real=0.50 secs] 
589.236: [GC589.236: [ParNew: 132160K->16446K(148608K), 0.1011155 secs] 302105K->294471K(468260K), 0.1015636 secs] [Times: user=0.36 sys=0.00, real=0.10 secs] 
589.482: [GC589.482: [ParNew: 148606K->16446K(148608K), 0.0861209 secs]589.568: [Tenured: 370969K->163425K(371108K), 0.3809354 secs] 426631K->163425K(519716K), [Perm : 7377K->7377K(21248K)], 0.4712122 secs] [Times: user=0.64 sys=0.06, real=0.47 secs] 
590.097: [GC590.097: [ParNew: 132160K->16448K(148608K), 0.1042342 secs] 295585K->291809K(468260K), 0.1046489 secs] [Times: user=0.41 sys=0.00, real=0.11 secs] 
590.346: [GC590.347: [ParNew: 148608K->16447K(148608K), 0.0991155 secs]590.446: [Tenured: 382145K->180013K(382244K), 0.3847770 secs] 423969K->180013K(530852K), [Perm : 7377K->7377K(21248K)], 0.4888813 secs] [Times: user=0.67 sys=0.03, real=0.49 secs] 
590.978: [GC590.978: [ParNew: 132160K->16447K(148608K), 0.1039007 secs] 312173K->306460K(468260K), 0.1043246 secs] [Times: user=0.37 sys=0.00, real=0.11 secs] 
591.205: [GC591.206: [ParNew: 148607K->16447K(148608K), 0.0408433 secs]591.246: [Tenured: 332669K->189147K(332708K), 0.3873036 secs] 438620K->189147K(481316K), [Perm : 7377K->7377K(21248K)], 0.4298198 secs] [Times: user=0.58 sys=0.00, real=0.43 secs] 
591.793: [GC591.793: [ParNew: 132160K->16447K(148608K), 0.0505307 secs] 321307K->252826K(468260K), 0.0509585 secs] [Times: user=0.19 sys=0.00, real=0.05 secs] 
591.986: [GC591.986: [ParNew: 148607K->16447K(148608K), 0.1101069 secs]592.096: [Tenured: 357931K->164573K(358052K), 0.3965763 secs] 384986K->164573K(506660K), [Perm : 7377K->7377K(21248K)], 0.5099067 secs] [Times: user=0.75 sys=0.03, real=0.51 secs] 
592.640: [GC592.640: [ParNew: 132160K->16446K(148608K), 0.0875356 secs] 296733K->273004K(468260K), 0.0880712 secs] [Times: user=0.33 sys=0.00, real=0.09 secs] 
592.865: [GC592.865: [ParNew: 148606K->16446K(148608K), 0.1105203 secs]592.976: [Tenured: 374677K->165760K(374756K), 0.3952228 secs] 405164K->165760K(523364K), [Perm : 7377K->7377K(21248K)], 0.5099638 secs] [Times: user=0.78 sys=0.00, real=0.51 secs] 
593.519: [GC593.519: [ParNew: 132160K->16446K(148608K), 0.0733335 secs] 297920K->246871K(468260K), 0.0738309 secs] [Times: user=0.23 sys=0.00, real=0.07 secs] 
593.726: [GC593.726: [ParNew: 148606K->16446K(148608K), 0.0760936 secs] 379031K->331631K(468260K), 0.0765295 secs] [Times: user=0.25 sys=0.00, real=0.08 secs] 
593.935: [GC593.935: [ParNew: 148606K->16446K(148608K), 0.1081794 secs]594.043: [Tenured: 420720K->178695K(420836K), 0.4100308 secs] 463791K->178695K(569444K), [Perm : 7377K->7377K(21248K)], 0.5265957 secs] [Times: user=0.73 sys=0.05, real=0.53 secs] 
594.601: [GC594.602: [ParNew: 132160K->16446K(148608K), 0.0254732 secs] 310855K->214733K(468260K), 0.0259090 secs] [Times: user=0.06 sys=0.00, real=0.03 secs] 
594.768: [GC594.768: [ParNew: 148606K->16446K(148608K), 0.1116342 secs] 346893K->334893K(468260K), 0.1120633 secs] [Times: user=0.44 sys=0.00, real=0.11 secs] 
595.016: [GC595.016: [ParNew: 148606K->16446K(148608K), 0.0614460 secs]595.078: [Tenured: 382375K->193066K(382820K), 0.4212258 secs] 467053K->193066K(531428K), [Perm : 7377K->7377K(21248K)], 0.4874021 secs] [Times: user=0.59 sys=0.03, real=0.49 secs] 
595.651: [GC595.651: [ParNew: 132992K->16576K(149568K), 0.0835032 secs] 326058K->281298K(471348K), 0.0839208 secs] [Times: user=0.28 sys=0.00, real=0.08 secs] 
595.879: [GC595.879: [ParNew: 149568K->16576K(149568K), 0.1139167 secs]595.993: [Tenured: 390434K->164894K(390516K), 0.4201437 secs] 414290K->164894K(540084K), [Perm : 7377K->7377K(21248K)], 0.5394844 secs] [Times: user=0.83 sys=0.02, real=0.54 secs] 
596.569: [GC596.569: [ParNew: 132992K->16576K(149568K), 0.0904202 secs] 297886K->274726K(471348K), 0.0909519 secs] [Times: user=0.36 sys=0.00, real=0.09 secs] 
596.800: [GC596.800: [ParNew: 149568K->16576K(149568K), 0.1073702 secs]596.908: [Tenured: 376446K->161113K(376500K), 0.3738661 secs] 407718K->161113K(526068K), [Perm : 7377K->7377K(21248K)], 0.4853887 secs] [Times: user=0.73 sys=0.03, real=0.49 secs] 
597.432: [GC597.432: [ParNew: 132992K->16575K(149568K), 0.0775728 secs] 294105K->257729K(471348K), 0.0779846 secs] [Times: user=0.30 sys=0.00, real=0.08 secs] 
597.652: [GC597.652: [ParNew: 149567K->16575K(149568K), 0.1247199 secs]597.777: [Tenured: 366457K->186627K(366516K), 0.4013710 secs] 390721K->186627K(516084K), [Perm : 7377K->7377K(21248K)], 0.5297124 secs] [Times: user=0.80 sys=0.00, real=0.53 secs] 
598.334: [GC598.334: [ParNew: 132992K->16575K(149568K), 0.0997470 secs] 319619K->305153K(471348K), 0.1002069 secs] [Times: user=0.31 sys=0.00, real=0.10 secs] 
598.572: [GC598.573: [ParNew: 149567K->16575K(149568K), 0.1018743 secs]598.675: [Tenured: 398821K->179791K(398964K), 0.3757407 secs] 438145K->179791K(548532K), [Perm : 7377K->7377K(21248K)], 0.4835253 secs] [Times: user=0.78 sys=0.01, real=0.48 secs] 
599.199: [GC599.199: [ParNew: 132992K->16574K(149568K), 0.1028182 secs] 312783K->307014K(471348K), 0.1032429 secs] [Times: user=0.41 sys=0.00, real=0.10 secs] 
599.448: [GC599.448: [ParNew: 149566K->16574K(149568K), 0.0928551 secs]599.541: [Tenured: 385503K->170548K(385524K), 0.4046494 secs] 440006K->170548K(535092K), [Perm : 7377K->7377K(21248K)], 0.5028345 secs] [Times: user=0.75 sys=0.02, real=0.50 secs] 
600.096: [GC600.096: [ParNew: 132992K->16574K(149568K), 0.1117522 secs] 303540K->298731K(471348K), 0.1121640 secs] [Times: user=0.42 sys=0.00, real=0.11 secs] 
600.359: [GC600.359: [ParNew: 149566K->16574K(149568K), 0.0434524 secs]600.402: [Tenured: 326247K->165283K(326388K), 0.3900092 secs] 431723K->165283K(475956K), [Perm : 7377K->7377K(21248K)], 0.4342284 secs] [Times: user=0.52 sys=0.01, real=0.43 secs] 
600.920: [GC600.920: [ParNew: 132992K->16574K(149568K), 0.0580865 secs] 298275K->239013K(471348K), 0.0585974 secs] [Times: user=0.19 sys=0.00, real=0.06 secs] 
601.120: [GC601.120: [ParNew: 149566K->16574K(149568K), 0.0887829 secs] 372005K->333933K(471348K), 0.0892101 secs] [Times: user=0.31 sys=0.00, real=0.09 secs] 
601.356: [GC601.356: [ParNew: 149566K->16574K(149568K), 0.0993057 secs]601.456: [Tenured: 420533K->193616K(420852K), 0.4277069 secs] 466925K->193616K(570420K), [Perm : 7377K->7377K(21248K)], 0.5394386 secs] [Times: user=0.76 sys=0.05, real=0.54 secs] 
602.036: [GC602.036: [ParNew: 133312K->16640K(149952K), 0.0776523 secs] 326928K->288724K(472648K), 0.0782533 secs] [Times: user=0.30 sys=0.00, real=0.08 secs] 
602.253: [GC602.253: [ParNew: 149952K->16640K(149952K), 0.1148196 secs]602.368: [Tenured: 389588K->160549K(389704K), 0.3835047 secs] 422036K->160549K(539656K), [Perm : 7377K->7377K(21248K)], 0.5041924 secs] [Times: user=0.83 sys=0.00, real=0.50 secs] 
Heap
 par new generation   total 149952K, used 23495K [0x000000077ae00000, 0x00000007850b0000, 0x00000007a58a0000)
  eden space 133312K,  17% used [0x000000077ae00000, 0x000000077c4f1d28, 0x0000000783030000)
  from space 16640K,   0% used [0x0000000783030000, 0x0000000783030000, 0x0000000784070000)
  to   space 16640K,   0% used [0x0000000784070000, 0x0000000784070000, 0x00000007850b0000)
 tenured generation   total 322696K, used 160549K [0x00000007a58a0000, 0x00000007b93c2000, 0x00000007fae00000)
   the space 322696K,  49% used [0x00000007a58a0000, 0x00000007af569680, 0x00000007af569800, 0x00000007b93c2000)
 compacting perm gen  total 21248K, used 7388K [0x00000007fae00000, 0x00000007fc2c0000, 0x0000000800000000)
   the space 21248K,  34% used [0x00000007fae00000, 0x00000007fb537030, 0x00000007fb537200, 0x00000007fc2c0000)
No shared spaces configured.
