0.068: [GC0.068: [ParNew: 69568K->655K(78208K), 0.0011947 secs] 69568K->655K(251968K), 0.0013371 secs] [Times: user=0.00 sys=0.00, real=0.00 secs] 
0.107: [GC0.107: [ParNew: 70223K->5084K(78208K), 0.0034352 secs] 70223K->5084K(251968K), 0.0037120 secs] [Times: user=0.00 sys=0.00, real=0.00 secs] 
0.157: [GC0.158: [ParNew: 74652K->8640K(78208K), 0.0805734 secs] 74652K->25848K(251968K), 0.0809439 secs] [Times: user=0.23 sys=0.02, real=0.08 secs] 
0.292: [GC0.292: [ParNew: 78208K->8640K(78208K), 0.0588347 secs] 95416K->71264K(251968K), 0.0593136 secs] [Times: user=0.17 sys=0.00, real=0.06 secs] 
0.416: [GC0.417: [ParNew: 78208K->8640K(78208K), 0.0725599 secs] 140832K->126820K(251968K), 0.0730426 secs] [Times: user=0.23 sys=0.02, real=0.07 secs] 
0.490: [GC [1 CMS-initial-mark: 118180K(173760K)] 126831K(251968K), 0.0065302 secs] [Times: user=0.02 sys=0.00, real=0.01 secs] 
0.497: [CMS-concurrent-mark-start]
0.556: [GC0.556: [ParNew: 78208K->8640K(78208K), 0.0751093 secs] 196388K->178983K(251968K), 0.0755529 secs] [Times: user=0.23 sys=0.00, real=0.08 secs] 
0.691: [GC0.692: [ParNew: 78208K->8640K(78208K), 0.0799833 secs] 248551K->231871K(301888K), 0.0804275 secs] [Times: user=0.28 sys=0.02, real=0.08 secs] 
0.828: [GC0.828: [ParNew: 78208K->8640K(78208K), 0.0195299 secs] 301439K->240752K(310720K), 0.0198946 secs] [Times: user=0.05 sys=0.00, real=0.02 secs] 
0.908: [GC0.909: [ParNew: 78208K->8640K(78208K), 0.0602780 secs] 310320K->279966K(349888K), 0.0607077 secs] [Times: user=0.22 sys=0.01, real=0.06 secs] 
1.033: [GC1.033: [ParNew: 78208K->8640K(78208K), 0.0792283 secs] 349534K->333066K(403072K), 0.0796995 secs] [Times: user=0.30 sys=0.02, real=0.08 secs] 
1.177: [GC1.177: [ParNew: 78208K->8640K(78208K), 0.0877187 secs] 402634K->388992K(458944K), 0.0881694 secs] [Times: user=0.27 sys=0.00, real=0.09 secs] 
1.330: [GC1.331: [ParNew: 78208K->8640K(78208K), 0.0854166 secs] 458560K->445776K(515776K), 0.0858685 secs] [Times: user=0.30 sys=0.00, real=0.09 secs] 
1.481: [GC1.481: [ParNew: 78208K->8640K(78208K), 0.0836976 secs] 515344K->499436K(569344K), 0.0841248 secs] [Times: user=0.28 sys=0.00, real=0.08 secs] 
1.626: [GC1.627: [ParNew: 78208K->8640K(78208K), 0.0633348 secs] 569004K->537838K(607936K), 0.0637741 secs] [Times: user=0.17 sys=0.02, real=0.06 secs] 
1.752: [GC1.753: [ParNew: 78208K->8639K(78208K), 0.0676016 secs] 607406K->579943K(649984K), 0.0680609 secs] [Times: user=0.23 sys=0.00, real=0.07 secs] 
1.883: [GC1.883: [ParNew: 78207K->8639K(78208K), 0.0639778 secs] 649511K->620471K(690496K), 0.0644133 secs] [Times: user=0.19 sys=0.00, real=0.07 secs] 
2.012: [GC2.012: [ParNew: 78207K->8639K(78208K), 0.0815465 secs] 690039K->674670K(744640K), 0.0819788 secs] [Times: user=0.28 sys=0.01, real=0.08 secs] 
2.159: [GC2.159: [ParNew: 78207K->8639K(78208K), 0.0883227 secs] 744238K->732813K(802816K), 0.0887588 secs] [Times: user=0.28 sys=0.00, real=0.09 secs] 
2.307: [GC2.307: [ParNew: 78207K->8638K(78208K), 0.0409113 secs] 802381K->756966K(827008K), 0.0414748 secs] [Times: user=0.12 sys=0.00, real=0.04 secs] 
2.414: [GC2.414: [ParNew: 78206K->8638K(78208K), 0.0879243 secs] 826534K->814396K(884416K), 0.0883509 secs] [Times: user=0.30 sys=0.00, real=0.09 secs] 
2.567: [GC2.568: [ParNew: 78206K->8638K(78208K), 0.0830337 secs] 883964K->868594K(938560K), 0.0834573 secs] [Times: user=0.25 sys=0.00, real=0.08 secs] 
2.714: [GC2.714: [ParNew: 78206K->8638K(78208K), 0.0703608 secs] 938162K->914613K(984640K), 0.0707960 secs] [Times: user=0.25 sys=0.00, real=0.07 secs] 
2.839: [GC2.840: [ParNew: 78206K->8638K(78208K), 0.0133307 secs] 984181K->923251K(993280K), 0.0137146 secs] [Times: user=0.06 sys=0.00, real=0.01 secs] 
2.909: [GC2.910: [ParNew: 78206K->7164K(78208K), 0.0043570 secs] 992819K->921777K(993280K), 0.0047460 secs] [Times: user=0.05 sys=0.00, real=0.01 secs] 
2.940: [CMS-concurrent-mark: 1.189/2.443 secs] [Times: user=7.77 sys=0.23, real=2.44 secs] 
2.940: [CMS-concurrent-preclean-start]
2.949: [CMS-concurrent-preclean: 0.008/0.009 secs] [Times: user=0.05 sys=0.00, real=0.01 secs] 
2.949: [CMS-concurrent-abortable-preclean-start]
2.969: [GC2.970: [ParNew: 76732K->8640K(78208K), 0.0098528 secs] 991345K->924676K(994624K), 0.0102961 secs] [Times: user=0.05 sys=0.00, real=0.01 secs] 
3.040: [GC3.041: [ParNew: 78208K->8640K(78208K), 0.0614932 secs] 994244K->962366K(1032256K), 0.0619069 secs] [Times: user=0.20 sys=0.00, real=0.06 secs] 
3.149: [CMS-concurrent-abortable-preclean: 0.127/0.200 secs] [Times: user=0.61 sys=0.05, real=0.20 secs] 
3.150: [GC[YG occupancy: 59672 K (78208 K)]3.150: [Rescan (parallel) , 0.0316573 secs]3.181: [weak refs processing, 0.0000122 secs]3.182: [scrub string table, 0.0000866 secs] [1 CMS-remark: 953726K(954048K)] 1013399K(1032256K), 0.0319588 secs] [Times: user=0.12 sys=0.00, real=0.03 secs] 
3.182: [CMS-concurrent-sweep-start]
3.199: [GC3.199: [ParNew: 78208K->8640K(78208K), 0.0854375 secs] 1028050K->1014150K(1084096K), 0.0858736 secs] [Times: user=0.31 sys=0.00, real=0.09 secs] 
3.349: [GC3.349: [ParNew: 78208K->8640K(78208K), 0.0800135 secs] 1078413K->1062495K(1132480K), 0.0804490 secs] [Times: user=0.25 sys=0.02, real=0.08 secs] 
3.431: [CMS-concurrent-sweep: 0.082/0.249 secs] [Times: user=0.80 sys=0.03, real=0.25 secs] 
3.432: [CMS-concurrent-reset-start]
3.434: [CMS-concurrent-reset: 0.002/0.002 secs] [Times: user=0.00 sys=0.00, real=0.00 secs] 
3.503: [GC3.503: [ParNew: 78208K->8640K(78208K), 0.0852903 secs] 1132063K->1126477K(1834624K), 0.0857271 secs] [Times: user=0.26 sys=0.01, real=0.09 secs] 
3.589: [GC [1 CMS-initial-mark: 1117837K(1756416K)] 1126520K(1834624K), 0.0064288 secs] [Times: user=0.00 sys=0.00, real=0.01 secs] 
3.596: [CMS-concurrent-mark-start]
3.661: [GC3.662: [ParNew: 78208K->8640K(78208K), 0.0910443 secs] 1196045K->1184948K(1834624K), 0.0914827 secs] [Times: user=0.28 sys=0.03, real=0.09 secs] 
3.815: [GC3.816: [ParNew: 78208K->8638K(78208K), 0.0634329 secs] 1254516K->1226698K(1834624K), 0.0638979 secs] [Times: user=0.20 sys=0.00, real=0.06 secs] 
3.941: [GC3.941: [ParNew: 78206K->8638K(78208K), 0.0631782 secs] 1296266K->1269113K(1834624K), 0.0635971 secs] [Times: user=0.20 sys=0.00, real=0.06 secs] 
4.069: [GC4.069: [ParNew: 78206K->8638K(78208K), 0.0741446 secs] 1338681K->1319631K(1834624K), 0.0745724 secs] [Times: user=0.27 sys=0.00, real=0.08 secs] 
4.209: [GC4.209: [ParNew: 78206K->8638K(78208K), 0.0840090 secs] 1389199K->1387605K(1834624K), 0.0844657 secs] [Times: user=0.27 sys=0.00, real=0.09 secs] 
4.358: [GC4.358: [ParNew: 78206K->8638K(78208K), 0.0802319 secs] 1457173K->1440368K(1834624K), 0.0806680 secs] [Times: user=0.31 sys=0.00, real=0.08 secs] 
4.503: [GC4.504: [ParNew: 78206K->8638K(78208K), 0.0784137 secs] 1509936K->1492601K(1834624K), 0.0788508 secs] [Times: user=0.25 sys=0.02, real=0.08 secs] 
4.646: [GC4.647: [ParNew: 78206K->8638K(78208K), 0.0871103 secs] 1562169K->1541280K(1834624K), 0.0875478 secs] [Times: user=0.30 sys=0.00, real=0.09 secs] 
4.796: [GC4.796: [ParNew: 78206K->8638K(78208K), 0.0645275 secs] 1610848K->1582699K(1834624K), 0.0649640 secs] [Times: user=0.27 sys=0.00, real=0.07 secs] 
4.920: [GC4.920: [ParNew: 78206K->8640K(78208K), 0.0534136 secs] 1652267K->1616188K(1834624K), 0.0538373 secs] [Times: user=0.19 sys=0.02, real=0.05 secs] 
5.031: [GC5.032: [ParNew: 78208K->8639K(78208K), 0.0289716 secs] 1685756K->1632693K(1834624K), 0.0294087 secs] [Times: user=0.13 sys=0.00, real=0.03 secs] 
5.124: [GC5.124: [ParNew: 78207K->8639K(78208K), 0.0762684 secs] 1702261K->1682483K(1834624K), 0.0766972 secs] [Times: user=0.30 sys=0.01, real=0.08 secs] 
5.264: [GC5.264: [ParNew: 78207K->8639K(78208K), 0.0785330 secs] 1752051K->1733048K(1834624K), 0.0789766 secs] [Times: user=0.30 sys=0.00, real=0.08 secs] 
5.407: [GC5.407: [ParNew: 78207K->78207K(78208K), 0.0000212 secs]5.407: [CMS5.488: [CMS-concurrent-mark: 0.953/1.892 secs] [Times: user=6.05 sys=0.16, real=1.89 secs] 
 (concurrent mode failure): 1724409K->167378K(1756416K), 1.0448684 secs] 1802616K->167378K(1834624K), [CMS Perm : 2604K->2603K(21248K)], 1.0455608 secs] [Times: user=1.03 sys=0.00, real=1.05 secs] 
6.746: [GC6.746: [ParNew: 272640K->34048K(306688K), 0.2824956 secs] 440018K->471217K(2063104K), 0.2829767 secs] [Times: user=1.05 sys=0.00, real=0.28 secs] 
7.300: [GC7.300: [ParNew: 306688K->34048K(306688K), 0.2511459 secs] 743857K->664124K(2063104K), 0.2515767 secs] [Times: user=0.89 sys=0.02, real=0.25 secs] 
7.552: [GC [1 CMS-initial-mark: 630076K(1756416K)] 664131K(2063104K), 0.0199520 secs] [Times: user=0.02 sys=0.00, real=0.02 secs] 
7.572: [CMS-concurrent-mark-start]
7.726: [CMS-concurrent-mark: 0.154/0.154 secs] [Times: user=0.52 sys=0.02, real=0.15 secs] 
7.726: [CMS-concurrent-preclean-start]
7.729: [CMS-concurrent-preclean: 0.003/0.003 secs] [Times: user=0.00 sys=0.00, real=0.00 secs] 
7.729: [CMS-concurrent-abortable-preclean-start]
7.813: [GC7.813: [ParNew: 306688K->34048K(306688K), 0.2084059 secs] 936764K->806430K(2063104K), 0.2088427 secs] [Times: user=0.69 sys=0.00, real=0.21 secs] 
8.127: [CMS-concurrent-abortable-preclean: 0.186/0.397 secs] [Times: user=1.37 sys=0.00, real=0.40 secs] 
8.128: [GC[YG occupancy: 171050 K (306688 K)]8.128: [Rescan (parallel) , 0.0516532 secs]8.180: [weak refs processing, 0.0000276 secs]8.180: [scrub string table, 0.0001113 secs] [1 CMS-remark: 772382K(1756416K)] 943433K(2063104K), 0.0519175 secs] [Times: user=0.19 sys=0.00, real=0.05 secs] 
8.183: [CMS-concurrent-sweep-start]
8.285: [GC8.286: [ParNew: 306688K->34048K(306688K), 0.0667058 secs] 987625K->757900K(2063104K), 0.0671189 secs] [Times: user=0.23 sys=0.02, real=0.07 secs] 
8.574: [GC8.574: [ParNew: 306688K->34048K(306688K), 0.1292102 secs] 861630K->680293K(2063104K), 0.1296939 secs] [Times: user=0.45 sys=0.00, real=0.13 secs] 
8.922: [GC8.922: [ParNew: 306688K->34048K(306688K), 0.0870658 secs] 785377K->570957K(2063104K), 0.0875007 secs] [Times: user=0.33 sys=0.00, real=0.09 secs] 
9.100: [CMS-concurrent-sweep: 0.601/0.917 secs] [Times: user=3.06 sys=0.11, real=0.92 secs] 
9.100: [CMS-concurrent-reset-start]
9.102: [CMS-concurrent-reset: 0.002/0.002 secs] [Times: user=0.00 sys=0.00, real=0.00 secs] 
9.276: [GC9.276: [ParNew: 306688K->34048K(306688K), 0.2189575 secs] 828167K->733393K(2063104K), 0.2193873 secs] [Times: user=0.73 sys=0.00, real=0.22 secs] 
9.496: [GC [1 CMS-initial-mark: 699345K(1756416K)] 733402K(2063104K), 0.0200103 secs] [Times: user=0.02 sys=0.00, real=0.02 secs] 
9.516: [CMS-concurrent-mark-start]
9.706: [CMS-concurrent-mark: 0.156/0.190 secs] [Times: user=0.61 sys=0.05, real=0.19 secs] 
9.706: [CMS-concurrent-preclean-start]
9.710: [CMS-concurrent-preclean: 0.003/0.004 secs] [Times: user=0.00 sys=0.00, real=0.00 secs] 
9.710: [CMS-concurrent-abortable-preclean-start]
9.761: [GC9.761: [ParNew: 306688K->34046K(306688K), 0.0771206 secs] 1006033K->778164K(2063104K), 0.0776103 secs] [Times: user=0.25 sys=0.01, real=0.08 secs] 
10.048: [CMS-concurrent-abortable-preclean: 0.150/0.338 secs] [Times: user=1.15 sys=0.01, real=0.34 secs] 
10.052: [GC[YG occupancy: 299111 K (306688 K)]10.052: [Rescan (parallel) , 0.1116919 secs]10.163: [weak refs processing, 0.0000148 secs]10.163: [scrub string table, 0.0001636 secs] [1 CMS-remark: 744118K(1756416K)] 1043230K(2063104K), 0.1120091 secs] [Times: user=0.41 sys=0.02, real=0.11 secs] 
10.164: [CMS-concurrent-sweep-start]
10.171: [GC10.171: [ParNew: 306686K->34048K(306688K), 0.0588431 secs] 1045108K->809595K(2063104K), 0.0592372 secs] [Times: user=0.19 sys=0.00, real=0.06 secs] 
10.480: [GC10.480: [ParNew: 306688K->34048K(306688K), 0.2296632 secs] 878770K->778471K(2063104K), 0.2301054 secs] [Times: user=0.80 sys=0.00, real=0.23 secs] 
10.947: [GC10.947: [ParNew: 306688K->33950K(306688K), 0.0416320 secs] 894424K->651915K(2063104K), 0.0420454 secs] [Times: user=0.13 sys=0.00, real=0.04 secs] 
11.142: [CMS-concurrent-sweep: 0.623/0.978 secs] [Times: user=3.09 sys=0.19, real=0.98 secs] 
11.142: [CMS-concurrent-reset-start]
11.144: [CMS-concurrent-reset: 0.002/0.002 secs] [Times: user=0.00 sys=0.00, real=0.00 secs] 
11.248: [GC11.248: [ParNew: 306590K->34048K(306688K), 0.2184123 secs] 778148K->677852K(2063104K), 0.2188405 secs] [Times: user=0.78 sys=0.00, real=0.22 secs] 
11.467: [GC [1 CMS-initial-mark: 643804K(1756416K)] 677859K(2063104K), 0.0200245 secs] [Times: user=0.02 sys=0.00, real=0.02 secs] 
11.487: [CMS-concurrent-mark-start]
11.670: [CMS-concurrent-mark: 0.165/0.183 secs] [Times: user=0.55 sys=0.00, real=0.18 secs] 
11.670: [CMS-concurrent-preclean-start]
11.673: [CMS-concurrent-preclean: 0.003/0.003 secs] [Times: user=0.00 sys=0.00, real=0.00 secs] 
11.674: [CMS-concurrent-abortable-preclean-start]
11.734: [GC11.735: [ParNew: 306688K->34048K(306688K), 0.1326557 secs] 950492K->770692K(2063104K), 0.1330916 secs] [Times: user=0.51 sys=0.00, real=0.13 secs] 
11.986: [CMS-concurrent-abortable-preclean: 0.178/0.313 secs] [Times: user=1.06 sys=0.00, real=0.31 secs] 
11.987: [GC[YG occupancy: 171007 K (306688 K)]11.987: [Rescan (parallel) , 0.0330819 secs]12.020: [weak refs processing, 0.0000131 secs]12.020: [scrub string table, 0.0001754 secs] [1 CMS-remark: 736644K(1756416K)] 907652K(2063104K), 0.0334754 secs] [Times: user=0.13 sys=0.00, real=0.03 secs] 
12.020: [CMS-concurrent-sweep-start]
12.142: [GC12.142: [ParNew: 306688K->34048K(306688K), 0.1944526 secs] 933688K->808821K(2063104K), 0.1949033 secs] [Times: user=0.72 sys=0.00, real=0.19 secs] 
12.583: [GC12.583: [ParNew: 306688K->34048K(306688K), 0.2141900 secs] 878635K->765271K(2063104K), 0.2146759 secs] [Times: user=0.72 sys=0.00, real=0.21 secs] 
13.046: [GC13.046: [ParNew: 306688K->34048K(306688K), 0.1135761 secs] 903798K->711710K(2063104K), 0.1140123 secs] [Times: user=0.42 sys=0.00, real=0.11 secs] 
13.176: [CMS-concurrent-sweep: 0.598/1.155 secs] [Times: user=3.73 sys=0.11, real=1.15 secs] 
13.176: [CMS-concurrent-reset-start]
13.178: [CMS-concurrent-reset: 0.002/0.002 secs] [Times: user=0.00 sys=0.00, real=0.00 secs] 
13.437: [GC13.437: [ParNew: 306688K->34048K(306688K), 0.2603451 secs] 981126K->917785K(2063104K), 0.2607646 secs] [Times: user=0.97 sys=0.00, real=0.26 secs] 
13.698: [GC [1 CMS-initial-mark: 883737K(1756416K)] 917794K(2063104K), 0.0200524 secs] [Times: user=0.01 sys=0.00, real=0.02 secs] 
13.718: [CMS-concurrent-mark-start]
13.900: [CMS-concurrent-mark: 0.162/0.182 secs] [Times: user=0.55 sys=0.03, real=0.18 secs] 
13.900: [CMS-concurrent-preclean-start]
13.903: [CMS-concurrent-preclean: 0.003/0.003 secs] [Times: user=0.00 sys=0.00, real=0.00 secs] 
13.904: [CMS-concurrent-abortable-preclean-start]
13.966: [GC13.966: [ParNew: 306688K->34048K(306688K), 0.1345079 secs] 1190425K->1007848K(2063104K), 0.1349553 secs] [Times: user=0.52 sys=0.00, real=0.13 secs] 
14.350: [GC14.350: [ParNew: 306688K->34046K(306688K), 0.2402514 secs] 1280488K->1175696K(2063104K), 0.2406863 secs] [Times: user=0.81 sys=0.00, real=0.24 secs] 
14.647: [CMS-concurrent-abortable-preclean: 0.343/0.743 secs] [Times: user=2.51 sys=0.06, real=0.74 secs] 
14.648: [GC[YG occupancy: 79442 K (306688 K)]14.648: [Rescan (parallel) , 0.0557180 secs]14.703: [weak refs processing, 0.0000125 secs]14.703: [scrub string table, 0.0001706 secs] [1 CMS-remark: 1141649K(1756416K)] 1221091K(2063104K), 0.0561160 secs] [Times: user=0.25 sys=0.00, real=0.06 secs] 
14.705: [CMS-concurrent-sweep-start]
14.899: [GC14.899: [ParNew: 306686K->34046K(306688K), 0.1474499 secs] 1263637K->1099718K(2063104K), 0.1478825 secs] [Times: user=0.52 sys=0.00, real=0.15 secs] 
15.279: [GC15.279: [ParNew: 306686K->34046K(306688K), 0.1401490 secs] 1162709K->975263K(2063104K), 0.1406465 secs] [Times: user=0.47 sys=0.00, real=0.14 secs] 
15.671: [GC15.671: [ParNew: 306686K->34046K(306688K), 0.1388767 secs] 1071618K->896047K(2063104K), 0.1393254 secs] [Times: user=0.31 sys=0.00, real=0.14 secs] 
16.054: [GC16.054: [ParNew: 306686K->34046K(306688K), 0.1717284 secs] 1046536K->898219K(2063104K), 0.1721713 secs] [Times: user=0.61 sys=0.00, real=0.17 secs] 
16.245: [CMS-concurrent-sweep: 0.914/1.540 secs] [Times: user=4.59 sys=0.13, real=1.54 secs] 
16.245: [CMS-concurrent-reset-start]
16.247: [CMS-concurrent-reset: 0.002/0.002 secs] [Times: user=0.00 sys=0.00, real=0.00 secs] 
16.506: [GC16.507: [ParNew: 306686K->34046K(306688K), 0.2771935 secs] 1170859K->1120409K(2063104K), 0.2777480 secs] [Times: user=0.90 sys=0.00, real=0.28 secs] 
16.785: [GC [1 CMS-initial-mark: 1086362K(1756416K)] 1120413K(2063104K), 0.0202878 secs] [Times: user=0.02 sys=0.00, real=0.02 secs] 
16.805: [CMS-concurrent-mark-start]
16.999: [CMS-concurrent-mark: 0.172/0.194 secs] [Times: user=0.56 sys=0.00, real=0.19 secs] 
17.000: [CMS-concurrent-preclean-start]
17.003: [CMS-concurrent-preclean: 0.003/0.003 secs] [Times: user=0.00 sys=0.00, real=0.00 secs] 
17.003: [CMS-concurrent-abortable-preclean-start]
17.059: [GC17.059: [ParNew: 306686K->34046K(306688K), 0.1570423 secs] 1393049K->1226323K(2063104K), 0.1575192 secs] [Times: user=0.56 sys=0.00, real=0.16 secs] 
17.352: [CMS-concurrent-abortable-preclean: 0.190/0.349 secs] [Times: user=1.11 sys=0.00, real=0.35 secs] 
17.352: [GC[YG occupancy: 187109 K (306688 K)]17.352: [Rescan (parallel) , 0.0628687 secs]17.415: [weak refs processing, 0.0000131 secs]17.415: [scrub string table, 0.0001703 secs] [1 CMS-remark: 1192277K(1756416K)] 1379387K(2063104K), 0.0632555 secs] [Times: user=0.19 sys=0.00, real=0.06 secs] 
17.416: [CMS-concurrent-sweep-start]
17.525: [GC17.525: [ParNew: 306686K->34048K(306688K), 0.2186019 secs] 1395429K->1278665K(2063104K), 0.2190900 secs] [Times: user=0.77 sys=0.00, real=0.22 secs] 
17.983: [GC17.983: [ParNew: 306688K->34047K(306688K), 0.1504297 secs] 1342540K->1169667K(2063104K), 0.1508996 secs] [Times: user=0.48 sys=0.00, real=0.15 secs] 
18.367: [GC18.367: [ParNew: 306687K->34047K(306688K), 0.1851736 secs] 1251416K->1113726K(2063104K), 0.1856194 secs] [Times: user=0.64 sys=0.00, real=0.19 secs] 
18.806: [GC18.806: [ParNew: 306687K->34047K(306688K), 0.1585436 secs] 1218120K->1052159K(2063104K), 0.1589727 secs] [Times: user=0.53 sys=0.00, real=0.16 secs] 
19.210: [GC19.210: [ParNew: 306687K->34047K(306688K), 0.1928420 secs] 1100575K->971238K(2063104K), 0.1932782 secs] [Times: user=0.72 sys=0.00, real=0.19 secs] 
19.434: [CMS-concurrent-sweep: 1.062/2.018 secs] [Times: user=6.46 sys=0.06, real=2.02 secs] 
19.434: [CMS-concurrent-reset-start]
19.436: [CMS-concurrent-reset: 0.002/0.002 secs] [Times: user=0.00 sys=0.00, real=0.00 secs] 
19.678: [GC [1 CMS-initial-mark: 937191K(1756416K)] 1224884K(2063104K), 0.1736485 secs] [Times: user=0.17 sys=0.00, real=0.17 secs] 
19.852: [CMS-concurrent-mark-start]
19.864: [GC19.865: [ParNew: 306687K->34046K(306688K), 0.2811781 secs] 1243878K->1168065K(2063104K), 0.2817160 secs] [Times: user=0.95 sys=0.00, real=0.28 secs] 
20.399: [GC20.399: [ParNew: 306686K->34046K(306688K), 0.2143318 secs] 1440705K->1312921K(2063104K), 0.2148568 secs] [Times: user=0.73 sys=0.00, real=0.21 secs] 
20.866: [GC20.866: [ParNew: 306686K->34046K(306688K), 0.2043658 secs] 1585561K->1447130K(2063104K), 0.2048205 secs] [Times: user=0.72 sys=0.00, real=0.20 secs] 
21.314: [GC21.314: [ParNew: 306686K->34046K(306688K), 0.2215759 secs] 1719770K->1593776K(2063104K), 0.2220037 secs] [Times: user=0.78 sys=0.00, real=0.22 secs] 
21.781: [GC21.782: [ParNew: 306686K->34046K(306688K), 0.1396112 secs] 1866416K->1684475K(2063104K), 0.1400230 secs] [Times: user=0.50 sys=0.00, real=0.14 secs] 
22.071: [CMS-concurrent-mark: 1.110/2.219 secs] [Times: user=7.11 sys=0.22, real=2.22 secs] 
22.071: [CMS-concurrent-preclean-start]
22.079: [CMS-concurrent-preclean: 0.008/0.008 secs] [Times: user=0.00 sys=0.00, real=0.01 secs] 
22.079: [CMS-concurrent-abortable-preclean-start]
22.079: [CMS-concurrent-abortable-preclean: 0.000/0.000 secs] [Times: user=0.00 sys=0.00, real=0.00 secs] 
22.080: [GC[YG occupancy: 208845 K (306688 K)]22.080: [Rescan (parallel) , 0.1236352 secs]22.203: [weak refs processing, 0.0000128 secs]22.203: [scrub string table, 0.0001674 secs] [1 CMS-remark: 1650428K(1756416K)] 1859274K(2063104K), 0.1240252 secs] [Times: user=0.44 sys=0.00, real=0.12 secs] 
22.204: [CMS-concurrent-sweep-start]
22.294: [GC22.294: [ParNew: 306686K->34046K(306688K), 0.2264540 secs] 1870105K->1759970K(2063104K), 0.2268995 secs] [Times: user=0.80 sys=0.00, real=0.23 secs] 
22.777: [GC22.777: [ParNew: 306686K->34046K(306688K), 0.1651174 secs] 1824116K->1662070K(2063104K), 0.1655609 secs] [Times: user=0.59 sys=0.00, real=0.17 secs] 
23.186: [GC23.186: [ParNew: 306686K->34046K(306688K), 0.1996124 secs] 1734613K->1606898K(2063104K), 0.2000524 secs] [Times: user=0.67 sys=0.00, real=0.20 secs] 
23.632: [GC23.632: [ParNew: 306686K->34046K(306688K), 0.2133995 secs] 1725924K->1612582K(2063104K), 0.2138334 secs] [Times: user=0.73 sys=0.00, real=0.21 secs] 
24.101: [GC24.101: [ParNew: 306686K->34046K(306688K), 0.1703499 secs] 1785881K->1631998K(2063104K), 0.1708108 secs] [Times: user=0.56 sys=0.00, real=0.17 secs] 
24.437: [CMS-concurrent-sweep: 1.205/2.233 secs] [Times: user=7.03 sys=0.23, real=2.23 secs] 
24.437: [CMS-concurrent-reset-start]
24.439: [CMS-concurrent-reset: 0.002/0.002 secs] [Times: user=0.05 sys=0.00, real=0.00 secs] 
24.530: [GC24.531: [ParNew: 306686K->306686K(306688K), 0.0000247 secs]24.531: [CMS: 1597952K->165920K(1756416K), 0.9964044 secs] 1904638K->165920K(2063104K), [CMS Perm : 7334K->7332K(21248K)], 0.9968499 secs] [Times: user=1.00 sys=0.00, real=1.00 secs] 
25.836: [GC25.837: [ParNew: 272640K->34046K(306688K), 0.2239887 secs] 438560K->402343K(2063104K), 0.2244463 secs] [Times: user=0.81 sys=0.00, real=0.22 secs] 
26.339: [GC26.339: [ParNew: 306686K->34048K(306688K), 0.2881935 secs] 674983K->637588K(2063104K), 0.2886162 secs] [Times: user=1.03 sys=0.00, real=0.29 secs] 
26.628: [GC [1 CMS-initial-mark: 603540K(1756416K)] 637601K(2063104K), 0.0203115 secs] [Times: user=0.02 sys=0.00, real=0.02 secs] 
26.648: [CMS-concurrent-mark-start]
26.830: [CMS-concurrent-mark: 0.164/0.182 secs] [Times: user=0.53 sys=0.00, real=0.18 secs] 
26.831: [CMS-concurrent-preclean-start]
26.834: [CMS-concurrent-preclean: 0.003/0.003 secs] [Times: user=0.00 sys=0.00, real=0.00 secs] 
26.834: [CMS-concurrent-abortable-preclean-start]
26.892: [GC26.893: [ParNew: 306688K->34047K(306688K), 0.1574025 secs] 910228K->737072K(2063104K), 0.1578832 secs] [Times: user=0.55 sys=0.00, real=0.16 secs] 
27.177: [CMS-concurrent-abortable-preclean: 0.184/0.343 secs] [Times: user=1.19 sys=0.03, real=0.34 secs] 
27.177: [GC[YG occupancy: 175601 K (306688 K)]27.177: [Rescan (parallel) , 0.0618896 secs]27.239: [weak refs processing, 0.0000148 secs]27.239: [scrub string table, 0.0001758 secs] [1 CMS-remark: 703025K(1756416K)] 878627K(2063104K), 0.0622898 secs] [Times: user=0.22 sys=0.00, real=0.06 secs] 
27.240: [CMS-concurrent-sweep-start]
27.360: [GC27.360: [ParNew: 306687K->34047K(306688K), 0.2464432 secs] 893026K->788358K(2063104K), 0.2468804 secs] [Times: user=0.81 sys=0.00, real=0.25 secs] 
27.865: [GC27.865: [ParNew: 306687K->34047K(306688K), 0.1757614 secs] 862995K->712298K(2063104K), 0.1762069 secs] [Times: user=0.66 sys=0.00, real=0.18 secs] 
28.250: [CMS-concurrent-sweep: 0.563/1.011 secs] [Times: user=3.12 sys=0.09, real=1.01 secs] 
28.251: [CMS-concurrent-reset-start]
28.253: [CMS-concurrent-reset: 0.002/0.002 secs] [Times: user=0.00 sys=0.00, real=0.00 secs] 
28.291: [GC28.291: [ParNew: 306687K->34047K(306688K), 0.2063206 secs] 885164K->773174K(2063104K), 0.2067388 secs] [Times: user=0.70 sys=0.00, real=0.21 secs] 
28.498: [GC [1 CMS-initial-mark: 739127K(1756416K)] 773193K(2063104K), 0.0201152 secs] [Times: user=0.02 sys=0.00, real=0.02 secs] 
28.519: [CMS-concurrent-mark-start]
28.683: [CMS-concurrent-mark: 0.160/0.165 secs] [Times: user=0.55 sys=0.03, real=0.16 secs] 
28.683: [CMS-concurrent-preclean-start]
28.718: [CMS-concurrent-preclean: 0.003/0.034 secs] [Times: user=0.03 sys=0.00, real=0.04 secs] 
28.718: [CMS-concurrent-abortable-preclean-start]
28.784: [GC28.785: [ParNew: 306687K->34047K(306688K), 0.1755376 secs] 1045814K->889882K(2063104K), 0.1759670 secs] [Times: user=0.61 sys=0.00, real=0.18 secs] 
29.108: [CMS-concurrent-abortable-preclean: 0.213/0.390 secs] [Times: user=1.30 sys=0.03, real=0.39 secs] 
29.108: [GC[YG occupancy: 199752 K (306688 K)]29.109: [Rescan (parallel) , 0.0749522 secs]29.184: [weak refs processing, 0.0000128 secs]29.184: [scrub string table, 0.0001655 secs] [1 CMS-remark: 855835K(1756416K)] 1055587K(2063104K), 0.0753358 secs] [Times: user=0.31 sys=0.00, real=0.08 secs] 
29.184: [CMS-concurrent-sweep-start]
29.275: [GC29.276: [ParNew: 306687K->34046K(306688K), 0.1973619 secs] 1079099K->943500K(2063104K), 0.1977955 secs] [Times: user=0.62 sys=0.00, real=0.20 secs] 
29.732: [GC29.733: [ParNew: 306686K->34046K(306688K), 0.1986396 secs] 1032286K->900084K(2063104K), 0.1991307 secs] [Times: user=0.67 sys=0.00, real=0.20 secs] 
30.180: [GC30.180: [ParNew: 306686K->34046K(306688K), 0.2039270 secs] 965286K->838670K(2063104K), 0.2043847 secs] [Times: user=0.67 sys=0.00, real=0.20 secs] 
30.534: [CMS-concurrent-sweep: 0.717/1.350 secs] [Times: user=4.27 sys=0.06, real=1.35 secs] 
30.534: [CMS-concurrent-reset-start]
30.536: [CMS-concurrent-reset: 0.002/0.002 secs] [Times: user=0.00 sys=0.00, real=0.00 secs] 
30.643: [GC30.643: [ParNew: 306686K->34046K(306688K), 0.2265971 secs] 1035674K->943255K(2063104K), 0.2270320 secs] [Times: user=0.78 sys=0.00, real=0.23 secs] 
30.870: [GC [1 CMS-initial-mark: 909209K(1756416K)] 943268K(2063104K), 0.0201502 secs] [Times: user=0.02 sys=0.00, real=0.02 secs] 
30.891: [CMS-concurrent-mark-start]
31.078: [CMS-concurrent-mark: 0.165/0.187 secs] [Times: user=0.51 sys=0.00, real=0.19 secs] 
31.078: [CMS-concurrent-preclean-start]
31.081: [CMS-concurrent-preclean: 0.003/0.003 secs] [Times: user=0.00 sys=0.00, real=0.00 secs] 
31.081: [CMS-concurrent-abortable-preclean-start]
31.138: [GC31.138: [ParNew: 306686K->34046K(306688K), 0.1806938 secs] 1215895K->1048576K(2063104K), 0.1811437 secs] [Times: user=0.50 sys=0.00, real=0.18 secs] 
31.449: [CMS-concurrent-abortable-preclean: 0.186/0.367 secs] [Times: user=1.01 sys=0.02, real=0.37 secs] 
31.449: [GC[YG occupancy: 190907 K (306688 K)]31.449: [Rescan (parallel) , 0.1005504 secs]31.550: [weak refs processing, 0.0000151 secs]31.550: [scrub string table, 0.0001665 secs] [1 CMS-remark: 1014529K(1756416K)] 1205437K(2063104K), 0.1009362 secs] [Times: user=0.33 sys=0.00, real=0.10 secs] 
31.550: [CMS-concurrent-sweep-start]
31.656: [GC31.656: [ParNew: 306686K->34046K(306688K), 0.1762868 secs] 1219324K->1062118K(2063104K), 0.1767297 secs] [Times: user=0.58 sys=0.00, real=0.18 secs] 
32.083: [GC32.084: [ParNew: 306686K->34046K(306688K), 0.1588194 secs] 1118136K->955506K(2063104K), 0.1593268 secs] [Times: user=0.47 sys=0.00, real=0.16 secs] 
32.491: [GC32.491: [ParNew: 306686K->34046K(306688K), 0.2233508 secs] 1025902K->915959K(2063104K), 0.2239037 secs] [Times: user=0.72 sys=0.00, real=0.22 secs] 
32.964: [GC32.964: [ParNew: 306686K->34046K(306688K), 0.1662123 secs] 988343K->838337K(2063104K), 0.1666450 secs] [Times: user=0.55 sys=0.00, real=0.17 secs] 
33.178: [CMS-concurrent-sweep: 0.861/1.627 secs] [Times: user=5.15 sys=0.09, real=1.63 secs] 
33.178: [CMS-concurrent-reset-start]
33.181: [CMS-concurrent-reset: 0.003/0.003 secs] [Times: user=0.00 sys=0.00, real=0.00 secs] 
33.403: [GC33.403: [ParNew: 306686K->34046K(306688K), 0.2603894 secs] 1110977K->1042761K(2063104K), 0.2608782 secs] [Times: user=0.89 sys=0.00, real=0.26 secs] 
33.664: [GC [1 CMS-initial-mark: 1008715K(1756416K)] 1042766K(2063104K), 0.0201370 secs] [Times: user=0.02 sys=0.00, real=0.02 secs] 
33.685: [CMS-concurrent-mark-start]
33.865: [CMS-concurrent-mark: 0.161/0.180 secs] [Times: user=0.51 sys=0.03, real=0.18 secs] 
33.865: [CMS-concurrent-preclean-start]
33.868: [CMS-concurrent-preclean: 0.003/0.003 secs] [Times: user=0.00 sys=0.00, real=0.00 secs] 
33.868: [CMS-concurrent-abortable-preclean-start]
33.935: [GC33.935: [ParNew: 306686K->34046K(306688K), 0.1793849 secs] 1315401K->1161387K(2063104K), 0.1798612 secs] [Times: user=0.61 sys=0.00, real=0.18 secs] 
34.262: [CMS-concurrent-abortable-preclean: 0.213/0.393 secs] [Times: user=1.26 sys=0.00, real=0.39 secs] 
34.262: [GC[YG occupancy: 201605 K (306688 K)]34.262: [Rescan (parallel) , 0.0916976 secs]34.354: [weak refs processing, 0.0000269 secs]34.354: [scrub string table, 0.0001665 secs] [1 CMS-remark: 1127341K(1756416K)] 1328946K(2063104K), 0.0921129 secs] [Times: user=0.30 sys=0.00, real=0.09 secs] 
34.355: [CMS-concurrent-sweep-start]
34.448: [GC34.449: [ParNew: 306686K->34048K(306688K), 0.2184210 secs] 1344177K->1223408K(2063104K), 0.2188677 secs] [Times: user=0.72 sys=0.00, real=0.22 secs] 
34.915: [GC34.916: [ParNew: 306688K->34047K(306688K), 0.1469156 secs] 1283422K->1105889K(2063104K), 0.1474082 secs] [Times: user=0.51 sys=0.00, real=0.15 secs] 
35.305: [GC35.306: [ParNew: 306687K->34047K(306688K), 0.2000822 secs] 1150126K->1023102K(2063104K), 0.2005287 secs] [Times: user=0.69 sys=0.00, real=0.20 secs] 
35.767: [GC35.768: [ParNew: 306687K->34047K(306688K), 0.1795860 secs] 1121252K->977944K(2063104K), 0.1800466 secs] [Times: user=0.64 sys=0.00, real=0.18 secs] 
36.149: [CMS-concurrent-sweep: 0.996/1.794 secs] [Times: user=5.74 sys=0.14, real=1.79 secs] 
36.149: [CMS-concurrent-reset-start]
36.151: [CMS-concurrent-reset: 0.002/0.002 secs] [Times: user=0.00 sys=0.00, real=0.00 secs] 
36.189: [GC36.189: [ParNew: 306687K->34047K(306688K), 0.1745741 secs] 1133262K->999942K(2063104K), 0.1751559 secs] [Times: user=0.59 sys=0.00, real=0.18 secs] 
36.365: [GC [1 CMS-initial-mark: 965895K(1756416K)] 999964K(2063104K), 0.0201553 secs] [Times: user=0.02 sys=0.00, real=0.02 secs] 
36.385: [CMS-concurrent-mark-start]
36.548: [CMS-concurrent-mark: 0.163/0.163 secs] [Times: user=0.53 sys=0.03, real=0.16 secs] 
36.548: [CMS-concurrent-preclean-start]
36.551: [CMS-concurrent-preclean: 0.003/0.003 secs] [Times: user=0.00 sys=0.00, real=0.00 secs] 
36.552: [CMS-concurrent-abortable-preclean-start]
36.632: [GC36.632: [ParNew: 306687K->34047K(306688K), 0.2318944 secs] 1272582K->1163317K(2063104K), 0.2323832 secs] [Times: user=0.78 sys=0.00, real=0.23 secs] 
37.082: [CMS-concurrent-abortable-preclean: 0.278/0.530 secs] [Times: user=1.67 sys=0.02, real=0.53 secs] 
37.082: [GC[YG occupancy: 272027 K (306688 K)]37.082: [Rescan (parallel) , 0.0628758 secs]37.145: [weak refs processing, 0.0000128 secs]37.145: [scrub string table, 0.0001639 secs] [1 CMS-remark: 1129270K(1756416K)] 1401297K(2063104K), 0.0632636 secs] [Times: user=0.25 sys=0.00, real=0.06 secs] 
37.146: [CMS-concurrent-sweep-start]
37.175: [GC37.175: [ParNew: 306687K->34046K(306688K), 0.1549839 secs] 1408200K->1245731K(2063104K), 0.1554518 secs] [Times: user=0.53 sys=0.00, real=0.16 secs] 
37.575: [GC37.575: [ParNew: 306686K->34046K(306688K), 0.2291863 secs] 1287370K->1162027K(2063104K), 0.2296183 secs] [Times: user=0.69 sys=0.00, real=0.23 secs] 
38.063: [GC38.063: [ParNew: 306686K->34046K(306688K), 0.1767316 secs] 1251851K->1103065K(2063104K), 0.1771835 secs] [Times: user=0.53 sys=0.01, real=0.18 secs] 
38.485: [GC38.486: [ParNew: 306686K->34046K(306688K), 0.2088725 secs] 1208573K->1089853K(2063104K), 0.2093206 secs] [Times: user=0.70 sys=0.00, real=0.21 secs] 
38.943: [CMS-concurrent-sweep: 0.975/1.797 secs] [Times: user=5.57 sys=0.25, real=1.80 secs] 
38.943: [CMS-concurrent-reset-start]
38.945: [CMS-concurrent-reset: 0.002/0.002 secs] [Times: user=0.00 sys=0.00, real=0.00 secs] 
38.957: [GC38.957: [ParNew: 306686K->34046K(306688K), 0.1554066 secs] 1199953K->1047043K(2063104K), 0.1558258 secs] [Times: user=0.56 sys=0.00, real=0.16 secs] 
39.113: [GC [1 CMS-initial-mark: 1012997K(1756416K)] 1047051K(2063104K), 0.0200700 secs] [Times: user=0.03 sys=0.00, real=0.02 secs] 
39.133: [CMS-concurrent-mark-start]
39.289: [CMS-concurrent-mark: 0.156/0.156 secs] [Times: user=0.48 sys=0.02, real=0.16 secs] 
39.289: [CMS-concurrent-preclean-start]
39.292: [CMS-concurrent-preclean: 0.003/0.003 secs] [Times: user=0.00 sys=0.00, real=0.00 secs] 
39.293: [CMS-concurrent-abortable-preclean-start]
39.380: [GC39.380: [ParNew: 306686K->34046K(306688K), 0.2265823 secs] 1319683K->1204468K(2063104K), 0.2270474 secs] [Times: user=0.81 sys=0.00, real=0.23 secs] 
39.823: [CMS-concurrent-abortable-preclean: 0.279/0.531 secs] [Times: user=1.75 sys=0.05, real=0.53 secs] 
39.824: [GC[YG occupancy: 260837 K (306688 K)]39.824: [Rescan (parallel) , 0.0605637 secs]39.884: [weak refs processing, 0.0000141 secs]39.884: [scrub string table, 0.0001767 secs] [1 CMS-remark: 1170422K(1756416K)] 1431260K(2063104K), 0.0610240 secs] [Times: user=0.25 sys=0.00, real=0.06 secs] 
39.885: [CMS-concurrent-sweep-start]
39.925: [GC39.926: [ParNew: 306686K->34046K(306688K), 0.1697502 secs] 1438802K->1283800K(2063104K), 0.1701796 secs] [Times: user=0.56 sys=0.00, real=0.17 secs] 
40.342: [GC40.342: [ParNew: 306686K->34046K(306688K), 0.2376725 secs] 1322546K->1209192K(2063104K), 0.2381084 secs] [Times: user=0.75 sys=0.00, real=0.24 secs] 
40.839: [GC40.839: [ParNew: 306686K->34046K(306688K), 0.1716620 secs] 1279800K->1131912K(2063104K), 0.1720914 secs] [Times: user=0.58 sys=0.00, real=0.17 secs] 
41.255: [GC41.256: [ParNew: 306686K->34048K(306688K), 0.2056846 secs] 1204448K->1085886K(2063104K), 0.2061852 secs] [Times: user=0.70 sys=0.00, real=0.21 secs] 
41.698: [GC41.699: [ParNew: 306688K->34047K(306688K), 0.1711918 secs] 1218387K->1070037K(2063104K), 0.1716277 secs] [Times: user=0.53 sys=0.00, real=0.17 secs] 
41.919: [CMS-concurrent-sweep: 1.025/2.034 secs] [Times: user=6.51 sys=0.14, real=2.03 secs] 
41.919: [CMS-concurrent-reset-start]
41.921: [CMS-concurrent-reset: 0.003/0.003 secs] [Times: user=0.00 sys=0.00, real=0.00 secs] 
42.149: [GC42.149: [ParNew: 306687K->34047K(306688K), 0.2191984 secs] 1332166K->1234879K(2063104K), 0.2196654 secs] [Times: user=0.72 sys=0.00, real=0.21 secs] 
42.369: [GC [1 CMS-initial-mark: 1200832K(1756416K)] 1234886K(2063104K), 0.0200395 secs] [Times: user=0.02 sys=0.00, real=0.02 secs] 
42.389: [CMS-concurrent-mark-start]
42.550: [CMS-concurrent-mark: 0.161/0.161 secs] [Times: user=0.55 sys=0.01, real=0.15 secs] 
42.551: [CMS-concurrent-preclean-start]
42.554: [CMS-concurrent-preclean: 0.003/0.003 secs] [Times: user=0.00 sys=0.00, real=0.00 secs] 
42.554: [CMS-concurrent-abortable-preclean-start]
42.632: [GC42.633: [ParNew: 306687K->34047K(306688K), 0.2372373 secs] 1507519K->1392343K(2063104K), 0.2377216 secs] [Times: user=0.78 sys=0.00, real=0.22 secs] 
43.087: [CMS-concurrent-abortable-preclean: 0.271/0.533 secs] [Times: user=1.75 sys=0.00, real=0.51 secs] 
43.087: [GC[YG occupancy: 260662 K (306688 K)]43.088: [Rescan (parallel) , 0.1084048 secs]43.196: [weak refs processing, 0.0000138 secs]43.196: [scrub string table, 0.0002059 secs] [1 CMS-remark: 1358296K(1756416K)] 1618958K(2063104K), 0.1088413 secs] [Times: user=0.36 sys=0.02, real=0.11 secs] 
43.197: [CMS-concurrent-sweep-start]
43.240: [GC43.240: [ParNew: 306687K->34047K(306688K), 0.1867618 secs] 1623559K->1480476K(2063104K), 0.1872092 secs] [Times: user=0.65 sys=0.00, real=0.18 secs] 
43.667: [GC43.667: [ParNew: 306687K->34047K(306688K), 0.2173709 secs] 1523176K->1393097K(2063104K), 0.2178183 secs] [Times: user=0.72 sys=0.00, real=0.21 secs] 
44.146: [GC44.146: [ParNew: 306687K->34046K(306688K), 0.1699012 secs] 1437949K->1288620K(2063104K), 0.1703310 secs] [Times: user=0.58 sys=0.00, real=0.17 secs] 
44.564: [GC44.565: [ParNew: 306686K->34046K(306688K), 0.2265987 secs] 1355786K->1244524K(2063104K), 0.2270573 secs] [Times: user=0.67 sys=0.02, real=0.23 secs] 
45.057: [GC45.057: [ParNew: 306686K->34046K(306688K), 0.1685754 secs] 1324853K->1167999K(2063104K), 0.1690013 secs] [Times: user=0.51 sys=0.00, real=0.17 secs] 
45.443: [CMS-concurrent-sweep: 1.220/2.246 secs] [Times: user=7.07 sys=0.28, real=2.22 secs] 
45.443: [CMS-concurrent-reset-start]
45.445: [CMS-concurrent-reset: 0.002/0.002 secs] [Times: user=0.00 sys=0.00, real=0.00 secs] 
45.480: [GC45.480: [ParNew: 306686K->34046K(306688K), 0.2281503 secs] 1326196K->1235529K(2063104K), 0.2285823 secs] [Times: user=0.83 sys=0.00, real=0.23 secs] 
45.709: [GC [1 CMS-initial-mark: 1201483K(1756416K)] 1235535K(2063104K), 0.0200899 secs] [Times: user=0.02 sys=0.00, real=0.02 secs] 
45.729: [CMS-concurrent-mark-start]
45.922: [CMS-concurrent-mark: 0.166/0.193 secs] [Times: user=0.58 sys=0.03, real=0.19 secs] 
45.922: [CMS-concurrent-preclean-start]
45.925: [CMS-concurrent-preclean: 0.003/0.003 secs] [Times: user=0.00 sys=0.00, real=0.00 secs] 
45.926: [CMS-concurrent-abortable-preclean-start]
45.989: [GC45.989: [ParNew: 306686K->34046K(306688K), 0.1781671 secs] 1508169K->1360377K(2063104K), 0.1786213 secs] [Times: user=0.62 sys=0.00, real=0.18 secs] 
46.324: [CMS-concurrent-abortable-preclean: 0.219/0.399 secs] [Times: user=1.31 sys=0.06, real=0.40 secs] 
46.325: [GC[YG occupancy: 207347 K (306688 K)]46.325: [Rescan (parallel) , 0.0817046 secs]46.406: [weak refs processing, 0.0000131 secs]46.406: [scrub string table, 0.0001681 secs] [1 CMS-remark: 1326330K(1756416K)] 1533678K(2063104K), 0.0821158 secs] [Times: user=0.28 sys=0.00, real=0.08 secs] 
46.407: [CMS-concurrent-sweep-start]
46.499: [GC46.499: [ParNew: 306686K->34046K(306688K), 0.2339281 secs] 1545802K->1435565K(2063104K), 0.2343547 secs] [Times: user=0.72 sys=0.00, real=0.23 secs] 
46.988: [GC46.988: [ParNew: 306686K->34046K(306688K), 0.1908599 secs] 1484618K->1336095K(2063104K), 0.1913006 secs] [Times: user=0.62 sys=0.00, real=0.19 secs] 
47.425: [GC47.425: [ParNew: 306686K->34046K(306688K), 0.2134896 secs] 1382598K->1268530K(2063104K), 0.2139598 secs] [Times: user=0.72 sys=0.00, real=0.21 secs] 
47.892: [GC47.892: [ParNew: 306686K->34046K(306688K), 0.1239347 secs] 1365785K->1180445K(2063104K), 0.1243651 secs] [Times: user=0.42 sys=0.00, real=0.12 secs] 
48.259: [GC48.260: [ParNew: 306686K->34048K(306688K), 0.1961868 secs] 1317237K->1190710K(2063104K), 0.1966688 secs] [Times: user=0.61 sys=0.00, real=0.20 secs] 
48.623: [CMS-concurrent-sweep: 1.206/2.216 secs] [Times: user=6.66 sys=0.23, real=2.21 secs] 
48.623: [CMS-concurrent-reset-start]
48.626: [CMS-concurrent-reset: 0.003/0.003 secs] [Times: user=0.00 sys=0.00, real=0.00 secs] 
48.700: [GC48.700: [ParNew: 306688K->34047K(306688K), 0.1827525 secs] 1302095K->1163751K(2063104K), 0.1831716 secs] [Times: user=0.52 sys=0.00, real=0.18 secs] 
48.883: [GC [1 CMS-initial-mark: 1129704K(1756416K)] 1163756K(2063104K), 0.0200770 secs] [Times: user=0.01 sys=0.00, real=0.02 secs] 
48.904: [CMS-concurrent-mark-start]
49.099: [CMS-concurrent-mark: 0.162/0.196 secs] [Times: user=0.48 sys=0.00, real=0.19 secs] 
49.100: [CMS-concurrent-preclean-start]
49.103: [CMS-concurrent-preclean: 0.003/0.003 secs] [Times: user=0.03 sys=0.00, real=0.00 secs] 
49.103: [CMS-concurrent-abortable-preclean-start]
49.166: [GC49.166: [ParNew: 306687K->34047K(306688K), 0.1570965 secs] 1436391K->1269469K(2063104K), 0.1575548 secs] [Times: user=0.48 sys=0.00, real=0.16 secs] 
49.454: [CMS-concurrent-abortable-preclean: 0.193/0.351 secs] [Times: user=1.09 sys=0.03, real=0.35 secs] 
49.454: [GC[YG occupancy: 179872 K (306688 K)]49.454: [Rescan (parallel) , 0.0533270 secs]49.508: [weak refs processing, 0.0000131 secs]49.508: [scrub string table, 0.0001655 secs] [1 CMS-remark: 1235421K(1756416K)] 1415294K(2063104K), 0.0537154 secs] [Times: user=0.25 sys=0.00, real=0.05 secs] 
49.508: [CMS-concurrent-sweep-start]
49.624: [GC49.625: [ParNew: 306687K->34047K(306688K), 0.2266670 secs] 1430170K->1321994K(2063104K), 0.2271170 secs] [Times: user=0.76 sys=0.00, real=0.23 secs] 
50.093: [GC50.093: [ParNew: 306687K->34047K(306688K), 0.0581061 secs] 1395199K->1155530K(2063104K), 0.0586615 secs] [Times: user=0.20 sys=0.00, real=0.06 secs] 
50.398: [GC50.399: [ParNew: 306687K->34048K(306688K), 0.2400073 secs] 1205080K->1094445K(2063104K), 0.2404454 secs] [Times: user=0.75 sys=0.00, real=0.24 secs] 
50.890: [GC50.890: [ParNew: 306688K->34048K(306688K), 0.1464191 secs] 1186392K->1018264K(2063104K), 0.1469082 secs] [Times: user=0.50 sys=0.00, real=0.15 secs] 
51.281: [GC51.281: [ParNew: 306688K->34048K(306688K), 0.2249957 secs] 1084964K->975451K(2063104K), 0.2254374 secs] [Times: user=0.80 sys=0.00, real=0.23 secs] 
51.611: [CMS-concurrent-sweep: 1.148/2.103 secs] [Times: user=6.58 sys=0.17, real=2.10 secs] 
51.611: [CMS-concurrent-reset-start]
51.613: [CMS-concurrent-reset: 0.002/0.002 secs] [Times: user=0.06 sys=0.00, real=0.00 secs] 
51.751: [GC51.751: [ParNew: 306688K->34048K(306688K), 0.1839244 secs] 1226721K->1090310K(2063104K), 0.1843548 secs] [Times: user=0.59 sys=0.00, real=0.18 secs] 
51.936: [GC [1 CMS-initial-mark: 1056262K(1756416K)] 1090313K(2063104K), 0.0205812 secs] [Times: user=0.03 sys=0.00, real=0.02 secs] 
51.957: [CMS-concurrent-mark-start]
52.158: [CMS-concurrent-mark: 0.177/0.202 secs] [Times: user=0.55 sys=0.02, real=0.20 secs] 
52.158: [CMS-concurrent-preclean-start]
52.162: [CMS-concurrent-preclean: 0.003/0.003 secs] [Times: user=0.05 sys=0.00, real=0.00 secs] 
52.162: [CMS-concurrent-abortable-preclean-start]
52.203: [GC52.203: [ParNew: 306688K->34048K(306688K), 0.1165992 secs] 1362950K->1168605K(2063104K), 0.1170418 secs] [Times: user=0.45 sys=0.00, real=0.12 secs] 
52.558: [GC52.558: [ParNew: 306688K->34048K(306688K), 0.1680927 secs] 1441245K->1282389K(2063104K), 0.1685209 secs] [Times: user=0.58 sys=0.00, real=0.17 secs] 
52.901: [CMS-concurrent-abortable-preclean: 0.420/0.739 secs] [Times: user=2.29 sys=0.05, real=0.74 secs] 
52.908: [GC[YG occupancy: 217979 K (306688 K)]52.908: [Rescan (parallel) , 0.0472603 secs]52.956: [weak refs processing, 0.0000138 secs]52.956: [scrub string table, 0.0001716 secs] [1 CMS-remark: 1248341K(1756416K)] 1466321K(2063104K), 0.0478116 secs] [Times: user=0.16 sys=0.00, real=0.05 secs] 
52.956: [CMS-concurrent-sweep-start]
53.035: [GC53.035: [ParNew: 306688K->34047K(306688K), 0.1101261 secs] 1479713K->1280372K(2063104K), 0.1105549 secs] [Times: user=0.34 sys=0.00, real=0.11 secs] 
53.380: [GC53.380: [ParNew: 306687K->34047K(306688K), 0.1629698 secs] 1334065K->1163944K(2063104K), 0.1633929 secs] [Times: user=0.45 sys=0.00, real=0.16 secs] 
53.777: [GC53.777: [ParNew: 306687K->34047K(306688K), 0.1834709 secs] 1246615K->1075665K(2063104K), 0.1841319 secs] [Times: user=0.53 sys=0.00, real=0.18 secs] 
54.217: [GC54.217: [ParNew: 306687K->34046K(306688K), 0.1555413 secs] 1196117K->1034189K(2063104K), 0.1561353 secs] [Times: user=0.55 sys=0.00, real=0.16 secs] 
54.622: [GC54.622: [ParNew: 306686K->34046K(306688K), 0.2315638 secs] 1151092K->1047440K(2063104K), 0.2319945 secs] [Times: user=0.80 sys=0.00, real=0.23 secs] 
54.959: [CMS-concurrent-sweep: 1.103/2.003 secs] [Times: user=6.05 sys=0.17, real=2.00 secs] 
54.960: [CMS-concurrent-reset-start]
54.961: [CMS-concurrent-reset: 0.002/0.002 secs] [Times: user=0.00 sys=0.00, real=0.00 secs] 
55.129: [GC55.130: [ParNew: 306686K->34046K(306688K), 0.1965851 secs] 1246890K->1126594K(2063104K), 0.1970049 secs] [Times: user=0.70 sys=0.00, real=0.20 secs] 
55.327: [GC [1 CMS-initial-mark: 1092547K(1756416K)] 1126760K(2063104K), 0.0205379 secs] [Times: user=0.02 sys=0.00, real=0.02 secs] 
55.348: [CMS-concurrent-mark-start]
55.509: [CMS-concurrent-mark: 0.161/0.161 secs] [Times: user=0.51 sys=0.03, real=0.16 secs] 
55.509: [CMS-concurrent-preclean-start]
55.512: [CMS-concurrent-preclean: 0.003/0.003 secs] [Times: user=0.00 sys=0.00, real=0.00 secs] 
55.513: [CMS-concurrent-abortable-preclean-start]
55.592: [GC55.592: [ParNew: 306686K->34046K(306688K), 0.2132019 secs] 1399234K->1276557K(2063104K), 0.2136387 secs] [Times: user=0.69 sys=0.00, real=0.21 secs] 
56.016: [CMS-concurrent-abortable-preclean: 0.263/0.504 secs] [Times: user=1.56 sys=0.03, real=0.50 secs] 
56.017: [GC[YG occupancy: 256281 K (306688 K)]56.017: [Rescan (parallel) , 0.0789612 secs]56.096: [weak refs processing, 0.0000292 secs]56.096: [scrub string table, 0.0001693 secs] [1 CMS-remark: 1242510K(1756416K)] 1498792K(2063104K), 0.0793868 secs] [Times: user=0.30 sys=0.00, real=0.08 secs] 
56.096: [CMS-concurrent-sweep-start]
56.142: [GC56.143: [ParNew: 306686K->34046K(306688K), 0.1640119 secs] 1505398K->1342299K(2063104K), 0.1644484 secs] [Times: user=0.56 sys=0.00, real=0.16 secs] 
56.554: [GC56.554: [ParNew: 306686K->34046K(306688K), 0.2409063 secs] 1379467K->1271665K(2063104K), 0.2413329 secs] [Times: user=0.83 sys=0.00, real=0.24 secs] 
57.042: [GC57.042: [ParNew: 306686K->34046K(306688K), 0.1524826 secs] 1355203K->1190576K(2063104K), 0.1529166 secs] [Times: user=0.48 sys=0.00, real=0.15 secs] 
57.439: [GC57.440: [ParNew: 306686K->34046K(306688K), 0.2090553 secs] 1259217K->1138831K(2063104K), 0.2095387 secs] [Times: user=0.70 sys=0.00, real=0.21 secs] 
57.912: [GC57.912: [ParNew: 306686K->34046K(306688K), 0.1790113 secs] 1215479K->1076944K(2063104K), 0.1795597 secs] [Times: user=0.65 sys=0.00, real=0.18 secs] 
58.189: [CMS-concurrent-sweep: 1.099/2.093 secs] [Times: user=6.72 sys=0.19, real=2.09 secs] 
58.189: [CMS-concurrent-reset-start]
58.192: [CMS-concurrent-reset: 0.002/0.002 secs] [Times: user=0.00 sys=0.00, real=0.00 secs] 
58.351: [GC58.351: [ParNew: 306686K->34046K(306688K), 0.2225220 secs] 1313827K->1214186K(2063104K), 0.2229579 secs] [Times: user=0.75 sys=0.00, real=0.22 secs] 
58.574: [GC [1 CMS-initial-mark: 1180140K(1756416K)] 1214193K(2063104K), 0.0202647 secs] [Times: user=0.02 sys=0.00, real=0.02 secs] 
58.595: [CMS-concurrent-mark-start]
58.752: [CMS-concurrent-mark: 0.158/0.158 secs] [Times: user=0.48 sys=0.02, real=0.16 secs] 
58.752: [CMS-concurrent-preclean-start]
58.755: [CMS-concurrent-preclean: 0.003/0.003 secs] [Times: user=0.00 sys=0.00, real=0.00 secs] 
58.756: [CMS-concurrent-abortable-preclean-start]
58.840: [GC58.840: [ParNew: 306686K->34048K(306688K), 0.2391831 secs] 1486826K->1380791K(2063104K), 0.2396218 secs] [Times: user=0.78 sys=0.00, real=0.24 secs] 
59.302: [CMS-concurrent-abortable-preclean: 0.287/0.547 secs] [Times: user=1.72 sys=0.01, real=0.55 secs] 
59.303: [GC[YG occupancy: 280899 K (306688 K)]59.303: [Rescan (parallel) , 0.1135546 secs]59.416: [weak refs processing, 0.0000131 secs]59.416: [scrub string table, 0.0001645 secs] [1 CMS-remark: 1346743K(1756416K)] 1627642K(2063104K), 0.1139328 secs] [Times: user=0.41 sys=0.02, real=0.11 secs] 
59.417: [CMS-concurrent-sweep-start]
59.441: [GC59.442: [ParNew: 306688K->34047K(306688K), 0.1555417 secs] 1629907K->1462993K(2063104K), 0.1559868 secs] [Times: user=0.56 sys=0.00, real=0.16 secs] 
59.850: [GC59.851: [ParNew: 306687K->34047K(306688K), 0.2514699 secs] 1498206K->1387708K(2063104K), 0.2518233 secs] [Times: user=0.76 sys=0.01, real=0.25 secs] 
60.331: [GC60.331: [ParNew: 306687K->34047K(306688K), 0.1436818 secs] 1441763K->1275173K(2063104K), 0.1441247 secs] [Times: user=0.53 sys=0.00, real=0.14 secs] 
60.723: [GC60.723: [ParNew: 306687K->34047K(306688K), 0.2261827 secs] 1328781K->1219226K(2063104K), 0.2266112 secs] [Times: user=0.77 sys=0.00, real=0.23 secs] 
61.203: [GC61.203: [ParNew: 306687K->34047K(306688K), 0.1388120 secs] 1324854K->1150737K(2063104K), 0.1392536 secs] [Times: user=0.48 sys=0.00, real=0.14 secs] 
61.567: [CMS-concurrent-sweep: 1.197/2.150 secs] [Times: user=6.83 sys=0.25, real=2.15 secs] 
61.567: [CMS-concurrent-reset-start]
61.569: [CMS-concurrent-reset: 0.002/0.002 secs] [Times: user=0.00 sys=0.00, real=0.00 secs] 
61.592: [GC61.593: [ParNew: 306687K->34046K(306688K), 0.2215031 secs] 1295200K->1195526K(2063104K), 0.2219245 secs] [Times: user=0.75 sys=0.00, real=0.22 secs] 
61.815: [GC [1 CMS-initial-mark: 1161479K(1756416K)] 1195539K(2063104K), 0.0203875 secs] [Times: user=0.03 sys=0.00, real=0.02 secs] 
61.835: [CMS-concurrent-mark-start]
62.031: [CMS-concurrent-mark: 0.170/0.196 secs] [Times: user=0.55 sys=0.00, real=0.20 secs] 
62.031: [CMS-concurrent-preclean-start]
62.036: [CMS-concurrent-preclean: 0.004/0.004 secs] [Times: user=0.03 sys=0.00, real=0.00 secs] 
62.036: [CMS-concurrent-abortable-preclean-start]
62.087: [GC62.087: [ParNew: 306686K->34046K(306688K), 0.1547924 secs] 1468166K->1300527K(2063104K), 0.1552283 secs] [Times: user=0.50 sys=0.00, real=0.15 secs] 
62.373: [CMS-concurrent-abortable-preclean: 0.181/0.338 secs] [Times: user=0.98 sys=0.02, real=0.34 secs] 
62.374: [GC[YG occupancy: 181105 K (306688 K)]62.374: [Rescan (parallel) , 0.0306114 secs]62.405: [weak refs processing, 0.0000112 secs]62.405: [scrub string table, 0.0001886 secs] [1 CMS-remark: 1266480K(1756416K)] 1447586K(2063104K), 0.0310248 secs] [Times: user=0.09 sys=0.00, real=0.03 secs] 
62.405: [CMS-concurrent-sweep-start]
62.519: [GC62.519: [ParNew: 306686K->34046K(306688K), 0.2023289 secs] 1463786K->1342701K(2063104K), 0.2027606 secs] [Times: user=0.69 sys=0.00, real=0.20 secs] 
62.983: [GC62.984: [ParNew: 306686K->34046K(306688K), 0.2075845 secs] 1383838K->1242469K(2063104K), 0.2080319 secs] [Times: user=0.67 sys=0.00, real=0.21 secs] 
63.435: [GC63.435: [ParNew: 306686K->34046K(306688K), 0.1977221 secs] 1314747K->1184181K(2063104K), 0.1982198 secs] [Times: user=0.67 sys=0.00, real=0.20 secs] 
63.897: [GC63.898: [ParNew: 306686K->34046K(306688K), 0.2167523 secs] 1293747K->1179170K(2063104K), 0.2171901 secs] [Times: user=0.75 sys=0.00, real=0.22 secs] 
64.360: [GC64.360: [ParNew: 306686K->34046K(306688K), 0.1796797 secs] 1256962K->1112595K(2063104K), 0.1801136 secs] [Times: user=0.58 sys=0.00, real=0.18 secs] 
64.624: [CMS-concurrent-sweep: 1.171/2.219 secs] [Times: user=7.10 sys=0.17, real=2.22 secs] 
64.624: [CMS-concurrent-reset-start]
64.626: [CMS-concurrent-reset: 0.002/0.002 secs] [Times: user=0.00 sys=0.00, real=0.00 secs] 
64.810: [GC64.810: [ParNew: 306686K->34046K(306688K), 0.2471357 secs] 1319267K->1244677K(2063104K), 0.2475542 secs] [Times: user=0.80 sys=0.00, real=0.25 secs] 
65.058: [GC [1 CMS-initial-mark: 1210631K(1756416K)] 1244677K(2063104K), 0.0200847 secs] [Times: user=0.03 sys=0.00, real=0.02 secs] 
65.078: [CMS-concurrent-mark-start]
65.276: [CMS-concurrent-mark: 0.175/0.198 secs] [Times: user=0.48 sys=0.02, real=0.20 secs] 
65.276: [CMS-concurrent-preclean-start]
65.280: [CMS-concurrent-preclean: 0.003/0.003 secs] [Times: user=0.05 sys=0.00, real=0.00 secs] 
65.280: [CMS-concurrent-abortable-preclean-start]
65.317: [GC65.317: [ParNew: 306686K->34046K(306688K), 0.1163324 secs] 1517317K->1322080K(2063104K), 0.1168196 secs] [Times: user=0.38 sys=0.00, real=0.12 secs] 
65.677: [GC65.677: [ParNew: 306686K->34046K(306688K), 0.2165390 secs] 1594720K->1469624K(2063104K), 0.2169678 secs] [Times: user=0.76 sys=0.00, real=0.22 secs] 
66.095: [CMS-concurrent-abortable-preclean: 0.457/0.815 secs] [Times: user=2.65 sys=0.06, real=0.82 secs] 
66.095: [GC[YG occupancy: 258075 K (306688 K)]66.096: [Rescan (parallel) , 0.0973015 secs]66.193: [weak refs processing, 0.0000141 secs]66.193: [scrub string table, 0.0001764 secs] [1 CMS-remark: 1435578K(1756416K)] 1693653K(2063104K), 0.0976290 secs] [Times: user=0.34 sys=0.00, real=0.10 secs] 
66.193: [CMS-concurrent-sweep-start]
66.232: [GC66.232: [ParNew: 306686K->34046K(306688K), 0.1082843 secs] 1705957K->1502220K(2063104K), 0.1089860 secs] [Times: user=0.34 sys=0.00, real=0.11 secs] 
66.583: [GC66.583: [ParNew: 306686K->34048K(306688K), 0.2144745 secs] 1541797K->1407432K(2063104K), 0.2149287 secs] [Times: user=0.70 sys=0.00, real=0.21 secs] 
67.056: [GC67.056: [ParNew: 306688K->34047K(306688K), 0.1684776 secs] 1456141K->1301017K(2063104K), 0.1689295 secs] [Times: user=0.51 sys=0.00, real=0.17 secs] 
67.472: [GC67.472: [ParNew: 306687K->34047K(306688K), 0.2072545 secs] 1372175K->1256164K(2063104K), 0.2077349 secs] [Times: user=0.70 sys=0.00, real=0.21 secs] 
67.942: [GC67.942: [ParNew: 306687K->34047K(306688K), 0.2071942 secs] 1311645K->1191785K(2063104K), 0.2076663 secs] [Times: user=0.78 sys=0.00, real=0.21 secs] 
68.384: [GC68.385: [ParNew: 306687K->34047K(306688K), 0.1727627 secs] 1356834K->1210682K(2063104K), 0.1732229 secs] [Times: user=0.58 sys=0.00, real=0.17 secs] 
68.561: [CMS-concurrent-sweep: 1.238/2.368 secs] [Times: user=7.58 sys=0.23, real=2.37 secs] 
68.561: [CMS-concurrent-reset-start]
68.563: [CMS-concurrent-reset: 0.002/0.002 secs] [Times: user=0.00 sys=0.00, real=0.00 secs] 
68.841: [GC68.841: [ParNew: 306687K->34047K(306688K), 0.2900611 secs] 1483322K->1441627K(2063104K), 0.2904921 secs] [Times: user=1.03 sys=0.00, real=0.29 secs] 
69.132: [GC [1 CMS-initial-mark: 1407580K(1756416K)] 1441635K(2063104K), 0.0202906 secs] [Times: user=0.02 sys=0.00, real=0.02 secs] 
69.152: [CMS-concurrent-mark-start]
69.367: [CMS-concurrent-mark: 0.194/0.215 secs] [Times: user=0.61 sys=0.03, real=0.21 secs] 
69.367: [CMS-concurrent-preclean-start]
69.371: [CMS-concurrent-preclean: 0.003/0.004 secs] [Times: user=0.00 sys=0.00, real=0.00 secs] 
69.371: [CMS-concurrent-abortable-preclean-start]
69.396: [GC69.396: [ParNew: 306687K->34046K(306688K), 0.1608935 secs] 1714267K->1547190K(2063104K), 0.1613191 secs] [Times: user=0.61 sys=0.00, real=0.16 secs] 
69.693: [CMS-concurrent-abortable-preclean: 0.160/0.322 secs] [Times: user=1.11 sys=0.03, real=0.32 secs] 
69.694: [GC[YG occupancy: 185124 K (306688 K)]69.694: [Rescan (parallel) , 0.0421871 secs]69.736: [weak refs processing, 0.0000125 secs]69.736: [scrub string table, 0.0001671 secs] [1 CMS-remark: 1513143K(1756416K)] 1698268K(2063104K), 0.0425614 secs] [Times: user=0.11 sys=0.00, real=0.04 secs] 
69.736: [CMS-concurrent-sweep-start]
69.848: [GC69.848: [ParNew: 306686K->34046K(306688K), 0.2485273 secs] 1714764K->1610894K(2063104K), 0.2489471 secs] [Times: user=0.90 sys=0.00, real=0.25 secs] 
70.355: [GC70.355: [ParNew: 306686K->34046K(306688K), 0.1423992 secs] 1668778K->1492496K(2063104K), 0.1428363 secs] [Times: user=0.47 sys=0.00, real=0.14 secs] 
70.748: [GC70.748: [ParNew: 306686K->34046K(306688K), 0.2236619 secs] 1522693K->1420048K(2063104K), 0.2240919 secs] [Times: user=0.77 sys=0.00, real=0.22 secs] 
71.218: [GC71.218: [ParNew: 306686K->34046K(306688K), 0.1245839 secs] 1477344K->1294094K(2063104K), 0.1250268 secs] [Times: user=0.44 sys=0.00, real=0.13 secs] 
71.586: [GC71.586: [ParNew: 306686K->34046K(306688K), 0.1992525 secs] 1377789K->1251341K(2063104K), 0.1997063 secs] [Times: user=0.70 sys=0.00, real=0.20 secs] 
72.046: [GC72.047: [ParNew: 306686K->34046K(306688K), 0.1748846 secs] 1334414K->1187857K(2063104K), 0.1753339 secs] [Times: user=0.62 sys=0.00, real=0.18 secs] 
72.329: [CMS-concurrent-sweep: 1.394/2.592 secs] [Times: user=8.32 sys=0.14, real=2.59 secs] 
72.329: [CMS-concurrent-reset-start]
72.331: [CMS-concurrent-reset: 0.002/0.002 secs] [Times: user=0.05 sys=0.01, real=0.00 secs] 
72.487: [GC72.487: [ParNew: 306686K->34046K(306688K), 0.2278655 secs] 1403298K->1315586K(2063104K), 0.2283117 secs] [Times: user=0.76 sys=0.00, real=0.23 secs] 
72.716: [GC [1 CMS-initial-mark: 1281540K(1756416K)] 1315596K(2063104K), 0.0200424 secs] [Times: user=0.03 sys=0.00, real=0.02 secs] 
72.736: [CMS-concurrent-mark-start]
72.904: [CMS-concurrent-mark: 0.168/0.168 secs] [Times: user=0.53 sys=0.00, real=0.17 secs] 
72.904: [CMS-concurrent-preclean-start]
72.907: [CMS-concurrent-preclean: 0.003/0.003 secs] [Times: user=0.06 sys=0.00, real=0.00 secs] 
72.907: [CMS-concurrent-abortable-preclean-start]
72.995: [GC72.995: [ParNew: 306686K->34046K(306688K), 0.2210377 secs] 1588226K->1470606K(2063104K), 0.2215050 secs] [Times: user=0.80 sys=0.01, real=0.22 secs] 
73.407: [CMS-concurrent-abortable-preclean: 0.259/0.500 secs] [Times: user=1.62 sys=0.03, real=0.50 secs] 
73.407: [GC[YG occupancy: 256153 K (306688 K)]73.407: [Rescan (parallel) , 0.0718566 secs]73.479: [weak refs processing, 0.0000131 secs]73.479: [scrub string table, 0.0001665 secs] [1 CMS-remark: 1436560K(1756416K)] 1692713K(2063104K), 0.0722408 secs] [Times: user=0.25 sys=0.00, real=0.07 secs] 
73.480: [CMS-concurrent-sweep-start]
73.524: [GC73.524: [ParNew: 306686K->34046K(306688K), 0.1635818 secs] 1701146K->1543455K(2063104K), 0.1640253 secs] [Times: user=0.59 sys=0.00, real=0.16 secs] 
73.936: [GC73.936: [ParNew: 306686K->34048K(306688K), 0.2562236 secs] 1576640K->1476963K(2063104K), 0.2566553 secs] [Times: user=0.83 sys=0.00, real=0.26 secs] 
74.441: [GC74.441: [ParNew: 306688K->34047K(306688K), 0.1638611 secs] 1530315K->1364296K(2063104K), 0.1642909 secs] [Times: user=0.47 sys=0.00, real=0.16 secs] 
74.855: [GC74.855: [ParNew: 306687K->34047K(306688K), 0.2364753 secs] 1418617K->1322701K(2063104K), 0.2369146 secs] [Times: user=0.81 sys=0.00, real=0.24 secs] 
75.340: [GC75.340: [ParNew: 306687K->34047K(306688K), 0.1101172 secs] 1422183K->1222431K(2063104K), 0.1105527 secs] [Times: user=0.37 sys=0.00, real=0.11 secs] 
75.689: [GC75.689: [ParNew: 306687K->34047K(306688K), 0.1770177 secs] 1404972K->1262554K(2063104K), 0.1774545 secs] [Times: user=0.56 sys=0.00, real=0.18 secs] 
75.971: [CMS-concurrent-sweep: 1.328/2.491 secs] [Times: user=7.75 sys=0.22, real=2.49 secs] 
75.971: [CMS-concurrent-reset-start]
75.973: [CMS-concurrent-reset: 0.002/0.002 secs] [Times: user=0.00 sys=0.00, real=0.00 secs] 
76.010: [GC [1 CMS-initial-mark: 1124382K(1756416K)] 1289478K(2063104K), 0.0986809 secs] [Times: user=0.11 sys=0.00, real=0.10 secs] 
76.109: [CMS-concurrent-mark-start]
76.225: [GC76.225: [ParNew: 306687K->34047K(306688K), 0.1898987 secs] 1431069K->1285125K(2063104K), 0.1903968 secs] [Times: user=0.64 sys=0.00, real=0.19 secs] 
76.643: [CMS-concurrent-mark: 0.343/0.534 secs] [Times: user=1.67 sys=0.06, real=0.53 secs] 
76.643: [CMS-concurrent-preclean-start]
76.647: [CMS-concurrent-preclean: 0.004/0.004 secs] [Times: user=0.00 sys=0.00, real=0.00 secs] 
76.648: [CMS-concurrent-abortable-preclean-start]
76.661: [GC76.661: [ParNew: 306687K->34046K(306688K), 0.2288232 secs] 1557765K->1444510K(2063104K), 0.2293790 secs] [Times: user=0.81 sys=0.00, real=0.23 secs] 
77.106: [CMS-concurrent-abortable-preclean: 0.208/0.459 secs] [Times: user=1.56 sys=0.03, real=0.46 secs] 
77.106: [GC[YG occupancy: 263197 K (306688 K)]77.107: [Rescan (parallel) , 0.0491352 secs]77.156: [weak refs processing, 0.0000141 secs]77.156: [scrub string table, 0.0001742 secs] [1 CMS-remark: 1410463K(1756416K)] 1673660K(2063104K), 0.0495486 secs] [Times: user=0.19 sys=0.00, real=0.05 secs] 
77.156: [CMS-concurrent-sweep-start]
77.196: [GC77.196: [ParNew: 306686K->34046K(306688K), 0.1803038 secs] 1679666K->1533389K(2063104K), 0.1807569 secs] [Times: user=0.58 sys=0.00, real=0.18 secs] 
77.619: [GC77.619: [ParNew: 306686K->34046K(306688K), 0.2127462 secs] 1576056K->1446564K(2063104K), 0.2131862 secs] [Times: user=0.67 sys=0.00, real=0.21 secs] 
78.074: [GC78.074: [ParNew: 306686K->34046K(306688K), 0.1521587 secs] 1527440K->1353150K(2063104K), 0.1526157 secs] [Times: user=0.50 sys=0.00, real=0.15 secs] 
78.447: [GC78.447: [ParNew: 306686K->34046K(306688K), 0.1370310 secs] 1495577K->1316954K(2063104K), 0.1375243 secs] [Times: user=0.44 sys=0.00, real=0.14 secs] 
78.830: [GC78.830: [ParNew: 306686K->34046K(306688K), 0.2090945 secs] 1435402K->1317393K(2063104K), 0.2095354 secs] [Times: user=0.72 sys=0.00, real=0.21 secs] 
79.294: [GC79.294: [ParNew: 306686K->34046K(306688K), 0.1661889 secs] 1404228K->1245848K(2063104K), 0.1666831 secs] [Times: user=0.55 sys=0.00, real=0.17 secs] 
79.497: [CMS-concurrent-sweep: 1.234/2.341 secs] [Times: user=7.19 sys=0.17, real=2.34 secs] 
79.498: [CMS-concurrent-reset-start]
79.500: [CMS-concurrent-reset: 0.002/0.002 secs] [Times: user=0.00 sys=0.00, real=0.00 secs] 
79.736: [GC79.736: [ParNew: 306686K->34046K(306688K), 0.2582794 secs] 1518488K->1452213K(2063104K), 0.2587252 secs] [Times: user=0.86 sys=0.00, real=0.26 secs] 
79.995: [GC [1 CMS-initial-mark: 1418167K(1756416K)] 1452271K(2063104K), 0.0201627 secs] [Times: user=0.02 sys=0.00, real=0.02 secs] 
80.015: [CMS-concurrent-mark-start]
80.230: [CMS-concurrent-mark: 0.180/0.214 secs] [Times: user=0.56 sys=0.05, real=0.21 secs] 
80.230: [CMS-concurrent-preclean-start]
80.233: [CMS-concurrent-preclean: 0.003/0.003 secs] [Times: user=0.00 sys=0.00, real=0.00 secs] 
80.234: [CMS-concurrent-abortable-preclean-start]
80.278: [GC80.278: [ParNew: 306686K->34046K(306688K), 0.1779904 secs] 1724853K->1566674K(2063104K), 0.1784234 secs] [Times: user=0.56 sys=0.00, real=0.18 secs] 
80.597: [CMS-concurrent-abortable-preclean: 0.185/0.364 secs] [Times: user=1.16 sys=0.02, real=0.36 secs] 
80.598: [GC[YG occupancy: 194667 K (306688 K)]80.598: [Rescan (parallel) , 0.0709323 secs]80.669: [weak refs processing, 0.0000167 secs]80.669: [scrub string table, 0.0002104 secs] [1 CMS-remark: 1532628K(1756416K)] 1727296K(2063104K), 0.0714227 secs] [Times: user=0.23 sys=0.00, real=0.07 secs] 
80.669: [CMS-concurrent-sweep-start]
80.773: [GC80.774: [ParNew: 306686K->34048K(306688K), 0.2207007 secs] 1739443K->1615617K(2063104K), 0.2211439 secs] [Times: user=0.70 sys=0.00, real=0.22 secs] 
81.227: [GC81.228: [ParNew: 306688K->34047K(306688K), 0.0622684 secs] 1689847K->1450848K(2063104K), 0.0628732 secs] [Times: user=0.17 sys=0.00, real=0.06 secs] 
81.531: [GC81.531: [ParNew: 306687K->34048K(306688K), 0.1867371 secs] 1492253K->1348169K(2063104K), 0.1872101 secs] [Times: user=0.61 sys=0.00, real=0.19 secs] 
81.969: [GC81.969: [ParNew: 306688K->34048K(306688K), 0.2256619 secs] 1379802K->1271058K(2063104K), 0.2261955 secs] [Times: user=0.73 sys=0.00, real=0.23 secs] 
82.442: [GC82.442: [ParNew: 306688K->34048K(306688K), 0.1280585 secs] 1355054K->1169044K(2063104K), 0.1284982 secs] [Times: user=0.42 sys=0.00, real=0.13 secs] 
82.819: [GC82.819: [ParNew: 306688K->34048K(306688K), 0.2131708 secs] 1265893K->1151766K(2063104K), 0.2136192 secs] [Times: user=0.76 sys=0.00, real=0.21 secs] 
83.190: [CMS-concurrent-sweep: 1.409/2.521 secs] [Times: user=7.88 sys=0.25, real=2.52 secs] 
83.190: [CMS-concurrent-reset-start]
83.192: [CMS-concurrent-reset: 0.002/0.002 secs] [Times: user=0.00 sys=0.00, real=0.00 secs] 
83.301: [GC83.301: [ParNew: 306688K->34048K(306688K), 0.1904270 secs] 1332594K->1204516K(2063104K), 0.1908753 secs] [Times: user=0.59 sys=0.00, real=0.19 secs] 
83.492: [GC [1 CMS-initial-mark: 1170468K(1756416K)] 1204519K(2063104K), 0.0201559 secs] [Times: user=0.01 sys=0.00, real=0.02 secs] 
83.512: [CMS-concurrent-mark-start]
83.684: [CMS-concurrent-mark: 0.171/0.171 secs] [Times: user=0.51 sys=0.03, real=0.17 secs] 
83.684: [CMS-concurrent-preclean-start]
83.687: [CMS-concurrent-preclean: 0.003/0.003 secs] [Times: user=0.05 sys=0.00, real=0.00 secs] 
83.687: [CMS-concurrent-abortable-preclean-start]
83.756: [GC83.757: [ParNew: 306688K->34048K(306688K), 0.2144562 secs] 1477156K->1359452K(2063104K), 0.2148783 secs] [Times: user=0.78 sys=0.00, real=0.22 secs] 
84.189: [CMS-concurrent-abortable-preclean: 0.256/0.502 secs] [Times: user=1.62 sys=0.03, real=0.50 secs] 
84.190: [GC[YG occupancy: 257405 K (306688 K)]84.190: [Rescan (parallel) , 0.0479726 secs]84.238: [weak refs processing, 0.0000128 secs]84.238: [scrub string table, 0.0001697 secs] [1 CMS-remark: 1325404K(1756416K)] 1582809K(2063104K), 0.0483883 secs] [Times: user=0.19 sys=0.00, real=0.05 secs] 
84.238: [CMS-concurrent-sweep-start]
84.283: [GC84.283: [ParNew: 306688K->34046K(306688K), 0.1734609 secs] 1589573K->1443554K(2063104K), 0.1739064 secs] [Times: user=0.58 sys=0.00, real=0.17 secs] 
84.699: [GC84.699: [ParNew: 306686K->34046K(306688K), 0.1966114 secs] 1486396K->1356732K(2063104K), 0.1970415 secs] [Times: user=0.67 sys=0.00, real=0.20 secs] 
85.160: [GC85.160: [ParNew: 306686K->34046K(306688K), 0.1997044 secs] 1404530K->1258027K(2063104K), 0.2001387 secs] [Times: user=0.59 sys=0.00, real=0.20 secs] 
85.592: [GC85.592: [ParNew: 306686K->34046K(306688K), 0.1602264 secs] 1357769K->1198861K(2063104K), 0.1606882 secs] [Times: user=0.55 sys=0.00, real=0.16 secs] 
86.004: [GC86.004: [ParNew: 306686K->34046K(306688K), 0.2361529 secs] 1348531K->1251321K(2063104K), 0.2365821 secs] [Times: user=0.81 sys=0.00, real=0.24 secs] 
86.496: [GC86.496: [ParNew: 306686K->34048K(306688K), 0.1424986 secs] 1362737K->1183470K(2063104K), 0.1429528 secs] [Times: user=0.45 sys=0.00, real=0.14 secs] 
86.675: [CMS-concurrent-sweep: 1.265/2.437 secs] [Times: user=7.63 sys=0.22, real=2.44 secs] 
86.675: [CMS-concurrent-reset-start]
86.677: [CMS-concurrent-reset: 0.002/0.002 secs] [Times: user=0.00 sys=0.00, real=0.00 secs] 
86.914: [GC86.914: [ParNew: 306688K->34047K(306688K), 0.2624535 secs] 1436361K->1373499K(2063104K), 0.2628830 secs] [Times: user=0.97 sys=0.00, real=0.26 secs] 
87.177: [GC [1 CMS-initial-mark: 1339452K(1756416K)] 1373510K(2063104K), 0.0202281 secs] [Times: user=0.03 sys=0.00, real=0.02 secs] 
87.197: [CMS-concurrent-mark-start]
87.391: [CMS-concurrent-mark: 0.173/0.193 secs] [Times: user=0.53 sys=0.02, real=0.19 secs] 
87.391: [CMS-concurrent-preclean-start]
87.394: [CMS-concurrent-preclean: 0.004/0.004 secs] [Times: user=0.00 sys=0.00, real=0.00 secs] 
87.394: [CMS-concurrent-abortable-preclean-start]
87.444: [GC87.444: [ParNew: 306687K->34047K(306688K), 0.1480342 secs] 1646139K->1474423K(2063104K), 0.1484711 secs] [Times: user=0.58 sys=0.00, real=0.15 secs] 
87.722: [CMS-concurrent-abortable-preclean: 0.178/0.327 secs] [Times: user=1.09 sys=0.02, real=0.33 secs] 
87.722: [GC[YG occupancy: 180175 K (306688 K)]87.722: [Rescan (parallel) , 0.0569072 secs]87.779: [weak refs processing, 0.0000128 secs]87.779: [scrub string table, 0.0001796 secs] [1 CMS-remark: 1440376K(1756416K)] 1620551K(2063104K), 0.0573460 secs] [Times: user=0.25 sys=0.00, real=0.06 secs] 
87.780: [CMS-concurrent-sweep-start]
87.898: [GC87.898: [ParNew: 306687K->34047K(306688K), 0.2298184 secs] 1633548K->1527299K(2063104K), 0.2302488 secs] [Times: user=0.72 sys=0.00, real=0.23 secs] 
88.377: [GC88.377: [ParNew: 306687K->34047K(306688K), 0.1825369 secs] 1583106K->1425708K(2063104K), 0.1829667 secs] [Times: user=0.62 sys=0.00, real=0.18 secs] 
88.808: [GC88.809: [ParNew: 306687K->34047K(306688K), 0.2179213 secs] 1473903K->1364956K(2063104K), 0.2184239 secs] [Times: user=0.73 sys=0.00, real=0.22 secs] 
89.265: [GC89.265: [ParNew: 306687K->34046K(306688K), 0.0935863 secs] 1466638K->1257107K(2063104K), 0.0940289 secs] [Times: user=0.30 sys=0.00, real=0.09 secs] 
89.600: [GC89.601: [ParNew: 306686K->34046K(306688K), 0.1711706 secs] 1322931K->1179103K(2063104K), 0.1716245 secs] [Times: user=0.59 sys=0.00, real=0.17 secs] 
90.022: [GC90.022: [ParNew: 306686K->34046K(306688K), 0.2359688 secs] 1290511K->1195504K(2063104K), 0.2364069 secs] [Times: user=0.84 sys=0.00, real=0.24 secs] 
90.328: [CMS-concurrent-sweep: 1.350/2.549 secs] [Times: user=8.00 sys=0.27, real=2.55 secs] 
90.329: [CMS-concurrent-reset-start]
90.330: [CMS-concurrent-reset: 0.002/0.002 secs] [Times: user=0.00 sys=0.00, real=0.00 secs] 
90.361: [GC [1 CMS-initial-mark: 1117186K(1756416K)] 1244622K(2063104K), 0.0750834 secs] [Times: user=0.08 sys=0.00, real=0.08 secs] 
90.437: [CMS-concurrent-mark-start]
90.594: [GC90.595: [ParNew: 306686K->34046K(306688K), 0.1613181 secs] 1423873K->1261711K(2063104K), 0.1619297 secs] [Times: user=0.59 sys=0.00, real=0.16 secs] 
90.934: [CMS-concurrent-mark: 0.335/0.498 secs] [Times: user=1.67 sys=0.03, real=0.50 secs] 
90.935: [CMS-concurrent-preclean-start]
90.940: [CMS-concurrent-preclean: 0.005/0.005 secs] [Times: user=0.03 sys=0.00, real=0.00 secs] 
90.940: [CMS-concurrent-abortable-preclean-start]
91.002: [GC91.002: [ParNew: 306686K->34046K(306688K), 0.2193469 secs] 1534351K->1418727K(2063104K), 0.2198389 secs] [Times: user=0.80 sys=0.00, real=0.22 secs] 
91.431: [CMS-concurrent-abortable-preclean: 0.252/0.491 secs] [Times: user=1.56 sys=0.05, real=0.49 secs] 
91.431: [GC[YG occupancy: 256762 K (306688 K)]91.432: [Rescan (parallel) , 0.0555538 secs]91.487: [weak refs processing, 0.0000119 secs]91.487: [scrub string table, 0.0001713 secs] [1 CMS-remark: 1384681K(1756416K)] 1641444K(2063104K), 0.0559457 secs] [Times: user=0.20 sys=0.00, real=0.06 secs] 
91.490: [CMS-concurrent-sweep-start]
91.528: [GC91.529: [ParNew: 306686K->34046K(306688K), 0.1622995 secs] 1655900K->1495692K(2063104K), 0.1627575 secs] [Times: user=0.58 sys=0.00, real=0.16 secs] 
91.927: [GC91.928: [ParNew: 306686K->34046K(306688K), 0.1850713 secs] 1545224K->1400114K(2063104K), 0.1855261 secs] [Times: user=0.62 sys=0.00, real=0.18 secs] 
92.371: [GC92.371: [ParNew: 306686K->34046K(306688K), 0.1910803 secs] 1460677K->1306324K(2063104K), 0.1915527 secs] [Times: user=0.59 sys=0.02, real=0.19 secs] 
92.811: [GC92.811: [ParNew: 306686K->34046K(306688K), 0.2094245 secs] 1381828K->1267179K(2063104K), 0.2098889 secs] [Times: user=0.72 sys=0.02, real=0.21 secs] 
93.274: [GC93.275: [ParNew: 306686K->34048K(306688K), 0.1699914 secs] 1451321K->1299812K(2063104K), 0.1704711 secs] [Times: user=0.47 sys=0.00, real=0.17 secs] 
93.685: [GC93.685: [ParNew: 306688K->34047K(306688K), 0.1799362 secs] 1409170K->1267760K(2063104K), 0.1803711 secs] [Times: user=0.59 sys=0.00, real=0.18 secs] 
93.868: [CMS-concurrent-sweep: 1.230/2.377 secs] [Times: user=7.25 sys=0.14, real=2.38 secs] 
93.868: [CMS-concurrent-reset-start]
93.870: [CMS-concurrent-reset: 0.002/0.002 secs] [Times: user=0.00 sys=0.00, real=0.00 secs] 
94.143: [GC [1 CMS-initial-mark: 1232111K(1756416K)] 1509322K(2063104K), 0.1676427 secs] [Times: user=0.17 sys=0.00, real=0.17 secs] 
94.310: [CMS-concurrent-mark-start]
94.332: [GC94.332: [ParNew: 306687K->34047K(306688K), 0.2947038 secs] 1538798K->1474243K(2063104K), 0.2952154 secs] [Times: user=0.98 sys=0.00, real=0.30 secs] 
94.851: [GC94.851: [ParNew: 306687K->34047K(306688K), 0.1241339 secs] 1746883K->1556220K(2063104K), 0.1246467 secs] [Times: user=0.44 sys=0.00, real=0.13 secs] 
95.230: [GC95.230: [ParNew: 306687K->34047K(306688K), 0.1761700 secs] 1828860K->1672690K(2063104K), 0.1766043 secs] [Times: user=0.58 sys=0.00, real=0.18 secs] 
95.639: [GC95.640: [ParNew: 306687K->306687K(306688K), 0.0000192 secs]95.640: [CMS95.646: [CMS-concurrent-mark: 0.710/1.335 secs] [Times: user=4.18 sys=0.11, real=1.34 secs] 
 (concurrent mode failure): 1638643K->168036K(1756416K), 0.9905032 secs] 1945330K->168036K(2063104K), [CMS Perm : 7349K->7349K(21248K)], 0.9910012 secs] [Times: user=0.98 sys=0.00, real=0.99 secs] 
96.929: [GC96.930: [ParNew: 272640K->34047K(306688K), 0.2494990 secs] 440676K->427481K(2063104K), 0.2499532 secs] [Times: user=0.76 sys=0.00, real=0.25 secs] 
97.469: [GC97.469: [ParNew: 306687K->34046K(306688K), 0.2751377 secs] 700121K->633451K(2063104K), 0.2755668 secs] [Times: user=0.89 sys=0.00, real=0.28 secs] 
97.745: [GC [1 CMS-initial-mark: 599404K(1756416K)] 633458K(2063104K), 0.0201293 secs] [Times: user=0.02 sys=0.00, real=0.02 secs] 
97.765: [CMS-concurrent-mark-start]
97.920: [CMS-concurrent-mark: 0.155/0.155 secs] [Times: user=0.53 sys=0.01, real=0.15 secs] 
97.920: [CMS-concurrent-preclean-start]
97.923: [CMS-concurrent-preclean: 0.003/0.003 secs] [Times: user=0.00 sys=0.00, real=0.00 secs] 
97.924: [CMS-concurrent-abortable-preclean-start]
98.009: [GC98.009: [ParNew: 306686K->34046K(306688K), 0.2295294 secs] 906091K->787765K(2063104K), 0.2300006 secs] [Times: user=0.80 sys=0.00, real=0.23 secs] 
98.448: [CMS-concurrent-abortable-preclean: 0.273/0.524 secs] [Times: user=1.76 sys=0.02, real=0.52 secs] 
98.448: [GC[YG occupancy: 257223 K (306688 K)]98.448: [Rescan (parallel) , 0.0642238 secs]98.513: [weak refs processing, 0.0000125 secs]98.513: [scrub string table, 0.0001616 secs] [1 CMS-remark: 753718K(1756416K)] 1010941K(2063104K), 0.0646106 secs] [Times: user=0.25 sys=0.00, real=0.06 secs] 
98.513: [CMS-concurrent-sweep-start]
98.558: [GC98.558: [ParNew: 306686K->34046K(306688K), 0.1751004 secs] 1017409K->863998K(2063104K), 0.1755398 secs] [Times: user=0.58 sys=0.00, real=0.18 secs] 
98.983: [GC98.983: [ParNew: 306686K->34046K(306688K), 0.2293947 secs] 902213K->787115K(2063104K), 0.2298678 secs] [Times: user=0.75 sys=0.00, real=0.23 secs] 
99.473: [GC99.473: [ParNew: 306686K->34046K(306688K), 0.1631713 secs] 918119K->759581K(2063104K), 0.1636097 secs] [Times: user=0.45 sys=0.02, real=0.16 secs] 
99.709: [CMS-concurrent-sweep: 0.599/1.196 secs] [Times: user=3.84 sys=0.06, real=1.20 secs] 
99.709: [CMS-concurrent-reset-start]
99.712: [CMS-concurrent-reset: 0.003/0.003 secs] [Times: user=0.00 sys=0.00, real=0.00 secs] 
99.905: [GC99.905: [ParNew: 306686K->34046K(306688K), 0.2493528 secs] 1032221K->954898K(2063104K), 0.2497752 secs] [Times: user=0.90 sys=0.00, real=0.25 secs] 
100.155: [GC [1 CMS-initial-mark: 920851K(1756416K)] 954901K(2063104K), 0.0201697 secs] [Times: user=0.03 sys=0.00, real=0.02 secs] 
100.175: [CMS-concurrent-mark-start]
100.368: [CMS-concurrent-mark: 0.166/0.193 secs] [Times: user=0.53 sys=0.03, real=0.19 secs] 
100.368: [CMS-concurrent-preclean-start]
100.372: [CMS-concurrent-preclean: 0.003/0.004 secs] [Times: user=0.00 sys=0.00, real=0.00 secs] 
100.372: [CMS-concurrent-abortable-preclean-start]
100.436: [GC100.436: [ParNew: 306686K->34046K(306688K), 0.1886422 secs] 1227538K->1080806K(2063104K), 0.1890774 secs] [Times: user=0.70 sys=0.00, real=0.19 secs] 
100.779: [CMS-concurrent-abortable-preclean: 0.218/0.407 secs] [Times: user=1.42 sys=0.01, real=0.41 secs] 
100.780: [GC[YG occupancy: 208601 K (306688 K)]100.780: [Rescan (parallel) , 0.0803573 secs]100.860: [weak refs processing, 0.0000135 secs]100.860: [scrub string table, 0.0001783 secs] [1 CMS-remark: 1046760K(1756416K)] 1255361K(2063104K), 0.0807601 secs] [Times: user=0.33 sys=0.00, real=0.08 secs] 
100.861: [CMS-concurrent-sweep-start]
100.947: [GC100.948: [ParNew: 306686K->34046K(306688K), 0.1969244 secs] 1270857K->1137129K(2063104K), 0.1973555 secs] [Times: user=0.70 sys=0.00, real=0.20 secs] 
101.402: [GC101.402: [ParNew: 306686K->34046K(306688K), 0.1837207 secs] 1192686K->1044102K(2063104K), 0.1842618 secs] [Times: user=0.58 sys=0.00, real=0.18 secs] 
101.825: [GC101.825: [ParNew: 306686K->34046K(306688K), 0.1829641 secs] 1123289K->977999K(2063104K), 0.1834112 secs] [Times: user=0.61 sys=0.00, real=0.18 secs] 
102.268: [GC102.268: [ParNew: 306686K->34048K(306688K), 0.1873432 secs] 1027618K->889753K(2063104K), 0.1877704 secs] [Times: user=0.64 sys=0.00, real=0.19 secs] 
102.566: [CMS-concurrent-sweep: 0.907/1.706 secs] [Times: user=5.44 sys=0.14, real=1.71 secs] 
102.567: [CMS-concurrent-reset-start]
102.568: [CMS-concurrent-reset: 0.002/0.002 secs] [Times: user=0.00 sys=0.00, real=0.00 secs] 
102.722: [GC102.722: [ParNew: 306688K->34047K(306688K), 0.2482444 secs] 1144763K->1067673K(2063104K), 0.2486697 secs] [Times: user=0.83 sys=0.00, real=0.25 secs] 
102.971: [GC [1 CMS-initial-mark: 1033626K(1756416K)] 1067677K(2063104K), 0.0203843 secs] [Times: user=0.02 sys=0.00, real=0.02 secs] 
102.992: [CMS-concurrent-mark-start]
103.151: [CMS-concurrent-mark: 0.160/0.160 secs] [Times: user=0.48 sys=0.00, real=0.16 secs] 
103.152: [CMS-concurrent-preclean-start]
103.156: [CMS-concurrent-preclean: 0.004/0.004 secs] [Times: user=0.06 sys=0.00, real=0.00 secs] 
103.156: [CMS-concurrent-abortable-preclean-start]
103.244: [GC103.245: [ParNew: 306687K->34047K(306688K), 0.1807557 secs] 1340313K->1192392K(2063104K), 0.1812178 secs] [Times: user=0.62 sys=0.00, real=0.18 secs] 
103.581: [CMS-concurrent-abortable-preclean: 0.223/0.425 secs] [Times: user=1.29 sys=0.08, real=0.42 secs] 
103.581: [GC[YG occupancy: 206569 K (306688 K)]103.581: [Rescan (parallel) , 0.0724403 secs]103.654: [weak refs processing, 0.0000135 secs]103.654: [scrub string table, 0.0001668 secs] [1 CMS-remark: 1158345K(1756416K)] 1364914K(2063104K), 0.0728406 secs] [Times: user=0.25 sys=0.03, real=0.07 secs] 
103.654: [CMS-concurrent-sweep-start]
103.745: [GC103.745: [ParNew: 306687K->34047K(306688K), 0.2227937 secs] 1376899K->1259947K(2063104K), 0.2232584 secs] [Times: user=0.83 sys=0.00, real=0.22 secs] 
104.226: [GC104.226: [ParNew: 306687K->34047K(306688K), 0.1704266 secs] 1311020K->1150309K(2063104K), 0.1708685 secs] [Times: user=0.59 sys=0.00, real=0.17 secs] 
104.629: [GC104.629: [ParNew: 306687K->34046K(306688K), 0.1712111 secs] 1207244K->1051713K(2063104K), 0.1716963 secs] [Times: user=0.55 sys=0.00, real=0.17 secs] 
105.049: [GC105.049: [ParNew: 306686K->34046K(306688K), 0.2240496 secs] 1165205K->1056059K(2063104K), 0.2245031 secs] [Times: user=0.73 sys=0.00, real=0.22 secs] 
105.525: [CMS-concurrent-sweep: 1.030/1.872 secs] [Times: user=5.85 sys=0.20, real=1.87 secs] 
105.526: [CMS-concurrent-reset-start]
105.528: [CMS-concurrent-reset: 0.002/0.002 secs] [Times: user=0.00 sys=0.00, real=0.00 secs] 
105.529: [GC105.529: [ParNew: 306686K->34046K(306688K), 0.1590141 secs] 1163315K->1009777K(2063104K), 0.1594461 secs] [Times: user=0.52 sys=0.00, real=0.16 secs] 
105.689: [GC [1 CMS-initial-mark: 975730K(1756416K)] 1009807K(2063104K), 0.0201614 secs] [Times: user=0.01 sys=0.00, real=0.02 secs] 
105.709: [CMS-concurrent-mark-start]
105.870: [CMS-concurrent-mark: 0.161/0.161 secs] [Times: user=0.55 sys=0.02, real=0.16 secs] 
105.870: [CMS-concurrent-preclean-start]
105.874: [CMS-concurrent-preclean: 0.004/0.004 secs] [Times: user=0.00 sys=0.00, real=0.00 secs] 
105.874: [CMS-concurrent-abortable-preclean-start]
105.957: [GC105.957: [ParNew: 306686K->34046K(306688K), 0.2202590 secs] 1282417K->1165898K(2063104K), 0.2206821 secs] [Times: user=0.73 sys=0.00, real=0.22 secs] 
106.395: [CMS-concurrent-abortable-preclean: 0.271/0.521 secs] [Times: user=1.61 sys=0.01, real=0.52 secs] 
106.396: [GC[YG occupancy: 257706 K (306688 K)]106.396: [Rescan (parallel) , 0.0602020 secs]106.456: [weak refs processing, 0.0000141 secs]106.456: [scrub string table, 0.0001790 secs] [1 CMS-remark: 1131852K(1756416K)] 1389558K(2063104K), 0.0606077 secs] [Times: user=0.25 sys=0.00, real=0.06 secs] 
106.457: [CMS-concurrent-sweep-start]
106.501: [GC106.502: [ParNew: 306686K->34046K(306688K), 0.1728092 secs] 1395382K->1249579K(2063104K), 0.1733143 secs] [Times: user=0.61 sys=0.00, real=0.17 secs] 
106.916: [GC106.916: [ParNew: 306686K->34046K(306688K), 0.2133607 secs] 1293869K->1167650K(2063104K), 0.2137949 secs] [Times: user=0.67 sys=0.00, real=0.21 secs] 
107.391: [GC107.391: [ParNew: 306686K->34046K(306688K), 0.1619506 secs] 1258206K->1102497K(2063104K), 0.1623906 secs] [Times: user=0.50 sys=0.02, real=0.16 secs] 
107.797: [GC107.797: [ParNew: 306686K->34046K(306688K), 0.2006736 secs] 1181057K->1056786K(2063104K), 0.2011124 secs] [Times: user=0.69 sys=0.00, real=0.20 secs] 
108.249: [GC108.249: [ParNew: 306686K->34046K(306688K), 0.1426821 secs] 1199550K->1031303K(2063104K), 0.1431260 secs] [Times: user=0.48 sys=0.00, real=0.14 secs] 
108.401: [CMS-concurrent-sweep: 0.999/1.945 secs] [Times: user=6.18 sys=0.23, real=1.94 secs] 
108.402: [CMS-concurrent-reset-start]
108.404: [CMS-concurrent-reset: 0.002/0.002 secs] [Times: user=0.00 sys=0.00, real=0.00 secs] 
108.645: [GC108.645: [ParNew: 306686K->34046K(306688K), 0.2199236 secs] 1293807K->1187300K(2063104K), 0.2203783 secs] [Times: user=0.70 sys=0.02, real=0.22 secs] 
108.865: [GC [1 CMS-initial-mark: 1153254K(1756416K)] 1187309K(2063104K), 0.0199638 secs] [Times: user=0.02 sys=0.00, real=0.02 secs] 
108.886: [CMS-concurrent-mark-start]
109.048: [CMS-concurrent-mark: 0.163/0.163 secs] [Times: user=0.39 sys=0.05, real=0.16 secs] 
109.048: [CMS-concurrent-preclean-start]
109.052: [CMS-concurrent-preclean: 0.003/0.003 secs] [Times: user=0.03 sys=0.00, real=0.00 secs] 
109.052: [CMS-concurrent-abortable-preclean-start]
109.125: [GC109.125: [ParNew: 306686K->34046K(306688K), 0.1997124 secs] 1459940K->1324339K(2063104K), 0.2001727 secs] [Times: user=0.69 sys=0.00, real=0.20 secs] 
109.514: [CMS-concurrent-abortable-preclean: 0.242/0.462 secs] [Times: user=1.37 sys=0.02, real=0.46 secs] 
109.515: [GC[YG occupancy: 249700 K (306688 K)]109.515: [Rescan (parallel) , 0.0739945 secs]109.589: [weak refs processing, 0.0000131 secs]109.589: [scrub string table, 0.0001645 secs] [1 CMS-remark: 1290293K(1756416K)] 1539994K(2063104K), 0.0743463 secs] [Times: user=0.26 sys=0.00, real=0.08 secs] 
109.589: [CMS-concurrent-sweep-start]
109.635: [GC109.635: [ParNew: 306686K->34048K(306688K), 0.0742440 secs] 1553285K->1326270K(2063104K), 0.0747027 secs] [Times: user=0.22 sys=0.00, real=0.08 secs] 
109.948: [GC109.948: [ParNew: 306688K->34047K(306688K), 0.1890164 secs] 1371943K->1211019K(2063104K), 0.1894501 secs] [Times: user=0.56 sys=0.00, real=0.19 secs] 
110.404: [GC110.404: [ParNew: 306687K->34047K(306688K), 0.1768698 secs] 1259506K->1110297K(2063104K), 0.1773535 secs] [Times: user=0.61 sys=0.00, real=0.18 secs] 
110.807: [GC110.808: [ParNew: 306687K->34047K(306688K), 0.1223757 secs] 1199376K->1008213K(2063104K), 0.1228058 secs] [Times: user=0.42 sys=0.00, real=0.12 secs] 
111.177: [GC111.177: [ParNew: 306687K->34047K(306688K), 0.1961076 secs] 1050646K->921410K(2063104K), 0.1965527 secs] [Times: user=0.69 sys=0.00, real=0.20 secs] 
111.530: [CMS-concurrent-sweep: 1.124/1.940 secs] [Times: user=5.96 sys=0.13, real=1.94 secs] 
111.530: [CMS-concurrent-reset-start]
111.532: [CMS-concurrent-reset: 0.002/0.002 secs] [Times: user=0.05 sys=0.00, real=0.00 secs] 
111.636: [GC111.637: [ParNew: 306687K->34046K(306688K), 0.1824898 secs] 1136857K->997426K(2063104K), 0.1829218 secs] [Times: user=0.58 sys=0.00, real=0.18 secs] 
111.820: [GC [1 CMS-initial-mark: 963379K(1756416K)] 997426K(2063104K), 0.0203227 secs] [Times: user=0.01 sys=0.00, real=0.02 secs] 
111.840: [CMS-concurrent-mark-start]
112.015: [CMS-concurrent-mark: 0.174/0.174 secs] [Times: user=0.55 sys=0.08, real=0.17 secs] 
112.015: [CMS-concurrent-preclean-start]
112.018: [CMS-concurrent-preclean: 0.003/0.003 secs] [Times: user=0.05 sys=0.02, real=0.00 secs] 
112.018: [CMS-concurrent-abortable-preclean-start]
112.084: [GC112.085: [ParNew: 306686K->34046K(306688K), 0.2194024 secs] 1270066K->1154640K(2063104K), 0.2198357 secs] [Times: user=0.72 sys=0.00, real=0.22 secs] 
112.519: [CMS-concurrent-abortable-preclean: 0.257/0.501 secs] [Times: user=1.53 sys=0.00, real=0.50 secs] 
112.520: [GC[YG occupancy: 269491 K (306688 K)]112.520: [Rescan (parallel) , 0.0519547 secs]112.572: [weak refs processing, 0.0000125 secs]112.572: [scrub string table, 0.0001693 secs] [1 CMS-remark: 1120593K(1756416K)] 1390085K(2063104K), 0.0523549 secs] [Times: user=0.19 sys=0.00, real=0.05 secs] 
112.573: [CMS-concurrent-sweep-start]
112.605: [GC112.605: [ParNew: 306686K->34046K(306688K), 0.1336445 secs] 1397758K->1218698K(2063104K), 0.1340932 secs] [Times: user=0.47 sys=0.00, real=0.13 secs] 
112.977: [GC112.977: [ParNew: 306686K->34046K(306688K), 0.1571523 secs] 1266984K->1109003K(2063104K), 0.1575837 secs] [Times: user=0.56 sys=0.00, real=0.16 secs] 
113.387: [GC113.387: [ParNew: 306686K->34046K(306688K), 0.1981072 secs] 1173981K->1030912K(2063104K), 0.1985402 secs] [Times: user=0.69 sys=0.00, real=0.20 secs] 
113.818: [GC113.818: [ParNew: 306686K->34046K(306688K), 0.1281557 secs] 1163867K->977562K(2063104K), 0.1285977 secs] [Times: user=0.37 sys=0.00, real=0.13 secs] 
114.191: [GC114.191: [ParNew: 306686K->34046K(306688K), 0.1879000 secs] 1119778K->988830K(2063104K), 0.1883737 secs] [Times: user=0.62 sys=0.00, real=0.19 secs] 
114.444: [CMS-concurrent-sweep: 1.020/1.870 secs] [Times: user=5.98 sys=0.12, real=1.87 secs] 
114.444: [CMS-concurrent-reset-start]
114.446: [CMS-concurrent-reset: 0.002/0.002 secs] [Times: user=0.00 sys=0.00, real=0.00 secs] 
114.662: [GC114.662: [ParNew: 306686K->34046K(306688K), 0.2306519 secs] 1219323K->1122556K(2063104K), 0.2310718 secs] [Times: user=0.78 sys=0.00, real=0.23 secs] 
114.894: [GC [1 CMS-initial-mark: 1088510K(1756416K)] 1122559K(2063104K), 0.0201175 secs] [Times: user=0.02 sys=0.00, real=0.02 secs] 
114.914: [CMS-concurrent-mark-start]
115.088: [CMS-concurrent-mark: 0.174/0.174 secs] [Times: user=0.61 sys=0.02, real=0.17 secs] 
115.088: [CMS-concurrent-preclean-start]
115.092: [CMS-concurrent-preclean: 0.003/0.003 secs] [Times: user=0.00 sys=0.00, real=0.00 secs] 
115.092: [CMS-concurrent-abortable-preclean-start]
115.161: [GC115.161: [ParNew: 306686K->34046K(306688K), 0.2280788 secs] 1395196K->1285039K(2063104K), 0.2285182 secs] [Times: user=0.81 sys=0.00, real=0.23 secs] 
115.615: [CMS-concurrent-abortable-preclean: 0.271/0.523 secs] [Times: user=1.67 sys=0.06, real=0.52 secs] 
115.615: [GC[YG occupancy: 277299 K (306688 K)]115.616: [Rescan (parallel) , 0.0877768 secs]115.703: [weak refs processing, 0.0000135 secs]115.703: [scrub string table, 0.0001690 secs] [1 CMS-remark: 1250993K(1756416K)] 1528293K(2063104K), 0.0881697 secs] [Times: user=0.30 sys=0.01, real=0.09 secs] 
115.704: [CMS-concurrent-sweep-start]
115.729: [GC115.729: [ParNew: 306686K->34046K(306688K), 0.1478530 secs] 1533844K->1364256K(2063104K), 0.1482873 secs] [Times: user=0.48 sys=0.02, real=0.15 secs] 
116.124: [GC116.124: [ParNew: 306686K->34046K(306688K), 0.2200118 secs] 1402975K->1275907K(2063104K), 0.2204361 secs] [Times: user=0.69 sys=0.00, real=0.22 secs] 
116.595: [GC116.595: [ParNew: 306686K->34048K(306688K), 0.1620285 secs] 1367835K->1211804K(2063104K), 0.1624862 secs] [Times: user=0.58 sys=0.00, real=0.16 secs] 
116.987: [GC116.987: [ParNew: 306688K->34047K(306688K), 0.1286384 secs] 1293082K->1110703K(2063104K), 0.1290752 secs] [Times: user=0.41 sys=0.00, real=0.13 secs] 
117.378: [GC117.378: [ParNew: 306687K->34047K(306688K), 0.1699089 secs] 1160025K->1009102K(2063104K), 0.1703669 secs] [Times: user=0.55 sys=0.00, real=0.17 secs] 
117.683: [CMS-concurrent-sweep: 1.103/1.979 secs] [Times: user=6.11 sys=0.19, real=1.98 secs] 
117.683: [CMS-concurrent-reset-start]
117.686: [CMS-concurrent-reset: 0.003/0.003 secs] [Times: user=0.00 sys=0.00, real=0.00 secs] 
117.810: [GC117.810: [ParNew: 306687K->34047K(306688K), 0.2477688 secs] 1240647K->1154684K(2063104K), 0.2482117 secs] [Times: user=0.81 sys=0.00, real=0.25 secs] 
118.059: [GC [1 CMS-initial-mark: 1120637K(1756416K)] 1154753K(2063104K), 0.0203362 secs] [Times: user=0.02 sys=0.00, real=0.02 secs] 
118.080: [CMS-concurrent-mark-start]
118.273: [CMS-concurrent-mark: 0.175/0.193 secs] [Times: user=0.64 sys=0.06, real=0.19 secs] 
118.273: [CMS-concurrent-preclean-start]
118.276: [CMS-concurrent-preclean: 0.003/0.003 secs] [Times: user=0.00 sys=0.00, real=0.00 secs] 
118.276: [CMS-concurrent-abortable-preclean-start]
118.327: [GC118.327: [ParNew: 306687K->34047K(306688K), 0.1576908 secs] 1427324K->1266097K(2063104K), 0.1581520 secs] [Times: user=0.56 sys=0.00, real=0.16 secs] 
118.623: [CMS-concurrent-abortable-preclean: 0.188/0.347 secs] [Times: user=1.14 sys=0.00, real=0.35 secs] 
118.624: [GC[YG occupancy: 187049 K (306688 K)]118.624: [Rescan (parallel) , 0.0672123 secs]118.691: [weak refs processing, 0.0000247 secs]118.691: [scrub string table, 0.0001754 secs] [1 CMS-remark: 1232050K(1756416K)] 1419100K(2063104K), 0.0676330 secs] [Times: user=0.23 sys=0.00, real=0.07 secs] 
118.692: [CMS-concurrent-sweep-start]
118.803: [GC118.803: [ParNew: 306687K->34046K(306688K), 0.2377174 secs] 1431932K->1323098K(2063104K), 0.2381680 secs] [Times: user=0.70 sys=0.00, real=0.24 secs] 
119.302: [GC119.302: [ParNew: 306686K->34046K(306688K), 0.2024174 secs] 1371687K->1227095K(2063104K), 0.2028921 secs] [Times: user=0.64 sys=0.00, real=0.20 secs] 
119.751: [GC119.751: [ParNew: 306686K->34046K(306688K), 0.2061531 secs] 1269054K->1148018K(2063104K), 0.2065787 secs] [Times: user=0.75 sys=0.00, real=0.21 secs] 
120.189: [GC120.189: [ParNew: 306686K->34046K(306688K), 0.1408995 secs] 1252459K->1083472K(2063104K), 0.1413533 secs] [Times: user=0.51 sys=0.00, real=0.14 secs] 
120.558: [GC120.558: [ParNew: 306686K->34046K(306688K), 0.0461471 secs] 1248055K->1007812K(2063104K), 0.0466634 secs] [Times: user=0.17 sys=0.00, real=0.05 secs] 
120.699: [CMS-concurrent-sweep: 1.114/2.008 secs] [Times: user=6.08 sys=0.09, real=2.01 secs] 
120.699: [CMS-concurrent-reset-start]
120.702: [CMS-concurrent-reset: 0.003/0.003 secs] [Times: user=0.00 sys=0.00, real=0.00 secs] 
120.887: [GC120.887: [ParNew: 306686K->34048K(306688K), 0.2595651 secs] 1188219K->1117632K(2063104K), 0.2599888 secs] [Times: user=0.90 sys=0.00, real=0.26 secs] 
121.147: [GC [1 CMS-initial-mark: 1083584K(1756416K)] 1117658K(2063104K), 0.0201406 secs] [Times: user=0.02 sys=0.00, real=0.02 secs] 
121.167: [CMS-concurrent-mark-start]
121.356: [CMS-concurrent-mark: 0.167/0.189 secs] [Times: user=0.58 sys=0.02, real=0.19 secs] 
121.356: [CMS-concurrent-preclean-start]
121.360: [CMS-concurrent-preclean: 0.003/0.003 secs] [Times: user=0.05 sys=0.00, real=0.00 secs] 
121.360: [CMS-concurrent-abortable-preclean-start]
121.418: [GC121.418: [ParNew: 306688K->34048K(306688K), 0.1578309 secs] 1390272K->1229627K(2063104K), 0.1583569 secs] [Times: user=0.56 sys=0.00, real=0.16 secs] 
121.719: [CMS-concurrent-abortable-preclean: 0.200/0.359 secs] [Times: user=1.19 sys=0.03, real=0.36 secs] 
121.719: [GC[YG occupancy: 194572 K (306688 K)]121.719: [Rescan (parallel) , 0.0574855 secs]121.777: [weak refs processing, 0.0000128 secs]121.777: [scrub string table, 0.0001684 secs] [1 CMS-remark: 1195579K(1756416K)] 1390151K(2063104K), 0.0578630 secs] [Times: user=0.19 sys=0.00, real=0.06 secs] 
121.777: [CMS-concurrent-sweep-start]
121.883: [GC121.883: [ParNew: 306688K->34048K(306688K), 0.2348617 secs] 1401023K->1288318K(2063104K), 0.2353454 secs] [Times: user=0.83 sys=0.00, real=0.24 secs] 
122.367: [GC122.367: [ParNew: 306688K->34048K(306688K), 0.1650821 secs] 1342740K->1171853K(2063104K), 0.1655282 secs] [Times: user=0.56 sys=0.00, real=0.17 secs] 
122.781: [GC122.782: [ParNew: 306688K->34048K(306688K), 0.2177295 secs] 1246322K->1132462K(2063104K), 0.2181493 secs] [Times: user=0.76 sys=0.00, real=0.22 secs] 
123.229: [GC123.229: [ParNew: 306688K->34048K(306688K), 0.1279017 secs] 1221601K->1040374K(2063104K), 0.1283799 secs] [Times: user=0.42 sys=0.00, real=0.13 secs] 
123.617: [GC123.618: [ParNew: 306688K->34048K(306688K), 0.1612643 secs] 1120130K->964884K(2063104K), 0.1617784 secs] [Times: user=0.53 sys=0.00, real=0.16 secs] 
123.823: [CMS-concurrent-sweep: 1.087/2.046 secs] [Times: user=6.49 sys=0.20, real=2.05 secs] 
123.824: [CMS-concurrent-reset-start]
123.827: [CMS-concurrent-reset: 0.004/0.004 secs] [Times: user=0.00 sys=0.00, real=0.00 secs] 
124.054: [GC124.054: [ParNew: 306688K->34046K(306688K), 0.2617961 secs] 1235880K->1170260K(2063104K), 0.2622464 secs] [Times: user=0.91 sys=0.00, real=0.26 secs] 
124.317: [GC [1 CMS-initial-mark: 1136214K(1756416K)] 1170267K(2063104K), 0.0200447 secs] [Times: user=0.02 sys=0.00, real=0.02 secs] 
124.337: [CMS-concurrent-mark-start]
124.545: [CMS-concurrent-mark: 0.186/0.208 secs] [Times: user=0.59 sys=0.03, real=0.21 secs] 
124.546: [CMS-concurrent-preclean-start]
124.549: [CMS-concurrent-preclean: 0.003/0.003 secs] [Times: user=0.00 sys=0.00, real=0.00 secs] 
124.549: [CMS-concurrent-abortable-preclean-start]
124.575: [GC124.575: [ParNew: 306686K->34046K(306688K), 0.1152567 secs] 1442900K->1244540K(2063104K), 0.1157063 secs] [Times: user=0.28 sys=0.00, real=0.12 secs] 
124.934: [GC124.934: [ParNew: 306686K->34046K(306688K), 0.1978904 secs] 1517180K->1381141K(2063104K), 0.1983269 secs] [Times: user=0.66 sys=0.00, real=0.20 secs] 
125.322: [CMS-concurrent-abortable-preclean: 0.438/0.774 secs] [Times: user=2.26 sys=0.06, real=0.77 secs] 
125.324: [GC[YG occupancy: 250644 K (306688 K)]125.324: [Rescan (parallel) , 0.0669066 secs]125.391: [weak refs processing, 0.0000141 secs]125.391: [scrub string table, 0.0001767 secs] [1 CMS-remark: 1347094K(1756416K)] 1597739K(2063104K), 0.0672495 secs] [Times: user=0.19 sys=0.00, real=0.07 secs] 
125.392: [CMS-concurrent-sweep-start]
125.437: [GC125.437: [ParNew: 306686K->34046K(306688K), 0.0534280 secs] 1611361K->1370541K(2063104K), 0.0538145 secs] [Times: user=0.14 sys=0.02, real=0.05 secs] 
125.734: [GC125.735: [ParNew: 306686K->34048K(306688K), 0.2260361 secs] 1407025K->1286303K(2063104K), 0.2264720 secs] [Times: user=0.72 sys=0.00, real=0.23 secs] 
126.198: [GC126.198: [ParNew: 306688K->34048K(306688K), 0.1737675 secs] 1336285K->1184039K(2063104K), 0.1742457 secs] [Times: user=0.56 sys=0.00, real=0.17 secs] 
126.620: [GC126.621: [ParNew: 306688K->34048K(306688K), 0.1349232 secs] 1276900K->1097331K(2063104K), 0.1353799 secs] [Times: user=0.42 sys=0.00, real=0.13 secs] 
127.011: [GC127.011: [ParNew: 306688K->34048K(306688K), 0.2369769 secs] 1208226K->1107104K(2063104K), 0.2374304 secs] [Times: user=0.72 sys=0.00, real=0.24 secs] 
127.399: [CMS-concurrent-sweep: 1.136/2.007 secs] [Times: user=6.24 sys=0.19, real=2.01 secs] 
127.399: [CMS-concurrent-reset-start]
127.401: [CMS-concurrent-reset: 0.002/0.002 secs] [Times: user=0.00 sys=0.00, real=0.00 secs] 
127.497: [GC127.497: [ParNew: 306688K->34048K(306688K), 0.1340063 secs] 1280335K->1110972K(2063104K), 0.1344466 secs] [Times: user=0.44 sys=0.00, real=0.13 secs] 
127.631: [GC [1 CMS-initial-mark: 1076924K(1756416K)] 1110984K(2063104K), 0.0204812 secs] [Times: user=0.02 sys=0.00, real=0.02 secs] 
127.652: [CMS-concurrent-mark-start]
127.810: [CMS-concurrent-mark: 0.158/0.158 secs] [Times: user=0.50 sys=0.01, real=0.16 secs] 
127.810: [CMS-concurrent-preclean-start]
127.814: [CMS-concurrent-preclean: 0.003/0.003 secs] [Times: user=0.00 sys=0.00, real=0.00 secs] 
127.814: [CMS-concurrent-abortable-preclean-start]
127.901: [GC127.902: [ParNew: 306688K->34046K(306688K), 0.2485975 secs] 1383612K->1290836K(2063104K), 0.2490417 secs] [Times: user=0.87 sys=0.00, real=0.25 secs] 
128.387: [CMS-concurrent-abortable-preclean: 0.304/0.574 secs] [Times: user=1.81 sys=0.02, real=0.57 secs] 
128.389: [GC[YG occupancy: 306406 K (306688 K)]128.389: [Rescan (parallel) , 0.0893397 secs]128.478: [weak refs processing, 0.0000221 secs]128.478: [scrub string table, 0.0001889 secs] [1 CMS-remark: 1256790K(1756416K)] 1563196K(2063104K), 0.0898278 secs] [Times: user=0.34 sys=0.00, real=0.09 secs] 
128.479: [CMS-concurrent-sweep-start]
128.480: [GC128.480: [ParNew: 306686K->34046K(306688K), 0.0961854 secs] 1563476K->1354783K(2063104K), 0.0966194 secs] [Times: user=0.31 sys=0.00, real=0.10 secs] 
128.826: [GC128.826: [ParNew: 306686K->34046K(306688K), 0.2279954 secs] 1386093K->1270833K(2063104K), 0.2284313 secs] [Times: user=0.73 sys=0.00, real=0.23 secs] 
129.295: [GC129.295: [ParNew: 306686K->34046K(306688K), 0.1682919 secs] 1333141K->1180079K(2063104K), 0.1686857 secs] [Times: user=0.59 sys=0.00, real=0.17 secs] 
129.711: [GC129.712: [ParNew: 306686K->34046K(306688K), 0.1836162 secs] 1259143K->1119786K(2063104K), 0.1840568 secs] [Times: user=0.61 sys=0.00, real=0.18 secs] 
130.142: [GC130.142: [ParNew: 306686K->34048K(306688K), 0.2334165 secs] 1203996K->1094079K(2063104K), 0.2339162 secs] [Times: user=0.72 sys=0.00, real=0.23 secs] 
130.542: [CMS-concurrent-sweep: 1.099/2.063 secs] [Times: user=6.27 sys=0.19, real=2.06 secs] 
130.542: [CMS-concurrent-reset-start]
130.544: [CMS-concurrent-reset: 0.002/0.002 secs] [Times: user=0.00 sys=0.00, real=0.00 secs] 
130.664: [GC130.664: [ParNew: 306688K->34047K(306688K), 0.1939597 secs] 1308425K->1189681K(2063104K), 0.1944350 secs] [Times: user=0.64 sys=0.00, real=0.19 secs] 
130.859: [GC [1 CMS-initial-mark: 1155634K(1756416K)] 1189690K(2063104K), 0.0201030 secs] [Times: user=0.03 sys=0.00, real=0.02 secs] 
130.879: [CMS-concurrent-mark-start]
131.040: [CMS-concurrent-mark: 0.161/0.161 secs] [Times: user=0.48 sys=0.02, real=0.16 secs] 
131.041: [CMS-concurrent-preclean-start]
131.044: [CMS-concurrent-preclean: 0.003/0.003 secs] [Times: user=0.00 sys=0.00, real=0.00 secs] 
131.044: [CMS-concurrent-abortable-preclean-start]
131.127: [GC131.127: [ParNew: 306687K->34047K(306688K), 0.2362030 secs] 1462321K->1355033K(2063104K), 0.2366363 secs] [Times: user=0.78 sys=0.00, real=0.24 secs] 
131.592: [CMS-concurrent-abortable-preclean: 0.286/0.548 secs] [Times: user=1.62 sys=0.03, real=0.55 secs] 
131.593: [GC[YG occupancy: 288216 K (306688 K)]131.593: [Rescan (parallel) , 0.1102888 secs]131.703: [weak refs processing, 0.0000131 secs]131.703: [scrub string table, 0.0002081 secs] [1 CMS-remark: 1320986K(1756416K)] 1609202K(2063104K), 0.1107336 secs] [Times: user=0.36 sys=0.00, real=0.11 secs] 
131.704: [CMS-concurrent-sweep-start]
131.718: [GC131.719: [ParNew: 306687K->34047K(306688K), 0.1183959 secs] 1614260K->1419970K(2063104K), 0.1188430 secs] [Times: user=0.37 sys=0.00, real=0.12 secs] 
132.074: [GC132.074: [ParNew: 306687K->34047K(306688K), 0.1964013 secs] 1466492K->1302696K(2063104K), 0.1968837 secs] [Times: user=0.62 sys=0.00, real=0.20 secs] 
132.507: [GC132.507: [ParNew: 306687K->34046K(306688K), 0.0764031 secs] 1376950K->1149020K(2063104K), 0.0768913 secs] [Times: user=0.27 sys=0.00, real=0.08 secs] 
132.834: [GC132.834: [ParNew: 306686K->34046K(306688K), 0.2195688 secs] 1214190K->1103838K(2063104K), 0.2200211 secs] [Times: user=0.76 sys=0.00, real=0.22 secs] 
133.296: [GC133.296: [ParNew: 306686K->34046K(306688K), 0.1965736 secs] 1209432K->1074787K(2063104K), 0.1970072 secs] [Times: user=0.64 sys=0.00, real=0.20 secs] 
133.734: [CMS-concurrent-sweep: 1.172/2.030 secs] [Times: user=6.35 sys=0.14, real=2.03 secs] 
133.734: [CMS-concurrent-reset-start]
133.736: [CMS-concurrent-reset: 0.002/0.002 secs] [Times: user=0.00 sys=0.00, real=0.00 secs] 
133.758: [GC133.758: [ParNew: 306686K->34046K(306688K), 0.1486269 secs] 1189149K->1032759K(2063104K), 0.1490779 secs] [Times: user=0.52 sys=0.00, real=0.15 secs] 
133.907: [GC [1 CMS-initial-mark: 998712K(1756416K)] 1032768K(2063104K), 0.0201499 secs] [Times: user=0.01 sys=0.00, real=0.02 secs] 
133.928: [CMS-concurrent-mark-start]
134.088: [CMS-concurrent-mark: 0.160/0.160 secs] [Times: user=0.53 sys=0.06, real=0.16 secs] 
134.088: [CMS-concurrent-preclean-start]
134.091: [CMS-concurrent-preclean: 0.003/0.003 secs] [Times: user=0.05 sys=0.00, real=0.00 secs] 
134.092: [CMS-concurrent-abortable-preclean-start]
134.176: [GC134.176: [ParNew: 306686K->34046K(306688K), 0.2483303 secs] 1305399K->1198174K(2063104K), 0.2487447 secs] [Times: user=0.76 sys=0.00, real=0.25 secs] 
134.661: [CMS-concurrent-abortable-preclean: 0.294/0.570 secs] [Times: user=1.62 sys=0.02, real=0.57 secs] 
134.662: [GC[YG occupancy: 286461 K (306688 K)]134.662: [Rescan (parallel) , 0.0541125 secs]134.716: [weak refs processing, 0.0000164 secs]134.716: [scrub string table, 0.0001892 secs] [1 CMS-remark: 1164128K(1756416K)] 1450589K(2063104K), 0.0545448 secs] [Times: user=0.25 sys=0.00, real=0.05 secs] 
134.717: [CMS-concurrent-sweep-start]
134.735: [GC134.736: [ParNew: 306686K->34046K(306688K), 0.1059138 secs] 1453259K->1255980K(2063104K), 0.1063987 secs] [Times: user=0.39 sys=0.00, real=0.11 secs] 
135.095: [GC135.096: [ParNew: 306686K->34046K(306688K), 0.2491940 secs] 1291110K->1192926K(2063104K), 0.2496517 secs] [Times: user=0.83 sys=0.00, real=0.25 secs] 
135.588: [GC135.589: [ParNew: 306686K->34046K(306688K), 0.1167384 secs] 1284870K->1087981K(2063104K), 0.1171906 secs] [Times: user=0.38 sys=0.00, real=0.12 secs] 
135.958: [GC135.958: [ParNew: 306686K->34046K(306688K), 0.2380583 secs] 1236631K->1128153K(2063104K), 0.2384820 secs] [Times: user=0.78 sys=0.00, real=0.24 secs] 
136.440: [GC136.441: [ParNew: 306686K->34046K(306688K), 0.1237619 secs] 1241465K->1053205K(2063104K), 0.1242375 secs] [Times: user=0.42 sys=0.00, real=0.13 secs] 
136.679: [CMS-concurrent-sweep: 1.081/1.963 secs] [Times: user=6.23 sys=0.19, real=1.96 secs] 
136.679: [CMS-concurrent-reset-start]
136.682: [CMS-concurrent-reset: 0.003/0.003 secs] [Times: user=0.00 sys=0.00, real=0.00 secs] 
136.833: [GC136.834: [ParNew: 306686K->34048K(306688K), 0.2411639 secs] 1233723K->1150560K(2063104K), 0.2415872 secs] [Times: user=0.84 sys=0.00, real=0.24 secs] 
137.075: [GC [1 CMS-initial-mark: 1116512K(1756416K)] 1150578K(2063104K), 0.0201133 secs] [Times: user=0.02 sys=0.00, real=0.02 secs] 
137.096: [CMS-concurrent-mark-start]
137.259: [CMS-concurrent-mark: 0.163/0.163 secs] [Times: user=0.58 sys=0.05, real=0.16 secs] 
137.259: [CMS-concurrent-preclean-start]
137.262: [CMS-concurrent-preclean: 0.003/0.003 secs] [Times: user=0.00 sys=0.00, real=0.00 secs] 
137.262: [CMS-concurrent-abortable-preclean-start]
137.344: [GC137.344: [ParNew: 306688K->34047K(306688K), 0.2255047 secs] 1423200K->1304383K(2063104K), 0.2258729 secs] [Times: user=0.81 sys=0.00, real=0.23 secs] 
137.763: [CMS-concurrent-abortable-preclean: 0.267/0.500 secs] [Times: user=1.61 sys=0.00, real=0.50 secs] 
137.764: [GC[YG occupancy: 280580 K (306688 K)]137.764: [Rescan (parallel) , 0.1314453 secs]137.896: [weak refs processing, 0.0000151 secs]137.896: [scrub string table, 0.0001742 secs] [1 CMS-remark: 1270336K(1756416K)] 1550916K(2063104K), 0.1317613 secs] [Times: user=0.48 sys=0.00, real=0.13 secs] 
137.896: [CMS-concurrent-sweep-start]
137.915: [GC137.915: [ParNew: 306687K->34047K(306688K), 0.0390582 secs] 1559747K->1320809K(2063104K), 0.0394360 secs] [Times: user=0.12 sys=0.00, real=0.04 secs] 
138.179: [GC138.179: [ParNew: 306687K->34048K(306688K), 0.1265040 secs] 1384582K->1194065K(2063104K), 0.1269537 secs] [Times: user=0.45 sys=0.00, real=0.13 secs] 
138.562: [GC138.563: [ParNew: 306688K->34048K(306688K), 0.1587572 secs] 1288592K->1114523K(2063104K), 0.1591950 secs] [Times: user=0.45 sys=0.00, real=0.16 secs] 
138.957: [GC138.957: [ParNew: 306688K->34048K(306688K), 0.1952990 secs] 1177355K->1046697K(2063104K), 0.1957330 secs] [Times: user=0.64 sys=0.00, real=0.20 secs] 
139.409: [GC139.410: [ParNew: 306688K->34048K(306688K), 0.1714391 secs] 1164091K->1017511K(2063104K), 0.1719093 secs] [Times: user=0.59 sys=0.00, real=0.17 secs] 
139.780: [CMS-concurrent-sweep: 1.140/1.884 secs] [Times: user=5.86 sys=0.17, real=1.88 secs] 
139.780: [CMS-concurrent-reset-start]
139.782: [CMS-concurrent-reset: 0.002/0.002 secs] [Times: user=0.06 sys=0.00, real=0.00 secs] 
139.829: [GC139.829: [ParNew: 306688K->34048K(306688K), 0.1967291 secs] 1132420K->1013743K(2063104K), 0.1971537 secs] [Times: user=0.64 sys=0.00, real=0.20 secs] 
140.027: [GC [1 CMS-initial-mark: 979695K(1756416K)] 1013760K(2063104K), 0.0201146 secs] [Times: user=0.01 sys=0.00, real=0.02 secs] 
140.047: [CMS-concurrent-mark-start]
140.212: [CMS-concurrent-mark: 0.165/0.165 secs] [Times: user=0.45 sys=0.02, real=0.16 secs] 
140.212: [CMS-concurrent-preclean-start]
140.216: [CMS-concurrent-preclean: 0.003/0.003 secs] [Times: user=0.00 sys=0.00, real=0.00 secs] 
140.216: [CMS-concurrent-abortable-preclean-start]
140.295: [GC140.295: [ParNew: 306688K->34048K(306688K), 0.2551854 secs] 1286383K->1184050K(2063104K), 0.2556164 secs] [Times: user=0.83 sys=0.00, real=0.26 secs] 
140.781: [CMS-concurrent-abortable-preclean: 0.288/0.565 secs] [Times: user=1.70 sys=0.02, real=0.57 secs] 
140.781: [GC[YG occupancy: 286175 K (306688 K)]140.781: [Rescan (parallel) , 0.0496291 secs]140.831: [weak refs processing, 0.0000112 secs]140.831: [scrub string table, 0.0001928 secs] [1 CMS-remark: 1150002K(1756416K)] 1436177K(2063104K), 0.0500412 secs] [Times: user=0.17 sys=0.00, real=0.05 secs] 
140.832: [CMS-concurrent-sweep-start]
140.848: [GC140.849: [ParNew: 306688K->34048K(306688K), 0.1385409 secs] 1442674K->1267869K(2063104K), 0.1390429 secs] [Times: user=0.50 sys=0.00, real=0.14 secs] 
141.240: [GC141.240: [ParNew: 306688K->34046K(306688K), 0.2446857 secs] 1298117K->1200298K(2063104K), 0.2451193 secs] [Times: user=0.73 sys=0.00, real=0.24 secs] 
141.734: [GC141.734: [ParNew: 306686K->34046K(306688K), 0.1667303 secs] 1267095K->1100657K(2063104K), 0.1671944 secs] [Times: user=0.51 sys=0.00, real=0.17 secs] 
142.154: [GC142.154: [ParNew: 306686K->34046K(306688K), 0.2374236 secs] 1257411K->1159318K(2063104K), 0.2378620 secs] [Times: user=0.80 sys=0.00, real=0.24 secs] 
142.638: [GC142.638: [ParNew: 306686K->34046K(306688K), 0.1439120 secs] 1272411K->1103553K(2063104K), 0.1443723 secs] [Times: user=0.47 sys=0.00, real=0.14 secs] 
142.858: [CMS-concurrent-sweep: 1.051/2.026 secs] [Times: user=6.29 sys=0.17, real=2.03 secs] 
142.858: [CMS-concurrent-reset-start]
142.861: [CMS-concurrent-reset: 0.003/0.003 secs] [Times: user=0.00 sys=0.00, real=0.00 secs] 
143.058: [GC143.059: [ParNew: 306686K->34048K(306688K), 0.2643112 secs] 1321620K->1257233K(2063104K), 0.2647704 secs] [Times: user=0.86 sys=0.00, real=0.27 secs] 
143.324: [GC [1 CMS-initial-mark: 1223185K(1756416K)] 1257239K(2063104K), 0.0200277 secs] [Times: user=0.02 sys=0.00, real=0.02 secs] 
143.344: [CMS-concurrent-mark-start]
143.532: [CMS-concurrent-mark: 0.166/0.188 secs] [Times: user=0.51 sys=0.02, real=0.19 secs] 
143.532: [CMS-concurrent-preclean-start]
143.535: [CMS-concurrent-preclean: 0.003/0.003 secs] [Times: user=0.00 sys=0.00, real=0.00 secs] 
143.536: [CMS-concurrent-abortable-preclean-start]
143.592: [GC143.592: [ParNew: 306688K->34047K(306688K), 0.1499515 secs] 1529873K->1356926K(2063104K), 0.1504149 secs] [Times: user=0.51 sys=0.00, real=0.15 secs] 
143.870: [CMS-concurrent-abortable-preclean: 0.183/0.335 secs] [Times: user=1.15 sys=0.00, real=0.34 secs] 
143.870: [GC[YG occupancy: 174271 K (306688 K)]143.871: [Rescan (parallel) , 0.0454402 secs]143.916: [weak refs processing, 0.0000138 secs]143.916: [scrub string table, 0.0001658 secs] [1 CMS-remark: 1322878K(1756416K)] 1497150K(2063104K), 0.0458209 secs] [Times: user=0.19 sys=0.00, real=0.05 secs] 
143.917: [CMS-concurrent-sweep-start]
144.039: [GC144.039: [ParNew: 306687K->34047K(306688K), 0.2427617 secs] 1514704K->1413361K(2063104K), 0.2431969 secs] [Times: user=0.81 sys=0.00, real=0.24 secs] 
144.528: [GC144.529: [ParNew: 306687K->34047K(306688K), 0.1597133 secs] 1469791K->1302752K(2063104K), 0.1601799 secs] [Times: user=0.51 sys=0.00, real=0.16 secs] 
144.941: [GC144.941: [ParNew: 306687K->34047K(306688K), 0.2339954 secs] 1357801K->1261190K(2063104K), 0.2344249 secs] [Times: user=0.84 sys=0.00, real=0.23 secs] 
145.440: [GC145.440: [ParNew: 306687K->34047K(306688K), 0.1920585 secs] 1310295K->1174839K(2063104K), 0.1925395 secs] [Times: user=0.69 sys=0.00, real=0.19 secs] 
145.836: [GC145.836: [ParNew: 306687K->34046K(306688K), 0.0399209 secs] 1300737K->1061938K(2063104K), 0.0403446 secs] [Times: user=0.13 sys=0.00, real=0.04 secs] 
146.035: [CMS-concurrent-sweep: 1.201/2.118 secs] [Times: user=6.55 sys=0.14, real=2.12 secs] 
146.035: [CMS-concurrent-reset-start]
146.037: [CMS-concurrent-reset: 0.002/0.002 secs] [Times: user=0.00 sys=0.00, real=0.00 secs] 
146.139: [GC146.139: [ParNew: 306686K->34048K(306688K), 0.2240365 secs] 1219144K->1124414K(2063104K), 0.2244566 secs] [Times: user=0.75 sys=0.00, real=0.22 secs] 
146.363: [GC [1 CMS-initial-mark: 1090366K(1756416K)] 1124421K(2063104K), 0.0201194 secs] [Times: user=0.03 sys=0.00, real=0.02 secs] 
146.384: [CMS-concurrent-mark-start]
146.590: [CMS-concurrent-mark: 0.185/0.207 secs] [Times: user=0.52 sys=0.03, real=0.21 secs] 
146.591: [CMS-concurrent-preclean-start]
146.594: [CMS-concurrent-preclean: 0.003/0.003 secs] [Times: user=0.00 sys=0.00, real=0.00 secs] 
146.594: [CMS-concurrent-abortable-preclean-start]
146.635: [GC146.635: [ParNew: 306688K->34048K(306688K), 0.1561302 secs] 1397054K->1231304K(2063104K), 0.1566138 secs] [Times: user=0.51 sys=0.00, real=0.16 secs] 
146.927: [CMS-concurrent-abortable-preclean: 0.176/0.333 secs] [Times: user=1.11 sys=0.00, real=0.33 secs] 
146.928: [GC[YG occupancy: 189996 K (306688 K)]146.928: [Rescan (parallel) , 0.0326647 secs]146.961: [weak refs processing, 0.0000128 secs]146.961: [scrub string table, 0.0001851 secs] [1 CMS-remark: 1197256K(1756416K)] 1387252K(2063104K), 0.0330874 secs] [Times: user=0.13 sys=0.00, real=0.03 secs] 
146.961: [CMS-concurrent-sweep-start]
147.070: [GC147.070: [ParNew: 306688K->34048K(306688K), 0.1966505 secs] 1401333K->1275956K(2063104K), 0.1971162 secs] [Times: user=0.66 sys=0.00, real=0.20 secs] 
147.528: [GC147.528: [ParNew: 306688K->34048K(306688K), 0.1697293 secs] 1321239K->1166352K(2063104K), 0.1701908 secs] [Times: user=0.55 sys=0.00, real=0.17 secs] 
147.932: [GC147.933: [ParNew: 306688K->34048K(306688K), 0.1141935 secs] 1229044K->1029572K(2063104K), 0.1146566 secs] [Times: user=0.39 sys=0.00, real=0.12 secs] 
148.300: [GC148.300: [ParNew: 306688K->34048K(306688K), 0.2277453 secs] 1133011K->1024984K(2063104K), 0.2281850 secs] [Times: user=0.80 sys=0.00, real=0.23 secs] 
148.774: [GC148.775: [ParNew: 306688K->34048K(306688K), 0.1126573 secs] 1188803K->994224K(2063104K), 0.1131460 secs] [Times: user=0.39 sys=0.00, real=0.11 secs] 
148.972: [CMS-concurrent-sweep: 1.139/2.011 secs] [Times: user=6.33 sys=0.19, real=2.01 secs] 
148.972: [CMS-concurrent-reset-start]
148.974: [CMS-concurrent-reset: 0.002/0.002 secs] [Times: user=0.00 sys=0.00, real=0.00 secs] 
149.162: [GC149.162: [ParNew: 306688K->34046K(306688K), 0.2440988 secs] 1183617K->1111036K(2063104K), 0.2445189 secs] [Times: user=0.80 sys=0.00, real=0.24 secs] 
149.406: [GC [1 CMS-initial-mark: 1076990K(1756416K)] 1111041K(2063104K), 0.0200658 secs] [Times: user=0.03 sys=0.00, real=0.02 secs] 
149.427: [CMS-concurrent-mark-start]
149.624: [CMS-concurrent-mark: 0.173/0.197 secs] [Times: user=0.47 sys=0.02, real=0.20 secs] 
149.624: [CMS-concurrent-preclean-start]
149.627: [CMS-concurrent-preclean: 0.003/0.003 secs] [Times: user=0.06 sys=0.00, real=0.00 secs] 
149.627: [CMS-concurrent-abortable-preclean-start]
149.685: [GC149.685: [ParNew: 306686K->34046K(306688K), 0.1319861 secs] 1383676K->1201992K(2063104K), 0.1324332 secs] [Times: user=0.41 sys=0.00, real=0.13 secs] 
150.063: [GC150.063: [ParNew: 306686K->34046K(306688K), 0.2183655 secs] 1474632K->1362824K(2063104K), 0.2188058 secs] [Times: user=0.78 sys=0.00, real=0.22 secs] 
150.511: [CMS-concurrent-abortable-preclean: 0.496/0.883 secs] [Times: user=2.79 sys=0.05, real=0.88 secs] 
150.511: [GC[YG occupancy: 259926 K (306688 K)]150.511: [Rescan (parallel) , 0.0592363 secs]150.571: [weak refs processing, 0.0000131 secs]150.571: [scrub string table, 0.0001713 secs] [1 CMS-remark: 1328778K(1756416K)] 1588705K(2063104K), 0.0596372 secs] [Times: user=0.22 sys=0.00, real=0.06 secs] 
150.571: [CMS-concurrent-sweep-start]
150.611: [GC150.611: [ParNew: 306686K->34048K(306688K), 0.1654949 secs] 1596323K->1441707K(2063104K), 0.1659291 secs] [Times: user=0.58 sys=0.00, real=0.17 secs] 
151.030: [GC151.030: [ParNew: 306688K->34047K(306688K), 0.2499676 secs] 1475134K->1379964K(2063104K), 0.2504112 secs] [Times: user=0.84 sys=0.02, real=0.25 secs] 
151.528: [GC151.529: [ParNew: 306687K->34047K(306688K), 0.1419271 secs] 1482745K->1312437K(2063104K), 0.1423861 secs] [Times: user=0.53 sys=0.00, real=0.14 secs] 
151.912: [GC151.913: [ParNew: 306687K->34047K(306688K), 0.1852326 secs] 1413537K->1281011K(2063104K), 0.1856707 secs] [Times: user=0.64 sys=0.00, real=0.18 secs] 
152.347: [GC152.348: [ParNew: 306687K->34047K(306688K), 0.2296362 secs] 1355939K->1254745K(2063104K), 0.2300676 secs] [Times: user=0.80 sys=0.00, real=0.23 secs] 
152.721: [CMS-concurrent-sweep: 1.132/2.150 secs] [Times: user=6.96 sys=0.23, real=2.15 secs] 
152.721: [CMS-concurrent-reset-start]
152.724: [CMS-concurrent-reset: 0.002/0.002 secs] [Times: user=0.00 sys=0.00, real=0.00 secs] 
152.858: [GC152.859: [ParNew: 306687K->34046K(306688K), 0.1808525 secs] 1456503K->1331488K(2063104K), 0.1812983 secs] [Times: user=0.64 sys=0.00, real=0.18 secs] 
153.040: [GC [1 CMS-initial-mark: 1297441K(1756416K)] 1331494K(2063104K), 0.0201422 secs] [Times: user=0.03 sys=0.00, real=0.02 secs] 
153.060: [CMS-concurrent-mark-start]
153.218: [CMS-concurrent-mark: 0.157/0.157 secs] [Times: user=0.50 sys=0.02, real=0.16 secs] 
153.218: [CMS-concurrent-preclean-start]
153.221: [CMS-concurrent-preclean: 0.003/0.003 secs] [Times: user=0.00 sys=0.00, real=0.00 secs] 
153.221: [CMS-concurrent-abortable-preclean-start]
153.314: [GC153.314: [ParNew: 306686K->34046K(306688K), 0.2519933 secs] 1604128K->1511986K(2063104K), 0.2524330 secs] [Times: user=0.87 sys=0.00, real=0.25 secs] 
153.809: [CMS-concurrent-abortable-preclean: 0.307/0.587 secs] [Times: user=1.81 sys=0.05, real=0.59 secs] 
153.809: [GC[YG occupancy: 292921 K (306688 K)]153.809: [Rescan (parallel) , 0.0710705 secs]153.880: [weak refs processing, 0.0000138 secs]153.880: [scrub string table, 0.0001863 secs] [1 CMS-remark: 1477939K(1756416K)] 1770860K(2063104K), 0.0714737 secs] [Times: user=0.25 sys=0.00, real=0.07 secs] 
153.881: [CMS-concurrent-sweep-start]
153.894: [GC153.894: [ParNew: 306686K->34046K(306688K), 0.1563396 secs] 1772453K->1609532K(2063104K), 0.1567748 secs] [Times: user=0.58 sys=0.00, real=0.16 secs] 
154.303: [GC154.303: [ParNew: 306686K->34046K(306688K), 0.2578358 secs] 1637960K->1543933K(2063104K), 0.2582916 secs] [Times: user=0.86 sys=0.00, real=0.26 secs] 
154.832: [GC154.832: [ParNew: 306686K->34046K(306688K), 0.1618050 secs] 1580269K->1426609K(2063104K), 0.1622418 secs] [Times: user=0.59 sys=0.00, real=0.16 secs] 
155.245: [GC155.246: [ParNew: 306686K->34046K(306688K), 0.2354730 secs] 1465585K->1373023K(2063104K), 0.2359101 secs] [Times: user=0.83 sys=0.00, real=0.24 secs] 
155.739: [GC155.740: [ParNew: 306686K->34046K(306688K), 0.1232003 secs] 1455908K->1271019K(2063104K), 0.1236525 secs] [Times: user=0.39 sys=0.00, real=0.12 secs] 
156.114: [GC156.114: [ParNew: 306686K->34046K(306688K), 0.2206243 secs] 1359639K->1255651K(2063104K), 0.2210544 secs] [Times: user=0.83 sys=0.00, real=0.22 secs] 
156.424: [CMS-concurrent-sweep: 1.325/2.543 secs] [Times: user=8.13 sys=0.22, real=2.54 secs] 
156.424: [CMS-concurrent-reset-start]
156.426: [CMS-concurrent-reset: 0.002/0.002 secs] [Times: user=0.00 sys=0.00, real=0.00 secs] 
156.491: [GC [1 CMS-initial-mark: 1210592K(1756416K)] 1385387K(2063104K), 0.1039337 secs] [Times: user=0.09 sys=0.00, real=0.10 secs] 
156.595: [CMS-concurrent-mark-start]
156.707: [GC156.707: [ParNew: 306686K->34046K(306688K), 0.1868875 secs] 1517278K->1376422K(2063104K), 0.1873067 secs] [Times: user=0.64 sys=0.00, real=0.19 secs] 
157.146: [GC157.146: [ParNew: 306686K->34048K(306688K), 0.2481459 secs] 1649062K->1561102K(2063104K), 0.2485789 secs] [Times: user=0.83 sys=0.00, real=0.25 secs] 
157.397: [CMS-concurrent-mark: 0.365/0.802 secs] [Times: user=2.54 sys=0.03, real=0.80 secs] 
157.397: [CMS-concurrent-preclean-start]
157.642: [CMS-concurrent-preclean: 0.219/0.245 secs] [Times: user=0.62 sys=0.00, real=0.25 secs] 
157.642: [CMS-concurrent-abortable-preclean-start]
157.654: [GC157.654: [ParNew: 306688K->34047K(306688K), 0.1466494 secs] 1833742K->1660724K(2063104K), 0.1470785 secs] [Times: user=0.53 sys=0.00, real=0.15 secs] 
157.926: [CMS-concurrent-abortable-preclean: 0.136/0.284 secs] [Times: user=1.01 sys=0.00, real=0.28 secs] 
157.926: [GC[YG occupancy: 173283 K (306688 K)]157.926: [Rescan (parallel) , 0.0466663 secs]157.973: [weak refs processing, 0.0000173 secs]157.973: [scrub string table, 0.0001806 secs] [1 CMS-remark: 1626677K(1756416K)] 1799961K(2063104K), 0.0470913 secs] [Times: user=0.17 sys=0.00, real=0.05 secs] 
157.974: [CMS-concurrent-sweep-start]
158.098: [GC158.098: [ParNew: 306687K->34047K(306688K), 0.2452601 secs] 1812232K->1715157K(2063104K), 0.2457639 secs] [Times: user=0.78 sys=0.03, real=0.25 secs] 
158.593: [GC158.593: [ParNew: 306687K->34047K(306688K), 0.1782874 secs] 1768073K->1614584K(2063104K), 0.1787422 secs] [Times: user=0.61 sys=0.00, real=0.18 secs] 
159.021: [GC159.021: [ParNew: 306687K->34047K(306688K), 0.2254627 secs] 1667160K->1566787K(2063104K), 0.2259149 secs] [Times: user=0.76 sys=0.00, real=0.23 secs] 
159.505: [GC159.506: [ParNew: 306687K->34047K(306688K), 0.2212074 secs] 1691788K->1578105K(2063104K), 0.2217331 secs] [Times: user=0.75 sys=0.00, real=0.22 secs] 
159.967: [GC159.968: [ParNew: 306687K->34046K(306688K), 0.1863548 secs] 1703294K->1571407K(2063104K), 0.1868256 secs] [Times: user=0.70 sys=0.00, real=0.19 secs] 
160.397: [CMS-concurrent-sweep: 1.326/2.424 secs] [Times: user=7.82 sys=0.30, real=2.42 secs] 
160.398: [CMS-concurrent-reset-start]
160.399: [CMS-concurrent-reset: 0.002/0.002 secs] [Times: user=0.00 sys=0.00, real=0.00 secs] 
160.407: [GC160.407: [ParNew: 306686K->34046K(306688K), 0.2163171 secs] 1676196K->1581477K(2063104K), 0.2167388 secs] [Times: user=0.70 sys=0.00, real=0.22 secs] 
160.624: [GC [1 CMS-initial-mark: 1547430K(1756416K)] 1581485K(2063104K), 0.0202332 secs] [Times: user=0.02 sys=0.00, real=0.02 secs] 
160.645: [CMS-concurrent-mark-start]
160.843: [CMS-concurrent-mark: 0.161/0.198 secs] [Times: user=0.53 sys=0.01, real=0.20 secs] 
160.843: [CMS-concurrent-preclean-start]
160.847: [CMS-concurrent-preclean: 0.003/0.003 secs] [Times: user=0.00 sys=0.00, real=0.00 secs] 
160.847: [CMS-concurrent-abortable-preclean-start]
160.915: [GC160.915: [ParNew: 306686K->34046K(306688K), 0.1529464 secs] 1854117K->1692821K(2063104K), 0.1533861 secs] [Times: user=0.58 sys=0.00, real=0.15 secs] 
161.207: [CMS-concurrent-abortable-preclean: 0.206/0.360 secs] [Times: user=1.17 sys=0.02, real=0.36 secs] 
161.208: [GC[YG occupancy: 210264 K (306688 K)]161.208: [Rescan (parallel) , 0.1188892 secs]161.327: [weak refs processing, 0.0000128 secs]161.327: [scrub string table, 0.0001706 secs] [1 CMS-remark: 1658774K(1756416K)] 1869039K(2063104K), 0.1191983 secs] [Times: user=0.39 sys=0.00, real=0.12 secs] 
161.327: [CMS-concurrent-sweep-start]
161.404: [GC161.404: [ParNew: 306686K->306686K(306688K), 0.0000225 secs]161.404: [CMS163.107: [CMS-concurrent-sweep: 1.777/1.780 secs] [Times: user=1.90 sys=0.00, real=1.78 secs] 
 (concurrent mode failure): 1587159K->160626K(1756416K), 2.3397665 secs] 1893846K->160626K(2063104K), [CMS Perm : 7357K->7357K(21248K)], 2.3402300 secs] [Times: user=2.32 sys=0.00, real=2.34 secs] 
164.023: [GC164.024: [ParNew: 272640K->34046K(306688K), 0.2256827 secs] 433266K->405459K(2063104K), 0.2261330 secs] [Times: user=0.84 sys=0.00, real=0.23 secs] 
164.544: [GC164.544: [ParNew: 306686K->34046K(306688K), 0.2784562 secs] 678099K->625628K(2063104K), 0.2788988 secs] [Times: user=0.97 sys=0.00, real=0.28 secs] 
164.823: [GC [1 CMS-initial-mark: 591581K(1756416K)] 625640K(2063104K), 0.0202570 secs] [Times: user=0.01 sys=0.00, real=0.02 secs] 
164.844: [CMS-concurrent-mark-start]
165.028: [CMS-concurrent-mark: 0.184/0.184 secs] [Times: user=0.48 sys=0.00, real=0.18 secs] 
165.028: [CMS-concurrent-preclean-start]
165.032: [CMS-concurrent-preclean: 0.004/0.004 secs] [Times: user=0.00 sys=0.00, real=0.00 secs] 
165.032: [CMS-concurrent-abortable-preclean-start]
165.066: [GC165.066: [ParNew: 306686K->34046K(306688K), 0.0963083 secs] 898268K->681153K(2063104K), 0.0967595 secs] [Times: user=0.36 sys=0.00, real=0.10 secs] 
165.388: [GC165.388: [ParNew: 306686K->34046K(306688K), 0.1039542 secs] 953793K->744501K(2063104K), 0.1044703 secs] [Times: user=0.39 sys=0.00, real=0.10 secs] 
165.596: [CMS-concurrent-abortable-preclean: 0.338/0.564 secs] [Times: user=1.62 sys=0.02, real=0.56 secs] 
165.608: [GC[YG occupancy: 132372 K (306688 K)]165.608: [Rescan (parallel) , 0.0558379 secs]165.664: [weak refs processing, 0.0000180 secs]165.664: [scrub string table, 0.0001661 secs] [1 CMS-remark: 710455K(1756416K)] 842828K(2063104K), 0.0562234 secs] [Times: user=0.20 sys=0.00, real=0.06 secs] 
165.664: [CMS-concurrent-sweep-start]
165.813: [GC165.814: [ParNew: 306686K->34046K(306688K), 0.1201291 secs] 883719K->681909K(2063104K), 0.1206284 secs] [Times: user=0.38 sys=0.00, real=0.12 secs] 
166.169: [GC166.169: [ParNew: 306686K->34046K(306688K), 0.1578210 secs] 775253K->612913K(2063104K), 0.1582979 secs] [Times: user=0.50 sys=0.00, real=0.16 secs] 
166.492: [CMS-concurrent-sweep: 0.548/0.828 secs] [Times: user=2.39 sys=0.08, real=0.83 secs] 
166.493: [CMS-concurrent-reset-start]
166.494: [CMS-concurrent-reset: 0.002/0.002 secs] [Times: user=0.00 sys=0.00, real=0.00 secs] 
166.582: [GC166.583: [ParNew: 306686K->34046K(306688K), 0.1461439 secs] 798073K->618205K(2063104K), 0.1465856 secs] [Times: user=0.48 sys=0.00, real=0.15 secs] 
166.984: [GC166.985: [ParNew: 306686K->34048K(306688K), 0.1982323 secs] 890845K->770274K(2063104K), 0.1986688 secs] [Times: user=0.66 sys=0.02, real=0.20 secs] 
167.183: [GC [1 CMS-initial-mark: 736226K(1756416K)] 770282K(2063104K), 0.0204510 secs] [Times: user=0.02 sys=0.00, real=0.02 secs] 
167.204: [CMS-concurrent-mark-start]
167.381: [CMS-concurrent-mark: 0.177/0.177 secs] [Times: user=0.55 sys=0.03, real=0.18 secs] 
167.381: [CMS-concurrent-preclean-start]
167.385: [CMS-concurrent-preclean: 0.004/0.004 secs] [Times: user=0.00 sys=0.00, real=0.00 secs] 
167.386: [CMS-concurrent-abortable-preclean-start]
167.435: [GC167.435: [ParNew: 306688K->34047K(306688K), 0.1065957 secs] 1042914K->821744K(2063104K), 0.1070950 secs] [Times: user=0.31 sys=0.00, real=0.11 secs] 
167.830: [GC167.830: [ParNew: 306687K->34047K(306688K), 0.0784445 secs] 1094384K->854746K(2063104K), 0.0788861 secs] [Times: user=0.23 sys=0.00, real=0.08 secs] 
167.955: [CMS-concurrent-abortable-preclean: 0.357/0.569 secs] [Times: user=1.37 sys=0.03, real=0.57 secs] 
167.956: [GC[YG occupancy: 92938 K (306688 K)]167.956: [Rescan (parallel) , 0.0410409 secs]167.997: [weak refs processing, 0.0000237 secs]167.997: [scrub string table, 0.0001697 secs] [1 CMS-remark: 820699K(1756416K)] 913637K(2063104K), 0.0413860 secs] [Times: user=0.09 sys=0.00, real=0.04 secs] 
167.998: [CMS-concurrent-sweep-start]
168.187: [GC168.187: [ParNew: 306687K->34048K(306688K), 0.1368642 secs] 960456K->771440K(2063104K), 0.1373174 secs] [Times: user=0.47 sys=0.00, real=0.14 secs] 
168.578: [GC168.578: [ParNew: 306688K->34048K(306688K), 0.1422064 secs] 864870K->685534K(2063104K), 0.1427363 secs] [Times: user=0.51 sys=0.00, real=0.14 secs] 
168.929: [GC168.930: [ParNew: 306688K->33623K(306688K), 0.0508398 secs] 767890K->527600K(2063104K), 0.0512186 secs] [Times: user=0.19 sys=0.00, real=0.05 secs] 
169.046: [CMS-concurrent-sweep: 0.692/1.048 secs] [Times: user=3.14 sys=0.06, real=1.05 secs] 
169.046: [CMS-concurrent-reset-start]
169.048: [CMS-concurrent-reset: 0.002/0.002 secs] [Times: user=0.00 sys=0.00, real=0.00 secs] 
169.249: [GC169.249: [ParNew: 306263K->34048K(306688K), 0.2288120 secs] 783139K->687766K(2063104K), 0.2292950 secs] [Times: user=0.81 sys=0.00, real=0.23 secs] 
169.478: [GC [1 CMS-initial-mark: 653718K(1756416K)] 687769K(2063104K), 0.0204058 secs] [Times: user=0.02 sys=0.00, real=0.02 secs] 
169.499: [CMS-concurrent-mark-start]
169.689: [CMS-concurrent-mark: 0.165/0.190 secs] [Times: user=0.53 sys=0.00, real=0.19 secs] 
169.689: [CMS-concurrent-preclean-start]
169.692: [CMS-concurrent-preclean: 0.003/0.003 secs] [Times: user=0.00 sys=0.00, real=0.00 secs] 
169.692: [CMS-concurrent-abortable-preclean-start]
169.732: [GC169.732: [ParNew: 306688K->34048K(306688K), 0.0653842 secs] 960406K->726484K(2063104K), 0.0659044 secs] [Times: user=0.26 sys=0.00, real=0.07 secs] 
170.017: [GC170.017: [ParNew: 306688K->34048K(306688K), 0.0763900 secs] 999124K->762336K(2063104K), 0.0767979 secs] [Times: user=0.16 sys=0.00, real=0.08 secs] 
170.146: [CMS-concurrent-abortable-preclean: 0.310/0.454 secs] [Times: user=1.28 sys=0.00, real=0.45 secs] 
170.154: [GC[YG occupancy: 105437 K (306688 K)]170.154: [Rescan (parallel) , 0.0213269 secs]170.176: [weak refs processing, 0.0000125 secs]170.176: [scrub string table, 0.0001742 secs] [1 CMS-remark: 728288K(1756416K)] 833726K(2063104K), 0.0216848 secs] [Times: user=0.09 sys=0.00, real=0.02 secs] 
170.178: [CMS-concurrent-sweep-start]
170.373: [GC170.374: [ParNew: 306688K->29532K(306688K), 0.0550900 secs] 885980K->636975K(2063104K), 0.0554685 secs] [Times: user=0.19 sys=0.00, real=0.06 secs] 
170.667: [GC170.667: [ParNew: 302172K->34048K(306688K), 0.0389950 secs] 769845K->514913K(2063104K), 0.0394273 secs] [Times: user=0.19 sys=0.00, real=0.04 secs] 
170.933: [GC170.934: [ParNew: 306688K->34048K(306688K), 0.0572231 secs] 683089K->445818K(2063104K), 0.0576522 secs] [Times: user=0.23 sys=0.00, real=0.06 secs] 
171.075: [CMS-concurrent-sweep: 0.721/0.898 secs] [Times: user=2.14 sys=0.02, real=0.90 secs] 
171.076: [CMS-concurrent-reset-start]
171.078: [CMS-concurrent-reset: 0.002/0.002 secs] [Times: user=0.00 sys=0.00, real=0.00 secs] 
171.228: [GC171.228: [ParNew: 306688K->34048K(306688K), 0.1491635 secs] 640148K->478028K(2063104K), 0.1495978 secs] [Times: user=0.37 sys=0.00, real=0.15 secs] 
171.650: [GC171.650: [ParNew: 306688K->34048K(306688K), 0.2466466 secs] 750668K->652334K(2063104K), 0.2470786 secs] [Times: user=0.75 sys=0.00, real=0.25 secs] 
172.151: [GC172.152: [ParNew: 306688K->34048K(306688K), 0.2158190 secs] 924974K->812006K(2063104K), 0.2162561 secs] [Times: user=0.72 sys=0.00, real=0.22 secs] 
172.368: [GC [1 CMS-initial-mark: 777958K(1756416K)] 812006K(2063104K), 0.0205126 secs] [Times: user=0.03 sys=0.00, real=0.02 secs] 
172.389: [CMS-concurrent-mark-start]
172.590: [CMS-concurrent-mark: 0.175/0.201 secs] [Times: user=0.45 sys=0.00, real=0.20 secs] 
172.590: [CMS-concurrent-preclean-start]
172.594: [CMS-concurrent-preclean: 0.004/0.004 secs] [Times: user=0.00 sys=0.00, real=0.00 secs] 
172.594: [CMS-concurrent-abortable-preclean-start]
172.659: [GC172.659: [ParNew: 306688K->34048K(306688K), 0.1702364 secs] 1084646K->906358K(2063104K), 0.1706652 secs] [Times: user=0.44 sys=0.00, real=0.17 secs] 
172.952: [CMS-concurrent-abortable-preclean: 0.179/0.357 secs] [Times: user=1.00 sys=0.03, real=0.36 secs] 
172.952: [GC[YG occupancy: 180718 K (306688 K)]172.952: [Rescan (parallel) , 0.0647087 secs]173.017: [weak refs processing, 0.0000253 secs]173.017: [scrub string table, 0.0001693 secs] [1 CMS-remark: 872310K(1756416K)] 1053028K(2063104K), 0.0651314 secs] [Times: user=0.23 sys=0.00, real=0.06 secs] 
173.017: [CMS-concurrent-sweep-start]
173.125: [GC173.125: [ParNew: 306688K->34048K(306688K), 0.1394848 secs] 1075573K->900151K(2063104K), 0.1399435 secs] [Times: user=0.44 sys=0.00, real=0.14 secs] 
173.513: [GC173.513: [ParNew: 306688K->34048K(306688K), 0.2212654 secs] 946862K->833646K(2063104K), 0.2217112 secs] [Times: user=0.72 sys=0.00, real=0.22 secs] 
173.981: [GC173.982: [ParNew: 306688K->34047K(306688K), 0.1330034 secs] 930990K->747006K(2063104K), 0.1334607 secs] [Times: user=0.41 sys=0.00, real=0.13 secs] 
174.254: [CMS-concurrent-sweep: 0.716/1.236 secs] [Times: user=3.79 sys=0.03, real=1.24 secs] 
174.254: [CMS-concurrent-reset-start]
174.256: [CMS-concurrent-reset: 0.002/0.002 secs] [Times: user=0.00 sys=0.00, real=0.00 secs] 
174.379: [GC174.379: [ParNew: 306687K->34047K(306688K), 0.2256218 secs] 934925K->839835K(2063104K), 0.2261346 secs] [Times: user=0.78 sys=0.02, real=0.23 secs] 
174.605: [GC [1 CMS-initial-mark: 805787K(1756416K)] 839837K(2063104K), 0.0201473 secs] [Times: user=0.01 sys=0.00, real=0.02 secs] 
174.626: [CMS-concurrent-mark-start]
174.827: [CMS-concurrent-mark: 0.182/0.201 secs] [Times: user=0.61 sys=0.00, real=0.20 secs] 
174.827: [CMS-concurrent-preclean-start]
174.830: [CMS-concurrent-preclean: 0.003/0.003 secs] [Times: user=0.00 sys=0.00, real=0.00 secs] 
174.831: [CMS-concurrent-abortable-preclean-start]
174.867: [GC174.867: [ParNew: 306687K->34047K(306688K), 0.1458986 secs] 1112475K->933395K(2063104K), 0.1464242 secs] [Times: user=0.42 sys=0.00, real=0.15 secs] 
175.135: [CMS-concurrent-abortable-preclean: 0.157/0.304 secs] [Times: user=0.90 sys=0.03, real=0.30 secs] 
175.135: [GC[YG occupancy: 175655 K (306688 K)]175.136: [Rescan (parallel) , 0.0506349 secs]175.186: [weak refs processing, 0.0000135 secs]175.186: [scrub string table, 0.0001818 secs] [1 CMS-remark: 899348K(1756416K)] 1075003K(2063104K), 0.0510531 secs] [Times: user=0.16 sys=0.00, real=0.05 secs] 
175.187: [CMS-concurrent-sweep-start]
175.306: [GC175.307: [ParNew: 306687K->34047K(306688K), 0.1802207 secs] 1089861K->945230K(2063104K), 0.1806614 secs] [Times: user=0.58 sys=0.00, real=0.18 secs] 
175.736: [GC175.737: [ParNew: 306687K->34046K(306688K), 0.1492321 secs] 1006742K->834110K(2063104K), 0.1496593 secs] [Times: user=0.48 sys=0.00, real=0.15 secs] 
176.121: [GC176.122: [ParNew: 306686K->34046K(306688K), 0.1581257 secs] 935022K->769710K(2063104K), 0.1585811 secs] [Times: user=0.48 sys=0.00, real=0.16 secs] 
176.473: [CMS-concurrent-sweep: 0.777/1.286 secs] [Times: user=3.81 sys=0.14, real=1.29 secs] 
176.473: [CMS-concurrent-reset-start]
176.475: [CMS-concurrent-reset: 0.002/0.002 secs] [Times: user=0.00 sys=0.00, real=0.00 secs] 
176.529: [GC176.529: [ParNew: 306686K->34046K(306688K), 0.2030992 secs] 925737K->801280K(2063104K), 0.2035399 secs] [Times: user=0.69 sys=0.00, real=0.20 secs] 
177.023: [GC177.024: [ParNew: 306686K->34046K(306688K), 0.2665883 secs] 1073920K->992653K(2063104K), 0.2670254 secs] [Times: user=0.83 sys=0.00, real=0.27 secs] 
177.291: [GC [1 CMS-initial-mark: 958606K(1756416K)] 992669K(2063104K), 0.0201354 secs] [Times: user=0.01 sys=0.00, real=0.02 secs] 
177.311: [CMS-concurrent-mark-start]
177.478: [CMS-concurrent-mark: 0.167/0.167 secs] [Times: user=0.52 sys=0.05, real=0.17 secs] 
177.478: [CMS-concurrent-preclean-start]
177.481: [CMS-concurrent-preclean: 0.003/0.003 secs] [Times: user=0.00 sys=0.00, real=0.00 secs] 
177.482: [CMS-concurrent-abortable-preclean-start]
177.571: [GC177.572: [ParNew: 306686K->34046K(306688K), 0.2227873 secs] 1265293K->1140836K(2063104K), 0.2232683 secs] [Times: user=0.72 sys=0.00, real=0.22 secs] 
177.976: [CMS-concurrent-abortable-preclean: 0.251/0.495 secs] [Times: user=1.56 sys=0.02, real=0.50 secs] 
177.976: [GC[YG occupancy: 249311 K (306688 K)]177.977: [Rescan (parallel) , 0.1388148 secs]178.115: [weak refs processing, 0.0000138 secs]178.115: [scrub string table, 0.0001668 secs] [1 CMS-remark: 1106789K(1756416K)] 1356101K(2063104K), 0.1391991 secs] [Times: user=0.44 sys=0.00, real=0.14 secs] 
178.116: [CMS-concurrent-sweep-start]
178.166: [GC178.166: [ParNew: 306686K->34046K(306688K), 0.1654718 secs] 1364443K->1205822K(2063104K), 0.1659192 secs] [Times: user=0.56 sys=0.00, real=0.17 secs] 
178.594: [GC178.594: [ParNew: 306686K->34046K(306688K), 0.2087824 secs] 1250678K->1121736K(2063104K), 0.2092272 secs] [Times: user=0.73 sys=0.00, real=0.21 secs] 
179.030: [GC179.031: [ParNew: 306686K->34046K(306688K), 0.1313026 secs] 1185819K->1000647K(2063104K), 0.1319562 secs] [Times: user=0.48 sys=0.00, real=0.13 secs] 
179.393: [GC179.393: [ParNew: 306686K->34046K(306688K), 0.1261169 secs] 1087315K->903378K(2063104K), 0.1265877 secs] [Times: user=0.45 sys=0.00, real=0.13 secs] 
179.772: [CMS-concurrent-sweep: 0.968/1.656 secs] [Times: user=5.13 sys=0.08, real=1.66 secs] 
179.772: [CMS-concurrent-reset-start]
179.775: [GC179.776: [ParNew: 306686K->34048K(306688K), 0.1404050 secs] 1075482K->890338K(2063104K), 0.1411237 secs] [Times: user=0.39 sys=0.00, real=0.14 secs] 
179.917: [CMS-concurrent-reset: 0.003/0.145 secs] [Times: user=0.39 sys=0.00, real=0.14 secs] 
180.178: [GC180.178: [ParNew: 306688K->34047K(306688K), 0.2207828 secs] 1162978K->1055487K(2063104K), 0.2212068 secs] [Times: user=0.69 sys=0.00, real=0.22 secs] 
180.399: [GC [1 CMS-initial-mark: 1021439K(1756416K)] 1055493K(2063104K), 0.0202531 secs] [Times: user=0.03 sys=0.00, real=0.02 secs] 
180.420: [CMS-concurrent-mark-start]
180.620: [CMS-concurrent-mark: 0.175/0.200 secs] [Times: user=0.48 sys=0.00, real=0.20 secs] 
180.620: [CMS-concurrent-preclean-start]
180.623: [CMS-concurrent-preclean: 0.003/0.003 secs] [Times: user=0.03 sys=0.00, real=0.00 secs] 
180.623: [CMS-concurrent-abortable-preclean-start]
180.667: [GC180.667: [ParNew: 306687K->34047K(306688K), 0.1103638 secs] 1328127K->1129070K(2063104K), 0.1108285 secs] [Times: user=0.39 sys=0.00, real=0.11 secs] 
181.024: [GC181.024: [ParNew: 306687K->34047K(306688K), 0.2241368 secs] 1401710K->1277736K(2063104K), 0.2245801 secs] [Times: user=0.78 sys=0.00, real=0.22 secs] 
181.428: [CMS-concurrent-abortable-preclean: 0.468/0.805 secs] [Times: user=2.54 sys=0.09, real=0.81 secs] 
181.429: [GC[YG occupancy: 237153 K (306688 K)]181.429: [Rescan (parallel) , 0.0758085 secs]181.505: [weak refs processing, 0.0000176 secs]181.505: [scrub string table, 0.0001758 secs] [1 CMS-remark: 1243689K(1756416K)] 1480842K(2063104K), 0.0762171 secs] [Times: user=0.23 sys=0.00, real=0.08 secs] 
181.505: [CMS-concurrent-sweep-start]
181.580: [GC181.581: [ParNew: 306687K->34047K(306688K), 0.1624631 secs] 1500485K->1339744K(2063104K), 0.1629403 secs] [Times: user=0.55 sys=0.00, real=0.16 secs] 
181.980: [GC181.981: [ParNew: 306687K->34046K(306688K), 0.1898115 secs] 1385073K->1245738K(2063104K), 0.1903163 secs] [Times: user=0.64 sys=0.00, real=0.19 secs] 
182.409: [GC182.409: [ParNew: 306686K->34046K(306688K), 0.1752473 secs] 1340316K->1193095K(2063104K), 0.1756768 secs] [Times: user=0.55 sys=0.00, real=0.18 secs] 
182.840: [GC182.840: [ParNew: 306686K->34046K(306688K), 0.1557655 secs] 1320789K->1159396K(2063104K), 0.1562296 secs] [Times: user=0.52 sys=0.00, real=0.16 secs] 
183.236: [GC183.236: [ParNew: 306686K->34046K(306688K), 0.1837076 secs] 1206969K->1061003K(2063104K), 0.1841454 secs] [Times: user=0.61 sys=0.00, real=0.18 secs] 
183.488: [CMS-concurrent-sweep: 1.067/1.983 secs] [Times: user=6.19 sys=0.17, real=1.98 secs] 
183.489: [CMS-concurrent-reset-start]
183.491: [CMS-concurrent-reset: 0.002/0.002 secs] [Times: user=0.00 sys=0.00, real=0.00 secs] 
183.578: [GC [1 CMS-initial-mark: 1018912K(1756416K)] 1194577K(2063104K), 0.1051319 secs] [Times: user=0.11 sys=0.00, real=0.11 secs] 
183.683: [CMS-concurrent-mark-start]
183.793: [GC183.793: [ParNew: 306686K->34046K(306688K), 0.2052250 secs] 1325599K->1194100K(2063104K), 0.2056595 secs] [Times: user=0.70 sys=0.00, real=0.21 secs] 
184.235: [GC184.235: [ParNew: 306686K->34046K(306688K), 0.1688951 secs] 1466740K->1310382K(2063104K), 0.1693781 secs] [Times: user=0.56 sys=0.00, real=0.17 secs] 
184.595: [CMS-concurrent-mark: 0.518/0.912 secs] [Times: user=2.86 sys=0.05, real=0.91 secs] 
184.595: [CMS-concurrent-preclean-start]
184.602: [CMS-concurrent-preclean: 0.007/0.007 secs] [Times: user=0.05 sys=0.00, real=0.01 secs] 
184.603: [CMS-concurrent-abortable-preclean-start]
184.649: [GC184.649: [ParNew: 306686K->34046K(306688K), 0.1555612 secs] 1583022K->1407903K(2063104K), 0.1560763 secs] [Times: user=0.53 sys=0.00, real=0.16 secs] 
185.052: [GC185.052: [ParNew: 306686K->34046K(306688K), 0.2118109 secs] 1680543K->1550252K(2063104K), 0.2122449 secs] [Times: user=0.73 sys=0.00, real=0.21 secs] 
185.442: [CMS-concurrent-abortable-preclean: 0.469/0.839 secs] [Times: user=2.62 sys=0.03, real=0.84 secs] 
185.442: [GC[YG occupancy: 239211 K (306688 K)]185.442: [Rescan (parallel) , 0.1369543 secs]185.579: [weak refs processing, 0.0000362 secs]185.579: [scrub string table, 0.0001674 secs] [1 CMS-remark: 1516205K(1756416K)] 1755416K(2063104K), 0.1373732 secs] [Times: user=0.44 sys=0.00, real=0.14 secs] 
185.580: [CMS-concurrent-sweep-start]
185.660: [GC185.660: [ParNew: 306686K->34046K(306688K), 0.1415304 secs] 1774300K->1598886K(2063104K), 0.1419906 secs] [Times: user=0.50 sys=0.00, real=0.14 secs] 
186.045: [GC186.046: [ParNew: 306686K->34046K(306688K), 0.2224733 secs] 1643144K->1519427K(2063104K), 0.2229232 secs] [Times: user=0.70 sys=0.00, real=0.22 secs] 
186.502: [GC186.502: [ParNew: 306686K->34046K(306688K), 0.1595988 secs] 1601152K->1430200K(2063104K), 0.1600692 secs] [Times: user=0.52 sys=0.00, real=0.16 secs] 
186.909: [GC186.909: [ParNew: 306686K->34048K(306688K), 0.1131656 secs] 1529702K->1333808K(2063104K), 0.1136832 secs] [Times: user=0.36 sys=0.00, real=0.11 secs] 
187.269: [GC187.269: [ParNew: 306688K->34047K(306688K), 0.2057105 secs] 1477534K->1349659K(2063104K), 0.2061823 secs] [Times: user=0.65 sys=0.00, real=0.21 secs] 
187.690: [CMS-concurrent-sweep: 1.184/2.110 secs] [Times: user=6.38 sys=0.13, real=2.11 secs] 
187.690: [CMS-concurrent-reset-start]
187.692: [CMS-concurrent-reset: 0.002/0.002 secs] [Times: user=0.00 sys=0.00, real=0.00 secs] 
187.741: [GC187.741: [ParNew: 306687K->34047K(306688K), 0.1573287 secs] 1558272K->1404777K(2063104K), 0.1577472 secs] [Times: user=0.48 sys=0.00, real=0.16 secs] 
187.899: [GC [1 CMS-initial-mark: 1370729K(1756416K)] 1404789K(2063104K), 0.0205405 secs] [Times: user=0.01 sys=0.00, real=0.02 secs] 
187.920: [CMS-concurrent-mark-start]
188.085: [CMS-concurrent-mark: 0.165/0.165 secs] [Times: user=0.53 sys=0.05, real=0.17 secs] 
188.085: [CMS-concurrent-preclean-start]
188.089: [CMS-concurrent-preclean: 0.003/0.003 secs] [Times: user=0.00 sys=0.00, real=0.00 secs] 
188.089: [CMS-concurrent-abortable-preclean-start]
188.163: [GC188.163: [ParNew: 306687K->34047K(306688K), 0.2133055 secs] 1677417K->1552899K(2063104K), 0.2137356 secs] [Times: user=0.73 sys=0.00, real=0.21 secs] 
188.556: [CMS-concurrent-abortable-preclean: 0.252/0.467 secs] [Times: user=1.45 sys=0.08, real=0.47 secs] 
188.556: [GC[YG occupancy: 233865 K (306688 K)]188.556: [Rescan (parallel) , 0.0897088 secs]188.646: [weak refs processing, 0.0000125 secs]188.646: [scrub string table, 0.0001645 secs] [1 CMS-remark: 1518852K(1756416K)] 1752717K(2063104K), 0.0900818 secs] [Times: user=0.33 sys=0.00, real=0.09 secs] 
188.646: [CMS-concurrent-sweep-start]
188.723: [GC188.724: [ParNew: 306687K->34047K(306688K), 0.1744872 secs] 1771457K->1622802K(2063104K), 0.1749994 secs] [Times: user=0.59 sys=0.00, real=0.18 secs] 
189.139: [GC189.139: [ParNew: 306687K->34046K(306688K), 0.1941656 secs] 1664358K->1527733K(2063104K), 0.1946085 secs] [Times: user=0.65 sys=0.00, real=0.19 secs] 
189.564: [GC189.564: [ParNew: 306686K->34046K(306688K), 0.1283488 secs] 1597685K->1413891K(2063104K), 0.1287856 secs] [Times: user=0.41 sys=0.02, real=0.13 secs] 
189.954: [GC189.954: [ParNew: 306686K->34046K(306688K), 0.1485294 secs] 1499335K->1331222K(2063104K), 0.1489647 secs] [Times: user=0.48 sys=0.00, real=0.15 secs] 
190.350: [GC190.350: [ParNew: 306686K->34046K(306688K), 0.2316985 secs] 1395668K->1279426K(2063104K), 0.2321520 secs] [Times: user=0.76 sys=0.00, real=0.23 secs] 
190.835: [GC190.836: [ParNew: 306686K->34046K(306688K), 0.1636292 secs] 1387473K->1230151K(2063104K), 0.1640962 secs] [Times: user=0.59 sys=0.00, real=0.17 secs] 
191.155: [CMS-concurrent-sweep: 1.392/2.509 secs] [Times: user=7.86 sys=0.22, real=2.51 secs] 
191.155: [CMS-concurrent-reset-start]
191.158: [CMS-concurrent-reset: 0.002/0.002 secs] [Times: user=0.00 sys=0.00, real=0.00 secs] 
191.257: [GC191.257: [ParNew: 306686K->34046K(306688K), 0.2166124 secs] 1366189K->1256559K(2063104K), 0.2170852 secs] [Times: user=0.70 sys=0.00, real=0.22 secs] 
191.474: [GC [1 CMS-initial-mark: 1222513K(1756416K)] 1256565K(2063104K), 0.0207095 secs] [Times: user=0.02 sys=0.00, real=0.02 secs] 
191.495: [CMS-concurrent-mark-start]
191.693: [CMS-concurrent-mark: 0.170/0.198 secs] [Times: user=0.58 sys=0.02, real=0.20 secs] 
191.693: [CMS-concurrent-preclean-start]
191.696: [CMS-concurrent-preclean: 0.003/0.003 secs] [Times: user=0.00 sys=0.00, real=0.00 secs] 
191.697: [CMS-concurrent-abortable-preclean-start]
191.755: [GC191.755: [ParNew: 306686K->34046K(306688K), 0.1525849 secs] 1529199K->1360708K(2063104K), 0.1530083 secs] [Times: user=0.58 sys=0.00, real=0.15 secs] 
192.038: [CMS-concurrent-abortable-preclean: 0.188/0.341 secs] [Times: user=1.19 sys=0.00, real=0.34 secs] 
192.038: [GC[YG occupancy: 184556 K (306688 K)]192.039: [Rescan (parallel) , 0.0555464 secs]192.094: [weak refs processing, 0.0000128 secs]192.094: [scrub string table, 0.0001758 secs] [1 CMS-remark: 1326662K(1756416K)] 1511218K(2063104K), 0.0559595 secs] [Times: user=0.23 sys=0.00, real=0.06 secs] 
192.095: [CMS-concurrent-sweep-start]
192.205: [GC192.205: [ParNew: 306686K->34046K(306688K), 0.1900565 secs] 1525240K->1391726K(2063104K), 0.1904889 secs] [Times: user=0.61 sys=0.00, real=0.19 secs] 
192.650: [GC192.650: [ParNew: 306686K->34046K(306688K), 0.1472822 secs] 1445774K->1278944K(2063104K), 0.1478479 secs] [Times: user=0.53 sys=0.00, real=0.15 secs] 
193.032: [GC193.032: [ParNew: 306686K->34046K(306688K), 0.1428982 secs] 1329480K->1158507K(2063104K), 0.1433444 secs] [Times: user=0.45 sys=0.00, real=0.14 secs] 
193.421: [GC193.421: [ParNew: 306686K->34048K(306688K), 0.2217000 secs] 1219454K->1097264K(2063104K), 0.2221551 secs] [Times: user=0.78 sys=0.00, real=0.22 secs] 
193.902: [GC193.902: [ParNew: 306688K->34047K(306688K), 0.1591841 secs] 1222199K->1059661K(2063104K), 0.1596908 secs] [Times: user=0.56 sys=0.00, real=0.16 secs] 
194.302: [CMS-concurrent-sweep: 1.284/2.207 secs] [Times: user=6.93 sys=0.23, real=2.21 secs] 
194.302: [CMS-concurrent-reset-start]
194.304: [CMS-concurrent-reset: 0.002/0.002 secs] [Times: user=0.06 sys=0.00, real=0.00 secs] 
194.312: [GC194.312: [ParNew: 306687K->34047K(306688K), 0.2110358 secs] 1206886K->1101513K(2063104K), 0.2114594 secs] [Times: user=0.73 sys=0.00, real=0.21 secs] 
194.524: [GC [1 CMS-initial-mark: 1067466K(1756416K)] 1102016K(2063104K), 0.0205556 secs] [Times: user=0.02 sys=0.00, real=0.02 secs] 
194.545: [CMS-concurrent-mark-start]
194.741: [CMS-concurrent-mark: 0.171/0.196 secs] [Times: user=0.61 sys=0.05, real=0.20 secs] 
194.741: [CMS-concurrent-preclean-start]
194.744: [CMS-concurrent-preclean: 0.003/0.003 secs] [Times: user=0.00 sys=0.00, real=0.00 secs] 
194.744: [CMS-concurrent-abortable-preclean-start]
194.804: [GC194.804: [ParNew: 306687K->34047K(306688K), 0.1722146 secs] 1374153K->1220088K(2063104K), 0.1727505 secs] [Times: user=0.58 sys=0.00, real=0.17 secs] 
195.125: [CMS-concurrent-abortable-preclean: 0.207/0.381 secs] [Times: user=1.22 sys=0.05, real=0.38 secs] 
195.125: [GC[YG occupancy: 207648 K (306688 K)]195.126: [Rescan (parallel) , 0.0436378 secs]195.169: [weak refs processing, 0.0000125 secs]195.169: [scrub string table, 0.0001671 secs] [1 CMS-remark: 1186041K(1756416K)] 1393689K(2063104K), 0.0440217 secs] [Times: user=0.16 sys=0.00, real=0.04 secs] 
195.170: [CMS-concurrent-sweep-start]
195.260: [GC195.261: [ParNew: 306687K->34047K(306688K), 0.1866268 secs] 1404350K->1266601K(2063104K), 0.1870787 secs] [Times: user=0.61 sys=0.00, real=0.19 secs] 
195.703: [GC195.703: [ParNew: 306687K->34047K(306688K), 0.1384306 secs] 1332478K->1156751K(2063104K), 0.1390172 secs] [Times: user=0.45 sys=0.00, real=0.14 secs] 
196.085: [GC196.086: [ParNew: 306687K->34046K(306688K), 0.1914331 secs] 1305862K->1172819K(2063104K), 0.1919004 secs] [Times: user=0.64 sys=0.00, real=0.19 secs] 
196.521: [GC196.521: [ParNew: 306686K->34046K(306688K), 0.2037641 secs] 1302961K->1175725K(2063104K), 0.2042708 secs] [Times: user=0.67 sys=0.00, real=0.20 secs] 
196.978: [GC196.979: [ParNew: 306686K->34046K(306688K), 0.1474252 secs] 1287070K->1118152K(2063104K), 0.1478678 secs] [Times: user=0.48 sys=0.00, real=0.15 secs] 
197.286: [CMS-concurrent-sweep: 1.193/2.117 secs] [Times: user=6.74 sys=0.17, real=2.12 secs] 
197.287: [CMS-concurrent-reset-start]
197.289: [CMS-concurrent-reset: 0.002/0.002 secs] [Times: user=0.00 sys=0.00, real=0.00 secs] 
197.388: [GC197.388: [ParNew: 306686K->34046K(306688K), 0.2410567 secs] 1234874K->1146703K(2063104K), 0.2414865 secs] [Times: user=0.77 sys=0.00, real=0.24 secs] 
197.630: [GC [1 CMS-initial-mark: 1112657K(1756416K)] 1146703K(2063104K), 0.0201059 secs] [Times: user=0.01 sys=0.00, real=0.02 secs] 
197.650: [CMS-concurrent-mark-start]
197.836: [CMS-concurrent-mark: 0.166/0.186 secs] [Times: user=0.59 sys=0.00, real=0.19 secs] 
197.836: [CMS-concurrent-preclean-start]
197.839: [CMS-concurrent-preclean: 0.003/0.003 secs] [Times: user=0.00 sys=0.00, real=0.00 secs] 
197.839: [CMS-concurrent-abortable-preclean-start]
197.898: [GC197.898: [ParNew: 306686K->34046K(306688K), 0.1604185 secs] 1419343K->1254908K(2063104K), 0.1608781 secs] [Times: user=0.56 sys=0.00, real=0.16 secs] 
198.197: [CMS-concurrent-abortable-preclean: 0.195/0.357 secs] [Times: user=1.20 sys=0.03, real=0.36 secs] 
198.197: [GC[YG occupancy: 190010 K (306688 K)]198.197: [Rescan (parallel) , 0.0467382 secs]198.244: [weak refs processing, 0.0000138 secs]198.244: [scrub string table, 0.0001921 secs] [1 CMS-remark: 1220862K(1756416K)] 1410873K(2063104K), 0.0471763 secs] [Times: user=0.19 sys=0.00, real=0.05 secs] 
198.244: [CMS-concurrent-sweep-start]
198.340: [GC198.340: [ParNew: 306686K->34046K(306688K), 0.2088055 secs] 1439602K->1316697K(2063104K), 0.2092776 secs] [Times: user=0.75 sys=0.00, real=0.21 secs] 
198.810: [GC198.811: [ParNew: 306686K->34046K(306688K), 0.1585269 secs] 1401774K->1242764K(2063104K), 0.1589515 secs] [Times: user=0.59 sys=0.00, real=0.16 secs] 
199.204: [GC199.205: [ParNew: 306686K->34046K(306688K), 0.1800129 secs] 1301550K->1160839K(2063104K), 0.1804641 secs] [Times: user=0.61 sys=0.00, real=0.18 secs] 
199.634: [GC199.634: [ParNew: 306686K->34046K(306688K), 0.2094819 secs] 1215621K->1090890K(2063104K), 0.2098433 secs] [Times: user=0.73 sys=0.00, real=0.21 secs] 
200.080: [GC200.080: [ParNew: 306686K->34048K(306688K), 0.1373585 secs] 1218400K->1040675K(2063104K), 0.1377956 secs] [Times: user=0.44 sys=0.00, real=0.14 secs] 
200.400: [CMS-concurrent-sweep: 1.227/2.156 secs] [Times: user=6.91 sys=0.11, real=2.16 secs] 
200.400: [CMS-concurrent-reset-start]
200.403: [CMS-concurrent-reset: 0.003/0.003 secs] [Times: user=0.05 sys=0.01, real=0.00 secs] 
200.475: [GC200.476: [ParNew: 306688K->34047K(306688K), 0.2363123 secs] 1244162K->1146613K(2063104K), 0.2367328 secs] [Times: user=0.78 sys=0.00, real=0.24 secs] 
200.713: [GC [1 CMS-initial-mark: 1112565K(1756416K)] 1146615K(2063104K), 0.0200694 secs] [Times: user=0.03 sys=0.00, real=0.02 secs] 
200.733: [CMS-concurrent-mark-start]
200.911: [CMS-concurrent-mark: 0.160/0.178 secs] [Times: user=0.33 sys=0.00, real=0.18 secs] 
200.911: [CMS-concurrent-preclean-start]
200.914: [CMS-concurrent-preclean: 0.002/0.002 secs] [Times: user=0.00 sys=0.00, real=0.00 secs] 
200.914: [CMS-concurrent-abortable-preclean-start]
200.962: [GC200.963: [ParNew: 306687K->34047K(306688K), 0.0587760 secs] 1419253K->1179448K(2063104K), 0.0592347 secs] [Times: user=0.22 sys=0.00, real=0.06 secs] 
201.184: [CMS-concurrent-abortable-preclean: 0.210/0.270 secs] [Times: user=0.89 sys=0.05, real=0.27 secs] 
201.184: [GC[YG occupancy: 215568 K (306688 K)]201.184: [Rescan (parallel) , 0.0928297 secs]201.277: [weak refs processing, 0.0000122 secs]201.277: [scrub string table, 0.0001636 secs] [1 CMS-remark: 1145401K(1756416K)] 1360970K(2063104K), 0.0932034 secs] [Times: user=0.36 sys=0.00, real=0.09 secs] 
201.278: [CMS-concurrent-sweep-start]
201.361: [GC201.362: [ParNew: 306687K->34048K(306688K), 0.2156936 secs] 1370080K->1249612K(2063104K), 0.2161205 secs] [Times: user=0.76 sys=0.00, real=0.22 secs] 
201.834: [GC201.834: [ParNew: 306688K->34048K(306688K), 0.1384402 secs] 1310134K->1138254K(2063104K), 0.1388963 secs] [Times: user=0.47 sys=0.00, real=0.14 secs] 
202.217: [GC202.218: [ParNew: 306688K->34048K(306688K), 0.1901499 secs] 1256377K->1125823K(2063104K), 0.1905921 secs] [Times: user=0.55 sys=0.00, real=0.19 secs] 
202.656: [GC202.657: [ParNew: 306688K->34048K(306688K), 0.2113937 secs] 1291970K->1162940K(2063104K), 0.2118061 secs] [Times: user=0.66 sys=0.00, real=0.21 secs] 
203.103: [GC203.103: [ParNew: 306688K->34048K(306688K), 0.1262907 secs] 1284714K->1096088K(2063104K), 0.1268404 secs] [Times: user=0.42 sys=0.00, real=0.13 secs] 
203.466: [CMS-concurrent-sweep: 1.260/2.188 secs] [Times: user=6.65 sys=0.25, real=2.19 secs] 
203.466: [CMS-concurrent-reset-start]
203.468: [CMS-concurrent-reset: 0.002/0.002 secs] [Times: user=0.00 sys=0.00, real=0.00 secs] 
203.479: [GC203.479: [ParNew: 306688K->34048K(306688K), 0.2130444 secs] 1149594K->1041580K(2063104K), 0.2134646 secs] [Times: user=0.67 sys=0.00, real=0.21 secs] 
203.694: [GC [1 CMS-initial-mark: 1007532K(1756416K)] 1041617K(2063104K), 0.0205594 secs] [Times: user=0.02 sys=0.01, real=0.02 secs] 
203.715: [CMS-concurrent-mark-start]
203.897: [CMS-concurrent-mark: 0.163/0.182 secs] [Times: user=0.59 sys=0.02, real=0.18 secs] 
203.897: [CMS-concurrent-preclean-start]
203.901: [CMS-concurrent-preclean: 0.003/0.003 secs] [Times: user=0.00 sys=0.00, real=0.00 secs] 
203.901: [CMS-concurrent-abortable-preclean-start]
203.963: [GC203.964: [ParNew: 306688K->34048K(306688K), 0.1738265 secs] 1314220K->1151988K(2063104K), 0.1742819 secs] [Times: user=0.48 sys=0.00, real=0.17 secs] 
204.280: [CMS-concurrent-abortable-preclean: 0.204/0.379 secs] [Times: user=1.11 sys=0.00, real=0.38 secs] 
204.280: [GC[YG occupancy: 189375 K (306688 K)]204.281: [Rescan (parallel) , 0.0326201 secs]204.313: [weak refs processing, 0.0000231 secs]204.313: [scrub string table, 0.0002024 secs] [1 CMS-remark: 1117940K(1756416K)] 1307315K(2063104K), 0.0330806 secs] [Times: user=0.13 sys=0.00, real=0.03 secs] 
204.314: [CMS-concurrent-sweep-start]
204.421: [GC204.421: [ParNew: 306688K->34046K(306688K), 0.2278328 secs] 1327413K->1223578K(2063104K), 0.2282918 secs] [Times: user=0.78 sys=0.00, real=0.23 secs] 
204.897: [GC204.898: [ParNew: 306686K->34046K(306688K), 0.1425769 secs] 1327424K->1154801K(2063104K), 0.1430163 secs] [Times: user=0.48 sys=0.00, real=0.14 secs] 
205.283: [GC205.284: [ParNew: 306686K->34046K(306688K), 0.1975707 secs] 1227143K->1094557K(2063104K), 0.1980091 secs] [Times: user=0.65 sys=0.00, real=0.20 secs] 
205.734: [GC205.735: [ParNew: 306686K->34046K(306688K), 0.1762595 secs] 1172320K->1017861K(2063104K), 0.1769032 secs] [Times: user=0.62 sys=0.00, real=0.18 secs] 
206.144: [GC206.144: [ParNew: 306686K->34046K(306688K), 0.1609641 secs] 1139503K->981895K(2063104K), 0.1614339 secs] [Times: user=0.55 sys=0.01, real=0.16 secs] 
206.361: [CMS-concurrent-sweep: 1.092/2.047 secs] [Times: user=6.35 sys=0.13, real=2.05 secs] 
206.361: [CMS-concurrent-reset-start]
206.364: [CMS-concurrent-reset: 0.003/0.003 secs] [Times: user=0.06 sys=0.00, real=0.00 secs] 
206.582: [GC206.583: [ParNew: 306686K->34048K(306688K), 0.2663567 secs] 1253853K->1195747K(2063104K), 0.2667861 secs] [Times: user=0.89 sys=0.00, real=0.27 secs] 
206.850: [GC [1 CMS-initial-mark: 1161699K(1756416K)] 1195750K(2063104K), 0.0203821 secs] [Times: user=0.02 sys=0.00, real=0.02 secs] 
206.870: [CMS-concurrent-mark-start]
207.072: [CMS-concurrent-mark: 0.180/0.202 secs] [Times: user=0.61 sys=0.00, real=0.20 secs] 
207.073: [CMS-concurrent-preclean-start]
207.076: [CMS-concurrent-preclean: 0.003/0.003 secs] [Times: user=0.00 sys=0.00, real=0.00 secs] 
207.076: [CMS-concurrent-abortable-preclean-start]
207.120: [GC207.120: [ParNew: 306688K->34047K(306688K), 0.1418084 secs] 1468387K->1291131K(2063104K), 0.1422578 secs] [Times: user=0.47 sys=0.01, real=0.14 secs] 
207.391: [CMS-concurrent-abortable-preclean: 0.172/0.315 secs] [Times: user=1.01 sys=0.03, real=0.32 secs] 
207.392: [GC[YG occupancy: 173355 K (306688 K)]207.392: [Rescan (parallel) , 0.0294356 secs]207.421: [weak refs processing, 0.0000131 secs]207.421: [scrub string table, 0.0001774 secs] [1 CMS-remark: 1257084K(1756416K)] 1430440K(2063104K), 0.0298340 secs] [Times: user=0.06 sys=0.00, real=0.03 secs] 
207.422: [CMS-concurrent-sweep-start]
207.544: [GC207.544: [ParNew: 306687K->34047K(306688K), 0.1867656 secs] 1445765K->1315057K(2063104K), 0.1872457 secs] [Times: user=0.66 sys=0.00, real=0.19 secs] 
207.994: [GC207.994: [ParNew: 306687K->34047K(306688K), 0.1896210 secs] 1358435K->1205129K(2063104K), 0.1901079 secs] [Times: user=0.56 sys=0.00, real=0.19 secs] 
208.430: [GC208.430: [ParNew: 306687K->34047K(306688K), 0.2063857 secs] 1279400K->1156182K(2063104K), 0.2068571 secs] [Times: user=0.69 sys=0.01, real=0.21 secs] 
208.889: [GC208.889: [ParNew: 306687K->34047K(306688K), 0.1208921 secs] 1253237K->1068314K(2063104K), 0.1213321 secs] [Times: user=0.42 sys=0.00, real=0.12 secs] 
209.251: [GC209.251: [ParNew: 306687K->34046K(306688K), 0.1893333 secs] 1162411K->1024087K(2063104K), 0.1897900 secs] [Times: user=0.64 sys=0.00, real=0.19 secs] 
209.516: [CMS-concurrent-sweep: 1.146/2.094 secs] [Times: user=6.52 sys=0.22, real=2.10 secs] 
209.516: [CMS-concurrent-reset-start]
209.518: [CMS-concurrent-reset: 0.002/0.002 secs] [Times: user=0.00 sys=0.00, real=0.00 secs] 
209.706: [GC209.706: [ParNew: 306686K->34046K(306688K), 0.2369130 secs] 1223454K->1136151K(2063104K), 0.2373415 secs] [Times: user=0.81 sys=0.00, real=0.24 secs] 
209.943: [GC [1 CMS-initial-mark: 1102104K(1756416K)] 1136238K(2063104K), 0.0202326 secs] [Times: user=0.02 sys=0.00, real=0.02 secs] 
209.964: [CMS-concurrent-mark-start]
210.175: [CMS-concurrent-mark: 0.188/0.211 secs] [Times: user=0.56 sys=0.03, real=0.21 secs] 
210.175: [CMS-concurrent-preclean-start]
210.179: [CMS-concurrent-preclean: 0.003/0.003 secs] [Times: user=0.00 sys=0.00, real=0.00 secs] 
210.179: [CMS-concurrent-abortable-preclean-start]
210.209: [GC210.209: [ParNew: 306686K->34046K(306688K), 0.1363617 secs] 1408791K->1227599K(2063104K), 0.1368498 secs] [Times: user=0.42 sys=0.00, real=0.14 secs] 
210.596: [GC210.596: [ParNew: 306686K->34046K(306688K), 0.2288184 secs] 1500239K->1391355K(2063104K), 0.2292478 secs] [Times: user=0.84 sys=0.00, real=0.23 secs] 
211.043: [CMS-concurrent-abortable-preclean: 0.476/0.864 secs] [Times: user=2.85 sys=0.02, real=0.86 secs] 
211.043: [GC[YG occupancy: 273617 K (306688 K)]211.043: [Rescan (parallel) , 0.0870042 secs]211.130: [weak refs processing, 0.0000125 secs]211.130: [scrub string table, 0.0001668 secs] [1 CMS-remark: 1357308K(1756416K)] 1630926K(2063104K), 0.0873951 secs] [Times: user=0.28 sys=0.00, real=0.09 secs] 
211.131: [CMS-concurrent-sweep-start]
211.158: [GC211.158: [ParNew: 306686K->34046K(306688K), 0.1377019 secs] 1637709K->1459941K(2063104K), 0.1381715 secs] [Times: user=0.48 sys=0.00, real=0.14 secs] 
211.536: [GC211.536: [ParNew: 306686K->34046K(306688K), 0.1614538 secs] 1503371K->1340850K(2063104K), 0.1619682 secs] [Times: user=0.55 sys=0.00, real=0.16 secs] 
211.959: [GC211.959: [ParNew: 306686K->34046K(306688K), 0.1718361 secs] 1412435K->1256057K(2063104K), 0.1722681 secs] [Times: user=0.58 sys=0.00, real=0.17 secs] 
212.379: [GC212.379: [ParNew: 306686K->34046K(306688K), 0.2023427 secs] 1346861K->1225491K(2063104K), 0.2028330 secs] [Times: user=0.69 sys=0.00, real=0.20 secs] 
212.838: [GC212.838: [ParNew: 306686K->34046K(306688K), 0.1724789 secs] 1312326K->1157645K(2063104K), 0.1729606 secs] [Times: user=0.53 sys=0.00, real=0.17 secs] 
213.199: [CMS-concurrent-sweep: 1.163/2.069 secs] [Times: user=6.47 sys=0.25, real=2.07 secs] 
213.200: [CMS-concurrent-reset-start]
213.202: [CMS-concurrent-reset: 0.002/0.002 secs] [Times: user=0.00 sys=0.00, real=0.00 secs] 
213.260: [GC213.261: [ParNew: 306686K->34046K(306688K), 0.1805094 secs] 1341176K->1210298K(2063104K), 0.1809792 secs] [Times: user=0.59 sys=0.00, real=0.18 secs] 
213.442: [GC [1 CMS-initial-mark: 1176251K(1756416K)] 1210316K(2063104K), 0.0201168 secs] [Times: user=0.03 sys=0.00, real=0.02 secs] 
213.462: [CMS-concurrent-mark-start]
213.628: [CMS-concurrent-mark: 0.166/0.166 secs] [Times: user=0.52 sys=0.02, real=0.17 secs] 
213.628: [CMS-concurrent-preclean-start]
213.631: [CMS-concurrent-preclean: 0.003/0.003 secs] [Times: user=0.05 sys=0.00, real=0.00 secs] 
213.631: [CMS-concurrent-abortable-preclean-start]
213.705: [GC213.705: [ParNew: 306686K->34046K(306688K), 0.2181256 secs] 1482938K->1359102K(2063104K), 0.2185554 secs] [Times: user=0.70 sys=0.00, real=0.22 secs] 
214.132: [CMS-concurrent-abortable-preclean: 0.260/0.501 secs] [Times: user=1.54 sys=0.01, real=0.50 secs] 
214.133: [GC[YG occupancy: 266058 K (306688 K)]214.133: [Rescan (parallel) , 0.0481634 secs]214.181: [weak refs processing, 0.0000164 secs]214.181: [scrub string table, 0.0001831 secs] [1 CMS-remark: 1325056K(1756416K)] 1591115K(2063104K), 0.0485913 secs] [Times: user=0.19 sys=0.00, real=0.05 secs] 
214.182: [CMS-concurrent-sweep-start]
214.219: [GC214.219: [ParNew: 306686K->34048K(306688K), 0.1355480 secs] 1599573K->1402776K(2063104K), 0.1361663 secs] [Times: user=0.50 sys=0.00, real=0.14 secs] 
214.604: [GC214.605: [ParNew: 306688K->34047K(306688K), 0.2265272 secs] 1438113K->1325857K(2063104K), 0.2270310 secs] [Times: user=0.73 sys=0.00, real=0.23 secs] 
215.073: [GC215.073: [ParNew: 306687K->34047K(306688K), 0.1247006 secs] 1396753K->1207757K(2063104K), 0.1251939 secs] [Times: user=0.38 sys=0.00, real=0.13 secs] 
215.440: [GC215.440: [ParNew: 306687K->34047K(306688K), 0.1701341 secs] 1289142K->1136712K(2063104K), 0.1706671 secs] [Times: user=0.61 sys=0.00, real=0.17 secs] 
215.871: [GC215.871: [ParNew: 306687K->34047K(306688K), 0.1753131 secs] 1287497K->1140483K(2063104K), 0.1757569 secs] [Times: user=0.55 sys=0.00, real=0.18 secs] 
216.273: [CMS-concurrent-sweep: 1.213/2.091 secs] [Times: user=6.52 sys=0.20, real=2.09 secs] 
216.274: [CMS-concurrent-reset-start]
216.275: [CMS-concurrent-reset: 0.002/0.002 secs] [Times: user=0.00 sys=0.00, real=0.00 secs] 
216.280: [GC216.281: [ParNew: 306687K->34047K(306688K), 0.1439467 secs] 1210613K->1047058K(2063104K), 0.1444149 secs] [Times: user=0.47 sys=0.00, real=0.14 secs] 
216.425: [GC [1 CMS-initial-mark: 1013011K(1756416K)] 1047071K(2063104K), 0.0202159 secs] [Times: user=0.02 sys=0.00, real=0.02 secs] 
216.446: [CMS-concurrent-mark-start]
216.613: [CMS-concurrent-mark: 0.167/0.167 secs] [Times: user=0.55 sys=0.06, real=0.17 secs] 
216.613: [CMS-concurrent-preclean-start]
216.616: [CMS-concurrent-preclean: 0.003/0.003 secs] [Times: user=0.00 sys=0.00, real=0.00 secs] 
216.616: [CMS-concurrent-abortable-preclean-start]
216.693: [GC216.693: [ParNew: 306687K->34046K(306688K), 0.2320692 secs] 1319698K->1208902K(2063104K), 0.2325217 secs] [Times: user=0.81 sys=0.00, real=0.23 secs] 
217.151: [CMS-concurrent-abortable-preclean: 0.281/0.535 secs] [Times: user=1.61 sys=0.03, real=0.54 secs] 
217.151: [GC[YG occupancy: 287874 K (306688 K)]217.151: [Rescan (parallel) , 0.0504822 secs]217.202: [weak refs processing, 0.0000125 secs]217.202: [scrub string table, 0.0001722 secs] [1 CMS-remark: 1174855K(1756416K)] 1462730K(2063104K), 0.0508844 secs] [Times: user=0.19 sys=0.00, real=0.05 secs] 
217.202: [CMS-concurrent-sweep-start]
217.217: [GC217.218: [ParNew: 306686K->34046K(306688K), 0.0911120 secs] 1467700K->1257016K(2063104K), 0.0915969 secs] [Times: user=0.33 sys=0.00, real=0.09 secs] 
217.561: [GC217.561: [ParNew: 306686K->34046K(306688K), 0.2218222 secs] 1291414K->1184380K(2063104K), 0.2222507 secs] [Times: user=0.81 sys=0.00, real=0.22 secs] 
218.039: [GC218.039: [ParNew: 306686K->34046K(306688K), 0.1459438 secs] 1279513K->1109725K(2063104K), 0.1464072 secs] [Times: user=0.44 sys=0.00, real=0.15 secs] 
218.428: [GC218.428: [ParNew: 306686K->34046K(306688K), 0.2050951 secs] 1222058K->1092003K(2063104K), 0.2055912 secs] [Times: user=0.67 sys=0.00, real=0.21 secs] 
218.890: [GC218.890: [ParNew: 306686K->34046K(306688K), 0.1786598 secs] 1173167K->1024863K(2063104K), 0.1790934 secs] [Times: user=0.51 sys=0.02, real=0.18 secs] 
219.205: [CMS-concurrent-sweep: 1.109/2.003 secs] [Times: user=6.05 sys=0.30, real=2.01 secs] 
219.206: [CMS-concurrent-reset-start]
219.208: [CMS-concurrent-reset: 0.002/0.002 secs] [Times: user=0.00 sys=0.00, real=0.00 secs] 
219.323: [GC219.323: [ParNew: 306686K->34046K(306688K), 0.1931300 secs] 1259791K->1138264K(2063104K), 0.1935912 secs] [Times: user=0.70 sys=0.00, real=0.19 secs] 
219.517: [GC [1 CMS-initial-mark: 1104218K(1756416K)] 1138298K(2063104K), 0.0201867 secs] [Times: user=0.02 sys=0.00, real=0.02 secs] 
219.537: [CMS-concurrent-mark-start]
219.701: [CMS-concurrent-mark: 0.164/0.164 secs] [Times: user=0.56 sys=0.02, real=0.16 secs] 
219.701: [CMS-concurrent-preclean-start]
219.705: [CMS-concurrent-preclean: 0.003/0.003 secs] [Times: user=0.00 sys=0.00, real=0.00 secs] 
219.705: [CMS-concurrent-abortable-preclean-start]
219.786: [GC219.786: [ParNew: 306686K->34046K(306688K), 0.2392107 secs] 1410904K->1303420K(2063104K), 0.2396764 secs] [Times: user=0.73 sys=0.00, real=0.24 secs] 
220.249: [CMS-concurrent-abortable-preclean: 0.280/0.544 secs] [Times: user=1.61 sys=0.02, real=0.54 secs] 
220.250: [GC[YG occupancy: 269456 K (306688 K)]220.250: [Rescan (parallel) , 0.0465948 secs]220.297: [weak refs processing, 0.0000282 secs]220.297: [scrub string table, 0.0001681 secs] [1 CMS-remark: 1269374K(1756416K)] 1538830K(2063104K), 0.0470881 secs] [Times: user=0.19 sys=0.00, real=0.05 secs] 
220.297: [CMS-concurrent-sweep-start]
220.333: [GC220.333: [ParNew: 306686K->34046K(306688K), 0.1397481 secs] 1541418K->1368413K(2063104K), 0.1401744 secs] [Times: user=0.45 sys=0.00, real=0.14 secs] 
220.723: [GC220.723: [ParNew: 306686K->34046K(306688K), 0.2296577 secs] 1408406K->1306519K(2063104K), 0.2301689 secs] [Times: user=0.76 sys=0.00, real=0.23 secs] 
221.212: [GC221.212: [ParNew: 306686K->34048K(306688K), 0.1303491 secs] 1395212K->1203735K(2063104K), 0.1308183 secs] [Times: user=0.41 sys=0.00, real=0.13 secs] 
221.590: [GC221.590: [ParNew: 306688K->34047K(306688K), 0.2116211 secs] 1284857K->1162273K(2063104K), 0.2121204 secs] [Times: user=0.70 sys=0.00, real=0.21 secs] 
222.054: [GC222.054: [ParNew: 306687K->34047K(306688K), 0.1726690 secs] 1320620K->1167536K(2063104K), 0.1730937 secs] [Times: user=0.64 sys=0.00, real=0.17 secs] 
222.392: [CMS-concurrent-sweep: 1.160/2.095 secs] [Times: user=6.36 sys=0.28, real=2.10 secs] 
222.392: [CMS-concurrent-reset-start]
222.394: [CMS-concurrent-reset: 0.002/0.002 secs] [Times: user=0.00 sys=0.00, real=0.00 secs] 
222.480: [GC222.480: [ParNew: 306687K->34047K(306688K), 0.2100412 secs] 1280655K->1170756K(2063104K), 0.2105759 secs] [Times: user=0.69 sys=0.00, real=0.21 secs] 
222.691: [GC [1 CMS-initial-mark: 1136709K(1756416K)] 1170761K(2063104K), 0.0201053 secs] [Times: user=0.03 sys=0.00, real=0.02 secs] 
222.711: [CMS-concurrent-mark-start]
222.893: [CMS-concurrent-mark: 0.164/0.182 secs] [Times: user=0.47 sys=0.01, real=0.18 secs] 
222.893: [CMS-concurrent-preclean-start]
222.896: [CMS-concurrent-preclean: 0.003/0.003 secs] [Times: user=0.00 sys=0.00, real=0.00 secs] 
222.896: [CMS-concurrent-abortable-preclean-start]
222.964: [GC222.964: [ParNew: 306687K->34047K(306688K), 0.1627723 secs] 1443396K->1279655K(2063104K), 0.1632059 secs] [Times: user=0.55 sys=0.00, real=0.16 secs] 
223.273: [CMS-concurrent-abortable-preclean: 0.207/0.376 secs] [Times: user=1.30 sys=0.02, real=0.38 secs] 
223.273: [GC[YG occupancy: 211037 K (306688 K)]223.273: [Rescan (parallel) , 0.0470377 secs]223.320: [weak refs processing, 0.0000141 secs]223.320: [scrub string table, 0.0001857 secs] [1 CMS-remark: 1245608K(1756416K)] 1456645K(2063104K), 0.0474841 secs] [Times: user=0.16 sys=0.00, real=0.05 secs] 
223.321: [CMS-concurrent-sweep-start]
223.410: [GC223.411: [ParNew: 306687K->34047K(306688K), 0.1598579 secs] 1466401K->1305788K(2063104K), 0.1603079 secs] [Times: user=0.58 sys=0.00, real=0.16 secs] 
223.816: [GC223.816: [ParNew: 306687K->34046K(306688K), 0.2045531 secs] 1344587K->1222080K(2063104K), 0.2049771 secs] [Times: user=0.70 sys=0.00, real=0.21 secs] 
224.252: [GC224.252: [ParNew: 306686K->34046K(306688K), 0.0838480 secs] 1304735K->1082374K(2063104K), 0.0842951 secs] [Times: user=0.30 sys=0.00, real=0.08 secs] 
224.591: [GC224.591: [ParNew: 306686K->34046K(306688K), 0.2444583 secs] 1154633K->1057016K(2063104K), 0.2449041 secs] [Times: user=0.83 sys=0.00, real=0.24 secs] 
225.098: [GC225.098: [ParNew: 306686K->34046K(306688K), 0.1510387 secs] 1140569K->973974K(2063104K), 0.1514967 secs] [Times: user=0.52 sys=0.00, real=0.15 secs] 
225.398: [CMS-concurrent-sweep: 1.178/2.077 secs] [Times: user=6.52 sys=0.14, real=2.08 secs] 
225.398: [CMS-concurrent-reset-start]
225.400: [CMS-concurrent-reset: 0.002/0.002 secs] [Times: user=0.00 sys=0.00, real=0.00 secs] 
225.507: [GC225.508: [ParNew: 306686K->34046K(306688K), 0.2093234 secs] 1195786K->1089218K(2063104K), 0.2097474 secs] [Times: user=0.64 sys=0.00, real=0.21 secs] 
225.718: [GC [1 CMS-initial-mark: 1055172K(1756416K)] 1089222K(2063104K), 0.0202429 secs] [Times: user=0.03 sys=0.00, real=0.02 secs] 
225.738: [CMS-concurrent-mark-start]
225.928: [CMS-concurrent-mark: 0.161/0.190 secs] [Times: user=0.55 sys=0.01, real=0.19 secs] 
225.928: [CMS-concurrent-preclean-start]
225.932: [CMS-concurrent-preclean: 0.004/0.004 secs] [Times: user=0.00 sys=0.00, real=0.00 secs] 
225.932: [CMS-concurrent-abortable-preclean-start]
226.001: [GC226.001: [ParNew: 306686K->34046K(306688K), 0.1672556 secs] 1361858K->1206877K(2063104K), 0.1676831 secs] [Times: user=0.59 sys=0.00, real=0.17 secs] 
226.318: [CMS-concurrent-abortable-preclean: 0.217/0.386 secs] [Times: user=1.25 sys=0.05, real=0.39 secs] 
226.318: [GC[YG occupancy: 211066 K (306688 K)]226.318: [Rescan (parallel) , 0.0367631 secs]226.355: [weak refs processing, 0.0000119 secs]226.355: [scrub string table, 0.0001677 secs] [1 CMS-remark: 1172830K(1756416K)] 1383896K(2063104K), 0.0371807 secs] [Times: user=0.13 sys=0.00, real=0.04 secs] 
226.356: [CMS-concurrent-sweep-start]
226.444: [GC226.444: [ParNew: 306686K->34046K(306688K), 0.1769667 secs] 1393821K->1249134K(2063104K), 0.1774189 secs] [Times: user=0.61 sys=0.00, real=0.18 secs] 
226.886: [GC226.886: [ParNew: 306686K->34046K(306688K), 0.2166509 secs] 1290033K->1176726K(2063104K), 0.2171198 secs] [Times: user=0.73 sys=0.00, real=0.22 secs] 
227.327: [GC227.328: [ParNew: 306686K->34046K(306688K), 0.1282131 secs] 1281299K->1095110K(2063104K), 0.1286971 secs] [Times: user=0.47 sys=0.00, real=0.13 secs] 
227.707: [GC227.708: [ParNew: 306686K->34046K(306688K), 0.2357867 secs] 1234269K->1131665K(2063104K), 0.2362443 secs] [Times: user=0.80 sys=0.00, real=0.24 secs] 
228.172: [GC228.172: [ParNew: 306686K->34045K(306688K), 0.0584977 secs] 1279354K->1039542K(2063104K), 0.0588905 secs] [Times: user=0.16 sys=0.00, real=0.06 secs] 
228.365: [CMS-concurrent-sweep: 1.149/2.010 secs] [Times: user=6.10 sys=0.13, real=2.01 secs] 
228.365: [CMS-concurrent-reset-start]
228.367: [CMS-concurrent-reset: 0.002/0.002 secs] [Times: user=0.00 sys=0.00, real=0.00 secs] 
228.457: [GC228.457: [ParNew: 306685K->34048K(306688K), 0.1127519 secs] 1186817K->990569K(2063104K), 0.1131993 secs] [Times: user=0.37 sys=0.00, real=0.11 secs] 
228.571: [GC [1 CMS-initial-mark: 956521K(1756416K)] 990573K(2063104K), 0.0204821 secs] [Times: user=0.02 sys=0.00, real=0.02 secs] 
228.591: [CMS-concurrent-mark-start]
228.750: [CMS-concurrent-mark: 0.158/0.158 secs] [Times: user=0.48 sys=0.00, real=0.16 secs] 
228.750: [CMS-concurrent-preclean-start]
228.752: [CMS-concurrent-preclean: 0.002/0.002 secs] [Times: user=0.00 sys=0.00, real=0.00 secs] 
228.752: [CMS-concurrent-abortable-preclean-start]
228.811: [GC228.811: [ParNew: 306688K->29365K(306688K), 0.0540897 secs] 1263209K->1018717K(2063104K), 0.0545708 secs] [Times: user=0.19 sys=0.00, real=0.05 secs] 
229.099: [GC229.100: [ParNew: 302005K->27206K(306688K), 0.0328067 secs] 1291357K->1042785K(2063104K), 0.0332452 secs] [Times: user=0.12 sys=0.00, real=0.03 secs] 
229.172: [CMS-concurrent-abortable-preclean: 0.309/0.420 secs] [Times: user=1.06 sys=0.02, real=0.42 secs] 
229.190: [GC[YG occupancy: 99316 K (306688 K)]229.190: [Rescan (parallel) , 0.0237698 secs]229.214: [weak refs processing, 0.0000160 secs]229.214: [scrub string table, 0.0002437 secs] [1 CMS-remark: 1015579K(1756416K)] 1114896K(2063104K), 0.0241906 secs] [Times: user=0.06 sys=0.00, real=0.02 secs] 
229.215: [CMS-concurrent-sweep-start]
229.375: [GC229.375: [ParNew: 299846K->21212K(306688K), 0.0108762 secs] 1199534K->920900K(2063104K), 0.0112653 secs] [Times: user=0.00 sys=0.00, real=0.01 secs] 
229.609: [GC229.609: [ParNew: 293852K->34048K(306688K), 0.0325777 secs] 1109107K->859897K(2063104K), 0.0329770 secs] [Times: user=0.13 sys=0.00, real=0.03 secs] 
229.858: [GC229.858: [ParNew: 306688K->29179K(306688K), 0.0503825 secs] 1057213K->813579K(2063104K), 0.0507635 secs] [Times: user=0.11 sys=0.00, real=0.05 secs] 
230.147: [GC230.147: [ParNew: 301819K->26197K(306688K), 0.0347474 secs] 990682K->733279K(2063104K), 0.0351121 secs] [Times: user=0.08 sys=0.00, real=0.04 secs] 
230.388: [GC230.388: [ParNew: 298837K->34048K(306688K), 0.0309716 secs] 929601K->668249K(2063104K), 0.0313523 secs] [Times: user=0.09 sys=0.00, real=0.03 secs] 
230.632: [GC230.632: [ParNew: 306688K->34048K(306688K), 0.0513004 secs] 813917K->575383K(2063104K), 0.0517635 secs] [Times: user=0.19 sys=0.00, real=0.05 secs] 
230.894: [GC230.894: [ParNew: 306688K->34048K(306688K), 0.0435075 secs] 755205K->509699K(2063104K), 0.0438876 secs] [Times: user=0.13 sys=0.00, real=0.04 secs] 
231.173: [GC231.173: [ParNew: 306688K->24511K(306688K), 0.0495024 secs] 686131K->427494K(2063104K), 0.0498822 secs] [Times: user=0.13 sys=0.00, real=0.05 secs] 
231.303: [CMS-concurrent-sweep: 1.736/2.088 secs] [Times: user=5.51 sys=0.01, real=2.09 secs] 
231.303: [CMS-concurrent-reset-start]
231.305: [CMS-concurrent-reset: 0.002/0.002 secs] [Times: user=0.00 sys=0.00, real=0.00 secs] 
231.444: [GC231.445: [ParNew: 297151K->34048K(306688K), 0.1297324 secs] 699958K->518424K(2063104K), 0.1302205 secs] [Times: user=0.42 sys=0.00, real=0.13 secs] 
231.829: [GC231.829: [ParNew: 306688K->34048K(306688K), 0.2323441 secs] 791064K->700462K(2063104K), 0.2327972 secs] [Times: user=0.83 sys=0.00, real=0.23 secs] 
232.062: [GC [1 CMS-initial-mark: 666414K(1756416K)] 700472K(2063104K), 0.0203779 secs] [Times: user=0.02 sys=0.00, real=0.02 secs] 
232.082: [CMS-concurrent-mark-start]
232.282: [CMS-concurrent-mark: 0.173/0.200 secs] [Times: user=0.53 sys=0.03, real=0.20 secs] 
232.282: [CMS-concurrent-preclean-start]
232.286: [CMS-concurrent-preclean: 0.003/0.003 secs] [Times: user=0.00 sys=0.00, real=0.00 secs] 
232.286: [CMS-concurrent-abortable-preclean-start]
232.321: [GC232.321: [ParNew: 306688K->34048K(306688K), 0.1145537 secs] 973102K->773875K(2063104K), 0.1150181 secs] [Times: user=0.36 sys=0.00, real=0.12 secs] 
232.680: [GC232.680: [ParNew: 306688K->34048K(306688K), 0.2249611 secs] 1046515K->928652K(2063104K), 0.2253992 secs] [Times: user=0.73 sys=0.00, real=0.23 secs] 
233.048: [CMS-concurrent-abortable-preclean: 0.393/0.762 secs] [Times: user=2.39 sys=0.06, real=0.76 secs] 
233.049: [GC[YG occupancy: 187111 K (306688 K)]233.049: [Rescan (parallel) , 0.0548209 secs]233.104: [weak refs processing, 0.0000128 secs]233.104: [scrub string table, 0.0001677 secs] [1 CMS-remark: 894604K(1756416K)] 1081716K(2063104K), 0.0552270 secs] [Times: user=0.23 sys=0.00, real=0.06 secs] 
233.104: [CMS-concurrent-sweep-start]
233.208: [GC233.209: [ParNew: 306688K->34048K(306688K), 0.1307253 secs] 1143851K->956026K(2063104K), 0.1312590 secs] [Times: user=0.44 sys=0.00, real=0.13 secs] 
233.581: [GC233.582: [ParNew: 306688K->34048K(306688K), 0.2071669 secs] 1100791K->973558K(2063104K), 0.2076057 secs] [Times: user=0.66 sys=0.00, real=0.21 secs] 
234.039: [GC234.039: [ParNew: 306688K->34048K(306688K), 0.1739901 secs] 1111203K->961508K(2063104K), 0.1744615 secs] [Times: user=0.53 sys=0.00, real=0.17 secs] 
234.452: [GC234.452: [ParNew: 306688K->34046K(306688K), 0.1853583 secs] 1076937K->934390K(2063104K), 0.1857900 secs] [Times: user=0.62 sys=0.00, real=0.19 secs] 
234.644: [CMS-concurrent-sweep: 0.817/1.540 secs] [Times: user=4.70 sys=0.05, real=1.54 secs] 
234.644: [CMS-concurrent-reset-start]
234.646: [CMS-concurrent-reset: 0.002/0.002 secs] [Times: user=0.06 sys=0.00, real=0.00 secs] 
234.920: [GC234.920: [ParNew: 306686K->34046K(306688K), 0.2981843 secs] 1202163K->1164153K(2063104K), 0.2986237 secs] [Times: user=1.00 sys=0.00, real=0.30 secs] 
235.219: [GC [1 CMS-initial-mark: 1130107K(1756416K)] 1164311K(2063104K), 0.0201973 secs] [Times: user=0.03 sys=0.00, real=0.02 secs] 
235.240: [CMS-concurrent-mark-start]
235.434: [CMS-concurrent-mark: 0.164/0.194 secs] [Times: user=0.44 sys=0.08, real=0.19 secs] 
235.434: [CMS-concurrent-preclean-start]
235.437: [CMS-concurrent-preclean: 0.003/0.003 secs] [Times: user=0.00 sys=0.00, real=0.00 secs] 
235.437: [CMS-concurrent-abortable-preclean-start]
235.490: [GC235.490: [ParNew: 306686K->34046K(306688K), 0.1247596 secs] 1436793K->1242134K(2063104K), 0.1252221 secs] [Times: user=0.44 sys=0.00, real=0.13 secs] 
235.857: [GC235.857: [ParNew: 306686K->34046K(306688K), 0.2159797 secs] 1514774K->1383367K(2063104K), 0.2164412 secs] [Times: user=0.73 sys=0.00, real=0.22 secs] 
236.264: [CMS-concurrent-abortable-preclean: 0.463/0.827 secs] [Times: user=2.61 sys=0.08, real=0.83 secs] 
236.265: [GC[YG occupancy: 250683 K (306688 K)]236.265: [Rescan (parallel) , 0.0508899 secs]236.316: [weak refs processing, 0.0000128 secs]236.316: [scrub string table, 0.0001652 secs] [1 CMS-remark: 1349321K(1756416K)] 1600005K(2063104K), 0.0512728 secs] [Times: user=0.23 sys=0.00, real=0.05 secs] 
236.317: [CMS-concurrent-sweep-start]
236.361: [GC236.361: [ParNew: 306686K->34046K(306688K), 0.0957406 secs] 1624163K->1413085K(2063104K), 0.0962095 secs] [Times: user=0.31 sys=0.00, real=0.10 secs] 
236.702: [GC236.703: [ParNew: 306686K->34048K(306688K), 0.1986143 secs] 1486208K->1358396K(2063104K), 0.1990809 secs] [Times: user=0.69 sys=0.00, real=0.20 secs] 
237.162: [GC237.163: [ParNew: 306688K->34047K(306688K), 0.1627274 secs] 1445184K->1287530K(2063104K), 0.1631809 secs] [Times: user=0.55 sys=0.00, real=0.16 secs] 
237.567: [GC237.567: [ParNew: 306687K->34047K(306688K), 0.1692236 secs] 1405843K->1246692K(2063104K), 0.1698445 secs] [Times: user=0.56 sys=0.00, real=0.17 secs] 
238.011: [GC238.011: [ParNew: 306687K->34047K(306688K), 0.2157606 secs] 1339386K->1223129K(2063104K), 0.2162093 secs] [Times: user=0.75 sys=0.00, real=0.22 secs] 
238.456: [GC238.456: [ParNew: 306687K->34047K(306688K), 0.1356535 secs] 1315161K->1139993K(2063104K), 0.1361849 secs] [Times: user=0.47 sys=0.00, real=0.14 secs] 
238.610: [CMS-concurrent-sweep: 1.259/2.293 secs] [Times: user=7.30 sys=0.09, real=2.29 secs] 
238.610: [CMS-concurrent-reset-start]
238.614: [CMS-concurrent-reset: 0.004/0.004 secs] [Times: user=0.00 sys=0.00, real=0.00 secs] 
238.872: [GC238.872: [ParNew: 306687K->34046K(306688K), 0.2799729 secs] 1410450K->1353235K(2063104K), 0.2803981 secs] [Times: user=0.97 sys=0.00, real=0.28 secs] 
239.153: [GC [1 CMS-initial-mark: 1319188K(1756416K)] 1353277K(2063104K), 0.0203843 secs] [Times: user=0.02 sys=0.00, real=0.02 secs] 
239.174: [CMS-concurrent-mark-start]
239.373: [CMS-concurrent-mark: 0.177/0.199 secs] [Times: user=0.55 sys=0.00, real=0.20 secs] 
239.373: [CMS-concurrent-preclean-start]
239.377: [CMS-concurrent-preclean: 0.003/0.003 secs] [Times: user=0.00 sys=0.00, real=0.00 secs] 
239.377: [CMS-concurrent-abortable-preclean-start]
239.423: [GC239.423: [ParNew: 306686K->34046K(306688K), 0.1492405 secs] 1625875K->1448139K(2063104K), 0.1496706 secs] [Times: user=0.50 sys=0.00, real=0.15 secs] 
239.822: [GC239.822: [ParNew: 306686K->34046K(306688K), 0.2589641 secs] 1720779K->1618527K(2063104K), 0.2594054 secs] [Times: user=0.95 sys=0.00, real=0.26 secs] 
240.314: [CMS-concurrent-abortable-preclean: 0.500/0.937 secs] [Times: user=3.09 sys=0.06, real=0.94 secs] 
240.314: [GC[YG occupancy: 300798 K (306688 K)]240.314: [Rescan (parallel) , 0.0748496 secs]240.389: [weak refs processing, 0.0000128 secs]240.389: [scrub string table, 0.0001825 secs] [1 CMS-remark: 1584480K(1756416K)] 1885279K(2063104K), 0.0752694 secs] [Times: user=0.28 sys=0.00, real=0.08 secs] 
240.391: [CMS-concurrent-sweep-start]
240.395: [GC240.395: [ParNew: 306686K->306686K(306688K), 0.0000221 secs]240.395: [CMS241.948: [CMS-concurrent-sweep: 1.554/1.558 secs] [Times: user=1.56 sys=0.00, real=1.56 secs] 
 (concurrent mode failure): 1581313K->170220K(1756416K), 2.2387113 secs] 1887999K->170220K(2063104K), [CMS Perm : 7366K->7366K(21248K)], 2.2392014 secs] [Times: user=2.25 sys=0.00, real=2.24 secs] 
242.923: [GC242.923: [ParNew: 272640K->34046K(306688K), 0.2354688 secs] 442860K->419936K(2063104K), 0.2358874 secs] [Times: user=0.80 sys=0.00, real=0.24 secs] 
243.451: [GC243.451: [ParNew: 306686K->34046K(306688K), 0.2762487 secs] 692576K->615002K(2063104K), 0.2766852 secs] [Times: user=0.84 sys=0.00, real=0.28 secs] 
244.029: [GC244.030: [ParNew: 306686K->34046K(306688K), 0.2947070 secs] 887642K->833081K(2063104K), 0.2951708 secs] [Times: user=0.97 sys=0.00, real=0.29 secs] 
244.325: [GC [1 CMS-initial-mark: 799035K(1756416K)] 833135K(2063104K), 0.0203025 secs] [Times: user=0.02 sys=0.00, real=0.02 secs] 
244.345: [CMS-concurrent-mark-start]
244.529: [CMS-concurrent-mark: 0.183/0.184 secs] [Times: user=0.56 sys=0.01, real=0.18 secs] 
244.530: [CMS-concurrent-preclean-start]
244.533: [CMS-concurrent-preclean: 0.004/0.004 secs] [Times: user=0.00 sys=0.00, real=0.00 secs] 
244.533: [CMS-concurrent-abortable-preclean-start]
244.576: [GC244.576: [ParNew: 306686K->34046K(306688K), 0.1727579 secs] 1105721K->942548K(2063104K), 0.1732415 secs] [Times: user=0.58 sys=0.00, real=0.17 secs] 
244.886: [CMS-concurrent-abortable-preclean: 0.179/0.352 secs] [Times: user=1.17 sys=0.02, real=0.35 secs] 
244.886: [GC[YG occupancy: 189350 K (306688 K)]244.886: [Rescan (parallel) , 0.0610948 secs]244.947: [weak refs processing, 0.0000305 secs]244.947: [scrub string table, 0.0001629 secs] [1 CMS-remark: 908502K(1756416K)] 1097852K(2063104K), 0.0614980 secs] [Times: user=0.23 sys=0.00, real=0.06 secs] 
244.948: [CMS-concurrent-sweep-start]
245.070: [GC245.070: [ParNew: 306686K->34046K(306688K), 0.1527225 secs] 1125095K->963081K(2063104K), 0.1531757 secs] [Times: user=0.53 sys=0.00, real=0.15 secs] 
245.457: [GC245.458: [ParNew: 306686K->34046K(306688K), 0.1782739 secs] 1009646K->852815K(2063104K), 0.1787245 secs] [Times: user=0.55 sys=0.00, real=0.18 secs] 
245.884: [GC245.884: [ParNew: 306686K->34046K(306688K), 0.2038523 secs] 925280K->802132K(2063104K), 0.2042946 secs] [Times: user=0.66 sys=0.00, real=0.20 secs] 
246.295: [CMS-concurrent-sweep: 0.762/1.347 secs] [Times: user=4.15 sys=0.03, real=1.35 secs] 
246.295: [CMS-concurrent-reset-start]
246.297: [CMS-concurrent-reset: 0.002/0.002 secs] [Times: user=0.00 sys=0.00, real=0.00 secs] 
246.338: [GC246.338: [ParNew: 306686K->34046K(306688K), 0.1349133 secs] 981398K->806243K(2063104K), 0.1354149 secs] [Times: user=0.36 sys=0.00, real=0.14 secs] 
246.474: [GC [1 CMS-initial-mark: 772197K(1756416K)] 806651K(2063104K), 0.0205674 secs] [Times: user=0.02 sys=0.00, real=0.02 secs] 
246.495: [CMS-concurrent-mark-start]
246.658: [CMS-concurrent-mark: 0.163/0.163 secs] [Times: user=0.52 sys=0.05, real=0.16 secs] 
246.658: [CMS-concurrent-preclean-start]
246.661: [CMS-concurrent-preclean: 0.003/0.003 secs] [Times: user=0.00 sys=0.00, real=0.00 secs] 
246.661: [CMS-concurrent-abortable-preclean-start]
246.738: [GC246.738: [ParNew: 306686K->34048K(306688K), 0.2090637 secs] 1078883K->948978K(2063104K), 0.2095306 secs] [Times: user=0.67 sys=0.00, real=0.21 secs] 
247.147: [CMS-concurrent-abortable-preclean: 0.251/0.486 secs] [Times: user=1.45 sys=0.05, real=0.49 secs] 
247.147: [GC[YG occupancy: 249660 K (306688 K)]247.147: [Rescan (parallel) , 0.0449091 secs]247.192: [weak refs processing, 0.0000138 secs]247.192: [scrub string table, 0.0002989 secs] [1 CMS-remark: 914930K(1756416K)] 1164591K(2063104K), 0.0454450 secs] [Times: user=0.19 sys=0.00, real=0.05 secs] 
247.193: [CMS-concurrent-sweep-start]
247.244: [GC247.244: [ParNew: 306688K->34047K(306688K), 0.1625612 secs] 1172484K->1009983K(2063104K), 0.1630083 secs] [Times: user=0.53 sys=0.00, real=0.16 secs] 
247.645: [GC247.645: [ParNew: 306687K->34047K(306688K), 0.1903789 secs] 1078997K->934487K(2063104K), 0.1908372 secs] [Times: user=0.61 sys=0.00, real=0.19 secs] 
248.079: [GC248.079: [ParNew: 306687K->34047K(306688K), 0.1174738 secs] 1060965K->864597K(2063104K), 0.1179299 secs] [Times: user=0.36 sys=0.00, real=0.12 secs] 
248.430: [GC248.430: [ParNew: 306687K->34047K(306688K), 0.1358168 secs] 954307K->777282K(2063104K), 0.1362844 secs] [Times: user=0.47 sys=0.00, real=0.14 secs] 
248.594: [CMS-concurrent-sweep: 0.767/1.401 secs] [Times: user=4.26 sys=0.11, real=1.40 secs] 
248.594: [CMS-concurrent-reset-start]
248.596: [CMS-concurrent-reset: 0.003/0.003 secs] [Times: user=0.00 sys=0.00, real=0.00 secs] 
248.839: [GC248.839: [ParNew: 306687K->34046K(306688K), 0.2421930 secs] 1046622K->964309K(2063104K), 0.2426427 secs] [Times: user=0.73 sys=0.00, real=0.24 secs] 
249.082: [GC [1 CMS-initial-mark: 930262K(1756416K)] 964347K(2063104K), 0.0200844 secs] [Times: user=0.02 sys=0.00, real=0.02 secs] 
249.102: [CMS-concurrent-mark-start]
249.290: [CMS-concurrent-mark: 0.168/0.188 secs] [Times: user=0.42 sys=0.02, real=0.19 secs] 
249.290: [CMS-concurrent-preclean-start]
249.294: [CMS-concurrent-preclean: 0.003/0.003 secs] [Times: user=0.05 sys=0.02, real=0.00 secs] 
249.294: [CMS-concurrent-abortable-preclean-start]
249.341: [GC249.341: [ParNew: 306686K->34046K(306688K), 0.1156028 secs] 1236949K->1039827K(2063104K), 0.1160364 secs] [Times: user=0.39 sys=0.00, real=0.12 secs] 
249.692: [GC249.692: [ParNew: 306686K->34046K(306688K), 0.1553790 secs] 1312467K->1139296K(2063104K), 0.1558268 secs] [Times: user=0.55 sys=0.00, real=0.16 secs] 
249.968: [CMS-concurrent-abortable-preclean: 0.401/0.674 secs] [Times: user=2.04 sys=0.06, real=0.67 secs] 
249.968: [GC[YG occupancy: 172975 K (306688 K)]249.968: [Rescan (parallel) , 0.0960591 secs]250.064: [weak refs processing, 0.0000128 secs]250.064: [scrub string table, 0.0001674 secs] [1 CMS-remark: 1105249K(1756416K)] 1278225K(2063104K), 0.0964519 secs] [Times: user=0.34 sys=0.00, real=0.10 secs] 
250.065: [CMS-concurrent-sweep-start]
250.202: [GC250.202: [ParNew: 306686K->34046K(306688K), 0.1577931 secs] 1308030K->1137464K(2063104K), 0.1582376 secs] [Times: user=0.50 sys=0.00, real=0.16 secs] 
250.600: [GC250.600: [ParNew: 306686K->34046K(306688K), 0.1856367 secs] 1185832K->1039988K(2063104K), 0.1861531 secs] [Times: user=0.59 sys=0.00, real=0.19 secs] 
251.055: [GC251.055: [ParNew: 306686K->34046K(306688K), 0.2074719 secs] 1110997K->989256K(2063104K), 0.2079245 secs] [Times: user=0.75 sys=0.00, real=0.21 secs] 
251.525: [GC251.525: [ParNew: 306686K->34046K(306688K), 0.0613755 secs] 1101054K->861658K(2063104K), 0.0617725 secs] [Times: user=0.16 sys=0.00, real=0.06 secs] 
251.721: [CMS-concurrent-sweep: 0.990/1.656 secs] [Times: user=4.63 sys=0.17, real=1.66 secs] 
251.721: [CMS-concurrent-reset-start]
251.723: [CMS-concurrent-reset: 0.002/0.002 secs] [Times: user=0.00 sys=0.00, real=0.00 secs] 
251.816: [GC251.817: [ParNew: 306686K->34048K(306688K), 0.0617799 secs] 1085338K->836260K(2063104K), 0.0621657 secs] [Times: user=0.22 sys=0.00, real=0.06 secs] 
252.173: [GC252.174: [ParNew: 306688K->34048K(306688K), 0.2493528 secs] 1108900K->1030964K(2063104K), 0.2498605 secs] [Times: user=0.80 sys=0.00, real=0.25 secs] 
252.424: [GC [1 CMS-initial-mark: 996916K(1756416K)] 1030967K(2063104K), 0.0203048 secs] [Times: user=0.03 sys=0.00, real=0.02 secs] 
252.444: [CMS-concurrent-mark-start]
252.627: [CMS-concurrent-mark: 0.182/0.182 secs] [Times: user=0.36 sys=0.00, real=0.18 secs] 
252.627: [CMS-concurrent-preclean-start]
252.631: [CMS-concurrent-preclean: 0.004/0.004 secs] [Times: user=0.02 sys=0.00, real=0.00 secs] 
252.631: [CMS-concurrent-abortable-preclean-start]
252.675: [GC252.675: [ParNew: 306688K->32449K(306688K), 0.0495958 secs] 1303604K->1063331K(2063104K), 0.0500445 secs] [Times: user=0.17 sys=0.00, real=0.05 secs] 
252.917: [CMS-concurrent-abortable-preclean: 0.235/0.286 secs] [Times: user=0.86 sys=0.02, real=0.29 secs] 
252.917: [GC[YG occupancy: 253335 K (306688 K)]252.917: [Rescan (parallel) , 0.1193459 secs]253.037: [weak refs processing, 0.0000125 secs]253.037: [scrub string table, 0.0001642 secs] [1 CMS-remark: 1030882K(1756416K)] 1284218K(2063104K), 0.1197253 secs] [Times: user=0.41 sys=0.00, real=0.12 secs] 
253.037: [CMS-concurrent-sweep-start]
253.094: [GC253.095: [ParNew: 305080K->34048K(306688K), 0.1654747 secs] 1299051K->1140883K(2063104K), 0.1659298 secs] [Times: user=0.51 sys=0.00, real=0.17 secs] 
253.502: [GC253.503: [ParNew: 306688K->34048K(306688K), 0.2253453 secs] 1181614K->1060181K(2063104K), 0.2257735 secs] [Times: user=0.75 sys=0.00, real=0.23 secs] 
253.972: [GC253.973: [ParNew: 306688K->34048K(306688K), 0.1939478 secs] 1137697K->1010698K(2063104K), 0.1944623 secs] [Times: user=0.70 sys=0.02, real=0.20 secs] 
254.434: [GC254.435: [ParNew: 306688K->34048K(306688K), 0.1741174 secs] 1095768K->946436K(2063104K), 0.1747127 secs] [Times: user=0.59 sys=0.00, real=0.17 secs] 
254.793: [CMS-concurrent-sweep: 0.946/1.756 secs] [Times: user=5.55 sys=0.13, real=1.76 secs] 
254.793: [CMS-concurrent-reset-start]
254.795: [CMS-concurrent-reset: 0.002/0.002 secs] [Times: user=0.00 sys=0.00, real=0.00 secs] 
254.856: [GC254.857: [ParNew: 306688K->34048K(306688K), 0.1803115 secs] 1062173K->929929K(2063104K), 0.1807537 secs] [Times: user=0.61 sys=0.02, real=0.18 secs] 
255.038: [GC [1 CMS-initial-mark: 895881K(1756416K)] 929942K(2063104K), 0.0201110 secs] [Times: user=0.02 sys=0.00, real=0.02 secs] 
255.058: [CMS-concurrent-mark-start]
255.255: [CMS-concurrent-mark: 0.171/0.197 secs] [Times: user=0.50 sys=0.03, real=0.20 secs] 
255.256: [CMS-concurrent-preclean-start]
255.259: [CMS-concurrent-preclean: 0.003/0.003 secs] [Times: user=0.00 sys=0.00, real=0.00 secs] 
255.259: [CMS-concurrent-abortable-preclean-start]
255.321: [GC255.321: [ParNew: 306688K->34048K(306688K), 0.1760388 secs] 1202569K->1053181K(2063104K), 0.1764744 secs] [Times: user=0.64 sys=0.00, real=0.18 secs] 
255.650: [CMS-concurrent-abortable-preclean: 0.214/0.391 secs] [Times: user=1.28 sys=0.00, real=0.39 secs] 
255.651: [GC[YG occupancy: 214552 K (306688 K)]255.651: [Rescan (parallel) , 0.0622007 secs]255.713: [weak refs processing, 0.0000122 secs]255.713: [scrub string table, 0.0001652 secs] [1 CMS-remark: 1019133K(1756416K)] 1233685K(2063104K), 0.0625897 secs] [Times: user=0.22 sys=0.00, real=0.06 secs] 
255.713: [CMS-concurrent-sweep-start]
255.793: [GC255.794: [ParNew: 306688K->34048K(306688K), 0.1586138 secs] 1249541K->1090409K(2063104K), 0.1591145 secs] [Times: user=0.56 sys=0.00, real=0.16 secs] 
256.223: [GC256.224: [ParNew: 306688K->34046K(306688K), 0.1937708 secs] 1136882K->994972K(2063104K), 0.1941999 secs] [Times: user=0.58 sys=0.00, real=0.19 secs] 
256.656: [GC256.656: [ParNew: 306686K->34046K(306688K), 0.1821181 secs] 1058180K->913606K(2063104K), 0.1825446 secs] [Times: user=0.61 sys=0.00, real=0.18 secs] 
257.101: [GC257.101: [ParNew: 306686K->34046K(306688K), 0.1828140 secs] 1033555K->891532K(2063104K), 0.1832810 secs] [Times: user=0.62 sys=0.00, real=0.18 secs] 
257.385: [CMS-concurrent-sweep: 0.893/1.672 secs] [Times: user=5.19 sys=0.16, real=1.67 secs] 
257.385: [CMS-concurrent-reset-start]
257.387: [CMS-concurrent-reset: 0.002/0.002 secs] [Times: user=0.00 sys=0.00, real=0.00 secs] 
257.545: [GC257.545: [ParNew: 306686K->34046K(306688K), 0.2223065 secs] 1119631K->1019277K(2063104K), 0.2227892 secs] [Times: user=0.69 sys=0.01, real=0.22 secs] 
257.768: [GC [1 CMS-initial-mark: 985231K(1756416K)] 1019296K(2063104K), 0.0213356 secs] [Times: user=0.01 sys=0.00, real=0.02 secs] 
257.790: [CMS-concurrent-mark-start]
257.976: [CMS-concurrent-mark: 0.187/0.187 secs] [Times: user=0.64 sys=0.06, real=0.19 secs] 
257.977: [CMS-concurrent-preclean-start]
257.980: [CMS-concurrent-preclean: 0.003/0.004 secs] [Times: user=0.00 sys=0.00, real=0.00 secs] 
257.980: [CMS-concurrent-abortable-preclean-start]
258.031: [GC258.031: [ParNew: 306686K->34046K(306688K), 0.2104540 secs] 1291917K->1165374K(2063104K), 0.2108821 secs] [Times: user=0.70 sys=0.00, real=0.21 secs] 
258.443: [CMS-concurrent-abortable-preclean: 0.232/0.463 secs] [Times: user=1.47 sys=0.01, real=0.46 secs] 
258.444: [GC[YG occupancy: 250876 K (306688 K)]258.444: [Rescan (parallel) , 0.0667411 secs]258.511: [weak refs processing, 0.0000160 secs]258.511: [scrub string table, 0.0001645 secs] [1 CMS-remark: 1131327K(1756416K)] 1382204K(2063104K), 0.0671478 secs] [Times: user=0.19 sys=0.00, real=0.07 secs] 
258.511: [CMS-concurrent-sweep-start]
258.558: [GC258.558: [ParNew: 306686K->34046K(306688K), 0.1573922 secs] 1399902K->1230154K(2063104K), 0.1578396 secs] [Times: user=0.56 sys=0.00, real=0.16 secs] 
258.950: [GC258.950: [ParNew: 306686K->34046K(306688K), 0.1763105 secs] 1282373K->1132675K(2063104K), 0.1767499 secs] [Times: user=0.56 sys=0.00, real=0.18 secs] 
259.373: [GC259.373: [ParNew: 306686K->34048K(306688K), 0.1234578 secs] 1231840K->1043648K(2063104K), 0.1239193 secs] [Times: user=0.41 sys=0.02, real=0.12 secs] 
259.739: [GC259.739: [ParNew: 306688K->34047K(306688K), 0.1052679 secs] 1140957K->938239K(2063104K), 0.1058259 secs] [Times: user=0.38 sys=0.00, real=0.11 secs] 
260.109: [GC260.110: [ParNew: 306687K->34047K(306688K), 0.1861165 secs] 1025687K->882103K(2063104K), 0.1866348 secs] [Times: user=0.61 sys=0.00, real=0.19 secs] 
260.325: [CMS-concurrent-sweep: 1.011/1.813 secs] [Times: user=5.37 sys=0.08, real=1.81 secs] 
260.325: [CMS-concurrent-reset-start]
260.327: [CMS-concurrent-reset: 0.002/0.002 secs] [Times: user=0.00 sys=0.00, real=0.00 secs] 
260.576: [GC260.576: [ParNew: 306687K->34047K(306688K), 0.1936945 secs] 1154743K->1022380K(2063104K), 0.1941771 secs] [Times: user=0.58 sys=0.00, real=0.19 secs] 
260.771: [GC [1 CMS-initial-mark: 988333K(1756416K)] 1022394K(2063104K), 0.0202297 secs] [Times: user=0.03 sys=0.00, real=0.02 secs] 
260.791: [CMS-concurrent-mark-start]
260.956: [CMS-concurrent-mark: 0.165/0.165 secs] [Times: user=0.45 sys=0.02, real=0.16 secs] 
260.957: [CMS-concurrent-preclean-start]
260.960: [CMS-concurrent-preclean: 0.003/0.003 secs] [Times: user=0.00 sys=0.00, real=0.00 secs] 
260.960: [CMS-concurrent-abortable-preclean-start]
261.031: [GC261.031: [ParNew: 306687K->34047K(306688K), 0.1868355 secs] 1295020K->1152222K(2063104K), 0.1872823 secs] [Times: user=0.59 sys=0.00, real=0.19 secs] 
261.403: [CMS-concurrent-abortable-preclean: 0.229/0.443 secs] [Times: user=1.43 sys=0.01, real=0.44 secs] 
261.403: [GC[YG occupancy: 227248 K (306688 K)]261.404: [Rescan (parallel) , 0.0669608 secs]261.471: [weak refs processing, 0.0000131 secs]261.471: [scrub string table, 0.0001629 secs] [1 CMS-remark: 1118175K(1756416K)] 1345423K(2063104K), 0.0673563 secs] [Times: user=0.22 sys=0.00, real=0.07 secs] 
261.471: [CMS-concurrent-sweep-start]
261.536: [GC261.536: [ParNew: 306687K->34047K(306688K), 0.1405050 secs] 1365369K->1178079K(2063104K), 0.1410076 secs] [Times: user=0.44 sys=0.00, real=0.14 secs] 
261.911: [GC261.911: [ParNew: 306687K->34046K(306688K), 0.0949571 secs] 1245707K->1037680K(2063104K), 0.0954321 secs] [Times: user=0.37 sys=0.00, real=0.10 secs] 
262.248: [GC262.248: [ParNew: 306686K->34046K(306688K), 0.1034202 secs] 1126838K->911388K(2063104K), 0.1038891 secs] [Times: user=0.30 sys=0.00, real=0.10 secs] 
262.596: [GC262.596: [ParNew: 306686K->34046K(306688K), 0.1589214 secs] 1011908K->827115K(2063104K), 0.1594631 secs] [Times: user=0.47 sys=0.00, real=0.16 secs] 
263.011: [GC263.011: [ParNew: 306686K->34046K(306688K), 0.1377263 secs] 946057K->769697K(2063104K), 0.1381728 secs] [Times: user=0.50 sys=0.00, real=0.14 secs] 
263.197: [CMS-concurrent-sweep: 1.055/1.726 secs] [Times: user=4.79 sys=0.08, real=1.73 secs] 
263.197: [CMS-concurrent-reset-start]
263.200: [CMS-concurrent-reset: 0.003/0.003 secs] [Times: user=0.00 sys=0.00, real=0.00 secs] 
263.418: [GC263.418: [ParNew: 306686K->34046K(306688K), 0.1881762 secs] 1019290K->875071K(2063104K), 0.1886633 secs] [Times: user=0.55 sys=0.00, real=0.19 secs] 
263.608: [GC [1 CMS-initial-mark: 841025K(1756416K)] 875071K(2063104K), 0.0272981 secs] [Times: user=0.03 sys=0.00, real=0.03 secs] 
263.636: [CMS-concurrent-mark-start]
263.808: [CMS-concurrent-mark: 0.172/0.172 secs] [Times: user=0.50 sys=0.00, real=0.17 secs] 
263.808: [CMS-concurrent-preclean-start]
263.812: [CMS-concurrent-preclean: 0.003/0.003 secs] [Times: user=0.00 sys=0.00, real=0.00 secs] 
263.812: [CMS-concurrent-abortable-preclean-start]
263.873: [GC263.873: [ParNew: 306686K->34046K(306688K), 0.1364184 secs] 1147711K->963426K(2063104K), 0.1369200 secs] [Times: user=0.51 sys=0.00, real=0.14 secs] 
264.161: [CMS-concurrent-abortable-preclean: 0.194/0.349 secs] [Times: user=0.97 sys=0.00, real=0.35 secs] 
264.162: [GC[YG occupancy: 191565 K (306688 K)]264.162: [Rescan (parallel) , 0.0341018 secs]264.196: [weak refs processing, 0.0000131 secs]264.196: [scrub string table, 0.0001703 secs] [1 CMS-remark: 929380K(1756416K)] 1120945K(2063104K), 0.0344017 secs] [Times: user=0.12 sys=0.00, real=0.03 secs] 
264.197: [CMS-concurrent-sweep-start]
264.293: [GC264.294: [ParNew: 306686K->34046K(306688K), 0.0712209 secs] 1148896K->921359K(2063104K), 0.0716805 secs] [Times: user=0.25 sys=0.00, real=0.07 secs] 
264.605: [GC264.605: [ParNew: 306686K->34046K(306688K), 0.1454598 secs] 993292K->823077K(2063104K), 0.1459271 secs] [Times: user=0.33 sys=0.00, real=0.15 secs] 
264.984: [GC264.985: [ParNew: 306686K->34046K(306688K), 0.0835811 secs] 956146K->738138K(2063104K), 0.0840292 secs] [Times: user=0.31 sys=0.00, real=0.08 secs] 
265.323: [GC265.323: [ParNew: 306686K->34046K(306688K), 0.1390320 secs] 873703K->697556K(2063104K), 0.1394691 secs] [Times: user=0.47 sys=0.00, real=0.14 secs] 
265.581: [CMS-concurrent-sweep: 0.914/1.384 secs] [Times: user=3.62 sys=0.08, real=1.38 secs] 
265.581: [CMS-concurrent-reset-start]
265.583: [CMS-concurrent-reset: 0.002/0.002 secs] [Times: user=0.00 sys=0.00, real=0.00 secs] 
265.718: [GC265.718: [ParNew: 306686K->34048K(306688K), 0.2015572 secs] 884286K->755204K(2063104K), 0.2019812 secs] [Times: user=0.66 sys=0.00, real=0.20 secs] 
265.920: [GC [1 CMS-initial-mark: 721156K(1756416K)] 755208K(2063104K), 0.0202137 secs] [Times: user=0.03 sys=0.00, real=0.02 secs] 
265.941: [CMS-concurrent-mark-start]
266.103: [CMS-concurrent-mark: 0.163/0.163 secs] [Times: user=0.48 sys=0.02, real=0.16 secs] 
266.104: [CMS-concurrent-preclean-start]
266.107: [CMS-concurrent-preclean: 0.003/0.003 secs] [Times: user=0.00 sys=0.00, real=0.00 secs] 
266.107: [CMS-concurrent-abortable-preclean-start]
266.201: [GC266.201: [ParNew: 306688K->34047K(306688K), 0.1694064 secs] 1027844K->870097K(2063104K), 0.1698955 secs] [Times: user=0.58 sys=0.00, real=0.17 secs] 
266.516: [CMS-concurrent-abortable-preclean: 0.210/0.409 secs] [Times: user=1.26 sys=0.03, real=0.41 secs] 
266.517: [GC[YG occupancy: 198208 K (306688 K)]266.517: [Rescan (parallel) , 0.0365412 secs]266.553: [weak refs processing, 0.0000135 secs]266.553: [scrub string table, 0.0001774 secs] [1 CMS-remark: 836050K(1756416K)] 1034259K(2063104K), 0.0369530 secs] [Times: user=0.12 sys=0.00, real=0.04 secs] 
266.554: [CMS-concurrent-sweep-start]
266.652: [GC266.652: [ParNew: 306687K->34047K(306688K), 0.2112041 secs] 1074740K->950069K(2063104K), 0.2116387 secs] [Times: user=0.72 sys=0.00, real=0.21 secs] 
267.088: [GC267.088: [ParNew: 306687K->34047K(306688K), 0.0542712 secs] 1083102K->843056K(2063104K), 0.0547173 secs] [Times: user=0.19 sys=0.00, real=0.05 secs] 
267.399: [GC267.399: [ParNew: 306687K->34048K(306688K), 0.1461398 secs] 953331K->788331K(2063104K), 0.1466003 secs] [Times: user=0.48 sys=0.00, real=0.15 secs] 
267.785: [CMS-concurrent-sweep: 0.795/1.231 secs] [Times: user=3.60 sys=0.11, real=1.23 secs] 
267.786: [CMS-concurrent-reset-start]
267.787: [CMS-concurrent-reset: 0.002/0.002 secs] [Times: user=0.00 sys=0.00, real=0.00 secs] 
267.791: [GC267.791: [ParNew: 306688K->34048K(306688K), 0.1952679 secs] 896356K->773088K(2063104K), 0.1957313 secs] [Times: user=0.66 sys=0.02, real=0.20 secs] 
267.987: [GC [1 CMS-initial-mark: 739040K(1756416K)] 773091K(2063104K), 0.0202352 secs] [Times: user=0.02 sys=0.00, real=0.02 secs] 
268.008: [CMS-concurrent-mark-start]
268.197: [CMS-concurrent-mark: 0.159/0.189 secs] [Times: user=0.48 sys=0.00, real=0.19 secs] 
268.197: [CMS-concurrent-preclean-start]
268.200: [CMS-concurrent-preclean: 0.003/0.004 secs] [Times: user=0.03 sys=0.00, real=0.00 secs] 
268.201: [CMS-concurrent-abortable-preclean-start]
268.264: [GC268.264: [ParNew: 306688K->34048K(306688K), 0.1410480 secs] 1045728K->870774K(2063104K), 0.1415355 secs] [Times: user=0.47 sys=0.00, real=0.14 secs] 
268.529: [CMS-concurrent-abortable-preclean: 0.186/0.329 secs] [Times: user=1.06 sys=0.00, real=0.33 secs] 
268.531: [GC[YG occupancy: 173722 K (306688 K)]268.531: [Rescan (parallel) , 0.0306050 secs]268.562: [weak refs processing, 0.0000119 secs]268.562: [scrub string table, 0.0001902 secs] [1 CMS-remark: 836726K(1756416K)] 1010448K(2063104K), 0.0310421 secs] [Times: user=0.13 sys=0.00, real=0.03 secs] 
268.563: [CMS-concurrent-sweep-start]
268.685: [GC268.686: [ParNew: 306688K->34048K(306688K), 0.2064302 secs] 1041918K->924465K(2063104K), 0.2068722 secs] [Times: user=0.72 sys=0.00, real=0.21 secs] 
269.135: [GC269.135: [ParNew: 306688K->34048K(306688K), 0.1916749 secs] 1004943K->872977K(2063104K), 0.1921069 secs] [Times: user=0.66 sys=0.00, real=0.19 secs] 
269.586: [GC269.586: [ParNew: 306688K->34048K(306688K), 0.1622104 secs] 1005586K->845447K(2063104K), 0.1626706 secs] [Times: user=0.59 sys=0.00, real=0.16 secs] 
269.935: [CMS-concurrent-sweep: 0.789/1.373 secs] [Times: user=4.41 sys=0.03, real=1.37 secs] 
269.936: [CMS-concurrent-reset-start]
269.938: [CMS-concurrent-reset: 0.002/0.002 secs] [Times: user=0.00 sys=0.00, real=0.00 secs] 
269.992: [GC269.992: [ParNew: 306688K->34047K(306688K), 0.1711055 secs] 1003654K->866968K(2063104K), 0.1715359 secs] [Times: user=0.64 sys=0.00, real=0.17 secs] 
270.164: [GC [1 CMS-initial-mark: 832921K(1756416K)] 866970K(2063104K), 0.0201229 secs] [Times: user=0.03 sys=0.00, real=0.02 secs] 
270.184: [CMS-concurrent-mark-start]
270.380: [CMS-concurrent-mark: 0.166/0.196 secs] [Times: user=0.48 sys=0.03, real=0.20 secs] 
270.380: [CMS-concurrent-preclean-start]
270.383: [CMS-concurrent-preclean: 0.003/0.003 secs] [Times: user=0.00 sys=0.00, real=0.00 secs] 
270.383: [CMS-concurrent-abortable-preclean-start]
270.454: [GC270.454: [ParNew: 306687K->34047K(306688K), 0.1675167 secs] 1139608K->986371K(2063104K), 0.1679452 secs] [Times: user=0.59 sys=0.00, real=0.17 secs] 
270.771: [CMS-concurrent-abortable-preclean: 0.219/0.388 secs] [Times: user=1.25 sys=0.06, real=0.39 secs] 
270.771: [GC[YG occupancy: 199567 K (306688 K)]270.771: [Rescan (parallel) , 0.0342660 secs]270.805: [weak refs processing, 0.0000125 secs]270.806: [scrub string table, 0.0003072 secs] [1 CMS-remark: 952324K(1756416K)] 1151892K(2063104K), 0.0347952 secs] [Times: user=0.19 sys=0.00, real=0.04 secs] 
270.806: [CMS-concurrent-sweep-start]
270.903: [GC270.903: [ParNew: 306687K->34047K(306688K), 0.2064540 secs] 1169949K->1051900K(2063104K), 0.2068837 secs] [Times: user=0.67 sys=0.00, real=0.21 secs] 
271.365: [GC271.365: [ParNew: 306687K->34047K(306688K), 0.1295448 secs] 1151543K->969811K(2063104K), 0.1299755 secs] [Times: user=0.47 sys=0.00, real=0.13 secs] 
271.727: [GC271.727: [ParNew: 306687K->34046K(306688K), 0.1514675 secs] 1065716K->899476K(2063104K), 0.1519233 secs] [Times: user=0.50 sys=0.00, real=0.15 secs] 
272.122: [GC272.122: [ParNew: 306686K->34046K(306688K), 0.1794802 secs] 1007852K->868110K(2063104K), 0.1799228 secs] [Times: user=0.62 sys=0.00, real=0.18 secs] 
272.367: [CMS-concurrent-sweep: 0.845/1.561 secs] [Times: user=4.88 sys=0.09, real=1.56 secs] 
272.367: [CMS-concurrent-reset-start]
272.369: [CMS-concurrent-reset: 0.002/0.002 secs] [Times: user=0.00 sys=0.00, real=0.00 secs] 
272.583: [GC272.583: [ParNew: 306686K->34046K(306688K), 0.2255509 secs] 1101238K->1004387K(2063104K), 0.2259688 secs] [Times: user=0.80 sys=0.00, real=0.23 secs] 
272.809: [GC [1 CMS-initial-mark: 970340K(1756416K)] 1004394K(2063104K), 0.0200825 secs] [Times: user=0.02 sys=0.00, real=0.02 secs] 
272.829: [CMS-concurrent-mark-start]
272.998: [CMS-concurrent-mark: 0.169/0.169 secs] [Times: user=0.56 sys=0.05, real=0.17 secs] 
272.998: [CMS-concurrent-preclean-start]
273.002: [CMS-concurrent-preclean: 0.003/0.003 secs] [Times: user=0.00 sys=0.00, real=0.00 secs] 
273.002: [CMS-concurrent-abortable-preclean-start]
273.073: [GC273.074: [ParNew: 306686K->34046K(306688K), 0.2169838 secs] 1277027K->1158406K(2063104K), 0.2174328 secs] [Times: user=0.73 sys=0.00, real=0.22 secs] 
273.502: [CMS-concurrent-abortable-preclean: 0.261/0.500 secs] [Times: user=1.53 sys=0.13, real=0.50 secs] 
273.503: [GC[YG occupancy: 279460 K (306688 K)]273.503: [Rescan (parallel) , 0.0476692 secs]273.550: [weak refs processing, 0.0000122 secs]273.550: [scrub string table, 0.0001671 secs] [1 CMS-remark: 1124359K(1756416K)] 1403820K(2063104K), 0.0480553 secs] [Times: user=0.25 sys=0.00, real=0.05 secs] 
273.552: [CMS-concurrent-sweep-start]
273.576: [GC273.576: [ParNew: 306686K->34046K(306688K), 0.0870975 secs] 1408655K->1190026K(2063104K), 0.0875266 secs] [Times: user=0.33 sys=0.00, real=0.09 secs] 
273.911: [GC273.911: [ParNew: 306686K->34046K(306688K), 0.2172965 secs] 1225639K->1105339K(2063104K), 0.2177423 secs] [Times: user=0.70 sys=0.00, real=0.22 secs] 
274.391: [GC274.391: [ParNew: 306686K->34046K(306688K), 0.1397844 secs] 1162748K->991804K(2063104K), 0.1402151 secs] [Times: user=0.51 sys=0.00, real=0.14 secs] 
274.776: [GC274.776: [ParNew: 306686K->34046K(306688K), 0.1960482 secs] 1069499K->943205K(2063104K), 0.1965306 secs] [Times: user=0.70 sys=0.00, real=0.20 secs] 
275.177: [CMS-concurrent-sweep: 0.951/1.625 secs] [Times: user=5.23 sys=0.19, real=1.63 secs] 
275.177: [CMS-concurrent-reset-start]
275.179: [CMS-concurrent-reset: 0.002/0.002 secs] [Times: user=0.00 sys=0.00, real=0.00 secs] 
275.242: [GC [1 CMS-initial-mark: 799636K(1756416K)] 1103864K(2063104K), 0.1835844 secs] [Times: user=0.19 sys=0.00, real=0.18 secs] 
275.426: [CMS-concurrent-mark-start]
275.427: [GC275.428: [ParNew: 306686K->34046K(306688K), 0.2310269 secs] 1106322K->1001981K(2063104K), 0.2315086 secs] [Times: user=0.80 sys=0.00, real=0.23 secs] 
275.900: [GC275.900: [ParNew: 306686K->34046K(306688K), 0.1837906 secs] 1274621K->1135290K(2063104K), 0.1842236 secs] [Times: user=0.66 sys=0.00, real=0.18 secs] 
276.341: [GC276.341: [ParNew: 306686K->34048K(306688K), 0.1707200 secs] 1407930K->1255237K(2063104K), 0.1711450 secs] [Times: user=0.64 sys=0.00, real=0.17 secs] 
276.755: [GC276.756: [ParNew: 306688K->34047K(306688K), 0.2135871 secs] 1527877K->1399204K(2063104K), 0.2140428 secs] [Times: user=0.76 sys=0.00, real=0.21 secs] 
277.184: [CMS-concurrent-mark: 0.934/1.758 secs] [Times: user=5.74 sys=0.11, real=1.76 secs] 
277.184: [CMS-concurrent-preclean-start]
277.190: [CMS-concurrent-preclean: 0.006/0.006 secs] [Times: user=0.03 sys=0.02, real=0.01 secs] 
277.190: [CMS-concurrent-abortable-preclean-start]
277.204: [GC277.205: [ParNew: 306687K->34047K(306688K), 0.1629253 secs] 1671844K->1497498K(2063104K), 0.1633502 secs] [Times: user=0.52 sys=0.00, real=0.16 secs] 
277.520: [CMS-concurrent-abortable-preclean: 0.137/0.329 secs] [Times: user=1.00 sys=0.03, real=0.33 secs] 
277.520: [GC[YG occupancy: 182600 K (306688 K)]277.520: [Rescan (parallel) , 0.0953519 secs]277.616: [weak refs processing, 0.0000176 secs]277.616: [scrub string table, 0.0001652 secs] [1 CMS-remark: 1463450K(1756416K)] 1646050K(2063104K), 0.0957345 secs] [Times: user=0.33 sys=0.00, real=0.10 secs] 
277.616: [CMS-concurrent-sweep-start]
277.728: [GC277.728: [ParNew: 306687K->34047K(306688K), 0.1671174 secs] 1669742K->1512374K(2063104K), 0.1675693 secs] [Times: user=0.61 sys=0.00, real=0.17 secs] 
278.145: [GC278.145: [ParNew: 306687K->34047K(306688K), 0.2223411 secs] 1596694K->1477203K(2063104K), 0.2228399 secs] [Times: user=0.78 sys=0.00, real=0.22 secs] 
278.621: [GC278.622: [ParNew: 306687K->34047K(306688K), 0.1813221 secs] 1634127K->1492106K(2063104K), 0.1817589 secs] [Times: user=0.64 sys=0.00, real=0.18 secs] 
279.049: [GC279.049: [ParNew: 306687K->34046K(306688K), 0.2203228 secs] 1592487K->1477292K(2063104K), 0.2207545 secs] [Times: user=0.72 sys=0.00, real=0.22 secs] 
279.477: [CMS-concurrent-sweep: 1.025/1.861 secs] [Times: user=6.10 sys=0.13, real=1.86 secs] 
279.477: [CMS-concurrent-reset-start]
279.479: [CMS-concurrent-reset: 0.002/0.002 secs] [Times: user=0.06 sys=0.00, real=0.00 secs] 
279.531: [GC279.532: [ParNew: 306686K->34046K(306688K), 0.1794064 secs] 1717236K->1579142K(2063104K), 0.1798503 secs] [Times: user=0.64 sys=0.00, real=0.18 secs] 
279.712: [GC [1 CMS-initial-mark: 1545095K(1756416K)] 1579154K(2063104K), 0.0201620 secs] [Times: user=0.03 sys=0.00, real=0.02 secs] 
279.732: [CMS-concurrent-mark-start]
279.890: [CMS-concurrent-mark: 0.158/0.158 secs] [Times: user=0.47 sys=0.03, real=0.16 secs] 
279.890: [CMS-concurrent-preclean-start]
279.894: [CMS-concurrent-preclean: 0.004/0.004 secs] [Times: user=0.00 sys=0.00, real=0.00 secs] 
279.894: [CMS-concurrent-abortable-preclean-start]
279.975: [GC279.975: [ParNew: 306686K->34046K(306688K), 0.2280015 secs] 1851782K->1731187K(2063104K), 0.2284345 secs] [Times: user=0.72 sys=0.00, real=0.23 secs] 
280.404: [CMS-concurrent-abortable-preclean: 0.263/0.509 secs] [Times: user=1.47 sys=0.00, real=0.51 secs] 
280.404: [GC[YG occupancy: 255148 K (306688 K)]280.404: [Rescan (parallel) , 0.0954513 secs]280.500: [weak refs processing, 0.0000131 secs]280.500: [scrub string table, 0.0001620 secs] [1 CMS-remark: 1697140K(1756416K)] 1952289K(2063104K), 0.0958416 secs] [Times: user=0.33 sys=0.00, real=0.10 secs] 
280.500: [CMS-concurrent-sweep-start]
280.549: [GC280.549: [ParNew: 306686K->306686K(306688K), 0.0000196 secs]280.549: [CMS282.372: [CMS-concurrent-sweep: 1.869/1.872 secs] [Times: user=1.97 sys=0.02, real=1.87 secs] 
 (concurrent mode failure): 1649920K->166752K(1756416K), 2.4712452 secs] 1956607K->166752K(2063104K), [CMS Perm : 7367K->7367K(21248K)], 2.4717234 secs] [Times: user=2.48 sys=0.00, real=2.47 secs] 
283.320: [GC283.320: [ParNew: 272640K->34046K(306688K), 0.2488040 secs] 439392K->419386K(2063104K), 0.2492502 secs] [Times: user=0.83 sys=0.00, real=0.25 secs] 
283.846: [GC283.847: [ParNew: 306686K->34046K(306688K), 0.2725896 secs] 692026K->632003K(2063104K), 0.2730094 secs] [Times: user=0.90 sys=0.00, real=0.27 secs] 
284.418: [GC284.418: [ParNew: 306686K->34046K(306688K), 0.2743102 secs] 904643K->833433K(2063104K), 0.2747426 secs] [Times: user=0.94 sys=0.00, real=0.28 secs] 
284.693: [GC [1 CMS-initial-mark: 799387K(1756416K)] 833446K(2063104K), 0.0200985 secs] [Times: user=0.02 sys=0.00, real=0.02 secs] 
284.713: [CMS-concurrent-mark-start]
284.876: [CMS-concurrent-mark: 0.163/0.163 secs] [Times: user=0.53 sys=0.00, real=0.16 secs] 
284.876: [CMS-concurrent-preclean-start]
284.879: [CMS-concurrent-preclean: 0.004/0.004 secs] [Times: user=0.00 sys=0.00, real=0.00 secs] 
284.880: [CMS-concurrent-abortable-preclean-start]
284.957: [GC284.958: [ParNew: 306686K->34046K(306688K), 0.2284701 secs] 1106073K->987868K(2063104K), 0.2289409 secs] [Times: user=0.78 sys=0.00, real=0.23 secs] 
285.406: [CMS-concurrent-abortable-preclean: 0.268/0.526 secs] [Times: user=1.62 sys=0.03, real=0.53 secs] 
285.406: [GC[YG occupancy: 270692 K (306688 K)]285.406: [Rescan (parallel) , 0.0609755 secs]285.467: [weak refs processing, 0.0000128 secs]285.467: [scrub string table, 0.0001668 secs] [1 CMS-remark: 953822K(1756416K)] 1224515K(2063104K), 0.0613630 secs] [Times: user=0.16 sys=0.00, real=0.06 secs] 
285.468: [CMS-concurrent-sweep-start]
285.501: [GC285.501: [ParNew: 306686K->34046K(306688K), 0.1498396 secs] 1228631K->1057548K(2063104K), 0.1502902 secs] [Times: user=0.50 sys=0.00, real=0.15 secs] 
285.893: [GC285.893: [ParNew: 306686K->34046K(306688K), 0.2206432 secs] 1098558K->972186K(2063104K), 0.2210781 secs] [Times: user=0.62 sys=0.00, real=0.22 secs] 
286.365: [GC286.365: [ParNew: 306686K->34046K(306688K), 0.1566343 secs] 1029156K->870126K(2063104K), 0.1570827 secs] [Times: user=0.55 sys=0.00, real=0.16 secs] 
286.767: [GC286.767: [ParNew: 306686K->34048K(306688K), 0.2186734 secs] 1015036K->901918K(2063104K), 0.2191388 secs] [Times: user=0.75 sys=0.00, real=0.22 secs] 
287.035: [CMS-concurrent-sweep: 0.797/1.567 secs] [Times: user=4.99 sys=0.14, real=1.57 secs] 
287.035: [CMS-concurrent-reset-start]
287.037: [CMS-concurrent-reset: 0.002/0.002 secs] [Times: user=0.00 sys=0.00, real=0.00 secs] 
287.260: [GC287.261: [ParNew: 306688K->34047K(306688K), 0.2625007 secs] 1174558K->1109337K(2063104K), 0.2629365 secs] [Times: user=0.94 sys=0.00, real=0.26 secs] 
287.524: [GC [1 CMS-initial-mark: 1075289K(1756416K)] 1109346K(2063104K), 0.0205119 secs] [Times: user=0.03 sys=0.00, real=0.02 secs] 
287.545: [CMS-concurrent-mark-start]
287.747: [CMS-concurrent-mark: 0.178/0.202 secs] [Times: user=0.51 sys=0.01, real=0.20 secs] 
287.747: [CMS-concurrent-preclean-start]
287.751: [CMS-concurrent-preclean: 0.003/0.003 secs] [Times: user=0.00 sys=0.00, real=0.00 secs] 
287.751: [CMS-concurrent-abortable-preclean-start]
287.800: [GC287.800: [ParNew: 306687K->34047K(306688K), 0.1658467 secs] 1381977K->1219020K(2063104K), 0.1663303 secs] [Times: user=0.56 sys=0.00, real=0.17 secs] 
288.103: [CMS-concurrent-abortable-preclean: 0.185/0.352 secs] [Times: user=1.12 sys=0.05, real=0.35 secs] 
288.103: [GC[YG occupancy: 186640 K (306688 K)]288.103: [Rescan (parallel) , 0.1035206 secs]288.207: [weak refs processing, 0.0000122 secs]288.207: [scrub string table, 0.0001645 secs] [1 CMS-remark: 1184973K(1756416K)] 1371613K(2063104K), 0.1038974 secs] [Times: user=0.38 sys=0.00, real=0.10 secs] 
288.207: [CMS-concurrent-sweep-start]
288.335: [GC288.335: [ParNew: 306687K->34047K(306688K), 0.1859629 secs] 1399850K->1257831K(2063104K), 0.1864427 secs] [Times: user=0.66 sys=0.00, real=0.19 secs] 
288.760: [GC288.760: [ParNew: 306687K->34047K(306688K), 0.1841806 secs] 1305603K->1159852K(2063104K), 0.1846133 secs] [Times: user=0.62 sys=0.02, real=0.19 secs] 
289.184: [GC289.184: [ParNew: 306687K->34046K(306688K), 0.1837974 secs] 1238624K->1099067K(2063104K), 0.1842656 secs] [Times: user=0.66 sys=0.00, real=0.18 secs] 
289.623: [GC289.623: [ParNew: 306686K->34046K(306688K), 0.1702069 secs] 1152973K->1000286K(2063104K), 0.1706815 secs] [Times: user=0.53 sys=0.00, real=0.17 secs] 
290.037: [CMS-concurrent-sweep: 1.053/1.829 secs] [Times: user=5.69 sys=0.23, real=1.83 secs] 
290.037: [CMS-concurrent-reset-start]
290.039: [CMS-concurrent-reset: 0.002/0.002 secs] [Times: user=0.00 sys=0.00, real=0.00 secs] 
290.042: [GC290.042: [ParNew: 306686K->34046K(306688K), 0.2162561 secs] 1111892K->1008601K(2063104K), 0.2166913 secs] [Times: user=0.67 sys=0.02, real=0.22 secs] 
290.259: [GC [1 CMS-initial-mark: 974554K(1756416K)] 1008601K(2063104K), 0.0201774 secs] [Times: user=0.02 sys=0.00, real=0.02 secs] 
290.279: [CMS-concurrent-mark-start]
290.484: [CMS-concurrent-mark: 0.175/0.205 secs] [Times: user=0.50 sys=0.01, real=0.20 secs] 
290.484: [CMS-concurrent-preclean-start]
290.488: [CMS-concurrent-preclean: 0.003/0.003 secs] [Times: user=0.00 sys=0.00, real=0.00 secs] 
290.488: [CMS-concurrent-abortable-preclean-start]
290.525: [GC290.525: [ParNew: 306686K->34046K(306688K), 0.0945818 secs] 1281241K->1070749K(2063104K), 0.0950042 secs] [Times: user=0.33 sys=0.00, real=0.10 secs] 
290.865: [GC290.866: [ParNew: 306686K->34046K(306688K), 0.2172103 secs] 1343389K->1223081K(2063104K), 0.2176452 secs] [Times: user=0.81 sys=0.00, real=0.22 secs] 
291.264: [CMS-concurrent-abortable-preclean: 0.462/0.776 secs] [Times: user=2.64 sys=0.08, real=0.78 secs] 
291.265: [GC[YG occupancy: 237743 K (306688 K)]291.265: [Rescan (parallel) , 0.0848987 secs]291.350: [weak refs processing, 0.0000122 secs]291.350: [scrub string table, 0.0001648 secs] [1 CMS-remark: 1189034K(1756416K)] 1426777K(2063104K), 0.0852752 secs] [Times: user=0.33 sys=0.02, real=0.09 secs] 
291.350: [CMS-concurrent-sweep-start]
291.426: [GC291.427: [ParNew: 306686K->34046K(306688K), 0.1740209 secs] 1446486K->1297693K(2063104K), 0.1745501 secs] [Times: user=0.66 sys=0.00, real=0.17 secs] 
291.839: [GC291.839: [ParNew: 306686K->34046K(306688K), 0.1884340 secs] 1346147K->1199881K(2063104K), 0.1888679 secs] [Times: user=0.64 sys=0.00, real=0.19 secs] 
292.276: [GC292.276: [ParNew: 306686K->34046K(306688K), 0.2239986 secs] 1245435K->1137530K(2063104K), 0.2245230 secs] [Times: user=0.73 sys=0.00, real=0.22 secs] 
292.752: [GC292.752: [ParNew: 306686K->34046K(306688K), 0.1555705 secs] 1296751K->1138417K(2063104K), 0.1560022 secs] [Times: user=0.58 sys=0.00, real=0.16 secs] 
293.157: [GC293.157: [ParNew: 306686K->34046K(306688K), 0.2271218 secs] 1242984K->1135696K(2063104K), 0.2275692 secs] [Times: user=0.83 sys=0.00, real=0.23 secs] 
293.386: [CMS-concurrent-sweep: 1.013/2.036 secs] [Times: user=6.51 sys=0.19, real=2.04 secs] 
293.386: [CMS-concurrent-reset-start]
293.388: [CMS-concurrent-reset: 0.002/0.002 secs] [Times: user=0.00 sys=0.00, real=0.00 secs] 
293.430: [GC [1 CMS-initial-mark: 1101650K(1756416K)] 1154019K(2063104K), 0.0297868 secs] [Times: user=0.03 sys=0.00, real=0.03 secs] 
293.460: [CMS-concurrent-mark-start]
293.642: [CMS-concurrent-mark: 0.182/0.182 secs] [Times: user=0.59 sys=0.00, real=0.18 secs] 
293.642: [CMS-concurrent-preclean-start]
293.645: [CMS-concurrent-preclean: 0.003/0.003 secs] [Times: user=0.03 sys=0.03, real=0.00 secs] 
293.645: [CMS-concurrent-abortable-preclean-start]
293.681: [GC293.681: [ParNew: 306686K->34048K(306688K), 0.1857615 secs] 1408336K->1262602K(2063104K), 0.1861973 secs] [Times: user=0.62 sys=0.00, real=0.19 secs] 
294.025: [CMS-concurrent-abortable-preclean: 0.193/0.380 secs] [Times: user=1.22 sys=0.06, real=0.38 secs] 
294.025: [GC[YG occupancy: 207864 K (306688 K)]294.026: [Rescan (parallel) , 0.1038195 secs]294.129: [weak refs processing, 0.0000128 secs]294.129: [scrub string table, 0.0001661 secs] [1 CMS-remark: 1228554K(1756416K)] 1436418K(2063104K), 0.1041941 secs] [Times: user=0.38 sys=0.00, real=0.10 secs] 
294.130: [CMS-concurrent-sweep-start]
294.222: [GC294.222: [ParNew: 306688K->34047K(306688K), 0.2411533 secs] 1446549K->1343011K(2063104K), 0.2416119 secs] [Times: user=0.80 sys=0.00, real=0.24 secs] 
294.716: [GC294.716: [ParNew: 306687K->34047K(306688K), 0.1626947 secs] 1398758K->1237901K(2063104K), 0.1631780 secs] [Times: user=0.59 sys=0.00, real=0.16 secs] 
295.125: [GC295.125: [ParNew: 306687K->34047K(306688K), 0.2169623 secs] 1311250K->1197254K(2063104K), 0.2173969 secs] [Times: user=0.69 sys=0.00, real=0.22 secs] 
295.604: [GC295.604: [ParNew: 306687K->34047K(306688K), 0.1578595 secs] 1250544K->1089519K(2063104K), 0.1582902 secs] [Times: user=0.48 sys=0.00, real=0.16 secs] 
296.010: [GC296.010: [ParNew: 306687K->34047K(306688K), 0.2210717 secs] 1200295K->1092315K(2063104K), 0.2215057 secs] [Times: user=0.75 sys=0.00, real=0.22 secs] 
296.288: [CMS-concurrent-sweep: 1.109/2.158 secs] [Times: user=6.71 sys=0.25, real=2.16 secs] 
296.288: [CMS-concurrent-reset-start]
296.291: [CMS-concurrent-reset: 0.003/0.003 secs] [Times: user=0.00 sys=0.00, real=0.00 secs] 
296.352: [GC [1 CMS-initial-mark: 1028691K(1756416K)] 1172784K(2063104K), 0.0853935 secs] [Times: user=0.09 sys=0.00, real=0.09 secs] 
296.438: [CMS-concurrent-mark-start]
296.578: [GC296.579: [ParNew: 306687K->34046K(306688K), 0.1944931 secs] 1335378K->1197804K(2063104K), 0.1949465 secs] [Times: user=0.61 sys=0.00, real=0.20 secs] 
296.991: [CMS-concurrent-mark: 0.358/0.553 secs] [Times: user=1.75 sys=0.06, real=0.55 secs] 
296.991: [CMS-concurrent-preclean-start]
296.996: [CMS-concurrent-preclean: 0.005/0.005 secs] [Times: user=0.05 sys=0.00, real=0.00 secs] 
296.996: [CMS-concurrent-abortable-preclean-start]
297.022: [GC297.022: [ParNew: 306686K->34046K(306688K), 0.2375776 secs] 1470444K->1367003K(2063104K), 0.2380513 secs] [Times: user=0.80 sys=0.00, real=0.24 secs] 
297.490: [CMS-concurrent-abortable-preclean: 0.233/0.493 secs] [Times: user=1.48 sys=0.05, real=0.49 secs] 
297.490: [GC[YG occupancy: 285831 K (306688 K)]297.490: [Rescan (parallel) , 0.0546038 secs]297.545: [weak refs processing, 0.0000128 secs]297.545: [scrub string table, 0.0001716 secs] [1 CMS-remark: 1332956K(1756416K)] 1618788K(2063104K), 0.0549960 secs] [Times: user=0.22 sys=0.00, real=0.06 secs] 
297.545: [CMS-concurrent-sweep-start]
297.565: [GC297.565: [ParNew: 306686K->34046K(306688K), 0.1650879 secs] 1621184K->1461217K(2063104K), 0.1655202 secs] [Times: user=0.55 sys=0.00, real=0.17 secs] 
297.977: [GC297.978: [ParNew: 306686K->34046K(306688K), 0.2356488 secs] 1498349K->1384617K(2063104K), 0.2361318 secs] [Times: user=0.83 sys=0.00, real=0.24 secs] 
298.468: [GC298.469: [ParNew: 306686K->34046K(306688K), 0.1315428 secs] 1447072K->1265734K(2063104K), 0.1319976 secs] [Times: user=0.44 sys=0.00, real=0.13 secs] 
298.846: [GC298.846: [ParNew: 306686K->34046K(306688K), 0.2130069 secs] 1375055K->1258829K(2063104K), 0.2134591 secs] [Times: user=0.70 sys=0.00, real=0.21 secs] 
299.311: [GC299.311: [ParNew: 306686K->34046K(306688K), 0.2268938 secs] 1367639K->1260605K(2063104K), 0.2273517 secs] [Times: user=0.75 sys=0.00, real=0.23 secs] 
299.698: [CMS-concurrent-sweep: 1.131/2.153 secs] [Times: user=6.72 sys=0.17, real=2.15 secs] 
299.698: [CMS-concurrent-reset-start]
299.700: [CMS-concurrent-reset: 0.002/0.002 secs] [Times: user=0.00 sys=0.00, real=0.00 secs] 
299.798: [GC299.798: [ParNew: 306686K->34046K(306688K), 0.1819770 secs] 1483138K->1341382K(2063104K), 0.1824516 secs] [Times: user=0.61 sys=0.00, real=0.18 secs] 
299.981: [GC [1 CMS-initial-mark: 1307336K(1756416K)] 1341414K(2063104K), 0.0202361 secs] [Times: user=0.01 sys=0.00, real=0.02 secs] 
300.001: [CMS-concurrent-mark-start]
300.172: [CMS-concurrent-mark: 0.171/0.171 secs] [Times: user=0.62 sys=0.01, real=0.17 secs] 
300.173: [CMS-concurrent-preclean-start]
300.176: [CMS-concurrent-preclean: 0.003/0.003 secs] [Times: user=0.00 sys=0.00, real=0.00 secs] 
300.176: [CMS-concurrent-abortable-preclean-start]
300.245: [GC300.245: [ParNew: 306686K->34046K(306688K), 0.2457569 secs] 1614022K->1507221K(2063104K), 0.2462027 secs] [Times: user=0.86 sys=0.00, real=0.25 secs] 
300.710: [CMS-concurrent-abortable-preclean: 0.267/0.534 secs] [Times: user=1.72 sys=0.05, real=0.53 secs] 
300.710: [GC[YG occupancy: 268215 K (306688 K)]300.711: [Rescan (parallel) , 0.0549771 secs]300.766: [weak refs processing, 0.0000131 secs]300.766: [scrub string table, 0.0001642 secs] [1 CMS-remark: 1473175K(1756416K)] 1741390K(2063104K), 0.0553601 secs] [Times: user=0.17 sys=0.00, real=0.06 secs] 
300.766: [CMS-concurrent-sweep-start]
300.799: [GC300.799: [ParNew: 306686K->34046K(306688K), 0.1768974 secs] 1748356K->1595146K(2063104K), 0.1773602 secs] [Times: user=0.61 sys=0.00, real=0.18 secs] 
301.225: [GC301.226: [ParNew: 306686K->34048K(306688K), 0.2440417 secs] 1628647K->1521326K(2063104K), 0.2444679 secs] [Times: user=0.78 sys=0.00, real=0.24 secs] 
301.717: [GC301.717: [ParNew: 306688K->34047K(306688K), 0.1544814 secs] 1588146K->1422509K(2063104K), 0.1549599 secs] [Times: user=0.55 sys=0.00, real=0.15 secs] 
302.118: [GC302.118: [ParNew: 306687K->34047K(306688K), 0.2208995 secs] 1484309K->1375818K(2063104K), 0.2213248 secs] [Times: user=0.78 sys=0.00, real=0.22 secs] 
302.587: [GC302.587: [ParNew: 306687K->34047K(306688K), 0.1384919 secs] 1437714K->1263106K(2063104K), 0.1389341 secs] [Times: user=0.50 sys=0.00, real=0.14 secs] 
302.967: [GC302.967: [ParNew: 306687K->34047K(306688K), 0.2146907 secs] 1396431K->1276430K(2063104K), 0.2151461 secs] [Times: user=0.69 sys=0.00, real=0.21 secs] 
303.330: [CMS-concurrent-sweep: 1.371/2.564 secs] [Times: user=8.17 sys=0.36, real=2.56 secs] 
303.330: [CMS-concurrent-reset-start]
303.332: [CMS-concurrent-reset: 0.002/0.002 secs] [Times: user=0.05 sys=0.00, real=0.00 secs] 
303.393: [GC [1 CMS-initial-mark: 1160077K(1756416K)] 1391926K(2063104K), 0.1394701 secs] [Times: user=0.14 sys=0.00, real=0.14 secs] 
303.533: [CMS-concurrent-mark-start]
303.586: [GC303.586: [ParNew: 306687K->34046K(306688K), 0.1846082 secs] 1466764K->1324781K(2063104K), 0.1851662 secs] [Times: user=0.64 sys=0.00, real=0.18 secs] 
304.014: [GC304.014: [ParNew: 306686K->34046K(306688K), 0.2132285 secs] 1597421K->1477050K(2063104K), 0.2136660 secs] [Times: user=0.72 sys=0.00, real=0.21 secs] 
304.479: [GC304.479: [ParNew: 306686K->34046K(306688K), 0.1661751 secs] 1749690K->1587599K(2063104K), 0.1666331 secs] [Times: user=0.58 sys=0.00, real=0.17 secs] 
304.743: [CMS-concurrent-mark: 0.619/1.210 secs] [Times: user=3.90 sys=0.08, real=1.21 secs] 
304.743: [CMS-concurrent-preclean-start]
304.824: [CMS-concurrent-preclean: 0.081/0.082 secs] [Times: user=0.25 sys=0.02, real=0.08 secs] 
304.825: [CMS-concurrent-abortable-preclean-start]
304.888: [GC304.888: [ParNew: 306686K->34046K(306688K), 0.2176237 secs] 1860239K->1735667K(2063104K), 0.2180557 secs] [Times: user=0.76 sys=0.00, real=0.22 secs] 
305.285: [CMS-concurrent-abortable-preclean: 0.242/0.461 secs] [Times: user=1.53 sys=0.08, real=0.46 secs] 
305.286: [GC[YG occupancy: 231174 K (306688 K)]305.286: [Rescan (parallel) , 0.1236727 secs]305.410: [weak refs processing, 0.0000273 secs]305.410: [scrub string table, 0.0001677 secs] [1 CMS-remark: 1701621K(1756416K)] 1932796K(2063104K), 0.1241082 secs] [Times: user=0.45 sys=0.00, real=0.12 secs] 
305.410: [CMS-concurrent-sweep-start]
305.485: [GC305.486: [ParNew: 306686K->306686K(306688K), 0.0000253 secs]305.486: [CMS306.733: [CMS-concurrent-sweep: 1.302/1.323 secs] [Times: user=1.45 sys=0.00, real=1.32 secs] 
 (concurrent mode failure): 1646966K->164398K(1756416K), 2.0816289 secs] 1953653K->164398K(2063104K), [CMS Perm : 7367K->7367K(21248K)], 2.0822200 secs] [Times: user=2.06 sys=0.02, real=2.08 secs] 
307.836: [GC307.836: [ParNew: 272640K->34046K(306688K), 0.1994004 secs] 437038K->370481K(2063104K), 0.1998289 secs] [Times: user=0.67 sys=0.00, real=0.20 secs] 
308.320: [GC308.320: [ParNew: 306686K->34046K(306688K), 0.3052128 secs] 643121K->616275K(2063104K), 0.3056824 secs] [Times: user=1.01 sys=0.00, real=0.31 secs] 
308.627: [GC [1 CMS-initial-mark: 582229K(1756416K)] 616973K(2063104K), 0.0208862 secs] [Times: user=0.02 sys=0.00, real=0.02 secs] 
308.648: [CMS-concurrent-mark-start]
308.851: [CMS-concurrent-mark: 0.182/0.203 secs] [Times: user=0.58 sys=0.00, real=0.20 secs] 
308.851: [CMS-concurrent-preclean-start]
308.857: [CMS-concurrent-preclean: 0.005/0.005 secs] [Times: user=0.03 sys=0.00, real=0.01 secs] 
308.857: [CMS-concurrent-abortable-preclean-start]
308.890: [GC308.890: [ParNew: 306686K->34046K(306688K), 0.1150354 secs] 888915K->686399K(2063104K), 0.1155088 secs] [Times: user=0.36 sys=0.00, real=0.12 secs] 
309.240: [GC309.240: [ParNew: 306686K->34046K(306688K), 0.1707409 secs] 959039K->799858K(2063104K), 0.1711966 secs] [Times: user=0.61 sys=0.00, real=0.17 secs] 
309.572: [CMS-concurrent-abortable-preclean: 0.403/0.715 secs] [Times: user=2.14 sys=0.08, real=0.72 secs] 
309.573: [GC[YG occupancy: 213912 K (306688 K)]309.573: [Rescan (parallel) , 0.1045944 secs]309.677: [weak refs processing, 0.0000141 secs]309.677: [scrub string table, 0.0001767 secs] [1 CMS-remark: 765811K(1756416K)] 979724K(2063104K), 0.1049629 secs] [Times: user=0.33 sys=0.00, real=0.11 secs] 
309.678: [CMS-concurrent-sweep-start]
309.753: [GC309.753: [ParNew: 306686K->34046K(306688K), 0.0781754 secs] 1001253K->777099K(2063104K), 0.0786764 secs] [Times: user=0.30 sys=0.00, real=0.08 secs] 
310.064: [GC310.065: [ParNew: 306686K->34046K(306688K), 0.1762810 secs] 832805K->656257K(2063104K), 0.1767422 secs] [Times: user=0.48 sys=0.00, real=0.18 secs] 
310.489: [GC310.490: [ParNew: 306686K->34046K(306688K), 0.1018320 secs] 822959K->609872K(2063104K), 0.1022752 secs] [Times: user=0.36 sys=0.00, real=0.10 secs] 
310.624: [CMS-concurrent-sweep: 0.562/0.946 secs] [Times: user=2.87 sys=0.03, real=0.95 secs] 
310.624: [CMS-concurrent-reset-start]
310.626: [CMS-concurrent-reset: 0.002/0.002 secs] [Times: user=0.00 sys=0.00, real=0.00 secs] 
310.869: [GC310.869: [ParNew: 306686K->34048K(306688K), 0.2601104 secs] 882512K->812725K(2063104K), 0.2605494 secs] [Times: user=0.86 sys=0.00, real=0.26 secs] 
311.130: [GC [1 CMS-initial-mark: 778677K(1756416K)] 812729K(2063104K), 0.0200488 secs] [Times: user=0.02 sys=0.01, real=0.02 secs] 
311.150: [CMS-concurrent-mark-start]
311.331: [CMS-concurrent-mark: 0.181/0.181 secs] [Times: user=0.42 sys=0.05, real=0.18 secs] 
311.331: [CMS-concurrent-preclean-start]
311.335: [CMS-concurrent-preclean: 0.004/0.004 secs] [Times: user=0.03 sys=0.00, real=0.00 secs] 
311.335: [CMS-concurrent-abortable-preclean-start]
311.401: [GC311.401: [ParNew: 306688K->34047K(306688K), 0.2194656 secs] 1085365K->960006K(2063104K), 0.2198379 secs] [Times: user=0.67 sys=0.00, real=0.22 secs] 
311.806: [CMS-concurrent-abortable-preclean: 0.242/0.471 secs] [Times: user=1.33 sys=0.00, real=0.47 secs] 
311.806: [GC[YG occupancy: 252362 K (306688 K)]311.806: [Rescan (parallel) , 0.1453396 secs]311.952: [weak refs processing, 0.0000285 secs]311.952: [scrub string table, 0.0001648 secs] [1 CMS-remark: 925959K(1756416K)] 1178322K(2063104K), 0.1457584 secs] [Times: user=0.48 sys=0.00, real=0.15 secs] 
311.952: [CMS-concurrent-sweep-start]
312.003: [GC312.004: [ParNew: 306687K->34047K(306688K), 0.1667255 secs] 1183136K->1029121K(2063104K), 0.1671860 secs] [Times: user=0.62 sys=0.00, real=0.17 secs] 
312.436: [GC312.436: [ParNew: 306687K->34047K(306688K), 0.2273556 secs] 1110853K->991401K(2063104K), 0.2277991 secs] [Times: user=0.73 sys=0.00, real=0.23 secs] 
312.909: [GC312.909: [ParNew: 306687K->34047K(306688K), 0.1974741 secs] 1035807K->897813K(2063104K), 0.1979430 secs] [Times: user=0.61 sys=0.00, real=0.20 secs] 
313.343: [CMS-concurrent-sweep: 0.773/1.390 secs] [Times: user=4.35 sys=0.19, real=1.39 secs] 
313.343: [CMS-concurrent-reset-start]
313.345: [CMS-concurrent-reset: 0.002/0.002 secs] [Times: user=0.05 sys=0.02, real=0.00 secs] 
313.350: [GC313.351: [ParNew: 306687K->34047K(306688K), 0.1924202 secs] 1049080K->928520K(2063104K), 0.1928468 secs] [Times: user=0.64 sys=0.00, real=0.19 secs] 
313.544: [GC [1 CMS-initial-mark: 894473K(1756416K)] 928561K(2063104K), 0.0202028 secs] [Times: user=0.03 sys=0.00, real=0.02 secs] 
313.564: [CMS-concurrent-mark-start]
313.752: [CMS-concurrent-mark: 0.167/0.188 secs] [Times: user=0.52 sys=0.02, real=0.19 secs] 
313.752: [CMS-concurrent-preclean-start]
313.755: [CMS-concurrent-preclean: 0.003/0.003 secs] [Times: user=0.00 sys=0.00, real=0.00 secs] 
313.756: [CMS-concurrent-abortable-preclean-start]
313.816: [GC313.816: [ParNew: 306687K->34046K(306688K), 0.1650240 secs] 1201160K->1037567K(2063104K), 0.1655536 secs] [Times: user=0.55 sys=0.00, real=0.16 secs] 
314.117: [CMS-concurrent-abortable-preclean: 0.195/0.362 secs] [Times: user=1.19 sys=0.03, real=0.36 secs] 
314.118: [GC[YG occupancy: 184471 K (306688 K)]314.118: [Rescan (parallel) , 0.0684631 secs]314.186: [weak refs processing, 0.0000131 secs]314.186: [scrub string table, 0.0001671 secs] [1 CMS-remark: 1003520K(1756416K)] 1187992K(2063104K), 0.0688495 secs] [Times: user=0.19 sys=0.00, real=0.07 secs] 
314.187: [CMS-concurrent-sweep-start]
314.300: [GC314.300: [ParNew: 306686K->34046K(306688K), 0.2409538 secs] 1204119K->1098769K(2063104K), 0.2413855 secs] [Times: user=0.75 sys=0.00, real=0.24 secs] 
314.785: [GC314.786: [ParNew: 306686K->34046K(306688K), 0.1428803 secs] 1161343K->985800K(2063104K), 0.1433184 secs] [Times: user=0.45 sys=0.00, real=0.14 secs] 
315.170: [GC315.171: [ParNew: 306686K->34046K(306688K), 0.2056159 secs] 1099546K->972415K(2063104K), 0.2060637 secs] [Times: user=0.64 sys=0.00, real=0.21 secs] 
315.619: [GC315.620: [ParNew: 306686K->34046K(306688K), 0.1314316 secs] 1050128K->865479K(2063104K), 0.1318972 secs] [Times: user=0.47 sys=0.00, real=0.13 secs] 
315.816: [CMS-concurrent-sweep: 0.868/1.629 secs] [Times: user=5.01 sys=0.09, real=1.63 secs] 
315.816: [CMS-concurrent-reset-start]
315.818: [CMS-concurrent-reset: 0.002/0.002 secs] [Times: user=0.00 sys=0.00, real=0.00 secs] 
316.022: [GC316.022: [ParNew: 306686K->34046K(306688K), 0.2438900 secs] 1105176K->1030305K(2063104K), 0.2443541 secs] [Times: user=0.84 sys=0.00, real=0.24 secs] 
316.267: [GC [1 CMS-initial-mark: 996258K(1756416K)] 1030310K(2063104K), 0.0204391 secs] [Times: user=0.01 sys=0.00, real=0.02 secs] 
316.288: [CMS-concurrent-mark-start]
316.481: [CMS-concurrent-mark: 0.165/0.193 secs] [Times: user=0.55 sys=0.05, real=0.19 secs] 
316.481: [CMS-concurrent-preclean-start]
316.485: [CMS-concurrent-preclean: 0.003/0.003 secs] [Times: user=0.00 sys=0.00, real=0.00 secs] 
316.485: [CMS-concurrent-abortable-preclean-start]
316.558: [GC316.559: [ParNew: 306686K->34046K(306688K), 0.1915546 secs] 1302945K->1152377K(2063104K), 0.1919889 secs] [Times: user=0.64 sys=0.00, real=0.19 secs] 
316.904: [CMS-concurrent-abortable-preclean: 0.219/0.419 secs] [Times: user=1.28 sys=0.03, real=0.42 secs] 
316.904: [GC[YG occupancy: 215438 K (306688 K)]316.904: [Rescan (parallel) , 0.0666924 secs]316.971: [weak refs processing, 0.0000131 secs]316.971: [scrub string table, 0.0001655 secs] [1 CMS-remark: 1118331K(1756416K)] 1333769K(2063104K), 0.0670660 secs] [Times: user=0.19 sys=0.00, real=0.07 secs] 
316.973: [CMS-concurrent-sweep-start]
317.055: [GC317.055: [ParNew: 306686K->34046K(306688K), 0.1704147 secs] 1345437K->1186965K(2063104K), 0.1708425 secs] [Times: user=0.56 sys=0.00, real=0.17 secs] 
317.479: [GC317.479: [ParNew: 306686K->34046K(306688K), 0.1806636 secs] 1237953K->1079694K(2063104K), 0.1811312 secs] [Times: user=0.59 sys=0.00, real=0.18 secs] 
317.898: [GC317.898: [ParNew: 306686K->34046K(306688K), 0.1730978 secs] 1132302K->986775K(2063104K), 0.1735526 secs] [Times: user=0.62 sys=0.00, real=0.17 secs] 
318.318: [GC318.318: [ParNew: 306686K->34048K(306688K), 0.2131166 secs] 1064068K->949102K(2063104K), 0.2135560 secs] [Times: user=0.75 sys=0.00, real=0.21 secs] 
318.728: [CMS-concurrent-sweep: 0.972/1.755 secs] [Times: user=5.54 sys=0.13, real=1.76 secs] 
318.728: [CMS-concurrent-reset-start]
318.730: [CMS-concurrent-reset: 0.002/0.002 secs] [Times: user=0.00 sys=0.00, real=0.00 secs] 
318.790: [GC318.791: [ParNew: 306688K->34047K(306688K), 0.1630529 secs] 1135681K->981906K(2063104K), 0.1634740 secs] [Times: user=0.50 sys=0.01, real=0.16 secs] 
318.955: [GC [1 CMS-initial-mark: 947858K(1756416K)] 981924K(2063104K), 0.0202720 secs] [Times: user=0.01 sys=0.00, real=0.02 secs] 
318.975: [CMS-concurrent-mark-start]
319.143: [CMS-concurrent-mark: 0.168/0.168 secs] [Times: user=0.50 sys=0.02, real=0.17 secs] 
319.143: [CMS-concurrent-preclean-start]
319.146: [CMS-concurrent-preclean: 0.003/0.003 secs] [Times: user=0.00 sys=0.00, real=0.00 secs] 
319.146: [CMS-concurrent-abortable-preclean-start]
319.212: [GC319.212: [ParNew: 306687K->34047K(306688K), 0.2164088 secs] 1254546K->1130624K(2063104K), 0.2168758 secs] [Times: user=0.69 sys=0.00, real=0.22 secs] 
319.632: [CMS-concurrent-abortable-preclean: 0.247/0.486 secs] [Times: user=1.58 sys=0.00, real=0.49 secs] 
319.633: [GC[YG occupancy: 268708 K (306688 K)]319.633: [Rescan (parallel) , 0.0510826 secs]319.684: [weak refs processing, 0.0000141 secs]319.684: [scrub string table, 0.0001732 secs] [1 CMS-remark: 1096576K(1756416K)] 1365285K(2063104K), 0.0515098 secs] [Times: user=0.14 sys=0.00, real=0.05 secs] 
319.685: [CMS-concurrent-sweep-start]
319.715: [GC319.715: [ParNew: 306687K->34047K(306688K), 0.1268222 secs] 1374484K->1188117K(2063104K), 0.1272680 secs] [Times: user=0.41 sys=0.00, real=0.13 secs] 
320.088: [GC320.088: [ParNew: 306687K->34047K(306688K), 0.2165345 secs] 1229323K->1099804K(2063104K), 0.2169630 secs] [Times: user=0.72 sys=0.00, real=0.22 secs] 
320.560: [GC320.560: [ParNew: 306687K->34047K(306688K), 0.1657255 secs] 1188157K->1034973K(2063104K), 0.1661594 secs] [Times: user=0.56 sys=0.00, real=0.17 secs] 
320.965: [GC320.965: [ParNew: 306687K->34046K(306688K), 0.1804856 secs] 1158263K->1005941K(2063104K), 0.1809455 secs] [Times: user=0.62 sys=0.00, real=0.18 secs] 
321.341: [CMS-concurrent-sweep: 0.943/1.656 secs] [Times: user=5.21 sys=0.08, real=1.66 secs] 
321.341: [CMS-concurrent-reset-start]
321.344: [CMS-concurrent-reset: 0.003/0.003 secs] [Times: user=0.00 sys=0.00, real=0.00 secs] 
321.400: [GC321.401: [ParNew: 306686K->34046K(306688K), 0.2212254 secs] 1117978K->1018258K(2063104K), 0.2216468 secs] [Times: user=0.73 sys=0.00, real=0.22 secs] 
321.622: [GC [1 CMS-initial-mark: 984211K(1756416K)] 1018262K(2063104K), 0.0204013 secs] [Times: user=0.02 sys=0.00, real=0.02 secs] 
321.643: [CMS-concurrent-mark-start]
321.835: [CMS-concurrent-mark: 0.169/0.192 secs] [Times: user=0.56 sys=0.00, real=0.19 secs] 
321.835: [CMS-concurrent-preclean-start]
321.839: [CMS-concurrent-preclean: 0.004/0.004 secs] [Times: user=0.00 sys=0.00, real=0.00 secs] 
321.839: [CMS-concurrent-abortable-preclean-start]
321.893: [GC321.894: [ParNew: 306686K->34046K(306688K), 0.1525468 secs] 1290898K->1122219K(2063104K), 0.1530718 secs] [Times: user=0.51 sys=0.00, real=0.15 secs] 
322.179: [CMS-concurrent-abortable-preclean: 0.186/0.339 secs] [Times: user=1.12 sys=0.03, real=0.34 secs] 
322.179: [GC[YG occupancy: 181192 K (306688 K)]322.179: [Rescan (parallel) , 0.0678925 secs]322.247: [weak refs processing, 0.0000135 secs]322.247: [scrub string table, 0.0001648 secs] [1 CMS-remark: 1088172K(1756416K)] 1269364K(2063104K), 0.0683043 secs] [Times: user=0.20 sys=0.00, real=0.07 secs] 
322.248: [CMS-concurrent-sweep-start]
322.361: [GC322.362: [ParNew: 306686K->34046K(306688K), 0.2355169 secs] 1285444K->1164591K(2063104K), 0.2359448 secs] [Times: user=0.75 sys=0.00, real=0.24 secs] 
322.859: [GC322.859: [ParNew: 306686K->34046K(306688K), 0.1551796 secs] 1224837K->1052390K(2063104K), 0.1556100 secs] [Times: user=0.52 sys=0.00, real=0.16 secs] 
323.265: [GC323.265: [ParNew: 306686K->34046K(306688K), 0.2298264 secs] 1121342K->1014299K(2063104K), 0.2302559 secs] [Times: user=0.81 sys=0.00, real=0.23 secs] 
323.747: [GC323.748: [ParNew: 306686K->34046K(306688K), 0.1597944 secs] 1089376K->932827K(2063104K), 0.1603768 secs] [Times: user=0.58 sys=0.00, real=0.16 secs] 
324.038: [CMS-concurrent-sweep: 0.955/1.791 secs] [Times: user=5.74 sys=0.20, real=1.79 secs] 
324.039: [CMS-concurrent-reset-start]
324.042: [CMS-concurrent-reset: 0.003/0.003 secs] [Times: user=0.00 sys=0.00, real=0.00 secs] 
324.171: [GC324.171: [ParNew: 306686K->34046K(306688K), 0.2431841 secs] 1137311K->1059294K(2063104K), 0.2436398 secs] [Times: user=0.83 sys=0.00, real=0.24 secs] 
324.415: [GC [1 CMS-initial-mark: 1025248K(1756416K)] 1059297K(2063104K), 0.0200347 secs] [Times: user=0.01 sys=0.00, real=0.02 secs] 
324.435: [CMS-concurrent-mark-start]
324.624: [CMS-concurrent-mark: 0.167/0.188 secs] [Times: user=0.61 sys=0.05, real=0.19 secs] 
324.624: [CMS-concurrent-preclean-start]
324.627: [CMS-concurrent-preclean: 0.003/0.003 secs] [Times: user=0.00 sys=0.00, real=0.00 secs] 
324.627: [CMS-concurrent-abortable-preclean-start]
324.684: [GC324.684: [ParNew: 306686K->34046K(306688K), 0.1601642 secs] 1331934K->1165470K(2063104K), 0.1606462 secs] [Times: user=0.56 sys=0.00, real=0.16 secs] 
324.978: [CMS-concurrent-abortable-preclean: 0.189/0.350 secs] [Times: user=1.14 sys=0.02, real=0.35 secs] 
324.978: [GC[YG occupancy: 185576 K (306688 K)]324.978: [Rescan (parallel) , 0.0408757 secs]325.019: [weak refs processing, 0.0000128 secs]325.019: [scrub string table, 0.0001658 secs] [1 CMS-remark: 1131424K(1756416K)] 1317000K(2063104K), 0.0413379 secs] [Times: user=0.17 sys=0.00, real=0.04 secs] 
325.020: [CMS-concurrent-sweep-start]
325.128: [GC325.128: [ParNew: 306686K->34046K(306688K), 0.2057583 secs] 1333890K->1203194K(2063104K), 0.2061907 secs] [Times: user=0.69 sys=0.01, real=0.21 secs] 
325.580: [GC325.580: [ParNew: 306686K->34046K(306688K), 0.1500650 secs] 1264219K->1090388K(2063104K), 0.1505253 secs] [Times: user=0.50 sys=0.00, real=0.15 secs] 
325.971: [GC325.972: [ParNew: 306686K->34048K(306688K), 0.1836053 secs] 1137396K->1001577K(2063104K), 0.1841720 secs] [Times: user=0.66 sys=0.00, real=0.18 secs] 
326.404: [GC326.404: [ParNew: 306688K->34047K(306688K), 0.2207414 secs] 1109506K->1000555K(2063104K), 0.2211888 secs] [Times: user=0.76 sys=0.00, real=0.22 secs] 
326.840: [CMS-concurrent-sweep: 1.001/1.820 secs] [Times: user=5.77 sys=0.08, real=1.82 secs] 
326.840: [CMS-concurrent-reset-start]
326.842: [CMS-concurrent-reset: 0.002/0.002 secs] [Times: user=0.00 sys=0.00, real=0.00 secs] 
326.899: [GC326.899: [ParNew: 306687K->34047K(306688K), 0.1506260 secs] 1146165K->985645K(2063104K), 0.1510990 secs] [Times: user=0.42 sys=0.00, real=0.15 secs] 
327.051: [GC [1 CMS-initial-mark: 951598K(1756416K)] 985657K(2063104K), 0.0201752 secs] [Times: user=0.01 sys=0.00, real=0.02 secs] 
327.071: [CMS-concurrent-mark-start]
327.233: [CMS-concurrent-mark: 0.162/0.162 secs] [Times: user=0.51 sys=0.06, real=0.16 secs] 
327.233: [CMS-concurrent-preclean-start]
327.236: [CMS-concurrent-preclean: 0.003/0.003 secs] [Times: user=0.00 sys=0.00, real=0.00 secs] 
327.236: [CMS-concurrent-abortable-preclean-start]
327.319: [GC327.319: [ParNew: 306687K->34047K(306688K), 0.2265092 secs] 1258285K->1149059K(2063104K), 0.2269380 secs] [Times: user=0.78 sys=0.00, real=0.23 secs] 
327.770: [CMS-concurrent-abortable-preclean: 0.280/0.533 secs] [Times: user=1.73 sys=0.02, real=0.53 secs] 
327.770: [GC[YG occupancy: 268365 K (306688 K)]327.770: [Rescan (parallel) , 0.0865071 secs]327.857: [weak refs processing, 0.0000122 secs]327.857: [scrub string table, 0.0001613 secs] [1 CMS-remark: 1115012K(1756416K)] 1383377K(2063104K), 0.0868830 secs] [Times: user=0.33 sys=0.00, real=0.09 secs] 
327.857: [CMS-concurrent-sweep-start]
327.891: [GC327.891: [ParNew: 306687K->34047K(306688K), 0.1759494 secs] 1389959K->1236045K(2063104K), 0.1764375 secs] [Times: user=0.61 sys=0.00, real=0.18 secs] 
328.315: [GC328.315: [ParNew: 306687K->34046K(306688K), 0.2338136 secs] 1273312K->1154352K(2063104K), 0.2343088 secs] [Times: user=0.75 sys=0.00, real=0.23 secs] 
328.802: [GC328.802: [ParNew: 306686K->34046K(306688K), 0.1611963 secs] 1229257K->1071713K(2063104K), 0.1616270 secs] [Times: user=0.56 sys=0.00, real=0.16 secs] 
329.205: [GC329.206: [ParNew: 306686K->34046K(306688K), 0.1913628 secs] 1163645K->1034016K(2063104K), 0.1918000 secs] [Times: user=0.67 sys=0.00, real=0.19 secs] 
329.630: [CMS-concurrent-sweep: 0.962/1.773 secs] [Times: user=5.62 sys=0.14, real=1.77 secs] 
329.630: [CMS-concurrent-reset-start]
329.633: [CMS-concurrent-reset: 0.003/0.003 secs] [Times: user=0.05 sys=0.00, real=0.00 secs] 
329.660: [GC329.660: [ParNew: 306686K->34046K(306688K), 0.1677274 secs] 1192529K->1049245K(2063104K), 0.1681556 secs] [Times: user=0.61 sys=0.00, real=0.17 secs] 
329.829: [GC [1 CMS-initial-mark: 1015198K(1756416K)] 1049248K(2063104K), 0.0201980 secs] [Times: user=0.01 sys=0.00, real=0.02 secs] 
329.849: [CMS-concurrent-mark-start]
330.021: [CMS-concurrent-mark: 0.171/0.171 secs] [Times: user=0.53 sys=0.05, real=0.17 secs] 
330.021: [CMS-concurrent-preclean-start]
330.025: [CMS-concurrent-preclean: 0.004/0.004 secs] [Times: user=0.05 sys=0.00, real=0.00 secs] 
330.025: [CMS-concurrent-abortable-preclean-start]
330.088: [GC330.088: [ParNew: 306686K->34046K(306688K), 0.1817624 secs] 1321885K->1174308K(2063104K), 0.1821967 secs] [Times: user=0.61 sys=0.00, real=0.18 secs] 
330.423: [CMS-concurrent-abortable-preclean: 0.214/0.398 secs] [Times: user=1.20 sys=0.09, real=0.40 secs] 
330.423: [GC[YG occupancy: 200980 K (306688 K)]330.423: [Rescan (parallel) , 0.0533315 secs]330.477: [weak refs processing, 0.0000122 secs]330.477: [scrub string table, 0.0001632 secs] [1 CMS-remark: 1140262K(1756416K)] 1341243K(2063104K), 0.0537302 secs] [Times: user=0.23 sys=0.00, real=0.05 secs] 
330.477: [CMS-concurrent-sweep-start]
330.589: [GC330.590: [ParNew: 306686K->34046K(306688K), 0.1799327 secs] 1369533K->1222492K(2063104K), 0.1804125 secs] [Times: user=0.61 sys=0.00, real=0.18 secs] 
331.011: [GC331.011: [ParNew: 306686K->34046K(306688K), 0.2167581 secs] 1269606K->1139655K(2063104K), 0.2172128 secs] [Times: user=0.69 sys=0.00, real=0.22 secs] 
331.476: [GC331.476: [ParNew: 306686K->34046K(306688K), 0.2217956 secs] 1210470K->1094111K(2063104K), 0.2223142 secs] [Times: user=0.75 sys=0.00, real=0.22 secs] 
331.933: [GC331.933: [ParNew: 306686K->34046K(306688K), 0.1060238 secs] 1216772K->1011811K(2063104K), 0.1064574 secs] [Times: user=0.36 sys=0.00, real=0.11 secs] 
332.250: [CMS-concurrent-sweep: 0.997/1.773 secs] [Times: user=5.44 sys=0.23, real=1.77 secs] 
332.250: [CMS-concurrent-reset-start]
332.254: [CMS-concurrent-reset: 0.003/0.003 secs] [Times: user=0.05 sys=0.00, real=0.00 secs] 
332.290: [GC332.290: [ParNew: 306686K->34046K(306688K), 0.2071897 secs] 1113554K->1001690K(2063104K), 0.2076175 secs] [Times: user=0.69 sys=0.00, real=0.21 secs] 
332.498: [GC [1 CMS-initial-mark: 967644K(1756416K)] 1001698K(2063104K), 0.0202467 secs] [Times: user=0.03 sys=0.00, real=0.02 secs] 
332.518: [CMS-concurrent-mark-start]
332.701: [CMS-concurrent-mark: 0.165/0.183 secs] [Times: user=0.47 sys=0.02, real=0.18 secs] 
332.701: [CMS-concurrent-preclean-start]
332.705: [CMS-concurrent-preclean: 0.003/0.003 secs] [Times: user=0.05 sys=0.00, real=0.00 secs] 
332.705: [CMS-concurrent-abortable-preclean-start]
332.763: [GC332.763: [ParNew: 306686K->34046K(306688K), 0.1543393 secs] 1274330K->1104056K(2063104K), 0.1547732 secs] [Times: user=0.53 sys=0.00, real=0.15 secs] 
333.050: [CMS-concurrent-abortable-preclean: 0.190/0.345 secs] [Times: user=1.14 sys=0.05, real=0.35 secs] 
333.051: [GC[YG occupancy: 184417 K (306688 K)]333.051: [Rescan (parallel) , 0.0794272 secs]333.130: [weak refs processing, 0.0000135 secs]333.130: [scrub string table, 0.0001703 secs] [1 CMS-remark: 1070010K(1756416K)] 1254428K(2063104K), 0.0798695 secs] [Times: user=0.30 sys=0.00, real=0.08 secs] 
333.131: [CMS-concurrent-sweep-start]
333.245: [GC333.245: [ParNew: 306686K->34048K(306688K), 0.2335461 secs] 1267269K->1159851K(2063104K), 0.2340683 secs] [Times: user=0.78 sys=0.00, real=0.23 secs] 
333.728: [GC333.729: [ParNew: 306688K->34047K(306688K), 0.1640391 secs] 1220595K->1054051K(2063104K), 0.1644766 secs] [Times: user=0.58 sys=0.00, real=0.16 secs] 
334.134: [GC334.134: [ParNew: 306687K->34047K(306688K), 0.1825074 secs] 1132679K->991631K(2063104K), 0.1829382 secs] [Times: user=0.64 sys=0.00, real=0.18 secs] 
334.581: [GC334.581: [ParNew: 306687K->34047K(306688K), 0.1910136 secs] 1081797K->948639K(2063104K), 0.1914542 secs] [Times: user=0.62 sys=0.00, real=0.19 secs] 
334.909: [CMS-concurrent-sweep: 0.957/1.778 secs] [Times: user=5.57 sys=0.17, real=1.78 secs] 
334.909: [CMS-concurrent-reset-start]
334.911: [CMS-concurrent-reset: 0.002/0.002 secs] [Times: user=0.00 sys=0.00, real=0.00 secs] 
335.029: [GC335.030: [ParNew: 306687K->34047K(306688K), 0.2221057 secs] 1140310K->1037806K(2063104K), 0.2225631 secs] [Times: user=0.72 sys=0.01, real=0.22 secs] 
335.252: [GC [1 CMS-initial-mark: 1003759K(1756416K)] 1037819K(2063104K), 0.0201720 secs] [Times: user=0.02 sys=0.00, real=0.02 secs] 
335.273: [CMS-concurrent-mark-start]
335.437: [CMS-concurrent-mark: 0.164/0.164 secs] [Times: user=0.55 sys=0.03, real=0.16 secs] 
335.437: [CMS-concurrent-preclean-start]
335.440: [CMS-concurrent-preclean: 0.003/0.003 secs] [Times: user=0.00 sys=0.00, real=0.00 secs] 
335.441: [CMS-concurrent-abortable-preclean-start]
335.518: [GC335.518: [ParNew: 306687K->34047K(306688K), 0.2073966 secs] 1310446K->1184722K(2063104K), 0.2078202 secs] [Times: user=0.69 sys=0.00, real=0.21 secs] 
335.935: [CMS-concurrent-abortable-preclean: 0.258/0.495 secs] [Times: user=1.54 sys=0.03, real=0.49 secs] 
335.935: [GC[YG occupancy: 252825 K (306688 K)]335.936: [Rescan (parallel) , 0.0620958 secs]335.998: [weak refs processing, 0.0000131 secs]335.998: [scrub string table, 0.0001700 secs] [1 CMS-remark: 1150675K(1756416K)] 1403500K(2063104K), 0.0625317 secs] [Times: user=0.23 sys=0.00, real=0.06 secs] 
335.998: [CMS-concurrent-sweep-start]
336.046: [GC336.046: [ParNew: 306687K->34046K(306688K), 0.1607476 secs] 1411668K->1246816K(2063104K), 0.1613512 secs] [Times: user=0.53 sys=0.00, real=0.16 secs] 
336.454: [GC336.454: [ParNew: 306686K->34046K(306688K), 0.2412386 secs] 1284536K->1172595K(2063104K), 0.2416693 secs] [Times: user=0.78 sys=0.00, real=0.24 secs] 
336.956: [GC336.956: [ParNew: 306686K->34046K(306688K), 0.1546109 secs] 1248388K->1087128K(2063104K), 0.1550683 secs] [Times: user=0.52 sys=0.00, real=0.15 secs] 
337.355: [GC337.355: [ParNew: 306686K->34046K(306688K), 0.2203168 secs] 1185939K->1073318K(2063104K), 0.2208309 secs] [Times: user=0.69 sys=0.00, real=0.22 secs] 
337.826: [GC337.826: [ParNew: 306686K->34046K(306688K), 0.1323758 secs] 1186011K->998343K(2063104K), 0.1328382 secs] [Times: user=0.41 sys=0.01, real=0.13 secs] 
337.968: [CMS-concurrent-sweep: 1.005/1.969 secs] [Times: user=6.18 sys=0.14, real=1.97 secs] 
337.968: [CMS-concurrent-reset-start]
337.970: [CMS-concurrent-reset: 0.002/0.002 secs] [Times: user=0.00 sys=0.00, real=0.00 secs] 
338.240: [GC338.241: [ParNew: 306686K->34046K(306688K), 0.2765877 secs] 1270983K->1216536K(2063104K), 0.2770319 secs] [Times: user=0.95 sys=0.00, real=0.28 secs] 
338.518: [GC [1 CMS-initial-mark: 1182489K(1756416K)] 1216546K(2063104K), 0.0201915 secs] [Times: user=0.02 sys=0.00, real=0.02 secs] 
338.538: [CMS-concurrent-mark-start]
338.725: [CMS-concurrent-mark: 0.161/0.186 secs] [Times: user=0.50 sys=0.03, real=0.19 secs] 
338.725: [CMS-concurrent-preclean-start]
338.728: [CMS-concurrent-preclean: 0.003/0.003 secs] [Times: user=0.06 sys=0.00, real=0.00 secs] 
338.728: [CMS-concurrent-abortable-preclean-start]
338.791: [GC338.792: [ParNew: 306686K->34046K(306688K), 0.1656533 secs] 1489176K->1324337K(2063104K), 0.1660763 secs] [Times: user=0.55 sys=0.00, real=0.17 secs] 
339.093: [CMS-concurrent-abortable-preclean: 0.198/0.365 secs] [Times: user=1.19 sys=0.00, real=0.37 secs] 
339.093: [GC[YG occupancy: 189562 K (306688 K)]339.094: [Rescan (parallel) , 0.0774041 secs]339.171: [weak refs processing, 0.0000128 secs]339.171: [scrub string table, 0.0001684 secs] [1 CMS-remark: 1290291K(1756416K)] 1479853K(2063104K), 0.0777806 secs] [Times: user=0.28 sys=0.00, real=0.08 secs] 
339.171: [CMS-concurrent-sweep-start]
339.281: [GC339.282: [ParNew: 306686K->34046K(306688K), 0.2281077 secs] 1490013K->1368919K(2063104K), 0.2285387 secs] [Times: user=0.78 sys=0.00, real=0.23 secs] 
339.761: [GC339.762: [ParNew: 306686K->34046K(306688K), 0.1750446 secs] 1418887K->1266000K(2063104K), 0.1755228 secs] [Times: user=0.50 sys=0.00, real=0.18 secs] 
340.178: [GC340.178: [ParNew: 306686K->34046K(306688K), 0.1981865 secs] 1305823K->1178453K(2063104K), 0.1986422 secs] [Times: user=0.59 sys=0.00, real=0.20 secs] 
340.636: [GC340.637: [ParNew: 306686K->34048K(306688K), 0.1640827 secs] 1266484K->1113116K(2063104K), 0.1645715 secs] [Times: user=0.56 sys=0.00, real=0.16 secs] 
341.046: [GC341.046: [ParNew: 306688K->34047K(306688K), 0.1989899 secs] 1176735K->1050443K(2063104K), 0.1994312 secs] [Times: user=0.70 sys=0.00, real=0.20 secs] 
341.347: [CMS-concurrent-sweep: 1.161/2.175 secs] [Times: user=6.93 sys=0.22, real=2.17 secs] 
341.347: [CMS-concurrent-reset-start]
341.349: [CMS-concurrent-reset: 0.002/0.002 secs] [Times: user=0.00 sys=0.00, real=0.00 secs] 
341.515: [GC341.515: [ParNew: 306687K->34047K(306688K), 0.2553679 secs] 1283165K->1211119K(2063104K), 0.2557887 secs] [Times: user=0.89 sys=0.00, real=0.26 secs] 
341.771: [GC [1 CMS-initial-mark: 1177072K(1756416K)] 1211119K(2063104K), 0.0205071 secs] [Times: user=0.02 sys=0.00, real=0.02 secs] 
341.792: [CMS-concurrent-mark-start]
342.000: [CMS-concurrent-mark: 0.189/0.208 secs] [Times: user=0.58 sys=0.02, real=0.21 secs] 
342.000: [CMS-concurrent-preclean-start]
342.003: [CMS-concurrent-preclean: 0.003/0.003 secs] [Times: user=0.05 sys=0.00, real=0.00 secs] 
342.004: [CMS-concurrent-abortable-preclean-start]
342.040: [GC342.041: [ParNew: 306687K->34047K(306688K), 0.1595195 secs] 1483759K->1317085K(2063104K), 0.1599410 secs] [Times: user=0.53 sys=0.00, real=0.16 secs] 
342.333: [CMS-concurrent-abortable-preclean: 0.169/0.330 secs] [Times: user=1.06 sys=0.03, real=0.33 secs] 
342.334: [GC[YG occupancy: 182133 K (306688 K)]342.334: [Rescan (parallel) , 0.0357365 secs]342.370: [weak refs processing, 0.0000128 secs]342.370: [scrub string table, 0.0001818 secs] [1 CMS-remark: 1283038K(1756416K)] 1465171K(2063104K), 0.0362772 secs] [Times: user=0.09 sys=0.00, real=0.04 secs] 
342.370: [CMS-concurrent-sweep-start]
342.482: [GC342.482: [ParNew: 306687K->34047K(306688K), 0.2249249 secs] 1483000K->1367615K(2063104K), 0.2253521 secs] [Times: user=0.61 sys=0.00, real=0.23 secs] 
342.959: [GC342.959: [ParNew: 306687K->34047K(306688K), 0.1625160 secs] 1419846K->1252263K(2063104K), 0.1629734 secs] [Times: user=0.45 sys=0.00, real=0.16 secs] 
343.367: [GC343.367: [ParNew: 306687K->34046K(306688K), 0.2138510 secs] 1294082K->1176349K(2063104K), 0.2142882 secs] [Times: user=0.69 sys=0.00, real=0.21 secs] 
343.835: [GC343.835: [ParNew: 306686K->34046K(306688K), 0.1606526 secs] 1264591K->1106209K(2063104K), 0.1611700 secs] [Times: user=0.50 sys=0.00, real=0.16 secs] 
344.242: [GC344.242: [ParNew: 306686K->34046K(306688K), 0.1954767 secs] 1228006K->1097572K(2063104K), 0.1960918 secs] [Times: user=0.70 sys=0.00, real=0.20 secs] 
344.531: [CMS-concurrent-sweep: 1.153/2.161 secs] [Times: user=6.27 sys=0.22, real=2.16 secs] 
344.532: [CMS-concurrent-reset-start]
344.533: [CMS-concurrent-reset: 0.002/0.002 secs] [Times: user=0.00 sys=0.00, real=0.00 secs] 
344.582: [GC [1 CMS-initial-mark: 973237K(1756416K)] 1142475K(2063104K), 0.1016328 secs] [Times: user=0.09 sys=0.00, real=0.10 secs] 
344.684: [CMS-concurrent-mark-start]
344.794: [GC344.794: [ParNew: 306686K->34046K(306688K), 0.1887798 secs] 1279924K->1135323K(2063104K), 0.1892278 secs] [Times: user=0.61 sys=0.00, real=0.19 secs] 
345.223: [CMS-concurrent-mark: 0.350/0.540 secs] [Times: user=1.70 sys=0.05, real=0.54 secs] 
345.224: [GC345.224: [ParNew: 306686K->34046K(306688K), 0.2011178 secs] 1407963K->1275793K(2063104K), 0.2015668 secs] [Times: user=0.69 sys=0.00, real=0.20 secs] 
345.426: [CMS-concurrent-preclean-start]
345.620: [CMS-concurrent-preclean: 0.168/0.193 secs] [Times: user=0.58 sys=0.02, real=0.19 secs] 
345.620: [CMS-concurrent-abortable-preclean-start]
345.682: [GC345.682: [ParNew: 306686K->34046K(306688K), 0.1798811 secs] 1548433K->1396281K(2063104K), 0.1803205 secs] [Times: user=0.64 sys=0.00, real=0.18 secs] 
346.009: [CMS-concurrent-abortable-preclean: 0.208/0.389 secs] [Times: user=1.22 sys=0.09, real=0.39 secs] 
346.009: [GC[YG occupancy: 200960 K (306688 K)]346.009: [Rescan (parallel) , 0.1090056 secs]346.118: [weak refs processing, 0.0000131 secs]346.118: [scrub string table, 0.0001626 secs] [1 CMS-remark: 1362235K(1756416K)] 1563195K(2063104K), 0.1094138 secs] [Times: user=0.42 sys=0.00, real=0.11 secs] 
346.119: [CMS-concurrent-sweep-start]
346.212: [GC346.212: [ParNew: 306686K->34046K(306688K), 0.2192462 secs] 1579592K->1456306K(2063104K), 0.2196801 secs] [Times: user=0.76 sys=0.00, real=0.22 secs] 
346.701: [GC346.701: [ParNew: 306686K->34046K(306688K), 0.1470099 secs] 1514015K->1336837K(2063104K), 0.1474422 secs] [Times: user=0.45 sys=0.00, real=0.15 secs] 
347.089: [GC347.089: [ParNew: 306686K->34046K(306688K), 0.1978799 secs] 1419561K->1288844K(2063104K), 0.1983183 secs] [Times: user=0.62 sys=0.00, real=0.20 secs] 
347.532: [GC347.532: [ParNew: 306686K->34046K(306688K), 0.2164290 secs] 1420067K->1302273K(2063104K), 0.2168735 secs] [Times: user=0.67 sys=0.00, real=0.22 secs] 
348.009: [GC348.009: [ParNew: 306686K->34048K(306688K), 0.1755725 secs] 1427805K->1279396K(2063104K), 0.1760411 secs] [Times: user=0.58 sys=0.00, real=0.18 secs] 
348.222: [CMS-concurrent-sweep: 1.078/2.103 secs] [Times: user=6.58 sys=0.23, real=2.10 secs] 
348.223: [CMS-concurrent-reset-start]
348.225: [CMS-concurrent-reset: 0.002/0.002 secs] [Times: user=0.00 sys=0.00, real=0.00 secs] 
348.461: [GC348.461: [ParNew: 306688K->34047K(306688K), 0.2706864 secs] 1552036K->1494523K(2063104K), 0.2711345 secs] [Times: user=0.92 sys=0.00, real=0.27 secs] 
348.732: [GC [1 CMS-initial-mark: 1460476K(1756416K)] 1494527K(2063104K), 0.0203689 secs] [Times: user=0.02 sys=0.00, real=0.02 secs] 
348.753: [CMS-concurrent-mark-start]
348.950: [CMS-concurrent-mark: 0.175/0.198 secs] [Times: user=0.58 sys=0.00, real=0.20 secs] 
348.951: [CMS-concurrent-preclean-start]
348.954: [CMS-concurrent-preclean: 0.003/0.003 secs] [Times: user=0.00 sys=0.00, real=0.00 secs] 
348.954: [CMS-concurrent-abortable-preclean-start]
349.005: [GC349.005: [ParNew: 306687K->34047K(306688K), 0.1669699 secs] 1767163K->1601237K(2063104K), 0.1674131 secs] [Times: user=0.59 sys=0.00, real=0.17 secs] 
349.310: [CMS-concurrent-abortable-preclean: 0.188/0.356 secs] [Times: user=1.14 sys=0.02, real=0.36 secs] 
349.311: [GC[YG occupancy: 203333 K (306688 K)]349.311: [Rescan (parallel) , 0.1140774 secs]349.425: [weak refs processing, 0.0000128 secs]349.425: [scrub string table, 0.0001671 secs] [1 CMS-remark: 1567190K(1756416K)] 1770523K(2063104K), 0.1144722 secs] [Times: user=0.41 sys=0.00, real=0.12 secs] 
349.426: [CMS-concurrent-sweep-start]
349.518: [GC349.519: [ParNew: 306687K->34047K(306688K), 0.1635324 secs] 1785866K->1620643K(2063104K), 0.1639625 secs] [Times: user=0.56 sys=0.00, real=0.16 secs] 
349.935: [GC349.935: [ParNew: 306687K->34047K(306688K), 0.1801133 secs] 1672907K->1516158K(2063104K), 0.1805629 secs] [Times: user=0.61 sys=0.00, real=0.18 secs] 
350.364: [GC350.364: [ParNew: 306687K->34046K(306688K), 0.2047551 secs] 1547550K->1427930K(2063104K), 0.2052112 secs] [Times: user=0.70 sys=0.00, real=0.21 secs] 
350.821: [GC350.822: [ParNew: 306686K->34046K(306688K), 0.1654820 secs] 1477029K->1322931K(2063104K), 0.1659083 secs] [Times: user=0.58 sys=0.00, real=0.17 secs] 
351.232: [GC351.232: [ParNew: 306686K->34046K(306688K), 0.2040758 secs] 1396298K->1276205K(2063104K), 0.2045543 secs] [Times: user=0.65 sys=0.00, real=0.20 secs] 
351.695: [GC351.696: [ParNew: 306686K->34046K(306688K), 0.1634121 secs] 1332558K->1174313K(2063104K), 0.1639500 secs] [Times: user=0.50 sys=0.00, real=0.16 secs] 
352.012: [CMS-concurrent-sweep: 1.435/2.587 secs] [Times: user=8.14 sys=0.20, real=2.59 secs] 
352.012: [CMS-concurrent-reset-start]
352.014: [CMS-concurrent-reset: 0.002/0.002 secs] [Times: user=0.00 sys=0.00, real=0.00 secs] 
352.105: [GC352.106: [ParNew: 306686K->34046K(306688K), 0.1930777 secs] 1364410K->1245043K(2063104K), 0.1935110 secs] [Times: user=0.67 sys=0.00, real=0.19 secs] 
352.299: [GC [1 CMS-initial-mark: 1210997K(1756416K)] 1245050K(2063104K), 0.0202550 secs] [Times: user=0.01 sys=0.00, real=0.02 secs] 
352.320: [CMS-concurrent-mark-start]
352.483: [CMS-concurrent-mark: 0.163/0.163 secs] [Times: user=0.51 sys=0.01, real=0.16 secs] 
352.483: [CMS-concurrent-preclean-start]
352.486: [CMS-concurrent-preclean: 0.003/0.003 secs] [Times: user=0.03 sys=0.02, real=0.00 secs] 
352.487: [CMS-concurrent-abortable-preclean-start]
352.567: [GC352.567: [ParNew: 306686K->34046K(306688K), 0.2368813 secs] 1517683K->1410642K(2063104K), 0.2373566 secs] [Times: user=0.81 sys=0.00, real=0.24 secs] 
353.031: [CMS-concurrent-abortable-preclean: 0.280/0.544 secs] [Times: user=1.67 sys=0.06, real=0.54 secs] 
353.031: [GC[YG occupancy: 275954 K (306688 K)]353.031: [Rescan (parallel) , 0.0730170 secs]353.104: [weak refs processing, 0.0000148 secs]353.104: [scrub string table, 0.0001979 secs] [1 CMS-remark: 1376595K(1756416K)] 1652550K(2063104K), 0.0734621 secs] [Times: user=0.25 sys=0.00, real=0.07 secs] 
353.105: [CMS-concurrent-sweep-start]
353.132: [GC353.132: [ParNew: 306686K->34046K(306688K), 0.1460253 secs] 1657549K->1490210K(2063104K), 0.1465965 secs] [Times: user=0.50 sys=0.00, real=0.15 secs] 
353.528: [GC353.528: [ParNew: 306686K->34046K(306688K), 0.2159684 secs] 1523882K->1409214K(2063104K), 0.2164053 secs] [Times: user=0.75 sys=0.00, real=0.22 secs] 
353.998: [GC353.998: [ParNew: 306686K->34046K(306688K), 0.1634596 secs] 1459942K->1296883K(2063104K), 0.1639230 secs] [Times: user=0.55 sys=0.00, real=0.16 secs] 
354.412: [GC354.412: [ParNew: 306686K->34046K(306688K), 0.1990437 secs] 1351531K->1220853K(2063104K), 0.1995287 secs] [Times: user=0.62 sys=0.02, real=0.20 secs] 
354.871: [GC354.871: [ParNew: 306686K->34048K(306688K), 0.1778012 secs] 1344139K->1201191K(2063104K), 0.1783618 secs] [Times: user=0.59 sys=0.00, real=0.18 secs] 
355.294: [GC355.294: [ParNew: 306688K->34047K(306688K), 0.2117247 secs] 1369078K->1254114K(2063104K), 0.2121480 secs] [Times: user=0.72 sys=0.00, real=0.21 secs] 
355.566: [CMS-concurrent-sweep: 1.297/2.461 secs] [Times: user=8.06 sys=0.23, real=2.46 secs] 
355.566: [CMS-concurrent-reset-start]
355.568: [CMS-concurrent-reset: 0.002/0.002 secs] [Times: user=0.00 sys=0.00, real=0.00 secs] 
355.671: [GC [1 CMS-initial-mark: 1158713K(1756416K)] 1344004K(2063104K), 0.1110691 secs] [Times: user=0.11 sys=0.00, real=0.11 secs] 
355.782: [CMS-concurrent-mark-start]
355.881: [GC355.881: [ParNew: 306687K->34047K(306688K), 0.2005409 secs] 1465400K->1331992K(2063104K), 0.2011108 secs] [Times: user=0.66 sys=0.00, real=0.20 secs] 
356.324: [GC356.325: [ParNew: 306687K->34047K(306688K), 0.2224075 secs] 1604632K->1488481K(2063104K), 0.2228665 secs] [Times: user=0.75 sys=0.00, real=0.22 secs] 
356.805: [GC356.805: [ParNew: 306687K->34047K(306688K), 0.1558550 secs] 1761121K->1595477K(2063104K), 0.1562867 secs] [Times: user=0.58 sys=0.00, real=0.16 secs] 
357.108: [CMS-concurrent-mark: 0.716/1.326 secs] [Times: user=4.26 sys=0.03, real=1.33 secs] 
357.108: [CMS-concurrent-preclean-start]
357.120: [CMS-concurrent-preclean: 0.011/0.011 secs] [Times: user=0.05 sys=0.00, real=0.01 secs] 
357.120: [CMS-concurrent-abortable-preclean-start]
357.201: [GC357.202: [ParNew: 306687K->34047K(306688K), 0.2128706 secs] 1868117K->1731885K(2063104K), 0.2133514 secs] [Times: user=0.70 sys=0.00, real=0.21 secs] 
357.581: [CMS-concurrent-abortable-preclean: 0.247/0.461 secs] [Times: user=1.42 sys=0.08, real=0.46 secs] 
357.581: [GC[YG occupancy: 216480 K (306688 K)]357.581: [Rescan (parallel) , 0.0953150 secs]357.677: [weak refs processing, 0.0000122 secs]357.677: [scrub string table, 0.0001822 secs] [1 CMS-remark: 1697838K(1756416K)] 1914319K(2063104K), 0.0957181 secs] [Times: user=0.31 sys=0.00, real=0.10 secs] 
357.677: [CMS-concurrent-sweep-start]
357.773: [GC357.773: [ParNew: 306687K->306687K(306688K), 0.0000221 secs]357.773: [CMS359.009: [CMS-concurrent-sweep: 1.301/1.332 secs] [Times: user=1.40 sys=0.00, real=1.33 secs] 
 (concurrent mode failure): 1631690K->166743K(1756416K), 2.0808682 secs] 1938377K->166743K(2063104K), [CMS Perm : 7368K->7368K(21248K)], 2.0813040 secs] [Times: user=2.03 sys=0.00, real=2.08 secs] 
360.136: [GC360.136: [ParNew: 272640K->34046K(306688K), 0.2494230 secs] 439383K->412722K(2063104K), 0.2499711 secs] [Times: user=0.83 sys=0.00, real=0.25 secs] 
360.687: [GC360.687: [ParNew: 306686K->34046K(306688K), 0.2812083 secs] 685362K->637398K(2063104K), 0.2816509 secs] [Times: user=0.97 sys=0.00, real=0.28 secs] 
360.969: [GC [1 CMS-initial-mark: 603352K(1756416K)] 637443K(2063104K), 0.0204497 secs] [Times: user=0.03 sys=0.00, real=0.02 secs] 
360.989: [CMS-concurrent-mark-start]
361.176: [CMS-concurrent-mark: 0.186/0.186 secs] [Times: user=0.55 sys=0.03, real=0.19 secs] 
361.176: [CMS-concurrent-preclean-start]
361.180: [CMS-concurrent-preclean: 0.003/0.003 secs] [Times: user=0.00 sys=0.00, real=0.00 secs] 
361.180: [CMS-concurrent-abortable-preclean-start]
361.208: [GC361.208: [ParNew: 306686K->34046K(306688K), 0.1245928 secs] 910038K->715786K(2063104K), 0.1250140 secs] [Times: user=0.45 sys=0.00, real=0.13 secs] 
361.580: [GC361.580: [ParNew: 306686K->34046K(306688K), 0.2411658 secs] 988426K->874339K(2063104K), 0.2416549 secs] [Times: user=0.81 sys=0.00, real=0.24 secs] 
362.036: [CMS-concurrent-abortable-preclean: 0.464/0.857 secs] [Times: user=2.84 sys=0.11, real=0.86 secs] 
362.037: [GC[YG occupancy: 262355 K (306688 K)]362.037: [Rescan (parallel) , 0.0921325 secs]362.129: [weak refs processing, 0.0000180 secs]362.129: [scrub string table, 0.0001632 secs] [1 CMS-remark: 840292K(1756416K)] 1102648K(2063104K), 0.0925295 secs] [Times: user=0.34 sys=0.00, real=0.09 secs] 
362.129: [CMS-concurrent-sweep-start]
362.168: [GC362.168: [ParNew: 306686K->34046K(306688K), 0.1532142 secs] 1109923K->944200K(2063104K), 0.1537049 secs] [Times: user=0.53 sys=0.00, real=0.15 secs] 
362.567: [GC362.567: [ParNew: 306686K->34046K(306688K), 0.2344993 secs] 984438K->872799K(2063104K), 0.2349319 secs] [Times: user=0.78 sys=0.00, real=0.24 secs] 
363.063: [GC363.063: [ParNew: 306686K->34046K(306688K), 0.1599121 secs] 1000763K->839384K(2063104K), 0.1603957 secs] [Times: user=0.50 sys=0.02, real=0.16 secs] 
363.358: [CMS-concurrent-sweep: 0.650/1.229 secs] [Times: user=3.98 sys=0.06, real=1.23 secs] 
363.358: [CMS-concurrent-reset-start]
363.361: [CMS-concurrent-reset: 0.003/0.003 secs] [Times: user=0.00 sys=0.00, real=0.00 secs] 
363.485: [GC363.485: [ParNew: 306686K->34046K(306688K), 0.2402402 secs] 1112024K->1023463K(2063104K), 0.2406722 secs] [Times: user=0.78 sys=0.00, real=0.24 secs] 
363.726: [GC [1 CMS-initial-mark: 989416K(1756416K)] 1023465K(2063104K), 0.0201649 secs] [Times: user=0.02 sys=0.00, real=0.02 secs] 
363.747: [CMS-concurrent-mark-start]
363.935: [CMS-concurrent-mark: 0.163/0.189 secs] [Times: user=0.58 sys=0.03, real=0.19 secs] 
363.936: [CMS-concurrent-preclean-start]
363.939: [CMS-concurrent-preclean: 0.003/0.003 secs] [Times: user=0.00 sys=0.00, real=0.00 secs] 
363.939: [CMS-concurrent-abortable-preclean-start]
364.002: [GC364.002: [ParNew: 306686K->34046K(306688K), 0.1898910 secs] 1296103K->1143836K(2063104K), 0.1903227 secs] [Times: user=0.64 sys=0.03, real=0.19 secs] 
364.341: [CMS-concurrent-abortable-preclean: 0.211/0.402 secs] [Times: user=1.34 sys=0.08, real=0.40 secs] 
364.341: [GC[YG occupancy: 198453 K (306688 K)]364.341: [Rescan (parallel) , 0.0574239 secs]364.399: [weak refs processing, 0.0000138 secs]364.399: [scrub string table, 0.0001668 secs] [1 CMS-remark: 1109790K(1756416K)] 1308243K(2063104K), 0.0578177 secs] [Times: user=0.16 sys=0.00, real=0.06 secs] 
364.399: [CMS-concurrent-sweep-start]
364.498: [GC364.498: [ParNew: 306686K->34046K(306688K), 0.2500103 secs] 1323237K->1219278K(2063104K), 0.2504490 secs] [Times: user=0.84 sys=0.00, real=0.25 secs] 
365.017: [GC365.018: [ParNew: 306686K->34046K(306688K), 0.2118709 secs] 1265543K->1134322K(2063104K), 0.2123296 secs] [Times: user=0.72 sys=0.00, real=0.21 secs] 
365.475: [GC365.476: [ParNew: 306686K->34048K(306688K), 0.2171400 secs] 1195622K->1081769K(2063104K), 0.2176003 secs] [Times: user=0.72 sys=0.00, real=0.22 secs] 
365.949: [GC365.949: [ParNew: 306688K->34047K(306688K), 0.1636215 secs] 1130202K->975469K(2063104K), 0.1640529 secs] [Times: user=0.55 sys=0.00, real=0.16 secs] 
366.269: [CMS-concurrent-sweep: 0.978/1.870 secs] [Times: user=5.93 sys=0.13, real=1.87 secs] 
366.269: [CMS-concurrent-reset-start]
366.271: [CMS-concurrent-reset: 0.002/0.002 secs] [Times: user=0.00 sys=0.00, real=0.00 secs] 
366.371: [GC366.371: [ParNew: 306687K->34047K(306688K), 0.2315144 secs] 1200313K->1100107K(2063104K), 0.2319765 secs] [Times: user=0.75 sys=0.00, real=0.23 secs] 
366.603: [GC [1 CMS-initial-mark: 1066060K(1756416K)] 1100111K(2063104K), 0.0205235 secs] [Times: user=0.02 sys=0.00, real=0.02 secs] 
366.624: [CMS-concurrent-mark-start]
366.833: [CMS-concurrent-mark: 0.186/0.209 secs] [Times: user=0.55 sys=0.00, real=0.21 secs] 
366.833: [CMS-concurrent-preclean-start]
366.837: [CMS-concurrent-preclean: 0.003/0.003 secs] [Times: user=0.05 sys=0.00, real=0.00 secs] 
366.837: [CMS-concurrent-abortable-preclean-start]
366.866: [GC366.867: [ParNew: 306687K->34047K(306688K), 0.0935315 secs] 1372747K->1160387K(2063104K), 0.0939699 secs] [Times: user=0.38 sys=0.00, real=0.09 secs] 
367.205: [GC367.205: [ParNew: 306687K->34047K(306688K), 0.2206631 secs] 1433027K->1307899K(2063104K), 0.2211327 secs] [Times: user=0.76 sys=0.00, real=0.22 secs] 
367.608: [CMS-concurrent-abortable-preclean: 0.455/0.771 secs] [Times: user=2.56 sys=0.11, real=0.77 secs] 
367.608: [GC[YG occupancy: 239715 K (306688 K)]367.609: [Rescan (parallel) , 0.0975254 secs]367.706: [weak refs processing, 0.0000128 secs]367.706: [scrub string table, 0.0001623 secs] [1 CMS-remark: 1273851K(1756416K)] 1513567K(2063104K), 0.0979003 secs] [Times: user=0.31 sys=0.00, real=0.10 secs] 
367.707: [CMS-concurrent-sweep-start]
367.778: [GC367.778: [ParNew: 306687K->34047K(306688K), 0.1768897 secs] 1532249K->1375273K(2063104K), 0.1773657 secs] [Times: user=0.61 sys=0.00, real=0.18 secs] 
368.203: [GC368.203: [ParNew: 306687K->34046K(306688K), 0.2128235 secs] 1414554K->1283979K(2063104K), 0.2132632 secs] [Times: user=0.73 sys=0.00, real=0.21 secs] 
368.662: [GC368.663: [ParNew: 306686K->34046K(306688K), 0.2158745 secs] 1322679K->1207089K(2063104K), 0.2163334 secs] [Times: user=0.75 sys=0.00, real=0.22 secs] 
369.140: [GC369.140: [ParNew: 306686K->34046K(306688K), 0.1577277 secs] 1341152K->1181201K(2063104K), 0.1581966 secs] [Times: user=0.55 sys=0.00, real=0.16 secs] 
369.548: [GC369.548: [ParNew: 306686K->34046K(306688K), 0.2267254 secs] 1230803K->1128445K(2063104K), 0.2273113 secs] [Times: user=0.81 sys=0.01, real=0.23 secs] 
369.877: [CMS-concurrent-sweep: 1.091/2.170 secs] [Times: user=7.00 sys=0.16, real=2.17 secs] 
369.877: [CMS-concurrent-reset-start]
369.879: [CMS-concurrent-reset: 0.002/0.002 secs] [Times: user=0.03 sys=0.00, real=0.00 secs] 
370.066: [GC370.066: [ParNew: 306686K->34046K(306688K), 0.2132305 secs] 1401085K->1288887K(2063104K), 0.2136602 secs] [Times: user=0.69 sys=0.00, real=0.21 secs] 
370.280: [GC [1 CMS-initial-mark: 1254841K(1756416K)] 1288887K(2063104K), 0.0203532 secs] [Times: user=0.03 sys=0.00, real=0.02 secs] 
370.301: [CMS-concurrent-mark-start]
370.470: [CMS-concurrent-mark: 0.169/0.169 secs] [Times: user=0.50 sys=0.02, real=0.17 secs] 
370.470: [CMS-concurrent-preclean-start]
370.473: [CMS-concurrent-preclean: 0.003/0.003 secs] [Times: user=0.05 sys=0.00, real=0.00 secs] 
370.474: [CMS-concurrent-abortable-preclean-start]
370.545: [GC370.545: [ParNew: 306686K->34046K(306688K), 0.2260246 secs] 1561527K->1447119K(2063104K), 0.2264691 secs] [Times: user=0.80 sys=0.00, real=0.23 secs] 
370.991: [CMS-concurrent-abortable-preclean: 0.262/0.517 secs] [Times: user=1.64 sys=0.02, real=0.52 secs] 
370.991: [GC[YG occupancy: 261268 K (306688 K)]370.991: [Rescan (parallel) , 0.0927630 secs]371.084: [weak refs processing, 0.0000122 secs]371.084: [scrub string table, 0.0001783 secs] [1 CMS-remark: 1413073K(1756416K)] 1674341K(2063104K), 0.0931652 secs] [Times: user=0.27 sys=0.00, real=0.09 secs] 
371.084: [CMS-concurrent-sweep-start]
371.126: [GC371.127: [ParNew: 306686K->34046K(306688K), 0.1719920 secs] 1683398K->1529608K(2063104K), 0.1724673 secs] [Times: user=0.61 sys=0.00, real=0.17 secs] 
371.542: [GC371.542: [ParNew: 306686K->34046K(306688K), 0.2321882 secs] 1568785K->1443456K(2063104K), 0.2326221 secs] [Times: user=0.75 sys=0.00, real=0.23 secs] 
372.032: [GC372.033: [ParNew: 306686K->34046K(306688K), 0.1687960 secs] 1497714K->1345712K(2063104K), 0.1692495 secs] [Times: user=0.58 sys=0.00, real=0.17 secs] 
372.448: [GC372.448: [ParNew: 306686K->34046K(306688K), 0.2160910 secs] 1388068K->1271089K(2063104K), 0.2165371 secs] [Times: user=0.70 sys=0.00, real=0.22 secs] 
372.916: [GC372.916: [ParNew: 306686K->34048K(306688K), 0.1593393 secs] 1361213K->1203827K(2063104K), 0.1597973 secs] [Times: user=0.56 sys=0.00, real=0.16 secs] 
373.321: [GC373.321: [ParNew: 306688K->34047K(306688K), 0.2073199 secs] 1314452K->1191989K(2063104K), 0.2077744 secs] [Times: user=0.69 sys=0.00, real=0.21 secs] 
373.570: [CMS-concurrent-sweep: 1.279/2.486 secs] [Times: user=7.81 sys=0.31, real=2.49 secs] 
373.570: [CMS-concurrent-reset-start]
373.572: [CMS-concurrent-reset: 0.002/0.002 secs] [Times: user=0.00 sys=0.00, real=0.00 secs] 
373.776: [GC [1 CMS-initial-mark: 1157942K(1756416K)] 1422979K(2063104K), 0.1605462 secs] [Times: user=0.17 sys=0.00, real=0.16 secs] 
373.937: [CMS-concurrent-mark-start]
373.968: [GC373.969: [ParNew: 306687K->34047K(306688K), 0.2493788 secs] 1464629K->1367218K(2063104K), 0.2499355 secs] [Times: user=0.75 sys=0.00, real=0.25 secs] 
374.458: [GC374.458: [ParNew: 306687K->34047K(306688K), 0.1989844 secs] 1639858K->1505903K(2063104K), 0.1994693 secs] [Times: user=0.62 sys=0.00, real=0.20 secs] 
374.911: [GC374.911: [ParNew: 306687K->34047K(306688K), 0.1444168 secs] 1778543K->1600288K(2063104K), 0.1448822 secs] [Times: user=0.45 sys=0.00, real=0.14 secs] 
375.231: [CMS-concurrent-mark: 0.672/1.294 secs] [Times: user=3.90 sys=0.01, real=1.29 secs] 
375.231: [CMS-concurrent-preclean-start]
375.281: [CMS-concurrent-preclean: 0.050/0.050 secs] [Times: user=0.13 sys=0.00, real=0.05 secs] 
375.281: [CMS-concurrent-abortable-preclean-start]
375.299: [GC375.299: [ParNew: 306687K->34046K(306688K), 0.2140114 secs] 1872928K->1742390K(2063104K), 0.2144402 secs] [Times: user=0.73 sys=0.00, real=0.21 secs] 
375.687: [CMS-concurrent-abortable-preclean: 0.191/0.407 secs] [Times: user=1.30 sys=0.02, real=0.41 secs] 
375.688: [GC[YG occupancy: 229737 K (306688 K)]375.688: [Rescan (parallel) , 0.1299296 secs]375.818: [weak refs processing, 0.0000135 secs]375.818: [scrub string table, 0.0001713 secs] [1 CMS-remark: 1708343K(1756416K)] 1938081K(2063104K), 0.1303379 secs] [Times: user=0.41 sys=0.00, real=0.13 secs] 
375.818: [CMS-concurrent-sweep-start]
375.898: [GC375.898: [ParNew: 306686K->306686K(306688K), 0.0000225 secs]375.898: [CMS377.146: [CMS-concurrent-sweep: 1.305/1.327 secs] [Times: user=1.48 sys=0.00, real=1.33 secs] 
 (concurrent mode failure): 1654442K->166858K(1756416K), 2.0798807 secs] 1961129K->166858K(2063104K), [CMS Perm : 7368K->7368K(21248K)], 2.0803845 secs] [Times: user=2.08 sys=0.00, real=2.08 secs] 
378.255: [GC378.255: [ParNew: 272640K->34046K(306688K), 0.2538008 secs] 439498K->418531K(2063104K), 0.2542691 secs] [Times: user=0.90 sys=0.00, real=0.26 secs] 
378.791: [GC378.791: [ParNew: 306686K->34046K(306688K), 0.2339355 secs] 691171K->595103K(2063104K), 0.2343996 secs] [Times: user=0.76 sys=0.00, real=0.23 secs] 
379.274: [GC379.274: [ParNew: 306686K->34046K(306688K), 0.1500173 secs] 867743K->700985K(2063104K), 0.1504538 secs] [Times: user=0.50 sys=0.00, real=0.15 secs] 
379.692: [GC379.693: [ParNew: 306686K->34046K(306688K), 0.2663233 secs] 973625K->907553K(2063104K), 0.2667557 secs] [Times: user=0.92 sys=0.00, real=0.27 secs] 
379.960: [GC [1 CMS-initial-mark: 873507K(1756416K)] 907568K(2063104K), 0.0201463 secs] [Times: user=0.02 sys=0.00, real=0.02 secs] 
379.980: [CMS-concurrent-mark-start]
380.179: [CMS-concurrent-mark: 0.167/0.199 secs] [Times: user=0.53 sys=0.01, real=0.20 secs] 
380.179: [CMS-concurrent-preclean-start]
380.182: [CMS-concurrent-preclean: 0.003/0.003 secs] [Times: user=0.00 sys=0.00, real=0.00 secs] 
380.182: [CMS-concurrent-abortable-preclean-start]
380.243: [GC380.243: [ParNew: 306686K->34046K(306688K), 0.1700590 secs] 1180193K->1015920K(2063104K), 0.1704923 secs] [Times: user=0.59 sys=0.00, real=0.17 secs] 
380.553: [CMS-concurrent-abortable-preclean: 0.199/0.370 secs] [Times: user=1.26 sys=0.00, real=0.37 secs] 
380.553: [GC[YG occupancy: 190600 K (306688 K)]380.553: [Rescan (parallel) , 0.0746780 secs]380.628: [weak refs processing, 0.0000135 secs]380.628: [scrub string table, 0.0001661 secs] [1 CMS-remark: 981873K(1756416K)] 1172474K(2063104K), 0.0750651 secs] [Times: user=0.31 sys=0.00, real=0.07 secs] 
380.628: [CMS-concurrent-sweep-start]
380.732: [GC380.732: [ParNew: 306686K->34046K(306688K), 0.2039578 secs] 1188864K->1060284K(2063104K), 0.2044180 secs] [Times: user=0.69 sys=0.00, real=0.20 secs] 
381.193: [GC381.193: [ParNew: 306686K->34046K(306688K), 0.1670760 secs] 1110768K->949116K(2063104K), 0.1675273 secs] [Times: user=0.53 sys=0.00, real=0.17 secs] 
381.599: [GC381.599: [ParNew: 306686K->34046K(306688K), 0.1866547 secs] 994548K->855309K(2063104K), 0.1870924 secs] [Times: user=0.61 sys=0.00, real=0.19 secs] 
382.049: [GC382.050: [ParNew: 306686K->34046K(306688K), 0.1820915 secs] 985384K->843227K(2063104K), 0.1825235 secs] [Times: user=0.61 sys=0.00, real=0.18 secs] 
382.264: [CMS-concurrent-sweep: 0.843/1.635 secs] [Times: user=5.07 sys=0.09, real=1.63 secs] 
382.264: [CMS-concurrent-reset-start]
382.267: [CMS-concurrent-reset: 0.003/0.003 secs] [Times: user=0.06 sys=0.00, real=0.00 secs] 
382.511: [GC382.511: [ParNew: 306686K->34048K(306688K), 0.2725655 secs] 1115867K->1058989K(2063104K), 0.2729908 secs] [Times: user=0.89 sys=0.02, real=0.27 secs] 
382.785: [GC [1 CMS-initial-mark: 1024941K(1756416K)] 1058994K(2063104K), 0.0213914 secs] [Times: user=0.02 sys=0.00, real=0.02 secs] 
382.806: [CMS-concurrent-mark-start]
383.008: [CMS-concurrent-mark: 0.177/0.202 secs] [Times: user=0.56 sys=0.03, real=0.20 secs] 
383.008: [CMS-concurrent-preclean-start]
383.011: [CMS-concurrent-preclean: 0.003/0.003 secs] [Times: user=0.00 sys=0.00, real=0.00 secs] 
383.012: [CMS-concurrent-abortable-preclean-start]
383.063: [GC383.063: [ParNew: 306688K->34047K(306688K), 0.1795222 secs] 1331629K->1174757K(2063104K), 0.1799757 secs] [Times: user=0.62 sys=0.00, real=0.18 secs] 
383.385: [CMS-concurrent-abortable-preclean: 0.193/0.374 secs] [Times: user=1.28 sys=0.05, real=0.37 secs] 
383.386: [GC[YG occupancy: 191371 K (306688 K)]383.386: [Rescan (parallel) , 0.1003747 secs]383.486: [weak refs processing, 0.0000131 secs]383.486: [scrub string table, 0.0001645 secs] [1 CMS-remark: 1140710K(1756416K)] 1332081K(2063104K), 0.1007518 secs] [Times: user=0.42 sys=0.00, real=0.10 secs] 
383.487: [CMS-concurrent-sweep-start]
383.590: [GC383.590: [ParNew: 306687K->34047K(306688K), 0.2268437 secs] 1347450K->1237414K(2063104K), 0.2272754 secs] [Times: user=0.76 sys=0.00, real=0.23 secs] 
384.075: [GC384.075: [ParNew: 306687K->34047K(306688K), 0.1742749 secs] 1289223K->1135903K(2063104K), 0.1747223 secs] [Times: user=0.58 sys=0.00, real=0.17 secs] 
384.496: [GC384.496: [ParNew: 306687K->34047K(306688K), 0.2165060 secs] 1211896K->1097337K(2063104K), 0.2169412 secs] [Times: user=0.75 sys=0.00, real=0.22 secs] 
384.964: [GC384.965: [ParNew: 306687K->34047K(306688K), 0.1558794 secs] 1163224K->1000514K(2063104K), 0.1563287 secs] [Times: user=0.53 sys=0.00, real=0.16 secs] 
385.323: [CMS-concurrent-sweep: 1.011/1.837 secs] [Times: user=5.90 sys=0.23, real=1.84 secs] 
385.323: [CMS-concurrent-reset-start]
385.326: [CMS-concurrent-reset: 0.002/0.002 secs] [Times: user=0.00 sys=0.00, real=0.00 secs] 
385.373: [GC385.373: [ParNew: 306687K->34046K(306688K), 0.2224665 secs] 1156594K->1050963K(2063104K), 0.2228889 secs] [Times: user=0.67 sys=0.00, real=0.22 secs] 
385.596: [GC [1 CMS-initial-mark: 1016916K(1756416K)] 1050968K(2063104K), 0.0201088 secs] [Times: user=0.01 sys=0.00, real=0.02 secs] 
385.617: [CMS-concurrent-mark-start]
385.784: [CMS-concurrent-mark: 0.167/0.167 secs] [Times: user=0.47 sys=0.06, real=0.17 secs] 
385.784: [CMS-concurrent-preclean-start]
385.816: [CMS-concurrent-preclean: 0.003/0.032 secs] [Times: user=0.03 sys=0.00, real=0.03 secs] 
385.816: [CMS-concurrent-abortable-preclean-start]
385.865: [GC385.866: [ParNew: 306686K->34046K(306688K), 0.1172458 secs] 1323603K->1122700K(2063104K), 0.1177840 secs] [Times: user=0.36 sys=0.00, real=0.12 secs] 
386.223: [GC386.223: [ParNew: 306686K->34046K(306688K), 0.1802563 secs] 1395340K->1246720K(2063104K), 0.1806803 secs] [Times: user=0.62 sys=0.00, real=0.18 secs] 
386.553: [CMS-concurrent-abortable-preclean: 0.437/0.737 secs] [Times: user=2.28 sys=0.08, real=0.74 secs] 
386.553: [GC[YG occupancy: 199513 K (306688 K)]386.554: [Rescan (parallel) , 0.1043359 secs]386.658: [weak refs processing, 0.0000186 secs]386.658: [scrub string table, 0.0001690 secs] [1 CMS-remark: 1212673K(1756416K)] 1412187K(2063104K), 0.1047313 secs] [Times: user=0.37 sys=0.00, real=0.11 secs] 
386.658: [CMS-concurrent-sweep-start]
386.751: [GC386.751: [ParNew: 306686K->34046K(306688K), 0.1892794 secs] 1436251K->1297570K(2063104K), 0.1897419 secs] [Times: user=0.65 sys=0.00, real=0.19 secs] 
387.200: [GC387.201: [ParNew: 306686K->34046K(306688K), 0.1830427 secs] 1347502K->1197030K(2063104K), 0.1834843 secs] [Times: user=0.58 sys=0.00, real=0.18 secs] 
387.627: [GC387.627: [ParNew: 306686K->34046K(306688K), 0.2009132 secs] 1243735K->1118707K(2063104K), 0.2013449 secs] [Times: user=0.69 sys=0.00, real=0.20 secs] 
388.082: [GC388.083: [ParNew: 306686K->34046K(306688K), 0.1291047 secs] 1270621K->1088580K(2063104K), 0.1295438 secs] [Times: user=0.52 sys=0.00, real=0.13 secs] 
388.455: [CMS-concurrent-sweep: 1.038/1.796 secs] [Times: user=5.79 sys=0.09, real=1.80 secs] 
388.455: [CMS-concurrent-reset-start]
388.456: [GC388.456: [ParNew: 306686K->34046K(306688K), 0.1868667 secs] 1186406K->1057074K(2063104K), 0.1873179 secs] [Times: user=0.67 sys=0.00, real=0.19 secs] 
388.645: [CMS-concurrent-reset: 0.002/0.190 secs] [Times: user=0.67 sys=0.00, real=0.19 secs] 
388.828: [GC [1 CMS-initial-mark: 1023028K(1756416K)] 1217719K(2063104K), 0.1172327 secs] [Times: user=0.13 sys=0.00, real=0.12 secs] 
388.945: [CMS-concurrent-mark-start]
389.039: [GC389.039: [ParNew: 306686K->34046K(306688K), 0.2188642 secs] 1329714K->1216118K(2063104K), 0.2193036 secs] [Times: user=0.58 sys=0.00, real=0.22 secs] 
389.499: [GC389.500: [ParNew: 306686K->34046K(306688K), 0.2208007 secs] 1488758K->1365543K(2063104K), 0.2212712 secs] [Times: user=0.75 sys=0.00, real=0.22 secs] 
389.977: [GC389.977: [ParNew: 306686K->34048K(306688K), 0.1747935 secs] 1638183K->1479962K(2063104K), 0.1752550 secs] [Times: user=0.61 sys=0.00, real=0.17 secs] 
390.331: [CMS-concurrent-mark: 0.739/1.386 secs] [Times: user=4.26 sys=0.08, real=1.38 secs] 
390.331: [CMS-concurrent-preclean-start]
390.340: [CMS-concurrent-preclean: 0.009/0.009 secs] [Times: user=0.00 sys=0.00, real=0.01 secs] 
390.340: [CMS-concurrent-abortable-preclean-start]
390.396: [GC390.396: [ParNew: 306688K->34047K(306688K), 0.2279127 secs] 1752602K->1630134K(2063104K), 0.2283864 secs] [Times: user=0.72 sys=0.00, real=0.23 secs] 
390.806: [CMS-concurrent-abortable-preclean: 0.237/0.466 secs] [Times: user=1.47 sys=0.06, real=0.47 secs] 
390.809: [GC[YG occupancy: 241646 K (306688 K)]390.809: [Rescan (parallel) , 0.1390990 secs]390.948: [weak refs processing, 0.0000135 secs]390.948: [scrub string table, 0.0001661 secs] [1 CMS-remark: 1596087K(1756416K)] 1837734K(2063104K), 0.1394890 secs] [Times: user=0.51 sys=0.00, real=0.14 secs] 
390.966: [CMS-concurrent-sweep-start]
391.016: [GC391.016: [ParNew: 306687K->34047K(306688K), 0.1676206 secs] 1855365K->1701249K(2063104K), 0.1680898 secs] [Times: user=0.61 sys=0.00, real=0.17 secs] 
391.422: [GC391.423: [ParNew: 306687K->34047K(306688K), 0.2057535 secs] 1763155K->1622548K(2063104K), 0.2062083 secs] [Times: user=0.64 sys=0.00, real=0.21 secs] 
391.880: [GC391.880: [ParNew: 306687K->34047K(306688K), 0.1338437 secs] 1717661K->1538051K(2063104K), 0.1343312 secs] [Times: user=0.42 sys=0.00, real=0.13 secs] 
392.262: [GC392.262: [ParNew: 306687K->34046K(306688K), 0.2142449 secs] 1610012K->1493471K(2063104K), 0.2146798 secs] [Times: user=0.73 sys=0.00, real=0.22 secs] 
392.719: [GC392.719: [ParNew: 306686K->34046K(306688K), 0.1999533 secs] 1610053K->1480506K(2063104K), 0.2005752 secs] [Times: user=0.67 sys=0.00, real=0.20 secs] 
393.174: [CMS-concurrent-sweep: 1.232/2.208 secs] [Times: user=6.85 sys=0.13, real=2.21 secs] 
393.174: [CMS-concurrent-reset-start]
393.176: [GC393.176: [ParNew: 306686K->34046K(306688K), 0.1562341 secs] 1713318K->1562247K(2063104K), 0.1566565 secs] [Times: user=0.47 sys=0.00, real=0.16 secs] 
393.333: [CMS-concurrent-reset: 0.002/0.159 secs] [Times: user=0.47 sys=0.00, real=0.16 secs] 
393.613: [GC393.613: [ParNew: 306686K->34046K(306688K), 0.2891384 secs] 1834887K->1784351K(2063104K), 0.2895678 secs] [Times: user=0.98 sys=0.00, real=0.29 secs] 
393.903: [GC [1 CMS-initial-mark: 1750304K(1756416K)] 1784354K(2063104K), 0.0202227 secs] [Times: user=0.02 sys=0.00, real=0.02 secs] 
393.924: [CMS-concurrent-mark-start]
394.139: [CMS-concurrent-mark: 0.187/0.216 secs] [Times: user=0.61 sys=0.03, real=0.22 secs] 
394.140: [CMS-concurrent-preclean-start]
394.143: [CMS-concurrent-preclean: 0.003/0.003 secs] [Times: user=0.00 sys=0.00, real=0.00 secs] 
394.143: [CMS-concurrent-abortable-preclean-start]
394.143: [CMS-concurrent-abortable-preclean: 0.000/0.000 secs] [Times: user=0.00 sys=0.00, real=0.00 secs] 
394.143: [GC[YG occupancy: 264212 K (306688 K)]394.143: [Rescan (parallel) , 0.1567953 secs]394.300: [weak refs processing, 0.0000356 secs]394.300: [scrub string table, 0.0001732 secs] [1 CMS-remark: 1750304K(1756416K)] 2014516K(2063104K), 0.1572437 secs] [Times: user=0.55 sys=0.00, real=0.16 secs] 
394.301: [CMS-concurrent-sweep-start]
394.339: [GC394.339: [ParNew: 306686K->306686K(306688K), 0.0000192 secs]394.339: [CMS395.967: [CMS-concurrent-sweep: 1.664/1.667 secs] [Times: user=1.78 sys=0.00, real=1.67 secs] 
 (concurrent mode failure): 1713736K->167907K(1756416K), 2.2775780 secs] 2020423K->167907K(2063104K), [CMS Perm : 7368K->7339K(21248K)], 2.2780367 secs] [Times: user=2.28 sys=0.00, real=2.28 secs] 
396.922: [GC396.922: [ParNew: 272640K->34046K(306688K), 0.2519683 secs] 440547K->432722K(2063104K), 0.2524083 secs] [Times: user=0.86 sys=0.00, real=0.25 secs] 
397.450: [GC397.451: [ParNew: 306686K->34046K(306688K), 0.2808648 secs] 705362K->653083K(2063104K), 0.2812913 secs] [Times: user=0.97 sys=0.00, real=0.28 secs] 
397.732: [GC [1 CMS-initial-mark: 619036K(1756416K)] 653093K(2063104K), 0.0202111 secs] [Times: user=0.02 sys=0.00, real=0.02 secs] 
397.753: [CMS-concurrent-mark-start]
397.942: [CMS-concurrent-mark: 0.163/0.189 secs] [Times: user=0.61 sys=0.02, real=0.19 secs] 
397.942: [CMS-concurrent-preclean-start]
397.946: [CMS-concurrent-preclean: 0.003/0.004 secs] [Times: user=0.05 sys=0.00, real=0.00 secs] 
397.946: [CMS-concurrent-abortable-preclean-start]
398.007: [GC398.007: [ParNew: 306686K->34046K(306688K), 0.1616485 secs] 925723K->759537K(2063104K), 0.1620959 secs] [Times: user=0.56 sys=0.00, real=0.16 secs] 
398.303: [CMS-concurrent-abortable-preclean: 0.194/0.357 secs] [Times: user=1.17 sys=0.03, real=0.36 secs] 
398.303: [GC[YG occupancy: 181915 K (306688 K)]398.303: [Rescan (parallel) , 0.0412048 secs]398.344: [weak refs processing, 0.0000128 secs]398.344: [scrub string table, 0.0001575 secs] [1 CMS-remark: 725491K(1756416K)] 907406K(2063104K), 0.0415935 secs] [Times: user=0.11 sys=0.00, real=0.04 secs] 
398.345: [CMS-concurrent-sweep-start]
398.458: [GC398.458: [ParNew: 306686K->34046K(306688K), 0.2329028 secs] 923663K->811504K(2063104K), 0.2334906 secs] [Times: user=0.73 sys=0.00, real=0.23 secs] 
398.948: [GC398.948: [ParNew: 306686K->34046K(306688K), 0.1766261 secs] 863667K->715557K(2063104K), 0.1770815 secs] [Times: user=0.59 sys=0.00, real=0.18 secs] 
399.359: [CMS-concurrent-sweep: 0.583/1.014 secs] [Times: user=3.17 sys=0.06, real=1.02 secs] 
399.359: [CMS-concurrent-reset-start]
399.361: [CMS-concurrent-reset: 0.002/0.002 secs] [Times: user=0.00 sys=0.00, real=0.00 secs] 
399.372: [GC399.372: [ParNew: 306686K->34046K(306688K), 0.1940970 secs] 888651K->769058K(2063104K), 0.1945210 secs] [Times: user=0.67 sys=0.00, real=0.19 secs] 
399.566: [GC [1 CMS-initial-mark: 735012K(1756416K)] 769071K(2063104K), 0.0200825 secs] [Times: user=0.02 sys=0.00, real=0.02 secs] 
399.587: [CMS-concurrent-mark-start]
399.751: [CMS-concurrent-mark: 0.164/0.164 secs] [Times: user=0.53 sys=0.03, real=0.16 secs] 
399.751: [CMS-concurrent-preclean-start]
399.754: [CMS-concurrent-preclean: 0.003/0.003 secs] [Times: user=0.06 sys=0.00, real=0.00 secs] 
399.754: [CMS-concurrent-abortable-preclean-start]
399.836: [GC399.836: [ParNew: 306686K->34048K(306688K), 0.2497040 secs] 1041698K->928093K(2063104K), 0.2502280 secs] [Times: user=0.84 sys=0.00, real=0.25 secs] 
400.313: [CMS-concurrent-abortable-preclean: 0.276/0.559 secs] [Times: user=1.70 sys=0.02, real=0.56 secs] 
400.313: [GC[YG occupancy: 268594 K (306688 K)]400.314: [Rescan (parallel) , 0.1098150 secs]400.423: [weak refs processing, 0.0000135 secs]400.423: [scrub string table, 0.0001523 secs] [1 CMS-remark: 894045K(1756416K)] 1162639K(2063104K), 0.1101871 secs] [Times: user=0.47 sys=0.00, real=0.11 secs] 
400.424: [CMS-concurrent-sweep-start]
400.459: [GC400.459: [ParNew: 306688K->34047K(306688K), 0.1743278 secs] 1168879K->1008851K(2063104K), 0.1747954 secs] [Times: user=0.59 sys=0.00, real=0.17 secs] 
400.883: [GC400.883: [ParNew: 306687K->34047K(306688K), 0.2326112 secs] 1085164K->969158K(2063104K), 0.2330920 secs] [Times: user=0.76 sys=0.00, real=0.23 secs] 
401.373: [GC401.373: [ParNew: 306687K->34047K(306688K), 0.1625808 secs] 1054677K->898698K(2063104K), 0.1630102 secs] [Times: user=0.56 sys=0.00, real=0.16 secs] 
401.765: [CMS-concurrent-sweep: 0.743/1.341 secs] [Times: user=4.26 sys=0.14, real=1.34 secs] 
401.765: [CMS-concurrent-reset-start]
401.767: [CMS-concurrent-reset: 0.002/0.002 secs] [Times: user=0.03 sys=0.03, real=0.00 secs] 
401.778: [GC401.779: [ParNew: 306687K->34047K(306688K), 0.1659044 secs] 1037865K->895651K(2063104K), 0.1663675 secs] [Times: user=0.59 sys=0.00, real=0.17 secs] 
401.945: [GC [1 CMS-initial-mark: 861604K(1756416K)] 895651K(2063104K), 0.0202211 secs] [Times: user=0.01 sys=0.00, real=0.02 secs] 
401.966: [CMS-concurrent-mark-start]
402.149: [CMS-concurrent-mark: 0.163/0.184 secs] [Times: user=0.56 sys=0.03, real=0.18 secs] 
402.149: [CMS-concurrent-preclean-start]
402.152: [CMS-concurrent-preclean: 0.003/0.003 secs] [Times: user=0.00 sys=0.00, real=0.00 secs] 
402.153: [CMS-concurrent-abortable-preclean-start]
402.216: [GC402.217: [ParNew: 306687K->34047K(306688K), 0.1667098 secs] 1168291K->1012096K(2063104K), 0.1671495 secs] [Times: user=0.64 sys=0.00, real=0.17 secs] 
402.526: [CMS-concurrent-abortable-preclean: 0.206/0.373 secs] [Times: user=1.33 sys=0.03, real=0.37 secs] 
402.526: [GC[YG occupancy: 188917 K (306688 K)]402.527: [Rescan (parallel) , 0.0404174 secs]402.567: [weak refs processing, 0.0000128 secs]402.567: [scrub string table, 0.0001549 secs] [1 CMS-remark: 978049K(1756416K)] 1166966K(2063104K), 0.0407853 secs] [Times: user=0.17 sys=0.00, real=0.04 secs] 
402.567: [CMS-concurrent-sweep-start]
402.675: [GC402.675: [ParNew: 306687K->34046K(306688K), 0.2335529 secs] 1189741K->1081730K(2063104K), 0.2339932 secs] [Times: user=0.78 sys=0.00, real=0.23 secs] 
403.171: [GC403.171: [ParNew: 306686K->34046K(306688K), 0.1831213 secs] 1141872K->992137K(2063104K), 0.1835838 secs] [Times: user=0.58 sys=0.00, real=0.18 secs] 
403.603: [GC403.603: [ParNew: 306686K->34046K(306688K), 0.2146788 secs] 1093221K->972746K(2063104K), 0.2151089 secs] [Times: user=0.75 sys=0.00, real=0.22 secs] 
404.077: [GC404.077: [ParNew: 306686K->34046K(306688K), 0.1549791 secs] 1049727K->888515K(2063104K), 0.1554984 secs] [Times: user=0.53 sys=0.00, real=0.16 secs] 
404.269: [CMS-concurrent-sweep: 0.858/1.702 secs] [Times: user=5.21 sys=0.22, real=1.70 secs] 
404.269: [CMS-concurrent-reset-start]
404.271: [CMS-concurrent-reset: 0.002/0.002 secs] [Times: user=0.00 sys=0.00, real=0.00 secs] 
404.512: [GC404.512: [ParNew: 306686K->34046K(306688K), 0.2865460 secs] 1158867K->1104654K(2063104K), 0.2870046 secs] [Times: user=0.78 sys=0.00, real=0.29 secs] 
404.800: [GC [1 CMS-initial-mark: 1070608K(1756416K)] 1104662K(2063104K), 0.0200382 secs] [Times: user=0.01 sys=0.00, real=0.02 secs] 
404.820: [CMS-concurrent-mark-start]
405.024: [CMS-concurrent-mark: 0.181/0.204 secs] [Times: user=0.50 sys=0.03, real=0.20 secs] 
405.024: [CMS-concurrent-preclean-start]
405.027: [CMS-concurrent-preclean: 0.003/0.003 secs] [Times: user=0.06 sys=0.00, real=0.00 secs] 
405.028: [CMS-concurrent-abortable-preclean-start]
405.075: [GC405.075: [ParNew: 306686K->34046K(306688K), 0.1760279 secs] 1377294K->1219740K(2063104K), 0.1764753 secs] [Times: user=0.58 sys=0.00, real=0.18 secs] 
405.397: [CMS-concurrent-abortable-preclean: 0.192/0.369 secs] [Times: user=1.14 sys=0.03, real=0.37 secs] 
405.397: [GC[YG occupancy: 192740 K (306688 K)]405.397: [Rescan (parallel) , 0.1073487 secs]405.504: [weak refs processing, 0.0000141 secs]405.504: [scrub string table, 0.0001552 secs] [1 CMS-remark: 1185694K(1756416K)] 1378434K(2063104K), 0.1077198 secs] [Times: user=0.36 sys=0.00, real=0.11 secs] 
405.505: [CMS-concurrent-sweep-start]
405.608: [GC405.608: [ParNew: 306686K->34046K(306688K), 0.2173719 secs] 1392784K->1275458K(2063104K), 0.2178280 secs] [Times: user=0.75 sys=0.00, real=0.22 secs] 
406.081: [GC406.081: [ParNew: 306686K->34046K(306688K), 0.1706267 secs] 1327673K->1171690K(2063104K), 0.1710767 secs] [Times: user=0.53 sys=0.00, real=0.17 secs] 
406.503: [GC406.503: [ParNew: 306686K->34046K(306688K), 0.2278752 secs] 1203603K->1102029K(2063104K), 0.2283344 secs] [Times: user=0.83 sys=0.00, real=0.23 secs] 
406.992: [GC406.992: [ParNew: 306686K->34046K(306688K), 0.1918702 secs] 1183924K->1049607K(2063104K), 0.1923423 secs] [Times: user=0.59 sys=0.00, real=0.19 secs] 
407.419: [CMS-concurrent-sweep: 1.059/1.914 secs] [Times: user=5.99 sys=0.17, real=1.91 secs] 
407.419: [CMS-concurrent-reset-start]
407.421: [CMS-concurrent-reset: 0.002/0.002 secs] [Times: user=0.00 sys=0.00, real=0.00 secs] 
407.425: [GC407.425: [ParNew: 306686K->34048K(306688K), 0.1686119 secs] 1189352K->1053635K(2063104K), 0.1690552 secs] [Times: user=0.62 sys=0.00, real=0.17 secs] 
407.594: [GC [1 CMS-initial-mark: 1019587K(1756416K)] 1053675K(2063104K), 0.0200687 secs] [Times: user=0.03 sys=0.00, real=0.02 secs] 
407.615: [CMS-concurrent-mark-start]
407.783: [CMS-concurrent-mark: 0.168/0.168 secs] [Times: user=0.47 sys=0.05, real=0.17 secs] 
407.783: [CMS-concurrent-preclean-start]
407.786: [CMS-concurrent-preclean: 0.003/0.003 secs] [Times: user=0.05 sys=0.00, real=0.00 secs] 
407.787: [CMS-concurrent-abortable-preclean-start]
407.865: [GC407.865: [ParNew: 306688K->34047K(306688K), 0.2341135 secs] 1326275K->1215879K(2063104K), 0.2345480 secs] [Times: user=0.76 sys=0.00, real=0.24 secs] 
408.316: [CMS-concurrent-abortable-preclean: 0.275/0.529 secs] [Times: user=1.65 sys=0.06, real=0.53 secs] 
408.316: [GC[YG occupancy: 269516 K (306688 K)]408.316: [Rescan (parallel) , 0.0544893 secs]408.371: [weak refs processing, 0.0000135 secs]408.371: [scrub string table, 0.0001597 secs] [1 CMS-remark: 1181831K(1756416K)] 1451348K(2063104K), 0.0548908 secs] [Times: user=0.20 sys=0.00, real=0.05 secs] 
408.371: [CMS-concurrent-sweep-start]
408.405: [GC408.406: [ParNew: 306687K->34047K(306688K), 0.1637771 secs] 1455240K->1298646K(2063104K), 0.1642075 secs] [Times: user=0.58 sys=0.00, real=0.16 secs] 
408.809: [GC408.809: [ParNew: 306687K->34047K(306688K), 0.2060778 secs] 1344632K->1209822K(2063104K), 0.2065364 secs] [Times: user=0.67 sys=0.00, real=0.21 secs] 
409.265: [GC409.265: [ParNew: 306687K->34047K(306688K), 0.1507527 secs] 1275365K->1108173K(2063104K), 0.1511994 secs] [Times: user=0.47 sys=0.00, real=0.15 secs] 
409.658: [GC409.659: [ParNew: 306687K->34047K(306688K), 0.1833913 secs] 1224246K->1085529K(2063104K), 0.1838304 secs] [Times: user=0.55 sys=0.01, real=0.18 secs] 
410.105: [GC410.105: [ParNew: 306687K->34046K(306688K), 0.1681020 secs] 1188899K->1037844K(2063104K), 0.1686447 secs] [Times: user=0.58 sys=0.00, real=0.17 secs] 
410.320: [CMS-concurrent-sweep: 1.029/1.949 secs] [Times: user=6.05 sys=0.12, real=1.95 secs] 
410.320: [CMS-concurrent-reset-start]
410.322: [CMS-concurrent-reset: 0.002/0.002 secs] [Times: user=0.00 sys=0.00, real=0.00 secs] 
410.550: [GC410.550: [ParNew: 306686K->34046K(306688K), 0.2535343 secs] 1276420K->1209427K(2063104K), 0.2540254 secs] [Times: user=0.84 sys=0.00, real=0.26 secs] 
410.804: [GC [1 CMS-initial-mark: 1175381K(1756416K)] 1209427K(2063104K), 0.0202326 secs] [Times: user=0.02 sys=0.00, real=0.02 secs] 
410.825: [CMS-concurrent-mark-start]
411.029: [CMS-concurrent-mark: 0.178/0.204 secs] [Times: user=0.62 sys=0.00, real=0.20 secs] 
411.029: [CMS-concurrent-preclean-start]
411.033: [CMS-concurrent-preclean: 0.004/0.004 secs] [Times: user=0.05 sys=0.00, real=0.00 secs] 
411.033: [CMS-concurrent-abortable-preclean-start]
411.091: [GC411.091: [ParNew: 306686K->34046K(306688K), 0.1894375 secs] 1482067K->1341990K(2063104K), 0.1898667 secs] [Times: user=0.69 sys=0.00, real=0.19 secs] 
411.445: [CMS-concurrent-abortable-preclean: 0.221/0.411 secs] [Times: user=1.26 sys=0.05, real=0.41 secs] 
411.445: [GC[YG occupancy: 214777 K (306688 K)]411.445: [Rescan (parallel) , 0.0469059 secs]411.492: [weak refs processing, 0.0000131 secs]411.492: [scrub string table, 0.0001658 secs] [1 CMS-remark: 1307944K(1756416K)] 1522721K(2063104K), 0.0472994 secs] [Times: user=0.17 sys=0.00, real=0.05 secs] 
411.493: [CMS-concurrent-sweep-start]
411.577: [GC411.578: [ParNew: 306686K->34046K(306688K), 0.2349050 secs] 1532058K->1425268K(2063104K), 0.2353585 secs] [Times: user=0.78 sys=0.00, real=0.23 secs] 
412.081: [GC412.082: [ParNew: 306686K->34046K(306688K), 0.1802197 secs] 1471533K->1319803K(2063104K), 0.1807021 secs] [Times: user=0.59 sys=0.00, real=0.18 secs] 
412.511: [GC412.512: [ParNew: 306686K->34046K(306688K), 0.2222186 secs] 1355802K->1246275K(2063104K), 0.2226433 secs] [Times: user=0.75 sys=0.00, real=0.22 secs] 
412.980: [GC412.981: [ParNew: 306686K->34046K(306688K), 0.2071528 secs] 1312580K->1190916K(2063104K), 0.2075967 secs] [Times: user=0.70 sys=0.00, real=0.21 secs] 
413.444: [GC413.444: [ParNew: 306686K->34046K(306688K), 0.1562273 secs] 1252611K->1096345K(2063104K), 0.1567399 secs] [Times: user=0.55 sys=0.00, real=0.16 secs] 
413.733: [CMS-concurrent-sweep: 1.184/2.240 secs] [Times: user=7.25 sys=0.22, real=2.24 secs] 
413.733: [CMS-concurrent-reset-start]
413.736: [CMS-concurrent-reset: 0.003/0.003 secs] [Times: user=0.00 sys=0.00, real=0.00 secs] 
413.863: [GC413.863: [ParNew: 306686K->34046K(306688K), 0.2347293 secs] 1344410K->1257696K(2063104K), 0.2352293 secs] [Times: user=0.80 sys=0.00, real=0.24 secs] 
414.099: [GC [1 CMS-initial-mark: 1223650K(1756416K)] 1257709K(2063104K), 0.0201226 secs] [Times: user=0.02 sys=0.00, real=0.02 secs] 
414.119: [CMS-concurrent-mark-start]
414.328: [CMS-concurrent-mark: 0.183/0.209 secs] [Times: user=0.59 sys=0.00, real=0.21 secs] 
414.328: [CMS-concurrent-preclean-start]
414.331: [CMS-concurrent-preclean: 0.003/0.003 secs] [Times: user=0.00 sys=0.00, real=0.00 secs] 
414.331: [CMS-concurrent-abortable-preclean-start]
414.378: [GC414.378: [ParNew: 306686K->34046K(306688K), 0.1796633 secs] 1530336K->1380861K(2063104K), 0.1800879 secs] [Times: user=0.61 sys=0.00, real=0.18 secs] 
414.710: [CMS-concurrent-abortable-preclean: 0.198/0.379 secs] [Times: user=1.18 sys=0.03, real=0.38 secs] 
414.711: [GC[YG occupancy: 199095 K (306688 K)]414.711: [Rescan (parallel) , 0.0773101 secs]414.788: [weak refs processing, 0.0000131 secs]414.788: [scrub string table, 0.0001549 secs] [1 CMS-remark: 1346815K(1756416K)] 1545911K(2063104K), 0.0776850 secs] [Times: user=0.30 sys=0.00, real=0.08 secs] 
414.789: [CMS-concurrent-sweep-start]
414.883: [GC414.884: [ParNew: 306686K->34048K(306688K), 0.2384977 secs] 1562332K->1447799K(2063104K), 0.2389974 secs] [Times: user=0.81 sys=0.00, real=0.24 secs] 
415.373: [GC415.373: [ParNew: 306688K->34047K(306688K), 0.1487700 secs] 1510616K->1339060K(2063104K), 0.1492665 secs] [Times: user=0.52 sys=0.00, real=0.15 secs] 
415.773: [GC415.773: [ParNew: 306687K->34047K(306688K), 0.2314913 secs] 1370643K->1263657K(2063104K), 0.2319592 secs] [Times: user=0.75 sys=0.00, real=0.23 secs] 
416.267: [GC416.268: [ParNew: 306687K->34047K(306688K), 0.1664410 secs] 1358639K->1204436K(2063104K), 0.1668916 secs] [Times: user=0.58 sys=0.00, real=0.17 secs] 
416.687: [GC416.687: [ParNew: 306687K->34047K(306688K), 0.2332777 secs] 1312136K->1214384K(2063104K), 0.2337145 secs] [Times: user=0.80 sys=0.00, real=0.23 secs] 
417.104: [CMS-concurrent-sweep: 1.216/2.316 secs] [Times: user=7.42 sys=0.17, real=2.32 secs] 
417.104: [CMS-concurrent-reset-start]
417.106: [CMS-concurrent-reset: 0.002/0.002 secs] [Times: user=0.00 sys=0.00, real=0.00 secs] 
417.188: [GC417.188: [ParNew: 306687K->34047K(306688K), 0.1803105 secs] 1337631K->1204433K(2063104K), 0.1807393 secs] [Times: user=0.64 sys=0.00, real=0.18 secs] 
417.369: [GC [1 CMS-initial-mark: 1170386K(1756416K)] 1204446K(2063104K), 0.0202477 secs] [Times: user=0.01 sys=0.00, real=0.02 secs] 
417.390: [CMS-concurrent-mark-start]
417.565: [CMS-concurrent-mark: 0.175/0.175 secs] [Times: user=0.55 sys=0.05, real=0.18 secs] 
417.565: [CMS-concurrent-preclean-start]
417.568: [CMS-concurrent-preclean: 0.003/0.003 secs] [Times: user=0.05 sys=0.00, real=0.00 secs] 
417.568: [CMS-concurrent-abortable-preclean-start]
417.639: [GC417.639: [ParNew: 306687K->34046K(306688K), 0.2332469 secs] 1477073K->1371186K(2063104K), 0.2336680 secs] [Times: user=0.83 sys=0.00, real=0.23 secs] 
418.091: [CMS-concurrent-abortable-preclean: 0.270/0.523 secs] [Times: user=1.59 sys=0.02, real=0.52 secs] 
418.092: [GC[YG occupancy: 265168 K (306688 K)]418.092: [Rescan (parallel) , 0.0573642 secs]418.149: [weak refs processing, 0.0000128 secs]418.149: [scrub string table, 0.0001543 secs] [1 CMS-remark: 1337139K(1756416K)] 1602308K(2063104K), 0.0577581 secs] [Times: user=0.20 sys=0.00, real=0.06 secs] 
418.152: [CMS-concurrent-sweep-start]
418.185: [GC418.185: [ParNew: 306686K->34046K(306688K), 0.1827464 secs] 1613218K->1465681K(2063104K), 0.1832214 secs] [Times: user=0.61 sys=0.03, real=0.18 secs] 
418.617: [GC418.617: [ParNew: 306686K->34046K(306688K), 0.2387662 secs] 1497337K->1388526K(2063104K), 0.2391988 secs] [Times: user=0.78 sys=0.00, real=0.24 secs] 
419.113: [GC419.114: [ParNew: 306678K->34046K(306688K), 0.1800719 secs] 1441838K->1294379K(2063104K), 0.1805488 secs] [Times: user=0.58 sys=0.00, real=0.18 secs] 
419.533: [GC419.534: [ParNew: 306686K->34046K(306688K), 0.1858798 secs] 1360225K->1222416K(2063104K), 0.1863189 secs] [Times: user=0.61 sys=0.00, real=0.19 secs] 
419.969: [GC419.970: [ParNew: 306686K->34046K(306688K), 0.2299252 secs] 1280654K->1172748K(2063104K), 0.2303893 secs] [Times: user=0.75 sys=0.01, real=0.23 secs] 
420.422: [CMS-concurrent-sweep: 1.194/2.270 secs] [Times: user=7.02 sys=0.22, real=2.27 secs] 
420.422: [CMS-concurrent-reset-start]
420.424: [CMS-concurrent-reset: 0.002/0.002 secs] [Times: user=0.00 sys=0.00, real=0.00 secs] 
420.472: [GC420.472: [ParNew: 306686K->34046K(306688K), 0.1662569 secs] 1376613K->1232045K(2063104K), 0.1667319 secs] [Times: user=0.51 sys=0.00, real=0.17 secs] 
420.639: [GC [1 CMS-initial-mark: 1197998K(1756416K)] 1232074K(2063104K), 0.0200318 secs] [Times: user=0.03 sys=0.00, real=0.02 secs] 
420.660: [CMS-concurrent-mark-start]
420.836: [CMS-concurrent-mark: 0.177/0.177 secs] [Times: user=0.55 sys=0.05, real=0.18 secs] 
420.837: [CMS-concurrent-preclean-start]
420.840: [CMS-concurrent-preclean: 0.003/0.003 secs] [Times: user=0.00 sys=0.00, real=0.00 secs] 
420.840: [CMS-concurrent-abortable-preclean-start]
420.910: [GC420.911: [ParNew: 306686K->34046K(306688K), 0.2408399 secs] 1504685K->1403396K(2063104K), 0.2412966 secs] [Times: user=0.76 sys=0.00, real=0.24 secs] 
421.382: [CMS-concurrent-abortable-preclean: 0.278/0.542 secs] [Times: user=1.70 sys=0.06, real=0.54 secs] 
421.382: [GC[YG occupancy: 277100 K (306688 K)]421.382: [Rescan (parallel) , 0.0852409 secs]421.468: [weak refs processing, 0.0000141 secs]421.468: [scrub string table, 0.0001838 secs] [1 CMS-remark: 1369350K(1756416K)] 1646451K(2063104K), 0.0856649 secs] [Times: user=0.33 sys=0.00, real=0.09 secs] 
421.468: [CMS-concurrent-sweep-start]
421.497: [GC421.497: [ParNew: 306686K->34046K(306688K), 0.1523447 secs] 1648682K->1482935K(2063104K), 0.1527912 secs] [Times: user=0.53 sys=0.00, real=0.15 secs] 
421.895: [GC421.895: [ParNew: 306686K->34046K(306688K), 0.2263062 secs] 1519301K->1399603K(2063104K), 0.2267459 secs] [Times: user=0.70 sys=0.00, real=0.23 secs] 
422.386: [GC422.387: [ParNew: 306686K->34048K(306688K), 0.1638730 secs] 1453513K->1298966K(2063104K), 0.1643120 secs] [Times: user=0.59 sys=0.00, real=0.17 secs] 
422.803: [GC422.803: [ParNew: 306688K->34047K(306688K), 0.2340288 secs] 1366563K->1266629K(2063104K), 0.2344794 secs] [Times: user=0.81 sys=0.00, real=0.23 secs] 
423.286: [GC423.286: [ParNew: 306687K->34047K(306688K), 0.1380557 secs] 1415724K->1241092K(2063104K), 0.1385281 secs] [Times: user=0.48 sys=0.00, real=0.14 secs] 
423.648: [CMS-concurrent-sweep: 1.213/2.180 secs] [Times: user=6.83 sys=0.16, real=2.18 secs] 
423.648: [CMS-concurrent-reset-start]
423.650: [CMS-concurrent-reset: 0.002/0.002 secs] [Times: user=0.00 sys=0.00, real=0.00 secs] 
423.677: [GC423.677: [ParNew: 306687K->34047K(306688K), 0.2090040 secs] 1320723K->1212308K(2063104K), 0.2094363 secs] [Times: user=0.73 sys=0.00, real=0.21 secs] 
423.887: [GC [1 CMS-initial-mark: 1178261K(1756416K)] 1212308K(2063104K), 0.0202066 secs] [Times: user=0.02 sys=0.00, real=0.02 secs] 
423.908: [CMS-concurrent-mark-start]
424.086: [CMS-concurrent-mark: 0.178/0.178 secs] [Times: user=0.51 sys=0.03, real=0.18 secs] 
424.086: [CMS-concurrent-preclean-start]
424.089: [CMS-concurrent-preclean: 0.003/0.003 secs] [Times: user=0.06 sys=0.00, real=0.00 secs] 
424.089: [CMS-concurrent-abortable-preclean-start]
424.157: [GC424.158: [ParNew: 306687K->34047K(306688K), 0.1718878 secs] 1484948K->1330151K(2063104K), 0.1723535 secs] [Times: user=0.62 sys=0.00, real=0.17 secs] 
424.477: [CMS-concurrent-abortable-preclean: 0.196/0.388 secs] [Times: user=1.22 sys=0.00, real=0.39 secs] 
424.477: [GC[YG occupancy: 208643 K (306688 K)]424.477: [Rescan (parallel) , 0.0569342 secs]424.534: [weak refs processing, 0.0000128 secs]424.534: [scrub string table, 0.0001527 secs] [1 CMS-remark: 1296104K(1756416K)] 1504747K(2063104K), 0.0573094 secs] [Times: user=0.22 sys=0.00, real=0.06 secs] 
424.535: [CMS-concurrent-sweep-start]
424.625: [GC424.626: [ParNew: 306687K->34047K(306688K), 0.1889667 secs] 1515735K->1379393K(2063104K), 0.1894023 secs] [Times: user=0.62 sys=0.00, real=0.19 secs] 
425.063: [GC425.064: [ParNew: 306687K->34046K(306688K), 0.2434159 secs] 1412648K->1300565K(2063104K), 0.2438492 secs] [Times: user=0.80 sys=0.00, real=0.24 secs] 
425.565: [GC425.565: [ParNew: 306686K->34046K(306688K), 0.1424573 secs] 1362253K->1190188K(2063104K), 0.1428938 secs] [Times: user=0.48 sys=0.00, real=0.14 secs] 
425.958: [GC425.959: [ParNew: 306686K->34046K(306688K), 0.2232613 secs] 1262737K->1156640K(2063104K), 0.2236939 secs] [Times: user=0.83 sys=0.00, real=0.22 secs] 
426.434: [GC426.435: [ParNew: 306686K->34046K(306688K), 0.1479800 secs] 1239905K->1071217K(2063104K), 0.1484502 secs] [Times: user=0.51 sys=0.00, real=0.15 secs] 
426.727: [CMS-concurrent-sweep: 1.196/2.192 secs] [Times: user=7.05 sys=0.23, real=2.19 secs] 
426.727: [CMS-concurrent-reset-start]
426.729: [CMS-concurrent-reset: 0.002/0.002 secs] [Times: user=0.00 sys=0.00, real=0.00 secs] 
426.847: [GC426.847: [ParNew: 306686K->34046K(306688K), 0.2453114 secs] 1283616K->1203650K(2063104K), 0.2458178 secs] [Times: user=0.89 sys=0.00, real=0.24 secs] 
427.093: [GC [1 CMS-initial-mark: 1169603K(1756416K)] 1203656K(2063104K), 0.0200819 secs] [Times: user=0.02 sys=0.00, real=0.02 secs] 
427.113: [CMS-concurrent-mark-start]
427.319: [CMS-concurrent-mark: 0.185/0.205 secs] [Times: user=0.67 sys=0.03, real=0.21 secs] 
427.319: [CMS-concurrent-preclean-start]
427.322: [CMS-concurrent-preclean: 0.003/0.003 secs] [Times: user=0.00 sys=0.00, real=0.00 secs] 
427.322: [CMS-concurrent-abortable-preclean-start]
427.357: [GC427.357: [ParNew: 306686K->34046K(306688K), 0.1404893 secs] 1476290K->1300448K(2063104K), 0.1410227 secs] [Times: user=0.44 sys=0.00, real=0.14 secs] 
427.623: [CMS-concurrent-abortable-preclean: 0.159/0.301 secs] [Times: user=0.95 sys=0.01, real=0.30 secs] 
427.623: [GC[YG occupancy: 173226 K (306688 K)]427.623: [Rescan (parallel) , 0.0512584 secs]427.675: [weak refs processing, 0.0000131 secs]427.675: [scrub string table, 0.0001511 secs] [1 CMS-remark: 1266402K(1756416K)] 1439628K(2063104K), 0.0516368 secs] [Times: user=0.19 sys=0.00, real=0.05 secs] 
427.675: [CMS-concurrent-sweep-start]
427.800: [GC427.800: [ParNew: 306686K->34046K(306688K), 0.2168976 secs] 1452058K->1339985K(2063104K), 0.2173353 secs] [Times: user=0.76 sys=0.00, real=0.22 secs] 
428.270: [GC428.270: [ParNew: 306686K->34046K(306688K), 0.1593502 secs] 1394117K->1226537K(2063104K), 0.1598233 secs] [Times: user=0.51 sys=0.00, real=0.16 secs] 
428.678: [GC428.678: [ParNew: 306686K->34046K(306688K), 0.2225900 secs] 1286278K->1172717K(2063104K), 0.2230278 secs] [Times: user=0.76 sys=0.00, real=0.22 secs] 
429.169: [GC429.170: [ParNew: 306686K->34046K(306688K), 0.1973766 secs] 1274565K->1147058K(2063104K), 0.1978109 secs] [Times: user=0.67 sys=0.00, real=0.20 secs] 
429.601: [GC429.602: [ParNew: 306686K->34048K(306688K), 0.1718089 secs] 1259323K->1110969K(2063104K), 0.1722608 secs] [Times: user=0.56 sys=0.00, real=0.17 secs] 
429.880: [CMS-concurrent-sweep: 1.186/2.205 secs] [Times: user=7.05 sys=0.22, real=2.21 secs] 
429.880: [CMS-concurrent-reset-start]
429.882: [CMS-concurrent-reset: 0.002/0.002 secs] [Times: user=0.00 sys=0.00, real=0.00 secs] 
430.044: [GC430.044: [ParNew: 306688K->34047K(306688K), 0.2666489 secs] 1290158K->1224247K(2063104K), 0.2670812 secs] [Times: user=0.87 sys=0.00, real=0.27 secs] 
430.312: [GC [1 CMS-initial-mark: 1190200K(1756416K)] 1224253K(2063104K), 0.0200828 secs] [Times: user=0.03 sys=0.00, real=0.02 secs] 
430.332: [CMS-concurrent-mark-start]
430.532: [CMS-concurrent-mark: 0.166/0.200 secs] [Times: user=0.55 sys=0.05, real=0.20 secs] 
430.532: [CMS-concurrent-preclean-start]
430.535: [CMS-concurrent-preclean: 0.003/0.003 secs] [Times: user=0.00 sys=0.00, real=0.00 secs] 
430.535: [CMS-concurrent-abortable-preclean-start]
430.597: [GC430.597: [ParNew: 306687K->34047K(306688K), 0.1645398 secs] 1496887K->1338143K(2063104K), 0.1649820 secs] [Times: user=0.58 sys=0.00, real=0.16 secs] 
430.905: [CMS-concurrent-abortable-preclean: 0.204/0.370 secs] [Times: user=1.31 sys=0.03, real=0.37 secs] 
430.905: [GC[YG occupancy: 190198 K (306688 K)]430.906: [Rescan (parallel) , 0.0488963 secs]430.954: [weak refs processing, 0.0000131 secs]430.955: [scrub string table, 0.0001527 secs] [1 CMS-remark: 1304095K(1756416K)] 1494294K(2063104K), 0.0492831 secs] [Times: user=0.19 sys=0.00, real=0.05 secs] 
430.955: [CMS-concurrent-sweep-start]
431.062: [GC431.062: [ParNew: 306687K->34047K(306688K), 0.2194434 secs] 1507714K->1398654K(2063104K), 0.2198722 secs] [Times: user=0.78 sys=0.00, real=0.22 secs] 
431.543: [GC431.543: [ParNew: 306687K->34047K(306688K), 0.1811476 secs] 1453535K->1292078K(2063104K), 0.1816842 secs] [Times: user=0.65 sys=0.00, real=0.18 secs] 
431.978: [GC431.978: [ParNew: 306687K->34047K(306688K), 0.2350371 secs] 1323623K->1227175K(2063104K), 0.2354698 secs] [Times: user=0.83 sys=0.00, real=0.24 secs] 
432.459: [GC432.459: [ParNew: 306687K->34046K(306688K), 0.1114642 secs] 1332648K->1136872K(2063104K), 0.1118943 secs] [Times: user=0.39 sys=0.00, real=0.11 secs] 
432.821: [GC432.821: [ParNew: 306686K->34046K(306688K), 0.2191429 secs] 1187010K->1074661K(2063104K), 0.2196099 secs] [Times: user=0.75 sys=0.00, real=0.22 secs] 
433.179: [CMS-concurrent-sweep: 1.200/2.224 secs] [Times: user=7.11 sys=0.25, real=2.22 secs] 
433.179: [CMS-concurrent-reset-start]
433.182: [CMS-concurrent-reset: 0.003/0.003 secs] [Times: user=0.06 sys=0.00, real=0.00 secs] 
433.211: [GC [1 CMS-initial-mark: 994332K(1756416K)] 1190817K(2063104K), 0.1182189 secs] [Times: user=0.13 sys=0.00, real=0.12 secs] 
433.330: [CMS-concurrent-mark-start]
433.412: [GC433.412: [ParNew: 306686K->34046K(306688K), 0.1602639 secs] 1301019K->1138115K(2063104K), 0.1608114 secs] [Times: user=0.58 sys=0.00, real=0.16 secs] 
433.821: [GC433.822: [ParNew: 306686K->34046K(306688K), 0.2274855 secs] 1410755K->1300522K(2063104K), 0.2279813 secs] [Times: user=0.80 sys=0.00, real=0.23 secs] 
434.295: [CMS-concurrent-mark: 0.557/0.965 secs] [Times: user=3.12 sys=0.08, real=0.96 secs] 
434.295: [CMS-concurrent-preclean-start]
434.301: [CMS-concurrent-preclean: 0.006/0.006 secs] [Times: user=0.00 sys=0.00, real=0.01 secs] 
434.301: [CMS-concurrent-abortable-preclean-start]
434.302: [GC434.302: [ParNew: 306686K->34046K(306688K), 0.1747961 secs] 1573162K->1414637K(2063104K), 0.1752162 secs] [Times: user=0.55 sys=0.00, real=0.17 secs] 
434.617: [CMS-concurrent-abortable-preclean: 0.140/0.316 secs] [Times: user=0.92 sys=0.00, real=0.32 secs] 
434.617: [GC[YG occupancy: 190091 K (306688 K)]434.618: [Rescan (parallel) , 0.0394697 secs]434.657: [weak refs processing, 0.0000131 secs]434.657: [scrub string table, 0.0001533 secs] [1 CMS-remark: 1380591K(1756416K)] 1570682K(2063104K), 0.0398382 secs] [Times: user=0.16 sys=0.00, real=0.04 secs] 
434.658: [CMS-concurrent-sweep-start]
434.761: [GC434.761: [ParNew: 306686K->34046K(306688K), 0.2062048 secs] 1590496K->1464296K(2063104K), 0.2066403 secs] [Times: user=0.69 sys=0.00, real=0.21 secs] 
435.231: [GC435.232: [ParNew: 306686K->34046K(306688K), 0.2032163 secs] 1514721K->1376801K(2063104K), 0.2036749 secs] [Times: user=0.69 sys=0.00, real=0.20 secs] 
435.668: [GC435.668: [ParNew: 306686K->34046K(306688K), 0.1530795 secs] 1491094K->1327119K(2063104K), 0.1535192 secs] [Times: user=0.42 sys=0.00, real=0.15 secs] 
436.074: [GC436.074: [ParNew: 306686K->34046K(306688K), 0.2302671 secs] 1508551K->1402630K(2063104K), 0.2307081 secs] [Times: user=0.81 sys=0.00, real=0.23 secs] 
436.558: [GC436.558: [ParNew: 306686K->34046K(306688K), 0.1226679 secs] 1473611K->1284857K(2063104K), 0.1231445 secs] [Times: user=0.39 sys=0.00, real=0.12 secs] 
436.728: [CMS-concurrent-sweep: 1.104/2.071 secs] [Times: user=6.32 sys=0.13, real=2.07 secs] 
436.729: [CMS-concurrent-reset-start]
436.731: [CMS-concurrent-reset: 0.002/0.002 secs] [Times: user=0.00 sys=0.00, real=0.00 secs] 
436.957: [GC436.958: [ParNew: 306686K->34048K(306688K), 0.2496122 secs] 1529301K->1462810K(2063104K), 0.2500462 secs] [Times: user=0.83 sys=0.00, real=0.25 secs] 
437.208: [GC [1 CMS-initial-mark: 1428762K(1756416K)] 1462816K(2063104K), 0.0203974 secs] [Times: user=0.01 sys=0.00, real=0.02 secs] 
437.229: [CMS-concurrent-mark-start]
437.422: [CMS-concurrent-mark: 0.173/0.194 secs] [Times: user=0.52 sys=0.11, real=0.19 secs] 
437.422: [CMS-concurrent-preclean-start]
437.425: [CMS-concurrent-preclean: 0.003/0.003 secs] [Times: user=0.03 sys=0.00, real=0.00 secs] 
437.425: [CMS-concurrent-abortable-preclean-start]
437.473: [GC437.474: [ParNew: 306688K->34047K(306688K), 0.1212971 secs] 1735450K->1537147K(2063104K), 0.1217997 secs] [Times: user=0.36 sys=0.00, real=0.12 secs] 
437.845: [GC437.845: [ParNew: 306687K->34047K(306688K), 0.2294185 secs] 1809787K->1692533K(2063104K), 0.2298726 secs] [Times: user=0.80 sys=0.00, real=0.23 secs] 
438.282: [CMS-concurrent-abortable-preclean: 0.482/0.856 secs] [Times: user=2.73 sys=0.05, real=0.86 secs] 
438.282: [GC[YG occupancy: 249410 K (306688 K)]438.282: [Rescan (parallel) , 0.1122063 secs]438.395: [weak refs processing, 0.0000138 secs]438.395: [scrub string table, 0.0001636 secs] [1 CMS-remark: 1658486K(1756416K)] 1907897K(2063104K), 0.1126063 secs] [Times: user=0.39 sys=0.02, real=0.11 secs] 
438.395: [CMS-concurrent-sweep-start]
438.442: [GC438.442: [ParNew: 306687K->306687K(306688K), 0.0000218 secs]438.442: [CMS439.966: [CMS-concurrent-sweep: 1.568/1.571 secs] [Times: user=1.65 sys=0.00, real=1.57 secs] 
 (concurrent mode failure): 1613605K->164126K(1756416K), 2.2200329 secs] 1920292K->164126K(2063104K), [CMS Perm : 7342K->7342K(21248K)], 2.2205249 secs] [Times: user=2.22 sys=0.00, real=2.22 secs] 
440.962: [GC440.962: [ParNew: 272640K->34047K(306688K), 0.2656543 secs] 436766K->451405K(2063104K), 0.2661527 secs] [Times: user=0.95 sys=0.00, real=0.27 secs] 
441.520: [GC441.520: [ParNew: 306687K->34047K(306688K), 0.2599734 secs] 724045K->645710K(2063104K), 0.2604125 secs] [Times: user=0.89 sys=0.00, real=0.26 secs] 
442.065: [GC442.066: [ParNew: 306687K->34046K(306688K), 0.2870271 secs] 918350K->869311K(2063104K), 0.2874572 secs] [Times: user=1.01 sys=0.00, real=0.29 secs] 
442.353: [GC [1 CMS-initial-mark: 835264K(1756416K)] 869315K(2063104K), 0.0200694 secs] [Times: user=0.03 sys=0.00, real=0.02 secs] 
442.374: [CMS-concurrent-mark-start]
442.572: [CMS-concurrent-mark: 0.179/0.198 secs] [Times: user=0.48 sys=0.02, real=0.20 secs] 
442.572: [CMS-concurrent-preclean-start]
442.575: [CMS-concurrent-preclean: 0.003/0.003 secs] [Times: user=0.05 sys=0.00, real=0.00 secs] 
442.576: [CMS-concurrent-abortable-preclean-start]
442.621: [GC442.621: [ParNew: 306686K->34046K(306688K), 0.1475487 secs] 1141951K->963762K(2063104K), 0.1479778 secs] [Times: user=0.50 sys=0.00, real=0.15 secs] 
443.018: [GC443.018: [ParNew: 306686K->34046K(306688K), 0.2508823 secs] 1236402K->1132514K(2063104K), 0.2514670 secs] [Times: user=0.84 sys=0.00, real=0.25 secs] 
443.494: [CMS-concurrent-abortable-preclean: 0.498/0.918 secs] [Times: user=3.00 sys=0.05, real=0.92 secs] 
443.494: [GC[YG occupancy: 286275 K (306688 K)]443.494: [Rescan (parallel) , 0.1147698 secs]443.609: [weak refs processing, 0.0000128 secs]443.609: [scrub string table, 0.0001536 secs] [1 CMS-remark: 1098467K(1756416K)] 1384743K(2063104K), 0.1151339 secs] [Times: user=0.41 sys=0.00, real=0.12 secs] 
443.610: [CMS-concurrent-sweep-start]
443.629: [GC443.629: [ParNew: 306686K->34046K(306688K), 0.1312754 secs] 1387006K->1202480K(2063104K), 0.1317144 secs] [Times: user=0.45 sys=0.00, real=0.13 secs] 
443.997: [GC443.997: [ParNew: 306686K->34046K(306688K), 0.1689266 secs] 1247945K->1087694K(2063104K), 0.1693660 secs] [Times: user=0.56 sys=0.00, real=0.17 secs] 
444.426: [GC444.427: [ParNew: 306686K->34046K(306688K), 0.1817942 secs] 1134224K->985803K(2063104K), 0.1822387 secs] [Times: user=0.61 sys=0.00, real=0.18 secs] 
444.856: [GC444.856: [ParNew: 306686K->34046K(306688K), 0.2015691 secs] 1087346K->964626K(2063104K), 0.2020005 secs] [Times: user=0.72 sys=0.00, real=0.20 secs] 
445.204: [CMS-concurrent-sweep: 0.885/1.594 secs] [Times: user=5.10 sys=0.11, real=1.59 secs] 
445.204: [CMS-concurrent-reset-start]
445.206: [CMS-concurrent-reset: 0.002/0.002 secs] [Times: user=0.00 sys=0.00, real=0.00 secs] 
445.278: [GC [1 CMS-initial-mark: 930580K(1756416K)] 1167831K(2063104K), 0.1421577 secs] [Times: user=0.14 sys=0.00, real=0.14 secs] 
445.421: [CMS-concurrent-mark-start]
445.472: [GC445.473: [ParNew: 306686K->34046K(306688K), 0.2110900 secs] 1237266K->1104264K(2063104K), 0.2116570 secs] [Times: user=0.67 sys=0.00, real=0.21 secs] 
445.931: [GC445.931: [ParNew: 306686K->34046K(306688K), 0.2342440 secs] 1376904K->1265238K(2063104K), 0.2346988 secs] [Times: user=0.81 sys=0.02, real=0.24 secs] 
446.413: [GC446.413: [ParNew: 306686K->34046K(306688K), 0.1236557 secs] 1537878K->1339949K(2063104K), 0.1240951 secs] [Times: user=0.44 sys=0.00, real=0.12 secs] 
446.696: [CMS-concurrent-mark: 0.680/1.276 secs] [Times: user=4.06 sys=0.08, real=1.28 secs] 
446.697: [CMS-concurrent-preclean-start]
446.702: [CMS-concurrent-preclean: 0.006/0.006 secs] [Times: user=0.00 sys=0.00, real=0.01 secs] 
446.703: [CMS-concurrent-abortable-preclean-start]
446.766: [GC446.766: [ParNew: 306686K->34046K(306688K), 0.1294222 secs] 1612589K->1422125K(2063104K), 0.1299530 secs] [Times: user=0.47 sys=0.00, real=0.13 secs] 
447.135: [GC447.136: [ParNew: 306686K->34048K(306688K), 0.1744227 secs] 1694765K->1537062K(2063104K), 0.1748897 secs] [Times: user=0.61 sys=0.00, real=0.18 secs] 
447.473: [CMS-concurrent-abortable-preclean: 0.445/0.771 secs] [Times: user=2.47 sys=0.06, real=0.77 secs] 
447.474: [GC[YG occupancy: 216877 K (306688 K)]447.474: [Rescan (parallel) , 0.1135162 secs]447.587: [weak refs processing, 0.0000135 secs]447.587: [scrub string table, 0.0001546 secs] [1 CMS-remark: 1503014K(1756416K)] 1719891K(2063104K), 0.1138994 secs] [Times: user=0.34 sys=0.00, real=0.11 secs] 
447.589: [CMS-concurrent-sweep-start]
447.664: [GC447.664: [ParNew: 306688K->34047K(306688K), 0.0686138 secs] 1742453K->1514186K(2063104K), 0.0690426 secs] [Times: user=0.23 sys=0.00, real=0.07 secs] 
447.964: [GC447.964: [ParNew: 306687K->34047K(306688K), 0.1369001 secs] 1611294K->1424614K(2063104K), 0.1373350 secs] [Times: user=0.45 sys=0.00, real=0.14 secs] 
448.346: [GC448.346: [ParNew: 306687K->34047K(306688K), 0.1268918 secs] 1568025K->1380864K(2063104K), 0.1273379 secs] [Times: user=0.39 sys=0.00, real=0.13 secs] 
448.715: [GC448.715: [ParNew: 306687K->34047K(306688K), 0.1768503 secs] 1463323K->1317112K(2063104K), 0.1773034 secs] [Times: user=0.64 sys=0.00, real=0.18 secs] 
449.143: [GC449.143: [ParNew: 306687K->34047K(306688K), 0.2199983 secs] 1410638K->1299561K(2063104K), 0.2204354 secs] [Times: user=0.75 sys=0.00, real=0.22 secs] 
449.482: [CMS-concurrent-sweep: 1.114/1.893 secs] [Times: user=5.88 sys=0.08, real=1.89 secs] 
449.482: [CMS-concurrent-reset-start]
449.484: [CMS-concurrent-reset: 0.002/0.002 secs] [Times: user=0.00 sys=0.00, real=0.00 secs] 
449.632: [GC449.633: [ParNew: 306687K->34046K(306688K), 0.1752877 secs] 1572201K->1432513K(2063104K), 0.1757178 secs] [Times: user=0.61 sys=0.00, real=0.18 secs] 
449.808: [GC [1 CMS-initial-mark: 1398466K(1756416K)] 1432517K(2063104K), 0.0201162 secs] [Times: user=0.03 sys=0.00, real=0.02 secs] 
449.829: [CMS-concurrent-mark-start]
449.993: [CMS-concurrent-mark: 0.164/0.164 secs] [Times: user=0.45 sys=0.00, real=0.16 secs] 
449.993: [CMS-concurrent-preclean-start]
449.996: [CMS-concurrent-preclean: 0.003/0.003 secs] [Times: user=0.00 sys=0.00, real=0.00 secs] 
449.996: [CMS-concurrent-abortable-preclean-start]
450.077: [GC450.078: [ParNew: 306686K->34046K(306688K), 0.2181493 secs] 1705153K->1587934K(2063104K), 0.2185788 secs] [Times: user=0.78 sys=0.00, real=0.22 secs] 
450.505: [CMS-concurrent-abortable-preclean: 0.272/0.509 secs] [Times: user=1.65 sys=0.05, real=0.51 secs] 
450.505: [GC[YG occupancy: 258826 K (306688 K)]450.505: [Rescan (parallel) , 0.0702549 secs]450.576: [weak refs processing, 0.0000135 secs]450.576: [scrub string table, 0.0001604 secs] [1 CMS-remark: 1553887K(1756416K)] 1812714K(2063104K), 0.0706504 secs] [Times: user=0.28 sys=0.00, real=0.07 secs] 
450.579: [CMS-concurrent-sweep-start]
450.617: [GC450.617: [ParNew: 306686K->34046K(306688K), 0.1447158 secs] 1823716K->1651564K(2063104K), 0.1451462 secs] [Times: user=0.48 sys=0.00, real=0.14 secs] 
451.013: [GC451.013: [ParNew: 306686K->34046K(306688K), 0.2434605 secs] 1685421K->1577336K(2063104K), 0.2439307 secs] [Times: user=0.80 sys=0.01, real=0.24 secs] 
451.509: [GC451.509: [ParNew: 306686K->34046K(306688K), 0.1346692 secs] 1636636K->1456633K(2063104K), 0.1353094 secs] [Times: user=0.39 sys=0.00, real=0.14 secs] 
451.883: [GC451.883: [ParNew: 306686K->34046K(306688K), 0.1652617 secs] 1507246K->1352053K(2063104K), 0.1656911 secs] [Times: user=0.55 sys=0.00, real=0.17 secs] 
452.315: [GC452.315: [ParNew: 306686K->34046K(306688K), 0.2256571 secs] 1466432K->1354592K(2063104K), 0.2260904 secs] [Times: user=0.72 sys=0.00, real=0.23 secs] 
452.757: [GC452.757: [ParNew: 306686K->34046K(306688K), 0.0588238 secs] 1437537K->1201667K(2063104K), 0.0592677 secs] [Times: user=0.23 sys=0.00, real=0.06 secs] 
453.018: [CMS-concurrent-sweep: 1.417/2.439 secs] [Times: user=7.22 sys=0.26, real=2.44 secs] 
453.018: [CMS-concurrent-reset-start]
453.020: [CMS-concurrent-reset: 0.002/0.002 secs] [Times: user=0.00 sys=0.00, real=0.00 secs] 
453.071: [GC453.071: [ParNew: 306686K->34046K(306688K), 0.2098199 secs] 1327139K->1225197K(2063104K), 0.2102420 secs] [Times: user=0.72 sys=0.00, real=0.21 secs] 
453.281: [GC [1 CMS-initial-mark: 1191151K(1756416K)] 1225197K(2063104K), 0.0201300 secs] [Times: user=0.02 sys=0.00, real=0.02 secs] 
453.302: [CMS-concurrent-mark-start]
453.486: [CMS-concurrent-mark: 0.166/0.184 secs] [Times: user=0.53 sys=0.00, real=0.18 secs] 
453.486: [CMS-concurrent-preclean-start]
453.489: [CMS-concurrent-preclean: 0.003/0.003 secs] [Times: user=0.00 sys=0.00, real=0.00 secs] 
453.489: [CMS-concurrent-abortable-preclean-start]
453.552: [GC453.552: [ParNew: 306686K->34046K(306688K), 0.1620673 secs] 1497837K->1337681K(2063104K), 0.1624900 secs] [Times: user=0.56 sys=0.00, real=0.16 secs] 
453.856: [CMS-concurrent-abortable-preclean: 0.203/0.367 secs] [Times: user=1.20 sys=0.00, real=0.37 secs] 
453.856: [GC[YG occupancy: 196270 K (306688 K)]453.856: [Rescan (parallel) , 0.0478078 secs]453.904: [weak refs processing, 0.0000135 secs]453.904: [scrub string table, 0.0001565 secs] [1 CMS-remark: 1303635K(1756416K)] 1499905K(2063104K), 0.0481920 secs] [Times: user=0.17 sys=0.00, real=0.05 secs] 
453.905: [CMS-concurrent-sweep-start]
454.007: [GC454.007: [ParNew: 306686K->34048K(306688K), 0.2005822 secs] 1512660K->1380692K(2063104K), 0.2012118 secs] [Times: user=0.73 sys=0.00, real=0.20 secs] 
454.476: [GC454.477: [ParNew: 306688K->34047K(306688K), 0.1574377 secs] 1424852K->1260646K(2063104K), 0.1581090 secs] [Times: user=0.47 sys=0.00, real=0.16 secs] 
454.862: [GC454.863: [ParNew: 306687K->34047K(306688K), 0.1198542 secs] 1323217K->1133984K(2063104K), 0.1205531 secs] [Times: user=0.45 sys=0.00, real=0.12 secs] 
455.224: [GC455.224: [ParNew: 306687K->34047K(306688K), 0.1988712 secs] 1243873K->1105195K(2063104K), 0.1993215 secs] [Times: user=0.72 sys=0.00, real=0.20 secs] 
455.667: [GC455.668: [ParNew: 306687K->34047K(306688K), 0.1116659 secs] 1188045K->987377K(2063104K), 0.1121050 secs] [Times: user=0.36 sys=0.00, real=0.11 secs] 
456.023: [GC456.023: [ParNew: 306687K->34046K(306688K), 0.1763201 secs] 1161481K->1013237K(2063104K), 0.1767932 secs] [Times: user=0.59 sys=0.00, real=0.18 secs] 
456.218: [CMS-concurrent-sweep: 1.295/2.314 secs] [Times: user=7.35 sys=0.14, real=2.31 secs] 
456.219: [CMS-concurrent-reset-start]
456.221: [CMS-concurrent-reset: 0.002/0.002 secs] [Times: user=0.00 sys=0.00, real=0.00 secs] 
456.322: [GC [1 CMS-initial-mark: 963341K(1756416K)] 1102779K(2063104K), 0.0827428 secs] [Times: user=0.08 sys=0.00, real=0.08 secs] 
456.405: [CMS-concurrent-mark-start]
456.545: [GC456.546: [ParNew: 306686K->34046K(306688K), 0.1885700 secs] 1270028K->1127855K(2063104K), 0.1890107 secs] [Times: user=0.64 sys=0.00, real=0.19 secs] 
456.942: [CMS-concurrent-mark: 0.348/0.537 secs] [Times: user=1.81 sys=0.05, real=0.54 secs] 
456.943: [CMS-concurrent-preclean-start]
456.948: [CMS-concurrent-preclean: 0.005/0.005 secs] [Times: user=0.00 sys=0.00, real=0.01 secs] 
456.948: [CMS-concurrent-abortable-preclean-start]
456.977: [GC456.978: [ParNew: 306686K->34046K(306688K), 0.2135335 secs] 1400495K->1276223K(2063104K), 0.2139880 secs] [Times: user=0.70 sys=0.00, real=0.21 secs] 
457.390: [CMS-concurrent-abortable-preclean: 0.209/0.442 secs] [Times: user=1.33 sys=0.03, real=0.44 secs] 
457.390: [GC[YG occupancy: 249028 K (306688 K)]457.390: [Rescan (parallel) , 0.0434678 secs]457.434: [weak refs processing, 0.0000122 secs]457.434: [scrub string table, 0.0001546 secs] [1 CMS-remark: 1242176K(1756416K)] 1491205K(2063104K), 0.0438465 secs] [Times: user=0.17 sys=0.00, real=0.04 secs] 
457.435: [CMS-concurrent-sweep-start]
457.483: [GC457.484: [ParNew: 306686K->34046K(306688K), 0.1586318 secs] 1506170K->1347103K(2063104K), 0.1590635 secs] [Times: user=0.55 sys=0.00, real=0.16 secs] 
457.884: [GC457.884: [ParNew: 306686K->34046K(306688K), 0.1893862 secs] 1439907K->1307735K(2063104K), 0.1898420 secs] [Times: user=0.61 sys=0.00, real=0.19 secs] 
458.345: [GC458.346: [ParNew: 306686K->34046K(306688K), 0.2349201 secs] 1477613K->1363117K(2063104K), 0.2353755 secs] [Times: user=0.73 sys=0.02, real=0.24 secs] 
458.820: [GC458.820: [ParNew: 306686K->34046K(306688K), 0.1817531 secs] 1519447K->1374138K(2063104K), 0.1822092 secs] [Times: user=0.55 sys=0.00, real=0.18 secs] 
459.242: [GC459.243: [ParNew: 306686K->34046K(306688K), 0.1908914 secs] 1417458K->1283763K(2063104K), 0.1913423 secs] [Times: user=0.69 sys=0.00, real=0.19 secs] 
459.569: [CMS-concurrent-sweep: 1.119/2.134 secs] [Times: user=6.68 sys=0.19, real=2.14 secs] 
459.569: [CMS-concurrent-reset-start]
459.571: [CMS-concurrent-reset: 0.002/0.002 secs] [Times: user=0.00 sys=0.00, real=0.00 secs] 
459.707: [GC459.708: [ParNew: 306686K->34046K(306688K), 0.1833573 secs] 1454181K->1323518K(2063104K), 0.1838070 secs] [Times: user=0.62 sys=0.00, real=0.18 secs] 
459.892: [GC [1 CMS-initial-mark: 1289472K(1756416K)] 1323520K(2063104K), 0.0202496 secs] [Times: user=0.02 sys=0.00, real=0.02 secs] 
459.912: [CMS-concurrent-mark-start]
460.075: [CMS-concurrent-mark: 0.163/0.163 secs] [Times: user=0.48 sys=0.02, real=0.16 secs] 
460.076: [CMS-concurrent-preclean-start]
460.079: [CMS-concurrent-preclean: 0.003/0.003 secs] [Times: user=0.05 sys=0.00, real=0.00 secs] 
460.079: [CMS-concurrent-abortable-preclean-start]
460.157: [GC460.158: [ParNew: 306686K->34048K(306688K), 0.2142279 secs] 1596158K->1478887K(2063104K), 0.2146525 secs] [Times: user=0.69 sys=0.00, real=0.21 secs] 
460.581: [CMS-concurrent-abortable-preclean: 0.268/0.501 secs] [Times: user=1.59 sys=0.03, real=0.50 secs] 
460.581: [GC[YG occupancy: 263208 K (306688 K)]460.581: [Rescan (parallel) , 0.0626292 secs]460.644: [weak refs processing, 0.0000125 secs]460.644: [scrub string table, 0.0001604 secs] [1 CMS-remark: 1444839K(1756416K)] 1708048K(2063104K), 0.0630269 secs] [Times: user=0.25 sys=0.00, real=0.06 secs] 
460.644: [CMS-concurrent-sweep-start]
460.686: [GC460.686: [ParNew: 306688K->34047K(306688K), 0.1653691 secs] 1710959K->1553370K(2063104K), 0.1658181 secs] [Times: user=0.56 sys=0.00, real=0.17 secs] 
461.093: [GC461.093: [ParNew: 306687K->34047K(306688K), 0.2043610 secs] 1593721K->1459868K(2063104K), 0.2048164 secs] [Times: user=0.66 sys=0.02, real=0.20 secs] 
461.560: [GC461.560: [ParNew: 306687K->34047K(306688K), 0.1575686 secs] 1510989K->1348540K(2063104K), 0.1579948 secs] [Times: user=0.51 sys=0.00, real=0.16 secs] 
461.966: [GC461.966: [ParNew: 306687K->34047K(306688K), 0.2160800 secs] 1391567K->1272400K(2063104K), 0.2165153 secs] [Times: user=0.67 sys=0.00, real=0.22 secs] 
462.453: [GC462.453: [ParNew: 306687K->34047K(306688K), 0.1847012 secs] 1330304K->1189788K(2063104K), 0.1851367 secs] [Times: user=0.64 sys=0.00, real=0.19 secs] 
462.886: [GC462.887: [ParNew: 306687K->34046K(306688K), 0.2179059 secs] 1307209K->1193399K(2063104K), 0.2183382 secs] [Times: user=0.72 sys=0.00, real=0.22 secs] 
463.164: [CMS-concurrent-sweep: 1.306/2.519 secs] [Times: user=7.99 sys=0.31, real=2.52 secs] 
463.164: [CMS-concurrent-reset-start]
463.166: [CMS-concurrent-reset: 0.002/0.002 secs] [Times: user=0.05 sys=0.02, real=0.00 secs] 
463.367: [GC [1 CMS-initial-mark: 1155661K(1756416K)] 1421515K(2063104K), 0.1610086 secs] [Times: user=0.17 sys=0.00, real=0.16 secs] 
463.528: [CMS-concurrent-mark-start]
463.557: [GC463.558: [ParNew: 306686K->34046K(306688K), 0.2676585 secs] 1462347K->1379663K(2063104K), 0.2681643 secs] [Times: user=0.91 sys=0.00, real=0.27 secs] 
464.054: [GC464.054: [ParNew: 306686K->34046K(306688K), 0.1647078 secs] 1652303K->1494605K(2063104K), 0.1651725 secs] [Times: user=0.55 sys=0.00, real=0.17 secs] 
464.473: [GC464.473: [ParNew: 306686K->34046K(306688K), 0.1696716 secs] 1767245K->1612741K(2063104K), 0.1702624 secs] [Times: user=0.64 sys=0.00, real=0.17 secs] 
464.891: [CMS-concurrent-mark: 0.738/1.363 secs] [Times: user=4.29 sys=0.23, real=1.36 secs] 
464.891: [CMS-concurrent-preclean-start]
464.892: [GC464.892: [ParNew: 306686K->306686K(306688K), 0.0000189 secs]464.892: [CMS464.899: [CMS-concurrent-preclean: 0.005/0.008 secs] [Times: user=0.01 sys=0.00, real=0.01 secs] 
 (concurrent mode failure): 1578695K->164290K(1756416K), 0.9647240 secs] 1885381K->164290K(2063104K), [CMS Perm : 7344K->7344K(21248K)], 0.9651006 secs] [Times: user=0.95 sys=0.00, real=0.96 secs] 
466.145: [GC466.145: [ParNew: 272640K->34046K(306688K), 0.2326054 secs] 436930K->412088K(2063104K), 0.2330368 secs] [Times: user=0.81 sys=0.00, real=0.23 secs] 
466.675: [GC466.675: [ParNew: 306686K->34046K(306688K), 0.2718173 secs] 684728K->620782K(2063104K), 0.2722711 secs] [Times: user=0.84 sys=0.00, real=0.27 secs] 
466.947: [GC [1 CMS-initial-mark: 586735K(1756416K)] 620784K(2063104K), 0.0201454 secs] [Times: user=0.02 sys=0.00, real=0.02 secs] 
466.968: [CMS-concurrent-mark-start]
467.131: [CMS-concurrent-mark: 0.163/0.163 secs] [Times: user=0.48 sys=0.00, real=0.16 secs] 
467.131: [CMS-concurrent-preclean-start]
467.134: [CMS-concurrent-preclean: 0.003/0.003 secs] [Times: user=0.00 sys=0.00, real=0.00 secs] 
467.134: [CMS-concurrent-abortable-preclean-start]
467.216: [GC467.216: [ParNew: 306686K->34046K(306688K), 0.2374672 secs] 893422K->780513K(2063104K), 0.2378992 secs] [Times: user=0.70 sys=0.03, real=0.24 secs] 
467.680: [CMS-concurrent-abortable-preclean: 0.276/0.546 secs] [Times: user=1.62 sys=0.11, real=0.55 secs] 
467.680: [GC[YG occupancy: 266781 K (306688 K)]467.681: [Rescan (parallel) , 0.1549118 secs]467.835: [weak refs processing, 0.0000135 secs]467.836: [scrub string table, 0.0001761 secs] [1 CMS-remark: 746467K(1756416K)] 1013249K(2063104K), 0.1553248 secs] [Times: user=0.55 sys=0.00, real=0.15 secs] 
467.836: [CMS-concurrent-sweep-start]
467.870: [GC467.870: [ParNew: 306686K->34046K(306688K), 0.1674673 secs] 1020399K->866321K(2063104K), 0.1678935 secs] [Times: user=0.56 sys=0.00, real=0.17 secs] 
468.284: [GC468.284: [ParNew: 306686K->34046K(306688K), 0.2196060 secs] 908990K->785846K(2063104K), 0.2200897 secs] [Times: user=0.70 sys=0.00, real=0.22 secs] 
468.763: [GC468.763: [ParNew: 306686K->34046K(306688K), 0.1727425 secs] 921515K->773980K(2063104K), 0.1731844 secs] [Times: user=0.56 sys=0.00, real=0.17 secs] 
469.007: [CMS-concurrent-sweep: 0.590/1.171 secs] [Times: user=3.51 sys=0.14, real=1.17 secs] 
469.007: [CMS-concurrent-reset-start]
469.009: [CMS-concurrent-reset: 0.002/0.002 secs] [Times: user=0.00 sys=0.00, real=0.00 secs] 
469.205: [GC469.205: [ParNew: 306686K->34048K(306688K), 0.2500568 secs] 1046620K->968669K(2063104K), 0.2506055 secs] [Times: user=0.80 sys=0.00, real=0.25 secs] 
469.456: [GC [1 CMS-initial-mark: 934621K(1756416K)] 968672K(2063104K), 0.0200896 secs] [Times: user=0.02 sys=0.00, real=0.02 secs] 
469.476: [CMS-concurrent-mark-start]
469.676: [CMS-concurrent-mark: 0.175/0.200 secs] [Times: user=0.62 sys=0.00, real=0.20 secs] 
469.677: [CMS-concurrent-preclean-start]
469.680: [CMS-concurrent-preclean: 0.003/0.003 secs] [Times: user=0.00 sys=0.00, real=0.00 secs] 
469.680: [CMS-concurrent-abortable-preclean-start]
469.734: [GC469.734: [ParNew: 306688K->34047K(306688K), 0.1684173 secs] 1241309K->1078733K(2063104K), 0.1688730 secs] [Times: user=0.56 sys=0.00, real=0.17 secs] 
470.041: [CMS-concurrent-abortable-preclean: 0.191/0.361 secs] [Times: user=1.17 sys=0.05, real=0.36 secs] 
470.042: [GC[YG occupancy: 190160 K (306688 K)]470.042: [Rescan (parallel) , 0.0707107 secs]470.113: [weak refs processing, 0.0000138 secs]470.113: [scrub string table, 0.0001543 secs] [1 CMS-remark: 1044685K(1756416K)] 1234845K(2063104K), 0.0711565 secs] [Times: user=0.30 sys=0.00, real=0.07 secs] 
470.113: [CMS-concurrent-sweep-start]
470.217: [GC470.217: [ParNew: 306687K->34047K(306688K), 0.1979103 secs] 1252931K->1118087K(2063104K), 0.1983436 secs] [Times: user=0.62 sys=0.00, real=0.20 secs] 
470.668: [GC470.669: [ParNew: 306687K->34047K(306688K), 0.1554576 secs] 1183264K->1013270K(2063104K), 0.1559124 secs] [Times: user=0.47 sys=0.00, real=0.16 secs] 
471.074: [GC471.074: [ParNew: 306687K->34047K(306688K), 0.2265269 secs] 1072643K->963809K(2063104K), 0.2269573 secs] [Times: user=0.76 sys=0.00, real=0.23 secs] 
471.580: [GC471.581: [ParNew: 306687K->34046K(306688K), 0.1711892 secs] 1022088K->870972K(2063104K), 0.1717418 secs] [Times: user=0.56 sys=0.00, real=0.17 secs] 
471.841: [CMS-concurrent-sweep: 0.907/1.727 secs] [Times: user=5.19 sys=0.08, real=1.73 secs] 
471.841: [CMS-concurrent-reset-start]
471.843: [CMS-concurrent-reset: 0.002/0.002 secs] [Times: user=0.00 sys=0.00, real=0.00 secs] 
472.019: [GC472.019: [ParNew: 306686K->34046K(306688K), 0.2405426 secs] 1132556K->1046457K(2063104K), 0.2409913 secs] [Times: user=0.83 sys=0.00, real=0.24 secs] 
472.260: [GC [1 CMS-initial-mark: 1012410K(1756416K)] 1046468K(2063104K), 0.0200690 secs] [Times: user=0.01 sys=0.00, real=0.02 secs] 
472.280: [CMS-concurrent-mark-start]
472.476: [CMS-concurrent-mark: 0.165/0.196 secs] [Times: user=0.55 sys=0.01, real=0.20 secs] 
472.476: [CMS-concurrent-preclean-start]
472.479: [CMS-concurrent-preclean: 0.003/0.003 secs] [Times: user=0.05 sys=0.00, real=0.00 secs] 
472.480: [CMS-concurrent-abortable-preclean-start]
472.546: [GC472.546: [ParNew: 306686K->34046K(306688K), 0.1926223 secs] 1319097K->1175657K(2063104K), 0.1930636 secs] [Times: user=0.64 sys=0.00, real=0.19 secs] 
472.898: [CMS-concurrent-abortable-preclean: 0.225/0.419 secs] [Times: user=1.31 sys=0.05, real=0.42 secs] 
472.899: [GC[YG occupancy: 208665 K (306688 K)]472.899: [Rescan (parallel) , 0.0705275 secs]472.969: [weak refs processing, 0.0000128 secs]472.969: [scrub string table, 0.0001517 secs] [1 CMS-remark: 1141611K(1756416K)] 1350276K(2063104K), 0.0708896 secs] [Times: user=0.25 sys=0.00, real=0.07 secs] 
472.970: [CMS-concurrent-sweep-start]
473.060: [GC473.060: [ParNew: 306686K->34046K(306688K), 0.2277700 secs] 1360806K->1249361K(2063104K), 0.2282340 secs] [Times: user=0.76 sys=0.00, real=0.23 secs] 
473.552: [GC473.552: [ParNew: 306686K->34046K(306688K), 0.1820267 secs] 1297887K->1146364K(2063104K), 0.1825600 secs] [Times: user=0.59 sys=0.00, real=0.18 secs] 
473.982: [GC473.983: [ParNew: 306686K->34046K(306688K), 0.2219319 secs] 1184669K->1078177K(2063104K), 0.2223697 secs] [Times: user=0.75 sys=0.00, real=0.22 secs] 
474.460: [GC474.460: [ParNew: 306686K->34046K(306688K), 0.2135268 secs] 1192625K->1082365K(2063104K), 0.2138979 secs] [Times: user=0.69 sys=0.00, real=0.21 secs] 
474.862: [CMS-concurrent-sweep: 1.006/1.893 secs] [Times: user=6.05 sys=0.19, real=1.89 secs] 
474.863: [CMS-concurrent-reset-start]
474.865: [CMS-concurrent-reset: 0.003/0.003 secs] [Times: user=0.05 sys=0.00, real=0.00 secs] 
474.919: [GC474.919: [ParNew: 306686K->34046K(306688K), 0.1955800 secs] 1233823K->1109688K(2063104K), 0.1960315 secs] [Times: user=0.64 sys=0.00, real=0.20 secs] 
475.115: [GC [1 CMS-initial-mark: 1075642K(1756416K)] 1109692K(2063104K), 0.0202053 secs] [Times: user=0.02 sys=0.00, real=0.02 secs] 
475.136: [CMS-concurrent-mark-start]
475.309: [CMS-concurrent-mark: 0.174/0.174 secs] [Times: user=0.53 sys=0.03, real=0.17 secs] 
475.310: [CMS-concurrent-preclean-start]
475.313: [CMS-concurrent-preclean: 0.003/0.003 secs] [Times: user=0.00 sys=0.00, real=0.00 secs] 
475.313: [CMS-concurrent-abortable-preclean-start]
475.380: [GC475.380: [ParNew: 306686K->34046K(306688K), 0.2155598 secs] 1382328K->1261617K(2063104K), 0.2160281 secs] [Times: user=0.70 sys=0.00, real=0.22 secs] 
475.806: [CMS-concurrent-abortable-preclean: 0.250/0.493 secs] [Times: user=1.59 sys=0.05, real=0.49 secs] 
475.807: [GC[YG occupancy: 253345 K (306688 K)]475.807: [Rescan (parallel) , 0.0706696 secs]475.877: [weak refs processing, 0.0000131 secs]475.877: [scrub string table, 0.0001520 secs] [1 CMS-remark: 1227571K(1756416K)] 1480916K(2063104K), 0.0710323 secs] [Times: user=0.23 sys=0.00, real=0.07 secs] 
475.878: [CMS-concurrent-sweep-start]
475.928: [GC475.928: [ParNew: 306686K->34046K(306688K), 0.1713400 secs] 1485796K->1329268K(2063104K), 0.1718066 secs] [Times: user=0.59 sys=0.00, real=0.17 secs] 
476.344: [GC476.345: [ParNew: 306686K->34048K(306688K), 0.2238418 secs] 1369733K->1245999K(2063104K), 0.2242818 secs] [Times: user=0.70 sys=0.00, real=0.22 secs] 
476.809: [GC476.809: [ParNew: 306688K->34047K(306688K), 0.1080075 secs] 1325855K->1126627K(2063104K), 0.1084353 secs] [Times: user=0.38 sys=0.00, real=0.11 secs] 
477.165: [GC477.165: [ParNew: 306687K->34047K(306688K), 0.2055842 secs] 1192739K->1066934K(2063104K), 0.2060133 secs] [Times: user=0.69 sys=0.00, real=0.21 secs] 
477.628: [GC477.629: [ParNew: 306687K->34047K(306688K), 0.1669131 secs] 1192515K->1040339K(2063104K), 0.1673672 secs] [Times: user=0.58 sys=0.00, real=0.17 secs] 
477.889: [CMS-concurrent-sweep: 1.084/2.012 secs] [Times: user=6.40 sys=0.17, real=2.01 secs] 
477.890: [CMS-concurrent-reset-start]
477.892: [CMS-concurrent-reset: 0.002/0.002 secs] [Times: user=0.06 sys=0.00, real=0.00 secs] 
478.067: [GC478.067: [ParNew: 306687K->34047K(306688K), 0.2481013 secs] 1255895K->1185359K(2063104K), 0.2485279 secs] [Times: user=0.86 sys=0.00, real=0.25 secs] 
478.316: [GC [1 CMS-initial-mark: 1151312K(1756416K)] 1185367K(2063104K), 0.0204369 secs] [Times: user=0.01 sys=0.00, real=0.02 secs] 
478.337: [CMS-concurrent-mark-start]
478.500: [CMS-concurrent-mark: 0.163/0.163 secs] [Times: user=0.62 sys=0.00, real=0.16 secs] 
478.500: [CMS-concurrent-preclean-start]
478.527: [CMS-concurrent-preclean: 0.003/0.027 secs] [Times: user=0.02 sys=0.00, real=0.03 secs] 
478.527: [CMS-concurrent-abortable-preclean-start]
478.594: [GC478.595: [ParNew: 306687K->34046K(306688K), 0.1659792 secs] 1457999K->1298873K(2063104K), 0.1664179 secs] [Times: user=0.56 sys=0.00, real=0.17 secs] 
478.904: [CMS-concurrent-abortable-preclean: 0.210/0.377 secs] [Times: user=1.25 sys=0.03, real=0.38 secs] 
478.904: [GC[YG occupancy: 191811 K (306688 K)]478.904: [Rescan (parallel) , 0.0936110 secs]478.998: [weak refs processing, 0.0000135 secs]478.998: [scrub string table, 0.0001559 secs] [1 CMS-remark: 1264826K(1756416K)] 1456637K(2063104K), 0.0939885 secs] [Times: user=0.36 sys=0.00, real=0.09 secs] 
478.998: [CMS-concurrent-sweep-start]
479.101: [GC479.101: [ParNew: 306686K->34046K(306688K), 0.2143257 secs] 1473604K->1352067K(2063104K), 0.2148424 secs] [Times: user=0.72 sys=0.00, real=0.21 secs] 
479.569: [GC479.570: [ParNew: 306686K->34046K(306688K), 0.1742441 secs] 1398781K->1243726K(2063104K), 0.1747470 secs] [Times: user=0.59 sys=0.00, real=0.18 secs] 
479.994: [GC479.995: [ParNew: 306686K->34046K(306688K), 0.2251138 secs] 1277672K->1167451K(2063104K), 0.2255471 secs] [Times: user=0.75 sys=0.00, real=0.23 secs] 
480.464: [GC480.464: [ParNew: 306686K->34046K(306688K), 0.1981871 secs] 1261735K->1135722K(2063104K), 0.1986220 secs] [Times: user=0.67 sys=0.00, real=0.20 secs] 
480.916: [GC480.916: [ParNew: 306686K->34046K(306688K), 0.1595003 secs] 1248460K->1080558K(2063104K), 0.1599352 secs] [Times: user=0.53 sys=0.00, real=0.16 secs] 
481.152: [CMS-concurrent-sweep: 1.135/2.154 secs] [Times: user=6.86 sys=0.17, real=2.15 secs] 
481.152: [CMS-concurrent-reset-start]
481.154: [CMS-concurrent-reset: 0.002/0.002 secs] [Times: user=0.00 sys=0.00, real=0.00 secs] 
481.349: [GC481.349: [ParNew: 306686K->34046K(306688K), 0.2614048 secs] 1286200K->1217717K(2063104K), 0.2618259 secs] [Times: user=0.84 sys=0.00, real=0.26 secs] 
481.611: [GC [1 CMS-initial-mark: 1183671K(1756416K)] 1217727K(2063104K), 0.0203227 secs] [Times: user=0.01 sys=0.00, real=0.02 secs] 
481.632: [CMS-concurrent-mark-start]
481.833: [CMS-concurrent-mark: 0.163/0.202 secs] [Times: user=0.62 sys=0.00, real=0.20 secs] 
481.834: [CMS-concurrent-preclean-start]
481.837: [CMS-concurrent-preclean: 0.003/0.003 secs] [Times: user=0.00 sys=0.00, real=0.00 secs] 
481.837: [CMS-concurrent-abortable-preclean-start]
481.903: [GC481.903: [ParNew: 306686K->34046K(306688K), 0.1698685 secs] 1490357K->1336730K(2063104K), 0.1703794 secs] [Times: user=0.56 sys=0.00, real=0.17 secs] 
482.223: [CMS-concurrent-abortable-preclean: 0.215/0.386 secs] [Times: user=1.25 sys=0.11, real=0.39 secs] 
482.223: [GC[YG occupancy: 197681 K (306688 K)]482.223: [Rescan (parallel) , 0.0599640 secs]482.283: [weak refs processing, 0.0000128 secs]482.283: [scrub string table, 0.0001700 secs] [1 CMS-remark: 1302684K(1756416K)] 1500366K(2063104K), 0.0603642 secs] [Times: user=0.25 sys=0.00, real=0.06 secs] 
482.284: [CMS-concurrent-sweep-start]
482.384: [GC482.384: [ParNew: 306686K->34046K(306688K), 0.2410186 secs] 1512828K->1403968K(2063104K), 0.2414669 secs] [Times: user=0.61 sys=0.00, real=0.24 secs] 
482.882: [GC482.883: [ParNew: 306686K->34046K(306688K), 0.1675997 secs] 1455069K->1294508K(2063104K), 0.1680343 secs] [Times: user=0.55 sys=0.00, real=0.17 secs] 
483.298: [GC483.298: [ParNew: 306686K->34046K(306688K), 0.2085627 secs] 1329417K->1212553K(2063104K), 0.2090393 secs] [Times: user=0.76 sys=0.00, real=0.21 secs] 
483.768: [GC483.768: [ParNew: 306686K->34048K(306688K), 0.1533726 secs] 1296036K->1132668K(2063104K), 0.1538216 secs] [Times: user=0.55 sys=0.00, real=0.15 secs] 
484.168: [GC484.169: [ParNew: 306688K->34047K(306688K), 0.2054023 secs] 1209948K->1087677K(2063104K), 0.2058687 secs] [Times: user=0.66 sys=0.00, real=0.21 secs] 
484.491: [CMS-concurrent-sweep: 1.175/2.207 secs] [Times: user=6.71 sys=0.13, real=2.21 secs] 
484.491: [CMS-concurrent-reset-start]
484.494: [CMS-concurrent-reset: 0.003/0.003 secs] [Times: user=0.00 sys=0.00, real=0.00 secs] 
484.561: [GC [1 CMS-initial-mark: 996009K(1756416K)] 1204705K(2063104K), 0.1258158 secs] [Times: user=0.13 sys=0.00, real=0.13 secs] 
484.687: [CMS-concurrent-mark-start]
484.764: [GC484.764: [ParNew: 306687K->34047K(306688K), 0.1908147 secs] 1302697K->1162563K(2063104K), 0.1912451 secs] [Times: user=0.61 sys=0.00, real=0.19 secs] 
485.202: [GC485.202: [ParNew: 306687K->34047K(306688K), 0.2169155 secs] 1435203K->1316747K(2063104K), 0.2173655 secs] [Times: user=0.78 sys=0.00, real=0.22 secs] 
485.672: [GC485.672: [ParNew: 306687K->34047K(306688K), 0.1382873 secs] 1589387K->1408922K(2063104K), 0.1387318 secs] [Times: user=0.44 sys=0.00, real=0.14 secs] 
485.816: [CMS-concurrent-mark: 0.560/1.129 secs] [Times: user=3.62 sys=0.08, real=1.13 secs] 
485.816: [CMS-concurrent-preclean-start]
485.932: [CMS-concurrent-preclean: 0.115/0.116 secs] [Times: user=0.31 sys=0.05, real=0.12 secs] 
485.932: [CMS-concurrent-abortable-preclean-start]
486.057: [GC486.057: [ParNew: 306687K->34047K(306688K), 0.2387136 secs] 1681562K->1563587K(2063104K), 0.2391318 secs] [Times: user=0.80 sys=0.00, real=0.24 secs] 
486.481: [CMS-concurrent-abortable-preclean: 0.309/0.549 secs] [Times: user=1.76 sys=0.05, real=0.55 secs] 
486.481: [GC[YG occupancy: 237164 K (306688 K)]486.481: [Rescan (parallel) , 0.1436048 secs]486.625: [weak refs processing, 0.0000144 secs]486.625: [scrub string table, 0.0001591 secs] [1 CMS-remark: 1529540K(1756416K)] 1766704K(2063104K), 0.1439961 secs] [Times: user=0.50 sys=0.00, real=0.14 secs] 
486.625: [CMS-concurrent-sweep-start]
486.695: [GC486.695: [ParNew: 306687K->34046K(306688K), 0.2010338 secs] 1792837K->1648803K(2063104K), 0.2015983 secs] [Times: user=0.66 sys=0.00, real=0.20 secs] 
487.146: [GC487.147: [ParNew: 306686K->34046K(306688K), 0.2272481 secs] 1686153K->1563695K(2063104K), 0.2276779 secs] [Times: user=0.73 sys=0.00, real=0.23 secs] 
487.630: [GC487.631: [ParNew: 306686K->34046K(306688K), 0.1502649 secs] 1652731K->1487617K(2063104K), 0.1507556 secs] [Times: user=0.50 sys=0.00, real=0.15 secs] 
488.029: [GC488.030: [ParNew: 306686K->34046K(306688K), 0.2145502 secs] 1621895K->1510005K(2063104K), 0.2150294 secs] [Times: user=0.76 sys=0.00, real=0.22 secs] 
488.495: [GC488.495: [ParNew: 306686K->34046K(306688K), 0.2285795 secs] 1618400K->1509573K(2063104K), 0.2290301 secs] [Times: user=0.75 sys=0.00, real=0.23 secs] 
488.905: [CMS-concurrent-sweep: 1.185/2.280 secs] [Times: user=7.13 sys=0.22, real=2.28 secs] 
488.905: [CMS-concurrent-reset-start]
488.908: [CMS-concurrent-reset: 0.003/0.003 secs] [Times: user=0.00 sys=0.00, real=0.00 secs] 
488.989: [GC488.989: [ParNew: 306686K->34046K(306688K), 0.1783188 secs] 1739151K->1604337K(2063104K), 0.1787637 secs] [Times: user=0.53 sys=0.00, real=0.18 secs] 
489.168: [GC [1 CMS-initial-mark: 1570290K(1756416K)] 1604339K(2063104K), 0.0202265 secs] [Times: user=0.03 sys=0.00, real=0.02 secs] 
489.188: [CMS-concurrent-mark-start]
489.352: [CMS-concurrent-mark: 0.163/0.163 secs] [Times: user=0.44 sys=0.03, real=0.16 secs] 
489.352: [CMS-concurrent-preclean-start]
489.355: [CMS-concurrent-preclean: 0.003/0.003 secs] [Times: user=0.00 sys=0.00, real=0.00 secs] 
489.355: [CMS-concurrent-abortable-preclean-start]
489.436: [GC489.436: [ParNew: 306686K->34046K(306688K), 0.2439743 secs] 1876977K->1767228K(2063104K), 0.2444054 secs] [Times: user=0.81 sys=0.00, real=0.24 secs] 
489.906: [CMS-concurrent-abortable-preclean: 0.281/0.551 secs] [Times: user=1.76 sys=0.00, real=0.55 secs] 
489.906: [GC[YG occupancy: 276286 K (306688 K)]489.906: [Rescan (parallel) , 0.1146528 secs]490.021: [weak refs processing, 0.0000289 secs]490.021: [scrub string table, 0.0001562 secs] [1 CMS-remark: 1733182K(1756416K)] 2009468K(2063104K), 0.1150556 secs] [Times: user=0.42 sys=0.00, real=0.12 secs] 
490.021: [CMS-concurrent-sweep-start]
490.050: [GC490.050: [ParNew: 306686K->306686K(306688K), 0.0000205 secs] 2012671K->2012671K(2063104K), 0.0002963 secs] [Times: user=0.00 sys=0.00, real=0.00 secs] 
490.050: [Full GC490.051: [CMS491.678: [CMS-concurrent-sweep: 1.653/1.656 secs] [Times: user=1.75 sys=0.00, real=1.66 secs] 
 (concurrent mode failure): 1705985K->159914K(1756416K), 2.2746402 secs] 2012671K->159914K(2063104K), [CMS Perm : 7345K->7278K(21248K)], 2.2748596 secs] [Times: user=2.28 sys=0.00, real=2.27 secs] 
492.632: [GC492.633: [ParNew: 272640K->34046K(306688K), 0.2149348 secs] 432554K->380371K(2063104K), 0.2154418 secs] [Times: user=0.73 sys=0.00, real=0.21 secs] 
493.144: [GC493.144: [ParNew: 306686K->34046K(306688K), 0.2986349 secs] 653011K->618855K(2063104K), 0.2990560 secs] [Times: user=1.05 sys=0.00, real=0.30 secs] 
493.443: [GC [1 CMS-initial-mark: 584809K(1756416K)] 618869K(2063104K), 0.0199831 secs] [Times: user=0.03 sys=0.00, real=0.02 secs] 
493.464: [CMS-concurrent-mark-start]
493.652: [CMS-concurrent-mark: 0.168/0.188 secs] [Times: user=0.47 sys=0.05, real=0.19 secs] 
493.652: [CMS-concurrent-preclean-start]
493.655: [CMS-concurrent-preclean: 0.003/0.003 secs] [Times: user=0.00 sys=0.00, real=0.00 secs] 
493.655: [CMS-concurrent-abortable-preclean-start]
493.717: [GC493.717: [ParNew: 306686K->34046K(306688K), 0.1735116 secs] 891495K->730338K(2063104K), 0.1739699 secs] [Times: user=0.61 sys=0.00, real=0.17 secs] 
494.030: [CMS-concurrent-abortable-preclean: 0.200/0.375 secs] [Times: user=1.23 sys=0.03, real=0.38 secs] 
494.030: [GC[YG occupancy: 189095 K (306688 K)]494.030: [Rescan (parallel) , 0.0672703 secs]494.098: [weak refs processing, 0.0001687 secs]494.098: [scrub string table, 0.0001597 secs] [1 CMS-remark: 696292K(1756416K)] 885388K(2063104K), 0.0678072 secs] [Times: user=0.22 sys=0.00, real=0.07 secs] 
494.098: [CMS-concurrent-sweep-start]
494.209: [GC494.209: [ParNew: 306686K->34048K(306688K), 0.2236651 secs] 897562K->786007K(2063104K), 0.2241259 secs] [Times: user=0.73 sys=0.00, real=0.22 secs] 
494.691: [GC494.691: [ParNew: 306688K->34047K(306688K), 0.1895729 secs] 867508K->722057K(2063104K), 0.1900232 secs] [Times: user=0.61 sys=0.00, real=0.19 secs] 
495.084: [CMS-concurrent-sweep: 0.548/0.986 secs] [Times: user=3.04 sys=0.13, real=0.99 secs] 
495.084: [CMS-concurrent-reset-start]
495.087: [CMS-concurrent-reset: 0.003/0.003 secs] [Times: user=0.00 sys=0.00, real=0.00 secs] 
495.134: [GC495.134: [ParNew: 306687K->34047K(306688K), 0.2170650 secs] 895488K->789668K(2063104K), 0.2175124 secs] [Times: user=0.72 sys=0.00, real=0.22 secs] 
495.352: [GC [1 CMS-initial-mark: 755621K(1756416K)] 789686K(2063104K), 0.0201598 secs] [Times: user=0.02 sys=0.00, real=0.02 secs] 
495.373: [CMS-concurrent-mark-start]
495.538: [CMS-concurrent-mark: 0.165/0.165 secs] [Times: user=0.48 sys=0.06, real=0.16 secs] 
495.538: [CMS-concurrent-preclean-start]
495.541: [CMS-concurrent-preclean: 0.004/0.004 secs] [Times: user=0.00 sys=0.00, real=0.00 secs] 
495.542: [CMS-concurrent-abortable-preclean-start]
495.617: [GC495.617: [ParNew: 306687K->34047K(306688K), 0.1603836 secs] 1062308K->892306K(2063104K), 0.1608310 secs] [Times: user=0.55 sys=0.00, real=0.16 secs] 
495.907: [CMS-concurrent-abortable-preclean: 0.185/0.365 secs] [Times: user=1.17 sys=0.03, real=0.37 secs] 
495.907: [GC[YG occupancy: 175323 K (306688 K)]495.907: [Rescan (parallel) , 0.0955081 secs]496.003: [weak refs processing, 0.0000131 secs]496.003: [scrub string table, 0.0001661 secs] [1 CMS-remark: 858259K(1756416K)] 1033583K(2063104K), 0.0959022 secs] [Times: user=0.41 sys=0.00, real=0.10 secs] 
496.003: [CMS-concurrent-sweep-start]
496.123: [GC496.124: [ParNew: 306687K->34047K(306688K), 0.2295115 secs] 1053077K->939291K(2063104K), 0.2299432 secs] [Times: user=0.78 sys=0.00, real=0.23 secs] 
496.605: [GC496.605: [ParNew: 306687K->34047K(306688K), 0.1631642 secs] 1028638K->870624K(2063104K), 0.1636527 secs] [Times: user=0.55 sys=0.00, real=0.16 secs] 
497.013: [GC497.013: [ParNew: 306687K->34046K(306688K), 0.2008536 secs] 924571K->799646K(2063104K), 0.2012865 secs] [Times: user=0.69 sys=0.00, real=0.20 secs] 
497.336: [CMS-concurrent-sweep: 0.714/1.332 secs] [Times: user=4.27 sys=0.09, real=1.33 secs] 
497.336: [CMS-concurrent-reset-start]
497.341: [CMS-concurrent-reset: 0.005/0.005 secs] [Times: user=0.00 sys=0.00, real=0.00 secs] 
497.480: [GC497.480: [ParNew: 306686K->34046K(306688K), 0.2392629 secs] 1021710K->941636K(2063104K), 0.2397174 secs] [Times: user=0.84 sys=0.00, real=0.24 secs] 
497.720: [GC [1 CMS-initial-mark: 907589K(1756416K)] 941647K(2063104K), 0.0202400 secs] [Times: user=0.02 sys=0.00, real=0.02 secs] 
497.740: [CMS-concurrent-mark-start]
497.942: [CMS-concurrent-mark: 0.179/0.202 secs] [Times: user=0.62 sys=0.00, real=0.20 secs] 
497.943: [CMS-concurrent-preclean-start]
497.946: [CMS-concurrent-preclean: 0.003/0.003 secs] [Times: user=0.00 sys=0.00, real=0.00 secs] 
497.946: [CMS-concurrent-abortable-preclean-start]
497.992: [GC497.992: [ParNew: 306686K->34046K(306688K), 0.1544381 secs] 1214276K->1042033K(2063104K), 0.1549762 secs] [Times: user=0.44 sys=0.02, real=0.15 secs] 
498.273: [CMS-concurrent-abortable-preclean: 0.171/0.327 secs] [Times: user=0.92 sys=0.03, real=0.33 secs] 
498.273: [GC[YG occupancy: 175284 K (306688 K)]498.274: [Rescan (parallel) , 0.0415714 secs]498.315: [weak refs processing, 0.0000135 secs]498.315: [scrub string table, 0.0001626 secs] [1 CMS-remark: 1007987K(1756416K)] 1183271K(2063104K), 0.0419950 secs] [Times: user=0.17 sys=0.00, real=0.04 secs] 
498.316: [CMS-concurrent-sweep-start]
498.437: [GC498.438: [ParNew: 306686K->34046K(306688K), 0.2175817 secs] 1199248K->1078829K(2063104K), 0.2180348 secs] [Times: user=0.66 sys=0.00, real=0.22 secs] 
498.902: [GC498.902: [ParNew: 306686K->34046K(306688K), 0.1650802 secs] 1133244K->973711K(2063104K), 0.1655119 secs] [Times: user=0.53 sys=0.00, real=0.17 secs] 
499.317: [GC499.317: [ParNew: 306686K->34046K(306688K), 0.2175903 secs] 1052040K->935127K(2063104K), 0.2180323 secs] [Times: user=0.73 sys=0.00, real=0.22 secs] 
499.783: [GC499.783: [ParNew: 306686K->34046K(306688K), 0.1064382 secs] 1014735K->816330K(2063104K), 0.1068943 secs] [Times: user=0.33 sys=0.00, real=0.11 secs] 
499.942: [CMS-concurrent-sweep: 0.870/1.627 secs] [Times: user=4.82 sys=0.16, real=1.63 secs] 
499.943: [CMS-concurrent-reset-start]
499.945: [CMS-concurrent-reset: 0.003/0.003 secs] [Times: user=0.00 sys=0.00, real=0.00 secs] 
500.165: [GC500.165: [ParNew: 306686K->34046K(306688K), 0.2427521 secs] 1088970K->1012423K(2063104K), 0.2431802 secs] [Times: user=0.86 sys=0.00, real=0.24 secs] 
500.408: [GC [1 CMS-initial-mark: 978377K(1756416K)] 1012691K(2063104K), 0.0204613 secs] [Times: user=0.01 sys=0.00, real=0.02 secs] 
500.429: [CMS-concurrent-mark-start]
500.625: [CMS-concurrent-mark: 0.176/0.196 secs] [Times: user=0.56 sys=0.00, real=0.20 secs] 
500.625: [CMS-concurrent-preclean-start]
500.629: [CMS-concurrent-preclean: 0.003/0.003 secs] [Times: user=0.00 sys=0.00, real=0.00 secs] 
500.629: [CMS-concurrent-abortable-preclean-start]
500.678: [GC500.678: [ParNew: 306686K->34046K(306688K), 0.1547607 secs] 1285063K->1115818K(2063104K), 0.1551892 secs] [Times: user=0.55 sys=0.00, real=0.16 secs] 
500.965: [CMS-concurrent-abortable-preclean: 0.180/0.336 secs] [Times: user=1.11 sys=0.03, real=0.34 secs] 
500.965: [GC[YG occupancy: 182641 K (306688 K)]500.965: [Rescan (parallel) , 0.0715086 secs]501.037: [weak refs processing, 0.0000128 secs]501.037: [scrub string table, 0.0001687 secs] [1 CMS-remark: 1081771K(1756416K)] 1264413K(2063104K), 0.0719063 secs] [Times: user=0.25 sys=0.00, real=0.07 secs] 
501.037: [CMS-concurrent-sweep-start]
501.153: [GC501.153: [ParNew: 306686K->34046K(306688K), 0.2110300 secs] 1284327K->1160883K(2063104K), 0.2114585 secs] [Times: user=0.72 sys=0.00, real=0.21 secs] 
501.620: [GC501.621: [ParNew: 306686K->34046K(306688K), 0.1798217 secs] 1209138K->1057886K(2063104K), 0.1804532 secs] [Times: user=0.59 sys=0.00, real=0.18 secs] 
502.047: [GC502.048: [ParNew: 306686K->34048K(306688K), 0.2067224 secs] 1120318K->999867K(2063104K), 0.2071596 secs] [Times: user=0.69 sys=0.00, real=0.21 secs] 
502.502: [GC502.502: [ParNew: 306688K->34047K(306688K), 0.2155355 secs] 1087860K->973568K(2063104K), 0.2159691 secs] [Times: user=0.73 sys=0.00, real=0.22 secs] 
502.850: [CMS-concurrent-sweep: 0.952/1.813 secs] [Times: user=5.63 sys=0.22, real=1.81 secs] 
502.850: [CMS-concurrent-reset-start]
502.852: [CMS-concurrent-reset: 0.002/0.002 secs] [Times: user=0.05 sys=0.00, real=0.00 secs] 
502.981: [GC502.981: [ParNew: 306687K->34047K(306688K), 0.1746213 secs] 1182978K->1044355K(2063104K), 0.1750481 secs] [Times: user=0.58 sys=0.00, real=0.17 secs] 
503.156: [GC [1 CMS-initial-mark: 1010308K(1756416K)] 1044361K(2063104K), 0.0201341 secs] [Times: user=0.01 sys=0.00, real=0.02 secs] 
503.176: [CMS-concurrent-mark-start]
503.344: [CMS-concurrent-mark: 0.167/0.167 secs] [Times: user=0.55 sys=0.03, real=0.17 secs] 
503.344: [CMS-concurrent-preclean-start]
503.347: [CMS-concurrent-preclean: 0.003/0.003 secs] [Times: user=0.00 sys=0.00, real=0.00 secs] 
503.347: [CMS-concurrent-abortable-preclean-start]
503.427: [GC503.427: [ParNew: 306687K->34047K(306688K), 0.2484785 secs] 1316995K->1216217K(2063104K), 0.2490061 secs] [Times: user=0.89 sys=0.00, real=0.25 secs] 
503.911: [CMS-concurrent-abortable-preclean: 0.287/0.564 secs] [Times: user=1.87 sys=0.05, real=0.57 secs] 
503.912: [GC[YG occupancy: 284539 K (306688 K)]503.912: [Rescan (parallel) , 0.1114786 secs]504.023: [weak refs processing, 0.0000289 secs]504.023: [scrub string table, 0.0001613 secs] [1 CMS-remark: 1182170K(1756416K)] 1466709K(2063104K), 0.1118837 secs] [Times: user=0.39 sys=0.00, real=0.11 secs] 
504.024: [CMS-concurrent-sweep-start]
504.045: [GC504.045: [ParNew: 306687K->34047K(306688K), 0.1516074 secs] 1468813K->1299327K(2063104K), 0.1521943 secs] [Times: user=0.50 sys=0.00, real=0.15 secs] 
504.451: [GC504.451: [ParNew: 306687K->34046K(306688K), 0.2627399 secs] 1327546K->1235380K(2063104K), 0.2631768 secs] [Times: user=0.86 sys=0.00, real=0.26 secs] 
504.974: [GC504.974: [ParNew: 306686K->34046K(306688K), 0.1452126 secs] 1303115K->1131585K(2063104K), 0.1457645 secs] [Times: user=0.50 sys=0.00, real=0.15 secs] 
505.371: [GC505.371: [ParNew: 306686K->34046K(306688K), 0.2343957 secs] 1197285K->1093941K(2063104K), 0.2348601 secs] [Times: user=0.78 sys=0.00, real=0.24 secs] 
505.852: [GC505.852: [ParNew: 306686K->34046K(306688K), 0.1240165 secs] 1229719K->1043590K(2063104K), 0.1244671 secs] [Times: user=0.39 sys=0.00, real=0.12 secs] 
506.023: [CMS-concurrent-sweep: 1.024/1.999 secs] [Times: user=6.30 sys=0.14, real=2.00 secs] 
506.023: [CMS-concurrent-reset-start]
506.025: [CMS-concurrent-reset: 0.002/0.002 secs] [Times: user=0.00 sys=0.00, real=0.00 secs] 
506.258: [GC506.258: [ParNew: 306686K->34046K(306688K), 0.2624792 secs] 1316230K->1260713K(2063104K), 0.2628997 secs] [Times: user=0.90 sys=0.00, real=0.26 secs] 
506.521: [GC [1 CMS-initial-mark: 1226667K(1756416K)] 1260783K(2063104K), 0.0200655 secs] [Times: user=0.02 sys=0.00, real=0.02 secs] 
506.541: [CMS-concurrent-mark-start]
506.736: [CMS-concurrent-mark: 0.177/0.195 secs] [Times: user=0.56 sys=0.00, real=0.19 secs] 
506.736: [CMS-concurrent-preclean-start]
506.740: [CMS-concurrent-preclean: 0.003/0.003 secs] [Times: user=0.00 sys=0.00, real=0.00 secs] 
506.740: [CMS-concurrent-abortable-preclean-start]
506.777: [GC506.777: [ParNew: 306686K->34046K(306688K), 0.1080280 secs] 1533353K->1329469K(2063104K), 0.1084536 secs] [Times: user=0.36 sys=0.00, real=0.11 secs] 
507.136: [GC507.136: [ParNew: 306686K->34046K(306688K), 0.2235830 secs] 1602109K->1478351K(2063104K), 0.2240147 secs] [Times: user=0.80 sys=0.00, real=0.22 secs] 
507.536: [CMS-concurrent-abortable-preclean: 0.463/0.797 secs] [Times: user=2.65 sys=0.02, real=0.80 secs] 
507.537: [GC[YG occupancy: 223123 K (306688 K)]507.537: [Rescan (parallel) , 0.0741629 secs]507.611: [weak refs processing, 0.0000138 secs]507.611: [scrub string table, 0.0001713 secs] [1 CMS-remark: 1444304K(1756416K)] 1667428K(2063104K), 0.0745766 secs] [Times: user=0.30 sys=0.00, real=0.08 secs] 
507.612: [CMS-concurrent-sweep-start]
507.707: [GC507.708: [ParNew: 306686K->34046K(306688K), 0.1962227 secs] 1689519K->1557533K(2063104K), 0.1967083 secs] [Times: user=0.64 sys=0.00, real=0.20 secs] 
508.150: [GC508.150: [ParNew: 306686K->34046K(306688K), 0.2175842 secs] 1594150K->1467635K(2063104K), 0.2180207 secs] [Times: user=0.73 sys=0.00, real=0.22 secs] 
508.635: [GC508.635: [ParNew: 306686K->34046K(306688K), 0.2220826 secs] 1502760K->1396291K(2063104K), 0.2225278 secs] [Times: user=0.83 sys=0.00, real=0.22 secs] 
509.093: [GC509.094: [ParNew: 306686K->34046K(306688K), 0.1455467 secs] 1486139K->1318119K(2063104K), 0.1460153 secs] [Times: user=0.51 sys=0.00, real=0.15 secs] 
509.491: [GC509.491: [ParNew: 306686K->34048K(306688K), 0.2268319 secs] 1373705K->1267376K(2063104K), 0.2272594 secs] [Times: user=0.78 sys=0.00, real=0.23 secs] 
509.967: [CMS-concurrent-sweep: 1.269/2.355 secs] [Times: user=7.36 sys=0.27, real=2.36 secs] 
509.967: [CMS-concurrent-reset-start]
509.969: [GC509.969: [ParNew: 306688K->34047K(306688K), 0.1153606 secs] 1439857K->1255015K(2063104K), 0.1157695 secs] [Times: user=0.39 sys=0.00, real=0.11 secs] 
510.086: [CMS-concurrent-reset: 0.002/0.119 secs] [Times: user=0.39 sys=0.00, real=0.12 secs] 
510.373: [GC510.373: [ParNew: 306687K->34047K(306688K), 0.2820896 secs] 1527655K->1481068K(2063104K), 0.2825155 secs] [Times: user=0.92 sys=0.00, real=0.28 secs] 
510.656: [GC [1 CMS-initial-mark: 1447021K(1756416K)] 1481068K(2063104K), 0.0205203 secs] [Times: user=0.02 sys=0.00, real=0.02 secs] 
510.677: [CMS-concurrent-mark-start]
510.852: [CMS-concurrent-mark: 0.156/0.176 secs] [Times: user=0.50 sys=0.06, real=0.18 secs] 
510.853: [CMS-concurrent-preclean-start]
510.856: [CMS-concurrent-preclean: 0.003/0.003 secs] [Times: user=0.03 sys=0.00, real=0.00 secs] 
510.856: [CMS-concurrent-abortable-preclean-start]
510.937: [GC510.937: [ParNew: 306687K->34047K(306688K), 0.1711415 secs] 1753708K->1593592K(2063104K), 0.1716376 secs] [Times: user=0.56 sys=0.00, real=0.17 secs] 
511.251: [CMS-concurrent-abortable-preclean: 0.222/0.395 secs] [Times: user=1.26 sys=0.02, real=0.39 secs] 
511.251: [GC[YG occupancy: 189909 K (306688 K)]511.251: [Rescan (parallel) , 0.0652389 secs]511.317: [weak refs processing, 0.0000128 secs]511.317: [scrub string table, 0.0001626 secs] [1 CMS-remark: 1559545K(1756416K)] 1749454K(2063104K), 0.0656378 secs] [Times: user=0.23 sys=0.00, real=0.07 secs] 
511.317: [CMS-concurrent-sweep-start]
511.428: [GC511.429: [ParNew: 306687K->34047K(306688K), 0.2677534 secs] 1757956K->1665790K(2063104K), 0.2682515 secs] [Times: user=0.89 sys=0.00, real=0.27 secs] 
511.948: [GC511.948: [ParNew: 306687K->34046K(306688K), 0.1305140 secs] 1724553K->1535464K(2063104K), 0.1309431 secs] [Times: user=0.44 sys=0.00, real=0.13 secs] 
512.330: [GC512.331: [ParNew: 306686K->34046K(306688K), 0.2241349 secs] 1564574K->1457052K(2063104K), 0.2246292 secs] [Times: user=0.76 sys=0.00, real=0.23 secs] 
512.825: [GC512.825: [ParNew: 306686K->34046K(306688K), 0.1593104 secs] 1514619K->1353175K(2063104K), 0.1597405 secs] [Times: user=0.53 sys=0.00, real=0.16 secs] 
513.235: [GC513.235: [ParNew: 306686K->34046K(306688K), 0.2123812 secs] 1430401K->1318001K(2063104K), 0.2128209 secs] [Times: user=0.78 sys=0.00, real=0.21 secs] 
513.717: [GC513.717: [ParNew: 306686K->34046K(306688K), 0.2091589 secs] 1398820K->1274987K(2063104K), 0.2096236 secs] [Times: user=0.62 sys=0.00, real=0.21 secs] 
514.066: [CMS-concurrent-sweep: 1.449/2.749 secs] [Times: user=8.61 sys=0.19, real=2.75 secs] 
514.066: [CMS-concurrent-reset-start]
514.069: [CMS-concurrent-reset: 0.003/0.003 secs] [Times: user=0.06 sys=0.00, real=0.00 secs] 
514.178: [GC514.178: [ParNew: 306686K->34046K(306688K), 0.1961124 secs] 1461334K->1344202K(2063104K), 0.1965534 secs] [Times: user=0.66 sys=0.00, real=0.20 secs] 
514.374: [GC [1 CMS-initial-mark: 1310156K(1756416K)] 1344248K(2063104K), 0.0200754 secs] [Times: user=0.02 sys=0.00, real=0.02 secs] 
514.395: [CMS-concurrent-mark-start]
514.561: [CMS-concurrent-mark: 0.167/0.167 secs] [Times: user=0.55 sys=0.01, real=0.17 secs] 
514.562: [CMS-concurrent-preclean-start]
514.565: [CMS-concurrent-preclean: 0.003/0.003 secs] [Times: user=0.00 sys=0.00, real=0.00 secs] 
514.565: [CMS-concurrent-abortable-preclean-start]
514.645: [GC514.645: [ParNew: 306686K->34046K(306688K), 0.2382344 secs] 1616842K->1512417K(2063104K), 0.2386680 secs] [Times: user=0.78 sys=0.00, real=0.24 secs] 
515.115: [CMS-concurrent-abortable-preclean: 0.286/0.550 secs] [Times: user=1.70 sys=0.03, real=0.55 secs] 
515.118: [GC[YG occupancy: 292145 K (306688 K)]515.118: [Rescan (parallel) , 0.0544944 secs]515.172: [weak refs processing, 0.0000144 secs]515.172: [scrub string table, 0.0001636 secs] [1 CMS-remark: 1478371K(1756416K)] 1770517K(2063104K), 0.0548989 secs] [Times: user=0.19 sys=0.00, real=0.05 secs] 
515.173: [CMS-concurrent-sweep-start]
515.185: [GC515.185: [ParNew: 306686K->34046K(306688K), 0.0984176 secs] 1774222K->1568973K(2063104K), 0.0988766 secs] [Times: user=0.37 sys=0.00, real=0.10 secs] 
515.524: [GC515.524: [ParNew: 306686K->34046K(306688K), 0.1550150 secs] 1613954K->1447342K(2063104K), 0.1555243 secs] [Times: user=0.48 sys=0.00, real=0.16 secs] 
515.923: [GC515.923: [ParNew: 306686K->34046K(306688K), 0.1147875 secs] 1505178K->1306512K(2063104K), 0.1152753 secs] [Times: user=0.42 sys=0.00, real=0.12 secs] 
516.270: [GC516.270: [ParNew: 306686K->34048K(306688K), 0.1542084 secs] 1367183K->1192374K(2063104K), 0.1547976 secs] [Times: user=0.50 sys=0.00, real=0.15 secs] 
516.664: [GC516.664: [ParNew: 306688K->34047K(306688K), 0.1746274 secs] 1266461K->1116187K(2063104K), 0.1750982 secs] [Times: user=0.58 sys=0.00, real=0.17 secs] 
517.082: [GC517.082: [ParNew: 306687K->34047K(306688K), 0.0619133 secs] 1243036K->1006359K(2063104K), 0.0623870 secs] [Times: user=0.19 sys=0.00, real=0.06 secs] 
517.373: [CMS-concurrent-sweep: 1.392/2.200 secs] [Times: user=6.61 sys=0.11, real=2.20 secs] 
517.373: [CMS-concurrent-reset-start]
517.375: [CMS-concurrent-reset: 0.002/0.002 secs] [Times: user=0.06 sys=0.00, real=0.00 secs] 
517.399: [GC517.399: [ParNew: 306687K->34048K(306688K), 0.2114575 secs] 1171071K->1060577K(2063104K), 0.2119851 secs] [Times: user=0.69 sys=0.00, real=0.21 secs] 
517.611: [GC [1 CMS-initial-mark: 1026529K(1756416K)] 1060612K(2063104K), 0.0202454 secs] [Times: user=0.02 sys=0.00, real=0.02 secs] 
517.631: [CMS-concurrent-mark-start]
517.819: [CMS-concurrent-mark: 0.170/0.188 secs] [Times: user=0.47 sys=0.03, real=0.19 secs] 
517.819: [CMS-concurrent-preclean-start]
517.823: [CMS-concurrent-preclean: 0.004/0.004 secs] [Times: user=0.00 sys=0.00, real=0.00 secs] 
517.823: [CMS-concurrent-abortable-preclean-start]
517.873: [GC517.873: [ParNew: 306688K->34048K(306688K), 0.1446670 secs] 1333217K->1154356K(2063104K), 0.1451042 secs] [Times: user=0.48 sys=0.00, real=0.14 secs] 
518.138: [CMS-concurrent-abortable-preclean: 0.169/0.315 secs] [Times: user=0.97 sys=0.00, real=0.32 secs] 
518.138: [GC[YG occupancy: 174914 K (306688 K)]518.138: [Rescan (parallel) , 0.0488642 secs]518.187: [weak refs processing, 0.0000135 secs]518.187: [scrub string table, 0.0001953 secs] [1 CMS-remark: 1120308K(1756416K)] 1295223K(2063104K), 0.0492985 secs] [Times: user=0.23 sys=0.00, real=0.05 secs] 
518.188: [CMS-concurrent-sweep-start]
518.310: [GC518.310: [ParNew: 306688K->34048K(306688K), 0.1867018 secs] 1310004K->1174407K(2063104K), 0.1871290 secs] [Times: user=0.64 sys=0.00, real=0.19 secs] 
518.761: [GC518.761: [ParNew: 306688K->34048K(306688K), 0.1979587 secs] 1251214K->1125271K(2063104K), 0.1984988 secs] [Times: user=0.72 sys=0.00, real=0.20 secs] 
519.195: [GC519.195: [ParNew: 306688K->34048K(306688K), 0.1723493 secs] 1297568K->1147665K(2063104K), 0.1727790 secs] [Times: user=0.55 sys=0.00, real=0.17 secs] 
519.621: [GC519.621: [ParNew: 306688K->34047K(306688K), 0.2373393 secs] 1257492K->1158939K(2063104K), 0.2377857 secs] [Times: user=0.84 sys=0.00, real=0.24 secs] 
520.115: [GC520.115: [ParNew: 306687K->34046K(306688K), 0.1359300 secs] 1254286K->1064154K(2063104K), 0.1363934 secs] [Times: user=0.42 sys=0.00, real=0.14 secs] 
520.377: [CMS-concurrent-sweep: 1.206/2.190 secs] [Times: user=6.96 sys=0.25, real=2.19 secs] 
520.378: [CMS-concurrent-reset-start]
520.380: [CMS-concurrent-reset: 0.002/0.002 secs] [Times: user=0.00 sys=0.00, real=0.00 secs] 
520.521: [GC520.521: [ParNew: 306686K->34046K(306688K), 0.2381892 secs] 1254835K->1173007K(2063104K), 0.2386215 secs] [Times: user=0.81 sys=0.00, real=0.24 secs] 
520.760: [GC [1 CMS-initial-mark: 1138961K(1756416K)] 1173013K(2063104K), 0.0201822 secs] [Times: user=0.02 sys=0.00, real=0.02 secs] 
520.781: [CMS-concurrent-mark-start]
520.961: [CMS-concurrent-mark: 0.162/0.180 secs] [Times: user=0.53 sys=0.00, real=0.18 secs] 
520.961: [CMS-concurrent-preclean-start]
520.964: [CMS-concurrent-preclean: 0.003/0.003 secs] [Times: user=0.06 sys=0.00, real=0.00 secs] 
520.964: [CMS-concurrent-abortable-preclean-start]
521.029: [GC521.030: [ParNew: 306686K->34046K(306688K), 0.1647303 secs] 1445647K->1281556K(2063104K), 0.1651620 secs] [Times: user=0.50 sys=0.00, real=0.16 secs] 
521.340: [CMS-concurrent-abortable-preclean: 0.209/0.375 secs] [Times: user=1.12 sys=0.05, real=0.38 secs] 
521.340: [GC[YG occupancy: 198865 K (306688 K)]521.340: [Rescan (parallel) , 0.0384286 secs]521.379: [weak refs processing, 0.0000122 secs]521.379: [scrub string table, 0.0001655 secs] [1 CMS-remark: 1247509K(1756416K)] 1446374K(2063104K), 0.0388016 secs] [Times: user=0.13 sys=0.00, real=0.04 secs] 
521.379: [CMS-concurrent-sweep-start]
521.477: [GC521.477: [ParNew: 306686K->34046K(306688K), 0.1777329 secs] 1467686K->1325067K(2063104K), 0.1781909 secs] [Times: user=0.55 sys=0.02, real=0.18 secs] 
521.921: [GC521.921: [ParNew: 306686K->34046K(306688K), 0.1733640 secs] 1420630K->1277209K(2063104K), 0.1738063 secs] [Times: user=0.56 sys=0.02, real=0.17 secs] 
522.335: [GC522.335: [ParNew: 306686K->34046K(306688K), 0.1753474 secs] 1333008K->1186160K(2063104K), 0.1758252 secs] [Times: user=0.61 sys=0.00, real=0.18 secs] 
522.777: [GC522.777: [ParNew: 306686K->34046K(306688K), 0.2281494 secs] 1257048K->1142228K(2063104K), 0.2286308 secs] [Times: user=0.78 sys=0.00, real=0.23 secs] 
523.251: [GC523.251: [ParNew: 306686K->34046K(306688K), 0.1685119 secs] 1241828K->1084505K(2063104K), 0.1689426 secs] [Times: user=0.56 sys=0.00, real=0.17 secs] 
523.640: [CMS-concurrent-sweep: 1.273/2.261 secs] [Times: user=7.10 sys=0.25, real=2.26 secs] 
523.640: [CMS-concurrent-reset-start]
523.642: [CMS-concurrent-reset: 0.002/0.002 secs] [Times: user=0.00 sys=0.00, real=0.00 secs] 
523.660: [GC523.660: [ParNew: 306686K->34046K(306688K), 0.1610757 secs] 1263906K->1116825K(2063104K), 0.1614948 secs] [Times: user=0.56 sys=0.01, real=0.16 secs] 
523.822: [GC [1 CMS-initial-mark: 1082779K(1756416K)] 1116827K(2063104K), 0.0204789 secs] [Times: user=0.02 sys=0.00, real=0.02 secs] 
523.842: [CMS-concurrent-mark-start]
524.044: [CMS-concurrent-mark: 0.183/0.202 secs] [Times: user=0.59 sys=0.02, real=0.20 secs] 
524.044: [CMS-concurrent-preclean-start]
524.048: [CMS-concurrent-preclean: 0.003/0.003 secs] [Times: user=0.00 sys=0.00, real=0.00 secs] 
524.048: [CMS-concurrent-abortable-preclean-start]
524.088: [GC524.088: [ParNew: 306686K->34046K(306688K), 0.1366442 secs] 1389465K->1198184K(2063104K), 0.1371349 secs] [Times: user=0.44 sys=0.00, real=0.14 secs] 
524.473: [GC524.474: [ParNew: 306686K->34048K(306688K), 0.2208796 secs] 1470824K->1355352K(2063104K), 0.2213289 secs] [Times: user=0.75 sys=0.00, real=0.22 secs] 
524.917: [CMS-concurrent-abortable-preclean: 0.480/0.869 secs] [Times: user=2.74 sys=0.08, real=0.87 secs] 
524.917: [GC[YG occupancy: 261240 K (306688 K)]524.917: [Rescan (parallel) , 0.0667684 secs]524.984: [weak refs processing, 0.0000135 secs]524.984: [scrub string table, 0.0001658 secs] [1 CMS-remark: 1321304K(1756416K)] 1582545K(2063104K), 0.0671520 secs] [Times: user=0.25 sys=0.00, real=0.07 secs] 
524.985: [CMS-concurrent-sweep-start]
525.024: [GC525.024: [ParNew: 306688K->34047K(306688K), 0.1528938 secs] 1591958K->1427160K(2063104K), 0.1533518 secs] [Times: user=0.51 sys=0.00, real=0.15 secs] 
525.425: [GC525.425: [ParNew: 306687K->34047K(306688K), 0.2082442 secs] 1470016K->1349408K(2063104K), 0.2087067 secs] [Times: user=0.70 sys=0.00, real=0.21 secs] 
525.895: [GC525.895: [ParNew: 306687K->34047K(306688K), 0.1957993 secs] 1453688K->1310899K(2063104K), 0.1962278 secs] [Times: user=0.61 sys=0.00, real=0.20 secs] 
526.332: [GC526.332: [ParNew: 306687K->34047K(306688K), 0.1935354 secs] 1476362K->1344011K(2063104K), 0.1939693 secs] [Times: user=0.64 sys=0.00, real=0.19 secs] 
526.785: [GC526.786: [ParNew: 306687K->34046K(306688K), 0.1929132 secs] 1432921K->1302007K(2063104K), 0.1933664 secs] [Times: user=0.64 sys=0.00, real=0.19 secs] 
527.177: [CMS-concurrent-sweep: 1.203/2.192 secs] [Times: user=7.00 sys=0.16, real=2.19 secs] 
527.177: [CMS-concurrent-reset-start]
527.179: [CMS-concurrent-reset: 0.002/0.002 secs] [Times: user=0.00 sys=0.00, real=0.00 secs] 
527.217: [GC527.217: [ParNew: 306686K->34046K(306688K), 0.1545468 secs] 1413713K->1257249K(2063104K), 0.1550032 secs] [Times: user=0.51 sys=0.00, real=0.15 secs] 
527.373: [GC [1 CMS-initial-mark: 1223202K(1756416K)] 1257332K(2063104K), 0.0201553 secs] [Times: user=0.03 sys=0.00, real=0.02 secs] 
527.393: [CMS-concurrent-mark-start]
527.551: [CMS-concurrent-mark: 0.158/0.158 secs] [Times: user=0.50 sys=0.03, real=0.16 secs] 
527.551: [CMS-concurrent-preclean-start]
527.554: [CMS-concurrent-preclean: 0.003/0.003 secs] [Times: user=0.00 sys=0.00, real=0.00 secs] 
527.554: [CMS-concurrent-abortable-preclean-start]
527.645: [GC527.646: [ParNew: 306686K->34046K(306688K), 0.2451693 secs] 1529889K->1431733K(2063104K), 0.2455875 secs] [Times: user=0.89 sys=0.00, real=0.25 secs] 
528.128: [CMS-concurrent-abortable-preclean: 0.301/0.573 secs] [Times: user=1.79 sys=0.05, real=0.57 secs] 
528.128: [GC[YG occupancy: 282418 K (306688 K)]528.128: [Rescan (parallel) , 0.0810593 secs]528.209: [weak refs processing, 0.0000135 secs]528.209: [scrub string table, 0.0001655 secs] [1 CMS-remark: 1397686K(1756416K)] 1680104K(2063104K), 0.0814477 secs] [Times: user=0.30 sys=0.00, real=0.08 secs] 
528.210: [CMS-concurrent-sweep-start]
528.234: [GC528.234: [ParNew: 306686K->34046K(306688K), 0.1430554 secs] 1682697K->1515965K(2063104K), 0.1436195 secs] [Times: user=0.47 sys=0.00, real=0.14 secs] 
528.626: [GC528.627: [ParNew: 306686K->34046K(306688K), 0.2276622 secs] 1555303K->1442420K(2063104K), 0.2280987 secs] [Times: user=0.76 sys=0.00, real=0.23 secs] 
529.106: [GC529.106: [ParNew: 306686K->34046K(306688K), 0.1560391 secs] 1509791K->1343539K(2063104K), 0.1564653 secs] [Times: user=0.41 sys=0.00, real=0.16 secs] 
529.510: [GC529.510: [ParNew: 306686K->34046K(306688K), 0.2060508 secs] 1400362K->1276617K(2063104K), 0.2064777 secs] [Times: user=0.72 sys=0.00, real=0.21 secs] 
529.967: [GC529.967: [ParNew: 306686K->34046K(306688K), 0.1656475 secs] 1361113K->1204674K(2063104K), 0.1661007 secs] [Times: user=0.48 sys=0.00, real=0.17 secs] 
530.378: [GC530.379: [ParNew: 306686K->34046K(306688K), 0.1967474 secs] 1366126K->1233837K(2063104K), 0.1972095 secs] [Times: user=0.59 sys=0.00, real=0.20 secs] 
530.635: [CMS-concurrent-sweep: 1.285/2.425 secs] [Times: user=7.38 sys=0.27, real=2.43 secs] 
530.635: [CMS-concurrent-reset-start]
530.637: [CMS-concurrent-reset: 0.002/0.002 secs] [Times: user=0.00 sys=0.00, real=0.00 secs] 
530.783: [GC [1 CMS-initial-mark: 1143998K(1756416K)] 1363286K(2063104K), 0.1319008 secs] [Times: user=0.14 sys=0.00, real=0.13 secs] 
530.915: [CMS-concurrent-mark-start]
530.983: [GC530.984: [ParNew: 306686K->34046K(306688K), 0.2262937 secs] 1450684K->1332704K(2063104K), 0.2268396 secs] [Times: user=0.76 sys=0.00, real=0.23 secs] 
531.447: [GC531.447: [ParNew: 306686K->34048K(306688K), 0.1742088 secs] 1605344K->1454858K(2063104K), 0.1746318 secs] [Times: user=0.55 sys=0.00, real=0.17 secs] 
531.874: [GC531.874: [ParNew: 306688K->34047K(306688K), 0.1609814 secs] 1727498K->1566821K(2063104K), 0.1614086 secs] [Times: user=0.56 sys=0.00, real=0.16 secs] 
532.192: [CMS-concurrent-mark: 0.690/1.276 secs] [Times: user=3.93 sys=0.09, real=1.28 secs] 
532.192: [CMS-concurrent-preclean-start]
532.200: [CMS-concurrent-preclean: 0.008/0.008 secs] [Times: user=0.06 sys=0.00, real=0.01 secs] 
532.200: [CMS-concurrent-abortable-preclean-start]
532.279: [GC532.279: [ParNew: 306687K->34047K(306688K), 0.2078183 secs] 1839461K->1706446K(2063104K), 0.2082506 secs] [Times: user=0.69 sys=0.00, real=0.21 secs] 
532.655: [CMS-concurrent-abortable-preclean: 0.246/0.455 secs] [Times: user=1.42 sys=0.05, real=0.45 secs] 
532.655: [GC[YG occupancy: 217184 K (306688 K)]532.655: [Rescan (parallel) , 0.0892457 secs]532.744: [weak refs processing, 0.0000128 secs]532.744: [scrub string table, 0.0001806 secs] [1 CMS-remark: 1672399K(1756416K)] 1889583K(2063104K), 0.0896453 secs] [Times: user=0.33 sys=0.00, real=0.09 secs] 
532.745: [CMS-concurrent-sweep-start]
532.849: [GC532.850: [ParNew: 306687K->306687K(306688K), 0.0000202 secs]532.850: [CMS534.064: [CMS-concurrent-sweep: 1.284/1.320 secs] [Times: user=1.48 sys=0.00, real=1.32 secs] 
 (concurrent mode failure): 1603351K->160324K(1756416K), 2.0421118 secs] 1910039K->160324K(2063104K), [CMS Perm : 7336K->7336K(21248K)], 2.0425156 secs] [Times: user=2.01 sys=0.00, real=2.04 secs] 
535.192: [GC535.192: [ParNew: 272640K->34047K(306688K), 0.2823452 secs] 432964K->439921K(2063104K), 0.2827721 secs] [Times: user=0.90 sys=0.00, real=0.28 secs] 
535.761: [GC535.761: [ParNew: 306687K->34047K(306688K), 0.2837076 secs] 712561K->657787K(2063104K), 0.2840700 secs] [Times: user=1.00 sys=0.00, real=0.28 secs] 
536.047: [GC [1 CMS-initial-mark: 623740K(1756416K)] 657850K(2063104K), 0.0198307 secs] [Times: user=0.03 sys=0.00, real=0.02 secs] 
536.067: [CMS-concurrent-mark-start]
536.245: [CMS-concurrent-mark: 0.178/0.178 secs] [Times: user=0.52 sys=0.00, real=0.18 secs] 
536.245: [CMS-concurrent-preclean-start]
536.248: [CMS-concurrent-preclean: 0.003/0.003 secs] [Times: user=0.00 sys=0.00, real=0.00 secs] 
536.248: [CMS-concurrent-abortable-preclean-start]
536.298: [GC536.298: [ParNew: 306687K->34047K(306688K), 0.1633627 secs] 930427K->765720K(2063104K), 0.1637918 secs] [Times: user=0.56 sys=0.02, real=0.16 secs] 
536.594: [CMS-concurrent-abortable-preclean: 0.182/0.346 secs] [Times: user=1.18 sys=0.05, real=0.35 secs] 
536.595: [GC[YG occupancy: 182346 K (306688 K)]536.595: [Rescan (parallel) , 0.0659964 secs]536.661: [weak refs processing, 0.0000125 secs]536.661: [scrub string table, 0.0001578 secs] [1 CMS-remark: 731673K(1756416K)] 914019K(2063104K), 0.0663678 secs] [Times: user=0.23 sys=0.00, real=0.07 secs] 
536.661: [CMS-concurrent-sweep-start]
536.801: [GC536.802: [ParNew: 306687K->34046K(306688K), 0.2133475 secs] 932904K->805825K(2063104K), 0.2138100 secs] [Times: user=0.70 sys=0.00, real=0.21 secs] 
537.251: [GC537.251: [ParNew: 306686K->34046K(306688K), 0.1649836 secs] 858912K->690678K(2063104K), 0.1655058 secs] [Times: user=0.47 sys=0.00, real=0.17 secs] 
537.656: [CMS-concurrent-sweep: 0.584/0.994 secs] [Times: user=2.95 sys=0.11, real=0.99 secs] 
537.656: [CMS-concurrent-reset-start]
537.658: [CMS-concurrent-reset: 0.002/0.002 secs] [Times: user=0.00 sys=0.00, real=0.00 secs] 
537.668: [GC537.668: [ParNew: 306686K->34046K(306688K), 0.2078494 secs] 855816K->747222K(2063104K), 0.2082654 secs] [Times: user=0.72 sys=0.00, real=0.21 secs] 
537.876: [GC [1 CMS-initial-mark: 713175K(1756416K)] 747224K(2063104K), 0.0201563 secs] [Times: user=0.02 sys=0.00, real=0.02 secs] 
537.897: [CMS-concurrent-mark-start]
538.097: [CMS-concurrent-mark: 0.181/0.201 secs] [Times: user=0.58 sys=0.01, real=0.20 secs] 
538.097: [CMS-concurrent-preclean-start]
538.101: [CMS-concurrent-preclean: 0.003/0.004 secs] [Times: user=0.00 sys=0.00, real=0.00 secs] 
538.101: [CMS-concurrent-abortable-preclean-start]
538.137: [GC538.137: [ParNew: 306686K->34046K(306688K), 0.1271849 secs] 1019862K->824970K(2063104K), 0.1276118 secs] [Times: user=0.47 sys=0.00, real=0.13 secs] 
538.505: [GC538.506: [ParNew: 306686K->34046K(306688K), 0.2191371 secs] 1097610K->966168K(2063104K), 0.2195708 secs] [Times: user=0.69 sys=0.00, real=0.22 secs] 
538.771: [CMS-concurrent-abortable-preclean: 0.322/0.670 secs] [Times: user=2.12 sys=0.05, real=0.67 secs] 
538.772: [GC[YG occupancy: 86819 K (306688 K)]538.772: [Rescan (parallel) , 0.0467337 secs]538.819: [weak refs processing, 0.0000128 secs]538.819: [scrub string table, 0.0001751 secs] [1 CMS-remark: 932122K(1756416K)] 1018941K(2063104K), 0.0471310 secs] [Times: user=0.19 sys=0.00, real=0.05 secs] 
538.821: [CMS-concurrent-sweep-start]
539.033: [GC539.033: [ParNew: 306686K->34046K(306688K), 0.1791174 secs] 1071139K->917840K(2063104K), 0.1795478 secs] [Times: user=0.58 sys=0.00, real=0.18 secs] 
539.454: [GC539.454: [ParNew: 306686K->34046K(306688K), 0.1941011 secs] 1007454K->874567K(2063104K), 0.1945344 secs] [Times: user=0.66 sys=0.00, real=0.19 secs] 
539.899: [GC539.899: [ParNew: 306686K->34046K(306688K), 0.1746832 secs] 973195K->825855K(2063104K), 0.1751508 secs] [Times: user=0.64 sys=0.00, real=0.17 secs] 
540.127: [CMS-concurrent-sweep: 0.712/1.306 secs] [Times: user=4.23 sys=0.03, real=1.31 secs] 
540.127: [CMS-concurrent-reset-start]
540.129: [CMS-concurrent-reset: 0.002/0.002 secs] [Times: user=0.00 sys=0.00, real=0.00 secs] 
540.347: [GC540.347: [ParNew: 306686K->34046K(306688K), 0.2520776 secs] 1098495K->1025996K(2063104K), 0.2524958 secs] [Times: user=0.90 sys=0.00, real=0.25 secs] 
540.600: [GC [1 CMS-initial-mark: 991950K(1756416K)] 1026039K(2063104K), 0.0202172 secs] [Times: user=0.03 sys=0.00, real=0.02 secs] 
540.620: [CMS-concurrent-mark-start]
540.780: [CMS-concurrent-mark: 0.160/0.160 secs] [Times: user=0.50 sys=0.06, real=0.16 secs] 
540.780: [CMS-concurrent-preclean-start]
540.784: [CMS-concurrent-preclean: 0.003/0.003 secs] [Times: user=0.00 sys=0.00, real=0.00 secs] 
540.784: [CMS-concurrent-abortable-preclean-start]
540.884: [GC540.884: [ParNew: 306686K->34048K(306688K), 0.1985389 secs] 1298636K->1158751K(2063104K), 0.1990264 secs] [Times: user=0.66 sys=0.00, real=0.20 secs] 
541.249: [CMS-concurrent-abortable-preclean: 0.239/0.465 secs] [Times: user=1.45 sys=0.05, real=0.46 secs] 
541.253: [GC[YG occupancy: 222721 K (306688 K)]541.254: [Rescan (parallel) , 0.1391997 secs]541.393: [weak refs processing, 0.0000135 secs]541.393: [scrub string table, 0.0001687 secs] [1 CMS-remark: 1124703K(1756416K)] 1347425K(2063104K), 0.1396327 secs] [Times: user=0.45 sys=0.00, real=0.14 secs] 
541.393: [CMS-concurrent-sweep-start]
541.461: [GC541.461: [ParNew: 306688K->34047K(306688K), 0.2134299 secs] 1373936K->1246157K(2063104K), 0.2139081 secs] [Times: user=0.69 sys=0.00, real=0.21 secs] 
541.923: [GC541.923: [ParNew: 306687K->34047K(306688K), 0.1839173 secs] 1302595K->1151328K(2063104K), 0.1843743 secs] [Times: user=0.62 sys=0.00, real=0.18 secs] 
542.353: [GC542.353: [ParNew: 306687K->34047K(306688K), 0.1985223 secs] 1192458K->1062013K(2063104K), 0.1989620 secs] [Times: user=0.70 sys=0.00, real=0.20 secs] 
542.816: [GC542.816: [ParNew: 306687K->34047K(306688K), 0.2034530 secs] 1154585K->1032357K(2063104K), 0.2039007 secs] [Times: user=0.76 sys=0.00, real=0.20 secs] 
543.257: [CMS-concurrent-sweep: 1.019/1.864 secs] [Times: user=6.02 sys=0.20, real=1.86 secs] 
543.257: [CMS-concurrent-reset-start]
543.260: [CMS-concurrent-reset: 0.003/0.003 secs] [Times: user=0.00 sys=0.00, real=0.00 secs] 
543.262: [GC543.262: [ParNew: 306687K->34047K(306688K), 0.1804459 secs] 1184264K->1048234K(2063104K), 0.1808795 secs] [Times: user=0.62 sys=0.00, real=0.18 secs] 
543.443: [GC [1 CMS-initial-mark: 1014187K(1756416K)] 1048238K(2063104K), 0.0201053 secs] [Times: user=0.02 sys=0.00, real=0.02 secs] 
543.464: [CMS-concurrent-mark-start]
543.622: [CMS-concurrent-mark: 0.159/0.159 secs] [Times: user=0.51 sys=0.01, real=0.16 secs] 
543.622: [CMS-concurrent-preclean-start]
543.626: [CMS-concurrent-preclean: 0.003/0.003 secs] [Times: user=0.00 sys=0.00, real=0.00 secs] 
543.626: [CMS-concurrent-abortable-preclean-start]
543.710: [GC543.710: [ParNew: 306687K->34046K(306688K), 0.2239656 secs] 1320874K->1204509K(2063104K), 0.2243921 secs] [Times: user=0.78 sys=0.00, real=0.22 secs] 
544.162: [CMS-concurrent-abortable-preclean: 0.273/0.536 secs] [Times: user=1.78 sys=0.02, real=0.54 secs] 
544.162: [GC[YG occupancy: 255527 K (306688 K)]544.162: [Rescan (parallel) , 0.0595682 secs]544.222: [weak refs processing, 0.0000125 secs]544.222: [scrub string table, 0.0001648 secs] [1 CMS-remark: 1170463K(1756416K)] 1425990K(2063104K), 0.0599486 secs] [Times: user=0.25 sys=0.00, real=0.06 secs] 
544.222: [CMS-concurrent-sweep-start]
544.271: [GC544.271: [ParNew: 306686K->34046K(306688K), 0.1682370 secs] 1430310K->1278201K(2063104K), 0.1688050 secs] [Times: user=0.58 sys=0.00, real=0.17 secs] 
544.685: [GC544.686: [ParNew: 306686K->34046K(306688K), 0.2232683 secs] 1319999K->1194720K(2063104K), 0.2237318 secs] [Times: user=0.58 sys=0.00, real=0.22 secs] 
545.172: [GC545.172: [ParNew: 306686K->34046K(306688K), 0.1692633 secs] 1287835K->1137620K(2063104K), 0.1696963 secs] [Times: user=0.59 sys=0.00, real=0.17 secs] 
545.580: [GC545.581: [ParNew: 306686K->34046K(306688K), 0.1732435 secs] 1274162K->1122576K(2063104K), 0.1736732 secs] [Times: user=0.55 sys=0.00, real=0.17 secs] 
546.012: [GC546.013: [ParNew: 306686K->34046K(306688K), 0.1693759 secs] 1174400K->1024192K(2063104K), 0.1698211 secs] [Times: user=0.58 sys=0.00, real=0.17 secs] 
546.212: [CMS-concurrent-sweep: 1.029/1.989 secs] [Times: user=5.99 sys=0.16, real=1.99 secs] 
546.212: [CMS-concurrent-reset-start]
546.214: [CMS-concurrent-reset: 0.002/0.002 secs] [Times: user=0.00 sys=0.00, real=0.00 secs] 
546.461: [GC546.462: [ParNew: 306686K->34046K(306688K), 0.2639305 secs] 1285064K->1222534K(2063104K), 0.2643689 secs] [Times: user=0.86 sys=0.00, real=0.26 secs] 
546.726: [GC [1 CMS-initial-mark: 1188488K(1756416K)] 1222537K(2063104K), 0.0200174 secs] [Times: user=0.02 sys=0.00, real=0.02 secs] 
546.746: [CMS-concurrent-mark-start]
546.940: [CMS-concurrent-mark: 0.174/0.194 secs] [Times: user=0.61 sys=0.00, real=0.19 secs] 
546.941: [CMS-concurrent-preclean-start]
546.944: [CMS-concurrent-preclean: 0.003/0.003 secs] [Times: user=0.00 sys=0.00, real=0.00 secs] 
546.944: [CMS-concurrent-abortable-preclean-start]
547.002: [GC547.003: [ParNew: 306686K->34046K(306688K), 0.1914020 secs] 1495174K->1351965K(2063104K), 0.1918535 secs] [Times: user=0.64 sys=0.00, real=0.19 secs] 
547.352: [CMS-concurrent-abortable-preclean: 0.215/0.408 secs] [Times: user=1.37 sys=0.06, real=0.41 secs] 
547.352: [GC[YG occupancy: 206248 K (306688 K)]547.352: [Rescan (parallel) , 0.0686866 secs]547.421: [weak refs processing, 0.0000125 secs]547.421: [scrub string table, 0.0001652 secs] [1 CMS-remark: 1317919K(1756416K)] 1524168K(2063104K), 0.0690962 secs] [Times: user=0.23 sys=0.00, real=0.07 secs] 
547.421: [CMS-concurrent-sweep-start]
547.513: [GC547.513: [ParNew: 306686K->34046K(306688K), 0.2353409 secs] 1536310K->1424631K(2063104K), 0.2357719 secs] [Times: user=0.69 sys=0.01, real=0.23 secs] 
548.006: [GC548.006: [ParNew: 306686K->34046K(306688K), 0.2019071 secs] 1468157K->1333707K(2063104K), 0.2023494 secs] [Times: user=0.69 sys=0.00, real=0.20 secs] 
548.458: [GC548.458: [ParNew: 306686K->34048K(306688K), 0.2158565 secs] 1368420K->1252943K(2063104K), 0.2163164 secs] [Times: user=0.70 sys=0.00, real=0.22 secs] 
548.929: [GC548.930: [ParNew: 306688K->34047K(306688K), 0.1639586 secs] 1310411K->1156301K(2063104K), 0.1643942 secs] [Times: user=0.58 sys=0.00, real=0.16 secs] 
549.343: [GC549.344: [ParNew: 306687K->34047K(306688K), 0.2252324 secs] 1235493K->1131214K(2063104K), 0.2256802 secs] [Times: user=0.73 sys=0.00, real=0.23 secs] 
549.691: [CMS-concurrent-sweep: 1.183/2.270 secs] [Times: user=7.00 sys=0.22, real=2.27 secs] 
549.692: [CMS-concurrent-reset-start]
549.694: [CMS-concurrent-reset: 0.002/0.002 secs] [Times: user=0.00 sys=0.00, real=0.00 secs] 
549.819: [GC [1 CMS-initial-mark: 1065495K(1756416K)] 1344015K(2063104K), 0.1674250 secs] [Times: user=0.17 sys=0.00, real=0.17 secs] 
549.987: [CMS-concurrent-mark-start]
550.007: [GC550.007: [ParNew: 306687K->34047K(306688K), 0.2301818 secs] 1372183K->1261936K(2063104K), 0.2306705 secs] [Times: user=0.81 sys=0.00, real=0.23 secs] 
550.479: [GC550.479: [ParNew: 306687K->34047K(306688K), 0.2139479 secs] 1534576K->1403814K(2063104K), 0.2143902 secs] [Times: user=0.75 sys=0.00, real=0.22 secs] 
550.958: [GC550.958: [ParNew: 306687K->34047K(306688K), 0.1801950 secs] 1676454K->1521718K(2063104K), 0.1806155 secs] [Times: user=0.64 sys=0.00, real=0.18 secs] 
551.290: [CMS-concurrent-mark: 0.645/1.303 secs] [Times: user=4.26 sys=0.17, real=1.30 secs] 
551.290: [CMS-concurrent-preclean-start]
551.377: [CMS-concurrent-preclean: 0.086/0.087 secs] [Times: user=0.25 sys=0.03, real=0.09 secs] 
551.377: [CMS-concurrent-abortable-preclean-start]
551.390: [GC551.391: [ParNew: 306687K->34046K(306688K), 0.2600074 secs] 1794358K->1693596K(2063104K), 0.2604430 secs] [Times: user=0.89 sys=0.00, real=0.26 secs] 
551.880: [CMS-concurrent-abortable-preclean: 0.219/0.504 secs] [Times: user=1.55 sys=0.03, real=0.50 secs] 
551.881: [GC[YG occupancy: 280701 K (306688 K)]551.881: [Rescan (parallel) , 0.0638248 secs]551.945: [weak refs processing, 0.0000131 secs]551.945: [scrub string table, 0.0001626 secs] [1 CMS-remark: 1659549K(1756416K)] 1940250K(2063104K), 0.0642081 secs] [Times: user=0.22 sys=0.02, real=0.07 secs] 
551.945: [CMS-concurrent-sweep-start]
551.970: [GC551.970: [ParNew: 306686K->306686K(306688K), 0.0000234 secs]551.970: [CMS553.179: [CMS-concurrent-sweep: 1.231/1.234 secs] [Times: user=1.28 sys=0.00, real=1.23 secs] 
 (concurrent mode failure): 1636013K->160993K(1756416K), 2.0407179 secs] 1942700K->160993K(2063104K), [CMS Perm : 7341K->7341K(21248K)], 2.0411743 secs] [Times: user=2.04 sys=0.00, real=2.04 secs] 
554.306: [GC554.306: [ParNew: 272640K->34046K(306688K), 0.2694901 secs] 433633K->444043K(2063104K), 0.2699892 secs] [Times: user=0.94 sys=0.00, real=0.27 secs] 
554.860: [GC554.861: [ParNew: 306686K->34046K(306688K), 0.2582964 secs] 716683K->635283K(2063104K), 0.2587701 secs] [Times: user=0.91 sys=0.00, real=0.26 secs] 
555.402: [GC555.403: [ParNew: 306686K->34046K(306688K), 0.2945143 secs] 907923K->857586K(2063104K), 0.2949681 secs] [Times: user=0.94 sys=0.00, real=0.30 secs] 
555.698: [GC [1 CMS-initial-mark: 823539K(1756416K)] 857594K(2063104K), 0.0201130 secs] [Times: user=0.02 sys=0.00, real=0.02 secs] 
555.718: [CMS-concurrent-mark-start]
555.910: [CMS-concurrent-mark: 0.161/0.192 secs] [Times: user=0.58 sys=0.03, real=0.19 secs] 
555.910: [CMS-concurrent-preclean-start]
555.913: [CMS-concurrent-preclean: 0.003/0.003 secs] [Times: user=0.00 sys=0.00, real=0.00 secs] 
555.913: [CMS-concurrent-abortable-preclean-start]
555.980: [GC555.980: [ParNew: 306686K->34046K(306688K), 0.1751492 secs] 1130226K->972438K(2063104K), 0.1755815 secs] [Times: user=0.64 sys=0.00, real=0.18 secs] 
556.299: [CMS-concurrent-abortable-preclean: 0.210/0.386 secs] [Times: user=1.31 sys=0.05, real=0.39 secs] 
556.300: [GC[YG occupancy: 191412 K (306688 K)]556.300: [Rescan (parallel) , 0.0691298 secs]556.369: [weak refs processing, 0.0000141 secs]556.369: [scrub string table, 0.0001613 secs] [1 CMS-remark: 938391K(1756416K)] 1129804K(2063104K), 0.0695307 secs] [Times: user=0.25 sys=0.00, real=0.07 secs] 
556.370: [CMS-concurrent-sweep-start]
556.479: [GC556.479: [ParNew: 306686K->34046K(306688K), 0.2533409 secs] 1138553K->1040671K(2063104K), 0.2537765 secs] [Times: user=0.86 sys=0.00, real=0.25 secs] 
556.984: [GC556.985: [ParNew: 306686K->34046K(306688K), 0.1461895 secs] 1095746K->920729K(2063104K), 0.1466327 secs] [Times: user=0.44 sys=0.00, real=0.15 secs] 
557.385: [GC557.386: [ParNew: 306686K->34046K(306688K), 0.2318360 secs] 980448K->881781K(2063104K), 0.2322655 secs] [Times: user=0.76 sys=0.00, real=0.23 secs] 
557.845: [CMS-concurrent-sweep: 0.800/1.476 secs] [Times: user=4.66 sys=0.09, real=1.48 secs] 
557.845: [CMS-concurrent-reset-start]
557.847: [CMS-concurrent-reset: 0.002/0.002 secs] [Times: user=0.00 sys=0.00, real=0.00 secs] 
557.869: [GC557.869: [ParNew: 306686K->34046K(306688K), 0.1539554 secs] 1057015K->905263K(2063104K), 0.1545099 secs] [Times: user=0.58 sys=0.00, real=0.15 secs] 
558.024: [GC [1 CMS-initial-mark: 871216K(1756416K)] 905382K(2063104K), 0.0202278 secs] [Times: user=0.03 sys=0.00, real=0.02 secs] 
558.045: [CMS-concurrent-mark-start]
558.218: [CMS-concurrent-mark: 0.173/0.173 secs] [Times: user=0.58 sys=0.01, real=0.17 secs] 
558.218: [CMS-concurrent-preclean-start]
558.221: [CMS-concurrent-preclean: 0.003/0.003 secs] [Times: user=0.00 sys=0.00, real=0.00 secs] 
558.221: [CMS-concurrent-abortable-preclean-start]
558.292: [GC558.292: [ParNew: 306686K->34046K(306688K), 0.2180249 secs] 1177903K->1057511K(2063104K), 0.2185150 secs] [Times: user=0.70 sys=0.02, real=0.22 secs] 
558.694: [CMS-concurrent-abortable-preclean: 0.254/0.473 secs] [Times: user=1.47 sys=0.08, real=0.47 secs] 
558.695: [GC[YG occupancy: 236497 K (306688 K)]558.695: [Rescan (parallel) , 0.0508334 secs]558.746: [weak refs processing, 0.0000131 secs]558.746: [scrub string table, 0.0001693 secs] [1 CMS-remark: 1023465K(1756416K)] 1259962K(2063104K), 0.0512516 secs] [Times: user=0.22 sys=0.00, real=0.05 secs] 
558.748: [CMS-concurrent-sweep-start]
558.809: [GC558.809: [ParNew: 306686K->34046K(306688K), 0.1932050 secs] 1277916K->1141781K(2063104K), 0.1935931 secs] [Times: user=0.65 sys=0.00, real=0.19 secs] 
559.253: [GC559.253: [ParNew: 306686K->34048K(306688K), 0.2007346 secs] 1205896K->1068429K(2063104K), 0.2011692 secs] [Times: user=0.65 sys=0.00, real=0.20 secs] 
559.700: [GC559.700: [ParNew: 306688K->34047K(306688K), 0.2045354 secs] 1162265K->1034306K(2063104K), 0.2050008 secs] [Times: user=0.69 sys=0.00, real=0.20 secs] 
560.162: [GC560.162: [ParNew: 306687K->34047K(306688K), 0.1650260 secs] 1128703K->976324K(2063104K), 0.1654573 secs] [Times: user=0.51 sys=0.00, real=0.17 secs] 
560.437: [CMS-concurrent-sweep: 0.879/1.689 secs] [Times: user=5.24 sys=0.09, real=1.69 secs] 
560.437: [CMS-concurrent-reset-start]
560.440: [CMS-concurrent-reset: 0.003/0.003 secs] [Times: user=0.00 sys=0.00, real=0.00 secs] 
560.583: [GC560.583: [ParNew: 306687K->34047K(306688K), 0.2344438 secs] 1189128K->1095296K(2063104K), 0.2348710 secs] [Times: user=0.81 sys=0.00, real=0.23 secs] 
560.819: [GC [1 CMS-initial-mark: 1061249K(1756416K)] 1095300K(2063104K), 0.0201723 secs] [Times: user=0.03 sys=0.00, real=0.02 secs] 
560.839: [CMS-concurrent-mark-start]
561.033: [CMS-concurrent-mark: 0.164/0.194 secs] [Times: user=0.51 sys=0.03, real=0.19 secs] 
561.034: [CMS-concurrent-preclean-start]
561.037: [CMS-concurrent-preclean: 0.003/0.003 secs] [Times: user=0.00 sys=0.00, real=0.00 secs] 
561.037: [CMS-concurrent-abortable-preclean-start]
561.106: [GC561.106: [ParNew: 306687K->34047K(306688K), 0.1949783 secs] 1367936K->1225530K(2063104K), 0.1954247 secs] [Times: user=0.67 sys=0.00, real=0.19 secs] 
561.465: [CMS-concurrent-abortable-preclean: 0.232/0.428 secs] [Times: user=1.42 sys=0.01, real=0.43 secs] 
561.466: [GC[YG occupancy: 215117 K (306688 K)]561.466: [Rescan (parallel) , 0.0803108 secs]561.547: [weak refs processing, 0.0000131 secs]561.547: [scrub string table, 0.0001597 secs] [1 CMS-remark: 1191483K(1756416K)] 1406600K(2063104K), 0.0807309 secs] [Times: user=0.27 sys=0.00, real=0.08 secs] 
561.547: [CMS-concurrent-sweep-start]
561.627: [GC561.627: [ParNew: 306687K->34046K(306688K), 0.1882894 secs] 1420561K->1279640K(2063104K), 0.1887445 secs] [Times: user=0.67 sys=0.00, real=0.19 secs] 
562.065: [GC562.065: [ParNew: 306686K->34046K(306688K), 0.1620115 secs] 1336027K->1172069K(2063104K), 0.1624653 secs] [Times: user=0.53 sys=0.00, real=0.16 secs] 
562.482: [GC562.482: [ParNew: 306686K->34046K(306688K), 0.2251551 secs] 1202405K->1097893K(2063104K), 0.2256263 secs] [Times: user=0.80 sys=0.00, real=0.23 secs] 
562.966: [GC562.967: [ParNew: 306686K->34046K(306688K), 0.1454932 secs] 1187600K->1017530K(2063104K), 0.1459403 secs] [Times: user=0.47 sys=0.00, real=0.15 secs] 
563.367: [GC563.367: [ParNew: 306686K->34046K(306688K), 0.2291635 secs] 1137764K->1035976K(2063104K), 0.2296728 secs] [Times: user=0.72 sys=0.00, real=0.23 secs] 
563.604: [CMS-concurrent-sweep: 1.054/2.057 secs] [Times: user=6.35 sys=0.17, real=2.06 secs] 
563.605: [CMS-concurrent-reset-start]
563.607: [CMS-concurrent-reset: 0.003/0.003 secs] [Times: user=0.00 sys=0.00, real=0.00 secs] 
563.865: [GC [1 CMS-initial-mark: 1001930K(1756416K)] 1280409K(2063104K), 0.1689708 secs] [Times: user=0.16 sys=0.00, real=0.17 secs] 
564.035: [CMS-concurrent-mark-start]
564.054: [GC564.054: [ParNew: 306686K->34046K(306688K), 0.2471940 secs] 1308616K->1210529K(2063104K), 0.2477521 secs] [Times: user=0.86 sys=0.00, real=0.25 secs] 
564.546: [GC564.546: [ParNew: 306686K->34046K(306688K), 0.2176044 secs] 1483169K->1364719K(2063104K), 0.2180422 secs] [Times: user=0.76 sys=0.00, real=0.22 secs] 
565.024: [GC565.024: [ParNew: 306686K->34046K(306688K), 0.1829202 secs] 1637359K->1483793K(2063104K), 0.1833545 secs] [Times: user=0.58 sys=0.00, real=0.18 secs] 
565.461: [GC565.462: [ParNew: 306686K->34046K(306688K), 0.2605937 secs] 1756433K->1659277K(2063104K), 0.2610279 secs] [Times: user=0.89 sys=0.00, real=0.26 secs] 
565.965: [GC565.966: [ParNew: 306686K->306686K(306688K), 0.0000212 secs]565.966: [CMS566.017: [CMS-concurrent-mark: 1.011/1.983 secs] [Times: user=6.05 sys=0.08, real=1.98 secs] 
 (concurrent mode failure): 1625230K->165358K(1756416K), 1.0260322 secs] 1931917K->165358K(2063104K), [CMS Perm : 7341K->7341K(21248K)], 1.0265161 secs] [Times: user=1.03 sys=0.00, real=1.03 secs] 
567.296: [GC567.296: [ParNew: 272640K->34046K(306688K), 0.2733494 secs] 437998K->451343K(2063104K), 0.2739616 secs] [Times: user=0.92 sys=0.00, real=0.27 secs] 
567.859: [GC567.859: [ParNew: 306686K->34048K(306688K), 0.2809151 secs] 723983K->667420K(2063104K), 0.2813112 secs] [Times: user=0.97 sys=0.00, real=0.28 secs] 
568.155: [GC [1 CMS-initial-mark: 633372K(1756416K)] 667458K(2063104K), 0.0203599 secs] [Times: user=0.02 sys=0.00, real=0.02 secs] 
568.176: [CMS-concurrent-mark-start]
568.351: [CMS-concurrent-mark: 0.176/0.176 secs] [Times: user=0.56 sys=0.01, real=0.18 secs] 
568.351: [CMS-concurrent-preclean-start]
568.355: [CMS-concurrent-preclean: 0.003/0.003 secs] [Times: user=0.03 sys=0.00, real=0.00 secs] 
568.355: [CMS-concurrent-abortable-preclean-start]
568.416: [GC568.416: [ParNew: 306688K->34047K(306688K), 0.2107458 secs] 940060K->805828K(2063104K), 0.2111711 secs] [Times: user=0.78 sys=0.00, real=0.21 secs] 
568.797: [CMS-concurrent-abortable-preclean: 0.230/0.442 secs] [Times: user=1.51 sys=0.02, real=0.44 secs] 
568.797: [GC[YG occupancy: 222139 K (306688 K)]568.797: [Rescan (parallel) , 0.0480566 secs]568.845: [weak refs processing, 0.0000131 secs]568.845: [scrub string table, 0.0001623 secs] [1 CMS-remark: 771781K(1756416K)] 993921K(2063104K), 0.0484322 secs] [Times: user=0.19 sys=0.00, real=0.05 secs] 
568.848: [CMS-concurrent-sweep-start]
568.933: [GC568.934: [ParNew: 306687K->34047K(306688K), 0.1599201 secs] 1027995K->869160K(2063104K), 0.1603839 secs] [Times: user=0.50 sys=0.00, real=0.16 secs] 
569.344: [GC569.344: [ParNew: 306687K->34047K(306688K), 0.2192282 secs] 906023K->792651K(2063104K), 0.2196801 secs] [Times: user=0.78 sys=0.00, real=0.22 secs] 
569.815: [GC569.815: [ParNew: 306687K->34047K(306688K), 0.2229277 secs] 910170K->799335K(2063104K), 0.2233646 secs] [Times: user=0.73 sys=0.00, real=0.22 secs] 
570.131: [CMS-concurrent-sweep: 0.622/1.283 secs] [Times: user=4.04 sys=0.05, real=1.28 secs] 
570.131: [CMS-concurrent-reset-start]
570.133: [CMS-concurrent-reset: 0.002/0.002 secs] [Times: user=0.05 sys=0.00, real=0.00 secs] 
570.328: [GC570.329: [ParNew: 306687K->34047K(306688K), 0.2232071 secs] 1071975K->966700K(2063104K), 0.2236291 secs] [Times: user=0.76 sys=0.00, real=0.22 secs] 
570.552: [GC [1 CMS-initial-mark: 932653K(1756416K)] 966707K(2063104K), 0.0203449 secs] [Times: user=0.03 sys=0.00, real=0.02 secs] 
570.573: [CMS-concurrent-mark-start]
570.737: [CMS-concurrent-mark: 0.164/0.164 secs] [Times: user=0.53 sys=0.00, real=0.16 secs] 
570.737: [CMS-concurrent-preclean-start]
570.740: [CMS-concurrent-preclean: 0.003/0.003 secs] [Times: user=0.00 sys=0.00, real=0.00 secs] 
570.740: [CMS-concurrent-abortable-preclean-start]
570.824: [GC570.824: [ParNew: 306687K->34046K(306688K), 0.2591642 secs] 1239340K->1136257K(2063104K), 0.2596238 secs] [Times: user=0.81 sys=0.00, real=0.26 secs] 
571.308: [CMS-concurrent-abortable-preclean: 0.288/0.568 secs] [Times: user=1.79 sys=0.08, real=0.57 secs] 
571.309: [GC[YG occupancy: 277372 K (306688 K)]571.309: [Rescan (parallel) , 0.1221493 secs]571.431: [weak refs processing, 0.0000128 secs]571.431: [scrub string table, 0.0001594 secs] [1 CMS-remark: 1102210K(1756416K)] 1379582K(2063104K), 0.1225322 secs] [Times: user=0.47 sys=0.00, real=0.12 secs] 
571.431: [CMS-concurrent-sweep-start]
571.459: [GC571.459: [ParNew: 306686K->34046K(306688K), 0.1789135 secs] 1382922K->1232037K(2063104K), 0.1793368 secs] [Times: user=0.55 sys=0.00, real=0.18 secs] 
571.893: [GC571.893: [ParNew: 306686K->34046K(306688K), 0.1645875 secs] 1286161K->1122095K(2063104K), 0.1650324 secs] [Times: user=0.55 sys=0.00, real=0.16 secs] 
572.293: [GC572.293: [ParNew: 306686K->34046K(306688K), 0.1729365 secs] 1187167K->1035209K(2063104K), 0.1733765 secs] [Times: user=0.56 sys=0.00, real=0.17 secs] 
572.720: [GC572.720: [ParNew: 306686K->34046K(306688K), 0.2418104 secs] 1079724K->980433K(2063104K), 0.2422421 secs] [Times: user=0.83 sys=0.00, real=0.24 secs] 
573.202: [CMS-concurrent-sweep: 0.963/1.771 secs] [Times: user=5.40 sys=0.27, real=1.77 secs] 
573.202: [CMS-concurrent-reset-start]
573.204: [CMS-concurrent-reset: 0.002/0.002 secs] [Times: user=0.00 sys=0.00, real=0.00 secs] 
573.224: [GC573.224: [ParNew: 306686K->34046K(306688K), 0.1643874 secs] 1186676K->1040661K(2063104K), 0.1648242 secs] [Times: user=0.58 sys=0.00, real=0.16 secs] 
573.389: [GC [1 CMS-initial-mark: 1006615K(1756416K)] 1040675K(2063104K), 0.0202804 secs] [Times: user=0.03 sys=0.00, real=0.02 secs] 
573.409: [CMS-concurrent-mark-start]
573.561: [CMS-concurrent-mark: 0.152/0.152 secs] [Times: user=0.47 sys=0.03, real=0.15 secs] 
573.562: [CMS-concurrent-preclean-start]
573.565: [CMS-concurrent-preclean: 0.003/0.003 secs] [Times: user=0.05 sys=0.02, real=0.00 secs] 
573.565: [CMS-concurrent-abortable-preclean-start]
573.663: [GC573.663: [ParNew: 306686K->34046K(306688K), 0.2515064 secs] 1313301K->1218884K(2063104K), 0.2519455 secs] [Times: user=0.87 sys=0.00, real=0.25 secs] 
574.149: [CMS-concurrent-abortable-preclean: 0.312/0.584 secs] [Times: user=1.83 sys=0.06, real=0.58 secs] 
574.149: [GC[YG occupancy: 293566 K (306688 K)]574.149: [Rescan (parallel) , 0.1383049 secs]574.288: [weak refs processing, 0.0000131 secs]574.288: [scrub string table, 0.0001610 secs] [1 CMS-remark: 1184838K(1756416K)] 1478404K(2063104K), 0.1386814 secs] [Times: user=0.53 sys=0.00, real=0.14 secs] 
574.288: [CMS-concurrent-sweep-start]
574.301: [GC574.301: [ParNew: 306686K->34046K(306688K), 0.1537940 secs] 1479628K->1312369K(2063104K), 0.1542206 secs] [Times: user=0.51 sys=0.00, real=0.15 secs] 
574.709: [GC574.709: [ParNew: 306686K->34046K(306688K), 0.2472559 secs] 1342955K->1240753K(2063104K), 0.2477049 secs] [Times: user=0.80 sys=0.00, real=0.25 secs] 
575.223: [GC575.223: [ParNew: 306686K->34046K(306688K), 0.1526083 secs] 1322612K->1158909K(2063104K), 0.1531318 secs] [Times: user=0.48 sys=0.00, real=0.15 secs] 
575.621: [GC575.621: [ParNew: 306686K->34048K(306688K), 0.1998055 secs] 1303006K->1176577K(2063104K), 0.2002378 secs] [Times: user=0.72 sys=0.00, real=0.20 secs] 
576.068: [GC576.068: [ParNew: 306688K->34047K(306688K), 0.1291089 secs] 1236070K->1051670K(2063104K), 0.1295451 secs] [Times: user=0.39 sys=0.00, real=0.13 secs] 
576.265: [CMS-concurrent-sweep: 1.030/1.977 secs] [Times: user=6.19 sys=0.09, real=1.98 secs] 
576.265: [CMS-concurrent-reset-start]
576.267: [CMS-concurrent-reset: 0.002/0.002 secs] [Times: user=0.00 sys=0.00, real=0.00 secs] 
576.476: [GC576.476: [ParNew: 306687K->34047K(306688K), 0.2588968 secs] 1292394K->1227239K(2063104K), 0.2593220 secs] [Times: user=0.84 sys=0.00, real=0.26 secs] 
576.736: [GC [1 CMS-initial-mark: 1193192K(1756416K)] 1227292K(2063104K), 0.0203750 secs] [Times: user=0.02 sys=0.00, real=0.02 secs] 
576.756: [CMS-concurrent-mark-start]
576.947: [CMS-concurrent-mark: 0.171/0.191 secs] [Times: user=0.58 sys=0.05, real=0.19 secs] 
576.947: [CMS-concurrent-preclean-start]
576.951: [CMS-concurrent-preclean: 0.003/0.004 secs] [Times: user=0.03 sys=0.00, real=0.00 secs] 
576.951: [CMS-concurrent-abortable-preclean-start]
577.007: [GC577.007: [ParNew: 306687K->34047K(306688K), 0.1709914 secs] 1499879K->1342775K(2063104K), 0.1714272 secs] [Times: user=0.61 sys=0.00, real=0.17 secs] 
577.322: [CMS-concurrent-abortable-preclean: 0.199/0.372 secs] [Times: user=1.12 sys=0.03, real=0.37 secs] 
577.323: [GC[YG occupancy: 194763 K (306688 K)]577.323: [Rescan (parallel) , 0.0758752 secs]577.399: [weak refs processing, 0.0000131 secs]577.399: [scrub string table, 0.0001607 secs] [1 CMS-remark: 1308728K(1756416K)] 1503491K(2063104K), 0.0762521 secs] [Times: user=0.30 sys=0.00, real=0.08 secs] 
577.399: [CMS-concurrent-sweep-start]
577.504: [GC577.504: [ParNew: 306687K->34047K(306688K), 0.2226914 secs] 1513204K->1402194K(2063104K), 0.2231590 secs] [Times: user=0.75 sys=0.00, real=0.22 secs] 
577.983: [GC577.983: [ParNew: 306687K->34047K(306688K), 0.1732239 secs] 1448495K->1292111K(2063104K), 0.1737056 secs] [Times: user=0.58 sys=0.00, real=0.17 secs] 
578.404: [GC578.405: [ParNew: 306687K->34046K(306688K), 0.2208867 secs] 1329179K->1219888K(2063104K), 0.2213180 secs] [Times: user=0.78 sys=0.00, real=0.22 secs] 
578.878: [GC578.878: [ParNew: 306686K->34046K(306688K), 0.2260371 secs] 1246995K->1139976K(2063104K), 0.2264752 secs] [Times: user=0.80 sys=0.00, real=0.23 secs] 
579.359: [GC579.359: [ParNew: 306686K->34046K(306688K), 0.1585654 secs] 1280070K->1121735K(2063104K), 0.1590404 secs] [Times: user=0.56 sys=0.00, real=0.16 secs] 
579.621: [CMS-concurrent-sweep: 1.175/2.222 secs] [Times: user=7.15 sys=0.17, real=2.22 secs] 
579.622: [CMS-concurrent-reset-start]
579.624: [CMS-concurrent-reset: 0.003/0.003 secs] [Times: user=0.00 sys=0.00, real=0.00 secs] 
579.792: [GC579.792: [ParNew: 306686K->34046K(306688K), 0.2552864 secs] 1334369K->1270936K(2063104K), 0.2557454 secs] [Times: user=0.89 sys=0.00, real=0.26 secs] 
580.048: [GC [1 CMS-initial-mark: 1236889K(1756416K)] 1270938K(2063104K), 0.0201203 secs] [Times: user=0.01 sys=0.00, real=0.02 secs] 
580.069: [CMS-concurrent-mark-start]
580.266: [CMS-concurrent-mark: 0.166/0.197 secs] [Times: user=0.53 sys=0.06, real=0.20 secs] 
580.266: [CMS-concurrent-preclean-start]
580.270: [CMS-concurrent-preclean: 0.003/0.003 secs] [Times: user=0.00 sys=0.00, real=0.00 secs] 
580.270: [CMS-concurrent-abortable-preclean-start]
580.330: [GC580.330: [ParNew: 306686K->34046K(306688K), 0.1681777 secs] 1543576K->1388571K(2063104K), 0.1686209 secs] [Times: user=0.61 sys=0.00, real=0.17 secs] 
580.647: [CMS-concurrent-abortable-preclean: 0.208/0.377 secs] [Times: user=1.26 sys=0.05, real=0.38 secs] 
580.647: [GC[YG occupancy: 199453 K (306688 K)]580.647: [Rescan (parallel) , 0.0629515 secs]580.710: [weak refs processing, 0.0000144 secs]580.710: [scrub string table, 0.0001610 secs] [1 CMS-remark: 1354524K(1756416K)] 1553977K(2063104K), 0.0633229 secs] [Times: user=0.23 sys=0.00, real=0.06 secs] 
580.711: [CMS-concurrent-sweep-start]
580.811: [GC580.811: [ParNew: 306686K->34046K(306688K), 0.2244210 secs] 1563509K->1451339K(2063104K), 0.2249088 secs] [Times: user=0.81 sys=0.00, real=0.22 secs] 
581.287: [GC581.287: [ParNew: 306686K->34046K(306688K), 0.1568149 secs] 1508440K->1341673K(2063104K), 0.1573008 secs] [Times: user=0.51 sys=0.00, real=0.16 secs] 
581.689: [GC581.689: [ParNew: 306686K->34046K(306688K), 0.1976457 secs] 1386285K->1254480K(2063104K), 0.1981140 secs] [Times: user=0.65 sys=0.00, real=0.20 secs] 
582.141: [GC582.141: [ParNew: 306686K->34046K(306688K), 0.1064494 secs] 1357762K->1159357K(2063104K), 0.1069844 secs] [Times: user=0.36 sys=0.00, real=0.11 secs] 
582.486: [GC582.487: [ParNew: 306686K->34046K(306688K), 0.1520317 secs] 1249366K->1084230K(2063104K), 0.1524794 secs] [Times: user=0.56 sys=0.00, real=0.15 secs] 
582.855: [CMS-concurrent-sweep: 1.255/2.144 secs] [Times: user=6.69 sys=0.17, real=2.14 secs] 
582.855: [CMS-concurrent-reset-start]
582.858: [CMS-concurrent-reset: 0.003/0.003 secs] [Times: user=0.00 sys=0.00, real=0.00 secs] 
582.886: [GC582.887: [ParNew: 306686K->34048K(306688K), 0.1934267 secs] 1202323K->1083292K(2063104K), 0.1938741 secs] [Times: user=0.69 sys=0.00, real=0.19 secs] 
583.081: [GC [1 CMS-initial-mark: 1049244K(1756416K)] 1083347K(2063104K), 0.0204356 secs] [Times: user=0.02 sys=0.00, real=0.02 secs] 
583.101: [CMS-concurrent-mark-start]
583.308: [CMS-concurrent-mark: 0.178/0.207 secs] [Times: user=0.62 sys=0.00, real=0.21 secs] 
583.308: [CMS-concurrent-preclean-start]
583.311: [CMS-concurrent-preclean: 0.003/0.003 secs] [Times: user=0.00 sys=0.00, real=0.00 secs] 
583.311: [CMS-concurrent-abortable-preclean-start]
583.360: [GC583.361: [ParNew: 306688K->34047K(306688K), 0.1461086 secs] 1355932K->1185881K(2063104K), 0.1465859 secs] [Times: user=0.58 sys=0.00, real=0.15 secs] 
583.635: [CMS-concurrent-abortable-preclean: 0.176/0.323 secs] [Times: user=1.17 sys=0.02, real=0.32 secs] 
583.635: [GC[YG occupancy: 172953 K (306688 K)]583.635: [Rescan (parallel) , 0.0392878 secs]583.675: [weak refs processing, 0.0000128 secs]583.675: [scrub string table, 0.0001600 secs] [1 CMS-remark: 1151834K(1756416K)] 1324787K(2063104K), 0.0396689 secs] [Times: user=0.19 sys=0.00, real=0.04 secs] 
583.675: [CMS-concurrent-sweep-start]
583.803: [GC583.804: [ParNew: 306687K->34047K(306688K), 0.2295140 secs] 1334737K->1237300K(2063104K), 0.2299553 secs] [Times: user=0.80 sys=0.00, real=0.23 secs] 
584.284: [GC584.284: [ParNew: 306687K->34047K(306688K), 0.0863541 secs] 1304124K->1090088K(2063104K), 0.0867842 secs] [Times: user=0.26 sys=0.00, real=0.09 secs] 
584.611: [GC584.611: [ParNew: 306687K->34047K(306688K), 0.1463755 secs] 1169467K->1001091K(2063104K), 0.1468065 secs] [Times: user=0.50 sys=0.00, real=0.15 secs] 
585.002: [GC585.002: [ParNew: 306687K->34046K(306688K), 0.1889077 secs] 1124475K->978154K(2063104K), 0.1893814 secs] [Times: user=0.58 sys=0.00, real=0.19 secs] 
585.435: [GC585.435: [ParNew: 306686K->34046K(306688K), 0.1160656 secs] 1111282K->921664K(2063104K), 0.1165453 secs] [Times: user=0.45 sys=0.00, real=0.12 secs] 
585.612: [CMS-concurrent-sweep: 1.113/1.937 secs] [Times: user=5.88 sys=0.09, real=1.94 secs] 
585.612: [CMS-concurrent-reset-start]
585.614: [CMS-concurrent-reset: 0.002/0.002 secs] [Times: user=0.00 sys=0.00, real=0.00 secs] 
585.832: [GC585.832: [ParNew: 306686K->34046K(306688K), 0.2326635 secs] 1145834K->1060458K(2063104K), 0.2330981 secs] [Times: user=0.81 sys=0.00, real=0.23 secs] 
586.065: [GC [1 CMS-initial-mark: 1026412K(1756416K)] 1060526K(2063104K), 0.0201126 secs] [Times: user=0.02 sys=0.00, real=0.02 secs] 
586.086: [CMS-concurrent-mark-start]
586.285: [CMS-concurrent-mark: 0.176/0.199 secs] [Times: user=0.53 sys=0.00, real=0.20 secs] 
586.285: [CMS-concurrent-preclean-start]
586.287: [CMS-concurrent-preclean: 0.002/0.002 secs] [Times: user=0.00 sys=0.00, real=0.00 secs] 
586.287: [CMS-concurrent-abortable-preclean-start]
586.315: [GC586.315: [ParNew: 306686K->34046K(306688K), 0.0576599 secs] 1333098K->1093739K(2063104K), 0.0581077 secs] [Times: user=0.19 sys=0.00, real=0.06 secs] 
586.613: [GC586.613: [ParNew: 306686K->34048K(306688K), 0.1681687 secs] 1366379K->1213679K(2063104K), 0.1686190 secs] [Times: user=0.58 sys=0.00, real=0.17 secs] 
586.923: [CMS-concurrent-abortable-preclean: 0.407/0.636 secs] [Times: user=2.00 sys=0.02, real=0.64 secs] 
586.923: [GC[YG occupancy: 187480 K (306688 K)]586.924: [Rescan (parallel) , 0.0732293 secs]586.997: [weak refs processing, 0.0000125 secs]586.997: [scrub string table, 0.0001604 secs] [1 CMS-remark: 1179631K(1756416K)] 1367112K(2063104K), 0.0736141 secs] [Times: user=0.31 sys=0.00, real=0.07 secs] 
586.997: [CMS-concurrent-sweep-start]
587.118: [GC587.118: [ParNew: 306688K->34048K(306688K), 0.1822980 secs] 1389292K->1246036K(2063104K), 0.1827355 secs] [Times: user=0.58 sys=0.00, real=0.18 secs] 
587.543: [GC587.544: [ParNew: 306688K->34048K(306688K), 0.1775138 secs] 1329759K->1189009K(2063104K), 0.1779526 secs] [Times: user=0.59 sys=0.00, real=0.18 secs] 
587.954: [GC587.954: [ParNew: 306688K->34048K(306688K), 0.1226897 secs] 1282236K->1088405K(2063104K), 0.1231631 secs] [Times: user=0.41 sys=0.00, real=0.12 secs] 
588.327: [GC588.327: [ParNew: 306688K->34048K(306688K), 0.1247429 secs] 1196452K->1007668K(2063104K), 0.1251759 secs] [Times: user=0.45 sys=0.00, real=0.13 secs] 
588.702: [GC588.702: [ParNew: 306688K->34048K(306688K), 0.2096997 secs] 1110763K->992625K(2063104K), 0.2101685 secs] [Times: user=0.70 sys=0.00, real=0.21 secs] 
588.968: [CMS-concurrent-sweep: 1.106/1.971 secs] [Times: user=6.24 sys=0.09, real=1.97 secs] 
588.968: [CMS-concurrent-reset-start]
588.971: [CMS-concurrent-reset: 0.003/0.003 secs] [Times: user=0.00 sys=0.00, real=0.00 secs] 
589.076: [GC [1 CMS-initial-mark: 918949K(1756416K)] 1097916K(2063104K), 0.1073567 secs] [Times: user=0.11 sys=0.00, real=0.11 secs] 
589.184: [CMS-concurrent-mark-start]
589.283: [GC589.283: [ParNew: 306688K->34047K(306688K), 0.1861973 secs] 1225637K->1075349K(2063104K), 0.1866797 secs] [Times: user=0.58 sys=0.00, real=0.19 secs] 
589.719: [GC589.719: [ParNew: 306687K->34047K(306688K), 0.2264124 secs] 1347989K->1237808K(2063104K), 0.2269473 secs] [Times: user=0.75 sys=0.00, real=0.23 secs] 
589.952: [CMS-concurrent-mark: 0.354/0.768 secs] [Times: user=2.37 sys=0.03, real=0.77 secs] 
589.952: [CMS-concurrent-preclean-start]
590.181: [CMS-concurrent-preclean: 0.198/0.229 secs] [Times: user=0.66 sys=0.00, real=0.23 secs] 
590.181: [CMS-concurrent-abortable-preclean-start]
590.210: [GC590.210: [ParNew: 306687K->34046K(306688K), 0.1704968 secs] 1510448K->1351405K(2063104K), 0.1709490 secs] [Times: user=0.53 sys=0.00, real=0.17 secs] 
590.523: [CMS-concurrent-abortable-preclean: 0.170/0.341 secs] [Times: user=1.05 sys=0.03, real=0.34 secs] 
590.523: [GC[YG occupancy: 199328 K (306688 K)]590.523: [Rescan (parallel) , 0.0820952 secs]590.606: [weak refs processing, 0.0000131 secs]590.606: [scrub string table, 0.0001642 secs] [1 CMS-remark: 1317358K(1756416K)] 1516687K(2063104K), 0.0824875 secs] [Times: user=0.28 sys=0.00, real=0.08 secs] 
590.606: [CMS-concurrent-sweep-start]
590.705: [GC590.705: [ParNew: 306686K->34046K(306688K), 0.1859821 secs] 1531246K->1394534K(2063104K), 0.1864177 secs] [Times: user=0.61 sys=0.00, real=0.19 secs] 
591.157: [GC591.158: [ParNew: 306686K->34046K(306688K), 0.1911880 secs] 1479045K->1336298K(2063104K), 0.1916265 secs] [Times: user=0.64 sys=0.00, real=0.19 secs] 
591.589: [GC591.589: [ParNew: 306686K->34046K(306688K), 0.1825206 secs] 1436437K->1295841K(2063104K), 0.1829603 secs] [Times: user=0.58 sys=0.00, real=0.18 secs] 
592.020: [GC592.021: [ParNew: 306686K->34046K(306688K), 0.2137497 secs] 1412630K->1298093K(2063104K), 0.2142180 secs] [Times: user=0.67 sys=0.00, real=0.21 secs] 
592.467: [CMS-concurrent-sweep: 1.035/1.861 secs] [Times: user=5.54 sys=0.16, real=1.86 secs] 
592.467: [CMS-concurrent-reset-start]
592.470: [CMS-concurrent-reset: 0.003/0.003 secs] [Times: user=0.00 sys=0.00, real=0.00 secs] 
592.480: [GC592.480: [ParNew: 306686K->34046K(306688K), 0.1134988 secs] 1453147K->1263513K(2063104K), 0.1139507 secs] [Times: user=0.39 sys=0.00, real=0.11 secs] 
592.594: [GC [1 CMS-initial-mark: 1229466K(1756416K)] 1263520K(2063104K), 0.0202717 secs] [Times: user=0.03 sys=0.00, real=0.02 secs] 
592.615: [CMS-concurrent-mark-start]
592.770: [CMS-concurrent-mark: 0.155/0.155 secs] [Times: user=0.48 sys=0.03, real=0.16 secs] 
592.773: [CMS-concurrent-preclean-start]
592.776: [CMS-concurrent-preclean: 0.003/0.003 secs] [Times: user=0.00 sys=0.00, real=0.00 secs] 
592.776: [CMS-concurrent-abortable-preclean-start]
592.860: [GC592.861: [ParNew: 306686K->34046K(306688K), 0.2154822 secs] 1536153K->1406685K(2063104K), 0.2159091 secs] [Times: user=0.70 sys=0.00, real=0.22 secs] 
593.276: [CMS-concurrent-abortable-preclean: 0.261/0.500 secs] [Times: user=1.48 sys=0.02, real=0.50 secs] 
593.283: [GC[YG occupancy: 259225 K (306688 K)]593.283: [Rescan (parallel) , 0.0538456 secs]593.337: [weak refs processing, 0.0000128 secs]593.337: [scrub string table, 0.0001892 secs] [1 CMS-remark: 1372638K(1756416K)] 1631864K(2063104K), 0.0543245 secs] [Times: user=0.14 sys=0.00, real=0.05 secs] 
593.337: [CMS-concurrent-sweep-start]
593.372: [GC593.373: [ParNew: 306686K->34046K(306688K), 0.0934763 secs] 1646179K->1433739K(2063104K), 0.0940687 secs] [Times: user=0.25 sys=0.00, real=0.09 secs] 
593.712: [GC593.712: [ParNew: 306686K->34046K(306688K), 0.2069405 secs] 1470029K->1338476K(2063104K), 0.2074658 secs] [Times: user=0.70 sys=0.00, real=0.21 secs] 
594.181: [GC594.182: [ParNew: 306686K->34046K(306688K), 0.1694558 secs] 1401787K->1252449K(2063104K), 0.1698797 secs] [Times: user=0.56 sys=0.00, real=0.17 secs] 
594.592: [GC594.592: [ParNew: 306686K->34048K(306688K), 0.1499483 secs] 1321213K->1158736K(2063104K), 0.1504352 secs] [Times: user=0.56 sys=0.00, real=0.15 secs] 
594.993: [GC594.993: [ParNew: 306688K->34047K(306688K), 0.2212363 secs] 1218902K->1111283K(2063104K), 0.2216817 secs] [Times: user=0.75 sys=0.00, real=0.22 secs] 
595.457: [CMS-concurrent-sweep: 1.227/2.120 secs] [Times: user=6.54 sys=0.14, real=2.12 secs] 
595.457: [CMS-concurrent-reset-start]
595.459: [CMS-concurrent-reset: 0.002/0.002 secs] [Times: user=0.00 sys=0.00, real=0.00 secs] 
595.459: [GC595.460: [ParNew: 306687K->34047K(306688K), 0.1241631 secs] 1234246K->1046817K(2063104K), 0.1247057 secs] [Times: user=0.41 sys=0.00, real=0.13 secs] 
595.585: [GC [1 CMS-initial-mark: 1012769K(1756416K)] 1046819K(2063104K), 0.0204007 secs] [Times: user=0.02 sys=0.00, real=0.02 secs] 
595.605: [CMS-concurrent-mark-start]
595.771: [CMS-concurrent-mark: 0.166/0.166 secs] [Times: user=0.50 sys=0.06, real=0.17 secs] 
595.771: [CMS-concurrent-preclean-start]
595.774: [CMS-concurrent-preclean: 0.003/0.003 secs] [Times: user=0.00 sys=0.00, real=0.00 secs] 
595.774: [CMS-concurrent-abortable-preclean-start]
595.857: [GC595.858: [ParNew: 306687K->34047K(306688K), 0.2367418 secs] 1319457K->1214838K(2063104K), 0.2371706 secs] [Times: user=0.80 sys=0.00, real=0.24 secs] 
596.321: [CMS-concurrent-abortable-preclean: 0.284/0.547 secs] [Times: user=1.68 sys=0.06, real=0.55 secs] 
596.322: [GC[YG occupancy: 270880 K (306688 K)]596.322: [Rescan (parallel) , 0.0498671 secs]596.372: [weak refs processing, 0.0000170 secs]596.372: [scrub string table, 0.0001911 secs] [1 CMS-remark: 1180791K(1756416K)] 1451672K(2063104K), 0.0502949 secs] [Times: user=0.22 sys=0.00, real=0.05 secs] 
596.372: [CMS-concurrent-sweep-start]
596.402: [GC596.402: [ParNew: 306687K->34047K(306688K), 0.1588787 secs] 1459727K->1293710K(2063104K), 0.1593624 secs] [Times: user=0.48 sys=0.00, real=0.16 secs] 
596.809: [GC596.809: [ParNew: 306687K->34047K(306688K), 0.2044527 secs] 1330969K->1211365K(2063104K), 0.2048876 secs] [Times: user=0.72 sys=0.00, real=0.21 secs] 
597.272: [GC597.273: [ParNew: 306687K->34046K(306688K), 0.1864876 secs] 1285812K->1135436K(2063104K), 0.1869491 secs] [Times: user=0.62 sys=0.00, real=0.19 secs] 
597.703: [GC597.703: [ParNew: 306686K->34046K(306688K), 0.1784279 secs] 1231476K->1089946K(2063104K), 0.1788625 secs] [Times: user=0.62 sys=0.00, real=0.18 secs] 
598.145: [GC598.145: [ParNew: 306686K->34046K(306688K), 0.1898955 secs] 1246231K->1109192K(2063104K), 0.1903394 secs] [Times: user=0.67 sys=0.00, real=0.19 secs] 
598.449: [CMS-concurrent-sweep: 1.109/2.077 secs] [Times: user=6.65 sys=0.23, real=2.08 secs] 
598.449: [CMS-concurrent-reset-start]
598.451: [CMS-concurrent-reset: 0.002/0.002 secs] [Times: user=0.00 sys=0.00, real=0.00 secs] 
598.589: [GC598.589: [ParNew: 306686K->34046K(306688K), 0.1895203 secs] 1312440K->1188443K(2063104K), 0.1899703 secs] [Times: user=0.62 sys=0.00, real=0.19 secs] 
598.779: [GC [1 CMS-initial-mark: 1154396K(1756416K)] 1188449K(2063104K), 0.0201614 secs] [Times: user=0.02 sys=0.00, real=0.02 secs] 
598.799: [CMS-concurrent-mark-start]
598.963: [CMS-concurrent-mark: 0.163/0.163 secs] [Times: user=0.56 sys=0.02, real=0.17 secs] 
598.963: [CMS-concurrent-preclean-start]
598.966: [CMS-concurrent-preclean: 0.003/0.003 secs] [Times: user=0.00 sys=0.00, real=0.00 secs] 
598.966: [CMS-concurrent-abortable-preclean-start]
599.054: [GC599.054: [ParNew: 306686K->34046K(306688K), 0.2537130 secs] 1461083K->1369642K(2063104K), 0.2541601 secs] [Times: user=0.95 sys=0.00, real=0.25 secs] 
599.549: [GC599.549: [ParNew: 306686K->34046K(306688K), 0.1157676 secs] 1642282K->1445789K(2063104K), 0.1162759 secs] [Times: user=0.44 sys=0.00, real=0.12 secs] 
599.763: [CMS-concurrent-abortable-preclean: 0.402/0.797 secs] [Times: user=2.53 sys=0.08, real=0.80 secs] 
599.763: [GC[YG occupancy: 142204 K (306688 K)]599.763: [Rescan (parallel) , 0.0324013 secs]599.796: [weak refs processing, 0.0000144 secs]599.796: [scrub string table, 0.0001713 secs] [1 CMS-remark: 1411743K(1756416K)] 1553947K(2063104K), 0.0327833 secs] [Times: user=0.13 sys=0.00, real=0.03 secs] 
599.796: [CMS-concurrent-sweep-start]
599.950: [GC599.950: [ParNew: 306686K->34046K(306688K), 0.2333235 secs] 1570304K->1461958K(2063104K), 0.2337870 secs] [Times: user=0.73 sys=0.00, real=0.23 secs] 
600.441: [GC600.442: [ParNew: 306686K->34046K(306688K), 0.1497594 secs] 1528705K->1354686K(2063104K), 0.1502312 secs] [Times: user=0.55 sys=0.00, real=0.15 secs] 
600.841: [GC600.841: [ParNew: 306686K->34046K(306688K), 0.2205409 secs] 1427112K->1317490K(2063104K), 0.2209842 secs] [Times: user=0.76 sys=0.00, real=0.22 secs] 
601.325: [GC601.326: [ParNew: 306686K->34048K(306688K), 0.1765886 secs] 1394965K->1253707K(2063104K), 0.1770151 secs] [Times: user=0.62 sys=0.00, real=0.18 secs] 
601.744: [GC601.744: [ParNew: 306688K->34047K(306688K), 0.1654019 secs] 1358604K->1202440K(2063104K), 0.1658926 secs] [Times: user=0.55 sys=0.00, real=0.17 secs] 
601.995: [CMS-concurrent-sweep: 1.190/2.198 secs] [Times: user=7.05 sys=0.23, real=2.20 secs] 
601.995: [CMS-concurrent-reset-start]
601.997: [CMS-concurrent-reset: 0.002/0.002 secs] [Times: user=0.00 sys=0.00, real=0.00 secs] 
602.120: [GC [1 CMS-initial-mark: 1119397K(1756416K)] 1344208K(2063104K), 0.1356461 secs] [Times: user=0.14 sys=0.00, real=0.14 secs] 
602.256: [CMS-concurrent-mark-start]
602.320: [GC602.321: [ParNew: 306687K->34047K(306688K), 0.2218132 secs] 1426084K->1311068K(2063104K), 0.2222978 secs] [Times: user=0.76 sys=0.00, real=0.22 secs] 
602.787: [GC602.787: [ParNew: 306687K->34047K(306688K), 0.1959132 secs] 1583708K->1448642K(2063104K), 0.1963500 secs] [Times: user=0.69 sys=0.00, real=0.20 secs] 
603.242: [GC603.242: [ParNew: 306687K->34047K(306688K), 0.1829038 secs] 1721282K->1570749K(2063104K), 0.1833548 secs] [Times: user=0.66 sys=0.00, real=0.18 secs] 
603.610: [CMS-concurrent-mark: 0.727/1.354 secs] [Times: user=4.41 sys=0.17, real=1.35 secs] 
603.610: [CMS-concurrent-preclean-start]
603.617: [CMS-concurrent-preclean: 0.007/0.007 secs] [Times: user=0.00 sys=0.00, real=0.01 secs] 
603.617: [CMS-concurrent-abortable-preclean-start]
603.661: [GC603.662: [ParNew: 306687K->34047K(306688K), 0.1649528 secs] 1843389K->1679592K(2063104K), 0.1654160 secs] [Times: user=0.58 sys=0.00, real=0.17 secs] 
603.959: [CMS-concurrent-abortable-preclean: 0.176/0.342 secs] [Times: user=1.22 sys=0.03, real=0.34 secs] 
603.960: [GC[YG occupancy: 175854 K (306688 K)]603.960: [Rescan (parallel) , 0.0957999 secs]604.056: [weak refs processing, 0.0000131 secs]604.056: [scrub string table, 0.0001600 secs] [1 CMS-remark: 1645545K(1756416K)] 1821399K(2063104K), 0.0961909 secs] [Times: user=0.31 sys=0.00, real=0.10 secs] 
604.056: [CMS-concurrent-sweep-start]
604.186: [GC604.186: [ParNew: 306687K->34046K(306688K), 0.1826069 secs] 1850004K->1708720K(2063104K), 0.1830479 secs] [Times: user=0.64 sys=0.00, real=0.18 secs] 
604.603: [GC604.604: [ParNew: 306686K->34046K(306688K), 0.1736184 secs] 1763892K->1606065K(2063104K), 0.1740485 secs] [Times: user=0.56 sys=0.00, real=0.17 secs] 
605.030: [GC605.031: [ParNew: 306686K->34046K(306688K), 0.2214800 secs] 1645283K->1536334K(2063104K), 0.2219085 secs] [Times: user=0.78 sys=0.00, real=0.22 secs] 
Heap
 par new generation   total 306688K, used 39351K [0x000000077ae00000, 0x000000078fac0000, 0x000000078fac0000)
  eden space 272640K,   1% used [0x000000077ae00000, 0x000000077b32e3f0, 0x000000078b840000)
  from space 34048K,  99% used [0x000000078b840000, 0x000000078d97fae0, 0x000000078d980000)
  to   space 34048K,   0% used [0x000000078d980000, 0x000000078d980000, 0x000000078fac0000)
 concurrent mark-sweep generation total 1756416K, used 1500290K [0x000000078fac0000, 0x00000007fae00000, 0x00000007fae00000)
 concurrent-mark-sweep perm gen total 21248K, used 7351K [0x00000007fae00000, 0x00000007fc2c0000, 0x0000000800000000)
