0.067: [GC [PSYoungGen: 65536K->736K(76288K)] 65536K->744K(249856K), 0.0012412 secs] [Times: user=0.00 sys=0.00, real=0.00 secs] 
0.108: [GC [PSYoungGen: 66272K->5792K(76800K)] 66280K->5800K(250368K), 0.0053595 secs] [Times: user=0.00 sys=0.00, real=0.01 secs] 
0.166: [GC [PSYoungGen: 71840K->10752K(76800K)] 71848K->33028K(250368K), 0.0252432 secs] [Times: user=0.11 sys=0.02, real=0.03 secs] 
0.244: [GC [PSYoungGen: 76800K->10752K(76800K)] 99076K->77688K(250368K), 0.0424751 secs] [Times: user=0.17 sys=0.00, real=0.04 secs] 
0.341: [GC [PSYoungGen: 76800K->10752K(76800K)] 143736K->128616K(250368K), 0.0522638 secs] [Times: user=0.19 sys=0.00, real=0.05 secs] 
0.394: [Full GC [PSYoungGen: 10752K->0K(76800K)] [ParOldGen: 117864K->113290K(174592K)] 128616K->113290K(251392K) [PSPermGen: 2603K->2602K(21504K)], 0.5175629 secs] [Times: user=1.81 sys=0.00, real=0.52 secs] 
0.970: [Full GC [PSYoungGen: 66048K->0K(76800K)] [ParOldGen: 113290K->120489K(174592K)] 179338K->120489K(251392K) [PSPermGen: 2602K->2602K(21504K)], 0.4113204 secs] [Times: user=1.42 sys=0.01, real=0.41 secs] 
1.448: [Full GC [PSYoungGen: 66048K->0K(76800K)] [ParOldGen: 120489K->154213K(174592K)] 186537K->154213K(251392K) [PSPermGen: 2602K->2602K(21504K)], 0.5312355 secs] [Times: user=1.93 sys=0.00, real=0.53 secs] 
2.045: [Full GC [PSYoungGen: 66048K->2905K(76800K)] [ParOldGen: 154213K->174353K(174592K)] 220261K->177259K(251392K) [PSPermGen: 2602K->2602K(21504K)], 0.6722592 secs] [Times: user=2.43 sys=0.00, real=0.67 secs] 
2.780: [Full GC [PSYoungGen: 66048K->17731K(76800K)] [ParOldGen: 174353K->174535K(174592K)] 240401K->192267K(251392K) [PSPermGen: 2602K->2602K(21504K)], 0.7358524 secs] [Times: user=2.65 sys=0.00, real=0.74 secs] 
3.567: [Full GC [PSYoungGen: 66048K->14336K(76800K)] [ParOldGen: 174535K->174400K(174592K)] 240583K->188736K(251392K) [PSPermGen: 2602K->2602K(21504K)], 0.7583580 secs] [Times: user=2.81 sys=0.00, real=0.76 secs] 
4.373: [Full GC [PSYoungGen: 66048K->5070K(76800K)] [ParOldGen: 174400K->174534K(174592K)] 240448K->179604K(251392K) [PSPermGen: 2602K->2602K(21504K)], 0.8051564 secs] [Times: user=2.92 sys=0.00, real=0.81 secs] 
5.242: [Full GC [PSYoungGen: 66048K->0K(76800K)] [ParOldGen: 174534K->162198K(174592K)] 240582K->162198K(251392K) [PSPermGen: 2602K->2602K(21504K)], 0.6635763 secs] [Times: user=2.42 sys=0.00, real=0.66 secs] 
5.972: [Full GC [PSYoungGen: 66048K->0K(76800K)] [ParOldGen: 162198K->151189K(174592K)] 228246K->151189K(251392K) [PSPermGen: 2602K->2602K(21504K)], 0.6351256 secs] [Times: user=2.28 sys=0.00, real=0.64 secs] 
6.675: [Full GC [PSYoungGen: 66048K->0K(76800K)] [ParOldGen: 151189K->150087K(174592K)] 217237K->150087K(251392K) [PSPermGen: 2602K->2602K(21504K)], 0.6247048 secs] [Times: user=2.23 sys=0.00, real=0.63 secs] 
7.372: [Full GC [PSYoungGen: 66048K->0K(76800K)] [ParOldGen: 150087K->166079K(174592K)] 216135K->166079K(251392K) [PSPermGen: 2602K->2602K(21504K)], 0.6919517 secs] [Times: user=2.54 sys=0.00, real=0.69 secs] 
8.135: [Full GC [PSYoungGen: 66048K->0K(76800K)] [ParOldGen: 166079K->172569K(174592K)] 232127K->172569K(251392K) [PSPermGen: 2602K->2602K(21504K)], 0.7069918 secs] [Times: user=2.56 sys=0.00, real=0.71 secs] 
8.910: [Full GC [PSYoungGen: 66048K->0K(76800K)] [ParOldGen: 172569K->167975K(174592K)] 238617K->167975K(251392K) [PSPermGen: 2602K->2602K(21504K)], 0.7840428 secs] [Times: user=2.54 sys=0.00, real=0.78 secs] 
9.763: [Full GC [PSYoungGen: 66048K->0K(76800K)] [ParOldGen: 167975K->165977K(174592K)] 234023K->165977K(251392K) [PSPermGen: 2602K->2602K(21504K)], 0.7211118 secs] [Times: user=2.57 sys=0.00, real=0.72 secs] 
10.554: [Full GC [PSYoungGen: 66048K->0K(76800K)] [ParOldGen: 165977K->162748K(174592K)] 232025K->162748K(251392K) [PSPermGen: 2602K->2602K(21504K)], 0.6645019 secs] [Times: user=2.40 sys=0.00, real=0.66 secs] 
11.290: [Full GC [PSYoungGen: 66048K->0K(76800K)] [ParOldGen: 162748K->159431K(174592K)] 228796K->159431K(251392K) [PSPermGen: 2602K->2602K(21504K)], 0.6439233 secs] [Times: user=2.40 sys=0.00, real=0.64 secs] 
12.002: [Full GC [PSYoungGen: 66048K->0K(76800K)] [ParOldGen: 159431K->167640K(174592K)] 225479K->167640K(251392K) [PSPermGen: 2602K->2602K(21504K)], 0.6851527 secs] [Times: user=2.57 sys=0.00, real=0.68 secs] 
12.754: [Full GC [PSYoungGen: 66048K->0K(76800K)] [ParOldGen: 167640K->167634K(174592K)] 233688K->167634K(251392K) [PSPermGen: 2602K->2602K(21504K)], 0.7073517 secs] [Times: user=2.61 sys=0.00, real=0.71 secs] 
13.528: [Full GC [PSYoungGen: 66048K->0K(76800K)] [ParOldGen: 167634K->168882K(174592K)] 233682K->168882K(251392K) [PSPermGen: 2602K->2602K(21504K)], 0.7348235 secs] [Times: user=2.59 sys=0.00, real=0.73 secs] 
14.334: [Full GC [PSYoungGen: 66048K->0K(76800K)] [ParOldGen: 168882K->166290K(174592K)] 234930K->166290K(251392K) [PSPermGen: 2602K->2602K(21504K)], 0.7098895 secs] [Times: user=2.42 sys=0.00, real=0.71 secs] 
15.115: [Full GC [PSYoungGen: 66048K->0K(76800K)] [ParOldGen: 166290K->164962K(174592K)] 232338K->164962K(251392K) [PSPermGen: 2602K->2602K(21504K)], 0.6967153 secs] [Times: user=2.43 sys=0.01, real=0.70 secs] 
15.881: [Full GC [PSYoungGen: 66048K->0K(76800K)] [ParOldGen: 164962K->159685K(174592K)] 231010K->159685K(251392K) [PSPermGen: 2602K->2602K(21504K)], 0.6772117 secs] [Times: user=2.43 sys=0.00, real=0.68 secs] 
16.620: [Full GC [PSYoungGen: 66048K->0K(76800K)] [ParOldGen: 159685K->158368K(174592K)] 225733K->158368K(251392K) [PSPermGen: 2602K->2602K(21504K)], 0.6819048 secs] [Times: user=2.40 sys=0.00, real=0.68 secs] 
17.373: [Full GC [PSYoungGen: 66048K->0K(76800K)] [ParOldGen: 158368K->168488K(174592K)] 224416K->168488K(251392K) [PSPermGen: 2602K->2602K(21504K)], 0.6953956 secs] [Times: user=2.60 sys=0.00, real=0.70 secs] 
18.136: [Full GC [PSYoungGen: 66048K->0K(76800K)] [ParOldGen: 168488K->167168K(174592K)] 234536K->167168K(251392K) [PSPermGen: 2602K->2602K(21504K)], 0.6646697 secs] [Times: user=2.43 sys=0.00, real=0.66 secs] 
18.867: [Full GC [PSYoungGen: 66047K->0K(76800K)] [ParOldGen: 167168K->170428K(174592K)] 233216K->170428K(251392K) [PSPermGen: 2602K->2602K(21504K)], 0.7234316 secs] [Times: user=2.64 sys=0.00, real=0.72 secs] 
19.657: [Full GC [PSYoungGen: 66048K->0K(76800K)] [ParOldGen: 170428K->163891K(174592K)] 236476K->163891K(251392K) [PSPermGen: 2602K->2602K(21504K)], 0.6892060 secs] [Times: user=2.51 sys=0.00, real=0.69 secs] 
20.417: [Full GC [PSYoungGen: 66048K->0K(76800K)] [ParOldGen: 163891K->159623K(174592K)] 229939K->159623K(251392K) [PSPermGen: 2602K->2602K(21504K)], 0.6533059 secs] [Times: user=2.34 sys=0.00, real=0.65 secs] 
21.141: [Full GC [PSYoungGen: 66048K->0K(76800K)] [ParOldGen: 159623K->160908K(174592K)] 225671K->160908K(251392K) [PSPermGen: 2602K->2602K(21504K)], 0.6664304 secs] [Times: user=2.34 sys=0.00, real=0.67 secs] 
21.877: [Full GC [PSYoungGen: 66048K->0K(76800K)] [ParOldGen: 160908K->169467K(174592K)] 226956K->169467K(251392K) [PSPermGen: 2602K->2602K(21504K)], 0.7047083 secs] [Times: user=2.54 sys=0.00, real=0.71 secs] 
22.648: [Full GC [PSYoungGen: 66048K->0K(76800K)] [ParOldGen: 169467K->164206K(174592K)] 235515K->164206K(251392K) [PSPermGen: 2602K->2602K(21504K)], 0.6906553 secs] [Times: user=2.51 sys=0.00, real=0.69 secs] 
23.412: [Full GC [PSYoungGen: 66048K->0K(76800K)] [ParOldGen: 164206K->163448K(174592K)] 230254K->163448K(251392K) [PSPermGen: 2602K->2602K(21504K)], 0.6162301 secs] [Times: user=2.12 sys=0.00, real=0.62 secs] 
24.098: [Full GC [PSYoungGen: 66048K->0K(76800K)] [ParOldGen: 163448K->164338K(174592K)] 229496K->164338K(251392K) [PSPermGen: 2602K->2602K(21504K)], 0.6876768 secs] [Times: user=2.53 sys=0.00, real=0.69 secs] 
24.849: [Full GC [PSYoungGen: 66048K->0K(76800K)] [ParOldGen: 164338K->164116K(174592K)] 230386K->164116K(251392K) [PSPermGen: 2602K->2602K(21504K)], 0.7009584 secs] [Times: user=2.34 sys=0.00, real=0.70 secs] 
25.614: [Full GC [PSYoungGen: 66048K->0K(76800K)] [ParOldGen: 164116K->163922K(174592K)] 230164K->163922K(251392K) [PSPermGen: 2602K->2602K(21504K)], 0.7057680 secs] [Times: user=2.40 sys=0.00, real=0.70 secs] 
26.386: [Full GC [PSYoungGen: 66048K->0K(76800K)] [ParOldGen: 163922K->159875K(174592K)] 229970K->159875K(251392K) [PSPermGen: 2602K->2602K(21504K)], 0.7033237 secs] [Times: user=2.45 sys=0.00, real=0.70 secs] 
27.152: [Full GC [PSYoungGen: 66048K->0K(76800K)] [ParOldGen: 159875K->162054K(174592K)] 225923K->162054K(251392K) [PSPermGen: 2602K->2602K(21504K)], 0.7690912 secs] [Times: user=2.48 sys=0.00, real=0.77 secs] 
27.990: [Full GC [PSYoungGen: 66048K->0K(76800K)] [ParOldGen: 162054K->166582K(174592K)] 228102K->166582K(251392K) [PSPermGen: 2602K->2602K(21504K)], 0.7080778 secs] [Times: user=2.56 sys=0.00, real=0.71 secs] 
28.763: [Full GC [PSYoungGen: 66048K->0K(76800K)] [ParOldGen: 166582K->163850K(174592K)] 232630K->163850K(251392K) [PSPermGen: 2602K->2602K(21504K)], 0.7398823 secs] [Times: user=2.46 sys=0.00, real=0.74 secs] 
29.560: [Full GC [PSYoungGen: 66048K->0K(76800K)] [ParOldGen: 163850K->165232K(174592K)] 229898K->165232K(251392K) [PSPermGen: 2602K->2602K(21504K)], 0.7235477 secs] [Times: user=2.37 sys=0.02, real=0.72 secs] 
30.351: [Full GC [PSYoungGen: 66048K->0K(76800K)] [ParOldGen: 165232K->165278K(174592K)] 231280K->165278K(251392K) [PSPermGen: 2602K->2602K(21504K)], 0.6808179 secs] [Times: user=2.23 sys=0.00, real=0.68 secs] 
31.097: [Full GC [PSYoungGen: 66048K->0K(76800K)] [ParOldGen: 165278K->165099K(174592K)] 231326K->165099K(251392K) [PSPermGen: 2602K->2602K(21504K)], 0.6717329 secs] [Times: user=2.42 sys=0.00, real=0.67 secs] 
31.831: [Full GC [PSYoungGen: 66047K->0K(76800K)] [ParOldGen: 165099K->164064K(174592K)] 231147K->164064K(251392K) [PSPermGen: 2602K->2602K(21504K)], 0.6791575 secs] [Times: user=2.39 sys=0.00, real=0.68 secs] 
32.579: [Full GC [PSYoungGen: 66048K->0K(76800K)] [ParOldGen: 164064K->159090K(174592K)] 230112K->159090K(251392K) [PSPermGen: 2602K->2602K(21504K)], 0.6617710 secs] [Times: user=2.20 sys=0.02, real=0.66 secs] 
33.310: [Full GC [PSYoungGen: 66048K->0K(76800K)] [ParOldGen: 159090K->159701K(174592K)] 225138K->159701K(251392K) [PSPermGen: 2602K->2602K(21504K)], 0.6560461 secs] [Times: user=2.31 sys=0.00, real=0.66 secs] 
34.032: [Full GC [PSYoungGen: 66048K->0K(76800K)] [ParOldGen: 159701K->159627K(174592K)] 225749K->159627K(251392K) [PSPermGen: 2602K->2602K(21504K)], 0.6752444 secs] [Times: user=2.35 sys=0.00, real=0.68 secs] 
34.767: [Full GC [PSYoungGen: 66048K->0K(76800K)] [ParOldGen: 159627K->162268K(174592K)] 225675K->162268K(251392K) [PSPermGen: 2602K->2602K(21504K)], 0.6861739 secs] [Times: user=2.43 sys=0.00, real=0.69 secs] 
35.519: [Full GC [PSYoungGen: 66048K->0K(76800K)] [ParOldGen: 162268K->165749K(174592K)] 228316K->165749K(251392K) [PSPermGen: 2602K->2602K(21504K)], 0.6897528 secs] [Times: user=2.42 sys=0.00, real=0.69 secs] 
36.279: [Full GC [PSYoungGen: 66048K->0K(76800K)] [ParOldGen: 165749K->169298K(174592K)] 231797K->169298K(251392K) [PSPermGen: 2602K->2602K(21504K)], 0.7082943 secs] [Times: user=2.59 sys=0.00, real=0.71 secs] 
37.055: [Full GC [PSYoungGen: 66048K->0K(76800K)] [ParOldGen: 169298K->164029K(174592K)] 235346K->164029K(251392K) [PSPermGen: 2602K->2602K(21504K)], 0.6823442 secs] [Times: user=2.48 sys=0.00, real=0.68 secs] 
37.807: [Full GC [PSYoungGen: 66048K->0K(76800K)] [ParOldGen: 164029K->164995K(174592K)] 230077K->164995K(251392K) [PSPermGen: 2602K->2602K(21504K)], 0.7229136 secs] [Times: user=2.64 sys=0.00, real=0.72 secs] 
38.598: [Full GC [PSYoungGen: 66048K->0K(76800K)] [ParOldGen: 164995K->162651K(174592K)] 231043K->162651K(251392K) [PSPermGen: 2602K->2602K(21504K)], 0.6854318 secs] [Times: user=2.54 sys=0.00, real=0.69 secs] 
39.349: [Full GC [PSYoungGen: 66048K->0K(76800K)] [ParOldGen: 162651K->161662K(174592K)] 228699K->161662K(251392K) [PSPermGen: 2602K->2602K(21504K)], 0.6762524 secs] [Times: user=2.50 sys=0.00, real=0.68 secs] 
40.094: [Full GC [PSYoungGen: 66048K->0K(76800K)] [ParOldGen: 161662K->162963K(174592K)] 227710K->162963K(251392K) [PSPermGen: 2602K->2602K(21504K)], 0.6723272 secs] [Times: user=2.42 sys=0.00, real=0.67 secs] 
40.835: [Full GC [PSYoungGen: 66048K->0K(76800K)] [ParOldGen: 162963K->162281K(174592K)] 229011K->162281K(251392K) [PSPermGen: 2602K->2602K(21504K)], 0.6804256 secs] [Times: user=2.50 sys=0.00, real=0.68 secs] 
41.585: [Full GC [PSYoungGen: 66048K->0K(76800K)] [ParOldGen: 162281K->164904K(174592K)] 228329K->164904K(251392K) [PSPermGen: 2602K->2602K(21504K)], 0.6848201 secs] [Times: user=2.47 sys=0.00, real=0.69 secs] 
42.333: [Full GC [PSYoungGen: 66048K->0K(76800K)] [ParOldGen: 164904K->160657K(174592K)] 230952K->160657K(251392K) [PSPermGen: 2602K->2602K(21504K)], 0.6759353 secs] [Times: user=2.51 sys=0.00, real=0.68 secs] 
43.080: [Full GC [PSYoungGen: 66048K->0K(76800K)] [ParOldGen: 160657K->164593K(174592K)] 226705K->164593K(251392K) [PSPermGen: 2602K->2602K(21504K)], 0.6728416 secs] [Times: user=2.51 sys=0.00, real=0.67 secs] 
43.817: [Full GC [PSYoungGen: 66048K->0K(76800K)] [ParOldGen: 164593K->164589K(174592K)] 230641K->164589K(251392K) [PSPermGen: 2602K->2602K(21504K)], 0.7338412 secs] [Times: user=2.53 sys=0.00, real=0.73 secs] 
44.620: [Full GC [PSYoungGen: 66048K->1190K(76800K)] [ParOldGen: 164589K->174445K(174592K)] 230637K->175636K(251392K) [PSPermGen: 2602K->2602K(21504K)], 0.7162956 secs] [Times: user=2.68 sys=0.00, real=0.72 secs] 
45.398: [Full GC [PSYoungGen: 66048K->0K(76800K)] [ParOldGen: 174445K->168824K(174592K)] 240493K->168824K(251392K) [PSPermGen: 2602K->2602K(21504K)], 0.7010271 secs] [Times: user=2.54 sys=0.00, real=0.70 secs] 
46.160: [Full GC [PSYoungGen: 66048K->0K(76800K)] [ParOldGen: 168824K->163496K(174592K)] 234872K->163496K(251392K) [PSPermGen: 2602K->2602K(21504K)], 0.6937509 secs] [Times: user=2.37 sys=0.00, real=0.69 secs] 
46.925: [Full GC [PSYoungGen: 66048K->0K(76800K)] [ParOldGen: 163496K->163383K(174592K)] 229544K->163383K(251392K) [PSPermGen: 2602K->2602K(21504K)], 0.6841014 secs] [Times: user=2.43 sys=0.00, real=0.68 secs] 
47.675: [Full GC [PSYoungGen: 66048K->0K(76800K)] [ParOldGen: 163383K->162612K(174592K)] 229431K->162612K(251392K) [PSPermGen: 2602K->2602K(21504K)], 0.6736537 secs] [Times: user=2.36 sys=0.02, real=0.67 secs] 
48.411: [Full GC [PSYoungGen: 66048K->0K(76800K)] [ParOldGen: 162612K->160269K(174592K)] 228660K->160269K(251392K) [PSPermGen: 2602K->2602K(21504K)], 0.6680330 secs] [Times: user=2.39 sys=0.00, real=0.67 secs] 
49.150: [Full GC [PSYoungGen: 66048K->0K(76800K)] [ParOldGen: 160269K->166451K(174592K)] 226317K->166451K(251392K) [PSPermGen: 2602K->2602K(21504K)], 0.6966762 secs] [Times: user=2.56 sys=0.00, real=0.70 secs] 
49.916: [Full GC [PSYoungGen: 66048K->0K(76800K)] [ParOldGen: 166451K->165114K(174592K)] 232499K->165114K(251392K) [PSPermGen: 2602K->2602K(21504K)], 0.6717171 secs] [Times: user=2.46 sys=0.00, real=0.67 secs] 
50.651: [Full GC [PSYoungGen: 66048K->0K(76800K)] [ParOldGen: 165114K->166771K(174592K)] 231162K->166771K(251392K) [PSPermGen: 2602K->2602K(21504K)], 0.6997727 secs] [Times: user=2.51 sys=0.00, real=0.70 secs] 
51.417: [Full GC [PSYoungGen: 66048K->0K(76800K)] [ParOldGen: 166771K->170054K(174592K)] 232819K->170054K(251392K) [PSPermGen: 2602K->2602K(21504K)], 0.7347119 secs] [Times: user=2.56 sys=0.00, real=0.74 secs] 
52.215: [Full GC [PSYoungGen: 66048K->0K(76800K)] [ParOldGen: 170054K->168732K(174592K)] 236102K->168732K(251392K) [PSPermGen: 2602K->2602K(21504K)], 0.7306754 secs] [Times: user=2.62 sys=0.00, real=0.73 secs] 
53.017: [Full GC [PSYoungGen: 66048K->0K(76800K)] [ParOldGen: 168732K->163776K(174592K)] 234780K->163776K(251392K) [PSPermGen: 2602K->2602K(21504K)], 0.6694837 secs] [Times: user=2.53 sys=0.00, real=0.67 secs] 
53.750: [Full GC [PSYoungGen: 66047K->0K(76800K)] [ParOldGen: 163776K->159500K(174592K)] 229824K->159500K(251392K) [PSPermGen: 2602K->2602K(21504K)], 0.6635067 secs] [Times: user=2.40 sys=0.00, real=0.66 secs] 
54.484: [Full GC [PSYoungGen: 66048K->0K(76800K)] [ParOldGen: 159500K->159750K(174592K)] 225548K->159750K(251392K) [PSPermGen: 2602K->2602K(21504K)], 0.6730719 secs] [Times: user=2.34 sys=0.00, real=0.67 secs] 
55.224: [Full GC [PSYoungGen: 66048K->0K(76800K)] [ParOldGen: 159750K->162102K(174592K)] 225798K->162102K(251392K) [PSPermGen: 2602K->2602K(21504K)], 0.6650952 secs] [Times: user=2.37 sys=0.00, real=0.66 secs] 
55.954: [Full GC [PSYoungGen: 66048K->0K(76800K)] [ParOldGen: 162102K->164705K(174592K)] 228150K->164705K(251392K) [PSPermGen: 2602K->2602K(21504K)], 0.6720597 secs] [Times: user=2.40 sys=0.00, real=0.67 secs] 
56.694: [Full GC [PSYoungGen: 66048K->0K(76800K)] [ParOldGen: 164705K->163720K(174592K)] 230753K->163720K(251392K) [PSPermGen: 2602K->2602K(21504K)], 0.6741838 secs] [Times: user=2.53 sys=0.00, real=0.67 secs] 
57.437: [Full GC [PSYoungGen: 66048K->0K(76800K)] [ParOldGen: 163720K->163716K(174592K)] 229768K->163716K(251392K) [PSPermGen: 2602K->2602K(21504K)], 0.9878983 secs] [Times: user=2.53 sys=0.00, real=0.99 secs] 
58.484: [Full GC [PSYoungGen: 66048K->0K(76800K)] [ParOldGen: 163716K->162379K(174592K)] 229764K->162379K(251392K) [PSPermGen: 2602K->2602K(21504K)], 0.7472954 secs] [Times: user=2.51 sys=0.02, real=0.75 secs] 
59.291: [Full GC [PSYoungGen: 66048K->0K(76800K)] [ParOldGen: 162379K->161343K(174592K)] 228427K->161343K(251392K) [PSPermGen: 2602K->2602K(21504K)], 0.7364884 secs] [Times: user=2.43 sys=0.00, real=0.74 secs] 
60.087: [Full GC [PSYoungGen: 66048K->0K(76800K)] [ParOldGen: 161343K->164151K(174592K)] 227391K->164151K(251392K) [PSPermGen: 2602K->2602K(21504K)], 0.6899100 secs] [Times: user=2.47 sys=0.02, real=0.69 secs] 
60.843: [Full GC [PSYoungGen: 66048K->0K(76800K)] [ParOldGen: 164151K->164366K(174592K)] 230199K->164366K(251392K) [PSPermGen: 2602K->2602K(21504K)], 0.6918606 secs] [Times: user=2.43 sys=0.00, real=0.69 secs] 
61.594: [Full GC [PSYoungGen: 66048K->0K(76800K)] [ParOldGen: 164366K->163213K(174592K)] 230414K->163213K(251392K) [PSPermGen: 2602K->2602K(21504K)], 0.4765288 secs] [Times: user=1.37 sys=0.00, real=0.48 secs] 
62.129: [Full GC [PSYoungGen: 66048K->0K(76800K)] [ParOldGen: 163213K->165561K(174592K)] 229261K->165561K(251392K) [PSPermGen: 2602K->2602K(21504K)], 0.6982814 secs] [Times: user=2.48 sys=0.00, real=0.70 secs] 
62.888: [Full GC [PSYoungGen: 66048K->0K(76800K)] [ParOldGen: 165561K->165413K(174592K)] 231609K->165413K(251392K) [PSPermGen: 2602K->2602K(21504K)], 0.6502639 secs] [Times: user=2.26 sys=0.00, real=0.65 secs] 
63.606: [Full GC [PSYoungGen: 66048K->0K(76800K)] [ParOldGen: 165413K->164322K(174592K)] 231461K->164322K(251392K) [PSPermGen: 2602K->2602K(21504K)], 0.7219697 secs] [Times: user=2.48 sys=0.00, real=0.72 secs] 
64.395: [Full GC [PSYoungGen: 66048K->0K(76800K)] [ParOldGen: 164322K->166218K(174592K)] 230370K->166218K(251392K) [PSPermGen: 2602K->2602K(21504K)], 0.6761460 secs] [Times: user=2.51 sys=0.00, real=0.68 secs] 
65.135: [Full GC [PSYoungGen: 66048K->0K(76800K)] [ParOldGen: 166218K->165894K(174592K)] 232266K->165894K(251392K) [PSPermGen: 2602K->2602K(21504K)], 0.7007734 secs] [Times: user=2.53 sys=0.00, real=0.70 secs] 
65.900: [Full GC [PSYoungGen: 66048K->0K(76800K)] [ParOldGen: 165894K->161229K(174592K)] 231942K->161229K(251392K) [PSPermGen: 2602K->2602K(21504K)], 0.7094530 secs] [Times: user=2.48 sys=0.00, real=0.71 secs] 
66.679: [Full GC [PSYoungGen: 66048K->0K(76800K)] [ParOldGen: 161229K->161530K(174592K)] 227277K->161530K(251392K) [PSPermGen: 2602K->2602K(21504K)], 0.6822958 secs] [Times: user=2.48 sys=0.00, real=0.68 secs] 
67.422: [Full GC [PSYoungGen: 66048K->0K(76800K)] [ParOldGen: 161530K->162182K(174592K)] 227578K->162182K(251392K) [PSPermGen: 2602K->2602K(21504K)], 0.6969613 secs] [Times: user=2.48 sys=0.00, real=0.70 secs] 
68.182: [Full GC [PSYoungGen: 66048K->0K(76800K)] [ParOldGen: 162182K->167040K(174592K)] 228230K->167040K(251392K) [PSPermGen: 2602K->2602K(21504K)], 0.7002124 secs] [Times: user=2.56 sys=0.00, real=0.70 secs] 
68.951: [Full GC [PSYoungGen: 66048K->0K(76800K)] [ParOldGen: 167040K->168645K(174592K)] 233088K->168645K(251392K) [PSPermGen: 2602K->2602K(21504K)], 0.7074293 secs] [Times: user=2.45 sys=0.00, real=0.71 secs] 
69.728: [Full GC [PSYoungGen: 66048K->0K(76800K)] [ParOldGen: 168645K->165351K(174592K)] 234693K->165351K(251392K) [PSPermGen: 2602K->2602K(21504K)], 0.6961111 secs] [Times: user=2.53 sys=0.00, real=0.70 secs] 
70.486: [Full GC [PSYoungGen: 66048K->0K(76800K)] [ParOldGen: 165351K->169318K(174592K)] 231399K->169318K(251392K) [PSPermGen: 2602K->2602K(21504K)], 0.7223097 secs] [Times: user=2.54 sys=0.00, real=0.72 secs] 
71.279: [Full GC [PSYoungGen: 66048K->0K(76800K)] [ParOldGen: 169318K->163027K(174592K)] 235366K->163027K(251392K) [PSPermGen: 2602K->2602K(21504K)], 0.6754426 secs] [Times: user=2.39 sys=0.00, real=0.67 secs] 
72.025: [Full GC [PSYoungGen: 66048K->0K(76800K)] [ParOldGen: 163027K->158735K(174592K)] 229075K->158735K(251392K) [PSPermGen: 2602K->2602K(21504K)], 0.6658178 secs] [Times: user=2.46 sys=0.00, real=0.67 secs] 
72.758: [Full GC [PSYoungGen: 66048K->0K(76800K)] [ParOldGen: 158735K->160589K(174592K)] 224783K->160589K(251392K) [PSPermGen: 2602K->2602K(21504K)], 0.6381086 secs] [Times: user=2.28 sys=0.00, real=0.64 secs] 
73.463: [Full GC [PSYoungGen: 66048K->0K(76800K)] [ParOldGen: 160589K->160042K(174592K)] 226637K->160042K(251392K) [PSPermGen: 2602K->2602K(21504K)], 0.6358514 secs] [Times: user=2.28 sys=0.00, real=0.63 secs] 
74.167: [Full GC [PSYoungGen: 66048K->0K(76800K)] [ParOldGen: 160042K->160554K(174592K)] 226090K->160554K(251392K) [PSPermGen: 2602K->2602K(21504K)], 0.6246317 secs] [Times: user=2.25 sys=0.00, real=0.62 secs] 
74.861: [Full GC [PSYoungGen: 66048K->0K(76800K)] [ParOldGen: 160554K->161916K(174592K)] 226602K->161916K(251392K) [PSPermGen: 2602K->2602K(21504K)], 0.6779523 secs] [Times: user=2.12 sys=0.00, real=0.68 secs] 
75.602: [Full GC [PSYoungGen: 66048K->0K(76800K)] [ParOldGen: 161916K->159553K(174592K)] 227964K->159553K(251392K) [PSPermGen: 2602K->2602K(21504K)], 0.6637607 secs] [Times: user=2.37 sys=0.00, real=0.66 secs] 
76.330: [Full GC [PSYoungGen: 66048K->0K(76800K)] [ParOldGen: 159553K->158915K(174592K)] 225601K->158915K(251392K) [PSPermGen: 2602K->2602K(21504K)], 0.4222008 secs] [Times: user=1.47 sys=0.00, real=0.42 secs] 
76.822: [Full GC [PSYoungGen: 66048K->0K(76800K)] [ParOldGen: 158915K->165740K(174592K)] 224963K->165740K(251392K) [PSPermGen: 2602K->2602K(21504K)], 0.6815972 secs] [Times: user=2.29 sys=0.00, real=0.68 secs] 
77.567: [Full GC [PSYoungGen: 66048K->0K(76800K)] [ParOldGen: 165740K->167523K(174592K)] 231788K->167523K(251392K) [PSPermGen: 2602K->2602K(21504K)], 0.6993850 secs] [Times: user=2.48 sys=0.00, real=0.70 secs] 
78.334: [Full GC [PSYoungGen: 66048K->0K(76800K)] [ParOldGen: 167523K->163778K(174592K)] 233571K->163778K(251392K) [PSPermGen: 2602K->2602K(21504K)], 0.6915610 secs] [Times: user=2.43 sys=0.00, real=0.69 secs] 
79.095: [Full GC [PSYoungGen: 66048K->0K(76800K)] [ParOldGen: 163778K->163063K(174592K)] 229826K->163063K(251392K) [PSPermGen: 2602K->2602K(21504K)], 0.7181692 secs] [Times: user=2.48 sys=0.00, real=0.72 secs] 
79.874: [Full GC [PSYoungGen: 66048K->0K(76800K)] [ParOldGen: 163063K->163014K(174592K)] 229111K->163014K(251392K) [PSPermGen: 2602K->2602K(21504K)], 0.6650324 secs] [Times: user=2.20 sys=0.00, real=0.66 secs] 
80.609: [Full GC [PSYoungGen: 66048K->0K(76800K)] [ParOldGen: 163014K->160000K(174592K)] 229062K->160000K(251392K) [PSPermGen: 2602K->2602K(21504K)], 0.6636061 secs] [Times: user=2.29 sys=0.00, real=0.66 secs] 
81.337: [Full GC [PSYoungGen: 66048K->0K(76800K)] [ParOldGen: 160000K->158153K(174592K)] 226048K->158153K(251392K) [PSPermGen: 2602K->2602K(21504K)], 0.4281739 secs] [Times: user=1.37 sys=0.00, real=0.43 secs] 
81.834: [Full GC [PSYoungGen: 66048K->0K(76800K)] [ParOldGen: 158153K->165156K(174592K)] 224201K->165156K(251392K) [PSPermGen: 2602K->2602K(21504K)], 0.6989966 secs] [Times: user=2.50 sys=0.00, real=0.70 secs] 
82.598: [Full GC [PSYoungGen: 66048K->0K(76800K)] [ParOldGen: 165156K->165389K(174592K)] 231204K->165389K(251392K) [PSPermGen: 2602K->2602K(21504K)], 0.6968362 secs] [Times: user=2.50 sys=0.00, real=0.70 secs] 
83.364: [Full GC [PSYoungGen: 66048K->0K(76800K)] [ParOldGen: 165389K->165966K(174592K)] 231437K->165966K(251392K) [PSPermGen: 2602K->2602K(21504K)], 0.6949530 secs] [Times: user=2.51 sys=0.00, real=0.69 secs] 
84.120: [Full GC [PSYoungGen: 66048K->0K(76800K)] [ParOldGen: 165966K->168541K(174592K)] 232014K->168541K(251392K) [PSPermGen: 2602K->2602K(21504K)], 0.8109836 secs] [Times: user=2.61 sys=0.00, real=0.81 secs] 
84.990: [Full GC [PSYoungGen: 66048K->0K(76800K)] [ParOldGen: 168541K->168374K(174592K)] 234589K->168374K(251392K) [PSPermGen: 2602K->2602K(21504K)], 0.7863350 secs] [Times: user=2.47 sys=0.00, real=0.79 secs] 
85.847: [Full GC [PSYoungGen: 66048K->0K(76800K)] [ParOldGen: 168374K->162760K(174592K)] 234422K->162760K(251392K) [PSPermGen: 2602K->2602K(21504K)], 0.7714831 secs] [Times: user=2.59 sys=0.00, real=0.77 secs] 
86.683: [Full GC [PSYoungGen: 66048K->0K(76800K)] [ParOldGen: 162760K->161544K(174592K)] 228808K->161544K(251392K) [PSPermGen: 2602K->2602K(21504K)], 0.6904228 secs] [Times: user=2.56 sys=0.00, real=0.69 secs] 
87.438: [Full GC [PSYoungGen: 66048K->0K(76800K)] [ParOldGen: 161544K->163712K(174592K)] 227592K->163712K(251392K) [PSPermGen: 2602K->2602K(21504K)], 0.6531699 secs] [Times: user=2.39 sys=0.00, real=0.65 secs] 
88.149: [Full GC [PSYoungGen: 66048K->0K(76800K)] [ParOldGen: 163712K->164494K(174592K)] 229760K->164494K(251392K) [PSPermGen: 2602K->2602K(21504K)], 0.6840244 secs] [Times: user=2.46 sys=0.00, real=0.68 secs] 
88.902: [Full GC [PSYoungGen: 66048K->0K(76800K)] [ParOldGen: 164494K->166318K(174592K)] 230542K->166318K(251392K) [PSPermGen: 2602K->2602K(21504K)], 0.7231766 secs] [Times: user=2.48 sys=0.00, real=0.72 secs] 
89.690: [Full GC [PSYoungGen: 66048K->0K(76800K)] [ParOldGen: 166318K->163217K(174592K)] 232366K->163217K(251392K) [PSPermGen: 2602K->2602K(21504K)], 0.6850251 secs] [Times: user=2.45 sys=0.00, real=0.68 secs] 
90.437: [Full GC [PSYoungGen: 66048K->0K(76800K)] [ParOldGen: 163217K->167743K(174592K)] 229265K->167743K(251392K) [PSPermGen: 2602K->2602K(21504K)], 0.6997705 secs] [Times: user=2.53 sys=0.00, real=0.70 secs] 
91.207: [Full GC [PSYoungGen: 66048K->0K(76800K)] [ParOldGen: 167743K->162115K(174592K)] 233791K->162115K(251392K) [PSPermGen: 2602K->2602K(21504K)], 0.6893420 secs] [Times: user=2.47 sys=0.00, real=0.69 secs] 
91.966: [Full GC [PSYoungGen: 66048K->0K(76800K)] [ParOldGen: 162115K->163755K(174592K)] 228163K->163755K(251392K) [PSPermGen: 2602K->2602K(21504K)], 0.6995758 secs] [Times: user=2.51 sys=0.00, real=0.70 secs] 
92.734: [Full GC [PSYoungGen: 66048K->0K(76800K)] [ParOldGen: 163755K->161799K(174592K)] 229803K->161799K(251392K) [PSPermGen: 2602K->2602K(21504K)], 0.6696770 secs] [Times: user=2.31 sys=0.00, real=0.67 secs] 
93.466: [Full GC [PSYoungGen: 66048K->0K(76800K)] [ParOldGen: 161799K->162449K(174592K)] 227847K->162449K(251392K) [PSPermGen: 2602K->2602K(21504K)], 0.6720244 secs] [Times: user=2.47 sys=0.00, real=0.67 secs] 
94.209: [Full GC [PSYoungGen: 66048K->0K(76800K)] [ParOldGen: 162449K->166683K(174592K)] 228497K->166683K(251392K) [PSPermGen: 2602K->2602K(21504K)], 0.7160483 secs] [Times: user=2.34 sys=0.00, real=0.72 secs] 
94.995: [Full GC [PSYoungGen: 66048K->0K(76800K)] [ParOldGen: 166683K->162736K(174592K)] 232731K->162736K(251392K) [PSPermGen: 2602K->2602K(21504K)], 0.6854799 secs] [Times: user=2.36 sys=0.00, real=0.69 secs] 
95.740: [Full GC [PSYoungGen: 66048K->0K(76800K)] [ParOldGen: 162736K->165708K(174592K)] 228784K->165708K(251392K) [PSPermGen: 2602K->2602K(21504K)], 0.7179197 secs] [Times: user=2.47 sys=0.00, real=0.72 secs] 
96.517: [Full GC [PSYoungGen: 66048K->0K(76800K)] [ParOldGen: 165708K->169904K(174592K)] 231756K->169904K(251392K) [PSPermGen: 2602K->2602K(21504K)], 0.7258309 secs] [Times: user=2.57 sys=0.00, real=0.73 secs] 
97.305: [Full GC [PSYoungGen: 66048K->0K(76800K)] [ParOldGen: 169904K->161956K(174592K)] 235952K->161956K(251392K) [PSPermGen: 2602K->2602K(21504K)], 0.6948856 secs] [Times: user=2.42 sys=0.00, real=0.69 secs] 
98.061: [Full GC [PSYoungGen: 66048K->0K(76800K)] [ParOldGen: 161956K->160537K(174592K)] 228004K->160537K(251392K) [PSPermGen: 2602K->2602K(21504K)], 0.6737698 secs] [Times: user=2.42 sys=0.00, real=0.67 secs] 
98.800: [Full GC [PSYoungGen: 66048K->0K(76800K)] [ParOldGen: 160537K->163056K(174592K)] 226585K->163056K(251392K) [PSPermGen: 2602K->2602K(21504K)], 0.6661478 secs] [Times: user=2.32 sys=0.00, real=0.67 secs] 
99.533: [Full GC [PSYoungGen: 66048K->0K(76800K)] [ParOldGen: 163056K->163940K(174592K)] 229104K->163940K(251392K) [PSPermGen: 2602K->2602K(21504K)], 0.6984167 secs] [Times: user=2.36 sys=0.00, real=0.70 secs] 
100.301: [Full GC [PSYoungGen: 66048K->0K(76800K)] [ParOldGen: 163940K->163637K(174592K)] 229988K->163637K(251392K) [PSPermGen: 2602K->2602K(21504K)], 0.6797964 secs] [Times: user=2.45 sys=0.00, real=0.68 secs] 
101.049: [Full GC [PSYoungGen: 66048K->0K(76800K)] [ParOldGen: 163637K->167531K(174592K)] 229685K->167531K(251392K) [PSPermGen: 2602K->2602K(21504K)], 0.6869747 secs] [Times: user=2.54 sys=0.00, real=0.69 secs] 
101.806: [Full GC [PSYoungGen: 66048K->0K(76800K)] [ParOldGen: 167531K->165548K(174592K)] 233579K->165548K(251392K) [PSPermGen: 2602K->2602K(21504K)], 0.7071118 secs] [Times: user=2.43 sys=0.00, real=0.71 secs] 
102.581: [Full GC [PSYoungGen: 66048K->0K(76800K)] [ParOldGen: 165548K->161663K(174592K)] 231596K->161663K(251392K) [PSPermGen: 2602K->2602K(21504K)], 0.6669067 secs] [Times: user=2.45 sys=0.00, real=0.67 secs] 
103.318: [Full GC [PSYoungGen: 66048K->0K(76800K)] [ParOldGen: 161663K->164979K(174592K)] 227711K->164979K(251392K) [PSPermGen: 2602K->2602K(21504K)], 0.6731982 secs] [Times: user=2.47 sys=0.00, real=0.67 secs] 
104.050: [Full GC [PSYoungGen: 66048K->0K(76800K)] [ParOldGen: 164979K->162711K(174592K)] 231027K->162711K(251392K) [PSPermGen: 2602K->2602K(21504K)], 0.7216535 secs] [Times: user=2.42 sys=0.01, real=0.72 secs] 
104.827: [Full GC [PSYoungGen: 66048K->0K(76800K)] [ParOldGen: 162711K->160854K(174592K)] 228759K->160854K(251392K) [PSPermGen: 4356K->4356K(21504K)], 0.7210996 secs] [Times: user=2.56 sys=0.00, real=0.72 secs] 
105.606: [Full GC [PSYoungGen: 66048K->0K(76800K)] [ParOldGen: 160854K->161814K(174592K)] 226902K->161814K(251392K) [PSPermGen: 5470K->5469K(21504K)], 0.5040966 secs] [Times: user=1.73 sys=0.00, real=0.50 secs] 
106.172: [Full GC [PSYoungGen: 66048K->0K(76800K)] [ParOldGen: 161814K->164095K(174592K)] 227862K->164095K(251392K) [PSPermGen: 6586K->6586K(21504K)], 0.6180056 secs] [Times: user=2.18 sys=0.03, real=0.62 secs] 
106.854: [Full GC [PSYoungGen: 66048K->0K(76800K)] [ParOldGen: 164095K->166727K(174592K)] 230143K->166727K(251392K) [PSPermGen: 6997K->6996K(21504K)], 0.6440233 secs] [Times: user=2.23 sys=0.00, real=0.64 secs] 
107.561: [Full GC [PSYoungGen: 66048K->0K(76800K)] [ParOldGen: 166727K->167887K(174592K)] 232775K->167887K(251392K) [PSPermGen: 7099K->7099K(21504K)], 0.6581523 secs] [Times: user=2.26 sys=0.00, real=0.66 secs] 
108.285: [Full GC [PSYoungGen: 66048K->0K(76800K)] [ParOldGen: 167887K->161061K(174592K)] 233935K->161061K(251392K) [PSPermGen: 7112K->7112K(21504K)], 0.6120854 secs] [Times: user=2.00 sys=0.00, real=0.61 secs] 
108.975: [Full GC [PSYoungGen: 66048K->0K(76800K)] [ParOldGen: 161061K->161459K(174592K)] 227109K->161459K(251392K) [PSPermGen: 7205K->7205K(21504K)], 0.3740701 secs] [Times: user=1.31 sys=0.03, real=0.37 secs] 
109.399: [Full GC [PSYoungGen: 66048K->0K(76800K)] [ParOldGen: 161459K->163147K(174592K)] 227507K->163147K(251392K) [PSPermGen: 7208K->7208K(21504K)], 0.4987902 secs] [Times: user=1.75 sys=0.00, real=0.50 secs] 
109.954: [Full GC [PSYoungGen: 66048K->0K(76800K)] [ParOldGen: 163147K->163617K(174592K)] 229195K->163617K(251392K) [PSPermGen: 7245K->7245K(21504K)], 0.4356685 secs] [Times: user=1.56 sys=0.01, real=0.44 secs] 
110.443: [Full GC [PSYoungGen: 66048K->0K(76800K)] [ParOldGen: 163617K->164192K(174592K)] 229665K->164192K(251392K) [PSPermGen: 7253K->7253K(21504K)], 0.4221912 secs] [Times: user=1.45 sys=0.00, real=0.42 secs] 
110.925: [Full GC [PSYoungGen: 66048K->0K(76800K)] [ParOldGen: 164192K->165974K(174592K)] 230240K->165974K(251392K) [PSPermGen: 7258K->7258K(21504K)], 0.6179277 secs] [Times: user=2.29 sys=0.00, real=0.62 secs] 
111.614: [Full GC [PSYoungGen: 66048K->0K(76800K)] [ParOldGen: 165974K->168152K(174592K)] 232022K->168152K(251392K) [PSPermGen: 7267K->7267K(21504K)], 0.4995468 secs] [Times: user=1.78 sys=0.00, real=0.50 secs] 
112.173: [Full GC [PSYoungGen: 66048K->0K(76800K)] [ParOldGen: 168152K->164428K(174592K)] 234200K->164428K(251392K) [PSPermGen: 7267K->7267K(21504K)], 0.5178737 secs] [Times: user=1.89 sys=0.00, real=0.52 secs] 
112.764: [Full GC [PSYoungGen: 66048K->0K(76800K)] [ParOldGen: 164428K->165336K(174592K)] 230476K->165336K(251392K) [PSPermGen: 7285K->7285K(21504K)], 0.6010623 secs] [Times: user=2.17 sys=0.00, real=0.60 secs] 
113.429: [Full GC [PSYoungGen: 66048K->0K(76800K)] [ParOldGen: 165336K->164642K(174592K)] 231384K->164642K(251392K) [PSPermGen: 7285K->7285K(21504K)], 0.6085296 secs] [Times: user=2.18 sys=0.00, real=0.61 secs] 
114.112: [Full GC [PSYoungGen: 66048K->0K(76800K)] [ParOldGen: 164642K->168021K(174592K)] 230690K->168021K(251392K) [PSPermGen: 7303K->7303K(21504K)], 0.6387529 secs] [Times: user=2.25 sys=0.00, real=0.64 secs] 
114.820: [Full GC [PSYoungGen: 66048K->0K(76800K)] [ParOldGen: 168021K->164904K(174592K)] 234069K->164904K(251392K) [PSPermGen: 7306K->7306K(21504K)], 0.6244726 secs] [Times: user=2.20 sys=0.00, real=0.62 secs] 
115.511: [Full GC [PSYoungGen: 66048K->0K(76800K)] [ParOldGen: 164904K->167760K(174592K)] 230952K->167760K(251392K) [PSPermGen: 7306K->7306K(21504K)], 0.6714952 secs] [Times: user=2.31 sys=0.00, real=0.67 secs] 
116.263: [Full GC [PSYoungGen: 66048K->0K(76800K)] [ParOldGen: 167760K->169389K(174592K)] 233808K->169389K(251392K) [PSPermGen: 7310K->7310K(21504K)], 0.6496257 secs] [Times: user=2.25 sys=0.00, real=0.65 secs] 
116.980: [Full GC [PSYoungGen: 66048K->0K(76800K)] [ParOldGen: 169389K->166509K(174592K)] 235437K->166509K(251392K) [PSPermGen: 7310K->7310K(21504K)], 0.6448803 secs] [Times: user=2.32 sys=0.00, real=0.64 secs] 
117.697: [Full GC [PSYoungGen: 66013K->0K(76800K)] [ParOldGen: 166509K->167967K(174592K)] 232523K->167967K(251392K) [PSPermGen: 7312K->7312K(21504K)], 0.6573098 secs] [Times: user=2.32 sys=0.00, real=0.66 secs] 
118.419: [Full GC [PSYoungGen: 66048K->0K(76800K)] [ParOldGen: 167967K->166687K(174592K)] 234015K->166687K(251392K) [PSPermGen: 7312K->7312K(21504K)], 0.6409075 secs] [Times: user=2.25 sys=0.00, real=0.64 secs] 
119.131: [Full GC [PSYoungGen: 66048K->0K(76800K)] [ParOldGen: 166687K->166942K(174592K)] 232735K->166942K(251392K) [PSPermGen: 7312K->7312K(21504K)], 0.6470660 secs] [Times: user=2.39 sys=0.00, real=0.65 secs] 
119.861: [Full GC [PSYoungGen: 66027K->0K(76800K)] [ParOldGen: 166942K->166736K(174592K)] 232970K->166736K(251392K) [PSPermGen: 7312K->7312K(21504K)], 0.6231169 secs] [Times: user=2.23 sys=0.00, real=0.62 secs] 
120.571: [Full GC [PSYoungGen: 66048K->0K(76800K)] [ParOldGen: 166736K->163180K(174592K)] 232784K->163180K(251392K) [PSPermGen: 7313K->7313K(21504K)], 0.6048923 secs] [Times: user=2.12 sys=0.00, real=0.61 secs] 
121.235: [Full GC [PSYoungGen: 66048K->0K(76800K)] [ParOldGen: 163180K->162801K(174592K)] 229228K->162801K(251392K) [PSPermGen: 7313K->7313K(21504K)], 0.6301862 secs] [Times: user=2.32 sys=0.00, real=0.63 secs] 
121.944: [Full GC [PSYoungGen: 66048K->0K(76800K)] [ParOldGen: 162801K->166050K(174592K)] 228849K->166050K(251392K) [PSPermGen: 7320K->7320K(21504K)], 0.6019417 secs] [Times: user=2.07 sys=0.00, real=0.60 secs] 
122.614: [Full GC [PSYoungGen: 66048K->0K(76800K)] [ParOldGen: 166050K->172869K(174592K)] 232098K->172869K(251392K) [PSPermGen: 7323K->7323K(21504K)], 0.6448829 secs] [Times: user=2.29 sys=0.00, real=0.64 secs] 
123.328: [Full GC [PSYoungGen: 66048K->0K(76800K)] [ParOldGen: 172869K->164210K(174592K)] 238917K->164210K(251392K) [PSPermGen: 7326K->7326K(21504K)], 0.6029783 secs] [Times: user=2.07 sys=0.00, real=0.60 secs] 
124.002: [Full GC [PSYoungGen: 66048K->0K(76800K)] [ParOldGen: 164210K->164706K(174592K)] 230258K->164706K(251392K) [PSPermGen: 7330K->7330K(21504K)], 0.4325709 secs] [Times: user=1.45 sys=0.00, real=0.43 secs] 
124.509: [Full GC [PSYoungGen: 66048K->0K(76800K)] [ParOldGen: 164706K->162824K(174592K)] 230754K->162824K(251392K) [PSPermGen: 7330K->7330K(21504K)], 0.6201592 secs] [Times: user=2.14 sys=0.00, real=0.62 secs] 
125.210: [Full GC [PSYoungGen: 66048K->0K(76800K)] [ParOldGen: 162824K->164961K(174592K)] 228872K->164961K(251392K) [PSPermGen: 7330K->7330K(21504K)], 0.6009398 secs] [Times: user=2.17 sys=0.00, real=0.60 secs] 
125.888: [Full GC [PSYoungGen: 66048K->0K(76800K)] [ParOldGen: 164961K->165178K(174592K)] 231009K->165178K(251392K) [PSPermGen: 7330K->7330K(21504K)], 0.6380406 secs] [Times: user=2.15 sys=0.00, real=0.64 secs] 
126.605: [Full GC [PSYoungGen: 66048K->0K(76800K)] [ParOldGen: 165178K->167622K(174592K)] 231226K->167622K(251392K) [PSPermGen: 7332K->7332K(21504K)], 0.5537423 secs] [Times: user=1.87 sys=0.00, real=0.55 secs] 
127.228: [Full GC [PSYoungGen: 66048K->0K(76800K)] [ParOldGen: 167622K->167668K(174592K)] 233670K->167668K(251392K) [PSPermGen: 7332K->7332K(21504K)], 0.6160787 secs] [Times: user=2.23 sys=0.00, real=0.62 secs] 
127.919: [Full GC [PSYoungGen: 66048K->0K(76800K)] [ParOldGen: 167668K->164954K(174592K)] 233716K->164954K(251392K) [PSPermGen: 7332K->7332K(21504K)], 0.6304758 secs] [Times: user=2.14 sys=0.00, real=0.63 secs] 
128.632: [Full GC [PSYoungGen: 66048K->0K(76800K)] [ParOldGen: 164954K->167726K(174592K)] 231002K->167726K(251392K) [PSPermGen: 7335K->7335K(21504K)], 0.5920004 secs] [Times: user=2.03 sys=0.00, real=0.59 secs] 
129.290: [Full GC [PSYoungGen: 66048K->0K(76800K)] [ParOldGen: 167726K->165545K(174592K)] 233774K->165545K(251392K) [PSPermGen: 7335K->7335K(21504K)], 0.6078343 secs] [Times: user=2.17 sys=0.00, real=0.61 secs] 
129.978: [Full GC [PSYoungGen: 66048K->0K(76800K)] [ParOldGen: 165545K->168006K(174592K)] 231593K->168006K(251392K) [PSPermGen: 7335K->7335K(21504K)], 0.6072666 secs] [Times: user=2.18 sys=0.00, real=0.61 secs] 
130.660: [Full GC [PSYoungGen: 66048K->0K(76800K)] [ParOldGen: 168006K->168364K(174592K)] 234054K->168364K(251392K) [PSPermGen: 7335K->7335K(21504K)], 0.6423694 secs] [Times: user=2.32 sys=0.00, real=0.64 secs] 
131.372: [Full GC [PSYoungGen: 66047K->0K(76800K)] [ParOldGen: 168364K->165979K(174592K)] 234412K->165979K(251392K) [PSPermGen: 7335K->7335K(21504K)], 0.6127599 secs] [Times: user=2.14 sys=0.00, real=0.61 secs] 
132.080: [Full GC [PSYoungGen: 66048K->0K(76800K)] [ParOldGen: 165979K->167297K(174592K)] 232027K->167297K(251392K) [PSPermGen: 7335K->7335K(21504K)], 0.6455525 secs] [Times: user=2.29 sys=0.00, real=0.65 secs] 
132.801: [Full GC [PSYoungGen: 66048K->0K(76800K)] [ParOldGen: 167297K->166235K(174592K)] 233345K->166235K(251392K) [PSPermGen: 7335K->7335K(21504K)], 0.6401221 secs] [Times: user=2.23 sys=0.00, real=0.64 secs] 
133.507: [Full GC [PSYoungGen: 66048K->0K(76800K)] [ParOldGen: 166235K->164727K(174592K)] 232283K->164727K(251392K) [PSPermGen: 7335K->7335K(21504K)], 0.6116839 secs] [Times: user=2.23 sys=0.00, real=0.61 secs] 
134.190: [Full GC [PSYoungGen: 66048K->0K(76800K)] [ParOldGen: 164727K->166110K(174592K)] 230775K->166110K(251392K) [PSPermGen: 7335K->7335K(21504K)], 0.6136659 secs] [Times: user=2.18 sys=0.00, real=0.61 secs] 
134.880: [Full GC [PSYoungGen: 66048K->0K(76800K)] [ParOldGen: 166110K->162284K(174592K)] 232158K->162284K(251392K) [PSPermGen: 7335K->7335K(21504K)], 0.6147294 secs] [Times: user=2.15 sys=0.00, real=0.62 secs] 
135.565: [Full GC [PSYoungGen: 66048K->0K(76800K)] [ParOldGen: 162284K->159830K(174592K)] 228332K->159830K(251392K) [PSPermGen: 7335K->7335K(21504K)], 0.5847027 secs] [Times: user=2.09 sys=0.00, real=0.59 secs] 
136.226: [Full GC [PSYoungGen: 66048K->0K(76800K)] [ParOldGen: 159830K->162073K(174592K)] 225878K->162073K(251392K) [PSPermGen: 7335K->7335K(21504K)], 0.3709456 secs] [Times: user=1.37 sys=0.00, real=0.37 secs] 
136.662: [Full GC [PSYoungGen: 66048K->0K(76800K)] [ParOldGen: 162073K->164151K(174592K)] 228121K->164151K(251392K) [PSPermGen: 7335K->7335K(21504K)], 0.6231660 secs] [Times: user=2.23 sys=0.00, real=0.62 secs] 
137.345: [Full GC [PSYoungGen: 66048K->0K(76800K)] [ParOldGen: 164151K->163310K(174592K)] 230199K->163310K(251392K) [PSPermGen: 7339K->7339K(21504K)], 0.6216717 secs] [Times: user=2.23 sys=0.00, real=0.62 secs] 
138.050: [Full GC [PSYoungGen: 66048K->0K(76800K)] [ParOldGen: 163310K->164864K(174592K)] 229358K->164864K(251392K) [PSPermGen: 7339K->7339K(21504K)], 0.6235082 secs] [Times: user=2.20 sys=0.00, real=0.62 secs] 
138.755: [Full GC [PSYoungGen: 66048K->0K(76800K)] [ParOldGen: 164864K->167069K(174592K)] 230912K->167069K(251392K) [PSPermGen: 7339K->7339K(21504K)], 0.6085283 secs] [Times: user=2.26 sys=0.00, real=0.61 secs] 
139.421: [Full GC [PSYoungGen: 66048K->0K(76800K)] [ParOldGen: 167069K->168227K(174592K)] 233117K->168227K(251392K) [PSPermGen: 7339K->7339K(21504K)], 0.6652749 secs] [Times: user=2.03 sys=0.02, real=0.67 secs] 
140.174: [Full GC [PSYoungGen: 66048K->0K(76800K)] [ParOldGen: 168227K->171475K(174592K)] 234275K->171475K(251392K) [PSPermGen: 7339K->7339K(21504K)], 0.4363853 secs] [Times: user=1.48 sys=0.00, real=0.44 secs] 
140.676: [Full GC [PSYoungGen: 66048K->0K(76800K)] [ParOldGen: 171475K->165797K(174592K)] 237523K->165797K(251392K) [PSPermGen: 7339K->7339K(21504K)], 0.6042717 secs] [Times: user=2.04 sys=0.00, real=0.60 secs] 
141.341: [Full GC [PSYoungGen: 66048K->0K(76800K)] [ParOldGen: 165797K->167844K(174592K)] 231845K->167844K(251392K) [PSPermGen: 7339K->7339K(21504K)], 0.6184912 secs] [Times: user=2.18 sys=0.00, real=0.62 secs] 
142.058: [Full GC [PSYoungGen: 66048K->0K(76800K)] [ParOldGen: 167844K->168530K(174592K)] 233892K->168530K(251392K) [PSPermGen: 7339K->7339K(21504K)], 0.4147591 secs] [Times: user=1.26 sys=0.00, real=0.41 secs] 
142.543: [Full GC [PSYoungGen: 66048K->0K(76800K)] [ParOldGen: 168530K->165464K(174592K)] 234578K->165464K(251392K) [PSPermGen: 7339K->7339K(21504K)], 0.6124594 secs] [Times: user=2.20 sys=0.00, real=0.61 secs] 
143.251: [Full GC [PSYoungGen: 66048K->0K(76800K)] [ParOldGen: 165464K->166313K(174592K)] 231512K->166313K(251392K) [PSPermGen: 7339K->7339K(21504K)], 0.4221344 secs] [Times: user=1.53 sys=0.00, real=0.42 secs] 
143.750: [Full GC [PSYoungGen: 66048K->0K(76800K)] [ParOldGen: 166313K->167692K(174592K)] 232361K->167692K(251392K) [PSPermGen: 7339K->7339K(21504K)], 0.5898339 secs] [Times: user=2.06 sys=0.00, real=0.59 secs] 
144.397: [Full GC [PSYoungGen: 66048K->0K(76800K)] [ParOldGen: 167692K->169348K(174592K)] 233740K->169348K(251392K) [PSPermGen: 7340K->7340K(21504K)], 0.6203715 secs] [Times: user=2.22 sys=0.00, real=0.62 secs] 
145.098: [Full GC [PSYoungGen: 66048K->0K(76800K)] [ParOldGen: 169348K->170646K(174592K)] 235396K->170646K(251392K) [PSPermGen: 7340K->7340K(21504K)], 0.6445660 secs] [Times: user=2.23 sys=0.00, real=0.64 secs] 
145.818: [Full GC [PSYoungGen: 66048K->0K(76800K)] [ParOldGen: 170646K->171190K(174592K)] 236694K->171190K(251392K) [PSPermGen: 7340K->7340K(21504K)], 0.6241580 secs] [Times: user=2.23 sys=0.00, real=0.62 secs] 
146.498: [Full GC [PSYoungGen: 66048K->0K(76800K)] [ParOldGen: 171190K->167683K(174592K)] 237238K->167683K(251392K) [PSPermGen: 7340K->7340K(21504K)], 0.4924448 secs] [Times: user=1.76 sys=0.00, real=0.49 secs] 
147.070: [Full GC [PSYoungGen: 66048K->0K(76800K)] [ParOldGen: 167683K->167994K(174592K)] 233731K->167994K(251392K) [PSPermGen: 7341K->7341K(21504K)], 0.6126865 secs] [Times: user=2.22 sys=0.00, real=0.61 secs] 
147.755: [Full GC [PSYoungGen: 66048K->0K(76800K)] [ParOldGen: 167994K->162750K(174592K)] 234042K->162750K(251392K) [PSPermGen: 7341K->7341K(21504K)], 0.6457549 secs] [Times: user=2.20 sys=0.00, real=0.65 secs] 
148.467: [Full GC [PSYoungGen: 66048K->0K(76800K)] [ParOldGen: 162750K->161266K(174592K)] 228798K->161266K(251392K) [PSPermGen: 7341K->7341K(21504K)], 0.6472273 secs] [Times: user=2.12 sys=0.00, real=0.65 secs] 
149.195: [Full GC [PSYoungGen: 66048K->0K(76800K)] [ParOldGen: 161266K->159155K(174592K)] 227314K->159155K(251392K) [PSPermGen: 7341K->7341K(21504K)], 0.6068093 secs] [Times: user=2.15 sys=0.00, real=0.61 secs] 
149.880: [Full GC [PSYoungGen: 66048K->0K(76800K)] [ParOldGen: 159155K->160422K(174592K)] 225203K->160422K(251392K) [PSPermGen: 7342K->7342K(21504K)], 0.3919326 secs] [Times: user=1.15 sys=0.00, real=0.39 secs] 
150.335: [Full GC [PSYoungGen: 66048K->0K(76800K)] [ParOldGen: 160422K->161969K(174592K)] 226470K->161969K(251392K) [PSPermGen: 7342K->7342K(21504K)], 0.6269636 secs] [Times: user=2.15 sys=0.00, real=0.63 secs] 
151.051: [Full GC [PSYoungGen: 66048K->0K(76800K)] [ParOldGen: 161969K->164710K(174592K)] 228017K->164710K(251392K) [PSPermGen: 7342K->7342K(21504K)], 0.3909107 secs] [Times: user=1.28 sys=0.00, real=0.39 secs] 
151.508: [Full GC [PSYoungGen: 66048K->0K(76800K)] [ParOldGen: 164710K->167813K(174592K)] 230758K->167813K(251392K) [PSPermGen: 7342K->7342K(21504K)], 0.6881098 secs] [Times: user=2.18 sys=0.00, real=0.69 secs] 
152.288: [Full GC [PSYoungGen: 66048K->0K(76800K)] [ParOldGen: 167813K->169710K(174592K)] 233861K->169710K(251392K) [PSPermGen: 7343K->7343K(21504K)], 0.5108115 secs] [Times: user=1.76 sys=0.00, real=0.51 secs] 
152.871: [Full GC [PSYoungGen: 66048K->0K(76800K)] [ParOldGen: 169710K->168383K(174592K)] 235758K->168383K(251392K) [PSPermGen: 7343K->7343K(21504K)], 0.4245430 secs] [Times: user=1.47 sys=0.00, real=0.42 secs] 
153.359: [Full GC [PSYoungGen: 66048K->0K(76800K)] [ParOldGen: 168383K->170941K(174592K)] 234431K->170941K(251392K) [PSPermGen: 7343K->7343K(21504K)], 0.6891681 secs] [Times: user=2.20 sys=0.00, real=0.69 secs] 
154.128: [Full GC [PSYoungGen: 66048K->0K(76800K)] [ParOldGen: 170941K->168324K(174592K)] 236989K->168324K(251392K) [PSPermGen: 7343K->7343K(21504K)], 0.5896142 secs] [Times: user=2.17 sys=0.00, real=0.59 secs] 
154.829: [Full GC [PSYoungGen: 66048K->0K(76800K)] [ParOldGen: 168324K->168380K(174592K)] 234372K->168380K(251392K) [PSPermGen: 7344K->7344K(21504K)], 0.4938675 secs] [Times: user=0.98 sys=0.01, real=0.49 secs] 
155.389: [Full GC [PSYoungGen: 66048K->0K(76800K)] [ParOldGen: 168380K->164759K(174592K)] 234428K->164759K(251392K) [PSPermGen: 7344K->7344K(21504K)], 0.6280124 secs] [Times: user=2.00 sys=0.00, real=0.63 secs] 
156.083: [Full GC [PSYoungGen: 66048K->0K(76800K)] [ParOldGen: 164759K->166266K(174592K)] 230807K->166266K(251392K) [PSPermGen: 7344K->7344K(21504K)], 0.2917385 secs] [Times: user=1.09 sys=0.00, real=0.29 secs] 
156.440: [Full GC [PSYoungGen: 66048K->0K(76800K)] [ParOldGen: 166266K->163184K(174592K)] 232314K->163184K(251392K) [PSPermGen: 7344K->7344K(21504K)], 0.6358350 secs] [Times: user=2.07 sys=0.00, real=0.64 secs] 
157.157: [Full GC [PSYoungGen: 66048K->0K(76800K)] [ParOldGen: 163184K->165498K(174592K)] 229232K->165498K(251392K) [PSPermGen: 7344K->7344K(21504K)], 0.6395833 secs] [Times: user=2.20 sys=0.00, real=0.64 secs] 
157.870: [Full GC [PSYoungGen: 66048K->0K(76800K)] [ParOldGen: 165498K->163327K(174592K)] 231546K->163327K(251392K) [PSPermGen: 7344K->7344K(21504K)], 0.6101143 secs] [Times: user=2.18 sys=0.00, real=0.61 secs] 
158.543: [Full GC [PSYoungGen: 66048K->0K(76800K)] [ParOldGen: 163327K->167325K(174592K)] 229375K->167325K(251392K) [PSPermGen: 7344K->7344K(21504K)], 0.6954517 secs] [Times: user=2.14 sys=0.00, real=0.70 secs] 
159.313: [Full GC [PSYoungGen: 66048K->0K(76800K)] [ParOldGen: 167325K->166535K(174592K)] 233373K->166535K(251392K) [PSPermGen: 7344K->7344K(21504K)], 0.6516276 secs] [Times: user=2.12 sys=0.00, real=0.65 secs] 
160.030: [Full GC [PSYoungGen: 66048K->0K(76800K)] [ParOldGen: 166535K->167029K(174592K)] 232583K->167029K(251392K) [PSPermGen: 7344K->7344K(21504K)], 0.4099528 secs] [Times: user=1.50 sys=0.05, real=0.41 secs] 
160.504: [Full GC [PSYoungGen: 66048K->0K(76800K)] [ParOldGen: 167029K->165789K(174592K)] 233077K->165789K(251392K) [PSPermGen: 7344K->7344K(21504K)], 0.4448288 secs] [Times: user=1.43 sys=0.00, real=0.44 secs] 
161.029: [Full GC [PSYoungGen: 66048K->0K(76800K)] [ParOldGen: 165789K->166265K(174592K)] 231837K->166265K(251392K) [PSPermGen: 7344K->7344K(21504K)], 0.4314706 secs] [Times: user=1.40 sys=0.00, real=0.43 secs] 
161.530: [Full GC [PSYoungGen: 66048K->0K(76800K)] [ParOldGen: 166265K->166191K(174592K)] 232313K->166191K(251392K) [PSPermGen: 7344K->7344K(21504K)], 0.6767008 secs] [Times: user=2.22 sys=0.00, real=0.68 secs] 
162.298: [Full GC [PSYoungGen: 66048K->0K(76800K)] [ParOldGen: 166191K->167230K(174592K)] 232239K->167230K(251392K) [PSPermGen: 7344K->7344K(21504K)], 0.4128839 secs] [Times: user=1.40 sys=0.00, real=0.41 secs] 
162.771: [Full GC [PSYoungGen: 66048K->0K(76800K)] [ParOldGen: 167230K->164243K(174592K)] 233278K->164243K(251392K) [PSPermGen: 7344K->7344K(21504K)], 0.6008214 secs] [Times: user=2.09 sys=0.00, real=0.60 secs] 
163.436: [Full GC [PSYoungGen: 66048K->0K(76800K)] [ParOldGen: 164243K->166283K(174592K)] 230291K->166283K(251392K) [PSPermGen: 7344K->7344K(21504K)], 0.6076868 secs] [Times: user=2.15 sys=0.00, real=0.61 secs] 
164.115: [Full GC [PSYoungGen: 66048K->0K(76800K)] [ParOldGen: 166283K->169387K(174592K)] 232331K->169387K(251392K) [PSPermGen: 7344K->7344K(21504K)], 0.5384623 secs] [Times: user=1.93 sys=0.00, real=0.54 secs] 
164.719: [Full GC [PSYoungGen: 66048K->0K(76800K)] [ParOldGen: 169387K->169376K(174592K)] 235435K->169376K(251392K) [PSPermGen: 7344K->7344K(21504K)], 0.6429220 secs] [Times: user=2.28 sys=0.00, real=0.64 secs] 
165.422: [Full GC [PSYoungGen: 66048K->0K(76800K)] [ParOldGen: 169376K->163642K(174592K)] 235424K->163642K(251392K) [PSPermGen: 7344K->7344K(21504K)], 0.5926062 secs] [Times: user=2.14 sys=0.00, real=0.59 secs] 
166.090: [Full GC [PSYoungGen: 66048K->0K(76800K)] [ParOldGen: 163642K->164988K(174592K)] 229690K->164988K(251392K) [PSPermGen: 7344K->7344K(21504K)], 0.3626457 secs] [Times: user=1.23 sys=0.00, real=0.36 secs] 
166.514: [Full GC [PSYoungGen: 66048K->0K(76800K)] [ParOldGen: 164988K->167172K(174592K)] 231036K->167172K(251392K) [PSPermGen: 7344K->7344K(21504K)], 0.6371554 secs] [Times: user=2.23 sys=0.00, real=0.64 secs] 
167.226: [Full GC [PSYoungGen: 66048K->0K(76800K)] [ParOldGen: 167172K->169297K(174592K)] 233220K->169297K(251392K) [PSPermGen: 7344K->7344K(21504K)], 0.4212787 secs] [Times: user=1.37 sys=0.00, real=0.42 secs] 
167.714: [Full GC [PSYoungGen: 66048K->0K(76800K)] [ParOldGen: 169297K->166367K(174592K)] 235345K->166367K(251392K) [PSPermGen: 7344K->7344K(21504K)], 0.6765016 secs] [Times: user=2.15 sys=0.00, real=0.68 secs] 
168.456: [Full GC [PSYoungGen: 66048K->0K(76800K)] [ParOldGen: 166367K->164124K(174592K)] 232415K->164124K(251392K) [PSPermGen: 7344K->7344K(21504K)], 0.6009423 secs] [Times: user=2.23 sys=0.00, real=0.60 secs] 
169.131: [Full GC [PSYoungGen: 66048K->0K(76800K)] [ParOldGen: 164124K->159374K(174592K)] 230172K->159374K(251392K) [PSPermGen: 7344K->7344K(21504K)], 0.5872669 secs] [Times: user=2.11 sys=0.00, real=0.59 secs] 
169.797: [Full GC [PSYoungGen: 66048K->0K(76800K)] [ParOldGen: 159374K->160286K(174592K)] 225422K->160286K(251392K) [PSPermGen: 7344K->7344K(21504K)], 0.5989087 secs] [Times: user=2.23 sys=0.00, real=0.60 secs] 
170.452: [Full GC [PSYoungGen: 66048K->0K(76800K)] [ParOldGen: 160286K->163699K(174592K)] 226334K->163699K(251392K) [PSPermGen: 7344K->7344K(21504K)], 0.5826219 secs] [Times: user=1.92 sys=0.00, real=0.58 secs] 
171.112: [Full GC [PSYoungGen: 66048K->0K(76800K)] [ParOldGen: 163699K->162908K(174592K)] 229747K->162908K(251392K) [PSPermGen: 7344K->7344K(21504K)], 0.6015908 secs] [Times: user=2.04 sys=0.00, real=0.60 secs] 
171.789: [Full GC [PSYoungGen: 66048K->0K(76800K)] [ParOldGen: 162908K->166448K(174592K)] 228956K->166448K(251392K) [PSPermGen: 7344K->7344K(21504K)], 0.3906433 secs] [Times: user=1.34 sys=0.00, real=0.39 secs] 
172.233: [Full GC [PSYoungGen: 66048K->0K(76800K)] [ParOldGen: 166448K->165824K(174592K)] 232496K->165824K(251392K) [PSPermGen: 7344K->7344K(21504K)], 0.6138176 secs] [Times: user=2.25 sys=0.00, real=0.61 secs] 
172.924: [Full GC [PSYoungGen: 66048K->0K(76800K)] [ParOldGen: 165824K->166794K(174592K)] 231872K->166794K(251392K) [PSPermGen: 7344K->7344K(21504K)], 0.6176400 secs] [Times: user=2.03 sys=0.00, real=0.62 secs] 
173.611: [Full GC [PSYoungGen: 66048K->0K(76800K)] [ParOldGen: 166794K->164554K(174592K)] 232842K->164554K(251392K) [PSPermGen: 7344K->7344K(21504K)], 0.6047079 secs] [Times: user=2.14 sys=0.00, real=0.61 secs] 
174.278: [Full GC [PSYoungGen: 66048K->0K(76800K)] [ParOldGen: 164554K->166974K(174592K)] 230602K->166974K(251392K) [PSPermGen: 7344K->7344K(21504K)], 0.6377424 secs] [Times: user=2.18 sys=0.00, real=0.64 secs] 
174.985: [Full GC [PSYoungGen: 66048K->0K(76800K)] [ParOldGen: 166974K->170022K(174592K)] 233022K->170022K(251392K) [PSPermGen: 7344K->7344K(21504K)], 0.5821427 secs] [Times: user=2.00 sys=0.00, real=0.58 secs] 
175.629: [Full GC [PSYoungGen: 66048K->0K(76800K)] [ParOldGen: 170022K->166055K(174592K)] 236070K->166055K(251392K) [PSPermGen: 7344K->7344K(21504K)], 0.6069212 secs] [Times: user=2.18 sys=0.00, real=0.61 secs] 
176.297: [Full GC [PSYoungGen: 66048K->0K(76800K)] [ParOldGen: 166055K->169822K(174592K)] 232103K->169822K(251392K) [PSPermGen: 7344K->7344K(21504K)], 0.6190389 secs] [Times: user=2.15 sys=0.00, real=0.62 secs] 
176.994: [Full GC [PSYoungGen: 66048K->0K(76800K)] [ParOldGen: 169822K->163119K(174592K)] 235870K->163119K(251392K) [PSPermGen: 7344K->7344K(21504K)], 0.5884481 secs] [Times: user=2.08 sys=0.00, real=0.59 secs] 
177.666: [Full GC [PSYoungGen: 66048K->0K(76800K)] [ParOldGen: 163119K->159414K(174592K)] 229167K->159414K(251392K) [PSPermGen: 7344K->7344K(21504K)], 0.5483350 secs] [Times: user=2.00 sys=0.00, real=0.55 secs] 
178.281: [Full GC [PSYoungGen: 66048K->0K(76800K)] [ParOldGen: 159414K->164758K(174592K)] 225462K->164758K(251392K) [PSPermGen: 7344K->7344K(21504K)], 0.6347488 secs] [Times: user=2.25 sys=0.00, real=0.63 secs] 
178.988: [Full GC [PSYoungGen: 66048K->0K(76800K)] [ParOldGen: 164758K->168573K(174592K)] 230806K->168573K(251392K) [PSPermGen: 7344K->7344K(21504K)], 0.6156406 secs] [Times: user=2.15 sys=0.00, real=0.62 secs] 
179.679: [Full GC [PSYoungGen: 66048K->0K(76800K)] [ParOldGen: 168573K->170219K(174592K)] 234621K->170219K(251392K) [PSPermGen: 7344K->7344K(21504K)], 0.6790132 secs] [Times: user=2.31 sys=0.00, real=0.68 secs] 
180.422: [Full GC [PSYoungGen: 66048K->0K(76800K)] [ParOldGen: 170219K->170641K(174592K)] 236267K->170641K(251392K) [PSPermGen: 7344K->7344K(21504K)], 0.4951029 secs] [Times: user=1.70 sys=0.00, real=0.50 secs] 
180.995: [Full GC [PSYoungGen: 66048K->0K(76800K)] [ParOldGen: 170641K->168414K(174592K)] 236689K->168414K(251392K) [PSPermGen: 7344K->7344K(21504K)], 0.6074725 secs] [Times: user=2.20 sys=0.00, real=0.61 secs] 
181.689: [Full GC [PSYoungGen: 66048K->0K(76800K)] [ParOldGen: 168414K->170959K(174592K)] 234462K->170959K(251392K) [PSPermGen: 7344K->7344K(21504K)], 0.4813569 secs] [Times: user=1.59 sys=0.00, real=0.48 secs] 
182.231: [Full GC [PSYoungGen: 66048K->0K(76800K)] [ParOldGen: 170959K->165351K(174592K)] 237007K->165351K(251392K) [PSPermGen: 7344K->7344K(21504K)], 0.6089988 secs] [Times: user=2.09 sys=0.00, real=0.61 secs] 
182.933: [Full GC [PSYoungGen: 66048K->0K(76800K)] [ParOldGen: 165351K->165292K(174592K)] 231399K->165292K(251392K) [PSPermGen: 7344K->7344K(21504K)], 0.6046774 secs] [Times: user=2.22 sys=0.00, real=0.61 secs] 
183.619: [Full GC [PSYoungGen: 66048K->0K(76800K)] [ParOldGen: 165292K->166295K(174592K)] 231340K->166295K(251392K) [PSPermGen: 7344K->7344K(21504K)], 0.5384941 secs] [Times: user=1.92 sys=0.00, real=0.54 secs] 
184.218: [Full GC [PSYoungGen: 66048K->0K(76800K)] [ParOldGen: 166295K->161283K(174592K)] 232343K->161283K(251392K) [PSPermGen: 7344K->7344K(21504K)], 0.5806033 secs] [Times: user=2.06 sys=0.00, real=0.58 secs] 
184.879: [Full GC [PSYoungGen: 66048K->0K(76800K)] [ParOldGen: 161283K->161524K(174592K)] 227331K->161524K(251392K) [PSPermGen: 7344K->7344K(21504K)], 0.5623530 secs] [Times: user=2.01 sys=0.00, real=0.56 secs] 
185.501: [Full GC [PSYoungGen: 66048K->0K(76800K)] [ParOldGen: 161524K->160502K(174592K)] 227572K->160502K(251392K) [PSPermGen: 7344K->7344K(21504K)], 0.6192269 secs] [Times: user=2.11 sys=0.00, real=0.62 secs] 
186.199: [Full GC [PSYoungGen: 66048K->0K(76800K)] [ParOldGen: 160502K->160982K(174592K)] 226550K->160982K(251392K) [PSPermGen: 7344K->7344K(21504K)], 0.5801876 secs] [Times: user=1.97 sys=0.00, real=0.58 secs] 
186.858: [Full GC [PSYoungGen: 66048K->0K(76800K)] [ParOldGen: 160982K->162403K(174592K)] 227030K->162403K(251392K) [PSPermGen: 7344K->7344K(21504K)], 0.3190246 secs] [Times: user=1.09 sys=0.00, real=0.32 secs] 
187.247: [Full GC [PSYoungGen: 66048K->0K(76800K)] [ParOldGen: 162403K->163699K(174592K)] 228451K->163699K(251392K) [PSPermGen: 7344K->7344K(21504K)], 0.6174693 secs] [Times: user=2.09 sys=0.00, real=0.62 secs] 
187.935: [Full GC [PSYoungGen: 66048K->0K(76800K)] [ParOldGen: 163699K->166659K(174592K)] 229747K->166659K(251392K) [PSPermGen: 7344K->7344K(21504K)], 0.3606938 secs] [Times: user=1.34 sys=0.00, real=0.36 secs] 
188.361: [Full GC [PSYoungGen: 66048K->0K(76800K)] [ParOldGen: 166659K->163951K(174592K)] 232707K->163951K(251392K) [PSPermGen: 7344K->7344K(21504K)], 0.6010216 secs] [Times: user=2.11 sys=0.00, real=0.60 secs] 
189.043: [Full GC [PSYoungGen: 66048K->0K(76800K)] [ParOldGen: 163951K->166800K(174592K)] 229999K->166800K(251392K) [PSPermGen: 7344K->7344K(21504K)], 0.5443382 secs] [Times: user=1.95 sys=0.00, real=0.55 secs] 
189.655: [Full GC [PSYoungGen: 66048K->0K(76800K)] [ParOldGen: 166800K->165341K(174592K)] 232848K->165341K(251392K) [PSPermGen: 7344K->7344K(21504K)], 0.6098635 secs] [Times: user=2.17 sys=0.00, real=0.61 secs] 
190.326: [Full GC [PSYoungGen: 66048K->0K(76800K)] [ParOldGen: 165341K->169443K(174592K)] 231389K->169443K(251392K) [PSPermGen: 7344K->7344K(21504K)], 0.6087018 secs] [Times: user=2.12 sys=0.02, real=0.61 secs] 
191.003: [Full GC [PSYoungGen: 66048K->0K(76800K)] [ParOldGen: 169443K->171554K(174592K)] 235491K->171554K(251392K) [PSPermGen: 7344K->7344K(21504K)], 0.3710582 secs] [Times: user=1.30 sys=0.00, real=0.37 secs] 
191.435: [Full GC [PSYoungGen: 66048K->0K(76800K)] [ParOldGen: 171554K->168962K(174592K)] 237602K->168962K(251392K) [PSPermGen: 7344K->7344K(21504K)], 0.6374537 secs] [Times: user=2.26 sys=0.00, real=0.64 secs] 
192.153: [Full GC [PSYoungGen: 66048K->0K(76800K)] [ParOldGen: 168962K->170963K(174592K)] 235010K->170963K(251392K) [PSPermGen: 7344K->7344K(21504K)], 0.3699908 secs] [Times: user=1.36 sys=0.00, real=0.37 secs] 
192.598: [Full GC [PSYoungGen: 66048K->0K(76800K)] [ParOldGen: 170963K->166238K(174592K)] 237011K->166238K(251392K) [PSPermGen: 7344K->7344K(21504K)], 0.6111303 secs] [Times: user=2.14 sys=0.00, real=0.61 secs] 
193.269: [Full GC [PSYoungGen: 66048K->0K(76800K)] [ParOldGen: 166238K->164046K(174592K)] 232286K->164046K(251392K) [PSPermGen: 7344K->7344K(21504K)], 0.6067034 secs] [Times: user=2.22 sys=0.00, real=0.61 secs] 
193.948: [Full GC [PSYoungGen: 66048K->0K(76800K)] [ParOldGen: 164046K->164597K(174592K)] 230094K->164597K(251392K) [PSPermGen: 7344K->7344K(21504K)], 0.5065052 secs] [Times: user=1.75 sys=0.00, real=0.51 secs] 
194.520: [Full GC [PSYoungGen: 66048K->0K(76800K)] [ParOldGen: 164597K->166246K(174592K)] 230645K->166246K(251392K) [PSPermGen: 7344K->7344K(21504K)], 0.6106172 secs] [Times: user=2.26 sys=0.00, real=0.61 secs] 
195.203: [Full GC [PSYoungGen: 66048K->0K(76800K)] [ParOldGen: 166246K->164123K(174592K)] 232294K->164123K(251392K) [PSPermGen: 7344K->7344K(21504K)], 0.6036624 secs] [Times: user=2.12 sys=0.00, real=0.60 secs] 
195.879: [Full GC [PSYoungGen: 66048K->0K(76800K)] [ParOldGen: 164123K->165605K(174592K)] 230171K->165605K(251392K) [PSPermGen: 7344K->7344K(21504K)], 0.5647427 secs] [Times: user=1.93 sys=0.00, real=0.57 secs] 
196.522: [Full GC [PSYoungGen: 66048K->0K(76800K)] [ParOldGen: 165605K->167717K(174592K)] 231653K->167717K(251392K) [PSPermGen: 7344K->7344K(21504K)], 0.5979850 secs] [Times: user=2.18 sys=0.00, real=0.60 secs] 
197.194: [Full GC [PSYoungGen: 66048K->0K(76800K)] [ParOldGen: 167717K->168999K(174592K)] 233765K->168999K(251392K) [PSPermGen: 7346K->7346K(21504K)], 0.5492840 secs] [Times: user=1.97 sys=0.00, real=0.55 secs] 
197.805: [Full GC [PSYoungGen: 66048K->0K(76800K)] [ParOldGen: 168999K->169097K(174592K)] 235047K->169097K(251392K) [PSPermGen: 7346K->7316K(21504K)], 0.6141358 secs] [Times: user=2.18 sys=0.00, real=0.61 secs] 
198.476: [Full GC [PSYoungGen: 66048K->0K(76800K)] [ParOldGen: 169097K->169964K(174592K)] 235145K->169964K(251392K) [PSPermGen: 7316K->7316K(21504K)], 0.6215669 secs] [Times: user=2.28 sys=0.00, real=0.62 secs] 
199.181: [Full GC [PSYoungGen: 66048K->0K(76800K)] [ParOldGen: 169964K->164406K(174592K)] 236012K->164406K(251392K) [PSPermGen: 7316K->7316K(21504K)], 0.6231519 secs] [Times: user=2.14 sys=0.00, real=0.62 secs] 
199.877: [Full GC [PSYoungGen: 66048K->0K(76800K)] [ParOldGen: 164406K->160852K(174592K)] 230454K->160852K(251392K) [PSPermGen: 7316K->7316K(21504K)], 0.5565204 secs] [Times: user=1.93 sys=0.00, real=0.56 secs] 
200.490: [Full GC [PSYoungGen: 66048K->0K(76800K)] [ParOldGen: 160852K->161157K(174592K)] 226900K->161157K(251392K) [PSPermGen: 7317K->7317K(21504K)], 0.5791427 secs] [Times: user=2.09 sys=0.00, real=0.58 secs] 
201.138: [Full GC [PSYoungGen: 66048K->0K(76800K)] [ParOldGen: 161157K->163399K(174592K)] 227205K->163399K(251392K) [PSPermGen: 7317K->7317K(21504K)], 0.3706871 secs] [Times: user=1.39 sys=0.00, real=0.37 secs] 
201.562: [Full GC [PSYoungGen: 66048K->0K(76800K)] [ParOldGen: 163399K->162476K(174592K)] 229447K->162476K(251392K) [PSPermGen: 7317K->7317K(21504K)], 0.5762367 secs] [Times: user=1.84 sys=0.00, real=0.58 secs] 
202.208: [Full GC [PSYoungGen: 66048K->0K(76800K)] [ParOldGen: 162476K->163325K(174592K)] 228524K->163325K(251392K) [PSPermGen: 7317K->7317K(21504K)], 0.3680973 secs] [Times: user=1.22 sys=0.00, real=0.37 secs] 
202.635: [Full GC [PSYoungGen: 66048K->0K(76800K)] [ParOldGen: 163325K->160739K(174592K)] 229373K->160739K(251392K) [PSPermGen: 7317K->7317K(21504K)], 0.6025790 secs] [Times: user=2.12 sys=0.02, real=0.60 secs] 
203.297: [Full GC [PSYoungGen: 66048K->0K(76800K)] [ParOldGen: 160739K->164389K(174592K)] 226787K->164389K(251392K) [PSPermGen: 7317K->7317K(21504K)], 0.5755763 secs] [Times: user=2.08 sys=0.00, real=0.58 secs] 
203.954: [Full GC [PSYoungGen: 66048K->0K(76800K)] [ParOldGen: 164389K->171493K(174592K)] 230437K->171493K(251392K) [PSPermGen: 7317K->7317K(21504K)], 0.6227378 secs] [Times: user=2.17 sys=0.00, real=0.62 secs] 
204.657: [Full GC [PSYoungGen: 66048K->0K(76800K)] [ParOldGen: 171493K->171504K(174592K)] 237541K->171504K(251392K) [PSPermGen: 7317K->7308K(21504K)], 0.6366429 secs] [Times: user=2.29 sys=0.00, real=0.64 secs] 
205.352: [Full GC [PSYoungGen: 66048K->0K(76800K)] [ParOldGen: 171504K->171314K(174592K)] 237552K->171314K(251392K) [PSPermGen: 7308K->7308K(21504K)], 0.4689476 secs] [Times: user=1.28 sys=0.00, real=0.47 secs] 
205.905: [Full GC [PSYoungGen: 66048K->501K(76800K)] [ParOldGen: 171314K->174468K(174592K)] 237362K->174969K(251392K) [PSPermGen: 7308K->7308K(21504K)], 0.5002662 secs] [Times: user=1.42 sys=0.00, real=0.50 secs] 
206.464: [Full GC [PSYoungGen: 66048K->0K(76800K)] [ParOldGen: 174468K->173758K(174592K)] 240516K->173758K(251392K) [PSPermGen: 7308K->7308K(21504K)], 0.5522651 secs] [Times: user=1.53 sys=0.02, real=0.55 secs] 
207.092: [Full GC [PSYoungGen: 66048K->0K(76800K)] [ParOldGen: 173758K->173914K(174592K)] 239806K->173914K(251392K) [PSPermGen: 7308K->7308K(21504K)], 0.4662606 secs] [Times: user=1.45 sys=0.00, real=0.47 secs] 
207.618: [Full GC [PSYoungGen: 66048K->0K(76800K)] [ParOldGen: 173914K->171998K(174592K)] 239962K->171998K(251392K) [PSPermGen: 7308K->7308K(21504K)], 0.4487589 secs] [Times: user=1.34 sys=0.00, real=0.45 secs] 
208.129: [Full GC [PSYoungGen: 66048K->0K(76800K)] [ParOldGen: 171998K->166321K(174592K)] 238046K->166321K(251392K) [PSPermGen: 7308K->7308K(21504K)], 0.6853458 secs] [Times: user=2.03 sys=0.00, real=0.69 secs] 
208.905: [Full GC [PSYoungGen: 66048K->0K(76800K)] [ParOldGen: 166321K->166080K(174592K)] 232369K->166080K(251392K) [PSPermGen: 7308K->7308K(21504K)], 0.4830394 secs] [Times: user=1.23 sys=0.00, real=0.48 secs] 
209.459: [Full GC [PSYoungGen: 66048K->0K(76800K)] [ParOldGen: 166080K->165963K(174592K)] 232128K->165963K(251392K) [PSPermGen: 7308K->7308K(21504K)], 0.5981870 secs] [Times: user=2.09 sys=0.00, real=0.60 secs] 
210.128: [Full GC [PSYoungGen: 66048K->0K(76800K)] [ParOldGen: 165963K->167072K(174592K)] 232011K->167072K(251392K) [PSPermGen: 7308K->7308K(21504K)], 0.6121156 secs] [Times: user=2.09 sys=0.00, real=0.61 secs] 
210.827: [Full GC [PSYoungGen: 66047K->0K(76800K)] [ParOldGen: 167072K->166818K(174592K)] 233120K->166818K(251392K) [PSPermGen: 7308K->7308K(21504K)], 0.3761756 secs] [Times: user=1.28 sys=0.00, real=0.38 secs] 
211.261: [Full GC [PSYoungGen: 66048K->0K(76800K)] [ParOldGen: 166818K->168069K(174592K)] 232866K->168069K(251392K) [PSPermGen: 7308K->7308K(21504K)], 0.5852107 secs] [Times: user=2.15 sys=0.00, real=0.59 secs] 
211.914: [Full GC [PSYoungGen: 66048K->0K(76800K)] [ParOldGen: 168069K->168521K(174592K)] 234117K->168521K(251392K) [PSPermGen: 7308K->7308K(21504K)], 0.3184781 secs] [Times: user=1.22 sys=0.00, real=0.32 secs] 
212.292: [Full GC [PSYoungGen: 66048K->0K(76800K)] [ParOldGen: 168521K->166769K(174592K)] 234569K->166769K(251392K) [PSPermGen: 7308K->7308K(21504K)], 0.3737971 secs] [Times: user=1.12 sys=0.00, real=0.37 secs] 
212.748: [Full GC [PSYoungGen: 66048K->0K(76800K)] [ParOldGen: 166769K->168443K(174592K)] 232817K->168443K(251392K) [PSPermGen: 7308K->7308K(21504K)], 0.6513983 secs] [Times: user=2.14 sys=0.00, real=0.65 secs] 
213.462: [Full GC [PSYoungGen: 66048K->0K(76800K)] [ParOldGen: 168443K->167649K(174592K)] 234491K->167649K(251392K) [PSPermGen: 7308K->7308K(21504K)], 0.3472217 secs] [Times: user=1.20 sys=0.00, real=0.35 secs] 
213.882: [Full GC [PSYoungGen: 66048K->0K(76800K)] [ParOldGen: 167649K->167375K(174592K)] 233697K->167375K(251392K) [PSPermGen: 7308K->7308K(21504K)], 0.5785051 secs] [Times: user=2.01 sys=0.00, real=0.58 secs] 
214.520: [Full GC [PSYoungGen: 66048K->0K(76800K)] [ParOldGen: 167375K->169386K(174592K)] 233423K->169386K(251392K) [PSPermGen: 7308K->7308K(21504K)], 0.6134097 secs] [Times: user=2.11 sys=0.00, real=0.61 secs] 
215.211: [Full GC [PSYoungGen: 66048K->0K(76800K)] [ParOldGen: 169386K->170109K(174592K)] 235434K->170109K(251392K) [PSPermGen: 7308K->7308K(21504K)], 0.4608206 secs] [Times: user=1.59 sys=0.00, real=0.46 secs] 
215.749: [Full GC [PSYoungGen: 66048K->0K(76800K)] [ParOldGen: 170109K->167815K(174592K)] 236157K->167815K(251392K) [PSPermGen: 7308K->7308K(21504K)], 0.6097964 secs] [Times: user=2.26 sys=0.00, real=0.61 secs] 
216.416: [Full GC [PSYoungGen: 66048K->0K(76800K)] [ParOldGen: 167815K->170520K(174592K)] 233863K->170520K(251392K) [PSPermGen: 7308K->7308K(21504K)], 0.6564727 secs] [Times: user=2.14 sys=0.00, real=0.66 secs] 
217.142: [Full GC [PSYoungGen: 66048K->0K(76800K)] [ParOldGen: 170520K->166834K(174592K)] 236568K->166834K(251392K) [PSPermGen: 7308K->7308K(21504K)], 0.6403200 secs] [Times: user=1.87 sys=0.00, real=0.64 secs] 
217.855: [Full GC [PSYoungGen: 66048K->0K(76800K)] [ParOldGen: 166834K->166513K(174592K)] 232882K->166513K(251392K) [PSPermGen: 7308K->7308K(21504K)], 0.6724250 secs] [Times: user=2.14 sys=0.00, real=0.67 secs] 
218.609: [Full GC [PSYoungGen: 66048K->0K(76800K)] [ParOldGen: 166513K->169864K(174592K)] 232561K->169864K(251392K) [PSPermGen: 7309K->7309K(21504K)], 0.6124405 secs] [Times: user=2.17 sys=0.00, real=0.61 secs] 
219.280: [Full GC [PSYoungGen: 66048K->0K(76800K)] [ParOldGen: 169864K->169018K(174592K)] 235912K->169018K(251392K) [PSPermGen: 7309K->7309K(21504K)], 0.5030132 secs] [Times: user=1.64 sys=0.00, real=0.50 secs] 
219.858: [Full GC [PSYoungGen: 66048K->0K(76800K)] [ParOldGen: 169018K->164693K(174592K)] 235066K->164693K(251392K) [PSPermGen: 7309K->7309K(21504K)], 0.6199928 secs] [Times: user=2.15 sys=0.00, real=0.62 secs] 
220.538: [Full GC [PSYoungGen: 66048K->0K(76800K)] [ParOldGen: 164693K->167441K(174592K)] 230741K->167441K(251392K) [PSPermGen: 7309K->7309K(21504K)], 0.6253283 secs] [Times: user=2.25 sys=0.01, real=0.63 secs] 
221.234: [Full GC [PSYoungGen: 66048K->0K(76800K)] [ParOldGen: 167441K->169018K(174592K)] 233489K->169018K(251392K) [PSPermGen: 7309K->7309K(21504K)], 0.3862978 secs] [Times: user=1.19 sys=0.00, real=0.39 secs] 
221.686: [Full GC [PSYoungGen: 66048K->0K(76800K)] [ParOldGen: 169018K->168664K(174592K)] 235066K->168664K(251392K) [PSPermGen: 7309K->7309K(21504K)], 0.6260720 secs] [Times: user=2.22 sys=0.00, real=0.63 secs] 
222.371: [Full GC [PSYoungGen: 66047K->0K(76800K)] [ParOldGen: 168664K->164790K(174592K)] 234712K->164790K(251392K) [PSPermGen: 7309K->7309K(21504K)], 0.6040578 secs] [Times: user=2.15 sys=0.00, real=0.60 secs] 
223.043: [Full GC [PSYoungGen: 66048K->0K(76800K)] [ParOldGen: 164790K->167819K(174592K)] 230838K->167819K(251392K) [PSPermGen: 7309K->7309K(21504K)], 0.3699880 secs] [Times: user=1.20 sys=0.00, real=0.37 secs] 
223.471: [Full GC [PSYoungGen: 66048K->0K(76800K)] [ParOldGen: 167819K->163085K(174592K)] 233867K->163085K(251392K) [PSPermGen: 7309K->7309K(21504K)], 0.6018198 secs] [Times: user=2.14 sys=0.00, real=0.60 secs] 
224.152: [Full GC [PSYoungGen: 66048K->0K(76800K)] [ParOldGen: 163085K->165528K(174592K)] 229133K->165528K(251392K) [PSPermGen: 7310K->7310K(21504K)], 0.6308190 secs] [Times: user=2.17 sys=0.00, real=0.63 secs] 
224.856: [Full GC [PSYoungGen: 66048K->0K(76800K)] [ParOldGen: 165528K->165706K(174592K)] 231576K->165706K(251392K) [PSPermGen: 7311K->7311K(21504K)], 0.3769062 secs] [Times: user=1.28 sys=0.00, real=0.38 secs] 
225.299: [Full GC [PSYoungGen: 66048K->0K(76800K)] [ParOldGen: 165706K->166466K(174592K)] 231754K->166466K(251392K) [PSPermGen: 7311K->7311K(21504K)], 0.6238908 secs] [Times: user=2.23 sys=0.00, real=0.62 secs] 
225.995: [Full GC [PSYoungGen: 66048K->0K(76800K)] [ParOldGen: 166466K->169759K(174592K)] 232514K->169759K(251392K) [PSPermGen: 7311K->7311K(21504K)], 0.3866237 secs] [Times: user=1.33 sys=0.00, real=0.39 secs] 
226.442: [Full GC [PSYoungGen: 66048K->0K(76800K)] [ParOldGen: 169759K->166017K(174592K)] 235807K->166017K(251392K) [PSPermGen: 7311K->7311K(21504K)], 0.6071098 secs] [Times: user=2.14 sys=0.00, real=0.61 secs] 
227.151: [Full GC [PSYoungGen: 66048K->0K(76800K)] [ParOldGen: 166017K->166803K(174592K)] 232065K->166803K(251392K) [PSPermGen: 7311K->7311K(21504K)], 0.6178058 secs] [Times: user=2.14 sys=0.00, real=0.62 secs] 
227.838: [Full GC [PSYoungGen: 66048K->0K(76800K)] [ParOldGen: 166803K->169218K(174592K)] 232851K->169218K(251392K) [PSPermGen: 7311K->7311K(21504K)], 0.5911383 secs] [Times: user=2.15 sys=0.00, real=0.59 secs] 
228.486: [Full GC [PSYoungGen: 66048K->0K(76800K)] [ParOldGen: 169218K->172764K(174592K)] 235266K->172764K(251392K) [PSPermGen: 7311K->7311K(21504K)], 0.6230675 secs] [Times: user=2.15 sys=0.00, real=0.62 secs] 
229.185: [Full GC [PSYoungGen: 66048K->0K(76800K)] [ParOldGen: 172764K->169560K(174592K)] 238812K->169560K(251392K) [PSPermGen: 7311K->7311K(21504K)], 0.6074905 secs] [Times: user=2.20 sys=0.00, real=0.61 secs] 
229.867: [Full GC [PSYoungGen: 66048K->0K(76800K)] [ParOldGen: 169560K->172507K(174592K)] 235608K->172507K(251392K) [PSPermGen: 7311K->7311K(21504K)], 0.6297189 secs] [Times: user=2.25 sys=0.00, real=0.63 secs] 
230.560: [Full GC [PSYoungGen: 66048K->0K(76800K)] [ParOldGen: 172507K->166607K(174592K)] 238555K->166607K(251392K) [PSPermGen: 7311K->7311K(21504K)], 0.6121601 secs] [Times: user=2.23 sys=0.00, real=0.61 secs] 
231.246: [Full GC [PSYoungGen: 66048K->0K(76800K)] [ParOldGen: 166607K->165496K(174592K)] 232655K->165496K(251392K) [PSPermGen: 7311K->7311K(21504K)], 0.5956328 secs] [Times: user=2.12 sys=0.00, real=0.60 secs] 
231.912: [Full GC [PSYoungGen: 66048K->0K(76800K)] [ParOldGen: 165496K->163970K(174592K)] 231544K->163970K(251392K) [PSPermGen: 7311K->7311K(21504K)], 0.6016771 secs] [Times: user=2.20 sys=0.00, real=0.60 secs] 
232.578: [Full GC [PSYoungGen: 66048K->0K(76800K)] [ParOldGen: 163970K->164752K(174592K)] 230018K->164752K(251392K) [PSPermGen: 7311K->7311K(21504K)], 0.6414191 secs] [Times: user=1.98 sys=0.00, real=0.64 secs] 
233.297: [Full GC [PSYoungGen: 66048K->0K(76800K)] [ParOldGen: 164752K->165969K(174592K)] 230800K->165969K(251392K) [PSPermGen: 7311K->7311K(21504K)], 0.6434887 secs] [Times: user=2.11 sys=0.00, real=0.64 secs] 
234.011: [Full GC [PSYoungGen: 66047K->0K(76800K)] [ParOldGen: 165969K->162873K(174592K)] 232017K->162873K(251392K) [PSPermGen: 7311K->7311K(21504K)], 0.6041354 secs] [Times: user=2.11 sys=0.00, real=0.60 secs] 
234.691: [Full GC [PSYoungGen: 66048K->0K(76800K)] [ParOldGen: 162873K->161712K(174592K)] 228921K->161712K(251392K) [PSPermGen: 7311K->7311K(21504K)], 0.6025963 secs] [Times: user=2.17 sys=0.00, real=0.60 secs] 
235.347: [Full GC [PSYoungGen: 66048K->0K(76800K)] [ParOldGen: 161712K->162329K(174592K)] 227760K->162329K(251392K) [PSPermGen: 7311K->7311K(21504K)], 0.4274279 secs] [Times: user=1.17 sys=0.00, real=0.43 secs] 
235.840: [Full GC [PSYoungGen: 66048K->0K(76800K)] [ParOldGen: 162329K->164939K(174592K)] 228377K->164939K(251392K) [PSPermGen: 7311K->7311K(21504K)], 0.4224894 secs] [Times: user=1.09 sys=0.00, real=0.42 secs] 
236.315: [Full GC [PSYoungGen: 66048K->0K(76800K)] [ParOldGen: 164939K->163015K(174592K)] 230987K->163015K(251392K) [PSPermGen: 7311K->7311K(21504K)], 0.4776965 secs] [Times: user=1.22 sys=0.00, real=0.48 secs] 
236.874: [Full GC [PSYoungGen: 66048K->0K(76800K)] [ParOldGen: 163015K->165499K(174592K)] 229063K->165499K(251392K) [PSPermGen: 7311K->7311K(21504K)], 0.4198409 secs] [Times: user=1.15 sys=0.00, real=0.42 secs] 
237.345: [Full GC [PSYoungGen: 66048K->0K(76800K)] [ParOldGen: 165499K->164210K(174592K)] 231547K->164210K(251392K) [PSPermGen: 7311K->7311K(21504K)], 0.5109234 secs] [Times: user=1.61 sys=0.00, real=0.51 secs] 
237.930: [Full GC [PSYoungGen: 66048K->0K(76800K)] [ParOldGen: 164210K->165692K(174592K)] 230258K->165692K(251392K) [PSPermGen: 7311K->7311K(21504K)], 0.6292959 secs] [Times: user=1.45 sys=0.00, real=0.63 secs] 
238.608: [Full GC [PSYoungGen: 66048K->0K(76800K)] [ParOldGen: 165692K->164649K(174592K)] 231740K->164649K(251392K) [PSPermGen: 7311K->7311K(21504K)], 0.5123198 secs] [Times: user=1.37 sys=0.00, real=0.51 secs] 
239.182: [Full GC [PSYoungGen: 66048K->0K(76800K)] [ParOldGen: 164649K->165635K(174592K)] 230697K->165635K(251392K) [PSPermGen: 7311K->7311K(21504K)], 0.4198948 secs] [Times: user=1.12 sys=0.00, real=0.42 secs] 
239.676: [Full GC [PSYoungGen: 66048K->0K(76800K)] [ParOldGen: 165635K->166258K(174592K)] 231683K->166258K(251392K) [PSPermGen: 7311K->7311K(21504K)], 0.4098540 secs] [Times: user=1.22 sys=0.00, real=0.41 secs] 
240.139: [Full GC [PSYoungGen: 66048K->0K(76800K)] [ParOldGen: 166258K->165662K(174592K)] 232306K->165662K(251392K) [PSPermGen: 7311K->7311K(21504K)], 0.6134517 secs] [Times: user=2.09 sys=0.00, real=0.61 secs] 
240.825: [Full GC [PSYoungGen: 66048K->0K(76800K)] [ParOldGen: 165662K->169222K(174592K)] 231710K->169222K(251392K) [PSPermGen: 7311K->7311K(21504K)], 0.4628623 secs] [Times: user=1.39 sys=0.00, real=0.46 secs] 
241.348: [Full GC [PSYoungGen: 66048K->0K(76800K)] [ParOldGen: 169222K->165538K(174592K)] 235270K->165538K(251392K) [PSPermGen: 7311K->7311K(21504K)], 0.5841437 secs] [Times: user=1.97 sys=0.02, real=0.58 secs] 
242.009: [Full GC [PSYoungGen: 66048K->0K(76800K)] [ParOldGen: 165538K->167614K(174592K)] 231586K->167614K(251392K) [PSPermGen: 7311K->7311K(21504K)], 0.3990820 secs] [Times: user=1.39 sys=0.00, real=0.40 secs] 
242.469: [Full GC [PSYoungGen: 66048K->0K(76800K)] [ParOldGen: 167614K->161602K(174592K)] 233662K->161602K(251392K) [PSPermGen: 7311K->7311K(21504K)], 0.6813929 secs] [Times: user=1.95 sys=0.00, real=0.68 secs] 
243.227: [Full GC [PSYoungGen: 66048K->0K(76800K)] [ParOldGen: 161602K->161725K(174592K)] 227650K->161725K(251392K) [PSPermGen: 7311K->7311K(21504K)], 0.6433816 secs] [Times: user=2.18 sys=0.00, real=0.64 secs] 
243.935: [Full GC [PSYoungGen: 66048K->0K(76800K)] [ParOldGen: 161725K->160479K(174592K)] 227773K->160479K(251392K) [PSPermGen: 7311K->7311K(21504K)], 0.6224854 secs] [Times: user=2.12 sys=0.00, real=0.62 secs] 
244.611: [Full GC [PSYoungGen: 66048K->0K(76800K)] [ParOldGen: 160479K->162156K(174592K)] 226527K->162156K(251392K) [PSPermGen: 7311K->7311K(21504K)], 0.3671566 secs] [Times: user=1.17 sys=0.00, real=0.37 secs] 
245.051: [Full GC [PSYoungGen: 66048K->0K(76800K)] [ParOldGen: 162156K->160458K(174592K)] 228204K->160458K(251392K) [PSPermGen: 7311K->7311K(21504K)], 0.6110017 secs] [Times: user=2.03 sys=0.00, real=0.61 secs] 
245.735: [Full GC [PSYoungGen: 66048K->0K(76800K)] [ParOldGen: 160458K->163271K(174592K)] 226506K->163271K(251392K) [PSPermGen: 7311K->7311K(21504K)], 0.4475367 secs] [Times: user=1.33 sys=0.00, real=0.45 secs] 
246.238: [Full GC [PSYoungGen: 66048K->0K(76800K)] [ParOldGen: 163271K->163500K(174592K)] 229319K->163500K(251392K) [PSPermGen: 7311K->7311K(21504K)], 0.5563142 secs] [Times: user=1.89 sys=0.00, real=0.56 secs] 
246.876: [Full GC [PSYoungGen: 66048K->0K(76800K)] [ParOldGen: 163500K->168108K(174592K)] 229548K->168108K(251392K) [PSPermGen: 7311K->7311K(21504K)], 0.6042653 secs] [Times: user=2.17 sys=0.00, real=0.60 secs] 
247.539: [Full GC [PSYoungGen: 66048K->0K(76800K)] [ParOldGen: 168108K->167409K(174592K)] 234156K->167409K(251392K) [PSPermGen: 7311K->7311K(21504K)], 0.6050302 secs] [Times: user=2.17 sys=0.00, real=0.61 secs] 
248.224: [Full GC [PSYoungGen: 66048K->0K(76800K)] [ParOldGen: 167409K->166455K(174592K)] 233457K->166455K(251392K) [PSPermGen: 7311K->7311K(21504K)], 0.6169998 secs] [Times: user=1.90 sys=0.00, real=0.62 secs] 
248.922: [Full GC [PSYoungGen: 66048K->0K(76800K)] [ParOldGen: 166455K->166581K(174592K)] 232503K->166581K(251392K) [PSPermGen: 7311K->7311K(21504K)], 0.6574698 secs] [Times: user=2.28 sys=0.00, real=0.66 secs] 
249.653: [Full GC [PSYoungGen: 66048K->0K(76800K)] [ParOldGen: 166581K->167755K(174592K)] 232629K->167755K(251392K) [PSPermGen: 7311K->7311K(21504K)], 0.6290027 secs] [Times: user=2.15 sys=0.00, real=0.63 secs] 
250.349: [Full GC [PSYoungGen: 66048K->0K(76800K)] [ParOldGen: 167755K->163671K(174592K)] 233803K->163671K(251392K) [PSPermGen: 7311K->7311K(21504K)], 0.6110822 secs] [Times: user=2.09 sys=0.00, real=0.61 secs] 
251.044: [Full GC [PSYoungGen: 66048K->0K(76800K)] [ParOldGen: 163671K->164556K(174592K)] 229719K->164556K(251392K) [PSPermGen: 7311K->7311K(21504K)], 0.6586930 secs] [Times: user=2.31 sys=0.00, real=0.66 secs] 
251.806: [Full GC [PSYoungGen: 66048K->0K(76800K)] [ParOldGen: 164556K->165790K(174592K)] 230604K->165790K(251392K) [PSPermGen: 7311K->7311K(21504K)], 0.4162963 secs] [Times: user=1.28 sys=0.00, real=0.42 secs] 
252.283: [Full GC [PSYoungGen: 66048K->0K(76800K)] [ParOldGen: 165790K->160308K(174592K)] 231838K->160308K(251392K) [PSPermGen: 7311K->7311K(21504K)], 0.6369425 secs] [Times: user=2.12 sys=0.02, real=0.64 secs] 
253.001: [Full GC [PSYoungGen: 66048K->0K(76800K)] [ParOldGen: 160308K->162526K(174592K)] 226356K->162526K(251392K) [PSPermGen: 7311K->7311K(21504K)], 0.4407778 secs] [Times: user=1.47 sys=0.00, real=0.44 secs] 
253.503: [Full GC [PSYoungGen: 66048K->0K(76800K)] [ParOldGen: 162526K->162932K(174592K)] 228574K->162932K(251392K) [PSPermGen: 7311K->7311K(21504K)], 0.6232455 secs] [Times: user=2.18 sys=0.00, real=0.62 secs] 
254.239: [Full GC [PSYoungGen: 66048K->0K(76800K)] [ParOldGen: 162932K->164389K(174592K)] 228980K->164389K(251392K) [PSPermGen: 7311K->7311K(21504K)], 0.6010520 secs] [Times: user=1.87 sys=0.00, real=0.60 secs] 
254.906: [Full GC [PSYoungGen: 66048K->0K(76800K)] [ParOldGen: 164389K->162396K(174592K)] 230437K->162396K(251392K) [PSPermGen: 7311K->7311K(21504K)], 0.6863804 secs] [Times: user=2.25 sys=0.00, real=0.69 secs] 
255.682: [Full GC [PSYoungGen: 66048K->0K(76800K)] [ParOldGen: 162396K->163751K(174592K)] 228444K->163751K(251392K) [PSPermGen: 7311K->7311K(21504K)], 0.4548103 secs] [Times: user=1.17 sys=0.00, real=0.45 secs] 
256.199: [Full GC [PSYoungGen: 66048K->0K(76800K)] [ParOldGen: 163751K->165905K(174592K)] 229799K->165905K(251392K) [PSPermGen: 7311K->7311K(21504K)], 0.6748297 secs] [Times: user=2.23 sys=0.00, real=0.67 secs] 
256.978: [Full GC [PSYoungGen: 66048K->0K(76800K)] [ParOldGen: 165905K->167913K(174592K)] 231953K->167913K(251392K) [PSPermGen: 7311K->7311K(21504K)], 0.4402403 secs] [Times: user=1.14 sys=0.00, real=0.44 secs] 
257.480: [Full GC [PSYoungGen: 66048K->0K(76800K)] [ParOldGen: 167913K->170221K(174592K)] 233961K->170221K(251392K) [PSPermGen: 7311K->7311K(21504K)], 0.7053215 secs] [Times: user=2.22 sys=0.00, real=0.70 secs] 
258.278: [Full GC [PSYoungGen: 66048K->0K(76800K)] [ParOldGen: 170221K->172322K(174592K)] 236269K->172322K(251392K) [PSPermGen: 7311K->7311K(21504K)], 0.3660963 secs] [Times: user=0.81 sys=0.00, real=0.37 secs] 
258.702: [Full GC [PSYoungGen: 66048K->0K(76800K)] [ParOldGen: 172322K->169031K(174592K)] 238370K->169031K(251392K) [PSPermGen: 7311K->7311K(21504K)], 0.6657700 secs] [Times: user=2.20 sys=0.00, real=0.66 secs] 
259.438: [Full GC [PSYoungGen: 66048K->0K(76800K)] [ParOldGen: 169031K->169534K(174592K)] 235079K->169534K(251392K) [PSPermGen: 7311K->7311K(21504K)], 0.6079180 secs] [Times: user=1.65 sys=0.00, real=0.61 secs] 
260.134: [Full GC [PSYoungGen: 66048K->0K(76800K)] [ParOldGen: 169534K->170114K(174592K)] 235582K->170114K(251392K) [PSPermGen: 7311K->7311K(21504K)], 0.4164804 secs] [Times: user=1.22 sys=0.00, real=0.42 secs] 
260.632: [Full GC [PSYoungGen: 66048K->0K(76800K)] [ParOldGen: 170114K->168499K(174592K)] 236162K->168499K(251392K) [PSPermGen: 7311K->7311K(21504K)], 0.6615417 secs] [Times: user=2.17 sys=0.00, real=0.66 secs] 
261.350: [Full GC [PSYoungGen: 66048K->0K(76800K)] [ParOldGen: 168499K->166716K(174592K)] 234547K->166716K(251392K) [PSPermGen: 7311K->7311K(21504K)], 0.6951890 secs] [Times: user=2.22 sys=0.00, real=0.69 secs] 
262.127: [Full GC [PSYoungGen: 66048K->0K(76800K)] [ParOldGen: 166716K->168478K(174592K)] 232764K->168478K(251392K) [PSPermGen: 7311K->7311K(21504K)], 0.4405155 secs] [Times: user=1.22 sys=0.00, real=0.44 secs] 
262.632: [Full GC [PSYoungGen: 66048K->0K(76800K)] [ParOldGen: 168478K->163865K(174592K)] 234526K->163865K(251392K) [PSPermGen: 7311K->7311K(21504K)], 0.6339062 secs] [Times: user=2.17 sys=0.00, real=0.63 secs] 
263.334: [Full GC [PSYoungGen: 66048K->0K(76800K)] [ParOldGen: 163865K->163005K(174592K)] 229913K->163005K(251392K) [PSPermGen: 7311K->7311K(21504K)], 0.4962902 secs] [Times: user=1.82 sys=0.00, real=0.50 secs] 
263.912: [Full GC [PSYoungGen: 66048K->0K(76800K)] [ParOldGen: 163005K->164274K(174592K)] 229053K->164274K(251392K) [PSPermGen: 7311K->7311K(21504K)], 0.5958192 secs] [Times: user=1.89 sys=0.00, real=0.60 secs] 
264.570: [Full GC [PSYoungGen: 66048K->0K(76800K)] [ParOldGen: 164274K->163308K(174592K)] 230322K->163308K(251392K) [PSPermGen: 7311K->7311K(21504K)], 0.6117108 secs] [Times: user=2.00 sys=0.00, real=0.61 secs] 
265.263: [Full GC [PSYoungGen: 66048K->0K(76800K)] [ParOldGen: 163308K->163038K(174592K)] 229356K->163038K(251392K) [PSPermGen: 7311K->7311K(21504K)], 0.4012180 secs] [Times: user=1.44 sys=0.00, real=0.40 secs] 
265.731: [Full GC [PSYoungGen: 66048K->0K(76800K)] [ParOldGen: 163038K->161308K(174592K)] 229086K->161308K(251392K) [PSPermGen: 7311K->7311K(21504K)], 0.4650865 secs] [Times: user=1.51 sys=0.00, real=0.47 secs] 
266.263: [Full GC [PSYoungGen: 66048K->0K(76800K)] [ParOldGen: 161308K->165339K(174592K)] 227356K->165339K(251392K) [PSPermGen: 7311K->7311K(21504K)], 0.5874343 secs] [Times: user=2.12 sys=0.00, real=0.59 secs] 
266.931: [Full GC [PSYoungGen: 66048K->0K(76800K)] [ParOldGen: 165339K->166547K(174592K)] 231387K->166547K(251392K) [PSPermGen: 7311K->7311K(21504K)], 0.3676345 secs] [Times: user=1.26 sys=0.00, real=0.37 secs] 
267.365: [Full GC [PSYoungGen: 66048K->0K(76800K)] [ParOldGen: 166547K->166624K(174592K)] 232595K->166624K(251392K) [PSPermGen: 7311K->7311K(21504K)], 0.6169520 secs] [Times: user=2.15 sys=0.00, real=0.62 secs] 
268.063: [Full GC [PSYoungGen: 66048K->0K(76800K)] [ParOldGen: 166624K->168392K(174592K)] 232672K->168392K(251392K) [PSPermGen: 7311K->7311K(21504K)], 0.4261293 secs] [Times: user=1.40 sys=0.00, real=0.43 secs] 
268.558: [Full GC [PSYoungGen: 66048K->0K(76800K)] [ParOldGen: 168392K->160966K(174592K)] 234440K->160966K(251392K) [PSPermGen: 7311K->7311K(21504K)], 0.6268199 secs] [Times: user=2.15 sys=0.00, real=0.63 secs] 
269.258: [Full GC [PSYoungGen: 66048K->0K(76800K)] [ParOldGen: 160966K->164404K(174592K)] 227014K->164404K(251392K) [PSPermGen: 7311K->7311K(21504K)], 0.3222139 secs] [Times: user=1.15 sys=0.00, real=0.32 secs] 
269.641: [Full GC [PSYoungGen: 66048K->0K(76800K)] [ParOldGen: 164404K->165400K(174592K)] 230452K->165400K(251392K) [PSPermGen: 7311K->7311K(21504K)], 0.5950934 secs] [Times: user=2.12 sys=0.00, real=0.60 secs] 
270.293: [Full GC [PSYoungGen: 66048K->0K(76800K)] [ParOldGen: 165400K->168898K(174592K)] 231448K->168898K(251392K) [PSPermGen: 7311K->7311K(21504K)], 0.6451625 secs] [Times: user=2.09 sys=0.00, real=0.64 secs] 
271.017: [Full GC [PSYoungGen: 66048K->0K(76800K)] [ParOldGen: 168898K->169159K(174592K)] 234946K->169159K(251392K) [PSPermGen: 7311K->7311K(21504K)], 0.6558730 secs] [Times: user=2.18 sys=0.00, real=0.66 secs] 
271.752: [Full GC [PSYoungGen: 66048K->0K(76800K)] [ParOldGen: 169159K->169959K(174592K)] 235207K->169959K(251392K) [PSPermGen: 7311K->7311K(21504K)], 0.4077033 secs] [Times: user=1.43 sys=0.00, real=0.41 secs] 
272.222: [Full GC [PSYoungGen: 66048K->0K(76800K)] [ParOldGen: 169959K->164956K(174592K)] 236007K->164956K(251392K) [PSPermGen: 7311K->7311K(21504K)], 0.6133731 secs] [Times: user=2.07 sys=0.00, real=0.61 secs] 
272.920: [Full GC [PSYoungGen: 66048K->0K(76800K)] [ParOldGen: 164956K->166263K(174592K)] 231004K->166263K(251392K) [PSPermGen: 7311K->7311K(21504K)], 0.4157710 secs] [Times: user=1.37 sys=0.00, real=0.42 secs] 
273.397: [Full GC [PSYoungGen: 66048K->0K(76800K)] [ParOldGen: 166263K->162650K(174592K)] 232311K->162650K(251392K) [PSPermGen: 7311K->7311K(21504K)], 0.5850828 secs] [Times: user=2.20 sys=0.00, real=0.59 secs] 
274.060: [Full GC [PSYoungGen: 66048K->0K(76800K)] [ParOldGen: 162650K->165669K(174592K)] 228698K->165669K(251392K) [PSPermGen: 7311K->7311K(21504K)], 0.6059879 secs] [Times: user=2.18 sys=0.00, real=0.61 secs] 
274.733: [Full GC [PSYoungGen: 66048K->0K(76800K)] [ParOldGen: 165669K->164830K(174592K)] 231717K->164830K(251392K) [PSPermGen: 7311K->7311K(21504K)], 0.6011438 secs] [Times: user=2.12 sys=0.00, real=0.60 secs] 
275.389: [Full GC [PSYoungGen: 66048K->0K(76800K)] [ParOldGen: 164830K->165005K(174592K)] 230878K->165005K(251392K) [PSPermGen: 7311K->7311K(21504K)], 0.5733014 secs] [Times: user=2.12 sys=0.00, real=0.57 secs] 
276.036: [Full GC [PSYoungGen: 66048K->0K(76800K)] [ParOldGen: 165005K->165590K(174592K)] 231053K->165590K(251392K) [PSPermGen: 7311K->7311K(21504K)], 0.5044756 secs] [Times: user=1.78 sys=0.00, real=0.50 secs] 
276.605: [Full GC [PSYoungGen: 66048K->0K(76800K)] [ParOldGen: 165590K->163412K(174592K)] 231638K->163412K(251392K) [PSPermGen: 7311K->7311K(21504K)], 0.6039642 secs] [Times: user=2.18 sys=0.00, real=0.60 secs] 
277.281: [Full GC [PSYoungGen: 66048K->0K(76800K)] [ParOldGen: 163412K->163494K(174592K)] 229460K->163494K(251392K) [PSPermGen: 7311K->7311K(21504K)], 0.3475331 secs] [Times: user=1.28 sys=0.00, real=0.35 secs] 
277.695: [Full GC [PSYoungGen: 66048K->0K(76800K)] [ParOldGen: 163494K->167047K(174592K)] 229542K->167047K(251392K) [PSPermGen: 7311K->7311K(21504K)], 0.5916832 secs] [Times: user=2.18 sys=0.00, real=0.59 secs] 
278.348: [Full GC [PSYoungGen: 66048K->0K(76800K)] [ParOldGen: 167047K->168005K(174592K)] 233095K->168005K(251392K) [PSPermGen: 7311K->7311K(21504K)], 0.6092233 secs] [Times: user=2.18 sys=0.00, real=0.61 secs] 
279.035: [Full GC [PSYoungGen: 66048K->0K(76800K)] [ParOldGen: 168005K->162577K(174592K)] 234053K->162577K(251392K) [PSPermGen: 7311K->7311K(21504K)], 0.5782610 secs] [Times: user=2.00 sys=0.00, real=0.58 secs] 
279.683: [Full GC [PSYoungGen: 66048K->0K(76800K)] [ParOldGen: 162577K->165766K(174592K)] 228625K->165766K(251392K) [PSPermGen: 7311K->7311K(21504K)], 0.4393099 secs] [Times: user=1.44 sys=0.00, real=0.44 secs] 
280.193: [Full GC [PSYoungGen: 66048K->0K(76800K)] [ParOldGen: 165766K->166902K(174592K)] 231814K->166902K(251392K) [PSPermGen: 7311K->7311K(21504K)], 0.6089799 secs] [Times: user=2.26 sys=0.00, real=0.61 secs] 
280.872: [Full GC [PSYoungGen: 66048K->0K(76800K)] [ParOldGen: 166902K->169307K(174592K)] 232950K->169307K(251392K) [PSPermGen: 7314K->7314K(21504K)], 0.5271900 secs] [Times: user=1.75 sys=0.00, real=0.53 secs] 
281.459: [Full GC [PSYoungGen: 66048K->0K(76800K)] [ParOldGen: 169307K->173103K(174592K)] 235355K->173103K(251392K) [PSPermGen: 7314K->7314K(21504K)], 0.6430095 secs] [Times: user=2.23 sys=0.00, real=0.64 secs] 
282.174: [Full GC [PSYoungGen: 66048K->0K(76800K)] [ParOldGen: 173103K->171039K(174592K)] 239151K->171039K(251392K) [PSPermGen: 7314K->7314K(21504K)], 0.5405826 secs] [Times: user=2.00 sys=0.00, real=0.54 secs] 
282.772: [Full GC [PSYoungGen: 66048K->0K(76800K)] [ParOldGen: 171039K->166316K(174592K)] 237087K->166316K(251392K) [PSPermGen: 7314K->7314K(21504K)], 0.6028622 secs] [Times: user=2.17 sys=0.00, real=0.60 secs] 
283.440: [Full GC [PSYoungGen: 66048K->0K(76800K)] [ParOldGen: 166316K->167423K(174592K)] 232364K->167423K(251392K) [PSPermGen: 7314K->7314K(21504K)], 0.6339636 secs] [Times: user=2.22 sys=0.00, real=0.63 secs] 
284.147: [Full GC [PSYoungGen: 66048K->0K(76800K)] [ParOldGen: 167423K->164294K(174592K)] 233471K->164294K(251392K) [PSPermGen: 7314K->7314K(21504K)], 0.6093096 secs] [Times: user=2.11 sys=0.00, real=0.61 secs] 
284.832: [Full GC [PSYoungGen: 66048K->0K(76800K)] [ParOldGen: 164294K->164874K(174592K)] 230342K->164874K(251392K) [PSPermGen: 7314K->7314K(21504K)], 0.5986242 secs] [Times: user=2.22 sys=0.00, real=0.60 secs] 
285.495: [Full GC [PSYoungGen: 66048K->0K(76800K)] [ParOldGen: 164874K->162038K(174592K)] 230922K->162038K(251392K) [PSPermGen: 7314K->7314K(21504K)], 0.6085751 secs] [Times: user=2.15 sys=0.00, real=0.61 secs] 
286.176: [Full GC [PSYoungGen: 66048K->0K(76800K)] [ParOldGen: 162038K->160860K(174592K)] 228086K->160860K(251392K) [PSPermGen: 7314K->7314K(21504K)], 0.6079469 secs] [Times: user=2.12 sys=0.00, real=0.61 secs] 
286.868: [Full GC [PSYoungGen: 66048K->0K(76800K)] [ParOldGen: 160860K->166552K(174592K)] 226908K->166552K(251392K) [PSPermGen: 7314K->7314K(21504K)], 0.6164434 secs] [Times: user=2.18 sys=0.00, real=0.62 secs] 
287.544: [Full GC [PSYoungGen: 66048K->0K(76800K)] [ParOldGen: 166552K->164158K(174592K)] 232600K->164158K(251392K) [PSPermGen: 7314K->7314K(21504K)], 0.6173160 secs] [Times: user=2.28 sys=0.00, real=0.62 secs] 
288.237: [Full GC [PSYoungGen: 65912K->0K(76800K)] [ParOldGen: 164158K->165258K(174592K)] 230071K->165258K(251392K) [PSPermGen: 7314K->7314K(21504K)], 0.3536059 secs] [Times: user=1.22 sys=0.00, real=0.35 secs] 
288.666: [Full GC [PSYoungGen: 66048K->0K(76800K)] [ParOldGen: 165258K->166536K(174592K)] 231306K->166536K(251392K) [PSPermGen: 7314K->7314K(21504K)], 0.6109132 secs] [Times: user=2.22 sys=0.00, real=0.61 secs] 
289.335: [Full GC [PSYoungGen: 66048K->0K(76800K)] [ParOldGen: 166536K->164072K(174592K)] 232584K->164072K(251392K) [PSPermGen: 7314K->7314K(21504K)], 0.6053686 secs] [Times: user=2.15 sys=0.00, real=0.61 secs] 
290.014: [Full GC [PSYoungGen: 66048K->0K(76800K)] [ParOldGen: 164072K->160578K(174592K)] 230120K->160578K(251392K) [PSPermGen: 7314K->7314K(21504K)], 0.5870853 secs] [Times: user=2.09 sys=0.00, real=0.59 secs] 
290.678: [Full GC [PSYoungGen: 66048K->0K(76800K)] [ParOldGen: 160578K->163183K(174592K)] 226626K->163183K(251392K) [PSPermGen: 7314K->7314K(21504K)], 0.6057826 secs] [Times: user=2.20 sys=0.00, real=0.61 secs] 
291.350: [Full GC [PSYoungGen: 66048K->0K(76800K)] [ParOldGen: 163183K->164548K(174592K)] 229231K->164548K(251392K) [PSPermGen: 7315K->7315K(21504K)], 0.5980456 secs] [Times: user=2.15 sys=0.00, real=0.60 secs] 
292.020: [Full GC [PSYoungGen: 66048K->0K(76800K)] [ParOldGen: 164548K->168376K(174592K)] 230596K->168376K(251392K) [PSPermGen: 7315K->7315K(21504K)], 0.5284889 secs] [Times: user=1.90 sys=0.01, real=0.53 secs] 
292.612: [Full GC [PSYoungGen: 66048K->0K(76800K)] [ParOldGen: 168376K->167845K(174592K)] 234424K->167845K(251392K) [PSPermGen: 7315K->7315K(21504K)], 0.6034661 secs] [Times: user=2.18 sys=0.00, real=0.60 secs] 
293.285: [Full GC [PSYoungGen: 66048K->0K(76800K)] [ParOldGen: 167845K->167813K(174592K)] 233893K->167813K(251392K) [PSPermGen: 7315K->7315K(21504K)], 0.4957591 secs] [Times: user=1.87 sys=0.00, real=0.50 secs] 
293.846: [Full GC [PSYoungGen: 66048K->0K(76800K)] [ParOldGen: 167813K->167034K(174592K)] 233861K->167034K(251392K) [PSPermGen: 7315K->7315K(21504K)], 0.6098545 secs] [Times: user=2.23 sys=0.00, real=0.61 secs] 
294.518: [Full GC [PSYoungGen: 66048K->0K(76800K)] [ParOldGen: 167034K->165721K(174592K)] 233082K->165721K(251392K) [PSPermGen: 7315K->7315K(21504K)], 0.6118696 secs] [Times: user=2.12 sys=0.00, real=0.61 secs] 
295.206: [Full GC [PSYoungGen: 66048K->0K(76800K)] [ParOldGen: 165721K->167510K(174592K)] 231769K->167510K(251392K) [PSPermGen: 7315K->7315K(21504K)], 0.6269453 secs] [Times: user=2.09 sys=0.00, real=0.63 secs] 
295.898: [Full GC [PSYoungGen: 66048K->0K(76800K)] [ParOldGen: 167510K->163132K(174592K)] 233558K->163132K(251392K) [PSPermGen: 7315K->7315K(21504K)], 0.6303462 secs] [Times: user=2.14 sys=0.00, real=0.63 secs] 
296.599: [Full GC [PSYoungGen: 66048K->0K(76800K)] [ParOldGen: 163132K->164366K(174592K)] 229180K->164366K(251392K) [PSPermGen: 7315K->7315K(21504K)], 0.5998573 secs] [Times: user=2.07 sys=0.00, real=0.60 secs] 
297.276: [Full GC [PSYoungGen: 65919K->0K(76800K)] [ParOldGen: 164366K->164363K(174592K)] 230286K->164363K(251392K) [PSPermGen: 7315K->7315K(21504K)], 0.5891857 secs] [Times: user=1.95 sys=0.00, real=0.59 secs] 
297.931: [Full GC [PSYoungGen: 66048K->0K(76800K)] [ParOldGen: 164363K->169011K(174592K)] 230411K->169011K(251392K) [PSPermGen: 7315K->7315K(21504K)], 0.6171823 secs] [Times: user=2.23 sys=0.00, real=0.62 secs] 
298.616: [Full GC [PSYoungGen: 66048K->0K(76800K)] [ParOldGen: 169011K->164449K(174592K)] 235059K->164449K(251392K) [PSPermGen: 7315K->7315K(21504K)], 0.6061399 secs] [Times: user=2.23 sys=0.00, real=0.61 secs] 
299.276: [Full GC [PSYoungGen: 66048K->0K(76800K)] [ParOldGen: 164449K->166204K(174592K)] 230497K->166204K(251392K) [PSPermGen: 7315K->7315K(21504K)], 0.3771743 secs] [Times: user=1.33 sys=0.00, real=0.38 secs] 
299.718: [Full GC [PSYoungGen: 66048K->0K(76800K)] [ParOldGen: 166204K->167247K(174592K)] 232252K->167247K(251392K) [PSPermGen: 7317K->7317K(21504K)], 0.6281086 secs] [Times: user=2.17 sys=0.00, real=0.63 secs] 
300.415: [Full GC [PSYoungGen: 66048K->0K(76800K)] [ParOldGen: 167247K->166081K(174592K)] 233295K->166081K(251392K) [PSPermGen: 7317K->7317K(21504K)], 0.6193260 secs] [Times: user=2.26 sys=0.00, real=0.62 secs] 
301.117: [Full GC [PSYoungGen: 66048K->0K(76800K)] [ParOldGen: 166081K->166295K(174592K)] 232129K->166295K(251392K) [PSPermGen: 7317K->7317K(21504K)], 0.6365284 secs] [Times: user=2.29 sys=0.00, real=0.64 secs] 
301.819: [Full GC [PSYoungGen: 66048K->0K(76800K)] [ParOldGen: 166295K->163073K(174592K)] 232343K->163073K(251392K) [PSPermGen: 7317K->7317K(21504K)], 0.6228693 secs] [Times: user=2.20 sys=0.00, real=0.62 secs] 
302.504: [Full GC [PSYoungGen: 66048K->0K(76800K)] [ParOldGen: 163073K->161347K(174592K)] 229121K->161347K(251392K) [PSPermGen: 7317K->7317K(21504K)], 0.6760244 secs] [Times: user=2.14 sys=0.00, real=0.68 secs] 
303.288: [Full GC [PSYoungGen: 66048K->0K(76800K)] [ParOldGen: 161347K->162285K(174592K)] 227395K->162285K(251392K) [PSPermGen: 7317K->7317K(21504K)], 0.6542225 secs] [Times: user=1.89 sys=0.00, real=0.65 secs] 
304.021: [Full GC [PSYoungGen: 66048K->0K(76800K)] [ParOldGen: 162285K->165687K(174592K)] 228333K->165687K(251392K) [PSPermGen: 7317K->7317K(21504K)], 0.6123539 secs] [Times: user=1.39 sys=0.00, real=0.61 secs] 
304.696: [Full GC [PSYoungGen: 66048K->0K(76800K)] [ParOldGen: 165687K->160205K(174592K)] 231735K->160205K(251392K) [PSPermGen: 7317K->7317K(21504K)], 0.6672636 secs] [Times: user=2.04 sys=0.00, real=0.67 secs] 
305.429: [Full GC [PSYoungGen: 66048K->0K(76800K)] [ParOldGen: 160205K->162588K(174592K)] 226253K->162588K(251392K) [PSPermGen: 7317K->7317K(21504K)], 0.6111701 secs] [Times: user=2.15 sys=0.00, real=0.61 secs] 
306.111: [Full GC [PSYoungGen: 66048K->0K(76800K)] [ParOldGen: 162588K->169262K(174592K)] 228636K->169262K(251392K) [PSPermGen: 7317K->7317K(21504K)], 0.6037531 secs] [Times: user=2.15 sys=0.00, real=0.60 secs] 
306.790: [Full GC [PSYoungGen: 66048K->0K(76800K)] [ParOldGen: 169262K->170235K(174592K)] 235310K->170235K(251392K) [PSPermGen: 7317K->7317K(21504K)], 0.6167166 secs] [Times: user=2.23 sys=0.00, real=0.62 secs] 
307.475: [Full GC [PSYoungGen: 66048K->0K(76800K)] [ParOldGen: 170235K->169097K(174592K)] 236283K->169097K(251392K) [PSPermGen: 7317K->7317K(21504K)], 0.6280685 secs] [Times: user=2.23 sys=0.00, real=0.63 secs] 
308.187: [Full GC [PSYoungGen: 66048K->0K(76800K)] [ParOldGen: 169097K->163239K(174592K)] 235145K->163239K(251392K) [PSPermGen: 7317K->7317K(21504K)], 0.5961357 secs] [Times: user=2.12 sys=0.00, real=0.60 secs] 
308.858: [Full GC [PSYoungGen: 66048K->0K(76800K)] [ParOldGen: 163239K->165631K(174592K)] 229287K->165631K(251392K) [PSPermGen: 7317K->7317K(21504K)], 0.6171416 secs] [Times: user=2.15 sys=0.00, real=0.62 secs] 
309.540: [Full GC [PSYoungGen: 66048K->0K(76800K)] [ParOldGen: 165631K->160114K(174592K)] 231679K->160114K(251392K) [PSPermGen: 7317K->7317K(21504K)], 0.5746780 secs] [Times: user=2.12 sys=0.00, real=0.58 secs] 
310.191: [Full GC [PSYoungGen: 66048K->0K(76800K)] [ParOldGen: 160114K->163357K(174592K)] 226162K->163357K(251392K) [PSPermGen: 7317K->7317K(21504K)], 0.5751485 secs] [Times: user=1.75 sys=0.00, real=0.58 secs] 
310.820: [Full GC [PSYoungGen: 66048K->0K(76800K)] [ParOldGen: 163357K->163877K(174592K)] 229405K->163877K(251392K) [PSPermGen: 7317K->7317K(21504K)], 0.5921742 secs] [Times: user=1.82 sys=0.00, real=0.59 secs] 
311.471: [Full GC [PSYoungGen: 66048K->0K(76800K)] [ParOldGen: 163877K->164343K(174592K)] 229925K->164343K(251392K) [PSPermGen: 7317K->7317K(21504K)], 0.6377459 secs] [Times: user=2.09 sys=0.00, real=0.64 secs] 
312.181: [Full GC [PSYoungGen: 66048K->0K(76800K)] [ParOldGen: 164343K->163437K(174592K)] 230391K->163437K(251392K) [PSPermGen: 7317K->7317K(21504K)], 0.4645983 secs] [Times: user=1.51 sys=0.01, real=0.46 secs] 
312.701: [Full GC [PSYoungGen: 66048K->0K(76800K)] [ParOldGen: 163437K->161098K(174592K)] 229485K->161098K(251392K) [PSPermGen: 7317K->7317K(21504K)], 0.5838643 secs] [Times: user=2.00 sys=0.00, real=0.58 secs] 
313.344: [Full GC [PSYoungGen: 66048K->0K(76800K)] [ParOldGen: 161098K->165333K(174592K)] 227146K->165333K(251392K) [PSPermGen: 7317K->7317K(21504K)], 0.5920485 secs] [Times: user=2.07 sys=0.00, real=0.59 secs] 
314.011: [Full GC [PSYoungGen: 66048K->0K(76800K)] [ParOldGen: 165333K->167341K(174592K)] 231381K->167341K(251392K) [PSPermGen: 7317K->7317K(21504K)], 0.3962918 secs] [Times: user=1.11 sys=0.00, real=0.40 secs] 
314.463: [Full GC [PSYoungGen: 66048K->0K(76800K)] [ParOldGen: 167341K->163205K(174592K)] 233389K->163205K(251392K) [PSPermGen: 7317K->7317K(21504K)], 0.6507007 secs] [Times: user=2.06 sys=0.00, real=0.65 secs] 
315.191: [Full GC [PSYoungGen: 66048K->0K(76800K)] [ParOldGen: 163205K->164890K(174592K)] 229253K->164890K(251392K) [PSPermGen: 7317K->7317K(21504K)], 0.3891256 secs] [Times: user=1.17 sys=0.00, real=0.39 secs] 
315.657: [Full GC [PSYoungGen: 66048K->0K(76800K)] [ParOldGen: 164890K->167319K(174592K)] 230938K->167319K(251392K) [PSPermGen: 7317K->7317K(21504K)], 0.6035379 secs] [Times: user=2.12 sys=0.00, real=0.60 secs] 
316.312: [Full GC [PSYoungGen: 66048K->0K(76800K)] [ParOldGen: 167319K->164042K(174592K)] 233367K->164042K(251392K) [PSPermGen: 7317K->7317K(21504K)], 0.4122457 secs] [Times: user=1.45 sys=0.00, real=0.41 secs] 
316.797: [Full GC [PSYoungGen: 66048K->0K(76800K)] [ParOldGen: 164042K->166802K(174592K)] 230090K->166802K(251392K) [PSPermGen: 7317K->7317K(21504K)], 0.6017185 secs] [Times: user=2.11 sys=0.00, real=0.60 secs] 
317.461: [Full GC [PSYoungGen: 66048K->0K(76800K)] [ParOldGen: 166802K->169352K(174592K)] 232850K->169352K(251392K) [PSPermGen: 7317K->7317K(21504K)], 0.6120671 secs] [Times: user=2.25 sys=0.00, real=0.61 secs] 
318.154: [Full GC [PSYoungGen: 66048K->0K(76800K)] [ParOldGen: 169352K->169568K(174592K)] 235400K->169568K(251392K) [PSPermGen: 7317K->7317K(21504K)], 0.6981281 secs] [Times: user=2.31 sys=0.00, real=0.70 secs] 
318.926: [Full GC [PSYoungGen: 66048K->0K(76800K)] [ParOldGen: 169568K->170736K(174592K)] 235616K->170736K(251392K) [PSPermGen: 7317K->7317K(21504K)], 0.6330836 secs] [Times: user=2.25 sys=0.00, real=0.63 secs] 
319.633: [Full GC [PSYoungGen: 66048K->0K(76800K)] [ParOldGen: 170736K->165529K(174592K)] 236784K->165529K(251392K) [PSPermGen: 7317K->7317K(21504K)], 0.5845273 secs] [Times: user=2.14 sys=0.00, real=0.59 secs] 
320.282: [Full GC [PSYoungGen: 66048K->0K(76800K)] [ParOldGen: 165529K->167232K(174592K)] 231577K->167232K(251392K) [PSPermGen: 7317K->7317K(21504K)], 0.6071678 secs] [Times: user=2.15 sys=0.00, real=0.61 secs] 
320.961: [Full GC [PSYoungGen: 66048K->0K(76800K)] [ParOldGen: 167232K->170499K(174592K)] 233280K->170499K(251392K) [PSPermGen: 7317K->7317K(21504K)], 0.6466112 secs] [Times: user=2.28 sys=0.00, real=0.65 secs] 
321.684: [Full GC [PSYoungGen: 66040K->0K(76800K)] [ParOldGen: 170499K->166189K(174592K)] 236540K->166189K(251392K) [PSPermGen: 7317K->7317K(21504K)], 0.6054231 secs] [Times: user=2.17 sys=0.00, real=0.60 secs] 
322.347: [Full GC [PSYoungGen: 66048K->0K(76800K)] [ParOldGen: 166189K->166327K(174592K)] 232237K->166327K(251392K) [PSPermGen: 7317K->7317K(21504K)], 0.6249931 secs] [Times: user=2.20 sys=0.00, real=0.63 secs] 
323.056: [Full GC [PSYoungGen: 66048K->0K(76800K)] [ParOldGen: 166327K->161546K(174592K)] 232375K->161546K(251392K) [PSPermGen: 7317K->7317K(21504K)], 0.6090389 secs] [Times: user=2.11 sys=0.02, real=0.61 secs] 
323.743: [Full GC [PSYoungGen: 66048K->0K(76800K)] [ParOldGen: 161546K->162458K(174592K)] 227594K->162458K(251392K) [PSPermGen: 7317K->7317K(21504K)], 0.6127875 secs] [Times: user=2.20 sys=0.00, real=0.61 secs] 
324.417: [Full GC [PSYoungGen: 66048K->0K(76800K)] [ParOldGen: 162458K->159987K(174592K)] 228506K->159987K(251392K) [PSPermGen: 7317K->7317K(21504K)], 0.6291487 secs] [Times: user=2.11 sys=0.00, real=0.63 secs] 
325.130: [Full GC [PSYoungGen: 66048K->0K(76800K)] [ParOldGen: 159987K->160585K(174592K)] 226035K->160585K(251392K) [PSPermGen: 7317K->7317K(21504K)], 0.5989491 secs] [Times: user=2.09 sys=0.00, real=0.60 secs] 
325.801: [Full GC [PSYoungGen: 66048K->0K(76800K)] [ParOldGen: 160585K->161578K(174592K)] 226633K->161578K(251392K) [PSPermGen: 7317K->7317K(21504K)], 0.6287728 secs] [Times: user=1.83 sys=0.00, real=0.63 secs] 
326.489: [Full GC [PSYoungGen: 66048K->0K(76800K)] [ParOldGen: 161578K->165885K(174592K)] 227626K->165885K(251392K) [PSPermGen: 7317K->7317K(21504K)], 0.6602386 secs] [Times: user=2.14 sys=0.00, real=0.66 secs] 
327.222: [Full GC [PSYoungGen: 66048K->0K(76800K)] [ParOldGen: 165885K->164210K(174592K)] 231933K->164210K(251392K) [PSPermGen: 7317K->7317K(21504K)], 0.5991306 secs] [Times: user=2.12 sys=0.00, real=0.60 secs] 
327.896: [Full GC [PSYoungGen: 66048K->0K(76800K)] [ParOldGen: 164210K->164135K(174592K)] 230258K->164135K(251392K) [PSPermGen: 7317K->7317K(21504K)], 0.5928426 secs] [Times: user=2.11 sys=0.00, real=0.59 secs] 
328.550: [Full GC [PSYoungGen: 66048K->0K(76800K)] [ParOldGen: 164135K->167853K(174592K)] 230183K->167853K(251392K) [PSPermGen: 7317K->7317K(21504K)], 0.6124911 secs] [Times: user=2.12 sys=0.00, real=0.61 secs] 
329.236: [Full GC [PSYoungGen: 66048K->0K(76800K)] [ParOldGen: 167853K->168765K(174592K)] 233901K->168765K(251392K) [PSPermGen: 7317K->7317K(21504K)], 0.5831725 secs] [Times: user=2.01 sys=0.00, real=0.58 secs] 
329.903: [Full GC [PSYoungGen: 66048K->0K(76800K)] [ParOldGen: 168765K->172469K(174592K)] 234813K->172469K(251392K) [PSPermGen: 7317K->7317K(21504K)], 0.6396227 secs] [Times: user=2.18 sys=0.00, real=0.64 secs] 
330.597: [Full GC [PSYoungGen: 66048K->0K(76800K)] [ParOldGen: 172469K->170419K(174592K)] 238517K->170419K(251392K) [PSPermGen: 7317K->7317K(21504K)], 0.5088458 secs] [Times: user=1.50 sys=0.00, real=0.51 secs] 
331.176: [Full GC [PSYoungGen: 66048K->0K(76800K)] [ParOldGen: 170419K->168587K(174592K)] 236467K->168587K(251392K) [PSPermGen: 7317K->7317K(21504K)], 0.6965248 secs] [Times: user=2.26 sys=0.00, real=0.70 secs] 
331.957: [Full GC [PSYoungGen: 66048K->0K(76800K)] [ParOldGen: 168587K->170351K(174592K)] 234635K->170351K(251392K) [PSPermGen: 7317K->7317K(21504K)], 0.5519832 secs] [Times: user=1.64 sys=0.00, real=0.55 secs] 
332.568: [Full GC [PSYoungGen: 66048K->0K(76800K)] [ParOldGen: 170351K->169367K(174592K)] 236399K->169367K(251392K) [PSPermGen: 7317K->7317K(21504K)], 0.6306904 secs] [Times: user=2.08 sys=0.00, real=0.63 secs] 
333.277: [Full GC [PSYoungGen: 66048K->0K(76800K)] [ParOldGen: 169367K->169533K(174592K)] 235415K->169533K(251392K) [PSPermGen: 7317K->7317K(21504K)], 0.5340091 secs] [Times: user=1.84 sys=0.00, real=0.53 secs] 
333.876: [Full GC [PSYoungGen: 66048K->0K(76800K)] [ParOldGen: 169533K->161690K(174592K)] 235581K->161690K(251392K) [PSPermGen: 7317K->7317K(21504K)], 0.5922415 secs] [Times: user=2.09 sys=0.00, real=0.59 secs] 
334.535: [Full GC [PSYoungGen: 66048K->0K(76800K)] [ParOldGen: 161690K->168310K(174592K)] 227738K->168310K(251392K) [PSPermGen: 7317K->7317K(21504K)], 0.6047608 secs] [Times: user=2.04 sys=0.02, real=0.61 secs] 
335.219: [Full GC [PSYoungGen: 66048K->0K(76800K)] [ParOldGen: 168310K->167518K(174592K)] 234358K->167518K(251392K) [PSPermGen: 7317K->7317K(21504K)], 0.5955542 secs] [Times: user=2.22 sys=0.00, real=0.60 secs] 
335.900: [Full GC [PSYoungGen: 66048K->0K(76800K)] [ParOldGen: 167518K->168711K(174592K)] 233566K->168711K(251392K) [PSPermGen: 7318K->7318K(21504K)], 0.6330130 secs] [Times: user=2.29 sys=0.00, real=0.63 secs] 
336.599: [Full GC [PSYoungGen: 66048K->0K(76800K)] [ParOldGen: 168711K->165648K(174592K)] 234759K->165648K(251392K) [PSPermGen: 7318K->7318K(21504K)], 0.5947265 secs] [Times: user=2.12 sys=0.00, real=0.60 secs] 
337.271: [Full GC [PSYoungGen: 66048K->0K(76800K)] [ParOldGen: 165648K->165479K(174592K)] 231696K->165479K(251392K) [PSPermGen: 7318K->7318K(21504K)], 0.5979070 secs] [Times: user=2.08 sys=0.00, real=0.60 secs] 
337.934: [Full GC [PSYoungGen: 66048K->0K(76800K)] [ParOldGen: 165479K->162825K(174592K)] 231527K->162825K(251392K) [PSPermGen: 7318K->7318K(21504K)], 0.6166188 secs] [Times: user=2.11 sys=0.00, real=0.62 secs] 
338.610: [Full GC [PSYoungGen: 66048K->0K(76800K)] [ParOldGen: 162825K->165615K(174592K)] 228873K->165615K(251392K) [PSPermGen: 7318K->7318K(21504K)], 0.5890170 secs] [Times: user=2.09 sys=0.00, real=0.59 secs] 
339.279: [Full GC [PSYoungGen: 66048K->0K(76800K)] [ParOldGen: 165615K->164272K(174592K)] 231663K->164272K(251392K) [PSPermGen: 7318K->7318K(21504K)], 0.5801690 secs] [Times: user=2.06 sys=0.00, real=0.58 secs] 
339.938: [Full GC [PSYoungGen: 66048K->0K(76800K)] [ParOldGen: 164272K->167419K(174592K)] 230320K->167419K(251392K) [PSPermGen: 7318K->7318K(21504K)], 0.5838691 secs] [Times: user=2.11 sys=0.00, real=0.58 secs] 
340.583: [Full GC [PSYoungGen: 66048K->0K(76800K)] [ParOldGen: 167419K->165676K(174592K)] 233467K->165676K(251392K) [PSPermGen: 7318K->7318K(21504K)], 0.5924317 secs] [Times: user=2.08 sys=0.00, real=0.59 secs] 
341.253: [Full GC [PSYoungGen: 66048K->0K(76800K)] [ParOldGen: 165676K->161963K(174592K)] 231724K->161963K(251392K) [PSPermGen: 7318K->7318K(21504K)], 0.5906148 secs] [Times: user=2.04 sys=0.00, real=0.59 secs] 
341.909: [Full GC [PSYoungGen: 66048K->0K(76800K)] [ParOldGen: 161963K->165783K(174592K)] 228011K->165783K(251392K) [PSPermGen: 7318K->7318K(21504K)], 0.5924763 secs] [Times: user=2.12 sys=0.03, real=0.59 secs] 
342.570: [Full GC [PSYoungGen: 66048K->0K(76800K)] [ParOldGen: 165783K->167580K(174592K)] 231831K->167580K(251392K) [PSPermGen: 7318K->7318K(21504K)], 0.6089340 secs] [Times: user=1.98 sys=0.00, real=0.61 secs] 
343.244: [Full GC [PSYoungGen: 66048K->0K(76800K)] [ParOldGen: 167580K->167309K(174592K)] 233628K->167309K(251392K) [PSPermGen: 7318K->7318K(21504K)], 0.6095370 secs] [Times: user=2.15 sys=0.00, real=0.61 secs] 
343.932: [Full GC [PSYoungGen: 66048K->0K(76800K)] [ParOldGen: 167309K->168506K(174592K)] 233357K->168506K(251392K) [PSPermGen: 7318K->7318K(21504K)], 0.6048782 secs] [Times: user=2.17 sys=0.00, real=0.61 secs] 
344.603: [Full GC [PSYoungGen: 66048K->0K(76800K)] [ParOldGen: 168506K->168052K(174592K)] 234554K->168052K(251392K) [PSPermGen: 7318K->7318K(21504K)], 0.5923458 secs] [Times: user=2.18 sys=0.00, real=0.59 secs] 
345.280: [Full GC [PSYoungGen: 66048K->0K(76800K)] [ParOldGen: 168052K->166028K(174592K)] 234100K->166028K(251392K) [PSPermGen: 7318K->7318K(21504K)], 0.6110854 secs] [Times: user=2.23 sys=0.00, real=0.61 secs] 
345.965: [Full GC [PSYoungGen: 66048K->0K(76800K)] [ParOldGen: 166028K->165364K(174592K)] 232076K->165364K(251392K) [PSPermGen: 7318K->7318K(21504K)], 0.6257170 secs] [Times: user=2.22 sys=0.00, real=0.63 secs] 
346.658: [Full GC [PSYoungGen: 66048K->0K(76800K)] [ParOldGen: 165364K->163963K(174592K)] 231412K->163963K(251392K) [PSPermGen: 7318K->7318K(21504K)], 0.5879006 secs] [Times: user=2.07 sys=0.00, real=0.59 secs] 
347.332: [Full GC [PSYoungGen: 66048K->0K(76800K)] [ParOldGen: 163963K->167887K(174592K)] 230011K->167887K(251392K) [PSPermGen: 7318K->7318K(21504K)], 0.6142099 secs] [Times: user=2.20 sys=0.00, real=0.61 secs] 
348.031: [Full GC [PSYoungGen: 66048K->0K(76800K)] [ParOldGen: 167887K->165272K(174592K)] 233935K->165272K(251392K) [PSPermGen: 7318K->7318K(21504K)], 0.5942364 secs] [Times: user=2.14 sys=0.00, real=0.59 secs] 
348.697: [Full GC [PSYoungGen: 66048K->0K(76800K)] [ParOldGen: 165272K->164169K(174592K)] 231320K->164169K(251392K) [PSPermGen: 7318K->7318K(21504K)], 0.5810799 secs] [Times: user=2.17 sys=0.00, real=0.58 secs] 
349.336: [Full GC [PSYoungGen: 66048K->0K(76800K)] [ParOldGen: 164169K->163168K(174592K)] 230217K->163168K(251392K) [PSPermGen: 7318K->7318K(21504K)], 0.6171611 secs] [Times: user=2.20 sys=0.00, real=0.62 secs] 
350.023: [Full GC [PSYoungGen: 66048K->0K(76800K)] [ParOldGen: 163168K->165348K(174592K)] 229216K->165348K(251392K) [PSPermGen: 7318K->7318K(21504K)], 0.4554100 secs] [Times: user=1.64 sys=0.00, real=0.45 secs] 
350.543: [Full GC [PSYoungGen: 66048K->0K(76800K)] [ParOldGen: 165348K->167526K(174592K)] 231396K->167526K(251392K) [PSPermGen: 7318K->7318K(21504K)], 0.5980068 secs] [Times: user=2.14 sys=0.00, real=0.60 secs] 
351.220: [Full GC [PSYoungGen: 66048K->1322K(76800K)] [ParOldGen: 167526K->174283K(174592K)] 233574K->175605K(251392K) [PSPermGen: 7318K->7318K(21504K)], 0.6687345 secs] [Times: user=2.37 sys=0.00, real=0.67 secs] 
351.966: [Full GC [PSYoungGen: 66048K->0K(76800K)] [ParOldGen: 174283K->170881K(174592K)] 240331K->170881K(251392K) [PSPermGen: 7318K->7318K(21504K)], 0.6243491 secs] [Times: user=2.25 sys=0.00, real=0.63 secs] 
352.665: [Full GC [PSYoungGen: 66048K->0K(76800K)] [ParOldGen: 170881K->167671K(174592K)] 236929K->167671K(251392K) [PSPermGen: 7318K->7318K(21504K)], 0.6145203 secs] [Times: user=2.14 sys=0.00, real=0.61 secs] 
353.360: [Full GC [PSYoungGen: 66048K->0K(76800K)] [ParOldGen: 167671K->159772K(174592K)] 233719K->159772K(251392K) [PSPermGen: 7318K->7318K(21504K)], 0.5721116 secs] [Times: user=2.17 sys=0.00, real=0.57 secs] 
354.005: [Full GC [PSYoungGen: 66048K->0K(76800K)] [ParOldGen: 159772K->161060K(174592K)] 225820K->161060K(251392K) [PSPermGen: 7318K->7318K(21504K)], 0.5769673 secs] [Times: user=2.09 sys=0.02, real=0.58 secs] 
354.649: [Full GC [PSYoungGen: 66048K->0K(76800K)] [ParOldGen: 161060K->163838K(174592K)] 227108K->163838K(251392K) [PSPermGen: 7318K->7318K(21504K)], 0.5852861 secs] [Times: user=2.09 sys=0.00, real=0.58 secs] 
355.319: [Full GC [PSYoungGen: 66048K->0K(76800K)] [ParOldGen: 163838K->164121K(174592K)] 229886K->164121K(251392K) [PSPermGen: 7318K->7318K(21504K)], 0.5816155 secs] [Times: user=2.09 sys=0.00, real=0.58 secs] 
355.972: [Full GC [PSYoungGen: 66048K->0K(76800K)] [ParOldGen: 164121K->167737K(174592K)] 230169K->167737K(251392K) [PSPermGen: 7318K->7318K(21504K)], 0.6359175 secs] [Times: user=2.23 sys=0.00, real=0.64 secs] 
356.680: [Full GC [PSYoungGen: 66048K->0K(76800K)] [ParOldGen: 167737K->167621K(174592K)] 233785K->167621K(251392K) [PSPermGen: 7318K->7318K(21504K)], 0.6055200 secs] [Times: user=2.15 sys=0.00, real=0.61 secs] 
357.369: [Full GC [PSYoungGen: 66048K->0K(76800K)] [ParOldGen: 167621K->165328K(174592K)] 233669K->165328K(251392K) [PSPermGen: 7318K->7318K(21504K)], 0.5895270 secs] [Times: user=2.15 sys=0.00, real=0.59 secs] 
358.038: [Full GC [PSYoungGen: 66048K->0K(76800K)] [ParOldGen: 165328K->168916K(174592K)] 231376K->168916K(251392K) [PSPermGen: 7318K->7318K(21504K)], 0.6090870 secs] [Times: user=2.22 sys=0.00, real=0.61 secs] 
358.730: [Full GC [PSYoungGen: 66048K->0K(76800K)] [ParOldGen: 168916K->169049K(174592K)] 234964K->169049K(251392K) [PSPermGen: 7318K->7318K(21504K)], 0.6047711 secs] [Times: user=2.14 sys=0.00, real=0.61 secs] 
359.394: [Full GC [PSYoungGen: 66048K->0K(76800K)] [ParOldGen: 169049K->164527K(174592K)] 235097K->164527K(251392K) [PSPermGen: 7318K->7318K(21504K)], 0.6529874 secs] [Times: user=2.23 sys=0.00, real=0.65 secs] 
360.126: [Full GC [PSYoungGen: 66048K->0K(76800K)] [ParOldGen: 164527K->165998K(174592K)] 230575K->165998K(251392K) [PSPermGen: 7318K->7318K(21504K)], 0.6496439 secs] [Times: user=2.26 sys=0.00, real=0.65 secs] 
360.849: [Full GC [PSYoungGen: 66048K->0K(76800K)] [ParOldGen: 165998K->167506K(174592K)] 232046K->167506K(251392K) [PSPermGen: 7318K->7318K(21504K)], 0.6298908 secs] [Times: user=2.23 sys=0.00, real=0.63 secs] 
361.545: [Full GC [PSYoungGen: 66048K->0K(76800K)] [ParOldGen: 167506K->164735K(174592K)] 233554K->164735K(251392K) [PSPermGen: 7318K->7318K(21504K)], 0.5856456 secs] [Times: user=2.09 sys=0.00, real=0.59 secs] 
362.204: [Full GC [PSYoungGen: 66048K->0K(76800K)] [ParOldGen: 164735K->161051K(174592K)] 230783K->161051K(251392K) [PSPermGen: 7318K->7318K(21504K)], 0.6157763 secs] [Times: user=2.12 sys=0.00, real=0.62 secs] 
362.888: [Full GC [PSYoungGen: 66048K->0K(76800K)] [ParOldGen: 161051K->164051K(174592K)] 227099K->164051K(251392K) [PSPermGen: 7318K->7318K(21504K)], 0.6229283 secs] [Times: user=2.06 sys=0.02, real=0.62 secs] 
363.591: [Full GC [PSYoungGen: 66048K->0K(76800K)] [ParOldGen: 164051K->168278K(174592K)] 230099K->168278K(251392K) [PSPermGen: 7318K->7318K(21504K)], 0.6034949 secs] [Times: user=2.23 sys=0.00, real=0.60 secs] 
364.281: [Full GC [PSYoungGen: 66048K->0K(76800K)] [ParOldGen: 168278K->165962K(174592K)] 234326K->165962K(251392K) [PSPermGen: 7318K->7318K(21504K)], 0.6132051 secs] [Times: user=2.20 sys=0.00, real=0.61 secs] 
364.978: [Full GC [PSYoungGen: 66048K->0K(76800K)] [ParOldGen: 165962K->164236K(174592K)] 232010K->164236K(251392K) [PSPermGen: 7318K->7318K(21504K)], 0.6010565 secs] [Times: user=2.17 sys=0.00, real=0.60 secs] 
365.648: [Full GC [PSYoungGen: 66048K->0K(76800K)] [ParOldGen: 164236K->166811K(174592K)] 230284K->166811K(251392K) [PSPermGen: 7318K->7318K(21504K)], 0.6004346 secs] [Times: user=2.12 sys=0.00, real=0.60 secs] 
366.327: [Full GC [PSYoungGen: 66048K->0K(76800K)] [ParOldGen: 166811K->167119K(174592K)] 232859K->167119K(251392K) [PSPermGen: 7318K->7318K(21504K)], 0.4703998 secs] [Times: user=1.45 sys=0.00, real=0.47 secs] 
366.850: [Full GC [PSYoungGen: 66048K->0K(76800K)] [ParOldGen: 167119K->165293K(174592K)] 233167K->165293K(251392K) [PSPermGen: 7318K->7318K(21504K)], 0.4312422 secs] [Times: user=1.22 sys=0.02, real=0.43 secs] 
367.342: [Full GC [PSYoungGen: 66048K->0K(76800K)] [ParOldGen: 165293K->167732K(174592K)] 231341K->167732K(251392K) [PSPermGen: 7318K->7318K(21504K)], 0.6249405 secs] [Times: user=2.15 sys=0.00, real=0.63 secs] 
368.040: [Full GC [PSYoungGen: 66048K->0K(76800K)] [ParOldGen: 167732K->170267K(174592K)] 233780K->170267K(251392K) [PSPermGen: 7318K->7318K(21504K)], 0.4708334 secs] [Times: user=1.34 sys=0.00, real=0.47 secs] 
368.567: [Full GC [PSYoungGen: 66048K->0K(76800K)] [ParOldGen: 170267K->166983K(174592K)] 236315K->166983K(251392K) [PSPermGen: 7318K->7318K(21504K)], 0.5968435 secs] [Times: user=2.07 sys=0.00, real=0.60 secs] 
369.239: [Full GC [PSYoungGen: 66048K->0K(76800K)] [ParOldGen: 166983K->164192K(174592K)] 233031K->164192K(251392K) [PSPermGen: 7318K->7318K(21504K)], 0.5804737 secs] [Times: user=1.79 sys=0.00, real=0.58 secs] 
369.885: [Full GC [PSYoungGen: 66048K->0K(76800K)] [ParOldGen: 164192K->161717K(174592K)] 230240K->161717K(251392K) [PSPermGen: 7318K->7318K(21504K)], 0.6141027 secs] [Times: user=2.11 sys=0.00, real=0.61 secs] 
370.560: [Full GC [PSYoungGen: 66048K->0K(76800K)] [ParOldGen: 161717K->166078K(174592K)] 227765K->166078K(251392K) [PSPermGen: 7318K->7318K(21504K)], 0.6471391 secs] [Times: user=2.18 sys=0.00, real=0.65 secs] 
371.278: [Full GC [PSYoungGen: 66048K->0K(76800K)] [ParOldGen: 166078K->165893K(174592K)] 232126K->165893K(251392K) [PSPermGen: 7318K->7318K(21504K)], 0.6819391 secs] [Times: user=2.17 sys=0.00, real=0.68 secs] 
372.043: [Full GC [PSYoungGen: 66048K->0K(76800K)] [ParOldGen: 165893K->168440K(174592K)] 231941K->168440K(251392K) [PSPermGen: 7318K->7318K(21504K)], 0.4527381 secs] [Times: user=1.59 sys=0.00, real=0.45 secs] 
372.558: [Full GC [PSYoungGen: 66048K->0K(76800K)] [ParOldGen: 168440K->165291K(174592K)] 234488K->165291K(251392K) [PSPermGen: 7318K->7318K(21504K)], 0.6274784 secs] [Times: user=1.92 sys=0.00, real=0.63 secs] 
373.260: [Full GC [PSYoungGen: 66048K->0K(76800K)] [ParOldGen: 165291K->168691K(174592K)] 231339K->168691K(251392K) [PSPermGen: 7318K->7318K(21504K)], 0.6373071 secs] [Times: user=2.12 sys=0.00, real=0.64 secs] 
373.972: [Full GC [PSYoungGen: 66048K->0K(76800K)] [ParOldGen: 168691K->161928K(174592K)] 234739K->161928K(251392K) [PSPermGen: 7318K->7318K(21504K)], 0.6046239 secs] [Times: user=2.12 sys=0.00, real=0.60 secs] 
374.654: [Full GC [PSYoungGen: 66048K->0K(76800K)] [ParOldGen: 161928K->162790K(174592K)] 227976K->162790K(251392K) [PSPermGen: 7318K->7318K(21504K)], 0.6136595 secs] [Times: user=2.14 sys=0.00, real=0.61 secs] 
375.347: [Full GC [PSYoungGen: 66048K->0K(76800K)] [ParOldGen: 162790K->161761K(174592K)] 228838K->161761K(251392K) [PSPermGen: 7318K->7318K(21504K)], 0.6007230 secs] [Times: user=2.12 sys=0.00, real=0.60 secs] 
376.017: [Full GC [PSYoungGen: 66048K->0K(76800K)] [ParOldGen: 161761K->166044K(174592K)] 227809K->166044K(251392K) [PSPermGen: 7318K->7318K(21504K)], 0.6035864 secs] [Times: user=2.00 sys=0.00, real=0.60 secs] 
376.681: [Full GC [PSYoungGen: 66048K->0K(76800K)] [ParOldGen: 166044K->165773K(174592K)] 232092K->165773K(251392K) [PSPermGen: 7318K->7318K(21504K)], 0.6785488 secs] [Times: user=2.18 sys=0.00, real=0.68 secs] 
377.434: [Full GC [PSYoungGen: 66048K->0K(76800K)] [ParOldGen: 165773K->168449K(174592K)] 231821K->168449K(251392K) [PSPermGen: 7318K->7318K(21504K)], 0.3893392 secs] [Times: user=1.08 sys=0.00, real=0.39 secs] 
377.880: [Full GC [PSYoungGen: 66048K->0K(76800K)] [ParOldGen: 168449K->166552K(174592K)] 234497K->166552K(251392K) [PSPermGen: 7318K->7318K(21504K)], 0.7523108 secs] [Times: user=2.31 sys=0.00, real=0.75 secs] 
378.694: [Full GC [PSYoungGen: 66048K->0K(76800K)] [ParOldGen: 166552K->165388K(174592K)] 232600K->165388K(251392K) [PSPermGen: 7318K->7318K(21504K)], 0.7468412 secs] [Times: user=2.11 sys=0.00, real=0.75 secs] 
379.516: [Full GC [PSYoungGen: 66048K->0K(76800K)] [ParOldGen: 165388K->165666K(174592K)] 231436K->165666K(251392K) [PSPermGen: 7318K->7318K(21504K)], 0.6499865 secs] [Times: user=2.32 sys=0.00, real=0.65 secs] 
380.240: [Full GC [PSYoungGen: 66048K->0K(76800K)] [ParOldGen: 165666K->166399K(174592K)] 231714K->166399K(251392K) [PSPermGen: 7318K->7318K(21504K)], 0.6587630 secs] [Times: user=2.34 sys=0.00, real=0.66 secs] 
380.975: [Full GC [PSYoungGen: 66048K->0K(76800K)] [ParOldGen: 166399K->170013K(174592K)] 232447K->170013K(251392K) [PSPermGen: 7318K->7318K(21504K)], 0.6640577 secs] [Times: user=2.22 sys=0.00, real=0.67 secs] 
381.708: [Full GC [PSYoungGen: 66048K->0K(76800K)] [ParOldGen: 170013K->164054K(174592K)] 236061K->164054K(251392K) [PSPermGen: 7318K->7318K(21504K)], 0.6214706 secs] [Times: user=2.15 sys=0.00, real=0.62 secs] 
382.413: [Full GC [PSYoungGen: 66048K->0K(76800K)] [ParOldGen: 164054K->165341K(174592K)] 230102K->165341K(251392K) [PSPermGen: 7318K->7318K(21504K)], 0.6523008 secs] [Times: user=2.23 sys=0.00, real=0.65 secs] 
383.128: [Full GC [PSYoungGen: 66048K->0K(76800K)] [ParOldGen: 165341K->165662K(174592K)] 231389K->165662K(251392K) [PSPermGen: 7318K->7318K(21504K)], 0.6147458 secs] [Times: user=2.11 sys=0.00, real=0.62 secs] 
383.821: [Full GC [PSYoungGen: 66048K->0K(76800K)] [ParOldGen: 165662K->167838K(174592K)] 231710K->167838K(251392K) [PSPermGen: 7318K->7318K(21504K)], 0.6478540 secs] [Times: user=2.26 sys=0.00, real=0.65 secs] 
384.539: [Full GC [PSYoungGen: 66048K->0K(76800K)] [ParOldGen: 167838K->163434K(174592K)] 233886K->163434K(251392K) [PSPermGen: 7318K->7318K(21504K)], 0.6507007 secs] [Times: user=2.28 sys=0.00, real=0.65 secs] 
385.260: [Full GC [PSYoungGen: 66048K->0K(76800K)] [ParOldGen: 163434K->166824K(174592K)] 229482K->166824K(251392K) [PSPermGen: 7318K->7318K(21504K)], 0.3725826 secs] [Times: user=1.31 sys=0.00, real=0.37 secs] 
385.700: [Full GC [PSYoungGen: 66048K->0K(76800K)] [ParOldGen: 166824K->167781K(174592K)] 232872K->167781K(251392K) [PSPermGen: 7318K->7318K(21504K)], 0.6430708 secs] [Times: user=2.23 sys=0.00, real=0.64 secs] 
386.417: [Full GC [PSYoungGen: 66048K->0K(76800K)] [ParOldGen: 167781K->163424K(174592K)] 233829K->163424K(251392K) [PSPermGen: 7318K->7318K(21504K)], 0.6006845 secs] [Times: user=2.22 sys=0.00, real=0.60 secs] 
387.096: [Full GC [PSYoungGen: 66048K->0K(76800K)] [ParOldGen: 163424K->165885K(174592K)] 229472K->165885K(251392K) [PSPermGen: 7318K->7318K(21504K)], 0.6141855 secs] [Times: user=2.23 sys=0.00, real=0.61 secs] 
387.786: [Full GC [PSYoungGen: 66048K->0K(76800K)] [ParOldGen: 165885K->167090K(174592K)] 231933K->167090K(251392K) [PSPermGen: 7318K->7318K(21504K)], 0.6362186 secs] [Times: user=2.26 sys=0.00, real=0.64 secs] 
388.487: [Full GC [PSYoungGen: 66047K->0K(76800K)] [ParOldGen: 167090K->163545K(174592K)] 233138K->163545K(251392K) [PSPermGen: 7318K->7318K(21504K)], 0.5995799 secs] [Times: user=2.03 sys=0.00, real=0.60 secs] 
389.161: [Full GC [PSYoungGen: 66048K->0K(76800K)] [ParOldGen: 163545K->163838K(174592K)] 229593K->163838K(251392K) [PSPermGen: 7318K->7318K(21504K)], 0.6230123 secs] [Times: user=2.17 sys=0.00, real=0.62 secs] 
389.865: [Full GC [PSYoungGen: 66048K->0K(76800K)] [ParOldGen: 163838K->162382K(174592K)] 229886K->162382K(251392K) [PSPermGen: 7319K->7319K(21504K)], 0.5972008 secs] [Times: user=2.00 sys=0.00, real=0.60 secs] 
390.526: [Full GC [PSYoungGen: 66048K->0K(76800K)] [ParOldGen: 162382K->163301K(174592K)] 228430K->163301K(251392K) [PSPermGen: 7319K->7319K(21504K)], 0.6103968 secs] [Times: user=2.11 sys=0.00, real=0.61 secs] 
391.208: [Full GC [PSYoungGen: 66048K->0K(76800K)] [ParOldGen: 163301K->168590K(174592K)] 229349K->168590K(251392K) [PSPermGen: 7319K->7319K(21504K)], 0.6408674 secs] [Times: user=2.29 sys=0.00, real=0.64 secs] 
391.933: [Full GC [PSYoungGen: 66048K->0K(76800K)] [ParOldGen: 168590K->169837K(174592K)] 234638K->169837K(251392K) [PSPermGen: 7319K->7319K(21504K)], 0.6713502 secs] [Times: user=2.28 sys=0.00, real=0.67 secs] 
392.671: [Full GC [PSYoungGen: 66048K->0K(76800K)] [ParOldGen: 169837K->171755K(174592K)] 235885K->171755K(251392K) [PSPermGen: 7319K->7319K(21504K)], 0.6371782 secs] [Times: user=2.26 sys=0.00, real=0.64 secs] 
393.379: [Full GC [PSYoungGen: 66048K->0K(76800K)] [ParOldGen: 171755K->174230K(174592K)] 237803K->174230K(251392K) [PSPermGen: 7319K->7319K(21504K)], 0.4643446 secs] [Times: user=1.62 sys=0.00, real=0.46 secs] 
393.912: [Full GC [PSYoungGen: 66048K->0K(76800K)] [ParOldGen: 174230K->166276K(174592K)] 240278K->166276K(251392K) [PSPermGen: 7319K->7319K(21504K)], 0.6148651 secs] [Times: user=2.18 sys=0.00, real=0.62 secs] 
394.590: [Full GC [PSYoungGen: 66048K->0K(76800K)] [ParOldGen: 166276K->162966K(174592K)] 232324K->162966K(251392K) [PSPermGen: 7319K->7319K(21504K)], 0.6122686 secs] [Times: user=2.17 sys=0.00, real=0.61 secs] 
395.287: [Full GC [PSYoungGen: 66048K->0K(76800K)] [ParOldGen: 162966K->158988K(174592K)] 229014K->158988K(251392K) [PSPermGen: 7319K->7319K(21504K)], 0.6044000 secs] [Times: user=2.11 sys=0.00, real=0.61 secs] 
395.966: [Full GC [PSYoungGen: 66048K->0K(76800K)] [ParOldGen: 158988K->161908K(174592K)] 225036K->161908K(251392K) [PSPermGen: 7319K->7319K(21504K)], 0.6030857 secs] [Times: user=2.12 sys=0.00, real=0.60 secs] 
396.629: [Full GC [PSYoungGen: 66048K->0K(76800K)] [ParOldGen: 161908K->161863K(174592K)] 227956K->161863K(251392K) [PSPermGen: 7319K->7319K(21504K)], 0.5931979 secs] [Times: user=2.09 sys=0.00, real=0.59 secs] 
397.305: [Full GC [PSYoungGen: 66048K->0K(76800K)] [ParOldGen: 161863K->166723K(174592K)] 227911K->166723K(251392K) [PSPermGen: 7319K->7319K(21504K)], 0.6194139 secs] [Times: user=2.11 sys=0.00, real=0.62 secs] 
398.004: [Full GC [PSYoungGen: 66048K->0K(76800K)] [ParOldGen: 166723K->164641K(174592K)] 232771K->164641K(251392K) [PSPermGen: 7319K->7319K(21504K)], 0.6140165 secs] [Times: user=2.28 sys=0.00, real=0.62 secs] 
398.687: [Full GC [PSYoungGen: 66048K->0K(76800K)] [ParOldGen: 164641K->171754K(174592K)] 230689K->171754K(251392K) [PSPermGen: 7319K->7319K(21504K)], 0.6448816 secs] [Times: user=2.34 sys=0.00, real=0.64 secs] 
399.407: [Full GC [PSYoungGen: 66048K->0K(76800K)] [ParOldGen: 171754K->171065K(174592K)] 237802K->171065K(251392K) [PSPermGen: 7319K->7319K(21504K)], 0.6514493 secs] [Times: user=2.31 sys=0.00, real=0.65 secs] 
400.136: [Full GC [PSYoungGen: 66048K->0K(76800K)] [ParOldGen: 171065K->166464K(174592K)] 237113K->166464K(251392K) [PSPermGen: 7319K->7319K(21504K)], 0.6296900 secs] [Times: user=2.25 sys=0.00, real=0.63 secs] 
400.847: [Full GC [PSYoungGen: 66048K->0K(76800K)] [ParOldGen: 166464K->164759K(174592K)] 232512K->164759K(251392K) [PSPermGen: 7319K->7319K(21504K)], 0.6318347 secs] [Times: user=2.20 sys=0.00, real=0.63 secs] 
401.542: [Full GC [PSYoungGen: 66048K->0K(76800K)] [ParOldGen: 164759K->163964K(174592K)] 230807K->163964K(251392K) [PSPermGen: 7319K->7319K(21504K)], 0.6284732 secs] [Times: user=2.25 sys=0.00, real=0.63 secs] 
402.246: [Full GC [PSYoungGen: 66048K->0K(76800K)] [ParOldGen: 163964K->165299K(174592K)] 230012K->165299K(251392K) [PSPermGen: 7319K->7319K(21504K)], 0.6019407 secs] [Times: user=2.11 sys=0.00, real=0.60 secs] 
402.926: [Full GC [PSYoungGen: 66048K->0K(76800K)] [ParOldGen: 165299K->162965K(174592K)] 231347K->162965K(251392K) [PSPermGen: 7319K->7319K(21504K)], 0.6015203 secs] [Times: user=2.14 sys=0.00, real=0.60 secs] 
403.591: [Full GC [PSYoungGen: 66048K->0K(76800K)] [ParOldGen: 162965K->166555K(174592K)] 229013K->166555K(251392K) [PSPermGen: 7319K->7319K(21504K)], 0.6198609 secs] [Times: user=2.08 sys=0.00, real=0.62 secs] 
404.293: [Full GC [PSYoungGen: 66048K->0K(76800K)] [ParOldGen: 166555K->162198K(174592K)] 232603K->162198K(251392K) [PSPermGen: 7319K->7319K(21504K)], 0.6175389 secs] [Times: user=2.14 sys=0.00, real=0.62 secs] 
404.996: [Full GC [PSYoungGen: 66048K->0K(76800K)] [ParOldGen: 162198K->163494K(174592K)] 228246K->163494K(251392K) [PSPermGen: 7319K->7319K(21504K)], 0.6121646 secs] [Times: user=2.18 sys=0.00, real=0.61 secs] 
405.675: [Full GC [PSYoungGen: 66048K->0K(76800K)] [ParOldGen: 163494K->169011K(174592K)] 229542K->169011K(251392K) [PSPermGen: 7319K->7319K(21504K)], 0.6312904 secs] [Times: user=2.20 sys=0.00, real=0.63 secs] 
406.378: [Full GC [PSYoungGen: 66048K->0K(76800K)] [ParOldGen: 169011K->168019K(174592K)] 235059K->168019K(251392K) [PSPermGen: 7319K->7319K(21504K)], 0.6372286 secs] [Times: user=2.28 sys=0.00, real=0.64 secs] 
407.090: [Full GC [PSYoungGen: 66048K->0K(76800K)] [ParOldGen: 168019K->172662K(174592K)] 234067K->172662K(251392K) [PSPermGen: 7327K->7327K(21504K)], 0.5804888 secs] [Times: user=1.92 sys=0.00, real=0.58 secs] 
407.738: [Full GC [PSYoungGen: 66048K->0K(76800K)] [ParOldGen: 172662K->168035K(174592K)] 238710K->168035K(251392K) [PSPermGen: 7327K->7327K(21504K)], 0.6081829 secs] [Times: user=2.20 sys=0.00, real=0.61 secs] 
408.421: [Full GC [PSYoungGen: 66048K->0K(76800K)] [ParOldGen: 168035K->169768K(174592K)] 234083K->169768K(251392K) [PSPermGen: 7327K->7327K(21504K)], 0.4173894 secs] [Times: user=1.43 sys=0.00, real=0.42 secs] 
408.900: [Full GC [PSYoungGen: 66048K->0K(76800K)] [ParOldGen: 169768K->163939K(174592K)] 235816K->163939K(251392K) [PSPermGen: 7327K->7327K(21504K)], 0.6267798 secs] [Times: user=2.14 sys=0.00, real=0.63 secs] 
409.581: [Full GC [PSYoungGen: 66048K->0K(76800K)] [ParOldGen: 163939K->163632K(174592K)] 229987K->163632K(251392K) [PSPermGen: 7327K->7327K(21504K)], 0.4501108 secs] [Times: user=1.11 sys=0.00, real=0.45 secs] 
410.102: [Full GC [PSYoungGen: 66048K->0K(76800K)] [ParOldGen: 163632K->166219K(174592K)] 229680K->166219K(251392K) [PSPermGen: 7327K->7327K(21504K)], 0.4196514 secs] [Times: user=1.06 sys=0.00, real=0.42 secs] 
410.572: [Full GC [PSYoungGen: 66048K->0K(76800K)] [ParOldGen: 166219K->163163K(174592K)] 232267K->163163K(251392K) [PSPermGen: 7327K->7327K(21504K)], 0.4758931 secs] [Times: user=1.06 sys=0.02, real=0.48 secs] 
411.122: [Full GC [PSYoungGen: 66048K->0K(76800K)] [ParOldGen: 163163K->166678K(174592K)] 229211K->166678K(251392K) [PSPermGen: 7328K->7328K(21504K)], 0.4353307 secs] [Times: user=1.19 sys=0.00, real=0.44 secs] 
411.613: [Full GC [PSYoungGen: 66048K->0K(76800K)] [ParOldGen: 166678K->163481K(174592K)] 232726K->163481K(251392K) [PSPermGen: 7328K->7328K(21504K)], 0.6300563 secs] [Times: user=1.90 sys=0.01, real=0.63 secs] 
412.323: [Full GC [PSYoungGen: 66048K->0K(76800K)] [ParOldGen: 163481K->162817K(174592K)] 229529K->162817K(251392K) [PSPermGen: 7328K->7328K(21504K)], 0.5392910 secs] [Times: user=1.73 sys=0.00, real=0.54 secs] 
412.914: [Full GC [PSYoungGen: 66048K->0K(76800K)] [ParOldGen: 162817K->159594K(174592K)] 228865K->159594K(251392K) [PSPermGen: 7328K->7328K(21504K)], 0.5313773 secs] [Times: user=1.83 sys=0.00, real=0.53 secs] 
413.507: [Full GC [PSYoungGen: 66048K->0K(76800K)] [ParOldGen: 159594K->157921K(174592K)] 225642K->157921K(251392K) [PSPermGen: 7328K->7328K(21504K)], 0.6171339 secs] [Times: user=2.11 sys=0.00, real=0.62 secs] 
414.208: [Full GC [PSYoungGen: 66048K->0K(76800K)] [ParOldGen: 157921K->161153K(174592K)] 223969K->161153K(251392K) [PSPermGen: 7328K->7328K(21504K)], 0.5781565 secs] [Times: user=1.98 sys=0.00, real=0.58 secs] 
414.871: [Full GC [PSYoungGen: 66048K->0K(76800K)] [ParOldGen: 161153K->161069K(174592K)] 227201K->161069K(251392K) [PSPermGen: 7328K->7328K(21504K)], 0.6284194 secs] [Times: user=2.22 sys=0.00, real=0.63 secs] 
415.564: [Full GC [PSYoungGen: 66048K->0K(76800K)] [ParOldGen: 161069K->167539K(174592K)] 227117K->167539K(251392K) [PSPermGen: 7328K->7328K(21504K)], 0.6460368 secs] [Times: user=2.23 sys=0.00, real=0.65 secs] 
416.278: [Full GC [PSYoungGen: 66048K->0K(76800K)] [ParOldGen: 167539K->168957K(174592K)] 233587K->168957K(251392K) [PSPermGen: 7328K->7328K(21504K)], 0.5369940 secs] [Times: user=1.54 sys=0.00, real=0.54 secs] 
416.870: [Full GC [PSYoungGen: 66048K->0K(76800K)] [ParOldGen: 168957K->168590K(174592K)] 235005K->168590K(251392K) [PSPermGen: 7328K->7328K(21504K)], 0.6546401 secs] [Times: user=2.11 sys=0.00, real=0.65 secs] 
417.587: [Full GC [PSYoungGen: 66048K->0K(76800K)] [ParOldGen: 168590K->167956K(174592K)] 234638K->167956K(251392K) [PSPermGen: 7328K->7328K(21504K)], 0.6662033 secs] [Times: user=2.14 sys=0.00, real=0.67 secs] 
418.330: [Full GC [PSYoungGen: 66048K->0K(76800K)] [ParOldGen: 167956K->173096K(174592K)] 234004K->173096K(251392K) [PSPermGen: 7328K->7328K(21504K)], 0.6131685 secs] [Times: user=2.22 sys=0.00, real=0.61 secs] 
419.019: [Full GC [PSYoungGen: 66048K->0K(76800K)] [ParOldGen: 173096K->171683K(174592K)] 239144K->171683K(251392K) [PSPermGen: 7328K->7328K(21504K)], 0.6409027 secs] [Times: user=2.34 sys=0.00, real=0.64 secs] 
419.728: [Full GC [PSYoungGen: 66048K->0K(76800K)] [ParOldGen: 171683K->163922K(174592K)] 237731K->163922K(251392K) [PSPermGen: 7328K->7328K(21504K)], 0.6265239 secs] [Times: user=2.20 sys=0.00, real=0.63 secs] 
420.430: [Full GC [PSYoungGen: 66048K->0K(76800K)] [ParOldGen: 163922K->164070K(174592K)] 229970K->164070K(251392K) [PSPermGen: 7328K->7328K(21504K)], 0.5832492 secs] [Times: user=2.11 sys=0.00, real=0.58 secs] 
421.092: [Full GC [PSYoungGen: 66048K->0K(76800K)] [ParOldGen: 164070K->163251K(174592K)] 230118K->163251K(251392K) [PSPermGen: 7328K->7328K(21504K)], 0.6162291 secs] [Times: user=2.12 sys=0.00, real=0.62 secs] 
421.772: [Full GC [PSYoungGen: 66048K->0K(76800K)] [ParOldGen: 163251K->162775K(174592K)] 229299K->162775K(251392K) [PSPermGen: 7328K->7328K(21504K)], 0.6893073 secs] [Times: user=2.09 sys=0.00, real=0.69 secs] 
422.540: [Full GC [PSYoungGen: 66048K->0K(76800K)] [ParOldGen: 162775K->165072K(174592K)] 228823K->165072K(251392K) [PSPermGen: 7328K->7328K(21504K)], 0.5502770 secs] [Times: user=1.50 sys=0.00, real=0.55 secs] 
423.163: [Full GC [PSYoungGen: 66048K->0K(76800K)] [ParOldGen: 165072K->163509K(174592K)] 231120K->163509K(251392K) [PSPermGen: 7328K->7328K(21504K)], 0.6873692 secs] [Times: user=2.17 sys=0.00, real=0.69 secs] 
423.927: [Full GC [PSYoungGen: 66048K->0K(76800K)] [ParOldGen: 163509K->164679K(174592K)] 229557K->164679K(251392K) [PSPermGen: 7328K->7328K(21504K)], 0.6173564 secs] [Times: user=2.07 sys=0.00, real=0.62 secs] 
424.607: [Full GC [PSYoungGen: 66048K->0K(76800K)] [ParOldGen: 164679K->161692K(174592K)] 230727K->161692K(251392K) [PSPermGen: 7328K->7328K(21504K)], 0.6319133 secs] [Times: user=2.20 sys=0.00, real=0.63 secs] 
425.315: [Full GC [PSYoungGen: 66048K->0K(76800K)] [ParOldGen: 161692K->163797K(174592K)] 227740K->163797K(251392K) [PSPermGen: 7328K->7328K(21504K)], 0.4761019 secs] [Times: user=1.28 sys=0.00, real=0.48 secs] 
425.850: [Full GC [PSYoungGen: 66048K->0K(76800K)] [ParOldGen: 163797K->163127K(174592K)] 229845K->163127K(251392K) [PSPermGen: 7328K->7328K(21504K)], 0.6346201 secs] [Times: user=2.00 sys=0.00, real=0.63 secs] 
426.540: [Full GC [PSYoungGen: 66048K->0K(76800K)] [ParOldGen: 163127K->162003K(174592K)] 229175K->162003K(251392K) [PSPermGen: 7328K->7328K(21504K)], 0.3803648 secs] [Times: user=1.11 sys=0.02, real=0.38 secs] 
427.000: [Full GC [PSYoungGen: 66048K->0K(76800K)] [ParOldGen: 162003K->162800K(174592K)] 228051K->162800K(251392K) [PSPermGen: 7328K->7328K(21504K)], 0.3588971 secs] [Times: user=1.00 sys=0.00, real=0.36 secs] 
427.415: [Full GC [PSYoungGen: 66048K->0K(76800K)] [ParOldGen: 162800K->162157K(174592K)] 228848K->162157K(251392K) [PSPermGen: 7328K->7328K(21504K)], 0.6165842 secs] [Times: user=1.89 sys=0.00, real=0.62 secs] 
428.110: [Full GC [PSYoungGen: 66048K->0K(76800K)] [ParOldGen: 162157K->163430K(174592K)] 228205K->163430K(251392K) [PSPermGen: 7328K->7328K(21504K)], 0.5777020 secs] [Times: user=2.14 sys=0.00, real=0.58 secs] 
428.750: [Full GC [PSYoungGen: 66048K->0K(76800K)] [ParOldGen: 163430K->163473K(174592K)] 229478K->163473K(251392K) [PSPermGen: 7328K->7328K(21504K)], 0.5810584 secs] [Times: user=2.11 sys=0.00, real=0.58 secs] 
429.413: [Full GC [PSYoungGen: 66048K->0K(76800K)] [ParOldGen: 163473K->164520K(174592K)] 229521K->164520K(251392K) [PSPermGen: 7328K->7328K(21504K)], 0.6983170 secs] [Times: user=2.17 sys=0.00, real=0.70 secs] 
430.193: [Full GC [PSYoungGen: 66048K->0K(76800K)] [ParOldGen: 164520K->165643K(174592K)] 230568K->165643K(251392K) [PSPermGen: 7328K->7328K(21504K)], 0.6474820 secs] [Times: user=2.25 sys=0.00, real=0.65 secs] 
430.911: [Full GC [PSYoungGen: 66048K->0K(76800K)] [ParOldGen: 165643K->165612K(174592K)] 231691K->165612K(251392K) [PSPermGen: 7328K->7328K(21504K)], 0.5732694 secs] [Times: user=2.04 sys=0.00, real=0.57 secs] 
431.539: [Full GC [PSYoungGen: 66048K->0K(76800K)] [ParOldGen: 165612K->163293K(174592K)] 231660K->163293K(251392K) [PSPermGen: 7328K->7328K(21504K)], 0.5305967 secs] [Times: user=1.81 sys=0.00, real=0.53 secs] 
432.142: [Full GC [PSYoungGen: 66048K->0K(76800K)] [ParOldGen: 163293K->162330K(174592K)] 229341K->162330K(251392K) [PSPermGen: 7328K->7328K(21504K)], 0.6241705 secs] [Times: user=2.01 sys=0.00, real=0.63 secs] 
432.849: [Full GC [PSYoungGen: 66048K->0K(76800K)] [ParOldGen: 162330K->169873K(174592K)] 228378K->169873K(251392K) [PSPermGen: 7328K->7328K(21504K)], 0.6026405 secs] [Times: user=2.17 sys=0.00, real=0.60 secs] 
433.510: [Full GC [PSYoungGen: 66048K->0K(76800K)] [ParOldGen: 169873K->167791K(174592K)] 235921K->167791K(251392K) [PSPermGen: 7328K->7328K(21504K)], 0.6278068 secs] [Times: user=2.04 sys=0.00, real=0.63 secs] 
434.217: [Full GC [PSYoungGen: 66048K->0K(76800K)] [ParOldGen: 167791K->168898K(174592K)] 233839K->168898K(251392K) [PSPermGen: 7328K->7328K(21504K)], 0.6227163 secs] [Times: user=2.18 sys=0.00, real=0.62 secs] 
434.911: [Full GC [PSYoungGen: 66048K->0K(76800K)] [ParOldGen: 168898K->169951K(174592K)] 234946K->169951K(251392K) [PSPermGen: 7328K->7328K(21504K)], 0.5042280 secs] [Times: user=1.48 sys=0.00, real=0.51 secs] 
435.471: [Full GC [PSYoungGen: 66048K->0K(76800K)] [ParOldGen: 169951K->166027K(174592K)] 235999K->166027K(251392K) [PSPermGen: 7328K->7328K(21504K)], 0.6287869 secs] [Times: user=1.72 sys=0.02, real=0.63 secs] 
436.174: [Full GC [PSYoungGen: 66047K->0K(76800K)] [ParOldGen: 166027K->167329K(174592K)] 232075K->167329K(251392K) [PSPermGen: 7328K->7328K(21504K)], 0.3599732 secs] [Times: user=1.01 sys=0.00, real=0.36 secs] 
436.591: [Full GC [PSYoungGen: 66048K->0K(76800K)] [ParOldGen: 167329K->162561K(174592K)] 233377K->162561K(251392K) [PSPermGen: 7328K->7328K(21504K)], 0.5764102 secs] [Times: user=1.98 sys=0.00, real=0.58 secs] 
437.247: [Full GC [PSYoungGen: 66048K->0K(76800K)] [ParOldGen: 162561K->165600K(174592K)] 228609K->165600K(251392K) [PSPermGen: 7328K->7328K(21504K)], 0.5928615 secs] [Times: user=2.03 sys=0.00, real=0.59 secs] 
437.912: [Full GC [PSYoungGen: 66048K->0K(76800K)] [ParOldGen: 165600K->164007K(174592K)] 231648K->164007K(251392K) [PSPermGen: 7328K->7328K(21504K)], 0.5931524 secs] [Times: user=2.06 sys=0.00, real=0.59 secs] 
438.565: [Full GC [PSYoungGen: 66048K->0K(76800K)] [ParOldGen: 164007K->168309K(174592K)] 230055K->168309K(251392K) [PSPermGen: 7328K->7328K(21504K)], 0.6198417 secs] [Times: user=2.25 sys=0.00, real=0.62 secs] 
439.260: [Full GC [PSYoungGen: 66048K->0K(76800K)] [ParOldGen: 168309K->169454K(174592K)] 234357K->169454K(251392K) [PSPermGen: 7328K->7328K(21504K)], 0.6386619 secs] [Times: user=2.18 sys=0.00, real=0.64 secs] 
439.967: [Full GC [PSYoungGen: 66048K->0K(76800K)] [ParOldGen: 169454K->171202K(174592K)] 235502K->171202K(251392K) [PSPermGen: 7329K->7329K(21504K)], 0.3806108 secs] [Times: user=1.33 sys=0.00, real=0.38 secs] 
440.410: [Full GC [PSYoungGen: 66048K->0K(76800K)] [ParOldGen: 171202K->166658K(174592K)] 237250K->166658K(251392K) [PSPermGen: 7329K->7329K(21504K)], 0.6331901 secs] [Times: user=2.15 sys=0.00, real=0.63 secs] 
441.118: [Full GC [PSYoungGen: 66048K->0K(76800K)] [ParOldGen: 166658K->165698K(174592K)] 232706K->165698K(251392K) [PSPermGen: 7329K->7329K(21504K)], 0.6266512 secs] [Times: user=2.15 sys=0.00, real=0.63 secs] 
441.828: [Full GC [PSYoungGen: 66048K->0K(76800K)] [ParOldGen: 165698K->165503K(174592K)] 231746K->165503K(251392K) [PSPermGen: 7329K->7329K(21504K)], 0.6448620 secs] [Times: user=2.06 sys=0.01, real=0.64 secs] 
442.531: [Full GC [PSYoungGen: 66048K->0K(76800K)] [ParOldGen: 165503K->164505K(174592K)] 231551K->164505K(251392K) [PSPermGen: 7329K->7329K(21504K)], 0.6063003 secs] [Times: user=2.14 sys=0.00, real=0.61 secs] 
443.211: [Full GC [PSYoungGen: 66048K->0K(76800K)] [ParOldGen: 164505K->162873K(174592K)] 230553K->162873K(251392K) [PSPermGen: 7329K->7329K(21504K)], 0.6268251 secs] [Times: user=2.22 sys=0.00, real=0.63 secs] 
443.912: [Full GC [PSYoungGen: 66048K->0K(76800K)] [ParOldGen: 162873K->160642K(174592K)] 228921K->160642K(251392K) [PSPermGen: 7329K->7329K(21504K)], 0.5822614 secs] [Times: user=2.11 sys=0.00, real=0.58 secs] 
444.562: [Full GC [PSYoungGen: 66048K->0K(76800K)] [ParOldGen: 160642K->165161K(174592K)] 226690K->165161K(251392K) [PSPermGen: 7329K->7329K(21504K)], 0.6514461 secs] [Times: user=2.20 sys=0.00, real=0.65 secs] 
445.295: [Full GC [PSYoungGen: 66048K->0K(76800K)] [ParOldGen: 165161K->167845K(174592K)] 231209K->167845K(251392K) [PSPermGen: 7329K->7329K(21504K)], 0.3726887 secs] [Times: user=1.29 sys=0.00, real=0.37 secs] 
445.734: [Full GC [PSYoungGen: 66048K->0K(76800K)] [ParOldGen: 167845K->167081K(174592K)] 233893K->167081K(251392K) [PSPermGen: 7329K->7329K(21504K)], 0.6227962 secs] [Times: user=2.22 sys=0.00, real=0.62 secs] 
446.436: [Full GC [PSYoungGen: 66048K->0K(76800K)] [ParOldGen: 167081K->166316K(174592K)] 233129K->166316K(251392K) [PSPermGen: 7329K->7329K(21504K)], 0.6654602 secs] [Times: user=2.22 sys=0.00, real=0.67 secs] 
447.178: [Full GC [PSYoungGen: 66048K->0K(76800K)] [ParOldGen: 166316K->165551K(174592K)] 232364K->165551K(251392K) [PSPermGen: 7329K->7329K(21504K)], 0.4844570 secs] [Times: user=1.75 sys=0.00, real=0.48 secs] 
447.728: [Full GC [PSYoungGen: 66048K->0K(76800K)] [ParOldGen: 165551K->168227K(174592K)] 231599K->168227K(251392K) [PSPermGen: 7329K->7329K(21504K)], 0.6098407 secs] [Times: user=2.15 sys=0.00, real=0.61 secs] 
448.416: [Full GC [PSYoungGen: 66048K->0K(76800K)] [ParOldGen: 168227K->168358K(174592K)] 234275K->168358K(251392K) [PSPermGen: 7329K->7329K(21504K)], 0.6425301 secs] [Times: user=2.29 sys=0.00, real=0.64 secs] 
449.132: [Full GC [PSYoungGen: 66048K->0K(76800K)] [ParOldGen: 168358K->166755K(174592K)] 234406K->166755K(251392K) [PSPermGen: 7329K->7329K(21504K)], 0.6541536 secs] [Times: user=2.15 sys=0.00, real=0.65 secs] 
449.860: [Full GC [PSYoungGen: 66048K->0K(76800K)] [ParOldGen: 166755K->165572K(174592K)] 232803K->165572K(251392K) [PSPermGen: 7329K->7329K(21504K)], 0.5900725 secs] [Times: user=2.18 sys=0.00, real=0.59 secs] 
450.517: [Full GC [PSYoungGen: 66048K->0K(76800K)] [ParOldGen: 165572K->162374K(174592K)] 231620K->162374K(251392K) [PSPermGen: 7329K->7329K(21504K)], 0.5948118 secs] [Times: user=1.95 sys=0.00, real=0.59 secs] 
451.188: [Full GC [PSYoungGen: 66048K->0K(76800K)] [ParOldGen: 162374K->163872K(174592K)] 228422K->163872K(251392K) [PSPermGen: 7329K->7329K(21504K)], 0.6152747 secs] [Times: user=2.20 sys=0.00, real=0.62 secs] 
451.881: [Full GC [PSYoungGen: 66048K->0K(76800K)] [ParOldGen: 163872K->161017K(174592K)] 229920K->161017K(251392K) [PSPermGen: 7329K->7329K(21504K)], 0.4716840 secs] [Times: user=1.55 sys=0.00, real=0.47 secs] 
452.415: [Full GC [PSYoungGen: 66048K->0K(76800K)] [ParOldGen: 161017K->161004K(174592K)] 227065K->161004K(251392K) [PSPermGen: 7329K->7329K(21504K)], 0.6484384 secs] [Times: user=2.09 sys=0.00, real=0.65 secs] 
453.139: [Full GC [PSYoungGen: 66048K->0K(76800K)] [ParOldGen: 161004K->162610K(174592K)] 227052K->162610K(251392K) [PSPermGen: 7329K->7329K(21504K)], 0.4358003 secs] [Times: user=1.26 sys=0.00, real=0.44 secs] 
453.632: [Full GC [PSYoungGen: 66048K->0K(76800K)] [ParOldGen: 162610K->159951K(174592K)] 228658K->159951K(251392K) [PSPermGen: 7329K->7329K(21504K)], 0.4550034 secs] [Times: user=1.56 sys=0.00, real=0.46 secs] 
454.171: [Full GC [PSYoungGen: 66048K->0K(76800K)] [ParOldGen: 159951K->161619K(174592K)] 225999K->161619K(251392K) [PSPermGen: 7329K->7329K(21504K)], 0.6114767 secs] [Times: user=2.14 sys=0.00, real=0.61 secs] 
454.847: [Full GC [PSYoungGen: 66048K->0K(76800K)] [ParOldGen: 161619K->162010K(174592K)] 227667K->162010K(251392K) [PSPermGen: 7329K->7329K(21504K)], 0.6164815 secs] [Times: user=2.26 sys=0.02, real=0.62 secs] 
455.538: [Full GC [PSYoungGen: 66048K->0K(76800K)] [ParOldGen: 162010K->166843K(174592K)] 228058K->166843K(251392K) [PSPermGen: 7329K->7329K(21504K)], 0.5842393 secs] [Times: user=2.03 sys=0.00, real=0.58 secs] 
456.188: [Full GC [PSYoungGen: 66048K->0K(76800K)] [ParOldGen: 166843K->163046K(174592K)] 232891K->163046K(251392K) [PSPermGen: 7329K->7329K(21504K)], 0.6118843 secs] [Times: user=2.14 sys=0.00, real=0.61 secs] 
456.876: [Full GC [PSYoungGen: 66048K->0K(76800K)] [ParOldGen: 163046K->162201K(174592K)] 229094K->162201K(251392K) [PSPermGen: 7329K->7329K(21504K)], 0.6117185 secs] [Times: user=2.11 sys=0.00, real=0.61 secs] 
457.556: [Full GC [PSYoungGen: 66048K->0K(76800K)] [ParOldGen: 162201K->168624K(174592K)] 228249K->168624K(251392K) [PSPermGen: 7329K->7329K(21504K)], 0.6218638 secs] [Times: user=2.15 sys=0.00, real=0.62 secs] 
458.253: [Full GC [PSYoungGen: 66048K->0K(76800K)] [ParOldGen: 168624K->166943K(174592K)] 234672K->166943K(251392K) [PSPermGen: 7329K->7329K(21504K)], 0.6387863 secs] [Times: user=2.26 sys=0.00, real=0.64 secs] 
458.970: [Full GC [PSYoungGen: 66048K->0K(76800K)] [ParOldGen: 166943K->169083K(174592K)] 232991K->169083K(251392K) [PSPermGen: 7329K->7329K(21504K)], 0.5198323 secs] [Times: user=1.62 sys=0.00, real=0.52 secs] 
459.553: [Full GC [PSYoungGen: 66048K->0K(76800K)] [ParOldGen: 169083K->169056K(174592K)] 235131K->169056K(251392K) [PSPermGen: 7329K->7329K(21504K)], 0.6987551 secs] [Times: user=2.14 sys=0.00, real=0.70 secs] 
460.322: [Full GC [PSYoungGen: 66048K->0K(76800K)] [ParOldGen: 169056K->164916K(174592K)] 235104K->164916K(251392K) [PSPermGen: 7329K->7329K(21504K)], 0.7060374 secs] [Times: user=2.15 sys=0.00, real=0.71 secs] 
461.107: [Full GC [PSYoungGen: 66048K->0K(76800K)] [ParOldGen: 164916K->165728K(174592K)] 230964K->165728K(251392K) [PSPermGen: 7329K->7329K(21504K)], 0.6034824 secs] [Times: user=2.20 sys=0.00, real=0.60 secs] 
461.774: [Full GC [PSYoungGen: 66048K->0K(76800K)] [ParOldGen: 165728K->169786K(174592K)] 231776K->169786K(251392K) [PSPermGen: 7329K->7329K(21504K)], 0.6752216 secs] [Times: user=2.20 sys=0.00, real=0.68 secs] 
462.524: [Full GC [PSYoungGen: 66048K->0K(76800K)] [ParOldGen: 169786K->170102K(174592K)] 235834K->170102K(251392K) [PSPermGen: 7329K->7329K(21504K)], 0.3588481 secs] [Times: user=1.34 sys=0.00, real=0.36 secs] 
462.940: [Full GC [PSYoungGen: 66048K->0K(76800K)] [ParOldGen: 170102K->166009K(174592K)] 236150K->166009K(251392K) [PSPermGen: 7329K->7329K(21504K)], 0.6388803 secs] [Times: user=2.23 sys=0.00, real=0.64 secs] 
463.649: [Full GC [PSYoungGen: 66048K->0K(76800K)] [ParOldGen: 166009K->169408K(174592K)] 232057K->169408K(251392K) [PSPermGen: 7329K->7329K(21504K)], 0.6104164 secs] [Times: user=2.18 sys=0.00, real=0.61 secs] 
464.344: [Full GC [PSYoungGen: 66048K->0K(76800K)] [ParOldGen: 169408K->168979K(174592K)] 235456K->168979K(251392K) [PSPermGen: 7329K->7329K(21504K)], 0.4634264 secs] [Times: user=1.57 sys=0.00, real=0.46 secs] 
464.872: [Full GC [PSYoungGen: 66048K->0K(76800K)] [ParOldGen: 168979K->163730K(174592K)] 235027K->163730K(251392K) [PSPermGen: 7329K->7329K(21504K)], 0.6202468 secs] [Times: user=2.12 sys=0.00, real=0.62 secs] 
465.563: [Full GC [PSYoungGen: 66048K->0K(76800K)] [ParOldGen: 163730K->164218K(174592K)] 229778K->164218K(251392K) [PSPermGen: 7329K->7329K(21504K)], 0.5989616 secs] [Times: user=2.17 sys=0.00, real=0.60 secs] 
466.256: [Full GC [PSYoungGen: 66048K->0K(76800K)] [ParOldGen: 164218K->162532K(174592K)] 230266K->162532K(251392K) [PSPermGen: 7329K->7329K(21504K)], 0.6057323 secs] [Times: user=1.90 sys=0.00, real=0.61 secs] 
466.947: [Full GC [PSYoungGen: 66048K->0K(76800K)] [ParOldGen: 162532K->165053K(174592K)] 228580K->165053K(251392K) [PSPermGen: 7329K->7329K(21504K)], 0.4380193 secs] [Times: user=1.25 sys=0.00, real=0.44 secs] 
467.457: [Full GC [PSYoungGen: 66048K->0K(76800K)] [ParOldGen: 165053K->162577K(174592K)] 231101K->162577K(251392K) [PSPermGen: 7329K->7329K(21504K)], 0.5877883 secs] [Times: user=2.12 sys=0.00, real=0.59 secs] 
468.138: [Full GC [PSYoungGen: 66048K->0K(76800K)] [ParOldGen: 162577K->164583K(174592K)] 228625K->164583K(251392K) [PSPermGen: 7329K->7329K(21504K)], 0.4582141 secs] [Times: user=1.53 sys=0.00, real=0.46 secs] 
468.662: [Full GC [PSYoungGen: 66048K->0K(76800K)] [ParOldGen: 164583K->164935K(174592K)] 230631K->164935K(251392K) [PSPermGen: 7329K->7329K(21504K)], 0.6211551 secs] [Times: user=2.01 sys=0.00, real=0.62 secs] 
469.362: [Full GC [PSYoungGen: 66048K->0K(76800K)] [ParOldGen: 164935K->166100K(174592K)] 230983K->166100K(251392K) [PSPermGen: 7329K->7329K(21504K)], 0.5445893 secs] [Times: user=1.95 sys=0.00, real=0.55 secs] 
469.970: [Full GC [PSYoungGen: 66048K->0K(76800K)] [ParOldGen: 166100K->171857K(174592K)] 232148K->171857K(251392K) [PSPermGen: 7329K->7329K(21504K)], 0.6401083 secs] [Times: user=2.23 sys=0.00, real=0.64 secs] 
470.679: [Full GC [PSYoungGen: 66048K->0K(76800K)] [ParOldGen: 171857K->171724K(174592K)] 237905K->171724K(251392K) [PSPermGen: 7329K->7329K(21504K)], 0.6210922 secs] [Times: user=2.28 sys=0.00, real=0.62 secs] 
471.377: [Full GC [PSYoungGen: 66048K->0K(76800K)] [ParOldGen: 171724K->166325K(174592K)] 237772K->166325K(251392K) [PSPermGen: 7329K->7329K(21504K)], 0.6728711 secs] [Times: user=2.28 sys=0.00, real=0.67 secs] 
472.139: [Full GC [PSYoungGen: 66048K->0K(76800K)] [ParOldGen: 166325K->169269K(174592K)] 232373K->169269K(251392K) [PSPermGen: 7329K->7329K(21504K)], 0.3928100 secs] [Times: user=1.36 sys=0.02, real=0.39 secs] 
472.597: [Full GC [PSYoungGen: 66048K->0K(76800K)] [ParOldGen: 169269K->165423K(174592K)] 235317K->165423K(251392K) [PSPermGen: 7329K->7329K(21504K)], 0.5936027 secs] [Times: user=2.15 sys=0.00, real=0.59 secs] 
473.277: [Full GC [PSYoungGen: 66048K->0K(76800K)] [ParOldGen: 165423K->167529K(174592K)] 231471K->167529K(251392K) [PSPermGen: 7329K->7329K(21504K)], 0.4216139 secs] [Times: user=1.44 sys=0.01, real=0.42 secs] 
473.761: [Full GC [PSYoungGen: 66048K->0K(76800K)] [ParOldGen: 167529K->163120K(174592K)] 233577K->163120K(251392K) [PSPermGen: 7329K->7329K(21504K)], 0.6128449 secs] [Times: user=2.22 sys=0.00, real=0.61 secs] 
474.468: [Full GC [PSYoungGen: 66048K->0K(76800K)] [ParOldGen: 163120K->165532K(174592K)] 229168K->165532K(251392K) [PSPermGen: 7329K->7329K(21504K)], 0.3946298 secs] [Times: user=1.48 sys=0.00, real=0.39 secs] 
474.925: [Full GC [PSYoungGen: 66048K->0K(76800K)] [ParOldGen: 165532K->161534K(174592K)] 231580K->161534K(251392K) [PSPermGen: 7329K->7329K(21504K)], 0.5997922 secs] [Times: user=2.09 sys=0.00, real=0.60 secs] 
475.584: [Full GC [PSYoungGen: 66048K->0K(76800K)] [ParOldGen: 161534K->157930K(174592K)] 227582K->157930K(251392K) [PSPermGen: 7329K->7329K(21504K)], 0.5919016 secs] [Times: user=2.14 sys=0.00, real=0.59 secs] 
476.259: [Full GC [PSYoungGen: 66048K->0K(76800K)] [ParOldGen: 157930K->159699K(174592K)] 223978K->159699K(251392K) [PSPermGen: 7329K->7329K(21504K)], 0.5993230 secs] [Times: user=2.09 sys=0.00, real=0.60 secs] 
476.931: [Full GC [PSYoungGen: 66048K->0K(76800K)] [ParOldGen: 159699K->162812K(174592K)] 225747K->162812K(251392K) [PSPermGen: 7329K->7329K(21504K)], 0.5948047 secs] [Times: user=2.09 sys=0.00, real=0.60 secs] 
477.592: [Full GC [PSYoungGen: 66048K->0K(76800K)] [ParOldGen: 162812K->165051K(174592K)] 228860K->165051K(251392K) [PSPermGen: 7329K->7329K(21504K)], 0.6052393 secs] [Times: user=2.22 sys=0.00, real=0.61 secs] 
478.273: [Full GC [PSYoungGen: 66048K->0K(76800K)] [ParOldGen: 165051K->167898K(174592K)] 231099K->167898K(251392K) [PSPermGen: 7329K->7329K(21504K)], 0.6965588 secs] [Times: user=2.20 sys=0.00, real=0.70 secs] 
479.057: [Full GC [PSYoungGen: 66048K->0K(76800K)] [ParOldGen: 167898K->165478K(174592K)] 233946K->165478K(251392K) [PSPermGen: 7329K->7329K(21504K)], 0.6175203 secs] [Times: user=2.17 sys=0.00, real=0.62 secs] 
479.750: [Full GC [PSYoungGen: 66048K->0K(76800K)] [ParOldGen: 165478K->166462K(174592K)] 231526K->166462K(251392K) [PSPermGen: 7329K->7329K(21504K)], 0.4203483 secs] [Times: user=1.48 sys=0.00, real=0.42 secs] 
480.246: [Full GC [PSYoungGen: 66048K->0K(76800K)] [ParOldGen: 166462K->166536K(174592K)] 232510K->166536K(251392K) [PSPermGen: 7329K->7329K(21504K)], 0.6345005 secs] [Times: user=2.23 sys=0.00, real=0.63 secs] 
480.960: [Full GC [PSYoungGen: 66048K->0K(76800K)] [ParOldGen: 166536K->170253K(174592K)] 232584K->170253K(251392K) [PSPermGen: 7329K->7329K(21504K)], 0.6130752 secs] [Times: user=2.18 sys=0.00, real=0.61 secs] 
481.637: [Full GC [PSYoungGen: 66048K->0K(76800K)] [ParOldGen: 170253K->170914K(174592K)] 236301K->170914K(251392K) [PSPermGen: 7329K->7329K(21504K)], 0.6525230 secs] [Times: user=2.04 sys=0.00, real=0.65 secs] 
482.378: [Full GC [PSYoungGen: 66048K->0K(76800K)] [ParOldGen: 170914K->167101K(174592K)] 236962K->167101K(251392K) [PSPermGen: 7329K->7329K(21504K)], 0.6148468 secs] [Times: user=2.15 sys=0.00, real=0.62 secs] 
483.075: [Full GC [PSYoungGen: 66048K->0K(76800K)] [ParOldGen: 167101K->167380K(174592K)] 233149K->167380K(251392K) [PSPermGen: 7329K->7329K(21504K)], 0.3440376 secs] [Times: user=1.19 sys=0.00, real=0.34 secs] 
483.483: [Full GC [PSYoungGen: 66048K->0K(76800K)] [ParOldGen: 167380K->163048K(174592K)] 233428K->163048K(251392K) [PSPermGen: 7329K->7329K(21504K)], 0.6015430 secs] [Times: user=2.01 sys=0.00, real=0.60 secs] 
484.160: [Full GC [PSYoungGen: 66048K->0K(76800K)] [ParOldGen: 163048K->166506K(174592K)] 229096K->166506K(251392K) [PSPermGen: 7329K->7329K(21504K)], 0.6261618 secs] [Times: user=2.22 sys=0.00, real=0.63 secs] 
484.865: [Full GC [PSYoungGen: 66048K->0K(76800K)] [ParOldGen: 166506K->171656K(174592K)] 232554K->171656K(251392K) [PSPermGen: 7329K->7329K(21504K)], 0.6166377 secs] [Times: user=2.18 sys=0.00, real=0.62 secs] 
485.546: [Full GC [PSYoungGen: 66048K->0K(76800K)] [ParOldGen: 171656K->163076K(174592K)] 237704K->163076K(251392K) [PSPermGen: 7329K->7329K(21504K)], 0.6005777 secs] [Times: user=2.14 sys=0.00, real=0.60 secs] 
486.228: [Full GC [PSYoungGen: 66048K->0K(76800K)] [ParOldGen: 163076K->162661K(174592K)] 229124K->162661K(251392K) [PSPermGen: 7329K->7329K(21504K)], 0.6077352 secs] [Times: user=2.14 sys=0.00, real=0.61 secs] 
486.917: [Full GC [PSYoungGen: 66048K->0K(76800K)] [ParOldGen: 162661K->160394K(174592K)] 228709K->160394K(251392K) [PSPermGen: 7329K->7329K(21504K)], 0.5999279 secs] [Times: user=2.15 sys=0.00, real=0.60 secs] 
487.585: [Full GC [PSYoungGen: 66048K->0K(76800K)] [ParOldGen: 160394K->167161K(174592K)] 226442K->167161K(251392K) [PSPermGen: 7330K->7330K(21504K)], 0.6399117 secs] [Times: user=2.29 sys=0.00, real=0.64 secs] 
488.303: [Full GC [PSYoungGen: 66048K->0K(76800K)] [ParOldGen: 167161K->164789K(174592K)] 233209K->164789K(251392K) [PSPermGen: 7330K->7330K(21504K)], 0.5924388 secs] [Times: user=2.12 sys=0.00, real=0.59 secs] 
488.985: [Full GC [PSYoungGen: 66048K->0K(76800K)] [ParOldGen: 164789K->167853K(174592K)] 230837K->167853K(251392K) [PSPermGen: 7330K->7330K(21504K)], 0.5279263 secs] [Times: user=1.59 sys=0.01, real=0.53 secs] 
489.585: [Full GC [PSYoungGen: 66048K->0K(76800K)] [ParOldGen: 167853K->166432K(174592K)] 233901K->166432K(251392K) [PSPermGen: 7330K->7330K(21504K)], 0.6217583 secs] [Times: user=2.18 sys=0.00, real=0.62 secs] 
490.308: [Full GC [PSYoungGen: 66048K->0K(76800K)] [ParOldGen: 166432K->166437K(174592K)] 232480K->166437K(251392K) [PSPermGen: 7330K->7330K(21504K)], 0.4202418 secs] [Times: user=1.37 sys=0.02, real=0.42 secs] 
490.806: [Full GC [PSYoungGen: 66048K->0K(76800K)] [ParOldGen: 166437K->163679K(174592K)] 232485K->163679K(251392K) [PSPermGen: 7330K->7330K(21504K)], 0.4185478 secs] [Times: user=1.47 sys=0.00, real=0.42 secs] 
491.298: [Full GC [PSYoungGen: 66048K->0K(76800K)] [ParOldGen: 163679K->164066K(174592K)] 229727K->164066K(251392K) [PSPermGen: 7330K->7330K(21504K)], 0.5873586 secs] [Times: user=2.04 sys=0.00, real=0.59 secs] 
491.948: [Full GC [PSYoungGen: 66048K->0K(76800K)] [ParOldGen: 164066K->161888K(174592K)] 230114K->161888K(251392K) [PSPermGen: 7330K->7330K(21504K)], 0.5693114 secs] [Times: user=1.44 sys=0.00, real=0.57 secs] 
492.578: [Full GC [PSYoungGen: 66048K->0K(76800K)] [ParOldGen: 161888K->162712K(174592K)] 227936K->162712K(251392K) [PSPermGen: 7330K->7330K(21504K)], 0.6541600 secs] [Times: user=2.08 sys=0.00, real=0.66 secs] 
493.325: [Full GC [PSYoungGen: 66048K->0K(76800K)] [ParOldGen: 162712K->166167K(174592K)] 228760K->166167K(251392K) [PSPermGen: 7330K->7330K(21504K)], 0.4289661 secs] [Times: user=1.39 sys=0.02, real=0.43 secs] 
493.845: [Full GC [PSYoungGen: 66048K->0K(76800K)] [ParOldGen: 166167K->163061K(174592K)] 232215K->163061K(251392K) [PSPermGen: 7330K->7330K(21504K)], 0.5845504 secs] [Times: user=2.06 sys=0.00, real=0.58 secs] 
494.483: [Full GC [PSYoungGen: 66048K->0K(76800K)] [ParOldGen: 163061K->158496K(174592K)] 229109K->158496K(251392K) [PSPermGen: 7330K->7330K(21504K)], 0.5837649 secs] [Times: user=2.00 sys=0.00, real=0.58 secs] 
495.151: [Full GC [PSYoungGen: 66048K->0K(76800K)] [ParOldGen: 158496K->160702K(174592K)] 224544K->160702K(251392K) [PSPermGen: 7330K->7330K(21504K)], 0.4004268 secs] [Times: user=1.26 sys=0.00, real=0.40 secs] 
495.615: [Full GC [PSYoungGen: 66048K->0K(76800K)] [ParOldGen: 160702K->162617K(174592K)] 226750K->162617K(251392K) [PSPermGen: 7330K->7330K(21504K)], 0.5733598 secs] [Times: user=2.06 sys=0.00, real=0.57 secs] 
496.274: [Full GC [PSYoungGen: 66048K->0K(76800K)] [ParOldGen: 162617K->165063K(174592K)] 228665K->165063K(251392K) [PSPermGen: 7330K->7330K(21504K)], 0.4026221 secs] [Times: user=1.31 sys=0.00, real=0.40 secs] 
496.739: [Full GC [PSYoungGen: 66048K->0K(76800K)] [ParOldGen: 165063K->165719K(174592K)] 231111K->165719K(251392K) [PSPermGen: 7330K->7330K(21504K)], 0.7447036 secs] [Times: user=2.01 sys=0.00, real=0.75 secs] 
497.578: [Full GC [PSYoungGen: 66048K->0K(76800K)] [ParOldGen: 165719K->167291K(174592K)] 231767K->167291K(251392K) [PSPermGen: 7330K->7330K(21504K)], 0.3773453 secs] [Times: user=1.09 sys=0.00, real=0.38 secs] 
498.019: [Full GC [PSYoungGen: 66048K->0K(76800K)] [ParOldGen: 167291K->161391K(174592K)] 233339K->161391K(251392K) [PSPermGen: 7330K->7330K(21504K)], 0.6130854 secs] [Times: user=2.00 sys=0.00, real=0.61 secs] 
498.703: [Full GC [PSYoungGen: 66048K->0K(76800K)] [ParOldGen: 161391K->165866K(174592K)] 227439K->165866K(251392K) [PSPermGen: 7330K->7330K(21504K)], 0.5889051 secs] [Times: user=2.12 sys=0.00, real=0.59 secs] 
499.362: [Full GC [PSYoungGen: 66048K->0K(76800K)] [ParOldGen: 165866K->167365K(174592K)] 231914K->167365K(251392K) [PSPermGen: 7330K->7330K(21504K)], 0.3736406 secs] [Times: user=1.23 sys=0.00, real=0.37 secs] 
499.801: [Full GC [PSYoungGen: 66048K->0K(76800K)] [ParOldGen: 167365K->166517K(174592K)] 233413K->166517K(251392K) [PSPermGen: 7330K->7321K(21504K)], 0.6043394 secs] [Times: user=2.01 sys=0.00, real=0.60 secs] 
500.480: [Full GC [PSYoungGen: 66048K->0K(76800K)] [ParOldGen: 166517K->166853K(174592K)] 232565K->166853K(251392K) [PSPermGen: 7321K->7321K(21504K)], 0.6491609 secs] [Times: user=2.03 sys=0.00, real=0.65 secs] 
501.215: [Full GC [PSYoungGen: 66048K->0K(76800K)] [ParOldGen: 166853K->169310K(174592K)] 232901K->169310K(251392K) [PSPermGen: 7321K->7321K(21504K)], 0.4408035 secs] [Times: user=1.14 sys=0.00, real=0.44 secs] 
501.722: [Full GC [PSYoungGen: 66048K->0K(76800K)] [ParOldGen: 169310K->165231K(174592K)] 235358K->165231K(251392K) [PSPermGen: 7321K->7321K(21504K)], 0.6302981 secs] [Times: user=2.12 sys=0.00, real=0.63 secs] 
502.434: [Full GC [PSYoungGen: 66048K->0K(76800K)] [ParOldGen: 165231K->167149K(174592K)] 231279K->167149K(251392K) [PSPermGen: 7321K->7321K(21504K)], 0.6371923 secs] [Times: user=2.18 sys=0.02, real=0.64 secs] 
503.133: [Full GC [PSYoungGen: 66048K->0K(76800K)] [ParOldGen: 167149K->167078K(174592K)] 233197K->167078K(251392K) [PSPermGen: 7321K->7321K(21504K)], 0.6432000 secs] [Times: user=2.25 sys=0.01, real=0.64 secs] 
503.861: [Full GC [PSYoungGen: 66048K->0K(76800K)] [ParOldGen: 167078K->166059K(174592K)] 233126K->166059K(251392K) [PSPermGen: 7321K->7321K(21504K)], 0.6054016 secs] [Times: user=2.18 sys=0.00, real=0.61 secs] 
504.527: [Full GC [PSYoungGen: 66048K->0K(76800K)] [ParOldGen: 166059K->166499K(174592K)] 232107K->166499K(251392K) [PSPermGen: 7321K->7321K(21504K)], 0.6087387 secs] [Times: user=2.03 sys=0.00, real=0.61 secs] 
505.213: [Full GC [PSYoungGen: 66048K->0K(76800K)] [ParOldGen: 166499K->165590K(174592K)] 232547K->165590K(251392K) [PSPermGen: 7321K->7321K(21504K)], 0.6345393 secs] [Times: user=2.18 sys=0.00, real=0.63 secs] 
505.921: [Full GC [PSYoungGen: 66048K->0K(76800K)] [ParOldGen: 165590K->165061K(174592K)] 231638K->165061K(251392K) [PSPermGen: 7321K->7321K(21504K)], 0.5965094 secs] [Times: user=2.09 sys=0.00, real=0.60 secs] 
506.583: [Full GC [PSYoungGen: 66048K->0K(76800K)] [ParOldGen: 165061K->163332K(174592K)] 231109K->163332K(251392K) [PSPermGen: 7321K->7321K(21504K)], 0.6250986 secs] [Times: user=2.20 sys=0.00, real=0.63 secs] 
507.305: [Full GC [PSYoungGen: 66048K->0K(76800K)] [ParOldGen: 163332K->167149K(174592K)] 229380K->167149K(251392K) [PSPermGen: 7321K->7321K(21504K)], 0.6355166 secs] [Times: user=2.18 sys=0.00, real=0.64 secs] 
508.013: [Full GC [PSYoungGen: 66048K->0K(76800K)] [ParOldGen: 167149K->165479K(174592K)] 233197K->165479K(251392K) [PSPermGen: 7321K->7321K(21504K)], 0.5246467 secs] [Times: user=2.00 sys=0.00, real=0.52 secs] 
508.605: [Full GC [PSYoungGen: 66048K->0K(76800K)] [ParOldGen: 165479K->164670K(174592K)] 231527K->164670K(251392K) [PSPermGen: 7321K->7321K(21504K)], 0.6094279 secs] [Times: user=2.15 sys=0.00, real=0.61 secs] 
509.291: [Full GC [PSYoungGen: 66048K->0K(76800K)] [ParOldGen: 164670K->163879K(174592K)] 230718K->163879K(251392K) [PSPermGen: 7321K->7321K(21504K)], 0.6357257 secs] [Times: user=2.23 sys=0.00, real=0.64 secs] 
509.999: [Full GC [PSYoungGen: 66048K->0K(76800K)] [ParOldGen: 163879K->161195K(174592K)] 229927K->161195K(251392K) [PSPermGen: 7321K->7321K(21504K)], 0.6252295 secs] [Times: user=2.18 sys=0.00, real=0.63 secs] 
510.693: [Full GC [PSYoungGen: 66048K->0K(76800K)] [ParOldGen: 161195K->166959K(174592K)] 227243K->166959K(251392K) [PSPermGen: 7321K->7321K(21504K)], 0.6419050 secs] [Times: user=2.22 sys=0.00, real=0.64 secs] 
511.406: [Full GC [PSYoungGen: 66048K->0K(76800K)] [ParOldGen: 166959K->168182K(174592K)] 233007K->168182K(251392K) [PSPermGen: 7321K->7321K(21504K)], 0.6325874 secs] [Times: user=2.20 sys=0.00, real=0.63 secs] 
512.111: [Full GC [PSYoungGen: 66048K->0K(76800K)] [ParOldGen: 168182K->163200K(174592K)] 234230K->163200K(251392K) [PSPermGen: 7321K->7321K(21504K)], 0.6115806 secs] [Times: user=2.14 sys=0.00, real=0.61 secs] 
512.792: [Full GC [PSYoungGen: 66048K->0K(76800K)] [ParOldGen: 163200K->160453K(174592K)] 229248K->160453K(251392K) [PSPermGen: 7321K->7321K(21504K)], 0.5927842 secs] [Times: user=1.84 sys=0.00, real=0.59 secs] 
513.460: [Full GC [PSYoungGen: 66048K->0K(76800K)] [ParOldGen: 160453K->161644K(174592K)] 226501K->161644K(251392K) [PSPermGen: 7321K->7321K(21504K)], 0.6144087 secs] [Times: user=2.11 sys=0.00, real=0.61 secs] 
514.150: [Full GC [PSYoungGen: 66048K->0K(76800K)] [ParOldGen: 161644K->167434K(174592K)] 227692K->167434K(251392K) [PSPermGen: 7321K->7321K(21504K)], 0.4274397 secs] [Times: user=1.42 sys=0.00, real=0.43 secs] 
514.642: [Full GC [PSYoungGen: 66048K->0K(76800K)] [ParOldGen: 167434K->164176K(174592K)] 233482K->164176K(251392K) [PSPermGen: 7321K->7321K(21504K)], 0.6074424 secs] [Times: user=2.12 sys=0.00, real=0.61 secs] 
515.326: [Full GC [PSYoungGen: 66048K->0K(76800K)] [ParOldGen: 164176K->166377K(174592K)] 230224K->166377K(251392K) [PSPermGen: 7321K->7321K(21504K)], 0.6333331 secs] [Times: user=2.20 sys=0.00, real=0.63 secs] 
516.031: [Full GC [PSYoungGen: 66048K->0K(76800K)] [ParOldGen: 166377K->169924K(174592K)] 232425K->169924K(251392K) [PSPermGen: 7321K->7321K(21504K)], 0.5990017 secs] [Times: user=2.18 sys=0.00, real=0.60 secs] 
516.695: [Full GC [PSYoungGen: 66048K->0K(76800K)] [ParOldGen: 169924K->165799K(174592K)] 235972K->165799K(251392K) [PSPermGen: 7321K->7321K(21504K)], 0.6253953 secs] [Times: user=2.09 sys=0.03, real=0.63 secs] 
517.404: [Full GC [PSYoungGen: 66048K->0K(76800K)] [ParOldGen: 165799K->162068K(174592K)] 231847K->162068K(251392K) [PSPermGen: 7321K->7321K(21504K)], 0.6096896 secs] [Times: user=2.14 sys=0.03, real=0.61 secs] 
518.093: [Full GC [PSYoungGen: 66048K->0K(76800K)] [ParOldGen: 162068K->161253K(174592K)] 228116K->161253K(251392K) [PSPermGen: 7321K->7321K(21504K)], 0.5887463 secs] [Times: user=2.18 sys=0.00, real=0.59 secs] 
518.749: [Full GC [PSYoungGen: 66048K->0K(76800K)] [ParOldGen: 161253K->161160K(174592K)] 227301K->161160K(251392K) [PSPermGen: 7321K->7321K(21504K)], 0.6153834 secs] [Times: user=2.18 sys=0.00, real=0.62 secs] 
519.437: [Full GC [PSYoungGen: 66037K->0K(76800K)] [ParOldGen: 161160K->162075K(174592K)] 227197K->162075K(251392K) [PSPermGen: 7321K->7321K(21504K)], 0.6118564 secs] [Times: user=2.22 sys=0.00, real=0.61 secs] 
520.107: [Full GC [PSYoungGen: 66048K->0K(76800K)] [ParOldGen: 162075K->163833K(174592K)] 228123K->163833K(251392K) [PSPermGen: 7321K->7321K(21504K)], 0.6001768 secs] [Times: user=2.15 sys=0.00, real=0.60 secs] 
520.775: [Full GC [PSYoungGen: 66048K->0K(76800K)] [ParOldGen: 163833K->166029K(174592K)] 229881K->166029K(251392K) [PSPermGen: 7321K->7321K(21504K)], 0.6059363 secs] [Times: user=2.23 sys=0.00, real=0.61 secs] 
521.453: [Full GC [PSYoungGen: 66048K->0K(76800K)] [ParOldGen: 166029K->164503K(174592K)] 232077K->164503K(251392K) [PSPermGen: 7321K->7321K(21504K)], 0.6204257 secs] [Times: user=2.09 sys=0.00, real=0.62 secs] 
522.148: [Full GC [PSYoungGen: 66048K->0K(76800K)] [ParOldGen: 164503K->164683K(174592K)] 230551K->164683K(251392K) [PSPermGen: 7321K->7321K(21504K)], 0.6136634 secs] [Times: user=2.23 sys=0.00, real=0.61 secs] 
522.828: [Full GC [PSYoungGen: 66048K->0K(76800K)] [ParOldGen: 164683K->162257K(174592K)] 230731K->162257K(251392K) [PSPermGen: 7321K->7321K(21504K)], 0.6017473 secs] [Times: user=2.12 sys=0.00, real=0.60 secs] 
523.505: [Full GC [PSYoungGen: 66048K->0K(76800K)] [ParOldGen: 162257K->168497K(174592K)] 228305K->168497K(251392K) [PSPermGen: 7321K->7321K(21504K)], 0.6120630 secs] [Times: user=2.22 sys=0.02, real=0.61 secs] 
524.195: [Full GC [PSYoungGen: 66048K->0K(76800K)] [ParOldGen: 168497K->165810K(174592K)] 234545K->165810K(251392K) [PSPermGen: 7321K->7321K(21504K)], 0.6387828 secs] [Times: user=2.18 sys=0.01, real=0.64 secs] 
524.910: [Full GC [PSYoungGen: 66048K->0K(76800K)] [ParOldGen: 165810K->162939K(174592K)] 231858K->162939K(251392K) [PSPermGen: 7321K->7321K(21504K)], 0.6071040 secs] [Times: user=2.12 sys=0.00, real=0.61 secs] 
525.586: [Full GC [PSYoungGen: 66048K->0K(76800K)] [ParOldGen: 162939K->165511K(174592K)] 228987K->165511K(251392K) [PSPermGen: 7321K->7321K(21504K)], 0.6002509 secs] [Times: user=2.15 sys=0.00, real=0.60 secs] 
526.259: [Full GC [PSYoungGen: 66048K->0K(76800K)] [ParOldGen: 165511K->169918K(174592K)] 231559K->169918K(251392K) [PSPermGen: 7321K->7321K(21504K)], 0.6349014 secs] [Times: user=2.22 sys=0.00, real=0.63 secs] 
526.959: [Full GC [PSYoungGen: 66048K->0K(76800K)] [ParOldGen: 169918K->171048K(174592K)] 235966K->171048K(251392K) [PSPermGen: 7321K->7321K(21504K)], 0.6977917 secs] [Times: user=2.37 sys=0.00, real=0.70 secs] 
527.726: [Full GC [PSYoungGen: 66048K->0K(76800K)] [ParOldGen: 171048K->165746K(174592K)] 237096K->165746K(251392K) [PSPermGen: 7321K->7321K(21504K)], 0.6131800 secs] [Times: user=2.18 sys=0.00, real=0.61 secs] 
528.418: [Full GC [PSYoungGen: 66048K->0K(76800K)] [ParOldGen: 165746K->169884K(174592K)] 231794K->169884K(251392K) [PSPermGen: 7321K->7321K(21504K)], 0.6330627 secs] [Times: user=2.04 sys=0.00, real=0.63 secs] 
529.127: [Full GC [PSYoungGen: 66048K->0K(76800K)] [ParOldGen: 169884K->168560K(174592K)] 235932K->168560K(251392K) [PSPermGen: 7321K->7321K(21504K)], 0.6276698 secs] [Times: user=2.18 sys=0.00, real=0.63 secs] 
529.821: [Full GC [PSYoungGen: 66048K->0K(76800K)] [ParOldGen: 168560K->165084K(174592K)] 234608K->165084K(251392K) [PSPermGen: 7321K->7321K(21504K)], 0.5986434 secs] [Times: user=2.03 sys=0.00, real=0.60 secs] 
530.502: [Full GC [PSYoungGen: 66048K->0K(76800K)] [ParOldGen: 165084K->163073K(174592K)] 231132K->163073K(251392K) [PSPermGen: 7321K->7321K(21504K)], 0.6202352 secs] [Times: user=2.15 sys=0.00, real=0.62 secs] 
531.196: [Full GC [PSYoungGen: 66048K->0K(76800K)] [ParOldGen: 163073K->162563K(174592K)] 229121K->162563K(251392K) [PSPermGen: 7321K->7321K(21504K)], 0.6793791 secs] [Times: user=2.23 sys=0.00, real=0.68 secs] 
531.947: [Full GC [PSYoungGen: 66048K->0K(76800K)] [ParOldGen: 162563K->162226K(174592K)] 228611K->162226K(251392K) [PSPermGen: 7321K->7321K(21504K)], 0.4040901 secs] [Times: user=1.17 sys=0.00, real=0.40 secs] 
532.412: [Full GC [PSYoungGen: 66048K->0K(76800K)] [ParOldGen: 162226K->160395K(174592K)] 228274K->160395K(251392K) [PSPermGen: 7321K->7321K(21504K)], 0.7673333 secs] [Times: user=2.08 sys=0.00, real=0.77 secs] 
533.250: [Full GC [PSYoungGen: 66048K->0K(76800K)] [ParOldGen: 160395K->160503K(174592K)] 226443K->160503K(251392K) [PSPermGen: 7321K->7321K(21504K)], 0.3813790 secs] [Times: user=1.11 sys=0.00, real=0.38 secs] 
533.700: [Full GC [PSYoungGen: 66048K->0K(76800K)] [ParOldGen: 160503K->160033K(174592K)] 226551K->160033K(251392K) [PSPermGen: 7321K->7321K(21504K)], 0.6358219 secs] [Times: user=2.01 sys=0.01, real=0.63 secs] 
534.410: [Full GC [PSYoungGen: 66048K->0K(76800K)] [ParOldGen: 160033K->162574K(174592K)] 226081K->162574K(251392K) [PSPermGen: 7321K->7321K(21504K)], 0.4702645 secs] [Times: user=1.59 sys=0.00, real=0.47 secs] 
534.959: [Full GC [PSYoungGen: 66048K->0K(76800K)] [ParOldGen: 162574K->168652K(174592K)] 228622K->168652K(251392K) [PSPermGen: 7321K->7321K(21504K)], 0.6291387 secs] [Times: user=2.25 sys=0.00, real=0.63 secs] 
535.650: [Full GC [PSYoungGen: 66048K->0K(76800K)] [ParOldGen: 168652K->170408K(174592K)] 234700K->170408K(251392K) [PSPermGen: 7321K->7321K(21504K)], 0.6523861 secs] [Times: user=2.25 sys=0.00, real=0.65 secs] 
536.378: [Full GC [PSYoungGen: 66048K->0K(76800K)] [ParOldGen: 170408K->171785K(174592K)] 236456K->171785K(251392K) [PSPermGen: 7321K->7321K(21504K)], 0.6313010 secs] [Times: user=2.23 sys=0.00, real=0.63 secs] 
537.085: [Full GC [PSYoungGen: 66048K->0K(76800K)] [ParOldGen: 171785K->165931K(174592K)] 237833K->165931K(251392K) [PSPermGen: 7321K->7321K(21504K)], 0.6115453 secs] [Times: user=2.15 sys=0.00, real=0.61 secs] 
537.760: [Full GC [PSYoungGen: 66048K->0K(76800K)] [ParOldGen: 165931K->162522K(174592K)] 231979K->162522K(251392K) [PSPermGen: 7321K->7321K(21504K)], 0.5916482 secs] [Times: user=2.14 sys=0.00, real=0.59 secs] 
538.427: [Full GC [PSYoungGen: 66048K->0K(76800K)] [ParOldGen: 162522K->163652K(174592K)] 228570K->163652K(251392K) [PSPermGen: 7321K->7321K(21504K)], 0.6210620 secs] [Times: user=2.28 sys=0.00, real=0.62 secs] 
539.121: [Full GC [PSYoungGen: 66048K->0K(76800K)] [ParOldGen: 163652K->164542K(174592K)] 229700K->164542K(251392K) [PSPermGen: 7321K->7321K(21504K)], 0.6370069 secs] [Times: user=2.20 sys=0.00, real=0.64 secs] 
539.836: [Full GC [PSYoungGen: 66048K->0K(76800K)] [ParOldGen: 164542K->167143K(174592K)] 230590K->167143K(251392K) [PSPermGen: 7321K->7321K(21504K)], 0.6142618 secs] [Times: user=2.29 sys=0.00, real=0.61 secs] 
540.506: [Full GC [PSYoungGen: 66048K->0K(76800K)] [ParOldGen: 167143K->166215K(174592K)] 233191K->166215K(251392K) [PSPermGen: 7321K->7321K(21504K)], 0.6171092 secs] [Times: user=2.23 sys=0.00, real=0.62 secs] 
541.200: [Full GC [PSYoungGen: 66048K->0K(76800K)] [ParOldGen: 166215K->167922K(174592K)] 232263K->167922K(251392K) [PSPermGen: 7321K->7321K(21504K)], 0.6369848 secs] [Times: user=2.20 sys=0.00, real=0.64 secs] 
541.913: [Full GC [PSYoungGen: 66048K->0K(76800K)] [ParOldGen: 167922K->166188K(174592K)] 233970K->166188K(251392K) [PSPermGen: 7321K->7321K(21504K)], 0.6224334 secs] [Times: user=2.23 sys=0.00, real=0.62 secs] 
542.601: [Full GC [PSYoungGen: 66048K->0K(76800K)] [ParOldGen: 166188K->164743K(174592K)] 232236K->164743K(251392K) [PSPermGen: 7321K->7321K(21504K)], 0.6082147 secs] [Times: user=2.18 sys=0.00, real=0.61 secs] 
543.289: [Full GC [PSYoungGen: 66048K->0K(76800K)] [ParOldGen: 164743K->169637K(174592K)] 230791K->169637K(251392K) [PSPermGen: 7321K->7321K(21504K)], 0.6198363 secs] [Times: user=2.15 sys=0.00, real=0.62 secs] 
543.969: [Full GC [PSYoungGen: 66048K->0K(76800K)] [ParOldGen: 169637K->167982K(174592K)] 235685K->167982K(251392K) [PSPermGen: 7321K->7321K(21504K)], 0.6146310 secs] [Times: user=2.04 sys=0.05, real=0.62 secs] 
544.640: [Full GC [PSYoungGen: 66048K->0K(76800K)] [ParOldGen: 167982K->166708K(174592K)] 234030K->166708K(251392K) [PSPermGen: 7321K->7321K(21504K)], 0.6038214 secs] [Times: user=2.07 sys=0.00, real=0.60 secs] 
545.325: [Full GC [PSYoungGen: 66048K->0K(76800K)] [ParOldGen: 166708K->162802K(174592K)] 232756K->162802K(251392K) [PSPermGen: 7321K->7321K(21504K)], 0.5874157 secs] [Times: user=1.98 sys=0.00, real=0.59 secs] 
545.993: [Full GC [PSYoungGen: 66048K->0K(76800K)] [ParOldGen: 162802K->162545K(174592K)] 228850K->162545K(251392K) [PSPermGen: 7321K->7321K(21504K)], 0.5951232 secs] [Times: user=2.09 sys=0.00, real=0.60 secs] 
546.654: [Full GC [PSYoungGen: 66048K->0K(76800K)] [ParOldGen: 162545K->165855K(174592K)] 228593K->165855K(251392K) [PSPermGen: 7321K->7321K(21504K)], 0.6380935 secs] [Times: user=2.20 sys=0.00, real=0.64 secs] 
547.365: [Full GC [PSYoungGen: 66048K->0K(76800K)] [ParOldGen: 165855K->165894K(174592K)] 231903K->165894K(251392K) [PSPermGen: 7321K->7321K(21504K)], 0.6075357 secs] [Times: user=2.14 sys=0.00, real=0.61 secs] 
548.058: [Full GC [PSYoungGen: 66048K->0K(76800K)] [ParOldGen: 165894K->169683K(174592K)] 231942K->169683K(251392K) [PSPermGen: 7321K->7321K(21504K)], 0.6484990 secs] [Times: user=2.28 sys=0.00, real=0.65 secs] 
548.777: [Full GC [PSYoungGen: 66048K->0K(76800K)] [ParOldGen: 169683K->168202K(174592K)] 235731K->168202K(251392K) [PSPermGen: 7321K->7321K(21504K)], 0.6241403 secs] [Times: user=2.23 sys=0.00, real=0.62 secs] 
549.472: [Full GC [PSYoungGen: 66048K->0K(76800K)] [ParOldGen: 168202K->172259K(174592K)] 234250K->172259K(251392K) [PSPermGen: 7321K->7321K(21504K)], 0.6679474 secs] [Times: user=2.40 sys=0.00, real=0.67 secs] 
550.204: [Full GC [PSYoungGen: 66048K->0K(76800K)] [ParOldGen: 172259K->165635K(174592K)] 238307K->165635K(251392K) [PSPermGen: 7321K->7321K(21504K)], 0.6105242 secs] [Times: user=2.23 sys=0.00, real=0.61 secs] 
550.892: [Full GC [PSYoungGen: 66048K->0K(76800K)] [ParOldGen: 165635K->168410K(174592K)] 231683K->168410K(251392K) [PSPermGen: 7321K->7321K(21504K)], 0.6259662 secs] [Times: user=2.23 sys=0.00, real=0.63 secs] 
551.575: [Full GC [PSYoungGen: 66048K->0K(76800K)] [ParOldGen: 168410K->167227K(174592K)] 234458K->167227K(251392K) [PSPermGen: 7321K->7321K(21504K)], 0.4341367 secs] [Times: user=1.48 sys=0.00, real=0.43 secs] 
552.089: [Full GC [PSYoungGen: 66048K->0K(76800K)] [ParOldGen: 167227K->164890K(174592K)] 233275K->164890K(251392K) [PSPermGen: 7321K->7321K(21504K)], 0.6632360 secs] [Times: user=2.31 sys=0.00, real=0.66 secs] 
552.821: [Full GC [PSYoungGen: 66048K->0K(76800K)] [ParOldGen: 164890K->163677K(174592K)] 230938K->163677K(251392K) [PSPermGen: 7321K->7321K(21504K)], 0.6115938 secs] [Times: user=2.18 sys=0.00, real=0.61 secs] 
553.511: [Full GC [PSYoungGen: 66048K->0K(76800K)] [ParOldGen: 163677K->166805K(174592K)] 229725K->166805K(251392K) [PSPermGen: 7321K->7321K(21504K)], 0.6226599 secs] [Times: user=2.18 sys=0.00, real=0.62 secs] 
554.213: [Full GC [PSYoungGen: 66048K->0K(76800K)] [ParOldGen: 166805K->165390K(174592K)] 232853K->165390K(251392K) [PSPermGen: 7321K->7321K(21504K)], 0.6215220 secs] [Times: user=2.20 sys=0.00, real=0.62 secs] 
554.909: [Full GC [PSYoungGen: 66048K->0K(76800K)] [ParOldGen: 165390K->165591K(174592K)] 231438K->165591K(251392K) [PSPermGen: 7321K->7321K(21504K)], 0.6143048 secs] [Times: user=2.18 sys=0.00, real=0.61 secs] 
555.591: [Full GC [PSYoungGen: 66048K->0K(76800K)] [ParOldGen: 165591K->168082K(174592K)] 231639K->168082K(251392K) [PSPermGen: 7321K->7321K(21504K)], 0.6356464 secs] [Times: user=2.32 sys=0.00, real=0.64 secs] 
556.307: [Full GC [PSYoungGen: 66048K->0K(76800K)] [ParOldGen: 168082K->167341K(174592K)] 234130K->167341K(251392K) [PSPermGen: 7321K->7321K(21504K)], 0.6229065 secs] [Times: user=2.29 sys=0.00, real=0.62 secs] 
557.017: [Full GC [PSYoungGen: 66048K->0K(76800K)] [ParOldGen: 167341K->166851K(174592K)] 233389K->166851K(251392K) [PSPermGen: 7321K->7321K(21504K)], 0.6220168 secs] [Times: user=2.20 sys=0.00, real=0.62 secs] 
557.717: [Full GC [PSYoungGen: 66048K->0K(76800K)] [ParOldGen: 166851K->163808K(174592K)] 232899K->163808K(251392K) [PSPermGen: 7321K->7321K(21504K)], 0.6099081 secs] [Times: user=2.15 sys=0.00, real=0.61 secs] 
558.406: [Full GC [PSYoungGen: 66048K->0K(76800K)] [ParOldGen: 163808K->163091K(174592K)] 229856K->163091K(251392K) [PSPermGen: 7321K->7321K(21504K)], 0.6228760 secs] [Times: user=2.17 sys=0.00, real=0.62 secs] 
559.114: [Full GC [PSYoungGen: 66048K->0K(76800K)] [ParOldGen: 163091K->166549K(174592K)] 229139K->166549K(251392K) [PSPermGen: 7321K->7321K(21504K)], 0.6296423 secs] [Times: user=2.03 sys=0.00, real=0.63 secs] 
559.814: [Full GC [PSYoungGen: 66048K->0K(76800K)] [ParOldGen: 166549K->166169K(174592K)] 232597K->166169K(251392K) [PSPermGen: 7321K->7321K(21504K)], 0.6291984 secs] [Times: user=2.14 sys=0.00, real=0.63 secs] 
560.517: [Full GC [PSYoungGen: 66048K->0K(76800K)] [ParOldGen: 166169K->170066K(174592K)] 232217K->170066K(251392K) [PSPermGen: 7321K->7321K(21504K)], 0.6342866 secs] [Times: user=2.23 sys=0.00, real=0.63 secs] 
561.233: [Full GC [PSYoungGen: 66048K->0K(76800K)] [ParOldGen: 170066K->162113K(174592K)] 236114K->162113K(251392K) [PSPermGen: 7321K->7321K(21504K)], 0.6157904 secs] [Times: user=2.07 sys=0.00, real=0.62 secs] 
561.927: [Full GC [PSYoungGen: 66048K->0K(76800K)] [ParOldGen: 162113K->163214K(174592K)] 228161K->163214K(251392K) [PSPermGen: 7321K->7321K(21504K)], 0.4417143 secs] [Times: user=1.59 sys=0.00, real=0.44 secs] 
562.431: [Full GC [PSYoungGen: 66048K->0K(76800K)] [ParOldGen: 163214K->163248K(174592K)] 229262K->163248K(251392K) [PSPermGen: 7321K->7321K(21504K)], 0.6099404 secs] [Times: user=2.14 sys=0.00, real=0.61 secs] 
563.115: [Full GC [PSYoungGen: 66048K->0K(76800K)] [ParOldGen: 163248K->162103K(174592K)] 229296K->162103K(251392K) [PSPermGen: 7321K->7321K(21504K)], 0.6028958 secs] [Times: user=2.17 sys=0.00, real=0.60 secs] 
563.786: [Full GC [PSYoungGen: 66048K->0K(76800K)] [ParOldGen: 162103K->162645K(174592K)] 228151K->162645K(251392K) [PSPermGen: 7321K->7321K(21504K)], 0.5862986 secs] [Times: user=2.18 sys=0.00, real=0.59 secs] 
564.448: [Full GC [PSYoungGen: 66048K->0K(76800K)] [ParOldGen: 162645K->161659K(174592K)] 228693K->161659K(251392K) [PSPermGen: 7321K->7321K(21504K)], 0.5949272 secs] [Times: user=2.00 sys=0.00, real=0.60 secs] 
565.116: [Full GC [PSYoungGen: 66048K->0K(76800K)] [ParOldGen: 161659K->160822K(174592K)] 227707K->160822K(251392K) [PSPermGen: 7321K->7321K(21504K)], 0.6139122 secs] [Times: user=2.15 sys=0.00, real=0.61 secs] 
565.792: [Full GC [PSYoungGen: 66048K->0K(76800K)] [ParOldGen: 160822K->159986K(174592K)] 226870K->159986K(251392K) [PSPermGen: 7321K->7321K(21504K)], 0.6367205 secs] [Times: user=2.23 sys=0.00, real=0.64 secs] 
566.507: [Full GC [PSYoungGen: 66048K->0K(76800K)] [ParOldGen: 159986K->162765K(174592K)] 226034K->162765K(251392K) [PSPermGen: 7321K->7321K(21504K)], 0.4194968 secs] [Times: user=1.25 sys=0.00, real=0.42 secs] 
566.981: [Full GC [PSYoungGen: 66048K->0K(76800K)] [ParOldGen: 162765K->161734K(174592K)] 228813K->161734K(251392K) [PSPermGen: 7321K->7321K(21504K)], 0.6133048 secs] [Times: user=2.00 sys=0.00, real=0.61 secs] 
567.660: [Full GC [PSYoungGen: 66048K->0K(76800K)] [ParOldGen: 161734K->163482K(174592K)] 227782K->163482K(251392K) [PSPermGen: 7321K->7321K(21504K)], 0.6087172 secs] [Times: user=2.09 sys=0.00, real=0.61 secs] 
568.349: [Full GC [PSYoungGen: 66048K->0K(76800K)] [ParOldGen: 163482K->170054K(174592K)] 229530K->170054K(251392K) [PSPermGen: 7324K->7324K(21504K)], 0.6300970 secs] [Times: user=2.18 sys=0.00, real=0.63 secs] 
569.050: [Full GC [PSYoungGen: 66048K->0K(76800K)] [ParOldGen: 170054K->168471K(174592K)] 236102K->168471K(251392K) [PSPermGen: 7324K->7324K(21504K)], 0.6104831 secs] [Times: user=2.22 sys=0.00, real=0.61 secs] 
569.723: [Full GC [PSYoungGen: 66048K->0K(76800K)] [ParOldGen: 168471K->172317K(174592K)] 234519K->172317K(251392K) [PSPermGen: 7324K->7324K(21504K)], 0.6271426 secs] [Times: user=2.18 sys=0.00, real=0.63 secs] 
570.423: [Full GC [PSYoungGen: 66048K->0K(76800K)] [ParOldGen: 172317K->173672K(174592K)] 238365K->173672K(251392K) [PSPermGen: 7324K->7324K(21504K)], 0.6632578 secs] [Times: user=2.25 sys=0.00, real=0.66 secs] 
571.164: [Full GC [PSYoungGen: 66048K->0K(76800K)] [ParOldGen: 173672K->171474K(174592K)] 239720K->171474K(251392K) [PSPermGen: 7324K->7324K(21504K)], 0.6361695 secs] [Times: user=2.26 sys=0.00, real=0.64 secs] 
571.885: [Full GC [PSYoungGen: 66048K->0K(76800K)] [ParOldGen: 171474K->171919K(174592K)] 237522K->171919K(251392K) [PSPermGen: 7324K->7324K(21504K)], 0.5444527 secs] [Times: user=1.79 sys=0.00, real=0.55 secs] 
572.486: [Full GC [PSYoungGen: 66048K->0K(76800K)] [ParOldGen: 171919K->167824K(174592K)] 237967K->167824K(251392K) [PSPermGen: 7324K->7324K(21504K)], 0.6246458 secs] [Times: user=2.26 sys=0.00, real=0.63 secs] 
573.204: [Full GC [PSYoungGen: 66048K->0K(76800K)] [ParOldGen: 167824K->169216K(174592K)] 233872K->169216K(251392K) [PSPermGen: 7324K->7324K(21504K)], 0.5265633 secs] [Times: user=1.81 sys=0.00, real=0.53 secs] 
573.791: [Full GC [PSYoungGen: 66048K->0K(76800K)] [ParOldGen: 169216K->166406K(174592K)] 235264K->166406K(251392K) [PSPermGen: 7324K->7324K(21504K)], 0.6179196 secs] [Times: user=2.20 sys=0.00, real=0.62 secs] 
574.479: [Full GC [PSYoungGen: 66048K->0K(76800K)] [ParOldGen: 166406K->167464K(174592K)] 232454K->167464K(251392K) [PSPermGen: 7324K->7324K(21504K)], 0.3564116 secs] [Times: user=1.14 sys=0.00, real=0.36 secs] 
574.893: [Full GC [PSYoungGen: 66048K->0K(76800K)] [ParOldGen: 167464K->169243K(174592K)] 233512K->169243K(251392K) [PSPermGen: 7324K->7324K(21504K)], 0.6080222 secs] [Times: user=1.97 sys=0.00, real=0.61 secs] 
575.562: [Full GC [PSYoungGen: 66048K->0K(76800K)] [ParOldGen: 169243K->165418K(174592K)] 235291K->165418K(251392K) [PSPermGen: 7324K->7324K(21504K)], 0.5965623 secs] [Times: user=2.12 sys=0.00, real=0.60 secs] 
576.247: [Full GC [PSYoungGen: 66048K->0K(76800K)] [ParOldGen: 165418K->162468K(174592K)] 231466K->162468K(251392K) [PSPermGen: 7324K->7324K(21504K)], 0.4713155 secs] [Times: user=1.59 sys=0.00, real=0.47 secs] 
576.788: [Full GC [PSYoungGen: 66048K->0K(76800K)] [ParOldGen: 162468K->162478K(174592K)] 228516K->162478K(251392K) [PSPermGen: 7324K->7324K(21504K)], 0.6035453 secs] [Times: user=2.01 sys=0.00, real=0.60 secs] 
577.468: [Full GC [PSYoungGen: 66048K->0K(76800K)] [ParOldGen: 162478K->157309K(174592K)] 228526K->157309K(251392K) [PSPermGen: 7324K->7324K(21504K)], 0.5730853 secs] [Times: user=2.07 sys=0.00, real=0.57 secs] 
578.113: [Full GC [PSYoungGen: 66048K->0K(76800K)] [ParOldGen: 157309K->160446K(174592K)] 223357K->160446K(251392K) [PSPermGen: 7324K->7324K(21504K)], 0.5960462 secs] [Times: user=2.15 sys=0.00, real=0.60 secs] 
578.778: [Full GC [PSYoungGen: 66048K->0K(76800K)] [ParOldGen: 160446K->166909K(174592K)] 226494K->166909K(251392K) [PSPermGen: 7324K->7324K(21504K)], 0.6222397 secs] [Times: user=2.17 sys=0.00, real=0.62 secs] 
579.478: [Full GC [PSYoungGen: 66048K->0K(76800K)] [ParOldGen: 166909K->170061K(174592K)] 232957K->170061K(251392K) [PSPermGen: 7324K->7324K(21504K)], 0.6303536 secs] [Times: user=2.28 sys=0.00, real=0.63 secs] 
580.169: [Full GC [PSYoungGen: 66048K->0K(76800K)] [ParOldGen: 170061K->167913K(174592K)] 236109K->167913K(251392K) [PSPermGen: 7324K->7324K(21504K)], 0.6203526 secs] [Times: user=2.17 sys=0.00, real=0.62 secs] 
580.878: [Full GC [PSYoungGen: 66048K->0K(76800K)] [ParOldGen: 167913K->165090K(174592K)] 233961K->165090K(251392K) [PSPermGen: 7324K->7324K(21504K)], 0.6177089 secs] [Times: user=2.22 sys=0.00, real=0.62 secs] 
581.548: [Full GC [PSYoungGen: 66048K->0K(76800K)] [ParOldGen: 165090K->163281K(174592K)] 231138K->163281K(251392K) [PSPermGen: 7324K->7324K(21504K)], 0.5311210 secs] [Times: user=1.97 sys=0.00, real=0.53 secs] 
582.156: [Full GC [PSYoungGen: 66048K->0K(76800K)] [ParOldGen: 163281K->168648K(174592K)] 229329K->168648K(251392K) [PSPermGen: 7324K->7324K(21504K)], 0.6223263 secs] [Times: user=2.31 sys=0.00, real=0.62 secs] 
582.844: [Full GC [PSYoungGen: 66048K->0K(76800K)] [ParOldGen: 168648K->165304K(174592K)] 234696K->165304K(251392K) [PSPermGen: 7324K->7324K(21504K)], 0.6080569 secs] [Times: user=2.23 sys=0.00, real=0.61 secs] 
583.530: [Full GC [PSYoungGen: 66048K->0K(76800K)] [ParOldGen: 165304K->166429K(174592K)] 231352K->166429K(251392K) [PSPermGen: 7324K->7324K(21504K)], 0.6234181 secs] [Times: user=2.25 sys=0.00, real=0.62 secs] 
584.226: [Full GC [PSYoungGen: 66048K->0K(76800K)] [ParOldGen: 166429K->160278K(174592K)] 232477K->160278K(251392K) [PSPermGen: 7324K->7324K(21504K)], 0.5954122 secs] [Times: user=2.09 sys=0.00, real=0.60 secs] 
584.896: [Full GC [PSYoungGen: 66048K->0K(76800K)] [ParOldGen: 160278K->162897K(174592K)] 226326K->162897K(251392K) [PSPermGen: 7324K->7324K(21504K)], 0.5993580 secs] [Times: user=2.15 sys=0.00, real=0.60 secs] 
585.553: [Full GC [PSYoungGen: 66048K->0K(76800K)] [ParOldGen: 162897K->164230K(174592K)] 228945K->164230K(251392K) [PSPermGen: 7324K->7324K(21504K)], 0.5612773 secs] [Times: user=2.01 sys=0.00, real=0.56 secs] 
586.181: [Full GC [PSYoungGen: 66048K->0K(76800K)] [ParOldGen: 164230K->164494K(174592K)] 230278K->164494K(251392K) [PSPermGen: 7324K->7324K(21504K)], 0.4310806 secs] [Times: user=1.54 sys=0.00, real=0.43 secs] 
586.681: [Full GC [PSYoungGen: 66048K->0K(76800K)] [ParOldGen: 164494K->169714K(174592K)] 230542K->169714K(251392K) [PSPermGen: 7324K->7324K(21504K)], 0.6326612 secs] [Times: user=2.20 sys=0.00, real=0.63 secs] 
587.401: [Full GC [PSYoungGen: 66048K->0K(76800K)] [ParOldGen: 169714K->167475K(174592K)] 235762K->167475K(251392K) [PSPermGen: 7327K->7327K(21504K)], 0.6288786 secs] [Times: user=2.25 sys=0.00, real=0.63 secs] 
588.112: [Full GC [PSYoungGen: 66048K->0K(76800K)] [ParOldGen: 167475K->167530K(174592K)] 233523K->167530K(251392K) [PSPermGen: 7327K->7327K(21504K)], 0.6426648 secs] [Times: user=2.26 sys=0.00, real=0.64 secs] 
588.825: [Full GC [PSYoungGen: 66048K->0K(76800K)] [ParOldGen: 167530K->165710K(174592K)] 233578K->165710K(251392K) [PSPermGen: 7327K->7327K(21504K)], 0.6313620 secs] [Times: user=2.23 sys=0.00, real=0.63 secs] 
589.536: [Full GC [PSYoungGen: 65996K->0K(76800K)] [ParOldGen: 165710K->170103K(174592K)] 231707K->170103K(251392K) [PSPermGen: 7327K->7327K(21504K)], 0.6370384 secs] [Times: user=2.26 sys=0.00, real=0.64 secs] 
590.227: [Full GC [PSYoungGen: 66048K->0K(76800K)] [ParOldGen: 170103K->166672K(174592K)] 236151K->166672K(251392K) [PSPermGen: 7327K->7327K(21504K)], 0.4910968 secs] [Times: user=1.81 sys=0.05, real=0.49 secs] 
590.790: [Full GC [PSYoungGen: 66048K->0K(76800K)] [ParOldGen: 166672K->162000K(174592K)] 232720K->162000K(251392K) [PSPermGen: 7327K->7327K(21504K)], 0.6053843 secs] [Times: user=1.97 sys=0.00, real=0.61 secs] 
591.476: [Full GC [PSYoungGen: 66048K->0K(76800K)] [ParOldGen: 162000K->160072K(174592K)] 228048K->160072K(251392K) [PSPermGen: 7327K->7327K(21504K)], 0.6059863 secs] [Times: user=2.06 sys=0.00, real=0.61 secs] 
592.154: [Full GC [PSYoungGen: 66005K->0K(76800K)] [ParOldGen: 160072K->161219K(174592K)] 226078K->161219K(251392K) [PSPermGen: 7327K->7327K(21504K)], 0.1988269 secs] [Times: user=0.76 sys=0.00, real=0.20 secs] 
592.422: [Full GC [PSYoungGen: 66048K->0K(76800K)] [ParOldGen: 161219K->160077K(174592K)] 227267K->160077K(251392K) [PSPermGen: 7327K->7327K(21504K)], 0.5809275 secs] [Times: user=2.04 sys=0.00, real=0.58 secs] 
593.080: [Full GC [PSYoungGen: 66048K->0K(76800K)] [ParOldGen: 160077K->163383K(174592K)] 226125K->163383K(251392K) [PSPermGen: 7327K->7327K(21504K)], 0.6007839 secs] [Times: user=2.14 sys=0.01, real=0.60 secs] 
593.747: [Full GC [PSYoungGen: 66048K->0K(76800K)] [ParOldGen: 163383K->164812K(174592K)] 229431K->164812K(251392K) [PSPermGen: 7327K->7327K(21504K)], 0.5923406 secs] [Times: user=2.09 sys=0.00, real=0.59 secs] 
594.410: [Full GC [PSYoungGen: 66048K->0K(76800K)] [ParOldGen: 164812K->166384K(174592K)] 230860K->166384K(251392K) [PSPermGen: 7327K->7327K(21504K)], 0.4683831 secs] [Times: user=1.56 sys=0.00, real=0.47 secs] 
594.944: [Full GC [PSYoungGen: 66048K->0K(76800K)] [ParOldGen: 166384K->163563K(174592K)] 232432K->163563K(251392K) [PSPermGen: 7327K->7327K(21504K)], 0.6012114 secs] [Times: user=2.07 sys=0.00, real=0.60 secs] 
595.602: [Full GC [PSYoungGen: 66048K->0K(76800K)] [ParOldGen: 163563K->162328K(174592K)] 229611K->162328K(251392K) [PSPermGen: 7327K->7327K(21504K)], 0.6206948 secs] [Times: user=2.15 sys=0.00, real=0.62 secs] 
596.295: [Full GC [PSYoungGen: 66048K->0K(76800K)] [ParOldGen: 162328K->165399K(174592K)] 228376K->165399K(251392K) [PSPermGen: 7327K->7327K(21504K)], 0.6089847 secs] [Times: user=2.12 sys=0.00, real=0.61 secs] 
596.969: [Full GC [PSYoungGen: 66048K->0K(76800K)] [ParOldGen: 165399K->169010K(174592K)] 231447K->169010K(251392K) [PSPermGen: 7327K->7327K(21504K)], 0.6252385 secs] [Times: user=2.18 sys=0.00, real=0.63 secs] 
597.658: [Full GC [PSYoungGen: 66048K->0K(76800K)] [ParOldGen: 169010K->168831K(174592K)] 235058K->168831K(251392K) [PSPermGen: 7327K->7327K(21504K)], 0.6220348 secs] [Times: user=2.17 sys=0.00, real=0.62 secs] 
598.351: [Full GC [PSYoungGen: 66048K->0K(76800K)] [ParOldGen: 168831K->165413K(174592K)] 234879K->165413K(251392K) [PSPermGen: 7327K->7327K(21504K)], 0.6129280 secs] [Times: user=2.18 sys=0.00, real=0.61 secs] 
599.038: [Full GC [PSYoungGen: 66048K->0K(76800K)] [ParOldGen: 165413K->161991K(174592K)] 231461K->161991K(251392K) [PSPermGen: 7327K->7327K(21504K)], 0.5952335 secs] [Times: user=2.14 sys=0.00, real=0.60 secs] 
599.692: [Full GC [PSYoungGen: 66048K->0K(76800K)] [ParOldGen: 161991K->165379K(174592K)] 228039K->165379K(251392K) [PSPermGen: 7327K->7327K(21504K)], 0.6034847 secs] [Times: user=2.20 sys=0.00, real=0.60 secs] 
600.369: [Full GC [PSYoungGen: 66048K->0K(76800K)] [ParOldGen: 165379K->167461K(174592K)] 231427K->167461K(251392K) [PSPermGen: 7327K->7327K(21504K)], 0.6304707 secs] [Times: user=2.23 sys=0.00, real=0.63 secs] 
601.083: [Full GC [PSYoungGen: 66048K->0K(76800K)] [ParOldGen: 167461K->167544K(174592K)] 233509K->167544K(251392K) [PSPermGen: 7327K->7327K(21504K)], 0.6323748 secs] [Times: user=2.23 sys=0.00, real=0.63 secs] 
601.778: [Full GC [PSYoungGen: 66048K->0K(76800K)] [ParOldGen: 167544K->167698K(174592K)] 233592K->167698K(251392K) [PSPermGen: 7327K->7327K(21504K)], 0.6585763 secs] [Times: user=2.26 sys=0.00, real=0.66 secs] 
602.508: [Full GC [PSYoungGen: 66048K->0K(76800K)] [ParOldGen: 167698K->164137K(174592K)] 233746K->164137K(251392K) [PSPermGen: 7327K->7327K(21504K)], 0.6131284 secs] [Times: user=2.14 sys=0.00, real=0.61 secs] 
603.195: [Full GC [PSYoungGen: 66048K->0K(76800K)] [ParOldGen: 164137K->169446K(174592K)] 230185K->169446K(251392K) [PSPermGen: 7327K->7327K(21504K)], 0.6223783 secs] [Times: user=2.15 sys=0.00, real=0.62 secs] 
603.896: [Full GC [PSYoungGen: 66048K->0K(76800K)] [ParOldGen: 169446K->169231K(174592K)] 235494K->169231K(251392K) [PSPermGen: 7327K->7327K(21504K)], 0.6160101 secs] [Times: user=2.17 sys=0.00, real=0.62 secs] 
604.573: [Full GC [PSYoungGen: 66048K->0K(76800K)] [ParOldGen: 169231K->167418K(174592K)] 235279K->167418K(251392K) [PSPermGen: 7327K->7327K(21504K)], 0.5832014 secs] [Times: user=2.06 sys=0.00, real=0.58 secs] 
605.234: [Full GC [PSYoungGen: 66048K->0K(76800K)] [ParOldGen: 167418K->169265K(174592K)] 233466K->169265K(251392K) [PSPermGen: 7327K->7327K(21504K)], 0.6426433 secs] [Times: user=2.28 sys=0.00, real=0.64 secs] 
605.939: [Full GC [PSYoungGen: 66048K->0K(76800K)] [ParOldGen: 169265K->169943K(174592K)] 235313K->169943K(251392K) [PSPermGen: 7327K->7327K(21504K)], 0.6102009 secs] [Times: user=1.98 sys=0.00, real=0.61 secs] 
606.603: [Full GC [PSYoungGen: 66048K->0K(76800K)] [ParOldGen: 169943K->169913K(174592K)] 235991K->169913K(251392K) [PSPermGen: 7327K->7327K(21504K)], 0.5942614 secs] [Times: user=2.09 sys=0.00, real=0.59 secs] 
607.270: [Full GC [PSYoungGen: 66048K->0K(76800K)] [ParOldGen: 169913K->164009K(174592K)] 235961K->164009K(251392K) [PSPermGen: 7327K->7327K(21504K)], 0.6200935 secs] [Times: user=2.14 sys=0.00, real=0.62 secs] 
Heap
 PSYoungGen      total 76800K, used 7854K [0x00000000faa80000, 0x0000000100000000, 0x0000000100000000)
  eden space 66048K, 11% used [0x00000000faa80000,0x00000000fb22b860,0x00000000feb00000)
  from space 10752K, 0% used [0x00000000feb00000,0x00000000feb00000,0x00000000ff580000)
  to   space 10752K, 0% used [0x00000000ff580000,0x00000000ff580000,0x0000000100000000)
 ParOldGen       total 174592K, used 164009K [0x00000000f0000000, 0x00000000faa80000, 0x00000000faa80000)
  object space 174592K, 93% used [0x00000000f0000000,0x00000000fa02a720,0x00000000faa80000)
 PSPermGen       total 21504K, used 7337K [0x00000000eae00000, 0x00000000ec300000, 0x00000000f0000000)
  object space 21504K, 34% used [0x00000000eae00000,0x00000000eb52a5f0,0x00000000ec300000)
