0.069: [GC [PSYoungGen: 65536K->864K(76288K)] 65536K->872K(249856K), 0.0011074 secs] [Times: user=0.00 sys=0.00, real=0.00 secs] 
0.095: [GC [PSYoungGen: 66400K->3072K(76800K)] 66408K->3080K(250368K), 0.0022130 secs] [Times: user=0.00 sys=0.00, real=0.00 secs] 
0.152: [GC [PSYoungGen: 69120K->10752K(76800K)] 69128K->27148K(250368K), 0.0195671 secs] [Times: user=0.06 sys=0.00, real=0.02 secs] 
0.217: [GC [PSYoungGen: 76800K->10752K(76800K)] 93196K->64608K(250368K), 0.0364700 secs] [Times: user=0.13 sys=0.00, real=0.04 secs] 
0.310: [GC [PSYoungGen: 76800K->10752K(76800K)] 130656K->113144K(250368K), 0.0487234 secs] [Times: user=0.19 sys=0.00, real=0.05 secs] 
0.424: [GC [PSYoungGen: 76800K->10752K(39936K)] 179192K->169408K(213504K), 0.0612886 secs] [Times: user=0.23 sys=0.01, real=0.06 secs] 
0.485: [Full GC [PSYoungGen: 10752K->0K(39936K)] [ParOldGen: 158656K->149966K(174592K)] 169408K->149966K(214528K) [PSPermGen: 2603K->2602K(21504K)], 0.6779648 secs] [Times: user=2.45 sys=0.00, real=0.68 secs] 
1.190: [Full GC [PSYoungGen: 29184K->0K(39936K)] [ParOldGen: 149966K->150686K(174592K)] 179150K->150686K(214528K) [PSPermGen: 2602K->2602K(21504K)], 0.4438183 secs] [Times: user=1.64 sys=0.00, real=0.44 secs] 
1.664: [Full GC [PSYoungGen: 29184K->0K(39936K)] [ParOldGen: 150686K->164848K(174592K)] 179870K->164848K(214528K) [PSPermGen: 2602K->2602K(21504K)], 0.4723857 secs] [Times: user=1.75 sys=0.00, real=0.47 secs] 
2.168: [Full GC [PSYoungGen: 29184K->7643K(39936K)] [ParOldGen: 164848K->174487K(174592K)] 194032K->182130K(214528K) [PSPermGen: 2602K->2602K(21504K)], 0.5291027 secs] [Times: user=1.86 sys=0.00, real=0.53 secs] 
2.721: [Full GC [PSYoungGen: 29184K->16829K(39936K)] [ParOldGen: 174487K->174165K(174592K)] 203671K->190994K(214528K) [PSPermGen: 2602K->2602K(21504K)], 0.6267064 secs] [Times: user=2.39 sys=0.02, real=0.63 secs] 
3.360: [Full GC [PSYoungGen: 29184K->16179K(39936K)] [ParOldGen: 174165K->174509K(174592K)] 203349K->190688K(214528K) [PSPermGen: 2602K->2602K(21504K)], 0.5129484 secs] [Times: user=1.89 sys=0.00, real=0.51 secs] 
3.888: [Full GC [PSYoungGen: 29184K->21077K(39936K)] [ParOldGen: 174509K->174259K(174592K)] 203693K->195337K(214528K) [PSPermGen: 2602K->2602K(21504K)], 0.6448514 secs] [Times: user=2.28 sys=0.00, real=0.64 secs] 
4.542: [Full GC [PSYoungGen: 29184K->21774K(39936K)] [ParOldGen: 174259K->174188K(174592K)] 203443K->195962K(214528K) [PSPermGen: 2602K->2602K(21504K)], 0.6443803 secs] [Times: user=2.35 sys=0.00, real=0.64 secs] 
5.193: [Full GC [PSYoungGen: 29184K->21440K(39936K)] [ParOldGen: 174188K->174465K(174592K)] 203372K->195905K(214528K) [PSPermGen: 2602K->2602K(21504K)], 0.6080460 secs] [Times: user=2.31 sys=0.00, real=0.61 secs] 
5.810: [Full GC [PSYoungGen: 29184K->22313K(39936K)] [ParOldGen: 174465K->174265K(174592K)] 203649K->196579K(214528K) [PSPermGen: 2602K->2602K(21504K)], 0.5850975 secs] [Times: user=2.23 sys=0.00, real=0.59 secs] 
6.402: [Full GC [PSYoungGen: 29184K->22064K(39936K)] [ParOldGen: 174265K->174376K(174592K)] 203449K->196440K(214528K) [PSPermGen: 2602K->2602K(21504K)], 0.5677841 secs] [Times: user=2.09 sys=0.00, real=0.57 secs] 
6.978: [Full GC [PSYoungGen: 29184K->21242K(39936K)] [ParOldGen: 174376K->174421K(174592K)] 203560K->195663K(214528K) [PSPermGen: 2602K->2602K(21504K)], 0.6205829 secs] [Times: user=2.22 sys=0.01, real=0.62 secs] 
7.608: [Full GC [PSYoungGen: 29184K->19790K(39936K)] [ParOldGen: 174421K->174238K(174592K)] 203605K->194029K(214528K) [PSPermGen: 2602K->2602K(21504K)], 0.7214409 secs] [Times: user=2.72 sys=0.00, real=0.72 secs] 
8.339: [Full GC [PSYoungGen: 29184K->19648K(39936K)] [ParOldGen: 174238K->174219K(174592K)] 203422K->193867K(214528K) [PSPermGen: 2602K->2602K(21504K)], 0.8135708 secs] [Times: user=2.45 sys=0.00, real=0.81 secs] 
9.162: [Full GC [PSYoungGen: 29184K->19238K(39936K)] [ParOldGen: 174219K->174469K(174592K)] 203403K->193707K(214528K) [PSPermGen: 2602K->2602K(21504K)], 0.6404370 secs] [Times: user=2.28 sys=0.00, real=0.64 secs] 
9.814: [Full GC [PSYoungGen: 29184K->18114K(39936K)] [ParOldGen: 174469K->174552K(174592K)] 203653K->192666K(214528K) [PSPermGen: 2602K->2602K(21504K)], 0.7095396 secs] [Times: user=2.31 sys=0.00, real=0.71 secs] 
10.534: [Full GC [PSYoungGen: 29184K->19932K(39936K)] [ParOldGen: 174552K->174436K(174592K)] 203736K->194368K(214528K) [PSPermGen: 2602K->2602K(21504K)], 0.6574493 secs] [Times: user=2.18 sys=0.00, real=0.66 secs] 
11.202: [Full GC [PSYoungGen: 29184K->18833K(39936K)] [ParOldGen: 174436K->174554K(174592K)] 203620K->193387K(214528K) [PSPermGen: 2602K->2602K(21504K)], 0.8498477 secs] [Times: user=2.87 sys=0.00, real=0.85 secs] 
12.064: [Full GC [PSYoungGen: 29184K->18935K(39936K)] [ParOldGen: 174554K->174459K(174592K)] 203738K->193394K(214528K) [PSPermGen: 2602K->2602K(21504K)], 0.9049146 secs] [Times: user=3.03 sys=0.00, real=0.90 secs] 
12.981: [Full GC [PSYoungGen: 29184K->17180K(39936K)] [ParOldGen: 174459K->174150K(174592K)] 203643K->191331K(214528K) [PSPermGen: 2602K->2602K(21504K)], 0.7215897 secs] [Times: user=2.50 sys=0.00, real=0.72 secs] 
13.714: [Full GC [PSYoungGen: 29184K->17498K(39936K)] [ParOldGen: 174150K->174565K(174592K)] 203334K->192063K(214528K) [PSPermGen: 2602K->2602K(21504K)], 0.6018102 secs] [Times: user=2.18 sys=0.00, real=0.60 secs] 
14.329: [Full GC [PSYoungGen: 29184K->14276K(39936K)] [ParOldGen: 174565K->174140K(174592K)] 203749K->188417K(214528K) [PSPermGen: 2602K->2602K(21504K)], 0.7914383 secs] [Times: user=2.79 sys=0.00, real=0.79 secs] 
15.136: [Full GC [PSYoungGen: 29184K->6588K(39936K)] [ParOldGen: 174140K->174485K(174592K)] 203324K->181074K(214528K) [PSPermGen: 2602K->2602K(21504K)], 0.6723134 secs] [Times: user=2.45 sys=0.00, real=0.67 secs] 
15.834: [Full GC [PSYoungGen: 29184K->0K(39936K)] [ParOldGen: 174485K->169508K(174592K)] 203669K->169508K(214528K) [PSPermGen: 2602K->2602K(21504K)], 0.6965623 secs] [Times: user=2.51 sys=0.00, real=0.70 secs] 
16.564: [Full GC [PSYoungGen: 29184K->0K(39936K)] [ParOldGen: 169508K->152263K(174592K)] 198692K->152263K(214528K) [PSPermGen: 2602K->2602K(21504K)], 0.6377966 secs] [Times: user=2.31 sys=0.01, real=0.64 secs] 
17.230: [Full GC [PSYoungGen: 29184K->0K(39936K)] [ParOldGen: 152263K->152364K(174592K)] 181447K->152364K(214528K) [PSPermGen: 2602K->2602K(21504K)], 0.5103685 secs] [Times: user=1.89 sys=0.00, real=0.51 secs] 
17.765: [Full GC [PSYoungGen: 29184K->0K(39936K)] [ParOldGen: 152364K->150941K(174592K)] 181548K->150941K(214528K) [PSPermGen: 3295K->3295K(21504K)], 0.4143460 secs] [Times: user=1.53 sys=0.00, real=0.42 secs] 
18.207: [Full GC [PSYoungGen: 29184K->0K(39936K)] [ParOldGen: 150941K->151059K(174592K)] 180125K->151059K(214528K) [PSPermGen: 4332K->4332K(21504K)], 0.4328856 secs] [Times: user=1.61 sys=0.00, real=0.43 secs] 
18.667: [Full GC [PSYoungGen: 29184K->0K(39936K)] [ParOldGen: 151059K->148029K(174592K)] 180243K->148029K(214528K) [PSPermGen: 4935K->4935K(21504K)], 0.3654578 secs] [Times: user=1.25 sys=0.00, real=0.37 secs] 
19.058: [Full GC [PSYoungGen: 29184K->0K(39936K)] [ParOldGen: 148029K->146638K(174592K)] 177213K->146638K(214528K) [PSPermGen: 5336K->5336K(21504K)], 0.4800939 secs] [Times: user=1.72 sys=0.00, real=0.48 secs] 
19.565: [Full GC [PSYoungGen: 29184K->0K(39936K)] [ParOldGen: 146638K->144255K(174592K)] 175822K->144255K(214528K) [PSPermGen: 6461K->6461K(21504K)], 0.3886038 secs] [Times: user=1.33 sys=0.00, real=0.39 secs] 
19.980: [GC [PSYoungGen: 29184K->14720K(58368K)] 173439K->158975K(232960K), 0.0092864 secs] [Times: user=0.00 sys=0.00, real=0.01 secs] 
19.990: [Full GC [PSYoungGen: 14720K->0K(58368K)] [ParOldGen: 144255K->144728K(174592K)] 158975K->144728K(232960K) [PSPermGen: 6587K->6587K(21504K)], 0.4639033 secs] [Times: user=1.64 sys=0.05, real=0.46 secs] 
20.481: [GC [PSYoungGen: 29184K->26912K(58368K)] 173912K->171640K(232960K), 0.0140119 secs] [Times: user=0.06 sys=0.00, real=0.01 secs] 
20.495: [Full GC [PSYoungGen: 26912K->0K(58368K)] [ParOldGen: 144728K->149562K(174592K)] 171640K->149562K(232960K) [PSPermGen: 6587K->6587K(21504K)], 0.5164439 secs] [Times: user=1.79 sys=0.00, real=0.52 secs] 
21.043: [Full GC [PSYoungGen: 29184K->0K(58368K)] [ParOldGen: 149562K->151260K(174592K)] 178746K->151260K(232960K) [PSPermGen: 6982K->6982K(21504K)], 0.5593312 secs] [Times: user=2.01 sys=0.00, real=0.56 secs] 
21.637: [Full GC [PSYoungGen: 29184K->0K(58368K)] [ParOldGen: 151260K->153966K(174592K)] 180444K->153966K(232960K) [PSPermGen: 7099K->7099K(21504K)], 0.4212582 secs] [Times: user=1.45 sys=0.00, real=0.42 secs] 
22.087: [Full GC [PSYoungGen: 29184K->0K(58368K)] [ParOldGen: 153966K->157808K(174592K)] 183150K->157808K(232960K) [PSPermGen: 7112K->7112K(21504K)], 0.5548046 secs] [Times: user=1.92 sys=0.00, real=0.56 secs] 
22.687: [Full GC [PSYoungGen: 29184K->0K(58368K)] [ParOldGen: 157808K->158930K(174592K)] 186992K->158930K(232960K) [PSPermGen: 7135K->7135K(21504K)], 0.3575472 secs] [Times: user=1.33 sys=0.03, real=0.36 secs] 
23.070: [Full GC [PSYoungGen: 29184K->0K(58368K)] [ParOldGen: 158930K->158361K(174592K)] 188114K->158361K(232960K) [PSPermGen: 7202K->7202K(21504K)], 0.5205357 secs] [Times: user=1.90 sys=0.00, real=0.52 secs] 
23.617: [Full GC [PSYoungGen: 29184K->0K(58368K)] [ParOldGen: 158361K->159196K(174592K)] 187545K->159196K(232960K) [PSPermGen: 7207K->7207K(21504K)], 0.3714540 secs] [Times: user=1.34 sys=0.00, real=0.37 secs] 
24.026: [Full GC [PSYoungGen: 29184K->0K(58368K)] [ParOldGen: 159196K->160033K(174592K)] 188380K->160033K(232960K) [PSPermGen: 7210K->7210K(21504K)], 0.4721952 secs] [Times: user=1.51 sys=0.06, real=0.47 secs] 
24.524: [Full GC [PSYoungGen: 29184K->0K(58368K)] [ParOldGen: 160033K->165181K(174592K)] 189217K->165181K(232960K) [PSPermGen: 7235K->7235K(21504K)], 0.6136986 secs] [Times: user=2.20 sys=0.00, real=0.61 secs] 
25.164: [Full GC [PSYoungGen: 29184K->0K(58368K)] [ParOldGen: 165181K->165633K(174592K)] 194365K->165633K(232960K) [PSPermGen: 7251K->7251K(21504K)], 0.3900496 secs] [Times: user=1.33 sys=0.00, real=0.39 secs] 
25.581: [Full GC [PSYoungGen: 29184K->0K(58368K)] [ParOldGen: 165633K->163880K(174592K)] 194817K->163880K(232960K) [PSPermGen: 7254K->7254K(21504K)], 0.4525049 secs] [Times: user=1.39 sys=0.00, real=0.45 secs] 
26.057: [Full GC [PSYoungGen: 29184K->0K(58368K)] [ParOldGen: 163880K->163894K(174592K)] 193064K->163894K(232960K) [PSPermGen: 7255K->7255K(21504K)], 0.2682906 secs] [Times: user=0.92 sys=0.02, real=0.27 secs] 
26.347: [Full GC [PSYoungGen: 29184K->0K(58368K)] [ParOldGen: 163894K->163709K(174592K)] 193078K->163709K(232960K) [PSPermGen: 7257K->7256K(21504K)], 0.6509393 secs] [Times: user=2.34 sys=0.00, real=0.65 secs] 
27.023: [Full GC [PSYoungGen: 29184K->0K(58368K)] [ParOldGen: 163709K->165037K(174592K)] 192893K->165037K(232960K) [PSPermGen: 7261K->7261K(21504K)], 0.5743986 secs] [Times: user=1.98 sys=0.00, real=0.57 secs] 
27.639: [Full GC [PSYoungGen: 29184K->0K(58368K)] [ParOldGen: 165037K->162020K(174592K)] 194221K->162020K(232960K) [PSPermGen: 7261K->7261K(21504K)], 0.6173526 secs] [Times: user=2.11 sys=0.00, real=0.62 secs] 
28.308: [Full GC [PSYoungGen: 29184K->0K(58368K)] [ParOldGen: 162020K->164317K(174592K)] 191204K->164317K(232960K) [PSPermGen: 7265K->7265K(21504K)], 0.6337427 secs] [Times: user=2.22 sys=0.00, real=0.63 secs] 
28.963: [Full GC [PSYoungGen: 29184K->0K(58368K)] [ParOldGen: 164317K->165018K(174592K)] 193501K->165018K(232960K) [PSPermGen: 7269K->7269K(21504K)], 0.4071914 secs] [Times: user=1.45 sys=0.00, real=0.41 secs] 
29.395: [Full GC [PSYoungGen: 29184K->0K(58368K)] [ParOldGen: 165018K->164818K(174592K)] 194202K->164818K(232960K) [PSPermGen: 7272K->7272K(21504K)], 0.3779290 secs] [Times: user=1.40 sys=0.00, real=0.38 secs] 
29.817: [Full GC [PSYoungGen: 29184K->0K(58368K)] [ParOldGen: 164818K->163104K(174592K)] 194002K->163104K(232960K) [PSPermGen: 7276K->7276K(21504K)], 0.4174923 secs] [Times: user=1.47 sys=0.00, real=0.42 secs] 
30.265: [Full GC [PSYoungGen: 29184K->0K(58368K)] [ParOldGen: 163104K->170452K(174592K)] 192288K->170452K(232960K) [PSPermGen: 7276K->7276K(21504K)], 0.6273594 secs] [Times: user=2.23 sys=0.00, real=0.63 secs] 
30.935: [Full GC [PSYoungGen: 29184K->0K(58368K)] [ParOldGen: 170452K->173829K(174592K)] 199636K->173829K(232960K) [PSPermGen: 7276K->7276K(21504K)], 0.6181316 secs] [Times: user=2.18 sys=0.00, real=0.62 secs] 
31.578: [Full GC [PSYoungGen: 29184K->2165K(58368K)] [ParOldGen: 173829K->174209K(174592K)] 203013K->176374K(232960K) [PSPermGen: 7276K->7276K(21504K)], 0.4981709 secs] [Times: user=1.78 sys=0.00, real=0.50 secs] 
32.100: [Full GC [PSYoungGen: 29184K->1689K(58368K)] [ParOldGen: 174209K->174280K(174592K)] 203393K->175970K(232960K) [PSPermGen: 7293K->7293K(21504K)], 0.5869134 secs] [Times: user=2.11 sys=0.00, real=0.59 secs] 
32.727: [Full GC [PSYoungGen: 29184K->1843K(58368K)] [ParOldGen: 174280K->174187K(174592K)] 203464K->176031K(232960K) [PSPermGen: 7309K->7309K(21504K)], 0.6271050 secs] [Times: user=2.31 sys=0.00, real=0.63 secs] 
33.376: [Full GC [PSYoungGen: 29184K->2358K(58368K)] [ParOldGen: 174187K->174385K(174592K)] 203371K->176743K(232960K) [PSPermGen: 7310K->7309K(21504K)], 0.5214757 secs] [Times: user=1.68 sys=0.00, real=0.52 secs] 
33.921: [Full GC [PSYoungGen: 29184K->4045K(58368K)] [ParOldGen: 174385K->174205K(174592K)] 203569K->178251K(232960K) [PSPermGen: 7309K->7309K(21504K)], 0.6747605 secs] [Times: user=2.56 sys=0.00, real=0.67 secs] 
34.622: [Full GC [PSYoungGen: 29184K->0K(58368K)] [ParOldGen: 174205K->173269K(174592K)] 203389K->173269K(232960K) [PSPermGen: 7309K->7309K(21504K)], 0.6352981 secs] [Times: user=2.28 sys=0.00, real=0.63 secs] 
35.307: [Full GC [PSYoungGen: 29184K->0K(58368K)] [ParOldGen: 173269K->174028K(174592K)] 202453K->174028K(232960K) [PSPermGen: 7311K->7311K(21504K)], 0.3935615 secs] [Times: user=1.40 sys=0.00, real=0.39 secs] 
35.725: [Full GC [PSYoungGen: 29184K->334K(58368K)] [ParOldGen: 174028K->174268K(174592K)] 203212K->174602K(232960K) [PSPermGen: 7319K->7319K(21504K)], 0.6438203 secs] [Times: user=2.31 sys=0.00, real=0.64 secs] 
36.395: [Full GC [PSYoungGen: 29184K->0K(58368K)] [ParOldGen: 174268K->168756K(174592K)] 203452K->168756K(232960K) [PSPermGen: 7319K->7319K(21504K)], 0.6439271 secs] [Times: user=2.34 sys=0.01, real=0.64 secs] 
37.082: [Full GC [PSYoungGen: 29184K->0K(58368K)] [ParOldGen: 168756K->167290K(174592K)] 197940K->167290K(232960K) [PSPermGen: 7325K->7325K(21504K)], 0.4487076 secs] [Times: user=1.64 sys=0.00, real=0.45 secs] 
37.556: [Full GC [PSYoungGen: 29184K->0K(58368K)] [ParOldGen: 167290K->167040K(174592K)] 196474K->167040K(232960K) [PSPermGen: 7327K->7327K(21504K)], 0.5735869 secs] [Times: user=2.09 sys=0.00, real=0.58 secs] 
38.156: [Full GC [PSYoungGen: 29184K->0K(58368K)] [ParOldGen: 167040K->164841K(174592K)] 196224K->164841K(232960K) [PSPermGen: 7331K->7331K(21504K)], 0.5192977 secs] [Times: user=1.90 sys=0.00, real=0.52 secs] 
38.726: [Full GC [PSYoungGen: 29184K->0K(58368K)] [ParOldGen: 164841K->165315K(174592K)] 194025K->165315K(232960K) [PSPermGen: 7331K->7331K(21504K)], 0.4773017 secs] [Times: user=1.75 sys=0.00, real=0.48 secs] 
39.230: [Full GC [PSYoungGen: 29184K->0K(58368K)] [ParOldGen: 165315K->163288K(174592K)] 194499K->163288K(232960K) [PSPermGen: 7331K->7331K(21504K)], 0.6064683 secs] [Times: user=2.15 sys=0.00, real=0.61 secs] 
39.861: [Full GC [PSYoungGen: 29184K->0K(58368K)] [ParOldGen: 163288K->161487K(174592K)] 192472K->161487K(232960K) [PSPermGen: 7331K->7331K(21504K)], 0.4021670 secs] [Times: user=1.28 sys=0.00, real=0.40 secs] 
40.295: [Full GC [PSYoungGen: 29184K->0K(58368K)] [ParOldGen: 161487K->161179K(174592K)] 190671K->161179K(232960K) [PSPermGen: 7331K->7331K(21504K)], 0.6708323 secs] [Times: user=2.18 sys=0.00, real=0.67 secs] 
41.027: [Full GC [PSYoungGen: 29184K->0K(58368K)] [ParOldGen: 161179K->162889K(174592K)] 190363K->162889K(232960K) [PSPermGen: 7331K->7331K(21504K)], 0.5138695 secs] [Times: user=1.43 sys=0.00, real=0.51 secs] 
41.566: [Full GC [PSYoungGen: 29184K->0K(58368K)] [ParOldGen: 162889K->165313K(174592K)] 192073K->165313K(232960K) [PSPermGen: 7331K->7331K(21504K)], 0.6292943 secs] [Times: user=2.18 sys=0.00, real=0.63 secs] 
42.220: [Full GC [PSYoungGen: 29184K->0K(58368K)] [ParOldGen: 165313K->164334K(174592K)] 194497K->164334K(232960K) [PSPermGen: 7331K->7331K(21504K)], 0.3834813 secs] [Times: user=1.36 sys=0.00, real=0.38 secs] 
42.634: [Full GC [PSYoungGen: 29184K->0K(58368K)] [ParOldGen: 164334K->159942K(174592K)] 193518K->159942K(232960K) [PSPermGen: 7331K->7331K(21504K)], 0.6006652 secs] [Times: user=2.09 sys=0.00, real=0.60 secs] 
43.289: [Full GC [PSYoungGen: 29184K->0K(58368K)] [ParOldGen: 159942K->161222K(174592K)] 189126K->161222K(232960K) [PSPermGen: 7331K->7331K(21504K)], 0.4301280 secs] [Times: user=1.47 sys=0.00, real=0.43 secs] 
43.746: [Full GC [PSYoungGen: 29184K->0K(58368K)] [ParOldGen: 161222K->159782K(174592K)] 190406K->159782K(232960K) [PSPermGen: 7331K->7331K(21504K)], 0.5426079 secs] [Times: user=1.86 sys=0.00, real=0.54 secs] 
44.314: [Full GC [PSYoungGen: 29184K->0K(58368K)] [ParOldGen: 159782K->161180K(174592K)] 188966K->161180K(232960K) [PSPermGen: 7331K->7331K(21504K)], 0.5836248 secs] [Times: user=2.04 sys=0.00, real=0.58 secs] 
44.938: [Full GC [PSYoungGen: 29184K->0K(58368K)] [ParOldGen: 161180K->160873K(174592K)] 190364K->160873K(232960K) [PSPermGen: 7331K->7331K(21504K)], 0.4802857 secs] [Times: user=1.67 sys=0.00, real=0.48 secs] 
45.442: [Full GC [PSYoungGen: 29183K->0K(58368K)] [ParOldGen: 160873K->160421K(174592K)] 190057K->160421K(232960K) [PSPermGen: 7331K->7331K(21504K)], 0.4068239 secs] [Times: user=1.45 sys=0.00, real=0.41 secs] 
45.874: [Full GC [PSYoungGen: 29184K->0K(58368K)] [ParOldGen: 160421K->158612K(174592K)] 189605K->158612K(232960K) [PSPermGen: 7331K->7331K(21504K)], 0.5847569 secs] [Times: user=1.92 sys=0.00, real=0.59 secs] 
46.487: [Full GC [PSYoungGen: 29184K->0K(58368K)] [ParOldGen: 158612K->166159K(174592K)] 187796K->166159K(232960K) [PSPermGen: 7331K->7331K(21504K)], 0.6448585 secs] [Times: user=2.39 sys=0.00, real=0.64 secs] 
47.178: [Full GC [PSYoungGen: 29184K->0K(58368K)] [ParOldGen: 166159K->168322K(174592K)] 195343K->168322K(232960K) [PSPermGen: 7331K->7331K(21504K)], 0.5271852 secs] [Times: user=1.98 sys=0.00, real=0.53 secs] 
47.730: [Full GC [PSYoungGen: 29184K->0K(58368K)] [ParOldGen: 168322K->168562K(174592K)] 197506K->168562K(232960K) [PSPermGen: 7331K->7331K(21504K)], 0.4945654 secs] [Times: user=1.73 sys=0.00, real=0.50 secs] 
48.255: [Full GC [PSYoungGen: 29184K->0K(58368K)] [ParOldGen: 168562K->164830K(174592K)] 197746K->164830K(232960K) [PSPermGen: 7331K->7331K(21504K)], 0.5748749 secs] [Times: user=2.01 sys=0.00, real=0.58 secs] 
48.864: [Full GC [PSYoungGen: 29184K->0K(58368K)] [ParOldGen: 164830K->167522K(174592K)] 194014K->167522K(232960K) [PSPermGen: 7331K->7331K(21504K)], 0.6059305 secs] [Times: user=2.23 sys=0.00, real=0.61 secs] 
49.498: [Full GC [PSYoungGen: 29184K->0K(58368K)] [ParOldGen: 167522K->169949K(174592K)] 196706K->169949K(232960K) [PSPermGen: 7331K->7331K(21504K)], 0.6719955 secs] [Times: user=2.40 sys=0.00, real=0.67 secs] 
50.219: [Full GC [PSYoungGen: 29184K->0K(58368K)] [ParOldGen: 169949K->172226K(174592K)] 199133K->172226K(232960K) [PSPermGen: 7331K->7331K(21504K)], 0.4772161 secs] [Times: user=1.76 sys=0.00, real=0.48 secs] 
50.722: [Full GC [PSYoungGen: 29184K->0K(58368K)] [ParOldGen: 172226K->171216K(174592K)] 201410K->171216K(232960K) [PSPermGen: 7331K->7331K(21504K)], 0.5675259 secs] [Times: user=1.98 sys=0.00, real=0.57 secs] 
51.314: [Full GC [PSYoungGen: 29184K->0K(58368K)] [ParOldGen: 171216K->169188K(174592K)] 200400K->169188K(232960K) [PSPermGen: 7331K->7331K(21504K)], 0.4305324 secs] [Times: user=1.51 sys=0.00, real=0.43 secs] 
51.787: [Full GC [PSYoungGen: 29184K->0K(58368K)] [ParOldGen: 169188K->173022K(174592K)] 198372K->173022K(232960K) [PSPermGen: 7331K->7331K(21504K)], 0.6181624 secs] [Times: user=2.20 sys=0.00, real=0.62 secs] 
52.433: [Full GC [PSYoungGen: 29184K->0K(58368K)] [ParOldGen: 173022K->166055K(174592K)] 202206K->166055K(232960K) [PSPermGen: 7331K->7331K(21504K)], 0.4862087 secs] [Times: user=1.67 sys=0.00, real=0.49 secs] 
52.960: [Full GC [PSYoungGen: 29184K->0K(58368K)] [ParOldGen: 166055K->164662K(174592K)] 195239K->164662K(232960K) [PSPermGen: 7333K->7333K(21504K)], 0.6365858 secs] [Times: user=1.90 sys=0.00, real=0.64 secs] 
53.622: [Full GC [PSYoungGen: 29184K->0K(58368K)] [ParOldGen: 164662K->164203K(174592K)] 193846K->164203K(232960K) [PSPermGen: 7333K->7333K(21504K)], 0.5729108 secs] [Times: user=1.87 sys=0.00, real=0.57 secs] 
54.224: [Full GC [PSYoungGen: 29184K->0K(58368K)] [ParOldGen: 164203K->161738K(174592K)] 193387K->161738K(232960K) [PSPermGen: 7333K->7333K(21504K)], 0.5944962 secs] [Times: user=2.09 sys=0.00, real=0.59 secs] 
54.872: [Full GC [PSYoungGen: 29184K->0K(58368K)] [ParOldGen: 161738K->164022K(174592K)] 190922K->164022K(232960K) [PSPermGen: 7333K->7333K(21504K)], 0.4193518 secs] [Times: user=1.28 sys=0.00, real=0.42 secs] 
55.317: [Full GC [PSYoungGen: 29184K->0K(58368K)] [ParOldGen: 164022K->162576K(174592K)] 193206K->162576K(232960K) [PSPermGen: 7333K->7333K(21504K)], 0.6056348 secs] [Times: user=2.06 sys=0.00, real=0.61 secs] 
55.951: [Full GC [PSYoungGen: 29184K->0K(58368K)] [ParOldGen: 162576K->162560K(174592K)] 191760K->162560K(232960K) [PSPermGen: 7333K->7333K(21504K)], 0.6299492 secs] [Times: user=2.03 sys=0.00, real=0.63 secs] 
56.609: [Full GC [PSYoungGen: 29184K->0K(58368K)] [ParOldGen: 162560K->163126K(174592K)] 191744K->163126K(232960K) [PSPermGen: 7333K->7333K(21504K)], 0.3765884 secs] [Times: user=1.12 sys=0.00, real=0.38 secs] 
57.028: [Full GC [PSYoungGen: 29184K->0K(58368K)] [ParOldGen: 163126K->166739K(174592K)] 192310K->166739K(232960K) [PSPermGen: 7336K->7336K(21504K)], 0.5417519 secs] [Times: user=1.86 sys=0.00, real=0.54 secs] 
57.595: [Full GC [PSYoungGen: 29184K->0K(58368K)] [ParOldGen: 166739K->166975K(174592K)] 195923K->166975K(232960K) [PSPermGen: 7336K->7336K(21504K)], 0.3928485 secs] [Times: user=1.44 sys=0.00, real=0.39 secs] 
58.012: [Full GC [PSYoungGen: 29184K->0K(58368K)] [ParOldGen: 166975K->164656K(174592K)] 196159K->164656K(232960K) [PSPermGen: 7336K->7336K(21504K)], 0.4623911 secs] [Times: user=1.51 sys=0.00, real=0.46 secs] 
58.505: [Full GC [PSYoungGen: 29184K->0K(58368K)] [ParOldGen: 164656K->169769K(174592K)] 193840K->169769K(232960K) [PSPermGen: 7336K->7336K(21504K)], 0.6367167 secs] [Times: user=2.17 sys=0.00, real=0.64 secs] 
59.183: [Full GC [PSYoungGen: 29184K->0K(58368K)] [ParOldGen: 169769K->171995K(174592K)] 198953K->171995K(232960K) [PSPermGen: 7336K->7336K(21504K)], 0.6208270 secs] [Times: user=2.12 sys=0.00, real=0.62 secs] 
59.827: [Full GC [PSYoungGen: 29184K->0K(58368K)] [ParOldGen: 171995K->171078K(174592K)] 201179K->171078K(232960K) [PSPermGen: 7336K->7336K(21504K)], 0.3655745 secs] [Times: user=1.17 sys=0.00, real=0.37 secs] 
60.219: [Full GC [PSYoungGen: 29184K->0K(58368K)] [ParOldGen: 171078K->164711K(174592K)] 200262K->164711K(232960K) [PSPermGen: 7336K->7336K(21504K)], 0.6184325 secs] [Times: user=2.03 sys=0.00, real=0.62 secs] 
60.884: [Full GC [PSYoungGen: 29184K->0K(58368K)] [ParOldGen: 164711K->167005K(174592K)] 193895K->167005K(232960K) [PSPermGen: 7336K->7336K(21504K)], 0.4188730 secs] [Times: user=1.42 sys=0.00, real=0.42 secs] 
61.327: [Full GC [PSYoungGen: 29184K->0K(58368K)] [ParOldGen: 167005K->167182K(174592K)] 196189K->167182K(232960K) [PSPermGen: 7336K->7336K(21504K)], 0.5072499 secs] [Times: user=1.75 sys=0.00, real=0.51 secs] 
61.861: [Full GC [PSYoungGen: 29184K->0K(58368K)] [ParOldGen: 167182K->167034K(174592K)] 196366K->167034K(232960K) [PSPermGen: 7336K->7336K(21504K)], 0.6036617 secs] [Times: user=2.15 sys=0.00, real=0.60 secs] 
62.496: [Full GC [PSYoungGen: 29184K->0K(58368K)] [ParOldGen: 167034K->166719K(174592K)] 196218K->166719K(232960K) [PSPermGen: 7336K->7336K(21504K)], 0.6257006 secs] [Times: user=2.17 sys=0.00, real=0.63 secs] 
63.165: [Full GC [PSYoungGen: 29184K->0K(58368K)] [ParOldGen: 166719K->169666K(174592K)] 195903K->169666K(232960K) [PSPermGen: 7336K->7336K(21504K)], 0.5744483 secs] [Times: user=2.09 sys=0.00, real=0.57 secs] 
63.764: [Full GC [PSYoungGen: 29184K->0K(58368K)] [ParOldGen: 169666K->170006K(174592K)] 198850K->170006K(232960K) [PSPermGen: 7336K->7336K(21504K)], 0.4645146 secs] [Times: user=1.61 sys=0.00, real=0.46 secs] 
64.256: [Full GC [PSYoungGen: 29184K->0K(58368K)] [ParOldGen: 170006K->164698K(174592K)] 199190K->164698K(232960K) [PSPermGen: 7336K->7336K(21504K)], 0.6148167 secs] [Times: user=2.12 sys=0.00, real=0.61 secs] 
64.918: [Full GC [PSYoungGen: 29184K->0K(58368K)] [ParOldGen: 164698K->170384K(174592K)] 193882K->170384K(232960K) [PSPermGen: 7338K->7338K(21504K)], 0.6070533 secs] [Times: user=2.12 sys=0.00, real=0.61 secs] 
65.551: [Full GC [PSYoungGen: 29184K->0K(58368K)] [ParOldGen: 170384K->169643K(174592K)] 199568K->169643K(232960K) [PSPermGen: 7338K->7338K(21504K)], 0.6433735 secs] [Times: user=2.29 sys=0.00, real=0.64 secs] 
66.219: [Full GC [PSYoungGen: 29184K->0K(58368K)] [ParOldGen: 169643K->167899K(174592K)] 198827K->167899K(232960K) [PSPermGen: 7338K->7338K(21504K)], 0.4969439 secs] [Times: user=1.84 sys=0.00, real=0.50 secs] 
66.767: [Full GC [PSYoungGen: 29184K->0K(58368K)] [ParOldGen: 167899K->169505K(174592K)] 197083K->169505K(232960K) [PSPermGen: 7338K->7338K(21504K)], 0.5055664 secs] [Times: user=1.78 sys=0.02, real=0.50 secs] 
67.298: [Full GC [PSYoungGen: 29184K->0K(58368K)] [ParOldGen: 169505K->168658K(174592K)] 198689K->168658K(232960K) [PSPermGen: 7338K->7338K(21504K)], 0.6407286 secs] [Times: user=2.29 sys=0.00, real=0.64 secs] 
67.963: [Full GC [PSYoungGen: 29184K->0K(58368K)] [ParOldGen: 168658K->166395K(174592K)] 197842K->166395K(232960K) [PSPermGen: 7338K->7338K(21504K)], 0.3503060 secs] [Times: user=1.25 sys=0.00, real=0.35 secs] 
68.355: [Full GC [PSYoungGen: 29184K->0K(58368K)] [ParOldGen: 166395K->165366K(174592K)] 195579K->165366K(232960K) [PSPermGen: 7338K->7338K(21504K)], 0.5919904 secs] [Times: user=2.14 sys=0.00, real=0.59 secs] 
68.993: [Full GC [PSYoungGen: 29184K->0K(58368K)] [ParOldGen: 165366K->168278K(174592K)] 194550K->168278K(232960K) [PSPermGen: 7338K->7338K(21504K)], 0.4853235 secs] [Times: user=1.61 sys=0.00, real=0.49 secs] 
69.504: [Full GC [PSYoungGen: 29184K->0K(58368K)] [ParOldGen: 168278K->165136K(174592K)] 197462K->165136K(232960K) [PSPermGen: 7339K->7339K(21504K)], 0.5887835 secs] [Times: user=2.14 sys=0.00, real=0.59 secs] 
70.122: [Full GC [PSYoungGen: 29184K->0K(58368K)] [ParOldGen: 165136K->162750K(174592K)] 194320K->162750K(232960K) [PSPermGen: 7339K->7339K(21504K)], 0.4536095 secs] [Times: user=1.48 sys=0.00, real=0.45 secs] 
70.603: [Full GC [PSYoungGen: 29184K->0K(58368K)] [ParOldGen: 162750K->162712K(174592K)] 191934K->162712K(232960K) [PSPermGen: 7339K->7339K(21504K)], 0.6191608 secs] [Times: user=2.11 sys=0.00, real=0.62 secs] 
71.272: [Full GC [PSYoungGen: 29184K->0K(58368K)] [ParOldGen: 162712K->167330K(174592K)] 191896K->167330K(232960K) [PSPermGen: 7339K->7339K(21504K)], 0.5861309 secs] [Times: user=2.07 sys=0.00, real=0.59 secs] 
71.884: [Full GC [PSYoungGen: 29184K->0K(58368K)] [ParOldGen: 167330K->168942K(174592K)] 196514K->168942K(232960K) [PSPermGen: 7339K->7339K(21504K)], 0.5173692 secs] [Times: user=1.61 sys=0.00, real=0.52 secs] 
72.428: [Full GC [PSYoungGen: 29184K->0K(58368K)] [ParOldGen: 168942K->168506K(174592K)] 198126K->168506K(232960K) [PSPermGen: 7339K->7339K(21504K)], 0.6288825 secs] [Times: user=2.11 sys=0.00, real=0.63 secs] 
73.103: [Full GC [PSYoungGen: 29184K->0K(58368K)] [ParOldGen: 168506K->170054K(174592K)] 197690K->170054K(232960K) [PSPermGen: 7339K->7339K(21504K)], 0.5530413 secs] [Times: user=1.95 sys=0.00, real=0.55 secs] 
73.682: [Full GC [PSYoungGen: 29184K->0K(58368K)] [ParOldGen: 170054K->170015K(174592K)] 199238K->170015K(232960K) [PSPermGen: 7339K->7339K(21504K)], 0.5675387 secs] [Times: user=2.00 sys=0.00, real=0.57 secs] 
74.275: [Full GC [PSYoungGen: 29184K->0K(58368K)] [ParOldGen: 170015K->168041K(174592K)] 199199K->168041K(232960K) [PSPermGen: 7339K->7339K(21504K)], 0.4501608 secs] [Times: user=1.30 sys=0.00, real=0.45 secs] 
74.773: [Full GC [PSYoungGen: 29184K->0K(58368K)] [ParOldGen: 168041K->167250K(174592K)] 197225K->167250K(232960K) [PSPermGen: 7339K->7339K(21504K)], 0.4475020 secs] [Times: user=1.58 sys=0.00, real=0.45 secs] 
75.251: [Full GC [PSYoungGen: 29184K->0K(58368K)] [ParOldGen: 167250K->168049K(174592K)] 196434K->168049K(232960K) [PSPermGen: 7339K->7339K(21504K)], 0.4330790 secs] [Times: user=1.54 sys=0.00, real=0.43 secs] 
75.713: [Full GC [PSYoungGen: 29184K->0K(58368K)] [ParOldGen: 168049K->164853K(174592K)] 197233K->164853K(232960K) [PSPermGen: 7339K->7339K(21504K)], 0.3599279 secs] [Times: user=1.22 sys=0.00, real=0.36 secs] 
76.103: [Full GC [PSYoungGen: 29184K->0K(58368K)] [ParOldGen: 164853K->161733K(174592K)] 194037K->161733K(232960K) [PSPermGen: 7339K->7339K(21504K)], 0.6390041 secs] [Times: user=2.11 sys=0.00, real=0.64 secs] 
76.792: [Full GC [PSYoungGen: 29184K->0K(58368K)] [ParOldGen: 161733K->162769K(174592K)] 190917K->162769K(232960K) [PSPermGen: 7340K->7340K(21504K)], 0.5406224 secs] [Times: user=1.68 sys=0.00, real=0.54 secs] 
77.357: [Full GC [PSYoungGen: 29184K->0K(58368K)] [ParOldGen: 162769K->165169K(174592K)] 191953K->165169K(232960K) [PSPermGen: 7340K->7340K(21504K)], 0.5833887 secs] [Times: user=1.86 sys=0.00, real=0.58 secs] 
77.968: [Full GC [PSYoungGen: 29184K->0K(58368K)] [ParOldGen: 165169K->158056K(174592K)] 194353K->158056K(232960K) [PSPermGen: 7340K->7340K(21504K)], 0.6310307 secs] [Times: user=1.98 sys=0.00, real=0.63 secs] 
78.627: [Full GC [PSYoungGen: 29184K->0K(58368K)] [ParOldGen: 158056K->156847K(174592K)] 187240K->156847K(232960K) [PSPermGen: 7340K->7340K(21504K)], 0.4458805 secs] [Times: user=1.54 sys=0.00, real=0.45 secs] 
79.133: [Full GC [PSYoungGen: 29184K->0K(58368K)] [ParOldGen: 156847K->158928K(174592K)] 186031K->158928K(232960K) [PSPermGen: 7340K->7340K(21504K)], 0.4107761 secs] [Times: user=1.20 sys=0.00, real=0.41 secs] 
79.568: [Full GC [PSYoungGen: 29184K->0K(58368K)] [ParOldGen: 158928K->162069K(174592K)] 188112K->162069K(232960K) [PSPermGen: 7340K->7340K(21504K)], 0.7017769 secs] [Times: user=2.18 sys=0.00, real=0.70 secs] 
80.299: [Full GC [PSYoungGen: 29184K->0K(58368K)] [ParOldGen: 162069K->159069K(174592K)] 191253K->159069K(232960K) [PSPermGen: 7340K->7340K(21504K)], 0.3812115 secs] [Times: user=1.20 sys=0.00, real=0.38 secs] 
80.727: [Full GC [PSYoungGen: 29184K->0K(58368K)] [ParOldGen: 159069K->161954K(174592K)] 188253K->161954K(232960K) [PSPermGen: 7340K->7340K(21504K)], 0.5423276 secs] [Times: user=1.95 sys=0.00, real=0.54 secs] 
81.294: [Full GC [PSYoungGen: 29184K->0K(58368K)] [ParOldGen: 161954K->162054K(174592K)] 191138K->162054K(232960K) [PSPermGen: 7340K->7340K(21504K)], 0.3803998 secs] [Times: user=1.34 sys=0.00, real=0.38 secs] 
81.700: [Full GC [PSYoungGen: 29184K->0K(58368K)] [ParOldGen: 162054K->158434K(174592K)] 191238K->158434K(232960K) [PSPermGen: 7340K->7340K(21504K)], 0.5359395 secs] [Times: user=1.92 sys=0.00, real=0.54 secs] 
82.267: [Full GC [PSYoungGen: 29184K->0K(58368K)] [ParOldGen: 158434K->163037K(174592K)] 187618K->163037K(232960K) [PSPermGen: 7340K->7340K(21504K)], 0.5867765 secs] [Times: user=1.98 sys=0.00, real=0.59 secs] 
82.905: [Full GC [PSYoungGen: 29184K->0K(58368K)] [ParOldGen: 163037K->163640K(174592K)] 192221K->163640K(232960K) [PSPermGen: 7341K->7341K(21504K)], 0.5516516 secs] [Times: user=1.95 sys=0.00, real=0.55 secs] 
83.482: [Full GC [PSYoungGen: 29184K->0K(58368K)] [ParOldGen: 163640K->163896K(174592K)] 192824K->163896K(232960K) [PSPermGen: 7341K->7341K(21504K)], 0.3987475 secs] [Times: user=1.36 sys=0.00, real=0.40 secs] 
83.906: [Full GC [PSYoungGen: 29183K->0K(58368K)] [ParOldGen: 163896K->162888K(174592K)] 193080K->162888K(232960K) [PSPermGen: 7341K->7341K(21504K)], 0.6112105 secs] [Times: user=2.08 sys=0.02, real=0.61 secs] 
84.546: [Full GC [PSYoungGen: 29184K->0K(58368K)] [ParOldGen: 162888K->166514K(174592K)] 192072K->166514K(232960K) [PSPermGen: 7341K->7341K(21504K)], 0.5203596 secs] [Times: user=1.84 sys=0.00, real=0.52 secs] 
85.117: [Full GC [PSYoungGen: 29184K->0K(58368K)] [ParOldGen: 166514K->168554K(174592K)] 195698K->168554K(232960K) [PSPermGen: 7341K->7341K(21504K)], 0.5248144 secs] [Times: user=1.90 sys=0.00, real=0.52 secs] 
85.668: [Full GC [PSYoungGen: 29184K->0K(58368K)] [ParOldGen: 168554K->169740K(174592K)] 197738K->169740K(232960K) [PSPermGen: 7341K->7341K(21504K)], 0.4039047 secs] [Times: user=1.45 sys=0.00, real=0.40 secs] 
86.100: [Full GC [PSYoungGen: 29184K->0K(58368K)] [ParOldGen: 169740K->167976K(174592K)] 198924K->167976K(232960K) [PSPermGen: 7341K->7341K(21504K)], 0.6197497 secs] [Times: user=2.28 sys=0.00, real=0.62 secs] 
86.771: [Full GC [PSYoungGen: 29184K->0K(58368K)] [ParOldGen: 167976K->170923K(174592K)] 197160K->170923K(232960K) [PSPermGen: 7341K->7341K(21504K)], 0.6215996 secs] [Times: user=2.17 sys=0.00, real=0.62 secs] 
87.418: [Full GC [PSYoungGen: 29184K->0K(58368K)] [ParOldGen: 170923K->171581K(174592K)] 200107K->171581K(232960K) [PSPermGen: 7341K->7341K(21504K)], 0.5422952 secs] [Times: user=1.75 sys=0.00, real=0.54 secs] 
87.999: [Full GC [PSYoungGen: 29184K->0K(58368K)] [ParOldGen: 171581K->166330K(174592K)] 200765K->166330K(232960K) [PSPermGen: 7341K->7341K(21504K)], 0.6029626 secs] [Times: user=2.04 sys=0.00, real=0.60 secs] 
88.630: [Full GC [PSYoungGen: 29184K->0K(58368K)] [ParOldGen: 166330K->164493K(174592K)] 195514K->164493K(232960K) [PSPermGen: 7341K->7341K(21504K)], 0.6371019 secs] [Times: user=2.26 sys=0.00, real=0.64 secs] 
89.311: [Full GC [PSYoungGen: 29184K->0K(58368K)] [ParOldGen: 164493K->165623K(174592K)] 193677K->165623K(232960K) [PSPermGen: 7341K->7341K(21504K)], 0.4223990 secs] [Times: user=1.44 sys=0.00, real=0.42 secs] 
89.759: [Full GC [PSYoungGen: 29182K->0K(58368K)] [ParOldGen: 165623K->167882K(174592K)] 194806K->167882K(232960K) [PSPermGen: 7341K->7341K(21504K)], 0.5598344 secs] [Times: user=1.97 sys=0.00, real=0.56 secs] 
90.347: [Full GC [PSYoungGen: 29184K->0K(58368K)] [ParOldGen: 167882K->165609K(174592K)] 197066K->165609K(232960K) [PSPermGen: 7341K->7341K(21504K)], 0.6042297 secs] [Times: user=2.18 sys=0.00, real=0.60 secs] 
90.999: [Full GC [PSYoungGen: 29184K->0K(58368K)] [ParOldGen: 165609K->167877K(174592K)] 194793K->167877K(232960K) [PSPermGen: 7341K->7341K(21504K)], 0.4546862 secs] [Times: user=1.68 sys=0.00, real=0.45 secs] 
91.478: [Full GC [PSYoungGen: 29184K->0K(58368K)] [ParOldGen: 167877K->168955K(174592K)] 197061K->168955K(232960K) [PSPermGen: 7341K->7341K(21504K)], 0.4523478 secs] [Times: user=1.58 sys=0.00, real=0.45 secs] 
91.956: [Full GC [PSYoungGen: 29184K->0K(58368K)] [ParOldGen: 168955K->165878K(174592K)] 198139K->165878K(232960K) [PSPermGen: 7341K->7341K(21504K)], 0.5810629 secs] [Times: user=2.07 sys=0.00, real=0.58 secs] 
92.567: [Full GC [PSYoungGen: 29184K->0K(58368K)] [ParOldGen: 165878K->166577K(174592K)] 195062K->166577K(232960K) [PSPermGen: 7341K->7341K(21504K)], 0.6275569 secs] [Times: user=2.17 sys=0.00, real=0.63 secs] 
93.220: [Full GC [PSYoungGen: 29184K->0K(58368K)] [ParOldGen: 166577K->167169K(174592K)] 195761K->167169K(232960K) [PSPermGen: 7341K->7341K(21504K)], 0.4004127 secs] [Times: user=1.42 sys=0.00, real=0.40 secs] 
93.660: [Full GC [PSYoungGen: 29184K->0K(58368K)] [ParOldGen: 167169K->167188K(174592K)] 196353K->167188K(232960K) [PSPermGen: 7341K->7341K(21504K)], 0.5743194 secs] [Times: user=2.01 sys=0.00, real=0.57 secs] 
94.261: [Full GC [PSYoungGen: 29184K->0K(58368K)] [ParOldGen: 167188K->162168K(174592K)] 196372K->162168K(232960K) [PSPermGen: 7341K->7341K(21504K)], 0.6112201 secs] [Times: user=2.26 sys=0.00, real=0.61 secs] 
94.913: [Full GC [PSYoungGen: 29184K->0K(58368K)] [ParOldGen: 162168K->164184K(174592K)] 191352K->164184K(232960K) [PSPermGen: 7341K->7341K(21504K)], 0.5482924 secs] [Times: user=1.97 sys=0.00, real=0.55 secs] 
95.488: [Full GC [PSYoungGen: 29184K->0K(58368K)] [ParOldGen: 164184K->165262K(174592K)] 193368K->165262K(232960K) [PSPermGen: 7341K->7341K(21504K)], 0.6015366 secs] [Times: user=2.14 sys=0.00, real=0.60 secs] 
96.116: [Full GC [PSYoungGen: 29184K->0K(58368K)] [ParOldGen: 165262K->167034K(174592K)] 194446K->167034K(232960K) [PSPermGen: 7341K->7341K(21504K)], 0.5558232 secs] [Times: user=2.04 sys=0.00, real=0.56 secs] 
96.712: [Full GC [PSYoungGen: 29184K->0K(58368K)] [ParOldGen: 167034K->169788K(174592K)] 196218K->169788K(232960K) [PSPermGen: 7341K->7341K(21504K)], 0.6111842 secs] [Times: user=2.15 sys=0.00, real=0.61 secs] 
97.350: [Full GC [PSYoungGen: 29184K->0K(58368K)] [ParOldGen: 169788K->167436K(174592K)] 198972K->167436K(232960K) [PSPermGen: 7341K->7341K(21504K)], 0.6141563 secs] [Times: user=2.15 sys=0.00, real=0.61 secs] 
98.009: [Full GC [PSYoungGen: 29184K->0K(58368K)] [ParOldGen: 167436K->164906K(174592K)] 196620K->164906K(232960K) [PSPermGen: 7341K->7341K(21504K)], 0.5721985 secs] [Times: user=2.03 sys=0.00, real=0.57 secs] 
98.606: [Full GC [PSYoungGen: 29184K->0K(58368K)] [ParOldGen: 164906K->164519K(174592K)] 194090K->164519K(232960K) [PSPermGen: 7341K->7341K(21504K)], 0.5590701 secs] [Times: user=2.01 sys=0.00, real=0.56 secs] 
99.192: [Full GC [PSYoungGen: 29184K->0K(58368K)] [ParOldGen: 164519K->161643K(174592K)] 193703K->161643K(232960K) [PSPermGen: 7341K->7341K(21504K)], 0.5216409 secs] [Times: user=1.81 sys=0.02, real=0.52 secs] 
99.761: [Full GC [PSYoungGen: 29184K->0K(58368K)] [ParOldGen: 161643K->161603K(174592K)] 190827K->161603K(232960K) [PSPermGen: 7341K->7341K(21504K)], 0.6137811 secs] [Times: user=1.93 sys=0.00, real=0.61 secs] 
100.400: [Full GC [PSYoungGen: 29184K->0K(58368K)] [ParOldGen: 161603K->161204K(174592K)] 190787K->161204K(232960K) [PSPermGen: 7341K->7341K(21504K)], 0.4142364 secs] [Times: user=1.17 sys=0.00, real=0.41 secs] 
100.841: [Full GC [PSYoungGen: 29184K->0K(58368K)] [ParOldGen: 161204K->163433K(174592K)] 190388K->163433K(232960K) [PSPermGen: 7341K->7341K(21504K)], 0.6934696 secs] [Times: user=2.25 sys=0.00, real=0.69 secs] 
101.565: [Full GC [PSYoungGen: 29184K->0K(58368K)] [ParOldGen: 163433K->163791K(174592K)] 192617K->163791K(232960K) [PSPermGen: 7341K->7341K(21504K)], 0.5852460 secs] [Times: user=2.09 sys=0.00, real=0.59 secs] 
102.201: [Full GC [PSYoungGen: 29175K->0K(58368K)] [ParOldGen: 163791K->165305K(174592K)] 192966K->165305K(232960K) [PSPermGen: 7341K->7341K(21504K)], 0.5094125 secs] [Times: user=1.54 sys=0.00, real=0.51 secs] 
102.736: [Full GC [PSYoungGen: 29184K->0K(58368K)] [ParOldGen: 165305K->166378K(174592K)] 194489K->166378K(232960K) [PSPermGen: 7341K->7341K(21504K)], 0.4631955 secs] [Times: user=1.59 sys=0.00, real=0.46 secs] 
103.224: [Full GC [PSYoungGen: 29184K->0K(58368K)] [ParOldGen: 166378K->164761K(174592K)] 195562K->164761K(232960K) [PSPermGen: 7341K->7341K(21504K)], 0.4514184 secs] [Times: user=1.31 sys=0.00, real=0.45 secs] 
103.726: [Full GC [PSYoungGen: 29184K->0K(58368K)] [ParOldGen: 164761K->167324K(174592K)] 193945K->167324K(232960K) [PSPermGen: 7341K->7341K(21504K)], 0.5802534 secs] [Times: user=1.98 sys=0.00, real=0.58 secs] 
104.331: [Full GC [PSYoungGen: 29184K->0K(58368K)] [ParOldGen: 167324K->166907K(174592K)] 196508K->166907K(232960K) [PSPermGen: 7341K->7341K(21504K)], 0.4848899 secs] [Times: user=1.65 sys=0.00, real=0.49 secs] 
104.844: [Full GC [PSYoungGen: 29184K->0K(58368K)] [ParOldGen: 166907K->166370K(174592K)] 196091K->166370K(232960K) [PSPermGen: 7341K->7341K(21504K)], 0.5925623 secs] [Times: user=2.03 sys=0.00, real=0.59 secs] 
105.464: [Full GC [PSYoungGen: 29184K->0K(58368K)] [ParOldGen: 166370K->166135K(174592K)] 195554K->166135K(232960K) [PSPermGen: 7341K->7341K(21504K)], 0.5720362 secs] [Times: user=1.83 sys=0.00, real=0.57 secs] 
106.082: [Full GC [PSYoungGen: 29184K->0K(58368K)] [ParOldGen: 166135K->170251K(174592K)] 195319K->170251K(232960K) [PSPermGen: 7341K->7341K(21504K)], 0.4594694 secs] [Times: user=1.58 sys=0.00, real=0.46 secs] 
106.567: [Full GC [PSYoungGen: 29184K->0K(58368K)] [ParOldGen: 170251K->167199K(174592K)] 199435K->167199K(232960K) [PSPermGen: 7341K->7341K(21504K)], 0.5593235 secs] [Times: user=2.03 sys=0.00, real=0.56 secs] 
107.157: [Full GC [PSYoungGen: 29184K->0K(58368K)] [ParOldGen: 167199K->165066K(174592K)] 196383K->165066K(232960K) [PSPermGen: 7341K->7341K(21504K)], 0.6004722 secs] [Times: user=2.11 sys=0.00, real=0.60 secs] 
107.806: [Full GC [PSYoungGen: 29172K->0K(58368K)] [ParOldGen: 165066K->167495K(174592K)] 194239K->167495K(232960K) [PSPermGen: 7341K->7341K(21504K)], 0.5946883 secs] [Times: user=2.06 sys=0.00, real=0.60 secs] 
108.426: [Full GC [PSYoungGen: 29184K->0K(58368K)] [ParOldGen: 167495K->164947K(174592K)] 196679K->164947K(232960K) [PSPermGen: 7341K->7341K(21504K)], 0.5733303 secs] [Times: user=2.08 sys=0.00, real=0.57 secs] 
109.028: [Full GC [PSYoungGen: 29184K->0K(58368K)] [ParOldGen: 164947K->165579K(174592K)] 194131K->165579K(232960K) [PSPermGen: 7341K->7341K(21504K)], 0.6035892 secs] [Times: user=2.09 sys=0.00, real=0.60 secs] 
109.662: [Full GC [PSYoungGen: 29184K->0K(58368K)] [ParOldGen: 165579K->167666K(174592K)] 194763K->167666K(232960K) [PSPermGen: 7341K->7341K(21504K)], 0.6040969 secs] [Times: user=2.09 sys=0.00, real=0.60 secs] 
110.313: [Full GC [PSYoungGen: 29184K->0K(58368K)] [ParOldGen: 167666K->170940K(174592K)] 196850K->170940K(232960K) [PSPermGen: 7341K->7341K(21504K)], 0.4491105 secs] [Times: user=1.64 sys=0.00, real=0.45 secs] 
110.786: [Full GC [PSYoungGen: 29184K->0K(58368K)] [ParOldGen: 170940K->170822K(174592K)] 200124K->170822K(232960K) [PSPermGen: 7341K->7312K(21504K)], 0.4581541 secs] [Times: user=1.64 sys=0.00, real=0.46 secs] 
111.273: [Full GC [PSYoungGen: 29184K->0K(58368K)] [ParOldGen: 170822K->170438K(174592K)] 200006K->170438K(232960K) [PSPermGen: 7312K->7312K(21504K)], 0.6387427 secs] [Times: user=2.28 sys=0.00, real=0.64 secs] 
111.959: [Full GC [PSYoungGen: 29184K->0K(58368K)] [ParOldGen: 170438K->170884K(174592K)] 199622K->170884K(232960K) [PSPermGen: 7312K->7312K(21504K)], 0.6199710 secs] [Times: user=2.20 sys=0.00, real=0.62 secs] 
112.605: [Full GC [PSYoungGen: 29184K->0K(58368K)] [ParOldGen: 170884K->170674K(174592K)] 200068K->170674K(232960K) [PSPermGen: 7312K->7312K(21504K)], 0.4885000 secs] [Times: user=1.83 sys=0.00, real=0.49 secs] 
113.120: [Full GC [PSYoungGen: 29184K->0K(58368K)] [ParOldGen: 170674K->167923K(174592K)] 199858K->167923K(232960K) [PSPermGen: 7312K->7312K(21504K)], 0.6271881 secs] [Times: user=2.28 sys=0.00, real=0.63 secs] 
113.789: [Full GC [PSYoungGen: 29184K->0K(58368K)] [ParOldGen: 167923K->168078K(174592K)] 197107K->168078K(232960K) [PSPermGen: 7312K->7312K(21504K)], 0.4439061 secs] [Times: user=1.65 sys=0.00, real=0.44 secs] 
114.258: [Full GC [PSYoungGen: 29184K->0K(58368K)] [ParOldGen: 168078K->165903K(174592K)] 197262K->165903K(232960K) [PSPermGen: 7312K->7312K(21504K)], 0.4567282 secs] [Times: user=1.70 sys=0.00, real=0.46 secs] 
114.742: [Full GC [PSYoungGen: 29184K->0K(58368K)] [ParOldGen: 165903K->162237K(174592K)] 195087K->162237K(232960K) [PSPermGen: 7312K->7312K(21504K)], 0.5998047 secs] [Times: user=2.17 sys=0.00, real=0.60 secs] 
115.370: [Full GC [PSYoungGen: 29184K->0K(58368K)] [ParOldGen: 162237K->162317K(174592K)] 191421K->162317K(232960K) [PSPermGen: 7312K->7312K(21504K)], 0.5994590 secs] [Times: user=2.03 sys=0.00, real=0.60 secs] 
116.014: [Full GC [PSYoungGen: 29184K->0K(58368K)] [ParOldGen: 162317K->165248K(174592K)] 191501K->165248K(232960K) [PSPermGen: 7312K->7312K(21504K)], 0.6012938 secs] [Times: user=2.12 sys=0.00, real=0.60 secs] 
116.640: [Full GC [PSYoungGen: 29184K->0K(58368K)] [ParOldGen: 165248K->160967K(174592K)] 194432K->160967K(232960K) [PSPermGen: 7312K->7312K(21504K)], 0.6206320 secs] [Times: user=2.18 sys=0.00, real=0.62 secs] 
117.305: [Full GC [PSYoungGen: 29184K->0K(58368K)] [ParOldGen: 160967K->159573K(174592K)] 190151K->159573K(232960K) [PSPermGen: 7312K->7312K(21504K)], 0.5539508 secs] [Times: user=1.98 sys=0.00, real=0.55 secs] 
117.884: [Full GC [PSYoungGen: 29184K->0K(58368K)] [ParOldGen: 159573K->161089K(174592K)] 188757K->161089K(232960K) [PSPermGen: 7312K->7312K(21504K)], 0.5709480 secs] [Times: user=2.03 sys=0.00, real=0.57 secs] 
118.483: [Full GC [PSYoungGen: 29184K->0K(58368K)] [ParOldGen: 161089K->161167K(174592K)] 190273K->161167K(232960K) [PSPermGen: 7312K->7312K(21504K)], 0.5913323 secs] [Times: user=2.01 sys=0.00, real=0.59 secs] 
119.116: [Full GC [PSYoungGen: 29183K->0K(58368K)] [ParOldGen: 161167K->165538K(174592K)] 190351K->165538K(232960K) [PSPermGen: 7312K->7312K(21504K)], 0.5677110 secs] [Times: user=1.86 sys=0.00, real=0.57 secs] 
119.710: [Full GC [PSYoungGen: 29184K->0K(58368K)] [ParOldGen: 165538K->165633K(174592K)] 194722K->165633K(232960K) [PSPermGen: 7312K->7303K(21504K)], 0.4906664 secs] [Times: user=1.72 sys=0.00, real=0.49 secs] 
120.227: [Full GC [PSYoungGen: 29184K->0K(58368K)] [ParOldGen: 165633K->164502K(174592K)] 194817K->164502K(232960K) [PSPermGen: 7303K->7303K(21504K)], 0.5868477 secs] [Times: user=2.04 sys=0.00, real=0.59 secs] 
120.862: [Full GC [PSYoungGen: 29184K->0K(58368K)] [ParOldGen: 164502K->165662K(174592K)] 193686K->165662K(232960K) [PSPermGen: 7303K->7303K(21504K)], 0.5444758 secs] [Times: user=1.93 sys=0.00, real=0.54 secs] 
121.432: [Full GC [PSYoungGen: 29184K->0K(58368K)] [ParOldGen: 165662K->168455K(174592K)] 194846K->168455K(232960K) [PSPermGen: 7303K->7303K(21504K)], 0.6072403 secs] [Times: user=2.03 sys=0.01, real=0.61 secs] 
122.066: [Full GC [PSYoungGen: 29184K->0K(58368K)] [ParOldGen: 168455K->165412K(174592K)] 197639K->165412K(232960K) [PSPermGen: 7303K->7303K(21504K)], 0.5636446 secs] [Times: user=2.03 sys=0.00, real=0.56 secs] 
122.661: [Full GC [PSYoungGen: 29184K->0K(58368K)] [ParOldGen: 165412K->168427K(174592K)] 194596K->168427K(232960K) [PSPermGen: 7303K->7303K(21504K)], 0.5966713 secs] [Times: user=2.07 sys=0.00, real=0.60 secs] 
123.305: [Full GC [PSYoungGen: 29184K->0K(58368K)] [ParOldGen: 168427K->168282K(174592K)] 197611K->168282K(232960K) [PSPermGen: 7303K->7303K(21504K)], 0.5139968 secs] [Times: user=1.86 sys=0.00, real=0.51 secs] 
123.845: [Full GC [PSYoungGen: 29184K->0K(58368K)] [ParOldGen: 168282K->171695K(174592K)] 197466K->171695K(232960K) [PSPermGen: 7303K->7303K(21504K)], 0.6483906 secs] [Times: user=2.34 sys=0.00, real=0.65 secs] 
124.519: [Full GC [PSYoungGen: 29184K->0K(58368K)] [ParOldGen: 171695K->171989K(174592K)] 200879K->171989K(232960K) [PSPermGen: 7303K->7303K(21504K)], 0.6250265 secs] [Times: user=2.29 sys=0.00, real=0.63 secs] 
125.185: [Full GC [PSYoungGen: 29184K->0K(58368K)] [ParOldGen: 171989K->172585K(174592K)] 201173K->172585K(232960K) [PSPermGen: 7303K->7303K(21504K)], 0.5034904 secs] [Times: user=1.84 sys=0.00, real=0.50 secs] 
125.713: [Full GC [PSYoungGen: 29184K->0K(58368K)] [ParOldGen: 172585K->172768K(174592K)] 201769K->172768K(232960K) [PSPermGen: 7303K->7303K(21504K)], 0.4521634 secs] [Times: user=1.75 sys=0.00, real=0.45 secs] 
126.194: [Full GC [PSYoungGen: 29184K->0K(58368K)] [ParOldGen: 172768K->167687K(174592K)] 201952K->167687K(232960K) [PSPermGen: 7303K->7303K(21504K)], 0.6159655 secs] [Times: user=2.17 sys=0.00, real=0.62 secs] 
126.868: [Full GC [PSYoungGen: 29184K->0K(58368K)] [ParOldGen: 167687K->167355K(174592K)] 196871K->167355K(232960K) [PSPermGen: 7303K->7303K(21504K)], 0.6051027 secs] [Times: user=2.11 sys=0.00, real=0.61 secs] 
127.499: [Full GC [PSYoungGen: 29184K->0K(58368K)] [ParOldGen: 167355K->164837K(174592K)] 196539K->164837K(232960K) [PSPermGen: 7303K->7303K(21504K)], 0.5724057 secs] [Times: user=2.00 sys=0.00, real=0.57 secs] 
128.097: [Full GC [PSYoungGen: 29183K->0K(58368K)] [ParOldGen: 164837K->164453K(174592K)] 194021K->164453K(232960K) [PSPermGen: 7303K->7303K(21504K)], 0.6357751 secs] [Times: user=2.20 sys=0.00, real=0.64 secs] 
128.787: [Full GC [PSYoungGen: 29184K->0K(58368K)] [ParOldGen: 164453K->166291K(174592K)] 193637K->166291K(232960K) [PSPermGen: 7303K->7303K(21504K)], 0.5603200 secs] [Times: user=1.81 sys=0.00, real=0.56 secs] 
129.379: [Full GC [PSYoungGen: 29184K->0K(58368K)] [ParOldGen: 166291K->162437K(174592K)] 195475K->162437K(232960K) [PSPermGen: 7303K->7303K(21504K)], 0.4720217 secs] [Times: user=1.61 sys=0.00, real=0.47 secs] 
129.897: [Full GC [PSYoungGen: 29184K->0K(58368K)] [ParOldGen: 162437K->164332K(174592K)] 191621K->164332K(232960K) [PSPermGen: 7303K->7303K(21504K)], 0.6105642 secs] [Times: user=2.00 sys=0.00, real=0.61 secs] 
130.531: [Full GC [PSYoungGen: 29184K->0K(58368K)] [ParOldGen: 164332K->164833K(174592K)] 193516K->164833K(232960K) [PSPermGen: 7303K->7303K(21504K)], 0.3802843 secs] [Times: user=1.14 sys=0.00, real=0.38 secs] 
130.939: [Full GC [PSYoungGen: 29184K->0K(58368K)] [ParOldGen: 164833K->164734K(174592K)] 194017K->164734K(232960K) [PSPermGen: 7303K->7303K(21504K)], 0.6208812 secs] [Times: user=2.17 sys=0.00, real=0.62 secs] 
131.587: [Full GC [PSYoungGen: 29184K->0K(58368K)] [ParOldGen: 164734K->163090K(174592K)] 193918K->163090K(232960K) [PSPermGen: 7303K->7303K(21504K)], 0.4911292 secs] [Times: user=1.81 sys=0.00, real=0.49 secs] 
132.119: [Full GC [PSYoungGen: 29184K->0K(58368K)] [ParOldGen: 163090K->165104K(174592K)] 192274K->165104K(232960K) [PSPermGen: 7303K->7303K(21504K)], 0.4223682 secs] [Times: user=1.48 sys=0.02, real=0.42 secs] 
132.569: [Full GC [PSYoungGen: 29184K->0K(58368K)] [ParOldGen: 165104K->165463K(174592K)] 194288K->165463K(232960K) [PSPermGen: 7303K->7303K(21504K)], 0.4039682 secs] [Times: user=1.37 sys=0.00, real=0.40 secs] 
133.000: [Full GC [PSYoungGen: 29184K->0K(58368K)] [ParOldGen: 165463K->164367K(174592K)] 194647K->164367K(232960K) [PSPermGen: 7303K->7303K(21504K)], 0.4946821 secs] [Times: user=1.76 sys=0.00, real=0.49 secs] 
133.521: [Full GC [PSYoungGen: 29184K->0K(58368K)] [ParOldGen: 164367K->163519K(174592K)] 193551K->163519K(232960K) [PSPermGen: 7303K->7303K(21504K)], 0.4618786 secs] [Times: user=1.64 sys=0.00, real=0.46 secs] 
134.031: [Full GC [PSYoungGen: 29184K->0K(58368K)] [ParOldGen: 163519K->164670K(174592K)] 192703K->164670K(232960K) [PSPermGen: 7303K->7303K(21504K)], 0.6411186 secs] [Times: user=2.17 sys=0.00, real=0.64 secs] 
134.702: [Full GC [PSYoungGen: 29184K->0K(58368K)] [ParOldGen: 164670K->160128K(174592K)] 193854K->160128K(232960K) [PSPermGen: 7303K->7303K(21504K)], 0.4707613 secs] [Times: user=1.55 sys=0.00, real=0.47 secs] 
135.202: [Full GC [PSYoungGen: 29184K->0K(58368K)] [ParOldGen: 160128K->161092K(174592K)] 189312K->161092K(232960K) [PSPermGen: 7303K->7303K(21504K)], 0.5726517 secs] [Times: user=2.00 sys=0.00, real=0.57 secs] 
135.818: [Full GC [PSYoungGen: 29184K->0K(58368K)] [ParOldGen: 161092K->160888K(174592K)] 190276K->160888K(232960K) [PSPermGen: 7303K->7303K(21504K)], 0.5550650 secs] [Times: user=1.86 sys=0.00, real=0.55 secs] 
136.397: [Full GC [PSYoungGen: 29184K->0K(58368K)] [ParOldGen: 160888K->161116K(174592K)] 190072K->161116K(232960K) [PSPermGen: 7303K->7303K(21504K)], 0.5281826 secs] [Times: user=1.89 sys=0.00, real=0.53 secs] 
136.953: [Full GC [PSYoungGen: 29184K->0K(58368K)] [ParOldGen: 161116K->162415K(174592K)] 190300K->162415K(232960K) [PSPermGen: 7303K->7303K(21504K)], 0.5961505 secs] [Times: user=2.06 sys=0.00, real=0.60 secs] 
137.578: [Full GC [PSYoungGen: 29184K->0K(58368K)] [ParOldGen: 162415K->163428K(174592K)] 191599K->163428K(232960K) [PSPermGen: 7303K->7303K(21504K)], 0.6292391 secs] [Times: user=2.15 sys=0.00, real=0.63 secs] 
138.251: [Full GC [PSYoungGen: 29184K->0K(58368K)] [ParOldGen: 163428K->164920K(174592K)] 192612K->164920K(232960K) [PSPermGen: 7303K->7303K(21504K)], 0.5194090 secs] [Times: user=1.68 sys=0.00, real=0.52 secs] 
138.795: [Full GC [PSYoungGen: 29184K->0K(58368K)] [ParOldGen: 164920K->167727K(174592K)] 194104K->167727K(232960K) [PSPermGen: 7303K->7303K(21504K)], 0.6546933 secs] [Times: user=2.26 sys=0.00, real=0.65 secs] 
139.475: [Full GC [PSYoungGen: 29184K->0K(58368K)] [ParOldGen: 167727K->166864K(174592K)] 196911K->166864K(232960K) [PSPermGen: 7303K->7303K(21504K)], 0.6932884 secs] [Times: user=2.17 sys=0.00, real=0.69 secs] 
140.217: [Full GC [PSYoungGen: 29184K->0K(58368K)] [ParOldGen: 166864K->168895K(174592K)] 196048K->168895K(232960K) [PSPermGen: 7303K->7303K(21504K)], 0.5306746 secs] [Times: user=1.62 sys=0.00, real=0.53 secs] 
140.774: [Full GC [PSYoungGen: 29184K->0K(58368K)] [ParOldGen: 168895K->170482K(174592K)] 198079K->170482K(232960K) [PSPermGen: 7303K->7303K(21504K)], 0.5965292 secs] [Times: user=2.09 sys=0.00, real=0.60 secs] 
141.395: [Full GC [PSYoungGen: 29184K->0K(58368K)] [ParOldGen: 170482K->170095K(174592K)] 199666K->170095K(232960K) [PSPermGen: 7303K->7303K(21504K)], 0.6200155 secs] [Times: user=2.09 sys=0.00, real=0.62 secs] 
142.062: [Full GC [PSYoungGen: 29184K->0K(58368K)] [ParOldGen: 170095K->169666K(174592K)] 199279K->169666K(232960K) [PSPermGen: 7303K->7303K(21504K)], 0.5115953 secs] [Times: user=1.72 sys=0.00, real=0.51 secs] 
142.598: [Full GC [PSYoungGen: 29184K->0K(58368K)] [ParOldGen: 169666K->169198K(174592K)] 198850K->169198K(232960K) [PSPermGen: 7303K->7303K(21504K)], 0.5632559 secs] [Times: user=1.86 sys=0.00, real=0.56 secs] 
143.187: [Full GC [PSYoungGen: 29184K->0K(58368K)] [ParOldGen: 169198K->169445K(174592K)] 198382K->169445K(232960K) [PSPermGen: 7303K->7303K(21504K)], 0.5807598 secs] [Times: user=2.11 sys=0.00, real=0.58 secs] 
143.817: [Full GC [PSYoungGen: 29184K->0K(58368K)] [ParOldGen: 169445K->171473K(174592K)] 198629K->171473K(232960K) [PSPermGen: 7303K->7303K(21504K)], 0.4867042 secs] [Times: user=1.68 sys=0.00, real=0.49 secs] 
144.329: [Full GC [PSYoungGen: 29184K->0K(58368K)] [ParOldGen: 171473K->169666K(174592K)] 200657K->169666K(232960K) [PSPermGen: 7303K->7303K(21504K)], 0.4972758 secs] [Times: user=1.67 sys=0.00, real=0.50 secs] 
144.867: [Full GC [PSYoungGen: 29184K->0K(58368K)] [ParOldGen: 169666K->164505K(174592K)] 198850K->164505K(232960K) [PSPermGen: 7303K->7303K(21504K)], 0.6080120 secs] [Times: user=2.20 sys=0.00, real=0.61 secs] 
145.501: [Full GC [PSYoungGen: 29184K->0K(58368K)] [ParOldGen: 164505K->164629K(174592K)] 193689K->164629K(232960K) [PSPermGen: 7303K->7303K(21504K)], 0.3551226 secs] [Times: user=1.28 sys=0.00, real=0.36 secs] 
145.896: [Full GC [PSYoungGen: 29184K->0K(58368K)] [ParOldGen: 164629K->168133K(174592K)] 193813K->168133K(232960K) [PSPermGen: 7303K->7303K(21504K)], 0.6175357 secs] [Times: user=2.20 sys=0.00, real=0.62 secs] 
146.538: [Full GC [PSYoungGen: 29184K->0K(58368K)] [ParOldGen: 168133K->164300K(174592K)] 197317K->164300K(232960K) [PSPermGen: 7303K->7303K(21504K)], 0.6172051 secs] [Times: user=2.17 sys=0.00, real=0.62 secs] 
147.195: [Full GC [PSYoungGen: 29184K->0K(58368K)] [ParOldGen: 164300K->166882K(174592K)] 193484K->166882K(232960K) [PSPermGen: 7303K->7303K(21504K)], 0.6279511 secs] [Times: user=2.22 sys=0.00, real=0.63 secs] 
147.858: [Full GC [PSYoungGen: 29184K->0K(58368K)] [ParOldGen: 166882K->163191K(174592K)] 196066K->163191K(232960K) [PSPermGen: 7303K->7303K(21504K)], 0.5725263 secs] [Times: user=2.01 sys=0.00, real=0.57 secs] 
148.461: [Full GC [PSYoungGen: 29184K->0K(58368K)] [ParOldGen: 163191K->161644K(174592K)] 192375K->161644K(232960K) [PSPermGen: 7303K->7303K(21504K)], 0.6093593 secs] [Times: user=2.11 sys=0.00, real=0.61 secs] 
149.119: [Full GC [PSYoungGen: 29184K->0K(58368K)] [ParOldGen: 161644K->163418K(174592K)] 190828K->163418K(232960K) [PSPermGen: 7303K->7303K(21504K)], 0.6728579 secs] [Times: user=2.20 sys=0.00, real=0.67 secs] 
149.816: [Full GC [PSYoungGen: 29184K->0K(58368K)] [ParOldGen: 163418K->162018K(174592K)] 192602K->162018K(232960K) [PSPermGen: 7303K->7303K(21504K)], 0.4592667 secs] [Times: user=1.40 sys=0.00, real=0.46 secs] 
150.305: [Full GC [PSYoungGen: 29184K->0K(58368K)] [ParOldGen: 162018K->162069K(174592K)] 191202K->162069K(232960K) [PSPermGen: 7303K->7303K(21504K)], 0.5933621 secs] [Times: user=2.00 sys=0.00, real=0.59 secs] 
150.948: [Full GC [PSYoungGen: 29184K->0K(58368K)] [ParOldGen: 162069K->164209K(174592K)] 191253K->164209K(232960K) [PSPermGen: 7303K->7303K(21504K)], 0.4141097 secs] [Times: user=1.45 sys=0.00, real=0.41 secs] 
151.385: [Full GC [PSYoungGen: 29184K->0K(58368K)] [ParOldGen: 164209K->164209K(174592K)] 193393K->164209K(232960K) [PSPermGen: 7303K->7303K(21504K)], 0.5659377 secs] [Times: user=1.95 sys=0.00, real=0.57 secs] 
151.979: [Full GC [PSYoungGen: 29184K->0K(58368K)] [ParOldGen: 164209K->163067K(174592K)] 193393K->163067K(232960K) [PSPermGen: 7303K->7303K(21504K)], 0.6337385 secs] [Times: user=2.11 sys=0.00, real=0.63 secs] 
152.641: [Full GC [PSYoungGen: 29184K->0K(58368K)] [ParOldGen: 163067K->166398K(174592K)] 192251K->166398K(232960K) [PSPermGen: 7303K->7303K(21504K)], 0.6314232 secs] [Times: user=2.22 sys=0.00, real=0.63 secs] 
153.323: [Full GC [PSYoungGen: 29184K->0K(58368K)] [ParOldGen: 166398K->168230K(174592K)] 195582K->168230K(232960K) [PSPermGen: 7303K->7303K(21504K)], 0.5093525 secs] [Times: user=1.84 sys=0.00, real=0.51 secs] 
153.860: [Full GC [PSYoungGen: 29184K->0K(58368K)] [ParOldGen: 168230K->170017K(174592K)] 197414K->170017K(232960K) [PSPermGen: 7303K->7303K(21504K)], 0.4916209 secs] [Times: user=1.62 sys=0.00, real=0.49 secs] 
154.376: [Full GC [PSYoungGen: 29184K->0K(58368K)] [ParOldGen: 170017K->168268K(174592K)] 199201K->168268K(232960K) [PSPermGen: 7303K->7303K(21504K)], 0.4156029 secs] [Times: user=1.58 sys=0.00, real=0.41 secs] 
154.832: [Full GC [PSYoungGen: 29184K->0K(58368K)] [ParOldGen: 168268K->169969K(174592K)] 197452K->169969K(232960K) [PSPermGen: 7303K->7303K(21504K)], 0.4329616 secs] [Times: user=1.53 sys=0.00, real=0.43 secs] 
155.290: [Full GC [PSYoungGen: 29184K->0K(58368K)] [ParOldGen: 169969K->171409K(174592K)] 199153K->171409K(232960K) [PSPermGen: 7303K->7303K(21504K)], 0.4415860 secs] [Times: user=1.56 sys=0.00, real=0.44 secs] 
155.757: [Full GC [PSYoungGen: 29184K->0K(58368K)] [ParOldGen: 171409K->167832K(174592K)] 200593K->167832K(232960K) [PSPermGen: 7303K->7303K(21504K)], 0.5356480 secs] [Times: user=1.87 sys=0.00, real=0.54 secs] 
156.322: [Full GC [PSYoungGen: 29184K->0K(58368K)] [ParOldGen: 167832K->165131K(174592K)] 197016K->165131K(232960K) [PSPermGen: 7303K->7303K(21504K)], 0.5885873 secs] [Times: user=2.06 sys=0.00, real=0.59 secs] 
156.962: [Full GC [PSYoungGen: 29184K->0K(58368K)] [ParOldGen: 165131K->165988K(174592K)] 194315K->165988K(232960K) [PSPermGen: 7303K->7303K(21504K)], 0.4882094 secs] [Times: user=1.76 sys=0.00, real=0.49 secs] 
157.479: [Full GC [PSYoungGen: 29184K->0K(58368K)] [ParOldGen: 165988K->165574K(174592K)] 195172K->165574K(232960K) [PSPermGen: 7303K->7303K(21504K)], 0.4527824 secs] [Times: user=1.59 sys=0.00, real=0.45 secs] 
157.957: [Full GC [PSYoungGen: 29184K->0K(58368K)] [ParOldGen: 165574K->162924K(174592K)] 194758K->162924K(232960K) [PSPermGen: 7303K->7303K(21504K)], 0.5873813 secs] [Times: user=2.06 sys=0.00, real=0.59 secs] 
158.569: [Full GC [PSYoungGen: 29184K->0K(58368K)] [ParOldGen: 162924K->163383K(174592K)] 192108K->163383K(232960K) [PSPermGen: 7303K->7303K(21504K)], 0.4583071 secs] [Times: user=1.56 sys=0.00, real=0.46 secs] 
159.079: [Full GC [PSYoungGen: 29184K->0K(58368K)] [ParOldGen: 163383K->164586K(174592K)] 192567K->164586K(232960K) [PSPermGen: 7303K->7303K(21504K)], 0.4409661 secs] [Times: user=1.59 sys=0.00, real=0.44 secs] 
159.543: [Full GC [PSYoungGen: 29184K->0K(58368K)] [ParOldGen: 164586K->164532K(174592K)] 193770K->164532K(232960K) [PSPermGen: 7303K->7303K(21504K)], 0.3855906 secs] [Times: user=1.48 sys=0.00, real=0.39 secs] 
159.956: [Full GC [PSYoungGen: 29184K->0K(58368K)] [ParOldGen: 164532K->162200K(174592K)] 193716K->162200K(232960K) [PSPermGen: 7303K->7303K(21504K)], 0.5677334 secs] [Times: user=2.06 sys=0.00, real=0.57 secs] 
160.550: [Full GC [PSYoungGen: 29184K->0K(58368K)] [ParOldGen: 162200K->162355K(174592K)] 191384K->162355K(232960K) [PSPermGen: 7303K->7303K(21504K)], 0.4888819 secs] [Times: user=1.76 sys=0.00, real=0.49 secs] 
161.085: [Full GC [PSYoungGen: 29184K->0K(58368K)] [ParOldGen: 162355K->165267K(174592K)] 191539K->165267K(232960K) [PSPermGen: 7303K->7303K(21504K)], 0.5156665 secs] [Times: user=1.86 sys=0.00, real=0.52 secs] 
161.629: [Full GC [PSYoungGen: 29184K->0K(58368K)] [ParOldGen: 165267K->163199K(174592K)] 194451K->163199K(232960K) [PSPermGen: 7303K->7303K(21504K)], 0.4439966 secs] [Times: user=1.56 sys=0.00, real=0.44 secs] 
162.121: [Full GC [PSYoungGen: 29184K->0K(58368K)] [ParOldGen: 163199K->168017K(174592K)] 192383K->168017K(232960K) [PSPermGen: 7303K->7303K(21504K)], 0.4211578 secs] [Times: user=1.51 sys=0.00, real=0.42 secs] 
162.567: [Full GC [PSYoungGen: 29184K->0K(58368K)] [ParOldGen: 168017K->167567K(174592K)] 197201K->167567K(232960K) [PSPermGen: 7303K->7303K(21504K)], 0.4655836 secs] [Times: user=1.56 sys=0.00, real=0.47 secs] 
163.069: [Full GC [PSYoungGen: 29184K->0K(58368K)] [ParOldGen: 167567K->162397K(174592K)] 196751K->162397K(232960K) [PSPermGen: 7303K->7303K(21504K)], 0.6047525 secs] [Times: user=2.22 sys=0.00, real=0.61 secs] 
163.700: [Full GC [PSYoungGen: 29184K->0K(58368K)] [ParOldGen: 162397K->161112K(174592K)] 191581K->161112K(232960K) [PSPermGen: 7303K->7303K(21504K)], 0.4764502 secs] [Times: user=1.70 sys=0.00, real=0.48 secs] 
164.228: [Full GC [PSYoungGen: 29184K->0K(58368K)] [ParOldGen: 161112K->164695K(174592K)] 190296K->164695K(232960K) [PSPermGen: 7303K->7303K(21504K)], 0.5788919 secs] [Times: user=2.03 sys=0.00, real=0.58 secs] 
164.829: [Full GC [PSYoungGen: 29184K->0K(58368K)] [ParOldGen: 164695K->165067K(174592K)] 193879K->165067K(232960K) [PSPermGen: 7303K->7303K(21504K)], 0.4622680 secs] [Times: user=1.62 sys=0.00, real=0.46 secs] 
165.319: [Full GC [PSYoungGen: 29184K->0K(58368K)] [ParOldGen: 165067K->164089K(174592K)] 194251K->164089K(232960K) [PSPermGen: 7303K->7303K(21504K)], 0.6016505 secs] [Times: user=1.89 sys=0.00, real=0.60 secs] 
165.968: [Full GC [PSYoungGen: 29184K->0K(58368K)] [ParOldGen: 164089K->166776K(174592K)] 193273K->166776K(232960K) [PSPermGen: 7304K->7304K(21504K)], 0.4203342 secs] [Times: user=1.48 sys=0.00, real=0.42 secs] 
166.413: [Full GC [PSYoungGen: 29184K->0K(58368K)] [ParOldGen: 166776K->165385K(174592K)] 195960K->165385K(232960K) [PSPermGen: 7304K->7304K(21504K)], 0.6088003 secs] [Times: user=2.11 sys=0.00, real=0.61 secs] 
167.069: [Full GC [PSYoungGen: 29184K->0K(58368K)] [ParOldGen: 165385K->165979K(174592K)] 194569K->165979K(232960K) [PSPermGen: 7304K->7304K(21504K)], 0.4639088 secs] [Times: user=1.61 sys=0.00, real=0.46 secs] 
167.558: [Full GC [PSYoungGen: 29184K->0K(58368K)] [ParOldGen: 165979K->165947K(174592K)] 195163K->165947K(232960K) [PSPermGen: 7304K->7304K(21504K)], 0.5587097 secs] [Times: user=2.03 sys=0.00, real=0.56 secs] 
168.141: [Full GC [PSYoungGen: 29184K->0K(58368K)] [ParOldGen: 165947K->164523K(174592K)] 195131K->164523K(232960K) [PSPermGen: 7304K->7304K(21504K)], 0.4633581 secs] [Times: user=1.75 sys=0.00, real=0.46 secs] 
168.635: [Full GC [PSYoungGen: 29184K->0K(58368K)] [ParOldGen: 164523K->169043K(174592K)] 193707K->169043K(232960K) [PSPermGen: 7304K->7304K(21504K)], 0.5883220 secs] [Times: user=2.09 sys=0.00, real=0.59 secs] 
169.267: [Full GC [PSYoungGen: 29184K->0K(58368K)] [ParOldGen: 169043K->173685K(174592K)] 198227K->173685K(232960K) [PSPermGen: 7304K->7304K(21504K)], 0.5377795 secs] [Times: user=1.94 sys=0.00, real=0.54 secs] 
169.830: [Full GC [PSYoungGen: 29184K->0K(58368K)] [ParOldGen: 173685K->174212K(174592K)] 202869K->174212K(232960K) [PSPermGen: 7304K->7304K(21504K)], 0.3363906 secs] [Times: user=1.20 sys=0.00, real=0.34 secs] 
170.194: [Full GC [PSYoungGen: 29184K->0K(58368K)] [ParOldGen: 174212K->168034K(174592K)] 203396K->168034K(232960K) [PSPermGen: 7304K->7304K(21504K)], 0.6382821 secs] [Times: user=2.31 sys=0.00, real=0.64 secs] 
170.882: [Full GC [PSYoungGen: 29184K->0K(58368K)] [ParOldGen: 168034K->170518K(174592K)] 197218K->170518K(232960K) [PSPermGen: 7304K->7304K(21504K)], 0.4697318 secs] [Times: user=1.61 sys=0.00, real=0.47 secs] 
171.377: [Full GC [PSYoungGen: 29184K->0K(58368K)] [ParOldGen: 170518K->166965K(174592K)] 199702K->166965K(232960K) [PSPermGen: 7304K->7304K(21504K)], 0.4640916 secs] [Times: user=1.67 sys=0.00, real=0.47 secs] 
171.866: [Full GC [PSYoungGen: 29184K->0K(58368K)] [ParOldGen: 166965K->164420K(174592K)] 196149K->164420K(232960K) [PSPermGen: 7305K->7305K(21504K)], 0.4926148 secs] [Times: user=1.73 sys=0.00, real=0.49 secs] 
172.389: [Full GC [PSYoungGen: 29184K->0K(58368K)] [ParOldGen: 164420K->165645K(174592K)] 193604K->165645K(232960K) [PSPermGen: 7305K->7305K(21504K)], 0.6065270 secs] [Times: user=2.21 sys=0.00, real=0.61 secs] 
173.044: [Full GC [PSYoungGen: 29184K->0K(58368K)] [ParOldGen: 165645K->167128K(174592K)] 194829K->167128K(232960K) [PSPermGen: 7305K->7305K(21504K)], 0.4208079 secs] [Times: user=1.51 sys=0.00, real=0.42 secs] 
173.490: [Full GC [PSYoungGen: 29184K->0K(58368K)] [ParOldGen: 167128K->164712K(174592K)] 196312K->164712K(232960K) [PSPermGen: 7305K->7305K(21504K)], 0.5746501 secs] [Times: user=2.09 sys=0.00, real=0.57 secs] 
174.089: [Full GC [PSYoungGen: 29184K->0K(58368K)] [ParOldGen: 164712K->162164K(174592K)] 193896K->162164K(232960K) [PSPermGen: 7305K->7305K(21504K)], 0.5036139 secs] [Times: user=1.78 sys=0.00, real=0.50 secs] 
174.623: [Full GC [PSYoungGen: 29184K->0K(58368K)] [ParOldGen: 162164K->166706K(174592K)] 191348K->166706K(232960K) [PSPermGen: 7305K->7305K(21504K)], 0.5790022 secs] [Times: user=2.09 sys=0.00, real=0.58 secs] 
175.253: [Full GC [PSYoungGen: 29184K->0K(58368K)] [ParOldGen: 166706K->167926K(174592K)] 195890K->167926K(232960K) [PSPermGen: 7305K->7305K(21504K)], 0.5145260 secs] [Times: user=1.86 sys=0.00, real=0.51 secs] 
175.793: [Full GC [PSYoungGen: 29080K->0K(58368K)] [ParOldGen: 167926K->171996K(174592K)] 197006K->171996K(232960K) [PSPermGen: 7305K->7305K(21504K)], 0.6335829 secs] [Times: user=2.34 sys=0.00, real=0.63 secs] 
176.450: [Full GC [PSYoungGen: 29184K->0K(58368K)] [ParOldGen: 171996K->169455K(174592K)] 201180K->169455K(232960K) [PSPermGen: 7305K->7305K(21504K)], 0.3947793 secs] [Times: user=1.36 sys=0.00, real=0.40 secs] 
176.893: [Full GC [PSYoungGen: 29184K->0K(58368K)] [ParOldGen: 169455K->168974K(174592K)] 198639K->168974K(232960K) [PSPermGen: 7306K->7306K(21504K)], 0.5627443 secs] [Times: user=1.98 sys=0.00, real=0.56 secs] 
177.480: [Full GC [PSYoungGen: 29184K->0K(58368K)] [ParOldGen: 168974K->169545K(174592K)] 198158K->169545K(232960K) [PSPermGen: 7306K->7306K(21504K)], 0.4127508 secs] [Times: user=1.54 sys=0.00, real=0.41 secs] 
177.921: [Full GC [PSYoungGen: 29184K->0K(58368K)] [ParOldGen: 169545K->164785K(174592K)] 198729K->164785K(232960K) [PSPermGen: 7306K->7306K(21504K)], 0.6171663 secs] [Times: user=2.26 sys=0.00, real=0.62 secs] 
178.565: [Full GC [PSYoungGen: 29184K->0K(58368K)] [ParOldGen: 164785K->164141K(174592K)] 193969K->164141K(232960K) [PSPermGen: 7306K->7306K(21504K)], 0.6106630 secs] [Times: user=2.14 sys=0.00, real=0.61 secs] 
179.217: [Full GC [PSYoungGen: 29184K->0K(58368K)] [ParOldGen: 164141K->165027K(174592K)] 193325K->165027K(232960K) [PSPermGen: 7306K->7306K(21504K)], 0.5864760 secs] [Times: user=2.12 sys=0.00, real=0.59 secs] 
179.829: [Full GC [PSYoungGen: 29184K->0K(58368K)] [ParOldGen: 165027K->164859K(174592K)] 194211K->164859K(232960K) [PSPermGen: 7306K->7306K(21504K)], 0.3507788 secs] [Times: user=1.26 sys=0.00, real=0.35 secs] 
180.208: [Full GC [PSYoungGen: 29184K->0K(58368K)] [ParOldGen: 164859K->162069K(174592K)] 194043K->162069K(232960K) [PSPermGen: 7306K->7306K(21504K)], 0.5920408 secs] [Times: user=2.14 sys=0.00, real=0.59 secs] 
180.851: [Full GC [PSYoungGen: 29184K->0K(58368K)] [ParOldGen: 162069K->165816K(174592K)] 191253K->165816K(232960K) [PSPermGen: 7306K->7306K(21504K)], 0.4986138 secs] [Times: user=1.70 sys=0.00, real=0.50 secs] 
181.374: [Full GC [PSYoungGen: 29184K->0K(58368K)] [ParOldGen: 165816K->168801K(174592K)] 195000K->168801K(232960K) [PSPermGen: 7306K->7306K(21504K)], 0.3831888 secs] [Times: user=1.17 sys=0.00, real=0.38 secs] 
181.783: [Full GC [PSYoungGen: 29184K->0K(58368K)] [ParOldGen: 168801K->166574K(174592K)] 197985K->166574K(232960K) [PSPermGen: 7306K->7306K(21504K)], 0.4142678 secs] [Times: user=1.47 sys=0.00, real=0.41 secs] 
182.225: [Full GC [PSYoungGen: 29184K->0K(58368K)] [ParOldGen: 166574K->164708K(174592K)] 195758K->164708K(232960K) [PSPermGen: 7306K->7306K(21504K)], 0.6158321 secs] [Times: user=2.14 sys=0.00, real=0.62 secs] 
182.879: [Full GC [PSYoungGen: 29184K->0K(58368K)] [ParOldGen: 164708K->164834K(174592K)] 193892K->164834K(232960K) [PSPermGen: 7306K->7306K(21504K)], 0.4417429 secs] [Times: user=1.56 sys=0.00, real=0.44 secs] 
183.346: [Full GC [PSYoungGen: 29184K->0K(58368K)] [ParOldGen: 164834K->164936K(174592K)] 194018K->164936K(232960K) [PSPermGen: 7306K->7306K(21504K)], 0.5927880 secs] [Times: user=2.11 sys=0.00, real=0.59 secs] 
183.978: [Full GC [PSYoungGen: 29184K->0K(58368K)] [ParOldGen: 164936K->163739K(174592K)] 194120K->163739K(232960K) [PSPermGen: 7306K->7306K(21504K)], 0.5329610 secs] [Times: user=1.89 sys=0.00, real=0.53 secs] 
184.537: [Full GC [PSYoungGen: 29183K->0K(58368K)] [ParOldGen: 163739K->163538K(174592K)] 192923K->163538K(232960K) [PSPermGen: 7306K->7306K(21504K)], 0.3777936 secs] [Times: user=1.11 sys=0.00, real=0.38 secs] 
184.938: [Full GC [PSYoungGen: 29184K->0K(58368K)] [ParOldGen: 163538K->161681K(174592K)] 192722K->161681K(232960K) [PSPermGen: 7306K->7306K(21504K)], 0.4909442 secs] [Times: user=1.34 sys=0.01, real=0.49 secs] 
185.458: [Full GC [PSYoungGen: 29184K->0K(58368K)] [ParOldGen: 161681K->159228K(174592K)] 190865K->159228K(232960K) [PSPermGen: 7306K->7306K(21504K)], 0.6491199 secs] [Times: user=2.03 sys=0.00, real=0.65 secs] 
186.159: [Full GC [PSYoungGen: 29184K->0K(58368K)] [ParOldGen: 159228K->160765K(174592K)] 188412K->160765K(232960K) [PSPermGen: 7306K->7306K(21504K)], 0.4284388 secs] [Times: user=1.25 sys=0.00, real=0.43 secs] 
186.615: [Full GC [PSYoungGen: 29184K->0K(58368K)] [ParOldGen: 160765K->160818K(174592K)] 189949K->160818K(232960K) [PSPermGen: 7306K->7306K(21504K)], 0.3398631 secs] [Times: user=1.06 sys=0.00, real=0.34 secs] 
186.979: [Full GC [PSYoungGen: 29184K->0K(58368K)] [ParOldGen: 160818K->160471K(174592K)] 190002K->160471K(232960K) [PSPermGen: 7306K->7306K(21504K)], 0.3137312 secs] [Times: user=1.01 sys=0.00, real=0.31 secs] 
187.319: [Full GC [PSYoungGen: 29184K->0K(58368K)] [ParOldGen: 160471K->161551K(174592K)] 189655K->161551K(232960K) [PSPermGen: 7306K->7306K(21504K)], 0.5861681 secs] [Times: user=2.03 sys=0.00, real=0.59 secs] 
187.954: [Full GC [PSYoungGen: 29184K->0K(58368K)] [ParOldGen: 161551K->164879K(174592K)] 190735K->164879K(232960K) [PSPermGen: 7306K->7306K(21504K)], 0.5630182 secs] [Times: user=1.98 sys=0.00, real=0.56 secs] 
188.541: [Full GC [PSYoungGen: 29184K->0K(58368K)] [ParOldGen: 164879K->165088K(174592K)] 194063K->165088K(232960K) [PSPermGen: 7306K->7306K(21504K)], 0.3173652 secs] [Times: user=1.09 sys=0.00, real=0.32 secs] 
188.885: [Full GC [PSYoungGen: 29184K->0K(58368K)] [ParOldGen: 165088K->164935K(174592K)] 194272K->164935K(232960K) [PSPermGen: 7306K->7306K(21504K)], 0.6286333 secs] [Times: user=2.25 sys=0.00, real=0.63 secs] 
189.542: [Full GC [PSYoungGen: 29184K->0K(58368K)] [ParOldGen: 164935K->166160K(174592K)] 194119K->166160K(232960K) [PSPermGen: 7306K->7306K(21504K)], 0.6023169 secs] [Times: user=2.15 sys=0.00, real=0.60 secs] 
190.194: [Full GC [PSYoungGen: 29184K->0K(58368K)] [ParOldGen: 166160K->167823K(174592K)] 195344K->167823K(232960K) [PSPermGen: 7306K->7306K(21504K)], 0.5061450 secs] [Times: user=1.81 sys=0.00, real=0.51 secs] 
190.726: [Full GC [PSYoungGen: 29184K->0K(58368K)] [ParOldGen: 167823K->169003K(174592K)] 197007K->169003K(232960K) [PSPermGen: 7306K->7306K(21504K)], 0.4526291 secs] [Times: user=1.59 sys=0.00, real=0.45 secs] 
191.206: [Full GC [PSYoungGen: 29184K->0K(58368K)] [ParOldGen: 169003K->167209K(174592K)] 198187K->167209K(232960K) [PSPermGen: 7306K->7306K(21504K)], 0.6086451 secs] [Times: user=2.15 sys=0.00, real=0.61 secs] 
191.855: [Full GC [PSYoungGen: 29184K->0K(58368K)] [ParOldGen: 167209K->169200K(174592K)] 196393K->169200K(232960K) [PSPermGen: 7306K->7306K(21504K)], 0.4433773 secs] [Times: user=1.56 sys=0.00, real=0.44 secs] 
192.325: [Full GC [PSYoungGen: 29184K->0K(58368K)] [ParOldGen: 169200K->170388K(174592K)] 198384K->170388K(232960K) [PSPermGen: 7306K->7306K(21504K)], 0.5364912 secs] [Times: user=1.95 sys=0.00, real=0.54 secs] 
192.884: [Full GC [PSYoungGen: 29184K->0K(58368K)] [ParOldGen: 170388K->168013K(174592K)] 199572K->168013K(232960K) [PSPermGen: 7306K->7306K(21504K)], 0.4466390 secs] [Times: user=1.48 sys=0.00, real=0.45 secs] 
193.359: [Full GC [PSYoungGen: 29184K->0K(58368K)] [ParOldGen: 168013K->165022K(174592K)] 197197K->165022K(232960K) [PSPermGen: 7306K->7306K(21504K)], 0.6304623 secs] [Times: user=2.14 sys=0.00, real=0.63 secs] 
194.038: [Full GC [PSYoungGen: 29184K->0K(58368K)] [ParOldGen: 165022K->169379K(174592K)] 194206K->169379K(232960K) [PSPermGen: 7306K->7306K(21504K)], 0.4414770 secs] [Times: user=1.56 sys=0.00, real=0.44 secs] 
194.506: [Full GC [PSYoungGen: 29184K->0K(58368K)] [ParOldGen: 169379K->171725K(174592K)] 198563K->171725K(232960K) [PSPermGen: 7306K->7306K(21504K)], 0.6064972 secs] [Times: user=2.12 sys=0.00, real=0.61 secs] 
195.136: [Full GC [PSYoungGen: 29184K->0K(58368K)] [ParOldGen: 171725K->170002K(174592K)] 200909K->170002K(232960K) [PSPermGen: 7306K->7306K(21504K)], 0.2807580 secs] [Times: user=1.00 sys=0.00, real=0.28 secs] 
195.446: [Full GC [PSYoungGen: 29184K->0K(58368K)] [ParOldGen: 170002K->171568K(174592K)] 199186K->171568K(232960K) [PSPermGen: 7306K->7306K(21504K)], 0.6144940 secs] [Times: user=2.18 sys=0.00, real=0.62 secs] 
196.101: [Full GC [PSYoungGen: 29184K->0K(58368K)] [ParOldGen: 171568K->172422K(174592K)] 200752K->172422K(232960K) [PSPermGen: 7306K->7306K(21504K)], 0.3923485 secs] [Times: user=1.47 sys=0.00, real=0.39 secs] 
196.518: [Full GC [PSYoungGen: 29184K->0K(58368K)] [ParOldGen: 172422K->172956K(174592K)] 201606K->172956K(232960K) [PSPermGen: 7306K->7306K(21504K)], 0.3936115 secs] [Times: user=1.39 sys=0.02, real=0.39 secs] 
196.940: [Full GC [PSYoungGen: 29184K->0K(58368K)] [ParOldGen: 172956K->169087K(174592K)] 202140K->169087K(232960K) [PSPermGen: 7306K->7306K(21504K)], 0.6383463 secs] [Times: user=2.11 sys=0.00, real=0.64 secs] 
197.602: [Full GC [PSYoungGen: 29184K->0K(58368K)] [ParOldGen: 169087K->168549K(174592K)] 198271K->168549K(232960K) [PSPermGen: 7306K->7306K(21504K)], 0.4135747 secs] [Times: user=1.48 sys=0.00, real=0.41 secs] 
198.056: [Full GC [PSYoungGen: 29184K->0K(58368K)] [ParOldGen: 168549K->168704K(174592K)] 197733K->168704K(232960K) [PSPermGen: 7306K->7306K(21504K)], 0.6463367 secs] [Times: user=2.15 sys=0.00, real=0.65 secs] 
198.727: [Full GC [PSYoungGen: 29184K->0K(58368K)] [ParOldGen: 168704K->170189K(174592K)] 197888K->170189K(232960K) [PSPermGen: 7306K->7306K(21504K)], 0.3218768 secs] [Times: user=1.06 sys=0.00, real=0.32 secs] 
199.076: [Full GC [PSYoungGen: 29184K->0K(58368K)] [ParOldGen: 170189K->166180K(174592K)] 199373K->166180K(232960K) [PSPermGen: 7306K->7306K(21504K)], 0.6252215 secs] [Times: user=2.18 sys=0.00, real=0.63 secs] 
199.724: [Full GC [PSYoungGen: 29184K->0K(58368K)] [ParOldGen: 166180K->166004K(174592K)] 195364K->166004K(232960K) [PSPermGen: 7306K->7306K(21504K)], 0.5244283 secs] [Times: user=1.67 sys=0.00, real=0.52 secs] 
200.296: [Full GC [PSYoungGen: 29184K->0K(58368K)] [ParOldGen: 166004K->165636K(174592K)] 195188K->165636K(232960K) [PSPermGen: 7306K->7306K(21504K)], 0.5725391 secs] [Times: user=1.97 sys=0.00, real=0.57 secs] 
200.892: [Full GC [PSYoungGen: 29184K->0K(58368K)] [ParOldGen: 165636K->164669K(174592K)] 194820K->164669K(232960K) [PSPermGen: 7306K->7306K(21504K)], 0.3348948 secs] [Times: user=1.09 sys=0.00, real=0.34 secs] 
201.251: [Full GC [PSYoungGen: 29184K->0K(58368K)] [ParOldGen: 164669K->164010K(174592K)] 193853K->164010K(232960K) [PSPermGen: 7306K->7306K(21504K)], 0.4296639 secs] [Times: user=1.19 sys=0.00, real=0.43 secs] 
201.708: [Full GC [PSYoungGen: 29184K->0K(58368K)] [ParOldGen: 164010K->165040K(174592K)] 193194K->165040K(232960K) [PSPermGen: 7306K->7306K(21504K)], 0.3724524 secs] [Times: user=1.09 sys=0.00, real=0.37 secs] 
202.121: [Full GC [PSYoungGen: 29184K->0K(58368K)] [ParOldGen: 165040K->166366K(174592K)] 194224K->166366K(232960K) [PSPermGen: 7306K->7306K(21504K)], 0.5952771 secs] [Times: user=1.79 sys=0.00, real=0.60 secs] 
202.741: [Full GC [PSYoungGen: 29184K->0K(58368K)] [ParOldGen: 166366K->166245K(174592K)] 195550K->166245K(232960K) [PSPermGen: 7306K->7306K(21504K)], 0.4642978 secs] [Times: user=1.40 sys=0.00, real=0.46 secs] 
203.235: [Full GC [PSYoungGen: 29184K->0K(58368K)] [ParOldGen: 166245K->164485K(174592K)] 195429K->164485K(232960K) [PSPermGen: 7306K->7306K(21504K)], 0.5687729 secs] [Times: user=1.65 sys=0.02, real=0.57 secs] 
203.852: [Full GC [PSYoungGen: 29184K->0K(58368K)] [ParOldGen: 164485K->166479K(174592K)] 193669K->166479K(232960K) [PSPermGen: 7306K->7306K(21504K)], 0.5757232 secs] [Times: user=1.97 sys=0.00, real=0.58 secs] 
204.455: [Full GC [PSYoungGen: 29119K->0K(58368K)] [ParOldGen: 166479K->168376K(174592K)] 195599K->168376K(232960K) [PSPermGen: 7306K->7306K(21504K)], 0.5191822 secs] [Times: user=1.19 sys=0.00, real=0.52 secs] 
204.996: [Full GC [PSYoungGen: 29184K->0K(58368K)] [ParOldGen: 168376K->166278K(174592K)] 197560K->166278K(232960K) [PSPermGen: 7306K->7306K(21504K)], 0.2639096 secs] [Times: user=0.75 sys=0.00, real=0.26 secs] 
205.289: [Full GC [PSYoungGen: 29184K->0K(58368K)] [ParOldGen: 166278K->166426K(174592K)] 195462K->166426K(232960K) [PSPermGen: 7306K->7306K(21504K)], 0.5009352 secs] [Times: user=1.50 sys=0.00, real=0.50 secs] 
205.837: [Full GC [PSYoungGen: 29184K->0K(58368K)] [ParOldGen: 166426K->171849K(174592K)] 195610K->171849K(232960K) [PSPermGen: 7306K->7306K(21504K)], 0.5660490 secs] [Times: user=1.97 sys=0.00, real=0.57 secs] 
206.426: [Full GC [PSYoungGen: 29184K->0K(58368K)] [ParOldGen: 171849K->171872K(174592K)] 201033K->171872K(232960K) [PSPermGen: 7306K->7306K(21504K)], 0.4921299 secs] [Times: user=1.34 sys=0.00, real=0.49 secs] 
206.940: [Full GC [PSYoungGen: 29184K->0K(58368K)] [ParOldGen: 171872K->170034K(174592K)] 201056K->170034K(232960K) [PSPermGen: 7306K->7306K(21504K)], 0.2159046 secs] [Times: user=0.75 sys=0.00, real=0.22 secs] 
207.181: [Full GC [PSYoungGen: 29184K->0K(58368K)] [ParOldGen: 170034K->169882K(174592K)] 199218K->169882K(232960K) [PSPermGen: 7306K->7306K(21504K)], 0.5753928 secs] [Times: user=2.00 sys=0.00, real=0.58 secs] 
207.806: [Full GC [PSYoungGen: 29184K->0K(58368K)] [ParOldGen: 169882K->167412K(174592K)] 199066K->167412K(232960K) [PSPermGen: 7306K->7306K(21504K)], 0.5633453 secs] [Times: user=2.04 sys=0.00, real=0.57 secs] 
208.395: [Full GC [PSYoungGen: 29184K->0K(58368K)] [ParOldGen: 167412K->167391K(174592K)] 196596K->167391K(232960K) [PSPermGen: 7306K->7306K(21504K)], 0.3408486 secs] [Times: user=1.23 sys=0.00, real=0.34 secs] 
208.762: [Full GC [PSYoungGen: 29184K->0K(58368K)] [ParOldGen: 167391K->163568K(174592K)] 196575K->163568K(232960K) [PSPermGen: 7306K->7306K(21504K)], 0.6031941 secs] [Times: user=2.17 sys=0.00, real=0.60 secs] 
209.391: [Full GC [PSYoungGen: 29184K->0K(58368K)] [ParOldGen: 163568K->166281K(174592K)] 192752K->166281K(232960K) [PSPermGen: 7306K->7306K(21504K)], 0.5586211 secs] [Times: user=1.97 sys=0.00, real=0.56 secs] 
209.998: [Full GC [PSYoungGen: 29184K->0K(58368K)] [ParOldGen: 166281K->166357K(174592K)] 195465K->166357K(232960K) [PSPermGen: 7306K->7306K(21504K)], 0.5856235 secs] [Times: user=2.06 sys=0.00, real=0.59 secs] 
210.608: [Full GC [PSYoungGen: 29184K->0K(58368K)] [ParOldGen: 166357K->165634K(174592K)] 195541K->165634K(232960K) [PSPermGen: 7307K->7307K(21504K)], 0.3309795 secs] [Times: user=1.19 sys=0.00, real=0.33 secs] 
210.966: [Full GC [PSYoungGen: 29184K->0K(58368K)] [ParOldGen: 165634K->165447K(174592K)] 194818K->165447K(232960K) [PSPermGen: 7307K->7307K(21504K)], 0.5662369 secs] [Times: user=2.06 sys=0.00, real=0.57 secs] 
211.561: [Full GC [PSYoungGen: 29184K->0K(58368K)] [ParOldGen: 165447K->164142K(174592K)] 194631K->164142K(232960K) [PSPermGen: 7307K->7307K(21504K)], 0.6003506 secs] [Times: user=2.09 sys=0.00, real=0.60 secs] 
212.201: [Full GC [PSYoungGen: 29184K->0K(58368K)] [ParOldGen: 164142K->166282K(174592K)] 193326K->166282K(232960K) [PSPermGen: 7307K->7307K(21504K)], 0.4183422 secs] [Times: user=1.23 sys=0.00, real=0.42 secs] 
212.642: [Full GC [PSYoungGen: 29184K->0K(58368K)] [ParOldGen: 166282K->166627K(174592K)] 195466K->166627K(232960K) [PSPermGen: 7307K->7307K(21504K)], 0.3089117 secs] [Times: user=1.12 sys=0.00, real=0.31 secs] 
212.978: [Full GC [PSYoungGen: 29184K->0K(58368K)] [ParOldGen: 166627K->164355K(174592K)] 195811K->164355K(232960K) [PSPermGen: 7307K->7307K(21504K)], 0.6371307 secs] [Times: user=2.07 sys=0.00, real=0.64 secs] 
213.641: [Full GC [PSYoungGen: 29184K->0K(58368K)] [ParOldGen: 164355K->164834K(174592K)] 193539K->164834K(232960K) [PSPermGen: 7307K->7307K(21504K)], 0.3766082 secs] [Times: user=1.28 sys=0.00, real=0.38 secs] 
214.062: [Full GC [PSYoungGen: 29184K->0K(58368K)] [ParOldGen: 164834K->167903K(174592K)] 194018K->167903K(232960K) [PSPermGen: 7309K->7309K(21504K)], 0.5797011 secs] [Times: user=1.97 sys=0.00, real=0.58 secs] 
214.667: [Full GC [PSYoungGen: 29184K->0K(58368K)] [ParOldGen: 167903K->168198K(174592K)] 197087K->168198K(232960K) [PSPermGen: 7309K->7309K(21504K)], 0.4537984 secs] [Times: user=1.40 sys=0.00, real=0.45 secs] 
215.145: [Full GC [PSYoungGen: 29184K->0K(58368K)] [ParOldGen: 168198K->165617K(174592K)] 197382K->165617K(232960K) [PSPermGen: 7309K->7309K(21504K)], 0.5220960 secs] [Times: user=1.86 sys=0.00, real=0.52 secs] 
215.692: [Full GC [PSYoungGen: 29184K->0K(58368K)] [ParOldGen: 165617K->166724K(174592K)] 194801K->166724K(232960K) [PSPermGen: 7309K->7309K(21504K)], 0.6162262 secs] [Times: user=1.84 sys=0.00, real=0.62 secs] 
216.366: [Full GC [PSYoungGen: 29184K->0K(58368K)] [ParOldGen: 166724K->168297K(174592K)] 195908K->168297K(232960K) [PSPermGen: 7309K->7309K(21504K)], 0.3948739 secs] [Times: user=1.28 sys=0.02, real=0.39 secs] 
216.786: [Full GC [PSYoungGen: 29184K->0K(58368K)] [ParOldGen: 168297K->168405K(174592K)] 197481K->168405K(232960K) [PSPermGen: 7309K->7309K(21504K)], 0.4556162 secs] [Times: user=1.53 sys=0.00, real=0.46 secs] 
217.268: [Full GC [PSYoungGen: 29184K->0K(58368K)] [ParOldGen: 168405K->165045K(174592K)] 197589K->165045K(232960K) [PSPermGen: 7309K->7309K(21504K)], 0.5223157 secs] [Times: user=1.79 sys=0.00, real=0.52 secs] 
217.854: [Full GC [PSYoungGen: 29184K->0K(58368K)] [ParOldGen: 165045K->166857K(174592K)] 194229K->166857K(232960K) [PSPermGen: 7309K->7309K(21504K)], 0.5627071 secs] [Times: user=1.51 sys=0.00, real=0.56 secs] 
218.442: [Full GC [PSYoungGen: 29184K->0K(58368K)] [ParOldGen: 166857K->163235K(174592K)] 196041K->163235K(232960K) [PSPermGen: 7309K->7309K(21504K)], 0.4931119 secs] [Times: user=1.70 sys=0.00, real=0.49 secs] 
218.974: [Full GC [PSYoungGen: 29184K->0K(58368K)] [ParOldGen: 163235K->161665K(174592K)] 192419K->161665K(232960K) [PSPermGen: 7309K->7309K(21504K)], 0.3751541 secs] [Times: user=1.17 sys=0.00, real=0.38 secs] 
219.379: [Full GC [PSYoungGen: 29184K->0K(58368K)] [ParOldGen: 161665K->167037K(174592K)] 190849K->167037K(232960K) [PSPermGen: 7309K->7309K(21504K)], 0.5817729 secs] [Times: user=2.06 sys=0.00, real=0.58 secs] 
220.000: [Full GC [PSYoungGen: 29184K->0K(58368K)] [ParOldGen: 167037K->169184K(174592K)] 196221K->169184K(232960K) [PSPermGen: 7309K->7309K(21504K)], 0.4320908 secs] [Times: user=1.31 sys=0.00, real=0.43 secs] 
220.458: [Full GC [PSYoungGen: 29184K->0K(58368K)] [ParOldGen: 169184K->168625K(174592K)] 198368K->168625K(232960K) [PSPermGen: 7309K->7309K(21504K)], 0.6084141 secs] [Times: user=2.14 sys=0.00, real=0.61 secs] 
221.102: [Full GC [PSYoungGen: 29184K->0K(58368K)] [ParOldGen: 168625K->167212K(174592K)] 197809K->167212K(232960K) [PSPermGen: 7309K->7309K(21504K)], 0.5095247 secs] [Times: user=1.90 sys=0.00, real=0.51 secs] 
221.642: [Full GC [PSYoungGen: 29184K->0K(58368K)] [ParOldGen: 167212K->169164K(174592K)] 196396K->169164K(232960K) [PSPermGen: 7309K->7309K(21504K)], 0.6816441 secs] [Times: user=2.20 sys=0.00, real=0.68 secs] 
222.372: [Full GC [PSYoungGen: 29184K->0K(58368K)] [ParOldGen: 169164K->168297K(174592K)] 198348K->168297K(232960K) [PSPermGen: 7309K->7309K(21504K)], 0.4361931 secs] [Times: user=1.62 sys=0.00, real=0.44 secs] 
222.834: [Full GC [PSYoungGen: 29184K->0K(58368K)] [ParOldGen: 168297K->168475K(174592K)] 197481K->168475K(232960K) [PSPermGen: 7309K->7309K(21504K)], 0.3516332 secs] [Times: user=1.23 sys=0.00, real=0.35 secs] 
223.212: [Full GC [PSYoungGen: 29184K->0K(58368K)] [ParOldGen: 168475K->167256K(174592K)] 197659K->167256K(232960K) [PSPermGen: 7309K->7309K(21504K)], 0.5933945 secs] [Times: user=2.11 sys=0.00, real=0.59 secs] 
223.845: [Full GC [PSYoungGen: 29184K->0K(58368K)] [ParOldGen: 167256K->169840K(174592K)] 196440K->169840K(232960K) [PSPermGen: 7309K->7309K(21504K)], 0.4996312 secs] [Times: user=1.81 sys=0.00, real=0.50 secs] 
224.367: [Full GC [PSYoungGen: 29184K->0K(58368K)] [ParOldGen: 169840K->169831K(174592K)] 199024K->169831K(232960K) [PSPermGen: 7310K->7310K(21504K)], 0.4822029 secs] [Times: user=1.68 sys=0.00, real=0.48 secs] 
224.873: [Full GC [PSYoungGen: 29184K->0K(58368K)] [ParOldGen: 169831K->165814K(174592K)] 199015K->165814K(232960K) [PSPermGen: 7310K->7310K(21504K)], 0.3984069 secs] [Times: user=1.39 sys=0.00, real=0.40 secs] 
225.299: [Full GC [PSYoungGen: 29184K->0K(58368K)] [ParOldGen: 165814K->163958K(174592K)] 194998K->163958K(232960K) [PSPermGen: 7310K->7310K(21504K)], 0.5622915 secs] [Times: user=2.03 sys=0.00, real=0.56 secs] 
225.908: [Full GC [PSYoungGen: 29184K->0K(58368K)] [ParOldGen: 163958K->165557K(174592K)] 193142K->165557K(232960K) [PSPermGen: 7310K->7310K(21504K)], 0.4778970 secs] [Times: user=1.72 sys=0.00, real=0.48 secs] 
226.408: [Full GC [PSYoungGen: 29183K->0K(58368K)] [ParOldGen: 165557K->167701K(174592K)] 194741K->167701K(232960K) [PSPermGen: 7310K->7310K(21504K)], 0.4090385 secs] [Times: user=1.37 sys=0.01, real=0.41 secs] 
226.844: [Full GC [PSYoungGen: 29184K->0K(58368K)] [ParOldGen: 167701K->162521K(174592K)] 196885K->162521K(232960K) [PSPermGen: 7310K->7310K(21504K)], 0.5947149 secs] [Times: user=2.14 sys=0.00, real=0.59 secs] 
227.463: [Full GC [PSYoungGen: 29184K->0K(58368K)] [ParOldGen: 162521K->160354K(174592K)] 191705K->160354K(232960K) [PSPermGen: 7310K->7310K(21504K)], 0.3736256 secs] [Times: user=1.31 sys=0.02, real=0.37 secs] 
227.881: [Full GC [PSYoungGen: 29184K->0K(58368K)] [ParOldGen: 160354K->163249K(174592K)] 189538K->163249K(232960K) [PSPermGen: 7310K->7310K(21504K)], 0.5803441 secs] [Times: user=1.90 sys=0.00, real=0.58 secs] 
228.486: [Full GC [PSYoungGen: 29184K->0K(58368K)] [ParOldGen: 163249K->163661K(174592K)] 192433K->163661K(232960K) [PSPermGen: 7310K->7310K(21504K)], 0.3702304 secs] [Times: user=1.17 sys=0.00, real=0.37 secs] 
228.880: [Full GC [PSYoungGen: 29184K->0K(58368K)] [ParOldGen: 163661K->161307K(174592K)] 192845K->161307K(232960K) [PSPermGen: 7310K->7310K(21504K)], 0.4893367 secs] [Times: user=1.70 sys=0.01, real=0.49 secs] 
229.399: [Full GC [PSYoungGen: 29184K->0K(58368K)] [ParOldGen: 161307K->159534K(174592K)] 190491K->159534K(232960K) [PSPermGen: 7310K->7310K(21504K)], 0.5660169 secs] [Times: user=1.97 sys=0.00, real=0.57 secs] 
230.027: [Full GC [PSYoungGen: 29183K->0K(58368K)] [ParOldGen: 159534K->161273K(174592K)] 188718K->161273K(232960K) [PSPermGen: 7310K->7310K(21504K)], 0.3802256 secs] [Times: user=1.12 sys=0.00, real=0.38 secs] 
230.433: [Full GC [PSYoungGen: 29184K->0K(58368K)] [ParOldGen: 161273K->161141K(174592K)] 190457K->161141K(232960K) [PSPermGen: 7310K->7310K(21504K)], 0.6201935 secs] [Times: user=1.90 sys=0.02, real=0.62 secs] 
231.083: [Full GC [PSYoungGen: 29184K->0K(58368K)] [ParOldGen: 161141K->159090K(174592K)] 190325K->159090K(232960K) [PSPermGen: 7310K->7310K(21504K)], 0.5308837 secs] [Times: user=1.68 sys=0.00, real=0.53 secs] 
231.640: [Full GC [PSYoungGen: 29184K->0K(58368K)] [ParOldGen: 159090K->163849K(174592K)] 188274K->163849K(232960K) [PSPermGen: 7310K->7310K(21504K)], 0.5947858 secs] [Times: user=2.03 sys=0.00, real=0.59 secs] 
232.278: [Full GC [PSYoungGen: 29184K->0K(58368K)] [ParOldGen: 163849K->166832K(174592K)] 193033K->166832K(232960K) [PSPermGen: 7310K->7310K(21504K)], 0.5485688 secs] [Times: user=2.00 sys=0.00, real=0.55 secs] 
232.850: [Full GC [PSYoungGen: 29184K->0K(58368K)] [ParOldGen: 166832K->167218K(174592K)] 196016K->167218K(232960K) [PSPermGen: 7310K->7310K(21504K)], 0.4602888 secs] [Times: user=1.23 sys=0.00, real=0.46 secs] 
233.338: [Full GC [PSYoungGen: 29184K->0K(58368K)] [ParOldGen: 167218K->166204K(174592K)] 196402K->166204K(232960K) [PSPermGen: 7310K->7310K(21504K)], 0.6021874 secs] [Times: user=2.09 sys=0.00, real=0.60 secs] 
233.985: [Full GC [PSYoungGen: 29184K->0K(58368K)] [ParOldGen: 166204K->168602K(174592K)] 195388K->168602K(232960K) [PSPermGen: 7310K->7310K(21504K)], 0.3635649 secs] [Times: user=1.15 sys=0.00, real=0.36 secs] 
234.372: [Full GC [PSYoungGen: 29184K->0K(58368K)] [ParOldGen: 168602K->169295K(174592K)] 197786K->169295K(232960K) [PSPermGen: 7310K->7310K(21504K)], 0.4672465 secs] [Times: user=1.67 sys=0.00, real=0.47 secs] 
234.866: [Full GC [PSYoungGen: 29184K->0K(58368K)] [ParOldGen: 169295K->168225K(174592K)] 198479K->168225K(232960K) [PSPermGen: 7310K->7310K(21504K)], 0.4916125 secs] [Times: user=1.75 sys=0.00, real=0.49 secs] 
235.385: [Full GC [PSYoungGen: 29184K->0K(58368K)] [ParOldGen: 168225K->168965K(174592K)] 197409K->168965K(232960K) [PSPermGen: 7310K->7310K(21504K)], 0.5249465 secs] [Times: user=1.90 sys=0.00, real=0.53 secs] 
235.964: [Full GC [PSYoungGen: 29184K->0K(58368K)] [ParOldGen: 168965K->171169K(174592K)] 198149K->171169K(232960K) [PSPermGen: 7310K->7310K(21504K)], 0.5174138 secs] [Times: user=1.53 sys=0.00, real=0.52 secs] 
236.504: [Full GC [PSYoungGen: 29184K->0K(58368K)] [ParOldGen: 171169K->171461K(174592K)] 200353K->171461K(232960K) [PSPermGen: 7310K->7310K(21504K)], 0.3997671 secs] [Times: user=1.34 sys=0.00, real=0.40 secs] 
236.951: [Full GC [PSYoungGen: 29184K->0K(58368K)] [ParOldGen: 171461K->169373K(174592K)] 200645K->169373K(232960K) [PSPermGen: 7310K->7310K(21504K)], 0.5125148 secs] [Times: user=1.59 sys=0.00, real=0.51 secs] 
237.490: [Full GC [PSYoungGen: 29184K->0K(58368K)] [ParOldGen: 169373K->168658K(174592K)] 198557K->168658K(232960K) [PSPermGen: 7310K->7310K(21504K)], 0.6106223 secs] [Times: user=2.17 sys=0.00, real=0.61 secs] 
238.128: [Full GC [PSYoungGen: 29184K->0K(58368K)] [ParOldGen: 168658K->168496K(174592K)] 197842K->168496K(232960K) [PSPermGen: 7310K->7310K(21504K)], 0.3879383 secs] [Times: user=1.14 sys=0.00, real=0.39 secs] 
238.563: [Full GC [PSYoungGen: 29184K->0K(58368K)] [ParOldGen: 168496K->169827K(174592K)] 197680K->169827K(232960K) [PSPermGen: 7310K->7310K(21504K)], 0.6742630 secs] [Times: user=2.14 sys=0.00, real=0.67 secs] 
239.271: [Full GC [PSYoungGen: 29184K->0K(58368K)] [ParOldGen: 169827K->167751K(174592K)] 199011K->167751K(232960K) [PSPermGen: 7310K->7310K(21504K)], 0.3682917 secs] [Times: user=1.26 sys=0.00, real=0.37 secs] 
239.668: [Full GC [PSYoungGen: 29184K->0K(58368K)] [ParOldGen: 167751K->168441K(174592K)] 196935K->168441K(232960K) [PSPermGen: 7310K->7310K(21504K)], 0.5915202 secs] [Times: user=2.00 sys=0.00, real=0.59 secs] 
240.284: [Full GC [PSYoungGen: 29184K->0K(58368K)] [ParOldGen: 168441K->169229K(174592K)] 197625K->169229K(232960K) [PSPermGen: 7310K->7310K(21504K)], 0.3790662 secs] [Times: user=1.34 sys=0.00, real=0.38 secs] 
240.715: [Full GC [PSYoungGen: 29184K->0K(58368K)] [ParOldGen: 169229K->168792K(174592K)] 198413K->168792K(232960K) [PSPermGen: 7310K->7310K(21504K)], 0.5725590 secs] [Times: user=1.97 sys=0.00, real=0.57 secs] 
241.313: [Full GC [PSYoungGen: 29184K->0K(58368K)] [ParOldGen: 168792K->168120K(174592K)] 197976K->168120K(232960K) [PSPermGen: 7310K->7310K(21504K)], 0.3427861 secs] [Times: user=1.26 sys=0.00, real=0.34 secs] 
241.693: [Full GC [PSYoungGen: 29184K->0K(58368K)] [ParOldGen: 168120K->169766K(174592K)] 197304K->169766K(232960K) [PSPermGen: 7310K->7310K(21504K)], 0.6372395 secs] [Times: user=2.22 sys=0.00, real=0.64 secs] 
242.391: [Full GC [PSYoungGen: 29184K->0K(58368K)] [ParOldGen: 169766K->171844K(174592K)] 198950K->171844K(232960K) [PSPermGen: 7310K->7310K(21504K)], 0.4994413 secs] [Times: user=1.20 sys=0.00, real=0.50 secs] 
242.916: [Full GC [PSYoungGen: 29184K->0K(58368K)] [ParOldGen: 171844K->169733K(174592K)] 201028K->169733K(232960K) [PSPermGen: 7310K->7310K(21504K)], 0.5137230 secs] [Times: user=1.28 sys=0.00, real=0.51 secs] 
243.455: [Full GC [PSYoungGen: 29184K->0K(58368K)] [ParOldGen: 169733K->169874K(174592K)] 198917K->169874K(232960K) [PSPermGen: 7310K->7310K(21504K)], 0.4391313 secs] [Times: user=1.05 sys=0.00, real=0.44 secs] 
243.942: [Full GC [PSYoungGen: 29184K->0K(58368K)] [ParOldGen: 169874K->172027K(174592K)] 199058K->172027K(232960K) [PSPermGen: 7310K->7310K(21504K)], 0.6118349 secs] [Times: user=1.36 sys=0.00, real=0.61 secs] 
244.575: [Full GC [PSYoungGen: 29183K->0K(58368K)] [ParOldGen: 172027K->172405K(174592K)] 201211K->172405K(232960K) [PSPermGen: 7310K->7310K(21504K)], 0.4941555 secs] [Times: user=1.25 sys=0.00, real=0.49 secs] 
245.093: [Full GC [PSYoungGen: 29184K->0K(58368K)] [ParOldGen: 172405K->170555K(174592K)] 201589K->170555K(232960K) [PSPermGen: 7310K->7310K(21504K)], 0.4376313 secs] [Times: user=1.09 sys=0.00, real=0.44 secs] 
245.562: [Full GC [PSYoungGen: 29184K->0K(58368K)] [ParOldGen: 170555K->170365K(174592K)] 199739K->170365K(232960K) [PSPermGen: 7310K->7310K(21504K)], 0.5149901 secs] [Times: user=1.23 sys=0.00, real=0.52 secs] 
246.121: [Full GC [PSYoungGen: 29184K->0K(58368K)] [ParOldGen: 170365K->171901K(174592K)] 199549K->171901K(232960K) [PSPermGen: 7310K->7310K(21504K)], 0.3529350 secs] [Times: user=1.12 sys=0.00, real=0.35 secs] 
246.497: [Full GC [PSYoungGen: 29184K->0K(58368K)] [ParOldGen: 171901K->171629K(174592K)] 201085K->171629K(232960K) [PSPermGen: 7310K->7310K(21504K)], 0.3913934 secs] [Times: user=1.39 sys=0.01, real=0.39 secs] 
246.914: [Full GC [PSYoungGen: 29184K->0K(58368K)] [ParOldGen: 171629K->168590K(174592K)] 200813K->168590K(232960K) [PSPermGen: 7310K->7310K(21504K)], 0.5468379 secs] [Times: user=2.00 sys=0.00, real=0.55 secs] 
247.485: [Full GC [PSYoungGen: 29184K->0K(58368K)] [ParOldGen: 168590K->166670K(174592K)] 197774K->166670K(232960K) [PSPermGen: 7310K->7310K(21504K)], 0.4197001 secs] [Times: user=1.39 sys=0.00, real=0.42 secs] 
247.946: [Full GC [PSYoungGen: 29184K->0K(58368K)] [ParOldGen: 166670K->169862K(174592K)] 195854K->169862K(232960K) [PSPermGen: 7310K->7310K(21504K)], 0.5960719 secs] [Times: user=2.04 sys=0.00, real=0.60 secs] 
248.566: [Full GC [PSYoungGen: 29184K->0K(58368K)] [ParOldGen: 169862K->169505K(174592K)] 199046K->169505K(232960K) [PSPermGen: 7310K->7310K(21504K)], 0.4324224 secs] [Times: user=1.30 sys=0.00, real=0.43 secs] 
249.023: [Full GC [PSYoungGen: 29184K->0K(58368K)] [ParOldGen: 169505K->168402K(174592K)] 198689K->168402K(232960K) [PSPermGen: 7310K->7310K(21504K)], 0.5066607 secs] [Times: user=1.87 sys=0.00, real=0.51 secs] 
249.557: [Full GC [PSYoungGen: 29184K->0K(58368K)] [ParOldGen: 168402K->168243K(174592K)] 197586K->168243K(232960K) [PSPermGen: 7310K->7310K(21504K)], 0.6476170 secs] [Times: user=2.01 sys=0.00, real=0.65 secs] 
250.246: [Full GC [PSYoungGen: 29184K->0K(58368K)] [ParOldGen: 168243K->170850K(174592K)] 197427K->170850K(232960K) [PSPermGen: 7310K->7310K(21504K)], 0.5010302 secs] [Times: user=1.58 sys=0.00, real=0.50 secs] 
250.771: [Full GC [PSYoungGen: 29184K->0K(58368K)] [ParOldGen: 170850K->171390K(174592K)] 200034K->171390K(232960K) [PSPermGen: 7310K->7310K(21504K)], 0.5512183 secs] [Times: user=1.75 sys=0.00, real=0.55 secs] 
251.350: [Full GC [PSYoungGen: 29184K->0K(58368K)] [ParOldGen: 171390K->169850K(174592K)] 200574K->169850K(232960K) [PSPermGen: 7310K->7310K(21504K)], 0.6795664 secs] [Times: user=2.22 sys=0.00, real=0.68 secs] 
252.093: [Full GC [PSYoungGen: 29184K->0K(58368K)] [ParOldGen: 169850K->171608K(174592K)] 199034K->171608K(232960K) [PSPermGen: 7310K->7310K(21504K)], 0.4066055 secs] [Times: user=1.33 sys=0.00, real=0.41 secs] 
252.523: [Full GC [PSYoungGen: 29184K->0K(58368K)] [ParOldGen: 171608K->170720K(174592K)] 200792K->170720K(232960K) [PSPermGen: 7310K->7310K(21504K)], 0.3446360 secs] [Times: user=1.20 sys=0.00, real=0.35 secs] 
252.891: [Full GC [PSYoungGen: 29184K->0K(58368K)] [ParOldGen: 170720K->169126K(174592K)] 199904K->169126K(232960K) [PSPermGen: 7310K->7310K(21504K)], 0.4331832 secs] [Times: user=1.36 sys=0.00, real=0.43 secs] 
253.354: [Full GC [PSYoungGen: 29184K->0K(58368K)] [ParOldGen: 169126K->162343K(174592K)] 198310K->162343K(232960K) [PSPermGen: 7310K->7310K(21504K)], 0.6238472 secs] [Times: user=1.97 sys=0.00, real=0.62 secs] 
254.029: [Full GC [PSYoungGen: 29184K->0K(58368K)] [ParOldGen: 162343K->164764K(174592K)] 191527K->164764K(232960K) [PSPermGen: 7310K->7310K(21504K)], 0.5238051 secs] [Times: user=1.64 sys=0.01, real=0.52 secs] 
254.576: [Full GC [PSYoungGen: 29184K->0K(58368K)] [ParOldGen: 164764K->164648K(174592K)] 193948K->164648K(232960K) [PSPermGen: 7310K->7310K(21504K)], 0.4668280 secs] [Times: user=1.33 sys=0.00, real=0.47 secs] 
255.066: [Full GC [PSYoungGen: 29184K->0K(58368K)] [ParOldGen: 164648K->164833K(174592K)] 193832K->164833K(232960K) [PSPermGen: 7310K->7310K(21504K)], 0.5419966 secs] [Times: user=1.56 sys=0.00, real=0.54 secs] 
255.636: [Full GC [PSYoungGen: 29184K->0K(58368K)] [ParOldGen: 164833K->166338K(174592K)] 194017K->166338K(232960K) [PSPermGen: 7310K->7310K(21504K)], 0.6332148 secs] [Times: user=2.28 sys=0.00, real=0.63 secs] 
256.314: [Full GC [PSYoungGen: 29184K->0K(58368K)] [ParOldGen: 166338K->168435K(174592K)] 195522K->168435K(232960K) [PSPermGen: 7310K->7310K(21504K)], 0.4309677 secs] [Times: user=1.48 sys=0.00, real=0.43 secs] 
256.770: [Full GC [PSYoungGen: 29184K->0K(58368K)] [ParOldGen: 168435K->166417K(174592K)] 197619K->166417K(232960K) [PSPermGen: 7310K->7310K(21504K)], 0.5450518 secs] [Times: user=1.98 sys=0.00, real=0.54 secs] 
257.340: [Full GC [PSYoungGen: 29184K->0K(58368K)] [ParOldGen: 166417K->163760K(174592K)] 195601K->163760K(232960K) [PSPermGen: 7310K->7310K(21504K)], 0.4583792 secs] [Times: user=1.56 sys=0.00, real=0.46 secs] 
257.840: [Full GC [PSYoungGen: 29184K->0K(58368K)] [ParOldGen: 163760K->168228K(174592K)] 192944K->168228K(232960K) [PSPermGen: 7310K->7310K(21504K)], 0.5417349 secs] [Times: user=1.97 sys=0.00, real=0.54 secs] 
258.406: [Full GC [PSYoungGen: 29184K->0K(58368K)] [ParOldGen: 168228K->165840K(174592K)] 197412K->165840K(232960K) [PSPermGen: 7310K->7310K(21504K)], 0.4450527 secs] [Times: user=1.39 sys=0.01, real=0.44 secs] 
258.895: [Full GC [PSYoungGen: 29184K->0K(58368K)] [ParOldGen: 165840K->162435K(174592K)] 195024K->162435K(232960K) [PSPermGen: 7310K->7310K(21504K)], 0.5294629 secs] [Times: user=1.53 sys=0.00, real=0.53 secs] 
259.449: [Full GC [PSYoungGen: 29184K->0K(58368K)] [ParOldGen: 162435K->160426K(174592K)] 191619K->160426K(232960K) [PSPermGen: 7311K->7311K(21504K)], 0.4042835 secs] [Times: user=1.12 sys=0.00, real=0.40 secs] 
259.895: [Full GC [PSYoungGen: 29184K->0K(58368K)] [ParOldGen: 160426K->162223K(174592K)] 189610K->162223K(232960K) [PSPermGen: 7311K->7311K(21504K)], 0.5950626 secs] [Times: user=2.07 sys=0.00, real=0.60 secs] 
260.516: [Full GC [PSYoungGen: 29184K->0K(58368K)] [ParOldGen: 162223K->162654K(174592K)] 191407K->162654K(232960K) [PSPermGen: 7311K->7311K(21504K)], 0.4426242 secs] [Times: user=1.26 sys=0.02, real=0.44 secs] 
261.010: [Full GC [PSYoungGen: 29184K->0K(58368K)] [ParOldGen: 162654K->166216K(174592K)] 191838K->166216K(232960K) [PSPermGen: 7311K->7311K(21504K)], 0.6603409 secs] [Times: user=1.98 sys=0.00, real=0.66 secs] 
261.694: [Full GC [PSYoungGen: 29184K->0K(58368K)] [ParOldGen: 166216K->166601K(174592K)] 195400K->166601K(232960K) [PSPermGen: 7311K->7311K(21504K)], 0.3907395 secs] [Times: user=1.22 sys=0.00, real=0.39 secs] 
262.113: [Full GC [PSYoungGen: 29184K->0K(58368K)] [ParOldGen: 166601K->164319K(174592K)] 195785K->164319K(232960K) [PSPermGen: 7311K->7311K(21504K)], 0.5477571 secs] [Times: user=1.51 sys=0.00, real=0.55 secs] 
262.687: [Full GC [PSYoungGen: 29184K->0K(58368K)] [ParOldGen: 164319K->165121K(174592K)] 193503K->165121K(232960K) [PSPermGen: 7311K->7311K(21504K)], 0.4494312 secs] [Times: user=1.55 sys=0.00, real=0.45 secs] 
263.177: [Full GC [PSYoungGen: 29184K->0K(58368K)] [ParOldGen: 165121K->167806K(174592K)] 194305K->167806K(232960K) [PSPermGen: 7311K->7311K(21504K)], 0.6011797 secs] [Times: user=2.09 sys=0.00, real=0.60 secs] 
263.802: [Full GC [PSYoungGen: 29184K->0K(58368K)] [ParOldGen: 167806K->167523K(174592K)] 196990K->167523K(232960K) [PSPermGen: 7312K->7312K(21504K)], 0.4124541 secs] [Times: user=1.36 sys=0.00, real=0.41 secs] 
264.241: [Full GC [PSYoungGen: 29184K->0K(58368K)] [ParOldGen: 167523K->162904K(174592K)] 196707K->162904K(232960K) [PSPermGen: 7312K->7312K(21504K)], 0.6204408 secs] [Times: user=2.04 sys=0.00, real=0.62 secs] 
264.910: [Full GC [PSYoungGen: 29184K->0K(58368K)] [ParOldGen: 162904K->164400K(174592K)] 192088K->164400K(232960K) [PSPermGen: 7312K->7312K(21504K)], 0.4300655 secs] [Times: user=1.37 sys=0.00, real=0.43 secs] 
265.368: [Full GC [PSYoungGen: 29184K->0K(58368K)] [ParOldGen: 164400K->165175K(174592K)] 193584K->165175K(232960K) [PSPermGen: 7312K->7312K(21504K)], 0.4265703 secs] [Times: user=1.33 sys=0.00, real=0.43 secs] 
265.820: [Full GC [PSYoungGen: 29184K->0K(58368K)] [ParOldGen: 165175K->164007K(174592K)] 194359K->164007K(232960K) [PSPermGen: 7312K->7312K(21504K)], 0.4548619 secs] [Times: user=1.61 sys=0.00, real=0.45 secs] 
266.301: [Full GC [PSYoungGen: 29184K->0K(58368K)] [ParOldGen: 164007K->164328K(174592K)] 193191K->164328K(232960K) [PSPermGen: 7312K->7312K(21504K)], 0.4484036 secs] [Times: user=1.58 sys=0.00, real=0.45 secs] 
266.791: [Full GC [PSYoungGen: 29184K->0K(58368K)] [ParOldGen: 164328K->165885K(174592K)] 193512K->165885K(232960K) [PSPermGen: 7312K->7312K(21504K)], 0.5874647 secs] [Times: user=2.07 sys=0.00, real=0.59 secs] 
267.402: [Full GC [PSYoungGen: 29184K->0K(58368K)] [ParOldGen: 165885K->165420K(174592K)] 195069K->165420K(232960K) [PSPermGen: 7312K->7312K(21504K)], 0.4155324 secs] [Times: user=1.50 sys=0.00, real=0.41 secs] 
267.842: [Full GC [PSYoungGen: 29184K->0K(58368K)] [ParOldGen: 165420K->164590K(174592K)] 194604K->164590K(232960K) [PSPermGen: 7312K->7312K(21504K)], 0.6263514 secs] [Times: user=2.26 sys=0.00, real=0.63 secs] 
268.494: [Full GC [PSYoungGen: 29184K->0K(58368K)] [ParOldGen: 164590K->164598K(174592K)] 193774K->164598K(232960K) [PSPermGen: 7312K->7312K(21504K)], 0.6258571 secs] [Times: user=1.79 sys=0.00, real=0.63 secs] 
269.175: [Full GC [PSYoungGen: 29184K->0K(58368K)] [ParOldGen: 164598K->169166K(174592K)] 193782K->169166K(232960K) [PSPermGen: 7312K->7312K(21504K)], 0.4880054 secs] [Times: user=1.70 sys=0.00, real=0.49 secs] 
269.689: [Full GC [PSYoungGen: 29184K->0K(58368K)] [ParOldGen: 169166K->168606K(174592K)] 198350K->168606K(232960K) [PSPermGen: 7312K->7312K(21504K)], 0.5840289 secs] [Times: user=2.03 sys=0.00, real=0.58 secs] 
270.299: [Full GC [PSYoungGen: 29184K->0K(58368K)] [ParOldGen: 168606K->167264K(174592K)] 197790K->167264K(232960K) [PSPermGen: 7312K->7312K(21504K)], 0.4128566 secs] [Times: user=1.51 sys=0.00, real=0.41 secs] 
270.742: [Full GC [PSYoungGen: 29184K->0K(58368K)] [ParOldGen: 167264K->166528K(174592K)] 196448K->166528K(232960K) [PSPermGen: 7312K->7312K(21504K)], 0.6180717 secs] [Times: user=2.15 sys=0.00, real=0.62 secs] 
271.408: [Full GC [PSYoungGen: 29184K->0K(58368K)] [ParOldGen: 166528K->169575K(174592K)] 195712K->169575K(232960K) [PSPermGen: 7312K->7312K(21504K)], 0.4149131 secs] [Times: user=1.51 sys=0.00, real=0.41 secs] 
271.849: [Full GC [PSYoungGen: 29106K->0K(58368K)] [ParOldGen: 169575K->170257K(174592K)] 198682K->170257K(232960K) [PSPermGen: 7312K->7312K(21504K)], 0.6030139 secs] [Times: user=2.03 sys=0.00, real=0.60 secs] 
272.478: [Full GC [PSYoungGen: 29184K->0K(58368K)] [ParOldGen: 170257K->168740K(174592K)] 199441K->168740K(232960K) [PSPermGen: 7312K->7312K(21504K)], 0.5928028 secs] [Times: user=1.72 sys=0.00, real=0.59 secs] 
273.122: [Full GC [PSYoungGen: 29184K->0K(58368K)] [ParOldGen: 168740K->167283K(174592K)] 197924K->167283K(232960K) [PSPermGen: 7312K->7312K(21504K)], 0.6212622 secs] [Times: user=2.25 sys=0.00, real=0.62 secs] 
273.777: [Full GC [PSYoungGen: 29184K->0K(58368K)] [ParOldGen: 167283K->168222K(174592K)] 196467K->168222K(232960K) [PSPermGen: 7313K->7313K(21504K)], 0.4999743 secs] [Times: user=1.58 sys=0.00, real=0.50 secs] 
274.303: [Full GC [PSYoungGen: 29184K->0K(58368K)] [ParOldGen: 168222K->166989K(174592K)] 197406K->166989K(232960K) [PSPermGen: 7313K->7313K(21504K)], 0.6321227 secs] [Times: user=2.01 sys=0.00, real=0.63 secs] 
274.979: [Full GC [PSYoungGen: 29184K->0K(58368K)] [ParOldGen: 166989K->169923K(174592K)] 196173K->169923K(232960K) [PSPermGen: 7313K->7313K(21504K)], 0.5698919 secs] [Times: user=2.07 sys=0.00, real=0.57 secs] 
275.572: [Full GC [PSYoungGen: 29184K->0K(58368K)] [ParOldGen: 169923K->169447K(174592K)] 199107K->169447K(232960K) [PSPermGen: 7313K->7313K(21504K)], 0.3915458 secs] [Times: user=1.36 sys=0.00, real=0.39 secs] 
275.990: [Full GC [PSYoungGen: 29184K->0K(58368K)] [ParOldGen: 169447K->166563K(174592K)] 198631K->166563K(232960K) [PSPermGen: 7313K->7313K(21504K)], 0.6000652 secs] [Times: user=2.03 sys=0.00, real=0.60 secs] 
276.616: [Full GC [PSYoungGen: 29184K->0K(58368K)] [ParOldGen: 166563K->166630K(174592K)] 195747K->166630K(232960K) [PSPermGen: 7313K->7313K(21504K)], 0.3996539 secs] [Times: user=1.40 sys=0.00, real=0.40 secs] 
277.064: [Full GC [PSYoungGen: 29184K->0K(58368K)] [ParOldGen: 166630K->168115K(174592K)] 195814K->168115K(232960K) [PSPermGen: 7313K->7313K(21504K)], 0.3418596 secs] [Times: user=1.23 sys=0.00, real=0.34 secs] 
277.432: [Full GC [PSYoungGen: 29184K->0K(58368K)] [ParOldGen: 168115K->167257K(174592K)] 197299K->167257K(232960K) [PSPermGen: 7313K->7313K(21504K)], 0.6187076 secs] [Times: user=2.11 sys=0.00, real=0.62 secs] 
278.074: [Full GC [PSYoungGen: 29184K->0K(58368K)] [ParOldGen: 167257K->165649K(174592K)] 196441K->165649K(232960K) [PSPermGen: 7313K->7313K(21504K)], 0.5629983 secs] [Times: user=1.62 sys=0.00, real=0.56 secs] 
278.663: [Full GC [PSYoungGen: 29184K->0K(58368K)] [ParOldGen: 165649K->165172K(174592K)] 194833K->165172K(232960K) [PSPermGen: 7313K->7313K(21504K)], 0.6545471 secs] [Times: user=2.08 sys=0.00, real=0.65 secs] 
279.362: [Full GC [PSYoungGen: 29184K->0K(58368K)] [ParOldGen: 165172K->166445K(174592K)] 194356K->166445K(232960K) [PSPermGen: 7313K->7313K(21504K)], 0.4854964 secs] [Times: user=1.65 sys=0.00, real=0.49 secs] 
279.872: [Full GC [PSYoungGen: 29184K->0K(58368K)] [ParOldGen: 166445K->167000K(174592K)] 195629K->167000K(232960K) [PSPermGen: 7313K->7313K(21504K)], 0.4183810 secs] [Times: user=1.26 sys=0.00, real=0.42 secs] 
280.328: [Full GC [PSYoungGen: 29184K->0K(58368K)] [ParOldGen: 167000K->165427K(174592K)] 196184K->165427K(232960K) [PSPermGen: 7313K->7313K(21504K)], 0.6339906 secs] [Times: user=2.09 sys=0.00, real=0.63 secs] 
281.003: [Full GC [PSYoungGen: 29184K->0K(58368K)] [ParOldGen: 165427K->165883K(174592K)] 194611K->165883K(232960K) [PSPermGen: 7313K->7313K(21504K)], 0.3930669 secs] [Times: user=1.42 sys=0.00, real=0.39 secs] 
281.431: [Full GC [PSYoungGen: 29184K->0K(58368K)] [ParOldGen: 165883K->166694K(174592K)] 195067K->166694K(232960K) [PSPermGen: 7313K->7313K(21504K)], 0.5164840 secs] [Times: user=1.70 sys=0.02, real=0.52 secs] 
281.973: [Full GC [PSYoungGen: 29184K->0K(58368K)] [ParOldGen: 166694K->162944K(174592K)] 195878K->162944K(232960K) [PSPermGen: 7313K->7313K(21504K)], 0.4782488 secs] [Times: user=1.58 sys=0.00, real=0.48 secs] 
282.481: [Full GC [PSYoungGen: 29184K->0K(58368K)] [ParOldGen: 162944K->165777K(174592K)] 192128K->165777K(232960K) [PSPermGen: 7313K->7313K(21504K)], 0.5781151 secs] [Times: user=2.07 sys=0.00, real=0.58 secs] 
283.110: [Full GC [PSYoungGen: 29184K->0K(58368K)] [ParOldGen: 165777K->165554K(174592K)] 194961K->165554K(232960K) [PSPermGen: 7313K->7313K(21504K)], 0.5736311 secs] [Times: user=1.39 sys=0.00, real=0.57 secs] 
283.706: [Full GC [PSYoungGen: 29184K->0K(58368K)] [ParOldGen: 165554K->164055K(174592K)] 194738K->164055K(232960K) [PSPermGen: 7313K->7313K(21504K)], 0.4110907 secs] [Times: user=1.20 sys=0.00, real=0.41 secs] 
284.145: [Full GC [PSYoungGen: 29184K->0K(58368K)] [ParOldGen: 164055K->164279K(174592K)] 193239K->164279K(232960K) [PSPermGen: 7313K->7313K(21504K)], 0.4320562 secs] [Times: user=1.31 sys=0.00, real=0.43 secs] 
284.602: [Full GC [PSYoungGen: 29184K->0K(58368K)] [ParOldGen: 164279K->160846K(174592K)] 193463K->160846K(232960K) [PSPermGen: 7313K->7313K(21504K)], 0.4192069 secs] [Times: user=1.56 sys=0.00, real=0.42 secs] 
285.067: [Full GC [PSYoungGen: 29184K->0K(58368K)] [ParOldGen: 160846K->162822K(174592K)] 190030K->162822K(232960K) [PSPermGen: 7313K->7313K(21504K)], 0.5081399 secs] [Times: user=1.67 sys=0.00, real=0.51 secs] 
285.601: [Full GC [PSYoungGen: 29184K->0K(58368K)] [ParOldGen: 162822K->161949K(174592K)] 192006K->161949K(232960K) [PSPermGen: 7313K->7313K(21504K)], 0.4842389 secs] [Times: user=1.75 sys=0.00, real=0.48 secs] 
286.110: [Full GC [PSYoungGen: 29184K->0K(58368K)] [ParOldGen: 161949K->160651K(174592K)] 191133K->160651K(232960K) [PSPermGen: 7313K->7313K(21504K)], 0.5018159 secs] [Times: user=1.76 sys=0.00, real=0.50 secs] 
286.636: [Full GC [PSYoungGen: 29184K->0K(58368K)] [ParOldGen: 160651K->158525K(174592K)] 189835K->158525K(232960K) [PSPermGen: 7313K->7313K(21504K)], 0.4025545 secs] [Times: user=1.50 sys=0.00, real=0.40 secs] 
287.087: [Full GC [PSYoungGen: 29184K->0K(58368K)] [ParOldGen: 158525K->160814K(174592K)] 187709K->160814K(232960K) [PSPermGen: 7313K->7313K(21504K)], 0.5569293 secs] [Times: user=2.00 sys=0.00, real=0.56 secs] 
287.667: [Full GC [PSYoungGen: 29184K->0K(58368K)] [ParOldGen: 160814K->160813K(174592K)] 189998K->160813K(232960K) [PSPermGen: 7313K->7313K(21504K)], 0.4472711 secs] [Times: user=1.62 sys=0.00, real=0.45 secs] 
288.141: [Full GC [PSYoungGen: 29184K->0K(58368K)] [ParOldGen: 160813K->159217K(174592K)] 189997K->159217K(232960K) [PSPermGen: 7313K->7313K(21504K)], 0.5827489 secs] [Times: user=2.03 sys=0.00, real=0.58 secs] 
288.750: [Full GC [PSYoungGen: 29184K->0K(58368K)] [ParOldGen: 159217K->160900K(174592K)] 188401K->160900K(232960K) [PSPermGen: 7313K->7313K(21504K)], 0.5165786 secs] [Times: user=1.84 sys=0.00, real=0.52 secs] 
289.312: [Full GC [PSYoungGen: 29184K->0K(58368K)] [ParOldGen: 160900K->162709K(174592K)] 190084K->162709K(232960K) [PSPermGen: 7313K->7313K(21504K)], 0.3578253 secs] [Times: user=1.31 sys=0.00, real=0.36 secs] 
289.696: [Full GC [PSYoungGen: 29184K->0K(58368K)] [ParOldGen: 162709K->159683K(174592K)] 191893K->159683K(232960K) [PSPermGen: 7313K->7313K(21504K)], 0.5509838 secs] [Times: user=1.89 sys=0.00, real=0.55 secs] 
290.290: [Full GC [PSYoungGen: 29184K->0K(58368K)] [ParOldGen: 159683K->162401K(174592K)] 188867K->162401K(232960K) [PSPermGen: 7313K->7313K(21504K)], 0.3176924 secs] [Times: user=0.97 sys=0.00, real=0.32 secs] 
290.632: [Full GC [PSYoungGen: 29184K->0K(58368K)] [ParOldGen: 162401K->161423K(174592K)] 191585K->161423K(232960K) [PSPermGen: 7313K->7313K(21504K)], 0.2814427 secs] [Times: user=0.97 sys=0.00, real=0.28 secs] 
290.958: [Full GC [PSYoungGen: 29184K->0K(58368K)] [ParOldGen: 161423K->160865K(174592K)] 190607K->160865K(232960K) [PSPermGen: 7313K->7313K(21504K)], 0.6102022 secs] [Times: user=2.11 sys=0.00, real=0.61 secs] 
291.592: [Full GC [PSYoungGen: 29184K->0K(58368K)] [ParOldGen: 160865K->161590K(174592K)] 190049K->161590K(232960K) [PSPermGen: 7313K->7313K(21504K)], 0.3631213 secs] [Times: user=1.26 sys=0.00, real=0.36 secs] 
291.984: [Full GC [PSYoungGen: 29184K->0K(58368K)] [ParOldGen: 161590K->158586K(174592K)] 190774K->158586K(232960K) [PSPermGen: 7313K->7313K(21504K)], 0.5641359 secs] [Times: user=1.92 sys=0.00, real=0.56 secs] 
292.575: [Full GC [PSYoungGen: 29184K->0K(58368K)] [ParOldGen: 158586K->161648K(174592K)] 187770K->161648K(232960K) [PSPermGen: 7313K->7313K(21504K)], 0.4863736 secs] [Times: user=1.70 sys=0.00, real=0.49 secs] 
293.111: [Full GC [PSYoungGen: 29184K->0K(58368K)] [ParOldGen: 161648K->161670K(174592K)] 190832K->161670K(232960K) [PSPermGen: 7313K->7313K(21504K)], 0.5588540 secs] [Times: user=2.00 sys=0.00, real=0.56 secs] 
293.693: [Full GC [PSYoungGen: 29184K->0K(58368K)] [ParOldGen: 161670K->162737K(174592K)] 190854K->162737K(232960K) [PSPermGen: 7313K->7313K(21504K)], 0.2433242 secs] [Times: user=0.86 sys=0.00, real=0.24 secs] 
293.963: [Full GC [PSYoungGen: 29184K->0K(58368K)] [ParOldGen: 162737K->165170K(174592K)] 191921K->165170K(232960K) [PSPermGen: 7313K->7313K(21504K)], 0.6070373 secs] [Times: user=2.14 sys=0.00, real=0.61 secs] 
294.601: [Full GC [PSYoungGen: 29184K->0K(58368K)] [ParOldGen: 165170K->164533K(174592K)] 194354K->164533K(232960K) [PSPermGen: 7313K->7313K(21504K)], 0.5978169 secs] [Times: user=2.11 sys=0.00, real=0.60 secs] 
295.241: [Full GC [PSYoungGen: 29184K->0K(58368K)] [ParOldGen: 164533K->167707K(174592K)] 193717K->167707K(232960K) [PSPermGen: 7313K->7313K(21504K)], 0.4848903 secs] [Times: user=1.75 sys=0.00, real=0.49 secs] 
295.750: [Full GC [PSYoungGen: 29184K->0K(58368K)] [ParOldGen: 167707K->167906K(174592K)] 196891K->167906K(232960K) [PSPermGen: 7313K->7313K(21504K)], 0.4121203 secs] [Times: user=1.45 sys=0.00, real=0.41 secs] 
296.189: [Full GC [PSYoungGen: 29184K->0K(58368K)] [ParOldGen: 167906K->165843K(174592K)] 197090K->165843K(232960K) [PSPermGen: 7313K->7313K(21504K)], 0.6006412 secs] [Times: user=2.17 sys=0.00, real=0.60 secs] 
296.839: [Full GC [PSYoungGen: 29184K->0K(58368K)] [ParOldGen: 165843K->167188K(174592K)] 195027K->167188K(232960K) [PSPermGen: 7313K->7313K(21504K)], 0.3353278 secs] [Times: user=1.20 sys=0.00, real=0.34 secs] 
297.200: [Full GC [PSYoungGen: 29184K->0K(58368K)] [ParOldGen: 167188K->166417K(174592K)] 196372K->166417K(232960K) [PSPermGen: 7313K->7313K(21504K)], 0.5848756 secs] [Times: user=2.09 sys=0.00, real=0.59 secs] 
297.809: [Full GC [PSYoungGen: 29184K->0K(58368K)] [ParOldGen: 166417K->163730K(174592K)] 195601K->163730K(232960K) [PSPermGen: 7313K->7313K(21504K)], 0.4333869 secs] [Times: user=1.50 sys=0.00, real=0.43 secs] 
298.281: [Full GC [PSYoungGen: 29184K->0K(58368K)] [ParOldGen: 163730K->166638K(174592K)] 192914K->166638K(232960K) [PSPermGen: 7313K->7313K(21504K)], 0.6120533 secs] [Times: user=2.15 sys=0.00, real=0.61 secs] 
298.944: [Full GC [PSYoungGen: 29184K->0K(58368K)] [ParOldGen: 166638K->169171K(174592K)] 195822K->169171K(232960K) [PSPermGen: 7313K->7313K(21504K)], 0.4456104 secs] [Times: user=1.64 sys=0.00, real=0.44 secs] 
299.415: [Full GC [PSYoungGen: 29184K->0K(58368K)] [ParOldGen: 169171K->170347K(174592K)] 198355K->170347K(232960K) [PSPermGen: 7313K->7313K(21504K)], 0.6282593 secs] [Times: user=2.18 sys=0.00, real=0.63 secs] 
300.067: [Full GC [PSYoungGen: 29184K->0K(58368K)] [ParOldGen: 170347K->168624K(174592K)] 199531K->168624K(232960K) [PSPermGen: 7313K->7313K(21504K)], 0.5229324 secs] [Times: user=1.89 sys=0.00, real=0.52 secs] 
300.620: [Full GC [PSYoungGen: 29184K->0K(58368K)] [ParOldGen: 168624K->169924K(174592K)] 197808K->169924K(232960K) [PSPermGen: 7313K->7313K(21504K)], 0.6216188 secs] [Times: user=2.18 sys=0.00, real=0.62 secs] 
301.284: [Full GC [PSYoungGen: 29184K->0K(58368K)] [ParOldGen: 169924K->171686K(174592K)] 199108K->171686K(232960K) [PSPermGen: 7313K->7313K(21504K)], 0.4287791 secs] [Times: user=1.54 sys=0.00, real=0.43 secs] 
301.739: [Full GC [PSYoungGen: 29184K->0K(58368K)] [ParOldGen: 171686K->171912K(174592K)] 200870K->171912K(232960K) [PSPermGen: 7313K->7313K(21504K)], 0.5360470 secs] [Times: user=1.98 sys=0.00, real=0.54 secs] 
302.298: [Full GC [PSYoungGen: 29184K->0K(58368K)] [ParOldGen: 171912K->170040K(174592K)] 201096K->170040K(232960K) [PSPermGen: 7313K->7313K(21504K)], 0.5773688 secs] [Times: user=2.06 sys=0.00, real=0.58 secs] 
302.919: [Full GC [PSYoungGen: 29184K->0K(58368K)] [ParOldGen: 170040K->168179K(174592K)] 199224K->168179K(232960K) [PSPermGen: 7313K->7313K(21504K)], 0.6442914 secs] [Times: user=2.33 sys=0.00, real=0.64 secs] 
303.588: [Full GC [PSYoungGen: 29184K->0K(58368K)] [ParOldGen: 168179K->166098K(174592K)] 197363K->166098K(232960K) [PSPermGen: 7313K->7313K(21504K)], 0.3591319 secs] [Times: user=1.26 sys=0.00, real=0.36 secs] 
303.991: [Full GC [PSYoungGen: 29184K->0K(58368K)] [ParOldGen: 166098K->167277K(174592K)] 195282K->167277K(232960K) [PSPermGen: 7313K->7313K(21504K)], 0.5974160 secs] [Times: user=2.18 sys=0.00, real=0.60 secs] 
304.614: [Full GC [PSYoungGen: 29184K->0K(58368K)] [ParOldGen: 167277K->167869K(174592K)] 196461K->167869K(232960K) [PSPermGen: 7313K->7313K(21504K)], 0.4092758 secs] [Times: user=1.47 sys=0.00, real=0.41 secs] 
305.052: [Full GC [PSYoungGen: 29184K->0K(58368K)] [ParOldGen: 167869K->167679K(174592K)] 197053K->167679K(232960K) [PSPermGen: 7313K->7313K(21504K)], 0.6110072 secs] [Times: user=2.18 sys=0.00, real=0.61 secs] 
305.691: [Full GC [PSYoungGen: 29184K->0K(58368K)] [ParOldGen: 167679K->169606K(174592K)] 196863K->169606K(232960K) [PSPermGen: 7313K->7313K(21504K)], 0.6191175 secs] [Times: user=2.06 sys=0.00, real=0.62 secs] 
306.360: [Full GC [PSYoungGen: 29184K->0K(58368K)] [ParOldGen: 169606K->170319K(174592K)] 198790K->170319K(232960K) [PSPermGen: 7313K->7313K(21504K)], 0.4558199 secs] [Times: user=1.62 sys=0.00, real=0.46 secs] 
306.841: [Full GC [PSYoungGen: 29184K->0K(58368K)] [ParOldGen: 170319K->171592K(174592K)] 199503K->171592K(232960K) [PSPermGen: 7313K->7313K(21504K)], 0.3873491 secs] [Times: user=1.34 sys=0.00, real=0.39 secs] 
307.256: [Full GC [PSYoungGen: 29184K->0K(58368K)] [ParOldGen: 171592K->167110K(174592K)] 200776K->167110K(232960K) [PSPermGen: 7313K->7313K(21504K)], 0.6253581 secs] [Times: user=2.09 sys=0.00, real=0.63 secs] 
307.924: [Full GC [PSYoungGen: 29184K->0K(58368K)] [ParOldGen: 167110K->165729K(174592K)] 196294K->165729K(232960K) [PSPermGen: 7313K->7313K(21504K)], 0.4684040 secs] [Times: user=1.65 sys=0.00, real=0.47 secs] 
308.416: [Full GC [PSYoungGen: 29184K->0K(58368K)] [ParOldGen: 165729K->166586K(174592K)] 194913K->166586K(232960K) [PSPermGen: 7313K->7313K(21504K)], 0.4184869 secs] [Times: user=1.50 sys=0.00, real=0.42 secs] 
308.860: [Full GC [PSYoungGen: 29184K->0K(58368K)] [ParOldGen: 166586K->165291K(174592K)] 195770K->165291K(232960K) [PSPermGen: 7313K->7313K(21504K)], 0.5021309 secs] [Times: user=1.67 sys=0.02, real=0.50 secs] 
309.391: [Full GC [PSYoungGen: 29184K->0K(58368K)] [ParOldGen: 165291K->164256K(174592K)] 194475K->164256K(232960K) [PSPermGen: 7313K->7313K(21504K)], 0.5735417 secs] [Times: user=2.11 sys=0.00, real=0.57 secs] 
310.012: [Full GC [PSYoungGen: 29184K->0K(58368K)] [ParOldGen: 164256K->165668K(174592K)] 193440K->165668K(232960K) [PSPermGen: 7313K->7313K(21504K)], 0.6044491 secs] [Times: user=1.97 sys=0.00, real=0.61 secs] 
310.642: [Full GC [PSYoungGen: 29184K->0K(58368K)] [ParOldGen: 165668K->169314K(174592K)] 194852K->169314K(232960K) [PSPermGen: 7313K->7313K(21504K)], 0.5687020 secs] [Times: user=2.06 sys=0.00, real=0.57 secs] 
311.235: [Full GC [PSYoungGen: 29184K->0K(58368K)] [ParOldGen: 169314K->163988K(174592K)] 198498K->163988K(232960K) [PSPermGen: 7313K->7313K(21504K)], 0.5320373 secs] [Times: user=1.92 sys=0.00, real=0.53 secs] 
311.816: [Full GC [PSYoungGen: 29184K->0K(58368K)] [ParOldGen: 163988K->166554K(174592K)] 193172K->166554K(232960K) [PSPermGen: 7313K->7313K(21504K)], 0.5990446 secs] [Times: user=2.17 sys=0.00, real=0.60 secs] 
312.439: [Full GC [PSYoungGen: 29184K->0K(58368K)] [ParOldGen: 166554K->166410K(174592K)] 195738K->166410K(232960K) [PSPermGen: 7313K->7313K(21504K)], 0.5994157 secs] [Times: user=2.28 sys=0.00, real=0.60 secs] 
313.062: [Full GC [PSYoungGen: 29184K->0K(58368K)] [ParOldGen: 166410K->164743K(174592K)] 195594K->164743K(232960K) [PSPermGen: 7313K->7313K(21504K)], 0.5322394 secs] [Times: user=1.92 sys=0.00, real=0.53 secs] 
313.625: [Full GC [PSYoungGen: 29184K->0K(58368K)] [ParOldGen: 164743K->164302K(174592K)] 193927K->164302K(232960K) [PSPermGen: 7313K->7313K(21504K)], 0.5749583 secs] [Times: user=2.04 sys=0.00, real=0.58 secs] 
314.245: [Full GC [PSYoungGen: 29184K->0K(58368K)] [ParOldGen: 164302K->166787K(174592K)] 193486K->166787K(232960K) [PSPermGen: 7313K->7313K(21504K)], 0.4727651 secs] [Times: user=1.59 sys=0.00, real=0.47 secs] 
314.743: [Full GC [PSYoungGen: 29184K->0K(58368K)] [ParOldGen: 166787K->165927K(174592K)] 195971K->165927K(232960K) [PSPermGen: 7313K->7313K(21504K)], 0.5423594 secs] [Times: user=2.01 sys=0.00, real=0.54 secs] 
315.332: [Full GC [PSYoungGen: 29184K->0K(58368K)] [ParOldGen: 165927K->164987K(174592K)] 195111K->164987K(232960K) [PSPermGen: 7313K->7313K(21504K)], 0.5115642 secs] [Times: user=1.78 sys=0.00, real=0.51 secs] 
315.869: [Full GC [PSYoungGen: 29184K->0K(58368K)] [ParOldGen: 164987K->161220K(174592K)] 194171K->161220K(232960K) [PSPermGen: 7313K->7313K(21504K)], 0.5959385 secs] [Times: user=2.17 sys=0.00, real=0.60 secs] 
316.490: [Full GC [PSYoungGen: 29184K->0K(58368K)] [ParOldGen: 161220K->158455K(174592K)] 190404K->158455K(232960K) [PSPermGen: 7313K->7313K(21504K)], 0.4567112 secs] [Times: user=1.58 sys=0.00, real=0.46 secs] 
316.978: [Full GC [PSYoungGen: 29184K->0K(58368K)] [ParOldGen: 158455K->158056K(174592K)] 187639K->158056K(232960K) [PSPermGen: 7315K->7315K(21504K)], 0.6001011 secs] [Times: user=2.18 sys=0.00, real=0.60 secs] 
317.606: [Full GC [PSYoungGen: 29184K->0K(58368K)] [ParOldGen: 158056K->158412K(174592K)] 187240K->158412K(232960K) [PSPermGen: 7315K->7315K(21504K)], 0.5785917 secs] [Times: user=2.11 sys=0.00, real=0.58 secs] 
318.232: [Full GC [PSYoungGen: 29184K->0K(58368K)] [ParOldGen: 158412K->163774K(174592K)] 187596K->163774K(232960K) [PSPermGen: 7315K->7315K(21504K)], 0.5621359 secs] [Times: user=2.01 sys=0.00, real=0.56 secs] 
318.825: [Full GC [PSYoungGen: 29184K->0K(58368K)] [ParOldGen: 163774K->162326K(174592K)] 192958K->162326K(232960K) [PSPermGen: 7315K->7315K(21504K)], 0.4613706 secs] [Times: user=1.67 sys=0.00, real=0.46 secs] 
319.317: [Full GC [PSYoungGen: 29184K->0K(58368K)] [ParOldGen: 162326K->165558K(174592K)] 191510K->165558K(232960K) [PSPermGen: 7315K->7315K(21504K)], 0.6170470 secs] [Times: user=2.18 sys=0.00, real=0.62 secs] 
319.975: [Full GC [PSYoungGen: 29184K->0K(58368K)] [ParOldGen: 165558K->166594K(174592K)] 194742K->166594K(232960K) [PSPermGen: 7315K->7315K(21504K)], 0.4211697 secs] [Times: user=1.47 sys=0.00, real=0.42 secs] 
320.422: [Full GC [PSYoungGen: 29184K->0K(58368K)] [ParOldGen: 166594K->167419K(174592K)] 195778K->167419K(232960K) [PSPermGen: 7315K->7315K(21504K)], 0.5857951 secs] [Times: user=2.09 sys=0.00, real=0.59 secs] 
321.031: [Full GC [PSYoungGen: 29184K->0K(58368K)] [ParOldGen: 167419K->165874K(174592K)] 196603K->165874K(232960K) [PSPermGen: 7315K->7315K(21504K)], 0.3726746 secs] [Times: user=1.14 sys=0.00, real=0.37 secs] 
321.457: [Full GC [PSYoungGen: 29184K->0K(58368K)] [ParOldGen: 165874K->168417K(174592K)] 195058K->168417K(232960K) [PSPermGen: 7324K->7324K(21504K)], 0.6475429 secs] [Times: user=2.03 sys=0.00, real=0.65 secs] 
322.127: [Full GC [PSYoungGen: 29184K->0K(58368K)] [ParOldGen: 168417K->169340K(174592K)] 197601K->169340K(232960K) [PSPermGen: 7324K->7324K(21504K)], 0.5171877 secs] [Times: user=1.42 sys=0.08, real=0.52 secs] 
322.668: [Full GC [PSYoungGen: 29184K->0K(58368K)] [ParOldGen: 169340K->170081K(174592K)] 198524K->170081K(232960K) [PSPermGen: 7324K->7324K(21504K)], 0.5645625 secs] [Times: user=1.70 sys=0.00, real=0.57 secs] 
323.258: [Full GC [PSYoungGen: 29184K->0K(58368K)] [ParOldGen: 170081K->168384K(174592K)] 199265K->168384K(232960K) [PSPermGen: 7324K->7324K(21504K)], 0.4720464 secs] [Times: user=1.39 sys=0.02, real=0.47 secs] 
323.760: [Full GC [PSYoungGen: 29184K->0K(58368K)] [ParOldGen: 168384K->171197K(174592K)] 197568K->171197K(232960K) [PSPermGen: 7324K->7324K(21504K)], 0.6827063 secs] [Times: user=2.25 sys=0.00, real=0.68 secs] 
324.504: [Full GC [PSYoungGen: 29184K->0K(58368K)] [ParOldGen: 171197K->172344K(174592K)] 200381K->172344K(232960K) [PSPermGen: 7324K->7324K(21504K)], 0.5004769 secs] [Times: user=1.53 sys=0.00, real=0.50 secs] 
325.029: [Full GC [PSYoungGen: 29184K->0K(58368K)] [ParOldGen: 172344K->170992K(174592K)] 201528K->170992K(232960K) [PSPermGen: 7324K->7324K(21504K)], 0.6473149 secs] [Times: user=2.09 sys=0.00, real=0.65 secs] 
325.701: [Full GC [PSYoungGen: 29184K->0K(58368K)] [ParOldGen: 170992K->171145K(174592K)] 200176K->171145K(232960K) [PSPermGen: 7324K->7324K(21504K)], 0.5023153 secs] [Times: user=1.36 sys=0.00, real=0.50 secs] 
326.251: [Full GC [PSYoungGen: 29184K->0K(58368K)] [ParOldGen: 171145K->172285K(174592K)] 200329K->172285K(232960K) [PSPermGen: 7324K->7324K(21504K)], 0.5566186 secs] [Times: user=1.89 sys=0.00, real=0.56 secs] 
326.832: [Full GC [PSYoungGen: 29184K->0K(58368K)] [ParOldGen: 172285K->172061K(174592K)] 201469K->172061K(232960K) [PSPermGen: 7324K->7324K(21504K)], 0.4694729 secs] [Times: user=1.44 sys=0.00, real=0.47 secs] 
327.327: [Full GC [PSYoungGen: 29184K->0K(58368K)] [ParOldGen: 172061K->168267K(174592K)] 201245K->168267K(232960K) [PSPermGen: 7324K->7324K(21504K)], 0.6420762 secs] [Times: user=2.00 sys=0.00, real=0.64 secs] 
328.024: [Full GC [PSYoungGen: 29184K->0K(58368K)] [ParOldGen: 168267K->170018K(174592K)] 197451K->170018K(232960K) [PSPermGen: 7324K->7324K(21504K)], 0.5892556 secs] [Times: user=1.95 sys=0.00, real=0.59 secs] 
328.640: [Full GC [PSYoungGen: 29184K->0K(58368K)] [ParOldGen: 170018K->170369K(174592K)] 199202K->170369K(232960K) [PSPermGen: 7324K->7324K(21504K)], 0.4602150 secs] [Times: user=1.56 sys=0.00, real=0.46 secs] 
329.126: [Full GC [PSYoungGen: 29184K->0K(58368K)] [ParOldGen: 170369K->168243K(174592K)] 199553K->168243K(232960K) [PSPermGen: 7324K->7324K(21504K)], 0.3988989 secs] [Times: user=1.45 sys=0.00, real=0.40 secs] 
329.555: [Full GC [PSYoungGen: 29184K->0K(58368K)] [ParOldGen: 168243K->168570K(174592K)] 197427K->168570K(232960K) [PSPermGen: 7324K->7324K(21504K)], 0.6359386 secs] [Times: user=2.09 sys=0.00, real=0.64 secs] 
330.242: [Full GC [PSYoungGen: 29184K->0K(58368K)] [ParOldGen: 168570K->171576K(174592K)] 197754K->171576K(232960K) [PSPermGen: 7324K->7324K(21504K)], 0.5272240 secs] [Times: user=1.40 sys=0.00, real=0.53 secs] 
330.792: [Full GC [PSYoungGen: 29184K->0K(58368K)] [ParOldGen: 171576K->171382K(174592K)] 200760K->171382K(232960K) [PSPermGen: 7324K->7324K(21504K)], 0.4748248 secs] [Times: user=1.44 sys=0.00, real=0.47 secs] 
331.290: [Full GC [PSYoungGen: 29184K->0K(58368K)] [ParOldGen: 171382K->168896K(174592K)] 200566K->168896K(232960K) [PSPermGen: 7324K->7324K(21504K)], 0.4236081 secs] [Times: user=1.45 sys=0.00, real=0.42 secs] 
331.743: [Full GC [PSYoungGen: 29184K->0K(58368K)] [ParOldGen: 168896K->166550K(174592K)] 198080K->166550K(232960K) [PSPermGen: 7324K->7324K(21504K)], 0.5894526 secs] [Times: user=2.09 sys=0.00, real=0.59 secs] 
332.394: [Full GC [PSYoungGen: 29184K->0K(58368K)] [ParOldGen: 166550K->167887K(174592K)] 195734K->167887K(232960K) [PSPermGen: 7324K->7324K(21504K)], 0.5626635 secs] [Times: user=1.70 sys=0.00, real=0.56 secs] 
332.980: [Full GC [PSYoungGen: 29184K->0K(58368K)] [ParOldGen: 167887K->166518K(174592K)] 197071K->166518K(232960K) [PSPermGen: 7324K->7324K(21504K)], 0.5207419 secs] [Times: user=1.81 sys=0.00, real=0.52 secs] 
333.530: [Full GC [PSYoungGen: 29184K->0K(58368K)] [ParOldGen: 166518K->164914K(174592K)] 195702K->164914K(232960K) [PSPermGen: 7324K->7324K(21504K)], 0.4934176 secs] [Times: user=1.33 sys=0.01, real=0.49 secs] 
334.073: [Full GC [PSYoungGen: 29184K->0K(58368K)] [ParOldGen: 164914K->163054K(174592K)] 194098K->163054K(232960K) [PSPermGen: 7324K->7324K(21504K)], 0.5731218 secs] [Times: user=1.89 sys=0.00, real=0.57 secs] 
334.675: [Full GC [PSYoungGen: 29184K->0K(58368K)] [ParOldGen: 163054K->161679K(174592K)] 192238K->161679K(232960K) [PSPermGen: 7324K->7324K(21504K)], 0.2985374 secs] [Times: user=0.92 sys=0.00, real=0.30 secs] 
335.022: [Full GC [PSYoungGen: 29184K->0K(58368K)] [ParOldGen: 161679K->163397K(174592K)] 190863K->163397K(232960K) [PSPermGen: 7324K->7324K(21504K)], 0.4980455 secs] [Times: user=1.68 sys=0.00, real=0.50 secs] 
335.545: [Full GC [PSYoungGen: 29184K->0K(58368K)] [ParOldGen: 163397K->162904K(174592K)] 192581K->162904K(232960K) [PSPermGen: 7324K->7324K(21504K)], 0.4978002 secs] [Times: user=1.68 sys=0.00, real=0.50 secs] 
336.076: [Full GC [PSYoungGen: 29184K->0K(58368K)] [ParOldGen: 162904K->161938K(174592K)] 192088K->161938K(232960K) [PSPermGen: 7324K->7324K(21504K)], 0.4849409 secs] [Times: user=1.76 sys=0.00, real=0.49 secs] 
336.589: [Full GC [PSYoungGen: 29184K->0K(58368K)] [ParOldGen: 161938K->159275K(174592K)] 191122K->159275K(232960K) [PSPermGen: 7324K->7324K(21504K)], 0.5925863 secs] [Times: user=1.68 sys=0.00, real=0.59 secs] 
337.223: [Full GC [PSYoungGen: 29184K->0K(58368K)] [ParOldGen: 159275K->161788K(174592K)] 188459K->161788K(232960K) [PSPermGen: 7324K->7324K(21504K)], 0.5540794 secs] [Times: user=1.81 sys=0.00, real=0.55 secs] 
337.799: [Full GC [PSYoungGen: 29184K->0K(58368K)] [ParOldGen: 161788K->162531K(174592K)] 190972K->162531K(232960K) [PSPermGen: 7324K->7324K(21504K)], 0.4846882 secs] [Times: user=1.56 sys=0.02, real=0.49 secs] 
338.312: [Full GC [PSYoungGen: 29183K->0K(58368K)] [ParOldGen: 162531K->163013K(174592K)] 191715K->163013K(232960K) [PSPermGen: 7324K->7324K(21504K)], 0.5893406 secs] [Times: user=1.98 sys=0.00, real=0.59 secs] 
338.946: [Full GC [PSYoungGen: 29184K->0K(58368K)] [ParOldGen: 163013K->165156K(174592K)] 192197K->165156K(232960K) [PSPermGen: 7324K->7324K(21504K)], 0.5005616 secs] [Times: user=1.64 sys=0.00, real=0.50 secs] 
339.472: [Full GC [PSYoungGen: 29184K->0K(58368K)] [ParOldGen: 165156K->166670K(174592K)] 194340K->166670K(232960K) [PSPermGen: 7324K->7324K(21504K)], 0.5043079 secs] [Times: user=1.86 sys=0.00, real=0.51 secs] 
340.001: [Full GC [PSYoungGen: 29184K->0K(58368K)] [ParOldGen: 166670K->162288K(174592K)] 195854K->162288K(232960K) [PSPermGen: 7324K->7324K(21504K)], 0.4317749 secs] [Times: user=1.56 sys=0.00, real=0.43 secs] 
340.462: [Full GC [PSYoungGen: 29184K->0K(58368K)] [ParOldGen: 162288K->164532K(174592K)] 191472K->164532K(232960K) [PSPermGen: 7324K->7324K(21504K)], 0.5875885 secs] [Times: user=2.04 sys=0.00, real=0.59 secs] 
341.099: [Full GC [PSYoungGen: 29184K->0K(58368K)] [ParOldGen: 164532K->167098K(174592K)] 193716K->167098K(232960K) [PSPermGen: 7324K->7324K(21504K)], 0.3828671 secs] [Times: user=1.36 sys=0.00, real=0.38 secs] 
341.507: [Full GC [PSYoungGen: 29184K->0K(58368K)] [ParOldGen: 167098K->165768K(174592K)] 196282K->165768K(232960K) [PSPermGen: 7324K->7324K(21504K)], 0.5740936 secs] [Times: user=1.73 sys=0.00, real=0.58 secs] 
342.132: [Full GC [PSYoungGen: 29184K->0K(58368K)] [ParOldGen: 165768K->168564K(174592K)] 194952K->168564K(232960K) [PSPermGen: 7324K->7324K(21504K)], 0.5258163 secs] [Times: user=1.87 sys=0.00, real=0.53 secs] 
342.683: [Full GC [PSYoungGen: 29184K->0K(58368K)] [ParOldGen: 168564K->166257K(174592K)] 197748K->166257K(232960K) [PSPermGen: 7324K->7324K(21504K)], 0.3309535 secs] [Times: user=1.15 sys=0.00, real=0.33 secs] 
343.056: [Full GC [PSYoungGen: 29184K->0K(58368K)] [ParOldGen: 166257K->169502K(174592K)] 195441K->169502K(232960K) [PSPermGen: 7324K->7324K(21504K)], 0.6017999 secs] [Times: user=2.04 sys=0.00, real=0.60 secs] 
343.683: [Full GC [PSYoungGen: 29184K->0K(58368K)] [ParOldGen: 169502K->169443K(174592K)] 198686K->169443K(232960K) [PSPermGen: 7324K->7324K(21504K)], 0.5746286 secs] [Times: user=1.97 sys=0.00, real=0.57 secs] 
344.303: [Full GC [PSYoungGen: 29184K->0K(58368K)] [ParOldGen: 169443K->172840K(174592K)] 198627K->172840K(232960K) [PSPermGen: 7324K->7324K(21504K)], 0.4195023 secs] [Times: user=1.58 sys=0.00, real=0.42 secs] 
344.748: [Full GC [PSYoungGen: 29184K->0K(58368K)] [ParOldGen: 172840K->170085K(174592K)] 202024K->170085K(232960K) [PSPermGen: 7324K->7324K(21504K)], 0.6261361 secs] [Times: user=2.08 sys=0.00, real=0.63 secs] 
345.422: [Full GC [PSYoungGen: 29184K->0K(58368K)] [ParOldGen: 170085K->171371K(174592K)] 199269K->171371K(232960K) [PSPermGen: 7324K->7324K(21504K)], 0.4501990 secs] [Times: user=1.56 sys=0.01, real=0.45 secs] 
345.897: [Full GC [PSYoungGen: 29184K->0K(58368K)] [ParOldGen: 171371K->171357K(174592K)] 200555K->171357K(232960K) [PSPermGen: 7324K->7324K(21504K)], 0.5803072 secs] [Times: user=2.11 sys=0.00, real=0.58 secs] 
346.505: [Full GC [PSYoungGen: 29184K->0K(58368K)] [ParOldGen: 171357K->166838K(174592K)] 200541K->166838K(232960K) [PSPermGen: 7324K->7324K(21504K)], 0.5056007 secs] [Times: user=1.89 sys=0.00, real=0.51 secs] 
347.051: [Full GC [PSYoungGen: 29184K->0K(58368K)] [ParOldGen: 166838K->165360K(174592K)] 196022K->165360K(232960K) [PSPermGen: 7324K->7324K(21504K)], 0.5135254 secs] [Times: user=1.84 sys=0.00, real=0.51 secs] 
347.590: [Full GC [PSYoungGen: 29184K->0K(58368K)] [ParOldGen: 165360K->164973K(174592K)] 194544K->164973K(232960K) [PSPermGen: 7324K->7324K(21504K)], 0.5520637 secs] [Times: user=1.95 sys=0.00, real=0.55 secs] 
348.169: [Full GC [PSYoungGen: 29184K->0K(58368K)] [ParOldGen: 164973K->160603K(174592K)] 194157K->160603K(232960K) [PSPermGen: 7324K->7324K(21504K)], 0.4756128 secs] [Times: user=1.61 sys=0.00, real=0.48 secs] 
348.676: [Full GC [PSYoungGen: 29184K->0K(58368K)] [ParOldGen: 160603K->165575K(174592K)] 189787K->165575K(232960K) [PSPermGen: 7324K->7324K(21504K)], 0.5986569 secs] [Times: user=2.14 sys=0.00, real=0.60 secs] 
349.320: [Full GC [PSYoungGen: 29184K->0K(58368K)] [ParOldGen: 165575K->167814K(174592K)] 194759K->167814K(232960K) [PSPermGen: 7324K->7324K(21504K)], 0.5803284 secs] [Times: user=2.07 sys=0.00, real=0.58 secs] 
349.925: [Full GC [PSYoungGen: 29184K->0K(58368K)] [ParOldGen: 167814K->167756K(174592K)] 196998K->167756K(232960K) [PSPermGen: 7324K->7324K(21504K)], 0.3720880 secs] [Times: user=1.37 sys=0.00, real=0.37 secs] 
350.324: [Full GC [PSYoungGen: 29184K->0K(58368K)] [ParOldGen: 167756K->169659K(174592K)] 196940K->169659K(232960K) [PSPermGen: 7324K->7324K(21504K)], 0.6178000 secs] [Times: user=2.12 sys=0.00, real=0.62 secs] 
350.981: [Full GC [PSYoungGen: 29184K->0K(58368K)] [ParOldGen: 169659K->172446K(174592K)] 198843K->172446K(232960K) [PSPermGen: 7324K->7324K(21504K)], 0.4882828 secs] [Times: user=1.76 sys=0.00, real=0.49 secs] 
351.494: [Full GC [PSYoungGen: 29184K->0K(58368K)] [ParOldGen: 172446K->172491K(174592K)] 201630K->172491K(232960K) [PSPermGen: 7327K->7327K(21504K)], 0.5062399 secs] [Times: user=1.81 sys=0.00, real=0.51 secs] 
352.038: [Full GC [PSYoungGen: 29184K->0K(58368K)] [ParOldGen: 172491K->170525K(174592K)] 201675K->170525K(232960K) [PSPermGen: 7327K->7327K(21504K)], 0.5344879 secs] [Times: user=1.83 sys=0.00, real=0.53 secs] 
352.603: [Full GC [PSYoungGen: 29184K->0K(58368K)] [ParOldGen: 170525K->169751K(174592K)] 199709K->169751K(232960K) [PSPermGen: 7327K->7327K(21504K)], 0.6112185 secs] [Times: user=2.06 sys=0.00, real=0.61 secs] 
353.267: [Full GC [PSYoungGen: 29184K->0K(58368K)] [ParOldGen: 169751K->172097K(174592K)] 198935K->172097K(232960K) [PSPermGen: 7327K->7327K(21504K)], 0.3867978 secs] [Times: user=1.28 sys=0.00, real=0.39 secs] 
353.679: [Full GC [PSYoungGen: 29184K->0K(58368K)] [ParOldGen: 172097K->172259K(174592K)] 201281K->172259K(232960K) [PSPermGen: 7327K->7327K(21504K)], 0.6371647 secs] [Times: user=2.06 sys=0.00, real=0.64 secs] 
354.343: [Full GC [PSYoungGen: 29184K->0K(58368K)] [ParOldGen: 172259K->169456K(174592K)] 201443K->169456K(232960K) [PSPermGen: 7327K->7327K(21504K)], 0.6553579 secs] [Times: user=2.12 sys=0.00, real=0.65 secs] 
355.058: [Full GC [PSYoungGen: 29184K->0K(58368K)] [ParOldGen: 169456K->170926K(174592K)] 198640K->170926K(232960K) [PSPermGen: 7327K->7327K(21504K)], 0.5288587 secs] [Times: user=1.64 sys=0.00, real=0.53 secs] 
355.621: [Full GC [PSYoungGen: 29184K->0K(58368K)] [ParOldGen: 170926K->171231K(174592K)] 200110K->171231K(232960K) [PSPermGen: 7327K->7327K(21504K)], 0.5180559 secs] [Times: user=1.87 sys=0.00, real=0.52 secs] 
356.166: [Full GC [PSYoungGen: 29184K->0K(58368K)] [ParOldGen: 171231K->167502K(174592K)] 200415K->167502K(232960K) [PSPermGen: 7327K->7327K(21504K)], 0.6315332 secs] [Times: user=2.15 sys=0.00, real=0.63 secs] 
356.846: [Full GC [PSYoungGen: 29184K->0K(58368K)] [ParOldGen: 167502K->168078K(174592K)] 196686K->168078K(232960K) [PSPermGen: 7327K->7327K(21504K)], 0.4593481 secs] [Times: user=1.67 sys=0.00, real=0.46 secs] 
357.330: [Full GC [PSYoungGen: 29184K->0K(58368K)] [ParOldGen: 168078K->167712K(174592K)] 197262K->167712K(232960K) [PSPermGen: 7327K->7327K(21504K)], 0.5746632 secs] [Times: user=1.87 sys=0.00, real=0.57 secs] 
357.932: [Full GC [PSYoungGen: 29184K->0K(58368K)] [ParOldGen: 167712K->161402K(174592K)] 196896K->161402K(232960K) [PSPermGen: 7327K->7327K(21504K)], 0.6226018 secs] [Times: user=2.17 sys=0.00, real=0.62 secs] 
358.579: [Full GC [PSYoungGen: 29184K->0K(58368K)] [ParOldGen: 161402K->161818K(174592K)] 190586K->161818K(232960K) [PSPermGen: 7327K->7327K(21504K)], 0.3626403 secs] [Times: user=1.33 sys=0.00, real=0.36 secs] 
358.993: [Full GC [PSYoungGen: 29184K->0K(58368K)] [ParOldGen: 161818K->162856K(174592K)] 191002K->162856K(232960K) [PSPermGen: 7327K->7327K(21504K)], 0.5591545 secs] [Times: user=1.90 sys=0.00, real=0.56 secs] 
359.580: [Full GC [PSYoungGen: 29184K->0K(58368K)] [ParOldGen: 162856K->160721K(174592K)] 192040K->160721K(232960K) [PSPermGen: 7327K->7327K(21504K)], 0.4401672 secs] [Times: user=1.58 sys=0.00, real=0.44 secs] 
360.066: [Full GC [PSYoungGen: 29184K->0K(58368K)] [ParOldGen: 160721K->160660K(174592K)] 189905K->160660K(232960K) [PSPermGen: 7327K->7327K(21504K)], 0.4739172 secs] [Times: user=1.57 sys=0.00, real=0.47 secs] 
360.563: [Full GC [PSYoungGen: 29184K->0K(58368K)] [ParOldGen: 160660K->162552K(174592K)] 189844K->162552K(232960K) [PSPermGen: 7327K->7327K(21504K)], 0.4150523 secs] [Times: user=1.51 sys=0.00, real=0.41 secs] 
361.002: [Full GC [PSYoungGen: 29184K->0K(58368K)] [ParOldGen: 162552K->164104K(174592K)] 191736K->164104K(232960K) [PSPermGen: 7327K->7327K(21504K)], 0.5825414 secs] [Times: user=2.09 sys=0.00, real=0.58 secs] 
361.615: [Full GC [PSYoungGen: 29184K->0K(58368K)] [ParOldGen: 164104K->166980K(174592K)] 193288K->166980K(232960K) [PSPermGen: 7327K->7327K(21504K)], 0.6017807 secs] [Times: user=2.09 sys=0.00, real=0.60 secs] 
362.259: [Full GC [PSYoungGen: 29184K->0K(58368K)] [ParOldGen: 166980K->169754K(174592K)] 196164K->169754K(232960K) [PSPermGen: 7327K->7327K(21504K)], 0.4353445 secs] [Times: user=1.62 sys=0.00, real=0.44 secs] 
362.717: [Full GC [PSYoungGen: 29184K->0K(58368K)] [ParOldGen: 169754K->168773K(174592K)] 198938K->168773K(232960K) [PSPermGen: 7327K->7327K(21504K)], 0.4373750 secs] [Times: user=1.51 sys=0.00, real=0.44 secs] 
363.203: [Full GC [PSYoungGen: 29184K->0K(58368K)] [ParOldGen: 168773K->170426K(174592K)] 197957K->170426K(232960K) [PSPermGen: 7327K->7327K(21504K)], 0.6035931 secs] [Times: user=2.14 sys=0.00, real=0.60 secs] 
363.830: [Full GC [PSYoungGen: 29184K->0K(58368K)] [ParOldGen: 170426K->167623K(174592K)] 199610K->167623K(232960K) [PSPermGen: 7327K->7327K(21504K)], 0.4164811 secs] [Times: user=1.44 sys=0.00, real=0.42 secs] 
364.276: [Full GC [PSYoungGen: 29184K->0K(58368K)] [ParOldGen: 167623K->162997K(174592K)] 196807K->162997K(232960K) [PSPermGen: 7327K->7327K(21504K)], 0.5788287 secs] [Times: user=2.15 sys=0.00, real=0.58 secs] 
364.904: [Full GC [PSYoungGen: 29184K->0K(58368K)] [ParOldGen: 162997K->163354K(174592K)] 192181K->163354K(232960K) [PSPermGen: 7327K->7327K(21504K)], 0.5761562 secs] [Times: user=1.98 sys=0.01, real=0.58 secs] 
365.507: [Full GC [PSYoungGen: 29184K->0K(58368K)] [ParOldGen: 163354K->164815K(174592K)] 192538K->164815K(232960K) [PSPermGen: 7327K->7327K(21504K)], 0.5770080 secs] [Times: user=2.11 sys=0.00, real=0.58 secs] 
366.112: [Full GC [PSYoungGen: 29184K->0K(58368K)] [ParOldGen: 164815K->161283K(174592K)] 193999K->161283K(232960K) [PSPermGen: 7327K->7327K(21504K)], 0.3422345 secs] [Times: user=1.17 sys=0.00, real=0.34 secs] 
366.485: [Full GC [PSYoungGen: 29184K->0K(58368K)] [ParOldGen: 161283K->163896K(174592K)] 190467K->163896K(232960K) [PSPermGen: 7327K->7327K(21504K)], 0.5913580 secs] [Times: user=2.11 sys=0.00, real=0.59 secs] 
367.123: [Full GC [PSYoungGen: 29184K->0K(58368K)] [ParOldGen: 163896K->165849K(174592K)] 193080K->165849K(232960K) [PSPermGen: 7327K->7327K(21504K)], 0.4672330 secs] [Times: user=1.51 sys=0.00, real=0.47 secs] 
367.615: [Full GC [PSYoungGen: 29184K->0K(58368K)] [ParOldGen: 165849K->165593K(174592K)] 195033K->165593K(232960K) [PSPermGen: 7327K->7327K(21504K)], 0.4470267 secs] [Times: user=1.58 sys=0.00, real=0.45 secs] 
368.114: [Full GC [PSYoungGen: 29184K->0K(58368K)] [ParOldGen: 165593K->169568K(174592K)] 194777K->169568K(232960K) [PSPermGen: 7327K->7327K(21504K)], 0.4612731 secs] [Times: user=1.54 sys=0.00, real=0.46 secs] 
368.600: [Full GC [PSYoungGen: 29184K->0K(58368K)] [ParOldGen: 169568K->170583K(174592K)] 198752K->170583K(232960K) [PSPermGen: 7327K->7327K(21504K)], 0.4727748 secs] [Times: user=1.58 sys=0.03, real=0.47 secs] 
369.108: [Full GC [PSYoungGen: 29184K->0K(58368K)] [ParOldGen: 170583K->168315K(174592K)] 199767K->168315K(232960K) [PSPermGen: 7327K->7327K(21504K)], 0.4290116 secs] [Times: user=1.56 sys=0.00, real=0.43 secs] 
369.567: [Full GC [PSYoungGen: 29184K->0K(58368K)] [ParOldGen: 168315K->170236K(174592K)] 197499K->170236K(232960K) [PSPermGen: 7327K->7327K(21504K)], 0.6084433 secs] [Times: user=2.03 sys=0.00, real=0.61 secs] 
370.215: [Full GC [PSYoungGen: 29184K->0K(58368K)] [ParOldGen: 170236K->172997K(174592K)] 199420K->172997K(232960K) [PSPermGen: 7327K->7327K(21504K)], 0.5349777 secs] [Times: user=1.86 sys=0.00, real=0.54 secs] 
370.775: [Full GC [PSYoungGen: 29184K->0K(58368K)] [ParOldGen: 172997K->172990K(174592K)] 202181K->172990K(232960K) [PSPermGen: 7327K->7327K(21504K)], 0.5061533 secs] [Times: user=1.78 sys=0.00, real=0.51 secs] 
371.307: [Full GC [PSYoungGen: 29184K->0K(58368K)] [ParOldGen: 172990K->168734K(174592K)] 202174K->168734K(232960K) [PSPermGen: 7327K->7327K(21504K)], 0.4999836 secs] [Times: user=1.75 sys=0.00, real=0.50 secs] 
371.862: [Full GC [PSYoungGen: 29184K->0K(58368K)] [ParOldGen: 168734K->169742K(174592K)] 197918K->169742K(232960K) [PSPermGen: 7327K->7327K(21504K)], 0.6341875 secs] [Times: user=2.17 sys=0.00, real=0.63 secs] 
372.522: [Full GC [PSYoungGen: 29184K->0K(58368K)] [ParOldGen: 169742K->169158K(174592K)] 198926K->169158K(232960K) [PSPermGen: 7327K->7327K(21504K)], 0.6452036 secs] [Times: user=2.32 sys=0.00, real=0.64 secs] 
373.211: [Full GC [PSYoungGen: 29184K->0K(58368K)] [ParOldGen: 169158K->170429K(174592K)] 198342K->170429K(232960K) [PSPermGen: 7327K->7327K(21504K)], 0.6389088 secs] [Times: user=2.32 sys=0.00, real=0.64 secs] 
373.875: [Full GC [PSYoungGen: 29184K->0K(58368K)] [ParOldGen: 170429K->168871K(174592K)] 199613K->168871K(232960K) [PSPermGen: 7327K->7327K(21504K)], 0.5818188 secs] [Times: user=1.95 sys=0.00, real=0.58 secs] 
374.484: [Full GC [PSYoungGen: 29184K->0K(58368K)] [ParOldGen: 168871K->165522K(174592K)] 198055K->165522K(232960K) [PSPermGen: 7327K->7327K(21504K)], 0.6373543 secs] [Times: user=2.17 sys=0.00, real=0.64 secs] 
375.163: [Full GC [PSYoungGen: 29184K->0K(58368K)] [ParOldGen: 165522K->165460K(174592K)] 194706K->165460K(232960K) [PSPermGen: 7327K->7327K(21504K)], 0.4992992 secs] [Times: user=1.73 sys=0.02, real=0.50 secs] 
375.687: [Full GC [PSYoungGen: 29184K->0K(58368K)] [ParOldGen: 165460K->165397K(174592K)] 194644K->165397K(232960K) [PSPermGen: 7327K->7327K(21504K)], 0.6063609 secs] [Times: user=2.20 sys=0.00, real=0.61 secs] 
376.342: [Full GC [PSYoungGen: 29184K->0K(58368K)] [ParOldGen: 165397K->167842K(174592K)] 194581K->167842K(232960K) [PSPermGen: 7327K->7327K(21504K)], 0.4593979 secs] [Times: user=1.61 sys=0.00, real=0.46 secs] 
376.826: [Full GC [PSYoungGen: 29184K->0K(58368K)] [ParOldGen: 167842K->168094K(174592K)] 197026K->168094K(232960K) [PSPermGen: 7327K->7327K(21504K)], 0.5480643 secs] [Times: user=2.01 sys=0.00, real=0.55 secs] 
377.404: [Full GC [PSYoungGen: 29184K->0K(58368K)] [ParOldGen: 168094K->165315K(174592K)] 197278K->165315K(232960K) [PSPermGen: 7327K->7327K(21504K)], 0.6290339 secs] [Times: user=2.18 sys=0.00, real=0.63 secs] 
378.085: [Full GC [PSYoungGen: 29184K->0K(58368K)] [ParOldGen: 165315K->166769K(174592K)] 194499K->166769K(232960K) [PSPermGen: 7327K->7327K(21504K)], 0.5980347 secs] [Times: user=2.09 sys=0.00, real=0.60 secs] 
378.708: [Full GC [PSYoungGen: 29184K->0K(58368K)] [ParOldGen: 166769K->163861K(174592K)] 195953K->163861K(232960K) [PSPermGen: 7327K->7327K(21504K)], 0.5776642 secs] [Times: user=2.11 sys=0.00, real=0.58 secs] 
379.350: [Full GC [PSYoungGen: 29184K->0K(58368K)] [ParOldGen: 163861K->170269K(174592K)] 193045K->170269K(232960K) [PSPermGen: 7327K->7327K(21504K)], 0.5916373 secs] [Times: user=2.09 sys=0.00, real=0.59 secs] 
379.967: [Full GC [PSYoungGen: 29184K->0K(58368K)] [ParOldGen: 170269K->168218K(174592K)] 199453K->168218K(232960K) [PSPermGen: 7327K->7327K(21504K)], 0.6037599 secs] [Times: user=2.17 sys=0.00, real=0.60 secs] 
380.598: [Full GC [PSYoungGen: 29184K->0K(58368K)] [ParOldGen: 168218K->167347K(174592K)] 197402K->167347K(232960K) [PSPermGen: 7327K->7327K(21504K)], 0.6406410 secs] [Times: user=2.23 sys=0.00, real=0.64 secs] 
381.287: [Full GC [PSYoungGen: 29184K->0K(58368K)] [ParOldGen: 167347K->167792K(174592K)] 196531K->167792K(232960K) [PSPermGen: 7327K->7327K(21504K)], 0.6202173 secs] [Times: user=2.15 sys=0.00, real=0.62 secs] 
381.931: [Full GC [PSYoungGen: 29184K->0K(58368K)] [ParOldGen: 167792K->165892K(174592K)] 196976K->165892K(232960K) [PSPermGen: 7327K->7327K(21504K)], 0.6069529 secs] [Times: user=2.18 sys=0.00, real=0.61 secs] 
382.567: [Full GC [PSYoungGen: 29184K->0K(58368K)] [ParOldGen: 165892K->164688K(174592K)] 195076K->164688K(232960K) [PSPermGen: 7327K->7327K(21504K)], 0.6014869 secs] [Times: user=2.08 sys=0.01, real=0.60 secs] 
383.217: [Full GC [PSYoungGen: 29184K->0K(58368K)] [ParOldGen: 164688K->167345K(174592K)] 193872K->167345K(232960K) [PSPermGen: 7327K->7327K(21504K)], 0.5911902 secs] [Times: user=1.76 sys=0.01, real=0.59 secs] 
383.834: [Full GC [PSYoungGen: 29184K->0K(58368K)] [ParOldGen: 167345K->169548K(174592K)] 196529K->169548K(232960K) [PSPermGen: 7327K->7327K(21504K)], 0.6450455 secs] [Times: user=2.22 sys=0.00, real=0.65 secs] 
384.508: [Full GC [PSYoungGen: 29184K->0K(58368K)] [ParOldGen: 169548K->170438K(174592K)] 198732K->170438K(232960K) [PSPermGen: 7327K->7327K(21504K)], 0.6408809 secs] [Times: user=2.23 sys=0.00, real=0.64 secs] 
385.203: [Full GC [PSYoungGen: 29184K->0K(58368K)] [ParOldGen: 170438K->168456K(174592K)] 199622K->168456K(232960K) [PSPermGen: 7327K->7327K(21504K)], 0.5378699 secs] [Times: user=1.81 sys=0.00, real=0.54 secs] 
385.765: [Full GC [PSYoungGen: 29184K->0K(58368K)] [ParOldGen: 168456K->169734K(174592K)] 197640K->169734K(232960K) [PSPermGen: 7327K->7327K(21504K)], 0.4096603 secs] [Times: user=1.50 sys=0.00, real=0.41 secs] 
386.201: [Full GC [PSYoungGen: 29184K->0K(58368K)] [ParOldGen: 169734K->165521K(174592K)] 198918K->165521K(232960K) [PSPermGen: 7327K->7327K(21504K)], 0.6319752 secs] [Times: user=2.18 sys=0.00, real=0.63 secs] 
386.866: [Full GC [PSYoungGen: 29184K->0K(58368K)] [ParOldGen: 165521K->162988K(174592K)] 194705K->162988K(232960K) [PSPermGen: 7327K->7327K(21504K)], 0.5973955 secs] [Times: user=2.18 sys=0.00, real=0.60 secs] 
387.491: [Full GC [PSYoungGen: 29184K->0K(58368K)] [ParOldGen: 162988K->162118K(174592K)] 192172K->162118K(232960K) [PSPermGen: 7327K->7327K(21504K)], 0.6245220 secs] [Times: user=2.20 sys=0.00, real=0.63 secs] 
388.161: [Full GC [PSYoungGen: 29184K->0K(58368K)] [ParOldGen: 162118K->167127K(174592K)] 191302K->167127K(232960K) [PSPermGen: 7327K->7327K(21504K)], 0.6542780 secs] [Times: user=2.20 sys=0.00, real=0.65 secs] 
388.840: [Full GC [PSYoungGen: 29184K->0K(58368K)] [ParOldGen: 167127K->166029K(174592K)] 196311K->166029K(232960K) [PSPermGen: 7327K->7327K(21504K)], 0.6374152 secs] [Times: user=2.29 sys=0.00, real=0.64 secs] 
389.507: [Full GC [PSYoungGen: 29184K->0K(58368K)] [ParOldGen: 166029K->165118K(174592K)] 195213K->165118K(232960K) [PSPermGen: 7327K->7327K(21504K)], 0.6417456 secs] [Times: user=2.22 sys=0.00, real=0.64 secs] 
390.192: [Full GC [PSYoungGen: 29184K->0K(58368K)] [ParOldGen: 165118K->167571K(174592K)] 194302K->167571K(232960K) [PSPermGen: 7327K->7327K(21504K)], 0.6368588 secs] [Times: user=2.25 sys=0.00, real=0.64 secs] 
390.852: [Full GC [PSYoungGen: 29184K->0K(58368K)] [ParOldGen: 167571K->167516K(174592K)] 196755K->167516K(232960K) [PSPermGen: 7327K->7327K(21504K)], 0.4765875 secs] [Times: user=1.76 sys=0.00, real=0.48 secs] 
391.358: [Full GC [PSYoungGen: 29184K->0K(58368K)] [ParOldGen: 167516K->165804K(174592K)] 196700K->165804K(232960K) [PSPermGen: 7327K->7327K(21504K)], 0.6334380 secs] [Times: user=2.20 sys=0.00, real=0.63 secs] 
392.036: [Full GC [PSYoungGen: 29184K->0K(58368K)] [ParOldGen: 165804K->166864K(174592K)] 194988K->166864K(232960K) [PSPermGen: 7327K->7327K(21504K)], 0.5804320 secs] [Times: user=2.08 sys=0.00, real=0.58 secs] 
392.639: [Full GC [PSYoungGen: 29184K->0K(58368K)] [ParOldGen: 166864K->166445K(174592K)] 196048K->166445K(232960K) [PSPermGen: 7327K->7327K(21504K)], 0.2495744 secs] [Times: user=0.87 sys=0.00, real=0.25 secs] 
392.916: [Full GC [PSYoungGen: 29184K->0K(58368K)] [ParOldGen: 166445K->169236K(174592K)] 195629K->169236K(232960K) [PSPermGen: 7327K->7327K(21504K)], 0.5885764 secs] [Times: user=2.14 sys=0.00, real=0.59 secs] 
393.533: [Full GC [PSYoungGen: 29184K->0K(58368K)] [ParOldGen: 169236K->167295K(174592K)] 198420K->167295K(232960K) [PSPermGen: 7327K->7327K(21504K)], 0.6251785 secs] [Times: user=2.17 sys=0.00, real=0.63 secs] 
394.208: [Full GC [PSYoungGen: 29184K->0K(58368K)] [ParOldGen: 167295K->163789K(174592K)] 196479K->163789K(232960K) [PSPermGen: 7327K->7327K(21504K)], 0.6146149 secs] [Times: user=2.20 sys=0.00, real=0.61 secs] 
394.847: [Full GC [PSYoungGen: 29184K->0K(58368K)] [ParOldGen: 163789K->164455K(174592K)] 192973K->164455K(232960K) [PSPermGen: 7327K->7327K(21504K)], 0.5666051 secs] [Times: user=2.01 sys=0.00, real=0.57 secs] 
395.445: [Full GC [PSYoungGen: 29184K->0K(58368K)] [ParOldGen: 164455K->167821K(174592K)] 193639K->167821K(232960K) [PSPermGen: 7327K->7327K(21504K)], 0.6357366 secs] [Times: user=2.28 sys=0.00, real=0.64 secs] 
396.125: [Full GC [PSYoungGen: 29184K->0K(58368K)] [ParOldGen: 167821K->169950K(174592K)] 197005K->169950K(232960K) [PSPermGen: 7327K->7327K(21504K)], 0.6144850 secs] [Times: user=2.22 sys=0.00, real=0.62 secs] 
396.764: [Full GC [PSYoungGen: 29184K->0K(58368K)] [ParOldGen: 169950K->170623K(174592K)] 199134K->170623K(232960K) [PSPermGen: 7327K->7327K(21504K)], 0.4698661 secs] [Times: user=1.70 sys=0.00, real=0.47 secs] 
397.262: [Full GC [PSYoungGen: 29184K->0K(58368K)] [ParOldGen: 170623K->169806K(174592K)] 199807K->169806K(232960K) [PSPermGen: 7327K->7327K(21504K)], 0.6038028 secs] [Times: user=2.23 sys=0.00, real=0.60 secs] 
397.905: [Full GC [PSYoungGen: 29184K->0K(58368K)] [ParOldGen: 169806K->170870K(174592K)] 198990K->170870K(232960K) [PSPermGen: 7327K->7327K(21504K)], 0.5628694 secs] [Times: user=1.97 sys=0.00, real=0.56 secs] 
398.492: [Full GC [PSYoungGen: 29184K->0K(58368K)] [ParOldGen: 170870K->171896K(174592K)] 200054K->171896K(232960K) [PSPermGen: 7327K->7327K(21504K)], 0.3821211 secs] [Times: user=1.37 sys=0.00, real=0.38 secs] 
398.899: [Full GC [PSYoungGen: 29184K->0K(58368K)] [ParOldGen: 171896K->170492K(174592K)] 201080K->170492K(232960K) [PSPermGen: 7327K->7327K(21504K)], 0.3838841 secs] [Times: user=1.20 sys=0.00, real=0.38 secs] 
399.311: [Full GC [PSYoungGen: 29184K->0K(58368K)] [ParOldGen: 170492K->167503K(174592K)] 199676K->167503K(232960K) [PSPermGen: 7327K->7327K(21504K)], 0.5992233 secs] [Times: user=2.12 sys=0.00, real=0.60 secs] 
399.957: [Full GC [PSYoungGen: 29184K->0K(58368K)] [ParOldGen: 167503K->168792K(174592K)] 196687K->168792K(232960K) [PSPermGen: 7327K->7327K(21504K)], 0.4777151 secs] [Times: user=1.64 sys=0.00, real=0.48 secs] 
400.461: [Full GC [PSYoungGen: 29184K->0K(58368K)] [ParOldGen: 168792K->167958K(174592K)] 197976K->167958K(232960K) [PSPermGen: 7327K->7327K(21504K)], 0.5602164 secs] [Times: user=1.97 sys=0.01, real=0.56 secs] 
401.046: [Full GC [PSYoungGen: 29184K->0K(58368K)] [ParOldGen: 167958K->164486K(174592K)] 197142K->164486K(232960K) [PSPermGen: 7327K->7327K(21504K)], 0.3798886 secs] [Times: user=1.37 sys=0.00, real=0.38 secs] 
401.457: [Full GC [PSYoungGen: 29184K->0K(58368K)] [ParOldGen: 164486K->165073K(174592K)] 193670K->165073K(232960K) [PSPermGen: 7327K->7327K(21504K)], 0.5919045 secs] [Times: user=2.11 sys=0.00, real=0.59 secs] 
402.089: [Full GC [PSYoungGen: 29184K->0K(58368K)] [ParOldGen: 165073K->167049K(174592K)] 194257K->167049K(232960K) [PSPermGen: 7327K->7327K(21504K)], 0.4668774 secs] [Times: user=1.61 sys=0.00, real=0.47 secs] 
402.581: [Full GC [PSYoungGen: 29184K->0K(58368K)] [ParOldGen: 167049K->169563K(174592K)] 196233K->169563K(232960K) [PSPermGen: 7327K->7327K(21504K)], 0.5585041 secs] [Times: user=1.89 sys=0.00, real=0.56 secs] 
403.165: [Full GC [PSYoungGen: 29184K->0K(58368K)] [ParOldGen: 169563K->167901K(174592K)] 198747K->167901K(232960K) [PSPermGen: 7327K->7327K(21504K)], 0.4809069 secs] [Times: user=1.48 sys=0.00, real=0.48 secs] 
403.674: [Full GC [PSYoungGen: 29184K->0K(58368K)] [ParOldGen: 167901K->171283K(174592K)] 197085K->171283K(232960K) [PSPermGen: 7327K->7327K(21504K)], 0.5664582 secs] [Times: user=1.93 sys=0.00, real=0.57 secs] 
404.284: [Full GC [PSYoungGen: 29184K->0K(58368K)] [ParOldGen: 171283K->172118K(174592K)] 200467K->172118K(232960K) [PSPermGen: 7327K->7327K(21504K)], 0.4732825 secs] [Times: user=1.68 sys=0.00, real=0.47 secs] 
404.782: [Full GC [PSYoungGen: 29184K->0K(58368K)] [ParOldGen: 172118K->166806K(174592K)] 201302K->166806K(232960K) [PSPermGen: 7327K->7327K(21504K)], 0.6094109 secs] [Times: user=2.09 sys=0.00, real=0.61 secs] 
405.420: [Full GC [PSYoungGen: 29184K->0K(58368K)] [ParOldGen: 166806K->166042K(174592K)] 195990K->166042K(232960K) [PSPermGen: 7327K->7327K(21504K)], 0.5417147 secs] [Times: user=1.87 sys=0.00, real=0.54 secs] 
406.006: [Full GC [PSYoungGen: 29184K->0K(58368K)] [ParOldGen: 166042K->166682K(174592K)] 195226K->166682K(232960K) [PSPermGen: 7327K->7327K(21504K)], 0.3970358 secs] [Times: user=1.33 sys=0.01, real=0.40 secs] 
406.428: [Full GC [PSYoungGen: 29184K->0K(58368K)] [ParOldGen: 166682K->170079K(174592K)] 195866K->170079K(232960K) [PSPermGen: 7327K->7327K(21504K)], 0.5966325 secs] [Times: user=2.23 sys=0.00, real=0.60 secs] 
407.055: [Full GC [PSYoungGen: 29184K->0K(58368K)] [ParOldGen: 170079K->167212K(174592K)] 199263K->167212K(232960K) [PSPermGen: 7327K->7327K(21504K)], 0.6114321 secs] [Times: user=2.17 sys=0.00, real=0.61 secs] 
407.697: [Full GC [PSYoungGen: 29184K->0K(58368K)] [ParOldGen: 167212K->163935K(174592K)] 196396K->163935K(232960K) [PSPermGen: 7327K->7327K(21504K)], 0.5777017 secs] [Times: user=2.09 sys=0.00, real=0.58 secs] 
408.320: [Full GC [PSYoungGen: 29184K->0K(58368K)] [ParOldGen: 163935K->166655K(174592K)] 193119K->166655K(232960K) [PSPermGen: 7327K->7327K(21504K)], 0.5656818 secs] [Times: user=1.98 sys=0.00, real=0.57 secs] 
408.910: [Full GC [PSYoungGen: 29184K->0K(58368K)] [ParOldGen: 166655K->168204K(174592K)] 195839K->168204K(232960K) [PSPermGen: 7327K->7327K(21504K)], 0.3883604 secs] [Times: user=1.34 sys=0.00, real=0.39 secs] 
409.323: [Full GC [PSYoungGen: 29184K->0K(58368K)] [ParOldGen: 168204K->166483K(174592K)] 197388K->166483K(232960K) [PSPermGen: 7327K->7327K(21504K)], 0.5444517 secs] [Times: user=1.97 sys=0.00, real=0.54 secs] 
409.913: [Full GC [PSYoungGen: 29184K->0K(58368K)] [ParOldGen: 166483K->168382K(174592K)] 195667K->168382K(232960K) [PSPermGen: 7327K->7327K(21504K)], 0.3926073 secs] [Times: user=1.34 sys=0.02, real=0.39 secs] 
410.327: [Full GC [PSYoungGen: 29184K->0K(58368K)] [ParOldGen: 168382K->165996K(174592K)] 197566K->165996K(232960K) [PSPermGen: 7327K->7327K(21504K)], 0.3647176 secs] [Times: user=1.23 sys=0.00, real=0.37 secs] 
410.722: [Full GC [PSYoungGen: 29184K->0K(58368K)] [ParOldGen: 165996K->169425K(174592K)] 195180K->169425K(232960K) [PSPermGen: 7327K->7327K(21504K)], 0.6023404 secs] [Times: user=2.12 sys=0.00, real=0.60 secs] 
411.369: [Full GC [PSYoungGen: 29184K->0K(58368K)] [ParOldGen: 169425K->169957K(174592K)] 198609K->169957K(232960K) [PSPermGen: 7327K->7327K(21504K)], 0.4326332 secs] [Times: user=1.48 sys=0.00, real=0.43 secs] 
411.825: [Full GC [PSYoungGen: 29184K->0K(58368K)] [ParOldGen: 169957K->168342K(174592K)] 199141K->168342K(232960K) [PSPermGen: 7327K->7319K(21504K)], 0.5426022 secs] [Times: user=1.90 sys=0.00, real=0.54 secs] 
412.394: [Full GC [PSYoungGen: 29184K->0K(58368K)] [ParOldGen: 168342K->166045K(174592K)] 197526K->166045K(232960K) [PSPermGen: 7319K->7319K(21504K)], 0.4426864 secs] [Times: user=1.57 sys=0.00, real=0.44 secs] 
412.880: [Full GC [PSYoungGen: 29184K->0K(58368K)] [ParOldGen: 166045K->168072K(174592K)] 195229K->168072K(232960K) [PSPermGen: 7319K->7319K(21504K)], 0.6144248 secs] [Times: user=2.18 sys=0.00, real=0.62 secs] 
413.520: [Full GC [PSYoungGen: 29184K->0K(58368K)] [ParOldGen: 168072K->166869K(174592K)] 197256K->166869K(232960K) [PSPermGen: 7319K->7319K(21504K)], 0.4850962 secs] [Times: user=1.78 sys=0.00, real=0.49 secs] 
414.033: [Full GC [PSYoungGen: 29184K->0K(58368K)] [ParOldGen: 166869K->166306K(174592K)] 196053K->166306K(232960K) [PSPermGen: 7319K->7319K(21504K)], 0.5834952 secs] [Times: user=2.14 sys=0.00, real=0.58 secs] 
414.642: [Full GC [PSYoungGen: 29184K->0K(58368K)] [ParOldGen: 166306K->165708K(174592K)] 195490K->165708K(232960K) [PSPermGen: 7319K->7319K(21504K)], 0.4474450 secs] [Times: user=1.40 sys=0.00, real=0.45 secs] 
415.140: [Full GC [PSYoungGen: 29184K->0K(58368K)] [ParOldGen: 165708K->167988K(174592K)] 194892K->167988K(232960K) [PSPermGen: 7319K->7319K(21504K)], 0.5627950 secs] [Times: user=2.01 sys=0.00, real=0.56 secs] 
415.726: [Full GC [PSYoungGen: 29184K->0K(58368K)] [ParOldGen: 167988K->167570K(174592K)] 197172K->167570K(232960K) [PSPermGen: 7319K->7319K(21504K)], 0.3177985 secs] [Times: user=1.11 sys=0.00, real=0.32 secs] 
416.070: [Full GC [PSYoungGen: 29184K->0K(58368K)] [ParOldGen: 167570K->160916K(174592K)] 196754K->160916K(232960K) [PSPermGen: 7319K->7319K(21504K)], 0.5911617 secs] [Times: user=2.03 sys=0.00, real=0.59 secs] 
416.686: [Full GC [PSYoungGen: 29184K->0K(58368K)] [ParOldGen: 160916K->162132K(174592K)] 190100K->162132K(232960K) [PSPermGen: 7319K->7319K(21504K)], 0.4069458 secs] [Times: user=1.37 sys=0.00, real=0.41 secs] 
417.143: [Full GC [PSYoungGen: 29184K->0K(58368K)] [ParOldGen: 162132K->167061K(174592K)] 191316K->167061K(232960K) [PSPermGen: 7319K->7319K(21504K)], 0.5328157 secs] [Times: user=1.86 sys=0.00, real=0.53 secs] 
417.702: [Full GC [PSYoungGen: 29184K->0K(58368K)] [ParOldGen: 167061K->168241K(174592K)] 196245K->168241K(232960K) [PSPermGen: 7319K->7319K(21504K)], 0.3753719 secs] [Times: user=1.23 sys=0.00, real=0.38 secs] 
418.104: [Full GC [PSYoungGen: 29184K->0K(58368K)] [ParOldGen: 168241K->163641K(174592K)] 197425K->163641K(232960K) [PSPermGen: 7319K->7319K(21504K)], 0.5704134 secs] [Times: user=2.04 sys=0.00, real=0.57 secs] 
418.700: [Full GC [PSYoungGen: 29184K->0K(58368K)] [ParOldGen: 163641K->165573K(174592K)] 192825K->165573K(232960K) [PSPermGen: 7319K->7319K(21504K)], 0.4953704 secs] [Times: user=1.78 sys=0.00, real=0.49 secs] 
419.238: [Full GC [PSYoungGen: 29184K->0K(58368K)] [ParOldGen: 165573K->168308K(174592K)] 194757K->168308K(232960K) [PSPermGen: 7319K->7319K(21504K)], 0.5738123 secs] [Times: user=2.01 sys=0.00, real=0.57 secs] 
419.835: [Full GC [PSYoungGen: 29184K->0K(58368K)] [ParOldGen: 168308K->167941K(174592K)] 197492K->167941K(232960K) [PSPermGen: 7319K->7319K(21504K)], 0.4184205 secs] [Times: user=1.53 sys=0.00, real=0.42 secs] 
420.282: [Full GC [PSYoungGen: 29184K->0K(58368K)] [ParOldGen: 167941K->163668K(174592K)] 197125K->163668K(232960K) [PSPermGen: 7319K->7319K(21504K)], 0.5972807 secs] [Times: user=2.09 sys=0.00, real=0.60 secs] 
420.930: [Full GC [PSYoungGen: 29184K->0K(58368K)] [ParOldGen: 163668K->165320K(174592K)] 192852K->165320K(232960K) [PSPermGen: 7319K->7319K(21504K)], 0.3922141 secs] [Times: user=1.42 sys=0.00, real=0.39 secs] 
421.346: [Full GC [PSYoungGen: 29184K->0K(58368K)] [ParOldGen: 165320K->165840K(174592K)] 194504K->165840K(232960K) [PSPermGen: 7319K->7319K(21504K)], 0.5274190 secs] [Times: user=1.87 sys=0.00, real=0.53 secs] 
421.897: [Full GC [PSYoungGen: 29184K->0K(58368K)] [ParOldGen: 165840K->163534K(174592K)] 195024K->163534K(232960K) [PSPermGen: 7319K->7319K(21504K)], 0.4372355 secs] [Times: user=1.62 sys=0.00, real=0.44 secs] 
422.365: [Full GC [PSYoungGen: 29184K->0K(58368K)] [ParOldGen: 163534K->164122K(174592K)] 192718K->164122K(232960K) [PSPermGen: 7319K->7319K(21504K)], 0.6023760 secs] [Times: user=2.14 sys=0.00, real=0.60 secs] 
423.010: [Full GC [PSYoungGen: 29184K->0K(58368K)] [ParOldGen: 164122K->167664K(174592K)] 193306K->167664K(232960K) [PSPermGen: 7319K->7319K(21504K)], 0.6278206 secs] [Times: user=2.25 sys=0.00, real=0.63 secs] 
423.662: [Full GC [PSYoungGen: 29184K->0K(58368K)] [ParOldGen: 167664K->168343K(174592K)] 196848K->168343K(232960K) [PSPermGen: 7319K->7319K(21504K)], 0.4009499 secs] [Times: user=1.43 sys=0.00, real=0.40 secs] 
424.090: [Full GC [PSYoungGen: 29184K->0K(58368K)] [ParOldGen: 168343K->167396K(174592K)] 197527K->167396K(232960K) [PSPermGen: 7319K->7319K(21504K)], 0.6375528 secs] [Times: user=2.25 sys=0.00, real=0.64 secs] 
424.758: [Full GC [PSYoungGen: 29184K->0K(58368K)] [ParOldGen: 167396K->169130K(174592K)] 196580K->169130K(232960K) [PSPermGen: 7319K->7319K(21504K)], 0.6355198 secs] [Times: user=2.26 sys=0.00, real=0.64 secs] 
425.441: [Full GC [PSYoungGen: 29184K->0K(58368K)] [ParOldGen: 169130K->170937K(174592K)] 198314K->170937K(232960K) [PSPermGen: 7319K->7319K(21504K)], 0.5716132 secs] [Times: user=2.09 sys=0.00, real=0.57 secs] 
426.036: [Full GC [PSYoungGen: 29184K->0K(58368K)] [ParOldGen: 170937K->172112K(174592K)] 200121K->172112K(232960K) [PSPermGen: 7319K->7319K(21504K)], 0.3862699 secs] [Times: user=1.39 sys=0.00, real=0.39 secs] 
426.449: [Full GC [PSYoungGen: 29184K->0K(58368K)] [ParOldGen: 172112K->167557K(174592K)] 201296K->167557K(232960K) [PSPermGen: 7319K->7319K(21504K)], 0.6388511 secs] [Times: user=2.31 sys=0.00, real=0.64 secs] 
427.133: [Full GC [PSYoungGen: 29184K->0K(58368K)] [ParOldGen: 167557K->170204K(174592K)] 196741K->170204K(232960K) [PSPermGen: 7319K->7319K(21504K)], 0.4279321 secs] [Times: user=1.54 sys=0.00, real=0.43 secs] 
427.585: [Full GC [PSYoungGen: 29184K->0K(58368K)] [ParOldGen: 170204K->167433K(174592K)] 199388K->167433K(232960K) [PSPermGen: 7319K->7319K(21504K)], 0.5684239 secs] [Times: user=1.95 sys=0.00, real=0.57 secs] 
428.183: [Full GC [PSYoungGen: 29184K->0K(58368K)] [ParOldGen: 167433K->163044K(174592K)] 196617K->163044K(232960K) [PSPermGen: 7319K->7319K(21504K)], 0.5921623 secs] [Times: user=2.15 sys=0.00, real=0.59 secs] 
428.806: [Full GC [PSYoungGen: 29184K->0K(58368K)] [ParOldGen: 163044K->160170K(174592K)] 192228K->160170K(232960K) [PSPermGen: 7319K->7319K(21504K)], 0.6031329 secs] [Times: user=2.06 sys=0.00, real=0.60 secs] 
429.450: [Full GC [PSYoungGen: 29184K->0K(58368K)] [ParOldGen: 160170K->161046K(174592K)] 189354K->161046K(232960K) [PSPermGen: 7319K->7319K(21504K)], 0.4792315 secs] [Times: user=1.73 sys=0.00, real=0.48 secs] 
429.953: [Full GC [PSYoungGen: 29184K->0K(58368K)] [ParOldGen: 161046K->162095K(174592K)] 190230K->162095K(232960K) [PSPermGen: 7319K->7319K(21504K)], 0.4418622 secs] [Times: user=1.37 sys=0.00, real=0.44 secs] 
430.420: [Full GC [PSYoungGen: 29184K->0K(58368K)] [ParOldGen: 162095K->158637K(174592K)] 191279K->158637K(232960K) [PSPermGen: 7319K->7319K(21504K)], 0.5714858 secs] [Times: user=1.98 sys=0.00, real=0.57 secs] 
431.040: [Full GC [PSYoungGen: 29184K->0K(58368K)] [ParOldGen: 158637K->160468K(174592K)] 187821K->160468K(232960K) [PSPermGen: 7319K->7319K(21504K)], 0.5561734 secs] [Times: user=1.95 sys=0.00, real=0.56 secs] 
431.629: [Full GC [PSYoungGen: 29184K->0K(58368K)] [ParOldGen: 160468K->158946K(174592K)] 189652K->158946K(232960K) [PSPermGen: 7319K->7319K(21504K)], 0.5555432 secs] [Times: user=1.89 sys=0.00, real=0.56 secs] 
432.225: [Full GC [PSYoungGen: 29184K->0K(58368K)] [ParOldGen: 158946K->162699K(174592K)] 188130K->162699K(232960K) [PSPermGen: 7319K->7319K(21504K)], 0.5010321 secs] [Times: user=1.82 sys=0.00, real=0.50 secs] 
432.751: [Full GC [PSYoungGen: 29184K->0K(58368K)] [ParOldGen: 162699K->163163K(174592K)] 191883K->163163K(232960K) [PSPermGen: 7319K->7319K(21504K)], 0.5879192 secs] [Times: user=2.08 sys=0.00, real=0.59 secs] 
433.368: [Full GC [PSYoungGen: 29184K->0K(58368K)] [ParOldGen: 163163K->165979K(174592K)] 192347K->165979K(232960K) [PSPermGen: 7319K->7319K(21504K)], 0.6009494 secs] [Times: user=2.15 sys=0.00, real=0.60 secs] 
434.016: [Full GC [PSYoungGen: 29184K->0K(58368K)] [ParOldGen: 165979K->168126K(174592K)] 195163K->168126K(232960K) [PSPermGen: 7319K->7319K(21504K)], 0.6083628 secs] [Times: user=2.12 sys=0.00, real=0.61 secs] 
434.648: [Full GC [PSYoungGen: 29183K->0K(58368K)] [ParOldGen: 168126K->167577K(174592K)] 197310K->167577K(232960K) [PSPermGen: 7319K->7319K(21504K)], 0.3992238 secs] [Times: user=1.39 sys=0.00, real=0.40 secs] 
435.077: [Full GC [PSYoungGen: 29184K->0K(58368K)] [ParOldGen: 167577K->166208K(174592K)] 196761K->166208K(232960K) [PSPermGen: 7319K->7319K(21504K)], 0.6035883 secs] [Times: user=2.22 sys=0.00, real=0.60 secs] 
435.712: [Full GC [PSYoungGen: 29184K->0K(58368K)] [ParOldGen: 166208K->169531K(174592K)] 195392K->169531K(232960K) [PSPermGen: 7319K->7319K(21504K)], 0.6175672 secs] [Times: user=2.18 sys=0.00, real=0.62 secs] 
436.371: [Full GC [PSYoungGen: 29184K->0K(58368K)] [ParOldGen: 169531K->170645K(174592K)] 198715K->170645K(232960K) [PSPermGen: 7319K->7319K(21504K)], 0.4753373 secs] [Times: user=1.70 sys=0.00, real=0.48 secs] 
436.871: [Full GC [PSYoungGen: 29184K->0K(58368K)] [ParOldGen: 170645K->171044K(174592K)] 199829K->171044K(232960K) [PSPermGen: 7319K->7319K(21504K)], 0.5630666 secs] [Times: user=2.03 sys=0.00, real=0.56 secs] 
437.461: [Full GC [PSYoungGen: 29184K->0K(58368K)] [ParOldGen: 171044K->168995K(174592K)] 200228K->168995K(232960K) [PSPermGen: 7319K->7319K(21504K)], 0.4870564 secs] [Times: user=1.73 sys=0.00, real=0.49 secs] 
437.993: [Full GC [PSYoungGen: 29184K->0K(58368K)] [ParOldGen: 168995K->169073K(174592K)] 198179K->169073K(232960K) [PSPermGen: 7319K->7319K(21504K)], 0.6298215 secs] [Times: user=2.17 sys=0.00, real=0.63 secs] 
438.647: [Full GC [PSYoungGen: 29184K->0K(58368K)] [ParOldGen: 169073K->170648K(174592K)] 198257K->170648K(232960K) [PSPermGen: 7319K->7319K(21504K)], 0.4694290 secs] [Times: user=1.72 sys=0.00, real=0.47 secs] 
439.145: [Full GC [PSYoungGen: 29184K->0K(58368K)] [ParOldGen: 170648K->167110K(174592K)] 199832K->167110K(232960K) [PSPermGen: 7319K->7319K(21504K)], 0.6379194 secs] [Times: user=2.23 sys=0.00, real=0.64 secs] 
439.814: [Full GC [PSYoungGen: 29184K->0K(58368K)] [ParOldGen: 167110K->167802K(174592K)] 196294K->167802K(232960K) [PSPermGen: 7319K->7319K(21504K)], 0.6216743 secs] [Times: user=2.18 sys=0.00, real=0.62 secs] 
440.476: [Full GC [PSYoungGen: 29184K->0K(58368K)] [ParOldGen: 167802K->170614K(174592K)] 196986K->170614K(232960K) [PSPermGen: 7319K->7319K(21504K)], 0.5935225 secs] [Times: user=2.14 sys=0.00, real=0.59 secs] 
441.095: [Full GC [PSYoungGen: 29184K->0K(58368K)] [ParOldGen: 170614K->169596K(174592K)] 199798K->169596K(232960K) [PSPermGen: 7319K->7319K(21504K)], 0.5509021 secs] [Times: user=1.93 sys=0.00, real=0.55 secs] 
441.673: [Full GC [PSYoungGen: 29184K->0K(58368K)] [ParOldGen: 169596K->169902K(174592K)] 198780K->169902K(232960K) [PSPermGen: 7319K->7319K(21504K)], 0.6672486 secs] [Times: user=2.32 sys=0.00, real=0.68 secs] 
442.396: [Full GC [PSYoungGen: 29184K->0K(58368K)] [ParOldGen: 169902K->170794K(174592K)] 199086K->170794K(232960K) [PSPermGen: 7319K->7319K(21504K)], 0.6219120 secs] [Times: user=2.18 sys=0.00, real=0.62 secs] 
443.044: [Full GC [PSYoungGen: 29184K->826K(58368K)] [ParOldGen: 170794K->174265K(174592K)] 199978K->175091K(232960K) [PSPermGen: 7319K->7319K(21504K)], 0.6915402 secs] [Times: user=2.45 sys=0.00, real=0.69 secs] 
443.766: [Full GC [PSYoungGen: 29184K->0K(58368K)] [ParOldGen: 174265K->166171K(174592K)] 203449K->166171K(232960K) [PSPermGen: 7319K->7319K(21504K)], 0.6159911 secs] [Times: user=2.17 sys=0.00, real=0.62 secs] 
444.429: [Full GC [PSYoungGen: 29184K->0K(58368K)] [ParOldGen: 166171K->168032K(174592K)] 195355K->168032K(232960K) [PSPermGen: 7319K->7319K(21504K)], 0.4417156 secs] [Times: user=1.59 sys=0.00, real=0.44 secs] 
444.896: [Full GC [PSYoungGen: 29184K->0K(58368K)] [ParOldGen: 168032K->166501K(174592K)] 197216K->166501K(232960K) [PSPermGen: 7319K->7319K(21504K)], 0.3887138 secs] [Times: user=1.42 sys=0.00, real=0.39 secs] 
445.322: [Full GC [PSYoungGen: 29184K->0K(58368K)] [ParOldGen: 166501K->164897K(174592K)] 195685K->164897K(232960K) [PSPermGen: 7319K->7319K(21504K)], 0.6215486 secs] [Times: user=2.04 sys=0.00, real=0.62 secs] 
445.987: [Full GC [PSYoungGen: 29184K->0K(58368K)] [ParOldGen: 164897K->167593K(174592K)] 194081K->167593K(232960K) [PSPermGen: 7319K->7319K(21504K)], 0.5858432 secs] [Times: user=2.00 sys=0.01, real=0.59 secs] 
446.598: [Full GC [PSYoungGen: 29184K->0K(58368K)] [ParOldGen: 167593K->170281K(174592K)] 196777K->170281K(232960K) [PSPermGen: 7319K->7319K(21504K)], 0.5093166 secs] [Times: user=1.78 sys=0.00, real=0.51 secs] 
447.135: [Full GC [PSYoungGen: 29184K->0K(58368K)] [ParOldGen: 170281K->167474K(174592K)] 199465K->167474K(232960K) [PSPermGen: 7319K->7319K(21504K)], 0.6142740 secs] [Times: user=2.11 sys=0.00, real=0.61 secs] 
447.779: [Full GC [PSYoungGen: 29184K->0K(58368K)] [ParOldGen: 167474K->169786K(174592K)] 196658K->169786K(232960K) [PSPermGen: 7319K->7319K(21504K)], 0.5821681 secs] [Times: user=2.03 sys=0.00, real=0.58 secs] 
448.403: [Full GC [PSYoungGen: 29184K->0K(58368K)] [ParOldGen: 169786K->171400K(174592K)] 198970K->171400K(232960K) [PSPermGen: 7319K->7319K(21504K)], 0.6078834 secs] [Times: user=2.15 sys=0.00, real=0.61 secs] 
449.035: [Full GC [PSYoungGen: 29184K->0K(58368K)] [ParOldGen: 171400K->171819K(174592K)] 200584K->171819K(232960K) [PSPermGen: 7319K->7319K(21504K)], 0.3307854 secs] [Times: user=1.22 sys=0.00, real=0.33 secs] 
449.394: [Full GC [PSYoungGen: 29184K->0K(58368K)] [ParOldGen: 171819K->166757K(174592K)] 201003K->166757K(232960K) [PSPermGen: 7319K->7319K(21504K)], 0.6139437 secs] [Times: user=2.15 sys=0.00, real=0.61 secs] 
450.056: [Full GC [PSYoungGen: 29184K->0K(58368K)] [ParOldGen: 166757K->169223K(174592K)] 195941K->169223K(232960K) [PSPermGen: 7319K->7319K(21504K)], 0.6170476 secs] [Times: user=2.25 sys=0.00, real=0.62 secs] 
450.699: [Full GC [PSYoungGen: 29184K->0K(58368K)] [ParOldGen: 169223K->165044K(174592K)] 198407K->165044K(232960K) [PSPermGen: 7319K->7319K(21504K)], 0.6206650 secs] [Times: user=2.25 sys=0.00, real=0.62 secs] 
451.365: [Full GC [PSYoungGen: 29184K->0K(58368K)] [ParOldGen: 165044K->164456K(174592K)] 194228K->164456K(232960K) [PSPermGen: 7319K->7319K(21504K)], 0.5842903 secs] [Times: user=2.01 sys=0.00, real=0.58 secs] 
451.974: [Full GC [PSYoungGen: 29184K->0K(58368K)] [ParOldGen: 164456K->165157K(174592K)] 193640K->165157K(232960K) [PSPermGen: 7319K->7319K(21504K)], 0.3765034 secs] [Times: user=1.33 sys=0.00, real=0.38 secs] 
452.379: [Full GC [PSYoungGen: 29184K->0K(58368K)] [ParOldGen: 165157K->162741K(174592K)] 194341K->162741K(232960K) [PSPermGen: 7319K->7319K(21504K)], 0.5722838 secs] [Times: user=2.04 sys=0.00, real=0.57 secs] 
452.993: [Full GC [PSYoungGen: 29184K->0K(58368K)] [ParOldGen: 162741K->164408K(174592K)] 191925K->164408K(232960K) [PSPermGen: 7319K->7319K(21504K)], 0.3520617 secs] [Times: user=1.30 sys=0.00, real=0.35 secs] 
453.370: [Full GC [PSYoungGen: 29184K->0K(58368K)] [ParOldGen: 164408K->167741K(174592K)] 193592K->167741K(232960K) [PSPermGen: 7319K->7319K(21504K)], 0.6238209 secs] [Times: user=2.12 sys=0.00, real=0.62 secs] 
454.021: [Full GC [PSYoungGen: 29184K->0K(58368K)] [ParOldGen: 167741K->165901K(174592K)] 196925K->165901K(232960K) [PSPermGen: 7319K->7319K(21504K)], 0.5959513 secs] [Times: user=2.22 sys=0.00, real=0.60 secs] 
454.647: [Full GC [PSYoungGen: 29184K->0K(58368K)] [ParOldGen: 165901K->167593K(174592K)] 195085K->167593K(232960K) [PSPermGen: 7319K->7319K(21504K)], 0.6555811 secs] [Times: user=2.26 sys=0.00, real=0.66 secs] 
455.343: [Full GC [PSYoungGen: 29184K->0K(58368K)] [ParOldGen: 167593K->167124K(174592K)] 196777K->167124K(232960K) [PSPermGen: 7319K->7319K(21504K)], 0.6128458 secs] [Times: user=2.28 sys=0.00, real=0.61 secs] 
455.980: [Full GC [PSYoungGen: 29184K->0K(58368K)] [ParOldGen: 167124K->167725K(174592K)] 196308K->167725K(232960K) [PSPermGen: 7319K->7319K(21504K)], 0.4176023 secs] [Times: user=1.55 sys=0.02, real=0.42 secs] 
456.425: [Full GC [PSYoungGen: 29184K->0K(58368K)] [ParOldGen: 167725K->168153K(174592K)] 196909K->168153K(232960K) [PSPermGen: 7319K->7319K(21504K)], 0.6189414 secs] [Times: user=2.25 sys=0.00, real=0.62 secs] 
457.086: [Full GC [PSYoungGen: 29184K->0K(58368K)] [ParOldGen: 168153K->170290K(174592K)] 197337K->170290K(232960K) [PSPermGen: 7319K->7319K(21504K)], 0.5538168 secs] [Times: user=1.98 sys=0.00, real=0.55 secs] 
457.666: [Full GC [PSYoungGen: 29184K->0K(58368K)] [ParOldGen: 170290K->171542K(174592K)] 199474K->171542K(232960K) [PSPermGen: 7319K->7319K(21504K)], 0.4680858 secs] [Times: user=1.72 sys=0.00, real=0.47 secs] 
458.163: [Full GC [PSYoungGen: 29184K->0K(58368K)] [ParOldGen: 171542K->170042K(174592K)] 200726K->170042K(232960K) [PSPermGen: 7319K->7319K(21504K)], 0.5853711 secs] [Times: user=2.07 sys=0.00, real=0.59 secs] 
458.779: [Full GC [PSYoungGen: 29184K->0K(58368K)] [ParOldGen: 170042K->171101K(174592K)] 199226K->171101K(232960K) [PSPermGen: 7319K->7319K(21504K)], 0.6453408 secs] [Times: user=2.31 sys=0.00, real=0.65 secs] 
459.471: [Full GC [PSYoungGen: 29184K->0K(58368K)] [ParOldGen: 171101K->171007K(174592K)] 200285K->171007K(232960K) [PSPermGen: 7319K->7319K(21504K)], 0.6317475 secs] [Times: user=2.15 sys=0.00, real=0.63 secs] 
460.129: [Full GC [PSYoungGen: 29184K->0K(58368K)] [ParOldGen: 171007K->167543K(174592K)] 200191K->167543K(232960K) [PSPermGen: 7319K->7319K(21504K)], 0.6215662 secs] [Times: user=2.26 sys=0.00, real=0.62 secs] 
460.777: [Full GC [PSYoungGen: 29184K->0K(58368K)] [ParOldGen: 167543K->163611K(174592K)] 196727K->163611K(232960K) [PSPermGen: 7319K->7319K(21504K)], 0.6035142 secs] [Times: user=2.14 sys=0.00, real=0.60 secs] 
461.422: [Full GC [PSYoungGen: 29184K->0K(58368K)] [ParOldGen: 163611K->165333K(174592K)] 192795K->165333K(232960K) [PSPermGen: 7319K->7319K(21504K)], 0.4543930 secs] [Times: user=1.53 sys=0.00, real=0.45 secs] 
461.902: [Full GC [PSYoungGen: 29184K->0K(58368K)] [ParOldGen: 165333K->164309K(174592K)] 194517K->164309K(232960K) [PSPermGen: 7319K->7319K(21504K)], 0.5312763 secs] [Times: user=1.87 sys=0.00, real=0.53 secs] 
462.458: [Full GC [PSYoungGen: 29184K->0K(58368K)] [ParOldGen: 164309K->162353K(174592K)] 193493K->162353K(232960K) [PSPermGen: 7319K->7319K(21504K)], 0.5313840 secs] [Times: user=1.89 sys=0.00, real=0.53 secs] 
463.042: [Full GC [PSYoungGen: 29184K->0K(58368K)] [ParOldGen: 162353K->164849K(174592K)] 191537K->164849K(232960K) [PSPermGen: 7319K->7319K(21504K)], 0.6116281 secs] [Times: user=2.17 sys=0.00, real=0.61 secs] 
463.678: [Full GC [PSYoungGen: 29184K->0K(58368K)] [ParOldGen: 164849K->164772K(174592K)] 194033K->164772K(232960K) [PSPermGen: 7319K->7319K(21504K)], 0.4501938 secs] [Times: user=1.62 sys=0.00, real=0.45 secs] 
464.157: [Full GC [PSYoungGen: 29184K->0K(58368K)] [ParOldGen: 164772K->162641K(174592K)] 193956K->162641K(232960K) [PSPermGen: 7319K->7319K(21504K)], 0.5286040 secs] [Times: user=1.81 sys=0.00, real=0.53 secs] 
464.711: [Full GC [PSYoungGen: 29184K->0K(58368K)] [ParOldGen: 162641K->163368K(174592K)] 191825K->163368K(232960K) [PSPermGen: 7319K->7319K(21504K)], 0.3836490 secs] [Times: user=1.28 sys=0.00, real=0.38 secs] 
465.135: [Full GC [PSYoungGen: 29184K->0K(58368K)] [ParOldGen: 163368K->165957K(174592K)] 192552K->165957K(232960K) [PSPermGen: 7319K->7319K(21504K)], 0.4286117 secs] [Times: user=1.50 sys=0.00, real=0.43 secs] 
465.589: [Full GC [PSYoungGen: 29184K->0K(58368K)] [ParOldGen: 165957K->165649K(174592K)] 195141K->165649K(232960K) [PSPermGen: 7319K->7319K(21504K)], 0.5949077 secs] [Times: user=2.17 sys=0.00, real=0.60 secs] 
466.209: [Full GC [PSYoungGen: 29184K->0K(58368K)] [ParOldGen: 165649K->164006K(174592K)] 194833K->164006K(232960K) [PSPermGen: 7319K->7319K(21504K)], 0.3442322 secs] [Times: user=1.23 sys=0.00, real=0.34 secs] 
466.584: [Full GC [PSYoungGen: 29184K->0K(58368K)] [ParOldGen: 164006K->165772K(174592K)] 193190K->165772K(232960K) [PSPermGen: 7319K->7319K(21504K)], 0.6006441 secs] [Times: user=2.15 sys=0.00, real=0.60 secs] 
467.230: [Full GC [PSYoungGen: 29184K->0K(58368K)] [ParOldGen: 165772K->166735K(174592K)] 194956K->166735K(232960K) [PSPermGen: 7319K->7319K(21504K)], 0.4695294 secs] [Times: user=1.65 sys=0.00, real=0.47 secs] 
467.724: [Full GC [PSYoungGen: 29184K->0K(58368K)] [ParOldGen: 166735K->165935K(174592K)] 195919K->165935K(232960K) [PSPermGen: 7319K->7319K(21504K)], 0.4488035 secs] [Times: user=1.59 sys=0.00, real=0.45 secs] 
468.198: [Full GC [PSYoungGen: 29184K->0K(58368K)] [ParOldGen: 165935K->161850K(174592K)] 195119K->161850K(232960K) [PSPermGen: 7319K->7319K(21504K)], 0.5830673 secs] [Times: user=2.07 sys=0.02, real=0.58 secs] 
468.809: [Full GC [PSYoungGen: 29184K->0K(58368K)] [ParOldGen: 161850K->161888K(174592K)] 191034K->161888K(232960K) [PSPermGen: 7319K->7319K(21504K)], 0.5882697 secs] [Times: user=2.04 sys=0.00, real=0.59 secs] 
469.447: [Full GC [PSYoungGen: 29184K->0K(58368K)] [ParOldGen: 161888K->164668K(174592K)] 191072K->164668K(232960K) [PSPermGen: 7319K->7319K(21504K)], 0.3792795 secs] [Times: user=1.39 sys=0.00, real=0.38 secs] 
469.852: [Full GC [PSYoungGen: 29184K->0K(58368K)] [ParOldGen: 164668K->169266K(174592K)] 193852K->169266K(232960K) [PSPermGen: 7319K->7319K(21504K)], 0.5086844 secs] [Times: user=1.87 sys=0.00, real=0.51 secs] 
470.386: [Full GC [PSYoungGen: 29184K->0K(58368K)] [ParOldGen: 169266K->166807K(174592K)] 198450K->166807K(232960K) [PSPermGen: 7319K->7319K(21504K)], 0.5361291 secs] [Times: user=1.92 sys=0.00, real=0.54 secs] 
470.972: [Full GC [PSYoungGen: 29184K->0K(58368K)] [ParOldGen: 166807K->168544K(174592K)] 195991K->168544K(232960K) [PSPermGen: 7319K->7319K(21504K)], 0.4841641 secs] [Times: user=1.62 sys=0.00, real=0.48 secs] 
471.480: [Full GC [PSYoungGen: 29184K->0K(58368K)] [ParOldGen: 168544K->168599K(174592K)] 197728K->168599K(232960K) [PSPermGen: 7319K->7319K(21504K)], 0.4437997 secs] [Times: user=1.48 sys=0.00, real=0.44 secs] 
471.951: [Full GC [PSYoungGen: 29184K->0K(58368K)] [ParOldGen: 168599K->167424K(174592K)] 197783K->167424K(232960K) [PSPermGen: 7319K->7319K(21504K)], 0.6499611 secs] [Times: user=2.06 sys=0.00, real=0.65 secs] 
472.631: [Full GC [PSYoungGen: 29184K->0K(58368K)] [ParOldGen: 167424K->169052K(174592K)] 196608K->169052K(232960K) [PSPermGen: 7319K->7319K(21504K)], 0.5970863 secs] [Times: user=2.15 sys=0.00, real=0.60 secs] 
473.277: [Full GC [PSYoungGen: 29184K->0K(58368K)] [ParOldGen: 169052K->169827K(174592K)] 198236K->169827K(232960K) [PSPermGen: 7319K->7319K(21504K)], 0.4516255 secs] [Times: user=1.62 sys=0.00, real=0.45 secs] 
473.754: [Full GC [PSYoungGen: 29184K->0K(58368K)] [ParOldGen: 169827K->170209K(174592K)] 199011K->170209K(232960K) [PSPermGen: 7319K->7319K(21504K)], 0.5336207 secs] [Times: user=1.84 sys=0.00, real=0.53 secs] 
474.316: [Full GC [PSYoungGen: 29184K->0K(58368K)] [ParOldGen: 170209K->166781K(174592K)] 199393K->166781K(232960K) [PSPermGen: 7319K->7319K(21504K)], 0.6064879 secs] [Times: user=2.18 sys=0.00, real=0.61 secs] 
474.973: [Full GC [PSYoungGen: 29184K->0K(58368K)] [ParOldGen: 166781K->168645K(174592K)] 195965K->168645K(232960K) [PSPermGen: 7319K->7319K(21504K)], 0.4238766 secs] [Times: user=1.42 sys=0.00, real=0.42 secs] 
475.422: [Full GC [PSYoungGen: 29184K->0K(58368K)] [ParOldGen: 168645K->171661K(174592K)] 197829K->171661K(232960K) [PSPermGen: 7319K->7319K(21504K)], 0.6249341 secs] [Times: user=2.22 sys=0.00, real=0.63 secs] 
476.075: [Full GC [PSYoungGen: 29184K->0K(58368K)] [ParOldGen: 171661K->167113K(174592K)] 200845K->167113K(232960K) [PSPermGen: 7319K->7319K(21504K)], 0.6033516 secs] [Times: user=2.18 sys=0.00, real=0.60 secs] 
476.709: [Full GC [PSYoungGen: 29184K->0K(58368K)] [ParOldGen: 167113K->166865K(174592K)] 196297K->166865K(232960K) [PSPermGen: 7319K->7319K(21504K)], 0.6330072 secs] [Times: user=1.86 sys=0.00, real=0.63 secs] 
477.382: [Full GC [PSYoungGen: 29184K->0K(58368K)] [ParOldGen: 166865K->167722K(174592K)] 196049K->167722K(232960K) [PSPermGen: 7319K->7319K(21504K)], 0.3881635 secs] [Times: user=1.40 sys=0.00, real=0.39 secs] 
477.795: [Full GC [PSYoungGen: 29184K->0K(58368K)] [ParOldGen: 167722K->166914K(174592K)] 196906K->166914K(232960K) [PSPermGen: 7319K->7319K(21504K)], 0.5717536 secs] [Times: user=2.00 sys=0.00, real=0.57 secs] 
478.398: [Full GC [PSYoungGen: 29184K->0K(58368K)] [ParOldGen: 166914K->167167K(174592K)] 196098K->167167K(232960K) [PSPermGen: 7319K->7319K(21504K)], 0.6650170 secs] [Times: user=2.31 sys=0.00, real=0.66 secs] 
479.107: [Full GC [PSYoungGen: 29184K->0K(58368K)] [ParOldGen: 167167K->168580K(174592K)] 196351K->168580K(232960K) [PSPermGen: 7319K->7319K(21504K)], 0.5879314 secs] [Times: user=2.03 sys=0.00, real=0.59 secs] 
479.720: [Full GC [PSYoungGen: 29184K->0K(58368K)] [ParOldGen: 168580K->168735K(174592K)] 197764K->168735K(232960K) [PSPermGen: 7319K->7319K(21504K)], 0.6250242 secs] [Times: user=2.04 sys=0.00, real=0.63 secs] 
480.370: [Full GC [PSYoungGen: 29184K->0K(58368K)] [ParOldGen: 168735K->166501K(174592K)] 197919K->166501K(232960K) [PSPermGen: 7319K->7319K(21504K)], 0.5829811 secs] [Times: user=2.22 sys=0.00, real=0.58 secs] 
481.001: [Full GC [PSYoungGen: 29184K->0K(58368K)] [ParOldGen: 166501K->168814K(174592K)] 195685K->168814K(232960K) [PSPermGen: 7319K->7319K(21504K)], 0.3247428 secs] [Times: user=1.19 sys=0.00, real=0.33 secs] 
481.349: [Full GC [PSYoungGen: 29184K->0K(58368K)] [ParOldGen: 168814K->166700K(174592K)] 197998K->166700K(232960K) [PSPermGen: 7319K->7319K(21504K)], 0.5399399 secs] [Times: user=1.95 sys=0.00, real=0.54 secs] 
481.932: [Full GC [PSYoungGen: 29184K->0K(58368K)] [ParOldGen: 166700K->168695K(174592K)] 195884K->168695K(232960K) [PSPermGen: 7319K->7319K(21504K)], 0.6172913 secs] [Times: user=2.17 sys=0.00, real=0.62 secs] 
482.576: [Full GC [PSYoungGen: 29184K->0K(58368K)] [ParOldGen: 168695K->167352K(174592K)] 197879K->167352K(232960K) [PSPermGen: 7319K->7319K(21504K)], 0.5195742 secs] [Times: user=1.83 sys=0.00, real=0.52 secs] 
483.119: [Full GC [PSYoungGen: 29184K->0K(58368K)] [ParOldGen: 167352K->164224K(174592K)] 196536K->164224K(232960K) [PSPermGen: 7319K->7319K(21504K)], 0.4225327 secs] [Times: user=1.40 sys=0.00, real=0.42 secs] 
483.581: [Full GC [PSYoungGen: 29184K->0K(58368K)] [ParOldGen: 164224K->163762K(174592K)] 193408K->163762K(232960K) [PSPermGen: 7319K->7319K(21504K)], 0.6210713 secs] [Times: user=2.23 sys=0.00, real=0.62 secs] 
484.241: [Full GC [PSYoungGen: 29184K->0K(58368K)] [ParOldGen: 163762K->166279K(174592K)] 192946K->166279K(232960K) [PSPermGen: 7319K->7319K(21504K)], 0.2041573 secs] [Times: user=0.78 sys=0.00, real=0.20 secs] 
484.470: [Full GC [PSYoungGen: 29184K->0K(58368K)] [ParOldGen: 166279K->165820K(174592K)] 195463K->165820K(232960K) [PSPermGen: 7319K->7319K(21504K)], 0.5672697 secs] [Times: user=2.11 sys=0.00, real=0.57 secs] 
485.064: [Full GC [PSYoungGen: 29184K->0K(58368K)] [ParOldGen: 165820K->163501K(174592K)] 195004K->163501K(232960K) [PSPermGen: 7319K->7319K(21504K)], 0.4171652 secs] [Times: user=1.47 sys=0.00, real=0.42 secs] 
485.515: [Full GC [PSYoungGen: 29184K->0K(58368K)] [ParOldGen: 163501K->165740K(174592K)] 192685K->165740K(232960K) [PSPermGen: 7319K->7319K(21504K)], 0.5918791 secs] [Times: user=2.15 sys=0.00, real=0.59 secs] 
486.132: [Full GC [PSYoungGen: 29183K->0K(58368K)] [ParOldGen: 165740K->163974K(174592K)] 194924K->163974K(232960K) [PSPermGen: 7319K->7319K(21504K)], 0.5535050 secs] [Times: user=1.89 sys=0.00, real=0.55 secs] 
486.716: [Full GC [PSYoungGen: 29184K->0K(58368K)] [ParOldGen: 163974K->166527K(174592K)] 193158K->166527K(232960K) [PSPermGen: 7319K->7319K(21504K)], 0.5987877 secs] [Times: user=2.09 sys=0.00, real=0.60 secs] 
487.353: [Full GC [PSYoungGen: 29184K->0K(58368K)] [ParOldGen: 166527K->168496K(174592K)] 195711K->168496K(232960K) [PSPermGen: 7319K->7319K(21504K)], 0.5177570 secs] [Times: user=1.92 sys=0.00, real=0.52 secs] 
487.895: [Full GC [PSYoungGen: 29184K->0K(58368K)] [ParOldGen: 168496K->166386K(174592K)] 197680K->166386K(232960K) [PSPermGen: 7319K->7319K(21504K)], 0.6097278 secs] [Times: user=2.17 sys=0.00, real=0.61 secs] 
488.536: [Full GC [PSYoungGen: 29184K->0K(58368K)] [ParOldGen: 166386K->163739K(174592K)] 195570K->163739K(232960K) [PSPermGen: 7319K->7319K(21504K)], 0.5935645 secs] [Times: user=2.12 sys=0.00, real=0.59 secs] 
489.174: [Full GC [PSYoungGen: 29184K->0K(58368K)] [ParOldGen: 163739K->164913K(174592K)] 192923K->164913K(232960K) [PSPermGen: 7319K->7319K(21504K)], 0.4290559 secs] [Times: user=1.51 sys=0.00, real=0.43 secs] 
489.628: [Full GC [PSYoungGen: 29184K->0K(58368K)] [ParOldGen: 164913K->165102K(174592K)] 194097K->165102K(232960K) [PSPermGen: 7319K->7319K(21504K)], 0.6074748 secs] [Times: user=2.12 sys=0.00, real=0.61 secs] 
490.286: [Full GC [PSYoungGen: 29184K->0K(58368K)] [ParOldGen: 165102K->167375K(174592K)] 194286K->167375K(232960K) [PSPermGen: 7319K->7319K(21504K)], 0.5685394 secs] [Times: user=1.98 sys=0.00, real=0.57 secs] 
490.881: [Full GC [PSYoungGen: 29184K->0K(58368K)] [ParOldGen: 167375K->168863K(174592K)] 196559K->168863K(232960K) [PSPermGen: 7319K->7319K(21504K)], 0.5360203 secs] [Times: user=1.90 sys=0.00, real=0.54 secs] 
491.442: [Full GC [PSYoungGen: 29184K->0K(58368K)] [ParOldGen: 168863K->166972K(174592K)] 198047K->166972K(232960K) [PSPermGen: 7319K->7319K(21504K)], 0.5715721 secs] [Times: user=2.01 sys=0.02, real=0.57 secs] 
492.063: [Full GC [PSYoungGen: 29184K->0K(58368K)] [ParOldGen: 166972K->171820K(174592K)] 196156K->171820K(232960K) [PSPermGen: 7319K->7319K(21504K)], 0.6248728 secs] [Times: user=2.00 sys=0.00, real=0.63 secs] 
492.712: [Full GC [PSYoungGen: 29184K->0K(58368K)] [ParOldGen: 171820K->169928K(174592K)] 201004K->169928K(232960K) [PSPermGen: 7319K->7319K(21504K)], 0.6044112 secs] [Times: user=2.00 sys=0.00, real=0.60 secs] 
493.364: [Full GC [PSYoungGen: 29184K->0K(58368K)] [ParOldGen: 169928K->173892K(174592K)] 199112K->173892K(232960K) [PSPermGen: 7319K->7319K(21504K)], 0.5561628 secs] [Times: user=1.92 sys=0.00, real=0.56 secs] 
493.943: [Full GC [PSYoungGen: 29184K->0K(58368K)] [ParOldGen: 173892K->171333K(174592K)] 203076K->171333K(232960K) [PSPermGen: 7319K->7319K(21504K)], 0.6420432 secs] [Times: user=2.14 sys=0.00, real=0.64 secs] 
494.613: [Full GC [PSYoungGen: 29184K->0K(58368K)] [ParOldGen: 171333K->170076K(174592K)] 200517K->170076K(232960K) [PSPermGen: 7319K->7319K(21504K)], 0.6528877 secs] [Times: user=2.26 sys=0.00, real=0.65 secs] 
495.314: [Full GC [PSYoungGen: 29184K->0K(58368K)] [ParOldGen: 170076K->169068K(174592K)] 199260K->169068K(232960K) [PSPermGen: 7319K->7319K(21504K)], 0.6033856 secs] [Times: user=2.12 sys=0.00, real=0.60 secs] 
495.942: [Full GC [PSYoungGen: 29184K->0K(58368K)] [ParOldGen: 169068K->167573K(174592K)] 198252K->167573K(232960K) [PSPermGen: 7319K->7319K(21504K)], 0.6002063 secs] [Times: user=2.04 sys=0.00, real=0.60 secs] 
496.570: [Full GC [PSYoungGen: 29184K->0K(58368K)] [ParOldGen: 167573K->162725K(174592K)] 196757K->162725K(232960K) [PSPermGen: 7319K->7319K(21504K)], 0.5983224 secs] [Times: user=2.15 sys=0.00, real=0.60 secs] 
497.211: [Full GC [PSYoungGen: 29184K->0K(58368K)] [ParOldGen: 162725K->165085K(174592K)] 191909K->165085K(232960K) [PSPermGen: 7320K->7320K(21504K)], 0.5866796 secs] [Times: user=2.00 sys=0.00, real=0.59 secs] 
497.824: [Full GC [PSYoungGen: 29184K->0K(58368K)] [ParOldGen: 165085K->161980K(174592K)] 194269K->161980K(232960K) [PSPermGen: 7320K->7320K(21504K)], 0.4512875 secs] [Times: user=1.58 sys=0.00, real=0.45 secs] 
498.321: [Full GC [PSYoungGen: 29184K->0K(58368K)] [ParOldGen: 161980K->163796K(174592K)] 191164K->163796K(232960K) [PSPermGen: 7320K->7320K(21504K)], 0.5321672 secs] [Times: user=1.95 sys=0.00, real=0.53 secs] 
498.876: [Full GC [PSYoungGen: 29184K->0K(58368K)] [ParOldGen: 163796K->163169K(174592K)] 192980K->163169K(232960K) [PSPermGen: 7320K->7320K(21504K)], 0.5016469 secs] [Times: user=1.75 sys=0.00, real=0.50 secs] 
499.419: [Full GC [PSYoungGen: 29184K->0K(58368K)] [ParOldGen: 163169K->163288K(174592K)] 192353K->163288K(232960K) [PSPermGen: 7320K->7320K(21504K)], 0.6076380 secs] [Times: user=2.17 sys=0.00, real=0.61 secs] 
500.068: [Full GC [PSYoungGen: 29184K->0K(58368K)] [ParOldGen: 163288K->162997K(174592K)] 192472K->162997K(232960K) [PSPermGen: 7320K->7320K(21504K)], 0.5657013 secs] [Times: user=2.04 sys=0.00, real=0.57 secs] 
500.658: [Full GC [PSYoungGen: 29184K->0K(58368K)] [ParOldGen: 162997K->161635K(174592K)] 192181K->161635K(232960K) [PSPermGen: 7320K->7320K(21504K)], 0.4797546 secs] [Times: user=1.75 sys=0.00, real=0.48 secs] 
501.183: [Full GC [PSYoungGen: 29184K->0K(58368K)] [ParOldGen: 161635K->163575K(174592K)] 190819K->163575K(232960K) [PSPermGen: 7320K->7320K(21504K)], 0.5638973 secs] [Times: user=2.01 sys=0.00, real=0.56 secs] 
501.771: [Full GC [PSYoungGen: 29184K->0K(58368K)] [ParOldGen: 163575K->161103K(174592K)] 192759K->161103K(232960K) [PSPermGen: 7320K->7320K(21504K)], 0.4844967 secs] [Times: user=1.78 sys=0.00, real=0.48 secs] 
502.307: [Full GC [PSYoungGen: 29184K->0K(58368K)] [ParOldGen: 161103K->163600K(174592K)] 190287K->163600K(232960K) [PSPermGen: 7320K->7320K(21504K)], 0.5938115 secs] [Times: user=2.12 sys=0.00, real=0.59 secs] 
502.925: [Full GC [PSYoungGen: 29184K->0K(58368K)] [ParOldGen: 163600K->161734K(174592K)] 192784K->161734K(232960K) [PSPermGen: 7320K->7320K(21504K)], 0.3568535 secs] [Times: user=1.23 sys=0.00, real=0.36 secs] 
503.310: [Full GC [PSYoungGen: 29184K->0K(58368K)] [ParOldGen: 161734K->161329K(174592K)] 190918K->161329K(232960K) [PSPermGen: 7320K->7320K(21504K)], 0.5810276 secs] [Times: user=2.06 sys=0.00, real=0.58 secs] 
503.942: [Full GC [PSYoungGen: 29184K->0K(58368K)] [ParOldGen: 161329K->165415K(174592K)] 190513K->165415K(232960K) [PSPermGen: 7320K->7320K(21504K)], 0.5504373 secs] [Times: user=1.92 sys=0.00, real=0.55 secs] 
504.519: [Full GC [PSYoungGen: 29184K->0K(58368K)] [ParOldGen: 165415K->165987K(174592K)] 194599K->165987K(232960K) [PSPermGen: 7320K->7320K(21504K)], 0.6249331 secs] [Times: user=2.17 sys=0.00, real=0.63 secs] 
505.192: [Full GC [PSYoungGen: 29184K->0K(58368K)] [ParOldGen: 165987K->168029K(174592K)] 195171K->168029K(232960K) [PSPermGen: 7320K->7320K(21504K)], 0.3021609 secs] [Times: user=1.08 sys=0.00, real=0.30 secs] 
505.519: [Full GC [PSYoungGen: 29184K->0K(58368K)] [ParOldGen: 168029K->167582K(174592K)] 197213K->167582K(232960K) [PSPermGen: 7320K->7320K(21504K)], 0.4601422 secs] [Times: user=1.58 sys=0.03, real=0.46 secs] 
506.006: [Full GC [PSYoungGen: 29184K->0K(58368K)] [ParOldGen: 167582K->165788K(174592K)] 196766K->165788K(232960K) [PSPermGen: 7320K->7320K(21504K)], 0.5017826 secs] [Times: user=1.75 sys=0.00, real=0.50 secs] 
506.537: [Full GC [PSYoungGen: 29184K->0K(58368K)] [ParOldGen: 165788K->164026K(174592K)] 194972K->164026K(232960K) [PSPermGen: 7320K->7320K(21504K)], 0.6055094 secs] [Times: user=2.20 sys=0.00, real=0.61 secs] 
507.186: [Full GC [PSYoungGen: 29184K->0K(58368K)] [ParOldGen: 164026K->166763K(174592K)] 193210K->166763K(232960K) [PSPermGen: 7320K->7320K(21504K)], 0.5347439 secs] [Times: user=1.95 sys=0.00, real=0.53 secs] 
507.745: [Full GC [PSYoungGen: 29183K->0K(58368K)] [ParOldGen: 166763K->162447K(174592K)] 195947K->162447K(232960K) [PSPermGen: 7320K->7320K(21504K)], 0.6112897 secs] [Times: user=2.00 sys=0.00, real=0.61 secs] 
508.405: [Full GC [PSYoungGen: 29184K->0K(58368K)] [ParOldGen: 162447K->164072K(174592K)] 191631K->164072K(232960K) [PSPermGen: 7320K->7320K(21504K)], 0.5620881 secs] [Times: user=1.95 sys=0.00, real=0.56 secs] 
508.991: [Full GC [PSYoungGen: 29184K->0K(58368K)] [ParOldGen: 164072K->162543K(174592K)] 193256K->162543K(232960K) [PSPermGen: 7320K->7320K(21504K)], 0.3955682 secs] [Times: user=1.34 sys=0.00, real=0.40 secs] 
509.418: [Full GC [PSYoungGen: 29184K->0K(58368K)] [ParOldGen: 162543K->163883K(174592K)] 191727K->163883K(232960K) [PSPermGen: 7320K->7320K(21504K)], 0.6014215 secs] [Times: user=2.17 sys=0.00, real=0.60 secs] 
510.063: [Full GC [PSYoungGen: 29184K->0K(58368K)] [ParOldGen: 163883K->165746K(174592K)] 193067K->165746K(232960K) [PSPermGen: 7320K->7320K(21504K)], 0.4770525 secs] [Times: user=1.61 sys=0.00, real=0.48 secs] 
510.565: [Full GC [PSYoungGen: 29162K->0K(58368K)] [ParOldGen: 165746K->165285K(174592K)] 194908K->165285K(232960K) [PSPermGen: 7320K->7320K(21504K)], 0.4873338 secs] [Times: user=1.72 sys=0.00, real=0.49 secs] 
511.078: [Full GC [PSYoungGen: 29184K->0K(58368K)] [ParOldGen: 165285K->161654K(174592K)] 194469K->161654K(232960K) [PSPermGen: 7320K->7320K(21504K)], 0.4858405 secs] [Times: user=1.67 sys=0.00, real=0.49 secs] 
511.594: [Full GC [PSYoungGen: 29184K->0K(58368K)] [ParOldGen: 161654K->163325K(174592K)] 190838K->163325K(232960K) [PSPermGen: 7320K->7320K(21504K)], 0.5869711 secs] [Times: user=2.06 sys=0.00, real=0.59 secs] 
512.234: [Full GC [PSYoungGen: 29184K->0K(58368K)] [ParOldGen: 163325K->166411K(174592K)] 192509K->166411K(232960K) [PSPermGen: 7323K->7323K(21504K)], 0.4852116 secs] [Times: user=1.76 sys=0.00, real=0.48 secs] 
512.745: [Full GC [PSYoungGen: 29184K->0K(58368K)] [ParOldGen: 166411K->165261K(174592K)] 195595K->165261K(232960K) [PSPermGen: 7323K->7323K(21504K)], 0.6093022 secs] [Times: user=2.07 sys=0.00, real=0.61 secs] 
513.406: [Full GC [PSYoungGen: 29184K->0K(58368K)] [ParOldGen: 165261K->167223K(174592K)] 194445K->167223K(232960K) [PSPermGen: 7323K->7323K(21504K)], 0.5936081 secs] [Times: user=2.20 sys=0.00, real=0.59 secs] 
514.028: [Full GC [PSYoungGen: 29184K->0K(58368K)] [ParOldGen: 167223K->164706K(174592K)] 196407K->164706K(232960K) [PSPermGen: 7323K->7323K(21504K)], 0.6385393 secs] [Times: user=2.21 sys=0.00, real=0.64 secs] 
514.707: [Full GC [PSYoungGen: 29184K->0K(58368K)] [ParOldGen: 164706K->165427K(174592K)] 193890K->165427K(232960K) [PSPermGen: 7323K->7323K(21504K)], 0.6053455 secs] [Times: user=2.15 sys=0.00, real=0.61 secs] 
515.366: [Full GC [PSYoungGen: 29184K->0K(58368K)] [ParOldGen: 165427K->170179K(174592K)] 194611K->170179K(232960K) [PSPermGen: 7323K->7323K(21504K)], 0.4718559 secs] [Times: user=1.75 sys=0.00, real=0.47 secs] 
515.861: [Full GC [PSYoungGen: 29184K->0K(58368K)] [ParOldGen: 170179K->167311K(174592K)] 199363K->167311K(232960K) [PSPermGen: 7323K->7323K(21504K)], 0.5970324 secs] [Times: user=1.87 sys=0.00, real=0.60 secs] 
516.504: [Full GC [PSYoungGen: 29184K->0K(58368K)] [ParOldGen: 167311K->166524K(174592K)] 196495K->166524K(232960K) [PSPermGen: 7323K->7323K(21504K)], 0.4910968 secs] [Times: user=1.75 sys=0.00, real=0.49 secs] 
517.021: [Full GC [PSYoungGen: 29184K->0K(58368K)] [ParOldGen: 166524K->166090K(174592K)] 195708K->166090K(232960K) [PSPermGen: 7323K->7323K(21504K)], 0.6357488 secs] [Times: user=2.22 sys=0.00, real=0.64 secs] 
517.688: [Full GC [PSYoungGen: 29184K->0K(58368K)] [ParOldGen: 166090K->167767K(174592K)] 195274K->167767K(232960K) [PSPermGen: 7323K->7323K(21504K)], 0.6218767 secs] [Times: user=2.15 sys=0.00, real=0.62 secs] 
518.353: [Full GC [PSYoungGen: 29184K->0K(58368K)] [ParOldGen: 167767K->168800K(174592K)] 196951K->168800K(232960K) [PSPermGen: 7323K->7323K(21504K)], 0.3528500 secs] [Times: user=1.30 sys=0.00, real=0.35 secs] 
518.731: [Full GC [PSYoungGen: 29184K->0K(58368K)] [ParOldGen: 168800K->163058K(174592K)] 197984K->163058K(232960K) [PSPermGen: 7323K->7323K(21504K)], 0.5997486 secs] [Times: user=2.22 sys=0.00, real=0.60 secs] 
519.356: [Full GC [PSYoungGen: 29184K->0K(58368K)] [ParOldGen: 163058K->161491K(174592K)] 192242K->161491K(232960K) [PSPermGen: 7323K->7323K(21504K)], 0.4361665 secs] [Times: user=1.53 sys=0.00, real=0.44 secs] 
519.824: [Full GC [PSYoungGen: 29184K->0K(58368K)] [ParOldGen: 161491K->160470K(174592K)] 190675K->160470K(232960K) [PSPermGen: 7323K->7323K(21504K)], 0.5805872 secs] [Times: user=2.11 sys=0.00, real=0.58 secs] 
520.448: [Full GC [PSYoungGen: 29184K->0K(58368K)] [ParOldGen: 160470K->162311K(174592K)] 189654K->162311K(232960K) [PSPermGen: 7323K->7323K(21504K)], 0.4797895 secs] [Times: user=1.70 sys=0.00, real=0.48 secs] 
520.952: [Full GC [PSYoungGen: 29184K->0K(58368K)] [ParOldGen: 162311K->164011K(174592K)] 191495K->164011K(232960K) [PSPermGen: 7323K->7323K(21504K)], 0.6112522 secs] [Times: user=2.22 sys=0.00, real=0.61 secs] 
521.593: [Full GC [PSYoungGen: 29184K->0K(58368K)] [ParOldGen: 164011K->162332K(174592K)] 193195K->162332K(232960K) [PSPermGen: 7323K->7323K(21504K)], 0.3712304 secs] [Times: user=1.37 sys=0.00, real=0.37 secs] 
522.006: [Full GC [PSYoungGen: 29184K->0K(58368K)] [ParOldGen: 162332K->164257K(174592K)] 191516K->164257K(232960K) [PSPermGen: 7323K->7323K(21504K)], 0.5912046 secs] [Times: user=2.06 sys=0.01, real=0.59 secs] 
522.621: [Full GC [PSYoungGen: 29184K->0K(58368K)] [ParOldGen: 164257K->166376K(174592K)] 193441K->166376K(232960K) [PSPermGen: 7323K->7323K(21504K)], 0.4921850 secs] [Times: user=1.73 sys=0.00, real=0.49 secs] 
523.143: [Full GC [PSYoungGen: 29184K->0K(58368K)] [ParOldGen: 166376K->165808K(174592K)] 195560K->165808K(232960K) [PSPermGen: 7323K->7323K(21504K)], 0.6223340 secs] [Times: user=2.12 sys=0.00, real=0.62 secs] 
523.793: [Full GC [PSYoungGen: 29184K->0K(58368K)] [ParOldGen: 165808K->166548K(174592K)] 194992K->166548K(232960K) [PSPermGen: 7323K->7323K(21504K)], 0.6034347 secs] [Times: user=1.98 sys=0.02, real=0.60 secs] 
524.445: [Full GC [PSYoungGen: 29184K->0K(58368K)] [ParOldGen: 166548K->168394K(174592K)] 195732K->168394K(232960K) [PSPermGen: 7323K->7323K(21504K)], 0.5120732 secs] [Times: user=1.69 sys=0.00, real=0.51 secs] 
524.982: [Full GC [PSYoungGen: 29184K->0K(58368K)] [ParOldGen: 168394K->169563K(174592K)] 197578K->169563K(232960K) [PSPermGen: 7323K->7323K(21504K)], 0.6898016 secs] [Times: user=2.45 sys=0.00, real=0.69 secs] 
525.702: [Full GC [PSYoungGen: 29184K->0K(58368K)] [ParOldGen: 169563K->167639K(174592K)] 198747K->167639K(232960K) [PSPermGen: 7323K->7323K(21504K)], 0.5961639 secs] [Times: user=2.17 sys=0.00, real=0.60 secs] 
526.343: [Full GC [PSYoungGen: 29184K->0K(58368K)] [ParOldGen: 167639K->166417K(174592K)] 196823K->166417K(232960K) [PSPermGen: 7323K->7323K(21504K)], 0.5941626 secs] [Times: user=2.04 sys=0.00, real=0.60 secs] 
526.962: [Full GC [PSYoungGen: 29184K->0K(58368K)] [ParOldGen: 166417K->167837K(174592K)] 195601K->167837K(232960K) [PSPermGen: 7323K->7323K(21504K)], 0.6287228 secs] [Times: user=2.18 sys=0.02, real=0.63 secs] 
527.616: [Full GC [PSYoungGen: 29184K->0K(58368K)] [ParOldGen: 167837K->162896K(174592K)] 197021K->162896K(232960K) [PSPermGen: 7323K->7323K(21504K)], 0.5465711 secs] [Times: user=1.98 sys=0.00, real=0.55 secs] 
528.206: [Full GC [PSYoungGen: 29184K->0K(58368K)] [ParOldGen: 162896K->166968K(174592K)] 192080K->166968K(232960K) [PSPermGen: 7323K->7323K(21504K)], 0.5481788 secs] [Times: user=1.89 sys=0.00, real=0.55 secs] 
528.781: [Full GC [PSYoungGen: 29184K->0K(58368K)] [ParOldGen: 166968K->167585K(174592K)] 196152K->167585K(232960K) [PSPermGen: 7323K->7323K(21504K)], 0.4368041 secs] [Times: user=1.55 sys=0.00, real=0.44 secs] 
529.246: [Full GC [PSYoungGen: 29184K->0K(58368K)] [ParOldGen: 167585K->170400K(174592K)] 196769K->170400K(232960K) [PSPermGen: 7323K->7323K(21504K)], 0.6206656 secs] [Times: user=2.17 sys=0.00, real=0.62 secs] 
529.909: [Full GC [PSYoungGen: 29184K->0K(58368K)] [ParOldGen: 170400K->171979K(174592K)] 199584K->171979K(232960K) [PSPermGen: 7323K->7323K(21504K)], 0.4469119 secs] [Times: user=1.68 sys=0.00, real=0.45 secs] 
530.381: [Full GC [PSYoungGen: 29184K->0K(58368K)] [ParOldGen: 171979K->168332K(174592K)] 201163K->168332K(232960K) [PSPermGen: 7323K->7323K(21504K)], 0.5548662 secs] [Times: user=2.08 sys=0.00, real=0.55 secs] 
530.966: [Full GC [PSYoungGen: 29184K->0K(58368K)] [ParOldGen: 168332K->166319K(174592K)] 197516K->166319K(232960K) [PSPermGen: 7323K->7323K(21504K)], 0.4538032 secs] [Times: user=1.65 sys=0.00, real=0.45 secs] 
531.451: [Full GC [PSYoungGen: 29184K->0K(58368K)] [ParOldGen: 166319K->166895K(174592K)] 195503K->166895K(232960K) [PSPermGen: 7323K->7323K(21504K)], 0.6303167 secs] [Times: user=2.14 sys=0.00, real=0.63 secs] 
532.131: [Full GC [PSYoungGen: 29184K->0K(58368K)] [ParOldGen: 166895K->169855K(174592K)] 196079K->169855K(232960K) [PSPermGen: 7323K->7323K(21504K)], 0.5493854 secs] [Times: user=2.06 sys=0.02, real=0.55 secs] 
532.706: [Full GC [PSYoungGen: 29184K->0K(58368K)] [ParOldGen: 169855K->169371K(174592K)] 199039K->169371K(232960K) [PSPermGen: 7323K->7323K(21504K)], 0.6189440 secs] [Times: user=2.22 sys=0.00, real=0.62 secs] 
533.355: [Full GC [PSYoungGen: 29184K->0K(58368K)] [ParOldGen: 169371K->166265K(174592K)] 198555K->166265K(232960K) [PSPermGen: 7323K->7323K(21504K)], 0.5723297 secs] [Times: user=2.04 sys=0.00, real=0.57 secs] 
533.977: [Full GC [PSYoungGen: 29184K->0K(58368K)] [ParOldGen: 166265K->167930K(174592K)] 195449K->167930K(232960K) [PSPermGen: 7323K->7323K(21504K)], 0.5124308 secs] [Times: user=1.73 sys=0.00, real=0.51 secs] 
534.515: [Full GC [PSYoungGen: 29184K->0K(58368K)] [ParOldGen: 167930K->169186K(174592K)] 197114K->169186K(232960K) [PSPermGen: 7323K->7323K(21504K)], 0.5416647 secs] [Times: user=1.98 sys=0.00, real=0.54 secs] 
535.085: [Full GC [PSYoungGen: 29184K->0K(58368K)] [ParOldGen: 169186K->167284K(174592K)] 198370K->167284K(232960K) [PSPermGen: 7323K->7323K(21504K)], 0.3980888 secs] [Times: user=1.42 sys=0.00, real=0.40 secs] 
535.513: [Full GC [PSYoungGen: 29184K->0K(58368K)] [ParOldGen: 167284K->171680K(174592K)] 196468K->171680K(232960K) [PSPermGen: 7323K->7323K(21504K)], 0.5663274 secs] [Times: user=2.03 sys=0.00, real=0.57 secs] 
536.103: [Full GC [PSYoungGen: 29184K->0K(58368K)] [ParOldGen: 171680K->169556K(174592K)] 200864K->169556K(232960K) [PSPermGen: 7324K->7324K(21504K)], 0.6047483 secs] [Times: user=2.17 sys=0.00, real=0.60 secs] 
536.739: [Full GC [PSYoungGen: 29184K->0K(58368K)] [ParOldGen: 169556K->167828K(174592K)] 198740K->167828K(232960K) [PSPermGen: 7324K->7324K(21504K)], 0.6213286 secs] [Times: user=2.20 sys=0.00, real=0.62 secs] 
537.424: [Full GC [PSYoungGen: 29184K->0K(58368K)] [ParOldGen: 167828K->169769K(174592K)] 197012K->169769K(232960K) [PSPermGen: 7324K->7324K(21504K)], 0.6108657 secs] [Times: user=2.20 sys=0.00, real=0.61 secs] 
538.059: [Full GC [PSYoungGen: 29184K->0K(58368K)] [ParOldGen: 169769K->166178K(174592K)] 198953K->166178K(232960K) [PSPermGen: 7324K->7324K(21504K)], 0.5079574 secs] [Times: user=1.73 sys=0.02, real=0.51 secs] 
538.596: [Full GC [PSYoungGen: 29184K->0K(58368K)] [ParOldGen: 166178K->169472K(174592K)] 195362K->169472K(232960K) [PSPermGen: 7324K->7324K(21504K)], 0.6306304 secs] [Times: user=2.12 sys=0.00, real=0.63 secs] 
539.269: [Full GC [PSYoungGen: 29184K->0K(58368K)] [ParOldGen: 169472K->171162K(174592K)] 198656K->171162K(232960K) [PSPermGen: 7324K->7324K(21504K)], 0.5295049 secs] [Times: user=1.75 sys=0.00, real=0.53 secs] 
539.822: [Full GC [PSYoungGen: 29184K->0K(58368K)] [ParOldGen: 171162K->170788K(174592K)] 200346K->170788K(232960K) [PSPermGen: 7324K->7324K(21504K)], 0.5644768 secs] [Times: user=1.83 sys=0.00, real=0.57 secs] 
540.413: [Full GC [PSYoungGen: 29184K->0K(58368K)] [ParOldGen: 170788K->168643K(174592K)] 199972K->168643K(232960K) [PSPermGen: 7324K->7324K(21504K)], 0.5754509 secs] [Times: user=1.95 sys=0.00, real=0.58 secs] 
541.032: [Full GC [PSYoungGen: 29184K->0K(58368K)] [ParOldGen: 168643K->168634K(174592K)] 197827K->168634K(232960K) [PSPermGen: 7324K->7324K(21504K)], 0.5967906 secs] [Times: user=2.00 sys=0.00, real=0.60 secs] 
541.654: [Full GC [PSYoungGen: 29184K->0K(58368K)] [ParOldGen: 168634K->169550K(174592K)] 197818K->169550K(232960K) [PSPermGen: 7324K->7324K(21504K)], 0.6199414 secs] [Times: user=2.18 sys=0.00, real=0.62 secs] 
542.301: [Full GC [PSYoungGen: 29184K->0K(58368K)] [ParOldGen: 169550K->167781K(174592K)] 198734K->167781K(232960K) [PSPermGen: 7324K->7324K(21504K)], 0.3242995 secs] [Times: user=1.09 sys=0.00, real=0.33 secs] 
542.657: [Full GC [PSYoungGen: 29184K->0K(58368K)] [ParOldGen: 167781K->166700K(174592K)] 196965K->166700K(232960K) [PSPermGen: 7324K->7324K(21504K)], 0.5840321 secs] [Times: user=2.12 sys=0.00, real=0.58 secs] 
543.292: [Full GC [PSYoungGen: 29184K->0K(58368K)] [ParOldGen: 166700K->167564K(174592K)] 195884K->167564K(232960K) [PSPermGen: 7324K->7324K(21504K)], 0.4157001 secs] [Times: user=1.53 sys=0.00, real=0.42 secs] 
543.733: [Full GC [PSYoungGen: 29184K->0K(58368K)] [ParOldGen: 167564K->168303K(174592K)] 196748K->168303K(232960K) [PSPermGen: 7324K->7324K(21504K)], 0.6459464 secs] [Times: user=2.18 sys=0.00, real=0.65 secs] 
544.406: [Full GC [PSYoungGen: 29184K->0K(58368K)] [ParOldGen: 168303K->165976K(174592K)] 197487K->165976K(232960K) [PSPermGen: 7324K->7324K(21504K)], 0.6141913 secs] [Times: user=2.29 sys=0.00, real=0.62 secs] 
545.067: [Full GC [PSYoungGen: 29184K->0K(58368K)] [ParOldGen: 165976K->167917K(174592K)] 195160K->167917K(232960K) [PSPermGen: 7324K->7324K(21504K)], 0.6157580 secs] [Times: user=2.09 sys=0.00, real=0.62 secs] 
545.708: [Full GC [PSYoungGen: 29184K->0K(58368K)] [ParOldGen: 167917K->167277K(174592K)] 197101K->167277K(232960K) [PSPermGen: 7324K->7324K(21504K)], 0.6129716 secs] [Times: user=2.20 sys=0.00, real=0.61 secs] 
546.346: [Full GC [PSYoungGen: 29184K->0K(58368K)] [ParOldGen: 167277K->165339K(174592K)] 196461K->165339K(232960K) [PSPermGen: 7324K->7324K(21504K)], 0.4551169 secs] [Times: user=1.62 sys=0.00, real=0.45 secs] 
546.832: [Full GC [PSYoungGen: 29184K->0K(58368K)] [ParOldGen: 165339K->166300K(174592K)] 194523K->166300K(232960K) [PSPermGen: 7324K->7324K(21504K)], 0.6179232 secs] [Times: user=2.17 sys=0.00, real=0.62 secs] 
547.494: [Full GC [PSYoungGen: 29184K->0K(58368K)] [ParOldGen: 166300K->167325K(174592K)] 195484K->167325K(232960K) [PSPermGen: 7324K->7324K(21504K)], 0.4571910 secs] [Times: user=1.62 sys=0.00, real=0.46 secs] 
547.978: [Full GC [PSYoungGen: 29133K->0K(58368K)] [ParOldGen: 167325K->167503K(174592K)] 196459K->167503K(232960K) [PSPermGen: 7324K->7324K(21504K)], 0.4654469 secs] [Times: user=1.68 sys=0.00, real=0.47 secs] 
548.469: [Full GC [PSYoungGen: 29184K->0K(58368K)] [ParOldGen: 167503K->165789K(174592K)] 196687K->165789K(232960K) [PSPermGen: 7324K->7324K(21504K)], 0.5381653 secs] [Times: user=1.93 sys=0.00, real=0.54 secs] 
549.057: [Full GC [PSYoungGen: 29184K->0K(58368K)] [ParOldGen: 165789K->170010K(174592K)] 194973K->170010K(232960K) [PSPermGen: 7324K->7324K(21504K)], 0.6134870 secs] [Times: user=2.14 sys=0.00, real=0.61 secs] 
549.696: [Full GC [PSYoungGen: 29184K->0K(58368K)] [ParOldGen: 170010K->172238K(174592K)] 199194K->172238K(232960K) [PSPermGen: 7324K->7324K(21504K)], 0.5740256 secs] [Times: user=2.07 sys=0.00, real=0.57 secs] 
550.298: [Full GC [PSYoungGen: 29184K->0K(58368K)] [ParOldGen: 172238K->170067K(174592K)] 201422K->170067K(232960K) [PSPermGen: 7324K->7324K(21504K)], 0.6337029 secs] [Times: user=2.26 sys=0.00, real=0.63 secs] 
550.982: [Full GC [PSYoungGen: 29184K->0K(58368K)] [ParOldGen: 170067K->171724K(174592K)] 199251K->171724K(232960K) [PSPermGen: 7324K->7324K(21504K)], 0.5917999 secs] [Times: user=2.15 sys=0.00, real=0.59 secs] 
551.599: [Full GC [PSYoungGen: 29184K->0K(58368K)] [ParOldGen: 171724K->173413K(174592K)] 200908K->173413K(232960K) [PSPermGen: 7324K->7324K(21504K)], 0.4509889 secs] [Times: user=1.64 sys=0.00, real=0.45 secs] 
552.085: [Full GC [PSYoungGen: 29184K->0K(58368K)] [ParOldGen: 173413K->167810K(174592K)] 202597K->167810K(232960K) [PSPermGen: 7324K->7324K(21504K)], 0.6519268 secs] [Times: user=2.25 sys=0.00, real=0.65 secs] 
552.768: [Full GC [PSYoungGen: 29184K->0K(58368K)] [ParOldGen: 167810K->162899K(174592K)] 196994K->162899K(232960K) [PSPermGen: 7324K->7324K(21504K)], 0.5926302 secs] [Times: user=2.23 sys=0.00, real=0.59 secs] 
553.410: [Full GC [PSYoungGen: 29184K->0K(58368K)] [ParOldGen: 162899K->165428K(174592K)] 192083K->165428K(232960K) [PSPermGen: 7324K->7324K(21504K)], 0.5645118 secs] [Times: user=2.01 sys=0.00, real=0.56 secs] 
554.000: [Full GC [PSYoungGen: 29184K->0K(58368K)] [ParOldGen: 165428K->163419K(174592K)] 194612K->163419K(232960K) [PSPermGen: 7324K->7324K(21504K)], 0.5958063 secs] [Times: user=2.22 sys=0.00, real=0.60 secs] 
554.620: [Full GC [PSYoungGen: 29184K->0K(58368K)] [ParOldGen: 163419K->161525K(174592K)] 192603K->161525K(232960K) [PSPermGen: 7324K->7324K(21504K)], 0.4350244 secs] [Times: user=1.18 sys=0.02, real=0.43 secs] 
555.108: [Full GC [PSYoungGen: 29184K->0K(58368K)] [ParOldGen: 161525K->164748K(174592K)] 190709K->164748K(232960K) [PSPermGen: 7324K->7324K(21504K)], 0.5658607 secs] [Times: user=2.08 sys=0.00, real=0.57 secs] 
555.700: [Full GC [PSYoungGen: 29184K->0K(58368K)] [ParOldGen: 164748K->164823K(174592K)] 193932K->164823K(232960K) [PSPermGen: 7324K->7324K(21504K)], 0.3896705 secs] [Times: user=1.40 sys=0.00, real=0.39 secs] 
556.114: [Full GC [PSYoungGen: 29184K->0K(58368K)] [ParOldGen: 164823K->162938K(174592K)] 194007K->162938K(232960K) [PSPermGen: 7324K->7324K(21504K)], 0.5546381 secs] [Times: user=1.90 sys=0.00, real=0.56 secs] 
556.697: [Full GC [PSYoungGen: 29184K->0K(58368K)] [ParOldGen: 162938K->160331K(174592K)] 192122K->160331K(232960K) [PSPermGen: 7324K->7324K(21504K)], 0.5943567 secs] [Times: user=2.11 sys=0.00, real=0.59 secs] 
557.340: [Full GC [PSYoungGen: 29184K->0K(58368K)] [ParOldGen: 160331K->163083K(174592K)] 189515K->163083K(232960K) [PSPermGen: 7324K->7324K(21504K)], 0.5217804 secs] [Times: user=1.82 sys=0.00, real=0.52 secs] 
557.886: [Full GC [PSYoungGen: 29184K->0K(58368K)] [ParOldGen: 163083K->165238K(174592K)] 192267K->165238K(232960K) [PSPermGen: 7324K->7324K(21504K)], 0.4790788 secs] [Times: user=1.75 sys=0.00, real=0.48 secs] 
558.391: [Full GC [PSYoungGen: 29184K->0K(58368K)] [ParOldGen: 165238K->162997K(174592K)] 194422K->162997K(232960K) [PSPermGen: 7324K->7324K(21504K)], 0.6059366 secs] [Times: user=2.11 sys=0.00, real=0.61 secs] 
559.045: [Full GC [PSYoungGen: 29184K->0K(58368K)] [ParOldGen: 162997K->164711K(174592K)] 192181K->164711K(232960K) [PSPermGen: 7324K->7324K(21504K)], 0.5081290 secs] [Times: user=1.75 sys=0.00, real=0.51 secs] 
559.580: [Full GC [PSYoungGen: 29184K->0K(58368K)] [ParOldGen: 164711K->167174K(174592K)] 193895K->167174K(232960K) [PSPermGen: 7324K->7324K(21504K)], 0.6139565 secs] [Times: user=2.12 sys=0.00, real=0.61 secs] 
560.222: [Full GC [PSYoungGen: 29184K->0K(58368K)] [ParOldGen: 167174K->163459K(174592K)] 196358K->163459K(232960K) [PSPermGen: 7324K->7324K(21504K)], 0.6153943 secs] [Times: user=2.15 sys=0.00, real=0.62 secs] 
560.863: [Full GC [PSYoungGen: 29184K->0K(58368K)] [ParOldGen: 163459K->166888K(174592K)] 192643K->166888K(232960K) [PSPermGen: 7324K->7324K(21504K)], 0.5883871 secs] [Times: user=2.11 sys=0.00, real=0.59 secs] 
561.499: [Full GC [PSYoungGen: 29184K->0K(58368K)] [ParOldGen: 166888K->166776K(174592K)] 196072K->166776K(232960K) [PSPermGen: 7324K->7324K(21504K)], 0.5055744 secs] [Times: user=1.86 sys=0.00, real=0.51 secs] 
562.026: [Full GC [PSYoungGen: 29184K->0K(58368K)] [ParOldGen: 166776K->165434K(174592K)] 195960K->165434K(232960K) [PSPermGen: 7324K->7324K(21504K)], 0.5171364 secs] [Times: user=1.86 sys=0.00, real=0.52 secs] 
562.575: [Full GC [PSYoungGen: 29184K->0K(58368K)] [ParOldGen: 165434K->166334K(174592K)] 194618K->166334K(232960K) [PSPermGen: 7324K->7324K(21504K)], 0.6234132 secs] [Times: user=2.11 sys=0.00, real=0.62 secs] 
563.246: [Full GC [PSYoungGen: 29184K->0K(58368K)] [ParOldGen: 166334K->163708K(174592K)] 195518K->163708K(232960K) [PSPermGen: 7324K->7324K(21504K)], 0.5906642 secs] [Times: user=2.12 sys=0.00, real=0.59 secs] 
563.862: [Full GC [PSYoungGen: 29184K->0K(58368K)] [ParOldGen: 163708K->163559K(174592K)] 192892K->163559K(232960K) [PSPermGen: 7324K->7324K(21504K)], 0.6031335 secs] [Times: user=2.12 sys=0.00, real=0.60 secs] 
564.513: [Full GC [PSYoungGen: 29184K->0K(58368K)] [ParOldGen: 163559K->166024K(174592K)] 192743K->166024K(232960K) [PSPermGen: 7324K->7324K(21504K)], 0.6024007 secs] [Times: user=2.23 sys=0.00, real=0.60 secs] 
565.142: [Full GC [PSYoungGen: 29184K->0K(58368K)] [ParOldGen: 166024K->164039K(174592K)] 195208K->164039K(232960K) [PSPermGen: 7324K->7324K(21504K)], 0.4857687 secs] [Times: user=1.70 sys=0.00, real=0.49 secs] 
565.659: [Full GC [PSYoungGen: 29184K->0K(58368K)] [ParOldGen: 164039K->164683K(174592K)] 193223K->164683K(232960K) [PSPermGen: 7324K->7324K(21504K)], 0.6039417 secs] [Times: user=2.08 sys=0.00, real=0.60 secs] 
566.310: [Full GC [PSYoungGen: 29184K->0K(58368K)] [ParOldGen: 164683K->167212K(174592K)] 193867K->167212K(232960K) [PSPermGen: 7324K->7324K(21504K)], 0.6230681 secs] [Times: user=2.17 sys=0.00, real=0.62 secs] 
566.959: [Full GC [PSYoungGen: 29184K->0K(58368K)] [ParOldGen: 167212K->167410K(174592K)] 196396K->167410K(232960K) [PSPermGen: 7324K->7324K(21504K)], 0.6562264 secs] [Times: user=2.32 sys=0.00, real=0.66 secs] 
567.645: [Full GC [PSYoungGen: 29184K->0K(58368K)] [ParOldGen: 167410K->166001K(174592K)] 196594K->166001K(232960K) [PSPermGen: 7324K->7324K(21504K)], 0.6393325 secs] [Times: user=2.18 sys=0.00, real=0.64 secs] 
568.334: [Full GC [PSYoungGen: 29184K->0K(58368K)] [ParOldGen: 166001K->167461K(174592K)] 195185K->167461K(232960K) [PSPermGen: 7324K->7324K(21504K)], 0.4766753 secs] [Times: user=1.81 sys=0.00, real=0.48 secs] 
568.837: [Full GC [PSYoungGen: 29184K->0K(58368K)] [ParOldGen: 167461K->165236K(174592K)] 196645K->165236K(232960K) [PSPermGen: 7324K->7324K(21504K)], 0.5133115 secs] [Times: user=1.81 sys=0.00, real=0.51 secs] 
569.376: [Full GC [PSYoungGen: 29184K->0K(58368K)] [ParOldGen: 165236K->161935K(174592K)] 194420K->161935K(232960K) [PSPermGen: 7324K->7324K(21504K)], 0.4739495 secs] [Times: user=1.72 sys=0.00, real=0.47 secs] 
569.881: [Full GC [PSYoungGen: 29184K->0K(58368K)] [ParOldGen: 161935K->162590K(174592K)] 191119K->162590K(232960K) [PSPermGen: 7324K->7324K(21504K)], 0.6008881 secs] [Times: user=2.07 sys=0.00, real=0.60 secs] 
570.534: [Full GC [PSYoungGen: 29184K->0K(58368K)] [ParOldGen: 162590K->164219K(174592K)] 191774K->164219K(232960K) [PSPermGen: 7324K->7324K(21504K)], 0.5292237 secs] [Times: user=1.78 sys=0.00, real=0.53 secs] 
571.087: [Full GC [PSYoungGen: 29184K->0K(58368K)] [ParOldGen: 164219K->165753K(174592K)] 193403K->165753K(232960K) [PSPermGen: 7324K->7324K(21504K)], 0.5360486 secs] [Times: user=1.84 sys=0.00, real=0.54 secs] 
571.658: [Full GC [PSYoungGen: 29184K->0K(58368K)] [ParOldGen: 165753K->163603K(174592K)] 194937K->163603K(232960K) [PSPermGen: 7324K->7324K(21504K)], 0.5897662 secs] [Times: user=2.15 sys=0.00, real=0.59 secs] 
572.300: [Full GC [PSYoungGen: 29184K->0K(58368K)] [ParOldGen: 163603K->165116K(174592K)] 192787K->165116K(232960K) [PSPermGen: 7324K->7324K(21504K)], 0.5372792 secs] [Times: user=1.92 sys=0.00, real=0.54 secs] 
572.862: [Full GC [PSYoungGen: 29184K->0K(58368K)] [ParOldGen: 165116K->168043K(174592K)] 194300K->168043K(232960K) [PSPermGen: 7324K->7324K(21504K)], 0.4713315 secs] [Times: user=1.73 sys=0.00, real=0.47 secs] 
573.364: [Full GC [PSYoungGen: 29184K->0K(58368K)] [ParOldGen: 168043K->163832K(174592K)] 197227K->163832K(232960K) [PSPermGen: 7324K->7324K(21504K)], 0.4730390 secs] [Times: user=1.65 sys=0.00, real=0.47 secs] 
573.868: [Full GC [PSYoungGen: 29184K->0K(58368K)] [ParOldGen: 163832K->162168K(174592K)] 193016K->162168K(232960K) [PSPermGen: 7324K->7324K(21504K)], 0.6239607 secs] [Times: user=2.09 sys=0.00, real=0.62 secs] 
574.534: [Full GC [PSYoungGen: 29184K->0K(58368K)] [ParOldGen: 162168K->163365K(174592K)] 191352K->163365K(232960K) [PSPermGen: 7324K->7324K(21504K)], 0.5148298 secs] [Times: user=1.81 sys=0.00, real=0.51 secs] 
575.074: [Full GC [PSYoungGen: 29184K->0K(58368K)] [ParOldGen: 163365K->164798K(174592K)] 192549K->164798K(232960K) [PSPermGen: 7324K->7324K(21504K)], 0.6104491 secs] [Times: user=2.22 sys=0.00, real=0.61 secs] 
575.714: [Full GC [PSYoungGen: 29184K->0K(58368K)] [ParOldGen: 164798K->164368K(174592K)] 193982K->164368K(232960K) [PSPermGen: 7324K->7324K(21504K)], 0.5906453 secs] [Times: user=2.15 sys=0.00, real=0.59 secs] 
576.350: [Full GC [PSYoungGen: 29184K->0K(58368K)] [ParOldGen: 164368K->165103K(174592K)] 193552K->165103K(232960K) [PSPermGen: 7324K->7324K(21504K)], 0.5225594 secs] [Times: user=1.87 sys=0.00, real=0.52 secs] 
576.899: [Full GC [PSYoungGen: 29184K->0K(58368K)] [ParOldGen: 165103K->164752K(174592K)] 194287K->164752K(232960K) [PSPermGen: 7324K->7324K(21504K)], 0.4202377 secs] [Times: user=1.56 sys=0.00, real=0.42 secs] 
577.345: [Full GC [PSYoungGen: 29184K->0K(58368K)] [ParOldGen: 164752K->162745K(174592K)] 193936K->162745K(232960K) [PSPermGen: 7324K->7324K(21504K)], 0.5046928 secs] [Times: user=1.73 sys=0.00, real=0.51 secs] 
577.881: [Full GC [PSYoungGen: 29184K->0K(58368K)] [ParOldGen: 162745K->162122K(174592K)] 191929K->162122K(232960K) [PSPermGen: 7324K->7324K(21504K)], 0.5772113 secs] [Times: user=2.14 sys=0.00, real=0.58 secs] 
578.506: [Full GC [PSYoungGen: 29184K->0K(58368K)] [ParOldGen: 162122K->164531K(174592K)] 191306K->164531K(232960K) [PSPermGen: 7324K->7324K(21504K)], 0.5112489 secs] [Times: user=1.86 sys=0.00, real=0.51 secs] 
579.043: [Full GC [PSYoungGen: 29184K->0K(58368K)] [ParOldGen: 164531K->165196K(174592K)] 193715K->165196K(232960K) [PSPermGen: 7324K->7324K(21504K)], 0.3718154 secs] [Times: user=1.34 sys=0.00, real=0.37 secs] 
579.443: [Full GC [PSYoungGen: 29184K->0K(58368K)] [ParOldGen: 165196K->164989K(174592K)] 194380K->164989K(232960K) [PSPermGen: 7324K->7324K(21504K)], 0.6122682 secs] [Times: user=2.23 sys=0.00, real=0.61 secs] 
580.105: [Full GC [PSYoungGen: 29184K->0K(58368K)] [ParOldGen: 164989K->164556K(174592K)] 194173K->164556K(232960K) [PSPermGen: 7324K->7324K(21504K)], 0.5862502 secs] [Times: user=2.06 sys=0.00, real=0.59 secs] 
580.717: [Full GC [PSYoungGen: 29184K->0K(58368K)] [ParOldGen: 164556K->169355K(174592K)] 193740K->169355K(232960K) [PSPermGen: 7324K->7324K(21504K)], 0.5730070 secs] [Times: user=2.11 sys=0.00, real=0.57 secs] 
581.318: [Full GC [PSYoungGen: 29184K->0K(58368K)] [ParOldGen: 169355K->166934K(174592K)] 198539K->166934K(232960K) [PSPermGen: 7324K->7324K(21504K)], 0.6309165 secs] [Times: user=2.17 sys=0.00, real=0.63 secs] 
581.996: [Full GC [PSYoungGen: 29184K->0K(58368K)] [ParOldGen: 166934K->169470K(174592K)] 196118K->169470K(232960K) [PSPermGen: 7324K->7324K(21504K)], 0.6256256 secs] [Times: user=2.31 sys=0.00, real=0.63 secs] 
582.646: [Full GC [PSYoungGen: 29184K->0K(58368K)] [ParOldGen: 169470K->169706K(174592K)] 198654K->169706K(232960K) [PSPermGen: 7324K->7324K(21504K)], 0.3918678 secs] [Times: user=1.42 sys=0.00, real=0.39 secs] 
583.066: [Full GC [PSYoungGen: 29184K->0K(58368K)] [ParOldGen: 169706K->165468K(174592K)] 198890K->165468K(232960K) [PSPermGen: 7324K->7324K(21504K)], 0.6111152 secs] [Times: user=2.14 sys=0.00, real=0.61 secs] 
583.705: [Full GC [PSYoungGen: 29184K->0K(58368K)] [ParOldGen: 165468K->165177K(174592K)] 194652K->165177K(232960K) [PSPermGen: 7324K->7324K(21504K)], 0.6016421 secs] [Times: user=2.14 sys=0.00, real=0.60 secs] 
584.358: [Full GC [PSYoungGen: 29184K->0K(58368K)] [ParOldGen: 165177K->165573K(174592K)] 194361K->165573K(232960K) [PSPermGen: 7324K->7324K(21504K)], 0.6149860 secs] [Times: user=2.14 sys=0.00, real=0.62 secs] 
584.997: [Full GC [PSYoungGen: 29184K->0K(58368K)] [ParOldGen: 165573K->165925K(174592K)] 194757K->165925K(232960K) [PSPermGen: 7324K->7324K(21504K)], 0.4545669 secs] [Times: user=1.45 sys=0.00, real=0.45 secs] 
585.477: [Full GC [PSYoungGen: 29183K->0K(58368K)] [ParOldGen: 165925K->164103K(174592K)] 195109K->164103K(232960K) [PSPermGen: 7324K->7324K(21504K)], 0.4891603 secs] [Times: user=1.62 sys=0.02, real=0.49 secs] 
586.013: [Full GC [PSYoungGen: 29184K->0K(58368K)] [ParOldGen: 164103K->163516K(174592K)] 193287K->163516K(232960K) [PSPermGen: 7324K->7324K(21504K)], 0.5926020 secs] [Times: user=2.00 sys=0.00, real=0.59 secs] 
586.630: [Full GC [PSYoungGen: 29184K->0K(58368K)] [ParOldGen: 163516K->163416K(174592K)] 192700K->163416K(232960K) [PSPermGen: 7324K->7324K(21504K)], 0.4941055 secs] [Times: user=1.75 sys=0.00, real=0.49 secs] 
587.154: [Full GC [PSYoungGen: 29184K->0K(58368K)] [ParOldGen: 163416K->162193K(174592K)] 192600K->162193K(232960K) [PSPermGen: 7324K->7324K(21504K)], 0.5937701 secs] [Times: user=2.15 sys=0.00, real=0.59 secs] 
587.774: [Full GC [PSYoungGen: 29184K->0K(58368K)] [ParOldGen: 162193K->160887K(174592K)] 191377K->160887K(232960K) [PSPermGen: 7324K->7324K(21504K)], 0.5411679 secs] [Times: user=1.86 sys=0.00, real=0.54 secs] 
588.360: [Full GC [PSYoungGen: 29184K->0K(58368K)] [ParOldGen: 160887K->162006K(174592K)] 190071K->162006K(232960K) [PSPermGen: 7324K->7324K(21504K)], 0.4292188 secs] [Times: user=1.56 sys=0.00, real=0.43 secs] 
588.814: [Full GC [PSYoungGen: 29184K->0K(58368K)] [ParOldGen: 162006K->162771K(174592K)] 191190K->162771K(232960K) [PSPermGen: 7324K->7324K(21504K)], 0.4484427 secs] [Times: user=1.58 sys=0.00, real=0.45 secs] 
589.290: [Full GC [PSYoungGen: 29184K->0K(58368K)] [ParOldGen: 162771K->161884K(174592K)] 191955K->161884K(232960K) [PSPermGen: 7324K->7324K(21504K)], 0.5773486 secs] [Times: user=2.08 sys=0.00, real=0.58 secs] 
589.895: [Full GC [PSYoungGen: 29184K->0K(58368K)] [ParOldGen: 161884K->161360K(174592K)] 191068K->161360K(232960K) [PSPermGen: 7324K->7324K(21504K)], 0.5354626 secs] [Times: user=1.97 sys=0.00, real=0.54 secs] 
590.479: [Full GC [PSYoungGen: 29184K->0K(58368K)] [ParOldGen: 161360K->163162K(174592K)] 190544K->163162K(232960K) [PSPermGen: 7324K->7324K(21504K)], 0.5378042 secs] [Times: user=1.81 sys=0.00, real=0.54 secs] 
591.042: [Full GC [PSYoungGen: 29184K->0K(58368K)] [ParOldGen: 163162K->162200K(174592K)] 192346K->162200K(232960K) [PSPermGen: 7324K->7324K(21504K)], 0.3998919 secs] [Times: user=1.44 sys=0.00, real=0.40 secs] 
591.480: [Full GC [PSYoungGen: 29184K->0K(58368K)] [ParOldGen: 162200K->161689K(174592K)] 191384K->161689K(232960K) [PSPermGen: 7324K->7324K(21504K)], 0.5698890 secs] [Times: user=2.04 sys=0.00, real=0.57 secs] 
592.095: [Full GC [PSYoungGen: 29184K->0K(58368K)] [ParOldGen: 161689K->165350K(174592K)] 190873K->165350K(232960K) [PSPermGen: 7324K->7324K(21504K)], 0.3697901 secs] [Times: user=1.26 sys=0.00, real=0.37 secs] 
592.491: [Full GC [PSYoungGen: 29184K->0K(58368K)] [ParOldGen: 165350K->165958K(174592K)] 194534K->165958K(232960K) [PSPermGen: 7324K->7324K(21504K)], 0.5669954 secs] [Times: user=2.04 sys=0.00, real=0.57 secs] 
593.083: [Full GC [PSYoungGen: 29184K->0K(58368K)] [ParOldGen: 165958K->164573K(174592K)] 195142K->164573K(232960K) [PSPermGen: 7324K->7324K(21504K)], 0.5140510 secs] [Times: user=1.78 sys=0.02, real=0.52 secs] 
593.627: [Full GC [PSYoungGen: 29184K->0K(58368K)] [ParOldGen: 164573K->169390K(174592K)] 193757K->169390K(232960K) [PSPermGen: 7324K->7324K(21504K)], 0.5885857 secs] [Times: user=2.06 sys=0.00, real=0.59 secs] 
594.259: [Full GC [PSYoungGen: 29184K->0K(58368K)] [ParOldGen: 169390K->170878K(174592K)] 198574K->170878K(232960K) [PSPermGen: 7324K->7324K(21504K)], 0.4214067 secs] [Times: user=1.50 sys=0.00, real=0.42 secs] 
594.706: [Full GC [PSYoungGen: 29184K->0K(58368K)] [ParOldGen: 170878K->170642K(174592K)] 200062K->170642K(232960K) [PSPermGen: 7324K->7324K(21504K)], 0.5798454 secs] [Times: user=2.03 sys=0.00, real=0.58 secs] 
595.313: [Full GC [PSYoungGen: 29184K->0K(58368K)] [ParOldGen: 170642K->164887K(174592K)] 199826K->164887K(232960K) [PSPermGen: 7324K->7324K(21504K)], 0.5556080 secs] [Times: user=2.03 sys=0.00, real=0.56 secs] 
595.900: [Full GC [PSYoungGen: 29184K->0K(58368K)] [ParOldGen: 164887K->166836K(174592K)] 194071K->166836K(232960K) [PSPermGen: 7324K->7324K(21504K)], 0.6051300 secs] [Times: user=2.22 sys=0.00, real=0.61 secs] 
596.550: [Full GC [PSYoungGen: 29184K->0K(58368K)] [ParOldGen: 166836K->167834K(174592K)] 196020K->167834K(232960K) [PSPermGen: 7324K->7324K(21504K)], 0.5831988 secs] [Times: user=2.00 sys=0.00, real=0.58 secs] 
597.156: [Full GC [PSYoungGen: 29184K->0K(58368K)] [ParOldGen: 167834K->166360K(174592K)] 197018K->166360K(232960K) [PSPermGen: 7324K->7324K(21504K)], 0.5031033 secs] [Times: user=1.73 sys=0.00, real=0.50 secs] 
597.691: [Full GC [PSYoungGen: 29184K->0K(58368K)] [ParOldGen: 166360K->162136K(174592K)] 195544K->162136K(232960K) [PSPermGen: 7324K->7324K(21504K)], 0.6122894 secs] [Times: user=2.23 sys=0.00, real=0.61 secs] 
598.343: [Full GC [PSYoungGen: 29184K->0K(58368K)] [ParOldGen: 162136K->163915K(174592K)] 191320K->163915K(232960K) [PSPermGen: 7324K->7324K(21504K)], 0.4603664 secs] [Times: user=1.62 sys=0.00, real=0.46 secs] 
598.828: [Full GC [PSYoungGen: 29184K->0K(58368K)] [ParOldGen: 163915K->162548K(174592K)] 193099K->162548K(232960K) [PSPermGen: 7324K->7324K(21504K)], 0.5323350 secs] [Times: user=1.87 sys=0.00, real=0.53 secs] 
599.409: [Full GC [PSYoungGen: 29184K->0K(58368K)] [ParOldGen: 162548K->165066K(174592K)] 191732K->165066K(232960K) [PSPermGen: 7324K->7324K(21504K)], 0.5894513 secs] [Times: user=2.18 sys=0.00, real=0.59 secs] 
600.023: [Full GC [PSYoungGen: 29184K->0K(58368K)] [ParOldGen: 165066K->164260K(174592K)] 194250K->164260K(232960K) [PSPermGen: 7324K->7324K(21504K)], 0.6095444 secs] [Times: user=2.15 sys=0.00, real=0.61 secs] 
600.663: [Full GC [PSYoungGen: 29184K->0K(58368K)] [ParOldGen: 164260K->162665K(174592K)] 193444K->162665K(232960K) [PSPermGen: 7324K->7324K(21504K)], 0.6245316 secs] [Times: user=2.17 sys=0.00, real=0.62 secs] 
601.336: [Full GC [PSYoungGen: 29184K->0K(58368K)] [ParOldGen: 162665K->164999K(174592K)] 191849K->164999K(232960K) [PSPermGen: 7324K->7324K(21504K)], 0.5726529 secs] [Times: user=1.82 sys=0.00, real=0.57 secs] 
601.934: [Full GC [PSYoungGen: 29184K->0K(58368K)] [ParOldGen: 164999K->164167K(174592K)] 194183K->164167K(232960K) [PSPermGen: 7324K->7324K(21504K)], 0.6109517 secs] [Times: user=2.17 sys=0.00, real=0.61 secs] 
602.574: [Full GC [PSYoungGen: 29184K->0K(58368K)] [ParOldGen: 164167K->165362K(174592K)] 193351K->165362K(232960K) [PSPermGen: 7324K->7324K(21504K)], 0.6294466 secs] [Times: user=2.17 sys=0.00, real=0.63 secs] 
603.249: [Full GC [PSYoungGen: 29184K->0K(58368K)] [ParOldGen: 165362K->166667K(174592K)] 194546K->166667K(232960K) [PSPermGen: 7324K->7324K(21504K)], 0.4955423 secs] [Times: user=1.76 sys=0.00, real=0.50 secs] 
603.770: [Full GC [PSYoungGen: 29184K->0K(58368K)] [ParOldGen: 166667K->169121K(174592K)] 195851K->169121K(232960K) [PSPermGen: 7324K->7324K(21504K)], 0.5422539 secs] [Times: user=1.84 sys=0.00, real=0.54 secs] 
Heap
 PSYoungGen      total 58368K, used 1987K [0x00000000faa80000, 0x0000000100000000, 0x0000000100000000)
  eden space 29184K, 6% used [0x00000000faa80000,0x00000000fac72518,0x00000000fc700000)
  from space 29184K, 0% used [0x00000000fe380000,0x00000000fe380000,0x0000000100000000)
  to   space 29184K, 0% used [0x00000000fc700000,0x00000000fc700000,0x00000000fe380000)
 ParOldGen       total 174592K, used 169121K [0x00000000f0000000, 0x00000000faa80000, 0x00000000faa80000)
  object space 174592K, 96% used [0x00000000f0000000,0x00000000fa528538,0x00000000faa80000)
 PSPermGen       total 21504K, used 7335K [0x00000000eae00000, 0x00000000ec300000, 0x00000000f0000000)
  object space 21504K, 34% used [0x00000000eae00000,0x00000000eb529c40,0x00000000ec300000)
