0.066: [GC0.066: [DefNew: 69568K->676K(78208K), 0.0026414 secs] 69568K->676K(251968K), 0.0028146 secs] [Times: user=0.00 sys=0.00, real=0.00 secs] 
0.110: [GC0.110: [DefNew: 70244K->5118K(78208K), 0.0110164 secs] 70244K->5118K(251968K), 0.0112749 secs] [Times: user=0.00 sys=0.00, real=0.01 secs] 
0.195: [GC0.195: [DefNew: 74686K->8640K(78208K), 0.0793826 secs] 74686K->34339K(251968K), 0.0797864 secs] [Times: user=0.08 sys=0.00, real=0.08 secs] 
0.323: [GC0.323: [DefNew: 78208K->8640K(78208K), 0.0832466 secs] 103907K->58583K(251968K), 0.0837001 secs] [Times: user=0.08 sys=0.01, real=0.08 secs] 
0.469: [GC0.469: [DefNew: 78208K->8639K(78208K), 0.1538229 secs] 128151K->110850K(251968K), 0.1542665 secs] [Times: user=0.13 sys=0.02, real=0.15 secs] 
0.698: [GC0.698: [DefNew: 78207K->8639K(78208K), 0.1691892 secs] 180418K->171184K(251968K), 0.1695892 secs] [Times: user=0.16 sys=0.02, real=0.17 secs] 
0.947: [GC0.947: [DefNew: 78207K->8639K(78208K), 0.1770276 secs]1.124: [Tenured: 226347K->188878K(226368K), 0.5065340 secs] 240752K->188878K(304576K), [Perm : 2603K->2603K(21248K)], 0.6844302 secs] [Times: user=0.67 sys=0.02, real=0.68 secs] 
1.772: [GC1.772: [DefNew: 130112K->16256K(146368K), 0.2972135 secs] 318990K->307948K(461168K), 0.2976028 secs] [Times: user=0.26 sys=0.03, real=0.30 secs] 
2.206: [GC2.206: [DefNew: 146368K->16255K(146368K), 0.3398432 secs]2.546: [Tenured: 410657K->165405K(410800K), 0.5383978 secs] 438060K->165405K(557168K), [Perm : 2603K->2603K(21248K)], 0.8852661 secs] [Times: user=0.86 sys=0.03, real=0.89 secs] 
3.227: [GC3.227: [DefNew: 130112K->16256K(146368K), 0.2726434 secs] 295517K->283472K(461168K), 0.2730283 secs] [Times: user=0.28 sys=0.00, real=0.27 secs] 
3.640: [GC3.640: [DefNew: 146368K->16256K(146368K), 0.3327377 secs]3.973: [Tenured: 390437K->172347K(390448K), 0.5847957 secs] 413584K->172347K(536816K), [Perm : 2603K->2603K(21248K)], 0.9229808 secs] [Times: user=0.87 sys=0.05, real=0.92 secs] 
4.694: [GC4.695: [DefNew: 130112K->16256K(146368K), 0.2265455 secs] 302459K->270547K(461168K), 0.2269409 secs] [Times: user=0.23 sys=0.00, real=0.23 secs] 
5.055: [GC5.056: [DefNew: 146368K->16256K(146368K), 0.3124531 secs]5.368: [Tenured: 371094K->164708K(371248K), 0.5736568 secs] 400659K->164708K(517616K), [Perm : 2603K->2602K(21248K)], 0.8902812 secs] [Times: user=0.87 sys=0.02, real=0.89 secs] 
6.077: [GC6.077: [DefNew: 130112K->16255K(146368K), 0.2426004 secs] 294820K->269717K(461168K), 0.2429920 secs] [Times: user=0.25 sys=0.00, real=0.24 secs] 
6.456: [GC6.456: [DefNew: 146367K->16255K(146368K), 0.3102186 secs]6.766: [Tenured: 369153K->176459K(369328K), 0.5400386 secs] 399829K->176459K(515696K), [Perm : 2602K->2602K(21248K)], 0.8542438 secs] [Times: user=0.84 sys=0.02, real=0.85 secs] 
7.438: [GC7.438: [DefNew: 130111K->16256K(146368K), 0.2031785 secs] 306571K->265262K(461168K), 0.2035778 secs] [Times: user=0.20 sys=0.00, real=0.20 secs] 
7.771: [GC7.771: [DefNew: 146368K->16255K(146368K), 0.3052340 secs]8.076: [Tenured: 361323K->164192K(361456K), 0.5723790 secs] 395374K->164192K(507824K), [Perm : 2602K->2602K(21248K)], 0.8811378 secs] [Times: user=0.84 sys=0.03, real=0.88 secs] 
8.788: [GC8.788: [DefNew: 130112K->16255K(146368K), 0.2820081 secs] 294304K->284451K(461168K), 0.2824167 secs] [Times: user=0.28 sys=0.00, real=0.28 secs] 
9.198: [GC9.198: [DefNew: 146367K->16255K(146368K), 0.2499317 secs]9.448: [Tenured: 360023K->177158K(360112K), 0.5213631 secs] 414563K->177158K(506480K), [Perm : 2602K->2602K(21248K)], 0.7748657 secs] [Times: user=0.76 sys=0.02, real=0.78 secs] 
10.115: [GC10.116: [DefNew: 130112K->16255K(146368K), 0.3023058 secs] 307270K->304233K(461168K), 0.3026971 secs] [Times: user=0.30 sys=0.00, real=0.30 secs] 
10.559: [GC10.559: [DefNew: 146367K->16256K(146368K), 0.3407653 secs]10.900: [Tenured: 410654K->168254K(410800K), 0.6381423 secs] 434345K->168254K(557168K), [Perm : 2602K->2602K(21248K)], 0.9860503 secs] [Times: user=0.97 sys=0.03, real=0.99 secs] 
11.678: [GC11.678: [DefNew: 130112K->16255K(146368K), 0.2389393 secs] 298366K->272540K(461168K), 0.2393268 secs] [Times: user=0.25 sys=0.00, real=0.24 secs] 
12.054: [GC12.054: [DefNew: 146367K->16255K(146368K), 0.3374926 secs]12.392: [Tenured: 374705K->186212K(374896K), 0.5392959 secs] 402652K->186212K(521264K), [Perm : 2602K->2602K(21248K)], 0.8815704 secs] [Times: user=0.84 sys=0.03, real=0.88 secs] 
13.072: [GC13.073: [DefNew: 130112K->16256K(146368K), 0.2557733 secs] 316324K->297375K(461168K), 0.2561649 secs] [Times: user=0.25 sys=0.00, real=0.26 secs] 
13.466: [GC13.466: [DefNew: 146368K->16256K(146368K), 0.3531723 secs]13.819: [Tenured: 398536K->168326K(398704K), 0.5504579 secs] 427487K->168326K(545072K), [Perm : 2602K->2602K(21248K)], 0.9098585 secs] [Times: user=0.89 sys=0.01, real=0.91 secs] 
14.518: [GC14.518: [DefNew: 130112K->16256K(146368K), 0.2950460 secs] 298438K->295260K(461168K), 0.2954319 secs] [Times: user=0.30 sys=0.00, real=0.30 secs] 
14.956: [GC14.957: [DefNew: 146368K->16255K(146368K), 0.3449173 secs]15.301: [Tenured: 404744K->164053K(404848K), 0.5306008 secs] 425372K->164053K(551216K), [Perm : 2602K->2602K(21248K)], 0.8819643 secs] [Times: user=0.87 sys=0.02, real=0.88 secs] 
15.973: [GC15.973: [DefNew: 130112K->16255K(146368K), 0.2556838 secs] 294165K->274373K(461168K), 0.2561081 secs] [Times: user=0.25 sys=0.00, real=0.26 secs] 
16.368: [GC16.368: [DefNew: 146367K->16255K(146368K), 0.3230417 secs]16.691: [Tenured: 378929K->159569K(379120K), 0.5560021 secs] 404485K->159569K(525488K), [Perm : 2602K->2602K(21248K)], 0.8836747 secs] [Times: user=0.86 sys=0.00, real=0.88 secs] 
17.386: [GC17.386: [DefNew: 130112K->16256K(146368K), 0.2540760 secs] 289681K->269866K(461168K), 0.2544712 secs] [Times: user=0.25 sys=0.00, real=0.25 secs] 
17.782: [GC17.783: [DefNew: 146368K->16255K(146368K), 0.3321469 secs]18.115: [Tenured: 377614K->187299K(377776K), 0.5315351 secs] 399978K->187299K(524144K), [Perm : 2602K->2602K(21248K)], 0.8685931 secs] [Times: user=0.86 sys=0.02, real=0.87 secs] 
18.792: [GC18.792: [DefNew: 130112K->16255K(146368K), 0.2828574 secs] 317411K->309101K(461168K), 0.2832397 secs] [Times: user=0.28 sys=0.00, real=0.28 secs] 
19.219: [GC19.220: [DefNew: 146367K->16255K(146368K), 0.3622859 secs]19.582: [Tenured: 420218K->160984K(420400K), 0.5176319 secs] 439213K->160984K(566768K), [Perm : 2602K->2602K(21248K)], 0.8872456 secs] [Times: user=0.84 sys=0.03, real=0.89 secs] 
20.249: [GC20.249: [DefNew: 130112K->16256K(146368K), 0.2949457 secs] 291096K->287428K(461168K), 0.2953488 secs] [Times: user=0.28 sys=0.00, real=0.30 secs] 
20.687: [GC20.687: [DefNew: 146368K->16255K(146368K), 0.3457900 secs]21.033: [Tenured: 398627K->184419K(398704K), 0.5251342 secs] 417540K->184419K(545072K), [Perm : 2602K->2602K(21248K)], 0.8769296 secs] [Times: user=0.87 sys=0.00, real=0.88 secs] 
21.705: [GC21.705: [DefNew: 130112K->16255K(146368K), 0.2932070 secs] 314531K->310257K(461168K), 0.2935938 secs] [Times: user=0.30 sys=0.00, real=0.29 secs] 
22.135: [GC22.135: [DefNew: 146367K->16256K(146368K), 0.3116699 secs]22.447: [Tenured: 408272K->171290K(408304K), 0.5514255 secs] 440369K->171290K(554672K), [Perm : 2602K->2602K(21248K)], 0.8698597 secs] [Times: user=0.83 sys=0.03, real=0.87 secs] 
23.145: [GC23.145: [DefNew: 130112K->16256K(146368K), 0.2772612 secs] 301402K->290542K(461168K), 0.2776508 secs] [Times: user=0.28 sys=0.00, real=0.28 secs] 
23.566: [GC23.566: [DefNew: 146368K->16256K(146368K), 0.3471508 secs]23.913: [Tenured: 401737K->188351K(401776K), 0.5568206 secs] 420654K->188351K(548144K), [Perm : 2602K->2602K(21248K)], 0.9105789 secs] [Times: user=0.91 sys=0.02, real=0.91 secs] 
24.616: [GC24.616: [DefNew: 130112K->16255K(146368K), 0.2722262 secs] 318463K->305292K(461168K), 0.2726159 secs] [Times: user=0.27 sys=0.00, real=0.27 secs] 
25.027: [GC25.027: [DefNew: 146367K->16256K(146368K), 0.3243380 secs]25.352: [Tenured: 407602K->161922K(407728K), 0.6268914 secs] 435404K->161922K(554096K), [Perm : 2602K->2602K(21248K)], 0.9585386 secs] [Times: user=0.95 sys=0.00, real=0.96 secs] 
26.125: [GC26.126: [DefNew: 130112K->16256K(146368K), 0.2841146 secs] 292034K->283464K(461168K), 0.2845014 secs] [Times: user=0.30 sys=0.00, real=0.28 secs] 
26.545: [GC26.545: [DefNew: 146368K->16255K(146368K), 0.3181039 secs]26.863: [Tenured: 384084K->167678K(384112K), 0.6017528 secs] 413576K->167678K(530480K), [Perm : 2602K->2602K(21248K)], 0.9249243 secs] [Times: user=0.90 sys=0.02, real=0.92 secs] 
27.612: [GC27.612: [DefNew: 130112K->16255K(146368K), 0.3087709 secs] 297790K->294004K(461168K), 0.3091776 secs] [Times: user=0.30 sys=0.00, real=0.31 secs] 
28.061: [GC28.062: [DefNew: 146367K->16255K(146368K), 0.3337001 secs]28.395: [Tenured: 400914K->162521K(401008K), 0.5137233 secs] 424116K->162521K(547376K), [Perm : 2602K->2602K(21248K)], 0.8537118 secs] [Times: user=0.81 sys=0.05, real=0.85 secs] 
29.055: [GC29.055: [DefNew: 130112K->16256K(146368K), 0.2898590 secs] 292633K->282099K(461168K), 0.2902468 secs] [Times: user=0.30 sys=0.00, real=0.29 secs] 
29.481: [GC29.481: [DefNew: 146368K->16255K(146368K), 0.3107523 secs]29.792: [Tenured: 382072K->185429K(382192K), 0.5224119 secs] 412211K->185429K(528560K), [Perm : 2602K->2602K(21248K)], 0.8380231 secs] [Times: user=0.84 sys=0.00, real=0.84 secs] 
30.450: [GC30.450: [DefNew: 130112K->16256K(146368K), 0.2278710 secs] 315541K->284566K(461168K), 0.2282558 secs] [Times: user=0.22 sys=0.00, real=0.23 secs] 
30.822: [GC30.822: [DefNew: 146368K->16255K(146368K), 0.3404558 secs]31.162: [Tenured: 395597K->163036K(395632K), 0.5164026 secs] 414678K->163036K(542000K), [Perm : 2602K->2602K(21248K)], 0.8627990 secs] [Times: user=0.84 sys=0.03, real=0.86 secs] 
31.828: [GC31.828: [DefNew: 130112K->16255K(146368K), 0.2947372 secs] 293148K->290403K(461168K), 0.2951230 secs] [Times: user=0.30 sys=0.00, real=0.30 secs] 
32.266: [GC32.266: [DefNew: 146367K->16255K(146368K), 0.3557425 secs]32.622: [Tenured: 400569K->182205K(400624K), 0.5016626 secs] 420515K->182205K(546992K), [Perm : 2602K->2602K(21248K)], 0.8635145 secs] [Times: user=0.86 sys=0.00, real=0.86 secs] 
33.267: [GC33.267: [DefNew: 130112K->16255K(146368K), 0.2694747 secs] 312317K->297885K(461168K), 0.2698955 secs] [Times: user=0.26 sys=0.00, real=0.27 secs] 
33.680: [GC33.680: [DefNew: 146367K->16255K(146368K), 0.3446226 secs]34.025: [Tenured: 408719K->163424K(408880K), 0.5171207 secs] 427997K->163424K(555248K), [Perm : 2602K->2602K(21248K)], 0.8685319 secs] [Times: user=0.83 sys=0.03, real=0.87 secs] 
34.691: [GC34.691: [DefNew: 130112K->16256K(146368K), 0.2885213 secs] 293536K->288874K(461168K), 0.2889075 secs] [Times: user=0.30 sys=0.00, real=0.29 secs] 
35.120: [GC35.120: [DefNew: 146368K->16255K(146368K), 0.3320317 secs]35.452: [Tenured: 395780K->184364K(395824K), 0.5183096 secs] 418986K->184364K(542192K), [Perm : 2602K->2602K(21248K)], 0.8562717 secs] [Times: user=0.84 sys=0.01, real=0.86 secs] 
36.117: [GC36.117: [DefNew: 130112K->16255K(146368K), 0.2834527 secs] 314476K->306882K(461168K), 0.2838414 secs] [Times: user=0.28 sys=0.00, real=0.28 secs] 
36.537: [GC36.537: [DefNew: 146367K->16255K(146368K), 0.3251347 secs]36.862: [Tenured: 410251K->165555K(410416K), 0.5207887 secs] 436994K->165555K(556784K), [Perm : 2602K->2602K(21248K)], 0.8527794 secs] [Times: user=0.84 sys=0.00, real=0.85 secs] 
37.526: [GC37.527: [DefNew: 130112K->16255K(146368K), 0.2708246 secs] 295667K->283176K(461168K), 0.2712172 secs] [Times: user=0.26 sys=0.00, real=0.27 secs] 
37.940: [GC37.940: [DefNew: 146367K->16255K(146368K), 0.3538016 secs]38.294: [Tenured: 393721K->183196K(393904K), 0.5193525 secs] 413288K->183196K(540272K), [Perm : 2602K->2602K(21248K)], 0.8789389 secs] [Times: user=0.87 sys=0.00, real=0.88 secs] 
38.962: [GC38.963: [DefNew: 130112K->16255K(146368K), 0.2943247 secs] 313308K->310628K(461168K), 0.2947025 secs] [Times: user=0.30 sys=0.00, real=0.30 secs] 
39.399: [GC39.400: [DefNew: 146367K->16256K(146368K), 0.3466720 secs]39.746: [Tenured: 421833K->163119K(421936K), 0.5074532 secs] 440740K->163119K(568304K), [Perm : 2602K->2602K(21248K)], 0.8617079 secs] [Times: user=0.84 sys=0.01, real=0.86 secs] 
40.403: [GC40.403: [DefNew: 130112K->16256K(146368K), 0.2948642 secs] 293231K->289927K(461168K), 0.2952683 secs] [Times: user=0.28 sys=0.00, real=0.29 secs] 
40.841: [GC40.842: [DefNew: 146368K->16255K(146368K), 0.3434330 secs]41.185: [Tenured: 401163K->167036K(401200K), 0.5089917 secs] 420039K->167036K(547568K), [Perm : 2602K->2602K(21248K)], 0.8588391 secs] [Times: user=0.84 sys=0.02, real=0.86 secs] 
41.843: [GC41.843: [DefNew: 130112K->16256K(146368K), 0.2938860 secs] 297148K->293552K(461168K), 0.2942737 secs] [Times: user=0.30 sys=0.00, real=0.29 secs] 
42.280: [GC42.280: [DefNew: 146368K->16255K(146368K), 0.3390116 secs]42.619: [Tenured: 403456K->178142K(403504K), 0.5045914 secs] 423664K->178142K(549872K), [Perm : 2602K->2602K(21248K)], 0.8499840 secs] [Times: user=0.81 sys=0.03, real=0.85 secs] 
43.272: [GC43.273: [DefNew: 130112K->16255K(146368K), 0.2928530 secs] 308254K->304960K(461168K), 0.2932385 secs] [Times: user=0.30 sys=0.00, real=0.29 secs] 
43.709: [GC43.709: [DefNew: 146367K->16255K(146368K), 0.3432172 secs]44.052: [Tenured: 415226K->164737K(415408K), 0.5094699 secs] 435072K->164737K(561776K), [Perm : 2602K->2602K(21248K)], 0.8599828 secs] [Times: user=0.86 sys=0.02, real=0.86 secs] 
44.711: [GC44.711: [DefNew: 130112K->16255K(146368K), 0.2901663 secs] 294849K->290555K(461168K), 0.2905627 secs] [Times: user=0.28 sys=0.00, real=0.29 secs] 
45.143: [GC45.143: [DefNew: 146367K->16255K(146368K), 0.3338162 secs]45.477: [Tenured: 398168K->158134K(398320K), 0.4939548 secs] 420667K->158134K(544688K), [Perm : 2602K->2602K(21248K)], 0.8339978 secs] [Times: user=0.83 sys=0.02, real=0.83 secs] 
46.119: [GC46.120: [DefNew: 130112K->16256K(146368K), 0.2940104 secs] 288246K->285606K(461168K), 0.2944203 secs] [Times: user=0.30 sys=0.00, real=0.29 secs] 
46.548: [GC46.548: [DefNew: 146368K->16255K(146368K), 0.3112719 secs]46.859: [Tenured: 384702K->181948K(384880K), 0.5097832 secs] 415718K->181948K(531248K), [Perm : 2602K->2602K(21248K)], 0.8261732 secs] [Times: user=0.83 sys=0.00, real=0.83 secs] 
47.511: [GC47.511: [DefNew: 130112K->16255K(146368K), 0.2737846 secs] 312060K->300858K(461168K), 0.2742025 secs] [Times: user=0.28 sys=0.00, real=0.28 secs] 
47.929: [GC47.929: [DefNew: 146367K->16255K(146368K), 0.3444770 secs]48.273: [Tenured: 411990K->159615K(412144K), 0.5251123 secs] 430970K->159615K(558512K), [Perm : 2602K->2602K(21248K)], 0.8765646 secs] [Times: user=0.84 sys=0.03, real=0.88 secs] 
48.948: [GC48.948: [DefNew: 130112K->16256K(146368K), 0.2948366 secs] 289727K->286411K(461168K), 0.2952253 secs] [Times: user=0.30 sys=0.00, real=0.30 secs] 
49.385: [GC49.385: [DefNew: 146368K->16255K(146368K), 0.3477226 secs]49.733: [Tenured: 397598K->190569K(397744K), 0.5326964 secs] 416523K->190569K(544112K), [Perm : 2602K->2602K(21248K)], 0.8862808 secs] [Times: user=0.87 sys=0.02, real=0.89 secs] 
50.412: [GC50.413: [DefNew: 131264K->16383K(147648K), 0.2930460 secs] 321833K->315226K(465264K), 0.2934476 secs] [Times: user=0.30 sys=0.00, real=0.29 secs] 
50.850: [GC50.851: [DefNew: 147647K->16383K(147648K), 0.3527182 secs]51.203: [Tenured: 427424K->161076K(427440K), 0.5237714 secs] 446490K->161076K(575088K), [Perm : 2602K->2602K(21248K)], 0.8842205 secs] [Times: user=0.87 sys=0.02, real=0.88 secs] 
51.878: [GC51.878: [DefNew: 131264K->16383K(147648K), 0.3119909 secs] 292340K->289353K(465264K), 0.3123777 secs] [Times: user=0.31 sys=0.00, real=0.31 secs] 
52.334: [GC52.334: [DefNew: 147647K->16383K(147648K), 0.3454808 secs]52.680: [Tenured: 401275K->181391K(401328K), 0.5142114 secs] 420617K->181391K(548976K), [Perm : 2602K->2602K(21248K)], 0.8661316 secs] [Times: user=0.86 sys=0.02, real=0.87 secs] 
53.343: [GC53.344: [DefNew: 131264K->16383K(147648K), 0.2928812 secs] 312655K->308352K(465264K), 0.2932599 secs] [Times: user=0.30 sys=0.00, real=0.29 secs] 
53.780: [GC53.780: [DefNew: 147647K->16383K(147648K), 0.3414747 secs]54.122: [Tenured: 417629K->166562K(417648K), 0.5174997 secs] 439616K->166562K(565296K), [Perm : 2602K->2602K(21248K)], 0.8662750 secs] [Times: user=0.86 sys=0.01, real=0.87 secs] 
54.790: [GC54.791: [DefNew: 131264K->16384K(147648K), 0.2955585 secs] 297826K->294492K(465264K), 0.2959598 secs] [Times: user=0.30 sys=0.00, real=0.30 secs] 
55.228: [GC55.228: [DefNew: 147648K->16383K(147648K), 0.3343396 secs]55.563: [Tenured: 402135K->184611K(402288K), 0.5084099 secs] 425756K->184611K(549936K), [Perm : 2602K->2602K(21248K)], 0.8488705 secs] [Times: user=0.83 sys=0.01, real=0.85 secs] 
56.219: [GC56.219: [DefNew: 131264K->16383K(147648K), 0.2905297 secs] 315875K->310921K(465264K), 0.2909171 secs] [Times: user=0.30 sys=0.00, real=0.29 secs] 
56.644: [GC56.644: [DefNew: 147647K->16384K(147648K), 0.3142927 secs]56.959: [Tenured: 410682K->168084K(410736K), 0.5252310 secs] 442185K->168084K(558384K), [Perm : 2602K->2602K(21248K)], 0.8462069 secs] [Times: user=0.81 sys=0.03, real=0.85 secs] 
57.626: [GC57.626: [DefNew: 131264K->16384K(147648K), 0.2590055 secs] 299348K->280908K(465264K), 0.2593878 secs] [Times: user=0.25 sys=0.00, real=0.26 secs] 
58.024: [GC58.024: [DefNew: 147648K->16383K(147648K), 0.3279993 secs]58.352: [Tenured: 387102K->182303K(387120K), 0.5252275 secs] 412172K->182303K(534768K), [Perm : 2602K->2602K(21248K)], 0.8582698 secs] [Times: user=0.86 sys=0.00, real=0.86 secs] 
59.026: [GC59.027: [DefNew: 131264K->16384K(147648K), 0.2961525 secs] 313567K->310215K(465264K), 0.2965303 secs] [Times: user=0.30 sys=0.00, real=0.30 secs] 
59.468: [GC59.468: [DefNew: 147648K->16383K(147648K), 0.3499985 secs]59.818: [Tenured: 422360K->160801K(422448K), 0.5081703 secs] 441479K->160801K(570096K), [Perm : 2602K->2602K(21248K)], 0.8654953 secs] [Times: user=0.83 sys=0.03, real=0.87 secs] 
60.475: [GC60.475: [DefNew: 131264K->16383K(147648K), 0.2903706 secs] 292065K->286471K(465264K), 0.2908209 secs] [Times: user=0.30 sys=0.00, real=0.29 secs] 
60.910: [GC60.910: [DefNew: 147647K->16384K(147648K), 0.3448592 secs]61.255: [Tenured: 398707K->181992K(398832K), 0.5068759 secs] 417735K->181992K(546480K), [Perm : 2602K->2602K(21248K)], 0.8577300 secs] [Times: user=0.86 sys=0.00, real=0.86 secs] 
61.911: [GC61.911: [DefNew: 131264K->16384K(147648K), 0.2964784 secs] 313256K->310258K(465264K), 0.2968597 secs] [Times: user=0.30 sys=0.00, real=0.30 secs] 
62.351: [GC62.351: [DefNew: 147648K->16383K(147648K), 0.3456024 secs]62.697: [Tenured: 420874K->166638K(420912K), 0.5181527 secs] 441522K->166638K(568560K), [Perm : 2602K->2602K(21248K)], 0.8711342 secs] [Times: user=0.86 sys=0.02, real=0.87 secs] 
63.363: [GC63.364: [DefNew: 131264K->16384K(147648K), 0.2885043 secs] 297902K->291317K(465264K), 0.2889177 secs] [Times: user=0.30 sys=0.00, real=0.29 secs] 
63.796: [GC63.796: [DefNew: 147648K->16383K(147648K), 0.3460488 secs]64.142: [Tenured: 403552K->188383K(403632K), 0.5244930 secs] 422581K->188383K(551280K), [Perm : 2602K->2602K(21248K)], 0.8768340 secs] [Times: user=0.87 sys=0.00, real=0.88 secs] 
64.813: [GC64.814: [DefNew: 131264K->16383K(147648K), 0.2958559 secs] 319647K->312093K(465264K), 0.2963126 secs] [Times: user=0.30 sys=0.00, real=0.30 secs] 
65.252: [GC65.252: [DefNew: 147647K->16383K(147648K), 0.3439324 secs]65.596: [Tenured: 422336K->165569K(422448K), 0.5359184 secs] 443357K->165569K(570096K), [Perm : 2602K->2602K(21248K)], 0.8873633 secs] [Times: user=0.87 sys=0.02, real=0.89 secs] 
66.281: [GC66.281: [DefNew: 131264K->16383K(147648K), 0.2908456 secs] 296833K->291514K(465264K), 0.2912327 secs] [Times: user=0.30 sys=0.00, real=0.29 secs] 
66.709: [GC66.709: [DefNew: 147647K->16383K(147648K), 0.3188357 secs]67.028: [Tenured: 393540K->181843K(393648K), 0.5078150 secs] 422778K->181843K(541296K), [Perm : 2602K->2602K(21248K)], 0.8321106 secs] [Times: user=0.81 sys=0.01, real=0.83 secs] 
67.680: [GC67.680: [DefNew: 131264K->16384K(147648K), 0.2769837 secs] 313107K->301898K(465264K), 0.2773728 secs] [Times: user=0.28 sys=0.00, real=0.28 secs] 
68.102: [GC68.102: [DefNew: 147648K->16384K(147648K), 0.3432508 secs]68.445: [Tenured: 413106K->167634K(413232K), 0.5263208 secs] 433162K->167634K(560880K), [Perm : 2602K->2602K(21248K)], 0.8763934 secs] [Times: user=0.86 sys=0.02, real=0.88 secs] 
69.122: [GC69.122: [DefNew: 131264K->16383K(147648K), 0.2923404 secs] 298898K->294221K(465264K), 0.2927340 secs] [Times: user=0.28 sys=0.01, real=0.29 secs] 
69.559: [GC69.559: [DefNew: 147647K->16383K(147648K), 0.3443734 secs]69.903: [Tenured: 405822K->186852K(405936K), 0.5106905 secs] 425485K->186852K(553584K), [Perm : 2602K->2602K(21248K)], 0.8616448 secs] [Times: user=0.84 sys=0.01, real=0.86 secs] 
70.564: [GC70.564: [DefNew: 131264K->16383K(147648K), 0.2880579 secs] 318116K->311220K(465264K), 0.2884511 secs] [Times: user=0.28 sys=0.00, real=0.29 secs] 
70.996: [GC70.996: [DefNew: 147647K->16383K(147648K), 0.3496530 secs]71.346: [Tenured: 423442K->162600K(423600K), 0.5052601 secs] 442484K->162600K(571248K), [Perm : 2602K->2602K(21248K)], 0.8625004 secs] [Times: user=0.84 sys=0.02, real=0.86 secs] 
72.003: [GC72.003: [DefNew: 131264K->16384K(147648K), 0.2971233 secs] 293864K->290939K(465264K), 0.2975044 secs] [Times: user=0.30 sys=0.00, real=0.30 secs] 
72.444: [GC72.445: [DefNew: 147648K->16384K(147648K), 0.3466014 secs]72.791: [Tenured: 403194K->176598K(403248K), 0.5108214 secs] 422203K->176598K(550896K), [Perm : 2602K->2602K(21248K)], 0.8637439 secs] [Times: user=0.81 sys=0.05, real=0.86 secs] 
73.452: [GC73.452: [DefNew: 131264K->16384K(147648K), 0.2974287 secs] 307862K->305181K(465264K), 0.2978462 secs] [Times: user=0.30 sys=0.00, real=0.30 secs] 
73.884: [GC73.885: [DefNew: 147648K->16384K(147648K), 0.3201138 secs]74.205: [Tenured: 406928K->167823K(407088K), 0.5198282 secs] 436445K->167823K(554736K), [Perm : 2602K->2602K(21248K)], 0.8465382 secs] [Times: user=0.83 sys=0.02, real=0.85 secs] 
74.875: [GC74.875: [DefNew: 131264K->16384K(147648K), 0.2988225 secs] 299087K->295419K(465264K), 0.2992045 secs] [Times: user=0.30 sys=0.00, real=0.30 secs] 
75.316: [GC75.316: [DefNew: 147648K->16384K(147648K), 0.3418082 secs]75.658: [Tenured: 405648K->186984K(405744K), 0.5467763 secs] 426683K->186984K(553392K), [Perm : 2602K->2602K(21248K)], 0.8950455 secs] [Times: user=0.83 sys=0.06, real=0.90 secs] 
76.347: [GC76.347: [DefNew: 131264K->16384K(147648K), 0.2750485 secs] 318248K->305101K(465264K), 0.2754469 secs] [Times: user=0.26 sys=0.00, real=0.28 secs] 
76.756: [GC76.756: [DefNew: 147648K->16383K(147648K), 0.3198017 secs]77.076: [Tenured: 403494K->169584K(403632K), 0.5610827 secs] 436365K->169584K(551280K), [Perm : 2602K->2602K(21248K)], 0.8870923 secs] [Times: user=0.86 sys=0.03, real=0.89 secs] 
77.780: [GC77.780: [DefNew: 131264K->16383K(147648K), 0.2661033 secs] 300848K->284575K(465264K), 0.2665071 secs] [Times: user=0.27 sys=0.00, real=0.27 secs] 
78.188: [GC78.188: [DefNew: 147647K->16383K(147648K), 0.3410411 secs]78.529: [Tenured: 394099K->176446K(394224K), 0.5243904 secs] 415839K->176446K(541872K), [Perm : 2602K->2602K(21248K)], 0.8710229 secs] [Times: user=0.83 sys=0.05, real=0.87 secs] 
79.176: [GC79.176: [DefNew: 131264K->16384K(147648K), 0.1871566 secs] 307710K->258173K(465264K), 0.1875450 secs] [Times: user=0.19 sys=0.00, real=0.19 secs] 
79.496: [GC79.496: [DefNew: 147648K->16384K(147648K), 0.3185535 secs]79.815: [Tenured: 360196K->164650K(360240K), 0.5469575 secs] 389437K->164650K(507888K), [Perm : 6697K->6696K(21248K)], 0.8688032 secs] [Times: user=0.84 sys=0.00, real=0.87 secs] 
80.490: [GC80.491: [DefNew: 131264K->16383K(147648K), 0.1958798 secs] 295914K->249372K(465264K), 0.1962746 secs] [Times: user=0.20 sys=0.00, real=0.20 secs] 
80.825: [GC80.825: [DefNew: 147647K->16383K(147648K), 0.3184425 secs]81.144: [Tenured: 354016K->179056K(354096K), 0.5296717 secs] 380636K->179056K(501744K), [Perm : 7112K->7112K(21248K)], 0.8508881 secs] [Times: user=0.81 sys=0.03, real=0.85 secs] 
81.802: [GC81.802: [DefNew: 131264K->16384K(147648K), 0.0539069 secs] 310320K->204935K(465264K), 0.0542635 secs] [Times: user=0.08 sys=0.05, real=0.06 secs] 
81.960: [GC81.961: [DefNew: 147648K->16384K(147648K), 0.1156111 secs] 336199K->244481K(465264K), 0.1160405 secs] [Times: user=0.11 sys=0.00, real=0.12 secs] 
82.206: [GC82.206: [DefNew: 147648K->16383K(147648K), 0.2499657 secs]82.456: [Tenured: 318482K->168431K(318576K), 0.5678550 secs] 375745K->168431K(466224K), [Perm : 7257K->7257K(21248K)], 0.8182530 secs] [Times: user=0.83 sys=0.00, real=0.82 secs] 
83.144: [GC83.144: [DefNew: 131264K->16383K(147648K), 0.0696334 secs] 299695K->200643K(465264K), 0.0700792 secs] [Times: user=0.11 sys=0.00, real=0.07 secs] 
83.339: [GC83.340: [DefNew: 147647K->16383K(147648K), 0.2220069 secs] 331907K->278621K(465264K), 0.2223899 secs] [Times: user=0.22 sys=0.00, real=0.22 secs] 
83.703: [GC83.704: [DefNew: 147647K->16384K(147648K), 0.2599564 secs]83.964: [Tenured: 357237K->180807K(357360K), 0.6051178 secs] 409885K->180807K(505008K), [Perm : 7284K->7284K(21248K)], 0.8681935 secs] [Times: user=0.86 sys=0.02, real=0.87 secs] 
84.721: [GC84.721: [DefNew: 131264K->16383K(147648K), 0.1753121 secs] 312071K->254471K(465264K), 0.1757345 secs] [Times: user=0.19 sys=0.00, real=0.18 secs] 
85.037: [GC85.037: [DefNew: 147647K->16383K(147648K), 0.3503856 secs]85.387: [Tenured: 365055K->166675K(365232K), 0.6012788 secs] 385735K->166675K(512880K), [Perm : 7305K->7304K(21248K)], 0.9551724 secs] [Times: user=0.95 sys=0.00, real=0.95 secs] 
86.141: [GC86.141: [DefNew: 131264K->16383K(147648K), 0.2509349 secs] 297939K->270814K(465264K), 0.2513239 secs] [Times: user=0.25 sys=0.00, real=0.25 secs] 
86.532: [GC86.533: [DefNew: 147647K->16383K(147648K), 0.3173931 secs]86.850: [Tenured: 365240K->181992K(365424K), 0.6071560 secs] 402078K->181992K(513072K), [Perm : 7306K->7306K(21248K)], 0.9280494 secs] [Times: user=0.92 sys=0.00, real=0.93 secs] 
87.601: [GC87.601: [DefNew: 131264K->16383K(147648K), 0.2116926 secs] 313256K->267610K(465264K), 0.2121278 secs] [Times: user=0.22 sys=0.00, real=0.21 secs] 
87.950: [GC87.951: [DefNew: 147647K->16383K(147648K), 0.3604558 secs]88.311: [Tenured: 373177K->184031K(373296K), 0.6329466 secs] 398874K->184031K(520944K), [Perm : 7309K->7309K(21248K)], 0.9979804 secs] [Times: user=0.94 sys=0.06, real=1.00 secs] 
89.092: [GC89.093: [DefNew: 131264K->16383K(147648K), 0.1941913 secs] 315295K->262727K(465264K), 0.1946608 secs] [Times: user=0.19 sys=0.00, real=0.19 secs] 
89.425: [GC89.425: [DefNew: 147647K->16383K(147648K), 0.3262043 secs]89.751: [Tenured: 368897K->170352K(369072K), 0.5770433 secs] 393991K->170352K(516720K), [Perm : 7313K->7313K(21248K)], 0.9070801 secs] [Times: user=0.91 sys=0.00, real=0.91 secs] 
90.481: [GC90.482: [DefNew: 131264K->16383K(147648K), 0.1679695 secs] 301616K->244537K(465264K), 0.1683675 secs] [Times: user=0.17 sys=0.00, real=0.17 secs] 
90.789: [GC90.789: [DefNew: 147647K->16384K(147648K), 0.3254528 secs]91.115: [Tenured: 352766K->170465K(352944K), 0.5597334 secs] 375801K->170465K(500592K), [Perm : 7313K->7313K(21248K)], 0.8878552 secs] [Times: user=0.89 sys=0.00, real=0.89 secs] 
91.820: [GC91.820: [DefNew: 131264K->16383K(147648K), 0.1469358 secs] 301729K->236279K(465264K), 0.1473165 secs] [Times: user=0.14 sys=0.00, real=0.15 secs] 
92.108: [GC92.108: [DefNew: 147647K->16383K(147648K), 0.3300699 secs]92.438: [Tenured: 346623K->183250K(346800K), 0.5410402 secs] 367543K->183250K(494448K), [Perm : 7314K->7314K(21248K)], 0.8736246 secs] [Times: user=0.87 sys=0.00, real=0.87 secs] 
93.131: [GC93.132: [DefNew: 131264K->16384K(147648K), 0.2422841 secs] 314514K->283955K(465264K), 0.2426642 secs] [Times: user=0.23 sys=0.00, real=0.24 secs] 
93.513: [GC93.513: [DefNew: 147648K->16384K(147648K), 0.2704311 secs]93.784: [Tenured: 367858K->184990K(367920K), 0.5537366 secs] 415219K->184990K(515568K), [Perm : 7314K->7314K(21248K)], 0.8279176 secs] [Times: user=0.83 sys=0.00, real=0.83 secs] 
94.497: [GC94.497: [DefNew: 131264K->16383K(147648K), 0.2594558 secs] 316254K->294291K(465264K), 0.2598682 secs] [Times: user=0.26 sys=0.00, real=0.26 secs] 
94.889: [GC94.889: [DefNew: 147647K->16383K(147648K), 0.2980935 secs]95.187: [Tenured: 387412K->163595K(387504K), 0.5507693 secs] 425555K->163595K(535152K), [Perm : 7321K->7321K(21248K)], 0.8539949 secs] [Times: user=0.86 sys=0.00, real=0.85 secs] 
95.880: [GC95.880: [DefNew: 131264K->16383K(147648K), 0.1997586 secs] 294859K->251485K(465264K), 0.2001432 secs] [Times: user=0.20 sys=0.00, real=0.20 secs] 
96.221: [GC96.221: [DefNew: 147647K->16383K(147648K), 0.3346286 secs]96.556: [Tenured: 362289K->165337K(362352K), 0.5371720 secs] 382749K->165337K(510000K), [Perm : 7329K->7329K(21248K)], 0.8752927 secs] [Times: user=0.86 sys=0.02, real=0.88 secs] 
97.243: [GC97.244: [DefNew: 131264K->16383K(147648K), 0.2600719 secs] 296601K->278210K(465264K), 0.2604603 secs] [Times: user=0.26 sys=0.00, real=0.26 secs] 
97.651: [GC97.651: [DefNew: 147647K->16384K(147648K), 0.2807605 secs]97.932: [Tenured: 366811K->171254K(366960K), 0.5307891 secs] 409474K->171254K(514608K), [Perm : 7336K->7336K(21248K)], 0.8154021 secs] [Times: user=0.80 sys=0.03, real=0.82 secs] 
98.617: [GC98.617: [DefNew: 131264K->16383K(147648K), 0.2626203 secs] 302518K->285454K(465264K), 0.2631126 secs] [Times: user=0.26 sys=0.00, real=0.26 secs] 
99.022: [GC99.022: [DefNew: 147647K->16383K(147648K), 0.3415190 secs]99.363: [Tenured: 396113K->180835K(396144K), 0.5359151 secs] 416718K->180835K(543792K), [Perm : 7336K->7336K(21248K)], 0.8833838 secs] [Times: user=0.87 sys=0.02, real=0.88 secs] 
100.058: [GC100.058: [DefNew: 131264K->16383K(147648K), 0.2535109 secs] 312099K->290896K(465264K), 0.2539131 secs] [Times: user=0.25 sys=0.00, real=0.25 secs] 
100.469: [GC100.470: [DefNew: 147647K->16383K(147648K), 0.3215859 secs]100.791: [Tenured: 394117K->187954K(394224K), 0.5346425 secs] 422160K->187954K(541872K), [Perm : 7336K->7336K(21248K)], 0.8618272 secs] [Times: user=0.84 sys=0.01, real=0.86 secs] 
101.487: [GC101.487: [DefNew: 131264K->16383K(147648K), 0.2655443 secs] 319218K->303521K(465264K), 0.2659558 secs] [Times: user=0.27 sys=0.00, real=0.27 secs] 
101.883: [GC101.883: [DefNew: 147647K->16383K(147648K), 0.2985175 secs]102.181: [Tenured: 395362K->164770K(395376K), 0.5453924 secs] 434785K->164770K(543024K), [Perm : 7336K->7336K(21248K)], 0.8496931 secs] [Times: user=0.83 sys=0.01, real=0.85 secs] 
102.881: [GC102.881: [DefNew: 131264K->16383K(147648K), 0.2497133 secs] 296034K->273106K(465264K), 0.2501360 secs] [Times: user=0.25 sys=0.00, real=0.25 secs] 
103.272: [GC103.272: [DefNew: 147647K->16383K(147648K), 0.3402018 secs]103.612: [Tenured: 384430K->168804K(384432K), 0.5535608 secs] 404370K->168804K(532080K), [Perm : 7336K->7336K(21248K)], 0.8986946 secs] [Times: user=0.86 sys=0.03, real=0.90 secs] 
104.311: [GC104.311: [DefNew: 131264K->16384K(147648K), 0.1602434 secs] 300068K->239821K(465264K), 0.1606241 secs] [Times: user=0.17 sys=0.00, real=0.16 secs] 
104.612: [GC104.612: [DefNew: 147648K->16383K(147648K), 0.2521722 secs]104.864: [Tenured: 320054K->175191K(320112K), 0.5296563 secs] 371085K->175191K(467760K), [Perm : 7336K->7336K(21248K)], 0.7824251 secs] [Times: user=0.78 sys=0.00, real=0.78 secs] 
105.537: [GC105.538: [DefNew: 131264K->16383K(147648K), 0.2313184 secs] 306455K->275104K(465264K), 0.2317280 secs] [Times: user=0.23 sys=0.00, real=0.23 secs] 
105.906: [GC105.906: [DefNew: 147647K->16383K(147648K), 0.3270292 secs]106.233: [Tenured: 379690K->180524K(379824K), 0.5463748 secs] 406368K->180524K(527472K), [Perm : 7337K->7337K(21248K)], 0.8782619 secs] [Times: user=0.87 sys=0.00, real=0.88 secs] 
106.923: [GC106.923: [DefNew: 131264K->16383K(147648K), 0.2167920 secs] 311788K->275441K(465264K), 0.2171981 secs] [Times: user=0.22 sys=0.00, real=0.22 secs] 
107.281: [GC107.282: [DefNew: 147647K->16383K(147648K), 0.3385658 secs]107.620: [Tenured: 384407K->167862K(384432K), 0.5449915 secs] 406705K->167862K(532080K), [Perm : 7338K->7338K(21248K)], 0.8885345 secs] [Times: user=0.87 sys=0.02, real=0.89 secs] 
108.305: [GC108.306: [DefNew: 131264K->16384K(147648K), 0.1698919 secs] 299126K->243009K(465264K), 0.1702771 secs] [Times: user=0.17 sys=0.00, real=0.17 secs] 
108.627: [GC108.627: [DefNew: 147648K->16383K(147648K), 0.2773029 secs]108.904: [Tenured: 331469K->175187K(331632K), 0.5463543 secs] 374273K->175187K(479280K), [Perm : 7338K->7338K(21248K)], 0.8250984 secs] [Times: user=0.83 sys=0.00, real=0.83 secs] 
109.591: [GC109.591: [DefNew: 131264K->16384K(147648K), 0.2086108 secs] 306451K->266394K(465264K), 0.2090030 secs] [Times: user=0.20 sys=0.00, real=0.21 secs] 
109.936: [GC109.937: [DefNew: 147648K->16383K(147648K), 0.3257556 secs]110.262: [Tenured: 370932K->189984K(370992K), 0.5827466 secs] 397658K->189984K(518640K), [Perm : 7339K->7339K(21248K)], 0.9125776 secs] [Times: user=0.89 sys=0.01, real=0.91 secs] 
110.996: [GC110.996: [DefNew: 131264K->16383K(147648K), 0.1944565 secs] 321248K->275299K(465264K), 0.1948452 secs] [Times: user=0.19 sys=0.00, real=0.19 secs] 
111.530: [GC111.531: [DefNew: 147647K->16383K(147648K), 0.1318209 secs] 406563K->321079K(465264K), 0.1321596 secs] [Times: user=0.17 sys=0.03, real=0.13 secs] 
111.798: [GC111.798: [DefNew: 147647K->16383K(147648K), 0.1308953 secs]111.929: [Tenured: 344851K->161852K(344880K), 0.5461188 secs] 452343K->161852K(492528K), [Perm : 7343K->7343K(21248K)], 0.6792024 secs] [Times: user=0.67 sys=0.02, real=0.68 secs] 
112.622: [GC112.622: [DefNew: 131264K->16384K(147648K), 0.2317648 secs] 293116K->262694K(465264K), 0.2321468 secs] [Times: user=0.23 sys=0.00, real=0.23 secs] 
112.990: [GC112.990: [DefNew: 147648K->16384K(147648K), 0.3226578 secs]113.313: [Tenured: 367096K->166566K(367152K), 0.5756170 secs] 393958K->166566K(514800K), [Perm : 7343K->7343K(21248K)], 0.9020827 secs] [Times: user=0.87 sys=0.02, real=0.90 secs] 
114.035: [GC114.036: [DefNew: 131264K->16383K(147648K), 0.2121423 secs] 297830K->259511K(465264K), 0.2125229 secs] [Times: user=0.20 sys=0.00, real=0.21 secs] 
114.389: [GC114.389: [DefNew: 147647K->16384K(147648K), 0.3352072 secs]114.725: [Tenured: 369929K->184282K(370032K), 0.5313475 secs] 390775K->184282K(517680K), [Perm : 7343K->7343K(21248K)], 0.8703831 secs] [Times: user=0.86 sys=0.01, real=0.87 secs] 
115.409: [GC115.409: [DefNew: 131264K->16383K(147648K), 0.2288492 secs] 315546K->283385K(465264K), 0.2292334 secs] [Times: user=0.22 sys=0.00, real=0.23 secs] 
115.793: [GC115.794: [DefNew: 147647K->16383K(147648K), 0.3111308 secs]116.105: [Tenured: 383083K->186850K(383088K), 0.5483623 secs] 414649K->186850K(530736K), [Perm : 7343K->7343K(21248K)], 0.8643725 secs] [Times: user=0.86 sys=0.02, real=0.86 secs] 
116.812: [GC116.812: [DefNew: 131264K->16384K(147648K), 0.2649673 secs] 318114K->301718K(465264K), 0.2653525 secs] [Times: user=0.26 sys=0.00, real=0.27 secs] 
117.218: [GC117.219: [DefNew: 147648K->16383K(147648K), 0.3440071 secs]117.563: [Tenured: 411705K->186326K(411888K), 0.5467997 secs] 432982K->186326K(559536K), [Perm : 7343K->7343K(21248K)], 0.8976773 secs] [Times: user=0.87 sys=0.02, real=0.90 secs] 
118.269: [GC118.269: [DefNew: 131264K->16383K(147648K), 0.2599317 secs] 317590K->299044K(465264K), 0.2603317 secs] [Times: user=0.26 sys=0.00, real=0.26 secs] 
118.674: [GC118.674: [DefNew: 147647K->16383K(147648K), 0.2553878 secs]118.930: [Tenured: 375858K->161303K(375984K), 0.5262214 secs] 430308K->161303K(523632K), [Perm : 7343K->7343K(21248K)], 0.7859450 secs] [Times: user=0.76 sys=0.01, real=0.79 secs] 
119.597: [GC119.597: [DefNew: 131264K->16383K(147648K), 0.2067773 secs] 292567K->248935K(465264K), 0.2071881 secs] [Times: user=0.20 sys=0.00, real=0.21 secs] 
119.944: [GC119.944: [DefNew: 147647K->16383K(147648K), 0.3553538 secs]120.299: [Tenured: 357780K->177058K(357936K), 0.6451003 secs] 380199K->177058K(505584K), [Perm : 7344K->7344K(21248K)], 1.0036350 secs] [Times: user=1.00 sys=0.02, real=1.00 secs] 
121.090: [GC121.090: [DefNew: 131264K->16384K(147648K), 0.1980511 secs] 308322K->264045K(465264K), 0.1984347 secs] [Times: user=0.20 sys=0.00, real=0.20 secs] 
121.429: [GC121.429: [DefNew: 147648K->16384K(147648K), 0.3651736 secs]121.794: [Tenured: 371191K->181536K(371376K), 0.5486958 secs] 395309K->181536K(519024K), [Perm : 7344K->7344K(21248K)], 0.9180298 secs] [Times: user=0.90 sys=0.00, real=0.92 secs] 
122.498: [GC122.498: [DefNew: 131264K->16383K(147648K), 0.2460818 secs] 312800K->288857K(465264K), 0.2465032 secs] [Times: user=0.25 sys=0.00, real=0.25 secs] 
122.889: [GC122.889: [DefNew: 147647K->16383K(147648K), 0.3286555 secs]123.218: [Tenured: 393577K->166627K(393648K), 0.5386438 secs] 420121K->166627K(541296K), [Perm : 7344K->7344K(21248K)], 0.8727089 secs] [Times: user=0.87 sys=0.00, real=0.87 secs] 
123.917: [GC123.917: [DefNew: 131264K->16384K(147648K), 0.2629693 secs] 297891K->280874K(465264K), 0.2633490 secs] [Times: user=0.26 sys=0.00, real=0.26 secs] 
124.323: [GC124.323: [DefNew: 147648K->16383K(147648K), 0.3421424 secs]124.665: [Tenured: 391973K->164534K(392112K), 0.5189632 secs] 412138K->164534K(539760K), [Perm : 7345K->7345K(21248K)], 0.8667067 secs] [Times: user=0.84 sys=0.03, real=0.87 secs] 
125.335: [GC125.336: [DefNew: 131264K->16383K(147648K), 0.2636392 secs] 295798K->278882K(465264K), 0.2640267 secs] [Times: user=0.26 sys=0.00, real=0.26 secs] 
125.746: [GC125.746: [DefNew: 147647K->16384K(147648K), 0.2966028 secs]126.042: [Tenured: 373232K->177253K(373296K), 0.5267669 secs] 410146K->177253K(520944K), [Perm : 7346K->7346K(21248K)], 0.8278515 secs] [Times: user=0.83 sys=0.00, real=0.83 secs] 
126.709: [GC126.709: [DefNew: 131264K->16383K(147648K), 0.1337366 secs] 308517K->237278K(465264K), 0.1341442 secs] [Times: user=0.14 sys=0.00, real=0.13 secs] 
126.984: [GC126.984: [DefNew: 147647K->16384K(147648K), 0.3410122 secs]127.325: [Tenured: 346101K->169567K(346224K), 0.5524550 secs] 368542K->169567K(493872K), [Perm : 7347K->7347K(21248K)], 0.8958636 secs] [Times: user=0.89 sys=0.00, real=0.90 secs] 
128.023: [GC128.023: [DefNew: 131264K->16384K(147648K), 0.2511440 secs] 300831K->279092K(465264K), 0.2515433 secs] [Times: user=0.25 sys=0.00, real=0.25 secs] 
128.418: [GC128.418: [DefNew: 147648K->16383K(147648K), 0.3436049 secs]128.761: [Tenured: 390989K->168801K(391152K), 0.5327432 secs] 410356K->168801K(538800K), [Perm : 7347K->7347K(21248K)], 0.8818119 secs] [Times: user=0.87 sys=0.00, real=0.88 secs] 
129.445: [GC129.445: [DefNew: 131264K->16383K(147648K), 0.2626986 secs] 300065K->282393K(465264K), 0.2630860 secs] [Times: user=0.27 sys=0.00, real=0.26 secs] 
129.857: [GC129.857: [DefNew: 147647K->16383K(147648K), 0.3184413 secs]130.175: [Tenured: 384604K->167008K(384624K), 0.5387224 secs] 413657K->167008K(532272K), [Perm : 7348K->7348K(21248K)], 0.8621396 secs] [Times: user=0.84 sys=0.02, real=0.86 secs] 
130.874: [GC130.875: [DefNew: 131264K->16383K(147648K), 0.2576767 secs] 298272K->279401K(465264K), 0.2580578 secs] [Times: user=0.26 sys=0.00, real=0.26 secs] 
131.276: [GC131.276: [DefNew: 147647K->16384K(147648K), 0.3433111 secs]131.619: [Tenured: 390805K->164679K(390960K), 0.5279093 secs] 410665K->164679K(538608K), [Perm : 7348K->7348K(21248K)], 0.8766384 secs] [Times: user=0.87 sys=0.00, real=0.88 secs] 
132.301: [GC132.301: [DefNew: 131264K->16384K(147648K), 0.2661453 secs] 295943K->280028K(465264K), 0.2665414 secs] [Times: user=0.27 sys=0.02, real=0.27 secs] 
132.732: [GC132.733: [DefNew: 147648K->16384K(147648K), 0.2994800 secs]133.032: [Tenured: 375364K->187038K(375408K), 0.5504704 secs] 411292K->187038K(523056K), [Perm : 7348K->7348K(21248K)], 0.8542679 secs] [Times: user=0.84 sys=0.01, real=0.85 secs] 
133.733: [GC133.733: [DefNew: 131264K->16383K(147648K), 0.2465430 secs] 318302K->294756K(465264K), 0.2469224 secs] [Times: user=0.25 sys=0.00, real=0.25 secs] 
134.116: [GC134.117: [DefNew: 147647K->16383K(147648K), 0.3183668 secs]134.435: [Tenured: 396560K->159868K(396720K), 0.5336172 secs] 426020K->159868K(544368K), [Perm : 7348K->7348K(21248K)], 0.8578612 secs] [Times: user=0.84 sys=0.02, real=0.86 secs] 
135.122: [GC135.122: [DefNew: 131264K->16383K(147648K), 0.1947554 secs] 291132K->245645K(465264K), 0.1951419 secs] [Times: user=0.20 sys=0.00, real=0.19 secs] 
135.461: [GC135.461: [DefNew: 147647K->16383K(147648K), 0.3456848 secs]135.807: [Tenured: 357545K->161278K(357552K), 0.5309357 secs] 376909K->161278K(505200K), [Perm : 7348K->7348K(21248K)], 0.8798103 secs] [Times: user=0.87 sys=0.00, real=0.88 secs] 
136.487: [GC136.487: [DefNew: 131264K->16383K(147648K), 0.2820409 secs] 292542K->277994K(465264K), 0.2824414 secs] [Times: user=0.28 sys=0.00, real=0.28 secs] 
136.904: [GC136.904: [DefNew: 147647K->16384K(147648K), 0.3284079 secs]137.233: [Tenured: 383695K->187965K(383856K), 0.5496108 secs] 409258K->187965K(531504K), [Perm : 7348K->7348K(21248K)], 0.8828065 secs] [Times: user=0.84 sys=0.03, real=0.88 secs] 
137.934: [GC137.934: [DefNew: 131264K->16383K(147648K), 0.2671922 secs] 319229K->303907K(465264K), 0.2675838 secs] [Times: user=0.26 sys=0.00, real=0.27 secs] 
138.344: [GC138.344: [DefNew: 147647K->16383K(147648K), 0.3486896 secs]138.693: [Tenured: 415662K->165095K(415728K), 0.5258413 secs] 435171K->165095K(563376K), [Perm : 7348K->7348K(21248K)], 0.8816160 secs] [Times: user=0.86 sys=0.02, real=0.88 secs] 
139.373: [GC139.373: [DefNew: 131264K->16383K(147648K), 0.2556758 secs] 296359K->276527K(465264K), 0.2560590 secs] [Times: user=0.25 sys=0.00, real=0.26 secs] 
139.774: [GC139.774: [DefNew: 147647K->16383K(147648K), 0.2589388 secs]140.033: [Tenured: 356856K->183358K(356976K), 0.5366631 secs] 407791K->183358K(504624K), [Perm : 7348K->7348K(21248K)], 0.7986808 secs] [Times: user=0.78 sys=0.02, real=0.80 secs] 
140.722: [GC140.722: [DefNew: 131264K->16384K(147648K), 0.2507454 secs] 314622K->292156K(465264K), 0.2511623 secs] [Times: user=0.25 sys=0.00, real=0.25 secs] 
141.104: [GC141.104: [DefNew: 147648K->16383K(147648K), 0.3152876 secs]141.420: [Tenured: 391922K->165981K(392112K), 0.5552709 secs] 423420K->165981K(539760K), [Perm : 7351K->7351K(21248K)], 0.8760050 secs] [Times: user=0.84 sys=0.03, real=0.88 secs] 
142.123: [GC142.123: [DefNew: 131264K->16384K(147648K), 0.2266490 secs] 297245K->264844K(465264K), 0.2270265 secs] [Times: user=0.23 sys=0.00, real=0.23 secs] 
142.509: [GC142.509: [DefNew: 147648K->16383K(147648K), 0.3093870 secs]142.818: [Tenured: 365118K->187608K(365232K), 0.5530663 secs] 396108K->187608K(512880K), [Perm : 7351K->7351K(21248K)], 0.8661887 secs] [Times: user=0.86 sys=0.00, real=0.87 secs] 
143.527: [GC143.527: [DefNew: 131264K->16383K(147648K), 0.2597829 secs] 318872K->300801K(465264K), 0.2601748 secs] [Times: user=0.26 sys=0.00, real=0.26 secs] 
143.930: [GC143.930: [DefNew: 147647K->16383K(147648K), 0.3407595 secs]144.271: [Tenured: 409942K->186012K(409968K), 0.5322262 secs] 432065K->186012K(557616K), [Perm : 7351K->7351K(21248K)], 0.8798331 secs] [Times: user=0.86 sys=0.01, real=0.88 secs] 
144.957: [GC144.957: [DefNew: 131264K->16384K(147648K), 0.2529968 secs] 317276K->296126K(465264K), 0.2533939 secs] [Times: user=0.25 sys=0.00, real=0.25 secs] 
145.353: [GC145.354: [DefNew: 147648K->16383K(147648K), 0.3471267 secs]145.701: [Tenured: 408123K->185935K(408240K), 0.5276906 secs] 427390K->185935K(555888K), [Perm : 7351K->7351K(21248K)], 0.8814120 secs] [Times: user=0.86 sys=0.03, real=0.88 secs] 
146.379: [GC146.379: [DefNew: 131264K->16383K(147648K), 0.2528377 secs] 317199K->295755K(465264K), 0.2532232 secs] [Times: user=0.25 sys=0.00, real=0.25 secs] 
146.777: [GC146.777: [DefNew: 147647K->16384K(147648K), 0.3043405 secs]147.081: [Tenured: 392388K->165385K(392496K), 0.5384014 secs] 427019K->165385K(540144K), [Perm : 7351K->7351K(21248K)], 0.8482582 secs] [Times: user=0.86 sys=0.00, real=0.85 secs] 
147.774: [GC147.774: [DefNew: 131264K->16383K(147648K), 0.2363559 secs] 296649K->268753K(465264K), 0.2367402 secs] [Times: user=0.25 sys=0.00, real=0.24 secs] 
148.147: [GC148.148: [DefNew: 147647K->16383K(147648K), 0.3173393 secs]148.465: [Tenured: 371469K->172887K(371568K), 0.5398969 secs] 400017K->172887K(519216K), [Perm : 7352K->7352K(21248K)], 0.8612599 secs] [Times: user=0.86 sys=0.02, real=0.86 secs] 
149.151: [GC149.151: [DefNew: 131264K->16384K(147648K), 0.2550545 secs] 304151K->284207K(465264K), 0.2554420 secs] [Times: user=0.25 sys=0.00, real=0.26 secs] 
149.551: [GC149.551: [DefNew: 147648K->16383K(147648K), 0.3044553 secs]149.856: [Tenured: 380778K->186811K(380784K), 0.5615278 secs] 415471K->186811K(528432K), [Perm : 7352K->7352K(21248K)], 0.8706374 secs] [Times: user=0.87 sys=0.00, real=0.87 secs] 
150.567: [GC150.567: [DefNew: 131264K->16383K(147648K), 0.2539295 secs] 318075K->297130K(465264K), 0.2543143 secs] [Times: user=0.26 sys=0.00, real=0.25 secs] 
150.963: [GC150.963: [DefNew: 147647K->16384K(147648K), 0.3437422 secs]151.307: [Tenured: 407823K->164650K(407856K), 0.5357461 secs] 428394K->164650K(555504K), [Perm : 7352K->7352K(21248K)], 0.8861593 secs] [Times: user=0.87 sys=0.02, real=0.89 secs] 
152.002: [GC152.002: [DefNew: 131264K->16383K(147648K), 0.2577919 secs] 295914K->276353K(465264K), 0.2581719 secs] [Times: user=0.26 sys=0.00, real=0.26 secs] 
152.404: [GC152.404: [DefNew: 147647K->16383K(147648K), 0.3427178 secs]152.747: [Tenured: 388403K->166543K(388464K), 0.5229475 secs] 407617K->166543K(536112K), [Perm : 7352K->7352K(21248K)], 0.8709722 secs] [Times: user=0.83 sys=0.05, real=0.87 secs] 
153.432: [GC153.432: [DefNew: 131264K->16384K(147648K), 0.2642380 secs] 297807K->280580K(465264K), 0.2646197 secs] [Times: user=0.27 sys=0.00, real=0.26 secs] 
153.842: [GC153.842: [DefNew: 147648K->16384K(147648K), 0.3065191 secs]154.149: [Tenured: 378592K->185822K(378672K), 0.5505050 secs] 411844K->185822K(526320K), [Perm : 7353K->7353K(21248K)], 0.8616877 secs] [Times: user=0.86 sys=0.02, real=0.86 secs] 
154.844: [GC154.844: [DefNew: 131264K->16384K(147648K), 0.2236744 secs] 317086K->283434K(465264K), 0.2240621 secs] [Times: user=0.22 sys=0.00, real=0.22 secs] 
155.205: [GC155.205: [DefNew: 147648K->16384K(147648K), 0.3180962 secs]155.523: [Tenured: 385801K->167991K(385968K), 0.5480002 secs] 414698K->167991K(533616K), [Perm : 7353K->7353K(21248K)], 0.8711413 secs] [Times: user=0.86 sys=0.01, real=0.87 secs] 
156.213: [GC156.213: [DefNew: 131264K->16383K(147648K), 0.2069925 secs] 299255K->258933K(465264K), 0.2073783 secs] [Times: user=0.22 sys=0.00, real=0.21 secs] 
156.562: [GC156.562: [DefNew: 147647K->16383K(147648K), 0.2372078 secs]156.800: [Tenured: 331813K->178381K(331824K), 0.5376907 secs] 390197K->178381K(479472K), [Perm : 7353K->7353K(21248K)], 0.7763093 secs] [Times: user=0.77 sys=0.01, real=0.78 secs] 
157.497: [GC157.497: [DefNew: 131264K->16383K(147648K), 0.2839216 secs] 309645K->299902K(465264K), 0.2843241 secs] [Times: user=0.28 sys=0.00, real=0.28 secs] 
157.907: [GC157.907: [DefNew: 147647K->16384K(147648K), 0.2882606 secs]158.195: [Tenured: 388380K->173894K(388464K), 0.5891267 secs] 431166K->173894K(536112K), [Perm : 7353K->7353K(21248K)], 0.8825720 secs] [Times: user=0.87 sys=0.02, real=0.88 secs] 
158.931: [GC158.931: [DefNew: 131264K->16383K(147648K), 0.1760542 secs] 305158K->250917K(465264K), 0.1764378 secs] [Times: user=0.17 sys=0.00, real=0.18 secs] 
159.227: [GC159.227: [DefNew: 147647K->16383K(147648K), 0.2405041 secs]159.468: [Tenured: 325026K->176847K(325104K), 0.5658745 secs] 382181K->176847K(472752K), [Perm : 7353K->7353K(21248K)], 0.8072831 secs] [Times: user=0.80 sys=0.00, real=0.81 secs] 
160.175: [GC160.176: [DefNew: 131264K->16383K(147648K), 0.2625247 secs] 308111K->290204K(465264K), 0.2629147 secs] [Times: user=0.27 sys=0.00, real=0.26 secs] 
160.571: [GC160.571: [DefNew: 147647K->16383K(147648K), 0.1845783 secs]160.755: [Tenured: 340498K->178808K(340656K), 0.5726985 secs] 421468K->178808K(488304K), [Perm : 7353K->7353K(21248K)], 0.7593833 secs] [Times: user=0.73 sys=0.01, real=0.76 secs] 
161.473: [GC161.473: [DefNew: 131264K->16383K(147648K), 0.3044511 secs] 310072K->306778K(465264K), 0.3048203 secs] [Times: user=0.30 sys=0.00, real=0.31 secs] 
161.906: [GC161.906: [DefNew: 147647K->16383K(147648K), 0.2989732 secs]162.205: [Tenured: 391855K->164451K(391920K), 0.5624515 secs] 438042K->164451K(539568K), [Perm : 7353K->7353K(21248K)], 0.8668786 secs] [Times: user=0.87 sys=0.00, real=0.87 secs] 
162.926: [GC162.926: [DefNew: 131264K->16383K(147648K), 0.2361035 secs] 295715K->267490K(465264K), 0.2365202 secs] [Times: user=0.23 sys=0.00, real=0.24 secs] 
163.299: [GC163.299: [DefNew: 147647K->16383K(147648K), 0.3162738 secs]163.616: [Tenured: 370820K->167336K(370992K), 0.5414549 secs] 398754K->167336K(518640K), [Perm : 7353K->7353K(21248K)], 0.8616714 secs] [Times: user=0.86 sys=0.00, real=0.86 secs] 
164.302: [GC164.302: [DefNew: 131264K->16383K(147648K), 0.2174165 secs] 298600K->262903K(465264K), 0.2178046 secs] [Times: user=0.22 sys=0.00, real=0.22 secs] 
164.664: [GC164.664: [DefNew: 147647K->16383K(147648K), 0.2812189 secs]164.946: [Tenured: 352781K->178586K(352944K), 0.5522141 secs] 394167K->178586K(500592K), [Perm : 7353K->7353K(21248K)], 0.8361924 secs] [Times: user=0.84 sys=0.00, real=0.84 secs] 
165.649: [GC165.649: [DefNew: 131264K->16383K(147648K), 0.2479224 secs] 309850K->286801K(465264K), 0.2483050 secs] [Times: user=0.25 sys=0.00, real=0.25 secs] 
166.040: [GC166.040: [DefNew: 147647K->16383K(147648K), 0.3453657 secs]166.385: [Tenured: 398669K->164255K(398832K), 0.5380094 secs] 418065K->164255K(546480K), [Perm : 7353K->7353K(21248K)], 0.8891583 secs] [Times: user=0.89 sys=0.00, real=0.89 secs] 
167.075: [GC167.075: [DefNew: 131264K->16384K(147648K), 0.2588118 secs] 295519K->276659K(465264K), 0.2592271 secs] [Times: user=0.25 sys=0.00, real=0.26 secs] 
167.478: [GC167.478: [DefNew: 147648K->16383K(147648K), 0.3497784 secs]167.828: [Tenured: 388288K->181569K(388464K), 0.5280652 secs] 407923K->181569K(536112K), [Perm : 7353K->7353K(21248K)], 0.8828873 secs] [Times: user=0.87 sys=0.02, real=0.88 secs] 
168.517: [GC168.517: [DefNew: 131264K->16384K(147648K), 0.2696274 secs] 312833K->294034K(465264K), 0.2700379 secs] [Times: user=0.27 sys=0.00, real=0.27 secs] 
168.910: [GC168.911: [DefNew: 147648K->16384K(147648K), 0.2551908 secs]169.166: [Tenured: 369701K->164206K(369840K), 0.5492718 secs] 425298K->164206K(517488K), [Perm : 7353K->7353K(21248K)], 0.8084143 secs] [Times: user=0.81 sys=0.00, real=0.81 secs] 
169.867: [GC169.867: [DefNew: 131264K->16383K(147648K), 0.2315047 secs] 295470K->264315K(465264K), 0.2318944 secs] [Times: user=0.23 sys=0.00, real=0.23 secs] 
170.236: [GC170.237: [DefNew: 147647K->16384K(147648K), 0.3295195 secs]170.566: [Tenured: 369269K->178887K(369456K), 0.5786517 secs] 395579K->178887K(517104K), [Perm : 7353K->7353K(21248K)], 0.9121462 secs] [Times: user=0.92 sys=0.00, real=0.91 secs] 
171.284: [GC171.284: [DefNew: 131264K->16383K(147648K), 0.2018815 secs] 310151K->266718K(465264K), 0.2022737 secs] [Times: user=0.20 sys=0.00, real=0.20 secs] 
171.627: [GC171.627: [DefNew: 147647K->16383K(147648K), 0.2821929 secs]171.910: [Tenured: 354915K->179923K(355056K), 0.5600807 secs] 397982K->179923K(502704K), [Perm : 7353K->7353K(21248K)], 0.8452762 secs] [Times: user=0.86 sys=0.00, real=0.85 secs] 
172.622: [GC172.622: [DefNew: 131264K->16383K(147648K), 0.1583925 secs] 311187K->249120K(465264K), 0.1588412 secs] [Times: user=0.16 sys=0.00, real=0.16 secs] 
172.914: [GC172.914: [DefNew: 147647K->16384K(147648K), 0.3064325 secs]173.221: [Tenured: 348134K->168030K(348144K), 0.5783464 secs] 380384K->168030K(495792K), [Perm : 7353K->7353K(21248K)], 0.8871785 secs] [Times: user=0.89 sys=0.00, real=0.89 secs] 
173.944: [GC173.944: [DefNew: 131264K->16383K(147648K), 0.2568814 secs] 299294K->278187K(465264K), 0.2572749 secs] [Times: user=0.25 sys=0.00, real=0.26 secs] 
174.336: [GC174.336: [DefNew: 147647K->16384K(147648K), 0.3219743 secs]174.658: [Tenured: 380871K->159977K(380976K), 0.5479880 secs] 409451K->159977K(528624K), [Perm : 7354K->7354K(21248K)], 0.8746310 secs] [Times: user=0.87 sys=0.00, real=0.88 secs] 
175.352: [GC175.352: [DefNew: 131264K->16383K(147648K), 0.2044270 secs] 291241K->249491K(465264K), 0.2048215 secs] [Times: user=0.20 sys=0.00, real=0.20 secs] 
175.703: [GC175.703: [DefNew: 147647K->16384K(147648K), 0.2619567 secs]175.965: [Tenured: 332668K->181010K(332784K), 0.5723085 secs] 380755K->181010K(480432K), [Perm : 7355K->7355K(21248K)], 0.8356899 secs] [Times: user=0.83 sys=0.00, real=0.84 secs] 
176.689: [GC176.689: [DefNew: 131264K->16383K(147648K), 0.2319249 secs] 312274K->281689K(465264K), 0.2323149 secs] [Times: user=0.23 sys=0.00, real=0.23 secs] 
177.051: [GC177.051: [DefNew: 147647K->16383K(147648K), 0.2896891 secs]177.341: [Tenured: 371912K->181789K(371952K), 0.6059334 secs] 412953K->181789K(519600K), [Perm : 7355K->7355K(21248K)], 0.8998800 secs] [Times: user=0.89 sys=0.00, real=0.90 secs] 
178.083: [GC178.084: [DefNew: 131264K->16383K(147648K), 0.1785029 secs] 313053K->256870K(465264K), 0.1788990 secs] [Times: user=0.19 sys=0.00, real=0.18 secs] 
178.385: [GC178.386: [DefNew: 147647K->16383K(147648K), 0.2203277 secs]178.606: [Tenured: 320270K->166824K(320304K), 0.6045068 secs] 388134K->166824K(467952K), [Perm : 7355K->7355K(21248K)], 0.8254461 secs] [Times: user=0.83 sys=0.00, real=0.83 secs] 
179.339: [GC179.340: [DefNew: 131264K->16383K(147648K), 0.1051281 secs] 298088K->214042K(465264K), 0.1055459 secs] [Times: user=0.11 sys=0.00, real=0.11 secs] 
179.576: [GC179.577: [DefNew: 147647K->16384K(147648K), 0.1273350 secs] 345306K->257434K(465264K), 0.1277484 secs] [Times: user=0.13 sys=0.00, real=0.13 secs] 
179.824: [GC179.824: [DefNew: 147648K->16383K(147648K), 0.2538974 secs]180.078: [Tenured: 332133K->163388K(332208K), 0.6350082 secs] 388698K->163388K(479856K), [Perm : 7355K->7355K(21248K)], 0.8903254 secs] [Times: user=0.89 sys=0.00, real=0.89 secs] 
180.861: [GC180.861: [DefNew: 131264K->16384K(147648K), 0.1210418 secs] 294652K->216958K(465264K), 0.1214475 secs] [Times: user=0.13 sys=0.00, real=0.12 secs] 
181.105: [GC181.105: [DefNew: 147648K->16384K(147648K), 0.2545687 secs] 348222K->312116K(465264K), 0.2549641 secs] [Times: user=0.25 sys=0.00, real=0.25 secs] 
181.487: [GC181.488: [DefNew: 147648K->16384K(147648K), 0.2661572 secs]181.754: [Tenured: 382871K->183429K(382896K), 0.6581196 secs] 443380K->183429K(530544K), [Perm : 7355K->7355K(21248K)], 0.9291242 secs] [Times: user=0.92 sys=0.00, real=0.93 secs] 
182.541: [GC182.541: [DefNew: 131264K->16383K(147648K), 0.0945366 secs] 314693K->225020K(465264K), 0.0949587 secs] [Times: user=0.09 sys=0.00, real=0.10 secs] 
182.754: [GC182.754: [DefNew: 147647K->16384K(147648K), 0.1785677 secs] 356284K->283987K(465264K), 0.1789984 secs] [Times: user=0.17 sys=0.00, real=0.18 secs] 
183.059: [GC183.059: [DefNew: 147648K->16383K(147648K), 0.3123655 secs]183.372: [Tenured: 376796K->167716K(376944K), 0.6634657 secs] 415251K->167716K(524592K), [Perm : 7355K->7355K(21248K)], 0.9802719 secs] [Times: user=0.98 sys=0.00, real=0.98 secs] 
184.166: [GC184.166: [DefNew: 131264K->16383K(147648K), 0.1399059 secs] 298980K->226809K(465264K), 0.1403097 secs] [Times: user=0.14 sys=0.00, real=0.14 secs] 
184.427: [GC184.427: [DefNew: 147647K->16384K(147648K), 0.2228613 secs] 358073K->307876K(465264K), 0.2232616 secs] [Times: user=0.22 sys=0.00, real=0.22 secs] 
184.789: [GC184.789: [DefNew: 147648K->16384K(147648K), 0.2379262 secs]185.027: [Tenured: 367946K->185163K(368112K), 0.6719647 secs] 439140K->185163K(515760K), [Perm : 7355K->7355K(21248K)], 0.9139105 secs] [Times: user=0.92 sys=0.00, real=0.91 secs] 
185.854: [GC185.855: [DefNew: 131264K->16384K(147648K), 0.2572819 secs] 316427K->296401K(465264K), 0.2576658 secs] [Times: user=0.26 sys=0.00, real=0.26 secs] 
186.251: [GC186.251: [DefNew: 147648K->16384K(147648K), 0.3464904 secs]186.598: [Tenured: 405135K->165525K(405168K), 0.5922403 secs] 427665K->165525K(552816K), [Perm : 7355K->7355K(21248K)], 0.9452551 secs] [Times: user=0.94 sys=0.01, real=0.94 secs] 
187.341: [GC187.341: [DefNew: 131264K->16383K(147648K), 0.2567592 secs] 296789K->276120K(465264K), 0.2571504 secs] [Times: user=0.25 sys=0.00, real=0.26 secs] 
187.740: [GC187.740: [DefNew: 147647K->16384K(147648K), 0.3002423 secs]188.040: [Tenured: 367340K->185827K(367344K), 0.5835661 secs] 407384K->185827K(514992K), [Perm : 7355K->7355K(21248K)], 0.8874595 secs] [Times: user=0.87 sys=0.02, real=0.89 secs] 
188.771: [GC188.772: [DefNew: 131264K->16383K(147648K), 0.1821906 secs] 317091K->262910K(465264K), 0.1825706 secs] [Times: user=0.19 sys=0.00, real=0.18 secs] 
189.074: [GC189.074: [DefNew: 147647K->16383K(147648K), 0.2147856 secs]189.289: [Tenured: 325606K->167422K(325680K), 0.5567520 secs] 394174K->167422K(473328K), [Perm : 7355K->7355K(21248K)], 0.7724382 secs] [Times: user=0.76 sys=0.00, real=0.77 secs] 
189.988: [GC189.988: [DefNew: 131264K->16383K(147648K), 0.2170499 secs] 298686K->260735K(465264K), 0.2174476 secs] [Times: user=0.20 sys=0.00, real=0.22 secs] 
190.340: [GC190.340: [DefNew: 147647K->16384K(147648K), 0.3314512 secs]190.671: [Tenured: 364880K->183255K(365040K), 0.6172253 secs] 391999K->183255K(512688K), [Perm : 7355K->7355K(21248K)], 0.9523420 secs] [Times: user=0.95 sys=0.00, real=0.95 secs] 
191.425: [GC191.426: [DefNew: 131264K->16383K(147648K), 0.0353231 secs] 314519K->200291K(465264K), 0.0356679 secs] [Times: user=0.03 sys=0.00, real=0.04 secs] 
191.587: [GC191.587: [DefNew: 147647K->15326K(147648K), 0.0536657 secs] 331555K->215133K(465264K), 0.0540637 secs] [Times: user=0.05 sys=0.00, real=0.05 secs] 
191.780: [GC191.781: [DefNew: 146590K->16383K(147648K), 0.3305022 secs]192.111: [Tenured: 320185K->165723K(320304K), 0.5583065 secs] 346397K->165723K(467952K), [Perm : 7355K->7355K(21248K)], 0.8893848 secs] [Times: user=0.89 sys=0.00, real=0.89 secs] 
192.828: [GC192.828: [DefNew: 131264K->16383K(147648K), 0.2707429 secs] 296987K->281836K(465264K), 0.2711191 secs] [Times: user=0.26 sys=0.00, real=0.27 secs] 
193.242: [GC193.242: [DefNew: 147647K->16383K(147648K), 0.3493343 secs]193.591: [Tenured: 393544K->186762K(393648K), 0.5394245 secs] 413100K->186762K(541296K), [Perm : 7355K->7355K(21248K)], 0.8942735 secs] [Times: user=0.87 sys=0.02, real=0.89 secs] 
194.281: [GC194.281: [DefNew: 131264K->16383K(147648K), 0.2356504 secs] 318026K->288109K(465264K), 0.2360365 secs] [Times: user=0.23 sys=0.00, real=0.24 secs] 
194.661: [GC194.662: [DefNew: 147647K->16384K(147648K), 0.2304079 secs]194.892: [Tenured: 354999K->166298K(355056K), 0.5523748 secs] 419373K->166298K(502704K), [Perm : 7355K->7355K(21248K)], 0.7856506 secs] [Times: user=0.75 sys=0.03, real=0.79 secs] 
195.596: [GC195.596: [DefNew: 131264K->16383K(147648K), 0.2629404 secs] 297562K->279068K(465264K), 0.2633859 secs] [Times: user=0.26 sys=0.00, real=0.26 secs] 
195.987: [GC195.987: [DefNew: 147647K->16384K(147648K), 0.2575244 secs]196.245: [Tenured: 356111K->186491K(356208K), 0.5945049 secs] 410332K->186491K(503856K), [Perm : 7355K->7355K(21248K)], 0.8551130 secs] [Times: user=0.84 sys=0.01, real=0.86 secs] 
196.969: [GC196.969: [DefNew: 131264K->16383K(147648K), 0.0404758 secs] 317755K->206357K(465264K), 0.0408369 secs] [Times: user=0.05 sys=0.00, real=0.04 secs] 
197.136: [GC197.136: [DefNew: 147647K->16383K(147648K), 0.2752063 secs] 337621K->307957K(465264K), 0.2756021 secs] [Times: user=0.27 sys=0.00, real=0.28 secs] 
197.560: [GC197.561: [DefNew: 147647K->16383K(147648K), 0.2543474 secs]197.815: [Tenured: 381803K->165456K(381936K), 0.5872813 secs] 439221K->165456K(529584K), [Perm : 7355K->7355K(21248K)], 0.8464070 secs] [Times: user=0.81 sys=0.00, real=0.85 secs] 
198.545: [GC198.545: [DefNew: 131264K->16384K(147648K), 0.1726581 secs] 296720K->239377K(465264K), 0.1730860 secs] [Times: user=0.17 sys=0.00, real=0.17 secs] 
198.851: [GC198.851: [DefNew: 147648K->16383K(147648K), 0.3125564 secs]199.164: [Tenured: 340417K->183814K(340464K), 0.5931036 secs] 370641K->183814K(488112K), [Perm : 7355K->7355K(21248K)], 0.9075388 secs] [Times: user=0.90 sys=0.00, real=0.91 secs] 
199.897: [GC199.897: [DefNew: 131264K->16383K(147648K), 0.2065739 secs] 315078K->273933K(465264K), 0.2069588 secs] [Times: user=0.20 sys=0.00, real=0.21 secs] 
200.240: [GC200.240: [DefNew: 147647K->16383K(147648K), 0.3266658 secs]200.567: [Tenured: 376890K->185068K(376944K), 0.5656410 secs] 405197K->185068K(524592K), [Perm : 7355K->7355K(21248K)], 0.8966693 secs] [Times: user=0.89 sys=0.00, real=0.90 secs] 
201.271: [GC201.272: [DefNew: 131264K->16383K(147648K), 0.2211766 secs] 316332K->280810K(465264K), 0.2215730 secs] [Times: user=0.22 sys=0.00, real=0.22 secs] 
201.639: [GC201.639: [DefNew: 147647K->16383K(147648K), 0.3095387 secs]201.949: [Tenured: 374963K->165769K(375024K), 0.5742623 secs] 412074K->165769K(522672K), [Perm : 7355K->7355K(21248K)], 0.8880092 secs] [Times: user=0.87 sys=0.02, real=0.89 secs] 
202.675: [GC202.675: [DefNew: 131264K->16383K(147648K), 0.2448403 secs] 297033K->271062K(465264K), 0.2452229 secs] [Times: user=0.23 sys=0.00, real=0.25 secs] 
203.058: [GC203.058: [DefNew: 147647K->16383K(147648K), 0.3349747 secs]203.393: [Tenured: 378724K->163753K(378864K), 0.5672972 secs] 402326K->163753K(526512K), [Perm : 7355K->7355K(21248K)], 0.9071510 secs] [Times: user=0.89 sys=0.02, real=0.91 secs] 
204.118: [GC204.118: [DefNew: 131264K->16383K(147648K), 0.2534003 secs] 295017K->272646K(465264K), 0.2537951 secs] [Times: user=0.27 sys=0.00, real=0.25 secs] 
204.523: [GC204.523: [DefNew: 147647K->16383K(147648K), 0.2962349 secs]204.820: [Tenured: 364967K->181701K(365040K), 0.5425595 secs] 403910K->181701K(512688K), [Perm : 7356K->7356K(21248K)], 0.8422964 secs] [Times: user=0.84 sys=0.00, real=0.84 secs] 
205.493: [GC205.493: [DefNew: 131264K->16383K(147648K), 0.2545273 secs] 312965K->290794K(465264K), 0.2549449 secs] [Times: user=0.26 sys=0.00, real=0.25 secs] 
205.891: [GC205.891: [DefNew: 147647K->16383K(147648K), 0.2765434 secs]206.168: [Tenured: 374555K->178209K(374640K), 0.5582074 secs] 422058K->178209K(522288K), [Perm : 7356K->7356K(21248K)], 0.8389638 secs] [Times: user=0.81 sys=0.03, real=0.84 secs] 
206.873: [GC206.873: [DefNew: 131264K->16383K(147648K), 0.2289650 secs] 309473K->277269K(465264K), 0.2293768 secs] [Times: user=0.23 sys=0.00, real=0.23 secs] 
207.244: [GC207.245: [DefNew: 147647K->16383K(147648K), 0.3474872 secs]207.592: [Tenured: 389094K->180360K(389232K), 0.5425194 secs] 408533K->180360K(536880K), [Perm : 7356K->7356K(21248K)], 0.8954152 secs] [Times: user=0.86 sys=0.03, real=0.89 secs] 
208.284: [GC208.284: [DefNew: 131264K->16384K(147648K), 0.2461902 secs] 311624K->287690K(465264K), 0.2465750 secs] [Times: user=0.25 sys=0.00, real=0.25 secs] 
208.679: [GC208.679: [DefNew: 147648K->16383K(147648K), 0.2758413 secs]208.955: [Tenured: 371742K->166735K(371760K), 0.5438395 secs] 418954K->166735K(519408K), [Perm : 7357K->7357K(21248K)], 0.8237238 secs] [Times: user=0.81 sys=0.00, real=0.82 secs] 
209.648: [GC209.648: [DefNew: 131264K->16383K(147648K), 0.2293922 secs] 297999K->267082K(465264K), 0.2297876 secs] [Times: user=0.22 sys=0.00, real=0.23 secs] 
210.017: [GC210.018: [DefNew: 147647K->16383K(147648K), 0.3359651 secs]210.354: [Tenured: 376010K->178395K(376176K), 0.5909378 secs] 398346K->178395K(523824K), [Perm : 7357K->7357K(21248K)], 0.9311219 secs] [Times: user=0.92 sys=0.02, real=0.93 secs] 
211.101: [GC211.101: [DefNew: 131264K->16383K(147648K), 0.2463348 secs] 309659K->285116K(465264K), 0.2467739 secs] [Times: user=0.25 sys=0.00, real=0.25 secs] 
211.483: [GC211.483: [DefNew: 147647K->16383K(147648K), 0.3179714 secs]211.801: [Tenured: 387119K->177890K(387120K), 0.5243840 secs] 416380K->177890K(534768K), [Perm : 7357K->7357K(21248K)], 0.8474282 secs] [Times: user=0.84 sys=0.02, real=0.85 secs] 
212.477: [GC212.477: [DefNew: 131264K->16384K(147648K), 0.2586242 secs] 309154K->289566K(465264K), 0.2590222 secs] [Times: user=0.25 sys=0.00, real=0.26 secs] 
212.890: [GC212.890: [DefNew: 147648K->16384K(147648K), 0.2872275 secs]213.178: [Tenured: 377997K->180164K(378096K), 0.5517507 secs] 420830K->180164K(525744K), [Perm : 7357K->7357K(21248K)], 0.8435805 secs] [Times: user=0.81 sys=0.02, real=0.84 secs] 
213.883: [GC213.883: [DefNew: 131264K->16383K(147648K), 0.2390352 secs] 311428K->282619K(465264K), 0.2394519 secs] [Times: user=0.25 sys=0.00, real=0.24 secs] 
214.260: [GC214.260: [DefNew: 147647K->16383K(147648K), 0.3284657 secs]214.588: [Tenured: 387309K->165908K(387312K), 0.5543556 secs] 413883K->165908K(534960K), [Perm : 7357K->7357K(21248K)], 0.8880890 secs] [Times: user=0.87 sys=0.02, real=0.89 secs] 
215.303: [GC215.303: [DefNew: 131264K->16384K(147648K), 0.2492761 secs] 297172K->272963K(465264K), 0.2496681 secs] [Times: user=0.25 sys=0.00, real=0.25 secs] 
215.708: [GC215.709: [DefNew: 147648K->16384K(147648K), 0.2452485 secs]215.954: [Tenured: 347148K->179657K(347184K), 0.5636657 secs] 404227K->179657K(494832K), [Perm : 7359K->7359K(21248K)], 0.8114245 secs] [Times: user=0.80 sys=0.02, real=0.81 secs] 
216.675: [GC216.675: [DefNew: 131264K->16383K(147648K), 0.1975146 secs] 310921K->265338K(465264K), 0.1979013 secs] [Times: user=0.20 sys=0.00, real=0.20 secs] 
217.004: [GC217.005: [DefNew: 147647K->16384K(147648K), 0.2982600 secs]217.303: [Tenured: 361073K->180667K(361200K), 0.5420768 secs] 396602K->180667K(508848K), [Perm : 7359K->7359K(21248K)], 0.8436399 secs] [Times: user=0.81 sys=0.03, real=0.84 secs] 
217.992: [GC217.992: [DefNew: 131264K->16383K(147648K), 0.2097676 secs] 311931K->271484K(465264K), 0.2101791 secs] [Times: user=0.20 sys=0.00, real=0.21 secs] 
218.345: [GC218.345: [DefNew: 147647K->16383K(147648K), 0.3419195 secs]218.687: [Tenured: 383341K->186913K(383472K), 0.5499120 secs] 402748K->186913K(531120K), [Perm : 7359K->7359K(21248K)], 0.8969085 secs] [Times: user=0.87 sys=0.03, real=0.90 secs] 
219.389: [GC219.390: [DefNew: 131264K->16383K(147648K), 0.2600574 secs] 318177K->298931K(465264K), 0.2604391 secs] [Times: user=0.26 sys=0.00, real=0.26 secs] 
219.796: [GC219.796: [DefNew: 147647K->16384K(147648K), 0.3002888 secs]220.096: [Tenured: 391881K->161973K(391920K), 0.5305110 secs] 430195K->161973K(539568K), [Perm : 7359K->7359K(21248K)], 0.8366065 secs] [Times: user=0.81 sys=0.03, real=0.84 secs] 
220.771: [GC220.771: [DefNew: 131264K->16383K(147648K), 0.2067885 secs] 293237K->251527K(465264K), 0.2072045 secs] [Times: user=0.20 sys=0.00, real=0.21 secs] 
221.120: [GC221.120: [DefNew: 147647K->16383K(147648K), 0.3529882 secs]221.473: [Tenured: 362453K->176489K(362544K), 0.5759531 secs] 382791K->176489K(510192K), [Perm : 7359K->7359K(21248K)], 0.9323734 secs] [Times: user=0.92 sys=0.02, real=0.93 secs] 
222.205: [GC222.205: [DefNew: 131264K->16383K(147648K), 0.2451793 secs] 307753K->282815K(465264K), 0.2455821 secs] [Times: user=0.23 sys=0.00, real=0.25 secs] 
222.607: [GC222.607: [DefNew: 147647K->16383K(147648K), 0.2860829 secs]222.893: [Tenured: 369496K->184811K(369648K), 0.5887521 secs] 414079K->184811K(517296K), [Perm : 7359K->7359K(21248K)], 0.8788328 secs] [Times: user=0.89 sys=0.00, real=0.88 secs] 
223.629: [GC223.629: [DefNew: 131264K->16384K(147648K), 0.2302809 secs] 316075K->284852K(465264K), 0.2306863 secs] [Times: user=0.23 sys=0.00, real=0.23 secs] 
223.989: [GC223.989: [DefNew: 147648K->16383K(147648K), 0.2939918 secs]224.283: [Tenured: 377058K->183339K(377136K), 0.5601818 secs] 416116K->183339K(524784K), [Perm : 7359K->7359K(21248K)], 0.8584600 secs] [Times: user=0.86 sys=0.00, real=0.86 secs] 
224.994: [GC224.995: [DefNew: 131264K->16384K(147648K), 0.2485507 secs] 314603K->291285K(465264K), 0.2489352 secs] [Times: user=0.23 sys=0.00, real=0.25 secs] 
225.386: [GC225.386: [DefNew: 147648K->16383K(147648K), 0.3474449 secs]225.734: [Tenured: 403222K->167107K(403248K), 0.5588918 secs] 422549K->167107K(550896K), [Perm : 7359K->7359K(21248K)], 0.9123557 secs] [Times: user=0.89 sys=0.02, real=0.91 secs] 
226.449: [GC226.449: [DefNew: 131264K->16383K(147648K), 0.2561180 secs] 298371K->277462K(465264K), 0.2565007 secs] [Times: user=0.25 sys=0.00, real=0.26 secs] 
226.856: [GC226.857: [DefNew: 147647K->16384K(147648K), 0.3125785 secs]227.169: [Tenured: 376046K->184478K(376176K), 0.5546147 secs] 408726K->184478K(523824K), [Perm : 7359K->7359K(21248K)], 0.8733982 secs] [Times: user=0.80 sys=0.08, real=0.87 secs] 
227.852: [GC227.852: [DefNew: 131264K->11630K(147648K), 0.0243346 secs] 315742K->196108K(465264K), 0.0247095 secs] [Times: user=0.02 sys=0.00, real=0.02 secs] 
227.996: [GC227.996: [DefNew: 142894K->16383K(147648K), 0.2092035 secs] 327372K->275658K(465264K), 0.2096541 secs] [Times: user=0.20 sys=0.00, real=0.21 secs] 
228.328: [GC228.328: [DefNew: 147647K->16384K(147648K), 0.2602858 secs]228.589: [Tenured: 353383K->169157K(353520K), 0.6442138 secs] 406922K->169157K(501168K), [Perm : 7359K->7359K(21248K)], 0.9074733 secs] [Times: user=0.86 sys=0.01, real=0.91 secs] 
229.371: [GC229.372: [DefNew: 131264K->16383K(147648K), 0.0885950 secs] 300421K->209874K(465264K), 0.0890010 secs] [Times: user=0.09 sys=0.00, real=0.09 secs] 
229.594: [GC229.594: [DefNew: 147647K->16383K(147648K), 0.1546520 secs] 341138K->261509K(465264K), 0.1550708 secs] [Times: user=0.16 sys=0.00, real=0.15 secs] 
229.868: [GC229.868: [DefNew: 147647K->16383K(147648K), 0.2378521 secs]230.106: [Tenured: 329315K->182003K(329328K), 0.6618938 secs] 392773K->182003K(476976K), [Perm : 7361K->7361K(21248K)], 0.9009631 secs] [Times: user=0.87 sys=0.02, real=0.90 secs] 
230.895: [GC230.895: [DefNew: 131264K->16383K(147648K), 0.0664188 secs] 313267K->212920K(465264K), 0.0668380 secs] [Times: user=0.06 sys=0.00, real=0.07 secs] 
231.086: [GC231.087: [DefNew: 147647K->16384K(147648K), 0.2998578 secs] 344184K->319080K(465264K), 0.3002718 secs] [Times: user=0.30 sys=0.00, real=0.30 secs] 
231.517: [GC231.517: [DefNew: 147648K->16383K(147648K), 0.3239554 secs]231.841: [Tenured: 408525K->162960K(408624K), 0.6359617 secs] 450344K->162960K(556272K), [Perm : 7361K->7361K(21248K)], 0.9663700 secs] [Times: user=0.91 sys=0.06, real=0.97 secs] 
232.611: [GC232.611: [DefNew: 131264K->16383K(147648K), 0.2577710 secs] 294224K->266584K(465264K), 0.2581578 secs] [Times: user=0.25 sys=0.00, real=0.26 secs] 
233.009: [GC233.009: [DefNew: 147647K->16383K(147648K), 0.3470748 secs]233.356: [Tenured: 376744K->188533K(376752K), 0.5810067 secs] 397848K->188533K(524400K), [Perm : 7361K->7361K(21248K)], 0.9324734 secs] [Times: user=0.92 sys=0.02, real=0.93 secs] 
234.088: [GC234.088: [DefNew: 131264K->16383K(147648K), 0.2194643 secs] 319797K->284013K(465264K), 0.2198578 secs] [Times: user=0.23 sys=0.00, real=0.22 secs] 
234.441: [GC234.441: [DefNew: 147647K->16383K(147648K), 0.3184839 secs]234.759: [Tenured: 380119K->183698K(380208K), 0.5887374 secs] 415277K->183698K(527856K), [Perm : 7363K->7363K(21248K)], 0.9120359 secs] [Times: user=0.91 sys=0.02, real=0.91 secs] 
235.485: [GC235.485: [DefNew: 131264K->16384K(147648K), 0.1453617 secs] 314962K->248014K(465264K), 0.1457616 secs] [Times: user=0.14 sys=0.00, real=0.15 secs] 
235.764: [GC235.764: [DefNew: 147648K->16383K(147648K), 0.2021124 secs] 379278K->319993K(465264K), 0.2025242 secs] [Times: user=0.20 sys=0.00, real=0.20 secs] 
236.092: [GC236.093: [DefNew: 147647K->16384K(147648K), 0.3138713 secs]236.406: [Tenured: 410005K->186502K(410160K), 0.7373104 secs] 451257K->186502K(557808K), [Perm : 7363K->7363K(21248K)], 1.0584948 secs] [Times: user=0.98 sys=0.06, real=1.06 secs] 
237.298: [GC237.298: [DefNew: 131264K->16384K(147648K), 0.2464115 secs] 317766K->290370K(465264K), 0.2468024 secs] [Times: user=0.25 sys=0.00, real=0.25 secs] 
237.687: [GC237.687: [DefNew: 147648K->16383K(147648K), 0.1914885 secs]237.878: [Tenured: 340749K->162266K(340848K), 0.6159594 secs] 421634K->162266K(488496K), [Perm : 7363K->7363K(21248K)], 0.8095599 secs] [Times: user=0.78 sys=0.00, real=0.81 secs] 
238.629: [GC238.629: [DefNew: 131264K->16383K(147648K), 0.0726241 secs] 293530K->195248K(465264K), 0.0730631 secs] [Times: user=0.06 sys=0.00, real=0.07 secs] 
238.835: [GC238.835: [DefNew: 147647K->16384K(147648K), 0.2682727 secs] 326512K->287467K(465264K), 0.2686742 secs] [Times: user=0.25 sys=0.00, real=0.27 secs] 
239.224: [GC239.224: [DefNew: 147648K->16384K(147648K), 0.2333399 secs]239.457: [Tenured: 350440K->185808K(350448K), 0.6655766 secs] 418731K->185808K(498096K), [Perm : 7365K->7365K(21248K)], 0.9014974 secs] [Times: user=0.87 sys=0.01, real=0.90 secs] 
240.264: [GC240.264: [DefNew: 131264K->16383K(147648K), 0.2296407 secs] 317072K->275030K(465264K), 0.2300355 secs] [Times: user=0.23 sys=0.00, real=0.23 secs] 
240.637: [GC240.637: [DefNew: 147647K->16384K(147648K), 0.2904017 secs]240.927: [Tenured: 360263K->184833K(360432K), 0.6845408 secs] 406294K->184833K(508080K), [Perm : 7365K->7365K(21248K)], 0.9784415 secs] [Times: user=0.95 sys=0.03, real=0.98 secs] 
241.750: [GC241.750: [DefNew: 131264K->16383K(147648K), 0.0943275 secs] 316097K->226624K(465264K), 0.0947951 secs] [Times: user=0.09 sys=0.00, real=0.10 secs] 
241.959: [GC241.959: [DefNew: 147647K->16383K(147648K), 0.1787374 secs] 357888K->287395K(465264K), 0.1791755 secs] [Times: user=0.17 sys=0.00, real=0.18 secs] 
242.255: [GC242.255: [DefNew: 147647K->16383K(147648K), 0.2138337 secs]242.469: [Tenured: 342887K->164095K(342960K), 0.6552876 secs] 418659K->164095K(490608K), [Perm : 7365K->7365K(21248K)], 0.8712731 secs] [Times: user=0.87 sys=0.00, real=0.87 secs] 
243.263: [GC243.263: [DefNew: 131264K->16383K(147648K), 0.0686981 secs] 295359K->195550K(465264K), 0.0691157 secs] [Times: user=0.06 sys=0.00, real=0.07 secs] 
243.444: [GC243.444: [DefNew: 147647K->16383K(147648K), 0.1062743 secs] 326814K->228534K(465264K), 0.1067240 secs] [Times: user=0.11 sys=0.00, real=0.11 secs] 
243.698: [GC243.698: [DefNew: 147647K->16383K(147648K), 0.1711251 secs] 359798K->281733K(465264K), 0.1715343 secs] [Times: user=0.16 sys=0.00, real=0.17 secs] 
244.008: [GC244.008: [DefNew: 147647K->16384K(147648K), 0.3519209 secs]244.360: [Tenured: 388707K->160894K(388848K), 0.6671046 secs] 412997K->160894K(536496K), [Perm : 7365K->7365K(21248K)], 1.0243837 secs] [Times: user=1.00 sys=0.01, real=1.02 secs] 
245.173: [GC245.173: [DefNew: 131264K->16384K(147648K), 0.1346256 secs] 292158K->217992K(465264K), 0.1350727 secs] [Times: user=0.14 sys=0.00, real=0.13 secs] 
245.440: [GC245.440: [DefNew: 147648K->16383K(147648K), 0.3124884 secs] 349256K->332814K(465264K), 0.3128797 secs] [Times: user=0.31 sys=0.00, real=0.31 secs] 
245.901: [GC245.901: [DefNew: 147647K->16383K(147648K), 0.2142083 secs]246.115: [Tenured: 385554K->184938K(385584K), 0.6359656 secs] 464078K->184938K(533232K), [Perm : 7365K->7365K(21248K)], 0.8562034 secs] [Times: user=0.83 sys=0.03, real=0.86 secs] 
246.903: [GC246.903: [DefNew: 131264K->16383K(147648K), 0.2471004 secs] 316202K->288965K(465264K), 0.2475061 secs] [Times: user=0.25 sys=0.00, real=0.25 secs] 
247.271: [GC247.271: [DefNew: 147647K->16384K(147648K), 0.1362221 secs]247.408: [Tenured: 320864K->166032K(320880K), 0.6572222 secs] 420229K->166032K(468528K), [Perm : 7365K->7365K(21248K)], 0.7943305 secs] [Times: user=0.75 sys=0.00, real=0.79 secs] 
248.201: [GC248.201: [DefNew: 131264K->16383K(147648K), 0.2226253 secs] 297296K->259859K(465264K), 0.2230701 secs] [Times: user=0.22 sys=0.00, real=0.22 secs] 
248.572: [GC248.572: [DefNew: 147647K->16383K(147648K), 0.2541835 secs]248.826: [Tenured: 333392K->181370K(333552K), 0.6367901 secs] 391123K->181370K(481200K), [Perm : 7365K->7365K(21248K)], 0.8925432 secs] [Times: user=0.89 sys=0.00, real=0.89 secs] 
249.605: [GC249.605: [DefNew: 131264K->16383K(147648K), 0.1755029 secs] 312634K->256560K(465264K), 0.1759183 secs] [Times: user=0.17 sys=0.00, real=0.18 secs] 
249.892: [GC249.893: [DefNew: 147647K->16383K(147648K), 0.1124661 secs] 387824K->292534K(465264K), 0.1129193 secs] [Times: user=0.11 sys=0.00, real=0.11 secs] 
250.122: [GC250.122: [DefNew: 147647K->16383K(147648K), 0.2436289 secs]250.365: [Tenured: 354195K->164345K(354288K), 0.6545416 secs] 423798K->164345K(501936K), [Perm : 7365K->7365K(21248K)], 0.9012151 secs] [Times: user=0.89 sys=0.01, real=0.90 secs] 
251.176: [GC251.176: [DefNew: 131264K->16384K(147648K), 0.2614490 secs] 295609K->274202K(465264K), 0.2618541 secs] [Times: user=0.27 sys=0.00, real=0.26 secs] 
251.576: [GC251.576: [DefNew: 147648K->16383K(147648K), 0.2739472 secs]251.850: [Tenured: 356701K->185823K(356784K), 0.6501577 secs] 405466K->185823K(504432K), [Perm : 7365K->7365K(21248K)], 0.9276081 secs] [Times: user=0.92 sys=0.00, real=0.93 secs] 
252.631: [GC252.631: [DefNew: 131264K->16383K(147648K), 0.2505340 secs] 317087K->289938K(465264K), 0.2509179 secs] [Times: user=0.25 sys=0.00, real=0.25 secs] 
253.009: [GC253.009: [DefNew: 147647K->16384K(147648K), 0.2700671 secs]253.279: [Tenured: 369210K->163285K(369264K), 0.6103612 secs] 421202K->163285K(516912K), [Perm : 7365K->7365K(21248K)], 0.8843398 secs] [Times: user=0.81 sys=0.03, real=0.88 secs] 
254.034: [GC254.034: [DefNew: 131264K->16384K(147648K), 0.2338886 secs] 294549K->261893K(465264K), 0.2344012 secs] [Times: user=0.23 sys=0.00, real=0.24 secs] 
254.405: [GC254.405: [DefNew: 147648K->16383K(147648K), 0.3254730 secs]254.731: [Tenured: 361228K->184999K(361392K), 0.6219482 secs] 393157K->184999K(509040K), [Perm : 7365K->7365K(21248K)], 0.9509652 secs] [Times: user=0.94 sys=0.02, real=0.95 secs] 
255.502: [GC255.502: [DefNew: 131264K->16383K(147648K), 0.2581841 secs] 316263K->288292K(465264K), 0.2585725 secs] [Times: user=0.27 sys=0.00, real=0.26 secs] 
255.912: [GC255.913: [DefNew: 147647K->16383K(147648K), 0.3080698 secs]256.221: [Tenured: 380205K->161279K(380208K), 0.6019109 secs] 419556K->161279K(527856K), [Perm : 7365K->7365K(21248K)], 0.9145920 secs] [Times: user=0.89 sys=0.02, real=0.91 secs] 
256.979: [GC256.979: [DefNew: 131264K->16384K(147648K), 0.2448646 secs] 292543K->265273K(465264K), 0.2452521 secs] [Times: user=0.25 sys=0.00, real=0.24 secs] 
257.360: [GC257.360: [DefNew: 147648K->16383K(147648K), 0.3312534 secs]257.692: [Tenured: 367704K->179955K(367728K), 0.5977541 secs] 396537K->179955K(515376K), [Perm : 7365K->7365K(21248K)], 0.9329404 secs] [Times: user=0.94 sys=0.00, real=0.93 secs] 
258.435: [GC258.436: [DefNew: 131264K->16383K(147648K), 0.2476866 secs] 311219K->275487K(465264K), 0.2482120 secs] [Times: user=0.23 sys=0.00, real=0.25 secs] 
258.831: [GC258.832: [DefNew: 147647K->16384K(147648K), 0.3060166 secs]259.138: [Tenured: 369075K->165278K(369264K), 0.6160014 secs] 406751K->165278K(516912K), [Perm : 7365K->7365K(21248K)], 0.9262300 secs] [Times: user=0.92 sys=0.00, real=0.93 secs] 
259.883: [GC259.883: [DefNew: 131264K->16384K(147648K), 0.0844208 secs] 296542K->203946K(465264K), 0.0848429 secs] [Times: user=0.08 sys=0.00, real=0.09 secs] 
260.107: [GC260.107: [DefNew: 147648K->16384K(147648K), 0.3519006 secs] 335210K->326433K(465264K), 0.3522890 secs] [Times: user=0.36 sys=0.00, real=0.35 secs] 
260.606: [GC260.606: [DefNew: 147648K->16383K(147648K), 0.3273550 secs]260.934: [Tenured: 415536K->170286K(415728K), 0.6175793 secs] 457697K->170286K(563376K), [Perm : 7365K->7365K(21248K)], 0.9520216 secs] [Times: user=0.94 sys=0.00, real=0.95 secs] 
261.680: [GC261.681: [DefNew: 131264K->16384K(147648K), 0.2458858 secs] 301550K->269671K(465264K), 0.2463153 secs] [Times: user=0.25 sys=0.00, real=0.25 secs] 
262.072: [GC262.072: [DefNew: 147648K->16383K(147648K), 0.2763718 secs]262.349: [Tenured: 352080K->163451K(352176K), 0.6532931 secs] 400935K->163451K(499824K), [Perm : 7366K->7366K(21248K)], 0.9326277 secs] [Times: user=0.89 sys=0.00, real=0.93 secs] 
263.153: [GC263.153: [DefNew: 131264K->16383K(147648K), 0.2129078 secs] 294715K->246923K(465264K), 0.2133764 secs] [Times: user=0.19 sys=0.00, real=0.21 secs] 
263.497: [GC263.498: [DefNew: 147647K->16383K(147648K), 0.3242011 secs]263.822: [Tenured: 341519K->182680K(341616K), 0.6237192 secs] 378187K->182680K(489264K), [Perm : 7366K->7366K(21248K)], 0.9498638 secs] [Times: user=0.92 sys=0.00, real=0.95 secs] 
264.593: [GC264.594: [DefNew: 131264K->16383K(147648K), 0.2561909 secs] 313944K->281638K(465264K), 0.2566347 secs] [Times: user=0.25 sys=0.00, real=0.26 secs] 
264.984: [GC264.984: [DefNew: 147647K->16384K(147648K), 0.3263787 secs]265.311: [Tenured: 381010K->166682K(381168K), 0.6174273 secs] 412902K->166682K(528816K), [Perm : 7366K->7366K(21248K)], 0.9485954 secs] [Times: user=0.94 sys=0.02, real=0.95 secs] 
266.080: [GC266.080: [DefNew: 131264K->16383K(147648K), 0.2129049 secs] 297946K->257216K(465264K), 0.2132872 secs] [Times: user=0.22 sys=0.00, real=0.21 secs] 
266.431: [GC266.431: [DefNew: 147647K->16383K(147648K), 0.3361722 secs]266.767: [Tenured: 363483K->182758K(363504K), 0.5878814 secs] 388480K->182758K(511152K), [Perm : 7366K->7366K(21248K)], 0.9275132 secs] [Times: user=0.92 sys=0.00, real=0.93 secs] 
267.503: [GC267.503: [DefNew: 131264K->16383K(147648K), 0.2252071 secs] 314022K->277580K(465264K), 0.2256022 secs] [Times: user=0.23 sys=0.00, real=0.23 secs] 
267.872: [GC267.872: [DefNew: 147647K->16384K(147648K), 0.2848603 secs]268.157: [Tenured: 364226K->170141K(364272K), 0.6116861 secs] 408844K->170141K(511920K), [Perm : 7366K->7366K(21248K)], 0.9003053 secs] [Times: user=0.89 sys=0.00, real=0.90 secs] 
268.927: [GC268.927: [DefNew: 131264K->16383K(147648K), 0.2688044 secs] 301405K->282270K(465264K), 0.2691983 secs] [Times: user=0.23 sys=0.00, real=0.27 secs] 
269.335: [GC269.335: [DefNew: 147647K->16383K(147648K), 0.3581242 secs]269.694: [Tenured: 387985K->186170K(388080K), 0.6130036 secs] 413534K->186170K(535728K), [Perm : 7366K->7366K(21248K)], 0.9762286 secs] [Times: user=0.97 sys=0.00, real=0.98 secs] 
270.449: [GC270.450: [DefNew: 131264K->16384K(147648K), 0.2118453 secs] 317434K->276090K(465264K), 0.2122824 secs] [Times: user=0.22 sys=0.00, real=0.21 secs] 
270.807: [GC270.807: [DefNew: 147648K->16383K(147648K), 0.2878937 secs]271.095: [Tenured: 363063K->163816K(363120K), 0.5963330 secs] 407354K->163816K(510768K), [Perm : 7366K->7366K(21248K)], 0.8878620 secs] [Times: user=0.89 sys=0.00, real=0.89 secs] 
271.836: [GC271.836: [DefNew: 131264K->16383K(147648K), 0.2255679 secs] 295080K->259799K(465264K), 0.2259505 secs] [Times: user=0.23 sys=0.00, real=0.23 secs] 
272.202: [GC272.202: [DefNew: 147647K->16384K(147648K), 0.3427390 secs]272.545: [Tenured: 368672K->184928K(368688K), 0.6377648 secs] 391063K->184928K(516336K), [Perm : 7366K->7366K(21248K)], 0.9846116 secs] [Times: user=0.98 sys=0.00, real=0.98 secs] 
273.332: [GC273.332: [DefNew: 131264K->16384K(147648K), 0.2409188 secs] 316192K->287435K(465264K), 0.2413111 secs] [Times: user=0.25 sys=0.00, real=0.24 secs] 
273.713: [GC273.714: [DefNew: 147648K->16384K(147648K), 0.2885935 secs]274.002: [Tenured: 372735K->162636K(372912K), 0.6012518 secs] 418699K->162636K(520560K), [Perm : 7366K->7366K(21248K)], 0.8941253 secs] [Times: user=0.87 sys=0.02, real=0.89 secs] 
274.760: [GC274.760: [DefNew: 131264K->16384K(147648K), 0.2331500 secs] 293900K->261667K(465264K), 0.2335391 secs] [Times: user=0.23 sys=0.00, real=0.23 secs] 
275.133: [GC275.133: [DefNew: 147648K->16383K(147648K), 0.3389849 secs]275.472: [Tenured: 368903K->188786K(369072K), 0.6176878 secs] 392931K->188786K(516720K), [Perm : 7366K->7366K(21248K)], 0.9608193 secs] [Times: user=0.94 sys=0.00, real=0.96 secs] 
276.252: [GC276.252: [DefNew: 131264K->16383K(147648K), 0.1901319 secs] 320050K->270414K(465264K), 0.1906428 secs] [Times: user=0.20 sys=0.00, real=0.19 secs] 
276.587: [GC276.587: [DefNew: 147647K->16384K(147648K), 0.3127081 secs]276.900: [Tenured: 367176K->160343K(367344K), 0.5854936 secs] 401678K->160343K(514992K), [Perm : 7366K->7366K(21248K)], 0.9022825 secs] [Times: user=0.89 sys=0.02, real=0.90 secs] 
277.632: [GC277.632: [DefNew: 131264K->16384K(147648K), 0.2512351 secs] 291607K->265480K(465264K), 0.2516318 secs] [Times: user=0.25 sys=0.00, real=0.25 secs] 
278.026: [GC278.026: [DefNew: 147648K->16384K(147648K), 0.3474606 secs]278.374: [Tenured: 375418K->190108K(375600K), 0.6172301 secs] 396744K->190108K(523248K), [Perm : 7366K->7366K(21248K)], 0.9691125 secs] [Times: user=0.97 sys=0.00, real=0.97 secs] 
279.141: [GC279.141: [DefNew: 131264K->16384K(147648K), 0.2333591 secs] 321372K->288609K(465264K), 0.2337536 secs] [Times: user=0.23 sys=0.00, real=0.24 secs] 
279.510: [GC279.510: [DefNew: 147648K->16384K(147648K), 0.3357232 secs]279.846: [Tenured: 392274K->164114K(392304K), 0.6022063 secs] 419873K->164114K(539952K), [Perm : 7366K->7366K(21248K)], 0.9437297 secs] [Times: user=0.92 sys=0.03, real=0.94 secs] 
280.610: [GC280.610: [DefNew: 131264K->16384K(147648K), 0.2143937 secs] 295378K->254598K(465264K), 0.2148036 secs] [Times: user=0.20 sys=0.00, real=0.22 secs] 
280.956: [GC280.957: [DefNew: 147648K->16384K(147648K), 0.2808279 secs]281.237: [Tenured: 340089K->183471K(340272K), 0.6064991 secs] 385862K->183471K(487920K), [Perm : 7367K->7367K(21248K)], 0.8893107 secs] [Times: user=0.87 sys=0.02, real=0.89 secs] 
281.994: [GC281.994: [DefNew: 131264K->16383K(147648K), 0.2318668 secs] 314735K->281174K(465264K), 0.2322501 secs] [Times: user=0.23 sys=0.00, real=0.23 secs] 
282.352: [GC282.352: [DefNew: 147647K->16384K(147648K), 0.3068472 secs]282.659: [Tenured: 375624K->164981K(375792K), 0.6109956 secs] 412438K->164981K(523440K), [Perm : 7367K->7367K(21248K)], 0.9221492 secs] [Times: user=0.92 sys=0.00, real=0.92 secs] 
283.412: [GC283.412: [DefNew: 131264K->16384K(147648K), 0.2307376 secs] 296245K->262416K(465264K), 0.2311240 secs] [Times: user=0.23 sys=0.00, real=0.23 secs] 
283.788: [GC283.788: [DefNew: 147648K->16384K(147648K), 0.2995784 secs]284.088: [Tenured: 354956K->187599K(355056K), 0.6246163 secs] 393680K->187599K(502704K), [Perm : 7368K->7368K(21248K)], 0.9272653 secs] [Times: user=0.92 sys=0.02, real=0.93 secs] 
284.870: [GC284.871: [DefNew: 131264K->16383K(147648K), 0.2580151 secs] 318863K->295534K(465264K), 0.2584272 secs] [Times: user=0.25 sys=0.00, real=0.26 secs] 
285.266: [GC285.266: [DefNew: 147647K->16384K(147648K), 0.3404224 secs]285.606: [Tenured: 399873K->163870K(399984K), 0.6001280 secs] 426798K->163870K(547632K), [Perm : 7368K->7368K(21248K)], 0.9463863 secs] [Times: user=0.92 sys=0.03, real=0.95 secs] 
286.361: [GC286.361: [DefNew: 131264K->16383K(147648K), 0.2371029 secs] 295134K->263296K(465264K), 0.2374961 secs] [Times: user=0.25 sys=0.00, real=0.24 secs] 
286.742: [GC286.742: [DefNew: 147647K->16383K(147648K), 0.2721778 secs]287.015: [Tenured: 346104K->181101K(346224K), 0.6128083 secs] 394560K->181101K(493872K), [Perm : 7368K->7368K(21248K)], 0.8874441 secs] [Times: user=0.89 sys=0.00, real=0.89 secs] 
287.771: [GC287.771: [DefNew: 131264K->16383K(147648K), 0.2414663 secs] 312365K->283064K(465264K), 0.2418569 secs] [Times: user=0.23 sys=0.00, real=0.24 secs] 
288.150: [GC288.151: [DefNew: 147647K->16383K(147648K), 0.3374336 secs]288.488: [Tenured: 387794K->180972K(387888K), 0.5880013 secs] 414328K->180972K(535536K), [Perm : 7368K->7368K(21248K)], 0.9306832 secs] [Times: user=0.92 sys=0.02, real=0.93 secs] 
289.224: [GC289.225: [DefNew: 131264K->16383K(147648K), 0.2251721 secs] 312236K->276524K(465264K), 0.2255737 secs] [Times: user=0.22 sys=0.00, real=0.23 secs] 
289.602: [GC289.603: [DefNew: 147639K->16383K(147648K), 0.3104624 secs]289.913: [Tenured: 372773K->191121K(372912K), 0.6188183 secs] 407780K->191121K(520560K), [Perm : 7368K->7368K(21248K)], 0.9338092 secs] [Times: user=0.90 sys=0.03, real=0.93 secs] 
290.669: [GC290.669: [DefNew: 131584K->16447K(148032K), 0.2527611 secs] 322705K->297437K(466568K), 0.2531658 secs] [Times: user=0.26 sys=0.00, real=0.25 secs] 
291.062: [GC291.062: [DefNew: 148031K->16447K(148032K), 0.3680768 secs]291.430: [Tenured: 406999K->161415K(407048K), 0.5765599 secs] 429021K->161415K(555080K), [Perm : 7368K->7368K(21248K)], 0.9509017 secs] [Times: user=0.90 sys=0.05, real=0.95 secs] 
292.158: [GC292.158: [DefNew: 131584K->16448K(148032K), 0.2354457 secs] 292999K->260907K(466568K), 0.2358322 secs] [Times: user=0.23 sys=0.00, real=0.24 secs] 
292.534: [GC292.534: [DefNew: 148032K->16448K(148032K), 0.3352662 secs]292.869: [Tenured: 366807K->182718K(366920K), 0.5921152 secs] 392491K->182718K(514952K), [Perm : 7368K->7368K(21248K)], 0.9312002 secs] [Times: user=0.92 sys=0.02, real=0.93 secs] 
293.617: [GC293.617: [DefNew: 131584K->16448K(148032K), 0.2358973 secs] 314302K->282119K(466568K), 0.2363431 secs] [Times: user=0.25 sys=0.00, real=0.24 secs] 
293.995: [GC293.995: [DefNew: 148032K->16447K(148032K), 0.3544978 secs]294.350: [Tenured: 393348K->162968K(393416K), 0.5758653 secs] 413703K->162968K(541448K), [Perm : 7368K->7368K(21248K)], 0.9358003 secs] [Times: user=0.92 sys=0.02, real=0.94 secs] 
295.080: [GC295.080: [DefNew: 131584K->16447K(148032K), 0.2543807 secs] 294552K->269722K(466568K), 0.2548150 secs] [Times: user=0.27 sys=0.00, real=0.26 secs] 
295.474: [GC295.474: [DefNew: 148031K->16447K(148032K), 0.3454048 secs]295.819: [Tenured: 378006K->184382K(378056K), 0.5863868 secs] 401306K->184382K(526088K), [Perm : 7368K->7368K(21248K)], 0.9363481 secs] [Times: user=0.92 sys=0.03, real=0.94 secs] 
296.556: [GC296.556: [DefNew: 131584K->16448K(148032K), 0.2109719 secs] 315966K->274329K(466568K), 0.2114149 secs] [Times: user=0.20 sys=0.00, real=0.21 secs] 
296.915: [GC296.916: [DefNew: 148032K->16448K(148032K), 0.3174663 secs]297.233: [Tenured: 372070K->172062K(372104K), 0.6151691 secs] 405913K->172062K(520136K), [Perm : 7368K->7368K(21248K)], 0.9371457 secs] [Times: user=0.87 sys=0.06, real=0.94 secs] 
298.003: [GC298.003: [DefNew: 131584K->16447K(148032K), 0.2178562 secs] 303646K->264035K(466568K), 0.2182760 secs] [Times: user=0.22 sys=0.00, real=0.22 secs] 
298.361: [GC298.361: [DefNew: 148031K->16447K(148032K), 0.3399484 secs]298.701: [Tenured: 370575K->180110K(370760K), 0.5806286 secs] 395619K->180110K(518792K), [Perm : 7368K->7368K(21248K)], 0.9247133 secs] [Times: user=0.92 sys=0.00, real=0.92 secs] 
299.435: [GC299.435: [DefNew: 131584K->16447K(148032K), 0.2324768 secs] 311694K->278258K(466568K), 0.2328896 secs] [Times: user=0.23 sys=0.00, real=0.23 secs] 
299.808: [GC299.809: [DefNew: 148031K->16447K(148032K), 0.2859536 secs]300.095: [Tenured: 364137K->169091K(364232K), 0.6249344 secs] 409842K->169091K(512264K), [Perm : 7368K->7368K(21248K)], 0.9144067 secs] [Times: user=0.86 sys=0.00, real=0.91 secs] 
300.868: [GC300.869: [DefNew: 131584K->16447K(148032K), 0.2528470 secs] 300675K->275009K(466568K), 0.2532463 secs] [Times: user=0.27 sys=0.00, real=0.25 secs] 
301.260: [GC301.261: [DefNew: 148031K->16447K(148032K), 0.3435257 secs]301.604: [Tenured: 381892K->180174K(381896K), 0.5843422 secs] 406593K->180174K(529928K), [Perm : 7368K->7368K(21248K)], 0.9326790 secs] [Times: user=0.92 sys=0.01, real=0.93 secs] 
302.337: [GC302.338: [DefNew: 131584K->16448K(148032K), 0.2646611 secs] 311758K->291126K(466568K), 0.2651081 secs] [Times: user=0.26 sys=0.00, real=0.26 secs] 
302.747: [GC302.747: [DefNew: 148032K->16447K(148032K), 0.2743795 secs]303.022: [Tenured: 372169K->163436K(372296K), 0.5912813 secs] 422710K->163436K(520328K), [Perm : 7368K->7368K(21248K)], 0.8699716 secs] [Times: user=0.87 sys=0.00, real=0.87 secs] 
303.769: [GC303.770: [DefNew: 131584K->16448K(148032K), 0.2431263 secs] 295020K->266355K(466568K), 0.2435211 secs] [Times: user=0.25 sys=0.00, real=0.24 secs] 
304.154: [GC304.155: [DefNew: 148032K->16447K(148032K), 0.3536085 secs]304.508: [Tenured: 378217K->180574K(378248K), 0.5916315 secs] 397939K->180574K(526280K), [Perm : 7368K->7368K(21248K)], 0.9501839 secs] [Times: user=0.94 sys=0.02, real=0.95 secs] 
305.248: [GC305.248: [DefNew: 131584K->16448K(148032K), 0.2126464 secs] 312158K->270874K(466568K), 0.2130986 secs] [Times: user=0.22 sys=0.00, real=0.21 secs] 
305.606: [GC305.606: [DefNew: 148032K->16448K(148032K), 0.3047061 secs]305.911: [Tenured: 364826K->167771K(365000K), 0.6073426 secs] 402458K->167771K(513032K), [Perm : 7368K->7368K(21248K)], 0.9166482 secs] [Times: user=0.89 sys=0.03, real=0.92 secs] 
306.657: [GC306.657: [DefNew: 131584K->16447K(148032K), 0.0840353 secs] 299355K->206142K(466568K), 0.0844792 secs] [Times: user=0.09 sys=0.00, real=0.08 secs] 
306.882: [GC306.882: [DefNew: 148031K->16447K(148032K), 0.3498756 secs] 337726K->331741K(466568K), 0.3503487 secs] [Times: user=0.34 sys=0.00, real=0.35 secs] 
307.369: [GC307.369: [DefNew: 148031K->16447K(148032K), 0.3444699 secs]307.714: [Tenured: 433370K->173675K(433544K), 0.6041313 secs] 463325K->173675K(581576K), [Perm : 7368K->7368K(21248K)], 0.9567721 secs] [Times: user=0.92 sys=0.03, real=0.96 secs] 
308.482: [GC308.482: [DefNew: 131584K->16448K(148032K), 0.2268126 secs] 305259K->269750K(466568K), 0.2272074 secs] [Times: user=0.23 sys=0.00, real=0.23 secs] 
308.859: [GC308.859: [DefNew: 148032K->16448K(148032K), 0.2991958 secs]309.159: [Tenured: 362176K->164894K(362312K), 0.6085270 secs] 401334K->164894K(510344K), [Perm : 7368K->7368K(21248K)], 0.9110304 secs] [Times: user=0.87 sys=0.02, real=0.91 secs] 
309.914: [GC309.914: [DefNew: 131584K->16448K(148032K), 0.2701207 secs] 296478K->278359K(466568K), 0.2705322 secs] [Times: user=0.28 sys=0.00, real=0.27 secs] 
310.320: [GC310.321: [DefNew: 148032K->16448K(148032K), 0.3229833 secs]310.644: [Tenured: 378048K->180633K(378056K), 0.6122785 secs] 409943K->180633K(526088K), [Perm : 7368K->7368K(21248K)], 0.9397393 secs] [Times: user=0.94 sys=0.00, real=0.94 secs] 
311.411: [GC311.412: [DefNew: 131584K->16447K(148032K), 0.2465693 secs] 312217K->285026K(466568K), 0.2469753 secs] [Times: user=0.25 sys=0.00, real=0.25 secs] 
311.801: [GC311.801: [DefNew: 148031K->16447K(148032K), 0.2860457 secs]312.087: [Tenured: 371044K->184758K(371144K), 0.6060251 secs] 416610K->184758K(519176K), [Perm : 7368K->7368K(21248K)], 0.8960467 secs] [Times: user=0.89 sys=0.02, real=0.90 secs] 
312.852: [GC312.853: [DefNew: 131584K->16448K(148032K), 0.2711386 secs] 316342K->293745K(466568K), 0.2715270 secs] [Times: user=0.23 sys=0.00, real=0.27 secs] 
313.265: [GC313.265: [DefNew: 148032K->16448K(148032K), 0.3568891 secs]313.622: [Tenured: 404252K->162269K(404360K), 0.5974965 secs] 425329K->162269K(552392K), [Perm : 7368K->7368K(21248K)], 0.9606111 secs] [Times: user=0.94 sys=0.03, real=0.96 secs] 
314.366: [GC314.366: [DefNew: 131584K->16447K(148032K), 0.2266814 secs] 293853K->258176K(466568K), 0.2271064 secs] [Times: user=0.22 sys=0.00, real=0.23 secs] 
314.739: [GC314.739: [DefNew: 148031K->16448K(148032K), 0.2290714 secs]314.968: [Tenured: 326124K->171926K(326216K), 0.6114780 secs] 389760K->171926K(474248K), [Perm : 7368K->7368K(21248K)], 0.8415340 secs] [Times: user=0.84 sys=0.00, real=0.84 secs] 
315.724: [GC315.724: [DefNew: 131584K->16447K(148032K), 0.2538297 secs] 303510K->278841K(466568K), 0.2542155 secs] [Times: user=0.20 sys=0.00, real=0.25 secs] 
316.116: [GC316.116: [DefNew: 148031K->16447K(148032K), 0.3422524 secs]316.458: [Tenured: 385358K->180212K(385544K), 0.6093147 secs] 410425K->180212K(533576K), [Perm : 7368K->7368K(21248K)], 0.9571884 secs] [Times: user=0.95 sys=0.00, real=0.96 secs] 
317.227: [GC317.227: [DefNew: 131584K->16448K(148032K), 0.2526915 secs] 311796K->286530K(466568K), 0.2531389 secs] [Times: user=0.25 sys=0.00, real=0.25 secs] 
317.633: [GC317.633: [DefNew: 148032K->16448K(148032K), 0.3236850 secs]317.957: [Tenured: 386437K->168705K(386504K), 0.6071107 secs] 418114K->168705K(534536K), [Perm : 7368K->7368K(21248K)], 0.9360421 secs] [Times: user=0.92 sys=0.02, real=0.94 secs] 
318.690: [GC318.690: [DefNew: 131584K->16448K(148032K), 0.2115319 secs] 300289K->258745K(466568K), 0.2119691 secs] [Times: user=0.20 sys=0.00, real=0.21 secs] 
319.051: [GC319.051: [DefNew: 148032K->16448K(148032K), 0.2237539 secs]319.275: [Tenured: 324044K->185325K(324104K), 0.6090299 secs] 390329K->185325K(472136K), [Perm : 7368K->7368K(21248K)], 0.8335904 secs] [Times: user=0.83 sys=0.00, real=0.84 secs] 
320.039: [GC320.039: [DefNew: 131584K->16447K(148032K), 0.2360622 secs] 316909K->284906K(466568K), 0.2364736 secs] [Times: user=0.23 sys=0.00, real=0.24 secs] 
320.406: [GC320.406: [DefNew: 148031K->16447K(148032K), 0.3102834 secs]320.716: [Tenured: 379572K->167824K(379592K), 0.6410897 secs] 416490K->167824K(527624K), [Perm : 7369K->7369K(21248K)], 0.9564450 secs] [Times: user=0.94 sys=0.02, real=0.96 secs] 
321.504: [GC321.505: [DefNew: 131584K->16447K(148032K), 0.2001236 secs] 299408K->253033K(466568K), 0.2005393 secs] [Times: user=0.20 sys=0.00, real=0.20 secs] 
321.856: [GC321.856: [DefNew: 148031K->16448K(148032K), 0.2998273 secs]322.156: [Tenured: 346935K->184488K(346952K), 0.6197509 secs] 384617K->184488K(494984K), [Perm : 7369K->7369K(21248K)], 0.9218288 secs] [Times: user=0.92 sys=0.00, real=0.92 secs] 
322.924: [GC322.924: [DefNew: 131584K->16447K(148032K), 0.2745110 secs] 316072K->299571K(466568K), 0.2749331 secs] [Times: user=0.28 sys=0.00, real=0.28 secs] 
323.339: [GC323.339: [DefNew: 148031K->16447K(148032K), 0.3569780 secs]323.696: [Tenured: 409817K->181921K(409928K), 0.5956556 secs] 431155K->181921K(557960K), [Perm : 7369K->7369K(21248K)], 0.9594184 secs] [Times: user=0.94 sys=0.02, real=0.96 secs] 
324.435: [GC324.435: [DefNew: 131584K->16447K(148032K), 0.2023651 secs] 313505K->268337K(466568K), 0.2027679 secs] [Times: user=0.20 sys=0.00, real=0.20 secs] 
324.780: [GC324.780: [DefNew: 148031K->16447K(148032K), 0.2792955 secs]325.059: [Tenured: 353543K->177611K(353672K), 0.5956534 secs] 399921K->177611K(501704K), [Perm : 7369K->7369K(21248K)], 0.8777041 secs] [Times: user=0.86 sys=0.02, real=0.88 secs] 
325.800: [GC325.800: [DefNew: 131584K->16447K(148032K), 0.2374089 secs] 309195K->277838K(466568K), 0.2378309 secs] [Times: user=0.23 sys=0.00, real=0.24 secs] 
326.179: [GC326.179: [DefNew: 148031K->16448K(148032K), 0.3534686 secs]326.532: [Tenured: 388319K->164211K(388424K), 0.6035068 secs] 409422K->164211K(536456K), [Perm : 7369K->7369K(21248K)], 0.9624944 secs] [Times: user=0.95 sys=0.00, real=0.96 secs] 
327.276: [GC327.277: [DefNew: 131584K->16448K(148032K), 0.1517286 secs] 295795K->227579K(466568K), 0.1522119 secs] [Times: user=0.16 sys=0.00, real=0.15 secs] 
327.560: [GC327.560: [DefNew: 148032K->16448K(148032K), 0.3084374 secs]327.869: [Tenured: 323464K->185772K(323528K), 0.6287391 secs] 359163K->185772K(471560K), [Perm : 7369K->7369K(21248K)], 0.9380004 secs] [Times: user=0.94 sys=0.00, real=0.94 secs] 
328.663: [GC328.663: [DefNew: 131584K->16447K(148032K), 0.2141246 secs] 317356K->275896K(466568K), 0.2145358 secs] [Times: user=0.22 sys=0.00, real=0.21 secs] 
329.019: [GC329.019: [DefNew: 148031K->16447K(148032K), 0.3512461 secs]329.370: [Tenured: 385925K->169282K(385928K), 0.6271464 secs] 407480K->169282K(533960K), [Perm : 7369K->7369K(21248K)], 0.9833588 secs] [Times: user=0.97 sys=0.00, real=0.98 secs] 
330.153: [GC330.153: [DefNew: 131584K->16447K(148032K), 0.2196439 secs] 300866K->262150K(466568K), 0.2201651 secs] [Times: user=0.22 sys=0.00, real=0.22 secs] 
330.507: [GC330.507: [DefNew: 148031K->16447K(148032K), 0.3210843 secs]330.828: [Tenured: 362086K->180491K(362120K), 0.6122965 secs] 393734K->180491K(510152K), [Perm : 7369K->7369K(21248K)], 0.9369494 secs] [Times: user=0.92 sys=0.02, real=0.94 secs] 
331.617: [GC331.617: [DefNew: 131584K->16448K(148032K), 0.2081849 secs] 312075K->268853K(466568K), 0.2085784 secs] [Times: user=0.22 sys=0.00, real=0.21 secs] 
331.953: [GC331.953: [DefNew: 148032K->16448K(148032K), 0.3021256 secs]332.256: [Tenured: 361533K->159585K(361544K), 0.5834378 secs] 400437K->159585K(509576K), [Perm : 7369K->7369K(21248K)], 0.8888001 secs] [Times: user=0.87 sys=0.01, real=0.89 secs] 
332.991: [GC332.991: [DefNew: 131584K->16447K(148032K), 0.2348357 secs] 291169K->258414K(466568K), 0.2352241 secs] [Times: user=0.23 sys=0.00, real=0.24 secs] 
333.364: [GC333.365: [DefNew: 148031K->16448K(148032K), 0.3330289 secs]333.698: [Tenured: 362982K->182632K(363080K), 0.6120777 secs] 389998K->182632K(511112K), [Perm : 7369K->7369K(21248K)], 0.9488289 secs] [Times: user=0.94 sys=0.00, real=0.95 secs] 
334.471: [GC334.472: [DefNew: 131584K->16447K(148032K), 0.2001868 secs] 314216K->268018K(466568K), 0.2007269 secs] [Times: user=0.20 sys=0.00, real=0.20 secs] 
334.820: [GC334.820: [DefNew: 148031K->16448K(148032K), 0.1891008 secs]335.009: [Tenured: 319302K->162708K(319304K), 0.5810215 secs] 399602K->162708K(467336K), [Perm : 7369K->7369K(21248K)], 0.7705764 secs] [Times: user=0.76 sys=0.00, real=0.77 secs] 
335.732: [GC335.732: [DefNew: 131584K->16447K(148032K), 0.1990595 secs] 294292K->247831K(466568K), 0.1994998 secs] [Times: user=0.20 sys=0.00, real=0.20 secs] 
336.072: [GC336.072: [DefNew: 148031K->16447K(148032K), 0.3496922 secs]336.422: [Tenured: 359371K->188999K(359432K), 0.6335987 secs] 379415K->188999K(507464K), [Perm : 7369K->7369K(21248K)], 0.9864772 secs] [Times: user=0.97 sys=0.01, real=0.99 secs] 
337.211: [GC337.211: [DefNew: 131584K->16447K(148032K), 0.2609045 secs] 320583K->298864K(466568K), 0.2612948 secs] [Times: user=0.27 sys=0.00, real=0.26 secs] 
337.596: [GC337.596: [DefNew: 148031K->16448K(148032K), 0.1697681 secs]337.766: [Tenured: 339962K->161559K(340040K), 0.5877954 secs] 430448K->161559K(488072K), [Perm : 7369K->7369K(21248K)], 0.7594747 secs] [Times: user=0.75 sys=0.00, real=0.76 secs] 
338.502: [GC338.502: [DefNew: 131584K->16447K(148032K), 0.2910528 secs] 293143K->272316K(466568K), 0.2914344 secs] [Times: user=0.27 sys=0.00, real=0.29 secs] 
338.951: [GC338.951: [DefNew: 148031K->16448K(148032K), 0.2647367 secs]339.216: [Tenured: 351375K->181525K(351560K), 0.6091236 secs] 403900K->181525K(499592K), [Perm : 7369K->7369K(21248K)], 0.8764848 secs] [Times: user=0.87 sys=0.00, real=0.88 secs] 
339.978: [GC339.978: [DefNew: 131584K->16447K(148032K), 0.2705402 secs] 313109K->294863K(466568K), 0.2709449 secs] [Times: user=0.28 sys=0.00, real=0.27 secs] 
340.389: [GC340.389: [DefNew: 148031K->16447K(148032K), 0.3534860 secs]340.743: [Tenured: 404047K->177738K(404168K), 0.6150367 secs] 426447K->177738K(552200K), [Perm : 7369K->7369K(21248K)], 0.9747260 secs] [Times: user=0.95 sys=0.01, real=0.97 secs] 
341.512: [GC341.512: [DefNew: 131584K->16447K(148032K), 0.2403665 secs] 309322K->278172K(466568K), 0.2409037 secs] [Times: user=0.23 sys=0.00, real=0.24 secs] 
341.903: [GC341.903: [DefNew: 148031K->16448K(148032K), 0.2864851 secs]342.190: [Tenured: 364769K->180367K(364808K), 0.5980796 secs] 409756K->180367K(512840K), [Perm : 7369K->7369K(21248K)], 0.8882141 secs] [Times: user=0.86 sys=0.03, real=0.89 secs] 
342.932: [GC342.932: [DefNew: 131584K->16447K(148032K), 0.2285993 secs] 311951K->277387K(466568K), 0.2289916 secs] [Times: user=0.22 sys=0.00, real=0.23 secs] 
343.302: [GC343.302: [DefNew: 148031K->16448K(148032K), 0.3513981 secs]343.654: [Tenured: 387246K->169791K(387272K), 0.6170149 secs] 408971K->169791K(535304K), [Perm : 7369K->7369K(21248K)], 0.9736734 secs] [Times: user=0.97 sys=0.02, real=0.97 secs] 
344.418: [GC344.418: [DefNew: 131584K->16448K(148032K), 0.2446607 secs] 301375K->272885K(466568K), 0.2450702 secs] [Times: user=0.25 sys=0.00, real=0.24 secs] 
344.799: [GC344.800: [DefNew: 148032K->16447K(148032K), 0.2400070 secs]345.040: [Tenured: 342749K->178460K(342920K), 0.5964494 secs] 404469K->178460K(490952K), [Perm : 7369K->7369K(21248K)], 0.8387111 secs] [Times: user=0.83 sys=0.00, real=0.84 secs] 
345.786: [GC345.786: [DefNew: 131584K->16448K(148032K), 0.2312943 secs] 310044K->276162K(466568K), 0.2318444 secs] [Times: user=0.22 sys=0.02, real=0.23 secs] 
346.159: [GC346.159: [DefNew: 148032K->16447K(148032K), 0.3476691 secs]346.507: [Tenured: 385633K->170975K(385736K), 0.6252253 secs] 407746K->170975K(533768K), [Perm : 7369K->7369K(21248K)], 0.9781035 secs] [Times: user=0.89 sys=0.00, real=0.98 secs] 
347.282: [GC347.282: [DefNew: 131584K->16448K(148032K), 0.2341459 secs] 302559K->269865K(466568K), 0.2346022 secs] [Times: user=0.23 sys=0.00, real=0.23 secs] 
347.666: [GC347.666: [DefNew: 148032K->16447K(148032K), 0.3043379 secs]347.971: [Tenured: 364255K->182727K(364424K), 0.5970802 secs] 401449K->182727K(512456K), [Perm : 7370K->7370K(21248K)], 0.9050474 secs] [Times: user=0.89 sys=0.02, real=0.90 secs] 
348.722: [GC348.722: [DefNew: 131584K->16448K(148032K), 0.2332434 secs] 314311K->281095K(466568K), 0.2336330 secs] [Times: user=0.23 sys=0.00, real=0.23 secs] 
349.095: [GC349.096: [DefNew: 148032K->16448K(148032K), 0.3474366 secs]349.443: [Tenured: 389612K->162658K(389768K), 0.6082182 secs] 412679K->162658K(537800K), [Perm : 7370K->7370K(21248K)], 0.9611034 secs] [Times: user=0.92 sys=0.02, real=0.96 secs] 
350.189: [GC350.189: [DefNew: 131584K->16447K(148032K), 0.1067506 secs] 294242K->210498K(466568K), 0.1071515 secs] [Times: user=0.11 sys=0.00, real=0.11 secs] 
350.432: [GC350.432: [DefNew: 148031K->16447K(148032K), 0.3276462 secs] 342082K->330370K(466568K), 0.3280420 secs] [Times: user=0.33 sys=0.00, real=0.33 secs] 
350.903: [GC350.903: [DefNew: 148031K->16447K(148032K), 0.2663939 secs]351.169: [Tenured: 404732K->184136K(404744K), 0.6116823 secs] 461954K->184136K(552776K), [Perm : 7370K->7370K(21248K)], 0.8846089 secs] [Times: user=0.87 sys=0.00, real=0.88 secs] 
351.938: [GC351.938: [DefNew: 131584K->16448K(148032K), 0.2243921 secs] 315720K->279435K(466568K), 0.2247812 secs] [Times: user=0.22 sys=0.00, real=0.23 secs] 
352.304: [GC352.304: [DefNew: 148032K->16447K(148032K), 0.3514263 secs]352.656: [Tenured: 389527K->164887K(389576K), 0.5930558 secs] 411019K->164887K(537608K), [Perm : 7370K->7370K(21248K)], 0.9500409 secs] [Times: user=0.94 sys=0.02, real=0.95 secs] 
353.404: [GC353.404: [DefNew: 131584K->16448K(148032K), 0.2456081 secs] 296471K->268949K(466568K), 0.2460141 secs] [Times: user=0.25 sys=0.00, real=0.25 secs] 
353.791: [GC353.791: [DefNew: 148032K->16448K(148032K), 0.2595048 secs]354.050: [Tenured: 345622K->182451K(345800K), 0.5956078 secs] 400533K->182451K(493832K), [Perm : 7370K->7370K(21248K)], 0.8573529 secs] [Times: user=0.84 sys=0.02, real=0.86 secs] 
354.796: [GC354.796: [DefNew: 131584K->16447K(148032K), 0.2248203 secs] 314035K->277215K(466568K), 0.2252555 secs] [Times: user=0.23 sys=0.00, real=0.23 secs] 
355.161: [GC355.161: [DefNew: 148031K->16447K(148032K), 0.3467900 secs]355.508: [Tenured: 386357K->167627K(386504K), 0.6113221 secs] 408799K->167627K(534536K), [Perm : 7370K->7370K(21248K)], 0.9637577 secs] [Times: user=0.95 sys=0.00, real=0.96 secs] 
356.274: [GC356.275: [DefNew: 131584K->16447K(148032K), 0.2660969 secs] 299211K->279206K(466568K), 0.2664805 secs] [Times: user=0.27 sys=0.00, real=0.27 secs] 
356.685: [GC356.685: [DefNew: 148031K->16448K(148032K), 0.3079880 secs]356.993: [Tenured: 373984K->180282K(374024K), 0.5939580 secs] 410790K->180282K(522056K), [Perm : 7370K->7370K(21248K)], 0.9065070 secs] [Times: user=0.89 sys=0.02, real=0.91 secs] 
357.745: [GC357.745: [DefNew: 131584K->16447K(148032K), 0.2576652 secs] 311866K->287874K(466568K), 0.2581309 secs] [Times: user=0.27 sys=0.00, real=0.26 secs] 
358.143: [GC358.143: [DefNew: 148031K->16447K(148032K), 0.3550726 secs]358.498: [Tenured: 398743K->169523K(398792K), 0.6478874 secs] 419458K->169523K(546824K), [Perm : 7370K->7370K(21248K)], 1.0088208 secs] [Times: user=0.98 sys=0.02, real=1.01 secs] 
359.312: [GC359.312: [DefNew: 131584K->16447K(148032K), 0.2544721 secs] 301107K->276354K(466568K), 0.2548535 secs] [Times: user=0.25 sys=0.00, real=0.26 secs] 
359.702: [GC359.702: [DefNew: 148031K->16448K(148032K), 0.2287998 secs]359.931: [Tenured: 341665K->180600K(341768K), 0.6120303 secs] 407938K->180600K(489800K), [Perm : 7370K->7370K(21248K)], 0.8427993 secs] [Times: user=0.83 sys=0.02, real=0.84 secs] 
360.697: [GC360.697: [DefNew: 131584K->16448K(148032K), 0.2536357 secs] 312184K->287205K(466568K), 0.2540302 secs] [Times: user=0.26 sys=0.00, real=0.26 secs] 
361.088: [GC361.089: [DefNew: 148032K->16447K(148032K), 0.3376071 secs]361.426: [Tenured: 391494K->167376K(391496K), 0.6125033 secs] 418789K->167376K(539528K), [Perm : 7370K->7370K(21248K)], 0.9555431 secs] [Times: user=0.95 sys=0.00, real=0.96 secs] 
362.194: [GC362.195: [DefNew: 131584K->16448K(148032K), 0.2507954 secs] 298960K->273292K(466568K), 0.2511806 secs] [Times: user=0.25 sys=0.00, real=0.25 secs] 
362.587: [GC362.587: [DefNew: 148032K->16447K(148032K), 0.3513185 secs]362.939: [Tenured: 383137K->180819K(383240K), 0.5781934 secs] 404876K->180819K(531272K), [Perm : 7370K->7370K(21248K)], 0.9347355 secs] [Times: user=0.92 sys=0.01, real=0.93 secs] 
363.667: [GC363.667: [DefNew: 131584K->16447K(148032K), 0.2560571 secs] 312403K->288269K(466568K), 0.2564401 secs] [Times: user=0.25 sys=0.00, real=0.26 secs] 
364.064: [GC364.064: [DefNew: 148031K->16448K(148032K), 0.3481870 secs]364.412: [Tenured: 396210K->166748K(396296K), 0.5895023 secs] 419853K->166748K(544328K), [Perm : 7370K->7370K(21248K)], 0.9438648 secs] [Times: user=0.94 sys=0.02, real=0.94 secs] 
365.159: [GC365.159: [DefNew: 131584K->16447K(148032K), 0.2261741 secs] 298332K->263030K(466568K), 0.2265679 secs] [Times: user=0.22 sys=0.00, real=0.23 secs] 
365.526: [GC365.527: [DefNew: 148031K->16448K(148032K), 0.3492820 secs]365.876: [Tenured: 373538K->183221K(373640K), 0.5721831 secs] 394614K->183221K(521672K), [Perm : 7370K->7370K(21248K)], 0.9261078 secs] [Times: user=0.92 sys=0.00, real=0.93 secs] 
366.626: [GC366.626: [DefNew: 131584K->16447K(148032K), 0.2141002 secs] 314805K->274387K(466568K), 0.2145066 secs] [Times: user=0.20 sys=0.00, real=0.22 secs] 
366.967: [GC366.967: [DefNew: 148031K->16447K(148032K), 0.2800893 secs]367.247: [Tenured: 359508K->163001K(359624K), 0.5790163 secs] 405971K->163001K(507656K), [Perm : 7370K->7370K(21248K)], 0.8623045 secs] [Times: user=0.86 sys=0.00, real=0.86 secs] 
367.977: [GC367.977: [DefNew: 131584K->16447K(148032K), 0.2446728 secs] 294585K->265647K(466568K), 0.2450808 secs] [Times: user=0.25 sys=0.00, real=0.25 secs] 
368.364: [GC368.364: [DefNew: 148031K->16448K(148032K), 0.3523131 secs]368.716: [Tenured: 376422K->180312K(376520K), 0.5937438 secs] 397231K->180312K(524552K), [Perm : 7370K->7370K(21248K)], 0.9506797 secs] [Times: user=0.94 sys=0.01, real=0.95 secs] 
369.463: [GC369.464: [DefNew: 131584K->16447K(148032K), 0.2127288 secs] 311896K->270235K(466568K), 0.2131188 secs] [Times: user=0.20 sys=0.00, real=0.21 secs] 
369.832: [GC369.832: [DefNew: 148031K->16447K(148032K), 0.2949944 secs]370.127: [Tenured: 360764K->182469K(360776K), 0.5920623 secs] 401819K->182469K(508808K), [Perm : 7370K->7370K(21248K)], 0.8905689 secs] [Times: user=0.89 sys=0.00, real=0.89 secs] 
370.863: [GC370.864: [DefNew: 131584K->16448K(148032K), 0.2616139 secs] 314053K->290992K(466568K), 0.2620097 secs] [Times: user=0.27 sys=0.00, real=0.26 secs] 
371.267: [GC371.267: [DefNew: 148032K->16448K(148032K), 0.3568801 secs]371.624: [Tenured: 401509K->166638K(401672K), 0.5989433 secs] 422576K->166638K(549704K), [Perm : 7370K->7370K(21248K)], 0.9620175 secs] [Times: user=0.95 sys=0.02, real=0.96 secs] 
372.375: [GC372.375: [DefNew: 131584K->16447K(148032K), 0.2466838 secs] 298222K->270480K(466568K), 0.2471010 secs] [Times: user=0.25 sys=0.00, real=0.25 secs] 
372.763: [GC372.764: [DefNew: 148031K->16448K(148032K), 0.2833471 secs]373.047: [Tenured: 357409K->162848K(357512K), 0.5878467 secs] 402064K->162848K(505544K), [Perm : 7370K->7370K(21248K)], 0.8743347 secs] [Times: user=0.87 sys=0.00, real=0.87 secs] 
373.787: [GC373.788: [DefNew: 131584K->16447K(148032K), 0.2330378 secs] 294432K->261590K(466568K), 0.2334326 secs] [Times: user=0.23 sys=0.00, real=0.23 secs] 
374.161: [GC374.161: [DefNew: 148031K->16447K(148032K), 0.3344189 secs]374.495: [Tenured: 366802K->176149K(366920K), 0.5987602 secs] 393174K->176149K(514952K), [Perm : 7370K->7370K(21248K)], 0.9369375 secs] [Times: user=0.92 sys=0.02, real=0.94 secs] 
375.240: [GC375.241: [DefNew: 131584K->16447K(148032K), 0.2549564 secs] 307733K->283162K(466568K), 0.2553467 secs] [Times: user=0.25 sys=0.00, real=0.25 secs] 
375.646: [GC375.646: [DefNew: 148031K->16448K(148032K), 0.3266212 secs]375.973: [Tenured: 382326K->170078K(382472K), 0.6208715 secs] 414746K->170078K(530504K), [Perm : 7370K->7370K(21248K)], 0.9525239 secs] [Times: user=0.92 sys=0.01, real=0.95 secs] 
376.715: [GC376.715: [DefNew: 131584K->16448K(148032K), 0.2221513 secs] 301662K->263063K(466568K), 0.2227029 secs] [Times: user=0.23 sys=0.02, real=0.22 secs] 
377.083: [GC377.083: [DefNew: 148032K->16447K(148032K), 0.2813683 secs]377.364: [Tenured: 345687K->179628K(345800K), 0.6038574 secs] 394647K->179628K(493832K), [Perm : 7370K->7370K(21248K)], 0.8876753 secs] [Times: user=0.87 sys=0.00, real=0.89 secs] 
378.116: [GC378.116: [DefNew: 131584K->16448K(148032K), 0.2525071 secs] 311212K->285886K(466568K), 0.2530032 secs] [Times: user=0.25 sys=0.00, real=0.25 secs] 
378.511: [GC378.511: [DefNew: 148032K->16448K(148032K), 0.3566774 secs]378.868: [Tenured: 397013K->160886K(397064K), 0.5921209 secs] 417470K->160886K(545096K), [Perm : 7370K->7370K(21248K)], 0.9545133 secs] [Times: user=0.95 sys=0.02, real=0.96 secs] 
379.610: [GC379.610: [DefNew: 131584K->16447K(148032K), 0.2273373 secs] 292470K->254553K(466568K), 0.2278056 secs] [Times: user=0.23 sys=0.00, real=0.23 secs] 
379.978: [GC379.978: [DefNew: 148031K->16448K(148032K), 0.3085531 secs]380.286: [Tenured: 344553K->183303K(344648K), 0.6052262 secs] 386137K->183303K(492680K), [Perm : 7370K->7370K(21248K)], 0.9160212 secs] [Times: user=0.91 sys=0.00, real=0.92 secs] 
381.035: [GC381.035: [DefNew: 131584K->16447K(148032K), 0.2148709 secs] 314887K->274471K(466568K), 0.2153103 secs] [Times: user=0.22 sys=0.00, real=0.22 secs] 
381.392: [GC381.392: [DefNew: 148031K->16447K(148032K), 0.3542605 secs]381.747: [Tenured: 385931K->182039K(386120K), 0.5944686 secs] 406055K->182039K(534152K), [Perm : 7370K->7370K(21248K)], 0.9537445 secs] [Times: user=0.94 sys=0.00, real=0.95 secs] 
382.498: [GC382.499: [DefNew: 131584K->16447K(148032K), 0.2529541 secs] 313623K->287999K(466568K), 0.2533544 secs] [Times: user=0.25 sys=0.00, real=0.25 secs] 
382.904: [GC382.904: [DefNew: 148031K->16447K(148032K), 0.3050599 secs]383.209: [Tenured: 380529K->185849K(380552K), 0.6142801 secs] 419583K->185849K(528584K), [Perm : 7370K->7370K(21248K)], 0.9239683 secs] [Times: user=0.89 sys=0.02, real=0.92 secs] 
383.971: [GC383.971: [DefNew: 131584K->16447K(148032K), 0.2124694 secs] 317433K->276455K(466568K), 0.2128632 secs] [Times: user=0.22 sys=0.00, real=0.21 secs] 
384.324: [GC384.324: [DefNew: 148031K->16447K(148032K), 0.3533612 secs]384.678: [Tenured: 387292K->168543K(387464K), 0.6071181 secs] 408039K->168543K(535496K), [Perm : 7370K->7370K(21248K)], 0.9657712 secs] [Times: user=0.94 sys=0.03, real=0.97 secs] 
385.443: [GC385.443: [DefNew: 131584K->16447K(148032K), 0.2651748 secs] 300127K->279429K(466568K), 0.2655812 secs] [Times: user=0.26 sys=0.00, real=0.27 secs] 
385.857: [GC385.857: [DefNew: 148031K->16447K(148032K), 0.2645155 secs]386.122: [Tenured: 357237K->179940K(357320K), 0.6048696 secs] 411013K->179940K(505352K), [Perm : 7370K->7370K(21248K)], 0.8724646 secs] [Times: user=0.87 sys=0.00, real=0.87 secs] 
386.881: [GC386.881: [DefNew: 131584K->16447K(148032K), 0.2673195 secs] 311524K->291783K(466568K), 0.2677303 secs] [Times: user=0.26 sys=0.00, real=0.27 secs] 
387.290: [GC387.290: [DefNew: 148031K->16447K(148032K), 0.3591252 secs]387.650: [Tenured: 402303K->190906K(402440K), 0.6162099 secs] 423367K->190906K(550472K), [Perm : 7370K->7370K(21248K)], 0.9813787 secs] [Times: user=0.95 sys=0.03, real=0.98 secs] 
388.412: [GC388.412: [DefNew: 131584K->16447K(148032K), 0.1962968 secs] 322490K->275209K(466568K), 0.1966884 secs] [Times: user=0.20 sys=0.00, real=0.20 secs] 
388.758: [GC388.758: [DefNew: 148031K->16447K(148032K), 0.2237927 secs]388.982: [Tenured: 338679K->164693K(338696K), 0.6069982 secs] 406793K->164693K(486728K), [Perm : 7370K->7370K(21248K)], 0.8327463 secs] [Times: user=0.83 sys=0.00, real=0.83 secs] 
389.735: [GC389.736: [DefNew: 131584K->16447K(148032K), 0.1902172 secs] 296277K->246605K(466568K), 0.1907236 secs] [Times: user=0.19 sys=0.00, real=0.19 secs] 
390.063: [GC390.064: [DefNew: 148031K->16448K(148032K), 0.3223954 secs]390.386: [Tenured: 348808K->159171K(348872K), 0.5876030 secs] 378189K->159171K(496904K), [Perm : 7370K->7370K(21248K)], 0.9125737 secs] [Times: user=0.89 sys=0.02, real=0.91 secs] 
391.128: [GC391.128: [DefNew: 131584K->16448K(148032K), 0.2413871 secs] 290755K->261158K(466568K), 0.2417931 secs] [Times: user=0.25 sys=0.00, real=0.24 secs] 
391.502: [GC391.502: [DefNew: 148032K->16447K(148032K), 0.3063213 secs]391.808: [Tenured: 356101K->184928K(356168K), 0.6108490 secs] 392742K->184928K(504200K), [Perm : 7370K->7370K(21248K)], 0.9205330 secs] [Times: user=0.91 sys=0.02, real=0.92 secs] 
392.572: [GC392.572: [DefNew: 131584K->16448K(148032K), 0.2306866 secs] 316512K->282655K(466568K), 0.2310974 secs] [Times: user=0.23 sys=0.00, real=0.23 secs] 
392.953: [GC392.953: [DefNew: 148032K->16447K(148032K), 0.3006679 secs]393.254: [Tenured: 374098K->168291K(374216K), 0.6189299 secs] 414239K->168291K(522248K), [Perm : 7370K->7370K(21248K)], 0.9237505 secs] [Times: user=0.86 sys=0.02, real=0.92 secs] 
394.026: [GC394.026: [DefNew: 131584K->16447K(148032K), 0.2480693 secs] 299875K->272623K(466568K), 0.2484638 secs] [Times: user=0.25 sys=0.00, real=0.25 secs] 
394.416: [GC394.416: [DefNew: 148031K->16447K(148032K), 0.3507098 secs]394.767: [Tenured: 382419K->183348K(382472K), 0.6535878 secs] 404207K->183348K(530504K), [Perm : 7370K->7370K(21248K)], 1.0092063 secs] [Times: user=0.95 sys=0.03, real=1.01 secs] 
395.568: [GC395.569: [DefNew: 131584K->16447K(148032K), 0.1829888 secs] 314932K->261811K(466568K), 0.1833862 secs] [Times: user=0.19 sys=0.00, real=0.18 secs] 
395.892: [GC395.892: [DefNew: 148031K->16447K(148032K), 0.2101512 secs]396.102: [Tenured: 321653K->167043K(321800K), 0.5972326 secs] 393395K->167043K(469832K), [Perm : 7370K->7370K(21248K)], 0.8079656 secs] [Times: user=0.80 sys=0.00, real=0.81 secs] 
396.850: [GC396.851: [DefNew: 131584K->16448K(148032K), 0.2679757 secs] 298627K->280700K(466568K), 0.2683849 secs] [Times: user=0.25 sys=0.00, real=0.27 secs] 
397.257: [GC397.257: [DefNew: 148032K->16448K(148032K), 0.3439846 secs]397.601: [Tenured: 388875K->180606K(389000K), 0.5915786 secs] 412284K->180606K(537032K), [Perm : 7370K->7370K(21248K)], 0.9409000 secs] [Times: user=0.94 sys=0.01, real=0.94 secs] 
398.342: [GC398.343: [DefNew: 131584K->16447K(148032K), 0.1831633 secs] 312190K->259470K(466568K), 0.1835620 secs] [Times: user=0.17 sys=0.00, real=0.18 secs] 
398.674: [GC398.674: [DefNew: 148031K->16447K(148032K), 0.3155910 secs]398.990: [Tenured: 358721K->165071K(358856K), 0.5781097 secs] 391054K->165071K(506888K), [Perm : 7370K->7370K(21248K)], 0.8971718 secs] [Times: user=0.89 sys=0.00, real=0.90 secs] 
399.719: [GC399.720: [DefNew: 131584K->16447K(148032K), 0.2562274 secs] 296655K->273925K(466568K), 0.2566203 secs] [Times: user=0.25 sys=0.00, real=0.26 secs] 
400.111: [GC400.111: [DefNew: 148031K->16447K(148032K), 0.3233691 secs]400.435: [Tenured: 374915K->183008K(374984K), 0.5850690 secs] 405509K->183008K(523016K), [Perm : 7370K->7370K(21248K)], 0.9128518 secs] [Times: user=0.91 sys=0.02, real=0.91 secs] 
401.168: [GC401.168: [DefNew: 131584K->16448K(148032K), 0.2077708 secs] 314592K->270343K(466568K), 0.2081621 secs] [Times: user=0.20 sys=0.00, real=0.21 secs] 
401.507: [GC401.507: [DefNew: 148032K->16448K(148032K), 0.2941403 secs]401.801: [Tenured: 359708K->168403K(359816K), 0.6107644 secs] 401927K->168403K(507848K), [Perm : 7370K->7370K(21248K)], 0.9082562 secs] [Times: user=0.90 sys=0.00, real=0.91 secs] 
402.552: [GC402.552: [DefNew: 131584K->16447K(148032K), 0.1424124 secs] 299987K->230366K(466568K), 0.1428270 secs] [Times: user=0.14 sys=0.00, real=0.14 secs] 
402.838: [GC402.838: [DefNew: 148031K->16447K(148032K), 0.3071898 secs]403.145: [Tenured: 326285K->183156K(326408K), 0.6189799 secs] 361950K->183156K(474440K), [Perm : 7370K->7370K(21248K)], 0.9271126 secs] [Times: user=0.92 sys=0.00, real=0.93 secs] 
403.913: [GC403.913: [DefNew: 131584K->16447K(148032K), 0.2524574 secs] 314740K->289303K(466568K), 0.2528791 secs] [Times: user=0.25 sys=0.00, real=0.25 secs] 
404.304: [GC404.304: [DefNew: 148031K->16447K(148032K), 0.3495398 secs]404.654: [Tenured: 395814K->175404K(395912K), 0.6010014 secs] 420887K->175404K(543944K), [Perm : 7370K->7370K(21248K)], 0.9564123 secs] [Times: user=0.90 sys=0.05, real=0.96 secs] 
405.406: [GC405.406: [DefNew: 131584K->16448K(148032K), 0.2526219 secs] 306988K->281088K(466568K), 0.2530260 secs] [Times: user=0.25 sys=0.00, real=0.25 secs] 
405.813: [GC405.813: [DefNew: 148032K->16447K(148032K), 0.2934023 secs]406.107: [Tenured: 369927K->183035K(369992K), 0.5979321 secs] 412672K->183035K(518024K), [Perm : 7370K->7370K(21248K)], 0.8951856 secs] [Times: user=0.89 sys=0.00, real=0.90 secs] 
406.842: [GC406.842: [DefNew: 131584K->16447K(148032K), 0.1769388 secs] 314619K->258932K(466568K), 0.1773503 secs] [Times: user=0.17 sys=0.00, real=0.18 secs] 
407.146: [GC407.146: [DefNew: 148031K->16447K(148032K), 0.2732721 secs]407.419: [Tenured: 342369K->163454K(342536K), 0.5944911 secs] 390516K->163454K(490568K), [Perm : 7370K->7370K(21248K)], 0.8700832 secs] [Times: user=0.87 sys=0.00, real=0.87 secs] 
408.157: [GC408.158: [DefNew: 131584K->16447K(148032K), 0.1863567 secs] 295038K->242622K(466568K), 0.1867457 secs] [Times: user=0.19 sys=0.00, real=0.19 secs] 
408.483: [GC408.483: [DefNew: 148031K->16448K(148032K), 0.3309047 secs]408.814: [Tenured: 348333K->184651K(348488K), 0.6082583 secs] 374206K->184651K(496520K), [Perm : 7370K->7370K(21248K)], 0.9418231 secs] [Times: user=0.87 sys=0.00, real=0.94 secs] 
409.558: [GC409.558: [DefNew: 131584K->16447K(148032K), 0.1654381 secs] 316235K->255518K(466568K), 0.1658271 secs] [Times: user=0.16 sys=0.00, real=0.17 secs] 
409.880: [GC409.880: [DefNew: 148031K->16448K(148032K), 0.3102809 secs]410.191: [Tenured: 351441K->166368K(351560K), 0.6247590 secs] 387102K->166368K(499592K), [Perm : 7370K->7370K(21248K)], 0.9381935 secs] [Times: user=0.94 sys=0.00, real=0.94 secs] 
410.957: [GC410.958: [DefNew: 131583K->16447K(148032K), 0.2055178 secs] 297952K->254120K(466568K), 0.2059883 secs] [Times: user=0.22 sys=0.00, real=0.21 secs] 
411.300: [GC411.300: [DefNew: 148031K->16447K(148032K), 0.3257636 secs]411.626: [Tenured: 356670K->184848K(356744K), 0.6008509 secs] 385704K->184848K(504776K), [Perm : 7370K->7370K(21248K)], 0.9300138 secs] [Times: user=0.94 sys=0.00, real=0.93 secs] 
412.373: [GC412.373: [DefNew: 131584K->16447K(148032K), 0.2028026 secs] 316432K->271062K(466568K), 0.2031913 secs] [Times: user=0.20 sys=0.00, real=0.20 secs] 
412.727: [GC412.728: [DefNew: 148031K->16447K(148032K), 0.2870867 secs]413.015: [Tenured: 358850K->168111K(358856K), 0.6214293 secs] 402646K->168111K(506888K), [Perm : 7371K->7371K(21248K)], 0.9119669 secs] [Times: user=0.91 sys=0.00, real=0.91 secs] 
413.788: [GC413.788: [DefNew: 131584K->16447K(148032K), 0.2345836 secs] 299695K->267052K(466568K), 0.2349765 secs] [Times: user=0.23 sys=0.00, real=0.23 secs] 
414.160: [GC414.160: [DefNew: 148031K->16447K(148032K), 0.3348031 secs]414.495: [Tenured: 371897K->191648K(371912K), 0.6233908 secs] 398636K->191648K(519944K), [Perm : 7371K->7371K(21248K)], 0.9625605 secs] [Times: user=0.95 sys=0.00, real=0.96 secs] 
415.268: [GC415.268: [DefNew: 132032K->16447K(148480K), 0.2065996 secs] 323680K->279835K(467896K), 0.2069828 secs] [Times: user=0.20 sys=0.00, real=0.21 secs] 
415.613: [GC415.613: [DefNew: 148479K->16447K(148480K), 0.3208713 secs]415.934: [Tenured: 379171K->170456K(379320K), 0.5737944 secs] 411867K->170456K(527800K), [Perm : 7371K->7371K(21248K)], 0.8990583 secs] [Times: user=0.87 sys=0.02, real=0.90 secs] 
416.672: [GC416.673: [DefNew: 132032K->16447K(148480K), 0.2125996 secs] 302488K->261677K(467896K), 0.2130120 secs] [Times: user=0.20 sys=0.00, real=0.21 secs] 
417.021: [GC417.021: [DefNew: 148479K->16447K(148480K), 0.3268047 secs]417.348: [Tenured: 364089K->183963K(364152K), 0.6081938 secs] 393709K->183963K(512632K), [Perm : 7371K->7371K(21248K)], 0.9385719 secs] [Times: user=0.94 sys=0.00, real=0.94 secs] 
418.112: [GC418.112: [DefNew: 132032K->16447K(148480K), 0.2178395 secs] 315995K->276589K(467896K), 0.2182590 secs] [Times: user=0.22 sys=0.00, real=0.22 secs] 
418.467: [GC418.467: [DefNew: 148479K->16447K(148480K), 0.3245757 secs]418.792: [Tenured: 377591K->169098K(377592K), 0.5972778 secs] 408621K->169098K(526072K), [Perm : 7371K->7371K(21248K)], 0.9262072 secs] [Times: user=0.90 sys=0.02, real=0.93 secs] 
419.544: [GC419.544: [DefNew: 132032K->16447K(148480K), 0.1938542 secs] 301130K->251497K(467896K), 0.1942432 secs] [Times: user=0.19 sys=0.00, real=0.19 secs] 
419.893: [GC419.893: [DefNew: 148479K->16447K(148480K), 0.2799225 secs]420.173: [Tenured: 338059K->183369K(338232K), 0.6560420 secs] 383529K->183369K(486712K), [Perm : 7371K->7371K(21248K)], 0.9377874 secs] [Times: user=0.92 sys=0.00, real=0.94 secs] 
420.988: [GC420.988: [DefNew: 132032K->16447K(148480K), 0.2509766 secs] 315401K->288982K(467896K), 0.2513746 secs] [Times: user=0.27 sys=0.00, real=0.25 secs] 
421.378: [GC421.378: [DefNew: 148479K->16448K(148480K), 0.3440841 secs]421.722: [Tenured: 395325K->159253K(395448K), 0.5859410 secs] 421014K->159253K(543928K), [Perm : 7371K->7371K(21248K)], 0.9356883 secs] [Times: user=0.94 sys=0.00, real=0.93 secs] 
422.450: [GC422.450: [DefNew: 132032K->16447K(148480K), 0.1919863 secs] 291285K->241443K(467896K), 0.1925075 secs] [Times: user=0.19 sys=0.00, real=0.19 secs] 
422.787: [GC422.788: [DefNew: 148479K->16447K(148480K), 0.2949646 secs]423.083: [Tenured: 334611K->183480K(334776K), 0.6087214 secs] 373475K->183480K(483256K), [Perm : 7371K->7371K(21248K)], 0.9051440 secs] [Times: user=0.91 sys=0.00, real=0.90 secs] 
423.848: [GC423.849: [DefNew: 132032K->16448K(148480K), 0.2564991 secs] 315512K->291430K(467896K), 0.2569381 secs] [Times: user=0.25 sys=0.00, real=0.26 secs] 
424.243: [GC424.244: [DefNew: 148480K->16448K(148480K), 0.3401848 secs]424.584: [Tenured: 396477K->167676K(396600K), 0.6127240 secs] 423462K->167676K(545080K), [Perm : 7371K->7371K(21248K)], 0.9587279 secs] [Times: user=0.89 sys=0.01, real=0.96 secs] 
425.353: [GC425.353: [DefNew: 132032K->16447K(148480K), 0.2150169 secs] 299708K->259610K(467896K), 0.2154627 secs] [Times: user=0.22 sys=0.00, real=0.22 secs] 
425.711: [GC425.711: [DefNew: 148479K->16448K(148480K), 0.2997170 secs]426.011: [Tenured: 352860K->186449K(353016K), 0.6198876 secs] 391642K->186449K(501496K), [Perm : 7371K->7371K(21248K)], 0.9223150 secs] [Times: user=0.92 sys=0.00, real=0.92 secs] 
426.779: [GC426.779: [DefNew: 132032K->16447K(148480K), 0.2285256 secs] 318481K->283375K(467896K), 0.2289258 secs] [Times: user=0.22 sys=0.00, real=0.23 secs] 
427.150: [GC427.150: [DefNew: 148479K->16448K(148480K), 0.3572865 secs]427.508: [Tenured: 394932K->181145K(395064K), 0.5942832 secs] 415407K->181145K(543544K), [Perm : 7371K->7371K(21248K)], 0.9578879 secs] [Times: user=0.92 sys=0.02, real=0.96 secs] 
428.255: [GC428.255: [DefNew: 132032K->16447K(148480K), 0.1835751 secs] 313177K->260384K(467896K), 0.1839657 secs] [Times: user=0.19 sys=0.00, real=0.18 secs] 
428.576: [GC428.576: [DefNew: 148479K->16447K(148480K), 0.3286186 secs]428.905: [Tenured: 363605K->168982K(363768K), 0.6115392 secs] 392416K->168982K(512248K), [Perm : 7371K->7371K(21248K)], 0.9437143 secs] [Times: user=0.90 sys=0.03, real=0.95 secs] 
429.682: [GC429.683: [DefNew: 132032K->16448K(148480K), 0.2311359 secs] 301014K->266775K(467896K), 0.2315920 secs] [Times: user=0.23 sys=0.00, real=0.23 secs] 
430.049: [GC430.049: [DefNew: 148480K->16448K(148480K), 0.3139669 secs]430.363: [Tenured: 363334K->164178K(363384K), 0.6021765 secs] 398807K->164178K(511864K), [Perm : 7371K->7371K(21248K)], 0.9196969 secs] [Times: user=0.92 sys=0.00, real=0.92 secs] 
431.117: [GC431.118: [DefNew: 132032K->16448K(148480K), 0.2352386 secs] 296210K->263674K(467896K), 0.2356584 secs] [Times: user=0.23 sys=0.00, real=0.24 secs] 
431.487: [GC431.487: [DefNew: 148480K->16447K(148480K), 0.3231003 secs]431.810: [Tenured: 365638K->186734K(365688K), 0.6160697 secs] 395706K->186734K(514168K), [Perm : 7371K->7371K(21248K)], 0.9428981 secs] [Times: user=0.94 sys=0.02, real=0.94 secs] 
432.574: [GC432.575: [DefNew: 132032K->16448K(148480K), 0.2320214 secs] 318766K->284485K(467896K), 0.2324047 secs] [Times: user=0.23 sys=0.00, real=0.23 secs] 
432.960: [GC432.960: [DefNew: 148480K->16447K(148480K), 0.3191924 secs]433.279: [Tenured: 381711K->158368K(381816K), 0.5865863 secs] 416517K->158368K(530296K), [Perm : 7371K->7371K(21248K)], 0.9104220 secs] [Times: user=0.87 sys=0.02, real=0.91 secs] 
434.007: [GC434.008: [DefNew: 132032K->16448K(148480K), 0.1874244 secs] 290400K->238752K(467896K), 0.1878551 secs] [Times: user=0.19 sys=0.00, real=0.19 secs] 
434.332: [GC434.332: [DefNew: 148480K->16447K(148480K), 0.3347547 secs]434.667: [Tenured: 339431K->184490K(339576K), 0.6257596 secs] 370784K->184490K(488056K), [Perm : 7371K->7371K(21248K)], 0.9624809 secs] [Times: user=0.94 sys=0.00, real=0.96 secs] 
435.440: [GC435.440: [DefNew: 132032K->16447K(148480K), 0.2171785 secs] 316522K->276659K(467896K), 0.2175881 secs] [Times: user=0.22 sys=0.00, real=0.22 secs] 
435.812: [GC435.813: [DefNew: 148479K->16448K(148480K), 0.3110628 secs]436.124: [Tenured: 371571K->160362K(371640K), 0.6017486 secs] 408691K->160362K(520120K), [Perm : 7371K->7371K(21248K)], 0.9171001 secs] [Times: user=0.92 sys=0.00, real=0.92 secs] 
436.874: [GC436.874: [DefNew: 132032K->16447K(148480K), 0.2273174 secs] 292394K->257170K(467896K), 0.2277052 secs] [Times: user=0.22 sys=0.00, real=0.23 secs] 
437.240: [GC437.240: [DefNew: 148479K->16448K(148480K), 0.3367906 secs]437.577: [Tenured: 363144K->182792K(363192K), 0.5904622 secs] 389202K->182792K(511672K), [Perm : 7371K->7371K(21248K)], 0.9312098 secs] [Times: user=0.92 sys=0.01, real=0.93 secs] 
438.307: [GC438.307: [DefNew: 132032K->16447K(148480K), 0.1669897 secs] 314824K->255214K(467896K), 0.1673971 secs] [Times: user=0.16 sys=0.00, real=0.17 secs] 
438.612: [GC438.612: [DefNew: 148479K->16448K(148480K), 0.3294548 secs]438.941: [Tenured: 358394K->163738K(358584K), 0.5900844 secs] 387246K->163738K(507064K), [Perm : 7371K->7371K(21248K)], 0.9227062 secs] [Times: user=0.90 sys=0.01, real=0.92 secs] 
439.703: [GC439.703: [DefNew: 132032K->16447K(148480K), 0.2256458 secs] 295770K->259874K(467896K), 0.2261308 secs] [Times: user=0.23 sys=0.00, real=0.23 secs] 
440.079: [GC440.079: [DefNew: 148479K->16447K(148480K), 0.3311790 secs]440.410: [Tenured: 361981K->181909K(362040K), 0.5925892 secs] 391906K->181909K(510520K), [Perm : 7372K->7372K(21248K)], 0.9272287 secs] [Times: user=0.84 sys=0.01, real=0.93 secs] 
441.147: [GC441.148: [DefNew: 132032K->16447K(148480K), 0.2278758 secs] 313941K->279146K(467896K), 0.2283296 secs] [Times: user=0.22 sys=0.00, real=0.23 secs] 
441.508: [GC441.508: [DefNew: 148479K->16447K(148480K), 0.3118851 secs]441.820: [Tenured: 374661K->165941K(374712K), 0.5998682 secs] 411178K->165941K(523192K), [Perm : 7372K->7372K(21248K)], 0.9158618 secs] [Times: user=0.90 sys=0.02, real=0.92 secs] 
442.565: [GC442.565: [DefNew: 132032K->16448K(148480K), 0.1680690 secs] 297973K->238830K(467896K), 0.1684926 secs] [Times: user=0.16 sys=0.00, real=0.17 secs] 
442.880: [GC442.880: [DefNew: 148480K->16447K(148480K), 0.3061253 secs]443.186: [Tenured: 335859K->180081K(335928K), 0.5909465 secs] 370862K->180081K(484408K), [Perm : 7372K->7372K(21248K)], 0.8989403 secs] [Times: user=0.87 sys=0.00, real=0.90 secs] 
443.926: [GC443.926: [DefNew: 132032K->16447K(148480K), 0.2461414 secs] 312113K->284097K(467896K), 0.2465282 secs] [Times: user=0.25 sys=0.00, real=0.25 secs] 
444.312: [GC444.312: [DefNew: 148479K->16447K(148480K), 0.3466142 secs]444.659: [Tenured: 391704K->166237K(391800K), 0.5991656 secs] 416129K->166237K(540280K), [Perm : 7372K->7372K(21248K)], 0.9514010 secs] [Times: user=0.92 sys=0.03, real=0.95 secs] 
445.406: [GC445.406: [DefNew: 132032K->16448K(148480K), 0.2100370 secs] 298269K->255513K(467896K), 0.2104319 secs] [Times: user=0.20 sys=0.00, real=0.21 secs] 
445.769: [GC445.769: [DefNew: 148480K->16447K(148480K), 0.2987879 secs]446.068: [Tenured: 348441K->185421K(348600K), 0.6103401 secs] 387545K->185421K(497080K), [Perm : 7372K->7372K(21248K)], 0.9117925 secs] [Times: user=0.91 sys=0.00, real=0.91 secs] 
446.833: [GC446.833: [DefNew: 132032K->16448K(148480K), 0.2480571 secs] 317453K->289876K(467896K), 0.2484618 secs] [Times: user=0.25 sys=0.00, real=0.25 secs] 
447.223: [GC447.224: [DefNew: 148480K->16447K(148480K), 0.3555248 secs]447.579: [Tenured: 400465K->166161K(400632K), 0.5985671 secs] 421908K->166161K(549112K), [Perm : 7372K->7372K(21248K)], 0.9604533 secs] [Times: user=0.94 sys=0.03, real=0.96 secs] 
448.323: [GC448.324: [DefNew: 132032K->16447K(148480K), 0.2236596 secs] 298193K->261185K(467896K), 0.2240567 secs] [Times: user=0.22 sys=0.00, real=0.22 secs] 
448.699: [GC448.699: [DefNew: 148479K->16448K(148480K), 0.2924694 secs]448.991: [Tenured: 351482K->179096K(351672K), 0.5781661 secs] 393217K->179096K(500152K), [Perm : 7372K->7372K(21248K)], 0.8735511 secs] [Times: user=0.86 sys=0.00, real=0.88 secs] 
449.719: [GC449.719: [DefNew: 132032K->16447K(148480K), 0.2021586 secs] 311128K->265660K(467896K), 0.2025691 secs] [Times: user=0.20 sys=0.00, real=0.20 secs] 
450.063: [GC450.063: [DefNew: 148479K->16447K(148480K), 0.3318592 secs]450.395: [Tenured: 369042K->167375K(369144K), 0.6021909 secs] 397692K->167375K(517624K), [Perm : 7372K->7372K(21248K)], 0.9380998 secs] [Times: user=0.92 sys=0.02, real=0.94 secs] 
451.150: [GC451.150: [DefNew: 132032K->16447K(148480K), 0.2462784 secs] 299407K->271207K(467896K), 0.2466674 secs] [Times: user=0.25 sys=0.00, real=0.25 secs] 
451.531: [GC451.531: [DefNew: 148479K->16447K(148480K), 0.2993748 secs]451.830: [Tenured: 362968K->179382K(363000K), 0.5873852 secs] 403239K->179382K(511480K), [Perm : 7372K->7372K(21248K)], 0.8902193 secs] [Times: user=0.89 sys=0.00, real=0.89 secs] 
452.557: [GC452.557: [DefNew: 132032K->16447K(148480K), 0.1900764 secs] 311414K->260855K(467896K), 0.1905062 secs] [Times: user=0.19 sys=0.00, real=0.19 secs] 
452.898: [GC452.898: [DefNew: 148479K->16448K(148480K), 0.3022074 secs]453.200: [Tenured: 355316K->166845K(355320K), 0.6111528 secs] 392887K->166845K(503800K), [Perm : 7372K->7372K(21248K)], 0.9164416 secs] [Times: user=0.92 sys=0.00, real=0.92 secs] 
453.967: [GC453.968: [DefNew: 132032K->16448K(148480K), 0.2501530 secs] 298877K->272176K(467896K), 0.2505609 secs] [Times: user=0.25 sys=0.00, real=0.25 secs] 
454.354: [GC454.354: [DefNew: 148480K->16447K(148480K), 0.3289038 secs]454.683: [Tenured: 374540K->187225K(374712K), 0.6075184 secs] 404208K->187225K(523192K), [Perm : 7372K->7372K(21248K)], 0.9407070 secs] [Times: user=0.94 sys=0.02, real=0.94 secs] 
455.442: [GC455.442: [DefNew: 132032K->16447K(148480K), 0.2029889 secs] 319257K->273534K(467896K), 0.2036422 secs] [Times: user=0.20 sys=0.00, real=0.20 secs] 
455.792: [GC455.793: [DefNew: 148479K->16447K(148480K), 0.3140224 secs]456.107: [Tenured: 371012K->164284K(371064K), 0.6089315 secs] 405566K->164284K(519544K), [Perm : 7372K->7372K(21248K)], 0.9271248 secs] [Times: user=0.92 sys=0.00, real=0.93 secs] 
456.859: [GC456.859: [DefNew: 132032K->16447K(148480K), 0.2146686 secs] 296316K->255460K(467896K), 0.2150909 secs] [Times: user=0.22 sys=0.00, real=0.22 secs] 
457.207: [GC457.207: [DefNew: 148479K->16447K(148480K), 0.3024130 secs]457.510: [Tenured: 348585K->181299K(348600K), 0.6227926 secs] 387492K->181299K(497080K), [Perm : 7372K->7372K(21248K)], 0.9277448 secs] [Times: user=0.94 sys=0.00, real=0.93 secs] 
458.285: [GC458.285: [DefNew: 132032K->16448K(148480K), 0.2423467 secs] 313331K->283460K(467896K), 0.2427335 secs] [Times: user=0.25 sys=0.00, real=0.24 secs] 
458.679: [GC458.679: [DefNew: 148480K->16447K(148480K), 0.3093056 secs]458.988: [Tenured: 378214K->170163K(378360K), 0.6454701 secs] 415492K->170163K(526840K), [Perm : 7372K->7372K(21248K)], 0.9591438 secs] [Times: user=0.91 sys=0.02, real=0.96 secs] 
459.760: [GC459.760: [DefNew: 132032K->16448K(148480K), 0.2198649 secs] 302195K->258137K(467896K), 0.2203992 secs] [Times: user=0.22 sys=0.00, real=0.22 secs] 
460.110: [GC460.110: [DefNew: 148480K->16447K(148480K), 0.1977304 secs] 390169K->325406K(467896K), 0.1981242 secs] [Times: user=0.16 sys=0.00, real=0.20 secs] 
460.440: [GC460.441: [DefNew: 148479K->16448K(148480K), 0.3279612 secs]460.769: [Tenured: 419081K->184170K(419256K), 0.7150056 secs] 457438K->184170K(567736K), [Perm : 7372K->7372K(21248K)], 1.0508363 secs] [Times: user=0.98 sys=0.03, real=1.05 secs] 
461.638: [GC461.638: [DefNew: 132032K->16447K(148480K), 0.2059309 secs] 316202K->271640K(467896K), 0.2063427 secs] [Times: user=0.20 sys=0.00, real=0.21 secs] 
461.988: [GC461.989: [DefNew: 148479K->16447K(148480K), 0.2758619 secs]462.264: [Tenured: 352939K->166955K(353016K), 0.6324014 secs] 403672K->166955K(501496K), [Perm : 7372K->7372K(21248K)], 0.9112238 secs] [Times: user=0.89 sys=0.02, real=0.91 secs] 
463.051: [GC463.051: [DefNew: 132032K->16447K(148480K), 0.2406077 secs] 298987K->268610K(467896K), 0.2410157 secs] [Times: user=0.23 sys=0.00, real=0.24 secs] 
463.427: [GC463.428: [DefNew: 148479K->16448K(148480K), 0.3233149 secs]463.751: [Tenured: 369029K->183080K(369144K), 0.6184504 secs] 400642K->183080K(517624K), [Perm : 7372K->7372K(21248K)], 0.9456454 secs] [Times: user=0.94 sys=0.02, real=0.95 secs] 
464.506: [GC464.506: [DefNew: 132032K->16447K(148480K), 0.1153712 secs] 315112K->233981K(467896K), 0.1157647 secs] [Times: user=0.13 sys=0.00, real=0.12 secs] 
464.765: [GC464.765: [DefNew: 148479K->16447K(148480K), 0.1954350 secs] 366013K->297558K(467896K), 0.1958760 secs] [Times: user=0.17 sys=0.00, real=0.20 secs] 
465.100: [GC465.101: [DefNew: 148479K->16447K(148480K), 0.3547743 secs]465.455: [Tenured: 404281K->165668K(404472K), 0.6248841 secs] 429590K->165668K(552952K), [Perm : 7372K->7372K(21248K)], 0.9859858 secs] [Times: user=0.95 sys=0.03, real=0.99 secs] 
466.234: [GC466.234: [DefNew: 132032K->16447K(148480K), 0.2331706 secs] 297700K->264663K(467896K), 0.2335830 secs] [Times: user=0.23 sys=0.00, real=0.23 secs] 
466.598: [GC466.598: [DefNew: 148479K->16448K(148480K), 0.2939572 secs]466.892: [Tenured: 354046K->174878K(354168K), 0.6326894 secs] 396695K->174878K(502648K), [Perm : 7372K->7372K(21248K)], 0.9297361 secs] [Times: user=0.94 sys=0.00, real=0.93 secs] 
467.673: [GC467.673: [DefNew: 132032K->16447K(148480K), 0.1596026 secs] 306910K->240373K(467896K), 0.1600625 secs] [Times: user=0.16 sys=0.00, real=0.16 secs] 
467.988: [GC467.988: [DefNew: 148479K->16447K(148480K), 0.1513896 secs] 372405K->286758K(467896K), 0.1517838 secs] [Times: user=0.14 sys=0.00, real=0.15 secs] 
468.274: [GC468.275: [DefNew: 148479K->16447K(148480K), 0.2913363 secs]468.566: [Tenured: 365815K->189249K(365880K), 0.6537395 secs] 418790K->189249K(514360K), [Perm : 7372K->7372K(21248K)], 0.9489857 secs] [Times: user=0.92 sys=0.02, real=0.95 secs] 
469.368: [GC469.368: [DefNew: 132032K->16448K(148480K), 0.2390054 secs] 321281K->289788K(467896K), 0.2394143 secs] [Times: user=0.23 sys=0.00, real=0.24 secs] 
469.750: [GC469.750: [DefNew: 148480K->16447K(148480K), 0.2884071 secs]470.039: [Tenured: 375647K->158527K(375672K), 0.5965254 secs] 421820K->158527K(524152K), [Perm : 7372K->7372K(21248K)], 0.8894900 secs] [Times: user=0.87 sys=0.02, real=0.89 secs] 
470.789: [GC470.789: [DefNew: 132032K->16447K(148480K), 0.2308367 secs] 290559K->256349K(467896K), 0.2312405 secs] [Times: user=0.23 sys=0.00, real=0.23 secs] 
471.163: [GC471.163: [DefNew: 148479K->16447K(148480K), 0.3559019 secs]471.519: [Tenured: 368488K->168349K(368568K), 0.6185348 secs] 388381K->168349K(517048K), [Perm : 7372K->7372K(21248K)], 0.9782786 secs] [Times: user=0.95 sys=0.02, real=0.98 secs] 
472.276: [GC472.276: [DefNew: 132032K->16447K(148480K), 0.1525625 secs] 300381K->234756K(467896K), 0.1529506 secs] [Times: user=0.16 sys=0.00, real=0.15 secs] 
472.562: [GC472.562: [DefNew: 148479K->16447K(148480K), 0.2654459 secs] 366788K->333395K(467896K), 0.2658480 secs] [Times: user=0.25 sys=0.02, real=0.27 secs] 
472.975: [GC472.975: [DefNew: 148479K->16448K(148480K), 0.3399035 secs]473.315: [Tenured: 433719K->162369K(433848K), 0.6068045 secs] 465427K->162369K(582328K), [Perm : 7372K->7372K(21248K)], 0.9549036 secs] [Times: user=0.95 sys=0.00, real=0.95 secs] 
474.069: [GC474.069: [DefNew: 132032K->16447K(148480K), 0.2023209 secs] 294401K->248737K(467896K), 0.2028529 secs] [Times: user=0.20 sys=0.00, real=0.20 secs] 
474.414: [GC474.414: [DefNew: 148479K->16447K(148480K), 0.3502608 secs]474.764: [Tenured: 359887K->188839K(359928K), 0.6015748 secs] 380769K->188839K(508408K), [Perm : 7372K->7372K(21248K)], 0.9550992 secs] [Times: user=0.94 sys=0.02, real=0.96 secs] 
475.515: [GC475.515: [DefNew: 132032K->16448K(148480K), 0.1634593 secs] 320871K->259133K(467896K), 0.1638470 secs] [Times: user=0.16 sys=0.00, real=0.16 secs] 
475.823: [GC475.823: [DefNew: 148480K->16447K(148480K), 0.3066686 secs]476.130: [Tenured: 354171K->164649K(354360K), 0.5959305 secs] 391165K->164649K(502840K), [Perm : 7372K->7372K(21248K)], 0.9053422 secs] [Times: user=0.89 sys=0.03, real=0.91 secs] 
476.870: [GC476.870: [DefNew: 132032K->16448K(148480K), 0.2438271 secs] 296681K->267681K(467896K), 0.2442473 secs] [Times: user=0.23 sys=0.00, real=0.24 secs] 
477.256: [GC477.256: [DefNew: 148480K->16447K(148480K), 0.3571300 secs]477.614: [Tenured: 379270K->162395K(379320K), 0.5892944 secs] 399713K->162395K(527800K), [Perm : 7372K->7372K(21248K)], 0.9511371 secs] [Times: user=0.95 sys=0.00, real=0.95 secs] 
478.355: [GC478.355: [DefNew: 132032K->16448K(148480K), 0.1742063 secs] 294427K->233638K(467896K), 0.1747691 secs] [Times: user=0.17 sys=0.00, real=0.18 secs] 
478.661: [GC478.661: [DefNew: 148480K->16447K(148480K), 0.3051891 secs]478.966: [Tenured: 330010K->181163K(330168K), 0.6320339 secs] 365670K->181163K(478648K), [Perm : 7372K->7372K(21248K)], 0.9385318 secs] [Times: user=0.94 sys=0.00, real=0.94 secs] 
479.739: [GC479.740: [DefNew: 132032K->16447K(148480K), 0.2019533 secs] 313195K->267959K(467896K), 0.2023590 secs] [Times: user=0.20 sys=0.00, real=0.20 secs] 
480.083: [GC480.083: [DefNew: 148479K->16447K(148480K), 0.3493490 secs]480.432: [Tenured: 377888K->162557K(377976K), 0.5986579 secs] 399991K->162557K(526456K), [Perm : 7372K->7372K(21248K)], 0.9525450 secs] [Times: user=0.92 sys=0.03, real=0.95 secs] 
481.177: [GC481.177: [DefNew: 132032K->16448K(148480K), 0.2347527 secs] 294589K->262341K(467896K), 0.2351548 secs] [Times: user=0.23 sys=0.00, real=0.23 secs] 
481.545: [GC481.545: [DefNew: 148480K->16448K(148480K), 0.3139829 secs]481.859: [Tenured: 361028K->190429K(361080K), 0.6212404 secs] 394373K->190429K(509560K), [Perm : 7372K->7372K(21248K)], 0.9384238 secs] [Times: user=0.92 sys=0.01, real=0.94 secs] 
482.637: [GC482.638: [DefNew: 132032K->16447K(148480K), 0.1721722 secs] 322461K->264643K(467896K), 0.1725690 secs] [Times: user=0.17 sys=0.00, real=0.17 secs] 
482.963: [GC482.963: [DefNew: 148479K->16447K(148480K), 0.2996323 secs]483.263: [Tenured: 357776K->168460K(357816K), 0.6090309 secs] 396675K->168460K(506296K), [Perm : 7372K->7372K(21248K)], 0.9116876 secs] [Times: user=0.91 sys=0.02, real=0.91 secs] 
484.029: [GC484.029: [DefNew: 132032K->16447K(148480K), 0.2413345 secs] 300492K->270588K(467896K), 0.2417347 secs] [Times: user=0.23 sys=0.00, real=0.24 secs] 
484.414: [GC484.414: [DefNew: 148479K->16448K(148480K), 0.3595646 secs]484.773: [Tenured: 383150K->183465K(383160K), 0.5882434 secs] 402620K->183465K(531640K), [Perm : 7372K->7372K(21248K)], 0.9526823 secs] [Times: user=0.94 sys=0.02, real=0.95 secs] 
485.501: [GC485.502: [DefNew: 132032K->16447K(148480K), 0.1885434 secs] 315497K->264070K(467896K), 0.1889443 secs] [Times: user=0.19 sys=0.00, real=0.19 secs] 
485.840: [GC485.841: [DefNew: 148479K->16447K(148480K), 0.2664744 secs]486.107: [Tenured: 344639K->166361K(344760K), 0.5831113 secs] 396102K->166361K(493240K), [Perm : 7375K->7375K(21248K)], 0.8516457 secs] [Times: user=0.84 sys=0.00, real=0.85 secs] 
486.841: [GC486.841: [DefNew: 132032K->16448K(148480K), 0.2296324 secs] 298393K->263370K(467896K), 0.2300474 secs] [Times: user=0.20 sys=0.00, real=0.23 secs] 
487.213: [GC487.213: [DefNew: 148480K->16447K(148480K), 0.3542288 secs]487.567: [Tenured: 374503K->185854K(374520K), 0.6173138 secs] 395402K->185854K(523000K), [Perm : 7375K->7375K(21248K)], 0.9761288 secs] [Times: user=0.91 sys=0.06, real=0.98 secs] 
488.337: [GC488.337: [DefNew: 132032K->16447K(148480K), 0.2571867 secs] 317886K->294560K(467896K), 0.2576222 secs] [Times: user=0.25 sys=0.00, real=0.26 secs] 
488.737: [GC488.738: [DefNew: 148479K->16447K(148480K), 0.2957324 secs]489.033: [Tenured: 382929K->166706K(382968K), 0.6039189 secs] 426592K->166706K(531448K), [Perm : 7375K->7375K(21248K)], 0.9043620 secs] [Times: user=0.90 sys=0.00, real=0.90 secs] 
489.779: [GC489.779: [DefNew: 132032K->16447K(148480K), 0.2020351 secs] 298738K->253283K(467896K), 0.2024475 secs] [Times: user=0.20 sys=0.00, real=0.20 secs] 
490.124: [GC490.125: [DefNew: 148479K->16447K(148480K), 0.3507012 secs]490.475: [Tenured: 365187K->187757K(365304K), 0.6094129 secs] 385315K->187757K(513784K), [Perm : 7375K->7375K(21248K)], 0.9638998 secs] [Times: user=0.94 sys=0.03, real=0.96 secs] 
491.232: [GC491.232: [DefNew: 132032K->16447K(148480K), 0.2381180 secs] 319789K->288583K(467896K), 0.2385936 secs] [Times: user=0.25 sys=0.00, real=0.24 secs] 
491.601: [GC491.601: [DefNew: 148479K->16447K(148480K), 0.3159759 secs]491.917: [Tenured: 385688K->164155K(385848K), 0.6003160 secs] 420615K->164155K(534328K), [Perm : 7375K->7375K(21248K)], 0.9213987 secs] [Times: user=0.92 sys=0.00, real=0.92 secs] 
492.667: [GC492.667: [DefNew: 132032K->16448K(148480K), 0.1925594 secs] 296187K->246958K(467896K), 0.1929786 secs] [Times: user=0.20 sys=0.00, real=0.19 secs] 
493.016: [GC493.017: [DefNew: 148480K->16447K(148480K), 0.3074736 secs]493.324: [Tenured: 344136K->182535K(344184K), 0.6088442 secs] 378990K->182535K(492664K), [Perm : 7375K->7375K(21248K)], 0.9185908 secs] [Times: user=0.91 sys=0.02, real=0.92 secs] 
494.079: [GC494.079: [DefNew: 132032K->16448K(148480K), 0.2419515 secs] 314567K->284075K(467896K), 0.2423441 secs] [Times: user=0.23 sys=0.00, real=0.24 secs] 
494.458: [GC494.459: [DefNew: 148480K->16447K(148480K), 0.3511149 secs]494.810: [Tenured: 390688K->169404K(390840K), 0.6204052 secs] 416107K->169404K(539320K), [Perm : 7375K->7375K(21248K)], 0.9771997 secs] [Times: user=0.97 sys=0.02, real=0.98 secs] 
495.581: [GC495.581: [DefNew: 132032K->16447K(148480K), 0.2362299 secs] 301436K->269454K(467896K), 0.2366177 secs] [Times: user=0.23 sys=0.00, real=0.24 secs] 
495.969: [GC495.969: [DefNew: 148479K->16447K(148480K), 0.2868593 secs]496.256: [Tenured: 357500K->178994K(357624K), 0.6101852 secs] 401486K->178994K(506104K), [Perm : 7375K->7375K(21248K)], 0.9003267 secs] [Times: user=0.87 sys=0.03, real=0.90 secs] 
497.012: [GC497.012: [DefNew: 132032K->16447K(148480K), 0.2422796 secs] 311026K->281503K(467896K), 0.2426757 secs] [Times: user=0.23 sys=0.00, real=0.24 secs] 
497.396: [GC497.396: [DefNew: 148479K->16447K(148480K), 0.3526874 secs]497.749: [Tenured: 392504K->182164K(392568K), 0.6011120 secs] 413535K->182164K(541048K), [Perm : 7375K->7375K(21248K)], 0.9591483 secs] [Times: user=0.95 sys=0.02, real=0.96 secs] 
498.502: [GC498.502: [DefNew: 132032K->16448K(148480K), 0.1826822 secs] 314196K->260717K(467896K), 0.1830860 secs] [Times: user=0.19 sys=0.00, real=0.18 secs] 
498.827: [GC498.827: [DefNew: 148480K->16448K(148480K), 0.2663493 secs]499.094: [Tenured: 341455K->164012K(341496K), 0.5843647 secs] 392749K->164012K(489976K), [Perm : 7375K->7375K(21248K)], 0.8526229 secs] [Times: user=0.86 sys=0.00, real=0.85 secs] 
499.830: [GC499.830: [DefNew: 132032K->16447K(148480K), 0.2210637 secs] 296044K->257221K(467896K), 0.2214486 secs] [Times: user=0.23 sys=0.00, real=0.22 secs] 
500.193: [GC500.193: [DefNew: 148479K->16447K(148480K), 0.3513176 secs]500.545: [Tenured: 369020K->165600K(369144K), 0.6090867 secs] 389253K->165600K(517624K), [Perm : 7375K->7375K(21248K)], 0.9642378 secs] [Times: user=0.95 sys=0.02, real=0.96 secs] 
501.312: [GC501.312: [DefNew: 132032K->16448K(148480K), 0.2503935 secs] 297632K->271383K(467896K), 0.2507838 secs] [Times: user=0.26 sys=0.00, real=0.25 secs] 
501.716: [GC501.716: [DefNew: 148480K->16447K(148480K), 0.3092568 secs]502.025: [Tenured: 366906K->178164K(367032K), 0.5852745 secs] 403415K->178164K(515512K), [Perm : 7375K->7375K(21248K)], 0.8981369 secs] [Times: user=0.86 sys=0.01, real=0.90 secs] 
502.745: [GC502.745: [DefNew: 132032K->16447K(148480K), 0.1721065 secs] 310196K->253741K(467896K), 0.1725260 secs] [Times: user=0.19 sys=0.00, real=0.17 secs] 
503.048: [GC503.048: [DefNew: 148479K->16447K(148480K), 0.2706502 secs]503.319: [Tenured: 335280K->183618K(335352K), 0.6198427 secs] 385773K->183618K(483832K), [Perm : 7375K->7375K(21248K)], 0.8919624 secs] [Times: user=0.89 sys=0.00, real=0.89 secs] 
504.087: [GC504.087: [DefNew: 132032K->16447K(148480K), 0.2472457 secs] 315650K->287922K(467896K), 0.2476369 secs] [Times: user=0.25 sys=0.00, real=0.25 secs] 
504.472: [GC504.473: [DefNew: 148479K->16447K(148480K), 0.3410921 secs]504.814: [Tenured: 393216K->188096K(393336K), 0.6133183 secs] 419954K->188096K(541816K), [Perm : 7375K->7375K(21248K)], 0.9601394 secs] [Times: user=0.95 sys=0.01, real=0.96 secs] 
505.580: [GC505.580: [DefNew: 132032K->16447K(148480K), 0.2209899 secs] 320128K->281441K(467896K), 0.2213812 secs] [Times: user=0.22 sys=0.00, real=0.22 secs] 
505.944: [GC505.945: [DefNew: 148479K->16447K(148480K), 0.2839713 secs]506.229: [Tenured: 367754K->166002K(367800K), 0.6136765 secs] 413473K->166002K(516280K), [Perm : 7375K->7375K(21248K)], 0.9013463 secs] [Times: user=0.89 sys=0.02, real=0.90 secs] 
506.998: [GC506.998: [DefNew: 132032K->16448K(148480K), 0.2386545 secs] 298034K->266473K(467896K), 0.2391879 secs] [Times: user=0.23 sys=0.00, real=0.24 secs] 
507.380: [GC507.380: [DefNew: 148480K->16447K(148480K), 0.3547733 secs]507.735: [Tenured: 378698K->185341K(378744K), 0.6036075 secs] 398505K->185341K(527224K), [Perm : 7375K->7375K(21248K)], 0.9628924 secs] [Times: user=0.97 sys=0.00, real=0.96 secs] 
508.481: [GC508.481: [DefNew: 132032K->16447K(148480K), 0.2310439 secs] 317373K->283246K(467896K), 0.2314663 secs] [Times: user=0.23 sys=0.00, real=0.23 secs] 
508.857: [GC508.857: [DefNew: 148479K->16447K(148480K), 0.3036230 secs]509.161: [Tenured: 375791K->164806K(375864K), 0.6002810 secs] 415278K->164806K(524344K), [Perm : 7375K->7375K(21248K)], 0.9083204 secs] [Times: user=0.89 sys=0.02, real=0.91 secs] 
509.916: [GC509.917: [DefNew: 132032K->16448K(148480K), 0.2206314 secs] 296838K->258048K(467896K), 0.2210204 secs] [Times: user=0.22 sys=0.00, real=0.22 secs] 
510.280: [GC510.280: [DefNew: 148480K->16448K(148480K), 0.3530107 secs]510.633: [Tenured: 370266K->181546K(370296K), 0.5884554 secs] 390080K->181546K(518776K), [Perm : 7375K->7375K(21248K)], 0.9454000 secs] [Times: user=0.95 sys=0.00, real=0.95 secs] 
511.376: [GC511.376: [DefNew: 132032K->16447K(148480K), 0.2569211 secs] 313578K->289714K(467896K), 0.2573300 secs] [Times: user=0.25 sys=0.00, real=0.26 secs] 
511.777: [GC511.777: [DefNew: 148479K->16447K(148480K), 0.2497572 secs]512.027: [Tenured: 362366K->168326K(362424K), 0.6094267 secs] 421746K->168326K(510904K), [Perm : 7375K->7375K(21248K)], 0.8629902 secs] [Times: user=0.86 sys=0.01, real=0.86 secs] 
512.783: [GC512.783: [DefNew: 132032K->16448K(148480K), 0.2249704 secs] 300358K->263884K(467896K), 0.2253540 secs] [Times: user=0.22 sys=0.00, real=0.22 secs] 
513.150: [GC513.150: [DefNew: 148480K->16447K(148480K), 0.3499792 secs]513.500: [Tenured: 374785K->185841K(374904K), 0.6107865 secs] 395916K->185841K(523384K), [Perm : 7375K->7375K(21248K)], 0.9648632 secs] [Times: user=0.97 sys=0.00, real=0.96 secs] 
514.259: [GC514.259: [DefNew: 132032K->16447K(148480K), 0.2197032 secs] 317873K->279799K(467896K), 0.2200926 secs] [Times: user=0.22 sys=0.00, real=0.22 secs] 
514.617: [GC514.617: [DefNew: 148479K->16447K(148480K), 0.3444760 secs]514.961: [Tenured: 387361K->158964K(387384K), 0.5604409 secs] 411831K->158964K(535864K), [Perm : 7375K->7375K(21248K)], 0.9099599 secs] [Times: user=0.87 sys=0.03, real=0.91 secs] 
515.677: [GC515.677: [DefNew: 132032K->16448K(148480K), 0.2504448 secs] 290996K->264761K(467896K), 0.2508380 secs] [Times: user=0.25 sys=0.00, real=0.25 secs] 
516.070: [GC516.070: [DefNew: 148480K->16447K(148480K), 0.2812638 secs]516.352: [Tenured: 349542K->179583K(349560K), 0.5981559 secs] 396793K->179583K(498040K), [Perm : 7375K->7375K(21248K)], 0.8818411 secs] [Times: user=0.89 sys=0.00, real=0.88 secs] 
517.096: [GC517.096: [DefNew: 132032K->16448K(148480K), 0.2367697 secs] 311615K->279371K(467896K), 0.2371610 secs] [Times: user=0.23 sys=0.00, real=0.24 secs] 
517.473: [GC517.473: [DefNew: 148480K->16447K(148480K), 0.3498891 secs]517.823: [Tenured: 384678K->161907K(384696K), 0.6050245 secs] 411403K->161907K(533176K), [Perm : 7376K->7376K(21248K)], 0.9598305 secs] [Times: user=0.89 sys=0.02, real=0.96 secs] 
518.578: [GC518.578: [DefNew: 132032K->16447K(148480K), 0.2296891 secs] 293939K->259458K(467896K), 0.2300830 secs] [Times: user=0.22 sys=0.00, real=0.23 secs] 
518.949: [GC518.949: [DefNew: 148479K->16447K(148480K), 0.2769873 secs]519.226: [Tenured: 344226K->186233K(344376K), 0.5993339 secs] 391490K->186233K(492856K), [Perm : 7376K->7376K(21248K)], 0.8785922 secs] [Times: user=0.87 sys=0.00, real=0.88 secs] 
519.964: [GC519.964: [DefNew: 132032K->16447K(148480K), 0.2019244 secs] 318265K->272567K(467896K), 0.2023385 secs] [Times: user=0.20 sys=0.00, real=0.20 secs] 
520.308: [GC520.308: [DefNew: 148479K->16447K(148480K), 0.3494722 secs]520.658: [Tenured: 382696K->182843K(382776K), 0.5933057 secs] 404599K->182843K(531256K), [Perm : 7377K->7377K(21248K)], 0.9476380 secs] [Times: user=0.95 sys=0.00, real=0.95 secs] 
521.398: [GC521.399: [DefNew: 132032K->16448K(148480K), 0.2318274 secs] 314875K->281440K(467896K), 0.2322495 secs] [Times: user=0.23 sys=0.00, real=0.23 secs] 
521.780: [GC521.781: [DefNew: 148480K->16447K(148480K), 0.2722217 secs]522.053: [Tenured: 363239K->165626K(363384K), 0.6033753 secs] 413472K->165626K(511864K), [Perm : 7379K->7379K(21248K)], 0.8789113 secs] [Times: user=0.87 sys=0.00, real=0.88 secs] 
522.795: [GC522.795: [DefNew: 132032K->16448K(148480K), 0.2009408 secs] 297658K->251889K(467896K), 0.2014293 secs] [Times: user=0.19 sys=0.00, real=0.20 secs] 
523.138: [GC523.138: [DefNew: 148480K->16447K(148480K), 0.3535713 secs]523.491: [Tenured: 364080K->163613K(364152K), 0.6000049 secs] 383921K->163613K(512632K), [Perm : 7379K->7379K(21248K)], 0.9573693 secs] [Times: user=0.95 sys=0.00, real=0.96 secs] 
524.246: [GC524.247: [DefNew: 132032K->16448K(148480K), 0.2443990 secs] 295645K->266677K(467896K), 0.2448040 secs] [Times: user=0.23 sys=0.00, real=0.25 secs] 
524.624: [GC524.624: [DefNew: 148480K->16447K(148480K), 0.2884841 secs]524.913: [Tenured: 354619K->186000K(354744K), 0.6170713 secs] 398709K->186000K(503224K), [Perm : 7379K->7379K(21248K)], 0.9087639 secs] [Times: user=0.89 sys=0.00, real=0.91 secs] 
525.676: [GC525.676: [DefNew: 132032K->16448K(148480K), 0.2399942 secs] 318032K->285721K(467896K), 0.2404416 secs] [Times: user=0.25 sys=0.00, real=0.24 secs] 
526.057: [GC526.057: [DefNew: 148480K->16448K(148480K), 0.2557585 secs]526.313: [Tenured: 360934K->167998K(361080K), 0.6145768 secs] 417753K->167998K(509560K), [Perm : 7379K->7379K(21248K)], 0.8736066 secs] [Times: user=0.87 sys=0.00, real=0.87 secs] 
527.083: [GC527.083: [DefNew: 132032K->16447K(148480K), 0.2094992 secs] 300030K->257227K(467896K), 0.2098825 secs] [Times: user=0.22 sys=0.00, real=0.21 secs] 
527.423: [GC527.424: [DefNew: 148479K->16448K(148480K), 0.3150878 secs]527.739: [Tenured: 355878K->186308K(355896K), 0.6386593 secs] 389259K->186308K(504376K), [Perm : 7379K->7379K(21248K)], 0.9568042 secs] [Times: user=0.95 sys=0.02, real=0.96 secs] 
528.522: [GC528.522: [DefNew: 132031K->16447K(148480K), 0.1783018 secs] 318340K->263028K(467896K), 0.1786909 secs] [Times: user=0.17 sys=0.00, real=0.18 secs] 
528.849: [GC528.850: [DefNew: 148479K->16447K(148480K), 0.2708747 secs]529.120: [Tenured: 345258K->164757K(345336K), 0.6067612 secs] 395060K->164757K(493816K), [Perm : 7379K->7379K(21248K)], 0.8798074 secs] [Times: user=0.87 sys=0.00, real=0.88 secs] 
529.875: [GC529.875: [DefNew: 132032K->16447K(148480K), 0.2149158 secs] 296789K->256298K(467896K), 0.2153065 secs] [Times: user=0.22 sys=0.00, real=0.22 secs] 
530.230: [GC530.230: [DefNew: 148479K->16447K(148480K), 0.3418640 secs]530.572: [Tenured: 364486K->183882K(364536K), 0.6066944 secs] 388330K->183882K(513016K), [Perm : 7379K->7379K(21248K)], 0.9521117 secs] [Times: user=0.95 sys=0.00, real=0.95 secs] 
531.332: [GC531.332: [DefNew: 132032K->16448K(148480K), 0.2073215 secs] 315914K->272247K(467896K), 0.2077259 secs] [Times: user=0.20 sys=0.00, real=0.21 secs] 
531.677: [GC531.677: [DefNew: 148480K->16448K(148480K), 0.3397964 secs]532.017: [Tenured: 377837K->167353K(377976K), 0.6109671 secs] 404279K->167353K(526456K), [Perm : 7379K->7379K(21248K)], 0.9552635 secs] [Times: user=0.94 sys=0.01, real=0.95 secs] 
532.785: [GC532.785: [DefNew: 132032K->16447K(148480K), 0.2241946 secs] 299385K->261886K(467896K), 0.2245830 secs] [Times: user=0.22 sys=0.00, real=0.23 secs] 
533.150: [GC533.150: [DefNew: 148479K->16447K(148480K), 0.3437310 secs]533.494: [Tenured: 370867K->170780K(370872K), 0.5844169 secs] 393918K->170780K(519352K), [Perm : 7379K->7379K(21248K)], 0.9320565 secs] [Times: user=0.86 sys=0.00, real=0.93 secs] 
534.232: [GC534.232: [DefNew: 132032K->16448K(148480K), 0.2445773 secs] 302812K->273992K(467896K), 0.2450712 secs] [Times: user=0.23 sys=0.00, real=0.25 secs] 
534.613: [GC534.613: [DefNew: 148480K->16447K(148480K), 0.3033530 secs]534.917: [Tenured: 367210K->162081K(367224K), 0.5698184 secs] 406024K->162081K(515704K), [Perm : 7379K->7379K(21248K)], 0.8769928 secs] [Times: user=0.87 sys=0.00, real=0.88 secs] 
535.642: [GC535.642: [DefNew: 132032K->16447K(148480K), 0.2555818 secs] 294113K->269248K(467896K), 0.2560504 secs] [Times: user=0.26 sys=0.00, real=0.26 secs] 
536.044: [GC536.044: [DefNew: 148479K->16448K(148480K), 0.2768173 secs]536.321: [Tenured: 353367K->180842K(353400K), 0.6152137 secs] 401280K->180842K(501880K), [Perm : 7379K->7379K(21248K)], 0.8950134 secs] [Times: user=0.87 sys=0.00, real=0.89 secs] 
537.089: [GC537.089: [DefNew: 132032K->16448K(148480K), 0.2138257 secs] 312874K->272061K(467896K), 0.2142189 secs] [Times: user=0.22 sys=0.00, real=0.21 secs] 
537.445: [GC537.445: [DefNew: 148480K->16447K(148480K), 0.3511325 secs]537.796: [Tenured: 381889K->182408K(382008K), 0.6031604 secs] 404093K->182408K(530488K), [Perm : 7379K->7379K(21248K)], 0.9592898 secs] [Times: user=0.95 sys=0.00, real=0.96 secs] 
538.553: [GC538.553: [DefNew: 132032K->16447K(148480K), 0.1685696 secs] 314440K->255637K(467896K), 0.1689554 secs] [Times: user=0.17 sys=0.00, real=0.17 secs] 
538.869: [GC538.870: [DefNew: 148479K->16448K(148480K), 0.3009636 secs]539.171: [Tenured: 350334K->166879K(350520K), 0.6015007 secs] 387669K->166879K(499000K), [Perm : 7379K->7379K(21248K)], 0.9052985 secs] [Times: user=0.90 sys=0.00, real=0.91 secs] 
539.916: [GC539.916: [DefNew: 132032K->16447K(148480K), 0.2253729 secs] 298911K->262418K(467896K), 0.2257635 secs] [Times: user=0.23 sys=0.00, real=0.22 secs] 
540.284: [GC540.284: [DefNew: 148479K->16447K(148480K), 0.3516887 secs]540.636: [Tenured: 373979K->164981K(374136K), 0.5947031 secs] 394450K->164981K(522616K), [Perm : 7379K->7379K(21248K)], 0.9508853 secs] [Times: user=0.94 sys=0.02, real=0.95 secs] 
541.377: [GC541.377: [DefNew: 132032K->16447K(148480K), 0.2333591 secs] 297013K->263660K(467896K), 0.2337812 secs] [Times: user=0.23 sys=0.00, real=0.23 secs] 
541.756: [GC541.756: [DefNew: 148479K->16447K(148480K), 0.2719462 secs]542.028: [Tenured: 346614K->189025K(346680K), 0.6149283 secs] 395692K->189025K(495160K), [Perm : 7379K->7379K(21248K)], 0.8892834 secs] [Times: user=0.89 sys=0.00, real=0.89 secs] 
542.800: [GC542.800: [DefNew: 132032K->16447K(148480K), 0.2181314 secs] 321057K->281773K(467896K), 0.2185502 secs] [Times: user=0.22 sys=0.00, real=0.22 secs] 
543.156: [GC543.156: [DefNew: 148479K->16447K(148480K), 0.3367345 secs]543.493: [Tenured: 386382K->160425K(386424K), 0.5927233 secs] 413805K->160425K(534904K), [Perm : 7379K->7379K(21248K)], 0.9343753 secs] [Times: user=0.90 sys=0.03, real=0.93 secs] 
544.242: [GC544.243: [DefNew: 132032K->16447K(148480K), 0.2409814 secs] 292457K->262221K(467896K), 0.2414705 secs] [Times: user=0.25 sys=0.00, real=0.24 secs] 
544.619: [GC544.619: [DefNew: 148479K->16447K(148480K), 0.3224506 secs]544.941: [Tenured: 363262K->183777K(363384K), 0.5892143 secs] 394253K->183777K(511864K), [Perm : 7379K->7379K(21248K)], 0.9153537 secs] [Times: user=0.89 sys=0.02, real=0.92 secs] 
545.675: [GC545.675: [DefNew: 132032K->16447K(148480K), 0.1798233 secs] 315809K->260558K(467896K), 0.1802534 secs] [Times: user=0.19 sys=0.00, real=0.18 secs] 
546.000: [GC546.000: [DefNew: 148479K->16447K(148480K), 0.2045181 secs] 392590K->335349K(467896K), 0.2049815 secs] [Times: user=0.20 sys=0.00, real=0.20 secs] 
546.347: [GC546.347: [DefNew: 148479K->16448K(148480K), 0.3706820 secs]546.718: [Tenured: 446802K->166940K(446904K), 0.6238786 secs] 467381K->166940K(595384K), [Perm : 7379K->7379K(21248K)], 1.0036023 secs] [Times: user=0.95 sys=0.06, real=1.00 secs] 
547.495: [GC547.495: [DefNew: 132032K->16448K(148480K), 0.2255528 secs] 298972K->262375K(467896K), 0.2259678 secs] [Times: user=0.22 sys=0.00, real=0.23 secs] 
547.870: [GC547.870: [DefNew: 148480K->16447K(148480K), 0.2978764 secs]548.168: [Tenured: 354248K->179373K(354360K), 0.5993525 secs] 394407K->179373K(502840K), [Perm : 7379K->7379K(21248K)], 0.9002767 secs] [Times: user=0.87 sys=0.02, real=0.90 secs] 
548.923: [GC548.923: [DefNew: 132032K->16447K(148480K), 0.2485013 secs] 311405K->284408K(467896K), 0.2488890 secs] [Times: user=0.25 sys=0.00, real=0.25 secs] 
549.314: [GC549.315: [DefNew: 148479K->16447K(148480K), 0.3603946 secs]549.675: [Tenured: 396971K->160739K(396984K), 0.5828406 secs] 416440K->160739K(545464K), [Perm : 7379K->7379K(21248K)], 0.9489796 secs] [Times: user=0.92 sys=0.02, real=0.95 secs] 
550.402: [GC550.402: [DefNew: 132032K->16447K(148480K), 0.2150653 secs] 292771K->253106K(467896K), 0.2154700 secs] [Times: user=0.22 sys=0.00, real=0.22 secs] 
550.761: [GC550.761: [DefNew: 148479K->16447K(148480K), 0.2780412 secs]551.039: [Tenured: 339563K->187577K(339576K), 0.6022403 secs] 385138K->187577K(488056K), [Perm : 7379K->7379K(21248K)], 0.8824078 secs] [Times: user=0.89 sys=0.00, real=0.88 secs] 
551.785: [GC551.785: [DefNew: 132032K->16447K(148480K), 0.2159723 secs] 319609K->279646K(467896K), 0.2163931 secs] [Times: user=0.22 sys=0.00, real=0.22 secs] 
552.141: [GC552.141: [DefNew: 148479K->16448K(148480K), 0.3472188 secs]552.489: [Tenured: 388573K->160950K(388728K), 0.5934458 secs] 411678K->160950K(537208K), [Perm : 7379K->7379K(21248K)], 0.9458173 secs] [Times: user=0.94 sys=0.00, real=0.95 secs] 
553.260: [GC553.260: [DefNew: 132032K->16447K(148480K), 0.2366866 secs] 292982K->261105K(467896K), 0.2371074 secs] [Times: user=0.23 sys=0.00, real=0.24 secs] 
553.635: [GC553.635: [DefNew: 148479K->16447K(148480K), 0.3354846 secs]553.971: [Tenured: 366499K->174119K(366648K), 0.5857274 secs] 393137K->174119K(515128K), [Perm : 7379K->7379K(21248K)], 0.9249192 secs] [Times: user=0.90 sys=0.02, real=0.92 secs] 
554.710: [GC554.710: [DefNew: 132032K->16448K(148480K), 0.2559846 secs] 306151K->279560K(467896K), 0.2563788 secs] [Times: user=0.26 sys=0.00, real=0.26 secs] 
555.094: [GC555.094: [DefNew: 148480K->16448K(148480K), 0.2825681 secs]555.377: [Tenured: 357605K->183666K(357624K), 0.5944651 secs] 411592K->183666K(506104K), [Perm : 7379K->7379K(21248K)], 0.8800990 secs] [Times: user=0.87 sys=0.01, real=0.88 secs] 
556.122: [GC556.122: [DefNew: 132032K->16447K(148480K), 0.2124591 secs] 315698K->273904K(467896K), 0.2128687 secs] [Times: user=0.22 sys=0.00, real=0.21 secs] 
556.471: [GC556.472: [DefNew: 148479K->16447K(148480K), 0.3305366 secs]556.802: [Tenured: 376560K->166089K(376632K), 0.6123272 secs] 405936K->166089K(525112K), [Perm : 7379K->7379K(21248K)], 0.9471611 secs] [Times: user=0.95 sys=0.00, real=0.95 secs] 
557.566: [GC557.567: [DefNew: 132032K->16447K(148480K), 0.2043949 secs] 298121K->253092K(467896K), 0.2048241 secs] [Times: user=0.20 sys=0.00, real=0.20 secs] 
557.925: [GC557.926: [DefNew: 148479K->16448K(148480K), 0.3158229 secs]558.241: [Tenured: 351233K->161922K(351288K), 0.6249181 secs] 385124K->161922K(499768K), [Perm : 7379K->7379K(21248K)], 0.9435819 secs] [Times: user=0.90 sys=0.00, real=0.94 secs] 
559.013: [GC559.013: [DefNew: 132032K->16448K(148480K), 0.2403624 secs] 293954K->263725K(467896K), 0.2407540 secs] [Times: user=0.25 sys=0.00, real=0.24 secs] 
559.396: [GC559.396: [DefNew: 148480K->16447K(148480K), 0.3495443 secs]559.746: [Tenured: 373731K->180605K(373752K), 0.6004135 secs] 395757K->180605K(522232K), [Perm : 7379K->7379K(21248K)], 0.9543725 secs] [Times: user=0.94 sys=0.01, real=0.95 secs] 
560.491: [GC560.492: [DefNew: 132031K->16447K(148480K), 0.1948240 secs] 312637K->264060K(467896K), 0.1952111 secs] [Times: user=0.20 sys=0.00, real=0.20 secs] 
560.833: [GC560.833: [DefNew: 148479K->16447K(148480K), 0.2606084 secs]561.094: [Tenured: 342448K->178343K(342456K), 0.5928615 secs] 396092K->178343K(490936K), [Perm : 7379K->7379K(21248K)], 0.8554295 secs] [Times: user=0.86 sys=0.00, real=0.86 secs] 
561.831: [GC561.831: [DefNew: 132032K->16447K(148480K), 0.2054591 secs] 310375K->265937K(467896K), 0.2059883 secs] [Times: user=0.20 sys=0.00, real=0.21 secs] 
562.177: [GC562.177: [DefNew: 148479K->16447K(148480K), 0.3436687 secs]562.520: [Tenured: 373195K->164467K(373368K), 0.6035004 secs] 397969K->164467K(521848K), [Perm : 7379K->7379K(21248K)], 0.9516480 secs] [Times: user=0.95 sys=0.00, real=0.95 secs] 
563.247: [GC563.247: [DefNew: 132032K->16447K(148480K), 0.1811046 secs] 296499K->242312K(467896K), 0.1815090 secs] [Times: user=0.17 sys=0.00, real=0.18 secs] 
563.587: [GC563.587: [DefNew: 148479K->16447K(148480K), 0.2870688 secs]563.875: [Tenured: 332018K->169289K(332088K), 0.6158577 secs] 374344K->169289K(480568K), [Perm : 7379K->7379K(21248K)], 0.9041468 secs] [Times: user=0.89 sys=0.00, real=0.90 secs] 
564.637: [GC564.637: [DefNew: 132032K->16447K(148480K), 0.2476321 secs] 301321K->272961K(467896K), 0.2480741 secs] [Times: user=0.20 sys=0.00, real=0.25 secs] 
565.031: [GC565.031: [DefNew: 148479K->16447K(148480K), 0.3187777 secs]565.350: [Tenured: 371101K->182296K(371256K), 0.6069991 secs] 404993K->182296K(519736K), [Perm : 7379K->7379K(21248K)], 0.9299006 secs] [Times: user=0.87 sys=0.05, real=0.93 secs] 
566.100: [GC566.100: [DefNew: 132032K->16447K(148480K), 0.2071179 secs] 314328K->270649K(467896K), 0.2075213 secs] [Times: user=0.20 sys=0.00, real=0.21 secs] 
566.448: [GC566.449: [DefNew: 148479K->16447K(148480K), 0.3506951 secs]566.799: [Tenured: 380139K->169650K(380280K), 0.6114193 secs] 402681K->169650K(528760K), [Perm : 7379K->7379K(21248K)], 0.9666227 secs] [Times: user=0.94 sys=0.03, real=0.97 secs] 
567.562: [GC567.562: [DefNew: 132032K->16448K(148480K), 0.1941900 secs] 301682K->252932K(467896K), 0.1945803 secs] [Times: user=0.20 sys=0.00, real=0.19 secs] 
567.907: [GC567.907: [DefNew: 148480K->16448K(148480K), 0.2799212 secs]568.187: [Tenured: 338854K->177648K(339000K), 0.5861504 secs] 384964K->177648K(487480K), [Perm : 7379K->7379K(21248K)], 0.8677615 secs] [Times: user=0.87 sys=0.00, real=0.87 secs] 
568.918: [GC568.918: [DefNew: 132032K->16447K(148480K), 0.2234082 secs] 309680K->272745K(467896K), 0.2238062 secs] [Times: user=0.23 sys=0.00, real=0.22 secs] 
569.281: [GC569.281: [DefNew: 148479K->16447K(148480K), 0.3396841 secs]569.621: [Tenured: 378326K->162552K(378360K), 0.5937245 secs] 404777K->162552K(526840K), [Perm : 7379K->7379K(21248K)], 0.9378580 secs] [Times: user=0.94 sys=0.02, real=0.94 secs] 
570.362: [GC570.362: [DefNew: 132032K->16447K(148480K), 0.2191009 secs] 294584K->255433K(467896K), 0.2195098 secs] [Times: user=0.22 sys=0.00, real=0.22 secs] 
570.721: [GC570.722: [DefNew: 148479K->16447K(148480K), 0.3331001 secs]571.055: [Tenured: 357267K->185929K(357432K), 0.6055453 secs] 387465K->185929K(505912K), [Perm : 7379K->7379K(21248K)], 0.9415735 secs] [Times: user=0.94 sys=0.00, real=0.94 secs] 
571.793: [GC571.793: [DefNew: 132032K->16448K(148480K), 0.2509092 secs] 317961K->276294K(467896K), 0.2513249 secs] [Times: user=0.25 sys=0.00, real=0.25 secs] 
572.182: [GC572.183: [DefNew: 148480K->16447K(148480K), 0.3334022 secs]572.516: [Tenured: 379981K->183229K(380088K), 0.6048057 secs] 408326K->183229K(528568K), [Perm : 7379K->7379K(21248K)], 0.9428702 secs] [Times: user=0.92 sys=0.02, real=0.94 secs] 
573.274: [GC573.274: [DefNew: 132032K->16447K(148480K), 0.2147683 secs] 315261K->274252K(467896K), 0.2151609 secs] [Times: user=0.22 sys=0.00, real=0.21 secs] 
573.627: [GC573.627: [DefNew: 148479K->16447K(148480K), 0.3361966 secs]573.963: [Tenured: 379184K->166288K(379320K), 0.6052409 secs] 406284K->166288K(527800K), [Perm : 7379K->7379K(21248K)], 0.9459084 secs] [Times: user=0.90 sys=0.05, real=0.95 secs] 
574.755: [GC574.755: [DefNew: 132032K->16447K(148480K), 0.2395330 secs] 298320K->267293K(467896K), 0.2399265 secs] [Times: user=0.25 sys=0.00, real=0.24 secs] 
575.126: [GC575.126: [DefNew: 148479K->16447K(148480K), 0.3315545 secs]575.458: [Tenured: 369663K->167882K(369720K), 0.6097737 secs] 399325K->167882K(518200K), [Perm : 7379K->7379K(21248K)], 0.9451579 secs] [Times: user=0.95 sys=0.00, real=0.94 secs] 
576.213: [GC576.213: [DefNew: 132032K->16447K(148480K), 0.2111592 secs] 299914K->257301K(467896K), 0.2115457 secs] [Times: user=0.20 sys=0.00, real=0.21 secs] 
576.559: [GC576.559: [DefNew: 148479K->16447K(148480K), 0.3243168 secs]576.884: [Tenured: 359002K->173981K(359160K), 0.5881549 secs] 389333K->173981K(507640K), [Perm : 7379K->7379K(21248K)], 0.9156969 secs] [Times: user=0.90 sys=0.02, real=0.92 secs] 
577.628: [GC577.629: [DefNew: 132032K->16447K(148480K), 0.2356401 secs] 306013K->273886K(467896K), 0.2360994 secs] [Times: user=0.23 sys=0.00, real=0.24 secs] 
578.012: [GC578.012: [DefNew: 148479K->16447K(148480K), 0.2728147 secs]578.285: [Tenured: 355915K->182743K(356088K), 0.6007990 secs] 405918K->182743K(504568K), [Perm : 7382K->7382K(21248K)], 0.8766477 secs] [Times: user=0.86 sys=0.02, real=0.88 secs] 
579.039: [GC579.039: [DefNew: 132032K->16447K(148480K), 0.2538397 secs] 314775K->289659K(467896K), 0.2542274 secs] [Times: user=0.25 sys=0.00, real=0.26 secs] 
579.433: [GC579.433: [DefNew: 148478K->16447K(148480K), 0.3448644 secs]579.778: [Tenured: 395974K->160642K(396024K), 0.5836953 secs] 421689K->160642K(544504K), [Perm : 7382K->7382K(21248K)], 0.9343500 secs] [Times: user=0.91 sys=0.03, real=0.94 secs] 
580.509: [GC580.509: [DefNew: 132032K->16448K(148480K), 0.1843099 secs] 292674K->239658K(467896K), 0.1847345 secs] [Times: user=0.19 sys=0.00, real=0.19 secs] 
580.841: [GC580.841: [DefNew: 148480K->16447K(148480K), 0.3082016 secs]581.149: [Tenured: 337133K->166527K(337272K), 0.6009209 secs] 371690K->166527K(485752K), [Perm : 7382K->7382K(21248K)], 0.9108005 secs] [Times: user=0.90 sys=0.00, real=0.91 secs] 
581.906: [GC581.906: [DefNew: 132032K->16447K(148480K), 0.2534064 secs] 298559K->273234K(467896K), 0.2538025 secs] [Times: user=0.25 sys=0.00, real=0.25 secs] 
582.297: [GC582.297: [DefNew: 148479K->16447K(148480K), 0.3337290 secs]582.631: [Tenured: 375968K->183804K(376056K), 0.6085049 secs] 405266K->183804K(524536K), [Perm : 7382K->7382K(21248K)], 0.9463782 secs] [Times: user=0.94 sys=0.01, real=0.95 secs] 
583.383: [GC583.383: [DefNew: 132032K->16448K(148480K), 0.2248973 secs] 315836K->279054K(467896K), 0.2253139 secs] [Times: user=0.22 sys=0.00, real=0.23 secs] 
583.769: [GC583.769: [DefNew: 148480K->16447K(148480K), 0.3307235 secs]584.100: [Tenured: 381618K->169896K(381624K), 0.6033474 secs] 411086K->169896K(530104K), [Perm : 7382K->7382K(21248K)], 0.9391633 secs] [Times: user=0.94 sys=0.00, real=0.94 secs] 
584.837: [GC584.837: [DefNew: 132032K->16447K(148480K), 0.2065069 secs] 301928K->257503K(467896K), 0.2069100 secs] [Times: user=0.20 sys=0.00, real=0.21 secs] 
585.183: [GC585.184: [DefNew: 148479K->16447K(148480K), 0.3290875 secs]585.513: [Tenured: 362169K->172291K(362232K), 0.5764827 secs] 389535K->172291K(510712K), [Perm : 7382K->7382K(21248K)], 0.9093993 secs] [Times: user=0.90 sys=0.00, real=0.91 secs] 
586.235: [GC586.235: [DefNew: 132032K->16447K(148480K), 0.2035104 secs] 304323K->259310K(467896K), 0.2038966 secs] [Times: user=0.20 sys=0.00, real=0.20 secs] 
586.573: [GC586.573: [DefNew: 148479K->16448K(148480K), 0.3083088 secs]586.882: [Tenured: 355440K->164476K(355512K), 0.5910969 secs] 391342K->164476K(503992K), [Perm : 7382K->7382K(21248K)], 0.9024701 secs] [Times: user=0.91 sys=0.00, real=0.90 secs] 
587.617: [GC587.617: [DefNew: 132032K->16447K(148480K), 0.2269688 secs] 296508K->261622K(467896K), 0.2273941 secs] [Times: user=0.22 sys=0.00, real=0.23 secs] 
587.998: [GC587.998: [DefNew: 148479K->16448K(148480K), 0.3100153 secs]588.308: [Tenured: 357772K->180112K(357816K), 0.5861562 secs] 393654K->180112K(506296K), [Perm : 7382K->7382K(21248K)], 0.8993883 secs] [Times: user=0.89 sys=0.00, real=0.90 secs] 
589.047: [GC589.048: [DefNew: 132032K->16447K(148480K), 0.2450814 secs] 312144K->282871K(467896K), 0.2454775 secs] [Times: user=0.23 sys=0.00, real=0.25 secs] 
589.431: [GC589.431: [DefNew: 148479K->16448K(148480K), 0.3355260 secs]589.766: [Tenured: 386613K->168261K(386616K), 0.6129757 secs] 414903K->168261K(535096K), [Perm : 7382K->7382K(21248K)], 0.9538651 secs] [Times: user=0.94 sys=0.02, real=0.95 secs] 
590.517: [GC590.517: [DefNew: 132032K->16448K(148480K), 0.1459771 secs] 300293K->231440K(467896K), 0.1464213 secs] [Times: user=0.14 sys=0.00, real=0.15 secs] 
590.815: [GC590.815: [DefNew: 148480K->16448K(148480K), 0.3037949 secs]591.119: [Tenured: 328178K->180854K(328248K), 0.5899240 secs] 363472K->180854K(476728K), [Perm : 7382K->7382K(21248K)], 0.8947985 secs] [Times: user=0.89 sys=0.00, real=0.90 secs] 
591.860: [GC591.860: [DefNew: 132032K->16447K(148480K), 0.2611527 secs] 312886K->290455K(467896K), 0.2615405 secs] [Times: user=0.26 sys=0.00, real=0.26 secs] 
592.260: [GC592.260: [DefNew: 148479K->16448K(148480K), 0.3466591 secs]592.607: [Tenured: 397776K->170729K(397944K), 0.6221246 secs] 422487K->170729K(546424K), [Perm : 7382K->7382K(21248K)], 0.9751917 secs] [Times: user=0.97 sys=0.00, real=0.98 secs] 
593.380: [GC593.380: [DefNew: 132032K->16447K(148480K), 0.1970425 secs] 302761K->254997K(467896K), 0.1974899 secs] [Times: user=0.20 sys=0.00, real=0.20 secs] 
593.709: [GC593.709: [DefNew: 148479K->16447K(148480K), 0.3269038 secs]594.036: [Tenured: 351059K->183235K(351096K), 0.6251159 secs] 387029K->183235K(499576K), [Perm : 7382K->7382K(21248K)], 0.9548494 secs] [Times: user=0.90 sys=0.03, real=0.96 secs] 
594.810: [GC594.811: [DefNew: 132032K->16447K(148480K), 0.2519798 secs] 315267K->282052K(467896K), 0.2523566 secs] [Times: user=0.25 sys=0.00, real=0.25 secs] 
595.202: [GC595.202: [DefNew: 148479K->16447K(148480K), 0.3656454 secs]595.568: [Tenured: 388354K->169091K(388536K), 0.6037781 secs] 414084K->169091K(537016K), [Perm : 7382K->7382K(21248K)], 0.9746971 secs] [Times: user=0.90 sys=0.02, real=0.97 secs] 
596.302: [GC596.303: [DefNew: 132032K->16447K(148480K), 0.0779746 secs] 301123K->204872K(467896K), 0.0784676 secs] [Times: user=0.08 sys=0.00, real=0.08 secs] 
596.513: [GC596.513: [DefNew: 148479K->16448K(148480K), 0.3334118 secs] 336904K->317667K(467896K), 0.3338201 secs] [Times: user=0.34 sys=0.00, real=0.33 secs] 
596.993: [GC596.993: [DefNew: 148480K->16447K(148480K), 0.2994662 secs]597.293: [Tenured: 405201K->178765K(405240K), 0.6292054 secs] 449699K->178765K(553720K), [Perm : 7383K->7383K(21248K)], 0.9348288 secs] [Times: user=0.91 sys=0.03, real=0.93 secs] 
598.066: [GC598.066: [DefNew: 132032K->16448K(148480K), 0.2201657 secs] 310797K->266699K(467896K), 0.2206051 secs] [Times: user=0.22 sys=0.00, real=0.22 secs] 
598.427: [GC598.427: [DefNew: 148480K->16447K(148480K), 0.2874844 secs]598.714: [Tenured: 353896K->163254K(353976K), 0.5972435 secs] 398731K->163254K(502456K), [Perm : 7383K->7383K(21248K)], 0.8875608 secs] [Times: user=0.86 sys=0.03, real=0.89 secs] 
599.455: [GC599.455: [DefNew: 132032K->16447K(148480K), 0.1701767 secs] 295286K->236593K(467896K), 0.1706001 secs] [Times: user=0.17 sys=0.00, real=0.17 secs] 
599.775: [GC599.775: [DefNew: 148479K->16448K(148480K), 0.3202059 secs]600.095: [Tenured: 339105K->182177K(339192K), 0.6324518 secs] 368625K->182177K(487672K), [Perm : 7383K->7383K(21248K)], 0.9546528 secs] [Times: user=0.92 sys=0.01, real=0.95 secs] 
Heap
 def new generation   total 148480K, used 20018K [0x000000077ae00000, 0x0000000784f10000, 0x00000007a58a0000)
  eden space 132032K,  15% used [0x000000077ae00000, 0x000000077c18d158, 0x0000000782ef0000)
  from space 16448K,   0% used [0x0000000782ef0000, 0x0000000782ef0000, 0x0000000783f00000)
  to   space 16448K,   0% used [0x0000000783f00000, 0x0000000783f00000, 0x0000000784f10000)
 tenured generation   total 319416K, used 182177K [0x00000007a58a0000, 0x00000007b908e000, 0x00000007fae00000)
   the space 319416K,  57% used [0x00000007a58a0000, 0x00000007b0a887f0, 0x00000007b0a88800, 0x00000007b908e000)
 compacting perm gen  total 21248K, used 7393K [0x00000007fae00000, 0x00000007fc2c0000, 0x0000000800000000)
   the space 21248K,  34% used [0x00000007fae00000, 0x00000007fb538790, 0x00000007fb538800, 0x00000007fc2c0000)
No shared spaces configured.
