0.087: [GC0.087: [ParNew: 69568K->701K(78208K), 0.0012797 secs] 69568K->701K(251968K), 0.0014513 secs] [Times: user=0.02 sys=0.00, real=0.00 secs] 
0.127: [GC0.127: [ParNew: 70269K->4391K(78208K), 0.0033316 secs] 70269K->4391K(251968K), 0.0036049 secs] [Times: user=0.00 sys=0.00, real=0.00 secs] 
0.197: [GC0.197: [ParNew: 73959K->8640K(78208K), 0.0956543 secs] 73959K->27123K(251968K), 0.0960315 secs] [Times: user=0.34 sys=0.01, real=0.10 secs] 
0.342: [GC0.342: [ParNew: 78208K->8640K(78208K), 0.0556667 secs] 96691K->67865K(251968K), 0.0561500 secs] [Times: user=0.19 sys=0.00, real=0.06 secs] 
0.452: [GC0.453: [ParNew: 78208K->8640K(78208K), 0.0740724 secs] 137433K->115564K(251968K), 0.0745808 secs] [Times: user=0.16 sys=0.00, real=0.08 secs] 
0.527: [GC [1 CMS-initial-mark: 106924K(173760K)] 115603K(251968K), 0.0065055 secs] [Times: user=0.00 sys=0.00, real=0.01 secs] 
0.534: [CMS-concurrent-mark-start]
0.586: [GC0.587: [ParNew: 78208K->78208K(78208K), 0.0000228 secs]0.587: [CMS0.657: [CMS-concurrent-mark: 0.119/0.123 secs] [Times: user=0.19 sys=0.00, real=0.12 secs] 
 (concurrent mode failure): 106924K->117608K(173760K), 0.3815983 secs] 185132K->117608K(251968K), [CMS Perm : 2604K->2603K(21248K)], 0.3820961 secs] [Times: user=0.39 sys=0.00, real=0.38 secs] 
1.032: [GC1.032: [ParNew: 69952K->8704K(78656K), 0.0606699 secs] 187560K->168679K(253440K), 0.0610884 secs] [Times: user=0.19 sys=0.00, real=0.06 secs] 
1.093: [GC [1 CMS-initial-mark: 159975K(174784K)] 168681K(253440K), 0.0064920 secs] [Times: user=0.00 sys=0.00, real=0.01 secs] 
1.100: [CMS-concurrent-mark-start]
1.159: [GC1.159: [ParNew: 78656K->78656K(78656K), 0.0000202 secs]1.159: [CMS1.264: [CMS-concurrent-mark: 0.162/0.164 secs] [Times: user=0.33 sys=0.00, real=0.16 secs] 
 (concurrent mode failure): 159975K->151714K(174784K), 0.5071585 secs] 238631K->151714K(253440K), [CMS Perm : 2603K->2603K(21248K)], 0.5075831 secs] [Times: user=0.52 sys=0.00, real=0.51 secs] 
1.743: [GC1.743: [ParNew: 69952K->69952K(78656K), 0.0000205 secs]1.743: [CMS: 151714K->172692K(174784K), 0.4498625 secs] 221666K->172692K(253440K), [CMS Perm : 2603K->2603K(21248K)], 0.4502480 secs] [Times: user=0.44 sys=0.00, real=0.45 secs] 
2.193: [GC [1 CMS-initial-mark: 172692K(174784K)] 172707K(253440K), 0.0013284 secs] [Times: user=0.00 sys=0.00, real=0.00 secs] 
2.195: [CMS-concurrent-mark-start]
2.260: [GC2.261: [ParNew: 69952K->69952K(78656K), 0.0000199 secs]2.261: [CMS2.401: [CMS-concurrent-mark: 0.204/0.207 secs] [Times: user=0.31 sys=0.03, real=0.21 secs] 
 (concurrent mode failure): 172692K->174783K(174784K), 0.6108083 secs] 242644K->179087K(253440K), [CMS Perm : 2603K->2603K(21248K)], 0.6112294 secs] [Times: user=0.61 sys=0.00, real=0.61 secs] 
2.992: [Full GC2.993: [CMS: 174783K->174783K(174784K), 0.4999634 secs] 253439K->182313K(253440K), [CMS Perm : 2603K->2603K(21248K)], 0.5003653 secs] [Times: user=0.48 sys=0.00, real=0.50 secs] 
3.493: [GC [1 CMS-initial-mark: 174783K(174784K)] 182323K(253440K), 0.0073134 secs] [Times: user=0.00 sys=0.00, real=0.01 secs] 
3.501: [CMS-concurrent-mark-start]
3.605: [Full GC3.605: [CMS3.721: [CMS-concurrent-mark: 0.217/0.220 secs] [Times: user=0.42 sys=0.01, real=0.22 secs] 
 (concurrent mode failure): 174783K->174784K(174784K), 0.5928689 secs] 253439K->176612K(253440K), [CMS Perm : 2603K->2603K(21248K)], 0.5932874 secs] [Times: user=0.59 sys=0.00, real=0.59 secs] 
4.320: [Full GC4.321: [CMS: 174784K->156250K(174784K), 0.5009176 secs] 253440K->156250K(253440K), [CMS Perm : 2603K->2603K(21248K)], 0.5012672 secs] [Times: user=0.50 sys=0.00, real=0.50 secs] 
4.822: [GC [1 CMS-initial-mark: 156250K(174784K)] 156262K(253440K), 0.0014814 secs] [Times: user=0.00 sys=0.00, real=0.00 secs] 
4.824: [CMS-concurrent-mark-start]
4.889: [GC4.889: [ParNew: 69952K->69952K(78656K), 0.0000231 secs]4.889: [CMS5.030: [CMS-concurrent-mark: 0.204/0.206 secs] [Times: user=0.36 sys=0.01, real=0.21 secs] 
 (concurrent mode failure): 156250K->155486K(174784K), 0.6077936 secs] 226202K->155486K(253440K), [CMS Perm : 2603K->2603K(21248K)], 0.6082740 secs] [Times: user=0.61 sys=0.00, real=0.61 secs] 
5.573: [GC5.573: [ParNew: 69952K->69952K(78656K), 0.0000301 secs] 225438K->225438K(253440K), 0.0004782 secs] [Times: user=0.00 sys=0.00, real=0.00 secs] 
5.573: [Full GC5.574: [CMS: 155486K->158860K(174784K), 0.4635704 secs] 225438K->158860K(253440K), [CMS Perm : 2603K->2603K(21248K)], 0.4637984 secs] [Times: user=0.47 sys=0.00, real=0.46 secs] 
6.038: [GC [1 CMS-initial-mark: 158860K(174784K)] 158862K(253440K), 0.0019615 secs] [Times: user=0.00 sys=0.00, real=0.00 secs] 
6.040: [CMS-concurrent-mark-start]
6.097: [GC6.098: [ParNew: 69952K->69952K(78656K), 0.0000196 secs]6.098: [CMS6.258: [CMS-concurrent-mark: 0.215/0.217 secs] [Times: user=0.33 sys=0.00, real=0.22 secs] 
 (concurrent mode failure): 158860K->158256K(174784K), 0.6124523 secs] 228812K->158256K(253440K), [CMS Perm : 2603K->2603K(21248K)], 0.6127743 secs] [Times: user=0.61 sys=0.00, real=0.61 secs] 
6.788: [GC6.788: [ParNew: 69952K->69952K(78656K), 0.0000199 secs]6.788: [CMS: 158256K->164819K(174784K), 0.4547086 secs] 228208K->164819K(253440K), [CMS Perm : 2603K->2603K(21248K)], 0.4551108 secs] [Times: user=0.45 sys=0.00, real=0.45 secs] 
7.243: [GC [1 CMS-initial-mark: 164819K(174784K)] 164823K(253440K), 0.0015613 secs] [Times: user=0.00 sys=0.00, real=0.00 secs] 
7.245: [CMS-concurrent-mark-start]
7.309: [GC7.309: [ParNew: 69952K->69952K(78656K), 0.0000215 secs]7.309: [CMS7.465: [CMS-concurrent-mark: 0.217/0.220 secs] [Times: user=0.33 sys=0.02, real=0.22 secs] 
 (concurrent mode failure): 164819K->169493K(174784K), 0.6190438 secs] 234771K->169493K(253440K), [CMS Perm : 2603K->2603K(21248K)], 0.6194899 secs] [Times: user=0.62 sys=0.00, real=0.62 secs] 
8.001: [GC8.002: [ParNew: 69952K->69952K(78656K), 0.0000218 secs]8.002: [CMS: 169493K->171165K(174784K), 0.4708758 secs] 239445K->171165K(253440K), [CMS Perm : 2603K->2603K(21248K)], 0.4713203 secs] [Times: user=0.47 sys=0.00, real=0.47 secs] 
8.473: [GC [1 CMS-initial-mark: 171165K(174784K)] 171167K(253440K), 0.0021142 secs] [Times: user=0.00 sys=0.00, real=0.00 secs] 
8.476: [CMS-concurrent-mark-start]
8.541: [GC8.541: [ParNew: 69952K->69952K(78656K), 0.0000273 secs]8.541: [CMS8.703: [CMS-concurrent-mark: 0.225/0.228 secs] [Times: user=0.36 sys=0.00, real=0.23 secs] 
 (concurrent mode failure): 171165K->167402K(174784K), 0.6244440 secs] 241117K->167402K(253440K), [CMS Perm : 2603K->2603K(21248K)], 0.6248908 secs] [Times: user=0.62 sys=0.00, real=0.63 secs] 
9.242: [GC9.242: [ParNew: 69952K->69952K(78656K), 0.0000196 secs]9.242: [CMS: 167402K->161952K(174784K), 0.4458603 secs] 237354K->161952K(253440K), [CMS Perm : 2603K->2603K(21248K)], 0.4462538 secs] [Times: user=0.45 sys=0.00, real=0.45 secs] 
9.688: [GC [1 CMS-initial-mark: 161952K(174784K)] 161958K(253440K), 0.0013903 secs] [Times: user=0.00 sys=0.00, real=0.00 secs] 
9.690: [CMS-concurrent-mark-start]
9.756: [GC9.756: [ParNew: 69952K->69952K(78656K), 0.0000208 secs]9.757: [CMS9.905: [CMS-concurrent-mark: 0.213/0.215 secs] [Times: user=0.33 sys=0.03, real=0.22 secs] 
 (concurrent mode failure): 161952K->159827K(174784K), 0.5878621 secs] 231904K->159827K(253440K), [CMS Perm : 2603K->2603K(21248K)], 0.5884048 secs] [Times: user=0.59 sys=0.00, real=0.59 secs] 
10.420: [GC10.421: [ParNew: 69952K->69952K(78656K), 0.0000231 secs]10.421: [CMS: 159827K->165207K(174784K), 0.4515171 secs] 229779K->165207K(253440K), [CMS Perm : 2603K->2603K(21248K)], 0.4519450 secs] [Times: user=0.45 sys=0.00, real=0.45 secs] 
10.873: [GC [1 CMS-initial-mark: 165207K(174784K)] 165224K(253440K), 0.0017745 secs] [Times: user=0.00 sys=0.00, real=0.00 secs] 
10.875: [CMS-concurrent-mark-start]
10.941: [GC10.941: [ParNew: 69952K->69952K(78656K), 0.0000196 secs]10.941: [CMS11.095: [CMS-concurrent-mark: 0.218/0.221 secs] [Times: user=0.33 sys=0.05, real=0.22 secs] 
 (concurrent mode failure): 165207K->163413K(174784K), 0.6025831 secs] 235159K->163413K(253440K), [CMS Perm : 2603K->2603K(21248K)], 0.6030007 secs] [Times: user=0.61 sys=0.00, real=0.60 secs] 
11.620: [GC11.620: [ParNew: 69952K->69952K(78656K), 0.0000196 secs]11.620: [CMS: 163413K->169519K(174784K), 0.4581432 secs] 233365K->169519K(253440K), [CMS Perm : 2603K->2603K(21248K)], 0.4586211 secs] [Times: user=0.45 sys=0.00, real=0.46 secs] 
12.079: [GC [1 CMS-initial-mark: 169519K(174784K)] 169521K(253440K), 0.0017659 secs] [Times: user=0.00 sys=0.00, real=0.00 secs] 
12.081: [CMS-concurrent-mark-start]
12.143: [GC12.143: [ParNew: 69952K->69952K(78656K), 0.0000192 secs] 239471K->239471K(253440K), 0.0003255 secs] [Times: user=0.00 sys=0.00, real=0.00 secs] 
12.143: [Full GC12.143: [CMS12.308: [CMS-concurrent-mark: 0.225/0.228 secs] [Times: user=0.34 sys=0.00, real=0.23 secs] 
 (concurrent mode failure): 169519K->163177K(174784K), 0.6115524 secs] 239471K->163177K(253440K), [CMS Perm : 2603K->2603K(21248K)], 0.6117352 secs] [Times: user=0.62 sys=0.00, real=0.61 secs] 
12.822: [GC12.822: [ParNew: 69952K->69952K(78656K), 0.0000212 secs]12.822: [CMS: 163177K->161968K(174784K), 0.4454546 secs] 233129K->161968K(253440K), [CMS Perm : 2603K->2603K(21248K)], 0.4458635 secs] [Times: user=0.42 sys=0.00, real=0.45 secs] 
13.268: [GC [1 CMS-initial-mark: 161968K(174784K)] 161978K(253440K), 0.0017617 secs] [Times: user=0.00 sys=0.00, real=0.00 secs] 
13.270: [CMS-concurrent-mark-start]
13.327: [GC13.327: [ParNew: 69952K->69952K(78656K), 0.0000189 secs]13.327: [CMS13.486: [CMS-concurrent-mark: 0.213/0.216 secs] [Times: user=0.34 sys=0.00, real=0.22 secs] 
 (concurrent mode failure): 161968K->162737K(174784K), 0.6026200 secs] 231920K->162737K(253440K), [CMS Perm : 2603K->2603K(21248K)], 0.6029395 secs] [Times: user=0.61 sys=0.00, real=0.60 secs] 
14.005: [GC14.005: [ParNew: 69952K->69952K(78656K), 0.0000218 secs]14.005: [CMS: 162737K->163306K(174784K), 0.4455117 secs] 232689K->163306K(253440K), [CMS Perm : 2603K->2603K(21248K)], 0.4459090 secs] [Times: user=0.44 sys=0.00, real=0.45 secs] 
14.451: [GC [1 CMS-initial-mark: 163306K(174784K)] 163316K(253440K), 0.0015385 secs] [Times: user=0.00 sys=0.00, real=0.00 secs] 
14.453: [CMS-concurrent-mark-start]
14.515: [GC14.515: [ParNew: 69952K->69952K(78656K), 0.0000202 secs]14.515: [CMS14.670: [CMS-concurrent-mark: 0.215/0.217 secs] [Times: user=0.34 sys=0.00, real=0.22 secs] 
 (concurrent mode failure): 163306K->162911K(174784K), 0.5982980 secs] 233258K->162911K(253440K), [CMS Perm : 2603K->2603K(21248K)], 0.5987005 secs] [Times: user=0.61 sys=0.00, real=0.60 secs] 
15.186: [GC15.186: [ParNew: 69952K->69952K(78656K), 0.0000212 secs] 232863K->232863K(253440K), 0.0002912 secs] [Times: user=0.00 sys=0.00, real=0.00 secs] 
15.187: [Full GC15.187: [CMS: 162911K->161589K(174784K), 0.4404648 secs] 232863K->161589K(253440K), [CMS Perm : 2603K->2603K(21248K)], 0.4406720 secs] [Times: user=0.45 sys=0.00, real=0.44 secs] 
15.628: [GC [1 CMS-initial-mark: 161589K(174784K)] 161591K(253440K), 0.0014137 secs] [Times: user=0.00 sys=0.00, real=0.00 secs] 
15.629: [CMS-concurrent-mark-start]
15.694: [GC15.694: [ParNew: 69952K->69952K(78656K), 0.0000189 secs] 231541K->231541K(253440K), 0.0002867 secs] [Times: user=0.00 sys=0.00, real=0.00 secs] 
15.694: [Full GC15.694: [CMS15.846: [CMS-concurrent-mark: 0.213/0.217 secs] [Times: user=0.34 sys=0.00, real=0.22 secs] 
 (concurrent mode failure): 161589K->161634K(174784K), 0.5936238 secs] 231541K->161634K(253440K), [CMS Perm : 2603K->2603K(21248K)], 0.5938159 secs] [Times: user=0.55 sys=0.00, real=0.59 secs] 
16.362: [GC16.363: [ParNew: 69952K->69952K(78656K), 0.0000192 secs]16.363: [CMS: 161634K->166959K(174784K), 0.4569937 secs] 231586K->166959K(253440K), [CMS Perm : 2603K->2603K(21248K)], 0.4573930 secs] [Times: user=0.45 sys=0.00, real=0.46 secs] 
16.820: [GC [1 CMS-initial-mark: 166959K(174784K)] 166967K(253440K), 0.0014965 secs] [Times: user=0.00 sys=0.00, real=0.00 secs] 
16.822: [CMS-concurrent-mark-start]
16.886: [GC16.886: [ParNew: 69952K->69952K(78656K), 0.0000241 secs]16.886: [CMS17.045: [CMS-concurrent-mark: 0.221/0.223 secs] [Times: user=0.34 sys=0.02, real=0.22 secs] 
 (concurrent mode failure): 166959K->170701K(174784K), 0.6251891 secs] 236911K->170701K(253440K), [CMS Perm : 2603K->2603K(21248K)], 0.6256419 secs] [Times: user=0.61 sys=0.00, real=0.63 secs] 
17.587: [GC17.587: [ParNew: 69952K->69952K(78656K), 0.0000221 secs] 240653K->240653K(253440K), 0.0003130 secs] [Times: user=0.00 sys=0.00, real=0.00 secs] 
17.587: [Full GC17.587: [CMS: 170701K->167214K(174784K), 0.4603485 secs] 240653K->167214K(253440K), [CMS Perm : 2603K->2603K(21248K)], 0.4605300 secs] [Times: user=0.47 sys=0.00, real=0.46 secs] 
18.048: [GC [1 CMS-initial-mark: 167214K(174784K)] 167220K(253440K), 0.0014410 secs] [Times: user=0.00 sys=0.00, real=0.00 secs] 
18.050: [CMS-concurrent-mark-start]
18.117: [GC18.118: [ParNew: 69952K->69952K(78656K), 0.0000212 secs]18.118: [CMS18.271: [CMS-concurrent-mark: 0.219/0.221 secs] [Times: user=0.36 sys=0.02, real=0.22 secs] 
 (concurrent mode failure): 167214K->163151K(174784K), 0.6038153 secs] 237166K->163151K(253440K), [CMS Perm : 2603K->2603K(21248K)], 0.6042602 secs] [Times: user=0.61 sys=0.00, real=0.60 secs] 
18.798: [GC18.798: [ParNew: 69952K->69952K(78656K), 0.0000196 secs]18.798: [CMS: 163151K->160745K(174784K), 0.4426268 secs] 233103K->160745K(253440K), [CMS Perm : 2603K->2603K(21248K)], 0.4430052 secs] [Times: user=0.44 sys=0.00, real=0.44 secs] 
19.242: [GC [1 CMS-initial-mark: 160745K(174784K)] 160751K(253440K), 0.0013756 secs] [Times: user=0.00 sys=0.00, real=0.00 secs] 
19.243: [CMS-concurrent-mark-start]
19.310: [GC19.311: [ParNew: 69952K->69952K(78656K), 0.0000199 secs]19.311: [CMS19.459: [CMS-concurrent-mark: 0.213/0.215 secs] [Times: user=0.41 sys=0.02, real=0.22 secs] 
 (concurrent mode failure): 160745K->159666K(174784K), 0.5867954 secs] 230697K->159666K(253440K), [CMS Perm : 2603K->2603K(21248K)], 0.5871761 secs] [Times: user=0.56 sys=0.00, real=0.59 secs] 
19.973: [GC19.973: [ParNew: 69952K->69952K(78656K), 0.0000205 secs]19.973: [CMS: 159666K->166745K(174784K), 0.4538385 secs] 229618K->166745K(253440K), [CMS Perm : 2603K->2603K(21248K)], 0.4542407 secs] [Times: user=0.45 sys=0.00, real=0.45 secs] 
20.428: [GC [1 CMS-initial-mark: 166745K(174784K)] 166749K(253440K), 0.0014939 secs] [Times: user=0.00 sys=0.00, real=0.00 secs] 
20.429: [CMS-concurrent-mark-start]
20.497: [GC20.497: [ParNew: 69952K->69952K(78656K), 0.0000189 secs]20.497: [CMS20.651: [CMS-concurrent-mark: 0.219/0.221 secs] [Times: user=0.38 sys=0.03, real=0.22 secs] 
 (concurrent mode failure): 166745K->170229K(174784K), 0.6192407 secs] 236697K->170229K(253440K), [CMS Perm : 2603K->2603K(21248K)], 0.6196156 secs] [Times: user=0.62 sys=0.00, real=0.62 secs] 
21.187: [GC21.188: [ParNew: 69952K->69952K(78656K), 0.0000218 secs]21.188: [CMS: 170229K->169119K(174784K), 0.4665191 secs] 240181K->169119K(253440K), [CMS Perm : 2603K->2603K(21248K)], 0.4670162 secs] [Times: user=0.45 sys=0.00, real=0.47 secs] 
21.655: [GC [1 CMS-initial-mark: 169119K(174784K)] 169125K(253440K), 0.0016366 secs] [Times: user=0.00 sys=0.00, real=0.00 secs] 
21.657: [CMS-concurrent-mark-start]
21.722: [GC21.723: [ParNew: 69952K->69952K(78656K), 0.0000263 secs]21.723: [CMS21.882: [CMS-concurrent-mark: 0.222/0.225 secs] [Times: user=0.39 sys=0.00, real=0.23 secs] 
 (concurrent mode failure): 169119K->169645K(174784K), 0.6221438 secs] 239071K->169645K(253440K), [CMS Perm : 2603K->2603K(21248K)], 0.6227003 secs] [Times: user=0.62 sys=0.00, real=0.62 secs] 
22.419: [GC22.419: [ParNew: 69952K->69952K(78656K), 0.0000298 secs]22.419: [CMS: 169645K->165238K(174784K), 0.4526817 secs] 239597K->165238K(253440K), [CMS Perm : 2603K->2603K(21248K)], 0.4531839 secs] [Times: user=0.45 sys=0.00, real=0.45 secs] 
22.872: [GC [1 CMS-initial-mark: 165238K(174784K)] 165240K(253440K), 0.0013862 secs] [Times: user=0.00 sys=0.00, real=0.00 secs] 
22.874: [CMS-concurrent-mark-start]
22.937: [GC22.937: [ParNew: 69952K->69952K(78656K), 0.0000192 secs]22.937: [CMS23.093: [CMS-concurrent-mark: 0.217/0.219 secs] [Times: user=0.38 sys=0.00, real=0.22 secs] 
 (concurrent mode failure): 165238K->158828K(174784K), 0.5927223 secs] 235190K->158828K(253440K), [CMS Perm : 2603K->2603K(21248K)], 0.5930979 secs] [Times: user=0.58 sys=0.00, real=0.59 secs] 
23.605: [GC23.606: [ParNew: 69952K->69952K(78656K), 0.0000205 secs]23.606: [CMS: 158828K->164586K(174784K), 0.4478802 secs] 228780K->164586K(253440K), [CMS Perm : 2603K->2603K(21248K)], 0.4482811 secs] [Times: user=0.45 sys=0.00, real=0.45 secs] 
24.054: [GC [1 CMS-initial-mark: 164586K(174784K)] 164588K(253440K), 0.0015834 secs] [Times: user=0.00 sys=0.00, real=0.00 secs] 
24.056: [CMS-concurrent-mark-start]
24.115: [GC24.115: [ParNew: 69952K->69952K(78656K), 0.0000186 secs]24.115: [CMS24.276: [CMS-concurrent-mark: 0.217/0.220 secs] [Times: user=0.34 sys=0.00, real=0.22 secs] 
 (concurrent mode failure): 164586K->165993K(174784K), 0.6126771 secs] 234538K->165993K(253440K), [CMS Perm : 2603K->2603K(21248K)], 0.6130245 secs] [Times: user=0.61 sys=0.00, real=0.61 secs] 
24.804: [GC24.804: [ParNew: 69952K->69952K(78656K), 0.0000202 secs]24.804: [CMS: 165993K->167719K(174784K), 0.4553379 secs] 235945K->167719K(253440K), [CMS Perm : 2603K->2603K(21248K)], 0.4558161 secs] [Times: user=0.45 sys=0.00, real=0.46 secs] 
25.260: [GC [1 CMS-initial-mark: 167719K(174784K)] 167725K(253440K), 0.0017110 secs] [Times: user=0.00 sys=0.00, real=0.00 secs] 
25.262: [CMS-concurrent-mark-start]
25.328: [GC25.329: [ParNew: 69952K->69952K(78656K), 0.0000244 secs]25.329: [CMS25.486: [CMS-concurrent-mark: 0.222/0.224 secs] [Times: user=0.34 sys=0.03, real=0.22 secs] 
 (concurrent mode failure): 167719K->166575K(174784K), 0.6102929 secs] 237671K->166575K(253440K), [CMS Perm : 2603K->2603K(21248K)], 0.6107573 secs] [Times: user=0.61 sys=0.02, real=0.61 secs] 
26.014: [GC26.014: [ParNew: 69952K->69952K(78656K), 0.0000208 secs]26.014: [CMS: 166575K->164140K(174784K), 0.4521178 secs] 236527K->164140K(253440K), [CMS Perm : 2603K->2603K(21248K)], 0.4525434 secs] [Times: user=0.44 sys=0.02, real=0.45 secs] 
26.467: [GC [1 CMS-initial-mark: 164140K(174784K)] 164151K(253440K), 0.0018085 secs] [Times: user=0.02 sys=0.00, real=0.00 secs] 
26.469: [CMS-concurrent-mark-start]
26.533: [GC26.533: [ParNew: 69952K->69952K(78656K), 0.0000199 secs]26.533: [CMS26.687: [CMS-concurrent-mark: 0.216/0.219 secs] [Times: user=0.37 sys=0.00, real=0.22 secs] 
 (concurrent mode failure): 164140K->165005K(174784K), 0.6077894 secs] 234092K->165005K(253440K), [CMS Perm : 2603K->2603K(21248K)], 0.6081896 secs] [Times: user=0.61 sys=0.00, real=0.61 secs] 
27.215: [GC27.215: [ParNew: 69952K->69952K(78656K), 0.0000199 secs]27.215: [CMS: 165005K->165192K(174784K), 0.4530620 secs] 234957K->165192K(253440K), [CMS Perm : 2603K->2603K(21248K)], 0.4534588 secs] [Times: user=0.47 sys=0.00, real=0.45 secs] 
27.669: [GC [1 CMS-initial-mark: 165192K(174784K)] 165194K(253440K), 0.0019076 secs] [Times: user=0.00 sys=0.00, real=0.00 secs] 
27.671: [CMS-concurrent-mark-start]
27.735: [GC27.735: [ParNew: 69952K->69952K(78656K), 0.0000244 secs]27.735: [CMS27.916: [CMS-concurrent-mark: 0.242/0.245 secs] [Times: user=0.25 sys=0.00, real=0.25 secs] 
 (concurrent mode failure): 165192K->165786K(174784K), 0.6507908 secs] 235144K->165786K(253440K), [CMS Perm : 2603K->2603K(21248K)], 0.6512084 secs] [Times: user=0.62 sys=0.00, real=0.65 secs] 
28.461: [GC28.461: [ParNew: 69952K->69952K(78656K), 0.0000196 secs]28.461: [CMS: 165786K->159533K(174784K), 0.4595672 secs] 235738K->159533K(253440K), [CMS Perm : 2603K->2603K(21248K)], 0.4599726 secs] [Times: user=0.47 sys=0.00, real=0.46 secs] 
28.921: [GC [1 CMS-initial-mark: 159533K(174784K)] 159639K(253440K), 0.0017168 secs] [Times: user=0.00 sys=0.00, real=0.00 secs] 
28.923: [CMS-concurrent-mark-start]
28.988: [GC28.989: [ParNew: 69952K->69952K(78656K), 0.0000231 secs]28.989: [CMS29.138: [CMS-concurrent-mark: 0.213/0.215 secs] [Times: user=0.36 sys=0.01, real=0.21 secs] 
 (concurrent mode failure): 159533K->164189K(174784K), 0.6775578 secs] 229485K->164189K(253440K), [CMS Perm : 2603K->2603K(21248K)], 0.6780369 secs] [Times: user=0.62 sys=0.00, real=0.68 secs] 
29.731: [GC29.731: [ParNew: 69952K->69952K(78656K), 0.0000221 secs]29.731: [CMS: 164189K->164376K(174784K), 0.5146386 secs] 234141K->164376K(253440K), [CMS Perm : 2603K->2603K(21248K)], 0.5152024 secs] [Times: user=0.45 sys=0.00, real=0.51 secs] 
30.247: [GC [1 CMS-initial-mark: 164376K(174784K)] 164387K(253440K), 0.0018246 secs] [Times: user=0.00 sys=0.00, real=0.00 secs] 
30.249: [CMS-concurrent-mark-start]
30.313: [GC30.313: [ParNew: 69952K->69952K(78656K), 0.0000225 secs]30.313: [CMS30.490: [CMS-concurrent-mark: 0.239/0.242 secs] [Times: user=0.26 sys=0.02, real=0.24 secs] 
 (concurrent mode failure): 164376K->164571K(174784K), 0.6258026 secs] 234328K->164571K(253440K), [CMS Perm : 2603K->2603K(21248K)], 0.6261368 secs] [Times: user=0.62 sys=0.00, real=0.63 secs] 
31.013: [GC31.014: [ParNew: 69952K->69952K(78656K), 0.0000212 secs]31.014: [CMS: 164571K->164927K(174784K), 0.4493459 secs] 234523K->164927K(253440K), [CMS Perm : 2603K->2603K(21248K)], 0.4497439 secs] [Times: user=0.45 sys=0.00, real=0.45 secs] 
31.463: [GC [1 CMS-initial-mark: 164927K(174784K)] 164932K(253440K), 0.0014593 secs] [Times: user=0.00 sys=0.00, real=0.00 secs] 
31.465: [CMS-concurrent-mark-start]
31.524: [GC31.524: [ParNew: 69952K->69952K(78656K), 0.0000202 secs] 234879K->234879K(253440K), 0.0002906 secs] [Times: user=0.00 sys=0.00, real=0.00 secs] 
31.525: [Full GC31.525: [CMS31.685: [CMS-concurrent-mark: 0.217/0.220 secs] [Times: user=0.33 sys=0.00, real=0.22 secs] 
 (concurrent mode failure): 164927K->163139K(174784K), 0.6046415 secs] 234879K->163139K(253440K), [CMS Perm : 2603K->2603K(21248K)], 0.6048266 secs] [Times: user=0.56 sys=0.00, real=0.61 secs] 
32.205: [GC32.205: [ParNew: 69952K->69952K(78656K), 0.0000212 secs] 233091K->233091K(253440K), 0.0003063 secs] [Times: user=0.00 sys=0.00, real=0.00 secs] 
32.205: [Full GC32.205: [CMS: 163139K->163753K(174784K), 0.4487128 secs] 233091K->163753K(253440K), [CMS Perm : 2603K->2603K(21248K)], 0.4488949 secs] [Times: user=0.44 sys=0.00, real=0.45 secs] 
32.654: [GC [1 CMS-initial-mark: 163753K(174784K)] 163778K(253440K), 0.0014420 secs] [Times: user=0.00 sys=0.00, real=0.00 secs] 
32.656: [CMS-concurrent-mark-start]
32.723: [GC32.724: [ParNew: 69952K->69952K(78656K), 0.0000196 secs]32.724: [CMS32.874: [CMS-concurrent-mark: 0.216/0.218 secs] [Times: user=0.41 sys=0.02, real=0.22 secs] 
 (concurrent mode failure): 163753K->165099K(174784K), 0.5997983 secs] 233705K->165099K(253440K), [CMS Perm : 2603K->2603K(21248K)], 0.6002233 secs] [Times: user=0.59 sys=0.00, real=0.60 secs] 
33.400: [GC33.401: [ParNew: 69952K->69952K(78656K), 0.0000192 secs]33.401: [CMS: 165099K->164208K(174784K), 0.4494158 secs] 235051K->164208K(253440K), [CMS Perm : 2603K->2603K(21248K)], 0.4499106 secs] [Times: user=0.45 sys=0.00, real=0.45 secs] 
33.851: [GC [1 CMS-initial-mark: 164208K(174784K)] 164212K(253440K), 0.0017328 secs] [Times: user=0.00 sys=0.00, real=0.00 secs] 
33.852: [CMS-concurrent-mark-start]
33.919: [GC33.919: [ParNew: 69952K->69952K(78656K), 0.0000221 secs]33.919: [CMS34.073: [CMS-concurrent-mark: 0.218/0.220 secs] [Times: user=0.34 sys=0.00, real=0.22 secs] 
 (concurrent mode failure): 164208K->164390K(174784K), 0.6035075 secs] 234160K->164390K(253440K), [CMS Perm : 2603K->2603K(21248K)], 0.6039584 secs] [Times: user=0.61 sys=0.00, real=0.60 secs] 
34.596: [GC34.596: [ParNew: 69952K->69952K(78656K), 0.0000237 secs] 234342K->234342K(253440K), 0.0003300 secs] [Times: user=0.00 sys=0.00, real=0.00 secs] 
34.596: [Full GC34.596: [CMS: 164390K->167844K(174784K), 0.4563212 secs] 234342K->167844K(253440K), [CMS Perm : 2603K->2603K(21248K)], 0.4565428 secs] [Times: user=0.45 sys=0.00, real=0.46 secs] 
35.053: [GC [1 CMS-initial-mark: 167844K(174784K)] 167848K(253440K), 0.0014958 secs] [Times: user=0.00 sys=0.00, real=0.00 secs] 
35.055: [CMS-concurrent-mark-start]
35.120: [GC35.120: [ParNew: 69952K->69952K(78656K), 0.0000199 secs]35.120: [CMS35.279: [CMS-concurrent-mark: 0.222/0.225 secs] [Times: user=0.34 sys=0.02, real=0.22 secs] 
 (concurrent mode failure): 167844K->163443K(174784K), 0.6086377 secs] 237796K->163443K(253440K), [CMS Perm : 2603K->2603K(21248K)], 0.6090341 secs] [Times: user=0.61 sys=0.00, real=0.61 secs] 
35.805: [GC35.805: [ParNew: 69952K->69952K(78656K), 0.0000263 secs]35.805: [CMS: 163443K->165591K(174784K), 0.4519148 secs] 233395K->165591K(253440K), [CMS Perm : 2603K->2603K(21248K)], 0.4523269 secs] [Times: user=0.45 sys=0.00, real=0.45 secs] 
36.257: [GC [1 CMS-initial-mark: 165591K(174784K)] 165593K(253440K), 0.0015308 secs] [Times: user=0.00 sys=0.00, real=0.00 secs] 
36.259: [CMS-concurrent-mark-start]
36.321: [GC36.322: [ParNew: 69952K->69952K(78656K), 0.0000205 secs]36.322: [CMS36.480: [CMS-concurrent-mark: 0.218/0.222 secs] [Times: user=0.33 sys=0.00, real=0.22 secs] 
 (concurrent mode failure): 165591K->167139K(174784K), 0.6155514 secs] 235543K->167139K(253440K), [CMS Perm : 2603K->2603K(21248K)], 0.6159790 secs] [Times: user=0.62 sys=0.00, real=0.62 secs] 
37.013: [GC37.014: [ParNew: 69952K->69952K(78656K), 0.0000208 secs]37.014: [CMS: 167139K->162655K(174784K), 0.4486791 secs] 237091K->162655K(253440K), [CMS Perm : 2603K->2603K(21248K)], 0.4490957 secs] [Times: user=0.44 sys=0.00, real=0.45 secs] 
37.463: [GC [1 CMS-initial-mark: 162655K(174784K)] 162657K(253440K), 0.0014201 secs] [Times: user=0.00 sys=0.00, real=0.00 secs] 
37.464: [CMS-concurrent-mark-start]
37.529: [GC37.529: [ParNew: 69952K->69952K(78656K), 0.0000192 secs]37.529: [CMS37.685: [CMS-concurrent-mark: 0.218/0.221 secs] [Times: user=0.36 sys=0.06, real=0.22 secs] 
 (concurrent mode failure): 162655K->163163K(174784K), 0.6038455 secs] 232607K->163163K(253440K), [CMS Perm : 2603K->2603K(21248K)], 0.6042868 secs] [Times: user=0.58 sys=0.00, real=0.60 secs] 
38.209: [GC38.209: [ParNew: 69952K->69952K(78656K), 0.0000208 secs]38.209: [CMS: 163163K->162631K(174784K), 0.4481361 secs] 233115K->162631K(253440K), [CMS Perm : 2603K->2603K(21248K)], 0.4485229 secs] [Times: user=0.45 sys=0.00, real=0.45 secs] 
38.658: [GC [1 CMS-initial-mark: 162631K(174784K)] 162666K(253440K), 0.0013945 secs] [Times: user=0.00 sys=0.00, real=0.00 secs] 
38.659: [CMS-concurrent-mark-start]
38.726: [GC38.726: [ParNew: 69952K->69952K(78656K), 0.0000279 secs]38.726: [CMS38.877: [CMS-concurrent-mark: 0.216/0.218 secs] [Times: user=0.38 sys=0.00, real=0.22 secs] 
 (concurrent mode failure): 162631K->167742K(174784K), 0.6088741 secs] 232583K->167742K(253440K), [CMS Perm : 2603K->2603K(21248K)], 0.6094186 secs] [Times: user=0.61 sys=0.00, real=0.61 secs] 
39.412: [GC39.412: [ParNew: 69952K->69952K(78656K), 0.0000205 secs]39.412: [CMS: 167742K->162977K(174784K), 0.4489036 secs] 237694K->162977K(253440K), [CMS Perm : 2603K->2603K(21248K)], 0.4493013 secs] [Times: user=0.45 sys=0.00, real=0.45 secs] 
39.861: [GC [1 CMS-initial-mark: 162977K(174784K)] 162979K(253440K), 0.0014737 secs] [Times: user=0.00 sys=0.00, real=0.00 secs] 
39.863: [CMS-concurrent-mark-start]
39.926: [GC39.927: [ParNew: 69952K->69952K(78656K), 0.0000208 secs]39.927: [CMS40.088: [CMS-concurrent-mark: 0.223/0.225 secs] [Times: user=0.36 sys=0.00, real=0.23 secs] 
 (concurrent mode failure): 162977K->160611K(174784K), 0.6006001 secs] 232929K->160611K(253440K), [CMS Perm : 2603K->2603K(21248K)], 0.6010023 secs] [Times: user=0.59 sys=0.00, real=0.60 secs] 
40.602: [GC40.602: [ParNew: 69952K->69952K(78656K), 0.0000231 secs]40.602: [CMS: 160611K->162745K(174784K), 0.4447766 secs] 230563K->162745K(253440K), [CMS Perm : 2603K->2603K(21248K)], 0.4451996 secs] [Times: user=0.44 sys=0.00, real=0.44 secs] 
41.048: [GC [1 CMS-initial-mark: 162745K(174784K)] 162751K(253440K), 0.0014105 secs] [Times: user=0.00 sys=0.00, real=0.00 secs] 
41.049: [CMS-concurrent-mark-start]
41.114: [GC41.115: [ParNew: 69952K->69952K(78656K), 0.0000192 secs]41.115: [CMS41.266: [CMS-concurrent-mark: 0.215/0.217 secs] [Times: user=0.37 sys=0.00, real=0.22 secs] 
 (concurrent mode failure): 162745K->165597K(174784K), 0.6038981 secs] 232697K->165597K(253440K), [CMS Perm : 2603K->2603K(21248K)], 0.6043368 secs] [Times: user=0.61 sys=0.00, real=0.61 secs] 
41.794: [GC41.795: [ParNew: 69952K->69952K(78656K), 0.0000189 secs]41.795: [CMS: 165597K->167749K(174784K), 0.4585970 secs] 235549K->167749K(253440K), [CMS Perm : 2603K->2603K(21248K)], 0.4589995 secs] [Times: user=0.45 sys=0.00, real=0.46 secs] 
42.254: [GC [1 CMS-initial-mark: 167749K(174784K)] 167759K(253440K), 0.0016469 secs] [Times: user=0.02 sys=0.00, real=0.00 secs] 
42.256: [CMS-concurrent-mark-start]
42.320: [GC42.320: [ParNew: 69952K->69952K(78656K), 0.0000202 secs] 237701K->237701K(253440K), 0.0003037 secs] [Times: user=0.00 sys=0.00, real=0.00 secs] 
42.320: [Full GC42.320: [CMS42.478: [CMS-concurrent-mark: 0.220/0.223 secs] [Times: user=0.31 sys=0.01, real=0.22 secs] 
 (concurrent mode failure): 167749K->167633K(174784K), 0.6187522 secs] 237701K->167633K(253440K), [CMS Perm : 2603K->2603K(21248K)], 0.6189947 secs] [Times: user=0.61 sys=0.00, real=0.62 secs] 
43.012: [GC43.012: [ParNew: 69952K->69952K(78656K), 0.0000202 secs]43.012: [CMS: 167633K->168783K(174784K), 0.4627943 secs] 237585K->168783K(253440K), [CMS Perm : 2603K->2603K(21248K)], 0.4631721 secs] [Times: user=0.47 sys=0.00, real=0.46 secs] 
43.475: [GC [1 CMS-initial-mark: 168783K(174784K)] 168794K(253440K), 0.0014522 secs] [Times: user=0.00 sys=0.00, real=0.00 secs] 
43.477: [CMS-concurrent-mark-start]
43.544: [GC43.544: [ParNew: 69952K->69952K(78656K), 0.0000196 secs]43.544: [CMS43.703: [CMS-concurrent-mark: 0.223/0.226 secs] [Times: user=0.34 sys=0.01, real=0.23 secs] 
 (concurrent mode failure): 168783K->160484K(174784K), 0.6027897 secs] 238735K->160484K(253440K), [CMS Perm : 2603K->2603K(21248K)], 0.6031781 secs] [Times: user=0.61 sys=0.00, real=0.60 secs] 
44.222: [GC44.223: [ParNew: 69952K->69952K(78656K), 0.0000208 secs]44.223: [CMS: 160484K->159681K(174784K), 0.4404359 secs] 230436K->159681K(253440K), [CMS Perm : 2603K->2603K(21248K)], 0.4408413 secs] [Times: user=0.44 sys=0.00, real=0.44 secs] 
44.664: [GC [1 CMS-initial-mark: 159681K(174784K)] 159684K(253440K), 0.0013865 secs] [Times: user=0.00 sys=0.00, real=0.00 secs] 
44.665: [CMS-concurrent-mark-start]
44.729: [GC44.729: [ParNew: 69952K->69952K(78656K), 0.0000298 secs]44.729: [CMS44.879: [CMS-concurrent-mark: 0.210/0.213 secs] [Times: user=0.36 sys=0.00, real=0.21 secs] 
 (concurrent mode failure): 159681K->164110K(174784K), 0.5984051 secs] 229633K->164110K(253440K), [CMS Perm : 2603K->2603K(21248K)], 0.5988387 secs] [Times: user=0.61 sys=0.00, real=0.60 secs] 
45.402: [GC45.403: [ParNew: 69952K->69952K(78656K), 0.0000202 secs]45.403: [CMS: 164110K->163629K(174784K), 0.4480367 secs] 234062K->163629K(253440K), [CMS Perm : 2603K->2603K(21248K)], 0.4484090 secs] [Times: user=0.45 sys=0.00, real=0.45 secs] 
45.851: [GC [1 CMS-initial-mark: 163629K(174784K)] 163642K(253440K), 0.0016219 secs] [Times: user=0.00 sys=0.00, real=0.00 secs] 
45.853: [CMS-concurrent-mark-start]
45.919: [GC45.920: [ParNew: 69952K->69952K(78656K), 0.0000205 secs]45.920: [CMS46.070: [CMS-concurrent-mark: 0.215/0.218 secs] [Times: user=0.33 sys=0.00, real=0.22 secs] 
 (concurrent mode failure): 163629K->169688K(174784K), 0.6116925 secs] 233581K->169688K(253440K), [CMS Perm : 2603K->2603K(21248K)], 0.6121056 secs] [Times: user=0.62 sys=0.00, real=0.61 secs] 
46.603: [GC46.603: [ParNew: 69952K->69952K(78656K), 0.0000215 secs]46.603: [CMS: 169688K->166876K(174784K), 0.4584344 secs] 239640K->166876K(253440K), [CMS Perm : 2603K->2603K(21248K)], 0.4588058 secs] [Times: user=0.47 sys=0.00, real=0.46 secs] 
47.062: [GC [1 CMS-initial-mark: 166876K(174784K)] 166876K(253440K), 0.0013550 secs] [Times: user=0.00 sys=0.00, real=0.00 secs] 
47.064: [CMS-concurrent-mark-start]
47.129: [GC47.130: [ParNew: 69952K->69952K(78656K), 0.0000189 secs]47.130: [CMS47.286: [CMS-concurrent-mark: 0.220/0.222 secs] [Times: user=0.30 sys=0.02, real=0.22 secs] 
 (concurrent mode failure): 166876K->166394K(174784K), 0.6170162 secs] 236828K->166394K(253440K), [CMS Perm : 2603K->2603K(21248K)], 0.6174007 secs] [Times: user=0.51 sys=0.00, real=0.62 secs] 
47.814: [GC47.814: [ParNew: 69952K->69952K(78656K), 0.0000205 secs]47.814: [CMS: 166394K->160684K(174784K), 0.4418276 secs] 236346K->160684K(253440K), [CMS Perm : 2603K->2603K(21248K)], 0.4422278 secs] [Times: user=0.44 sys=0.00, real=0.44 secs] 
48.257: [GC [1 CMS-initial-mark: 160684K(174784K)] 160686K(253440K), 0.0017717 secs] [Times: user=0.00 sys=0.00, real=0.00 secs] 
48.259: [CMS-concurrent-mark-start]
48.324: [GC48.325: [ParNew: 69952K->69952K(78656K), 0.0000350 secs]48.325: [CMS48.472: [CMS-concurrent-mark: 0.210/0.213 secs] [Times: user=0.41 sys=0.00, real=0.21 secs] 
 (concurrent mode failure): 160684K->162143K(174784K), 0.5889154 secs] 230636K->162143K(253440K), [CMS Perm : 2603K->2603K(21248K)], 0.5894465 secs] [Times: user=0.58 sys=0.00, real=0.59 secs] 
48.990: [GC48.990: [ParNew: 69952K->69952K(78656K), 0.0000221 secs]48.990: [CMS: 162143K->162281K(174784K), 0.4440043 secs] 232095K->162281K(253440K), [CMS Perm : 2603K->2603K(21248K)], 0.4444934 secs] [Times: user=0.45 sys=0.00, real=0.44 secs] 
49.435: [GC [1 CMS-initial-mark: 162281K(174784K)] 162283K(253440K), 0.0015539 secs] [Times: user=0.00 sys=0.00, real=0.00 secs] 
49.436: [CMS-concurrent-mark-start]
49.502: [GC49.502: [ParNew: 69952K->69952K(78656K), 0.0000196 secs]49.502: [CMS49.653: [CMS-concurrent-mark: 0.214/0.216 secs] [Times: user=0.34 sys=0.00, real=0.22 secs] 
 (concurrent mode failure): 162281K->161192K(174784K), 0.5912627 secs] 232233K->161192K(253440K), [CMS Perm : 2603K->2603K(21248K)], 0.5917130 secs] [Times: user=0.59 sys=0.00, real=0.59 secs] 
50.168: [GC50.168: [ParNew: 69952K->69952K(78656K), 0.0000196 secs]50.168: [CMS: 161192K->166616K(174784K), 0.4550204 secs] 231144K->166616K(253440K), [CMS Perm : 2603K->2603K(21248K)], 0.4555242 secs] [Times: user=0.45 sys=0.00, real=0.46 secs] 
50.624: [GC [1 CMS-initial-mark: 166616K(174784K)] 166618K(253440K), 0.0017264 secs] [Times: user=0.00 sys=0.00, real=0.00 secs] 
50.626: [CMS-concurrent-mark-start]
50.691: [GC50.692: [ParNew: 69952K->69952K(78656K), 0.0000208 secs]50.692: [CMS50.847: [CMS-concurrent-mark: 0.219/0.221 secs] [Times: user=0.34 sys=0.02, real=0.22 secs] 
 (concurrent mode failure): 166616K->165856K(174784K), 0.6073593 secs] 236568K->165856K(253440K), [CMS Perm : 2603K->2603K(21248K)], 0.6078083 secs] [Times: user=0.61 sys=0.00, real=0.61 secs] 
51.373: [GC51.373: [ParNew: 69951K->69951K(78656K), 0.0000196 secs]51.373: [CMS: 165856K->167039K(174784K), 0.4547304 secs] 235808K->167039K(253440K), [CMS Perm : 2603K->2603K(21248K)], 0.4551143 secs] [Times: user=0.45 sys=0.00, real=0.46 secs] 
51.829: [GC [1 CMS-initial-mark: 167039K(174784K)] 167041K(253440K), 0.0019808 secs] [Times: user=0.00 sys=0.00, real=0.00 secs] 
51.831: [CMS-concurrent-mark-start]
51.894: [GC51.894: [ParNew: 69952K->69952K(78656K), 0.0000199 secs]51.894: [CMS52.054: [CMS-concurrent-mark: 0.219/0.223 secs] [Times: user=0.36 sys=0.00, real=0.22 secs] 
 (concurrent mode failure): 167039K->165907K(174784K), 0.6121996 secs] 236991K->165907K(253440K), [CMS Perm : 2603K->2603K(21248K)], 0.6126143 secs] [Times: user=0.62 sys=0.00, real=0.61 secs] 
52.584: [GC52.584: [ParNew: 69952K->69952K(78656K), 0.0000189 secs]52.584: [CMS: 165907K->165135K(174784K), 0.4539459 secs] 235859K->165135K(253440K), [CMS Perm : 2603K->2603K(21248K)], 0.4544511 secs] [Times: user=0.45 sys=0.00, real=0.45 secs] 
53.039: [GC [1 CMS-initial-mark: 165135K(174784K)] 165137K(253440K), 0.0017553 secs] [Times: user=0.00 sys=0.00, real=0.00 secs] 
53.040: [CMS-concurrent-mark-start]
53.106: [GC53.106: [ParNew: 69952K->69952K(78656K), 0.0000205 secs]53.106: [CMS53.260: [CMS-concurrent-mark: 0.217/0.220 secs] [Times: user=0.33 sys=0.00, real=0.22 secs] 
 (concurrent mode failure): 165135K->161798K(174784K), 0.6008596 secs] 235087K->161798K(253440K), [CMS Perm : 2603K->2603K(21248K)], 0.6013060 secs] [Times: user=0.61 sys=0.00, real=0.60 secs] 
53.784: [GC53.784: [ParNew: 69952K->69952K(78656K), 0.0000196 secs]53.784: [CMS: 161798K->162939K(174784K), 0.4450992 secs] 231750K->162939K(253440K), [CMS Perm : 2603K->2603K(21248K)], 0.4455046 secs] [Times: user=0.44 sys=0.00, real=0.45 secs] 
54.230: [GC [1 CMS-initial-mark: 162939K(174784K)] 162945K(253440K), 0.0014711 secs] [Times: user=0.00 sys=0.00, real=0.00 secs] 
54.231: [CMS-concurrent-mark-start]
54.298: [GC54.298: [ParNew: 69952K->69952K(78656K), 0.0000234 secs]54.298: [CMS54.449: [CMS-concurrent-mark: 0.215/0.218 secs] [Times: user=0.36 sys=0.05, real=0.22 secs] 
 (concurrent mode failure): 162939K->166725K(174784K), 0.6057765 secs] 232891K->166725K(253440K), [CMS Perm : 2603K->2603K(21248K)], 0.6061797 secs] [Times: user=0.59 sys=0.00, real=0.61 secs] 
54.979: [GC54.979: [ParNew: 69952K->69952K(78656K), 0.0000196 secs]54.979: [CMS: 166725K->161339K(174784K), 0.4473568 secs] 236677K->161339K(253440K), [CMS Perm : 2603K->2603K(21248K)], 0.4477336 secs] [Times: user=0.45 sys=0.00, real=0.45 secs] 
55.427: [GC [1 CMS-initial-mark: 161339K(174784K)] 161343K(253440K), 0.0014490 secs] [Times: user=0.00 sys=0.00, real=0.00 secs] 
55.428: [CMS-concurrent-mark-start]
55.490: [GC55.490: [ParNew: 69952K->69952K(78656K), 0.0000478 secs]55.490: [CMS55.644: [CMS-concurrent-mark: 0.213/0.216 secs] [Times: user=0.34 sys=0.00, real=0.22 secs] 
 (concurrent mode failure): 161339K->161925K(174784K), 0.6002409 secs] 231291K->161925K(253440K), [CMS Perm : 2603K->2603K(21248K)], 0.6008804 secs] [Times: user=0.59 sys=0.00, real=0.60 secs] 
56.167: [GC56.167: [ParNew: 69952K->69952K(78656K), 0.0000199 secs]56.167: [CMS: 161925K->168707K(174784K), 0.4603405 secs] 231877K->168707K(253440K), [CMS Perm : 2603K->2603K(21248K)], 0.4607436 secs] [Times: user=0.45 sys=0.00, real=0.46 secs] 
56.628: [GC [1 CMS-initial-mark: 168707K(174784K)] 168709K(253440K), 0.0015885 secs] [Times: user=0.00 sys=0.00, real=0.00 secs] 
56.630: [CMS-concurrent-mark-start]
56.691: [GC56.691: [ParNew: 69952K->69952K(78656K), 0.0000205 secs]56.691: [CMS56.857: [CMS-concurrent-mark: 0.223/0.227 secs] [Times: user=0.36 sys=0.00, real=0.23 secs] 
 (concurrent mode failure): 168707K->167389K(174784K), 0.6256002 secs] 238659K->167389K(253440K), [CMS Perm : 2603K->2603K(21248K)], 0.6259992 secs] [Times: user=0.61 sys=0.00, real=0.63 secs] 
57.391: [GC57.391: [ParNew: 69952K->69952K(78656K), 0.0000218 secs]57.391: [CMS: 167389K->165427K(174784K), 0.4540088 secs] 237341K->165427K(253440K), [CMS Perm : 2603K->2603K(21248K)], 0.4545210 secs] [Times: user=0.45 sys=0.00, real=0.45 secs] 
57.846: [GC [1 CMS-initial-mark: 165427K(174784K)] 165469K(253440K), 0.0014323 secs] [Times: user=0.00 sys=0.00, real=0.00 secs] 
57.848: [CMS-concurrent-mark-start]
57.912: [GC57.913: [ParNew: 69952K->69952K(78656K), 0.0000205 secs]57.913: [CMS58.070: [CMS-concurrent-mark: 0.219/0.222 secs] [Times: user=0.34 sys=0.00, real=0.22 secs] 
 (concurrent mode failure): 165427K->163883K(174784K), 0.6059606 secs] 235379K->163883K(253440K), [CMS Perm : 2603K->2603K(21248K)], 0.6063926 secs] [Times: user=0.61 sys=0.00, real=0.61 secs] 
58.594: [GC58.594: [ParNew: 69952K->69952K(78656K), 0.0000202 secs]58.594: [CMS: 163883K->163063K(174784K), 0.4451646 secs] 233835K->163063K(253440K), [CMS Perm : 2603K->2603K(21248K)], 0.4455492 secs] [Times: user=0.45 sys=0.00, real=0.45 secs] 
59.040: [GC [1 CMS-initial-mark: 163063K(174784K)] 163065K(253440K), 0.0018692 secs] [Times: user=0.00 sys=0.00, real=0.00 secs] 
59.042: [CMS-concurrent-mark-start]
59.103: [GC59.103: [ParNew: 69952K->69952K(78656K), 0.0000212 secs]59.103: [CMS59.259: [CMS-concurrent-mark: 0.214/0.217 secs] [Times: user=0.33 sys=0.00, real=0.22 secs] 
 (concurrent mode failure): 163063K->160025K(174784K), 0.5969452 secs] 233015K->160025K(253440K), [CMS Perm : 2603K->2603K(21248K)], 0.5973615 secs] [Times: user=0.59 sys=0.00, real=0.60 secs] 
59.776: [GC59.776: [ParNew: 69952K->69952K(78656K), 0.0000208 secs] 229977K->229977K(253440K), 0.0002864 secs] [Times: user=0.00 sys=0.00, real=0.00 secs] 
59.776: [Full GC59.776: [CMS: 160025K->165074K(174784K), 0.4486050 secs] 229977K->165074K(253440K), [CMS Perm : 2603K->2603K(21248K)], 0.4487981 secs] [Times: user=0.44 sys=0.00, real=0.45 secs] 
60.226: [GC [1 CMS-initial-mark: 165074K(174784K)] 165082K(253440K), 0.0013938 secs] [Times: user=0.02 sys=0.00, real=0.00 secs] 
60.227: [CMS-concurrent-mark-start]
60.295: [GC60.295: [ParNew: 69952K->69952K(78656K), 0.0000208 secs]60.295: [CMS60.447: [CMS-concurrent-mark: 0.218/0.220 secs] [Times: user=0.34 sys=0.02, real=0.22 secs] 
 (concurrent mode failure): 165074K->162260K(174784K), 0.5979192 secs] 235026K->162260K(253440K), [CMS Perm : 2603K->2603K(21248K)], 0.5983445 secs] [Times: user=0.59 sys=0.00, real=0.60 secs] 
60.962: [GC60.962: [ParNew: 69952K->69952K(78656K), 0.0000192 secs]60.962: [CMS: 162260K->167047K(174784K), 0.4545758 secs] 232212K->167047K(253440K), [CMS Perm : 2603K->2603K(21248K)], 0.4549549 secs] [Times: user=0.45 sys=0.00, real=0.46 secs] 
61.417: [GC [1 CMS-initial-mark: 167047K(174784K)] 167051K(253440K), 0.0014278 secs] [Times: user=0.00 sys=0.00, real=0.00 secs] 
61.419: [CMS-concurrent-mark-start]
61.482: [GC61.482: [ParNew: 69952K->69952K(78656K), 0.0000189 secs]61.482: [CMS61.642: [CMS-concurrent-mark: 0.221/0.223 secs] [Times: user=0.36 sys=0.00, real=0.22 secs] 
 (concurrent mode failure): 167047K->166972K(174784K), 0.6141409 secs] 236999K->166972K(253440K), [CMS Perm : 2603K->2603K(21248K)], 0.6145437 secs] [Times: user=0.61 sys=0.00, real=0.61 secs] 
62.174: [GC62.174: [ParNew: 69952K->69952K(78656K), 0.0000205 secs]62.174: [CMS: 166972K->168413K(174784K), 0.4598732 secs] 236924K->168413K(253440K), [CMS Perm : 2603K->2603K(21248K)], 0.4602840 secs] [Times: user=0.47 sys=0.00, real=0.46 secs] 
62.634: [GC [1 CMS-initial-mark: 168413K(174784K)] 168417K(253440K), 0.0015391 secs] [Times: user=0.00 sys=0.00, real=0.00 secs] 
62.636: [CMS-concurrent-mark-start]
62.699: [GC62.699: [ParNew: 69952K->69952K(78656K), 0.0000218 secs]62.699: [CMS62.862: [CMS-concurrent-mark: 0.223/0.226 secs] [Times: user=0.27 sys=0.00, real=0.23 secs] 
 (concurrent mode failure): 168413K->165156K(174784K), 0.6145498 secs] 238365K->165156K(253440K), [CMS Perm : 2603K->2603K(21248K)], 0.6150704 secs] [Times: user=0.53 sys=0.01, real=0.62 secs] 
63.390: [GC63.390: [ParNew: 69952K->69952K(78656K), 0.0000202 secs]63.390: [CMS: 165156K->167272K(174784K), 0.4546358 secs] 235108K->167272K(253440K), [CMS Perm : 2603K->2603K(21248K)], 0.4550204 secs] [Times: user=0.47 sys=0.00, real=0.45 secs] 
63.845: [GC [1 CMS-initial-mark: 167272K(174784K)] 167276K(253440K), 0.0014022 secs] [Times: user=0.00 sys=0.00, real=0.00 secs] 
63.847: [CMS-concurrent-mark-start]
63.913: [GC63.913: [ParNew: 69952K->69952K(78656K), 0.0000205 secs]63.913: [CMS64.069: [CMS-concurrent-mark: 0.220/0.222 secs] [Times: user=0.34 sys=0.00, real=0.22 secs] 
 (concurrent mode failure): 167272K->164466K(174784K), 0.6081021 secs] 237224K->164466K(253440K), [CMS Perm : 2603K->2603K(21248K)], 0.6085306 secs] [Times: user=0.61 sys=0.00, real=0.61 secs] 
64.595: [GC64.595: [ParNew: 69952K->69952K(78656K), 0.0000199 secs]64.595: [CMS: 164466K->164972K(174784K), 0.4530268 secs] 234418K->164972K(253440K), [CMS Perm : 2603K->2603K(21248K)], 0.4534103 secs] [Times: user=0.45 sys=0.00, real=0.45 secs] 
65.049: [GC [1 CMS-initial-mark: 164972K(174784K)] 164974K(253440K), 0.0014471 secs] [Times: user=0.00 sys=0.00, real=0.00 secs] 
65.050: [CMS-concurrent-mark-start]
65.115: [GC65.116: [ParNew: 69952K->69952K(78656K), 0.0000196 secs]65.116: [CMS65.271: [CMS-concurrent-mark: 0.219/0.221 secs] [Times: user=0.36 sys=0.02, real=0.22 secs] 
 (concurrent mode failure): 164972K->164871K(174784K), 0.6086912 secs] 234924K->164871K(253440K), [CMS Perm : 2603K->2603K(21248K)], 0.6090748 secs] [Times: user=0.61 sys=0.00, real=0.61 secs] 
65.800: [GC65.800: [ParNew: 69952K->69952K(78656K), 0.0000196 secs]65.800: [CMS: 164871K->164051K(174784K), 0.4496861 secs] 234823K->164051K(253440K), [CMS Perm : 2603K->2603K(21248K)], 0.4501406 secs] [Times: user=0.44 sys=0.00, real=0.45 secs] 
66.250: [GC [1 CMS-initial-mark: 164051K(174784K)] 164059K(253440K), 0.0016796 secs] [Times: user=0.00 sys=0.00, real=0.00 secs] 
66.252: [CMS-concurrent-mark-start]
66.318: [GC66.318: [ParNew: 69952K->69952K(78656K), 0.0000215 secs] 234003K->234003K(253440K), 0.0003740 secs] [Times: user=0.00 sys=0.00, real=0.00 secs] 
66.318: [Full GC66.318: [CMS66.471: [CMS-concurrent-mark: 0.216/0.219 secs] [Times: user=0.34 sys=0.03, real=0.22 secs] 
 (concurrent mode failure): 164051K->165593K(174784K), 0.6058827 secs] 234003K->165593K(253440K), [CMS Perm : 2603K->2603K(21248K)], 0.6060799 secs] [Times: user=0.61 sys=0.00, real=0.61 secs] 
67.000: [GC67.000: [ParNew: 69952K->69952K(78656K), 0.0000196 secs]67.000: [CMS: 165593K->164792K(174784K), 0.4540723 secs] 235545K->164792K(253440K), [CMS Perm : 2603K->2603K(21248K)], 0.4544546 secs] [Times: user=0.45 sys=0.00, real=0.45 secs] 
67.455: [GC [1 CMS-initial-mark: 164792K(174784K)] 164794K(253440K), 0.0015215 secs] [Times: user=0.00 sys=0.00, real=0.00 secs] 
67.456: [CMS-concurrent-mark-start]
67.516: [GC67.516: [ParNew: 69952K->69952K(78656K), 0.0000225 secs]67.516: [CMS67.677: [CMS-concurrent-mark: 0.218/0.220 secs] [Times: user=0.33 sys=0.00, real=0.22 secs] 
 (concurrent mode failure): 164792K->164896K(174784K), 0.6136419 secs] 234744K->164896K(253440K), [CMS Perm : 2603K->2603K(21248K)], 0.6140803 secs] [Times: user=0.61 sys=0.00, real=0.61 secs] 
68.206: [GC68.206: [ParNew: 69952K->69952K(78656K), 0.0000285 secs]68.206: [CMS: 164896K->162345K(174784K), 0.4451117 secs] 234848K->162345K(253440K), [CMS Perm : 2603K->2603K(21248K)], 0.4455569 secs] [Times: user=0.45 sys=0.00, real=0.45 secs] 
68.652: [GC [1 CMS-initial-mark: 162345K(174784K)] 162354K(253440K), 0.0014124 secs] [Times: user=0.00 sys=0.00, real=0.00 secs] 
68.653: [CMS-concurrent-mark-start]
68.715: [GC68.716: [ParNew: 69952K->69952K(78656K), 0.0000382 secs]68.716: [CMS68.878: [CMS-concurrent-mark: 0.222/0.225 secs] [Times: user=0.30 sys=0.00, real=0.22 secs] 
 (concurrent mode failure): 162345K->165429K(174784K), 0.6148754 secs] 232297K->165429K(253440K), [CMS Perm : 2603K->2603K(21248K)], 0.6154867 secs] [Times: user=0.61 sys=0.00, real=0.62 secs] 
69.406: [GC69.406: [ParNew: 69952K->69952K(78656K), 0.0000208 secs]69.406: [CMS: 165429K->163844K(174784K), 0.4513590 secs] 235381K->163844K(253440K), [CMS Perm : 2603K->2603K(21248K)], 0.4517538 secs] [Times: user=0.45 sys=0.00, real=0.45 secs] 
69.858: [GC [1 CMS-initial-mark: 163844K(174784K)] 163848K(253440K), 0.0014307 secs] [Times: user=0.00 sys=0.00, real=0.00 secs] 
69.860: [CMS-concurrent-mark-start]
69.925: [GC69.925: [ParNew: 69952K->69952K(78656K), 0.0000189 secs]69.925: [CMS70.078: [CMS-concurrent-mark: 0.216/0.218 secs] [Times: user=0.34 sys=0.00, real=0.22 secs] 
 (concurrent mode failure): 163844K->168570K(174784K), 0.6115145 secs] 233796K->168570K(253440K), [CMS Perm : 2603K->2603K(21248K)], 0.6119103 secs] [Times: user=0.61 sys=0.01, real=0.61 secs] 
70.612: [GC70.612: [ParNew: 69952K->69952K(78656K), 0.0000199 secs]70.612: [CMS: 168570K->160147K(174784K), 0.4427304 secs] 238522K->160147K(253440K), [CMS Perm : 2603K->2603K(21248K)], 0.4430973 secs] [Times: user=0.45 sys=0.00, real=0.44 secs] 
71.056: [GC [1 CMS-initial-mark: 160147K(174784K)] 160150K(253440K), 0.0013608 secs] [Times: user=0.00 sys=0.00, real=0.00 secs] 
71.057: [CMS-concurrent-mark-start]
71.121: [GC71.121: [ParNew: 69952K->69952K(78656K), 0.0000199 secs]71.121: [CMS71.272: [CMS-concurrent-mark: 0.213/0.215 secs] [Times: user=0.34 sys=0.02, real=0.21 secs] 
 (concurrent mode failure): 160147K->161651K(174784K), 0.5940533 secs] 230099K->161651K(253440K), [CMS Perm : 2603K->2603K(21248K)], 0.5944981 secs] [Times: user=0.59 sys=0.00, real=0.60 secs] 
71.785: [GC71.785: [ParNew: 69952K->69952K(78656K), 0.0000301 secs]71.785: [CMS: 161651K->164758K(174784K), 0.4498561 secs] 231603K->164758K(253440K), [CMS Perm : 2603K->2603K(21248K)], 0.4503885 secs] [Times: user=0.44 sys=0.00, real=0.45 secs] 
72.236: [GC [1 CMS-initial-mark: 164758K(174784K)] 164823K(253440K), 0.0018361 secs] [Times: user=0.02 sys=0.00, real=0.00 secs] 
72.238: [CMS-concurrent-mark-start]
72.303: [GC72.304: [ParNew: 69952K->69952K(78656K), 0.0000212 secs]72.304: [CMS72.457: [CMS-concurrent-mark: 0.215/0.219 secs] [Times: user=0.36 sys=0.02, real=0.22 secs] 
 (concurrent mode failure): 164758K->164221K(174784K), 0.6037390 secs] 234710K->164221K(253440K), [CMS Perm : 2603K->2603K(21248K)], 0.6042012 secs] [Times: user=0.59 sys=0.00, real=0.60 secs] 
72.981: [GC72.981: [ParNew: 69952K->69952K(78656K), 0.0000199 secs]72.981: [CMS: 164221K->166293K(174784K), 0.4556871 secs] 234173K->166293K(253440K), [CMS Perm : 2603K->2603K(21248K)], 0.4560864 secs] [Times: user=0.45 sys=0.00, real=0.46 secs] 
73.437: [GC [1 CMS-initial-mark: 166293K(174784K)] 166295K(253440K), 0.0016514 secs] [Times: user=0.01 sys=0.00, real=0.00 secs] 
73.439: [CMS-concurrent-mark-start]
73.505: [GC73.505: [ParNew: 69952K->69952K(78656K), 0.0000298 secs]73.505: [CMS73.660: [CMS-concurrent-mark: 0.221/0.221 secs] [Times: user=0.38 sys=0.00, real=0.22 secs] 
 (concurrent mode failure): 166293K->161532K(174784K), 0.6005539 secs] 236245K->161532K(253440K), [CMS Perm : 2603K->2603K(21248K)], 0.6010190 secs] [Times: user=0.59 sys=0.00, real=0.60 secs] 
74.181: [GC74.181: [ParNew: 69952K->69952K(78656K), 0.0000196 secs]74.181: [CMS: 161532K->163355K(174784K), 0.4470476 secs] 231484K->163355K(253440K), [CMS Perm : 2603K->2603K(21248K)], 0.4474251 secs] [Times: user=0.45 sys=0.00, real=0.45 secs] 
74.629: [GC [1 CMS-initial-mark: 163355K(174784K)] 163359K(253440K), 0.0015382 secs] [Times: user=0.00 sys=0.00, real=0.00 secs] 
74.630: [CMS-concurrent-mark-start]
74.696: [GC74.697: [ParNew: 69952K->69952K(78656K), 0.0000196 secs]74.697: [CMS74.849: [CMS-concurrent-mark: 0.216/0.219 secs] [Times: user=0.34 sys=0.00, real=0.22 secs] 
 (concurrent mode failure): 163355K->162855K(174784K), 0.6013570 secs] 233307K->162855K(253440K), [CMS Perm : 2603K->2603K(21248K)], 0.6017393 secs] [Times: user=0.61 sys=0.00, real=0.60 secs] 
75.370: [GC75.370: [ParNew: 69952K->69952K(78656K), 0.0000202 secs]75.370: [CMS: 162855K->164379K(174784K), 0.4519091 secs] 232807K->164379K(253440K), [CMS Perm : 2603K->2603K(21248K)], 0.4523080 secs] [Times: user=0.45 sys=0.00, real=0.45 secs] 
75.823: [GC [1 CMS-initial-mark: 164379K(174784K)] 164384K(253440K), 0.0020824 secs] [Times: user=0.00 sys=0.00, real=0.00 secs] 
75.825: [CMS-concurrent-mark-start]
75.891: [GC75.891: [ParNew: 69952K->69952K(78656K), 0.0000295 secs]75.891: [CMS76.044: [CMS-concurrent-mark: 0.216/0.219 secs] [Times: user=0.41 sys=0.02, real=0.22 secs] 
 (concurrent mode failure): 164379K->164898K(174784K), 0.6033083 secs] 234331K->164898K(253440K), [CMS Perm : 2603K->2603K(21248K)], 0.6038420 secs] [Times: user=0.59 sys=0.00, real=0.60 secs] 
76.567: [GC76.568: [ParNew: 69952K->69952K(78656K), 0.0000205 secs]76.568: [CMS: 164898K->164776K(174784K), 0.4528847 secs] 234850K->164776K(253440K), [CMS Perm : 2603K->2603K(21248K)], 0.4533067 secs] [Times: user=0.45 sys=0.00, real=0.45 secs] 
77.021: [GC [1 CMS-initial-mark: 164776K(174784K)] 164803K(253440K), 0.0016892 secs] [Times: user=0.00 sys=0.00, real=0.00 secs] 
77.023: [CMS-concurrent-mark-start]
77.089: [GC77.089: [ParNew: 69952K->69952K(78656K), 0.0000205 secs]77.089: [CMS77.243: [CMS-concurrent-mark: 0.217/0.220 secs] [Times: user=0.40 sys=0.02, real=0.22 secs] 
 (concurrent mode failure): 164776K->163978K(174784K), 0.6020424 secs] 234728K->163978K(253440K), [CMS Perm : 2603K->2603K(21248K)], 0.6024805 secs] [Times: user=0.59 sys=0.00, real=0.60 secs] 
77.768: [GC77.768: [ParNew: 69952K->69952K(78656K), 0.0000205 secs]77.768: [CMS: 163978K->165500K(174784K), 0.4530098 secs] 233930K->165500K(253440K), [CMS Perm : 2603K->2603K(21248K)], 0.4534177 secs] [Times: user=0.45 sys=0.00, real=0.45 secs] 
78.222: [GC [1 CMS-initial-mark: 165500K(174784K)] 165504K(253440K), 0.0018316 secs] [Times: user=0.00 sys=0.00, real=0.00 secs] 
78.224: [CMS-concurrent-mark-start]
78.291: [GC78.291: [ParNew: 69952K->69952K(78656K), 0.0000359 secs]78.291: [CMS78.446: [CMS-concurrent-mark: 0.219/0.222 secs] [Times: user=0.34 sys=0.03, real=0.22 secs] 
 (concurrent mode failure): 165500K->165672K(174784K), 0.6066531 secs] 235452K->165672K(253440K), [CMS Perm : 2603K->2603K(21248K)], 0.6071133 secs] [Times: user=0.50 sys=0.00, real=0.61 secs] 
78.975: [GC78.975: [ParNew: 69952K->69952K(78656K), 0.0000192 secs]78.975: [CMS: 165672K->161590K(174784K), 0.4444623 secs] 235624K->161590K(253440K), [CMS Perm : 2603K->2603K(21248K)], 0.4448718 secs] [Times: user=0.45 sys=0.00, real=0.44 secs] 
79.420: [GC [1 CMS-initial-mark: 161590K(174784K)] 161591K(253440K), 0.0016222 secs] [Times: user=0.00 sys=0.00, real=0.00 secs] 
79.422: [CMS-concurrent-mark-start]
79.486: [GC79.486: [ParNew: 69952K->69952K(78656K), 0.0000225 secs]79.486: [CMS79.638: [CMS-concurrent-mark: 0.213/0.216 secs] [Times: user=0.34 sys=0.00, real=0.22 secs] 
 (concurrent mode failure): 161590K->162434K(174784K), 0.5933573 secs] 231542K->162434K(253440K), [CMS Perm : 2603K->2603K(21248K)], 0.5937791 secs] [Times: user=0.59 sys=0.00, real=0.59 secs] 
80.156: [GC80.156: [ParNew: 69952K->69952K(78656K), 0.0000205 secs]80.156: [CMS: 162434K->166225K(174784K), 0.4542744 secs] 232386K->166225K(253440K), [CMS Perm : 2603K->2603K(21248K)], 0.4546704 secs] [Times: user=0.45 sys=0.00, real=0.45 secs] 
80.611: [GC [1 CMS-initial-mark: 166225K(174784K)] 166237K(253440K), 0.0014468 secs] [Times: user=0.00 sys=0.00, real=0.00 secs] 
80.612: [CMS-concurrent-mark-start]
80.680: [GC80.680: [ParNew: 69952K->69952K(78656K), 0.0000192 secs]80.680: [CMS80.834: [CMS-concurrent-mark: 0.219/0.222 secs] [Times: user=0.38 sys=0.03, real=0.22 secs] 
 (concurrent mode failure): 166225K->163463K(174784K), 0.6058439 secs] 236177K->163463K(253440K), [CMS Perm : 2603K->2603K(21248K)], 0.6063208 secs] [Times: user=0.61 sys=0.00, real=0.61 secs] 
81.363: [GC81.363: [ParNew: 69952K->69952K(78656K), 0.0000199 secs]81.363: [CMS: 163463K->164992K(174784K), 0.4499870 secs] 233415K->164992K(253440K), [CMS Perm : 2603K->2603K(21248K)], 0.4503593 secs] [Times: user=0.44 sys=0.00, real=0.45 secs] 
81.814: [GC [1 CMS-initial-mark: 164992K(174784K)] 164996K(253440K), 0.0014166 secs] [Times: user=0.01 sys=0.00, real=0.00 secs] 
81.816: [CMS-concurrent-mark-start]
81.878: [GC81.878: [ParNew: 69951K->69951K(78656K), 0.0000189 secs]81.878: [CMS82.036: [CMS-concurrent-mark: 0.218/0.220 secs] [Times: user=0.31 sys=0.02, real=0.22 secs] 
 (concurrent mode failure): 164992K->161916K(174784K), 0.6034587 secs] 234944K->161916K(253440K), [CMS Perm : 2603K->2603K(21248K)], 0.6038609 secs] [Times: user=0.59 sys=0.00, real=0.60 secs] 
82.559: [GC82.559: [ParNew: 69952K->69952K(78656K), 0.0000208 secs]82.559: [CMS: 161916K->160063K(174784K), 0.4444071 secs] 231868K->160063K(253440K), [CMS Perm : 2603K->2603K(21248K)], 0.4448750 secs] [Times: user=0.45 sys=0.00, real=0.44 secs] 
83.004: [GC [1 CMS-initial-mark: 160063K(174784K)] 160065K(253440K), 0.0017418 secs] [Times: user=0.00 sys=0.00, real=0.00 secs] 
83.006: [CMS-concurrent-mark-start]
83.073: [GC83.073: [ParNew: 69952K->69952K(78656K), 0.0000208 secs]83.073: [CMS83.217: [CMS-concurrent-mark: 0.209/0.211 secs] [Times: user=0.34 sys=0.00, real=0.21 secs] 
 (concurrent mode failure): 160063K->162837K(174784K), 0.5915186 secs] 230015K->162837K(253440K), [CMS Perm : 2603K->2603K(21248K)], 0.5919150 secs] [Times: user=0.59 sys=0.00, real=0.59 secs] 
83.740: [GC83.741: [ParNew: 69952K->69952K(78656K), 0.0000208 secs]83.741: [CMS: 162837K->170218K(174784K), 0.4634562 secs] 232789K->170218K(253440K), [CMS Perm : 2603K->2603K(21248K)], 0.4638417 secs] [Times: user=0.47 sys=0.00, real=0.46 secs] 
84.204: [GC [1 CMS-initial-mark: 170218K(174784K)] 170220K(253440K), 0.0015359 secs] [Times: user=0.00 sys=0.00, real=0.00 secs] 
84.206: [CMS-concurrent-mark-start]
84.264: [GC84.264: [ParNew: 69952K->69952K(78656K), 0.0000295 secs]84.264: [CMS84.433: [CMS-concurrent-mark: 0.225/0.227 secs] [Times: user=0.31 sys=0.00, real=0.23 secs] 
 (concurrent mode failure): 170218K->168641K(174784K), 0.6291596 secs] 240170K->168641K(253440K), [CMS Perm : 2603K->2603K(21248K)], 0.6295611 secs] [Times: user=0.64 sys=0.00, real=0.63 secs] 
84.970: [GC84.970: [ParNew: 69952K->69952K(78656K), 0.0000205 secs]84.970: [CMS: 168641K->164484K(174784K), 0.4515864 secs] 238593K->164484K(253440K), [CMS Perm : 2603K->2603K(21248K)], 0.4519944 secs] [Times: user=0.45 sys=0.00, real=0.45 secs] 
85.422: [GC [1 CMS-initial-mark: 164484K(174784K)] 164484K(253440K), 0.0019134 secs] [Times: user=0.00 sys=0.00, real=0.00 secs] 
85.424: [CMS-concurrent-mark-start]
85.491: [GC85.491: [ParNew: 69952K->69952K(78656K), 0.0000208 secs]85.491: [CMS85.645: [CMS-concurrent-mark: 0.219/0.221 secs] [Times: user=0.36 sys=0.00, real=0.22 secs] 
 (concurrent mode failure): 164484K->163006K(174784K), 0.5987913 secs] 234436K->163006K(253440K), [CMS Perm : 2603K->2603K(21248K)], 0.5993288 secs] [Times: user=0.59 sys=0.00, real=0.60 secs] 
86.166: [GC86.166: [ParNew: 69952K->69952K(78656K), 0.0000192 secs]86.166: [CMS: 163006K->163497K(174784K), 0.4474090 secs] 232958K->163497K(253440K), [CMS Perm : 2603K->2603K(21248K)], 0.4478090 secs] [Times: user=0.45 sys=0.00, real=0.45 secs] 
86.616: [GC [1 CMS-initial-mark: 163497K(174784K)] 164797K(253440K), 0.0025686 secs] [Times: user=0.00 sys=0.00, real=0.00 secs] 
86.618: [CMS-concurrent-mark-start]
86.682: [GC86.682: [ParNew: 69952K->69952K(78656K), 0.0000205 secs]86.682: [CMS86.837: [CMS-concurrent-mark: 0.216/0.219 secs] [Times: user=0.36 sys=0.00, real=0.22 secs] 
 (concurrent mode failure): 163497K->167964K(174784K), 0.6127525 secs] 233449K->167964K(253440K), [CMS Perm : 2603K->2603K(21248K)], 0.6131653 secs] [Times: user=0.62 sys=0.00, real=0.61 secs] 
87.369: [GC87.370: [ParNew: 69952K->69952K(78656K), 0.0000234 secs]87.370: [CMS: 167964K->161524K(174784K), 0.4434991 secs] 237916K->161524K(253440K), [CMS Perm : 2603K->2603K(21248K)], 0.4438689 secs] [Times: user=0.44 sys=0.00, real=0.44 secs] 
87.814: [GC [1 CMS-initial-mark: 161524K(174784K)] 161528K(253440K), 0.0015465 secs] [Times: user=0.00 sys=0.00, real=0.00 secs] 
87.815: [CMS-concurrent-mark-start]
87.879: [GC87.879: [ParNew: 69952K->69952K(78656K), 0.0000212 secs]87.879: [CMS88.033: [CMS-concurrent-mark: 0.214/0.218 secs] [Times: user=0.36 sys=0.00, real=0.22 secs] 
 (concurrent mode failure): 161524K->165604K(174784K), 0.6049141 secs] 231476K->165604K(253440K), [CMS Perm : 2603K->2603K(21248K)], 0.6053792 secs] [Times: user=0.61 sys=0.00, real=0.61 secs] 
88.559: [GC88.560: [ParNew: 69952K->69952K(78656K), 0.0000221 secs]88.560: [CMS: 165604K->165361K(174784K), 0.4524527 secs] 235556K->165361K(253440K), [CMS Perm : 2603K->2603K(21248K)], 0.4528343 secs] [Times: user=0.44 sys=0.00, real=0.45 secs] 
89.013: [GC [1 CMS-initial-mark: 165361K(174784K)] 165388K(253440K), 0.0013926 secs] [Times: user=0.00 sys=0.00, real=0.00 secs] 
89.014: [CMS-concurrent-mark-start]
89.077: [GC89.078: [ParNew: 69952K->69952K(78656K), 0.0000202 secs]89.078: [CMS89.235: [CMS-concurrent-mark: 0.218/0.221 secs] [Times: user=0.36 sys=0.01, real=0.22 secs] 
 (concurrent mode failure): 165361K->163520K(174784K), 0.6070966 secs] 235313K->163520K(253440K), [CMS Perm : 2603K->2603K(21248K)], 0.6078673 secs] [Times: user=0.61 sys=0.00, real=0.61 secs] 
89.762: [GC89.762: [ParNew: 69952K->69952K(78656K), 0.0000205 secs]89.762: [CMS: 163520K->165252K(174784K), 0.4544649 secs] 233472K->165252K(253440K), [CMS Perm : 2603K->2603K(21248K)], 0.4548436 secs] [Times: user=0.44 sys=0.00, real=0.45 secs] 
90.217: [GC [1 CMS-initial-mark: 165252K(174784K)] 165254K(253440K), 0.0017470 secs] [Times: user=0.00 sys=0.00, real=0.00 secs] 
90.220: [CMS-concurrent-mark-start]
90.280: [GC90.280: [ParNew: 69952K->69952K(78656K), 0.0000189 secs]90.280: [CMS90.443: [CMS-concurrent-mark: 0.221/0.223 secs] [Times: user=0.31 sys=0.02, real=0.22 secs] 
 (concurrent mode failure): 165252K->162208K(174784K), 0.6109340 secs] 235204K->162208K(253440K), [CMS Perm : 2603K->2603K(21248K)], 0.6114251 secs] [Times: user=0.61 sys=0.00, real=0.61 secs] 
90.959: [GC90.959: [ParNew: 69952K->69952K(78656K), 0.0000202 secs]90.959: [CMS: 162208K->163226K(174784K), 0.4445473 secs] 232160K->163226K(253440K), [CMS Perm : 2603K->2603K(21248K)], 0.4449616 secs] [Times: user=0.44 sys=0.00, real=0.45 secs] 
91.404: [GC [1 CMS-initial-mark: 163226K(174784K)] 163230K(253440K), 0.0014137 secs] [Times: user=0.00 sys=0.00, real=0.00 secs] 
91.406: [CMS-concurrent-mark-start]
91.471: [GC91.472: [ParNew: 69952K->69952K(78656K), 0.0000189 secs]91.472: [CMS91.623: [CMS-concurrent-mark: 0.215/0.217 secs] [Times: user=0.34 sys=0.02, real=0.22 secs] 
 (concurrent mode failure): 163226K->166941K(174784K), 0.6128972 secs] 233178K->166941K(253440K), [CMS Perm : 2603K->2603K(21248K)], 0.6132827 secs] [Times: user=0.62 sys=0.00, real=0.61 secs] 
92.159: [GC92.159: [ParNew: 69952K->69952K(78656K), 0.0000199 secs] 236893K->236893K(253440K), 0.0002787 secs] [Times: user=0.00 sys=0.00, real=0.00 secs] 
92.159: [Full GC92.159: [CMS: 166941K->168713K(174784K), 0.4561230 secs] 236893K->168713K(253440K), [CMS Perm : 2603K->2603K(21248K)], 0.4563103 secs] [Times: user=0.45 sys=0.00, real=0.46 secs] 
92.616: [GC [1 CMS-initial-mark: 168713K(174784K)] 168715K(253440K), 0.0014432 secs] [Times: user=0.00 sys=0.00, real=0.00 secs] 
92.618: [CMS-concurrent-mark-start]
92.683: [GC92.684: [ParNew: 69952K->69952K(78656K), 0.0000208 secs]92.684: [CMS92.843: [CMS-concurrent-mark: 0.223/0.225 secs] [Times: user=0.37 sys=0.02, real=0.23 secs] 
 (concurrent mode failure): 168713K->162312K(174784K), 0.6020174 secs] 238665K->162312K(253440K), [CMS Perm : 2603K->2603K(21248K)], 0.6024516 secs] [Times: user=0.59 sys=0.00, real=0.60 secs] 
93.362: [GC93.362: [ParNew: 69952K->69952K(78656K), 0.0000202 secs]93.362: [CMS: 162312K->161532K(174784K), 0.4408664 secs] 232264K->161532K(253440K), [CMS Perm : 2603K->2603K(21248K)], 0.4412538 secs] [Times: user=0.44 sys=0.00, real=0.44 secs] 
93.804: [GC [1 CMS-initial-mark: 161532K(174784K)] 161537K(253440K), 0.0016190 secs] [Times: user=0.00 sys=0.00, real=0.00 secs] 
93.805: [CMS-concurrent-mark-start]
93.870: [GC93.870: [ParNew: 69952K->69952K(78656K), 0.0000221 secs]93.870: [CMS94.019: [CMS-concurrent-mark: 0.211/0.214 secs] [Times: user=0.31 sys=0.00, real=0.21 secs] 
 (concurrent mode failure): 161532K->163741K(174784K), 0.5917630 secs] 231484K->163741K(253440K), [CMS Perm : 2603K->2603K(21248K)], 0.5922133 secs] [Times: user=0.56 sys=0.02, real=0.59 secs] 
94.535: [GC94.536: [ParNew: 69952K->69952K(78656K), 0.0000231 secs]94.536: [CMS: 163741K->164204K(174784K), 0.4465771 secs] 233693K->164204K(253440K), [CMS Perm : 2603K->2603K(21248K)], 0.4470036 secs] [Times: user=0.45 sys=0.00, real=0.45 secs] 
94.984: [GC [1 CMS-initial-mark: 164204K(174784K)] 164206K(253440K), 0.0016639 secs] [Times: user=0.00 sys=0.00, real=0.00 secs] 
94.985: [CMS-concurrent-mark-start]
95.041: [GC95.041: [ParNew: 69952K->69952K(78656K), 0.0000455 secs] 234156K->234156K(253440K), 0.0003589 secs] [Times: user=0.00 sys=0.00, real=0.00 secs] 
95.042: [Full GC95.042: [CMS95.212: [CMS-concurrent-mark: 0.221/0.227 secs] [Times: user=0.34 sys=0.02, real=0.23 secs] 
 (concurrent mode failure): 164204K->165253K(174784K), 0.6236916 secs] 234156K->165253K(253440K), [CMS Perm : 4316K->4316K(21248K)], 0.6238860 secs] [Times: user=0.62 sys=0.00, real=0.62 secs] 
95.666: [GC [1 CMS-initial-mark: 165253K(174784K)] 166150K(253440K), 0.0014644 secs] [Times: user=0.00 sys=0.00, real=0.00 secs] 
95.668: [CMS-concurrent-mark-start]
95.730: [GC95.730: [ParNew: 69952K->69952K(78656K), 0.0000215 secs]95.730: [CMS95.899: [CMS-concurrent-mark: 0.227/0.231 secs] [Times: user=0.31 sys=0.01, real=0.23 secs] 
 (concurrent mode failure): 165253K->166474K(174784K), 0.6239575 secs] 235205K->166474K(253440K), [CMS Perm : 5338K->5338K(21248K)], 0.6242894 secs] [Times: user=0.66 sys=0.01, real=0.63 secs] 
96.355: [GC [1 CMS-initial-mark: 166474K(174784K)] 167021K(253440K), 0.0017489 secs] [Times: user=0.00 sys=0.00, real=0.00 secs] 
96.357: [CMS-concurrent-mark-start]
96.414: [GC96.414: [ParNew: 69952K->69952K(78656K), 0.0000221 secs]96.414: [CMS96.585: [CMS-concurrent-mark: 0.223/0.228 secs] [Times: user=0.34 sys=0.08, real=0.23 secs] 
 (concurrent mode failure): 166474K->167535K(174784K), 0.6301599 secs] 236426K->167535K(253440K), [CMS Perm : 6589K->6589K(21248K)], 0.6304867 secs] [Times: user=0.64 sys=0.06, real=0.63 secs] 
97.045: [GC [1 CMS-initial-mark: 167535K(174784K)] 167654K(253440K), 0.0014897 secs] [Times: user=0.00 sys=0.00, real=0.00 secs] 
97.046: [CMS-concurrent-mark-start]
97.105: [GC97.105: [ParNew: 69952K->69952K(78656K), 0.0000279 secs]97.105: [CMS97.278: [CMS-concurrent-mark: 0.223/0.231 secs] [Times: user=0.34 sys=0.00, real=0.23 secs] 
 (concurrent mode failure): 167535K->167113K(174784K), 0.6336981 secs] 237487K->167113K(253440K), [CMS Perm : 7007K->7007K(21248K)], 0.6341359 secs] [Times: user=0.62 sys=0.00, real=0.63 secs] 
97.748: [GC [1 CMS-initial-mark: 167113K(174784K)] 176119K(253440K), 0.0069872 secs] [Times: user=0.00 sys=0.00, real=0.01 secs] 
97.756: [CMS-concurrent-mark-start]
97.809: [GC97.809: [ParNew: 69952K->69952K(78656K), 0.0000324 secs]97.809: [CMS97.986: [CMS-concurrent-mark: 0.225/0.230 secs] [Times: user=0.36 sys=0.00, real=0.23 secs] 
 (concurrent mode failure): 167113K->164263K(174784K), 0.6237401 secs] 237065K->164263K(253440K), [CMS Perm : 7102K->7102K(21248K)], 0.6242189 secs] [Times: user=0.62 sys=0.00, real=0.62 secs] 
98.434: [GC [1 CMS-initial-mark: 164263K(174784K)] 164369K(253440K), 0.0020311 secs] [Times: user=0.00 sys=0.00, real=0.00 secs] 
98.436: [CMS-concurrent-mark-start]
98.499: [GC98.499: [ParNew: 69952K->69952K(78656K), 0.0000295 secs]98.499: [CMS98.655: [CMS-concurrent-mark: 0.216/0.219 secs] [Times: user=0.34 sys=0.00, real=0.22 secs] 
 (concurrent mode failure): 164263K->160749K(174784K), 0.5992525 secs] 234215K->160749K(253440K), [CMS Perm : 7115K->7115K(21248K)], 0.5996768 secs] [Times: user=0.59 sys=0.00, real=0.60 secs] 
99.130: [GC [1 CMS-initial-mark: 160749K(174784K)] 177757K(253440K), 0.0133519 secs] [Times: user=0.01 sys=0.02, real=0.01 secs] 
99.144: [CMS-concurrent-mark-start]
99.182: [GC99.183: [ParNew: 69952K->69952K(78656K), 0.0000202 secs]99.183: [CMS99.375: [CMS-concurrent-mark: 0.221/0.231 secs] [Times: user=0.31 sys=0.06, real=0.23 secs] 
 (concurrent mode failure): 160749K->161168K(174784K), 0.6348681 secs] 230701K->161168K(253440K), [CMS Perm : 7186K->7186K(21248K)], 0.6351901 secs] [Times: user=0.64 sys=0.06, real=0.63 secs] 
99.877: [GC99.877: [ParNew: 69952K->69952K(78656K), 0.0000192 secs]99.877: [CMS: 161168K->162863K(174784K), 0.4459453 secs] 231120K->162863K(253440K), [CMS Perm : 7212K->7212K(21248K)], 0.4462487 secs] [Times: user=0.47 sys=0.03, real=0.45 secs] 
100.323: [GC [1 CMS-initial-mark: 162863K(174784K)] 162965K(253440K), 0.0014971 secs] [Times: user=0.00 sys=0.00, real=0.00 secs] 
100.325: [CMS-concurrent-mark-start]
100.380: [GC100.380: [ParNew: 69952K->69952K(78656K), 0.0000183 secs]100.380: [CMS100.550: [CMS-concurrent-mark: 0.221/0.225 secs] [Times: user=0.36 sys=0.00, real=0.23 secs] 
 (concurrent mode failure): 162863K->163606K(174784K), 0.6166534 secs] 232815K->163606K(253440K), [CMS Perm : 7232K->7231K(21248K)], 0.6169713 secs] [Times: user=0.56 sys=0.00, real=0.62 secs] 
100.999: [GC [1 CMS-initial-mark: 163606K(174784K)] 164185K(253440K), 0.0023955 secs] [Times: user=0.00 sys=0.00, real=0.00 secs] 
101.001: [CMS-concurrent-mark-start]
101.056: [GC101.056: [ParNew: 69952K->69952K(78656K), 0.0000183 secs]101.056: [CMS101.230: [CMS-concurrent-mark: 0.223/0.229 secs] [Times: user=0.36 sys=0.00, real=0.23 secs] 
 (concurrent mode failure): 163606K->163815K(174784K), 0.6230197 secs] 233558K->163815K(253440K), [CMS Perm : 7255K->7255K(21248K)], 0.6233533 secs] [Times: user=0.62 sys=0.00, real=0.63 secs] 
101.735: [GC101.735: [ParNew: 69952K->69952K(78656K), 0.0000241 secs]101.735: [CMS: 163815K->163759K(174784K), 0.4488154 secs] 233767K->163759K(253440K), [CMS Perm : 7257K->7257K(21248K)], 0.4492391 secs] [Times: user=0.45 sys=0.00, real=0.45 secs] 
102.196: [GC [1 CMS-initial-mark: 163759K(174784K)] 177086K(253440K), 0.0106607 secs] [Times: user=0.02 sys=0.00, real=0.01 secs] 
102.207: [CMS-concurrent-mark-start]
102.264: [GC102.265: [ParNew: 69952K->69952K(78656K), 0.0000228 secs]102.265: [CMS102.429: [CMS-concurrent-mark: 0.218/0.222 secs] [Times: user=0.33 sys=0.00, real=0.22 secs] 
 (concurrent mode failure): 163759K->164059K(174784K), 0.6121460 secs] 233711K->164059K(253440K), [CMS Perm : 7264K->7264K(21248K)], 0.6124915 secs] [Times: user=0.62 sys=0.00, real=0.61 secs] 
102.908: [GC [1 CMS-initial-mark: 164059K(174784K)] 187255K(253440K), 0.0158862 secs] [Times: user=0.01 sys=0.00, real=0.02 secs] 
102.924: [CMS-concurrent-mark-start]
102.963: [GC102.963: [ParNew: 69952K->69952K(78656K), 0.0000215 secs]102.963: [CMS103.142: [CMS-concurrent-mark: 0.215/0.218 secs] [Times: user=0.30 sys=0.00, real=0.22 secs] 
 (concurrent mode failure): 164059K->161073K(174784K), 0.6254822 secs] 234011K->161073K(253440K), [CMS Perm : 7265K->7265K(21248K)], 0.6258921 secs] [Times: user=0.62 sys=0.00, real=0.63 secs] 
103.663: [GC103.663: [ParNew: 69952K->69952K(78656K), 0.0000205 secs]103.663: [CMS: 161073K->168006K(174784K), 0.4593299 secs] 231025K->168006K(253440K), [CMS Perm : 7265K->7265K(21248K)], 0.4597102 secs] [Times: user=0.45 sys=0.00, real=0.46 secs] 
104.123: [GC [1 CMS-initial-mark: 168006K(174784K)] 168008K(253440K), 0.0015096 secs] [Times: user=0.02 sys=0.00, real=0.00 secs] 
104.125: [CMS-concurrent-mark-start]
104.200: [GC104.200: [ParNew: 69952K->69952K(78656K), 0.0000212 secs]104.200: [CMS104.376: [CMS-concurrent-mark: 0.227/0.251 secs] [Times: user=0.33 sys=0.00, real=0.25 secs] 
 (concurrent mode failure): 168006K->169174K(174784K), 0.6376946 secs] 237958K->169174K(253440K), [CMS Perm : 7270K->7270K(21248K)], 0.6380342 secs] [Times: user=0.64 sys=0.00, real=0.64 secs] 
104.903: [GC104.903: [ParNew: 69952K->69952K(78656K), 0.0000253 secs]104.903: [CMS: 169174K->170561K(174784K), 0.4676141 secs] 239126K->170561K(253440K), [CMS Perm : 7276K->7276K(21248K)], 0.4680547 secs] [Times: user=0.47 sys=0.00, real=0.47 secs] 
105.372: [GC [1 CMS-initial-mark: 170561K(174784K)] 170607K(253440K), 0.0016761 secs] [Times: user=0.00 sys=0.00, real=0.00 secs] 
105.373: [CMS-concurrent-mark-start]
105.434: [GC105.434: [ParNew: 69952K->69952K(78656K), 0.0000218 secs]105.434: [CMS105.601: [CMS-concurrent-mark: 0.225/0.227 secs] [Times: user=0.36 sys=0.01, real=0.23 secs] 
 (concurrent mode failure): 170561K->166214K(174784K), 0.6181656 secs] 240513K->166214K(253440K), [CMS Perm : 7276K->7276K(21248K)], 0.6185765 secs] [Times: user=0.61 sys=0.00, real=0.62 secs] 
106.088: [GC [1 CMS-initial-mark: 166214K(174784K)] 179389K(253440K), 0.0091873 secs] [Times: user=0.00 sys=0.00, real=0.01 secs] 
106.098: [CMS-concurrent-mark-start]
106.144: [GC106.144: [ParNew: 69952K->69952K(78656K), 0.0000225 secs]106.144: [CMS106.320: [CMS-concurrent-mark: 0.220/0.222 secs] [Times: user=0.31 sys=0.00, real=0.22 secs] 
 (concurrent mode failure): 166214K->165969K(174784K), 0.6304277 secs] 236166K->165969K(253440K), [CMS Perm : 7296K->7296K(21248K)], 0.6308312 secs] [Times: user=0.62 sys=0.00, real=0.63 secs] 
106.846: [GC106.846: [ParNew: 69952K->69952K(78656K), 0.0000208 secs]106.846: [CMS: 165969K->166672K(174784K), 0.4535659 secs] 235921K->166672K(253440K), [CMS Perm : 7297K->7297K(21248K)], 0.4539703 secs] [Times: user=0.45 sys=0.00, real=0.45 secs] 
107.301: [GC [1 CMS-initial-mark: 166672K(174784K)] 166802K(253440K), 0.0018980 secs] [Times: user=0.00 sys=0.00, real=0.00 secs] 
107.303: [CMS-concurrent-mark-start]
107.370: [GC107.370: [ParNew: 69952K->69952K(78656K), 0.0000263 secs]107.370: [CMS107.528: [CMS-concurrent-mark: 0.223/0.226 secs] [Times: user=0.41 sys=0.02, real=0.23 secs] 
 (concurrent mode failure): 166672K->164569K(174784K), 0.6108404 secs] 236624K->164569K(253440K), [CMS Perm : 7297K->7297K(21248K)], 0.6112872 secs] [Times: user=0.61 sys=0.00, real=0.61 secs] 
108.022: [GC [1 CMS-initial-mark: 164569K(174784K)] 176771K(253440K), 0.0089308 secs] [Times: user=0.02 sys=0.00, real=0.01 secs] 
108.032: [CMS-concurrent-mark-start]
108.075: [GC108.075: [ParNew: 69952K->69952K(78656K), 0.0000231 secs]108.075: [CMS108.252: [CMS-concurrent-mark: 0.217/0.220 secs] [Times: user=0.34 sys=0.00, real=0.22 secs] 
 (concurrent mode failure): 164569K->167885K(174784K), 0.6352183 secs] 234521K->167885K(253440K), [CMS Perm : 7314K->7314K(21248K)], 0.6356516 secs] [Times: user=0.64 sys=0.00, real=0.63 secs] 
108.784: [GC108.784: [ParNew: 69952K->69952K(78656K), 0.0000186 secs]108.784: [CMS: 167885K->167253K(174784K), 0.4548116 secs] 237837K->167253K(253440K), [CMS Perm : 7314K->7314K(21248K)], 0.4551518 secs] [Times: user=0.45 sys=0.00, real=0.46 secs] 
109.241: [GC [1 CMS-initial-mark: 167253K(174784K)] 167316K(253440K), 0.0015205 secs] [Times: user=0.00 sys=0.00, real=0.00 secs] 
109.242: [CMS-concurrent-mark-start]
109.299: [GC109.299: [ParNew: 69952K->69952K(78656K), 0.0000186 secs]109.300: [CMS109.465: [CMS-concurrent-mark: 0.221/0.223 secs] [Times: user=0.31 sys=0.00, real=0.22 secs] 
 (concurrent mode failure): 167253K->168747K(174784K), 0.6287266 secs] 237205K->168747K(253440K), [CMS Perm : 7315K->7315K(21248K)], 0.6291240 secs] [Times: user=0.56 sys=0.00, real=0.63 secs] 
109.995: [GC [1 CMS-initial-mark: 168747K(174784K)] 236494K(253440K), 0.0445117 secs] [Times: user=0.05 sys=0.00, real=0.05 secs] 
110.040: [CMS-concurrent-mark-start]
110.042: [GC110.042: [ParNew: 69952K->69952K(78656K), 0.0000208 secs]110.042: [CMS110.266: [CMS-concurrent-mark: 0.224/0.226 secs] [Times: user=0.22 sys=0.00, real=0.23 secs] 
 (concurrent mode failure): 168747K->165612K(174784K), 0.6846383 secs] 238699K->165612K(253440K), [CMS Perm : 7317K->7317K(21248K)], 0.6850411 secs] [Times: user=0.69 sys=0.00, real=0.68 secs] 
110.803: [GC [1 CMS-initial-mark: 165612K(174784K)] 222225K(253440K), 0.0368763 secs] [Times: user=0.03 sys=0.00, real=0.04 secs] 
110.840: [CMS-concurrent-mark-start]
110.849: [GC110.850: [ParNew: 69952K->69952K(78656K), 0.0000212 secs]110.850: [CMS111.064: [CMS-concurrent-mark: 0.222/0.224 secs] [Times: user=0.27 sys=0.00, real=0.22 secs] 
 (concurrent mode failure): 165612K->168080K(174784K), 0.6802428 secs] 235564K->168080K(253440K), [CMS Perm : 7317K->7317K(21248K)], 0.6807316 secs] [Times: user=0.67 sys=0.00, real=0.68 secs] 
111.591: [GC111.591: [ParNew: 69952K->69952K(78656K), 0.0000202 secs]111.591: [CMS: 168080K->166056K(174784K), 0.4557176 secs] 238032K->166056K(253440K), [CMS Perm : 7317K->7317K(21248K)], 0.4561236 secs] [Times: user=0.45 sys=0.00, real=0.46 secs] 
112.047: [GC [1 CMS-initial-mark: 166056K(174784K)] 166058K(253440K), 0.0016264 secs] [Times: user=0.00 sys=0.02, real=0.00 secs] 
112.049: [CMS-concurrent-mark-start]
112.121: [GC112.121: [ParNew: 69952K->69952K(78656K), 0.0000221 secs]112.121: [CMS112.294: [CMS-concurrent-mark: 0.224/0.244 secs] [Times: user=0.31 sys=0.00, real=0.25 secs] 
 (concurrent mode failure): 166056K->168318K(174784K), 0.6496257 secs] 236008K->168318K(253440K), [CMS Perm : 7325K->7325K(21248K)], 0.6500064 secs] [Times: user=0.66 sys=0.00, real=0.65 secs] 
112.832: [GC112.833: [ParNew: 69952K->69952K(78656K), 0.0000215 secs]112.833: [CMS: 168318K->165645K(174784K), 0.4695467 secs] 238270K->165645K(253440K), [CMS Perm : 7328K->7328K(21248K)], 0.4699919 secs] [Times: user=0.47 sys=0.00, real=0.47 secs] 
113.304: [GC [1 CMS-initial-mark: 165645K(174784K)] 167372K(253440K), 0.0031652 secs] [Times: user=0.00 sys=0.00, real=0.00 secs] 
113.308: [CMS-concurrent-mark-start]
113.370: [GC113.371: [ParNew: 69952K->69952K(78656K), 0.0000225 secs]113.371: [CMS113.531: [CMS-concurrent-mark: 0.220/0.223 secs] [Times: user=0.38 sys=0.02, real=0.22 secs] 
 (concurrent mode failure): 165645K->166973K(174784K), 0.6210935 secs] 235597K->166973K(253440K), [CMS Perm : 7331K->7331K(21248K)], 0.6215348 secs] [Times: user=0.62 sys=0.00, real=0.62 secs] 
113.994: [GC [1 CMS-initial-mark: 166973K(174784K)] 168581K(253440K), 0.0031418 secs] [Times: user=0.00 sys=0.00, real=0.00 secs] 
113.998: [CMS-concurrent-mark-start]
114.091: [GC114.091: [ParNew: 69952K->69952K(78656K), 0.0000208 secs]114.091: [CMS114.256: [CMS-concurrent-mark: 0.226/0.258 secs] [Times: user=0.33 sys=0.00, real=0.26 secs] 
 (concurrent mode failure): 166973K->169779K(174784K), 0.6286708 secs] 236925K->169779K(253440K), [CMS Perm : 7334K->7334K(21248K)], 0.6290316 secs] [Times: user=0.64 sys=0.00, real=0.63 secs] 
114.786: [GC114.786: [ParNew: 69952K->69952K(78656K), 0.0000215 secs]114.786: [CMS: 169779K->162246K(174784K), 0.4824736 secs] 239731K->162246K(253440K), [CMS Perm : 7335K->7335K(21248K)], 0.4828793 secs] [Times: user=0.45 sys=0.00, real=0.48 secs] 
115.275: [GC [1 CMS-initial-mark: 162246K(174784K)] 162279K(253440K), 0.0016530 secs] [Times: user=0.02 sys=0.00, real=0.00 secs] 
115.277: [CMS-concurrent-mark-start]
115.335: [GC115.335: [ParNew: 69952K->69952K(78656K), 0.0000225 secs]115.335: [CMS115.508: [CMS-concurrent-mark: 0.227/0.231 secs] [Times: user=0.31 sys=0.00, real=0.23 secs] 
 (concurrent mode failure): 162246K->163902K(174784K), 0.6191583 secs] 232198K->163902K(253440K), [CMS Perm : 7335K->7335K(21248K)], 0.6195056 secs] [Times: user=0.62 sys=0.00, real=0.62 secs] 
116.025: [GC116.025: [ParNew: 69952K->69952K(78656K), 0.0000212 secs]116.025: [CMS: 163902K->163907K(174784K), 0.4510691 secs] 233854K->163907K(253440K), [CMS Perm : 7335K->7335K(21248K)], 0.4514786 secs] [Times: user=0.45 sys=0.00, real=0.45 secs] 
116.476: [GC [1 CMS-initial-mark: 163907K(174784K)] 163911K(253440K), 0.0014997 secs] [Times: user=0.02 sys=0.00, real=0.00 secs] 
116.478: [CMS-concurrent-mark-start]
116.545: [GC116.546: [ParNew: 69951K->69951K(78656K), 0.0000199 secs]116.546: [CMS116.698: [CMS-concurrent-mark: 0.218/0.220 secs] [Times: user=0.37 sys=0.02, real=0.22 secs] 
 (concurrent mode failure): 163907K->166984K(174784K), 0.6123859 secs] 233859K->166984K(253440K), [CMS Perm : 7335K->7335K(21248K)], 0.6128032 secs] [Times: user=0.59 sys=0.00, real=0.61 secs] 
117.191: [GC [1 CMS-initial-mark: 166984K(174784K)] 181937K(253440K), 0.0112675 secs] [Times: user=0.02 sys=0.00, real=0.01 secs] 
117.202: [CMS-concurrent-mark-start]
117.251: [GC117.251: [ParNew: 69952K->69952K(78656K), 0.0000221 secs]117.251: [CMS117.429: [CMS-concurrent-mark: 0.224/0.227 secs] [Times: user=0.31 sys=0.00, real=0.23 secs] 
 (concurrent mode failure): 166984K->167417K(174784K), 0.6406426 secs] 236936K->167417K(253440K), [CMS Perm : 7335K->7335K(21248K)], 0.6411089 secs] [Times: user=0.64 sys=0.00, real=0.64 secs] 
117.902: [GC [1 CMS-initial-mark: 167417K(174784K)] 167913K(253440K), 0.0022335 secs] [Times: user=0.00 sys=0.00, real=0.00 secs] 
117.905: [CMS-concurrent-mark-start]
117.965: [GC117.965: [ParNew: 69952K->69952K(78656K), 0.0000212 secs]117.966: [CMS118.132: [CMS-concurrent-mark: 0.225/0.227 secs] [Times: user=0.36 sys=0.00, real=0.23 secs] 
 (concurrent mode failure): 167417K->167425K(174784K), 0.6325181 secs] 237369K->167425K(253440K), [CMS Perm : 7335K->7335K(21248K)], 0.6329207 secs] [Times: user=0.62 sys=0.00, real=0.63 secs] 
118.672: [GC118.672: [ParNew: 69952K->69952K(78656K), 0.0000221 secs]118.672: [CMS: 167425K->164277K(174784K), 0.4585172 secs] 237377K->164277K(253440K), [CMS Perm : 7335K->7335K(21248K)], 0.4589726 secs] [Times: user=0.47 sys=0.00, real=0.46 secs] 
119.131: [GC [1 CMS-initial-mark: 164277K(174784K)] 164290K(253440K), 0.0017171 secs] [Times: user=0.00 sys=0.00, real=0.00 secs] 
119.133: [CMS-concurrent-mark-start]
119.192: [GC119.192: [ParNew: 69952K->69952K(78656K), 0.0000212 secs]119.192: [CMS119.357: [CMS-concurrent-mark: 0.221/0.223 secs] [Times: user=0.27 sys=0.00, real=0.22 secs] 
 (concurrent mode failure): 164277K->164543K(174784K), 0.6155793 secs] 234229K->164543K(253440K), [CMS Perm : 7335K->7335K(21248K)], 0.6158904 secs] [Times: user=0.62 sys=0.00, real=0.62 secs] 
119.837: [GC [1 CMS-initial-mark: 164543K(174784K)] 176528K(253440K), 0.0083618 secs] [Times: user=0.00 sys=0.00, real=0.01 secs] 
119.846: [CMS-concurrent-mark-start]
119.891: [GC119.891: [ParNew: 69952K->69952K(78656K), 0.0000237 secs]119.891: [CMS120.068: [CMS-concurrent-mark: 0.220/0.222 secs] [Times: user=0.33 sys=0.00, real=0.22 secs] 
 (concurrent mode failure): 164543K->165237K(174784K), 0.6462838 secs] 234495K->165237K(253440K), [CMS Perm : 7335K->7335K(21248K)], 0.6468113 secs] [Times: user=0.66 sys=0.00, real=0.65 secs] 
120.605: [GC120.606: [ParNew: 69952K->69952K(78656K), 0.0000212 secs]120.606: [CMS: 165237K->166812K(174784K), 0.4668203 secs] 235189K->166812K(253440K), [CMS Perm : 7335K->7335K(21248K)], 0.4672468 secs] [Times: user=0.47 sys=0.00, real=0.47 secs] 
121.073: [GC [1 CMS-initial-mark: 166812K(174784K)] 167250K(253440K), 0.0019602 secs] [Times: user=0.00 sys=0.00, real=0.00 secs] 
121.075: [CMS-concurrent-mark-start]
121.146: [GC121.146: [ParNew: 69952K->69952K(78656K), 0.0000208 secs]121.146: [CMS121.324: [CMS-concurrent-mark: 0.227/0.248 secs] [Times: user=0.36 sys=0.00, real=0.25 secs] 
 (concurrent mode failure): 166812K->168710K(174784K), 0.6406792 secs] 236764K->168710K(253440K), [CMS Perm : 7335K->7335K(21248K)], 0.6410586 secs] [Times: user=0.64 sys=0.00, real=0.64 secs] 
121.852: [GC121.852: [ParNew: 69952K->69952K(78656K), 0.0000199 secs]121.852: [CMS: 168710K->168594K(174784K), 0.4651647 secs] 238662K->168594K(253440K), [CMS Perm : 7335K->7335K(21248K)], 0.4655461 secs] [Times: user=0.47 sys=0.00, real=0.47 secs] 
122.318: [GC [1 CMS-initial-mark: 168594K(174784K)] 168596K(253440K), 0.0014391 secs] [Times: user=0.00 sys=0.00, real=0.00 secs] 
122.320: [CMS-concurrent-mark-start]
122.385: [GC122.385: [ParNew: 69952K->69952K(78656K), 0.0000189 secs]122.385: [CMS122.546: [CMS-concurrent-mark: 0.224/0.226 secs] [Times: user=0.39 sys=0.02, real=0.23 secs] 
 (concurrent mode failure): 168594K->169984K(174784K), 0.6262676 secs] 238546K->169984K(253440K), [CMS Perm : 7335K->7335K(21248K)], 0.6266823 secs] [Times: user=0.62 sys=0.00, real=0.63 secs] 
123.048: [GC [1 CMS-initial-mark: 169984K(174784K)] 181278K(253440K), 0.0087742 secs] [Times: user=0.00 sys=0.00, real=0.01 secs] 
123.057: [CMS-concurrent-mark-start]
123.102: [GC123.102: [ParNew: 69952K->69952K(78656K), 0.0000225 secs]123.102: [CMS123.288: [CMS-concurrent-mark: 0.227/0.231 secs] [Times: user=0.34 sys=0.00, real=0.23 secs] 
 (concurrent mode failure): 169984K->170283K(174784K), 0.6512953 secs] 239936K->170283K(253440K), [CMS Perm : 7337K->7337K(21248K)], 0.6516805 secs] [Times: user=0.66 sys=0.00, real=0.65 secs] 
123.812: [GC [1 CMS-initial-mark: 170283K(174784K)] 205994K(253440K), 0.0237352 secs] [Times: user=0.02 sys=0.00, real=0.02 secs] 
123.836: [CMS-concurrent-mark-start]
123.861: [GC123.861: [ParNew: 69952K->69952K(78656K), 0.0000199 secs]123.861: [CMS124.065: [CMS-concurrent-mark: 0.226/0.230 secs] [Times: user=0.33 sys=0.00, real=0.23 secs] 
 (concurrent mode failure): 170283K->169230K(174784K), 0.6700180 secs] 240235K->169230K(253440K), [CMS Perm : 7337K->7337K(21248K)], 0.6704391 secs] [Times: user=0.67 sys=0.00, real=0.67 secs] 
124.602: [GC124.602: [ParNew: 69952K->69952K(78656K), 0.0000231 secs]124.602: [CMS: 169230K->167173K(174784K), 0.4648597 secs] 239182K->167173K(253440K), [CMS Perm : 7337K->7337K(21248K)], 0.4653575 secs] [Times: user=0.42 sys=0.00, real=0.47 secs] 
125.067: [GC [1 CMS-initial-mark: 167173K(174784K)] 167175K(253440K), 0.0017082 secs] [Times: user=0.00 sys=0.00, real=0.00 secs] 
125.069: [CMS-concurrent-mark-start]
125.144: [GC125.145: [ParNew: 69952K->69952K(78656K), 0.0000208 secs]125.145: [CMS125.316: [CMS-concurrent-mark: 0.223/0.247 secs] [Times: user=0.33 sys=0.00, real=0.25 secs] 
 (concurrent mode failure): 167173K->169402K(174784K), 0.6383136 secs] 237125K->169402K(253440K), [CMS Perm : 7340K->7340K(21248K)], 0.6386519 secs] [Times: user=0.64 sys=0.00, real=0.64 secs] 
125.845: [GC125.845: [ParNew: 69952K->69952K(78656K), 0.0000196 secs]125.845: [CMS: 169402K->164279K(174784K), 0.4559822 secs] 239354K->164279K(253440K), [CMS Perm : 7340K->7340K(21248K)], 0.4564075 secs] [Times: user=0.45 sys=0.00, real=0.46 secs] 
126.302: [GC [1 CMS-initial-mark: 164279K(174784K)] 164281K(253440K), 0.0020122 secs] [Times: user=0.00 sys=0.00, real=0.00 secs] 
126.304: [CMS-concurrent-mark-start]
126.361: [GC126.361: [ParNew: 69952K->69952K(78656K), 0.0000231 secs]126.361: [CMS126.526: [CMS-concurrent-mark: 0.219/0.222 secs] [Times: user=0.30 sys=0.00, real=0.22 secs] 
 (concurrent mode failure): 164279K->164245K(174784K), 0.6177192 secs] 234231K->164245K(253440K), [CMS Perm : 7340K->7340K(21248K)], 0.6180386 secs] [Times: user=0.61 sys=0.00, real=0.62 secs] 
127.016: [GC [1 CMS-initial-mark: 164245K(174784K)] 176588K(253440K), 0.0091870 secs] [Times: user=0.02 sys=0.00, real=0.01 secs] 
127.025: [CMS-concurrent-mark-start]
127.070: [GC127.071: [ParNew: 69952K->69952K(78656K), 0.0000471 secs]127.071: [CMS127.246: [CMS-concurrent-mark: 0.218/0.221 secs] [Times: user=0.25 sys=0.00, real=0.22 secs] 
 (concurrent mode failure): 164245K->164637K(174784K), 0.6390037 secs] 234197K->164637K(253440K), [CMS Perm : 7340K->7340K(21248K)], 0.6396439 secs] [Times: user=0.62 sys=0.00, real=0.64 secs] 
127.779: [GC127.779: [ParNew: 69952K->69952K(78656K), 0.0000202 secs]127.779: [CMS: 164637K->161557K(174784K), 0.4451393 secs] 234589K->161557K(253440K), [CMS Perm : 7340K->7340K(21248K)], 0.4455476 secs] [Times: user=0.44 sys=0.00, real=0.45 secs] 
128.225: [GC [1 CMS-initial-mark: 161557K(174784K)] 161559K(253440K), 0.0017175 secs] [Times: user=0.02 sys=0.00, real=0.00 secs] 
128.227: [CMS-concurrent-mark-start]
128.311: [GC128.311: [ParNew: 69952K->69952K(78656K), 0.0000183 secs] 231509K->231509K(253440K), 0.0002155 secs] [Times: user=0.00 sys=0.00, real=0.00 secs] 
128.311: [Full GC128.311: [CMS128.474: [CMS-concurrent-mark: 0.215/0.247 secs] [Times: user=0.34 sys=0.00, real=0.25 secs] 
 (concurrent mode failure): 161557K->163494K(174784K), 0.6120177 secs] 231509K->163494K(253440K), [CMS Perm : 7340K->7287K(21248K)], 0.6122676 secs] [Times: user=0.61 sys=0.00, real=0.61 secs] 
128.983: [GC128.983: [ParNew: 69952K->69952K(78656K), 0.0000196 secs]128.983: [CMS: 163494K->167111K(174784K), 0.4566195 secs] 233446K->167111K(253440K), [CMS Perm : 7299K->7299K(21248K)], 0.4570268 secs] [Times: user=0.45 sys=0.00, real=0.46 secs] 
129.440: [GC [1 CMS-initial-mark: 167111K(174784K)] 167114K(253440K), 0.0016427 secs] [Times: user=0.02 sys=0.00, real=0.00 secs] 
129.442: [CMS-concurrent-mark-start]
129.509: [GC129.509: [ParNew: 69952K->69952K(78656K), 0.0000205 secs] 237063K->237063K(253440K), 0.0003085 secs] [Times: user=0.00 sys=0.00, real=0.00 secs] 
129.509: [Full GC129.509: [CMS129.665: [CMS-concurrent-mark: 0.220/0.223 secs] [Times: user=0.36 sys=0.00, real=0.22 secs] 
 (concurrent mode failure): 167111K->168076K(174784K), 0.6191711 secs] 237063K->168076K(253440K), [CMS Perm : 7299K->7244K(21248K)], 0.6193725 secs] [Times: user=0.62 sys=0.00, real=0.62 secs] 
130.163: [GC [1 CMS-initial-mark: 168076K(174784K)] 185269K(253440K), 0.0123474 secs] [Times: user=0.02 sys=0.00, real=0.01 secs] 
130.176: [CMS-concurrent-mark-start]
130.216: [GC130.216: [ParNew: 69951K->69951K(78656K), 0.0000196 secs]130.216: [CMS130.403: [CMS-concurrent-mark: 0.224/0.227 secs] [Times: user=0.30 sys=0.00, real=0.23 secs] 
 (concurrent mode failure): 168076K->171062K(174784K), 0.6546048 secs] 238028K->171062K(253440K), [CMS Perm : 7294K->7294K(21248K)], 0.6550622 secs] [Times: user=0.66 sys=0.00, real=0.65 secs] 
130.941: [GC130.942: [ParNew: 69952K->69952K(78656K), 0.0000199 secs]130.942: [CMS: 171062K->163612K(174784K), 0.4550944 secs] 241014K->163612K(253440K), [CMS Perm : 7294K->7294K(21248K)], 0.4555236 secs] [Times: user=0.45 sys=0.00, real=0.46 secs] 
131.397: [GC [1 CMS-initial-mark: 163612K(174784K)] 163616K(253440K), 0.0020314 secs] [Times: user=0.00 sys=0.00, real=0.00 secs] 
131.400: [CMS-concurrent-mark-start]
131.466: [GC131.467: [ParNew: 69952K->69952K(78656K), 0.0000247 secs]131.467: [CMS131.624: [CMS-concurrent-mark: 0.221/0.224 secs] [Times: user=0.34 sys=0.00, real=0.22 secs] 
 (concurrent mode failure): 163612K->163012K(174784K), 0.6138103 secs] 233564K->163012K(253440K), [CMS Perm : 7294K->7294K(21248K)], 0.6142875 secs] [Times: user=0.62 sys=0.00, real=0.61 secs] 
132.086: [GC [1 CMS-initial-mark: 163012K(174784K)] 164446K(253440K), 0.0030096 secs] [Times: user=0.00 sys=0.00, real=0.00 secs] 
132.089: [CMS-concurrent-mark-start]
132.174: [GC132.174: [ParNew: 69952K->69952K(78656K), 0.0000225 secs]132.174: [CMS132.342: [CMS-concurrent-mark: 0.218/0.253 secs] [Times: user=0.33 sys=0.00, real=0.25 secs] 
 (concurrent mode failure): 163012K->166205K(174784K), 0.6261381 secs] 232964K->166205K(253440K), [CMS Perm : 7295K->7295K(21248K)], 0.6265284 secs] [Times: user=0.62 sys=0.00, real=0.63 secs] 
132.866: [GC132.866: [ParNew: 69952K->69952K(78656K), 0.0000362 secs]132.866: [CMS: 166205K->166794K(174784K), 0.4591605 secs] 236157K->166794K(253440K), [CMS Perm : 7295K->7295K(21248K)], 0.4596406 secs] [Times: user=0.47 sys=0.00, real=0.46 secs] 
133.326: [GC [1 CMS-initial-mark: 166794K(174784K)] 166804K(253440K), 0.0017486 secs] [Times: user=0.00 sys=0.00, real=0.00 secs] 
133.328: [CMS-concurrent-mark-start]
133.383: [GC133.383: [ParNew: 69952K->69952K(78656K), 0.0000244 secs]133.383: [CMS133.557: [CMS-concurrent-mark: 0.227/0.229 secs] [Times: user=0.27 sys=0.00, real=0.23 secs] 
 (concurrent mode failure): 166794K->167512K(174784K), 0.6740424 secs] 236746K->167512K(253440K), [CMS Perm : 7297K->7297K(21248K)], 0.6744635 secs] [Times: user=0.61 sys=0.00, real=0.67 secs] 
134.092: [GC [1 CMS-initial-mark: 167512K(174784K)] 179023K(253440K), 0.0111450 secs] [Times: user=0.00 sys=0.00, real=0.01 secs] 
134.105: [CMS-concurrent-mark-start]
134.145: [GC134.145: [ParNew: 69952K->69952K(78656K), 0.0000234 secs]134.145: [CMS134.337: [CMS-concurrent-mark: 0.230/0.233 secs] [Times: user=0.30 sys=0.00, real=0.23 secs] 
 (concurrent mode failure): 167512K->169443K(174784K), 0.6661039 secs] 237464K->169443K(253440K), [CMS Perm : 7297K->7297K(21248K)], 0.6664211 secs] [Times: user=0.67 sys=0.00, real=0.67 secs] 
134.857: [GC [1 CMS-initial-mark: 169443K(174784K)] 211317K(253440K), 0.0281659 secs] [Times: user=0.01 sys=0.00, real=0.03 secs] 
134.885: [CMS-concurrent-mark-start]
134.910: [GC134.910: [ParNew: 69952K->69952K(78656K), 0.0000199 secs]134.910: [CMS135.112: [CMS-concurrent-mark: 0.224/0.227 secs] [Times: user=0.25 sys=0.00, real=0.23 secs] 
 (concurrent mode failure): 169443K->164753K(174784K), 0.6559814 secs] 239395K->164753K(253440K), [CMS Perm : 7297K->7297K(21248K)], 0.6564217 secs] [Times: user=0.66 sys=0.00, real=0.66 secs] 
135.643: [GC135.643: [ParNew: 69952K->69952K(78656K), 0.0000202 secs]135.643: [CMS: 164753K->161504K(174784K), 0.4485415 secs] 234705K->161504K(253440K), [CMS Perm : 7297K->7297K(21248K)], 0.4489523 secs] [Times: user=0.45 sys=0.00, real=0.45 secs] 
136.092: [GC [1 CMS-initial-mark: 161504K(174784K)] 161506K(253440K), 0.0016870 secs] [Times: user=0.00 sys=0.00, real=0.00 secs] 
136.094: [CMS-concurrent-mark-start]
136.170: [GC136.170: [ParNew: 69952K->69952K(78656K), 0.0000205 secs]136.170: [CMS136.337: [CMS-concurrent-mark: 0.219/0.243 secs] [Times: user=0.39 sys=0.02, real=0.24 secs] 
 (concurrent mode failure): 161504K->163675K(174784K), 0.6175502 secs] 231456K->163675K(253440K), [CMS Perm : 7297K->7297K(21248K)], 0.6179171 secs] [Times: user=0.61 sys=0.00, real=0.62 secs] 
136.861: [GC136.862: [ParNew: 69952K->69952K(78656K), 0.0000202 secs]136.862: [CMS: 163675K->162892K(174784K), 0.4612952 secs] 233627K->162892K(253440K), [CMS Perm : 7297K->7297K(21248K)], 0.4616766 secs] [Times: user=0.47 sys=0.00, real=0.46 secs] 
137.324: [GC [1 CMS-initial-mark: 162892K(174784K)] 163155K(253440K), 0.0019458 secs] [Times: user=0.00 sys=0.00, real=0.00 secs] 
137.326: [CMS-concurrent-mark-start]
137.385: [GC137.385: [ParNew: 69952K->69952K(78656K), 0.0000189 secs]137.385: [CMS137.544: [CMS-concurrent-mark: 0.216/0.219 secs] [Times: user=0.34 sys=0.02, real=0.22 secs] 
 (concurrent mode failure): 162892K->162994K(174784K), 0.6107394 secs] 232844K->162994K(253440K), [CMS Perm : 7297K->7297K(21248K)], 0.6111306 secs] [Times: user=0.61 sys=0.00, real=0.61 secs] 
138.024: [GC [1 CMS-initial-mark: 162994K(174784K)] 174661K(253440K), 0.0087925 secs] [Times: user=0.00 sys=0.00, real=0.01 secs] 
138.033: [CMS-concurrent-mark-start]
138.079: [GC138.079: [ParNew: 69952K->69952K(78656K), 0.0000221 secs]138.079: [CMS138.257: [CMS-concurrent-mark: 0.221/0.224 secs] [Times: user=0.33 sys=0.00, real=0.22 secs] 
 (concurrent mode failure): 162994K->163800K(174784K), 0.6306134 secs] 232946K->163800K(253440K), [CMS Perm : 7297K->7297K(21248K)], 0.6309944 secs] [Times: user=0.64 sys=0.00, real=0.63 secs] 
138.787: [GC138.787: [ParNew: 69952K->69952K(78656K), 0.0000199 secs]138.787: [CMS: 163800K->164594K(174784K), 0.4551874 secs] 233752K->164594K(253440K), [CMS Perm : 7297K->7297K(21248K)], 0.4555620 secs] [Times: user=0.45 sys=0.00, real=0.45 secs] 
139.243: [GC [1 CMS-initial-mark: 164594K(174784K)] 164760K(253440K), 0.0017854 secs] [Times: user=0.00 sys=0.00, real=0.00 secs] 
139.245: [CMS-concurrent-mark-start]
139.330: [GC139.330: [ParNew: 69952K->69952K(78656K), 0.0000231 secs]139.330: [CMS139.498: [CMS-concurrent-mark: 0.227/0.253 secs] [Times: user=0.38 sys=0.00, real=0.25 secs] 
 (concurrent mode failure): 164594K->164839K(174784K), 0.6239088 secs] 234546K->164839K(253440K), [CMS Perm : 7300K->7300K(21248K)], 0.6244097 secs] [Times: user=0.62 sys=0.00, real=0.63 secs] 
139.988: [GC [1 CMS-initial-mark: 164839K(174784K)] 178523K(253440K), 0.0105263 secs] [Times: user=0.00 sys=0.00, real=0.01 secs] 
139.999: [CMS-concurrent-mark-start]
140.041: [GC140.041: [ParNew: 69952K->69952K(78656K), 0.0000192 secs]140.041: [CMS140.225: [CMS-concurrent-mark: 0.224/0.226 secs] [Times: user=0.33 sys=0.00, real=0.23 secs] 
 (concurrent mode failure): 164839K->163606K(174784K), 0.6387658 secs] 234791K->163606K(253440K), [CMS Perm : 7300K->7300K(21248K)], 0.6390923 secs] [Times: user=0.59 sys=0.00, real=0.64 secs] 
140.756: [GC140.756: [ParNew: 69952K->69952K(78656K), 0.0000199 secs] 233558K->233558K(253440K), 0.0002771 secs] [Times: user=0.00 sys=0.00, real=0.00 secs] 
140.756: [Full GC140.756: [CMS: 163606K->166148K(174784K), 0.4574501 secs] 233558K->166148K(253440K), [CMS Perm : 7300K->7245K(21248K)], 0.4576525 secs] [Times: user=0.45 sys=0.00, real=0.46 secs] 
141.214: [GC [1 CMS-initial-mark: 166148K(174784K)] 166150K(253440K), 0.0016232 secs] [Times: user=0.00 sys=0.00, real=0.00 secs] 
141.216: [CMS-concurrent-mark-start]
141.291: [GC141.291: [ParNew: 69952K->69952K(78656K), 0.0000196 secs]141.291: [CMS141.467: [CMS-concurrent-mark: 0.226/0.251 secs] [Times: user=0.34 sys=0.01, real=0.25 secs] 
 (concurrent mode failure): 166148K->168373K(174784K), 0.6402440 secs] 236100K->168373K(253440K), [CMS Perm : 7295K->7295K(21248K)], 0.6406324 secs] [Times: user=0.64 sys=0.00, real=0.64 secs] 
142.000: [GC142.001: [ParNew: 69952K->69952K(78656K), 0.0000225 secs]142.001: [CMS: 168373K->166845K(174784K), 0.4609065 secs] 238325K->166845K(253440K), [CMS Perm : 7296K->7296K(21248K)], 0.4613510 secs] [Times: user=0.45 sys=0.00, real=0.46 secs] 
142.462: [GC [1 CMS-initial-mark: 166845K(174784K)] 166847K(253440K), 0.0015074 secs] [Times: user=0.00 sys=0.00, real=0.00 secs] 
142.464: [CMS-concurrent-mark-start]
142.530: [GC142.530: [ParNew: 69952K->69952K(78656K), 0.0000186 secs]142.530: [CMS142.688: [CMS-concurrent-mark: 0.222/0.225 secs] [Times: user=0.42 sys=0.00, real=0.22 secs] 
 (concurrent mode failure): 166845K->169937K(174784K), 0.6264530 secs] 236797K->169937K(253440K), [CMS Perm : 7299K->7299K(21248K)], 0.6268337 secs] [Times: user=0.61 sys=0.00, real=0.63 secs] 
143.195: [GC [1 CMS-initial-mark: 169937K(174784K)] 181801K(253440K), 0.0091479 secs] [Times: user=0.02 sys=0.00, real=0.01 secs] 
143.205: [CMS-concurrent-mark-start]
143.249: [GC143.250: [ParNew: 69952K->69952K(78656K), 0.0000212 secs]143.250: [CMS143.436: [CMS-concurrent-mark: 0.229/0.231 secs] [Times: user=0.30 sys=0.00, real=0.23 secs] 
 (concurrent mode failure): 169937K->170288K(174784K), 0.6585936 secs] 239889K->170288K(253440K), [CMS Perm : 7300K->7300K(21248K)], 0.6590237 secs] [Times: user=0.66 sys=0.00, real=0.66 secs] 
143.937: [GC [1 CMS-initial-mark: 170288K(174784K)] 182173K(253440K), 0.0091421 secs] [Times: user=0.00 sys=0.00, real=0.01 secs] 
143.946: [CMS-concurrent-mark-start]
143.990: [GC143.990: [ParNew: 69952K->69952K(78656K), 0.0000192 secs]143.990: [CMS144.177: [CMS-concurrent-mark: 0.229/0.231 secs] [Times: user=0.34 sys=0.00, real=0.23 secs] 
 (concurrent mode failure): 170288K->169549K(174784K), 0.6531202 secs] 240240K->169549K(253440K), [CMS Perm : 7303K->7303K(21248K)], 0.6535099 secs] [Times: user=0.65 sys=0.00, real=0.65 secs] 
144.715: [GC144.715: [ParNew: 69952K->69952K(78656K), 0.0000225 secs]144.715: [CMS: 169549K->162909K(174784K), 0.4614399 secs] 239501K->162909K(253440K), [CMS Perm : 7303K->7303K(21248K)], 0.4618741 secs] [Times: user=0.45 sys=0.00, real=0.46 secs] 
145.180: [GC [1 CMS-initial-mark: 162909K(174784K)] 165682K(253440K), 0.0035719 secs] [Times: user=0.02 sys=0.00, real=0.00 secs] 
145.183: [CMS-concurrent-mark-start]
145.253: [GC145.253: [ParNew: 69952K->69952K(78656K), 0.0000212 secs]145.253: [CMS145.428: [CMS-concurrent-mark: 0.221/0.244 secs] [Times: user=0.26 sys=0.00, real=0.24 secs] 
 (concurrent mode failure): 162909K->164689K(174784K), 0.6307436 secs] 232861K->164689K(253440K), [CMS Perm : 7303K->7303K(21248K)], 0.6310974 secs] [Times: user=0.64 sys=0.00, real=0.63 secs] 
145.953: [GC145.953: [ParNew: 69952K->69952K(78656K), 0.0000212 secs]145.953: [CMS: 164689K->159380K(174784K), 0.4438487 secs] 234641K->159380K(253440K), [CMS Perm : 7303K->7303K(21248K)], 0.4442612 secs] [Times: user=0.44 sys=0.00, real=0.44 secs] 
146.399: [GC [1 CMS-initial-mark: 159380K(174784K)] 160470K(253440K), 0.0028457 secs] [Times: user=0.00 sys=0.00, real=0.00 secs] 
146.402: [CMS-concurrent-mark-start]
146.461: [GC146.461: [ParNew: 69952K->69952K(78656K), 0.0000273 secs]146.461: [CMS146.618: [CMS-concurrent-mark: 0.213/0.216 secs] [Times: user=0.30 sys=0.01, real=0.22 secs] 
 (concurrent mode failure): 159380K->161003K(174784K), 0.6024029 secs] 229332K->161003K(253440K), [CMS Perm : 7303K->7303K(21248K)], 0.6028638 secs] [Times: user=0.59 sys=0.01, real=0.60 secs] 
147.100: [GC [1 CMS-initial-mark: 161003K(174784K)] 172403K(253440K), 0.0088916 secs] [Times: user=0.01 sys=0.00, real=0.01 secs] 
147.122: [CMS-concurrent-mark-start]
147.154: [GC147.154: [ParNew: 69952K->69952K(78656K), 0.0000202 secs]147.154: [CMS147.338: [CMS-concurrent-mark: 0.214/0.216 secs] [Times: user=0.28 sys=0.00, real=0.22 secs] 
 (concurrent mode failure): 161003K->161310K(174784K), 0.6223193 secs] 230955K->161310K(253440K), [CMS Perm : 7303K->7303K(21248K)], 0.6226429 secs] [Times: user=0.62 sys=0.00, real=0.62 secs] 
147.834: [GC [1 CMS-initial-mark: 161310K(174784K)] 203776K(253440K), 0.0274225 secs] [Times: user=0.03 sys=0.00, real=0.03 secs] 
147.861: [CMS-concurrent-mark-start]
147.881: [GC147.882: [ParNew: 69952K->69952K(78656K), 0.0000189 secs] 231262K->231262K(253440K), 0.0002502 secs] [Times: user=0.00 sys=0.00, real=0.00 secs] 
147.882: [Full GC147.882: [CMS148.084: [CMS-concurrent-mark: 0.220/0.222 secs] [Times: user=0.31 sys=0.00, real=0.22 secs] 
 (concurrent mode failure): 161310K->164981K(174784K), 0.6626603 secs] 231262K->164981K(253440K), [CMS Perm : 7305K->7294K(21248K)], 0.6628784 secs] [Times: user=0.62 sys=0.00, real=0.66 secs] 
148.588: [GC [1 CMS-initial-mark: 164981K(174784K)] 210562K(253440K), 0.0311124 secs] [Times: user=0.03 sys=0.00, real=0.03 secs] 
148.620: [CMS-concurrent-mark-start]
148.640: [GC148.640: [ParNew: 69952K->69952K(78656K), 0.0000202 secs]148.640: [CMS148.846: [CMS-concurrent-mark: 0.224/0.227 secs] [Times: user=0.23 sys=0.00, real=0.23 secs] 
 (concurrent mode failure): 164981K->162261K(174784K), 0.6496725 secs] 234933K->162261K(253440K), [CMS Perm : 7296K->7296K(21248K)], 0.6499990 secs] [Times: user=0.66 sys=0.00, real=0.65 secs] 
149.328: [GC [1 CMS-initial-mark: 162261K(174784K)] 174557K(253440K), 0.0097800 secs] [Times: user=0.01 sys=0.00, real=0.01 secs] 
149.339: [CMS-concurrent-mark-start]
149.383: [GC149.383: [ParNew: 69952K->69952K(78656K), 0.0000244 secs]149.383: [CMS149.568: [CMS-concurrent-mark: 0.226/0.230 secs] [Times: user=0.28 sys=0.00, real=0.23 secs] 
 (concurrent mode failure): 162261K->162387K(174784K), 0.6414197 secs] 232213K->162387K(253440K), [CMS Perm : 7305K->7305K(21248K)], 0.6418386 secs] [Times: user=0.62 sys=0.00, real=0.64 secs] 
150.056: [GC [1 CMS-initial-mark: 162387K(174784K)] 175456K(253440K), 0.0089016 secs] [Times: user=0.02 sys=0.00, real=0.01 secs] 
150.065: [CMS-concurrent-mark-start]
150.110: [GC150.110: [ParNew: 69952K->69952K(78656K), 0.0000237 secs]150.111: [CMS150.289: [CMS-concurrent-mark: 0.221/0.224 secs] [Times: user=0.28 sys=0.00, real=0.22 secs] 
 (concurrent mode failure): 162387K->162110K(174784K), 0.6338854 secs] 232339K->162110K(253440K), [CMS Perm : 7305K->7305K(21248K)], 0.6343629 secs] [Times: user=0.62 sys=0.00, real=0.63 secs] 
150.824: [GC [1 CMS-initial-mark: 162110K(174784K)] 224387K(253440K), 0.0402853 secs] [Times: user=0.03 sys=0.00, real=0.04 secs] 
150.864: [CMS-concurrent-mark-start]
150.869: [GC150.869: [ParNew: 69952K->69952K(78656K), 0.0000208 secs] 232062K->232062K(253440K), 0.0003201 secs] [Times: user=0.00 sys=0.00, real=0.00 secs] 
150.869: [Full GC150.869: [CMS151.085: [CMS-concurrent-mark: 0.217/0.220 secs] [Times: user=0.22 sys=0.00, real=0.22 secs] 
 (concurrent mode failure): 162110K->172187K(174784K), 0.6841784 secs] 232062K->172187K(253440K), [CMS Perm : 7306K->7260K(21248K)], 0.6844144 secs] [Times: user=0.69 sys=0.00, real=0.69 secs] 
151.611: [GC151.611: [ParNew: 69952K->69952K(78656K), 0.0000218 secs]151.611: [CMS: 172187K->172844K(174784K), 0.4770551 secs] 242139K->172844K(253440K), [CMS Perm : 7295K->7295K(21248K)], 0.4774983 secs] [Times: user=0.47 sys=0.00, real=0.48 secs] 
152.089: [GC [1 CMS-initial-mark: 172844K(174784K)] 172915K(253440K), 0.0018996 secs] [Times: user=0.00 sys=0.00, real=0.00 secs] 
152.091: [CMS-concurrent-mark-start]
152.150: [GC152.151: [ParNew: 69952K->69952K(78656K), 0.0000273 secs]152.151: [CMS152.323: [CMS-concurrent-mark: 0.229/0.232 secs] [Times: user=0.36 sys=0.08, real=0.23 secs] 
 (concurrent mode failure): 172844K->169707K(174784K), 0.6357132 secs] 242796K->169707K(253440K), [CMS Perm : 7304K->7304K(21248K)], 0.6360801 secs] [Times: user=0.67 sys=0.06, real=0.64 secs] 
152.830: [GC [1 CMS-initial-mark: 169707K(174784K)] 194216K(253440K), 0.0165687 secs] [Times: user=0.02 sys=0.00, real=0.02 secs] 
152.847: [CMS-concurrent-mark-start]
152.887: [GC152.887: [ParNew: 69952K->69952K(78656K), 0.0000221 secs]152.887: [CMS153.074: [CMS-concurrent-mark: 0.225/0.227 secs] [Times: user=0.25 sys=0.00, real=0.23 secs] 
 (concurrent mode failure): 169707K->168751K(174784K), 0.6489021 secs] 239659K->168751K(253440K), [CMS Perm : 7305K->7305K(21248K)], 0.6493784 secs] [Times: user=0.65 sys=0.00, real=0.65 secs] 
153.537: [GC [1 CMS-initial-mark: 168751K(174784K)] 168907K(253440K), 0.0020154 secs] [Times: user=0.00 sys=0.00, real=0.00 secs] 
153.539: [CMS-concurrent-mark-start]
153.598: [GC153.599: [ParNew: 69952K->69952K(78656K), 0.0000234 secs]153.599: [CMS153.766: [CMS-concurrent-mark: 0.224/0.227 secs] [Times: user=0.34 sys=0.00, real=0.23 secs] 
 (concurrent mode failure): 168751K->168532K(174784K), 0.6270970 secs] 238703K->168532K(253440K), [CMS Perm : 7305K->7305K(21248K)], 0.6275088 secs] [Times: user=0.62 sys=0.00, real=0.63 secs] 
154.257: [GC [1 CMS-initial-mark: 168532K(174784K)] 179162K(253440K), 0.0084696 secs] [Times: user=0.02 sys=0.00, real=0.01 secs] 
154.266: [CMS-concurrent-mark-start]
154.312: [GC154.312: [ParNew: 69952K->69952K(78656K), 0.0000334 secs]154.312: [CMS154.491: [CMS-concurrent-mark: 0.222/0.225 secs] [Times: user=0.28 sys=0.00, real=0.23 secs] 
 (concurrent mode failure): 168532K->170634K(174784K), 0.6456648 secs] 238484K->170634K(253440K), [CMS Perm : 7305K->7305K(21248K)], 0.6461147 secs] [Times: user=0.64 sys=0.00, real=0.65 secs] 
155.016: [GC [1 CMS-initial-mark: 170634K(174784K)] 203286K(253440K), 0.0230033 secs] [Times: user=0.02 sys=0.00, real=0.02 secs] 
155.040: [CMS-concurrent-mark-start]
155.068: [GC155.068: [ParNew: 69952K->69952K(78656K), 0.0000205 secs]155.069: [CMS155.265: [CMS-concurrent-mark: 0.221/0.225 secs] [Times: user=0.30 sys=0.01, real=0.22 secs] 
 (concurrent mode failure): 170634K->169302K(174784K), 0.6562120 secs] 240586K->169302K(253440K), [CMS Perm : 7305K->7305K(21248K)], 0.6565401 secs] [Times: user=0.66 sys=0.00, real=0.66 secs] 
155.798: [GC155.798: [ParNew: 69952K->69952K(78656K), 0.0000212 secs]155.798: [CMS: 169302K->165645K(174784K), 0.4762581 secs] 239254K->165645K(253440K), [CMS Perm : 7305K->7305K(21248K)], 0.4766548 secs] [Times: user=0.40 sys=0.00, real=0.48 secs] 
156.275: [GC [1 CMS-initial-mark: 165645K(174784K)] 165656K(253440K), 0.0015725 secs] [Times: user=0.00 sys=0.00, real=0.00 secs] 
156.276: [CMS-concurrent-mark-start]
156.347: [GC156.347: [ParNew: 69952K->69952K(78656K), 0.0000199 secs]156.347: [CMS156.520: [CMS-concurrent-mark: 0.223/0.243 secs] [Times: user=0.28 sys=0.00, real=0.24 secs] 
 (concurrent mode failure): 165645K->163543K(174784K), 0.6220941 secs] 235597K->163543K(253440K), [CMS Perm : 7305K->7305K(21248K)], 0.6224520 secs] [Times: user=0.62 sys=0.00, real=0.62 secs] 
157.006: [GC [1 CMS-initial-mark: 163543K(174784K)] 175577K(253440K), 0.0087082 secs] [Times: user=0.00 sys=0.00, real=0.01 secs] 
157.015: [CMS-concurrent-mark-start]
157.060: [GC157.060: [ParNew: 69952K->69952K(78656K), 0.0000289 secs]157.060: [CMS157.235: [CMS-concurrent-mark: 0.217/0.220 secs] [Times: user=0.30 sys=0.00, real=0.22 secs] 
 (concurrent mode failure): 163543K->164537K(174784K), 0.6249274 secs] 233495K->164537K(253440K), [CMS Perm : 7307K->7307K(21248K)], 0.6254081 secs] [Times: user=0.62 sys=0.00, real=0.63 secs] 
157.761: [GC157.762: [ParNew: 69952K->69952K(78656K), 0.0000192 secs]157.762: [CMS: 164537K->164028K(174784K), 0.4480171 secs] 234489K->164028K(253440K), [CMS Perm : 7307K->7307K(21248K)], 0.4483888 secs] [Times: user=0.45 sys=0.00, real=0.45 secs] 
158.210: [GC [1 CMS-initial-mark: 164028K(174784K)] 164036K(253440K), 0.0014711 secs] [Times: user=0.00 sys=0.00, real=0.00 secs] 
158.212: [CMS-concurrent-mark-start]
158.291: [GC158.291: [ParNew: 69952K->69952K(78656K), 0.0000378 secs]158.292: [CMS158.461: [CMS-concurrent-mark: 0.221/0.249 secs] [Times: user=0.36 sys=0.00, real=0.25 secs] 
 (concurrent mode failure): 164028K->166147K(174784K), 0.6261907 secs] 233980K->166147K(253440K), [CMS Perm : 7307K->7307K(21248K)], 0.6266082 secs] [Times: user=0.62 sys=0.00, real=0.63 secs] 
158.986: [GC158.987: [ParNew: 69952K->69952K(78656K), 0.0000205 secs]158.987: [CMS: 166147K->166378K(174784K), 0.4582320 secs] 236099K->166378K(253440K), [CMS Perm : 7307K->7307K(21248K)], 0.4586246 secs] [Times: user=0.47 sys=0.00, real=0.46 secs] 
159.445: [GC [1 CMS-initial-mark: 166378K(174784K)] 166382K(253440K), 0.0015574 secs] [Times: user=0.00 sys=0.00, real=0.00 secs] 
159.447: [CMS-concurrent-mark-start]
159.510: [GC159.510: [ParNew: 69952K->69952K(78656K), 0.0000196 secs]159.510: [CMS159.672: [CMS-concurrent-mark: 0.222/0.225 secs] [Times: user=0.39 sys=0.00, real=0.22 secs] 
 (concurrent mode failure): 166378K->165863K(174784K), 0.6179357 secs] 236330K->165863K(253440K), [CMS Perm : 7307K->7307K(21248K)], 0.6183699 secs] [Times: user=0.62 sys=0.00, real=0.62 secs] 
160.160: [GC [1 CMS-initial-mark: 165863K(174784K)] 178853K(253440K), 0.0100273 secs] [Times: user=0.00 sys=0.00, real=0.01 secs] 
160.170: [CMS-concurrent-mark-start]
160.215: [GC160.215: [ParNew: 69952K->69952K(78656K), 0.0000205 secs]160.215: [CMS160.393: [CMS-concurrent-mark: 0.220/0.223 secs] [Times: user=0.31 sys=0.00, real=0.22 secs] 
 (concurrent mode failure): 165863K->169279K(174784K), 0.6425365 secs] 235815K->169279K(253440K), [CMS Perm : 7307K->7307K(21248K)], 0.6429242 secs] [Times: user=0.64 sys=0.00, real=0.64 secs] 
160.885: [GC [1 CMS-initial-mark: 169279K(174784K)] 195462K(253440K), 0.0177076 secs] [Times: user=0.02 sys=0.00, real=0.02 secs] 
160.903: [CMS-concurrent-mark-start]
160.941: [GC160.942: [ParNew: 69952K->69952K(78656K), 0.0000199 secs]160.942: [CMS161.128: [CMS-concurrent-mark: 0.223/0.225 secs] [Times: user=0.31 sys=0.00, real=0.23 secs] 
 (concurrent mode failure): 169279K->172913K(174784K), 0.6625924 secs] 239231K->172913K(253440K), [CMS Perm : 7307K->7307K(21248K)], 0.6630369 secs] [Times: user=0.64 sys=0.00, real=0.66 secs] 
161.675: [GC161.676: [ParNew: 69952K->69952K(78656K), 0.0000202 secs]161.676: [CMS: 172913K->167542K(174784K), 0.4644505 secs] 242865K->167542K(253440K), [CMS Perm : 7307K->7307K(21248K)], 0.4648838 secs] [Times: user=0.47 sys=0.00, real=0.46 secs] 
162.141: [GC [1 CMS-initial-mark: 167542K(174784K)] 167584K(253440K), 0.0016953 secs] [Times: user=0.00 sys=0.00, real=0.00 secs] 
162.142: [CMS-concurrent-mark-start]
162.217: [GC162.217: [ParNew: 69952K->69952K(78656K), 0.0000215 secs]162.217: [CMS162.395: [CMS-concurrent-mark: 0.226/0.253 secs] [Times: user=0.30 sys=0.02, real=0.25 secs] 
 (concurrent mode failure): 167542K->169330K(174784K), 0.6398472 secs] 237494K->169330K(253440K), [CMS Perm : 7307K->7307K(21248K)], 0.6402068 secs] [Times: user=0.64 sys=0.00, real=0.64 secs] 
162.924: [GC162.925: [ParNew: 69952K->69952K(78656K), 0.0000199 secs]162.925: [CMS: 169330K->168876K(174784K), 0.4641596 secs] 239282K->168876K(253440K), [CMS Perm : 7307K->7307K(21248K)], 0.4646583 secs] [Times: user=0.47 sys=0.00, real=0.46 secs] 
163.390: [GC [1 CMS-initial-mark: 168876K(174784K)] 168922K(253440K), 0.0019086 secs] [Times: user=0.00 sys=0.00, real=0.00 secs] 
163.392: [CMS-concurrent-mark-start]
163.456: [GC163.456: [ParNew: 69952K->69952K(78656K), 0.0000208 secs]163.456: [CMS163.620: [CMS-concurrent-mark: 0.226/0.228 secs] [Times: user=0.36 sys=0.02, real=0.23 secs] 
 (concurrent mode failure): 168876K->164598K(174784K), 0.6309502 secs] 238828K->164598K(253440K), [CMS Perm : 7307K->7307K(21248K)], 0.6314466 secs] [Times: user=0.62 sys=0.00, real=0.63 secs] 
164.118: [GC [1 CMS-initial-mark: 164598K(174784K)] 176650K(253440K), 0.0093785 secs] [Times: user=0.02 sys=0.00, real=0.01 secs] 
164.128: [CMS-concurrent-mark-start]
164.171: [GC164.171: [ParNew: 69952K->69952K(78656K), 0.0000212 secs]164.171: [CMS164.351: [CMS-concurrent-mark: 0.221/0.223 secs] [Times: user=0.33 sys=0.00, real=0.22 secs] 
 (concurrent mode failure): 164598K->166480K(174784K), 0.6379367 secs] 234550K->166480K(253440K), [CMS Perm : 7307K->7307K(21248K)], 0.6383062 secs] [Times: user=0.64 sys=0.00, real=0.64 secs] 
164.839: [GC [1 CMS-initial-mark: 166480K(174784K)] 178269K(253440K), 0.0091116 secs] [Times: user=0.00 sys=0.00, real=0.01 secs] 
164.848: [CMS-concurrent-mark-start]
164.895: [GC164.895: [ParNew: 69952K->69952K(78656K), 0.0000353 secs]164.895: [CMS165.074: [CMS-concurrent-mark: 0.221/0.225 secs] [Times: user=0.37 sys=0.00, real=0.23 secs] 
 (concurrent mode failure): 166480K->167846K(174784K), 0.6439255 secs] 236432K->167846K(253440K), [CMS Perm : 7307K->7307K(21248K)], 0.6445868 secs] [Times: user=0.65 sys=0.00, real=0.64 secs] 
165.599: [GC165.599: [ParNew: 69952K->69952K(78656K), 0.0000186 secs]165.599: [CMS: 167846K->166854K(174784K), 0.4650871 secs] 237798K->166854K(253440K), [CMS Perm : 7307K->7307K(21248K)], 0.4654283 secs] [Times: user=0.47 sys=0.00, real=0.47 secs] 
166.067: [GC [1 CMS-initial-mark: 166854K(174784K)] 169303K(253440K), 0.0034346 secs] [Times: user=0.02 sys=0.00, real=0.00 secs] 
166.071: [CMS-concurrent-mark-start]
166.151: [GC166.151: [ParNew: 69952K->69952K(78656K), 0.0000253 secs]166.151: [CMS166.323: [CMS-concurrent-mark: 0.221/0.253 secs] [Times: user=0.36 sys=0.00, real=0.25 secs] 
 (concurrent mode failure): 166854K->169670K(174784K), 0.6337167 secs] 236806K->169670K(253440K), [CMS Perm : 7307K->7307K(21248K)], 0.6341711 secs] [Times: user=0.62 sys=0.00, real=0.63 secs] 
166.842: [GC166.842: [ParNew: 69952K->69952K(78656K), 0.0000350 secs]166.842: [CMS: 169670K->167410K(174784K), 0.4605332 secs] 239622K->167410K(253440K), [CMS Perm : 7307K->7307K(21248K)], 0.4609543 secs] [Times: user=0.47 sys=0.00, real=0.46 secs] 
167.304: [GC [1 CMS-initial-mark: 167410K(174784K)] 168375K(253440K), 0.0026652 secs] [Times: user=0.00 sys=0.00, real=0.00 secs] 
167.307: [CMS-concurrent-mark-start]
167.362: [GC167.363: [ParNew: 69952K->69952K(78656K), 0.0000221 secs]167.363: [CMS167.536: [CMS-concurrent-mark: 0.227/0.229 secs] [Times: user=0.25 sys=0.02, real=0.23 secs] 
 (concurrent mode failure): 167410K->167330K(174784K), 0.6322449 secs] 237362K->167330K(253440K), [CMS Perm : 7310K->7310K(21248K)], 0.6326339 secs] [Times: user=0.61 sys=0.03, real=0.63 secs] 
168.028: [GC [1 CMS-initial-mark: 167330K(174784K)] 185252K(253440K), 0.0127999 secs] [Times: user=0.02 sys=0.00, real=0.01 secs] 
168.041: [CMS-concurrent-mark-start]
168.079: [GC168.079: [ParNew: 69952K->69952K(78656K), 0.0000305 secs]168.080: [CMS168.266: [CMS-concurrent-mark: 0.223/0.225 secs] [Times: user=0.26 sys=0.00, real=0.22 secs] 
 (concurrent mode failure): 167330K->168140K(174784K), 0.6473197 secs] 237282K->168140K(253440K), [CMS Perm : 7310K->7310K(21248K)], 0.6477248 secs] [Times: user=0.66 sys=0.00, real=0.65 secs] 
168.794: [GC168.795: [ParNew: 69952K->69952K(78656K), 0.0000189 secs]168.795: [CMS: 168140K->164678K(174784K), 0.4514004 secs] 238092K->164678K(253440K), [CMS Perm : 7310K->7310K(21248K)], 0.4518840 secs] [Times: user=0.45 sys=0.00, real=0.45 secs] 
169.247: [GC [1 CMS-initial-mark: 164678K(174784K)] 164721K(253440K), 0.0017777 secs] [Times: user=0.00 sys=0.00, real=0.00 secs] 
169.249: [CMS-concurrent-mark-start]
169.324: [GC169.325: [ParNew: 69952K->69952K(78656K), 0.0000285 secs]169.325: [CMS169.492: [CMS-concurrent-mark: 0.219/0.243 secs] [Times: user=0.34 sys=0.00, real=0.24 secs] 
 (concurrent mode failure): 164678K->166469K(174784K), 0.6242397 secs] 234630K->166469K(253440K), [CMS Perm : 7310K->7310K(21248K)], 0.6245845 secs] [Times: user=0.62 sys=0.00, real=0.63 secs] 
170.015: [GC170.015: [ParNew: 69952K->69952K(78656K), 0.0000192 secs]170.015: [CMS: 166469K->164364K(174784K), 0.4536397 secs] 236421K->164364K(253440K), [CMS Perm : 7310K->7310K(21248K)], 0.4541156 secs] [Times: user=0.47 sys=0.00, real=0.45 secs] 
170.469: [GC [1 CMS-initial-mark: 164364K(174784K)] 164379K(253440K), 0.0018377 secs] [Times: user=0.00 sys=0.00, real=0.00 secs] 
170.471: [CMS-concurrent-mark-start]
170.530: [GC170.531: [ParNew: 69952K->69952K(78656K), 0.0000196 secs]170.531: [CMS170.697: [CMS-concurrent-mark: 0.222/0.226 secs] [Times: user=0.28 sys=0.00, real=0.23 secs] 
 (concurrent mode failure): 164364K->164629K(174784K), 0.6164921 secs] 234316K->164629K(253440K), [CMS Perm : 7310K->7310K(21248K)], 0.6168933 secs] [Times: user=0.62 sys=0.00, real=0.62 secs] 
171.181: [GC [1 CMS-initial-mark: 164629K(174784K)] 177983K(253440K), 0.0100000 secs] [Times: user=0.01 sys=0.00, real=0.01 secs] 
171.191: [CMS-concurrent-mark-start]
171.235: [GC171.235: [ParNew: 69951K->69951K(78656K), 0.0000212 secs]171.235: [CMS171.417: [CMS-concurrent-mark: 0.224/0.226 secs] [Times: user=0.27 sys=0.00, real=0.23 secs] 
 (concurrent mode failure): 164629K->164394K(174784K), 0.6339142 secs] 234581K->164394K(253440K), [CMS Perm : 7310K->7310K(21248K)], 0.6343090 secs] [Times: user=0.55 sys=0.00, real=0.63 secs] 
171.903: [GC [1 CMS-initial-mark: 164394K(174784K)] 176338K(253440K), 0.0084792 secs] [Times: user=0.02 sys=0.00, real=0.01 secs] 
171.911: [CMS-concurrent-mark-start]
171.957: [GC171.957: [ParNew: 69952K->69952K(78656K), 0.0000205 secs]171.957: [CMS172.132: [CMS-concurrent-mark: 0.218/0.220 secs] [Times: user=0.28 sys=0.00, real=0.22 secs] 
 (concurrent mode failure): 164394K->163689K(174784K), 0.6206387 secs] 234346K->163689K(253440K), [CMS Perm : 7310K->7310K(21248K)], 0.6210653 secs] [Times: user=0.61 sys=0.00, real=0.62 secs] 
172.652: [GC172.652: [ParNew: 69952K->69952K(78656K), 0.0000205 secs]172.652: [CMS: 163689K->164558K(174784K), 0.4598241 secs] 233641K->164558K(253440K), [CMS Perm : 7310K->7310K(21248K)], 0.4602462 secs] [Times: user=0.45 sys=0.00, real=0.46 secs] 
173.113: [GC [1 CMS-initial-mark: 164558K(174784K)] 164560K(253440K), 0.0017547 secs] [Times: user=0.00 sys=0.00, real=0.00 secs] 
173.115: [CMS-concurrent-mark-start]
173.187: [GC173.187: [ParNew: 69952K->69952K(78656K), 0.0000221 secs]173.187: [CMS173.354: [CMS-concurrent-mark: 0.219/0.240 secs] [Times: user=0.34 sys=0.00, real=0.24 secs] 
 (concurrent mode failure): 164558K->167642K(174784K), 0.6245589 secs] 234510K->167642K(253440K), [CMS Perm : 7310K->7310K(21248K)], 0.6248844 secs] [Times: user=0.62 sys=0.00, real=0.63 secs] 
173.867: [GC [1 CMS-initial-mark: 167642K(174784K)] 198023K(253440K), 0.0206739 secs] [Times: user=0.03 sys=0.00, real=0.02 secs] 
173.889: [CMS-concurrent-mark-start]
173.918: [GC173.918: [ParNew: 69952K->69952K(78656K), 0.0000295 secs]173.918: [CMS174.110: [CMS-concurrent-mark: 0.219/0.222 secs] [Times: user=0.28 sys=0.00, real=0.22 secs] 
 (concurrent mode failure): 167642K->169256K(174784K), 0.6563807 secs] 237594K->169256K(253440K), [CMS Perm : 7310K->7310K(21248K)], 0.6568457 secs] [Times: user=0.65 sys=0.00, real=0.66 secs] 
174.612: [GC [1 CMS-initial-mark: 169256K(174784K)] 203018K(253440K), 0.0222567 secs] [Times: user=0.03 sys=0.00, real=0.02 secs] 
174.634: [CMS-concurrent-mark-start]
174.668: [GC174.669: [ParNew: 69952K->69952K(78656K), 0.0000205 secs]174.669: [CMS174.859: [CMS-concurrent-mark: 0.223/0.225 secs] [Times: user=0.28 sys=0.00, real=0.23 secs] 
 (concurrent mode failure): 169256K->169125K(174784K), 0.6565234 secs] 239208K->169125K(253440K), [CMS Perm : 7310K->7310K(21248K)], 0.6569599 secs] [Times: user=0.66 sys=0.00, real=0.66 secs] 
175.355: [GC [1 CMS-initial-mark: 169125K(174784K)] 180632K(253440K), 0.0092101 secs] [Times: user=0.00 sys=0.00, real=0.01 secs] 
175.364: [CMS-concurrent-mark-start]
175.410: [GC175.410: [ParNew: 69952K->69952K(78656K), 0.0000212 secs]175.410: [CMS175.593: [CMS-concurrent-mark: 0.226/0.229 secs] [Times: user=0.31 sys=0.00, real=0.23 secs] 
 (concurrent mode failure): 169125K->166982K(174784K), 0.6420849 secs] 239077K->166982K(253440K), [CMS Perm : 7310K->7310K(21248K)], 0.6425175 secs] [Times: user=0.64 sys=0.00, real=0.64 secs] 
176.082: [GC [1 CMS-initial-mark: 166982K(174784K)] 180208K(253440K), 0.0100241 secs] [Times: user=0.02 sys=0.00, real=0.01 secs] 
176.092: [CMS-concurrent-mark-start]
176.138: [GC176.138: [ParNew: 69952K->69952K(78656K), 0.0000202 secs]176.138: [CMS176.317: [CMS-concurrent-mark: 0.222/0.225 secs] [Times: user=0.28 sys=0.00, real=0.23 secs] 
 (concurrent mode failure): 166982K->167020K(174784K), 0.6361715 secs] 236934K->167020K(253440K), [CMS Perm : 7310K->7310K(21248K)], 0.6364951 secs] [Times: user=0.64 sys=0.00, real=0.64 secs] 
176.865: [GC [1 CMS-initial-mark: 167020K(174784K)] 231437K(253440K), 0.0419694 secs] [Times: user=0.03 sys=0.02, real=0.04 secs] 
176.907: [CMS-concurrent-mark-start]
176.910: [GC176.911: [ParNew: 69952K->69952K(78656K), 0.0000202 secs]176.911: [CMS177.132: [CMS-concurrent-mark: 0.222/0.225 secs] [Times: user=0.23 sys=0.00, real=0.23 secs] 
 (concurrent mode failure): 167020K->169354K(174784K), 0.6916184 secs] 236972K->169354K(253440K), [CMS Perm : 7310K->7310K(21248K)], 0.6920514 secs] [Times: user=0.70 sys=0.00, real=0.69 secs] 
177.665: [GC177.666: [ParNew: 69952K->69952K(78656K), 0.0000196 secs]177.666: [CMS: 169354K->165715K(174784K), 0.4564062 secs] 239306K->165715K(253440K), [CMS Perm : 7310K->7310K(21248K)], 0.4567965 secs] [Times: user=0.45 sys=0.00, real=0.46 secs] 
178.123: [GC [1 CMS-initial-mark: 165715K(174784K)] 165717K(253440K), 0.0016507 secs] [Times: user=0.00 sys=0.00, real=0.00 secs] 
178.124: [CMS-concurrent-mark-start]
178.204: [GC178.204: [ParNew: 69952K->69952K(78656K), 0.0000279 secs] 235667K->235667K(253440K), 0.0002742 secs] [Times: user=0.00 sys=0.00, real=0.00 secs] 
178.204: [Full GC178.204: [CMS178.373: [CMS-concurrent-mark: 0.221/0.249 secs] [Times: user=0.34 sys=0.00, real=0.25 secs] 
 (concurrent mode failure): 165715K->165681K(174784K), 0.6274078 secs] 235667K->165681K(253440K), [CMS Perm : 7310K->7252K(21248K)], 0.6276182 secs] [Times: user=0.64 sys=0.00, real=0.63 secs] 
178.865: [GC [1 CMS-initial-mark: 165681K(174784K)] 183684K(253440K), 0.0134298 secs] [Times: user=0.01 sys=0.00, real=0.01 secs] 
178.878: [CMS-concurrent-mark-start]
178.921: [GC178.921: [ParNew: 69952K->69952K(78656K), 0.0000208 secs]178.921: [CMS179.103: [CMS-concurrent-mark: 0.224/0.224 secs] [Times: user=0.23 sys=0.02, real=0.23 secs] 
 (concurrent mode failure): 165681K->168721K(174784K), 0.6439521 secs] 235633K->168721K(253440K), [CMS Perm : 7302K->7302K(21248K)], 0.6442834 secs] [Times: user=0.66 sys=0.00, real=0.64 secs] 
179.634: [GC179.634: [ParNew: 69952K->69952K(78656K), 0.0000244 secs]179.634: [CMS: 168721K->167885K(174784K), 0.4623270 secs] 238673K->167885K(253440K), [CMS Perm : 7302K->7302K(21248K)], 0.4627901 secs] [Times: user=0.45 sys=0.00, real=0.46 secs] 
180.097: [GC [1 CMS-initial-mark: 167885K(174784K)] 167887K(253440K), 0.0016841 secs] [Times: user=0.00 sys=0.00, real=0.00 secs] 
180.099: [CMS-concurrent-mark-start]
180.176: [GC180.177: [ParNew: 69952K->69952K(78656K), 0.0000192 secs]180.177: [CMS180.350: [CMS-concurrent-mark: 0.224/0.251 secs] [Times: user=0.39 sys=0.02, real=0.25 secs] 
 (concurrent mode failure): 167885K->168778K(174784K), 0.6408841 secs] 237837K->168778K(253440K), [CMS Perm : 7303K->7303K(21248K)], 0.6412116 secs] [Times: user=0.64 sys=0.00, real=0.64 secs] 
180.866: [GC [1 CMS-initial-mark: 168778K(174784K)] 198406K(253440K), 0.0200488 secs] [Times: user=0.01 sys=0.00, real=0.02 secs] 
180.887: [CMS-concurrent-mark-start]
180.917: [GC180.917: [ParNew: 69952K->69952K(78656K), 0.0000218 secs]180.917: [CMS181.114: [CMS-concurrent-mark: 0.224/0.228 secs] [Times: user=0.30 sys=0.00, real=0.23 secs] 
 (concurrent mode failure): 168778K->170315K(174784K), 0.6654426 secs] 238730K->170315K(253440K), [CMS Perm : 7303K->7303K(21248K)], 0.6658945 secs] [Times: user=0.67 sys=0.00, real=0.67 secs] 
181.653: [GC181.654: [ParNew: 69952K->69952K(78656K), 0.0000202 secs]181.654: [CMS: 170315K->165933K(174784K), 0.4583995 secs] 240267K->165933K(253440K), [CMS Perm : 7303K->7303K(21248K)], 0.4588039 secs] [Times: user=0.47 sys=0.00, real=0.46 secs] 
182.113: [GC [1 CMS-initial-mark: 165933K(174784K)] 165935K(253440K), 0.0015956 secs] [Times: user=0.00 sys=0.00, real=0.00 secs] 
182.114: [CMS-concurrent-mark-start]
182.201: [GC182.202: [ParNew: 69952K->69952K(78656K), 0.0000247 secs]182.202: [CMS182.373: [CMS-concurrent-mark: 0.223/0.259 secs] [Times: user=0.34 sys=0.01, real=0.26 secs] 
 (concurrent mode failure): 165933K->167213K(174784K), 0.6299296 secs] 235885K->167213K(253440K), [CMS Perm : 7306K->7306K(21248K)], 0.6302657 secs] [Times: user=0.62 sys=0.00, real=0.63 secs] 
182.869: [GC [1 CMS-initial-mark: 167213K(174784K)] 184540K(253440K), 0.0126745 secs] [Times: user=0.01 sys=0.00, real=0.01 secs] 
182.882: [CMS-concurrent-mark-start]
182.921: [GC182.921: [ParNew: 69952K->69952K(78656K), 0.0000205 secs]182.921: [CMS183.106: [CMS-concurrent-mark: 0.222/0.224 secs] [Times: user=0.33 sys=0.00, real=0.22 secs] 
 (concurrent mode failure): 167213K->168804K(174784K), 0.6494111 secs] 237165K->168804K(253440K), [CMS Perm : 7306K->7306K(21248K)], 0.6497944 secs] [Times: user=0.62 sys=0.00, real=0.65 secs] 
183.644: [GC183.645: [ParNew: 69952K->69952K(78656K), 0.0000208 secs]183.645: [CMS: 168804K->163856K(174784K), 0.4543866 secs] 238756K->163856K(253440K), [CMS Perm : 7306K->7306K(21248K)], 0.4548632 secs] [Times: user=0.45 sys=0.00, real=0.45 secs] 
184.100: [GC [1 CMS-initial-mark: 163856K(174784K)] 163858K(253440K), 0.0019939 secs] [Times: user=0.00 sys=0.00, real=0.00 secs] 
184.103: [CMS-concurrent-mark-start]
184.180: [GC184.180: [ParNew: 69952K->69952K(78656K), 0.0000212 secs]184.180: [CMS184.346: [CMS-concurrent-mark: 0.219/0.243 secs] [Times: user=0.30 sys=0.00, real=0.24 secs] 
 (concurrent mode failure): 163856K->165938K(174784K), 0.6198978 secs] 233808K->165938K(253440K), [CMS Perm : 7308K->7308K(21248K)], 0.6202186 secs] [Times: user=0.62 sys=0.00, real=0.62 secs] 
184.826: [GC [1 CMS-initial-mark: 165938K(174784K)] 184828K(253440K), 0.0134106 secs] [Times: user=0.02 sys=0.00, real=0.01 secs] 
184.840: [CMS-concurrent-mark-start]
184.889: [GC184.889: [ParNew: 69952K->69952K(78656K), 0.0000189 secs]184.889: [CMS185.062: [CMS-concurrent-mark: 0.219/0.222 secs] [Times: user=0.34 sys=0.00, real=0.22 secs] 
 (concurrent mode failure): 165938K->165162K(174784K), 0.6304261 secs] 235890K->165162K(253440K), [CMS Perm : 7308K->7308K(21248K)], 0.6308934 secs] [Times: user=0.61 sys=0.00, real=0.63 secs] 
185.596: [GC185.596: [ParNew: 69952K->69952K(78656K), 0.0000205 secs]185.596: [CMS: 165162K->164302K(174784K), 0.4562878 secs] 235114K->164302K(253440K), [CMS Perm : 7308K->7308K(21248K)], 0.4566964 secs] [Times: user=0.45 sys=0.00, real=0.46 secs] 
186.053: [GC [1 CMS-initial-mark: 164302K(174784K)] 164584K(253440K), 0.0020462 secs] [Times: user=0.00 sys=0.02, real=0.00 secs] 
186.055: [CMS-concurrent-mark-start]
186.134: [GC186.134: [ParNew: 69952K->69952K(78656K), 0.0000208 secs]186.134: [CMS186.307: [CMS-concurrent-mark: 0.223/0.252 secs] [Times: user=0.33 sys=0.00, real=0.25 secs] 
 (concurrent mode failure): 164302K->166658K(174784K), 0.6332311 secs] 234254K->166658K(253440K), [CMS Perm : 7308K->7308K(21248K)], 0.6336076 secs] [Times: user=0.62 sys=0.00, real=0.63 secs] 
186.840: [GC186.840: [ParNew: 69952K->69952K(78656K), 0.0000196 secs]186.840: [CMS: 166658K->168161K(174784K), 0.4647802 secs] 236610K->168161K(253440K), [CMS Perm : 7308K->7308K(21248K)], 0.4652613 secs] [Times: user=0.42 sys=0.00, real=0.47 secs] 
187.306: [GC [1 CMS-initial-mark: 168161K(174784K)] 168163K(253440K), 0.0019083 secs] [Times: user=0.00 sys=0.00, real=0.00 secs] 
187.308: [CMS-concurrent-mark-start]
187.390: [GC187.390: [ParNew: 69952K->69952K(78656K), 0.0000215 secs]187.390: [CMS187.563: [CMS-concurrent-mark: 0.226/0.255 secs] [Times: user=0.28 sys=0.00, real=0.26 secs] 
 (concurrent mode failure): 168161K->171359K(174784K), 0.6448222 secs] 238113K->171359K(253440K), [CMS Perm : 7308K->7308K(21248K)], 0.6452302 secs] [Times: user=0.61 sys=0.00, real=0.64 secs] 
188.076: [GC [1 CMS-initial-mark: 171359K(174784K)] 182690K(253440K), 0.0088644 secs] [Times: user=0.02 sys=0.00, real=0.01 secs] 
188.085: [CMS-concurrent-mark-start]
188.127: [GC188.127: [ParNew: 69952K->69952K(78656K), 0.0000205 secs]188.127: [CMS188.313: [CMS-concurrent-mark: 0.225/0.228 secs] [Times: user=0.25 sys=0.00, real=0.23 secs] 
 (concurrent mode failure): 171359K->172414K(174784K), 0.6624192 secs] 241311K->172414K(253440K), [CMS Perm : 7308K->7308K(21248K)], 0.6628707 secs] [Times: user=0.65 sys=0.00, real=0.66 secs] 
188.873: [GC [1 CMS-initial-mark: 172414K(174784K)] 232604K(253440K), 0.0389501 secs] [Times: user=0.05 sys=0.00, real=0.04 secs] 
188.913: [CMS-concurrent-mark-start]
188.919: [GC188.919: [ParNew: 69952K->69952K(78656K), 0.0000186 secs]188.919: [CMS189.143: [CMS-concurrent-mark: 0.227/0.230 secs] [Times: user=0.23 sys=0.00, real=0.23 secs] 
 (concurrent mode failure): 172414K->167772K(174784K), 0.6851268 secs] 242366K->167772K(253440K), [CMS Perm : 7308K->7308K(21248K)], 0.6855354 secs] [Times: user=0.69 sys=0.00, real=0.69 secs] 
189.670: [GC189.670: [ParNew: 69952K->69952K(78656K), 0.0000208 secs]189.670: [CMS: 167772K->167015K(174784K), 0.4607394 secs] 237724K->167015K(253440K), [CMS Perm : 7308K->7308K(21248K)], 0.4611936 secs] [Times: user=0.47 sys=0.00, real=0.46 secs] 
190.131: [GC [1 CMS-initial-mark: 167015K(174784K)] 167018K(253440K), 0.0018942 secs] [Times: user=0.00 sys=0.00, real=0.00 secs] 
190.134: [CMS-concurrent-mark-start]
190.206: [GC190.206: [ParNew: 69952K->69952K(78656K), 0.0000279 secs]190.206: [CMS190.379: [CMS-concurrent-mark: 0.223/0.245 secs] [Times: user=0.37 sys=0.00, real=0.25 secs] 
 (concurrent mode failure): 167015K->168858K(174784K), 0.6373055 secs] 236967K->168858K(253440K), [CMS Perm : 7308K->7308K(21248K)], 0.6377218 secs] [Times: user=0.64 sys=0.00, real=0.64 secs] 
190.917: [GC190.917: [ParNew: 69952K->69952K(78656K), 0.0000199 secs]190.917: [CMS: 168858K->163428K(174784K), 0.4534488 secs] 238810K->163428K(253440K), [CMS Perm : 7308K->7308K(21248K)], 0.4538417 secs] [Times: user=0.45 sys=0.00, real=0.46 secs] 
191.371: [GC [1 CMS-initial-mark: 163428K(174784K)] 163430K(253440K), 0.0019872 secs] [Times: user=0.02 sys=0.00, real=0.00 secs] 
191.373: [CMS-concurrent-mark-start]
191.438: [GC191.439: [ParNew: 69952K->69952K(78656K), 0.0000321 secs]191.439: [CMS191.594: [CMS-concurrent-mark: 0.218/0.221 secs] [Times: user=0.37 sys=0.00, real=0.22 secs] 
 (concurrent mode failure): 163428K->162366K(174784K), 0.6066768 secs] 233380K->162366K(253440K), [CMS Perm : 7308K->7308K(21248K)], 0.6073285 secs] [Times: user=0.59 sys=0.00, real=0.61 secs] 
192.086: [GC [1 CMS-initial-mark: 162366K(174784K)] 173881K(253440K), 0.0086925 secs] [Times: user=0.02 sys=0.00, real=0.01 secs] 
192.095: [CMS-concurrent-mark-start]
192.141: [GC192.142: [ParNew: 69952K->69952K(78656K), 0.0000260 secs]192.142: [CMS192.318: [CMS-concurrent-mark: 0.219/0.222 secs] [Times: user=0.33 sys=0.00, real=0.22 secs] 
 (concurrent mode failure): 162366K->163216K(174784K), 0.6279966 secs] 232318K->163216K(253440K), [CMS Perm : 7308K->7308K(21248K)], 0.6285316 secs] [Times: user=0.62 sys=0.00, real=0.63 secs] 
192.841: [GC192.841: [ParNew: 69952K->69952K(78656K), 0.0000212 secs]192.841: [CMS: 163216K->162051K(174784K), 0.4471031 secs] 233168K->162051K(253440K), [CMS Perm : 7308K->7308K(21248K)], 0.4475101 secs] [Times: user=0.44 sys=0.00, real=0.45 secs] 
193.289: [GC [1 CMS-initial-mark: 162051K(174784K)] 162099K(253440K), 0.0016430 secs] [Times: user=0.00 sys=0.00, real=0.00 secs] 
193.291: [CMS-concurrent-mark-start]
193.363: [GC193.363: [ParNew: 69952K->69952K(78656K), 0.0000199 secs]193.363: [CMS193.532: [CMS-concurrent-mark: 0.218/0.241 secs] [Times: user=0.41 sys=0.00, real=0.24 secs] 
 (concurrent mode failure): 162051K->164418K(174784K), 0.6241076 secs] 232003K->164418K(253440K), [CMS Perm : 7308K->7308K(21248K)], 0.6244758 secs] [Times: user=0.62 sys=0.00, real=0.63 secs] 
194.049: [GC194.049: [ParNew: 69952K->69952K(78656K), 0.0000202 secs]194.049: [CMS: 164418K->165632K(174784K), 0.4547131 secs] 234370K->165632K(253440K), [CMS Perm : 7311K->7311K(21248K)], 0.4551929 secs] [Times: user=0.45 sys=0.03, real=0.45 secs] 
194.505: [GC [1 CMS-initial-mark: 165632K(174784K)] 165636K(253440K), 0.0018066 secs] [Times: user=0.00 sys=0.00, real=0.00 secs] 
194.507: [CMS-concurrent-mark-start]
194.572: [GC194.572: [ParNew: 69952K->69952K(78656K), 0.0000282 secs]194.572: [CMS194.729: [CMS-concurrent-mark: 0.220/0.222 secs] [Times: user=0.41 sys=0.02, real=0.22 secs] 
 (concurrent mode failure): 165632K->166529K(174784K), 0.6175502 secs] 235584K->166529K(253440K), [CMS Perm : 7311K->7311K(21248K)], 0.6180986 secs] [Times: user=0.61 sys=0.00, real=0.62 secs] 
195.191: [GC [1 CMS-initial-mark: 166529K(174784K)] 166610K(253440K), 0.0018095 secs] [Times: user=0.00 sys=0.00, real=0.00 secs] 
195.193: [CMS-concurrent-mark-start]
195.262: [GC195.262: [ParNew: 69952K->69952K(78656K), 0.0000289 secs]195.262: [CMS195.437: [CMS-concurrent-mark: 0.223/0.243 secs] [Times: user=0.39 sys=0.02, real=0.24 secs] 
 (concurrent mode failure): 166529K->168696K(174784K), 0.6405919 secs] 236481K->168696K(253440K), [CMS Perm : 7311K->7311K(21248K)], 0.6409156 secs] [Times: user=0.64 sys=0.00, real=0.64 secs] 
195.978: [GC195.979: [ParNew: 69952K->69952K(78656K), 0.0000192 secs]195.979: [CMS: 168696K->160678K(174784K), 0.4484308 secs] 238648K->160678K(253440K), [CMS Perm : 7311K->7311K(21248K)], 0.4488404 secs] [Times: user=0.45 sys=0.00, real=0.45 secs] 
196.428: [GC [1 CMS-initial-mark: 160678K(174784K)] 160693K(253440K), 0.0018698 secs] [Times: user=0.00 sys=0.00, real=0.00 secs] 
196.430: [CMS-concurrent-mark-start]
196.497: [GC196.497: [ParNew: 69952K->69952K(78656K), 0.0000189 secs]196.497: [CMS196.647: [CMS-concurrent-mark: 0.214/0.217 secs] [Times: user=0.34 sys=0.03, real=0.22 secs] 
 (concurrent mode failure): 160678K->165267K(174784K), 0.6066265 secs] 230630K->165267K(253440K), [CMS Perm : 7311K->7311K(21248K)], 0.6070267 secs] [Times: user=0.61 sys=0.00, real=0.61 secs] 
197.137: [GC [1 CMS-initial-mark: 165267K(174784K)] 177469K(253440K), 0.0091861 secs] [Times: user=0.02 sys=0.00, real=0.01 secs] 
197.147: [CMS-concurrent-mark-start]
197.192: [GC197.192: [ParNew: 69952K->69952K(78656K), 0.0000199 secs]197.192: [CMS197.371: [CMS-concurrent-mark: 0.222/0.224 secs] [Times: user=0.28 sys=0.00, real=0.22 secs] 
 (concurrent mode failure): 165267K->166111K(174784K), 0.6380060 secs] 235219K->166111K(253440K), [CMS Perm : 7311K->7311K(21248K)], 0.6384216 secs] [Times: user=0.62 sys=0.00, real=0.64 secs] 
197.895: [GC197.895: [ParNew: 69952K->69952K(78656K), 0.0000199 secs]197.895: [CMS: 166111K->168469K(174784K), 0.4647019 secs] 236063K->168469K(253440K), [CMS Perm : 7311K->7311K(21248K)], 0.4651256 secs] [Times: user=0.45 sys=0.00, real=0.46 secs] 
198.361: [GC [1 CMS-initial-mark: 168469K(174784K)] 168473K(253440K), 0.0016761 secs] [Times: user=0.02 sys=0.00, real=0.00 secs] 
198.363: [CMS-concurrent-mark-start]
198.430: [GC198.430: [ParNew: 69952K->69952K(78656K), 0.0000192 secs]198.430: [CMS198.590: [CMS-concurrent-mark: 0.225/0.227 secs] [Times: user=0.33 sys=0.03, real=0.23 secs] 
 (concurrent mode failure): 168469K->171099K(174784K), 0.6309078 secs] 238421K->171099K(253440K), [CMS Perm : 7311K->7311K(21248K)], 0.6313446 secs] [Times: user=0.62 sys=0.00, real=0.63 secs] 
199.104: [GC [1 CMS-initial-mark: 171099K(174784K)] 187981K(253440K), 0.0126014 secs] [Times: user=0.02 sys=0.00, real=0.01 secs] 
199.117: [CMS-concurrent-mark-start]
199.158: [GC199.158: [ParNew: 69952K->69952K(78656K), 0.0000199 secs]199.158: [CMS199.344: [CMS-concurrent-mark: 0.225/0.227 secs] [Times: user=0.31 sys=0.00, real=0.23 secs] 
 (concurrent mode failure): 171099K->172908K(174784K), 0.6621898 secs] 241051K->172908K(253440K), [CMS Perm : 7311K->7311K(21248K)], 0.6625933 secs] [Times: user=0.66 sys=0.00, real=0.66 secs] 
199.825: [GC [1 CMS-initial-mark: 172908K(174784K)] 173652K(253440K), 0.0022287 secs] [Times: user=0.00 sys=0.00, real=0.00 secs] 
199.827: [CMS-concurrent-mark-start]
199.915: [GC199.915: [ParNew: 69952K->69952K(78656K), 0.0000212 secs]199.915: [CMS200.084: [CMS-concurrent-mark: 0.224/0.256 secs] [Times: user=0.41 sys=0.00, real=0.26 secs] 
 (concurrent mode failure): 172908K->170632K(174784K), 0.6402234 secs] 242860K->170632K(253440K), [CMS Perm : 7311K->7311K(21248K)], 0.6407642 secs] [Times: user=0.64 sys=0.00, real=0.64 secs] 
200.627: [GC200.627: [ParNew: 69952K->69952K(78656K), 0.0000186 secs]200.627: [CMS: 170632K->172806K(174784K), 0.4741311 secs] 240584K->172806K(253440K), [CMS Perm : 7311K->7311K(21248K)], 0.4745089 secs] [Times: user=0.47 sys=0.00, real=0.47 secs] 
201.101: [GC [1 CMS-initial-mark: 172806K(174784K)] 172808K(253440K), 0.0015395 secs] [Times: user=0.00 sys=0.00, real=0.00 secs] 
201.103: [CMS-concurrent-mark-start]
201.177: [GC201.178: [ParNew: 69952K->69952K(78656K), 0.0000285 secs]201.178: [CMS201.356: [CMS-concurrent-mark: 0.230/0.253 secs] [Times: user=0.41 sys=0.00, real=0.25 secs] 
 (concurrent mode failure): 172806K->172905K(174784K), 0.6516658 secs] 242758K->172905K(253440K), [CMS Perm : 7311K->7311K(21248K)], 0.6520003 secs] [Times: user=0.64 sys=0.00, real=0.65 secs] 
201.875: [GC [1 CMS-initial-mark: 172905K(174784K)] 201802K(253440K), 0.0199600 secs] [Times: user=0.01 sys=0.00, real=0.02 secs] 
201.896: [CMS-concurrent-mark-start]
201.927: [GC201.927: [ParNew: 69952K->69952K(78656K), 0.0000202 secs] 242857K->242857K(253440K), 0.0003602 secs] [Times: user=0.00 sys=0.00, real=0.00 secs] 
201.928: [Full GC201.928: [CMS202.128: [CMS-concurrent-mark: 0.230/0.233 secs] [Times: user=0.28 sys=0.00, real=0.23 secs] 
 (concurrent mode failure): 172905K->170522K(174784K), 0.6707056 secs] 242857K->170522K(253440K), [CMS Perm : 7311K->7296K(21248K)], 0.6709012 secs] [Times: user=0.67 sys=0.00, real=0.67 secs] 
202.666: [GC202.666: [ParNew: 69952K->69952K(78656K), 0.0000199 secs]202.666: [CMS: 170522K->169115K(174784K), 0.4659861 secs] 240474K->169115K(253440K), [CMS Perm : 7299K->7299K(21248K)], 0.4663623 secs] [Times: user=0.42 sys=0.00, real=0.47 secs] 
203.133: [GC [1 CMS-initial-mark: 169115K(174784K)] 169132K(253440K), 0.0015244 secs] [Times: user=0.00 sys=0.00, real=0.00 secs] 
203.135: [CMS-concurrent-mark-start]
203.209: [GC203.209: [ParNew: 69952K->69952K(78656K), 0.0000196 secs]203.209: [CMS203.384: [CMS-concurrent-mark: 0.226/0.249 secs] [Times: user=0.31 sys=0.03, real=0.25 secs] 
 (concurrent mode failure): 169115K->171527K(174784K), 0.6510461 secs] 239067K->171527K(253440K), [CMS Perm : 7308K->7308K(21248K)], 0.6513771 secs] [Times: user=0.66 sys=0.00, real=0.65 secs] 
203.932: [GC203.932: [ParNew: 69952K->69952K(78656K), 0.0000196 secs]203.932: [CMS: 171527K->164744K(174784K), 0.4581262 secs] 241479K->164744K(253440K), [CMS Perm : 7308K->7308K(21248K)], 0.4585890 secs] [Times: user=0.45 sys=0.00, real=0.46 secs] 
204.391: [GC [1 CMS-initial-mark: 164744K(174784K)] 164746K(253440K), 0.0017114 secs] [Times: user=0.00 sys=0.00, real=0.00 secs] 
204.393: [CMS-concurrent-mark-start]
204.452: [GC204.452: [ParNew: 69952K->69952K(78656K), 0.0000212 secs]204.452: [CMS204.613: [CMS-concurrent-mark: 0.217/0.220 secs] [Times: user=0.34 sys=0.00, real=0.22 secs] 
 (concurrent mode failure): 164744K->165191K(174784K), 0.6128657 secs] 234696K->165191K(253440K), [CMS Perm : 7308K->7308K(21248K)], 0.6132208 secs] [Times: user=0.61 sys=0.00, real=0.61 secs] 
205.101: [GC [1 CMS-initial-mark: 165191K(174784K)] 177160K(253440K), 0.0094657 secs] [Times: user=0.00 sys=0.00, real=0.01 secs] 
205.110: [CMS-concurrent-mark-start]
205.156: [GC205.156: [ParNew: 69952K->69952K(78656K), 0.0000225 secs]205.156: [CMS205.335: [CMS-concurrent-mark: 0.222/0.225 secs] [Times: user=0.33 sys=0.00, real=0.22 secs] 
 (concurrent mode failure): 165191K->165364K(174784K), 0.6334120 secs] 235143K->165364K(253440K), [CMS Perm : 7308K->7308K(21248K)], 0.6338443 secs] [Times: user=0.64 sys=0.00, real=0.63 secs] 
205.880: [GC [1 CMS-initial-mark: 165364K(174784K)] 232686K(253440K), 0.0432943 secs] [Times: user=0.03 sys=0.00, real=0.04 secs] 
205.924: [CMS-concurrent-mark-start]
205.926: [GC205.926: [ParNew: 69952K->69952K(78656K), 0.0000186 secs]205.926: [CMS206.146: [CMS-concurrent-mark: 0.220/0.222 secs] [Times: user=0.23 sys=0.00, real=0.22 secs] 
 (concurrent mode failure): 165364K->158424K(174784K), 0.6608858 secs] 235316K->158424K(253440K), [CMS Perm : 7308K->7308K(21248K)], 0.6613508 secs] [Times: user=0.67 sys=0.00, real=0.66 secs] 
206.649: [GC206.649: [ParNew: 69952K->69952K(78656K), 0.0000257 secs]206.649: [CMS: 158424K->161535K(174784K), 0.4465745 secs] 228376K->161535K(253440K), [CMS Perm : 7308K->7308K(21248K)], 0.4471031 secs] [Times: user=0.42 sys=0.00, real=0.45 secs] 
207.096: [GC [1 CMS-initial-mark: 161535K(174784K)] 161542K(253440K), 0.0018416 secs] [Times: user=0.01 sys=0.00, real=0.00 secs] 
207.098: [CMS-concurrent-mark-start]
207.178: [GC207.179: [ParNew: 69952K->69952K(78656K), 0.0000196 secs]207.179: [CMS207.343: [CMS-concurrent-mark: 0.215/0.244 secs] [Times: user=0.33 sys=0.00, real=0.24 secs] 
 (concurrent mode failure): 161535K->160409K(174784K), 0.6064921 secs] 231487K->160409K(253440K), [CMS Perm : 7308K->7308K(21248K)], 0.6068920 secs] [Times: user=0.61 sys=0.00, real=0.61 secs] 
207.861: [GC207.861: [ParNew: 69952K->69952K(78656K), 0.0000189 secs]207.862: [CMS: 160409K->162138K(174784K), 0.4477272 secs] 230361K->162138K(253440K), [CMS Perm : 7308K->7308K(21248K)], 0.4481579 secs] [Times: user=0.44 sys=0.00, real=0.45 secs] 
208.330: [GC [1 CMS-initial-mark: 162138K(174784K)] 162186K(253440K), 0.0020911 secs] [Times: user=0.00 sys=0.00, real=0.00 secs] 
208.333: [CMS-concurrent-mark-start]
208.389: [GC208.389: [ParNew: 69952K->69952K(78656K), 0.0000192 secs]208.389: [CMS208.552: [CMS-concurrent-mark: 0.217/0.219 secs] [Times: user=0.30 sys=0.00, real=0.22 secs] 
 (concurrent mode failure): 162138K->164192K(174784K), 0.6143558 secs] 232090K->164192K(253440K), [CMS Perm : 7309K->7309K(21248K)], 0.6148587 secs] [Times: user=0.62 sys=0.00, real=0.61 secs] 
209.034: [GC [1 CMS-initial-mark: 164192K(174784K)] 175297K(253440K), 0.0086242 secs] [Times: user=0.00 sys=0.00, real=0.01 secs] 
209.043: [CMS-concurrent-mark-start]
209.092: [GC209.092: [ParNew: 69952K->69952K(78656K), 0.0000205 secs]209.092: [CMS209.265: [CMS-concurrent-mark: 0.219/0.222 secs] [Times: user=0.34 sys=0.00, real=0.22 secs] 
 (concurrent mode failure): 164192K->165294K(174784K), 0.6372613 secs] 234144K->165294K(253440K), [CMS Perm : 7309K->7309K(21248K)], 0.6377500 secs] [Times: user=0.64 sys=0.00, real=0.64 secs] 
209.806: [GC209.806: [ParNew: 69952K->69952K(78656K), 0.0000196 secs]209.806: [CMS: 165294K->168008K(174784K), 0.4614299 secs] 235246K->168008K(253440K), [CMS Perm : 7309K->7309K(21248K)], 0.4618052 secs] [Times: user=0.47 sys=0.00, real=0.46 secs] 
210.268: [GC [1 CMS-initial-mark: 168008K(174784K)] 168010K(253440K), 0.0015735 secs] [Times: user=0.00 sys=0.00, real=0.00 secs] 
210.269: [CMS-concurrent-mark-start]
210.343: [GC210.343: [ParNew: 69952K->69952K(78656K), 0.0000199 secs]210.343: [CMS210.525: [CMS-concurrent-mark: 0.230/0.255 secs] [Times: user=0.39 sys=0.02, real=0.25 secs] 
 (concurrent mode failure): 168008K->169767K(174784K), 0.6492347 secs] 237960K->169767K(253440K), [CMS Perm : 7309K->7309K(21248K)], 0.6495634 secs] [Times: user=0.64 sys=0.00, real=0.65 secs] 
211.015: [GC [1 CMS-initial-mark: 169767K(174784K)] 191171K(253440K), 0.0146912 secs] [Times: user=0.02 sys=0.00, real=0.01 secs] 
211.030: [CMS-concurrent-mark-start]
211.077: [GC211.077: [ParNew: 69952K->69952K(78656K), 0.0000208 secs]211.077: [CMS211.258: [CMS-concurrent-mark: 0.225/0.227 secs] [Times: user=0.33 sys=0.00, real=0.23 secs] 
 (concurrent mode failure): 169767K->167124K(174784K), 0.6438444 secs] 239719K->167124K(253440K), [CMS Perm : 7309K->7309K(21248K)], 0.6443412 secs] [Times: user=0.64 sys=0.00, real=0.65 secs] 
211.798: [GC211.798: [ParNew: 69952K->69952K(78656K), 0.0000192 secs]211.798: [CMS: 167124K->171308K(174784K), 0.4726179 secs] 237076K->171308K(253440K), [CMS Perm : 7309K->7309K(21248K)], 0.4730220 secs] [Times: user=0.47 sys=0.00, real=0.47 secs] 
212.272: [GC [1 CMS-initial-mark: 171308K(174784K)] 171379K(253440K), 0.0019141 secs] [Times: user=0.00 sys=0.00, real=0.00 secs] 
212.274: [CMS-concurrent-mark-start]
212.347: [GC212.347: [ParNew: 69952K->69952K(78656K), 0.0000196 secs] 241260K->241260K(253440K), 0.0002316 secs] [Times: user=0.00 sys=0.00, real=0.00 secs] 
212.347: [Full GC212.347: [CMS212.523: [CMS-concurrent-mark: 0.229/0.249 secs] [Times: user=0.37 sys=0.02, real=0.25 secs] 
 (concurrent mode failure): 171308K->170335K(174784K), 0.6463896 secs] 241260K->170335K(253440K), [CMS Perm : 7309K->7253K(21248K)], 0.6465750 secs] [Times: user=0.64 sys=0.00, real=0.65 secs] 
213.024: [GC [1 CMS-initial-mark: 170335K(174784K)] 184920K(253440K), 0.0107730 secs] [Times: user=0.01 sys=0.00, real=0.01 secs] 
213.036: [CMS-concurrent-mark-start]
213.080: [GC213.080: [ParNew: 69952K->69952K(78656K), 0.0000282 secs]213.080: [CMS213.266: [CMS-concurrent-mark: 0.228/0.231 secs] [Times: user=0.31 sys=0.01, real=0.23 secs] 
 (concurrent mode failure): 170335K->172005K(174784K), 0.6612809 secs] 240287K->172005K(253440K), [CMS Perm : 7303K->7303K(21248K)], 0.6616882 secs] [Times: user=0.66 sys=0.00, real=0.66 secs] 
213.815: [GC213.816: [ParNew: 69952K->69952K(78656K), 0.0000196 secs]213.816: [CMS: 172005K->162879K(174784K), 0.4529042 secs] 241957K->162879K(253440K), [CMS Perm : 7303K->7303K(21248K)], 0.4532869 secs] [Times: user=0.45 sys=0.00, real=0.45 secs] 
214.269: [GC [1 CMS-initial-mark: 162879K(174784K)] 162881K(253440K), 0.0016854 secs] [Times: user=0.00 sys=0.00, real=0.00 secs] 
214.271: [CMS-concurrent-mark-start]
214.339: [GC214.339: [ParNew: 69952K->69952K(78656K), 0.0000237 secs]214.339: [CMS214.508: [CMS-concurrent-mark: 0.217/0.237 secs] [Times: user=0.38 sys=0.01, real=0.24 secs] 
 (concurrent mode failure): 162879K->165373K(174784K), 0.6258918 secs] 232831K->165373K(253440K), [CMS Perm : 7304K->7304K(21248K)], 0.6262420 secs] [Times: user=0.62 sys=0.00, real=0.63 secs] 
215.035: [GC215.035: [ParNew: 69952K->69952K(78656K), 0.0000196 secs]215.035: [CMS: 165373K->159515K(174784K), 0.4438442 secs] 235325K->159515K(253440K), [CMS Perm : 7304K->7304K(21248K)], 0.4442551 secs] [Times: user=0.45 sys=0.00, real=0.44 secs] 
215.480: [GC [1 CMS-initial-mark: 159515K(174784K)] 159519K(253440K), 0.0016523 secs] [Times: user=0.00 sys=0.00, real=0.00 secs] 
215.481: [CMS-concurrent-mark-start]
215.547: [GC215.547: [ParNew: 69952K->69952K(78656K), 0.0000532 secs]215.548: [CMS215.696: [CMS-concurrent-mark: 0.212/0.215 secs] [Times: user=0.36 sys=0.00, real=0.21 secs] 
 (concurrent mode failure): 159515K->158037K(174784K), 0.5890638 secs] 229467K->158037K(253440K), [CMS Perm : 7304K->7304K(21248K)], 0.5896812 secs] [Times: user=0.59 sys=0.00, real=0.59 secs] 
216.171: [GC [1 CMS-initial-mark: 158037K(174784K)] 170354K(253440K), 0.0097880 secs] [Times: user=0.02 sys=0.00, real=0.01 secs] 
216.181: [CMS-concurrent-mark-start]
216.223: [GC216.224: [ParNew: 69952K->69952K(78656K), 0.0000208 secs]216.224: [CMS216.395: [CMS-concurrent-mark: 0.211/0.213 secs] [Times: user=0.28 sys=0.02, real=0.21 secs] 
 (concurrent mode failure): 158037K->159017K(174784K), 0.6118115 secs] 227989K->159017K(253440K), [CMS Perm : 7310K->7307K(21248K)], 0.6122320 secs] [Times: user=0.61 sys=0.00, real=0.61 secs] 
216.889: [GC [1 CMS-initial-mark: 159017K(174784K)] 190974K(253440K), 0.0216569 secs] [Times: user=0.03 sys=0.00, real=0.02 secs] 
216.911: [CMS-concurrent-mark-start]
216.941: [GC216.941: [ParNew: 69952K->69952K(78656K), 0.0000212 secs]216.941: [CMS217.125: [CMS-concurrent-mark: 0.211/0.214 secs] [Times: user=0.27 sys=0.00, real=0.21 secs] 
 (concurrent mode failure): 159017K->164325K(174784K), 0.6414781 secs] 228969K->164325K(253440K), [CMS Perm : 7307K->7307K(21248K)], 0.6419194 secs] [Times: user=0.64 sys=0.00, real=0.64 secs] 
217.657: [GC217.657: [ParNew: 69952K->69952K(78656K), 0.0000199 secs]217.657: [CMS: 164325K->163576K(174784K), 0.4515319 secs] 234277K->163576K(253440K), [CMS Perm : 7307K->7307K(21248K)], 0.4519418 secs] [Times: user=0.45 sys=0.00, real=0.45 secs] 
218.109: [GC [1 CMS-initial-mark: 163576K(174784K)] 163582K(253440K), 0.0019365 secs] [Times: user=0.02 sys=0.00, real=0.00 secs] 
218.111: [CMS-concurrent-mark-start]
218.192: [GC218.192: [ParNew: 69952K->69952K(78656K), 0.0000196 secs]218.192: [CMS218.352: [CMS-concurrent-mark: 0.219/0.241 secs] [Times: user=0.36 sys=0.01, real=0.24 secs] 
 (concurrent mode failure): 163576K->162400K(174784K), 0.6065941 secs] 233528K->162400K(253440K), [CMS Perm : 7307K->7307K(21248K)], 0.6069408 secs] [Times: user=0.58 sys=0.00, real=0.61 secs] 
218.886: [GC [1 CMS-initial-mark: 162400K(174784K)] 227082K(253440K), 0.0421615 secs] [Times: user=0.05 sys=0.00, real=0.04 secs] 
218.929: [CMS-concurrent-mark-start]
218.932: [GC218.932: [ParNew: 69952K->69952K(78656K), 0.0000196 secs]218.932: [CMS219.146: [CMS-concurrent-mark: 0.215/0.218 secs] [Times: user=0.22 sys=0.00, real=0.22 secs] 
 (concurrent mode failure): 162400K->163587K(174784K), 0.6659147 secs] 232352K->163587K(253440K), [CMS Perm : 7307K->7307K(21248K)], 0.6663072 secs] [Times: user=0.67 sys=0.00, real=0.67 secs] 
219.663: [GC219.663: [ParNew: 69952K->69952K(78656K), 0.0000189 secs]219.663: [CMS: 163587K->165778K(174784K), 0.4565967 secs] 233539K->165778K(253440K), [CMS Perm : 7309K->7309K(21248K)], 0.4569867 secs] [Times: user=0.42 sys=0.00, real=0.46 secs] 
220.120: [GC [1 CMS-initial-mark: 165778K(174784K)] 165781K(253440K), 0.0015282 secs] [Times: user=0.00 sys=0.00, real=0.00 secs] 
220.122: [CMS-concurrent-mark-start]
220.194: [GC220.194: [ParNew: 69952K->69952K(78656K), 0.0000208 secs]220.194: [CMS220.366: [CMS-concurrent-mark: 0.223/0.245 secs] [Times: user=0.38 sys=0.02, real=0.25 secs] 
 (concurrent mode failure): 165778K->167450K(174784K), 0.6362597 secs] 235730K->167450K(253440K), [CMS Perm : 7309K->7309K(21248K)], 0.6365823 secs] [Times: user=0.64 sys=0.00, real=0.64 secs] 
220.900: [GC220.900: [ParNew: 69952K->69952K(78656K), 0.0000221 secs]220.900: [CMS: 167450K->158502K(174784K), 0.4441573 secs] 237402K->158502K(253440K), [CMS Perm : 7310K->7310K(21248K)], 0.4445941 secs] [Times: user=0.45 sys=0.00, real=0.44 secs] 
221.345: [GC [1 CMS-initial-mark: 158502K(174784K)] 158553K(253440K), 0.0020305 secs] [Times: user=0.00 sys=0.00, real=0.00 secs] 
221.347: [CMS-concurrent-mark-start]
221.411: [GC221.412: [ParNew: 69952K->69952K(78656K), 0.0000199 secs]221.412: [CMS221.560: [CMS-concurrent-mark: 0.211/0.213 secs] [Times: user=0.38 sys=0.00, real=0.21 secs] 
 (concurrent mode failure): 158502K->161076K(174784K), 0.5950863 secs] 228454K->161076K(253440K), [CMS Perm : 7310K->7310K(21248K)], 0.5955212 secs] [Times: user=0.59 sys=0.00, real=0.60 secs] 
222.040: [GC [1 CMS-initial-mark: 161076K(174784K)] 175540K(253440K), 0.0110786 secs] [Times: user=0.02 sys=0.00, real=0.01 secs] 
222.052: [CMS-concurrent-mark-start]
222.095: [GC222.096: [ParNew: 69952K->69952K(78656K), 0.0000234 secs]222.096: [CMS222.269: [CMS-concurrent-mark: 0.214/0.218 secs] [Times: user=0.31 sys=0.01, real=0.22 secs] 
 (concurrent mode failure): 161076K->159965K(174784K), 0.6131489 secs] 231028K->159965K(253440K), [CMS Perm : 7310K->7310K(21248K)], 0.6134976 secs] [Times: user=0.61 sys=0.00, real=0.61 secs] 
222.783: [GC222.784: [ParNew: 69952K->69952K(78656K), 0.0000205 secs]222.784: [CMS: 159965K->167414K(174784K), 0.4592465 secs] 229917K->167414K(253440K), [CMS Perm : 7310K->7310K(21248K)], 0.4597670 secs] [Times: user=0.47 sys=0.00, real=0.46 secs] 
223.248: [GC [1 CMS-initial-mark: 167414K(174784K)] 172083K(253440K), 0.0049805 secs] [Times: user=0.00 sys=0.00, real=0.00 secs] 
223.253: [CMS-concurrent-mark-start]
223.321: [GC223.321: [ParNew: 69952K->69952K(78656K), 0.0000196 secs]223.321: [CMS223.497: [CMS-concurrent-mark: 0.224/0.244 secs] [Times: user=0.30 sys=0.03, real=0.25 secs] 
 (concurrent mode failure): 167414K->169218K(174784K), 0.6454823 secs] 237366K->169218K(253440K), [CMS Perm : 7310K->7310K(21248K)], 0.6458104 secs] [Times: user=0.64 sys=0.00, real=0.65 secs] 
224.018: [GC [1 CMS-initial-mark: 169218K(174784K)] 218715K(253440K), 0.0331563 secs] [Times: user=0.03 sys=0.00, real=0.03 secs] 
224.051: [CMS-concurrent-mark-start]
224.072: [GC224.072: [ParNew: 69952K->69952K(78656K), 0.0000196 secs] 239170K->239170K(253440K), 0.0003932 secs] [Times: user=0.00 sys=0.00, real=0.00 secs] 
224.072: [Full GC224.072: [CMS224.279: [CMS-concurrent-mark: 0.225/0.228 secs] [Times: user=0.31 sys=0.00, real=0.23 secs] 
 (concurrent mode failure): 169218K->165013K(174784K), 0.6671469 secs] 239170K->165013K(253440K), [CMS Perm : 7310K->7255K(21248K)], 0.6673727 secs] [Times: user=0.65 sys=0.00, real=0.67 secs] 
224.814: [GC224.815: [ParNew: 69952K->69952K(78656K), 0.0000205 secs]224.815: [CMS: 165013K->173559K(174784K), 0.4732699 secs] 234965K->173559K(253440K), [CMS Perm : 7255K->7255K(21248K)], 0.4736708 secs] [Times: user=0.48 sys=0.00, real=0.47 secs] 
225.288: [GC [1 CMS-initial-mark: 173559K(174784K)] 173561K(253440K), 0.0017011 secs] [Times: user=0.00 sys=0.00, real=0.00 secs] 
225.290: [CMS-concurrent-mark-start]
225.368: [GC225.368: [ParNew: 69952K->69952K(78656K), 0.0000208 secs]225.368: [CMS225.548: [CMS-concurrent-mark: 0.230/0.258 secs] [Times: user=0.41 sys=0.00, real=0.26 secs] 
 (concurrent mode failure): 173559K->174784K(174784K), 0.6700135 secs] 243511K->176031K(253440K), [CMS Perm : 7304K->7304K(21248K)], 0.6703563 secs] [Times: user=0.67 sys=0.00, real=0.67 secs] 
226.164: [Full GC226.164: [CMS: 174784K->168189K(174784K), 0.4730079 secs] 253439K->168189K(253440K), [CMS Perm : 7304K->7304K(21248K)], 0.4733575 secs] [Times: user=0.47 sys=0.00, real=0.47 secs] 
226.638: [GC [1 CMS-initial-mark: 168189K(174784K)] 168189K(253440K), 0.0019388 secs] [Times: user=0.00 sys=0.00, real=0.00 secs] 
226.640: [CMS-concurrent-mark-start]
226.705: [GC226.706: [ParNew: 69952K->69952K(78656K), 0.0000205 secs]226.706: [CMS226.868: [CMS-concurrent-mark: 0.225/0.227 secs] [Times: user=0.39 sys=0.03, real=0.23 secs] 
 (concurrent mode failure): 168189K->166221K(174784K), 0.6290476 secs] 238141K->166221K(253440K), [CMS Perm : 7304K->7304K(21248K)], 0.6295656 secs] [Times: user=0.64 sys=0.00, real=0.63 secs] 
227.375: [GC [1 CMS-initial-mark: 166221K(174784K)] 178289K(253440K), 0.0094192 secs] [Times: user=0.02 sys=0.00, real=0.01 secs] 
227.385: [CMS-concurrent-mark-start]
227.428: [GC227.429: [ParNew: 69952K->69952K(78656K), 0.0000192 secs]227.429: [CMS227.612: [CMS-concurrent-mark: 0.223/0.226 secs] [Times: user=0.33 sys=0.00, real=0.23 secs] 
 (concurrent mode failure): 166221K->167091K(174784K), 0.6464197 secs] 236173K->167091K(253440K), [CMS Perm : 7305K->7305K(21248K)], 0.6468110 secs] [Times: user=0.64 sys=0.00, real=0.65 secs] 
228.113: [GC [1 CMS-initial-mark: 167091K(174784K)] 179375K(253440K), 0.0094680 secs] [Times: user=0.00 sys=0.00, real=0.01 secs] 
228.123: [CMS-concurrent-mark-start]
228.168: [GC228.169: [ParNew: 69952K->69952K(78656K), 0.0000292 secs]228.169: [CMS228.354: [CMS-concurrent-mark: 0.229/0.231 secs] [Times: user=0.33 sys=0.02, real=0.23 secs] 
 (concurrent mode failure): 167091K->166470K(174784K), 0.6571930 secs] 237043K->166470K(253440K), [CMS Perm : 7312K->7309K(21248K)], 0.6576687 secs] [Times: user=0.64 sys=0.00, real=0.66 secs] 
228.895: [GC [1 CMS-initial-mark: 166470K(174784K)] 213197K(253440K), 0.0306153 secs] [Times: user=0.03 sys=0.00, real=0.03 secs] 
228.926: [CMS-concurrent-mark-start]
228.944: [GC228.945: [ParNew: 69952K->69952K(78656K), 0.0000205 secs]228.945: [CMS229.150: [CMS-concurrent-mark: 0.222/0.225 secs] [Times: user=0.25 sys=0.00, real=0.22 secs] 
 (concurrent mode failure): 166470K->168820K(174784K), 0.6864953 secs] 236422K->168820K(253440K), [CMS Perm : 7309K->7309K(21248K)], 0.6869254 secs] [Times: user=0.67 sys=0.00, real=0.69 secs] 
229.700: [GC229.701: [ParNew: 69952K->69952K(78656K), 0.0000212 secs]229.701: [CMS: 168820K->165844K(174784K), 0.4630550 secs] 238772K->165844K(253440K), [CMS Perm : 7309K->7309K(21248K)], 0.4635409 secs] [Times: user=0.47 sys=0.00, real=0.46 secs] 
230.164: [GC [1 CMS-initial-mark: 165844K(174784K)] 165857K(253440K), 0.0018987 secs] [Times: user=0.00 sys=0.00, real=0.00 secs] 
230.167: [CMS-concurrent-mark-start]
230.248: [GC230.248: [ParNew: 69952K->69952K(78656K), 0.0000215 secs]230.248: [CMS230.431: [CMS-concurrent-mark: 0.232/0.265 secs] [Times: user=0.37 sys=0.00, real=0.26 secs] 
 (concurrent mode failure): 165844K->167264K(174784K), 0.6595205 secs] 235796K->167264K(253440K), [CMS Perm : 7309K->7309K(21248K)], 0.6598874 secs] [Times: user=0.64 sys=0.00, real=0.66 secs] 
230.978: [GC230.978: [ParNew: 69952K->69952K(78656K), 0.0000199 secs]230.978: [CMS: 167264K->161712K(174784K), 0.4636246 secs] 237216K->161712K(253440K), [CMS Perm : 7309K->7309K(21248K)], 0.4640149 secs] [Times: user=0.45 sys=0.00, real=0.46 secs] 
231.442: [GC [1 CMS-initial-mark: 161712K(174784K)] 161712K(253440K), 0.0015119 secs] [Times: user=0.00 sys=0.00, real=0.00 secs] 
231.444: [CMS-concurrent-mark-start]
231.502: [GC231.503: [ParNew: 69952K->69952K(78656K), 0.0000350 secs]231.503: [CMS231.675: [CMS-concurrent-mark: 0.229/0.231 secs] [Times: user=0.34 sys=0.02, real=0.23 secs] 
 (concurrent mode failure): 161712K->160482K(174784K), 0.6333328 secs] 231664K->160482K(253440K), [CMS Perm : 7309K->7309K(21248K)], 0.6338350 secs] [Times: user=0.64 sys=0.00, real=0.63 secs] 
232.173: [GC [1 CMS-initial-mark: 160482K(174784K)] 173643K(253440K), 0.0101569 secs] [Times: user=0.02 sys=0.00, real=0.01 secs] 
232.184: [CMS-concurrent-mark-start]
232.230: [GC232.230: [ParNew: 69952K->69952K(78656K), 0.0000215 secs]232.230: [CMS232.414: [CMS-concurrent-mark: 0.227/0.231 secs] [Times: user=0.25 sys=0.00, real=0.23 secs] 
 (concurrent mode failure): 160482K->162609K(174784K), 0.6391779 secs] 230434K->162609K(253440K), [CMS Perm : 7311K->7311K(21248K)], 0.6396022 secs] [Times: user=0.64 sys=0.00, real=0.64 secs] 
232.930: [GC232.930: [ParNew: 69952K->69952K(78656K), 0.0000218 secs]232.931: [CMS: 162609K->159721K(174784K), 0.4606339 secs] 232561K->159721K(253440K), [CMS Perm : 7311K->7311K(21248K)], 0.4611015 secs] [Times: user=0.45 sys=0.00, real=0.46 secs] 
233.392: [GC [1 CMS-initial-mark: 159721K(174784K)] 159724K(253440K), 0.0017999 secs] [Times: user=0.00 sys=0.00, real=0.00 secs] 
233.394: [CMS-concurrent-mark-start]
233.456: [GC233.456: [ParNew: 69952K->69952K(78656K), 0.0000215 secs]233.456: [CMS233.632: [CMS-concurrent-mark: 0.234/0.238 secs] [Times: user=0.31 sys=0.00, real=0.24 secs] 
 (concurrent mode failure): 159721K->159640K(174784K), 0.6135745 secs] 229673K->159640K(253440K), [CMS Perm : 7311K->7311K(21248K)], 0.6139475 secs] [Times: user=0.61 sys=0.00, real=0.61 secs] 
234.075: [GC [1 CMS-initial-mark: 159640K(174784K)] 161791K(253440K), 0.0030690 secs] [Times: user=0.00 sys=0.00, real=0.00 secs] 
234.079: [CMS-concurrent-mark-start]
234.150: [GC234.150: [ParNew: 69952K->69952K(78656K), 0.0000212 secs]234.150: [CMS234.323: [CMS-concurrent-mark: 0.221/0.245 secs] [Times: user=0.26 sys=0.00, real=0.24 secs] 
 (concurrent mode failure): 159640K->159217K(174784K), 0.6179405 secs] 229592K->159217K(253440K), [CMS Perm : 7311K->7311K(21248K)], 0.6183016 secs] [Times: user=0.59 sys=0.00, real=0.62 secs] 
234.837: [GC234.837: [ParNew: 69952K->69952K(78656K), 0.0000196 secs]234.837: [CMS: 159217K->163081K(174784K), 0.4486614 secs] 229169K->163081K(253440K), [CMS Perm : 7311K->7311K(21248K)], 0.4490527 secs] [Times: user=0.45 sys=0.00, real=0.45 secs] 
235.286: [GC [1 CMS-initial-mark: 163081K(174784K)] 163085K(253440K), 0.0018900 secs] [Times: user=0.00 sys=0.00, real=0.00 secs] 
235.288: [CMS-concurrent-mark-start]
235.371: [GC235.371: [ParNew: 69952K->69952K(78656K), 0.0000208 secs]235.371: [CMS235.535: [CMS-concurrent-mark: 0.217/0.246 secs] [Times: user=0.34 sys=0.00, real=0.25 secs] 
 (concurrent mode failure): 163081K->163296K(174784K), 0.6142807 secs] 233033K->163296K(253440K), [CMS Perm : 7311K->7311K(21248K)], 0.6146230 secs] [Times: user=0.59 sys=0.02, real=0.61 secs] 
236.019: [GC [1 CMS-initial-mark: 163296K(174784K)] 175103K(253440K), 0.0092281 secs] [Times: user=0.00 sys=0.00, real=0.01 secs] 
236.029: [CMS-concurrent-mark-start]
236.079: [GC236.079: [ParNew: 69952K->69952K(78656K), 0.0000208 secs]236.079: [CMS236.249: [CMS-concurrent-mark: 0.217/0.220 secs] [Times: user=0.30 sys=0.00, real=0.22 secs] 
 (concurrent mode failure): 163296K->163908K(174784K), 0.6217805 secs] 233248K->163908K(253440K), [CMS Perm : 7311K->7311K(21248K)], 0.6221676 secs] [Times: user=0.62 sys=0.00, real=0.62 secs] 
236.775: [GC236.775: [ParNew: 69952K->69952K(78656K), 0.0000202 secs]236.775: [CMS: 163908K->166303K(174784K), 0.4565489 secs] 233860K->166303K(253440K), [CMS Perm : 7311K->7311K(21248K)], 0.4569405 secs] [Times: user=0.44 sys=0.00, real=0.46 secs] 
237.232: [GC [1 CMS-initial-mark: 166303K(174784K)] 166305K(253440K), 0.0015090 secs] [Times: user=0.00 sys=0.00, real=0.00 secs] 
237.234: [CMS-concurrent-mark-start]
237.313: [GC237.313: [ParNew: 69952K->69952K(78656K), 0.0000205 secs]237.313: [CMS237.487: [CMS-concurrent-mark: 0.225/0.253 secs] [Times: user=0.33 sys=0.00, real=0.25 secs] 
 (concurrent mode failure): 166303K->167414K(174784K), 0.6343604 secs] 236255K->167414K(253440K), [CMS Perm : 7311K->7311K(21248K)], 0.6348674 secs] [Times: user=0.64 sys=0.00, real=0.63 secs] 
237.977: [GC [1 CMS-initial-mark: 167414K(174784K)] 186759K(253440K), 0.0137723 secs] [Times: user=0.01 sys=0.00, real=0.01 secs] 
237.991: [CMS-concurrent-mark-start]
238.039: [GC238.040: [ParNew: 69952K->69952K(78656K), 0.0000189 secs]238.040: [CMS238.216: [CMS-concurrent-mark: 0.222/0.225 secs] [Times: user=0.34 sys=0.00, real=0.22 secs] 
 (concurrent mode failure): 167414K->166241K(174784K), 0.6378334 secs] 237366K->166241K(253440K), [CMS Perm : 7311K->7311K(21248K)], 0.6383007 secs] [Times: user=0.64 sys=0.00, real=0.64 secs] 
238.753: [GC238.753: [ParNew: 69952K->69952K(78656K), 0.0000199 secs] 236193K->236193K(253440K), 0.0002886 secs] [Times: user=0.00 sys=0.00, real=0.00 secs] 
238.753: [Full GC238.753: [CMS: 166241K->168583K(174784K), 0.4630473 secs] 236193K->168583K(253440K), [CMS Perm : 7311K->7256K(21248K)], 0.4632340 secs] [Times: user=0.45 sys=0.00, real=0.46 secs] 
239.217: [GC [1 CMS-initial-mark: 168583K(174784K)] 168584K(253440K), 0.0015257 secs] [Times: user=0.00 sys=0.00, real=0.00 secs] 
239.219: [CMS-concurrent-mark-start]
239.296: [GC239.296: [ParNew: 69920K->69920K(78656K), 0.0000202 secs]239.296: [CMS239.470: [CMS-concurrent-mark: 0.226/0.251 secs] [Times: user=0.39 sys=0.02, real=0.25 secs] 
 (concurrent mode failure): 168583K->170259K(174784K), 0.6418671 secs] 238503K->170259K(253440K), [CMS Perm : 7307K->7307K(21248K)], 0.6422533 secs] [Times: user=0.64 sys=0.00, real=0.64 secs] 
240.011: [GC240.011: [ParNew: 69952K->69952K(78656K), 0.0000196 secs]240.011: [CMS: 170259K->162269K(174784K), 0.4542465 secs] 240211K->162269K(253440K), [CMS Perm : 7307K->7307K(21248K)], 0.4546467 secs] [Times: user=0.47 sys=0.00, real=0.45 secs] 
240.466: [GC [1 CMS-initial-mark: 162269K(174784K)] 162274K(253440K), 0.0015529 secs] [Times: user=0.00 sys=0.00, real=0.00 secs] 
240.468: [CMS-concurrent-mark-start]
240.533: [GC240.533: [ParNew: 69952K->69952K(78656K), 0.0000196 secs]240.533: [CMS240.685: [CMS-concurrent-mark: 0.215/0.217 secs] [Times: user=0.36 sys=0.01, real=0.22 secs] 
 (concurrent mode failure): 162269K->165227K(174784K), 0.6065665 secs] 232221K->165227K(253440K), [CMS Perm : 7307K->7307K(21248K)], 0.6070129 secs] [Times: user=0.61 sys=0.00, real=0.61 secs] 
241.182: [GC [1 CMS-initial-mark: 165227K(174784K)] 180411K(253440K), 0.0113253 secs] [Times: user=0.00 sys=0.00, real=0.01 secs] 
241.194: [CMS-concurrent-mark-start]
241.235: [GC241.235: [ParNew: 69952K->69952K(78656K), 0.0000196 secs] 235179K->235179K(253440K), 0.0002813 secs] [Times: user=0.00 sys=0.00, real=0.00 secs] 
241.236: [Full GC241.236: [CMS241.417: [CMS-concurrent-mark: 0.221/0.223 secs] [Times: user=0.34 sys=0.00, real=0.23 secs] 
 (concurrent mode failure): 165227K->167696K(174784K), 0.6450779 secs] 235179K->167696K(253440K), [CMS Perm : 7307K->7295K(21248K)], 0.6453877 secs] [Times: user=0.64 sys=0.00, real=0.65 secs] 
241.950: [GC241.950: [ParNew: 69952K->69952K(78656K), 0.0000199 secs]241.950: [CMS: 167696K->160236K(174784K), 0.4465367 secs] 237648K->160236K(253440K), [CMS Perm : 7307K->7307K(21248K)], 0.4469260 secs] [Times: user=0.44 sys=0.00, real=0.45 secs] 
242.397: [GC [1 CMS-initial-mark: 160236K(174784K)] 160242K(253440K), 0.0014820 secs] [Times: user=0.00 sys=0.00, real=0.00 secs] 
242.399: [CMS-concurrent-mark-start]
242.460: [GC242.460: [ParNew: 69952K->69952K(78656K), 0.0000196 secs]242.460: [CMS242.617: [CMS-concurrent-mark: 0.214/0.218 secs] [Times: user=0.31 sys=0.03, real=0.22 secs] 
 (concurrent mode failure): 160236K->162523K(174784K), 0.6035912 secs] 230188K->162523K(253440K), [CMS Perm : 7310K->7310K(21248K)], 0.6040033 secs] [Times: user=0.59 sys=0.01, real=0.60 secs] 
243.094: [GC [1 CMS-initial-mark: 162523K(174784K)] 173475K(253440K), 0.0086652 secs] [Times: user=0.02 sys=0.00, real=0.01 secs] 
243.103: [CMS-concurrent-mark-start]
243.148: [GC243.149: [ParNew: 69952K->69952K(78656K), 0.0000266 secs]243.149: [CMS243.323: [CMS-concurrent-mark: 0.217/0.220 secs] [Times: user=0.28 sys=0.00, real=0.22 secs] 
 (concurrent mode failure): 162523K->164568K(174784K), 0.6306371 secs] 232475K->164568K(253440K), [CMS Perm : 7310K->7310K(21248K)], 0.6312147 secs] [Times: user=0.62 sys=0.00, real=0.63 secs] 
243.852: [GC243.852: [ParNew: 69952K->69952K(78656K), 0.0000199 secs]243.852: [CMS: 164568K->162403K(174784K), 0.4527266 secs] 234520K->162403K(253440K), [CMS Perm : 7310K->7310K(21248K)], 0.4531098 secs] [Times: user=0.45 sys=0.00, real=0.45 secs] 
244.305: [GC [1 CMS-initial-mark: 162403K(174784K)] 162405K(253440K), 0.0015311 secs] [Times: user=0.00 sys=0.00, real=0.00 secs] 
244.307: [CMS-concurrent-mark-start]
244.379: [GC244.379: [ParNew: 69952K->69952K(78656K), 0.0000218 secs]244.379: [CMS244.548: [CMS-concurrent-mark: 0.221/0.241 secs] [Times: user=0.34 sys=0.00, real=0.24 secs] 
 (concurrent mode failure): 162403K->164180K(174784K), 0.6222910 secs] 232355K->164180K(253440K), [CMS Perm : 7310K->7310K(21248K)], 0.6226438 secs] [Times: user=0.62 sys=0.00, real=0.62 secs] 
245.071: [GC245.071: [ParNew: 69952K->69952K(78656K), 0.0000199 secs]245.071: [CMS: 164180K->161767K(174784K), 0.4551002 secs] 234132K->161767K(253440K), [CMS Perm : 7310K->7310K(21248K)], 0.4555277 secs] [Times: user=0.45 sys=0.00, real=0.45 secs] 
245.527: [GC [1 CMS-initial-mark: 161767K(174784K)] 161770K(253440K), 0.0017777 secs] [Times: user=0.00 sys=0.00, real=0.00 secs] 
245.529: [CMS-concurrent-mark-start]
245.589: [GC245.589: [ParNew: 69952K->69952K(78656K), 0.0000218 secs]245.589: [CMS245.751: [CMS-concurrent-mark: 0.220/0.222 secs] [Times: user=0.33 sys=0.00, real=0.22 secs] 
 (concurrent mode failure): 161767K->162383K(174784K), 0.6112981 secs] 231719K->162383K(253440K), [CMS Perm : 7310K->7310K(21248K)], 0.6117541 secs] [Times: user=0.61 sys=0.00, real=0.61 secs] 
246.238: [GC [1 CMS-initial-mark: 162383K(174784K)] 174314K(253440K), 0.0092531 secs] [Times: user=0.00 sys=0.00, real=0.01 secs] 
246.247: [CMS-concurrent-mark-start]
246.291: [GC246.291: [ParNew: 69952K->69952K(78656K), 0.0000212 secs]246.292: [CMS246.467: [CMS-concurrent-mark: 0.217/0.220 secs] [Times: user=0.30 sys=0.00, real=0.22 secs] 
 (concurrent mode failure): 162383K->166287K(174784K), 0.6343504 secs] 232335K->166287K(253440K), [CMS Perm : 7310K->7310K(21248K)], 0.6347279 secs] [Times: user=0.61 sys=0.00, real=0.64 secs] 
246.999: [GC246.999: [ParNew: 69952K->69952K(78656K), 0.0000196 secs] 236239K->236239K(253440K), 0.0002938 secs] [Times: user=0.00 sys=0.00, real=0.00 secs] 
246.999: [Full GC246.999: [CMS: 166287K->168063K(174784K), 0.4596948 secs] 236239K->168063K(253440K), [CMS Perm : 7310K->7257K(21248K)], 0.4599270 secs] [Times: user=0.47 sys=0.00, real=0.46 secs] 
247.460: [GC [1 CMS-initial-mark: 168063K(174784K)] 168065K(253440K), 0.0018922 secs] [Times: user=0.00 sys=0.00, real=0.00 secs] 
247.462: [CMS-concurrent-mark-start]
247.522: [GC247.522: [ParNew: 69952K->69952K(78656K), 0.0000218 secs]247.522: [CMS247.688: [CMS-concurrent-mark: 0.224/0.227 secs] [Times: user=0.37 sys=0.01, real=0.23 secs] 
 (concurrent mode failure): 168063K->165991K(174784K), 0.6238481 secs] 238015K->165991K(253440K), [CMS Perm : 7257K->7257K(21248K)], 0.6244777 secs] [Times: user=0.62 sys=0.00, real=0.63 secs] 
248.178: [GC [1 CMS-initial-mark: 165991K(174784K)] 180411K(253440K), 0.0110581 secs] [Times: user=0.02 sys=0.00, real=0.01 secs] 
248.190: [CMS-concurrent-mark-start]
248.233: [GC248.233: [ParNew: 69952K->69952K(78656K), 0.0000282 secs]248.233: [CMS248.414: [CMS-concurrent-mark: 0.222/0.224 secs] [Times: user=0.28 sys=0.00, real=0.22 secs] 
 (concurrent mode failure): 165991K->169990K(174784K), 0.6468713 secs] 235943K->169990K(253440K), [CMS Perm : 7307K->7307K(21248K)], 0.6473113 secs] [Times: user=0.66 sys=0.00, real=0.65 secs] 
248.952: [GC248.953: [ParNew: 69952K->69952K(78656K), 0.0000202 secs]248.953: [CMS: 169990K->165430K(174784K), 0.4566656 secs] 239942K->165430K(253440K), [CMS Perm : 7307K->7307K(21248K)], 0.4570826 secs] [Times: user=0.45 sys=0.00, real=0.46 secs] 
249.410: [GC [1 CMS-initial-mark: 165430K(174784K)] 165432K(253440K), 0.0017505 secs] [Times: user=0.00 sys=0.00, real=0.00 secs] 
249.412: [CMS-concurrent-mark-start]
249.476: [GC249.477: [ParNew: 69952K->69952K(78656K), 0.0000196 secs] 235382K->235382K(253440K), 0.0003098 secs] [Times: user=0.00 sys=0.00, real=0.00 secs] 
249.477: [Full GC249.477: [CMS249.636: [CMS-concurrent-mark: 0.222/0.224 secs] [Times: user=0.33 sys=0.00, real=0.22 secs] 
 (concurrent mode failure): 165430K->164642K(174784K), 0.6188205 secs] 235382K->164642K(253440K), [CMS Perm : 7307K->7257K(21248K)], 0.6190280 secs] [Times: user=0.58 sys=0.00, real=0.62 secs] 
250.138: [GC [1 CMS-initial-mark: 164642K(174784K)] 181303K(253440K), 0.0120712 secs] [Times: user=0.00 sys=0.00, real=0.01 secs] 
250.150: [CMS-concurrent-mark-start]
250.192: [GC250.192: [ParNew: 69952K->69952K(78656K), 0.0000225 secs]250.192: [CMS250.377: [CMS-concurrent-mark: 0.224/0.227 secs] [Times: user=0.34 sys=0.00, real=0.23 secs] 
 (concurrent mode failure): 164642K->166047K(174784K), 0.6438604 secs] 234594K->166047K(253440K), [CMS Perm : 7307K->7307K(21248K)], 0.6443056 secs] [Times: user=0.64 sys=0.00, real=0.64 secs] 
250.900: [GC250.900: [ParNew: 69952K->69952K(78656K), 0.0000221 secs]250.900: [CMS: 166047K->166344K(174784K), 0.4549976 secs] 235999K->166344K(253440K), [CMS Perm : 7307K->7307K(21248K)], 0.4553119 secs] [Times: user=0.45 sys=0.00, real=0.46 secs] 
251.357: [GC [1 CMS-initial-mark: 166344K(174784K)] 166347K(253440K), 0.0016267 secs] [Times: user=0.00 sys=0.00, real=0.00 secs] 
251.360: [CMS-concurrent-mark-start]
251.414: [GC251.415: [ParNew: 69952K->69952K(78656K), 0.0000205 secs]251.415: [CMS251.585: [CMS-concurrent-mark: 0.223/0.225 secs] [Times: user=0.30 sys=0.00, real=0.23 secs] 
 (concurrent mode failure): 166344K->167625K(174784K), 0.6350525 secs] 236296K->167625K(253440K), [CMS Perm : 7307K->7307K(21248K)], 0.6354005 secs] [Times: user=0.64 sys=0.00, real=0.63 secs] 
252.104: [GC252.104: [ParNew: 69952K->69952K(78656K), 0.0000208 secs]252.104: [CMS: 167625K->165334K(174784K), 0.4621916 secs] 237577K->165334K(253440K), [CMS Perm : 7307K->7307K(21248K)], 0.4626131 secs] [Times: user=0.45 sys=0.00, real=0.46 secs] 
252.571: [GC [1 CMS-initial-mark: 165334K(174784K)] 170904K(253440K), 0.0043371 secs] [Times: user=0.00 sys=0.00, real=0.00 secs] 
252.576: [CMS-concurrent-mark-start]
252.636: [GC252.636: [ParNew: 69952K->69952K(78656K), 0.0000202 secs]252.636: [CMS252.801: [CMS-concurrent-mark: 0.221/0.225 secs] [Times: user=0.36 sys=0.00, real=0.23 secs] 
 (concurrent mode failure): 165334K->166404K(174784K), 0.6215620 secs] 235286K->166404K(253440K), [CMS Perm : 7307K->7307K(21248K)], 0.6219581 secs] [Times: user=0.62 sys=0.00, real=0.62 secs] 
253.298: [GC [1 CMS-initial-mark: 166404K(174784K)] 178398K(253440K), 0.0093727 secs] [Times: user=0.02 sys=0.00, real=0.01 secs] 
253.308: [CMS-concurrent-mark-start]
253.347: [GC253.347: [ParNew: 69952K->69952K(78656K), 0.0000199 secs]253.347: [CMS253.547: [CMS-concurrent-mark: 0.236/0.239 secs] [Times: user=0.25 sys=0.00, real=0.24 secs] 
 (concurrent mode failure): 166404K->168475K(174784K), 0.6526170 secs] 236356K->168475K(253440K), [CMS Perm : 7310K->7310K(21248K)], 0.6529541 secs] [Times: user=0.62 sys=0.00, real=0.65 secs] 
254.066: [GC254.066: [ParNew: 69952K->69952K(78656K), 0.0000205 secs]254.066: [CMS: 168475K->164394K(174784K), 0.4532939 secs] 238427K->164394K(253440K), [CMS Perm : 7310K->7310K(21248K)], 0.4537596 secs] [Times: user=0.45 sys=0.00, real=0.45 secs] 
254.520: [GC [1 CMS-initial-mark: 164394K(174784K)] 164409K(253440K), 0.0016033 secs] [Times: user=0.02 sys=0.00, real=0.00 secs] 
254.522: [CMS-concurrent-mark-start]
254.585: [GC254.586: [ParNew: 69952K->69952K(78656K), 0.0000192 secs]254.586: [CMS254.743: [CMS-concurrent-mark: 0.219/0.221 secs] [Times: user=0.34 sys=0.01, real=0.22 secs] 
 (concurrent mode failure): 164394K->163064K(174784K), 0.6144177 secs] 234346K->163064K(253440K), [CMS Perm : 7310K->7310K(21248K)], 0.6148340 secs] [Times: user=0.61 sys=0.00, real=0.62 secs] 
255.236: [GC [1 CMS-initial-mark: 163064K(174784K)] 175364K(253440K), 0.0094003 secs] [Times: user=0.02 sys=0.00, real=0.01 secs] 
255.246: [CMS-concurrent-mark-start]
255.292: [GC255.293: [ParNew: 69952K->69952K(78656K), 0.0000257 secs]255.293: [CMS255.469: [CMS-concurrent-mark: 0.220/0.223 secs] [Times: user=0.28 sys=0.00, real=0.22 secs] 
 (concurrent mode failure): 163064K->165197K(174784K), 0.6283642 secs] 233016K->165197K(253440K), [CMS Perm : 7310K->7310K(21248K)], 0.6288116 secs] [Times: user=0.62 sys=0.00, real=0.63 secs] 
255.956: [GC [1 CMS-initial-mark: 165197K(174784K)] 193797K(253440K), 0.0193105 secs] [Times: user=0.01 sys=0.00, real=0.02 secs] 
255.976: [CMS-concurrent-mark-start]
256.010: [GC256.011: [ParNew: 69952K->69952K(78656K), 0.0000263 secs]256.011: [CMS256.200: [CMS-concurrent-mark: 0.222/0.224 secs] [Times: user=0.28 sys=0.00, real=0.22 secs] 
 (concurrent mode failure): 165197K->163477K(174784K), 0.6428751 secs] 235149K->163477K(253440K), [CMS Perm : 7310K->7310K(21248K)], 0.6433752 secs] [Times: user=0.62 sys=0.00, real=0.64 secs] 
256.729: [GC256.729: [ParNew: 69952K->69952K(78656K), 0.0000208 secs]256.729: [CMS: 163477K->163672K(174784K), 0.4515213 secs] 233429K->163672K(253440K), [CMS Perm : 7310K->7310K(21248K)], 0.4519273 secs] [Times: user=0.45 sys=0.00, real=0.45 secs] 
257.181: [GC [1 CMS-initial-mark: 163672K(174784K)] 163676K(253440K), 0.0014561 secs] [Times: user=0.00 sys=0.00, real=0.00 secs] 
257.183: [CMS-concurrent-mark-start]
257.260: [GC257.260: [ParNew: 69952K->69952K(78656K), 0.0000366 secs]257.260: [CMS257.429: [CMS-concurrent-mark: 0.222/0.246 secs] [Times: user=0.39 sys=0.00, real=0.25 secs] 
 (concurrent mode failure): 163672K->162948K(174784K), 0.6186445 secs] 233624K->162948K(253440K), [CMS Perm : 7310K->7310K(21248K)], 0.6190466 secs] [Times: user=0.62 sys=0.00, real=0.62 secs] 
257.920: [GC [1 CMS-initial-mark: 162948K(174784K)] 186812K(253440K), 0.0163682 secs] [Times: user=0.02 sys=0.00, real=0.02 secs] 
257.936: [CMS-concurrent-mark-start]
257.971: [GC257.972: [ParNew: 69952K->69952K(78656K), 0.0000237 secs]257.972: [CMS258.155: [CMS-concurrent-mark: 0.216/0.219 secs] [Times: user=0.36 sys=0.00, real=0.22 secs] 
 (concurrent mode failure): 162948K->163357K(174784K), 0.6351923 secs] 232900K->163357K(253440K), [CMS Perm : 7312K->7312K(21248K)], 0.6356557 secs] [Times: user=0.62 sys=0.00, real=0.64 secs] 
258.678: [GC258.678: [ParNew: 69952K->69952K(78656K), 0.0000205 secs]258.678: [CMS: 163357K->168303K(174784K), 0.4590220 secs] 233309K->168303K(253440K), [CMS Perm : 7312K->7312K(21248K)], 0.4594514 secs] [Times: user=0.45 sys=0.00, real=0.46 secs] 
259.138: [GC [1 CMS-initial-mark: 168303K(174784K)] 168305K(253440K), 0.0015911 secs] [Times: user=0.00 sys=0.00, real=0.00 secs] 
259.140: [CMS-concurrent-mark-start]
259.212: [GC259.212: [ParNew: 69952K->69952K(78656K), 0.0000215 secs]259.212: [CMS259.386: [CMS-concurrent-mark: 0.225/0.246 secs] [Times: user=0.30 sys=0.00, real=0.25 secs] 
 (concurrent mode failure): 168303K->168620K(174784K), 0.6368517 secs] 238255K->168620K(253440K), [CMS Perm : 7312K->7312K(21248K)], 0.6371965 secs] [Times: user=0.64 sys=0.00, real=0.64 secs] 
259.931: [GC [1 CMS-initial-mark: 168620K(174784K)] 219523K(253440K), 0.0336153 secs] [Times: user=0.03 sys=0.00, real=0.03 secs] 
259.965: [CMS-concurrent-mark-start]
259.978: [GC259.978: [ParNew: 69952K->69952K(78656K), 0.0000202 secs]259.978: [CMS260.191: [CMS-concurrent-mark: 0.224/0.226 secs] [Times: user=0.22 sys=0.00, real=0.23 secs] 
 (concurrent mode failure): 168620K->173795K(174784K), 0.6862724 secs] 238572K->173795K(253440K), [CMS Perm : 7312K->7312K(21248K)], 0.6866829 secs] [Times: user=0.69 sys=0.00, real=0.69 secs] 
260.736: [GC260.736: [ParNew: 69952K->69952K(78656K), 0.0000199 secs]260.736: [CMS: 173795K->165333K(174784K), 0.4587705 secs] 243747K->165333K(253440K), [CMS Perm : 7312K->7312K(21248K)], 0.4591419 secs] [Times: user=0.45 sys=0.00, real=0.46 secs] 
261.196: [GC [1 CMS-initial-mark: 165333K(174784K)] 165400K(253440K), 0.0017582 secs] [Times: user=0.01 sys=0.00, real=0.00 secs] 
261.198: [CMS-concurrent-mark-start]
261.279: [GC261.279: [ParNew: 69952K->69952K(78656K), 0.0000225 secs]261.279: [CMS261.448: [CMS-concurrent-mark: 0.221/0.251 secs] [Times: user=0.34 sys=0.00, real=0.25 secs] 
 (concurrent mode failure): 165333K->165541K(174784K), 0.6250095 secs] 235285K->165541K(253440K), [CMS Perm : 7312K->7312K(21248K)], 0.6253995 secs] [Times: user=0.62 sys=0.00, real=0.63 secs] 
261.942: [GC [1 CMS-initial-mark: 165541K(174784K)] 176947K(253440K), 0.0084785 secs] [Times: user=0.02 sys=0.00, real=0.01 secs] 
261.951: [CMS-concurrent-mark-start]
261.994: [GC261.994: [ParNew: 69952K->69952K(78656K), 0.0000208 secs]261.994: [CMS262.175: [CMS-concurrent-mark: 0.221/0.224 secs] [Times: user=0.30 sys=0.00, real=0.22 secs] 
 (concurrent mode failure): 165541K->164372K(174784K), 0.6369316 secs] 235493K->164372K(253440K), [CMS Perm : 7312K->7312K(21248K)], 0.6373684 secs] [Times: user=0.64 sys=0.00, real=0.64 secs] 
262.699: [GC262.699: [ParNew: 69952K->69952K(78656K), 0.0000215 secs]262.699: [CMS: 164372K->167212K(174784K), 0.4600746 secs] 234324K->167212K(253440K), [CMS Perm : 7312K->7312K(21248K)], 0.4604899 secs] [Times: user=0.45 sys=0.00, real=0.46 secs] 
263.160: [GC [1 CMS-initial-mark: 167212K(174784K)] 167214K(253440K), 0.0016793 secs] [Times: user=0.00 sys=0.00, real=0.00 secs] 
263.162: [CMS-concurrent-mark-start]
263.248: [GC263.248: [ParNew: 69952K->69952K(78656K), 0.0000202 secs]263.248: [CMS263.412: [CMS-concurrent-mark: 0.224/0.251 secs] [Times: user=0.34 sys=0.00, real=0.25 secs] 
 (concurrent mode failure): 167212K->167253K(174784K), 0.6086720 secs] 237164K->167253K(253440K), [CMS Perm : 7312K->7312K(21248K)], 0.6089963 secs] [Times: user=0.61 sys=0.00, real=0.61 secs] 
263.930: [GC [1 CMS-initial-mark: 167253K(174784K)] 212812K(253440K), 0.0298725 secs] [Times: user=0.03 sys=0.00, real=0.03 secs] 
263.960: [CMS-concurrent-mark-start]
263.976: [GC263.977: [ParNew: 69952K->69952K(78656K), 0.0000398 secs]263.977: [CMS264.190: [CMS-concurrent-mark: 0.227/0.230 secs] [Times: user=0.25 sys=0.00, real=0.23 secs] 
 (concurrent mode failure): 167253K->167119K(174784K), 0.6746966 secs] 237205K->167119K(253440K), [CMS Perm : 7312K->7312K(21248K)], 0.6753345 secs] [Times: user=0.67 sys=0.00, real=0.68 secs] 
264.722: [GC264.722: [ParNew: 69952K->69952K(78656K), 0.0000199 secs]264.722: [CMS: 167119K->165462K(174784K), 0.4567285 secs] 237071K->165462K(253440K), [CMS Perm : 7312K->7312K(21248K)], 0.4571862 secs] [Times: user=0.47 sys=0.00, real=0.46 secs] 
265.179: [GC [1 CMS-initial-mark: 165462K(174784K)] 165464K(253440K), 0.0017418 secs] [Times: user=0.00 sys=0.00, real=0.00 secs] 
265.181: [CMS-concurrent-mark-start]
265.260: [GC265.260: [ParNew: 69952K->69952K(78656K), 0.0000215 secs]265.260: [CMS265.426: [CMS-concurrent-mark: 0.221/0.245 secs] [Times: user=0.33 sys=0.00, real=0.25 secs] 
 (concurrent mode failure): 165462K->165397K(174784K), 0.6208334 secs] 235414K->165397K(253440K), [CMS Perm : 7315K->7315K(21248K)], 0.6211547 secs] [Times: user=0.62 sys=0.00, real=0.62 secs] 
265.935: [GC [1 CMS-initial-mark: 165397K(174784K)] 190073K(253440K), 0.0165328 secs] [Times: user=0.02 sys=0.00, real=0.02 secs] 
265.952: [CMS-concurrent-mark-start]
265.987: [GC265.987: [ParNew: 69952K->69952K(78656K), 0.0000221 secs]265.987: [CMS266.173: [CMS-concurrent-mark: 0.218/0.221 secs] [Times: user=0.34 sys=0.00, real=0.22 secs] 
 (concurrent mode failure): 165397K->167939K(174784K), 0.6449508 secs] 235349K->167939K(253440K), [CMS Perm : 7315K->7315K(21248K)], 0.6453729 secs] [Times: user=0.64 sys=0.00, real=0.64 secs] 
266.666: [GC [1 CMS-initial-mark: 167939K(174784K)] 189969K(253440K), 0.0153089 secs] [Times: user=0.02 sys=0.00, real=0.01 secs] 
266.682: [CMS-concurrent-mark-start]
266.727: [GC266.727: [ParNew: 69952K->69952K(78656K), 0.0000189 secs]266.727: [CMS266.907: [CMS-concurrent-mark: 0.223/0.226 secs] [Times: user=0.33 sys=0.00, real=0.23 secs] 
 (concurrent mode failure): 167939K->165432K(174784K), 0.6345056 secs] 237891K->165432K(253440K), [CMS Perm : 7315K->7315K(21248K)], 0.6348674 secs] [Times: user=0.64 sys=0.00, real=0.63 secs] 
267.397: [GC [1 CMS-initial-mark: 165432K(174784K)] 176712K(253440K), 0.0085709 secs] [Times: user=0.00 sys=0.00, real=0.01 secs] 
267.405: [CMS-concurrent-mark-start]
267.453: [GC267.453: [ParNew: 69952K->69952K(78656K), 0.0000212 secs]267.453: [CMS267.627: [CMS-concurrent-mark: 0.219/0.222 secs] [Times: user=0.38 sys=0.00, real=0.22 secs] 
 (concurrent mode failure): 165432K->163615K(174784K), 0.6235277 secs] 235384K->163615K(253440K), [CMS Perm : 7316K->7316K(21248K)], 0.6239456 secs] [Times: user=0.62 sys=0.00, real=0.62 secs] 
268.107: [GC [1 CMS-initial-mark: 163615K(174784K)] 175381K(253440K), 0.0092293 secs] [Times: user=0.01 sys=0.00, real=0.01 secs] 
268.116: [CMS-concurrent-mark-start]
268.158: [GC268.158: [ParNew: 69952K->69952K(78656K), 0.0000215 secs]268.158: [CMS268.337: [CMS-concurrent-mark: 0.218/0.221 secs] [Times: user=0.31 sys=0.00, real=0.22 secs] 
 (concurrent mode failure): 163615K->163186K(174784K), 0.6254998 secs] 233567K->163186K(253440K), [CMS Perm : 7316K->7316K(21248K)], 0.6259116 secs] [Times: user=0.62 sys=0.00, real=0.63 secs] 
268.857: [GC268.858: [ParNew: 69952K->69952K(78656K), 0.0000196 secs]268.858: [CMS: 163186K->168842K(174784K), 0.4611044 secs] 233138K->168842K(253440K), [CMS Perm : 7316K->7316K(21248K)], 0.4615152 secs] [Times: user=0.45 sys=0.00, real=0.46 secs] 
269.319: [GC [1 CMS-initial-mark: 168842K(174784K)] 168846K(253440K), 0.0015609 secs] [Times: user=0.00 sys=0.00, real=0.00 secs] 
269.321: [CMS-concurrent-mark-start]
269.402: [GC269.402: [ParNew: 69952K->69952K(78656K), 0.0000218 secs] 238794K->238794K(253440K), 0.0002591 secs] [Times: user=0.00 sys=0.00, real=0.00 secs] 
269.403: [Full GC269.403: [CMS269.574: [CMS-concurrent-mark: 0.224/0.253 secs] [Times: user=0.34 sys=0.00, real=0.25 secs] 
 (concurrent mode failure): 168842K->168691K(174784K), 0.6333581 secs] 238794K->168691K(253440K), [CMS Perm : 7316K->7258K(21248K)], 0.6335967 secs] [Times: user=0.62 sys=0.00, real=0.63 secs] 
270.068: [GC [1 CMS-initial-mark: 168691K(174784K)] 183720K(253440K), 0.0112024 secs] [Times: user=0.01 sys=0.00, real=0.01 secs] 
270.079: [CMS-concurrent-mark-start]
270.124: [GC270.125: [ParNew: 69952K->69952K(78656K), 0.0000196 secs]270.125: [CMS270.305: [CMS-concurrent-mark: 0.223/0.226 secs] [Times: user=0.30 sys=0.00, real=0.23 secs] 
 (concurrent mode failure): 168691K->169739K(174784K), 0.6443854 secs] 238643K->169739K(253440K), [CMS Perm : 7310K->7310K(21248K)], 0.6447709 secs] [Times: user=0.62 sys=0.00, real=0.64 secs] 
270.843: [GC270.843: [ParNew: 69952K->69952K(78656K), 0.0000327 secs]270.843: [CMS: 169739K->167723K(174784K), 0.4598238 secs] 239691K->167723K(253440K), [CMS Perm : 7310K->7310K(21248K)], 0.4603828 secs] [Times: user=0.45 sys=0.00, real=0.46 secs] 
271.304: [GC [1 CMS-initial-mark: 167723K(174784K)] 167735K(253440K), 0.0017431 secs] [Times: user=0.02 sys=0.00, real=0.00 secs] 
271.306: [CMS-concurrent-mark-start]
271.379: [GC271.379: [ParNew: 69952K->69952K(78656K), 0.0000189 secs]271.379: [CMS271.554: [CMS-concurrent-mark: 0.226/0.248 secs] [Times: user=0.27 sys=0.00, real=0.25 secs] 
 (concurrent mode failure): 167723K->169861K(174784K), 0.6383681 secs] 237675K->169861K(253440K), [CMS Perm : 7310K->7310K(21248K)], 0.6386728 secs] [Times: user=0.64 sys=0.00, real=0.64 secs] 
272.079: [GC272.080: [ParNew: 69952K->69952K(78656K), 0.0000196 secs]272.080: [CMS: 169861K->169374K(174784K), 0.4596714 secs] 239813K->169374K(253440K), [CMS Perm : 7311K->7311K(21248K)], 0.4600698 secs] [Times: user=0.47 sys=0.00, real=0.46 secs] 
272.540: [GC [1 CMS-initial-mark: 169374K(174784K)] 169374K(253440K), 0.0018246 secs] [Times: user=0.00 sys=0.00, real=0.00 secs] 
272.542: [CMS-concurrent-mark-start]
272.606: [GC272.607: [ParNew: 69952K->69952K(78656K), 0.0000205 secs]272.607: [CMS272.770: [CMS-concurrent-mark: 0.226/0.228 secs] [Times: user=0.34 sys=0.02, real=0.23 secs] 
 (concurrent mode failure): 169374K->163655K(174784K), 0.6147990 secs] 239326K->163655K(253440K), [CMS Perm : 7311K->7311K(21248K)], 0.6152156 secs] [Times: user=0.61 sys=0.00, real=0.62 secs] 
273.255: [GC [1 CMS-initial-mark: 163655K(174784K)] 174653K(253440K), 0.0085029 secs] [Times: user=0.00 sys=0.00, real=0.01 secs] 
273.264: [CMS-concurrent-mark-start]
273.314: [GC273.314: [ParNew: 69952K->69952K(78656K), 0.0000225 secs]273.314: [CMS273.488: [CMS-concurrent-mark: 0.221/0.224 secs] [Times: user=0.31 sys=0.00, real=0.22 secs] 
 (concurrent mode failure): 163655K->165376K(174784K), 0.6293135 secs] 233607K->165376K(253440K), [CMS Perm : 7314K->7314K(21248K)], 0.6298696 secs] [Times: user=0.64 sys=0.00, real=0.63 secs] 
273.984: [GC [1 CMS-initial-mark: 165376K(174784K)] 176851K(253440K), 0.0087640 secs] [Times: user=0.02 sys=0.00, real=0.01 secs] 
273.993: [CMS-concurrent-mark-start]
274.037: [GC274.038: [ParNew: 69952K->69952K(78656K), 0.0000231 secs]274.038: [CMS274.217: [CMS-concurrent-mark: 0.220/0.223 secs] [Times: user=0.30 sys=0.00, real=0.22 secs] 
 (concurrent mode failure): 165376K->164239K(174784K), 0.6290739 secs] 235328K->164239K(253440K), [CMS Perm : 7314K->7314K(21248K)], 0.6294941 secs] [Times: user=0.62 sys=0.00, real=0.63 secs] 
274.743: [GC274.744: [ParNew: 69952K->69952K(78656K), 0.0000318 secs]274.744: [CMS: 164239K->166213K(174784K), 0.4615637 secs] 234191K->166213K(253440K), [CMS Perm : 7314K->7314K(21248K)], 0.4620874 secs] [Times: user=0.47 sys=0.00, real=0.46 secs] 
275.206: [GC [1 CMS-initial-mark: 166213K(174784K)] 166213K(253440K), 0.0015340 secs] [Times: user=0.00 sys=0.00, real=0.00 secs] 
275.207: [CMS-concurrent-mark-start]
275.282: [GC275.282: [ParNew: 69952K->69952K(78656K), 0.0000378 secs]275.282: [CMS275.455: [CMS-concurrent-mark: 0.221/0.247 secs] [Times: user=0.34 sys=0.00, real=0.25 secs] 
 (concurrent mode failure): 166213K->166123K(174784K), 0.6294389 secs] 236165K->166123K(253440K), [CMS Perm : 7314K->7314K(21248K)], 0.6298392 secs] [Times: user=0.64 sys=0.00, real=0.63 secs] 
275.941: [GC [1 CMS-initial-mark: 166123K(174784K)] 177892K(253440K), 0.0092595 secs] [Times: user=0.00 sys=0.00, real=0.01 secs] 
275.951: [CMS-concurrent-mark-start]
275.995: [GC275.995: [ParNew: 69952K->69952K(78656K), 0.0000234 secs] 236075K->236075K(253440K), 0.0002976 secs] [Times: user=0.00 sys=0.00, real=0.00 secs] 
275.995: [Full GC275.995: [CMS276.174: [CMS-concurrent-mark: 0.221/0.224 secs] [Times: user=0.33 sys=0.00, real=0.22 secs] 
 (concurrent mode failure): 166123K->167002K(174784K), 0.6348145 secs] 236075K->167002K(253440K), [CMS Perm : 7316K->7261K(21248K)], 0.6350586 secs] [Times: user=0.64 sys=0.00, real=0.63 secs] 
276.704: [GC276.704: [ParNew: 69952K->69952K(78656K), 0.0000192 secs]276.704: [CMS: 167002K->164902K(174784K), 0.4545896 secs] 236954K->164902K(253440K), [CMS Perm : 7261K->7261K(21248K)], 0.4549995 secs] [Times: user=0.45 sys=0.00, real=0.46 secs] 
277.159: [GC [1 CMS-initial-mark: 164902K(174784K)] 164904K(253440K), 0.0018906 secs] [Times: user=0.00 sys=0.00, real=0.00 secs] 
277.161: [CMS-concurrent-mark-start]
277.234: [GC277.234: [ParNew: 69952K->69952K(78656K), 0.0000253 secs]277.234: [CMS277.404: [CMS-concurrent-mark: 0.221/0.242 secs] [Times: user=0.39 sys=0.00, real=0.24 secs] 
 (concurrent mode failure): 164902K->168348K(174784K), 0.6329585 secs] 234854K->168348K(253440K), [CMS Perm : 7311K->7311K(21248K)], 0.6333049 secs] [Times: user=0.62 sys=0.00, real=0.63 secs] 
277.890: [GC [1 CMS-initial-mark: 168348K(174784K)] 191411K(253440K), 0.0163250 secs] [Times: user=0.02 sys=0.00, real=0.02 secs] 
277.907: [CMS-concurrent-mark-start]
277.966: [GC277.966: [ParNew: 69952K->69952K(78656K), 0.0000208 secs]277.966: [CMS278.154: [CMS-concurrent-mark: 0.223/0.247 secs] [Times: user=0.27 sys=0.00, real=0.25 secs] 
 (concurrent mode failure): 168348K->168283K(174784K), 0.6489361 secs] 238300K->168283K(253440K), [CMS Perm : 7311K->7311K(21248K)], 0.6493069 secs] [Times: user=0.66 sys=0.00, real=0.65 secs] 
278.686: [GC278.686: [ParNew: 69952K->69952K(78656K), 0.0000196 secs]278.686: [CMS: 168283K->154263K(174784K), 0.4347489 secs] 238235K->154263K(253440K), [CMS Perm : 7311K->7311K(21248K)], 0.4351345 secs] [Times: user=0.42 sys=0.00, real=0.43 secs] 
279.121: [GC [1 CMS-initial-mark: 154263K(174784K)] 154265K(253440K), 0.0015795 secs] [Times: user=0.00 sys=0.00, real=0.00 secs] 
279.123: [CMS-concurrent-mark-start]
279.201: [GC279.201: [ParNew: 69952K->69952K(78656K), 0.0000244 secs]279.201: [CMS279.358: [CMS-concurrent-mark: 0.206/0.235 secs] [Times: user=0.39 sys=0.00, real=0.23 secs] 
 (concurrent mode failure): 154263K->156598K(174784K), 0.5876148 secs] 224215K->156598K(253440K), [CMS Perm : 7314K->7314K(21248K)], 0.5879509 secs] [Times: user=0.58 sys=0.00, real=0.59 secs] 
279.860: [GC279.860: [ParNew: 69952K->69952K(78656K), 0.0000260 secs]279.860: [CMS: 156598K->165733K(174784K), 0.4536018 secs] 226550K->165733K(253440K), [CMS Perm : 7314K->7314K(21248K)], 0.4541342 secs] [Times: user=0.45 sys=0.00, real=0.45 secs] 
280.314: [GC [1 CMS-initial-mark: 165733K(174784K)] 165735K(253440K), 0.0016854 secs] [Times: user=0.00 sys=0.00, real=0.00 secs] 
280.316: [CMS-concurrent-mark-start]
280.396: [GC280.396: [ParNew: 69952K->69952K(78656K), 0.0000228 secs]280.396: [CMS280.566: [CMS-concurrent-mark: 0.223/0.250 secs] [Times: user=0.34 sys=0.00, real=0.25 secs] 
 (concurrent mode failure): 165733K->167530K(174784K), 0.6303119 secs] 235685K->167530K(253440K), [CMS Perm : 7314K->7314K(21248K)], 0.6309165 secs] [Times: user=0.55 sys=0.00, real=0.63 secs] 
281.100: [GC281.100: [ParNew: 69952K->69952K(78656K), 0.0000192 secs]281.100: [CMS: 167530K->162951K(174784K), 0.4462801 secs] 237482K->162951K(253440K), [CMS Perm : 7315K->7315K(21248K)], 0.4466627 secs] [Times: user=0.45 sys=0.00, real=0.45 secs] 
281.547: [GC [1 CMS-initial-mark: 162951K(174784K)] 162951K(253440K), 0.0015391 secs] [Times: user=0.00 sys=0.00, real=0.00 secs] 
281.549: [CMS-concurrent-mark-start]
281.613: [GC281.613: [ParNew: 69952K->69952K(78656K), 0.0000196 secs] 232903K->232903K(253440K), 0.0003133 secs] [Times: user=0.00 sys=0.00, real=0.00 secs] 
281.613: [Full GC281.613: [CMS281.768: [CMS-concurrent-mark: 0.216/0.219 secs] [Times: user=0.37 sys=0.00, real=0.22 secs] 
 (concurrent mode failure): 162951K->163708K(174784K), 0.6011232 secs] 232903K->163708K(253440K), [CMS Perm : 7315K->7262K(21248K)], 0.6013067 secs] [Times: user=0.61 sys=0.00, real=0.60 secs] 
282.255: [GC [1 CMS-initial-mark: 163708K(174784K)] 178691K(253440K), 0.0108217 secs] [Times: user=0.02 sys=0.00, real=0.01 secs] 
282.267: [CMS-concurrent-mark-start]
282.307: [GC282.307: [ParNew: 69952K->69952K(78656K), 0.0000215 secs]282.307: [CMS282.489: [CMS-concurrent-mark: 0.220/0.223 secs] [Times: user=0.31 sys=0.00, real=0.22 secs] 
 (concurrent mode failure): 163708K->165841K(174784K), 0.6353995 secs] 233660K->165841K(253440K), [CMS Perm : 7312K->7312K(21248K)], 0.6358158 secs] [Times: user=0.64 sys=0.00, real=0.64 secs] 
283.014: [GC283.014: [ParNew: 69952K->69952K(78656K), 0.0000199 secs]283.014: [CMS: 165841K->163788K(174784K), 0.4487923 secs] 235793K->163788K(253440K), [CMS Perm : 7312K->7312K(21248K)], 0.4491797 secs] [Times: user=0.45 sys=0.00, real=0.45 secs] 
283.464: [GC [1 CMS-initial-mark: 163788K(174784K)] 163790K(253440K), 0.0017482 secs] [Times: user=0.00 sys=0.00, real=0.00 secs] 
283.465: [CMS-concurrent-mark-start]
283.532: [GC283.532: [ParNew: 69952K->69952K(78656K), 0.0000196 secs] 233740K->233740K(253440K), 0.0002867 secs] [Times: user=0.00 sys=0.00, real=0.00 secs] 
283.532: [Full GC283.532: [CMS283.684: [CMS-concurrent-mark: 0.215/0.219 secs] [Times: user=0.34 sys=0.02, real=0.22 secs] 
 (concurrent mode failure): 163788K->167607K(174784K), 0.6078769 secs] 233740K->167607K(253440K), [CMS Perm : 7312K->7262K(21248K)], 0.6080787 secs] [Times: user=0.61 sys=0.00, real=0.61 secs] 
284.173: [GC [1 CMS-initial-mark: 167607K(174784K)] 182144K(253440K), 0.0105344 secs] [Times: user=0.02 sys=0.00, real=0.01 secs] 
284.184: [CMS-concurrent-mark-start]
284.227: [GC284.228: [ParNew: 69952K->69952K(78656K), 0.0000218 secs]284.228: [CMS284.410: [CMS-concurrent-mark: 0.224/0.226 secs] [Times: user=0.34 sys=0.00, real=0.23 secs] 
 (concurrent mode failure): 167607K->170998K(174784K), 0.6506651 secs] 237559K->170998K(253440K), [CMS Perm : 7312K->7312K(21248K)], 0.6511391 secs] [Times: user=0.66 sys=0.00, real=0.65 secs] 
284.941: [GC [1 CMS-initial-mark: 170998K(174784K)] 214161K(253440K), 0.0287179 secs] [Times: user=0.01 sys=0.00, real=0.03 secs] 
284.970: [CMS-concurrent-mark-start]
284.989: [GC284.990: [ParNew: 69952K->69952K(78656K), 0.0000218 secs]284.990: [CMS285.199: [CMS-concurrent-mark: 0.226/0.228 secs] [Times: user=0.23 sys=0.00, real=0.23 secs] 
 (concurrent mode failure): 170998K->170028K(174784K), 0.6796271 secs] 240950K->170028K(253440K), [CMS Perm : 7312K->7312K(21248K)], 0.6801030 secs] [Times: user=0.67 sys=0.00, real=0.68 secs] 
285.737: [GC285.737: [ParNew: 69952K->69952K(78656K), 0.0000199 secs]285.737: [CMS: 170028K->162428K(174784K), 0.4499681 secs] 239980K->162428K(253440K), [CMS Perm : 7312K->7312K(21248K)], 0.4503985 secs] [Times: user=0.44 sys=0.00, real=0.45 secs] 
286.188: [GC [1 CMS-initial-mark: 162428K(174784K)] 162430K(253440K), 0.0017316 secs] [Times: user=0.00 sys=0.00, real=0.00 secs] 
286.190: [CMS-concurrent-mark-start]
286.270: [GC286.270: [ParNew: 69952K->69952K(78656K), 0.0000180 secs]286.270: [CMS286.432: [CMS-concurrent-mark: 0.216/0.242 secs] [Times: user=0.34 sys=0.00, real=0.24 secs] 
 (concurrent mode failure): 162428K->164837K(174784K), 0.6129687 secs] 232380K->164837K(253440K), [CMS Perm : 7312K->7312K(21248K)], 0.6133333 secs] [Times: user=0.61 sys=0.00, real=0.61 secs] 
286.939: [GC [1 CMS-initial-mark: 164837K(174784K)] 204098K(253440K), 0.0258609 secs] [Times: user=0.02 sys=0.00, real=0.03 secs] 
286.965: [CMS-concurrent-mark-start]
286.988: [GC286.988: [ParNew: 69952K->69952K(78656K), 0.0000221 secs] 234789K->234789K(253440K), 0.0003817 secs] [Times: user=0.00 sys=0.00, real=0.00 secs] 
286.988: [Full GC286.988: [CMS287.185: [CMS-concurrent-mark: 0.217/0.220 secs] [Times: user=0.30 sys=0.00, real=0.22 secs] 
 (concurrent mode failure): 164837K->165121K(174784K), 0.6469412 secs] 234789K->165121K(253440K), [CMS Perm : 7315K->7303K(21248K)], 0.6471289 secs] [Times: user=0.64 sys=0.00, real=0.65 secs] 
287.706: [GC287.706: [ParNew: 69952K->69952K(78656K), 0.0000199 secs]287.706: [CMS: 165121K->161146K(174784K), 0.4432766 secs] 235073K->161146K(253440K), [CMS Perm : 7306K->7306K(21248K)], 0.4436582 secs] [Times: user=0.44 sys=0.00, real=0.44 secs] 
288.150: [GC [1 CMS-initial-mark: 161146K(174784K)] 161148K(253440K), 0.0015077 secs] [Times: user=0.00 sys=0.00, real=0.00 secs] 
288.151: [CMS-concurrent-mark-start]
288.233: [GC288.233: [ParNew: 69952K->69952K(78656K), 0.0000189 secs]288.233: [CMS288.394: [CMS-concurrent-mark: 0.213/0.243 secs] [Times: user=0.38 sys=0.02, real=0.24 secs] 
 (concurrent mode failure): 161146K->161287K(174784K), 0.6017249 secs] 231098K->161287K(253440K), [CMS Perm : 7315K->7315K(21248K)], 0.6020488 secs] [Times: user=0.59 sys=0.00, real=0.60 secs] 
288.911: [GC288.911: [ParNew: 69952K->69952K(78656K), 0.0000192 secs]288.911: [CMS: 161287K->163420K(174784K), 0.4576487 secs] 231239K->163420K(253440K), [CMS Perm : 7315K->7315K(21248K)], 0.4580470 secs] [Times: user=0.45 sys=0.00, real=0.46 secs] 
289.369: [GC [1 CMS-initial-mark: 163420K(174784K)] 163422K(253440K), 0.0016944 secs] [Times: user=0.02 sys=0.00, real=0.00 secs] 
289.371: [CMS-concurrent-mark-start]
289.450: [GC289.450: [ParNew: 69952K->69952K(78656K), 0.0000212 secs]289.450: [CMS289.614: [CMS-concurrent-mark: 0.218/0.243 secs] [Times: user=0.33 sys=0.00, real=0.24 secs] 
 (concurrent mode failure): 163420K->165050K(174784K), 0.6164966 secs] 233372K->165050K(253440K), [CMS Perm : 7317K->7317K(21248K)], 0.6168225 secs] [Times: user=0.61 sys=0.00, real=0.62 secs] 
290.104: [GC [1 CMS-initial-mark: 165050K(174784K)] 197222K(253440K), 0.0212926 secs] [Times: user=0.02 sys=0.00, real=0.02 secs] 
290.126: [CMS-concurrent-mark-start]
290.163: [GC290.164: [ParNew: 69952K->69952K(78656K), 0.0000199 secs]290.164: [CMS290.346: [CMS-concurrent-mark: 0.217/0.220 secs] [Times: user=0.28 sys=0.02, real=0.22 secs] 
 (concurrent mode failure): 165050K->165481K(174784K), 0.6395124 secs] 235002K->165481K(253440K), [CMS Perm : 7317K->7317K(21248K)], 0.6399248 secs] [Times: user=0.64 sys=0.00, real=0.64 secs] 
290.881: [GC290.881: [ParNew: 69952K->69952K(78656K), 0.0000199 secs]290.881: [CMS: 165481K->163427K(174784K), 0.4522355 secs] 235433K->163427K(253440K), [CMS Perm : 7317K->7317K(21248K)], 0.4527269 secs] [Times: user=0.45 sys=0.00, real=0.45 secs] 
291.334: [GC [1 CMS-initial-mark: 163427K(174784K)] 163431K(253440K), 0.0019647 secs] [Times: user=0.02 sys=0.00, real=0.00 secs] 
291.336: [CMS-concurrent-mark-start]
291.415: [GC291.415: [ParNew: 69952K->69952K(78656K), 0.0000356 secs]291.415: [CMS291.584: [CMS-concurrent-mark: 0.221/0.248 secs] [Times: user=0.33 sys=0.00, real=0.25 secs] 
 (concurrent mode failure): 163427K->164283K(174784K), 0.6213084 secs] 233379K->164283K(253440K), [CMS Perm : 7317K->7317K(21248K)], 0.6217250 secs] [Times: user=0.61 sys=0.00, real=0.62 secs] 
292.066: [GC [1 CMS-initial-mark: 164283K(174784K)] 177811K(253440K), 0.0100478 secs] [Times: user=0.02 sys=0.00, real=0.01 secs] 
292.076: [CMS-concurrent-mark-start]
292.119: [GC292.119: [ParNew: 69952K->69952K(78656K), 0.0000199 secs]292.119: [CMS292.302: [CMS-concurrent-mark: 0.223/0.225 secs] [Times: user=0.30 sys=0.02, real=0.22 secs] 
 (concurrent mode failure): 164283K->167129K(174784K), 0.6470208 secs] 234235K->167129K(253440K), [CMS Perm : 7317K->7317K(21248K)], 0.6474303 secs] [Times: user=0.64 sys=0.00, real=0.65 secs] 
292.838: [GC292.838: [ParNew: 69952K->69952K(78656K), 0.0000218 secs] 237081K->237081K(253440K), 0.0002886 secs] [Times: user=0.00 sys=0.00, real=0.00 secs] 
292.838: [Full GC292.838: [CMS: 167129K->161662K(174784K), 0.4486784 secs] 237081K->161662K(253440K), [CMS Perm : 7317K->7262K(21248K)], 0.4489783 secs] [Times: user=0.45 sys=0.00, real=0.45 secs] 
293.288: [GC [1 CMS-initial-mark: 161662K(174784K)] 161666K(253440K), 0.0021363 secs] [Times: user=0.00 sys=0.00, real=0.00 secs] 
293.290: [CMS-concurrent-mark-start]
293.369: [GC293.369: [ParNew: 69952K->69952K(78656K), 0.0000192 secs]293.369: [CMS293.529: [CMS-concurrent-mark: 0.215/0.239 secs] [Times: user=0.37 sys=0.00, real=0.24 secs] 
 (concurrent mode failure): 161662K->165011K(174784K), 0.6153013 secs] 231614K->165011K(253440K), [CMS Perm : 7312K->7312K(21248K)], 0.6156451 secs] [Times: user=0.61 sys=0.00, real=0.62 secs] 
294.056: [GC294.056: [ParNew: 69952K->69952K(78656K), 0.0000199 secs]294.056: [CMS: 165011K->162616K(174784K), 0.4519514 secs] 234963K->162616K(253440K), [CMS Perm : 7312K->7312K(21248K)], 0.4523433 secs] [Times: user=0.45 sys=0.00, real=0.45 secs] 
294.509: [GC [1 CMS-initial-mark: 162616K(174784K)] 162620K(253440K), 0.0018871 secs] [Times: user=0.00 sys=0.00, real=0.00 secs] 
294.511: [CMS-concurrent-mark-start]
294.577: [GC294.578: [ParNew: 69952K->69952K(78656K), 0.0000218 secs]294.578: [CMS294.728: [CMS-concurrent-mark: 0.215/0.217 secs] [Times: user=0.33 sys=0.00, real=0.22 secs] 
 (concurrent mode failure): 162616K->163647K(174784K), 0.6030767 secs] 232568K->163647K(253440K), [CMS Perm : 7312K->7312K(21248K)], 0.6035520 secs] [Times: user=0.61 sys=0.00, real=0.60 secs] 
295.221: [GC [1 CMS-initial-mark: 163647K(174784K)] 175483K(253440K), 0.0091007 secs] [Times: user=0.00 sys=0.00, real=0.01 secs] 
295.231: [CMS-concurrent-mark-start]
295.276: [GC295.276: [ParNew: 69952K->69952K(78656K), 0.0000225 secs]295.276: [CMS295.451: [CMS-concurrent-mark: 0.218/0.221 secs] [Times: user=0.34 sys=0.00, real=0.22 secs] 
 (concurrent mode failure): 163647K->164217K(174784K), 0.6243385 secs] 233599K->164217K(253440K), [CMS Perm : 7313K->7313K(21248K)], 0.6246936 secs] [Times: user=0.62 sys=0.00, real=0.62 secs] 
295.950: [GC [1 CMS-initial-mark: 164217K(174784K)] 189121K(253440K), 0.0167752 secs] [Times: user=0.02 sys=0.00, real=0.02 secs] 
295.967: [CMS-concurrent-mark-start]
296.002: [GC296.002: [ParNew: 69952K->69952K(78656K), 0.0000221 secs] 234169K->234169K(253440K), 0.0003268 secs] [Times: user=0.00 sys=0.00, real=0.00 secs] 
296.002: [Full GC296.003: [CMS296.191: [CMS-concurrent-mark: 0.221/0.224 secs] [Times: user=0.33 sys=0.00, real=0.22 secs] 
 (concurrent mode failure): 164217K->167920K(174784K), 0.6535702 secs] 234169K->167920K(253440K), [CMS Perm : 7316K->7304K(21248K)], 0.6538130 secs] [Times: user=0.61 sys=0.00, real=0.65 secs] 
296.725: [GC296.725: [ParNew: 69952K->69952K(78656K), 0.0000202 secs]296.725: [CMS: 167920K->164820K(174784K), 0.4725493 secs] 237872K->164820K(253440K), [CMS Perm : 7307K->7307K(21248K)], 0.4729338 secs] [Times: user=0.47 sys=0.00, real=0.47 secs] 
297.198: [GC [1 CMS-initial-mark: 164820K(174784K)] 164874K(253440K), 0.0017883 secs] [Times: user=0.00 sys=0.00, real=0.00 secs] 
297.200: [CMS-concurrent-mark-start]
297.272: [GC297.272: [ParNew: 69952K->69952K(78656K), 0.0000343 secs]297.272: [CMS297.439: [CMS-concurrent-mark: 0.218/0.240 secs] [Times: user=0.34 sys=0.00, real=0.24 secs] 
 (concurrent mode failure): 164820K->166629K(174784K), 0.6242901 secs] 234772K->166629K(253440K), [CMS Perm : 7316K->7316K(21248K)], 0.6246753 secs] [Times: user=0.62 sys=0.00, real=0.63 secs] 
297.944: [GC [1 CMS-initial-mark: 166629K(174784K)] 197846K(253440K), 0.0208487 secs] [Times: user=0.03 sys=0.00, real=0.02 secs] 
297.969: [CMS-concurrent-mark-start]
297.995: [GC297.995: [ParNew: 69952K->69952K(78656K), 0.0000244 secs]297.995: [CMS298.194: [CMS-concurrent-mark: 0.222/0.224 secs] [Times: user=0.23 sys=0.00, real=0.22 secs] 
 (concurrent mode failure): 166629K->167200K(174784K), 0.6594339 secs] 236581K->167200K(253440K), [CMS Perm : 7316K->7316K(21248K)], 0.6599108 secs] [Times: user=0.67 sys=0.00, real=0.66 secs] 
298.722: [GC298.722: [ParNew: 69952K->69952K(78656K), 0.0000199 secs]298.722: [CMS: 167200K->164145K(174784K), 0.4539857 secs] 237152K->164145K(253440K), [CMS Perm : 7316K->7316K(21248K)], 0.4545447 secs] [Times: user=0.45 sys=0.00, real=0.45 secs] 
299.177: [GC [1 CMS-initial-mark: 164145K(174784K)] 164147K(253440K), 0.0020257 secs] [Times: user=0.00 sys=0.00, real=0.00 secs] 
299.179: [CMS-concurrent-mark-start]
299.256: [GC299.256: [ParNew: 69952K->69952K(78656K), 0.0000289 secs]299.256: [CMS299.421: [CMS-concurrent-mark: 0.218/0.241 secs] [Times: user=0.39 sys=0.00, real=0.24 secs] 
 (concurrent mode failure): 164145K->165972K(174784K), 0.6181429 secs] 234097K->165972K(253440K), [CMS Perm : 7317K->7317K(21248K)], 0.6185335 secs] [Times: user=0.62 sys=0.00, real=0.62 secs] 
299.948: [GC [1 CMS-initial-mark: 165972K(174784K)] 216251K(253440K), 0.0329466 secs] [Times: user=0.03 sys=0.00, real=0.03 secs] 
299.981: [CMS-concurrent-mark-start]
299.994: [GC299.995: [ParNew: 69952K->69952K(78656K), 0.0000218 secs]299.995: [CMS300.203: [CMS-concurrent-mark: 0.220/0.222 secs] [Times: user=0.25 sys=0.00, real=0.22 secs] 
 (concurrent mode failure): 165972K->166990K(174784K), 0.6691655 secs] 235924K->166990K(253440K), [CMS Perm : 7317K->7317K(21248K)], 0.6695933 secs] [Times: user=0.65 sys=0.00, real=0.67 secs] 
300.732: [GC300.732: [ParNew: 69952K->69952K(78656K), 0.0000199 secs] 236942K->236942K(253440K), 0.0002979 secs] [Times: user=0.00 sys=0.00, real=0.00 secs] 
300.733: [Full GC300.733: [CMS: 166990K->164408K(174784K), 0.4567221 secs] 236942K->164408K(253440K), [CMS Perm : 7317K->7262K(21248K)], 0.4569049 secs] [Times: user=0.45 sys=0.00, real=0.46 secs] 
301.190: [GC [1 CMS-initial-mark: 164408K(174784K)] 164410K(253440K), 0.0014820 secs] [Times: user=0.00 sys=0.00, real=0.00 secs] 
301.192: [CMS-concurrent-mark-start]
301.268: [GC301.269: [ParNew: 69952K->69952K(78656K), 0.0000231 secs]301.269: [CMS301.437: [CMS-concurrent-mark: 0.220/0.246 secs] [Times: user=0.33 sys=0.02, real=0.25 secs] 
 (concurrent mode failure): 164408K->166738K(174784K), 0.6275181 secs] 234360K->166738K(253440K), [CMS Perm : 7313K->7313K(21248K)], 0.6279161 secs] [Times: user=0.64 sys=0.00, real=0.63 secs] 
301.924: [GC [1 CMS-initial-mark: 166738K(174784K)] 192725K(253440K), 0.0178856 secs] [Times: user=0.01 sys=0.00, real=0.02 secs] 
301.942: [CMS-concurrent-mark-start]
301.983: [GC301.984: [ParNew: 69952K->69952K(78656K), 0.0000192 secs]301.984: [CMS302.166: [CMS-concurrent-mark: 0.221/0.224 secs] [Times: user=0.31 sys=0.00, real=0.22 secs] 
 (concurrent mode failure): 166738K->160799K(174784K), 0.6287699 secs] 236690K->160799K(253440K), [CMS Perm : 7314K->7314K(21248K)], 0.6291785 secs] [Times: user=0.62 sys=0.00, real=0.63 secs] 
302.691: [GC302.691: [ParNew: 69952K->69952K(78656K), 0.0000199 secs]302.691: [CMS: 160799K->169636K(174784K), 0.4645457 secs] 230751K->169636K(253440K), [CMS Perm : 7314K->7314K(21248K)], 0.4650185 secs] [Times: user=0.47 sys=0.00, real=0.46 secs] 
303.156: [GC [1 CMS-initial-mark: 169636K(174784K)] 169687K(253440K), 0.0017550 secs] [Times: user=0.00 sys=0.00, real=0.00 secs] 
303.158: [CMS-concurrent-mark-start]
303.243: [GC303.243: [ParNew: 69952K->69952K(78656K), 0.0000225 secs]303.243: [CMS303.417: [CMS-concurrent-mark: 0.227/0.259 secs] [Times: user=0.38 sys=0.02, real=0.26 secs] 
 (concurrent mode failure): 169636K->169610K(174784K), 0.6438408 secs] 239588K->169610K(253440K), [CMS Perm : 7315K->7315K(21248K)], 0.6441789 secs] [Times: user=0.64 sys=0.00, real=0.64 secs] 
303.924: [GC [1 CMS-initial-mark: 169610K(174784K)] 202264K(253440K), 0.0217993 secs] [Times: user=0.03 sys=0.00, real=0.02 secs] 
303.946: [CMS-concurrent-mark-start]
304.004: [GC304.004: [ParNew: 69952K->69952K(78656K), 0.0000221 secs]304.004: [CMS304.202: [CMS-concurrent-mark: 0.225/0.256 secs] [Times: user=0.37 sys=0.00, real=0.25 secs] 
 (concurrent mode failure): 169610K->171201K(174784K), 0.6711806 secs] 239562K->171201K(253440K), [CMS Perm : 7318K->7318K(21248K)], 0.6716001 secs] [Times: user=0.67 sys=0.00, real=0.67 secs] 
304.747: [GC304.747: [ParNew: 69952K->69952K(78656K), 0.0000372 secs]304.747: [CMS: 171201K->164817K(174784K), 0.4659470 secs] 241153K->164817K(253440K), [CMS Perm : 7318K->7318K(21248K)], 0.4664004 secs] [Times: user=0.47 sys=0.00, real=0.47 secs] 
305.214: [GC [1 CMS-initial-mark: 164817K(174784K)] 164874K(253440K), 0.0017486 secs] [Times: user=0.00 sys=0.00, real=0.00 secs] 
305.216: [CMS-concurrent-mark-start]
305.298: [GC305.298: [ParNew: 69952K->69952K(78656K), 0.0000199 secs]305.298: [CMS305.473: [CMS-concurrent-mark: 0.227/0.257 secs] [Times: user=0.39 sys=0.00, real=0.26 secs] 
 (concurrent mode failure): 164817K->167951K(174784K), 0.6348398 secs] 234769K->167951K(253440K), [CMS Perm : 7318K->7318K(21248K)], 0.6352452 secs] [Times: user=0.62 sys=0.00, real=0.63 secs] 
306.008: [GC306.009: [ParNew: 69952K->69952K(78656K), 0.0000199 secs]306.009: [CMS: 167951K->160573K(174784K), 0.4454931 secs] 237903K->160573K(253440K), [CMS Perm : 7318K->7318K(21248K)], 0.4459045 secs] [Times: user=0.45 sys=0.00, real=0.45 secs] 
306.455: [GC [1 CMS-initial-mark: 160573K(174784K)] 160599K(253440K), 0.0019108 secs] [Times: user=0.00 sys=0.00, real=0.00 secs] 
306.457: [CMS-concurrent-mark-start]
306.524: [GC306.524: [ParNew: 69952K->69952K(78656K), 0.0000202 secs]306.524: [CMS306.673: [CMS-concurrent-mark: 0.213/0.216 secs] [Times: user=0.36 sys=0.01, real=0.22 secs] 
 (concurrent mode failure): 160573K->164853K(174784K), 0.6046592 secs] 230525K->164853K(253440K), [CMS Perm : 7318K->7318K(21248K)], 0.6050925 secs] [Times: user=0.61 sys=0.00, real=0.61 secs] 
307.159: [GC [1 CMS-initial-mark: 164853K(174784K)] 176530K(253440K), 0.0089952 secs] [Times: user=0.00 sys=0.00, real=0.01 secs] 
307.169: [CMS-concurrent-mark-start]
307.216: [GC307.217: [ParNew: 69952K->69952K(78656K), 0.0000215 secs]307.217: [CMS307.391: [CMS-concurrent-mark: 0.219/0.222 secs] [Times: user=0.31 sys=0.00, real=0.22 secs] 
 (concurrent mode failure): 164853K->166992K(174784K), 0.6333844 secs] 234805K->166992K(253440K), [CMS Perm : 7318K->7318K(21248K)], 0.6338094 secs] [Times: user=0.62 sys=0.00, real=0.63 secs] 
307.924: [GC307.925: [ParNew: 69952K->69952K(78656K), 0.0000199 secs]307.925: [CMS: 166992K->165003K(174784K), 0.4573257 secs] 236944K->165003K(253440K), [CMS Perm : 7318K->7318K(21248K)], 0.4577449 secs] [Times: user=0.44 sys=0.00, real=0.46 secs] 
308.382: [GC [1 CMS-initial-mark: 165003K(174784K)] 165013K(253440K), 0.0014958 secs] [Times: user=0.00 sys=0.00, real=0.00 secs] 
308.384: [CMS-concurrent-mark-start]
308.459: [GC308.460: [ParNew: 69952K->69952K(78656K), 0.0000305 secs]308.460: [CMS308.630: [CMS-concurrent-mark: 0.222/0.246 secs] [Times: user=0.40 sys=0.00, real=0.25 secs] 
 (concurrent mode failure): 165003K->167244K(174784K), 0.6341650 secs] 234955K->167244K(253440K), [CMS Perm : 7320K->7320K(21248K)], 0.6347006 secs] [Times: user=0.64 sys=0.00, real=0.63 secs] 
309.160: [GC309.160: [ParNew: 69952K->69952K(78656K), 0.0000212 secs]309.160: [CMS: 167244K->164585K(174784K), 0.4540085 secs] 237196K->164585K(253440K), [CMS Perm : 7320K->7320K(21248K)], 0.4545046 secs] [Times: user=0.45 sys=0.03, real=0.45 secs] 
309.615: [GC [1 CMS-initial-mark: 164585K(174784K)] 164587K(253440K), 0.0016382 secs] [Times: user=0.00 sys=0.00, real=0.00 secs] 
309.617: [CMS-concurrent-mark-start]
309.683: [GC309.683: [ParNew: 69952K->69952K(78656K), 0.0000199 secs]309.683: [CMS309.838: [CMS-concurrent-mark: 0.219/0.222 secs] [Times: user=0.40 sys=0.02, real=0.22 secs] 
 (concurrent mode failure): 164585K->164820K(174784K), 0.6107730 secs] 234537K->164820K(253440K), [CMS Perm : 7320K->7320K(21248K)], 0.6112002 secs] [Times: user=0.61 sys=0.00, real=0.61 secs] 
310.295: [GC [1 CMS-initial-mark: 164820K(174784K)] 164867K(253440K), 0.0018541 secs] [Times: user=0.00 sys=0.00, real=0.00 secs] 
310.297: [CMS-concurrent-mark-start]
310.376: [GC310.376: [ParNew: 69952K->69952K(78656K), 0.0000228 secs]310.376: [CMS310.544: [CMS-concurrent-mark: 0.221/0.247 secs] [Times: user=0.40 sys=0.00, real=0.25 secs] 
 (concurrent mode failure): 164820K->165771K(174784K), 0.6263491 secs] 234772K->165771K(253440K), [CMS Perm : 7320K->7320K(21248K)], 0.6267256 secs] [Times: user=0.62 sys=0.00, real=0.63 secs] 
311.073: [GC311.073: [ParNew: 69952K->69952K(78656K), 0.0000196 secs]311.073: [CMS: 165771K->167901K(174784K), 0.4632106 secs] 235723K->167901K(253440K), [CMS Perm : 7320K->7320K(21248K)], 0.4636580 secs] [Times: user=0.45 sys=0.00, real=0.46 secs] 
311.537: [GC [1 CMS-initial-mark: 167901K(174784K)] 167903K(253440K), 0.0018182 secs] [Times: user=0.02 sys=0.00, real=0.00 secs] 
311.539: [CMS-concurrent-mark-start]
311.603: [GC311.603: [ParNew: 69952K->69952K(78656K), 0.0000212 secs]311.604: [CMS311.764: [CMS-concurrent-mark: 0.222/0.225 secs] [Times: user=0.36 sys=0.00, real=0.23 secs] 
 (concurrent mode failure): 167901K->167466K(174784K), 0.6214370 secs] 237853K->167466K(253440K), [CMS Perm : 7320K->7320K(21248K)], 0.6218568 secs] [Times: user=0.62 sys=0.00, real=0.62 secs] 
312.255: [GC [1 CMS-initial-mark: 167466K(174784K)] 180468K(253440K), 0.0099699 secs] [Times: user=0.00 sys=0.00, real=0.01 secs] 
312.265: [CMS-concurrent-mark-start]
312.309: [GC312.309: [ParNew: 69952K->69952K(78656K), 0.0000285 secs]312.309: [CMS312.490: [CMS-concurrent-mark: 0.222/0.225 secs] [Times: user=0.31 sys=0.03, real=0.22 secs] 
 (concurrent mode failure): 167466K->168921K(174784K), 0.6457029 secs] 237418K->168921K(253440K), [CMS Perm : 7320K->7320K(21248K)], 0.6461426 secs] [Times: user=0.64 sys=0.00, real=0.65 secs] 
313.030: [GC313.030: [ParNew: 69952K->69952K(78656K), 0.0000196 secs]313.030: [CMS: 168921K->159060K(174784K), 0.4413824 secs] 238873K->159060K(253440K), [CMS Perm : 7320K->7320K(21248K)], 0.4417945 secs] [Times: user=0.45 sys=0.00, real=0.44 secs] 
313.472: [GC [1 CMS-initial-mark: 159060K(174784K)] 159068K(253440K), 0.0016815 secs] [Times: user=0.00 sys=0.00, real=0.00 secs] 
313.474: [CMS-concurrent-mark-start]
313.541: [GC313.541: [ParNew: 69952K->69952K(78656K), 0.0000186 secs]313.541: [CMS313.688: [CMS-concurrent-mark: 0.211/0.214 secs] [Times: user=0.34 sys=0.00, real=0.21 secs] 
 (concurrent mode failure): 159060K->160433K(174784K), 0.6014860 secs] 229012K->160433K(253440K), [CMS Perm : 7320K->7320K(21248K)], 0.6018936 secs] [Times: user=0.61 sys=0.00, real=0.60 secs] 
314.172: [GC [1 CMS-initial-mark: 160433K(174784K)] 173016K(253440K), 0.0095828 secs] [Times: user=0.02 sys=0.00, real=0.01 secs] 
314.182: [CMS-concurrent-mark-start]
314.233: [GC314.233: [ParNew: 69952K->69952K(78656K), 0.0000234 secs]314.233: [CMS314.398: [CMS-concurrent-mark: 0.213/0.216 secs] [Times: user=0.30 sys=0.00, real=0.22 secs] 
 (concurrent mode failure): 160433K->163950K(174784K), 0.6186576 secs] 230385K->163950K(253440K), [CMS Perm : 7320K->7320K(21248K)], 0.6190223 secs] [Times: user=0.62 sys=0.00, real=0.62 secs] 
314.924: [GC314.924: [ParNew: 69952K->69952K(78656K), 0.0000212 secs]314.924: [CMS: 163950K->166174K(174784K), 0.4591150 secs] 233902K->166174K(253440K), [CMS Perm : 7320K->7320K(21248K)], 0.4595460 secs] [Times: user=0.45 sys=0.00, real=0.46 secs] 
315.384: [GC [1 CMS-initial-mark: 166174K(174784K)] 166215K(253440K), 0.0017252 secs] [Times: user=0.00 sys=0.00, real=0.00 secs] 
315.386: [CMS-concurrent-mark-start]
315.466: [GC315.466: [ParNew: 69952K->69952K(78656K), 0.0000196 secs]315.466: [CMS315.635: [CMS-concurrent-mark: 0.221/0.249 secs] [Times: user=0.34 sys=0.00, real=0.25 secs] 
 (concurrent mode failure): 166174K->168359K(174784K), 0.6311336 secs] 236126K->168359K(253440K), [CMS Perm : 7320K->7320K(21248K)], 0.6315031 secs] [Times: user=0.64 sys=0.00, real=0.63 secs] 
316.169: [GC316.169: [ParNew: 69952K->69952K(78656K), 0.0000205 secs]316.169: [CMS: 168359K->161576K(174784K), 0.4482403 secs] 238311K->161576K(253440K), [CMS Perm : 7323K->7323K(21248K)], 0.4486518 secs] [Times: user=0.45 sys=0.00, real=0.45 secs] 
316.618: [GC [1 CMS-initial-mark: 161576K(174784K)] 161579K(253440K), 0.0016985 secs] [Times: user=0.00 sys=0.00, real=0.00 secs] 
316.620: [CMS-concurrent-mark-start]
316.687: [GC316.687: [ParNew: 69952K->69952K(78656K), 0.0000192 secs]316.687: [CMS316.836: [CMS-concurrent-mark: 0.214/0.217 secs] [Times: user=0.39 sys=0.03, real=0.22 secs] 
 (concurrent mode failure): 161576K->162927K(174784K), 0.5999818 secs] 231528K->162927K(253440K), [CMS Perm : 7323K->7323K(21248K)], 0.6004430 secs] [Times: user=0.59 sys=0.00, real=0.60 secs] 
317.319: [GC [1 CMS-initial-mark: 162927K(174784K)] 175230K(253440K), 0.0094689 secs] [Times: user=0.02 sys=0.00, real=0.01 secs] 
317.329: [CMS-concurrent-mark-start]
317.374: [GC317.374: [ParNew: 69952K->69952K(78656K), 0.0000382 secs]317.374: [CMS317.548: [CMS-concurrent-mark: 0.216/0.219 secs] [Times: user=0.31 sys=0.00, real=0.22 secs] 
 (concurrent mode failure): 162927K->166070K(174784K), 0.6305258 secs] 232879K->166070K(253440K), [CMS Perm : 7323K->7323K(21248K)], 0.6311811 secs] [Times: user=0.62 sys=0.00, real=0.63 secs] 
318.024: [GC [1 CMS-initial-mark: 166070K(174784K)] 187658K(253440K), 0.0149131 secs] [Times: user=0.02 sys=0.00, real=0.01 secs] 
318.039: [CMS-concurrent-mark-start]
318.086: [GC318.086: [ParNew: 69952K->69952K(78656K), 0.0000199 secs]318.086: [CMS318.260: [CMS-concurrent-mark: 0.218/0.221 secs] [Times: user=0.33 sys=0.02, real=0.22 secs] 
 (concurrent mode failure): 166070K->168749K(174784K), 0.6447549 secs] 236022K->168749K(253440K), [CMS Perm : 7323K->7323K(21248K)], 0.6451596 secs] [Times: user=0.66 sys=0.00, real=0.64 secs] 
318.808: [GC318.808: [ParNew: 69952K->69952K(78656K), 0.0000266 secs]318.808: [CMS: 168749K->165625K(174784K), 0.4549238 secs] 238701K->165625K(253440K), [CMS Perm : 7323K->7323K(21248K)], 0.4554633 secs] [Times: user=0.45 sys=0.00, real=0.45 secs] 
319.264: [GC [1 CMS-initial-mark: 165625K(174784K)] 165630K(253440K), 0.0014442 secs] [Times: user=0.00 sys=0.00, real=0.00 secs] 
319.265: [CMS-concurrent-mark-start]
319.347: [GC319.347: [ParNew: 69952K->69952K(78656K), 0.0000279 secs]319.347: [CMS319.513: [CMS-concurrent-mark: 0.221/0.248 secs] [Times: user=0.39 sys=0.02, real=0.25 secs] 
 (concurrent mode failure): 165625K->165536K(174784K), 0.6237609 secs] 235577K->165536K(253440K), [CMS Perm : 7323K->7323K(21248K)], 0.6240842 secs] [Times: user=0.62 sys=0.00, real=0.62 secs] 
320.002: [GC [1 CMS-initial-mark: 165536K(174784K)] 176601K(253440K), 0.0081206 secs] [Times: user=0.01 sys=0.00, real=0.01 secs] 
320.010: [CMS-concurrent-mark-start]
320.056: [GC320.057: [ParNew: 69952K->69952K(78656K), 0.0000237 secs] 235488K->235488K(253440K), 0.0003191 secs] [Times: user=0.00 sys=0.00, real=0.00 secs] 
320.057: [Full GC320.057: [CMS320.235: [CMS-concurrent-mark: 0.221/0.225 secs] [Times: user=0.30 sys=0.00, real=0.23 secs] 
 (concurrent mode failure): 165536K->169846K(174784K), 0.6442539 secs] 235488K->169846K(253440K), [CMS Perm : 7323K->7309K(21248K)], 0.6445057 secs] [Times: user=0.64 sys=0.00, real=0.64 secs] 
320.776: [GC320.776: [ParNew: 69952K->69952K(78656K), 0.0000196 secs]320.776: [CMS: 169846K->169881K(174784K), 0.4675162 secs] 239798K->169881K(253440K), [CMS Perm : 7311K->7311K(21248K)], 0.4678863 secs] [Times: user=0.47 sys=0.00, real=0.47 secs] 
321.244: [GC [1 CMS-initial-mark: 169881K(174784K)] 170053K(253440K), 0.0017418 secs] [Times: user=0.00 sys=0.00, real=0.00 secs] 
321.246: [CMS-concurrent-mark-start]
321.324: [GC321.324: [ParNew: 69952K->69952K(78656K), 0.0000282 secs]321.324: [CMS321.499: [CMS-concurrent-mark: 0.227/0.253 secs] [Times: user=0.41 sys=0.00, real=0.25 secs] 
 (concurrent mode failure): 169881K->169368K(174784K), 0.6826973 secs] 239833K->169368K(253440K), [CMS Perm : 7320K->7320K(21248K)], 0.6831001 secs] [Times: user=0.66 sys=0.00, real=0.68 secs] 
322.043: [GC [1 CMS-initial-mark: 169368K(174784K)] 181098K(253440K), 0.0089157 secs] [Times: user=0.02 sys=0.00, real=0.01 secs] 
322.052: [CMS-concurrent-mark-start]
322.099: [GC322.100: [ParNew: 69952K->69952K(78656K), 0.0000234 secs]322.100: [CMS322.297: [CMS-concurrent-mark: 0.242/0.245 secs] [Times: user=0.25 sys=0.03, real=0.25 secs] 
 (concurrent mode failure): 169368K->169162K(174784K), 0.6643146 secs] 239320K->169162K(253440K), [CMS Perm : 7320K->7320K(21248K)], 0.6647912 secs] [Times: user=0.62 sys=0.00, real=0.66 secs] 
322.840: [GC322.840: [ParNew: 69952K->69952K(78656K), 0.0000196 secs]322.840: [CMS: 169162K->164204K(174784K), 0.4562564 secs] 239114K->164204K(253440K), [CMS Perm : 7320K->7320K(21248K)], 0.4567580 secs] [Times: user=0.44 sys=0.00, real=0.46 secs] 
323.297: [GC [1 CMS-initial-mark: 164204K(174784K)] 164207K(253440K), 0.0018307 secs] [Times: user=0.00 sys=0.00, real=0.00 secs] 
323.299: [CMS-concurrent-mark-start]
323.376: [GC323.376: [ParNew: 69952K->69952K(78656K), 0.0000192 secs] 234156K->234156K(253440K), 0.0002505 secs] [Times: user=0.00 sys=0.00, real=0.00 secs] 
323.376: [Full GC323.376: [CMS323.542: [CMS-concurrent-mark: 0.218/0.244 secs] [Times: user=0.33 sys=0.00, real=0.24 secs] 
 (concurrent mode failure): 164204K->166661K(174784K), 0.6270178 secs] 234156K->166661K(253440K), [CMS Perm : 7320K->7309K(21248K)], 0.6272725 secs] [Times: user=0.64 sys=0.00, real=0.63 secs] 
324.068: [GC324.069: [ParNew: 69952K->69952K(78656K), 0.0000192 secs]324.069: [CMS: 166661K->159884K(174784K), 0.4482593 secs] 236613K->159884K(253440K), [CMS Perm : 7320K->7320K(21248K)], 0.4486714 secs] [Times: user=0.44 sys=0.02, real=0.45 secs] 
324.518: [GC [1 CMS-initial-mark: 159884K(174784K)] 159931K(253440K), 0.0018884 secs] [Times: user=0.00 sys=0.00, real=0.00 secs] 
324.520: [CMS-concurrent-mark-start]
324.584: [GC324.584: [ParNew: 69952K->69952K(78656K), 0.0000208 secs]324.584: [CMS324.737: [CMS-concurrent-mark: 0.215/0.217 secs] [Times: user=0.36 sys=0.00, real=0.22 secs] 
 (concurrent mode failure): 159884K->160062K(174784K), 0.5955953 secs] 229836K->160062K(253440K), [CMS Perm : 7320K->7320K(21248K)], 0.5960142 secs] [Times: user=0.59 sys=0.00, real=0.60 secs] 
325.220: [GC [1 CMS-initial-mark: 160062K(174784K)] 178693K(253440K), 0.0134677 secs] [Times: user=0.02 sys=0.00, real=0.01 secs] 
325.234: [CMS-concurrent-mark-start]
325.272: [GC325.272: [ParNew: 69952K->69952K(78656K), 0.0000205 secs]325.272: [CMS325.448: [CMS-concurrent-mark: 0.211/0.214 secs] [Times: user=0.26 sys=0.00, real=0.21 secs] 
 (concurrent mode failure): 160062K->161334K(174784K), 0.6209514 secs] 230014K->161334K(253440K), [CMS Perm : 7320K->7320K(21248K)], 0.6212888 secs] [Times: user=0.62 sys=0.00, real=0.62 secs] 
325.970: [GC [1 CMS-initial-mark: 161334K(174784K)] 216945K(253440K), 0.0367272 secs] [Times: user=0.03 sys=0.00, real=0.04 secs] 
326.008: [CMS-concurrent-mark-start]
326.017: [GC326.017: [ParNew: 69952K->69952K(78656K), 0.0000301 secs]326.017: [CMS326.224: [CMS-concurrent-mark: 0.213/0.216 secs] [Times: user=0.27 sys=0.00, real=0.22 secs] 
 (concurrent mode failure): 161334K->162827K(174784K), 0.6545798 secs] 231286K->162827K(253440K), [CMS Perm : 7320K->7320K(21248K)], 0.6550849 secs] [Times: user=0.66 sys=0.00, real=0.66 secs] 
326.739: [GC326.739: [ParNew: 69952K->69952K(78656K), 0.0000199 secs]326.739: [CMS: 162827K->166203K(174784K), 0.4566230 secs] 232779K->166203K(253440K), [CMS Perm : 7320K->7320K(21248K)], 0.4570406 secs] [Times: user=0.45 sys=0.00, real=0.46 secs] 
327.196: [GC [1 CMS-initial-mark: 166203K(174784K)] 166206K(253440K), 0.0017870 secs] [Times: user=0.00 sys=0.00, real=0.00 secs] 
327.198: [CMS-concurrent-mark-start]
327.282: [GC327.282: [ParNew: 69952K->69952K(78656K), 0.0000186 secs]327.282: [CMS327.449: [CMS-concurrent-mark: 0.221/0.250 secs] [Times: user=0.37 sys=0.00, real=0.25 secs] 
 (concurrent mode failure): 166203K->169866K(174784K), 0.6323286 secs] 236155K->169866K(253440K), [CMS Perm : 7320K->7320K(21248K)], 0.6326256 secs] [Times: user=0.56 sys=0.00, real=0.63 secs] 
327.981: [GC327.981: [ParNew: 69952K->69952K(78656K), 0.0000196 secs]327.981: [CMS: 169866K->168794K(174784K), 0.4645659 secs] 239818K->168794K(253440K), [CMS Perm : 7320K->7320K(21248K)], 0.4649816 secs] [Times: user=0.45 sys=0.00, real=0.47 secs] 
328.446: [GC [1 CMS-initial-mark: 168794K(174784K)] 168798K(253440K), 0.0017165 secs] [Times: user=0.02 sys=0.00, real=0.00 secs] 
328.448: [CMS-concurrent-mark-start]
328.513: [GC328.513: [ParNew: 69952K->69952K(78656K), 0.0000183 secs]328.513: [CMS328.677: [CMS-concurrent-mark: 0.226/0.229 secs] [Times: user=0.34 sys=0.00, real=0.23 secs] 
 (concurrent mode failure): 168794K->166416K(174784K), 0.6212590 secs] 238746K->166416K(253440K), [CMS Perm : 7320K->7320K(21248K)], 0.6216368 secs] [Times: user=0.62 sys=0.00, real=0.62 secs] 
329.173: [GC [1 CMS-initial-mark: 166416K(174784K)] 177728K(253440K), 0.0084753 secs] [Times: user=0.01 sys=0.00, real=0.01 secs] 
329.182: [CMS-concurrent-mark-start]
329.225: [GC329.225: [ParNew: 69952K->69952K(78656K), 0.0000221 secs]329.225: [CMS329.407: [CMS-concurrent-mark: 0.223/0.226 secs] [Times: user=0.28 sys=0.00, real=0.23 secs] 
 (concurrent mode failure): 166416K->169450K(174784K), 0.6501754 secs] 236368K->169450K(253440K), [CMS Perm : 7320K->7320K(21248K)], 0.6505798 secs] [Times: user=0.66 sys=0.00, real=0.65 secs] 
329.965: [GC [1 CMS-initial-mark: 169450K(174784K)] 236559K(253440K), 0.0435476 secs] [Times: user=0.05 sys=0.00, real=0.04 secs] 
330.009: [CMS-concurrent-mark-start]
330.011: [GC330.011: [ParNew: 69952K->69952K(78656K), 0.0000199 secs]330.011: [CMS330.236: [CMS-concurrent-mark: 0.224/0.227 secs] [Times: user=0.22 sys=0.00, real=0.23 secs] 
 (concurrent mode failure): 169450K->162170K(174784K), 0.6747659 secs] 239402K->162170K(253440K), [CMS Perm : 7320K->7320K(21248K)], 0.6752123 secs] [Times: user=0.67 sys=0.00, real=0.68 secs] 
330.749: [GC330.750: [ParNew: 69952K->69952K(78656K), 0.0000192 secs]330.750: [CMS: 162170K->167146K(174784K), 0.4576711 secs] 232122K->167146K(253440K), [CMS Perm : 7320K->7320K(21248K)], 0.4580906 secs] [Times: user=0.45 sys=0.00, real=0.46 secs] 
331.208: [GC [1 CMS-initial-mark: 167146K(174784K)] 167148K(253440K), 0.0019490 secs] [Times: user=0.00 sys=0.00, real=0.00 secs] 
331.210: [CMS-concurrent-mark-start]
331.277: [GC331.277: [ParNew: 69952K->69952K(78656K), 0.0000378 secs]331.277: [CMS331.441: [CMS-concurrent-mark: 0.223/0.230 secs] [Times: user=0.36 sys=0.00, real=0.23 secs] 
 (concurrent mode failure): 167146K->164842K(174784K), 0.6203026 secs] 237098K->164842K(253440K), [CMS Perm : 7320K->7320K(21248K)], 0.6208318 secs] [Times: user=0.62 sys=0.00, real=0.62 secs] 
331.970: [GC [1 CMS-initial-mark: 164842K(174784K)] 210215K(253440K), 0.0304613 secs] [Times: user=0.03 sys=0.00, real=0.03 secs] 
332.000: [CMS-concurrent-mark-start]
332.017: [GC332.018: [ParNew: 69952K->69952K(78656K), 0.0000196 secs]332.018: [CMS332.221: [CMS-concurrent-mark: 0.218/0.221 secs] [Times: user=0.26 sys=0.00, real=0.22 secs] 
 (concurrent mode failure): 164842K->166051K(174784K), 0.6624009 secs] 234794K->166051K(253440K), [CMS Perm : 7321K->7321K(21248K)], 0.6628569 secs] [Times: user=0.67 sys=0.00, real=0.66 secs] 
332.753: [GC332.753: [ParNew: 69952K->69952K(78656K), 0.0000202 secs]332.753: [CMS: 166051K->163429K(174784K), 0.4511505 secs] 236003K->163429K(253440K), [CMS Perm : 7321K->7321K(21248K)], 0.4515758 secs] [Times: user=0.45 sys=0.00, real=0.45 secs] 
333.205: [GC [1 CMS-initial-mark: 163429K(174784K)] 163431K(253440K), 0.0017713 secs] [Times: user=0.02 sys=0.00, real=0.00 secs] 
333.207: [CMS-concurrent-mark-start]
333.282: [GC333.282: [ParNew: 69952K->69952K(78656K), 0.0000192 secs]333.282: [CMS333.449: [CMS-concurrent-mark: 0.219/0.242 secs] [Times: user=0.28 sys=0.00, real=0.24 secs] 
 (concurrent mode failure): 163429K->165644K(174784K), 0.6233545 secs] 233381K->165644K(253440K), [CMS Perm : 7321K->7321K(21248K)], 0.6237631 secs] [Times: user=0.62 sys=0.00, real=0.62 secs] 
333.976: [GC333.977: [ParNew: 69952K->69952K(78656K), 0.0000228 secs]333.977: [CMS: 165644K->164860K(174784K), 0.4566567 secs] 235596K->164860K(253440K), [CMS Perm : 7321K->7321K(21248K)], 0.4571801 secs] [Times: user=0.45 sys=0.00, real=0.46 secs] 
334.434: [GC [1 CMS-initial-mark: 164860K(174784K)] 164909K(253440K), 0.0016257 secs] [Times: user=0.00 sys=0.00, real=0.00 secs] 
334.436: [CMS-concurrent-mark-start]
334.504: [GC334.505: [ParNew: 69952K->69952K(78656K), 0.0000202 secs]334.505: [CMS334.656: [CMS-concurrent-mark: 0.217/0.220 secs] [Times: user=0.40 sys=0.02, real=0.22 secs] 
 (concurrent mode failure): 164860K->168480K(174784K), 0.6149966 secs] 234812K->168480K(253440K), [CMS Perm : 7321K->7321K(21248K)], 0.6156371 secs] [Times: user=0.59 sys=0.00, real=0.62 secs] 
335.158: [GC [1 CMS-initial-mark: 168480K(174784K)] 179763K(253440K), 0.0088422 secs] [Times: user=0.00 sys=0.00, real=0.01 secs] 
335.167: [CMS-concurrent-mark-start]
335.213: [GC335.214: [ParNew: 69952K->69952K(78656K), 0.0000208 secs]335.214: [CMS335.395: [CMS-concurrent-mark: 0.225/0.228 secs] [Times: user=0.34 sys=0.00, real=0.23 secs] 
 (concurrent mode failure): 168480K->169920K(174784K), 0.6491831 secs] 238432K->169920K(253440K), [CMS Perm : 7321K->7321K(21248K)], 0.6496356 secs] [Times: user=0.66 sys=0.00, real=0.65 secs] 
335.939: [GC335.939: [ParNew: 69952K->69952K(78656K), 0.0000202 secs]335.939: [CMS: 169920K->166933K(174784K), 0.4633177 secs] 239872K->166933K(253440K), [CMS Perm : 7321K->7321K(21248K)], 0.4637157 secs] [Times: user=0.45 sys=0.00, real=0.46 secs] 
336.403: [GC [1 CMS-initial-mark: 166933K(174784K)] 166966K(253440K), 0.0019015 secs] [Times: user=0.00 sys=0.00, real=0.00 secs] 
336.405: [CMS-concurrent-mark-start]
336.488: [GC336.488: [ParNew: 69952K->69952K(78656K), 0.0000192 secs]336.488: [CMS336.658: [CMS-concurrent-mark: 0.222/0.252 secs] [Times: user=0.34 sys=0.00, real=0.25 secs] 
 (concurrent mode failure): 166933K->166406K(174784K), 0.6265258 secs] 236885K->166406K(253440K), [CMS Perm : 7321K->7321K(21248K)], 0.6268844 secs] [Times: user=0.62 sys=0.00, real=0.63 secs] 
337.152: [GC [1 CMS-initial-mark: 166406K(174784K)] 178104K(253440K), 0.0089118 secs] [Times: user=0.00 sys=0.02, real=0.01 secs] 
337.162: [CMS-concurrent-mark-start]
337.210: [GC337.210: [ParNew: 69952K->69952K(78656K), 0.0000241 secs]337.210: [CMS337.387: [CMS-concurrent-mark: 0.223/0.225 secs] [Times: user=0.31 sys=0.00, real=0.22 secs] 
 (concurrent mode failure): 166406K->167126K(174784K), 0.6362439 secs] 236358K->167126K(253440K), [CMS Perm : 7321K->7321K(21248K)], 0.6366894 secs] [Times: user=0.64 sys=0.00, real=0.64 secs] 
337.923: [GC337.924: [ParNew: 69952K->69952K(78656K), 0.0000196 secs] 237078K->237078K(253440K), 0.0002777 secs] [Times: user=0.00 sys=0.00, real=0.00 secs] 
337.924: [Full GC337.924: [CMS: 167126K->163347K(174784K), 0.4525550 secs] 237078K->163347K(253440K), [CMS Perm : 7321K->7265K(21248K)], 0.4528202 secs] [Times: user=0.45 sys=0.00, real=0.45 secs] 
338.377: [GC [1 CMS-initial-mark: 163347K(174784K)] 163379K(253440K), 0.0019185 secs] [Times: user=0.00 sys=0.00, real=0.00 secs] 
338.379: [CMS-concurrent-mark-start]
338.464: [GC338.464: [ParNew: 69952K->69952K(78656K), 0.0000189 secs]338.464: [CMS338.628: [CMS-concurrent-mark: 0.217/0.248 secs] [Times: user=0.36 sys=0.01, real=0.25 secs] 
 (concurrent mode failure): 163347K->166067K(174784K), 0.6213696 secs] 233299K->166067K(253440K), [CMS Perm : 7315K->7315K(21248K)], 0.6216891 secs] [Times: user=0.61 sys=0.00, real=0.62 secs] 
339.145: [GC339.145: [ParNew: 69952K->69952K(78656K), 0.0000199 secs] 236019K->236019K(253440K), 0.0002838 secs] [Times: user=0.00 sys=0.00, real=0.00 secs] 
339.145: [Full GC339.145: [CMS: 166067K->163561K(174784K), 0.4508552 secs] 236019K->163561K(253440K), [CMS Perm : 7315K->7265K(21248K)], 0.4510630 secs] [Times: user=0.48 sys=0.03, real=0.45 secs] 
339.597: [GC [1 CMS-initial-mark: 163561K(174784K)] 163565K(253440K), 0.0015629 secs] [Times: user=0.00 sys=0.00, real=0.00 secs] 
339.599: [CMS-concurrent-mark-start]
339.664: [GC339.665: [ParNew: 69952K->69952K(78656K), 0.0000196 secs]339.665: [CMS339.818: [CMS-concurrent-mark: 0.217/0.219 secs] [Times: user=0.36 sys=0.05, real=0.22 secs] 
 (concurrent mode failure): 163561K->167285K(174784K), 0.6107355 secs] 233513K->167285K(253440K), [CMS Perm : 7274K->7274K(21248K)], 0.6112086 secs] [Times: user=0.61 sys=0.00, real=0.61 secs] 
340.322: [GC [1 CMS-initial-mark: 167285K(174784K)] 186998K(253440K), 0.0144074 secs] [Times: user=0.02 sys=0.00, real=0.01 secs] 
340.337: [CMS-concurrent-mark-start]
340.376: [GC340.376: [ParNew: 69952K->69952K(78656K), 0.0000308 secs]340.376: [CMS340.563: [CMS-concurrent-mark: 0.222/0.226 secs] [Times: user=0.30 sys=0.00, real=0.23 secs] 
 (concurrent mode failure): 167285K->169594K(174784K), 0.6536023 secs] 237237K->169594K(253440K), [CMS Perm : 7315K->7315K(21248K)], 0.6539804 secs] [Times: user=0.66 sys=0.00, real=0.65 secs] 
341.098: [GC341.098: [ParNew: 69952K->69952K(78656K), 0.0000196 secs]341.098: [CMS: 169594K->164593K(174784K), 0.4566884 secs] 239546K->164593K(253440K), [CMS Perm : 7315K->7315K(21248K)], 0.4571159 secs] [Times: user=0.47 sys=0.00, real=0.46 secs] 
341.556: [GC [1 CMS-initial-mark: 164593K(174784K)] 164597K(253440K), 0.0020164 secs] [Times: user=0.00 sys=0.00, real=0.00 secs] 
341.558: [CMS-concurrent-mark-start]
341.626: [GC341.626: [ParNew: 69952K->69952K(78656K), 0.0000192 secs]341.626: [CMS341.777: [CMS-concurrent-mark: 0.217/0.219 secs] [Times: user=0.33 sys=0.05, real=0.22 secs] 
 (concurrent mode failure): 164593K->167132K(174784K), 0.6077355 secs] 234545K->167132K(253440K), [CMS Perm : 7315K->7315K(21248K)], 0.6081075 secs] [Times: user=0.61 sys=0.00, real=0.61 secs] 
342.264: [GC [1 CMS-initial-mark: 167132K(174784K)] 179724K(253440K), 0.0094340 secs] [Times: user=0.01 sys=0.00, real=0.01 secs] 
342.273: [CMS-concurrent-mark-start]
342.317: [GC342.317: [ParNew: 69952K->69952K(78656K), 0.0000221 secs]342.317: [CMS342.498: [CMS-concurrent-mark: 0.222/0.224 secs] [Times: user=0.31 sys=0.00, real=0.22 secs] 
 (concurrent mode failure): 167132K->166450K(174784K), 0.6398472 secs] 237084K->166450K(253440K), [CMS Perm : 7319K->7319K(21248K)], 0.6402497 secs] [Times: user=0.64 sys=0.00, real=0.64 secs] 
343.029: [GC343.029: [ParNew: 69952K->69952K(78656K), 0.0000199 secs]343.029: [CMS: 166450K->159812K(174784K), 0.4423747 secs] 236402K->159812K(253440K), [CMS Perm : 7319K->7319K(21248K)], 0.4428785 secs] [Times: user=0.45 sys=0.00, real=0.44 secs] 
343.472: [GC [1 CMS-initial-mark: 159812K(174784K)] 159818K(253440K), 0.0019336 secs] [Times: user=0.00 sys=0.00, real=0.00 secs] 
343.474: [CMS-concurrent-mark-start]
343.541: [GC343.541: [ParNew: 69952K->69952K(78656K), 0.0000208 secs]343.541: [CMS343.690: [CMS-concurrent-mark: 0.213/0.216 secs] [Times: user=0.33 sys=0.01, real=0.22 secs] 
 (concurrent mode failure): 159812K->163142K(174784K), 0.6000806 secs] 229764K->163142K(253440K), [CMS Perm : 7319K->7319K(21248K)], 0.6005135 secs] [Times: user=0.61 sys=0.00, real=0.60 secs] 
344.175: [GC [1 CMS-initial-mark: 163142K(174784K)] 175603K(253440K), 0.0097919 secs] [Times: user=0.00 sys=0.00, real=0.01 secs] 
344.185: [CMS-concurrent-mark-start]
344.229: [GC344.229: [ParNew: 69952K->69952K(78656K), 0.0000208 secs]344.229: [CMS344.403: [CMS-concurrent-mark: 0.216/0.218 secs] [Times: user=0.34 sys=0.00, real=0.22 secs] 
 (concurrent mode failure): 163142K->161512K(174784K), 0.6199876 secs] 233094K->161512K(253440K), [CMS Perm : 7319K->7319K(21248K)], 0.6204825 secs] [Times: user=0.62 sys=0.00, real=0.62 secs] 
344.925: [GC344.925: [ParNew: 69952K->69952K(78656K), 0.0000199 secs]344.925: [CMS: 161512K->167772K(174784K), 0.4601580 secs] 231464K->167772K(253440K), [CMS Perm : 7319K->7319K(21248K)], 0.4605743 secs] [Times: user=0.45 sys=0.00, real=0.46 secs] 
345.386: [GC [1 CMS-initial-mark: 167772K(174784K)] 167780K(253440K), 0.0015478 secs] [Times: user=0.00 sys=0.00, real=0.00 secs] 
345.388: [CMS-concurrent-mark-start]
345.460: [GC345.460: [ParNew: 69952K->69952K(78656K), 0.0000218 secs]345.460: [CMS345.633: [CMS-concurrent-mark: 0.222/0.246 secs] [Times: user=0.36 sys=0.02, real=0.24 secs] 
 (concurrent mode failure): 167772K->167736K(174784K), 0.6372051 secs] 237724K->167736K(253440K), [CMS Perm : 7319K->7319K(21248K)], 0.6375355 secs] [Times: user=0.64 sys=0.00, real=0.64 secs] 
346.098: [GC [1 CMS-initial-mark: 167736K(174784K)] 168048K(253440K), 0.0017957 secs] [Times: user=0.00 sys=0.00, real=0.00 secs] 
346.100: [CMS-concurrent-mark-start]
346.164: [GC346.165: [ParNew: 69952K->69952K(78656K), 0.0000196 secs]346.165: [CMS346.327: [CMS-concurrent-mark: 0.225/0.227 secs] [Times: user=0.36 sys=0.02, real=0.23 secs] 
 (concurrent mode failure): 167736K->164844K(174784K), 0.6192846 secs] 237688K->164844K(253440K), [CMS Perm : 7319K->7319K(21248K)], 0.6196833 secs] [Times: user=0.62 sys=0.00, real=0.62 secs] 
346.861: [GC346.862: [ParNew: 69952K->69952K(78656K), 0.0000199 secs] 234796K->234796K(253440K), 0.0002909 secs] [Times: user=0.00 sys=0.00, real=0.00 secs] 
346.862: [Full GC346.862: [CMS: 164844K->165308K(174784K), 0.4568023 secs] 234796K->165308K(253440K), [CMS Perm : 7319K->7265K(21248K)], 0.4570239 secs] [Times: user=0.45 sys=0.00, real=0.46 secs] 
347.319: [GC [1 CMS-initial-mark: 165308K(174784K)] 165357K(253440K), 0.0017550 secs] [Times: user=0.00 sys=0.00, real=0.00 secs] 
347.321: [CMS-concurrent-mark-start]
347.401: [GC347.401: [ParNew: 69952K->69952K(78656K), 0.0000189 secs]347.401: [CMS347.569: [CMS-concurrent-mark: 0.221/0.248 secs] [Times: user=0.45 sys=0.00, real=0.25 secs] 
 (concurrent mode failure): 165308K->166610K(174784K), 0.6263837 secs] 235260K->166610K(253440K), [CMS Perm : 7315K->7315K(21248K)], 0.6267599 secs] [Times: user=0.62 sys=0.00, real=0.63 secs] 
348.097: [GC348.098: [ParNew: 69952K->69952K(78656K), 0.0000202 secs]348.098: [CMS: 166610K->167651K(174784K), 0.4635852 secs] 236562K->167651K(253440K), [CMS Perm : 7315K->7315K(21248K)], 0.4640820 secs] [Times: user=0.47 sys=0.00, real=0.46 secs] 
348.562: [GC [1 CMS-initial-mark: 167651K(174784K)] 167657K(253440K), 0.0018794 secs] [Times: user=0.00 sys=0.00, real=0.00 secs] 
348.564: [CMS-concurrent-mark-start]
348.631: [GC348.631: [ParNew: 69952K->69952K(78656K), 0.0000186 secs]348.631: [CMS348.787: [CMS-concurrent-mark: 0.221/0.223 secs] [Times: user=0.34 sys=0.01, real=0.22 secs] 
 (concurrent mode failure): 167651K->172270K(174784K), 0.6268770 secs] 237603K->172270K(253440K), [CMS Perm : 7315K->7315K(21248K)], 0.6272766 secs] [Times: user=0.64 sys=0.00, real=0.63 secs] 
349.296: [GC [1 CMS-initial-mark: 172270K(174784K)] 184153K(253440K), 0.0090619 secs] [Times: user=0.02 sys=0.00, real=0.01 secs] 
349.305: [CMS-concurrent-mark-start]
349.350: [GC349.350: [ParNew: 69952K->69952K(78656K), 0.0000192 secs] 242222K->242222K(253440K), 0.0002620 secs] [Times: user=0.00 sys=0.00, real=0.00 secs] 
349.351: [Full GC349.351: [CMS349.538: [CMS-concurrent-mark: 0.230/0.233 secs] [Times: user=0.30 sys=0.00, real=0.23 secs] 
 (concurrent mode failure): 172270K->168194K(174784K), 0.6529746 secs] 242222K->168194K(253440K), [CMS Perm : 7316K->7265K(21248K)], 0.6532177 secs] [Times: user=0.66 sys=0.00, real=0.65 secs] 
350.042: [GC [1 CMS-initial-mark: 168194K(174784K)] 183383K(253440K), 0.0117787 secs] [Times: user=0.02 sys=0.00, real=0.01 secs] 
350.054: [CMS-concurrent-mark-start]
350.096: [GC350.096: [ParNew: 69952K->69952K(78656K), 0.0000215 secs]350.096: [CMS350.280: [CMS-concurrent-mark: 0.223/0.226 secs] [Times: user=0.27 sys=0.00, real=0.23 secs] 
 (concurrent mode failure): 168194K->169616K(174784K), 0.6512299 secs] 238146K->169616K(253440K), [CMS Perm : 7316K->7316K(21248K)], 0.6516568 secs] [Times: user=0.66 sys=0.00, real=0.65 secs] 
350.820: [GC350.820: [ParNew: 69952K->69952K(78656K), 0.0000202 secs]350.820: [CMS: 169616K->164372K(174784K), 0.4570659 secs] 239568K->164372K(253440K), [CMS Perm : 7316K->7316K(21248K)], 0.4574873 secs] [Times: user=0.45 sys=0.00, real=0.46 secs] 
351.278: [GC [1 CMS-initial-mark: 164372K(174784K)] 164381K(253440K), 0.0018339 secs] [Times: user=0.00 sys=0.00, real=0.00 secs] 
351.280: [CMS-concurrent-mark-start]
351.360: [GC351.361: [ParNew: 69952K->69952K(78656K), 0.0000269 secs]351.361: [CMS351.529: [CMS-concurrent-mark: 0.219/0.249 secs] [Times: user=0.34 sys=0.00, real=0.25 secs] 
 (concurrent mode failure): 164372K->166457K(174784K), 0.6266188 secs] 234324K->166457K(253440K), [CMS Perm : 7316K->7316K(21248K)], 0.6270059 secs] [Times: user=0.61 sys=0.00, real=0.63 secs] 
352.026: [GC [1 CMS-initial-mark: 166457K(174784K)] 179232K(253440K), 0.0098262 secs] [Times: user=0.02 sys=0.00, real=0.01 secs] 
352.036: [CMS-concurrent-mark-start]
352.078: [GC352.078: [ParNew: 69952K->69952K(78656K), 0.0000244 secs]352.078: [CMS352.256: [CMS-concurrent-mark: 0.218/0.221 secs] [Times: user=0.28 sys=0.00, real=0.22 secs] 
 (concurrent mode failure): 166457K->166628K(174784K), 0.6347526 secs] 236409K->166628K(253440K), [CMS Perm : 7316K->7316K(21248K)], 0.6351634 secs] [Times: user=0.64 sys=0.00, real=0.63 secs] 
352.788: [GC352.789: [ParNew: 69952K->69952K(78656K), 0.0000215 secs]352.789: [CMS: 166628K->168452K(174784K), 0.4643857 secs] 236580K->168452K(253440K), [CMS Perm : 7316K->7316K(21248K)], 0.4647994 secs] [Times: user=0.47 sys=0.00, real=0.46 secs] 
353.254: [GC [1 CMS-initial-mark: 168452K(174784K)] 168454K(253440K), 0.0018271 secs] [Times: user=0.00 sys=0.00, real=0.00 secs] 
353.256: [CMS-concurrent-mark-start]
353.339: [GC353.339: [ParNew: 69952K->69952K(78656K), 0.0000279 secs]353.339: [CMS353.512: [CMS-concurrent-mark: 0.225/0.256 secs] [Times: user=0.34 sys=0.00, real=0.26 secs] 
 (concurrent mode failure): 168452K->170881K(174784K), 0.6442863 secs] 238404K->170881K(253440K), [CMS Perm : 7319K->7319K(21248K)], 0.6446240 secs] [Times: user=0.64 sys=0.00, real=0.64 secs] 
354.053: [GC354.053: [ParNew: 69952K->69952K(78656K), 0.0000202 secs]354.053: [CMS: 170881K->168181K(174784K), 0.4648722 secs] 240833K->168181K(253440K), [CMS Perm : 7319K->7319K(21248K)], 0.4653042 secs] [Times: user=0.47 sys=0.00, real=0.47 secs] 
354.518: [GC [1 CMS-initial-mark: 168181K(174784K)] 168196K(253440K), 0.0017207 secs] [Times: user=0.00 sys=0.00, real=0.00 secs] 
354.520: [CMS-concurrent-mark-start]
354.586: [GC354.586: [ParNew: 69952K->69952K(78656K), 0.0000192 secs]354.586: [CMS354.747: [CMS-concurrent-mark: 0.224/0.226 secs] [Times: user=0.38 sys=0.01, real=0.23 secs] 
 (concurrent mode failure): 168181K->166178K(174784K), 0.6200389 secs] 238133K->166178K(253440K), [CMS Perm : 7319K->7319K(21248K)], 0.6204431 secs] [Times: user=0.62 sys=0.00, real=0.62 secs] 
355.235: [GC [1 CMS-initial-mark: 166178K(174784K)] 178231K(253440K), 0.0091870 secs] [Times: user=0.00 sys=0.00, real=0.01 secs] 
355.244: [CMS-concurrent-mark-start]
355.288: [GC355.289: [ParNew: 69952K->69952K(78656K), 0.0000237 secs]355.289: [CMS355.470: [CMS-concurrent-mark: 0.223/0.226 secs] [Times: user=0.33 sys=0.00, real=0.23 secs] 
 (concurrent mode failure): 166178K->168346K(174784K), 0.6450342 secs] 236130K->168346K(253440K), [CMS Perm : 7319K->7319K(21248K)], 0.6455079 secs] [Times: user=0.66 sys=0.00, real=0.65 secs] 
355.980: [GC [1 CMS-initial-mark: 168346K(174784K)] 197497K(253440K), 0.0198651 secs] [Times: user=0.03 sys=0.00, real=0.02 secs] 
356.001: [CMS-concurrent-mark-start]
356.028: [GC356.029: [ParNew: 69952K->69952K(78656K), 0.0000269 secs]356.029: [CMS356.229: [CMS-concurrent-mark: 0.226/0.229 secs] [Times: user=0.26 sys=0.00, real=0.23 secs] 
 (concurrent mode failure): 168346K->168385K(174784K), 0.6665484 secs] 238298K->168385K(253440K), [CMS Perm : 7321K->7321K(21248K)], 0.6671530 secs] [Times: user=0.65 sys=0.00, real=0.67 secs] 
356.767: [GC356.767: [ParNew: 69952K->69952K(78656K), 0.0000199 secs]356.767: [CMS: 168385K->160818K(174784K), 0.4465190 secs] 238337K->160818K(253440K), [CMS Perm : 7321K->7321K(21248K)], 0.4469376 secs] [Times: user=0.45 sys=0.00, real=0.45 secs] 
357.214: [GC [1 CMS-initial-mark: 160818K(174784K)] 160822K(253440K), 0.0016568 secs] [Times: user=0.00 sys=0.00, real=0.00 secs] 
357.216: [CMS-concurrent-mark-start]
357.298: [GC357.298: [ParNew: 69952K->69952K(78656K), 0.0000394 secs]357.298: [CMS357.461: [CMS-concurrent-mark: 0.214/0.245 secs] [Times: user=0.39 sys=0.00, real=0.24 secs] 
 (concurrent mode failure): 160818K->162959K(174784K), 0.6121056 secs] 230770K->162959K(253440K), [CMS Perm : 7321K->7321K(21248K)], 0.6125254 secs] [Times: user=0.61 sys=0.00, real=0.61 secs] 
357.983: [GC [1 CMS-initial-mark: 162959K(174784K)] 219109K(253440K), 0.0368029 secs] [Times: user=0.03 sys=0.00, real=0.04 secs] 
358.020: [CMS-concurrent-mark-start]
358.029: [GC358.029: [ParNew: 69952K->69952K(78656K), 0.0000202 secs]358.029: [CMS358.239: [CMS-concurrent-mark: 0.217/0.219 secs] [Times: user=0.27 sys=0.00, real=0.22 secs] 
 (concurrent mode failure): 162959K->166140K(174784K), 0.6663207 secs] 232911K->166140K(253440K), [CMS Perm : 7321K->7321K(21248K)], 0.6668117 secs] [Times: user=0.61 sys=0.00, real=0.67 secs] 
358.754: [GC [1 CMS-initial-mark: 166140K(174784K)] 218874K(253440K), 0.0349870 secs] [Times: user=0.03 sys=0.00, real=0.04 secs] 
358.789: [CMS-concurrent-mark-start]
358.806: [GC358.807: [ParNew: 69952K->69952K(78656K), 0.0000189 secs]358.807: [CMS359.011: [CMS-concurrent-mark: 0.220/0.222 secs] [Times: user=0.31 sys=0.00, real=0.22 secs] 
 (concurrent mode failure): 166140K->162923K(174784K), 0.6565436 secs] 236092K->162923K(253440K), [CMS Perm : 7321K->7321K(21248K)], 0.6569316 secs] [Times: user=0.66 sys=0.00, real=0.66 secs] 
359.503: [GC [1 CMS-initial-mark: 162923K(174784K)] 173935K(253440K), 0.0084253 secs] [Times: user=0.02 sys=0.00, real=0.01 secs] 
359.512: [CMS-concurrent-mark-start]
359.559: [GC359.559: [ParNew: 69952K->69952K(78656K), 0.0000314 secs]359.559: [CMS359.732: [CMS-concurrent-mark: 0.218/0.220 secs] [Times: user=0.25 sys=0.03, real=0.22 secs] 
 (concurrent mode failure): 162923K->164310K(174784K), 0.6249982 secs] 232875K->164310K(253440K), [CMS Perm : 7321K->7321K(21248K)], 0.6254838 secs] [Times: user=0.62 sys=0.00, real=0.63 secs] 
360.219: [GC [1 CMS-initial-mark: 164310K(174784K)] 176215K(253440K), 0.0095555 secs] [Times: user=0.01 sys=0.00, real=0.01 secs] 
360.229: [CMS-concurrent-mark-start]
360.272: [GC360.272: [ParNew: 69952K->69952K(78656K), 0.0000292 secs]360.272: [CMS360.448: [CMS-concurrent-mark: 0.217/0.219 secs] [Times: user=0.31 sys=0.00, real=0.22 secs] 
 (concurrent mode failure): 164310K->164390K(174784K), 0.6258905 secs] 234262K->164390K(253440K), [CMS Perm : 7321K->7321K(21248K)], 0.6262878 secs] [Times: user=0.62 sys=0.00, real=0.63 secs] 
360.989: [GC [1 CMS-initial-mark: 164390K(174784K)] 231203K(253440K), 0.0431932 secs] [Times: user=0.03 sys=0.00, real=0.04 secs] 
361.032: [CMS-concurrent-mark-start]
361.034: [GC361.034: [ParNew: 69952K->69952K(78656K), 0.0000183 secs] 234342K->234342K(253440K), 0.0002845 secs] [Times: user=0.00 sys=0.00, real=0.00 secs] 
361.034: [Full GC361.034: [CMS361.253: [CMS-concurrent-mark: 0.218/0.221 secs] [Times: user=0.23 sys=0.00, real=0.22 secs] 
 (concurrent mode failure): 164390K->171868K(174784K), 0.6888343 secs] 234342K->171868K(253440K), [CMS Perm : 7321K->7275K(21248K)], 0.6890533 secs] [Times: user=0.70 sys=0.00, real=0.69 secs] 
361.789: [GC361.789: [ParNew: 69952K->69952K(78656K), 0.0000263 secs]361.789: [CMS: 171868K->172122K(174784K), 0.4748251 secs] 241820K->172122K(253440K), [CMS Perm : 7310K->7310K(21248K)], 0.4752991 secs] [Times: user=0.47 sys=0.00, real=0.47 secs] 
362.264: [GC [1 CMS-initial-mark: 172122K(174784K)] 172131K(253440K), 0.0021277 secs] [Times: user=0.00 sys=0.00, real=0.00 secs] 
362.267: [CMS-concurrent-mark-start]
362.343: [GC362.344: [ParNew: 69952K->69952K(78656K), 0.0000253 secs]362.344: [CMS362.520: [CMS-concurrent-mark: 0.229/0.253 secs] [Times: user=0.36 sys=0.00, real=0.25 secs] 
 (concurrent mode failure): 172122K->172328K(174784K), 0.6534493 secs] 242074K->172328K(253440K), [CMS Perm : 7319K->7319K(21248K)], 0.6537867 secs] [Times: user=0.66 sys=0.00, real=0.65 secs] 
363.032: [GC [1 CMS-initial-mark: 172328K(174784K)] 183751K(253440K), 0.0086508 secs] [Times: user=0.01 sys=0.00, real=0.01 secs] 
363.040: [CMS-concurrent-mark-start]
363.088: [GC363.088: [ParNew: 69952K->69952K(78656K), 0.0000308 secs]363.088: [CMS363.272: [CMS-concurrent-mark: 0.229/0.232 secs] [Times: user=0.36 sys=0.00, real=0.23 secs] 
 (concurrent mode failure): 172328K->173223K(174784K), 0.6591504 secs] 242280K->173223K(253440K), [CMS Perm : 7319K->7319K(21248K)], 0.6595824 secs] [Times: user=0.64 sys=0.00, real=0.66 secs] 
363.824: [GC363.825: [ParNew: 69952K->69952K(78656K), 0.0000215 secs]363.825: [CMS: 173223K->165201K(174784K), 0.4606625 secs] 243175K->165201K(253440K), [CMS Perm : 7319K->7319K(21248K)], 0.4610900 secs] [Times: user=0.45 sys=0.00, real=0.46 secs] 
364.286: [GC [1 CMS-initial-mark: 165201K(174784K)] 165285K(253440K), 0.0016206 secs] [Times: user=0.00 sys=0.00, real=0.00 secs] 
364.288: [CMS-concurrent-mark-start]
364.365: [GC364.365: [ParNew: 69952K->69952K(78656K), 0.0000225 secs]364.365: [CMS364.534: [CMS-concurrent-mark: 0.221/0.246 secs] [Times: user=0.37 sys=0.00, real=0.25 secs] 
 (concurrent mode failure): 165201K->167824K(174784K), 0.6299049 secs] 235153K->167824K(253440K), [CMS Perm : 7319K->7319K(21248K)], 0.6302478 secs] [Times: user=0.62 sys=0.00, real=0.63 secs] 
365.066: [GC365.066: [ParNew: 69952K->69952K(78656K), 0.0000202 secs]365.066: [CMS: 167824K->159406K(174784K), 0.4461868 secs] 237776K->159406K(253440K), [CMS Perm : 7319K->7319K(21248K)], 0.4466435 secs] [Times: user=0.45 sys=0.00, real=0.45 secs] 
365.513: [GC [1 CMS-initial-mark: 159406K(174784K)] 159408K(253440K), 0.0018214 secs] [Times: user=0.00 sys=0.00, real=0.00 secs] 
365.515: [CMS-concurrent-mark-start]
365.582: [GC365.583: [ParNew: 69952K->69952K(78656K), 0.0000382 secs]365.583: [CMS365.731: [CMS-concurrent-mark: 0.213/0.216 secs] [Times: user=0.33 sys=0.01, real=0.21 secs] 
 (concurrent mode failure): 159406K->162375K(174784K), 0.5962364 secs] 229358K->162375K(253440K), [CMS Perm : 7319K->7319K(21248K)], 0.5966364 secs] [Times: user=0.59 sys=0.00, real=0.60 secs] 
366.218: [GC [1 CMS-initial-mark: 162375K(174784K)] 173420K(253440K), 0.0086912 secs] [Times: user=0.00 sys=0.00, real=0.01 secs] 
366.227: [CMS-concurrent-mark-start]
366.273: [GC366.273: [ParNew: 69952K->69952K(78656K), 0.0000212 secs]366.273: [CMS366.447: [CMS-concurrent-mark: 0.217/0.220 secs] [Times: user=0.33 sys=0.00, real=0.22 secs] 
 (concurrent mode failure): 162375K->163139K(174784K), 0.6221060 secs] 232327K->163139K(253440K), [CMS Perm : 7319K->7319K(21248K)], 0.6225114 secs] [Times: user=0.62 sys=0.00, real=0.62 secs] 
366.987: [GC [1 CMS-initial-mark: 163139K(174784K)] 229919K(253440K), 0.0436381 secs] [Times: user=0.05 sys=0.00, real=0.04 secs] 
367.031: [CMS-concurrent-mark-start]
367.034: [GC367.034: [ParNew: 69952K->69952K(78656K), 0.0000183 secs]367.034: [CMS367.251: [CMS-concurrent-mark: 0.217/0.219 secs] [Times: user=0.22 sys=0.00, real=0.22 secs] 
 (concurrent mode failure): 163139K->164152K(174784K), 0.6705263 secs] 233091K->164152K(253440K), [CMS Perm : 7319K->7319K(21248K)], 0.6710738 secs] [Times: user=0.67 sys=0.00, real=0.67 secs] 
367.769: [GC367.769: [ParNew: 69952K->69952K(78656K), 0.0000199 secs]367.769: [CMS: 164152K->164405K(174784K), 0.4586804 secs] 234104K->164405K(253440K), [CMS Perm : 7321K->7321K(21248K)], 0.4590829 secs] [Times: user=0.47 sys=0.00, real=0.46 secs] 
368.228: [GC [1 CMS-initial-mark: 164405K(174784K)] 164407K(253440K), 0.0017402 secs] [Times: user=0.00 sys=0.00, real=0.00 secs] 
368.230: [CMS-concurrent-mark-start]
368.301: [GC368.301: [ParNew: 69952K->69952K(78656K), 0.0000189 secs]368.301: [CMS368.469: [CMS-concurrent-mark: 0.218/0.239 secs] [Times: user=0.30 sys=0.00, real=0.24 secs] 
 (concurrent mode failure): 164405K->166126K(174784K), 0.6282397 secs] 234357K->166126K(253440K), [CMS Perm : 7321K->7321K(21248K)], 0.6285486 secs] [Times: user=0.64 sys=0.00, real=0.63 secs] 
368.988: [GC [1 CMS-initial-mark: 166126K(174784K)] 204815K(253440K), 0.0256188 secs] [Times: user=0.03 sys=0.00, real=0.02 secs] 
369.014: [CMS-concurrent-mark-start]
369.037: [GC369.037: [ParNew: 69952K->69952K(78656K), 0.0000196 secs]369.037: [CMS369.236: [CMS-concurrent-mark: 0.219/0.222 secs] [Times: user=0.23 sys=0.02, real=0.22 secs] 
 (concurrent mode failure): 166126K->169807K(174784K), 0.6659294 secs] 236078K->169807K(253440K), [CMS Perm : 7321K->7321K(21248K)], 0.6663307 secs] [Times: user=0.67 sys=0.00, real=0.67 secs] 
369.739: [GC [1 CMS-initial-mark: 169807K(174784K)] 204787K(253440K), 0.0238388 secs] [Times: user=0.03 sys=0.00, real=0.02 secs] 
369.763: [CMS-concurrent-mark-start]
369.797: [GC369.798: [ParNew: 69952K->69952K(78656K), 0.0000186 secs]369.798: [CMS369.990: [CMS-concurrent-mark: 0.224/0.226 secs] [Times: user=0.30 sys=0.01, real=0.23 secs] 
 (concurrent mode failure): 169807K->167864K(174784K), 0.6537921 secs] 239759K->167864K(253440K), [CMS Perm : 7321K->7321K(21248K)], 0.6542046 secs] [Times: user=0.65 sys=0.00, real=0.65 secs] 
370.486: [GC [1 CMS-initial-mark: 167864K(174784K)] 178558K(253440K), 0.0084994 secs] [Times: user=0.01 sys=0.00, real=0.01 secs] 
370.494: [CMS-concurrent-mark-start]
370.539: [GC370.539: [ParNew: 69952K->69952K(78656K), 0.0000231 secs]370.539: [CMS370.721: [CMS-concurrent-mark: 0.224/0.226 secs] [Times: user=0.30 sys=0.00, real=0.23 secs] 
 (concurrent mode failure): 167864K->169785K(174784K), 0.6491690 secs] 237816K->169785K(253440K), [CMS Perm : 7321K->7321K(21248K)], 0.6496536 secs] [Times: user=0.64 sys=0.00, real=0.65 secs] 
371.256: [GC371.256: [ParNew: 69952K->69952K(78656K), 0.0000196 secs]371.257: [CMS: 169785K->169797K(174784K), 0.4664569 secs] 239737K->169797K(253440K), [CMS Perm : 7321K->7321K(21248K)], 0.4668369 secs] [Times: user=0.47 sys=0.00, real=0.47 secs] 
371.723: [GC [1 CMS-initial-mark: 169797K(174784K)] 169814K(253440K), 0.0015269 secs] [Times: user=0.00 sys=0.00, real=0.00 secs] 
371.725: [CMS-concurrent-mark-start]
371.794: [GC371.794: [ParNew: 69952K->69952K(78656K), 0.0000186 secs]371.794: [CMS371.952: [CMS-concurrent-mark: 0.224/0.226 secs] [Times: user=0.37 sys=0.00, real=0.23 secs] 
 (concurrent mode failure): 169797K->166783K(174784K), 0.6186964 secs] 239749K->166783K(253440K), [CMS Perm : 7321K->7321K(21248K)], 0.6190707 secs] [Times: user=0.62 sys=0.00, real=0.62 secs] 
372.441: [GC [1 CMS-initial-mark: 166783K(174784K)] 177663K(253440K), 0.0088493 secs] [Times: user=0.00 sys=0.00, real=0.01 secs] 
372.450: [CMS-concurrent-mark-start]
372.496: [GC372.496: [ParNew: 69952K->69952K(78656K), 0.0000218 secs]372.496: [CMS372.677: [CMS-concurrent-mark: 0.224/0.227 secs] [Times: user=0.33 sys=0.00, real=0.23 secs] 
 (concurrent mode failure): 166783K->164348K(174784K), 0.6329534 secs] 236735K->164348K(253440K), [CMS Perm : 7321K->7321K(21248K)], 0.6333565 secs] [Times: user=0.64 sys=0.00, real=0.63 secs] 
373.161: [GC [1 CMS-initial-mark: 164348K(174784K)] 177524K(253440K), 0.0097784 secs] [Times: user=0.00 sys=0.00, real=0.01 secs] 
373.171: [CMS-concurrent-mark-start]
373.215: [GC373.216: [ParNew: 69952K->69952K(78656K), 0.0000346 secs]373.216: [CMS373.395: [CMS-concurrent-mark: 0.221/0.224 secs] [Times: user=0.34 sys=0.00, real=0.22 secs] 
 (concurrent mode failure): 164348K->166407K(174784K), 0.6339700 secs] 234300K->166407K(253440K), [CMS Perm : 7322K->7322K(21248K)], 0.6344710 secs] [Times: user=0.64 sys=0.00, real=0.63 secs] 
373.927: [GC373.927: [ParNew: 69952K->69952K(78656K), 0.0000208 secs]373.927: [CMS: 166407K->162765K(174784K), 0.4542808 secs] 236359K->162765K(253440K), [CMS Perm : 7322K->7322K(21248K)], 0.4546910 secs] [Times: user=0.38 sys=0.00, real=0.46 secs] 
374.382: [GC [1 CMS-initial-mark: 162765K(174784K)] 162767K(253440K), 0.0017649 secs] [Times: user=0.00 sys=0.00, real=0.00 secs] 
374.384: [CMS-concurrent-mark-start]
374.468: [GC374.468: [ParNew: 69952K->69952K(78656K), 0.0000183 secs]374.468: [CMS374.634: [CMS-concurrent-mark: 0.218/0.249 secs] [Times: user=0.34 sys=0.00, real=0.25 secs] 
 (concurrent mode failure): 162765K->162643K(174784K), 0.6136951 secs] 232717K->162643K(253440K), [CMS Perm : 7322K->7322K(21248K)], 0.6140024 secs] [Times: user=0.61 sys=0.00, real=0.61 secs] 
375.116: [GC [1 CMS-initial-mark: 162643K(174784K)] 174201K(253440K), 0.0090700 secs] [Times: user=0.02 sys=0.00, real=0.01 secs] 
375.125: [CMS-concurrent-mark-start]
375.170: [GC375.171: [ParNew: 69952K->69952K(78656K), 0.0000208 secs]375.171: [CMS375.348: [CMS-concurrent-mark: 0.221/0.223 secs] [Times: user=0.30 sys=0.00, real=0.22 secs] 
 (concurrent mode failure): 162643K->161846K(174784K), 0.6233459 secs] 232595K->161846K(253440K), [CMS Perm : 7322K->7322K(21248K)], 0.6237247 secs] [Times: user=0.62 sys=0.00, real=0.62 secs] 
375.871: [GC375.871: [ParNew: 69952K->69952K(78656K), 0.0000202 secs] 231798K->231798K(253440K), 0.0002906 secs] [Times: user=0.00 sys=0.00, real=0.00 secs] 
375.871: [Full GC375.871: [CMS: 161846K->161207K(174784K), 0.4453417 secs] 231798K->161207K(253440K), [CMS Perm : 7322K->7267K(21248K)], 0.4455338 secs] [Times: user=0.44 sys=0.00, real=0.45 secs] 
376.318: [GC [1 CMS-initial-mark: 161207K(174784K)] 161623K(253440K), 0.0020760 secs] [Times: user=0.00 sys=0.00, real=0.00 secs] 
376.320: [CMS-concurrent-mark-start]
376.393: [GC376.393: [ParNew: 69952K->69952K(78656K), 0.0000215 secs]376.393: [CMS376.560: [CMS-concurrent-mark: 0.214/0.240 secs] [Times: user=0.31 sys=0.02, real=0.24 secs] 
 (concurrent mode failure): 161207K->162936K(174784K), 0.6177817 secs] 231159K->162936K(253440K), [CMS Perm : 7317K->7317K(21248K)], 0.6181153 secs] [Times: user=0.61 sys=0.00, real=0.62 secs] 
377.083: [GC377.083: [ParNew: 69952K->69952K(78656K), 0.0000199 secs]377.083: [CMS: 162936K->165427K(174784K), 0.4557269 secs] 232888K->165427K(253440K), [CMS Perm : 7317K->7317K(21248K)], 0.4561801 secs] [Times: user=0.45 sys=0.00, real=0.46 secs] 
377.542: [GC [1 CMS-initial-mark: 165427K(174784K)] 168027K(253440K), 0.0039131 secs] [Times: user=0.00 sys=0.00, real=0.00 secs] 
377.546: [CMS-concurrent-mark-start]
377.611: [GC377.611: [ParNew: 69952K->69952K(78656K), 0.0000196 secs]377.611: [CMS377.768: [CMS-concurrent-mark: 0.219/0.222 secs] [Times: user=0.31 sys=0.00, real=0.22 secs] 
 (concurrent mode failure): 165427K->166279K(174784K), 0.6183661 secs] 235379K->166279K(253440K), [CMS Perm : 7317K->7317K(21248K)], 0.6187965 secs] [Times: user=0.62 sys=0.00, real=0.62 secs] 
378.258: [GC [1 CMS-initial-mark: 166279K(174784K)] 178160K(253440K), 0.0088445 secs] [Times: user=0.00 sys=0.00, real=0.01 secs] 
378.267: [CMS-concurrent-mark-start]
378.311: [GC378.311: [ParNew: 69952K->69952K(78656K), 0.0000289 secs]378.311: [CMS378.492: [CMS-concurrent-mark: 0.222/0.225 secs] [Times: user=0.33 sys=0.00, real=0.22 secs] 
 (concurrent mode failure): 166279K->168173K(174784K), 0.6450047 secs] 236231K->168173K(253440K), [CMS Perm : 7317K->7317K(21248K)], 0.6456006 secs] [Times: user=0.64 sys=0.00, real=0.65 secs] 
379.030: [GC379.030: [ParNew: 69952K->69952K(78656K), 0.0000199 secs]379.030: [CMS: 168173K->169989K(174784K), 0.4698716 secs] 238125K->169989K(253440K), [CMS Perm : 7320K->7320K(21248K)], 0.4702767 secs] [Times: user=0.47 sys=0.00, real=0.47 secs] 
379.501: [GC [1 CMS-initial-mark: 169989K(174784K)] 169993K(253440K), 0.0015937 secs] [Times: user=0.00 sys=0.00, real=0.00 secs] 
379.503: [CMS-concurrent-mark-start]
379.567: [GC379.567: [ParNew: 69952K->69952K(78656K), 0.0000196 secs]379.567: [CMS379.732: [CMS-concurrent-mark: 0.227/0.229 secs] [Times: user=0.36 sys=0.00, real=0.23 secs] 
 (concurrent mode failure): 169989K->167049K(174784K), 0.6266438 secs] 239941K->167049K(253440K), [CMS Perm : 7320K->7320K(21248K)], 0.6270454 secs] [Times: user=0.64 sys=0.00, real=0.63 secs] 
380.226: [GC [1 CMS-initial-mark: 167049K(174784K)] 178766K(253440K), 0.0088458 secs] [Times: user=0.00 sys=0.00, real=0.01 secs] 
380.236: [CMS-concurrent-mark-start]
380.280: [GC380.281: [ParNew: 69952K->69952K(78656K), 0.0000279 secs]380.281: [CMS380.462: [CMS-concurrent-mark: 0.224/0.227 secs] [Times: user=0.33 sys=0.00, real=0.23 secs] 
 (concurrent mode failure): 167049K->169258K(174784K), 0.6486985 secs] 237001K->169258K(253440K), [CMS Perm : 7320K->7320K(21248K)], 0.6490737 secs] [Times: user=0.66 sys=0.00, real=0.65 secs] 
380.991: [GC [1 CMS-initial-mark: 169258K(174784K)] 212149K(253440K), 0.0291027 secs] [Times: user=0.03 sys=0.00, real=0.03 secs] 
381.021: [CMS-concurrent-mark-start]
381.041: [GC381.041: [ParNew: 69952K->69952K(78656K), 0.0000221 secs]381.041: [CMS381.249: [CMS-concurrent-mark: 0.225/0.228 secs] [Times: user=0.25 sys=0.00, real=0.23 secs] 
 (concurrent mode failure): 169258K->169327K(174784K), 0.6782688 secs] 239210K->169327K(253440K), [CMS Perm : 7320K->7320K(21248K)], 0.6787229 secs] [Times: user=0.67 sys=0.00, real=0.68 secs] 
381.786: [GC381.786: [ParNew: 69952K->69952K(78656K), 0.0000202 secs]381.786: [CMS: 169327K->164635K(174784K), 0.4532558 secs] 239279K->164635K(253440K), [CMS Perm : 7320K->7320K(21248K)], 0.4537198 secs] [Times: user=0.45 sys=0.00, real=0.45 secs] 
382.240: [GC [1 CMS-initial-mark: 164635K(174784K)] 164641K(253440K), 0.0018069 secs] [Times: user=0.00 sys=0.00, real=0.00 secs] 
382.242: [CMS-concurrent-mark-start]
382.316: [GC382.317: [ParNew: 69952K->69952K(78656K), 0.0000212 secs]382.317: [CMS382.491: [CMS-concurrent-mark: 0.227/0.249 secs] [Times: user=0.39 sys=0.00, real=0.25 secs] 
 (concurrent mode failure): 164635K->165507K(174784K), 0.6277731 secs] 234587K->165507K(253440K), [CMS Perm : 7320K->7320K(21248K)], 0.6280999 secs] [Times: user=0.62 sys=0.00, real=0.63 secs] 
382.958: [GC [1 CMS-initial-mark: 165507K(174784K)] 166185K(253440K), 0.0022717 secs] [Times: user=0.00 sys=0.00, real=0.00 secs] 
382.960: [CMS-concurrent-mark-start]
383.037: [GC383.038: [ParNew: 69952K->69952K(78656K), 0.0000192 secs]383.038: [CMS383.207: [CMS-concurrent-mark: 0.219/0.246 secs] [Times: user=0.42 sys=0.00, real=0.25 secs] 
 (concurrent mode failure): 165507K->166149K(174784K), 0.6267311 secs] 235459K->166149K(253440K), [CMS Perm : 7322K->7322K(21248K)], 0.6271265 secs] [Times: user=0.62 sys=0.00, real=0.63 secs] 
383.738: [GC383.739: [ParNew: 69952K->69952K(78656K), 0.0000196 secs]383.739: [CMS: 166149K->163248K(174784K), 0.4520389 secs] 236101K->163248K(253440K), [CMS Perm : 7322K->7322K(21248K)], 0.4524684 secs] [Times: user=0.45 sys=0.00, real=0.45 secs] 
384.191: [GC [1 CMS-initial-mark: 163248K(174784K)] 163250K(253440K), 0.0017688 secs] [Times: user=0.00 sys=0.00, real=0.00 secs] 
384.193: [CMS-concurrent-mark-start]
384.275: [GC384.275: [ParNew: 69952K->69952K(78656K), 0.0000196 secs]384.275: [CMS384.440: [CMS-concurrent-mark: 0.218/0.247 secs] [Times: user=0.39 sys=0.00, real=0.25 secs] 
 (concurrent mode failure): 163248K->165702K(174784K), 0.6185203 secs] 233200K->165702K(253440K), [CMS Perm : 7322K->7322K(21248K)], 0.6189931 secs] [Times: user=0.62 sys=0.00, real=0.62 secs] 
384.975: [GC384.975: [ParNew: 69952K->69952K(78656K), 0.0000189 secs]384.975: [CMS: 165702K->163279K(174784K), 0.4500851 secs] 235654K->163279K(253440K), [CMS Perm : 7322K->7322K(21248K)], 0.4504206 secs] [Times: user=0.45 sys=0.00, real=0.45 secs] 
385.427: [GC [1 CMS-initial-mark: 163279K(174784K)] 163360K(253440K), 0.0018422 secs] [Times: user=0.00 sys=0.00, real=0.00 secs] 
385.429: [CMS-concurrent-mark-start]
385.480: [GC385.480: [ParNew: 69952K->69952K(78656K), 0.0000205 secs]385.480: [CMS385.652: [CMS-concurrent-mark: 0.220/0.223 secs] [Times: user=0.31 sys=0.03, real=0.22 secs] 
 (concurrent mode failure): 163279K->163230K(174784K), 0.6197731 secs] 233231K->163230K(253440K), [CMS Perm : 7322K->7322K(21248K)], 0.6200896 secs] [Times: user=0.61 sys=0.02, real=0.62 secs] 
386.115: [GC [1 CMS-initial-mark: 163230K(174784K)] 176108K(253440K), 0.0101068 secs] [Times: user=0.02 sys=0.00, real=0.01 secs] 
386.126: [CMS-concurrent-mark-start]
386.172: [GC386.172: [ParNew: 69952K->69952K(78656K), 0.0000471 secs] 233182K->233182K(253440K), 0.0004051 secs] [Times: user=0.00 sys=0.00, real=0.00 secs] 
386.173: [Full GC386.173: [CMS386.346: [CMS-concurrent-mark: 0.218/0.221 secs] [Times: user=0.31 sys=0.00, real=0.22 secs] 
 (concurrent mode failure): 163230K->163216K(174784K), 0.6249883 secs] 233182K->163216K(253440K), [CMS Perm : 7322K->7267K(21248K)], 0.6252320 secs] [Times: user=0.62 sys=0.00, real=0.63 secs] 
386.872: [GC386.873: [ParNew: 69952K->69952K(78656K), 0.0000199 secs]386.873: [CMS: 163216K->168355K(174784K), 0.4641660 secs] 233168K->168355K(253440K), [CMS Perm : 7267K->7267K(21248K)], 0.4646121 secs] [Times: user=0.47 sys=0.00, real=0.46 secs] 
387.338: [GC [1 CMS-initial-mark: 168355K(174784K)] 168357K(253440K), 0.0018178 secs] [Times: user=0.00 sys=0.00, real=0.00 secs] 
387.340: [CMS-concurrent-mark-start]
387.420: [GC387.420: [ParNew: 69952K->69952K(78656K), 0.0000212 secs]387.420: [CMS387.597: [CMS-concurrent-mark: 0.226/0.257 secs] [Times: user=0.36 sys=0.00, real=0.26 secs] 
 (concurrent mode failure): 168355K->169875K(174784K), 0.6443973 secs] 238307K->169875K(253440K), [CMS Perm : 7317K->7317K(21248K)], 0.6447324 secs] [Times: user=0.64 sys=0.00, real=0.64 secs] 
388.129: [GC388.130: [ParNew: 69952K->69952K(78656K), 0.0000205 secs]388.130: [CMS: 169875K->162184K(174784K), 0.4502115 secs] 239827K->162184K(253440K), [CMS Perm : 7317K->7317K(21248K)], 0.4506643 secs] [Times: user=0.45 sys=0.00, real=0.45 secs] 
388.580: [GC [1 CMS-initial-mark: 162184K(174784K)] 162199K(253440K), 0.0016597 secs] [Times: user=0.00 sys=0.00, real=0.00 secs] 
388.582: [CMS-concurrent-mark-start]
388.644: [GC388.644: [ParNew: 69952K->69952K(78656K), 0.0000228 secs]388.644: [CMS388.800: [CMS-concurrent-mark: 0.216/0.218 secs] [Times: user=0.34 sys=0.02, real=0.22 secs] 
 (concurrent mode failure): 162184K->161283K(174784K), 0.6008654 secs] 232136K->161283K(253440K), [CMS Perm : 7317K->7317K(21248K)], 0.6013346 secs] [Times: user=0.61 sys=0.00, real=0.60 secs] 
389.282: [GC [1 CMS-initial-mark: 161283K(174784K)] 174442K(253440K), 0.0095674 secs] [Times: user=0.02 sys=0.00, real=0.01 secs] 
389.292: [CMS-concurrent-mark-start]
389.336: [GC389.336: [ParNew: 69952K->69952K(78656K), 0.0000228 secs]389.336: [CMS389.511: [CMS-concurrent-mark: 0.215/0.218 secs] [Times: user=0.33 sys=0.00, real=0.22 secs] 
 (concurrent mode failure): 161283K->162588K(174784K), 0.6240550 secs] 231235K->162588K(253440K), [CMS Perm : 7317K->7317K(21248K)], 0.6245893 secs] [Times: user=0.48 sys=0.00, real=0.63 secs] 
390.030: [GC390.030: [ParNew: 69952K->69952K(78656K), 0.0000196 secs] 232540K->232540K(253440K), 0.0002870 secs] [Times: user=0.00 sys=0.00, real=0.00 secs] 
390.030: [Full GC390.030: [CMS: 162588K->158023K(174784K), 0.4362753 secs] 232540K->158023K(253440K), [CMS Perm : 7320K->7267K(21248K)], 0.4364590 secs] [Times: user=0.44 sys=0.00, real=0.44 secs] 
390.467: [GC [1 CMS-initial-mark: 158023K(174784K)] 158027K(253440K), 0.0014541 secs] [Times: user=0.00 sys=0.00, real=0.00 secs] 
390.469: [CMS-concurrent-mark-start]
390.533: [GC390.533: [ParNew: 69952K->69952K(78656K), 0.0000208 secs]390.533: [CMS390.681: [CMS-concurrent-mark: 0.210/0.213 secs] [Times: user=0.33 sys=0.01, real=0.21 secs] 
 (concurrent mode failure): 158023K->165216K(174784K), 0.6058984 secs] 227975K->165216K(253440K), [CMS Perm : 7267K->7267K(21248K)], 0.6063138 secs] [Times: user=0.61 sys=0.00, real=0.61 secs] 
391.173: [GC [1 CMS-initial-mark: 165216K(174784K)] 180569K(253440K), 0.0115741 secs] [Times: user=0.02 sys=0.00, real=0.01 secs] 
391.185: [CMS-concurrent-mark-start]
391.225: [GC391.225: [ParNew: 69952K->69952K(78656K), 0.0000215 secs]391.225: [CMS391.405: [CMS-concurrent-mark: 0.218/0.221 secs] [Times: user=0.33 sys=0.00, real=0.22 secs] 
 (concurrent mode failure): 165216K->167737K(174784K), 0.6417927 secs] 235168K->167737K(253440K), [CMS Perm : 7317K->7317K(21248K)], 0.6421782 secs] [Times: user=0.64 sys=0.00, real=0.64 secs] 
391.943: [GC391.943: [ParNew: 69952K->69952K(78656K), 0.0000196 secs]391.943: [CMS: 167737K->168723K(174784K), 0.4653668 secs] 237689K->168723K(253440K), [CMS Perm : 7317K->7317K(21248K)], 0.4657622 secs] [Times: user=0.47 sys=0.00, real=0.47 secs] 
392.409: [GC [1 CMS-initial-mark: 168723K(174784K)] 168732K(253440K), 0.0016026 secs] [Times: user=0.00 sys=0.00, real=0.00 secs] 
392.411: [CMS-concurrent-mark-start]
392.486: [GC392.487: [ParNew: 69952K->69952K(78656K), 0.0000221 secs]392.487: [CMS392.659: [CMS-concurrent-mark: 0.224/0.248 secs] [Times: user=0.36 sys=0.02, real=0.25 secs] 
 (concurrent mode failure): 168723K->169243K(174784K), 0.6374762 secs] 238675K->169243K(253440K), [CMS Perm : 7317K->7317K(21248K)], 0.6378078 secs] [Times: user=0.64 sys=0.00, real=0.64 secs] 
393.164: [GC [1 CMS-initial-mark: 169243K(174784K)] 182172K(253440K), 0.0092909 secs] [Times: user=0.02 sys=0.00, real=0.01 secs] 
393.173: [CMS-concurrent-mark-start]
393.216: [GC393.216: [ParNew: 69952K->69952K(78656K), 0.0000208 secs]393.216: [CMS393.401: [CMS-concurrent-mark: 0.225/0.228 secs] [Times: user=0.28 sys=0.00, real=0.23 secs] 
 (concurrent mode failure): 169243K->171084K(174784K), 0.6562581 secs] 239195K->171084K(253440K), [CMS Perm : 7318K->7318K(21248K)], 0.6566821 secs] [Times: user=0.67 sys=0.00, real=0.66 secs] 
393.946: [GC393.946: [ParNew: 69952K->69952K(78656K), 0.0000199 secs]393.946: [CMS: 171084K->170952K(174784K), 0.4728389 secs] 241036K->170952K(253440K), [CMS Perm : 7318K->7318K(21248K)], 0.4732485 secs] [Times: user=0.48 sys=0.00, real=0.47 secs] 
394.419: [GC [1 CMS-initial-mark: 170952K(174784K)] 170955K(253440K), 0.0016171 secs] [Times: user=0.00 sys=0.00, real=0.00 secs] 
394.421: [CMS-concurrent-mark-start]
394.498: [GC394.498: [ParNew: 69952K->69952K(78656K), 0.0000327 secs]394.498: [CMS394.675: [CMS-concurrent-mark: 0.228/0.254 secs] [Times: user=0.34 sys=0.00, real=0.25 secs] 
 (concurrent mode failure): 170952K->171478K(174784K), 0.6469399 secs] 240904K->171478K(253440K), [CMS Perm : 7320K->7320K(21248K)], 0.6473418 secs] [Times: user=0.64 sys=0.00, real=0.65 secs] 
395.155: [GC [1 CMS-initial-mark: 171478K(174784K)] 172020K(253440K), 0.0021815 secs] [Times: user=0.00 sys=0.00, real=0.00 secs] 
395.157: [CMS-concurrent-mark-start]
395.221: [GC395.221: [ParNew: 69952K->69952K(78656K), 0.0000196 secs]395.221: [CMS395.387: [CMS-concurrent-mark: 0.227/0.230 secs] [Times: user=0.39 sys=0.00, real=0.23 secs] 
 (concurrent mode failure): 171478K->165303K(174784K), 0.6268164 secs] 241430K->165303K(253440K), [CMS Perm : 7320K->7320K(21248K)], 0.6272349 secs] [Times: user=0.61 sys=0.00, real=0.63 secs] 
395.924: [GC395.925: [ParNew: 69952K->69952K(78656K), 0.0000208 secs]395.925: [CMS: 165303K->159061K(174784K), 0.4435303 secs] 235255K->159061K(253440K), [CMS Perm : 7322K->7322K(21248K)], 0.4439199 secs] [Times: user=0.45 sys=0.00, real=0.44 secs] 
396.369: [GC [1 CMS-initial-mark: 159061K(174784K)] 159100K(253440K), 0.0016681 secs] [Times: user=0.00 sys=0.00, real=0.00 secs] 
396.371: [CMS-concurrent-mark-start]
396.445: [GC396.445: [ParNew: 69952K->69952K(78656K), 0.0000212 secs]396.445: [CMS396.606: [CMS-concurrent-mark: 0.213/0.235 secs] [Times: user=0.27 sys=0.00, real=0.23 secs] 
 (concurrent mode failure): 159061K->162429K(174784K), 0.5941431 secs] 229013K->162429K(253440K), [CMS Perm : 7322K->7322K(21248K)], 0.5946078 secs] [Times: user=0.59 sys=0.02, real=0.60 secs] 
397.066: [GC [1 CMS-initial-mark: 162429K(174784K)] 190153K(253440K), 0.0187095 secs] [Times: user=0.02 sys=0.00, real=0.02 secs] 
397.085: [CMS-concurrent-mark-start]
397.124: [GC397.124: [ParNew: 69952K->69952K(78656K), 0.0000199 secs]397.124: [CMS397.305: [CMS-concurrent-mark: 0.216/0.219 secs] [Times: user=0.34 sys=0.01, real=0.22 secs] 
 (concurrent mode failure): 162429K->159329K(174784K), 0.6228122 secs] 232381K->159329K(253440K), [CMS Perm : 7330K->7330K(21248K)], 0.6232154 secs] [Times: user=0.62 sys=0.00, real=0.62 secs] 
397.823: [GC397.824: [ParNew: 69952K->69952K(78656K), 0.0000202 secs]397.824: [CMS: 159329K->163619K(174784K), 0.4491489 secs] 229281K->163619K(253440K), [CMS Perm : 7330K->7330K(21248K)], 0.4495636 secs] [Times: user=0.45 sys=0.00, real=0.45 secs] 
398.273: [GC [1 CMS-initial-mark: 163619K(174784K)] 163619K(253440K), 0.0016071 secs] [Times: user=0.00 sys=0.00, real=0.00 secs] 
398.275: [CMS-concurrent-mark-start]
398.352: [GC398.352: [ParNew: 69952K->69952K(78656K), 0.0000192 secs]398.352: [CMS398.519: [CMS-concurrent-mark: 0.218/0.244 secs] [Times: user=0.34 sys=0.00, real=0.25 secs] 
 (concurrent mode failure): 163619K->166126K(174784K), 0.6282693 secs] 233571K->166126K(253440K), [CMS Perm : 7332K->7332K(21248K)], 0.6285788 secs] [Times: user=0.62 sys=0.00, real=0.63 secs] 
399.053: [GC399.053: [ParNew: 69952K->69952K(78656K), 0.0000192 secs]399.053: [CMS: 166126K->167144K(174784K), 0.4609636 secs] 236078K->167144K(253440K), [CMS Perm : 7332K->7332K(21248K)], 0.4613321 secs] [Times: user=0.45 sys=0.00, real=0.46 secs] 
399.514: [GC [1 CMS-initial-mark: 167144K(174784K)] 167146K(253440K), 0.0015488 secs] [Times: user=0.00 sys=0.00, real=0.00 secs] 
399.516: [CMS-concurrent-mark-start]
399.580: [GC399.580: [ParNew: 69952K->69952K(78656K), 0.0000196 secs]399.580: [CMS399.742: [CMS-concurrent-mark: 0.224/0.226 secs] [Times: user=0.38 sys=0.03, real=0.23 secs] 
 (concurrent mode failure): 167144K->165847K(174784K), 0.6229668 secs] 237096K->165847K(253440K), [CMS Perm : 7332K->7332K(21248K)], 0.6233783 secs] [Times: user=0.62 sys=0.00, real=0.62 secs] 
400.243: [GC [1 CMS-initial-mark: 165847K(174784K)] 177465K(253440K), 0.0086562 secs] [Times: user=0.00 sys=0.00, real=0.01 secs] 
400.252: [CMS-concurrent-mark-start]
400.297: [GC400.297: [ParNew: 69952K->69952K(78656K), 0.0000301 secs]400.297: [CMS400.481: [CMS-concurrent-mark: 0.226/0.229 secs] [Times: user=0.34 sys=0.00, real=0.23 secs] 
 (concurrent mode failure): 165847K->166487K(174784K), 0.6438668 secs] 235799K->166487K(253440K), [CMS Perm : 7332K->7332K(21248K)], 0.6443335 secs] [Times: user=0.66 sys=0.00, real=0.64 secs] 
401.008: [GC401.009: [ParNew: 69952K->69952K(78656K), 0.0000192 secs]401.009: [CMS: 166487K->169864K(174784K), 0.4705797 secs] 236439K->169864K(253440K), [CMS Perm : 7332K->7332K(21248K)], 0.4709531 secs] [Times: user=0.47 sys=0.00, real=0.47 secs] 
401.480: [GC [1 CMS-initial-mark: 169864K(174784K)] 169864K(253440K), 0.0014750 secs] [Times: user=0.00 sys=0.00, real=0.00 secs] 
401.481: [CMS-concurrent-mark-start]
401.544: [GC401.544: [ParNew: 69952K->69952K(78656K), 0.0000199 secs] 239816K->239816K(253440K), 0.0002899 secs] [Times: user=0.00 sys=0.00, real=0.00 secs] 
401.544: [Full GC401.544: [CMS401.711: [CMS-concurrent-mark: 0.226/0.229 secs] [Times: user=0.36 sys=0.01, real=0.23 secs] 
 (concurrent mode failure): 169864K->163194K(174784K), 0.6188779 secs] 239816K->163194K(253440K), [CMS Perm : 7332K->7268K(21248K)], 0.6190964 secs] [Times: user=0.62 sys=0.00, real=0.62 secs] 
402.195: [GC [1 CMS-initial-mark: 163194K(174784K)] 178638K(253440K), 0.0111543 secs] [Times: user=0.01 sys=0.00, real=0.01 secs] 
402.206: [CMS-concurrent-mark-start]
402.249: [GC402.249: [ParNew: 69952K->69952K(78656K), 0.0000208 secs]402.249: [CMS402.429: [CMS-concurrent-mark: 0.220/0.223 secs] [Times: user=0.28 sys=0.00, real=0.22 secs] 
 (concurrent mode failure): 163194K->163060K(174784K), 0.6353078 secs] 233146K->163060K(253440K), [CMS Perm : 7318K->7318K(21248K)], 0.6358023 secs] [Times: user=0.64 sys=0.00, real=0.63 secs] 
402.956: [GC402.956: [ParNew: 69952K->69952K(78656K), 0.0000253 secs]402.956: [CMS: 163060K->165824K(174784K), 0.4561525 secs] 233012K->165824K(253440K), [CMS Perm : 7318K->7318K(21248K)], 0.4566935 secs] [Times: user=0.45 sys=0.00, real=0.46 secs] 
403.413: [GC [1 CMS-initial-mark: 165824K(174784K)] 165826K(253440K), 0.0021097 secs] [Times: user=0.00 sys=0.00, real=0.00 secs] 
403.415: [CMS-concurrent-mark-start]
403.494: [GC403.494: [ParNew: 69952K->69952K(78656K), 0.0000353 secs]403.494: [CMS403.664: [CMS-concurrent-mark: 0.221/0.248 secs] [Times: user=0.34 sys=0.02, real=0.25 secs] 
 (concurrent mode failure): 165824K->166138K(174784K), 0.6232596 secs] 235776K->166138K(253440K), [CMS Perm : 7319K->7319K(21248K)], 0.6237266 secs] [Times: user=0.62 sys=0.00, real=0.62 secs] 
404.146: [GC [1 CMS-initial-mark: 166138K(174784K)] 178773K(253440K), 0.0095985 secs] [Times: user=0.01 sys=0.00, real=0.01 secs] 
404.156: [CMS-concurrent-mark-start]
404.200: [GC404.200: [ParNew: 69952K->69952K(78656K), 0.0000276 secs]404.200: [CMS404.382: [CMS-concurrent-mark: 0.223/0.226 secs] [Times: user=0.31 sys=0.00, real=0.23 secs] 
 (concurrent mode failure): 166138K->167444K(174784K), 0.6572607 secs] 236090K->167444K(253440K), [CMS Perm : 7319K->7319K(21248K)], 0.6577023 secs] [Times: user=0.66 sys=0.00, real=0.66 secs] 
404.934: [GC404.934: [ParNew: 69952K->69952K(78656K), 0.0000199 secs]404.934: [CMS: 167444K->166998K(174784K), 0.4606429 secs] 237396K->166998K(253440K), [CMS Perm : 7319K->7319K(21248K)], 0.4610377 secs] [Times: user=0.37 sys=0.00, real=0.46 secs] 
405.396: [GC [1 CMS-initial-mark: 166998K(174784K)] 166998K(253440K), 0.0017357 secs] [Times: user=0.00 sys=0.00, real=0.00 secs] 
405.397: [CMS-concurrent-mark-start]
405.486: [GC405.486: [ParNew: 69952K->69952K(78656K), 0.0000237 secs]405.486: [CMS405.654: [CMS-concurrent-mark: 0.226/0.257 secs] [Times: user=0.36 sys=0.00, real=0.26 secs] 
 (concurrent mode failure): 166998K->167856K(174784K), 0.6307497 secs] 236950K->167856K(253440K), [CMS Perm : 7322K->7322K(21248K)], 0.6310935 secs] [Times: user=0.59 sys=0.00, real=0.63 secs] 
406.151: [GC [1 CMS-initial-mark: 167856K(174784K)] 180516K(253440K), 0.0094009 secs] [Times: user=0.00 sys=0.00, real=0.01 secs] 
406.160: [CMS-concurrent-mark-start]
406.206: [GC406.206: [ParNew: 69952K->69952K(78656K), 0.0000202 secs]406.206: [CMS406.387: [CMS-concurrent-mark: 0.224/0.227 secs] [Times: user=0.33 sys=0.00, real=0.23 secs] 
 (concurrent mode failure): 167856K->167646K(174784K), 0.6435833 secs] 237808K->167646K(253440K), [CMS Perm : 7322K->7322K(21248K)], 0.6440079 secs] [Times: user=0.64 sys=0.00, real=0.64 secs] 
406.926: [GC406.927: [ParNew: 69952K->69952K(78656K), 0.0000196 secs]406.927: [CMS: 167646K->168825K(174784K), 0.4638597 secs] 237598K->168825K(253440K), [CMS Perm : 7322K->7322K(21248K)], 0.4643504 secs] [Times: user=0.47 sys=0.00, real=0.46 secs] 
407.391: [GC [1 CMS-initial-mark: 168825K(174784K)] 168834K(253440K), 0.0015003 secs] [Times: user=0.00 sys=0.00, real=0.00 secs] 
407.393: [CMS-concurrent-mark-start]
407.467: [GC407.467: [ParNew: 69952K->69952K(78656K), 0.0000199 secs]407.468: [CMS407.643: [CMS-concurrent-mark: 0.228/0.250 secs] [Times: user=0.39 sys=0.00, real=0.25 secs] 
 (concurrent mode failure): 168825K->168818K(174784K), 0.6392687 secs] 238777K->168818K(253440K), [CMS Perm : 7323K->7323K(21248K)], 0.6395730 secs] [Times: user=0.64 sys=0.00, real=0.64 secs] 
408.145: [GC [1 CMS-initial-mark: 168818K(174784K)] 181820K(253440K), 0.0098685 secs] [Times: user=0.02 sys=0.00, real=0.01 secs] 
408.155: [CMS-concurrent-mark-start]
408.198: [GC408.198: [ParNew: 69952K->69952K(78656K), 0.0000192 secs]408.198: [CMS408.381: [CMS-concurrent-mark: 0.223/0.226 secs] [Times: user=0.33 sys=0.00, real=0.23 secs] 
 (concurrent mode failure): 168818K->165122K(174784K), 0.6409316 secs] 238770K->165122K(253440K), [CMS Perm : 7323K->7323K(21248K)], 0.6413088 secs] [Times: user=0.64 sys=0.00, real=0.64 secs] 
408.847: [GC [1 CMS-initial-mark: 165122K(174784K)] 165737K(253440K), 0.0022219 secs] [Times: user=0.01 sys=0.00, real=0.00 secs] 
408.850: [CMS-concurrent-mark-start]
408.914: [GC408.914: [ParNew: 69952K->69952K(78656K), 0.0000199 secs]408.914: [CMS409.073: [CMS-concurrent-mark: 0.221/0.223 secs] [Times: user=0.34 sys=0.00, real=0.22 secs] 
 (concurrent mode failure): 165122K->163990K(174784K), 0.6109122 secs] 235074K->163990K(253440K), [CMS Perm : 7323K->7323K(21248K)], 0.6114385 secs] [Times: user=0.61 sys=0.00, real=0.61 secs] 
409.560: [GC [1 CMS-initial-mark: 163990K(174784K)] 175916K(253440K), 0.0088140 secs] [Times: user=0.02 sys=0.00, real=0.01 secs] 
409.570: [CMS-concurrent-mark-start]
409.612: [GC409.613: [ParNew: 69952K->69952K(78656K), 0.0000394 secs]409.613: [CMS409.790: [CMS-concurrent-mark: 0.218/0.220 secs] [Times: user=0.30 sys=0.00, real=0.22 secs] 
 (concurrent mode failure): 163990K->165737K(174784K), 0.6325566 secs] 233942K->165737K(253440K), [CMS Perm : 7323K->7323K(21248K)], 0.6331936 secs] [Times: user=0.64 sys=0.00, real=0.63 secs] 
410.319: [GC410.319: [ParNew: 69952K->69952K(78656K), 0.0000205 secs]410.319: [CMS: 165737K->162759K(174784K), 0.4476663 secs] 235689K->162759K(253440K), [CMS Perm : 7323K->7323K(21248K)], 0.4480655 secs] [Times: user=0.44 sys=0.00, real=0.45 secs] 
410.767: [GC [1 CMS-initial-mark: 162759K(174784K)] 162763K(253440K), 0.0018566 secs] [Times: user=0.00 sys=0.00, real=0.00 secs] 
410.769: [CMS-concurrent-mark-start]
410.830: [GC410.831: [ParNew: 69952K->69952K(78656K), 0.0000192 secs]410.831: [CMS410.988: [CMS-concurrent-mark: 0.216/0.219 secs] [Times: user=0.36 sys=0.00, real=0.22 secs] 
 (concurrent mode failure): 162759K->162712K(174784K), 0.6057717 secs] 232711K->162712K(253440K), [CMS Perm : 7323K->7323K(21248K)], 0.6061701 secs] [Times: user=0.59 sys=0.00, real=0.61 secs] 
411.467: [GC [1 CMS-initial-mark: 162712K(174784K)] 174072K(253440K), 0.0090911 secs] [Times: user=0.01 sys=0.00, real=0.01 secs] 
411.476: [CMS-concurrent-mark-start]
411.520: [GC411.520: [ParNew: 69952K->69952K(78656K), 0.0000273 secs]411.520: [CMS411.697: [CMS-concurrent-mark: 0.218/0.221 secs] [Times: user=0.30 sys=0.00, real=0.22 secs] 
 (concurrent mode failure): 162712K->165916K(174784K), 0.6381336 secs] 232664K->165916K(253440K), [CMS Perm : 7323K->7323K(21248K)], 0.6385531 secs] [Times: user=0.64 sys=0.00, real=0.64 secs] 
412.230: [GC412.231: [ParNew: 69952K->69952K(78656K), 0.0000196 secs]412.231: [CMS: 165916K->168097K(174784K), 0.4626407 secs] 235868K->168097K(253440K), [CMS Perm : 7323K->7323K(21248K)], 0.4630297 secs] [Times: user=0.47 sys=0.00, real=0.46 secs] 
412.694: [GC [1 CMS-initial-mark: 168097K(174784K)] 168111K(253440K), 0.0016103 secs] [Times: user=0.00 sys=0.00, real=0.00 secs] 
412.696: [CMS-concurrent-mark-start]
412.761: [GC412.761: [ParNew: 69952K->69952K(78656K), 0.0000237 secs] 238049K->238049K(253440K), 0.0003233 secs] [Times: user=0.00 sys=0.00, real=0.00 secs] 
412.761: [Full GC412.761: [CMS412.923: [CMS-concurrent-mark: 0.225/0.228 secs] [Times: user=0.39 sys=0.03, real=0.23 secs] 
 (concurrent mode failure): 168097K->165947K(174784K), 0.6212590 secs] 238049K->165947K(253440K), [CMS Perm : 7323K->7268K(21248K)], 0.6214806 secs] [Times: user=0.62 sys=0.00, real=0.62 secs] 
413.422: [GC [1 CMS-initial-mark: 165947K(174784K)] 180608K(253440K), 0.0107656 secs] [Times: user=0.00 sys=0.00, real=0.01 secs] 
413.433: [CMS-concurrent-mark-start]
413.474: [GC413.474: [ParNew: 69952K->69952K(78656K), 0.0000196 secs]413.474: [CMS413.658: [CMS-concurrent-mark: 0.223/0.225 secs] [Times: user=0.33 sys=0.00, real=0.22 secs] 
 (concurrent mode failure): 165947K->169768K(174784K), 0.6493470 secs] 235899K->169768K(253440K), [CMS Perm : 7318K->7318K(21248K)], 0.6498309 secs] [Times: user=0.66 sys=0.00, real=0.65 secs] 
414.196: [GC414.196: [ParNew: 69952K->69952K(78656K), 0.0000199 secs]414.196: [CMS: 169768K->163329K(174784K), 0.4540762 secs] 239720K->163329K(253440K), [CMS Perm : 7318K->7318K(21248K)], 0.4545171 secs] [Times: user=0.45 sys=0.00, real=0.45 secs] 
414.651: [GC [1 CMS-initial-mark: 163329K(174784K)] 163333K(253440K), 0.0022159 secs] [Times: user=0.01 sys=0.00, real=0.00 secs] 
414.653: [CMS-concurrent-mark-start]
414.717: [GC414.718: [ParNew: 69952K->69952K(78656K), 0.0000212 secs]414.718: [CMS414.877: [CMS-concurrent-mark: 0.220/0.223 secs] [Times: user=0.34 sys=0.00, real=0.22 secs] 
 (concurrent mode failure): 163329K->165679K(174784K), 0.6145367 secs] 233281K->165679K(253440K), [CMS Perm : 7318K->7318K(21248K)], 0.6149687 secs] [Times: user=0.61 sys=0.00, real=0.62 secs] 
415.361: [GC [1 CMS-initial-mark: 165679K(174784K)] 177203K(253440K), 0.0088268 secs] [Times: user=0.02 sys=0.00, real=0.01 secs] 
415.370: [CMS-concurrent-mark-start]
415.413: [GC415.413: [ParNew: 69952K->69952K(78656K), 0.0000208 secs]415.413: [CMS415.594: [CMS-concurrent-mark: 0.221/0.224 secs] [Times: user=0.28 sys=0.00, real=0.22 secs] 
 (concurrent mode failure): 165679K->167688K(174784K), 0.6421603 secs] 235631K->167688K(253440K), [CMS Perm : 7319K->7319K(21248K)], 0.6425384 secs] [Times: user=0.66 sys=0.00, real=0.64 secs] 
416.084: [GC [1 CMS-initial-mark: 167688K(174784K)] 179108K(253440K), 0.0088528 secs] [Times: user=0.02 sys=0.00, real=0.01 secs] 
416.094: [CMS-concurrent-mark-start]
416.142: [GC416.142: [ParNew: 69952K->69952K(78656K), 0.0000199 secs]416.142: [CMS416.319: [CMS-concurrent-mark: 0.223/0.225 secs] [Times: user=0.28 sys=0.01, real=0.23 secs] 
 (concurrent mode failure): 167688K->166472K(174784K), 0.6343155 secs] 237640K->166472K(253440K), [CMS Perm : 7325K->7322K(21248K)], 0.6346974 secs] [Times: user=0.64 sys=0.00, real=0.63 secs] 
416.848: [GC416.848: [ParNew: 69952K->69952K(78656K), 0.0000202 secs]416.848: [CMS: 166472K->167910K(174784K), 0.4627455 secs] 236424K->167910K(253440K), [CMS Perm : 7322K->7322K(21248K)], 0.4631362 secs] [Times: user=0.47 sys=0.00, real=0.46 secs] 
417.312: [GC [1 CMS-initial-mark: 167910K(174784K)] 167995K(253440K), 0.0016113 secs] [Times: user=0.00 sys=0.00, real=0.00 secs] 
417.314: [CMS-concurrent-mark-start]
417.389: [GC417.390: [ParNew: 69952K->69952K(78656K), 0.0000295 secs]417.390: [CMS417.563: [CMS-concurrent-mark: 0.226/0.249 secs] [Times: user=0.41 sys=0.00, real=0.25 secs] 
 (concurrent mode failure): 167910K->169226K(174784K), 0.6393418 secs] 237862K->169226K(253440K), [CMS Perm : 7322K->7322K(21248K)], 0.6397767 secs] [Times: user=0.64 sys=0.00, real=0.64 secs] 
418.096: [GC418.096: [ParNew: 69952K->69952K(78656K), 0.0000205 secs]418.096: [CMS: 169226K->165388K(174784K), 0.4577481 secs] 239178K->165388K(253440K), [CMS Perm : 7322K->7322K(21248K)], 0.4581541 secs] [Times: user=0.45 sys=0.00, real=0.46 secs] 
418.555: [GC [1 CMS-initial-mark: 165388K(174784K)] 165392K(253440K), 0.0015638 secs] [Times: user=0.00 sys=0.00, real=0.00 secs] 
418.557: [CMS-concurrent-mark-start]
418.617: [GC418.617: [ParNew: 69952K->69952K(78656K), 0.0000215 secs]418.617: [CMS418.782: [CMS-concurrent-mark: 0.222/0.226 secs] [Times: user=0.33 sys=0.00, real=0.23 secs] 
 (concurrent mode failure): 165388K->167473K(174784K), 0.6270053 secs] 235340K->167473K(253440K), [CMS Perm : 7322K->7322K(21248K)], 0.6274527 secs] [Times: user=0.62 sys=0.00, real=0.63 secs] 
419.278: [GC [1 CMS-initial-mark: 167473K(174784K)] 180843K(253440K), 0.0099532 secs] [Times: user=0.02 sys=0.00, real=0.01 secs] 
419.288: [CMS-concurrent-mark-start]
419.332: [GC419.333: [ParNew: 69952K->69952K(78656K), 0.0000189 secs]419.333: [CMS419.517: [CMS-concurrent-mark: 0.226/0.229 secs] [Times: user=0.31 sys=0.00, real=0.23 secs] 
 (concurrent mode failure): 167473K->170262K(174784K), 0.6540638 secs] 237425K->170262K(253440K), [CMS Perm : 7322K->7322K(21248K)], 0.6544576 secs] [Times: user=0.66 sys=0.00, real=0.65 secs] 
420.060: [GC420.060: [ParNew: 69952K->69952K(78656K), 0.0000199 secs]420.060: [CMS: 170262K->166293K(174784K), 0.4732696 secs] 240214K->166293K(253440K), [CMS Perm : 7322K->7322K(21248K)], 0.4736484 secs] [Times: user=0.48 sys=0.00, real=0.47 secs] 
420.534: [GC [1 CMS-initial-mark: 166293K(174784K)] 166299K(253440K), 0.0016498 secs] [Times: user=0.00 sys=0.00, real=0.00 secs] 
420.536: [CMS-concurrent-mark-start]
420.599: [GC420.599: [ParNew: 69952K->69952K(78656K), 0.0000404 secs]420.599: [CMS420.762: [CMS-concurrent-mark: 0.224/0.226 secs] [Times: user=0.38 sys=0.00, real=0.23 secs] 
 (concurrent mode failure): 166293K->162375K(174784K), 0.6206733 secs] 236245K->162375K(253440K), [CMS Perm : 7322K->7322K(21248K)], 0.6212089 secs] [Times: user=0.61 sys=0.00, real=0.62 secs] 
421.256: [GC [1 CMS-initial-mark: 162375K(174784K)] 173783K(253440K), 0.0087181 secs] [Times: user=0.00 sys=0.00, real=0.01 secs] 
421.265: [CMS-concurrent-mark-start]
421.310: [GC421.310: [ParNew: 69952K->69952K(78656K), 0.0000196 secs]421.310: [CMS421.483: [CMS-concurrent-mark: 0.215/0.218 secs] [Times: user=0.33 sys=0.00, real=0.22 secs] 
 (concurrent mode failure): 162375K->163517K(174784K), 0.6221236 secs] 232327K->163517K(253440K), [CMS Perm : 7323K->7323K(21248K)], 0.6225050 secs] [Times: user=0.62 sys=0.00, real=0.62 secs] 
422.022: [GC [1 CMS-initial-mark: 163517K(174784K)] 227093K(253440K), 0.0411782 secs] [Times: user=0.05 sys=0.00, real=0.04 secs] 
422.063: [CMS-concurrent-mark-start]
422.067: [GC422.067: [ParNew: 69952K->69952K(78656K), 0.0000205 secs]422.067: [CMS422.282: [CMS-concurrent-mark: 0.216/0.219 secs] [Times: user=0.22 sys=0.00, real=0.22 secs] 
 (concurrent mode failure): 163517K->164628K(174784K), 0.6693227 secs] 233469K->164628K(253440K), [CMS Perm : 7323K->7323K(21248K)], 0.6697476 secs] [Times: user=0.67 sys=0.00, real=0.67 secs] 
422.803: [GC422.803: [ParNew: 69952K->69952K(78656K), 0.0000202 secs]422.803: [CMS: 164628K->170344K(174784K), 0.4686792 secs] 234580K->170344K(253440K), [CMS Perm : 7323K->7323K(21248K)], 0.4690586 secs] [Times: user=0.47 sys=0.00, real=0.47 secs] 
423.272: [GC [1 CMS-initial-mark: 170344K(174784K)] 170346K(253440K), 0.0014830 secs] [Times: user=0.00 sys=0.00, real=0.00 secs] 
423.274: [CMS-concurrent-mark-start]
423.352: [GC423.352: [ParNew: 69952K->69952K(78656K), 0.0000189 secs]423.352: [CMS423.529: [CMS-concurrent-mark: 0.229/0.255 secs] [Times: user=0.42 sys=0.00, real=0.26 secs] 
 (concurrent mode failure): 170344K->172573K(174784K), 0.6530493 secs] 240296K->172573K(253440K), [CMS Perm : 7323K->7323K(21248K)], 0.6533627 secs] [Times: user=0.66 sys=0.00, real=0.65 secs] 
424.038: [GC [1 CMS-initial-mark: 172573K(174784K)] 197616K(253440K), 0.0173009 secs] [Times: user=0.01 sys=0.00, real=0.02 secs] 
424.056: [CMS-concurrent-mark-start]
424.097: [GC424.097: [ParNew: 69952K->69952K(78656K), 0.0000192 secs]424.097: [CMS424.285: [CMS-concurrent-mark: 0.227/0.230 secs] [Times: user=0.33 sys=0.00, real=0.23 secs] 
 (concurrent mode failure): 172573K->170758K(174784K), 0.6585792 secs] 242525K->170758K(253440K), [CMS Perm : 7323K->7323K(21248K)], 0.6589820 secs] [Times: user=0.65 sys=0.00, real=0.66 secs] 
424.833: [GC424.833: [ParNew: 69952K->69952K(78656K), 0.0000212 secs]424.833: [CMS: 170758K->164525K(174784K), 0.4579976 secs] 240710K->164525K(253440K), [CMS Perm : 7323K->7323K(21248K)], 0.4584027 secs] [Times: user=0.47 sys=0.00, real=0.46 secs] 
425.291: [GC [1 CMS-initial-mark: 164525K(174784K)] 164527K(253440K), 0.0015074 secs] [Times: user=0.00 sys=0.00, real=0.00 secs] 
425.293: [CMS-concurrent-mark-start]
425.363: [GC425.364: [ParNew: 69952K->69952K(78656K), 0.0000215 secs]425.364: [CMS425.538: [CMS-concurrent-mark: 0.222/0.245 secs] [Times: user=0.28 sys=0.01, real=0.25 secs] 
 (concurrent mode failure): 164525K->164877K(174784K), 0.6292654 secs] 234477K->164877K(253440K), [CMS Perm : 7323K->7323K(21248K)], 0.6295938 secs] [Times: user=0.64 sys=0.00, real=0.63 secs] 
426.028: [GC [1 CMS-initial-mark: 164877K(174784K)] 176569K(253440K), 0.0091691 secs] [Times: user=0.00 sys=0.00, real=0.01 secs] 
426.037: [CMS-concurrent-mark-start]
426.082: [GC426.083: [ParNew: 69952K->69952K(78656K), 0.0000199 secs]426.083: [CMS426.260: [CMS-concurrent-mark: 0.220/0.223 secs] [Times: user=0.31 sys=0.02, real=0.22 secs] 
 (concurrent mode failure): 164877K->164856K(174784K), 0.6346086 secs] 234829K->164856K(253440K), [CMS Perm : 7323K->7323K(21248K)], 0.6349896 secs] [Times: user=0.64 sys=0.00, real=0.63 secs] 
426.794: [GC426.794: [ParNew: 69952K->69952K(78656K), 0.0000192 secs]426.794: [CMS: 164856K->162650K(174784K), 0.4518962 secs] 234808K->162650K(253440K), [CMS Perm : 7323K->7323K(21248K)], 0.4523144 secs] [Times: user=0.45 sys=0.00, real=0.45 secs] 
427.247: [GC [1 CMS-initial-mark: 162650K(174784K)] 162652K(253440K), 0.0017322 secs] [Times: user=0.00 sys=0.00, real=0.00 secs] 
427.248: [CMS-concurrent-mark-start]
427.317: [GC427.317: [ParNew: 69952K->69952K(78656K), 0.0000212 secs]427.317: [CMS427.487: [CMS-concurrent-mark: 0.217/0.239 secs] [Times: user=0.33 sys=0.00, real=0.24 secs] 
 (concurrent mode failure): 162650K->163739K(174784K), 0.6208831 secs] 232602K->163739K(253440K), [CMS Perm : 7323K->7323K(21248K)], 0.6212776 secs] [Times: user=0.62 sys=0.00, real=0.62 secs] 
428.018: [GC [1 CMS-initial-mark: 163739K(174784K)] 226670K(253440K), 0.0406230 secs] [Times: user=0.05 sys=0.00, real=0.04 secs] 
428.059: [CMS-concurrent-mark-start]
428.063: [GC428.063: [ParNew: 69952K->69952K(78656K), 0.0000196 secs]428.063: [CMS428.279: [CMS-concurrent-mark: 0.217/0.220 secs] [Times: user=0.22 sys=0.00, real=0.22 secs] 
 (concurrent mode failure): 163739K->162947K(174784K), 0.6796729 secs] 233691K->162947K(253440K), [CMS Perm : 7326K->7326K(21248K)], 0.6800905 secs] [Times: user=0.69 sys=0.00, real=0.68 secs] 
428.744: [GC [1 CMS-initial-mark: 162947K(174784K)] 163036K(253440K), 0.0015571 secs] [Times: user=0.00 sys=0.00, real=0.00 secs] 
428.745: [CMS-concurrent-mark-start]
428.797: [GC428.797: [ParNew: 69952K->69952K(78656K), 0.0000257 secs]428.797: [CMS428.971: [CMS-concurrent-mark: 0.223/0.226 secs] [Times: user=0.30 sys=0.00, real=0.23 secs] 
 (concurrent mode failure): 162947K->160007K(174784K), 0.6167092 secs] 232899K->160007K(253440K), [CMS Perm : 7326K->7326K(21248K)], 0.6171021 secs] [Times: user=0.62 sys=0.00, real=0.62 secs] 
429.452: [GC [1 CMS-initial-mark: 160007K(174784K)] 172240K(253440K), 0.0091691 secs] [Times: user=0.02 sys=0.00, real=0.01 secs] 
429.462: [CMS-concurrent-mark-start]
429.505: [GC429.505: [ParNew: 69952K->69952K(78656K), 0.0000301 secs]429.505: [CMS429.680: [CMS-concurrent-mark: 0.216/0.218 secs] [Times: user=0.31 sys=0.00, real=0.22 secs] 
 (concurrent mode failure): 160007K->159846K(174784K), 0.6155832 secs] 229959K->159846K(253440K), [CMS Perm : 7326K->7326K(21248K)], 0.6160348 secs] [Times: user=0.61 sys=0.00, real=0.62 secs] 
430.151: [GC [1 CMS-initial-mark: 159846K(174784K)] 172245K(253440K), 0.0088294 secs] [Times: user=0.02 sys=0.00, real=0.01 secs] 
430.160: [CMS-concurrent-mark-start]
430.203: [GC430.203: [ParNew: 69952K->69952K(78656K), 0.0000285 secs]430.203: [CMS430.376: [CMS-concurrent-mark: 0.214/0.216 secs] [Times: user=0.26 sys=0.00, real=0.22 secs] 
 (concurrent mode failure): 159846K->161556K(174784K), 0.6173693 secs] 229798K->161556K(253440K), [CMS Perm : 7327K->7327K(21248K)], 0.6178545 secs] [Times: user=0.62 sys=0.00, real=0.62 secs] 
430.895: [GC430.895: [ParNew: 69952K->69952K(78656K), 0.0000199 secs]430.895: [CMS: 161556K->167173K(174784K), 0.4604505 secs] 231508K->167173K(253440K), [CMS Perm : 7327K->7327K(21248K)], 0.4608783 secs] [Times: user=0.45 sys=0.00, real=0.46 secs] 
431.356: [GC [1 CMS-initial-mark: 167173K(174784K)] 167262K(253440K), 0.0018057 secs] [Times: user=0.00 sys=0.00, real=0.00 secs] 
431.358: [CMS-concurrent-mark-start]
431.432: [GC431.432: [ParNew: 69952K->69952K(78656K), 0.0000205 secs]431.432: [CMS431.608: [CMS-concurrent-mark: 0.226/0.249 secs] [Times: user=0.39 sys=0.00, real=0.25 secs] 
 (concurrent mode failure): 167173K->165053K(174784K), 0.6328347 secs] 237125K->165053K(253440K), [CMS Perm : 7327K->7327K(21248K)], 0.6332212 secs] [Times: user=0.64 sys=0.00, real=0.63 secs] 
432.098: [GC [1 CMS-initial-mark: 165053K(174784K)] 177862K(253440K), 0.0098769 secs] [Times: user=0.02 sys=0.00, real=0.01 secs] 
432.108: [CMS-concurrent-mark-start]
432.149: [GC432.149: [ParNew: 69952K->69952K(78656K), 0.0000186 secs]432.149: [CMS432.332: [CMS-concurrent-mark: 0.222/0.224 secs] [Times: user=0.25 sys=0.02, real=0.22 secs] 
 (concurrent mode failure): 165053K->168477K(174784K), 0.6423392 secs] 235005K->168477K(253440K), [CMS Perm : 7327K->7327K(21248K)], 0.6426920 secs] [Times: user=0.64 sys=0.00, real=0.64 secs] 
432.864: [GC432.865: [ParNew: 69952K->69952K(78656K), 0.0000218 secs]432.865: [CMS: 168477K->166621K(174784K), 0.4586252 secs] 238429K->166621K(253440K), [CMS Perm : 7327K->7327K(21248K)], 0.4590755 secs] [Times: user=0.45 sys=0.00, real=0.46 secs] 
433.324: [GC [1 CMS-initial-mark: 166621K(174784K)] 166623K(253440K), 0.0016998 secs] [Times: user=0.02 sys=0.00, real=0.00 secs] 
433.326: [CMS-concurrent-mark-start]
433.398: [GC433.398: [ParNew: 69952K->69952K(78656K), 0.0000231 secs]433.398: [CMS433.574: [CMS-concurrent-mark: 0.224/0.249 secs] [Times: user=0.33 sys=0.00, real=0.25 secs] 
 (concurrent mode failure): 166621K->169392K(174784K), 0.6487494 secs] 236573K->169392K(253440K), [CMS Perm : 7327K->7327K(21248K)], 0.6491199 secs] [Times: user=0.66 sys=0.00, real=0.65 secs] 
434.108: [GC434.108: [ParNew: 69952K->69952K(78656K), 0.0000208 secs]434.108: [CMS: 169392K->163759K(174784K), 0.4589395 secs] 239344K->163759K(253440K), [CMS Perm : 7327K->7327K(21248K)], 0.4593866 secs] [Times: user=0.45 sys=0.00, real=0.46 secs] 
434.568: [GC [1 CMS-initial-mark: 163759K(174784K)] 163792K(253440K), 0.0019971 secs] [Times: user=0.00 sys=0.00, real=0.00 secs] 
434.570: [CMS-concurrent-mark-start]
434.631: [GC434.632: [ParNew: 69952K->69952K(78656K), 0.0000244 secs]434.632: [CMS434.792: [CMS-concurrent-mark: 0.219/0.222 secs] [Times: user=0.36 sys=0.00, real=0.22 secs] 
 (concurrent mode failure): 163759K->168162K(174784K), 0.6266608 secs] 233711K->168162K(253440K), [CMS Perm : 7327K->7327K(21248K)], 0.6271499 secs] [Times: user=0.64 sys=0.00, real=0.63 secs] 
435.290: [GC [1 CMS-initial-mark: 168162K(174784K)] 182097K(253440K), 0.0100972 secs] [Times: user=0.00 sys=0.00, real=0.01 secs] 
435.301: [CMS-concurrent-mark-start]
435.343: [GC435.343: [ParNew: 69952K->69952K(78656K), 0.0000202 secs]435.343: [CMS435.529: [CMS-concurrent-mark: 0.226/0.228 secs] [Times: user=0.34 sys=0.00, real=0.23 secs] 
 (concurrent mode failure): 168162K->170575K(174784K), 0.6556055 secs] 238114K->170575K(253440K), [CMS Perm : 7327K->7327K(21248K)], 0.6560680 secs] [Times: user=0.66 sys=0.00, real=0.66 secs] 
436.023: [GC [1 CMS-initial-mark: 170575K(174784K)] 195727K(253440K), 0.0168240 secs] [Times: user=0.02 sys=0.00, real=0.02 secs] 
436.040: [CMS-concurrent-mark-start]
436.084: [GC436.084: [ParNew: 69952K->69952K(78656K), 0.0000241 secs]436.084: [CMS436.270: [CMS-concurrent-mark: 0.227/0.230 secs] [Times: user=0.31 sys=0.00, real=0.23 secs] 
 (concurrent mode failure): 170575K->163695K(174784K), 0.6617508 secs] 240527K->163695K(253440K), [CMS Perm : 7327K->7327K(21248K)], 0.6622633 secs] [Times: user=0.64 sys=0.00, real=0.66 secs] 
436.815: [GC436.815: [ParNew: 69952K->69952K(78656K), 0.0000231 secs]436.815: [CMS: 163695K->160044K(174784K), 0.4466451 secs] 233647K->160044K(253440K), [CMS Perm : 7327K->7327K(21248K)], 0.4471056 secs] [Times: user=0.45 sys=0.00, real=0.45 secs] 
437.263: [GC [1 CMS-initial-mark: 160044K(174784K)] 160046K(253440K), 0.0015180 secs] [Times: user=0.00 sys=0.00, real=0.00 secs] 
437.264: [CMS-concurrent-mark-start]
437.341: [GC437.341: [ParNew: 69952K->69952K(78656K), 0.0000199 secs]437.341: [CMS437.503: [CMS-concurrent-mark: 0.213/0.239 secs] [Times: user=0.37 sys=0.00, real=0.24 secs] 
 (concurrent mode failure): 160044K->163565K(174784K), 0.5825186 secs] 229996K->163565K(253440K), [CMS Perm : 7327K->7327K(21248K)], 0.5828416 secs] [Times: user=0.58 sys=0.00, real=0.58 secs] 
437.995: [GC437.996: [ParNew: 69952K->69952K(78656K), 0.0000199 secs]437.996: [CMS: 163565K->161746K(174784K), 0.4468497 secs] 233517K->161746K(253440K), [CMS Perm : 7327K->7327K(21248K)], 0.4472371 secs] [Times: user=0.45 sys=0.00, real=0.45 secs] 
438.443: [GC [1 CMS-initial-mark: 161746K(174784K)] 161750K(253440K), 0.0016193 secs] [Times: user=0.00 sys=0.00, real=0.00 secs] 
438.445: [CMS-concurrent-mark-start]
438.522: [GC438.522: [ParNew: 69952K->69952K(78656K), 0.0000208 secs]438.522: [CMS438.684: [CMS-concurrent-mark: 0.216/0.240 secs] [Times: user=0.31 sys=0.00, real=0.24 secs] 
 (concurrent mode failure): 161746K->162520K(174784K), 0.6076483 secs] 231698K->162520K(253440K), [CMS Perm : 7327K->7327K(21248K)], 0.6079879 secs] [Times: user=0.61 sys=0.00, real=0.61 secs] 
439.171: [GC [1 CMS-initial-mark: 162520K(174784K)] 174380K(253440K), 0.0089596 secs] [Times: user=0.02 sys=0.00, real=0.01 secs] 
439.180: [CMS-concurrent-mark-start]
439.224: [GC439.224: [ParNew: 69952K->69952K(78656K), 0.0000295 secs]439.224: [CMS439.400: [CMS-concurrent-mark: 0.218/0.220 secs] [Times: user=0.28 sys=0.02, real=0.22 secs] 
 (concurrent mode failure): 162520K->161908K(174784K), 0.6190345 secs] 232472K->161908K(253440K), [CMS Perm : 7327K->7327K(21248K)], 0.6194568 secs] [Times: user=0.61 sys=0.00, real=0.62 secs] 
439.919: [GC439.920: [ParNew: 69952K->69952K(78656K), 0.0000196 secs]439.920: [CMS: 161908K->161658K(174784K), 0.4438644 secs] 231860K->161658K(253440K), [CMS Perm : 7327K->7327K(21248K)], 0.4442406 secs] [Times: user=0.45 sys=0.00, real=0.44 secs] 
440.364: [GC [1 CMS-initial-mark: 161658K(174784K)] 161660K(253440K), 0.0016713 secs] [Times: user=0.00 sys=0.00, real=0.00 secs] 
440.366: [CMS-concurrent-mark-start]
440.448: [GC440.448: [ParNew: 69952K->69952K(78656K), 0.0000237 secs]440.448: [CMS440.612: [CMS-concurrent-mark: 0.217/0.246 secs] [Times: user=0.39 sys=0.00, real=0.24 secs] 
 (concurrent mode failure): 161658K->161510K(174784K), 0.6061377 secs] 231610K->161510K(253440K), [CMS Perm : 7327K->7327K(21248K)], 0.6065613 secs] [Times: user=0.61 sys=0.00, real=0.61 secs] 
441.092: [GC [1 CMS-initial-mark: 161510K(174784K)] 172538K(253440K), 0.0085645 secs] [Times: user=0.02 sys=0.00, real=0.01 secs] 
441.100: [CMS-concurrent-mark-start]
441.146: [GC441.146: [ParNew: 69952K->69952K(78656K), 0.0000228 secs]441.146: [CMS441.319: [CMS-concurrent-mark: 0.216/0.219 secs] [Times: user=0.30 sys=0.01, real=0.22 secs] 
 (concurrent mode failure): 161510K->162420K(174784K), 0.6187211 secs] 231462K->162420K(253440K), [CMS Perm : 7327K->7327K(21248K)], 0.6191364 secs] [Times: user=0.62 sys=0.00, real=0.62 secs] 
441.841: [GC441.841: [ParNew: 69952K->69952K(78656K), 0.0000202 secs]441.841: [CMS: 162420K->166587K(174784K), 0.4547259 secs] 232372K->166587K(253440K), [CMS Perm : 7327K->7327K(21248K)], 0.4550980 secs] [Times: user=0.47 sys=0.00, real=0.46 secs] 
442.296: [GC [1 CMS-initial-mark: 166587K(174784K)] 166589K(253440K), 0.0015132 secs] [Times: user=0.00 sys=0.00, real=0.00 secs] 
442.298: [CMS-concurrent-mark-start]
442.370: [GC442.370: [ParNew: 69952K->69952K(78656K), 0.0000183 secs]442.370: [CMS442.540: [CMS-concurrent-mark: 0.220/0.242 secs] [Times: user=0.28 sys=0.00, real=0.24 secs] 
 (concurrent mode failure): 166587K->168437K(174784K), 0.6351378 secs] 236539K->168437K(253440K), [CMS Perm : 7327K->7327K(21248K)], 0.6354633 secs] [Times: user=0.64 sys=0.00, real=0.64 secs] 
443.070: [GC443.070: [ParNew: 69952K->69952K(78656K), 0.0000205 secs]443.070: [CMS: 168437K->165239K(174784K), 0.4589158 secs] 238389K->165239K(253440K), [CMS Perm : 7327K->7327K(21248K)], 0.4593870 secs] [Times: user=0.47 sys=0.00, real=0.46 secs] 
443.530: [GC [1 CMS-initial-mark: 165239K(174784K)] 165243K(253440K), 0.0019391 secs] [Times: user=0.00 sys=0.00, real=0.00 secs] 
443.532: [CMS-concurrent-mark-start]
443.595: [GC443.595: [ParNew: 69952K->69952K(78656K), 0.0000189 secs]443.595: [CMS443.757: [CMS-concurrent-mark: 0.221/0.225 secs] [Times: user=0.37 sys=0.00, real=0.23 secs] 
 (concurrent mode failure): 165239K->167044K(174784K), 0.6253552 secs] 235191K->167044K(253440K), [CMS Perm : 7327K->7327K(21248K)], 0.6258247 secs] [Times: user=0.62 sys=0.00, real=0.63 secs] 
444.255: [GC [1 CMS-initial-mark: 167044K(174784K)] 180209K(253440K), 0.0102534 secs] [Times: user=0.01 sys=0.00, real=0.01 secs] 
444.266: [CMS-concurrent-mark-start]
444.307: [GC444.307: [ParNew: 69952K->69952K(78656K), 0.0000208 secs]444.307: [CMS444.493: [CMS-concurrent-mark: 0.225/0.227 secs] [Times: user=0.25 sys=0.02, real=0.23 secs] 
 (concurrent mode failure): 167044K->167588K(174784K), 0.6467145 secs] 236996K->167588K(253440K), [CMS Perm : 7327K->7327K(21248K)], 0.6470625 secs] [Times: user=0.64 sys=0.02, real=0.65 secs] 
445.022: [GC445.022: [ParNew: 69952K->69952K(78656K), 0.0000221 secs]445.022: [CMS: 167588K->169164K(174784K), 0.4687622 secs] 237540K->169164K(253440K), [CMS Perm : 7327K->7327K(21248K)], 0.4691910 secs] [Times: user=0.47 sys=0.00, real=0.47 secs] 
445.491: [GC [1 CMS-initial-mark: 169164K(174784K)] 169167K(253440K), 0.0016158 secs] [Times: user=0.02 sys=0.00, real=0.00 secs] 
445.493: [CMS-concurrent-mark-start]
445.575: [GC445.575: [ParNew: 69952K->69952K(78656K), 0.0000208 secs]445.575: [CMS445.747: [CMS-concurrent-mark: 0.226/0.254 secs] [Times: user=0.33 sys=0.00, real=0.25 secs] 
 (concurrent mode failure): 169164K->168769K(174784K), 0.6381115 secs] 239116K->168769K(253440K), [CMS Perm : 7327K->7327K(21248K)], 0.6385563 secs] [Times: user=0.64 sys=0.00, real=0.64 secs] 
446.252: [GC [1 CMS-initial-mark: 168769K(174784K)] 182916K(253440K), 0.0109664 secs] [Times: user=0.02 sys=0.00, real=0.01 secs] 
446.263: [CMS-concurrent-mark-start]
446.310: [GC446.310: [ParNew: 69952K->69952K(78656K), 0.0000199 secs]446.310: [CMS446.493: [CMS-concurrent-mark: 0.227/0.230 secs] [Times: user=0.30 sys=0.00, real=0.23 secs] 
 (concurrent mode failure): 168769K->170301K(174784K), 0.6491638 secs] 238721K->170301K(253440K), [CMS Perm : 7327K->7327K(21248K)], 0.6494836 secs] [Times: user=0.64 sys=0.00, real=0.65 secs] 
447.020: [GC447.020: [ParNew: 69952K->69952K(78656K), 0.0000295 secs]447.020: [CMS: 170301K->167466K(174784K), 0.4736349 secs] 240253K->167466K(253440K), [CMS Perm : 7327K->7327K(21248K)], 0.4741474 secs] [Times: user=0.47 sys=0.00, real=0.47 secs] 
447.494: [GC [1 CMS-initial-mark: 167466K(174784K)] 167493K(253440K), 0.0017896 secs] [Times: user=0.00 sys=0.00, real=0.00 secs] 
447.496: [CMS-concurrent-mark-start]
447.581: [GC447.581: [ParNew: 69952K->69952K(78656K), 0.0000221 secs]447.581: [CMS447.758: [CMS-concurrent-mark: 0.232/0.262 secs] [Times: user=0.36 sys=0.00, real=0.26 secs] 
 (concurrent mode failure): 167466K->168975K(174784K), 0.6442728 secs] 237418K->168975K(253440K), [CMS Perm : 7327K->7327K(21248K)], 0.6445900 secs] [Times: user=0.66 sys=0.00, real=0.64 secs] 
448.264: [GC [1 CMS-initial-mark: 168975K(174784K)] 214732K(253440K), 0.0303516 secs] [Times: user=0.03 sys=0.00, real=0.03 secs] 
448.295: [CMS-concurrent-mark-start]
448.314: [GC448.314: [ParNew: 69952K->69952K(78656K), 0.0000202 secs]448.314: [CMS448.523: [CMS-concurrent-mark: 0.225/0.228 secs] [Times: user=0.25 sys=0.02, real=0.23 secs] 
 (concurrent mode failure): 168975K->165842K(174784K), 0.6901928 secs] 238927K->165842K(253440K), [CMS Perm : 7327K->7327K(21248K)], 0.6905995 secs] [Times: user=0.69 sys=0.02, real=0.69 secs] 
449.034: [GC [1 CMS-initial-mark: 165842K(174784K)] 176368K(253440K), 0.0091822 secs] [Times: user=0.00 sys=0.00, real=0.01 secs] 
449.044: [CMS-concurrent-mark-start]
449.104: [GC449.105: [ParNew: 69952K->69952K(78656K), 0.0000241 secs] 235794K->235794K(253440K), 0.0002409 secs] [Times: user=0.00 sys=0.00, real=0.00 secs] 
449.105: [Full GC449.105: [CMS449.286: [CMS-concurrent-mark: 0.240/0.243 secs] [Times: user=0.33 sys=0.00, real=0.24 secs] 
 (concurrent mode failure): 165842K->166573K(174784K), 0.6555930 secs] 235794K->166573K(253440K), [CMS Perm : 7327K->7269K(21248K)], 0.6557799 secs] [Times: user=0.64 sys=0.00, real=0.66 secs] 
449.833: [GC449.833: [ParNew: 69952K->69952K(78656K), 0.0000202 secs]449.833: [CMS: 166573K->165291K(174784K), 0.4563132 secs] 236525K->165291K(253440K), [CMS Perm : 7269K->7269K(21248K)], 0.4567882 secs] [Times: user=0.45 sys=0.00, real=0.46 secs] 
450.290: [GC [1 CMS-initial-mark: 165291K(174784K)] 165407K(253440K), 0.0018185 secs] [Times: user=0.00 sys=0.00, real=0.00 secs] 
450.292: [CMS-concurrent-mark-start]
450.367: [GC450.367: [ParNew: 69952K->69952K(78656K), 0.0000189 secs]450.367: [CMS450.556: [CMS-concurrent-mark: 0.233/0.264 secs] [Times: user=0.42 sys=0.00, real=0.26 secs] 
 (concurrent mode failure): 165291K->167512K(174784K), 0.6491122 secs] 235243K->167512K(253440K), [CMS Perm : 7318K->7318K(21248K)], 0.6494364 secs] [Times: user=0.66 sys=0.00, real=0.65 secs] 
451.077: [GC451.077: [ParNew: 69952K->69952K(78656K), 0.0000205 secs]451.077: [CMS: 167512K->165509K(174784K), 0.4577012 secs] 237464K->165509K(253440K), [CMS Perm : 7318K->7318K(21248K)], 0.4581361 secs] [Times: user=0.47 sys=0.00, real=0.46 secs] 
451.535: [GC [1 CMS-initial-mark: 165509K(174784K)] 165545K(253440K), 0.0016889 secs] [Times: user=0.00 sys=0.00, real=0.00 secs] 
451.537: [CMS-concurrent-mark-start]
451.601: [GC451.602: [ParNew: 69952K->69952K(78656K), 0.0000208 secs] 235461K->235461K(253440K), 0.0002983 secs] [Times: user=0.00 sys=0.00, real=0.00 secs] 
451.602: [Full GC451.602: [CMS451.759: [CMS-concurrent-mark: 0.219/0.222 secs] [Times: user=0.33 sys=0.02, real=0.22 secs] 
 (concurrent mode failure): 165509K->166829K(174784K), 0.6155412 secs] 235461K->166829K(253440K), [CMS Perm : 7318K->7269K(21248K)], 0.6157512 secs] [Times: user=0.55 sys=0.00, real=0.62 secs] 
452.258: [GC [1 CMS-initial-mark: 166829K(174784K)] 181722K(253440K), 0.0112005 secs] [Times: user=0.02 sys=0.00, real=0.01 secs] 
452.270: [CMS-concurrent-mark-start]
452.311: [GC452.312: [ParNew: 69952K->69952K(78656K), 0.0000273 secs]452.312: [CMS452.496: [CMS-concurrent-mark: 0.224/0.227 secs] [Times: user=0.30 sys=0.00, real=0.23 secs] 
 (concurrent mode failure): 166829K->169021K(174784K), 0.6629993 secs] 236781K->169021K(253440K), [CMS Perm : 7318K->7318K(21248K)], 0.6633820 secs] [Times: user=0.64 sys=0.02, real=0.66 secs] 
453.052: [GC [1 CMS-initial-mark: 169021K(174784K)] 231605K(253440K), 0.0405018 secs] [Times: user=0.05 sys=0.00, real=0.04 secs] 
453.092: [CMS-concurrent-mark-start]
453.097: [GC453.097: [ParNew: 69952K->69952K(78656K), 0.0000192 secs]453.097: [CMS453.320: [CMS-concurrent-mark: 0.225/0.227 secs] [Times: user=0.22 sys=0.00, real=0.23 secs] 
 (concurrent mode failure): 169021K->165331K(174784K), 0.6808480 secs] 238973K->165331K(253440K), [CMS Perm : 7318K->7318K(21248K)], 0.6812480 secs] [Times: user=0.69 sys=0.00, real=0.68 secs] 
453.840: [GC453.841: [ParNew: 69952K->69952K(78656K), 0.0000202 secs]453.841: [CMS: 165331K->163766K(174784K), 0.4484180 secs] 235283K->163766K(253440K), [CMS Perm : 7319K->7319K(21248K)], 0.4488119 secs] [Times: user=0.44 sys=0.00, real=0.45 secs] 
454.290: [GC [1 CMS-initial-mark: 163766K(174784K)] 163792K(253440K), 0.0020417 secs] [Times: user=0.01 sys=0.00, real=0.00 secs] 
454.292: [CMS-concurrent-mark-start]
454.360: [GC454.360: [ParNew: 69952K->69952K(78656K), 0.0000205 secs]454.360: [CMS454.529: [CMS-concurrent-mark: 0.217/0.237 secs] [Times: user=0.34 sys=0.00, real=0.24 secs] 
 (concurrent mode failure): 163766K->165151K(174784K), 0.6181788 secs] 233718K->165151K(253440K), [CMS Perm : 7319K->7319K(21248K)], 0.6185216 secs] [Times: user=0.61 sys=0.01, real=0.62 secs] 
455.054: [GC [1 CMS-initial-mark: 165151K(174784K)] 229481K(253440K), 0.0408706 secs] [Times: user=0.05 sys=0.00, real=0.04 secs] 
455.095: [CMS-concurrent-mark-start]
455.098: [GC455.098: [ParNew: 69952K->69952K(78656K), 0.0000202 secs]455.098: [CMS455.317: [CMS-concurrent-mark: 0.219/0.222 secs] [Times: user=0.20 sys=0.00, real=0.22 secs] 
 (concurrent mode failure): 165151K->163870K(174784K), 0.6682110 secs] 235103K->163870K(253440K), [CMS Perm : 7322K->7322K(21248K)], 0.6686174 secs] [Times: user=0.65 sys=0.00, real=0.67 secs] 
455.831: [GC455.831: [ParNew: 69952K->69952K(78656K), 0.0000196 secs]455.831: [CMS: 163870K->166036K(174784K), 0.4565524 secs] 233822K->166036K(253440K), [CMS Perm : 7322K->7322K(21248K)], 0.4569729 secs] [Times: user=0.47 sys=0.00, real=0.46 secs] 
456.288: [GC [1 CMS-initial-mark: 166036K(174784K)] 166038K(253440K), 0.0018451 secs] [Times: user=0.00 sys=0.00, real=0.00 secs] 
456.290: [CMS-concurrent-mark-start]
456.364: [GC456.365: [ParNew: 69952K->69952K(78656K), 0.0000231 secs]456.365: [CMS456.535: [CMS-concurrent-mark: 0.222/0.245 secs] [Times: user=0.34 sys=0.00, real=0.25 secs] 
 (concurrent mode failure): 166036K->168573K(174784K), 0.6326320 secs] 235988K->168573K(253440K), [CMS Perm : 7322K->7322K(21248K)], 0.6329694 secs] [Times: user=0.64 sys=0.00, real=0.63 secs] 
457.064: [GC [1 CMS-initial-mark: 168573K(174784K)] 213667K(253440K), 0.0294045 secs] [Times: user=0.03 sys=0.00, real=0.03 secs] 
457.094: [CMS-concurrent-mark-start]
457.110: [GC457.110: [ParNew: 69952K->69952K(78656K), 0.0000237 secs]457.110: [CMS457.319: [CMS-concurrent-mark: 0.222/0.225 secs] [Times: user=0.26 sys=0.00, real=0.22 secs] 
 (concurrent mode failure): 168573K->169159K(174784K), 0.6728381 secs] 238525K->169159K(253440K), [CMS Perm : 7324K->7324K(21248K)], 0.6733406 secs] [Times: user=0.67 sys=0.00, real=0.67 secs] 
457.851: [GC457.851: [ParNew: 69952K->69952K(78656K), 0.0000212 secs]457.851: [CMS: 169159K->168564K(174784K), 0.4620226 secs] 239111K->168564K(253440K), [CMS Perm : 7324K->7324K(21248K)], 0.4624838 secs] [Times: user=0.45 sys=0.00, real=0.46 secs] 
458.314: [GC [1 CMS-initial-mark: 168564K(174784K)] 168591K(253440K), 0.0016004 secs] [Times: user=0.01 sys=0.00, real=0.00 secs] 
458.316: [CMS-concurrent-mark-start]
458.387: [GC458.387: [ParNew: 69952K->69952K(78656K), 0.0000196 secs]458.387: [CMS458.563: [CMS-concurrent-mark: 0.225/0.248 secs] [Times: user=0.33 sys=0.00, real=0.25 secs] 
 (concurrent mode failure): 168564K->170953K(174784K), 0.6424855 secs] 238516K->170953K(253440K), [CMS Perm : 7324K->7324K(21248K)], 0.6428716 secs] [Times: user=0.64 sys=0.00, real=0.64 secs] 
459.086: [GC459.086: [ParNew: 69952K->69952K(78656K), 0.0000199 secs]459.086: [CMS: 170953K->169792K(174784K), 0.4707167 secs] 240905K->169792K(253440K), [CMS Perm : 7324K->7324K(21248K)], 0.4710685 secs] [Times: user=0.47 sys=0.00, real=0.47 secs] 
459.557: [GC [1 CMS-initial-mark: 169792K(174784K)] 169833K(253440K), 0.0014275 secs] [Times: user=0.00 sys=0.00, real=0.00 secs] 
459.559: [CMS-concurrent-mark-start]
459.623: [GC459.623: [ParNew: 69952K->69952K(78656K), 0.0000202 secs]459.624: [CMS459.787: [CMS-concurrent-mark: 0.225/0.228 secs] [Times: user=0.38 sys=0.00, real=0.23 secs] 
 (concurrent mode failure): 169792K->170146K(174784K), 0.6299806 secs] 239744K->170146K(253440K), [CMS Perm : 7324K->7324K(21248K)], 0.6304213 secs] [Times: user=0.64 sys=0.00, real=0.63 secs] 
460.291: [GC [1 CMS-initial-mark: 170146K(174784K)] 182885K(253440K), 0.0097611 secs] [Times: user=0.02 sys=0.00, real=0.01 secs] 
460.301: [CMS-concurrent-mark-start]
460.344: [GC460.345: [ParNew: 69952K->69952K(78656K), 0.0000311 secs] 240098K->240098K(253440K), 0.0003595 secs] [Times: user=0.00 sys=0.00, real=0.00 secs] 
460.345: [Full GC460.345: [CMS460.533: [CMS-concurrent-mark: 0.228/0.231 secs] [Times: user=0.31 sys=0.00, real=0.23 secs] 
 (concurrent mode failure): 170146K->172214K(174784K), 0.6613422 secs] 240098K->172214K(253440K), [CMS Perm : 7324K->7312K(21248K)], 0.6615978 secs] [Times: user=0.65 sys=0.00, real=0.66 secs] 
461.026: [GC [1 CMS-initial-mark: 172214K(174784K)] 189316K(253440K), 0.0128990 secs] [Times: user=0.02 sys=0.00, real=0.01 secs] 
461.039: [CMS-concurrent-mark-start]
461.104: [GC461.104: [ParNew: 69936K->69936K(78656K), 0.0000212 secs]461.104: [CMS461.294: [CMS-concurrent-mark: 0.228/0.255 secs] [Times: user=0.31 sys=0.00, real=0.25 secs] 
 (concurrent mode failure): 172214K->171554K(174784K), 0.6565760 secs] 242151K->171554K(253440K), [CMS Perm : 7324K->7324K(21248K)], 0.6568944 secs] [Times: user=0.66 sys=0.00, real=0.66 secs] 
461.822: [GC461.822: [ParNew: 69952K->69952K(78656K), 0.0000202 secs]461.822: [CMS: 171554K->165313K(174784K), 0.4585281 secs] 241506K->165313K(253440K), [CMS Perm : 7324K->7324K(21248K)], 0.4589187 secs] [Times: user=0.47 sys=0.00, real=0.46 secs] 
462.281: [GC [1 CMS-initial-mark: 165313K(174784K)] 165371K(253440K), 0.0019349 secs] [Times: user=0.00 sys=0.00, real=0.00 secs] 
462.284: [CMS-concurrent-mark-start]
462.360: [GC462.360: [ParNew: 69952K->69952K(78656K), 0.0000196 secs]462.360: [CMS462.529: [CMS-concurrent-mark: 0.220/0.245 secs] [Times: user=0.38 sys=0.00, real=0.24 secs] 
 (concurrent mode failure): 165313K->168496K(174784K), 0.6323661 secs] 235265K->168496K(253440K), [CMS Perm : 7324K->7324K(21248K)], 0.6326917 secs] [Times: user=0.62 sys=0.00, real=0.63 secs] 
463.053: [GC [1 CMS-initial-mark: 168496K(174784K)] 219631K(253440K), 0.0327506 secs] [Times: user=0.03 sys=0.00, real=0.03 secs] 
463.086: [CMS-concurrent-mark-start]
463.100: [GC463.100: [ParNew: 69952K->69952K(78656K), 0.0000202 secs]463.100: [CMS463.314: [CMS-concurrent-mark: 0.225/0.228 secs] [Times: user=0.26 sys=0.00, real=0.23 secs] 
 (concurrent mode failure): 168496K->169134K(174784K), 0.6749016 secs] 238448K->169134K(253440K), [CMS Perm : 7324K->7324K(21248K)], 0.6754025 secs] [Times: user=0.69 sys=0.00, real=0.67 secs] 
463.844: [GC463.844: [ParNew: 69952K->69952K(78656K), 0.0000202 secs]463.844: [CMS: 169134K->164913K(174784K), 0.4577522 secs] 239086K->164913K(253440K), [CMS Perm : 7324K->7324K(21248K)], 0.4581993 secs] [Times: user=0.45 sys=0.00, real=0.46 secs] 
464.302: [GC [1 CMS-initial-mark: 164913K(174784K)] 164915K(253440K), 0.0020779 secs] [Times: user=0.00 sys=0.00, real=0.00 secs] 
464.305: [CMS-concurrent-mark-start]
464.376: [GC464.376: [ParNew: 69952K->69952K(78656K), 0.0000212 secs]464.376: [CMS464.544: [CMS-concurrent-mark: 0.218/0.239 secs] [Times: user=0.38 sys=0.02, real=0.24 secs] 
 (concurrent mode failure): 164913K->166607K(174784K), 0.6267673 secs] 234865K->166607K(253440K), [CMS Perm : 7324K->7324K(21248K)], 0.6271365 secs] [Times: user=0.62 sys=0.00, real=0.63 secs] 
465.065: [GC [1 CMS-initial-mark: 166607K(174784K)] 220854K(253440K), 0.0354799 secs] [Times: user=0.05 sys=0.00, real=0.04 secs] 
465.101: [CMS-concurrent-mark-start]
465.112: [GC465.112: [ParNew: 69952K->69952K(78656K), 0.0000205 secs]465.112: [CMS465.325: [CMS-concurrent-mark: 0.221/0.224 secs] [Times: user=0.22 sys=0.00, real=0.22 secs] 
 (concurrent mode failure): 166607K->167546K(174784K), 0.6712739 secs] 236559K->167546K(253440K), [CMS Perm : 7324K->7324K(21248K)], 0.6716665 secs] [Times: user=0.67 sys=0.00, real=0.67 secs] 
465.848: [GC465.848: [ParNew: 69952K->69952K(78656K), 0.0000205 secs]465.848: [CMS: 167546K->160917K(174784K), 0.4489360 secs] 237498K->160917K(253440K), [CMS Perm : 7324K->7324K(21248K)], 0.4493548 secs] [Times: user=0.45 sys=0.00, real=0.45 secs] 
466.298: [GC [1 CMS-initial-mark: 160917K(174784K)] 160989K(253440K), 0.0018906 secs] [Times: user=0.00 sys=0.00, real=0.00 secs] 
466.300: [CMS-concurrent-mark-start]
466.393: [GC466.393: [ParNew: 69952K->69952K(78656K), 0.0000225 secs]466.393: [CMS466.552: [CMS-concurrent-mark: 0.223/0.251 secs] [Times: user=0.33 sys=0.00, real=0.25 secs] 
 (concurrent mode failure): 160917K->162588K(174784K), 0.6003718 secs] 230869K->162588K(253440K), [CMS Perm : 7324K->7324K(21248K)], 0.6007291 secs] [Times: user=0.59 sys=0.02, real=0.60 secs] 
467.052: [GC467.053: [ParNew: 69952K->69952K(78656K), 0.0000199 secs]467.053: [CMS: 162588K->158021K(174784K), 0.4388247 secs] 232540K->158021K(253440K), [CMS Perm : 7324K->7324K(21248K)], 0.4391964 secs] [Times: user=0.41 sys=0.00, real=0.44 secs] 
467.492: [GC [1 CMS-initial-mark: 158021K(174784K)] 158023K(253440K), 0.0017999 secs] [Times: user=0.00 sys=0.00, real=0.00 secs] 
467.494: [CMS-concurrent-mark-start]
467.554: [GC467.554: [ParNew: 69952K->69952K(78656K), 0.0000561 secs] 227973K->227973K(253440K), 0.0005690 secs] [Times: user=0.00 sys=0.00, real=0.00 secs] 
467.555: [Full GC467.555: [CMS467.706: [CMS-concurrent-mark: 0.209/0.212 secs] [Times: user=0.30 sys=0.00, real=0.21 secs] 
 (concurrent mode failure): 158021K->161707K(174784K), 0.5964353 secs] 227973K->161707K(253440K), [CMS Perm : 7324K->7269K(21248K)], 0.5966460 secs] [Times: user=0.59 sys=0.00, real=0.60 secs] 
468.196: [GC [1 CMS-initial-mark: 161707K(174784K)] 178219K(253440K), 0.0123714 secs] [Times: user=0.02 sys=0.00, real=0.01 secs] 
468.208: [CMS-concurrent-mark-start]
468.249: [GC468.249: [ParNew: 69952K->69952K(78656K), 0.0000208 secs]468.249: [CMS468.425: [CMS-concurrent-mark: 0.214/0.216 secs] [Times: user=0.27 sys=0.00, real=0.22 secs] 
 (concurrent mode failure): 161707K->165427K(174784K), 0.6323065 secs] 231659K->165427K(253440K), [CMS Perm : 7318K->7318K(21248K)], 0.6326958 secs] [Times: user=0.64 sys=0.00, real=0.63 secs] 
468.954: [GC468.954: [ParNew: 69952K->69952K(78656K), 0.0000218 secs]468.954: [CMS: 165427K->170435K(174784K), 0.4662350 secs] 235379K->170435K(253440K), [CMS Perm : 7318K->7318K(21248K)], 0.4666897 secs] [Times: user=0.45 sys=0.00, real=0.47 secs] 
469.421: [GC [1 CMS-initial-mark: 170435K(174784K)] 170437K(253440K), 0.0015831 secs] [Times: user=0.02 sys=0.00, real=0.00 secs] 
469.423: [CMS-concurrent-mark-start]
469.500: [GC469.501: [ParNew: 69952K->69952K(78656K), 0.0000199 secs]469.501: [CMS469.677: [CMS-concurrent-mark: 0.227/0.254 secs] [Times: user=0.38 sys=0.00, real=0.25 secs] 
 (concurrent mode failure): 170435K->172208K(174784K), 0.6498284 secs] 240387K->172208K(253440K), [CMS Perm : 7319K->7319K(21248K)], 0.6501423 secs] [Times: user=0.64 sys=0.00, real=0.65 secs] 
470.211: [GC470.212: [ParNew: 69952K->69952K(78656K), 0.0000192 secs]470.212: [CMS: 172208K->174313K(174784K), 0.4802286 secs] 242160K->174313K(253440K), [CMS Perm : 7319K->7319K(21248K)], 0.4806051 secs] [Times: user=0.48 sys=0.00, real=0.48 secs] 
470.692: [GC [1 CMS-initial-mark: 174313K(174784K)] 174317K(253440K), 0.0017098 secs] [Times: user=0.00 sys=0.00, real=0.00 secs] 
470.694: [CMS-concurrent-mark-start]
470.756: [GC470.757: [ParNew: 69952K->69952K(78656K), 0.0000208 secs]470.757: [CMS470.930: [CMS-concurrent-mark: 0.234/0.236 secs] [Times: user=0.36 sys=0.02, real=0.24 secs] 
 (concurrent mode failure): 174313K->172461K(174784K), 0.6454428 secs] 244265K->172461K(253440K), [CMS Perm : 7319K->7319K(21248K)], 0.6458816 secs] [Times: user=0.64 sys=0.00, real=0.65 secs] 
471.439: [GC [1 CMS-initial-mark: 172461K(174784K)] 185109K(253440K), 0.0097107 secs] [Times: user=0.00 sys=0.00, real=0.01 secs] 
471.449: [CMS-concurrent-mark-start]
471.493: [GC471.493: [ParNew: 69952K->69952K(78656K), 0.0000202 secs]471.493: [CMS471.681: [CMS-concurrent-mark: 0.229/0.232 secs] [Times: user=0.33 sys=0.00, real=0.23 secs] 
 (concurrent mode failure): 172461K->173883K(174784K), 0.6654875 secs] 242413K->173883K(253440K), [CMS Perm : 7322K->7322K(21248K)], 0.6658672 secs] [Times: user=0.67 sys=0.00, real=0.67 secs] 
472.227: [GC472.227: [ParNew: 69952K->69952K(78656K), 0.0000196 secs]472.227: [CMS: 173883K->168896K(174784K), 0.4667199 secs] 243835K->168896K(253440K), [CMS Perm : 7322K->7322K(21248K)], 0.4671137 secs] [Times: user=0.45 sys=0.00, real=0.47 secs] 
472.694: [GC [1 CMS-initial-mark: 168896K(174784K)] 168898K(253440K), 0.0015083 secs] [Times: user=0.00 sys=0.00, real=0.00 secs] 
472.696: [CMS-concurrent-mark-start]
472.762: [GC472.762: [ParNew: 69952K->69952K(78656K), 0.0000199 secs]472.762: [CMS472.922: [CMS-concurrent-mark: 0.224/0.227 secs] [Times: user=0.39 sys=0.02, real=0.23 secs] 
 (concurrent mode failure): 168896K->165295K(174784K), 0.6250377 secs] 238848K->165295K(253440K), [CMS Perm : 7322K->7322K(21248K)], 0.6254245 secs] [Times: user=0.61 sys=0.00, real=0.63 secs] 
473.418: [GC [1 CMS-initial-mark: 165295K(174784K)] 178645K(253440K), 0.0101315 secs] [Times: user=0.00 sys=0.00, real=0.01 secs] 
473.428: [CMS-concurrent-mark-start]
473.472: [GC473.472: [ParNew: 69952K->69952K(78656K), 0.0000205 secs]473.472: [CMS473.653: [CMS-concurrent-mark: 0.222/0.224 secs] [Times: user=0.33 sys=0.00, real=0.22 secs] 
 (concurrent mode failure): 165295K->167485K(174784K), 0.6419104 secs] 235247K->167485K(253440K), [CMS Perm : 7322K->7322K(21248K)], 0.6422680 secs] [Times: user=0.64 sys=0.00, real=0.64 secs] 
474.131: [GC [1 CMS-initial-mark: 167485K(174784K)] 187695K(253440K), 0.0149452 secs] [Times: user=0.01 sys=0.00, real=0.02 secs] 
474.146: [CMS-concurrent-mark-start]
474.191: [GC474.191: [ParNew: 69952K->69952K(78656K), 0.0000241 secs]474.191: [CMS474.370: [CMS-concurrent-mark: 0.221/0.224 secs] [Times: user=0.30 sys=0.02, real=0.22 secs] 
 (concurrent mode failure): 167485K->163901K(174784K), 0.6295120 secs] 237437K->163901K(253440K), [CMS Perm : 7322K->7322K(21248K)], 0.6301298 secs] [Times: user=0.64 sys=0.00, real=0.63 secs] 
474.897: [GC474.897: [ParNew: 69952K->69952K(78656K), 0.0000212 secs]474.897: [CMS: 163901K->166082K(174784K), 0.4561409 secs] 233853K->166082K(253440K), [CMS Perm : 7322K->7322K(21248K)], 0.4565601 secs] [Times: user=0.47 sys=0.00, real=0.46 secs] 
475.354: [GC [1 CMS-initial-mark: 166082K(174784K)] 166084K(253440K), 0.0019073 secs] [Times: user=0.00 sys=0.00, real=0.00 secs] 
475.356: [CMS-concurrent-mark-start]
475.428: [GC475.429: [ParNew: 69952K->69952K(78656K), 0.0000218 secs]475.429: [CMS475.597: [CMS-concurrent-mark: 0.219/0.240 secs] [Times: user=0.31 sys=0.00, real=0.24 secs] 
 (concurrent mode failure): 166082K->167694K(174784K), 0.6306458 secs] 236034K->167694K(253440K), [CMS Perm : 7322K->7322K(21248K)], 0.6309893 secs] [Times: user=0.62 sys=0.00, real=0.63 secs] 
476.119: [GC476.119: [ParNew: 69952K->69952K(78656K), 0.0000225 secs]476.119: [CMS: 167694K->165240K(174784K), 0.4575855 secs] 237646K->165240K(253440K), [CMS Perm : 7322K->7322K(21248K)], 0.4580364 secs] [Times: user=0.45 sys=0.00, real=0.46 secs] 
476.577: [GC [1 CMS-initial-mark: 165240K(174784K)] 165247K(253440K), 0.0014865 secs] [Times: user=0.00 sys=0.00, real=0.00 secs] 
476.579: [CMS-concurrent-mark-start]
476.644: [GC476.645: [ParNew: 69952K->69952K(78656K), 0.0000205 secs]476.645: [CMS476.802: [CMS-concurrent-mark: 0.220/0.223 secs] [Times: user=0.34 sys=0.02, real=0.22 secs] 
 (concurrent mode failure): 165240K->160479K(174784K), 0.6004500 secs] 235192K->160479K(253440K), [CMS Perm : 7322K->7322K(21248K)], 0.6008423 secs] [Times: user=0.61 sys=0.00, real=0.60 secs] 
477.286: [GC [1 CMS-initial-mark: 160479K(174784K)] 174443K(253440K), 0.0108692 secs] [Times: user=0.00 sys=0.00, real=0.01 secs] 
477.297: [CMS-concurrent-mark-start]
477.342: [GC477.342: [ParNew: 69952K->69952K(78656K), 0.0000196 secs]477.342: [CMS477.513: [CMS-concurrent-mark: 0.213/0.215 secs] [Times: user=0.31 sys=0.00, real=0.21 secs] 
 (concurrent mode failure): 160479K->160776K(174784K), 0.6150316 secs] 230431K->160776K(253440K), [CMS Perm : 7324K->7324K(21248K)], 0.6153734 secs] [Times: user=0.62 sys=0.00, real=0.62 secs] 
478.033: [GC478.033: [ParNew: 69952K->69952K(78656K), 0.0000196 secs]478.033: [CMS: 160776K->165688K(174784K), 0.4548597 secs] 230728K->165688K(253440K), [CMS Perm : 7324K->7324K(21248K)], 0.4551846 secs] [Times: user=0.47 sys=0.00, real=0.46 secs] 
478.490: [GC [1 CMS-initial-mark: 165688K(174784K)] 165724K(253440K), 0.0015202 secs] [Times: user=0.00 sys=0.00, real=0.00 secs] 
478.491: [CMS-concurrent-mark-start]
478.545: [GC478.545: [ParNew: 69952K->69952K(78656K), 0.0000192 secs]478.545: [CMS478.715: [CMS-concurrent-mark: 0.222/0.224 secs] [Times: user=0.31 sys=0.00, real=0.22 secs] 
 (concurrent mode failure): 165688K->165466K(174784K), 0.5977486 secs] 235640K->165466K(253440K), [CMS Perm : 7324K->7324K(21248K)], 0.5980632 secs] [Times: user=0.62 sys=0.00, real=0.60 secs] 
479.181: [GC [1 CMS-initial-mark: 165466K(174784K)] 178279K(253440K), 0.0103400 secs] [Times: user=0.02 sys=0.00, real=0.01 secs] 
479.192: [CMS-concurrent-mark-start]
479.233: [GC479.233: [ParNew: 69952K->69952K(78656K), 0.0000221 secs] 235418K->235418K(253440K), 0.0002986 secs] [Times: user=0.00 sys=0.00, real=0.00 secs] 
479.234: [Full GC479.234: [CMS479.415: [CMS-concurrent-mark: 0.219/0.223 secs] [Times: user=0.26 sys=0.00, real=0.22 secs] 
 (concurrent mode failure): 165466K->165602K(174784K), 0.6398601 secs] 235418K->165602K(253440K), [CMS Perm : 7324K->7269K(21248K)], 0.6401064 secs] [Times: user=0.64 sys=0.00, real=0.64 secs] 
479.949: [GC479.949: [ParNew: 69952K->69952K(78656K), 0.0000237 secs]479.949: [CMS: 165602K->166507K(174784K), 0.4577959 secs] 235554K->166507K(253440K), [CMS Perm : 7269K->7269K(21248K)], 0.4582308 secs] [Times: user=0.47 sys=0.00, real=0.46 secs] 
480.408: [GC [1 CMS-initial-mark: 166507K(174784K)] 166509K(253440K), 0.0015436 secs] [Times: user=0.00 sys=0.00, real=0.00 secs] 
480.409: [CMS-concurrent-mark-start]
480.489: [GC480.489: [ParNew: 69952K->69952K(78656K), 0.0000234 secs]480.489: [CMS480.660: [CMS-concurrent-mark: 0.221/0.251 secs] [Times: user=0.31 sys=0.03, real=0.25 secs] 
 (concurrent mode failure): 166507K->170130K(174784K), 0.6462395 secs] 236459K->170130K(253440K), [CMS Perm : 7318K->7318K(21248K)], 0.6466423 secs] [Times: user=0.64 sys=0.00, real=0.65 secs] 
481.201: [GC481.202: [ParNew: 69952K->69952K(78656K), 0.0000196 secs]481.202: [CMS: 170130K->166716K(174784K), 0.4600563 secs] 240082K->166716K(253440K), [CMS Perm : 7318K->7318K(21248K)], 0.4604293 secs] [Times: user=0.45 sys=0.00, real=0.46 secs] 
481.662: [GC [1 CMS-initial-mark: 166716K(174784K)] 166730K(253440K), 0.0015029 secs] [Times: user=0.00 sys=0.00, real=0.00 secs] 
481.664: [CMS-concurrent-mark-start]
481.728: [GC481.728: [ParNew: 69952K->69952K(78656K), 0.0000199 secs]481.728: [CMS481.889: [CMS-concurrent-mark: 0.223/0.225 secs] [Times: user=0.34 sys=0.02, real=0.23 secs] 
 (concurrent mode failure): 166716K->161878K(174784K), 0.6107176 secs] 236668K->161878K(253440K), [CMS Perm : 7318K->7318K(21248K)], 0.6112573 secs] [Times: user=0.61 sys=0.00, real=0.61 secs] 
482.368: [GC [1 CMS-initial-mark: 161878K(174784K)] 174993K(253440K), 0.0099834 secs] [Times: user=0.02 sys=0.00, real=0.01 secs] 
482.379: [CMS-concurrent-mark-start]
482.426: [GC482.426: [ParNew: 69952K->69952K(78656K), 0.0000192 secs]482.426: [CMS482.597: [CMS-concurrent-mark: 0.216/0.218 secs] [Times: user=0.31 sys=0.02, real=0.22 secs] 
 (concurrent mode failure): 161878K->163081K(174784K), 0.6185011 secs] 231830K->163081K(253440K), [CMS Perm : 7319K->7319K(21248K)], 0.6188176 secs] [Times: user=0.56 sys=0.00, real=0.62 secs] 
483.076: [GC [1 CMS-initial-mark: 163081K(174784K)] 175281K(253440K), 0.0095911 secs] [Times: user=0.00 sys=0.00, real=0.01 secs] 
483.086: [CMS-concurrent-mark-start]
483.129: [GC483.129: [ParNew: 69952K->69952K(78656K), 0.0000215 secs]483.129: [CMS483.304: [CMS-concurrent-mark: 0.215/0.218 secs] [Times: user=0.31 sys=0.02, real=0.22 secs] 
 (concurrent mode failure): 163081K->163498K(174784K), 0.6253590 secs] 233033K->163498K(253440K), [CMS Perm : 7325K->7322K(21248K)], 0.6257154 secs] [Times: user=0.62 sys=0.00, real=0.63 secs] 
483.828: [GC483.828: [ParNew: 69928K->69928K(78656K), 0.0000212 secs] 233427K->233427K(253440K), 0.0002909 secs] [Times: user=0.00 sys=0.00, real=0.00 secs] 
483.828: [Full GC483.829: [CMS: 163498K->166616K(174784K), 0.4583828 secs] 233427K->166616K(253440K), [CMS Perm : 7322K->7269K(21248K)], 0.4585749 secs] [Times: user=0.45 sys=0.00, real=0.46 secs] 
484.288: [GC [1 CMS-initial-mark: 166616K(174784K)] 166706K(253440K), 0.0021931 secs] [Times: user=0.02 sys=0.00, real=0.00 secs] 
484.290: [CMS-concurrent-mark-start]
484.376: [GC484.376: [ParNew: 69952K->69952K(78656K), 0.0000250 secs]484.376: [CMS484.545: [CMS-concurrent-mark: 0.222/0.255 secs] [Times: user=0.34 sys=0.00, real=0.25 secs] 
 (concurrent mode failure): 166616K->168408K(174784K), 0.6271993 secs] 236568K->168408K(253440K), [CMS Perm : 7319K->7319K(21248K)], 0.6275531 secs] [Times: user=0.62 sys=0.00, real=0.63 secs] 
485.065: [GC485.066: [ParNew: 69952K->69952K(78656K), 0.0000192 secs]485.066: [CMS: 168408K->166497K(174784K), 0.4601894 secs] 238360K->166497K(253440K), [CMS Perm : 7319K->7319K(21248K)], 0.4605621 secs] [Times: user=0.47 sys=0.00, real=0.46 secs] 
485.526: [GC [1 CMS-initial-mark: 166497K(174784K)] 166511K(253440K), 0.0014522 secs] [Times: user=0.00 sys=0.00, real=0.00 secs] 
485.528: [CMS-concurrent-mark-start]
485.592: [GC485.592: [ParNew: 69952K->69952K(78656K), 0.0000205 secs]485.592: [CMS485.751: [CMS-concurrent-mark: 0.221/0.223 secs] [Times: user=0.37 sys=0.00, real=0.22 secs] 
 (concurrent mode failure): 166497K->164589K(174784K), 0.6130813 secs] 236449K->164589K(253440K), [CMS Perm : 7319K->7319K(21248K)], 0.6135203 secs] [Times: user=0.61 sys=0.00, real=0.61 secs] 
486.245: [GC [1 CMS-initial-mark: 164589K(174784K)] 179515K(253440K), 0.0114776 secs] [Times: user=0.02 sys=0.00, real=0.01 secs] 
486.256: [CMS-concurrent-mark-start]
486.299: [GC486.299: [ParNew: 69952K->69952K(78656K), 0.0000215 secs]486.299: [CMS486.479: [CMS-concurrent-mark: 0.220/0.223 secs] [Times: user=0.25 sys=0.00, real=0.22 secs] 
 (concurrent mode failure): 164589K->167604K(174784K), 0.6429816 secs] 234541K->167604K(253440K), [CMS Perm : 7320K->7320K(21248K)], 0.6433505 secs] [Times: user=0.64 sys=0.00, real=0.64 secs] 
487.013: [GC487.013: [ParNew: 69952K->69952K(78656K), 0.0000260 secs]487.013: [CMS: 167604K->162822K(174784K), 0.4522875 secs] 237556K->162822K(253440K), [CMS Perm : 7323K->7323K(21248K)], 0.4527618 secs] [Times: user=0.45 sys=0.00, real=0.45 secs] 
487.466: [GC [1 CMS-initial-mark: 162822K(174784K)] 162824K(253440K), 0.0014817 secs] [Times: user=0.00 sys=0.00, real=0.00 secs] 
487.468: [CMS-concurrent-mark-start]
487.543: [GC487.543: [ParNew: 69952K->69952K(78656K), 0.0000183 secs] 232774K->232774K(253440K), 0.0002078 secs] [Times: user=0.00 sys=0.00, real=0.00 secs] 
487.543: [Full GC487.543: [CMS487.707: [CMS-concurrent-mark: 0.216/0.239 secs] [Times: user=0.39 sys=0.00, real=0.24 secs] 
 (concurrent mode failure): 162822K->163592K(174784K), 0.6267603 secs] 232774K->163592K(253440K), [CMS Perm : 7323K->7311K(21248K)], 0.6270079 secs] [Times: user=0.62 sys=0.00, real=0.63 secs] 
488.201: [GC [1 CMS-initial-mark: 163592K(174784K)] 195454K(253440K), 0.0220373 secs] [Times: user=0.03 sys=0.00, real=0.02 secs] 
488.223: [CMS-concurrent-mark-start]
488.254: [GC488.254: [ParNew: 69952K->69952K(78656K), 0.0000218 secs]488.254: [CMS488.443: [CMS-concurrent-mark: 0.217/0.220 secs] [Times: user=0.28 sys=0.00, real=0.22 secs] 
 (concurrent mode failure): 163592K->161062K(174784K), 0.6470856 secs] 233544K->161062K(253440K), [CMS Perm : 7323K->7323K(21248K)], 0.6476366 secs] [Times: user=0.64 sys=0.00, real=0.65 secs] 
488.977: [GC488.977: [ParNew: 69952K->69952K(78656K), 0.0000199 secs]488.977: [CMS: 161062K->165918K(174784K), 0.4573719 secs] 231014K->165918K(253440K), [CMS Perm : 7323K->7323K(21248K)], 0.4578780 secs] [Times: user=0.45 sys=0.00, real=0.46 secs] 
489.435: [GC [1 CMS-initial-mark: 165918K(174784K)] 165922K(253440K), 0.0019330 secs] [Times: user=0.02 sys=0.00, real=0.00 secs] 
489.437: [CMS-concurrent-mark-start]
489.511: [GC489.511: [ParNew: 69952K->69952K(78656K), 0.0000202 secs]489.512: [CMS489.683: [CMS-concurrent-mark: 0.222/0.246 secs] [Times: user=0.26 sys=0.02, real=0.25 secs] 
 (concurrent mode failure): 165918K->168598K(174784K), 0.6349713 secs] 235870K->168598K(253440K), [CMS Perm : 7323K->7323K(21248K)], 0.6353167 secs] [Times: user=0.64 sys=0.00, real=0.64 secs] 
490.208: [GC490.209: [ParNew: 69952K->69952K(78656K), 0.0000196 secs]490.209: [CMS: 168598K->170480K(174784K), 0.4680319 secs] 238550K->170480K(253440K), [CMS Perm : 7323K->7323K(21248K)], 0.4684040 secs] [Times: user=0.47 sys=0.00, real=0.47 secs] 
490.677: [GC [1 CMS-initial-mark: 170480K(174784K)] 170482K(253440K), 0.0014532 secs] [Times: user=0.00 sys=0.00, real=0.00 secs] 
490.679: [CMS-concurrent-mark-start]
490.744: [GC490.744: [ParNew: 69952K->69952K(78656K), 0.0000196 secs]490.744: [CMS490.908: [CMS-concurrent-mark: 0.227/0.230 secs] [Times: user=0.38 sys=0.00, real=0.23 secs] 
 (concurrent mode failure): 170480K->168919K(174784K), 0.6299489 secs] 240432K->168919K(253440K), [CMS Perm : 7323K->7323K(21248K)], 0.6303603 secs] [Times: user=0.64 sys=0.00, real=0.63 secs] 
491.406: [GC [1 CMS-initial-mark: 168919K(174784K)] 182472K(253440K), 0.0104231 secs] [Times: user=0.00 sys=0.00, real=0.01 secs] 
491.417: [CMS-concurrent-mark-start]
491.461: [GC491.461: [ParNew: 69952K->69952K(78656K), 0.0000196 secs]491.461: [CMS491.644: [CMS-concurrent-mark: 0.225/0.227 secs] [Times: user=0.34 sys=0.00, real=0.23 secs] 
 (concurrent mode failure): 168919K->170103K(174784K), 0.6486783 secs] 238871K->170103K(253440K), [CMS Perm : 7323K->7323K(21248K)], 0.6490035 secs] [Times: user=0.66 sys=0.00, real=0.65 secs] 
492.149: [GC [1 CMS-initial-mark: 170103K(174784K)] 183203K(253440K), 0.0101517 secs] [Times: user=0.02 sys=0.00, real=0.01 secs] 
492.159: [CMS-concurrent-mark-start]
492.209: [GC492.210: [ParNew: 69952K->69952K(78656K), 0.0000192 secs]492.210: [CMS492.388: [CMS-concurrent-mark: 0.227/0.229 secs] [Times: user=0.31 sys=0.00, real=0.23 secs] 
 (concurrent mode failure): 170103K->169575K(174784K), 0.6423052 secs] 240055K->169575K(253440K), [CMS Perm : 7324K->7324K(21248K)], 0.6426632 secs] [Times: user=0.64 sys=0.00, real=0.64 secs] 
492.926: [GC492.926: [ParNew: 69952K->69952K(78656K), 0.0000199 secs] 239527K->239527K(253440K), 0.0003294 secs] [Times: user=0.00 sys=0.00, real=0.00 secs] 
492.926: [Full GC492.926: [CMS: 169575K->168891K(174784K), 0.4670271 secs] 239527K->168891K(253440K), [CMS Perm : 7324K->7269K(21248K)], 0.4672093 secs] [Times: user=0.47 sys=0.00, real=0.47 secs] 
493.394: [GC [1 CMS-initial-mark: 168891K(174784K)] 168892K(253440K), 0.0016402 secs] [Times: user=0.00 sys=0.00, real=0.00 secs] 
493.396: [CMS-concurrent-mark-start]
493.470: [GC493.470: [ParNew: 69952K->69952K(78656K), 0.0000208 secs]493.470: [CMS493.646: [CMS-concurrent-mark: 0.227/0.250 secs] [Times: user=0.37 sys=0.00, real=0.25 secs] 
 (concurrent mode failure): 168891K->171186K(174784K), 0.6440612 secs] 238843K->171186K(253440K), [CMS Perm : 7319K->7319K(21248K)], 0.6443905 secs] [Times: user=0.62 sys=0.00, real=0.65 secs] 
494.168: [GC494.169: [ParNew: 69952K->69952K(78656K), 0.0000192 secs]494.169: [CMS: 171186K->169703K(174784K), 0.4651506 secs] 241138K->169703K(253440K), [CMS Perm : 7319K->7319K(21248K)], 0.4654874 secs] [Times: user=0.47 sys=0.00, real=0.47 secs] 
494.635: [GC [1 CMS-initial-mark: 169703K(174784K)] 169708K(253440K), 0.0021196 secs] [Times: user=0.00 sys=0.00, real=0.00 secs] 
494.637: [CMS-concurrent-mark-start]
494.700: [GC494.700: [ParNew: 69952K->69952K(78656K), 0.0000324 secs]494.700: [CMS494.865: [CMS-concurrent-mark: 0.225/0.228 secs] [Times: user=0.34 sys=0.02, real=0.23 secs] 
 (concurrent mode failure): 169703K->171092K(174784K), 0.6356041 secs] 239655K->171092K(253440K), [CMS Perm : 7319K->7319K(21248K)], 0.6361493 secs] [Times: user=0.64 sys=0.00, real=0.64 secs] 
495.371: [GC [1 CMS-initial-mark: 171092K(174784K)] 183179K(253440K), 0.0094949 secs] [Times: user=0.01 sys=0.00, real=0.01 secs] 
495.380: [CMS-concurrent-mark-start]
495.425: [GC495.425: [ParNew: 69952K->69952K(78656K), 0.0000196 secs]495.425: [CMS495.610: [CMS-concurrent-mark: 0.227/0.230 secs] [Times: user=0.27 sys=0.00, real=0.23 secs] 
 (concurrent mode failure): 171092K->171619K(174784K), 0.6505859 secs] 241044K->171619K(253440K), [CMS Perm : 7320K->7320K(21248K)], 0.6509210 secs] [Times: user=0.66 sys=0.00, real=0.65 secs] 
496.119: [GC [1 CMS-initial-mark: 171619K(174784K)] 188409K(253440K), 0.0123570 secs] [Times: user=0.01 sys=0.00, real=0.01 secs] 
496.132: [CMS-concurrent-mark-start]
496.171: [GC496.171: [ParNew: 69952K->69952K(78656K), 0.0000205 secs] 241571K->241571K(253440K), 0.0002181 secs] [Times: user=0.00 sys=0.00, real=0.00 secs] 
496.171: [Full GC496.171: [CMS496.361: [CMS-concurrent-mark: 0.227/0.229 secs] [Times: user=0.28 sys=0.00, real=0.23 secs] 
 (concurrent mode failure): 171619K->170741K(174784K), 0.6577232 secs] 241571K->170741K(253440K), [CMS Perm : 7326K->7269K(21248K)], 0.6579435 secs] [Times: user=0.66 sys=0.00, real=0.66 secs] 
496.903: [GC496.903: [ParNew: 69952K->69952K(78656K), 0.0000202 secs]496.903: [CMS: 170741K->164191K(174784K), 0.4545187 secs] 240693K->164191K(253440K), [CMS Perm : 7269K->7269K(21248K)], 0.4549626 secs] [Times: user=0.45 sys=0.00, real=0.46 secs] 
497.358: [GC [1 CMS-initial-mark: 164191K(174784K)] 164195K(253440K), 0.0017306 secs] [Times: user=0.00 sys=0.00, real=0.00 secs] 
497.360: [CMS-concurrent-mark-start]
497.438: [GC497.438: [ParNew: 69952K->69952K(78656K), 0.0000202 secs]497.438: [CMS497.614: [CMS-concurrent-mark: 0.223/0.254 secs] [Times: user=0.37 sys=0.01, real=0.25 secs] 
 (concurrent mode failure): 164191K->164651K(174784K), 0.6766662 secs] 234143K->164651K(253440K), [CMS Perm : 7319K->7319K(21248K)], 0.6769814 secs] [Times: user=0.69 sys=0.00, real=0.68 secs] 
498.145: [GC [1 CMS-initial-mark: 164651K(174784K)] 177461K(253440K), 0.0100568 secs] [Times: user=0.00 sys=0.00, real=0.01 secs] 
498.155: [CMS-concurrent-mark-start]
498.197: [GC498.198: [ParNew: 69952K->69952K(78656K), 0.0000215 secs]498.198: [CMS498.377: [CMS-concurrent-mark: 0.219/0.222 secs] [Times: user=0.31 sys=0.00, real=0.22 secs] 
 (concurrent mode failure): 164651K->166532K(174784K), 0.6368514 secs] 234603K->166532K(253440K), [CMS Perm : 7321K->7321K(21248K)], 0.6372148 secs] [Times: user=0.56 sys=0.00, real=0.64 secs] 
498.907: [GC498.907: [ParNew: 69952K->69952K(78656K), 0.0000202 secs]498.907: [CMS: 166532K->162160K(174784K), 0.4473875 secs] 236484K->162160K(253440K), [CMS Perm : 7321K->7321K(21248K)], 0.4477689 secs] [Times: user=0.44 sys=0.00, real=0.45 secs] 
499.355: [GC [1 CMS-initial-mark: 162160K(174784K)] 162170K(253440K), 0.0014875 secs] [Times: user=0.00 sys=0.00, real=0.00 secs] 
499.356: [CMS-concurrent-mark-start]
499.436: [GC499.436: [ParNew: 69952K->69952K(78656K), 0.0000196 secs]499.436: [CMS499.602: [CMS-concurrent-mark: 0.216/0.246 secs] [Times: user=0.36 sys=0.00, real=0.25 secs] 
 (concurrent mode failure): 162160K->164647K(174784K), 0.6152958 secs] 232112K->164647K(253440K), [CMS Perm : 7321K->7321K(21248K)], 0.6155973 secs] [Times: user=0.61 sys=0.00, real=0.62 secs] 
500.118: [GC500.119: [ParNew: 69952K->69952K(78656K), 0.0000199 secs] 234599K->234599K(253440K), 0.0002819 secs] [Times: user=0.00 sys=0.00, real=0.00 secs] 
500.119: [Full GC500.119: [CMS: 164647K->165190K(174784K), 0.4541541 secs] 234599K->165190K(253440K), [CMS Perm : 7324K->7271K(21248K)], 0.4543744 secs] [Times: user=0.45 sys=0.00, real=0.45 secs] 
500.574: [GC [1 CMS-initial-mark: 165190K(174784K)] 165194K(253440K), 0.0017155 secs] [Times: user=0.02 sys=0.00, real=0.00 secs] 
500.576: [CMS-concurrent-mark-start]
500.640: [GC500.640: [ParNew: 69952K->69952K(78656K), 0.0000202 secs] 235142K->235142K(253440K), 0.0003419 secs] [Times: user=0.00 sys=0.00, real=0.00 secs] 
500.640: [Full GC500.640: [CMS500.798: [CMS-concurrent-mark: 0.220/0.222 secs] [Times: user=0.39 sys=0.00, real=0.22 secs] 
 (concurrent mode failure): 165190K->163358K(174784K), 0.6097586 secs] 235142K->163358K(253440K), [CMS Perm : 7271K->7271K(21248K)], 0.6100963 secs] [Times: user=0.61 sys=0.00, real=0.61 secs] 
501.292: [GC [1 CMS-initial-mark: 163358K(174784K)] 190331K(253440K), 0.0188157 secs] [Times: user=0.03 sys=0.00, real=0.02 secs] 
501.311: [CMS-concurrent-mark-start]
501.344: [GC501.344: [ParNew: 69952K->69952K(78656K), 0.0000208 secs]501.344: [CMS501.536: [CMS-concurrent-mark: 0.222/0.225 secs] [Times: user=0.28 sys=0.00, real=0.23 secs] 
 (concurrent mode failure): 163358K->166115K(174784K), 0.6485625 secs] 233310K->166115K(253440K), [CMS Perm : 7321K->7321K(21248K)], 0.6488720 secs] [Times: user=0.64 sys=0.00, real=0.65 secs] 
502.028: [GC [1 CMS-initial-mark: 166115K(174784K)] 205326K(253440K), 0.0267240 secs] [Times: user=0.01 sys=0.00, real=0.03 secs] 
502.055: [CMS-concurrent-mark-start]
502.083: [GC502.083: [ParNew: 69952K->69952K(78656K), 0.0000202 secs]502.083: [CMS502.278: [CMS-concurrent-mark: 0.221/0.223 secs] [Times: user=0.33 sys=0.00, real=0.22 secs] 
 (concurrent mode failure): 166115K->167076K(174784K), 0.6552899 secs] 236067K->167076K(253440K), [CMS Perm : 7321K->7321K(21248K)], 0.6557062 secs] [Times: user=0.66 sys=0.00, real=0.66 secs] 
502.816: [GC502.816: [ParNew: 69952K->69952K(78656K), 0.0000218 secs]502.816: [CMS: 167076K->167924K(174784K), 0.4606076 secs] 237028K->167924K(253440K), [CMS Perm : 7321K->7321K(21248K)], 0.4610444 secs] [Times: user=0.47 sys=0.00, real=0.46 secs] 
503.277: [GC [1 CMS-initial-mark: 167924K(174784K)] 167933K(253440K), 0.0016030 secs] [Times: user=0.00 sys=0.00, real=0.00 secs] 
503.279: [CMS-concurrent-mark-start]
503.351: [GC503.351: [ParNew: 69952K->69952K(78656K), 0.0000189 secs]503.351: [CMS503.526: [CMS-concurrent-mark: 0.226/0.247 secs] [Times: user=0.28 sys=0.00, real=0.25 secs] 
 (concurrent mode failure): 167924K->168369K(174784K), 0.6394521 secs] 237876K->168369K(253440K), [CMS Perm : 7322K->7322K(21248K)], 0.6397831 secs] [Times: user=0.64 sys=0.00, real=0.64 secs] 
504.050: [GC504.050: [ParNew: 69952K->69952K(78656K), 0.0000196 secs]504.050: [CMS: 168369K->163868K(174784K), 0.4539366 secs] 238321K->163868K(253440K), [CMS Perm : 7324K->7324K(21248K)], 0.4543295 secs] [Times: user=0.44 sys=0.00, real=0.45 secs] 
504.505: [GC [1 CMS-initial-mark: 163868K(174784K)] 163877K(253440K), 0.0016709 secs] [Times: user=0.02 sys=0.00, real=0.00 secs] 
504.507: [CMS-concurrent-mark-start]
504.569: [GC504.569: [ParNew: 69952K->69952K(78656K), 0.0000253 secs]504.569: [CMS504.728: [CMS-concurrent-mark: 0.218/0.221 secs] [Times: user=0.36 sys=0.00, real=0.22 secs] 
 (concurrent mode failure): 163868K->167828K(174784K), 0.6202426 secs] 233820K->167828K(253440K), [CMS Perm : 7324K->7324K(21248K)], 0.6207721 secs] [Times: user=0.61 sys=0.00, real=0.62 secs] 
505.220: [GC [1 CMS-initial-mark: 167828K(174784K)] 182491K(253440K), 0.0108673 secs] [Times: user=0.02 sys=0.00, real=0.01 secs] 
505.231: [CMS-concurrent-mark-start]
505.272: [GC505.272: [ParNew: 69831K->69831K(78656K), 0.0000228 secs]505.272: [CMS505.460: [CMS-concurrent-mark: 0.225/0.228 secs] [Times: user=0.28 sys=0.02, real=0.23 secs] 
 (concurrent mode failure): 167828K->168242K(174784K), 0.6533393 secs] 237659K->168242K(253440K), [CMS Perm : 7324K->7324K(21248K)], 0.6536982 secs] [Times: user=0.64 sys=0.00, real=0.65 secs] 
506.000: [GC506.000: [ParNew: 69952K->69952K(78656K), 0.0000346 secs]506.000: [CMS: 168242K->164552K(174784K), 0.4575704 secs] 238194K->164552K(253440K), [CMS Perm : 7324K->7324K(21248K)], 0.4580515 secs] [Times: user=0.47 sys=0.00, real=0.46 secs] 
506.458: [GC [1 CMS-initial-mark: 164552K(174784K)] 164652K(253440K), 0.0015372 secs] [Times: user=0.00 sys=0.00, real=0.00 secs] 
506.460: [CMS-concurrent-mark-start]
506.533: [GC506.533: [ParNew: 69952K->69952K(78656K), 0.0000205 secs]506.533: [CMS506.705: [CMS-concurrent-mark: 0.222/0.245 secs] [Times: user=0.30 sys=0.00, real=0.24 secs] 
 (concurrent mode failure): 164552K->166620K(174784K), 0.6292003 secs] 234504K->166620K(253440K), [CMS Perm : 7324K->7324K(21248K)], 0.6295736 secs] [Times: user=0.64 sys=0.00, real=0.63 secs] 
507.230: [GC507.230: [ParNew: 69952K->69952K(78656K), 0.0000202 secs]507.230: [CMS: 166620K->168564K(174784K), 0.4630278 secs] 236572K->168564K(253440K), [CMS Perm : 7324K->7324K(21248K)], 0.4634117 secs] [Times: user=0.47 sys=0.00, real=0.46 secs] 
507.694: [GC [1 CMS-initial-mark: 168564K(174784K)] 168568K(253440K), 0.0015808 secs] [Times: user=0.00 sys=0.00, real=0.00 secs] 
507.696: [CMS-concurrent-mark-start]
507.760: [GC507.760: [ParNew: 69952K->69952K(78656K), 0.0000189 secs]507.760: [CMS507.922: [CMS-concurrent-mark: 0.224/0.226 secs] [Times: user=0.36 sys=0.00, real=0.23 secs] 
 (concurrent mode failure): 168564K->167390K(174784K), 0.6335813 secs] 238516K->167390K(253440K), [CMS Perm : 7324K->7324K(21248K)], 0.6339514 secs] [Times: user=0.64 sys=0.00, real=0.63 secs] 
508.432: [GC [1 CMS-initial-mark: 167390K(174784K)] 180162K(253440K), 0.0100873 secs] [Times: user=0.02 sys=0.00, real=0.01 secs] 
508.442: [CMS-concurrent-mark-start]
508.485: [GC508.485: [ParNew: 69952K->69952K(78656K), 0.0000196 secs]508.485: [CMS508.667: [CMS-concurrent-mark: 0.222/0.225 secs] [Times: user=0.28 sys=0.00, real=0.22 secs] 
 (concurrent mode failure): 167390K->168997K(174784K), 0.6458441 secs] 237342K->168997K(253440K), [CMS Perm : 7324K->7324K(21248K)], 0.6462289 secs] [Times: user=0.64 sys=0.00, real=0.65 secs] 
509.202: [GC509.202: [ParNew: 69952K->69952K(78656K), 0.0000199 secs]509.202: [CMS: 168997K->164001K(174784K), 0.4527962 secs] 238949K->164001K(253440K), [CMS Perm : 7324K->7324K(21248K)], 0.4531993 secs] [Times: user=0.45 sys=0.00, real=0.45 secs] 
509.655: [GC [1 CMS-initial-mark: 164001K(174784K)] 164005K(253440K), 0.0014727 secs] [Times: user=0.00 sys=0.00, real=0.00 secs] 
509.657: [CMS-concurrent-mark-start]
509.723: [GC509.723: [ParNew: 69952K->69952K(78656K), 0.0000401 secs] 233953K->233953K(253440K), 0.0004060 secs] [Times: user=0.00 sys=0.00, real=0.00 secs] 
509.723: [Full GC509.723: [CMS509.877: [CMS-concurrent-mark: 0.217/0.220 secs] [Times: user=0.34 sys=0.00, real=0.22 secs] 
 (concurrent mode failure): 164001K->160445K(174784K), 0.6001986 secs] 233953K->160445K(253440K), [CMS Perm : 7324K->7271K(21248K)], 0.6003907 secs] [Times: user=0.59 sys=0.00, real=0.60 secs] 
510.354: [GC [1 CMS-initial-mark: 160445K(174784K)] 175966K(253440K), 0.0117300 secs] [Times: user=0.02 sys=0.00, real=0.01 secs] 
510.366: [CMS-concurrent-mark-start]
510.406: [GC510.406: [ParNew: 69952K->69952K(78656K), 0.0000202 secs]510.406: [CMS510.582: [CMS-concurrent-mark: 0.213/0.216 secs] [Times: user=0.33 sys=0.00, real=0.22 secs] 
 (concurrent mode failure): 160445K->162702K(174784K), 0.6229190 secs] 230397K->162702K(253440K), [CMS Perm : 7322K->7322K(21248K)], 0.6232375 secs] [Times: user=0.62 sys=0.00, real=0.62 secs] 
511.090: [GC [1 CMS-initial-mark: 162702K(174784K)] 212435K(253440K), 0.0326730 secs] [Times: user=0.03 sys=0.00, real=0.03 secs] 
511.123: [CMS-concurrent-mark-start]
511.137: [GC511.137: [ParNew: 69952K->69952K(78656K), 0.0000231 secs]511.137: [CMS511.342: [CMS-concurrent-mark: 0.216/0.219 secs] [Times: user=0.25 sys=0.00, real=0.22 secs] 
 (concurrent mode failure): 162702K->165441K(174784K), 0.6605805 secs] 232654K->165441K(253440K), [CMS Perm : 7323K->7323K(21248K)], 0.6610247 secs] [Times: user=0.66 sys=0.00, real=0.66 secs] 
511.860: [GC511.861: [ParNew: 69952K->69952K(78656K), 0.0000212 secs] 235393K->235393K(253440K), 0.0004121 secs] [Times: user=0.00 sys=0.00, real=0.00 secs] 
511.861: [Full GC511.861: [CMS: 165441K->163622K(174784K), 0.4489151 secs] 235393K->163622K(253440K), [CMS Perm : 7323K->7272K(21248K)], 0.4491223 secs] [Times: user=0.45 sys=0.00, real=0.45 secs] 
512.310: [GC [1 CMS-initial-mark: 163622K(174784K)] 163623K(253440K), 0.0016184 secs] [Times: user=0.00 sys=0.00, real=0.00 secs] 
512.312: [CMS-concurrent-mark-start]
512.369: [GC512.369: [ParNew: 69952K->69952K(78656K), 0.0000186 secs]512.369: [CMS512.533: [CMS-concurrent-mark: 0.217/0.221 secs] [Times: user=0.30 sys=0.01, real=0.22 secs] 
 (concurrent mode failure): 163622K->162414K(174784K), 0.6088106 secs] 233574K->162414K(253440K), [CMS Perm : 7299K->7299K(21248K)], 0.6091085 secs] [Times: user=0.61 sys=0.00, real=0.61 secs] 
513.056: [GC513.056: [ParNew: 69952K->69952K(78656K), 0.0000196 secs]513.056: [CMS: 162414K->164252K(174784K), 0.4502650 secs] 232366K->164252K(253440K), [CMS Perm : 7323K->7323K(21248K)], 0.4506810 secs] [Times: user=0.44 sys=0.00, real=0.45 secs] 
513.507: [GC [1 CMS-initial-mark: 164252K(174784K)] 164272K(253440K), 0.0016934 secs] [Times: user=0.01 sys=0.00, real=0.00 secs] 
513.509: [CMS-concurrent-mark-start]
513.575: [GC513.576: [ParNew: 69952K->69952K(78656K), 0.0000192 secs]513.576: [CMS513.727: [CMS-concurrent-mark: 0.216/0.219 secs] [Times: user=0.38 sys=0.02, real=0.22 secs] 
 (concurrent mode failure): 164252K->163429K(174784K), 0.5979895 secs] 234204K->163429K(253440K), [CMS Perm : 7323K->7323K(21248K)], 0.5984160 secs] [Times: user=0.51 sys=0.00, real=0.60 secs] 
514.207: [GC [1 CMS-initial-mark: 163429K(174784K)] 176400K(253440K), 0.0098349 secs] [Times: user=0.02 sys=0.00, real=0.01 secs] 
514.217: [CMS-concurrent-mark-start]
514.256: [GC514.256: [ParNew: 69952K->69952K(78656K), 0.0000305 secs]514.256: [CMS514.438: [CMS-concurrent-mark: 0.218/0.221 secs] [Times: user=0.23 sys=0.00, real=0.22 secs] 
 (concurrent mode failure): 163429K->166610K(174784K), 0.6378373 secs] 233381K->166610K(253440K), [CMS Perm : 7324K->7324K(21248K)], 0.6383322 secs] [Times: user=0.62 sys=0.00, real=0.64 secs] 
514.964: [GC514.964: [ParNew: 69952K->69952K(78656K), 0.0000196 secs]514.964: [CMS: 166610K->167815K(174784K), 0.4591612 secs] 236562K->167815K(253440K), [CMS Perm : 7324K->7324K(21248K)], 0.4596057 secs] [Times: user=0.45 sys=0.00, real=0.46 secs] 
515.424: [GC [1 CMS-initial-mark: 167815K(174784K)] 167817K(253440K), 0.0018063 secs] [Times: user=0.02 sys=0.00, real=0.00 secs] 
515.426: [CMS-concurrent-mark-start]
515.501: [GC515.502: [ParNew: 69951K->69951K(78656K), 0.0000208 secs] 237767K->237767K(253440K), 0.0002261 secs] [Times: user=0.00 sys=0.00, real=0.00 secs] 
515.502: [Full GC515.502: [CMS515.672: [CMS-concurrent-mark: 0.224/0.246 secs] [Times: user=0.28 sys=0.00, real=0.25 secs] 
 (concurrent mode failure): 167815K->169965K(174784K), 0.6358318 secs] 237767K->169965K(253440K), [CMS Perm : 7327K->7315K(21248K)], 0.6360515 secs] [Times: user=0.64 sys=0.00, real=0.64 secs] 
516.199: [GC516.199: [ParNew: 69951K->69951K(78656K), 0.0000221 secs]516.199: [CMS: 169965K->165881K(174784K), 0.4552776 secs] 239917K->165881K(253440K), [CMS Perm : 7327K->7327K(21248K)], 0.4556804 secs] [Times: user=0.45 sys=0.00, real=0.46 secs] 
516.655: [GC [1 CMS-initial-mark: 165881K(174784K)] 165975K(253440K), 0.0015337 secs] [Times: user=0.00 sys=0.00, real=0.00 secs] 
516.657: [CMS-concurrent-mark-start]
516.721: [GC516.721: [ParNew: 69952K->69952K(78656K), 0.0000285 secs]516.721: [CMS516.878: [CMS-concurrent-mark: 0.219/0.221 secs] [Times: user=0.42 sys=0.03, real=0.22 secs] 
 (concurrent mode failure): 165881K->163938K(174784K), 0.6104356 secs] 235833K->163938K(253440K), [CMS Perm : 7327K->7327K(21248K)], 0.6109029 secs] [Times: user=0.61 sys=0.00, real=0.61 secs] 
517.374: [GC [1 CMS-initial-mark: 163938K(174784K)] 177739K(253440K), 0.0104869 secs] [Times: user=0.02 sys=0.00, real=0.01 secs] 
517.385: [CMS-concurrent-mark-start]
517.429: [GC517.429: [ParNew: 69952K->69952K(78656K), 0.0000199 secs]517.429: [CMS517.604: [CMS-concurrent-mark: 0.217/0.219 secs] [Times: user=0.33 sys=0.00, real=0.22 secs] 
 (concurrent mode failure): 163938K->164169K(174784K), 0.6217141 secs] 233890K->164169K(253440K), [CMS Perm : 7327K->7327K(21248K)], 0.6221060 secs] [Times: user=0.62 sys=0.00, real=0.62 secs] 
518.064: [GC [1 CMS-initial-mark: 164169K(174784K)] 164463K(253440K), 0.0022325 secs] [Times: user=0.00 sys=0.00, real=0.00 secs] 
518.067: [CMS-concurrent-mark-start]
518.141: [GC518.141: [ParNew: 69952K->69952K(78656K), 0.0000218 secs]518.141: [CMS518.309: [CMS-concurrent-mark: 0.218/0.242 secs] [Times: user=0.31 sys=0.00, real=0.24 secs] 
 (concurrent mode failure): 164169K->165427K(174784K), 0.6186076 secs] 234121K->165427K(253440K), [CMS Perm : 7327K->7327K(21248K)], 0.6189924 secs] [Times: user=0.61 sys=0.00, real=0.62 secs] 
518.828: [GC518.828: [ParNew: 69952K->69952K(78656K), 0.0000196 secs]518.828: [CMS: 165427K->165086K(174784K), 0.4500300 secs] 235379K->165086K(253440K), [CMS Perm : 7327K->7327K(21248K)], 0.4504270 secs] [Times: user=0.44 sys=0.00, real=0.45 secs] 
519.279: [GC [1 CMS-initial-mark: 165086K(174784K)] 165716K(253440K), 0.0024057 secs] [Times: user=0.00 sys=0.00, real=0.00 secs] 
519.282: [CMS-concurrent-mark-start]
519.353: [GC519.354: [ParNew: 69952K->69952K(78656K), 0.0000234 secs]519.354: [CMS519.523: [CMS-concurrent-mark: 0.221/0.241 secs] [Times: user=0.30 sys=0.00, real=0.24 secs] 
 (concurrent mode failure): 165086K->165872K(174784K), 0.6219059 secs] 235038K->165872K(253440K), [CMS Perm : 7328K->7328K(21248K)], 0.6222747 secs] [Times: user=0.62 sys=0.00, real=0.62 secs] 
520.037: [GC520.037: [ParNew: 69952K->69952K(78656K), 0.0000202 secs]520.037: [CMS: 165872K->163927K(174784K), 0.4496271 secs] 235824K->163927K(253440K), [CMS Perm : 7328K->7328K(21248K)], 0.4500158 secs] [Times: user=0.45 sys=0.00, real=0.45 secs] 
520.487: [GC [1 CMS-initial-mark: 163927K(174784K)] 163932K(253440K), 0.0014990 secs] [Times: user=0.00 sys=0.00, real=0.00 secs] 
520.489: [CMS-concurrent-mark-start]
520.569: [GC520.569: [ParNew: 69952K->69952K(78656K), 0.0000189 secs]520.569: [CMS520.737: [CMS-concurrent-mark: 0.218/0.248 secs] [Times: user=0.36 sys=0.00, real=0.25 secs] 
 (concurrent mode failure): 163927K->165281K(174784K), 0.6203975 secs] 233879K->165281K(253440K), [CMS Perm : 7328K->7328K(21248K)], 0.6207304 secs] [Times: user=0.62 sys=0.00, real=0.62 secs] 
521.248: [GC521.248: [ParNew: 69952K->69952K(78656K), 0.0000202 secs]521.248: [CMS: 165281K->163091K(174784K), 0.4472942 secs] 235233K->163091K(253440K), [CMS Perm : 7328K->7328K(21248K)], 0.4477269 secs] [Times: user=0.44 sys=0.00, real=0.45 secs] 
521.696: [GC [1 CMS-initial-mark: 163091K(174784K)] 163095K(253440K), 0.0016123 secs] [Times: user=0.02 sys=0.00, real=0.00 secs] 
521.698: [CMS-concurrent-mark-start]
521.760: [GC521.760: [ParNew: 69952K->69952K(78656K), 0.0000196 secs]521.760: [CMS521.916: [CMS-concurrent-mark: 0.215/0.218 secs] [Times: user=0.37 sys=0.02, real=0.22 secs] 
 (concurrent mode failure): 163091K->162924K(174784K), 0.6049366 secs] 233043K->162924K(253440K), [CMS Perm : 7328K->7328K(21248K)], 0.6053535 secs] [Times: user=0.59 sys=0.00, real=0.60 secs] 
522.398: [GC [1 CMS-initial-mark: 162924K(174784K)] 179002K(253440K), 0.0120607 secs] [Times: user=0.02 sys=0.00, real=0.01 secs] 
522.411: [CMS-concurrent-mark-start]
522.453: [GC522.453: [ParNew: 69952K->69952K(78656K), 0.0000279 secs]522.453: [CMS522.629: [CMS-concurrent-mark: 0.215/0.218 secs] [Times: user=0.31 sys=0.00, real=0.22 secs] 
 (concurrent mode failure): 162924K->164793K(174784K), 0.6253119 secs] 232876K->164793K(253440K), [CMS Perm : 7328K->7328K(21248K)], 0.6256387 secs] [Times: user=0.62 sys=0.00, real=0.63 secs] 
523.135: [GC523.135: [ParNew: 69952K->69952K(78656K), 0.0000202 secs]523.135: [CMS: 164793K->163027K(174784K), 0.4542096 secs] 234745K->163027K(253440K), [CMS Perm : 7328K->7328K(21248K)], 0.4545306 secs] [Times: user=0.44 sys=0.00, real=0.45 secs] 
523.590: [GC [1 CMS-initial-mark: 163027K(174784K)] 163042K(253440K), 0.0015779 secs] [Times: user=0.00 sys=0.00, real=0.00 secs] 
523.592: [CMS-concurrent-mark-start]
523.658: [GC523.658: [ParNew: 69952K->69952K(78656K), 0.0000215 secs]523.658: [CMS523.810: [CMS-concurrent-mark: 0.216/0.218 secs] [Times: user=0.33 sys=0.02, real=0.22 secs] 
 (concurrent mode failure): 163027K->164015K(174784K), 0.6013962 secs] 232979K->164015K(253440K), [CMS Perm : 7328K->7328K(21248K)], 0.6018035 secs] [Times: user=0.61 sys=0.00, real=0.60 secs] 
524.295: [GC [1 CMS-initial-mark: 164015K(174784K)] 177971K(253440K), 0.0108349 secs] [Times: user=0.02 sys=0.00, real=0.01 secs] 
524.306: [CMS-concurrent-mark-start]
524.348: [GC524.348: [ParNew: 69952K->69952K(78656K), 0.0000215 secs]524.348: [CMS524.527: [CMS-concurrent-mark: 0.218/0.221 secs] [Times: user=0.28 sys=0.00, real=0.22 secs] 
 (concurrent mode failure): 164015K->165409K(174784K), 0.6366808 secs] 233967K->165409K(253440K), [CMS Perm : 7328K->7328K(21248K)], 0.6370470 secs] [Times: user=0.64 sys=0.00, real=0.64 secs] 
525.046: [GC525.046: [ParNew: 69952K->69952K(78656K), 0.0000205 secs]525.046: [CMS: 165409K->166284K(174784K), 0.4540412 secs] 235361K->166284K(253440K), [CMS Perm : 7328K->7328K(21248K)], 0.4545072 secs] [Times: user=0.45 sys=0.00, real=0.46 secs] 
525.501: [GC [1 CMS-initial-mark: 166284K(174784K)] 166343K(253440K), 0.0018996 secs] [Times: user=0.00 sys=0.00, real=0.00 secs] 
525.503: [CMS-concurrent-mark-start]
525.575: [GC525.576: [ParNew: 69952K->69952K(78656K), 0.0000202 secs]525.576: [CMS525.747: [CMS-concurrent-mark: 0.222/0.244 secs] [Times: user=0.38 sys=0.02, real=0.24 secs] 
 (concurrent mode failure): 166284K->167527K(174784K), 0.6285409 secs] 236236K->167527K(253440K), [CMS Perm : 7328K->7328K(21248K)], 0.6288898 secs] [Times: user=0.62 sys=0.00, real=0.63 secs] 
526.274: [GC526.274: [ParNew: 69952K->69952K(78656K), 0.0000189 secs]526.274: [CMS: 167527K->163245K(174784K), 0.4483805 secs] 237479K->163245K(253440K), [CMS Perm : 7328K->7328K(21248K)], 0.4487586 secs] [Times: user=0.45 sys=0.00, real=0.45 secs] 
526.723: [GC [1 CMS-initial-mark: 163245K(174784K)] 163251K(253440K), 0.0015260 secs] [Times: user=0.00 sys=0.00, real=0.00 secs] 
526.724: [CMS-concurrent-mark-start]
526.788: [GC526.788: [ParNew: 69952K->69952K(78656K), 0.0000212 secs] 233197K->233197K(253440K), 0.0003887 secs] [Times: user=0.00 sys=0.00, real=0.00 secs] 
526.788: [Full GC526.788: [CMS526.941: [CMS-concurrent-mark: 0.214/0.217 secs] [Times: user=0.34 sys=0.00, real=0.22 secs] 
 (concurrent mode failure): 163245K->165047K(174784K), 0.6030568 secs] 233197K->165047K(253440K), [CMS Perm : 7328K->7273K(21248K)], 0.6032634 secs] [Times: user=0.61 sys=0.00, real=0.60 secs] 
527.434: [GC [1 CMS-initial-mark: 165047K(174784K)] 181604K(253440K), 0.0123929 secs] [Times: user=0.01 sys=0.00, real=0.01 secs] 
527.447: [CMS-concurrent-mark-start]
527.489: [GC527.489: [ParNew: 69952K->69952K(78656K), 0.0000202 secs]527.489: [CMS527.669: [CMS-concurrent-mark: 0.220/0.222 secs] [Times: user=0.31 sys=0.00, real=0.22 secs] 
 (concurrent mode failure): 165047K->166691K(174784K), 0.6350220 secs] 234999K->166691K(253440K), [CMS Perm : 7323K->7323K(21248K)], 0.6353325 secs] [Times: user=0.64 sys=0.00, real=0.63 secs] 
528.190: [GC528.191: [ParNew: 69952K->69952K(78656K), 0.0000196 secs]528.191: [CMS: 166691K->165467K(174784K), 0.4542853 secs] 236643K->165467K(253440K), [CMS Perm : 7323K->7323K(21248K)], 0.4547025 secs] [Times: user=0.45 sys=0.00, real=0.46 secs] 
528.645: [GC [1 CMS-initial-mark: 165467K(174784K)] 165470K(253440K), 0.0015359 secs] [Times: user=0.00 sys=0.00, real=0.00 secs] 
528.647: [CMS-concurrent-mark-start]
528.714: [GC528.714: [ParNew: 69952K->69952K(78656K), 0.0000199 secs]528.714: [CMS528.869: [CMS-concurrent-mark: 0.219/0.222 secs] [Times: user=0.36 sys=0.03, real=0.22 secs] 
 (concurrent mode failure): 165467K->164346K(174784K), 0.6085004 secs] 235419K->164346K(253440K), [CMS Perm : 7323K->7323K(21248K)], 0.6089074 secs] [Times: user=0.61 sys=0.00, real=0.61 secs] 
529.356: [GC [1 CMS-initial-mark: 164346K(174784K)] 176704K(253440K), 0.0096739 secs] [Times: user=0.02 sys=0.00, real=0.01 secs] 
529.366: [CMS-concurrent-mark-start]
529.409: [GC529.409: [ParNew: 69952K->69952K(78656K), 0.0000330 secs]529.409: [CMS529.587: [CMS-concurrent-mark: 0.219/0.221 secs] [Times: user=0.33 sys=0.00, real=0.22 secs] 
 (concurrent mode failure): 164346K->164982K(174784K), 0.6307872 secs] 234298K->164982K(253440K), [CMS Perm : 7324K->7324K(21248K)], 0.6313578 secs] [Times: user=0.59 sys=0.00, real=0.63 secs] 
530.115: [GC [1 CMS-initial-mark: 164982K(174784K)] 218348K(253440K), 0.0345421 secs] [Times: user=0.03 sys=0.00, real=0.04 secs] 
530.150: [CMS-concurrent-mark-start]
530.161: [GC530.161: [ParNew: 69944K->69944K(78656K), 0.0000279 secs]530.161: [CMS530.372: [CMS-concurrent-mark: 0.220/0.222 secs] [Times: user=0.28 sys=0.00, real=0.22 secs] 
 (concurrent mode failure): 164982K->169846K(174784K), 0.6771126 secs] 234927K->169846K(253440K), [CMS Perm : 7327K->7327K(21248K)], 0.6775193 secs] [Times: user=0.69 sys=0.00, real=0.68 secs] 
530.903: [GC530.903: [ParNew: 69952K->69952K(78656K), 0.0000205 secs]530.903: [CMS: 169846K->170823K(174784K), 0.4661041 secs] 239798K->170823K(253440K), [CMS Perm : 7327K->7327K(21248K)], 0.4665246 secs] [Times: user=0.47 sys=0.00, real=0.47 secs] 
531.370: [GC [1 CMS-initial-mark: 170823K(174784K)] 170825K(253440K), 0.0017729 secs] [Times: user=0.00 sys=0.00, real=0.00 secs] 
531.372: [CMS-concurrent-mark-start]
531.446: [GC531.446: [ParNew: 69952K->69952K(78656K), 0.0000208 secs]531.446: [CMS531.620: [CMS-concurrent-mark: 0.226/0.248 secs] [Times: user=0.28 sys=0.00, real=0.25 secs] 
 (concurrent mode failure): 170823K->171955K(174784K), 0.6448626 secs] 240775K->171955K(253440K), [CMS Perm : 7327K->7327K(21248K)], 0.6452126 secs] [Times: user=0.66 sys=0.00, real=0.64 secs] 
532.154: [GC [1 CMS-initial-mark: 171955K(174784K)] 230965K(253440K), 0.0385091 secs] [Times: user=0.03 sys=0.00, real=0.04 secs] 
532.193: [CMS-concurrent-mark-start]
532.204: [GC532.204: [ParNew: 69952K->69952K(78656K), 0.0000189 secs]532.204: [CMS532.423: [CMS-concurrent-mark: 0.227/0.230 secs] [Times: user=0.26 sys=0.00, real=0.23 secs] 
 (concurrent mode failure): 171955K->170705K(174784K), 0.6870379 secs] 241907K->170705K(253440K), [CMS Perm : 7327K->7327K(21248K)], 0.6875293 secs] [Times: user=0.69 sys=0.00, real=0.69 secs] 
532.959: [GC532.960: [ParNew: 69952K->69952K(78656K), 0.0000199 secs]532.960: [CMS: 170705K->166050K(174784K), 0.4749909 secs] 240657K->166050K(253440K), [CMS Perm : 7327K->7327K(21248K)], 0.4754617 secs] [Times: user=0.47 sys=0.00, real=0.48 secs] 
533.435: [GC [1 CMS-initial-mark: 166050K(174784K)] 166052K(253440K), 0.0018688 secs] [Times: user=0.00 sys=0.00, real=0.00 secs] 
533.437: [CMS-concurrent-mark-start]
533.514: [GC533.514: [ParNew: 69952K->69952K(78656K), 0.0000202 secs]533.514: [CMS533.683: [CMS-concurrent-mark: 0.222/0.246 secs] [Times: user=0.39 sys=0.00, real=0.25 secs] 
 (concurrent mode failure): 166050K->167134K(174784K), 0.6263972 secs] 236002K->167134K(253440K), [CMS Perm : 7327K->7327K(21248K)], 0.6267032 secs] [Times: user=0.62 sys=0.00, real=0.63 secs] 
534.207: [GC534.207: [ParNew: 69952K->69952K(78656K), 0.0000199 secs]534.207: [CMS: 167134K->164962K(174784K), 0.4557917 secs] 237086K->164962K(253440K), [CMS Perm : 7327K->7327K(21248K)], 0.4562061 secs] [Times: user=0.45 sys=0.00, real=0.46 secs] 
534.663: [GC [1 CMS-initial-mark: 164962K(174784K)] 164966K(253440K), 0.0018730 secs] [Times: user=0.00 sys=0.00, real=0.00 secs] 
534.666: [CMS-concurrent-mark-start]
534.731: [GC534.731: [ParNew: 69952K->69952K(78656K), 0.0000215 secs]534.731: [CMS534.886: [CMS-concurrent-mark: 0.218/0.221 secs] [Times: user=0.34 sys=0.02, real=0.22 secs] 
 (concurrent mode failure): 164962K->166785K(174784K), 0.6118042 secs] 234914K->166785K(253440K), [CMS Perm : 7327K->7327K(21248K)], 0.6122426 secs] [Times: user=0.61 sys=0.00, real=0.61 secs] 
535.381: [GC [1 CMS-initial-mark: 166785K(174784K)] 179063K(253440K), 0.0095664 secs] [Times: user=0.00 sys=0.00, real=0.01 secs] 
535.391: [CMS-concurrent-mark-start]
535.434: [GC535.434: [ParNew: 69952K->69952K(78656K), 0.0000285 secs]535.434: [CMS535.619: [CMS-concurrent-mark: 0.225/0.228 secs] [Times: user=0.33 sys=0.02, real=0.23 secs] 
 (concurrent mode failure): 166785K->167811K(174784K), 0.6457854 secs] 236737K->167811K(253440K), [CMS Perm : 7328K->7328K(21248K)], 0.6462373 secs] [Times: user=0.64 sys=0.02, real=0.65 secs] 
536.149: [GC536.149: [ParNew: 69952K->69952K(78656K), 0.0000208 secs]536.149: [CMS: 167811K->163094K(174784K), 0.4523260 secs] 237763K->163094K(253440K), [CMS Perm : 7328K->7328K(21248K)], 0.4527747 secs] [Times: user=0.45 sys=0.00, real=0.45 secs] 
536.602: [GC [1 CMS-initial-mark: 163094K(174784K)] 163100K(253440K), 0.0017919 secs] [Times: user=0.00 sys=0.00, real=0.00 secs] 
536.604: [CMS-concurrent-mark-start]
536.668: [GC536.668: [ParNew: 69952K->69952K(78656K), 0.0000192 secs]536.668: [CMS536.823: [CMS-concurrent-mark: 0.216/0.219 secs] [Times: user=0.36 sys=0.00, real=0.22 secs] 
 (concurrent mode failure): 163094K->166622K(174784K), 0.6123907 secs] 233046K->166622K(253440K), [CMS Perm : 7328K->7328K(21248K)], 0.6129244 secs] [Times: user=0.61 sys=0.00, real=0.61 secs] 
537.310: [GC [1 CMS-initial-mark: 166622K(174784K)] 179403K(253440K), 0.0100106 secs] [Times: user=0.02 sys=0.00, real=0.01 secs] 
537.320: [CMS-concurrent-mark-start]
537.361: [GC537.362: [ParNew: 69952K->69952K(78656K), 0.0000205 secs]537.362: [CMS537.547: [CMS-concurrent-mark: 0.224/0.227 secs] [Times: user=0.28 sys=0.01, real=0.23 secs] 
 (concurrent mode failure): 166622K->168245K(174784K), 0.6479682 secs] 236574K->168245K(253440K), [CMS Perm : 7328K->7328K(21248K)], 0.6482735 secs] [Times: user=0.64 sys=0.00, real=0.65 secs] 
538.087: [GC [1 CMS-initial-mark: 168245K(174784K)] 233257K(253440K), 0.0434986 secs] [Times: user=0.05 sys=0.00, real=0.04 secs] 
538.131: [CMS-concurrent-mark-start]
538.135: [GC538.135: [ParNew: 69952K->69952K(78656K), 0.0000269 secs]538.135: [CMS538.356: [CMS-concurrent-mark: 0.222/0.225 secs] [Times: user=0.22 sys=0.00, real=0.22 secs] 
 (concurrent mode failure): 168245K->163015K(174784K), 0.6754891 secs] 238197K->163015K(253440K), [CMS Perm : 7328K->7328K(21248K)], 0.6760411 secs] [Times: user=0.69 sys=0.00, real=0.68 secs] 
538.869: [GC538.869: [ParNew: 69952K->69952K(78656K), 0.0000289 secs]538.869: [CMS: 163015K->166117K(174784K), 0.4580402 secs] 232967K->166117K(253440K), [CMS Perm : 7328K->7328K(21248K)], 0.4585079 secs] [Times: user=0.47 sys=0.00, real=0.46 secs] 
539.328: [GC [1 CMS-initial-mark: 166117K(174784K)] 166121K(253440K), 0.0018480 secs] [Times: user=0.00 sys=0.00, real=0.00 secs] 
539.330: [CMS-concurrent-mark-start]
539.414: [GC539.415: [ParNew: 69952K->69952K(78656K), 0.0000215 secs]539.415: [CMS539.584: [CMS-concurrent-mark: 0.223/0.254 secs] [Times: user=0.34 sys=0.00, real=0.25 secs] 
 (concurrent mode failure): 166117K->167654K(174784K), 0.6329107 secs] 236069K->167654K(253440K), [CMS Perm : 7328K->7328K(21248K)], 0.6332965 secs] [Times: user=0.64 sys=0.00, real=0.63 secs] 
540.110: [GC540.111: [ParNew: 69952K->69952K(78656K), 0.0000205 secs] 237606K->237606K(253440K), 0.0002803 secs] [Times: user=0.00 sys=0.00, real=0.00 secs] 
540.111: [Full GC540.111: [CMS: 167654K->167992K(174784K), 0.4623783 secs] 237606K->167992K(253440K), [CMS Perm : 7328K->7273K(21248K)], 0.4625791 secs] [Times: user=0.47 sys=0.00, real=0.46 secs] 
540.574: [GC [1 CMS-initial-mark: 167992K(174784K)] 167994K(253440K), 0.0017082 secs] [Times: user=0.00 sys=0.00, real=0.00 secs] 
540.576: [CMS-concurrent-mark-start]
540.641: [GC540.641: [ParNew: 69952K->69952K(78656K), 0.0000285 secs] 237944K->237944K(253440K), 0.0003072 secs] [Times: user=0.00 sys=0.00, real=0.00 secs] 
540.641: [Full GC540.641: [CMS540.800: [CMS-concurrent-mark: 0.222/0.224 secs] [Times: user=0.33 sys=0.02, real=0.22 secs] 
 (concurrent mode failure): 167992K->163654K(174784K), 0.6316243 secs] 237944K->163654K(253440K), [CMS Perm : 7273K->7273K(21248K)], 0.6318581 secs] [Times: user=0.62 sys=0.00, real=0.63 secs] 
541.311: [GC [1 CMS-initial-mark: 163654K(174784K)] 180979K(253440K), 0.0126441 secs] [Times: user=0.02 sys=0.00, real=0.01 secs] 
541.324: [CMS-concurrent-mark-start]
541.365: [GC541.365: [ParNew: 69952K->69952K(78656K), 0.0000208 secs]541.365: [CMS541.545: [CMS-concurrent-mark: 0.218/0.221 secs] [Times: user=0.28 sys=0.00, real=0.22 secs] 
 (concurrent mode failure): 163654K->166786K(174784K), 0.6378091 secs] 233606K->166786K(253440K), [CMS Perm : 7323K->7323K(21248K)], 0.6381433 secs] [Times: user=0.64 sys=0.00, real=0.64 secs] 
542.072: [GC542.072: [ParNew: 69952K->69952K(78656K), 0.0000199 secs]542.072: [CMS: 166786K->164340K(174784K), 0.4516226 secs] 236738K->164340K(253440K), [CMS Perm : 7323K->7323K(21248K)], 0.4520017 secs] [Times: user=0.45 sys=0.00, real=0.45 secs] 
542.542: [GC [1 CMS-initial-mark: 164340K(174784K)] 164360K(253440K), 0.0018489 secs] [Times: user=0.00 sys=0.00, real=0.00 secs] 
542.544: [CMS-concurrent-mark-start]
542.601: [GC542.601: [ParNew: 69952K->69952K(78656K), 0.0000196 secs]542.601: [CMS542.769: [CMS-concurrent-mark: 0.223/0.226 secs] [Times: user=0.31 sys=0.02, real=0.23 secs] 
 (concurrent mode failure): 164340K->166767K(174784K), 0.6258093 secs] 234292K->166767K(253440K), [CMS Perm : 7324K->7324K(21248K)], 0.6262279 secs] [Times: user=0.62 sys=0.00, real=0.63 secs] 
543.296: [GC543.296: [ParNew: 69952K->69952K(78656K), 0.0000199 secs]543.296: [CMS: 166767K->159463K(174784K), 0.4432554 secs] 236719K->159463K(253440K), [CMS Perm : 7324K->7324K(21248K)], 0.4437022 secs] [Times: user=0.45 sys=0.00, real=0.44 secs] 
543.740: [GC [1 CMS-initial-mark: 159463K(174784K)] 159465K(253440K), 0.0017604 secs] [Times: user=0.00 sys=0.00, real=0.00 secs] 
543.742: [CMS-concurrent-mark-start]
543.808: [GC543.808: [ParNew: 69952K->69952K(78656K), 0.0000189 secs]543.808: [CMS543.956: [CMS-concurrent-mark: 0.211/0.214 secs] [Times: user=0.34 sys=0.03, real=0.21 secs] 
 (concurrent mode failure): 159463K->161076K(174784K), 0.5914208 secs] 229415K->161076K(253440K), [CMS Perm : 7324K->7324K(21248K)], 0.5918493 secs] [Times: user=0.59 sys=0.00, real=0.59 secs] 
544.436: [GC [1 CMS-initial-mark: 161076K(174784K)] 174426K(253440K), 0.0101379 secs] [Times: user=0.02 sys=0.00, real=0.01 secs] 
544.447: [CMS-concurrent-mark-start]
544.490: [GC544.491: [ParNew: 69952K->69952K(78656K), 0.0000202 secs]544.491: [CMS544.662: [CMS-concurrent-mark: 0.213/0.215 secs] [Times: user=0.30 sys=0.00, real=0.21 secs] 
 (concurrent mode failure): 161076K->163452K(174784K), 0.6189196 secs] 231028K->163452K(253440K), [CMS Perm : 7330K->7327K(21248K)], 0.6192388 secs] [Times: user=0.59 sys=0.00, real=0.62 secs] 
545.179: [GC545.179: [ParNew: 69952K->69952K(78656K), 0.0000212 secs]545.179: [CMS: 163452K->163573K(174784K), 0.4480418 secs] 233404K->163573K(253440K), [CMS Perm : 7327K->7327K(21248K)], 0.4484308 secs] [Times: user=0.44 sys=0.00, real=0.45 secs] 
545.627: [GC [1 CMS-initial-mark: 163573K(174784K)] 163578K(253440K), 0.0015436 secs] [Times: user=0.02 sys=0.00, real=0.00 secs] 
545.629: [CMS-concurrent-mark-start]
545.694: [GC545.694: [ParNew: 69952K->69952K(78656K), 0.0000196 secs]545.694: [CMS545.847: [CMS-concurrent-mark: 0.216/0.218 secs] [Times: user=0.34 sys=0.02, real=0.22 secs] 
 (concurrent mode failure): 163573K->166453K(174784K), 0.6114206 secs] 233525K->166453K(253440K), [CMS Perm : 7327K->7327K(21248K)], 0.6118494 secs] [Times: user=0.61 sys=0.00, real=0.61 secs] 
546.341: [GC [1 CMS-initial-mark: 166453K(174784K)] 178224K(253440K), 0.0093169 secs] [Times: user=0.02 sys=0.00, real=0.01 secs] 
546.351: [CMS-concurrent-mark-start]
546.395: [GC546.395: [ParNew: 69952K->69952K(78656K), 0.0000208 secs]546.395: [CMS546.574: [CMS-concurrent-mark: 0.221/0.224 secs] [Times: user=0.26 sys=0.00, real=0.22 secs] 
 (concurrent mode failure): 166453K->165038K(174784K), 0.6317686 secs] 236405K->165038K(253440K), [CMS Perm : 7327K->7327K(21248K)], 0.6321942 secs] [Times: user=0.62 sys=0.00, real=0.63 secs] 
547.097: [GC [1 CMS-initial-mark: 165038K(174784K)] 214563K(253440K), 0.0322240 secs] [Times: user=0.03 sys=0.00, real=0.03 secs] 
547.130: [CMS-concurrent-mark-start]
547.144: [GC547.144: [ParNew: 69942K->69942K(78656K), 0.0000334 secs] 234980K->234980K(253440K), 0.0003611 secs] [Times: user=0.00 sys=0.00, real=0.00 secs] 
547.144: [Full GC547.144: [CMS547.351: [CMS-concurrent-mark: 0.218/0.221 secs] [Times: user=0.23 sys=0.00, real=0.22 secs] 
 (concurrent mode failure): 165038K->167470K(174784K), 0.6695613 secs] 234980K->167470K(253440K), [CMS Perm : 7327K->7315K(21248K)], 0.6697938 secs] [Times: user=0.67 sys=0.00, real=0.67 secs] 
547.861: [GC [1 CMS-initial-mark: 167470K(174784K)] 213222K(253440K), 0.0308173 secs] [Times: user=0.03 sys=0.00, real=0.03 secs] 
547.892: [CMS-concurrent-mark-start]
547.914: [GC547.915: [ParNew: 69952K->69952K(78656K), 0.0000292 secs]547.915: [CMS548.117: [CMS-concurrent-mark: 0.221/0.225 secs] [Times: user=0.23 sys=0.03, real=0.22 secs] 
 (concurrent mode failure): 167470K->168601K(174784K), 0.6641376 secs] 237422K->168601K(253440K), [CMS Perm : 7318K->7318K(21248K)], 0.6646527 secs] [Times: user=0.67 sys=0.00, real=0.66 secs] 
548.616: [GC [1 CMS-initial-mark: 168601K(174784K)] 184761K(253440K), 0.0120392 secs] [Times: user=0.02 sys=0.00, real=0.01 secs] 
548.628: [CMS-concurrent-mark-start]
548.669: [GC548.669: [ParNew: 69952K->69952K(78656K), 0.0000244 secs]548.669: [CMS548.855: [CMS-concurrent-mark: 0.224/0.226 secs] [Times: user=0.28 sys=0.00, real=0.23 secs] 
 (concurrent mode failure): 168601K->169586K(174784K), 0.6532135 secs] 238553K->169586K(253440K), [CMS Perm : 7328K->7328K(21248K)], 0.6535647 secs] [Times: user=0.62 sys=0.01, real=0.65 secs] 
549.391: [GC549.392: [ParNew: 69952K->69952K(78656K), 0.0000202 secs] 239538K->239538K(253440K), 0.0002854 secs] [Times: user=0.00 sys=0.00, real=0.00 secs] 
549.392: [Full GC549.392: [CMS: 169586K->165372K(174784K), 0.4594530 secs] 239538K->165372K(253440K), [CMS Perm : 7328K->7273K(21248K)], 0.4597567 secs] [Times: user=0.45 sys=0.00, real=0.46 secs] 
549.852: [GC [1 CMS-initial-mark: 165372K(174784K)] 165376K(253440K), 0.0017954 secs] [Times: user=0.00 sys=0.00, real=0.00 secs] 
549.854: [CMS-concurrent-mark-start]
549.919: [GC549.919: [ParNew: 69952K->69952K(78656K), 0.0000205 secs]549.919: [CMS550.079: [CMS-concurrent-mark: 0.223/0.225 secs] [Times: user=0.42 sys=0.02, real=0.23 secs] 
 (concurrent mode failure): 165372K->166327K(174784K), 0.6152291 secs] 235324K->166327K(253440K), [CMS Perm : 7273K->7273K(21248K)], 0.6157006 secs] [Times: user=0.61 sys=0.00, real=0.62 secs] 
550.570: [GC [1 CMS-initial-mark: 166327K(174784K)] 183237K(253440K), 0.0127717 secs] [Times: user=0.01 sys=0.00, real=0.01 secs] 
550.583: [CMS-concurrent-mark-start]
550.624: [GC550.624: [ParNew: 69952K->69952K(78656K), 0.0000202 secs]550.624: [CMS550.807: [CMS-concurrent-mark: 0.221/0.224 secs] [Times: user=0.34 sys=0.00, real=0.22 secs] 
 (concurrent mode failure): 166327K->167825K(174784K), 0.6485856 secs] 236279K->167825K(253440K), [CMS Perm : 7323K->7323K(21248K)], 0.6489021 secs] [Times: user=0.64 sys=0.00, real=0.65 secs] 
551.340: [GC551.340: [ParNew: 69952K->69952K(78656K), 0.0000196 secs] 237777K->237777K(253440K), 0.0002848 secs] [Times: user=0.00 sys=0.00, real=0.00 secs] 
551.340: [Full GC551.340: [CMS: 167825K->169058K(174784K), 0.4645951 secs] 237777K->169058K(253440K), [CMS Perm : 7323K->7273K(21248K)], 0.4647920 secs] [Times: user=0.47 sys=0.00, real=0.47 secs] 
551.805: [GC [1 CMS-initial-mark: 169058K(174784K)] 169060K(253440K), 0.0015372 secs] [Times: user=0.00 sys=0.00, real=0.00 secs] 
551.807: [CMS-concurrent-mark-start]
551.873: [GC551.874: [ParNew: 69952K->69952K(78656K), 0.0000199 secs]551.874: [CMS552.035: [CMS-concurrent-mark: 0.224/0.228 secs] [Times: user=0.38 sys=0.00, real=0.23 secs] 
 (concurrent mode failure): 169058K->167985K(174784K), 0.6208314 secs] 239010K->167985K(253440K), [CMS Perm : 7273K->7273K(21248K)], 0.6212125 secs] [Times: user=0.62 sys=0.00, real=0.62 secs] 
552.527: [GC [1 CMS-initial-mark: 167985K(174784K)] 182453K(253440K), 0.0111052 secs] [Times: user=0.02 sys=0.00, real=0.01 secs] 
552.539: [CMS-concurrent-mark-start]
552.579: [GC552.580: [ParNew: 69952K->69952K(78656K), 0.0000221 secs]552.580: [CMS552.764: [CMS-concurrent-mark: 0.223/0.226 secs] [Times: user=0.30 sys=0.00, real=0.23 secs] 
 (concurrent mode failure): 167985K->169798K(174784K), 0.6494554 secs] 237937K->169798K(253440K), [CMS Perm : 7323K->7323K(21248K)], 0.6498537 secs] [Times: user=0.65 sys=0.00, real=0.65 secs] 
553.294: [GC553.295: [ParNew: 69952K->69952K(78656K), 0.0000205 secs] 239750K->239750K(253440K), 0.0002826 secs] [Times: user=0.00 sys=0.00, real=0.00 secs] 
553.295: [Full GC553.295: [CMS: 169798K->163897K(174784K), 0.4542253 secs] 239750K->163897K(253440K), [CMS Perm : 7323K->7273K(21248K)], 0.4544402 secs] [Times: user=0.45 sys=0.00, real=0.46 secs] 
553.750: [GC [1 CMS-initial-mark: 163897K(174784K)] 163916K(253440K), 0.0020664 secs] [Times: user=0.00 sys=0.00, real=0.00 secs] 
553.752: [CMS-concurrent-mark-start]
553.815: [GC553.816: [ParNew: 69952K->69952K(78656K), 0.0000202 secs]553.816: [CMS553.972: [CMS-concurrent-mark: 0.217/0.220 secs] [Times: user=0.36 sys=0.00, real=0.22 secs] 
 (concurrent mode failure): 163897K->161394K(174784K), 0.6022409 secs] 233849K->161394K(253440K), [CMS Perm : 7273K->7273K(21248K)], 0.6027682 secs] [Times: user=0.59 sys=0.00, real=0.60 secs] 
554.450: [GC [1 CMS-initial-mark: 161394K(174784K)] 177473K(253440K), 0.0120777 secs] [Times: user=0.02 sys=0.00, real=0.01 secs] 
554.462: [CMS-concurrent-mark-start]
554.503: [GC554.504: [ParNew: 69952K->69952K(78656K), 0.0000276 secs]554.504: [CMS554.680: [CMS-concurrent-mark: 0.215/0.218 secs] [Times: user=0.33 sys=0.00, real=0.22 secs] 
 (concurrent mode failure): 161394K->165542K(174784K), 0.6326926 secs] 231346K->165542K(253440K), [CMS Perm : 7323K->7323K(21248K)], 0.6330467 secs] [Times: user=0.62 sys=0.00, real=0.63 secs] 
555.204: [GC555.204: [ParNew: 69952K->69952K(78656K), 0.0000208 secs]555.204: [CMS: 165542K->164707K(174784K), 0.4533722 secs] 235494K->164707K(253440K), [CMS Perm : 7323K->7323K(21248K)], 0.4537615 secs] [Times: user=0.45 sys=0.00, real=0.45 secs] 
555.658: [GC [1 CMS-initial-mark: 164707K(174784K)] 164725K(253440K), 0.0014801 secs] [Times: user=0.00 sys=0.00, real=0.00 secs] 
555.659: [CMS-concurrent-mark-start]
555.721: [GC555.721: [ParNew: 69952K->69952K(78656K), 0.0000192 secs]555.721: [CMS555.881: [CMS-concurrent-mark: 0.219/0.222 secs] [Times: user=0.38 sys=0.00, real=0.22 secs] 
 (concurrent mode failure): 164707K->163632K(174784K), 0.6108276 secs] 234659K->163632K(253440K), [CMS Perm : 7323K->7323K(21248K)], 0.6112525 secs] [Times: user=0.61 sys=0.00, real=0.61 secs] 
556.361: [GC [1 CMS-initial-mark: 163632K(174784K)] 176599K(253440K), 0.0100895 secs] [Times: user=0.00 sys=0.00, real=0.01 secs] 
556.372: [CMS-concurrent-mark-start]
556.416: [GC556.416: [ParNew: 69952K->69952K(78656K), 0.0000202 secs]556.416: [CMS556.591: [CMS-concurrent-mark: 0.217/0.219 secs] [Times: user=0.34 sys=0.00, real=0.22 secs] 
 (concurrent mode failure): 163632K->162862K(174784K), 0.6225290 secs] 233584K->162862K(253440K), [CMS Perm : 7324K->7324K(21248K)], 0.6228552 secs] [Times: user=0.62 sys=0.00, real=0.62 secs] 
557.107: [GC [1 CMS-initial-mark: 162862K(174784K)] 206971K(253440K), 0.0298503 secs] [Times: user=0.03 sys=0.00, real=0.03 secs] 
557.137: [CMS-concurrent-mark-start]
557.155: [GC557.155: [ParNew: 69952K->69952K(78656K), 0.0000205 secs]557.155: [CMS557.357: [CMS-concurrent-mark: 0.216/0.220 secs] [Times: user=0.27 sys=0.00, real=0.22 secs] 
 (concurrent mode failure): 162862K->159948K(174784K), 0.6439797 secs] 232814K->159948K(253440K), [CMS Perm : 7327K->7327K(21248K)], 0.6444162 secs] [Times: user=0.64 sys=0.00, real=0.64 secs] 
557.860: [GC557.861: [ParNew: 69952K->69952K(78656K), 0.0000202 secs] 229900K->229900K(253440K), 0.0002992 secs] [Times: user=0.00 sys=0.00, real=0.00 secs] 
557.861: [Full GC557.861: [CMS: 159948K->156153K(174784K), 0.4383150 secs] 229900K->156153K(253440K), [CMS Perm : 7327K->7273K(21248K)], 0.4385155 secs] [Times: user=0.44 sys=0.00, real=0.44 secs] 
558.300: [GC [1 CMS-initial-mark: 156153K(174784K)] 156285K(253440K), 0.0020433 secs] [Times: user=0.00 sys=0.00, real=0.00 secs] 
558.302: [CMS-concurrent-mark-start]
558.375: [GC558.375: [ParNew: 69952K->69952K(78656K), 0.0000330 secs]558.375: [CMS558.530: [CMS-concurrent-mark: 0.208/0.228 secs] [Times: user=0.38 sys=0.01, real=0.23 secs] 
 (concurrent mode failure): 156153K->158058K(174784K), 0.5898910 secs] 226105K->158058K(253440K), [CMS Perm : 7311K->7311K(21248K)], 0.5903448 secs] [Times: user=0.58 sys=0.01, real=0.59 secs] 
559.028: [GC559.029: [ParNew: 69952K->69952K(78656K), 0.0000321 secs] 228010K->228010K(253440K), 0.0004503 secs] [Times: user=0.00 sys=0.00, real=0.00 secs] 
559.029: [Full GC559.029: [CMS: 158058K->160153K(174784K), 0.4406605 secs] 228010K->160153K(253440K), [CMS Perm : 7323K->7273K(21248K)], 0.4408564 secs] [Times: user=0.44 sys=0.00, real=0.44 secs] 
559.470: [GC [1 CMS-initial-mark: 160153K(174784K)] 160191K(253440K), 0.0015552 secs] [Times: user=0.00 sys=0.00, real=0.00 secs] 
559.472: [CMS-concurrent-mark-start]
559.550: [GC559.550: [ParNew: 69952K->69952K(78656K), 0.0000196 secs]559.550: [CMS559.709: [CMS-concurrent-mark: 0.212/0.237 secs] [Times: user=0.39 sys=0.00, real=0.24 secs] 
 (concurrent mode failure): 160153K->163115K(174784K), 0.6058202 secs] 230105K->163115K(253440K), [CMS Perm : 7323K->7323K(21248K)], 0.6062086 secs] [Times: user=0.61 sys=0.00, real=0.61 secs] 
560.221: [GC560.221: [ParNew: 69952K->69952K(78656K), 0.0000199 secs]560.221: [CMS: 163115K->160797K(174784K), 0.4421354 secs] 233067K->160797K(253440K), [CMS Perm : 7323K->7323K(21248K)], 0.4425646 secs] [Times: user=0.44 sys=0.00, real=0.44 secs] 
560.664: [GC [1 CMS-initial-mark: 160797K(174784K)] 160801K(253440K), 0.0016568 secs] [Times: user=0.02 sys=0.00, real=0.00 secs] 
560.666: [CMS-concurrent-mark-start]
560.731: [GC560.732: [ParNew: 69952K->69952K(78656K), 0.0000205 secs]560.732: [CMS560.881: [CMS-concurrent-mark: 0.212/0.215 secs] [Times: user=0.34 sys=0.00, real=0.21 secs] 
 (concurrent mode failure): 160797K->165285K(174784K), 0.5996444 secs] 230749K->165285K(253440K), [CMS Perm : 7323K->7323K(21248K)], 0.6000636 secs] [Times: user=0.55 sys=0.00, real=0.60 secs] 
561.365: [GC [1 CMS-initial-mark: 165285K(174784K)] 179336K(253440K), 0.0106129 secs] [Times: user=0.02 sys=0.00, real=0.01 secs] 
561.376: [CMS-concurrent-mark-start]
561.420: [GC561.420: [ParNew: 69952K->69952K(78656K), 0.0000247 secs]561.420: [CMS561.597: [CMS-concurrent-mark: 0.218/0.221 secs] [Times: user=0.31 sys=0.02, real=0.22 secs] 
 (concurrent mode failure): 165285K->165566K(174784K), 0.6316961 secs] 235237K->165566K(253440K), [CMS Perm : 7324K->7324K(21248K)], 0.6320688 secs] [Times: user=0.62 sys=0.00, real=0.63 secs] 
562.109: [GC [1 CMS-initial-mark: 165566K(174784K)] 209056K(253440K), 0.0290145 secs] [Times: user=0.03 sys=0.00, real=0.03 secs] 
562.139: [CMS-concurrent-mark-start]
562.157: [GC562.157: [ParNew: 69952K->69952K(78656K), 0.0000205 secs]562.157: [CMS562.361: [CMS-concurrent-mark: 0.219/0.222 secs] [Times: user=0.23 sys=0.02, real=0.22 secs] 
 (concurrent mode failure): 165566K->167021K(174784K), 0.6624224 secs] 235518K->167021K(253440K), [CMS Perm : 7327K->7327K(21248K)], 0.6629403 secs] [Times: user=0.67 sys=0.00, real=0.66 secs] 
562.869: [GC [1 CMS-initial-mark: 167021K(174784K)] 213776K(253440K), 0.0312176 secs] [Times: user=0.03 sys=0.00, real=0.03 secs] 
562.900: [CMS-concurrent-mark-start]
562.921: [GC562.922: [ParNew: 69952K->69952K(78656K), 0.0000212 secs]562.922: [CMS563.123: [CMS-concurrent-mark: 0.220/0.223 secs] [Times: user=0.25 sys=0.00, real=0.22 secs] 
 (concurrent mode failure): 167021K->165534K(174784K), 0.6574224 secs] 236973K->165534K(253440K), [CMS Perm : 7327K->7327K(21248K)], 0.6578617 secs] [Times: user=0.66 sys=0.00, real=0.66 secs] 
563.613: [GC [1 CMS-initial-mark: 165534K(174784K)] 180156K(253440K), 0.0112941 secs] [Times: user=0.00 sys=0.02, real=0.01 secs] 
563.625: [CMS-concurrent-mark-start]
563.665: [GC563.665: [ParNew: 69952K->69952K(78656K), 0.0000221 secs]563.665: [CMS563.850: [CMS-concurrent-mark: 0.222/0.225 secs] [Times: user=0.31 sys=0.00, real=0.23 secs] 
 (concurrent mode failure): 165534K->168526K(174784K), 0.6437911 secs] 235486K->168526K(253440K), [CMS Perm : 7327K->7327K(21248K)], 0.6442353 secs] [Times: user=0.64 sys=0.00, real=0.64 secs] 
564.377: [GC564.378: [ParNew: 69952K->69952K(78656K), 0.0000208 secs]564.378: [CMS: 168526K->163464K(174784K), 0.4659463 secs] 238478K->163464K(253440K), [CMS Perm : 7327K->7327K(21248K)], 0.4663822 secs] [Times: user=0.47 sys=0.00, real=0.47 secs] 
564.844: [GC [1 CMS-initial-mark: 163464K(174784K)] 163466K(253440K), 0.0017287 secs] [Times: user=0.00 sys=0.00, real=0.00 secs] 
564.846: [CMS-concurrent-mark-start]
564.905: [GC564.905: [ParNew: 69952K->69952K(78656K), 0.0000443 secs] 233416K->233416K(253440K), 0.0004327 secs] [Times: user=0.00 sys=0.00, real=0.00 secs] 
564.905: [Full GC564.905: [CMS565.069: [CMS-concurrent-mark: 0.220/0.223 secs] [Times: user=0.30 sys=0.00, real=0.22 secs] 
 (concurrent mode failure): 163464K->164444K(174784K), 0.6118625 secs] 233416K->164444K(253440K), [CMS Perm : 7327K->7273K(21248K)], 0.6120675 secs] [Times: user=0.62 sys=0.00, real=0.61 secs] 
565.553: [GC [1 CMS-initial-mark: 164444K(174784K)] 178232K(253440K), 0.0105517 secs] [Times: user=0.02 sys=0.00, real=0.01 secs] 
565.564: [CMS-concurrent-mark-start]
565.608: [GC565.608: [ParNew: 69952K->69952K(78656K), 0.0000208 secs]565.608: [CMS565.783: [CMS-concurrent-mark: 0.217/0.220 secs] [Times: user=0.30 sys=0.00, real=0.22 secs] 
 (concurrent mode failure): 164444K->165923K(174784K), 0.6244466 secs] 234396K->165923K(253440K), [CMS Perm : 7325K->7325K(21248K)], 0.6247737 secs] [Times: user=0.62 sys=0.00, real=0.63 secs] 
566.290: [GC566.290: [ParNew: 69952K->69952K(78656K), 0.0000241 secs] 235875K->235875K(253440K), 0.0004176 secs] [Times: user=0.00 sys=0.00, real=0.00 secs] 
566.291: [Full GC566.291: [CMS: 165923K->168990K(174784K), 0.4567917 secs] 235875K->168990K(253440K), [CMS Perm : 7325K->7275K(21248K)], 0.4569921 secs] [Times: user=0.45 sys=0.00, real=0.46 secs] 
566.748: [GC [1 CMS-initial-mark: 168990K(174784K)] 168994K(253440K), 0.0015795 secs] [Times: user=0.02 sys=0.00, real=0.00 secs] 
566.750: [CMS-concurrent-mark-start]
566.808: [GC566.808: [ParNew: 69952K->69952K(78656K), 0.0000231 secs]566.808: [CMS566.976: [CMS-concurrent-mark: 0.224/0.226 secs] [Times: user=0.31 sys=0.00, real=0.23 secs] 
 (concurrent mode failure): 168990K->168600K(174784K), 0.6266403 secs] 238942K->168600K(253440K), [CMS Perm : 7275K->7275K(21248K)], 0.6269681 secs] [Times: user=0.62 sys=0.00, real=0.63 secs] 
567.486: [GC [1 CMS-initial-mark: 168600K(174784K)] 194386K(253440K), 0.0180847 secs] [Times: user=0.02 sys=0.00, real=0.02 secs] 
567.504: [CMS-concurrent-mark-start]
567.541: [GC567.541: [ParNew: 69952K->69952K(78656K), 0.0000276 secs]567.541: [CMS567.732: [CMS-concurrent-mark: 0.224/0.227 secs] [Times: user=0.30 sys=0.00, real=0.23 secs] 
 (concurrent mode failure): 168600K->171255K(174784K), 0.6559762 secs] 238552K->171255K(253440K), [CMS Perm : 7325K->7325K(21248K)], 0.6563771 secs] [Times: user=0.66 sys=0.00, real=0.66 secs] 
568.265: [GC568.265: [ParNew: 69952K->69952K(78656K), 0.0000218 secs]568.265: [CMS: 171255K->172405K(174784K), 0.4701506 secs] 241207K->172405K(253440K), [CMS Perm : 7325K->7325K(21248K)], 0.4705913 secs] [Times: user=0.45 sys=0.00, real=0.47 secs] 
568.736: [GC [1 CMS-initial-mark: 172405K(174784K)] 172431K(253440K), 0.0016703 secs] [Times: user=0.00 sys=0.00, real=0.00 secs] 
568.737: [CMS-concurrent-mark-start]
568.801: [GC568.802: [ParNew: 69952K->69952K(78656K), 0.0000192 secs]568.802: [CMS568.970: [CMS-concurrent-mark: 0.230/0.232 secs] [Times: user=0.34 sys=0.00, real=0.23 secs] 
 (concurrent mode failure): 172405K->167178K(174784K), 0.6287353 secs] 242357K->167178K(253440K), [CMS Perm : 7325K->7325K(21248K)], 0.6291605 secs] [Times: user=0.62 sys=0.00, real=0.63 secs] 
569.463: [GC [1 CMS-initial-mark: 167178K(174784K)] 179450K(253440K), 0.0096431 secs] [Times: user=0.02 sys=0.00, real=0.01 secs] 
569.473: [CMS-concurrent-mark-start]
569.518: [GC569.519: [ParNew: 69952K->69952K(78656K), 0.0000186 secs] 237130K->237130K(253440K), 0.0002700 secs] [Times: user=0.00 sys=0.00, real=0.00 secs] 
569.519: [Full GC569.519: [CMS569.697: [CMS-concurrent-mark: 0.221/0.224 secs] [Times: user=0.34 sys=0.00, real=0.22 secs] 
 (concurrent mode failure): 167178K->167234K(174784K), 0.6366788 secs] 237130K->167234K(253440K), [CMS Perm : 7326K->7275K(21248K)], 0.6369303 secs] [Times: user=0.64 sys=0.00, real=0.64 secs] 
570.189: [GC [1 CMS-initial-mark: 167234K(174784K)] 183045K(253440K), 0.0118041 secs] [Times: user=0.02 sys=0.00, real=0.01 secs] 
570.201: [CMS-concurrent-mark-start]
570.243: [GC570.243: [ParNew: 69952K->69952K(78656K), 0.0000237 secs]570.243: [CMS570.426: [CMS-concurrent-mark: 0.223/0.225 secs] [Times: user=0.26 sys=0.01, real=0.23 secs] 
 (concurrent mode failure): 167234K->169880K(174784K), 0.6487616 secs] 237186K->169880K(253440K), [CMS Perm : 7330K->7330K(21248K)], 0.6491311 secs] [Times: user=0.66 sys=0.00, real=0.65 secs] 
570.962: [GC570.962: [ParNew: 69952K->69952K(78656K), 0.0000337 secs]570.962: [CMS: 169880K->166936K(174784K), 0.4574277 secs] 239832K->166936K(253440K), [CMS Perm : 7330K->7330K(21248K)], 0.4579851 secs] [Times: user=0.45 sys=0.00, real=0.46 secs] 
571.420: [GC [1 CMS-initial-mark: 166936K(174784K)] 166941K(253440K), 0.0015738 secs] [Times: user=0.00 sys=0.00, real=0.00 secs] 
571.422: [CMS-concurrent-mark-start]
571.503: [GC571.503: [ParNew: 69952K->69952K(78656K), 0.0000285 secs]571.503: [CMS571.675: [CMS-concurrent-mark: 0.224/0.253 secs] [Times: user=0.37 sys=0.00, real=0.25 secs] 
 (concurrent mode failure): 166936K->168407K(174784K), 0.6330105 secs] 236888K->168407K(253440K), [CMS Perm : 7330K->7330K(21248K)], 0.6334742 secs] [Times: user=0.64 sys=0.00, real=0.63 secs] 
572.200: [GC572.200: [ParNew: 69952K->69952K(78656K), 0.0000221 secs]572.200: [CMS: 168407K->164387K(174784K), 0.4608036 secs] 238359K->164387K(253440K), [CMS Perm : 7330K->7330K(21248K)], 0.4612240 secs] [Times: user=0.45 sys=0.00, real=0.46 secs] 
572.661: [GC [1 CMS-initial-mark: 164387K(174784K)] 164397K(253440K), 0.0020632 secs] [Times: user=0.01 sys=0.00, real=0.00 secs] 
572.664: [CMS-concurrent-mark-start]
572.723: [GC572.723: [ParNew: 69952K->69952K(78656K), 0.0000205 secs]572.723: [CMS572.887: [CMS-concurrent-mark: 0.220/0.223 secs] [Times: user=0.28 sys=0.02, real=0.22 secs] 
 (concurrent mode failure): 164387K->163489K(174784K), 0.6149132 secs] 234339K->163489K(253440K), [CMS Perm : 7330K->7330K(21248K)], 0.6153484 secs] [Times: user=0.62 sys=0.00, real=0.62 secs] 
573.370: [GC [1 CMS-initial-mark: 163489K(174784K)] 177195K(253440K), 0.0104096 secs] [Times: user=0.02 sys=0.00, real=0.01 secs] 
573.381: [CMS-concurrent-mark-start]
573.422: [GC573.422: [ParNew: 69952K->69952K(78656K), 0.0000189 secs]573.422: [CMS573.600: [CMS-concurrent-mark: 0.217/0.219 secs] [Times: user=0.30 sys=0.00, real=0.22 secs] 
 (concurrent mode failure): 163489K->163181K(174784K), 0.6257539 secs] 233441K->163181K(253440K), [CMS Perm : 7333K->7333K(21248K)], 0.6260845 secs] [Times: user=0.62 sys=0.00, real=0.63 secs] 
574.114: [GC [1 CMS-initial-mark: 163181K(174784K)] 206607K(253440K), 0.0282721 secs] [Times: user=0.01 sys=0.00, real=0.03 secs] 
574.143: [CMS-concurrent-mark-start]
574.162: [GC574.163: [ParNew: 69952K->69952K(78656K), 0.0000289 secs]574.163: [CMS574.360: [CMS-concurrent-mark: 0.215/0.218 secs] [Times: user=0.30 sys=0.00, real=0.22 secs] 
 (concurrent mode failure): 163181K->162703K(174784K), 0.6441824 secs] 233133K->162703K(253440K), [CMS Perm : 7333K->7333K(21248K)], 0.6446920 secs] [Times: user=0.64 sys=0.00, real=0.64 secs] 
574.877: [GC574.877: [ParNew: 69952K->69952K(78656K), 0.0000202 secs]574.877: [CMS: 162703K->165448K(174784K), 0.4547561 secs] 232655K->165448K(253440K), [CMS Perm : 7333K->7333K(21248K)], 0.4551942 secs] [Times: user=0.45 sys=0.00, real=0.46 secs] 
575.333: [GC [1 CMS-initial-mark: 165448K(174784K)] 165450K(253440K), 0.0018243 secs] [Times: user=0.00 sys=0.00, real=0.00 secs] 
575.335: [CMS-concurrent-mark-start]
575.407: [GC575.407: [ParNew: 69952K->69952K(78656K), 0.0000228 secs]575.407: [CMS575.578: [CMS-concurrent-mark: 0.220/0.243 secs] [Times: user=0.33 sys=0.00, real=0.24 secs] 
 (concurrent mode failure): 165448K->165651K(174784K), 0.6234973 secs] 235400K->165651K(253440K), [CMS Perm : 7333K->7333K(21248K)], 0.6238215 secs] [Times: user=0.61 sys=0.01, real=0.62 secs] 
576.107: [GC [1 CMS-initial-mark: 165651K(174784K)] 226781K(253440K), 0.0396201 secs] [Times: user=0.05 sys=0.00, real=0.04 secs] 
576.147: [CMS-concurrent-mark-start]
576.152: [GC576.152: [ParNew: 69952K->69952K(78656K), 0.0000398 secs]576.152: [CMS576.371: [CMS-concurrent-mark: 0.221/0.224 secs] [Times: user=0.19 sys=0.00, real=0.22 secs] 
 (concurrent mode failure): 165651K->168172K(174784K), 0.6836322 secs] 235603K->168172K(253440K), [CMS Perm : 7333K->7333K(21248K)], 0.6842262 secs] [Times: user=0.59 sys=0.00, real=0.68 secs] 
576.895: [GC576.895: [ParNew: 69952K->69952K(78656K), 0.0000237 secs]576.896: [CMS: 168172K->164074K(174784K), 0.4575566 secs] 238124K->164074K(253440K), [CMS Perm : 7335K->7335K(21248K)], 0.4580326 secs] [Times: user=0.45 sys=0.00, real=0.46 secs] 
577.354: [GC [1 CMS-initial-mark: 164074K(174784K)] 164076K(253440K), 0.0017527 secs] [Times: user=0.00 sys=0.00, real=0.00 secs] 
577.355: [CMS-concurrent-mark-start]
577.439: [GC577.439: [ParNew: 69952K->69952K(78656K), 0.0000218 secs]577.439: [CMS577.610: [CMS-concurrent-mark: 0.220/0.254 secs] [Times: user=0.34 sys=0.00, real=0.26 secs] 
 (concurrent mode failure): 164074K->166813K(174784K), 0.6253895 secs] 234026K->166813K(253440K), [CMS Perm : 7335K->7335K(21248K)], 0.6257102 secs] [Times: user=0.62 sys=0.00, real=0.63 secs] 
578.137: [GC [1 CMS-initial-mark: 166813K(174784K)] 227805K(253440K), 0.0393834 secs] [Times: user=0.03 sys=0.00, real=0.04 secs] 
578.177: [CMS-concurrent-mark-start]
578.183: [GC578.183: [ParNew: 69952K->69952K(78656K), 0.0000192 secs]578.183: [CMS578.401: [CMS-concurrent-mark: 0.221/0.224 secs] [Times: user=0.22 sys=0.00, real=0.22 secs] 
 (concurrent mode failure): 166813K->165749K(174784K), 0.6835180 secs] 236765K->165749K(253440K), [CMS Perm : 7335K->7335K(21248K)], 0.6838949 secs] [Times: user=0.69 sys=0.00, real=0.68 secs] 
578.924: [GC578.924: [ParNew: 69952K->69952K(78656K), 0.0000247 secs]578.924: [CMS: 165749K->164176K(174784K), 0.4492775 secs] 235701K->164176K(253440K), [CMS Perm : 7335K->7335K(21248K)], 0.4496265 secs] [Times: user=0.45 sys=0.00, real=0.45 secs] 
579.374: [GC [1 CMS-initial-mark: 164176K(174784K)] 164193K(253440K), 0.0014644 secs] [Times: user=0.00 sys=0.00, real=0.00 secs] 
579.376: [CMS-concurrent-mark-start]
579.454: [GC579.454: [ParNew: 69952K->69952K(78656K), 0.0000212 secs]579.454: [CMS579.624: [CMS-concurrent-mark: 0.219/0.249 secs] [Times: user=0.39 sys=0.00, real=0.25 secs] 
 (concurrent mode failure): 164176K->163887K(174784K), 0.6143314 secs] 234128K->163887K(253440K), [CMS Perm : 7335K->7335K(21248K)], 0.6146541 secs] [Times: user=0.61 sys=0.00, real=0.61 secs] 
580.135: [GC [1 CMS-initial-mark: 163887K(174784K)] 209685K(253440K), 0.0295931 secs] [Times: user=0.00 sys=0.00, real=0.03 secs] 
580.164: [CMS-concurrent-mark-start]
580.182: [GC580.182: [ParNew: 69952K->69952K(78656K), 0.0000215 secs]580.182: [CMS580.384: [CMS-concurrent-mark: 0.217/0.220 secs] [Times: user=0.33 sys=0.00, real=0.22 secs] 
 (concurrent mode failure): 163887K->169959K(174784K), 0.6601940 secs] 233839K->169959K(253440K), [CMS Perm : 7335K->7335K(21248K)], 0.6606055 secs] [Times: user=0.65 sys=0.00, real=0.66 secs] 
580.911: [GC580.912: [ParNew: 69952K->69952K(78656K), 0.0000253 secs]580.912: [CMS: 169959K->166837K(174784K), 0.4560576 secs] 239911K->166837K(253440K), [CMS Perm : 7335K->7335K(21248K)], 0.4565377 secs] [Times: user=0.47 sys=0.00, real=0.46 secs] 
581.368: [GC [1 CMS-initial-mark: 166837K(174784K)] 166837K(253440K), 0.0015071 secs] [Times: user=0.00 sys=0.00, real=0.00 secs] 
581.370: [CMS-concurrent-mark-start]
581.445: [GC581.445: [ParNew: 69952K->69952K(78656K), 0.0000205 secs]581.445: [CMS581.618: [CMS-concurrent-mark: 0.223/0.248 secs] [Times: user=0.37 sys=0.00, real=0.25 secs] 
 (concurrent mode failure): 166837K->167067K(174784K), 0.6264861 secs] 236789K->167067K(253440K), [CMS Perm : 7335K->7335K(21248K)], 0.6268526 secs] [Times: user=0.62 sys=0.00, real=0.63 secs] 
582.131: [GC [1 CMS-initial-mark: 167067K(174784K)] 207995K(253440K), 0.0270104 secs] [Times: user=0.02 sys=0.00, real=0.03 secs] 
582.158: [CMS-concurrent-mark-start]
582.178: [GC582.179: [ParNew: 69952K->69952K(78656K), 0.0000205 secs]582.179: [CMS582.381: [CMS-concurrent-mark: 0.220/0.222 secs] [Times: user=0.31 sys=0.00, real=0.22 secs] 
 (concurrent mode failure): 167067K->166582K(174784K), 0.6551966 secs] 237019K->166582K(253440K), [CMS Perm : 7335K->7335K(21248K)], 0.6556305 secs] [Times: user=0.66 sys=0.00, real=0.66 secs] 
582.904: [GC582.904: [ParNew: 69952K->69952K(78656K), 0.0000202 secs]582.904: [CMS: 166582K->164632K(174784K), 0.4539155 secs] 236534K->164632K(253440K), [CMS Perm : 7335K->7335K(21248K)], 0.4543010 secs] [Times: user=0.45 sys=0.00, real=0.45 secs] 
583.359: [GC [1 CMS-initial-mark: 164632K(174784K)] 164723K(253440K), 0.0016299 secs] [Times: user=0.00 sys=0.00, real=0.00 secs] 
583.361: [CMS-concurrent-mark-start]
583.435: [GC583.435: [ParNew: 69952K->69952K(78656K), 0.0000189 secs] 234584K->234584K(253440K), 0.0002168 secs] [Times: user=0.00 sys=0.00, real=0.00 secs] 
583.435: [Full GC583.435: [CMS583.605: [CMS-concurrent-mark: 0.220/0.245 secs] [Times: user=0.33 sys=0.00, real=0.25 secs] 
 (concurrent mode failure): 164632K->166477K(174784K), 0.6226746 secs] 234584K->166477K(253440K), [CMS Perm : 7335K->7323K(21248K)], 0.6228815 secs] [Times: user=0.62 sys=0.00, real=0.62 secs] 
584.123: [GC [1 CMS-initial-mark: 166477K(174784K)] 217444K(253440K), 0.0332997 secs] [Times: user=0.03 sys=0.00, real=0.03 secs] 
584.156: [CMS-concurrent-mark-start]
584.168: [GC584.168: [ParNew: 69952K->69952K(78656K), 0.0000465 secs]584.168: [CMS584.380: [CMS-concurrent-mark: 0.221/0.224 secs] [Times: user=0.27 sys=0.00, real=0.22 secs] 
 (concurrent mode failure): 166477K->163160K(174784K), 0.6582232 secs] 236429K->163160K(253440K), [CMS Perm : 7335K->7335K(21248K)], 0.6586988 secs] [Times: user=0.65 sys=0.00, real=0.66 secs] 
584.897: [GC584.897: [ParNew: 69952K->69952K(78656K), 0.0000205 secs]584.897: [CMS: 163160K->165029K(174784K), 0.4505784 secs] 233112K->165029K(253440K), [CMS Perm : 7335K->7335K(21248K)], 0.4509998 secs] [Times: user=0.45 sys=0.00, real=0.45 secs] 
585.349: [GC [1 CMS-initial-mark: 165029K(174784K)] 165031K(253440K), 0.0017110 secs] [Times: user=0.00 sys=0.00, real=0.00 secs] 
585.351: [CMS-concurrent-mark-start]
585.423: [GC585.423: [ParNew: 69952K->69952K(78656K), 0.0000208 secs]585.423: [CMS585.593: [CMS-concurrent-mark: 0.219/0.242 secs] [Times: user=0.36 sys=0.00, real=0.24 secs] 
 (concurrent mode failure): 165029K->166507K(174784K), 0.6277888 secs] 234981K->166507K(253440K), [CMS Perm : 7335K->7335K(21248K)], 0.6281548 secs] [Times: user=0.62 sys=0.00, real=0.63 secs] 
586.115: [GC [1 CMS-initial-mark: 166507K(174784K)] 220681K(253440K), 0.0359026 secs] [Times: user=0.03 sys=0.00, real=0.04 secs] 
586.152: [CMS-concurrent-mark-start]
586.162: [GC586.162: [ParNew: 69952K->69952K(78656K), 0.0000208 secs]586.162: [CMS586.373: [CMS-concurrent-mark: 0.219/0.221 secs] [Times: user=0.26 sys=0.00, real=0.22 secs] 
 (concurrent mode failure): 166507K->165559K(174784K), 0.6652453 secs] 236459K->165559K(253440K), [CMS Perm : 7335K->7335K(21248K)], 0.6656514 secs] [Times: user=0.67 sys=0.00, real=0.67 secs] 
586.872: [GC [1 CMS-initial-mark: 165559K(174784K)] 209822K(253440K), 0.0291287 secs] [Times: user=0.03 sys=0.00, real=0.03 secs] 
586.901: [CMS-concurrent-mark-start]
586.927: [GC586.927: [ParNew: 69952K->69952K(78656K), 0.0000205 secs]586.927: [CMS587.123: [CMS-concurrent-mark: 0.219/0.221 secs] [Times: user=0.31 sys=0.00, real=0.22 secs] 
 (concurrent mode failure): 165559K->167383K(174784K), 0.6520253 secs] 235511K->167383K(253440K), [CMS Perm : 7335K->7335K(21248K)], 0.6524817 secs] [Times: user=0.65 sys=0.00, real=0.65 secs] 
587.616: [GC [1 CMS-initial-mark: 167383K(174784K)] 179345K(253440K), 0.0097861 secs] [Times: user=0.02 sys=0.00, real=0.01 secs] 
587.626: [CMS-concurrent-mark-start]
587.671: [GC587.671: [ParNew: 69952K->69952K(78656K), 0.0000247 secs]587.671: [CMS587.849: [CMS-concurrent-mark: 0.220/0.223 secs] [Times: user=0.30 sys=0.00, real=0.22 secs] 
 (concurrent mode failure): 167383K->166596K(174784K), 0.6367581 secs] 237335K->166596K(253440K), [CMS Perm : 7335K->7335K(21248K)], 0.6371724 secs] [Times: user=0.64 sys=0.00, real=0.64 secs] 
588.343: [GC [1 CMS-initial-mark: 166596K(174784K)] 179550K(253440K), 0.0101630 secs] [Times: user=0.00 sys=0.00, real=0.01 secs] 
588.354: [CMS-concurrent-mark-start]
588.398: [GC588.398: [ParNew: 69952K->69952K(78656K), 0.0000208 secs]588.398: [CMS588.576: [CMS-concurrent-mark: 0.220/0.222 secs] [Times: user=0.34 sys=0.00, real=0.22 secs] 
 (concurrent mode failure): 166596K->166563K(174784K), 0.6346035 secs] 236548K->166563K(253440K), [CMS Perm : 7335K->7335K(21248K)], 0.6349550 secs] [Times: user=0.64 sys=0.00, real=0.63 secs] 
589.121: [GC [1 CMS-initial-mark: 166563K(174784K)] 233850K(253440K), 0.0426361 secs] [Times: user=0.03 sys=0.00, real=0.04 secs] 
589.164: [CMS-concurrent-mark-start]
589.166: [GC589.166: [ParNew: 69952K->69952K(78656K), 0.0000196 secs]589.167: [CMS589.386: [CMS-concurrent-mark: 0.220/0.222 secs] [Times: user=0.28 sys=0.00, real=0.22 secs] 
 (concurrent mode failure): 166563K->166388K(174784K), 0.6756065 secs] 236515K->166388K(253440K), [CMS Perm : 7335K->7335K(21248K)], 0.6759952 secs] [Times: user=0.67 sys=0.00, real=0.68 secs] 
589.906: [GC589.906: [ParNew: 69952K->69952K(78656K), 0.0000202 secs]589.906: [CMS: 166388K->160473K(174784K), 0.4445764 secs] 236340K->160473K(253440K), [CMS Perm : 7335K->7335K(21248K)], 0.4450492 secs] [Times: user=0.45 sys=0.00, real=0.44 secs] 
590.352: [GC [1 CMS-initial-mark: 160473K(174784K)] 160477K(253440K), 0.0017996 secs] [Times: user=0.00 sys=0.00, real=0.00 secs] 
590.354: [CMS-concurrent-mark-start]
590.434: [GC590.434: [ParNew: 69952K->69952K(78656K), 0.0000192 secs]590.434: [CMS590.596: [CMS-concurrent-mark: 0.214/0.243 secs] [Times: user=0.33 sys=0.00, real=0.24 secs] 
 (concurrent mode failure): 160473K->162875K(174784K), 0.6070168 secs] 230425K->162875K(253440K), [CMS Perm : 7335K->7335K(21248K)], 0.6073372 secs] [Times: user=0.59 sys=0.00, real=0.61 secs] 
591.102: [GC591.103: [ParNew: 69952K->69952K(78656K), 0.0000241 secs]591.103: [CMS: 162875K->160240K(174784K), 0.4422403 secs] 232827K->160240K(253440K), [CMS Perm : 7335K->7335K(21248K)], 0.4427259 secs] [Times: user=0.44 sys=0.00, real=0.44 secs] 
591.562: [GC [1 CMS-initial-mark: 160240K(174784K)] 160283K(253440K), 0.0020629 secs] [Times: user=0.00 sys=0.00, real=0.00 secs] 
591.564: [CMS-concurrent-mark-start]
591.619: [GC591.619: [ParNew: 69952K->69952K(78656K), 0.0000215 secs]591.619: [CMS591.784: [CMS-concurrent-mark: 0.217/0.219 secs] [Times: user=0.34 sys=0.00, real=0.22 secs] 
 (concurrent mode failure): 160240K->160945K(174784K), 0.6036098 secs] 230192K->160945K(253440K), [CMS Perm : 7335K->7335K(21248K)], 0.6039568 secs] [Times: user=0.53 sys=0.00, real=0.61 secs] 
592.262: [GC [1 CMS-initial-mark: 160945K(174784K)] 175038K(253440K), 0.0097656 secs] [Times: user=0.01 sys=0.00, real=0.01 secs] 
592.272: [CMS-concurrent-mark-start]
592.313: [GC592.313: [ParNew: 69952K->69952K(78656K), 0.0000205 secs]592.313: [CMS592.486: [CMS-concurrent-mark: 0.211/0.214 secs] [Times: user=0.28 sys=0.00, real=0.21 secs] 
 (concurrent mode failure): 160945K->160728K(174784K), 0.6127387 secs] 230897K->160728K(253440K), [CMS Perm : 7335K->7335K(21248K)], 0.6131435 secs] [Times: user=0.64 sys=0.00, real=0.61 secs] 
592.999: [GC592.999: [ParNew: 69952K->69952K(78656K), 0.0000196 secs]593.000: [CMS: 160728K->164492K(174784K), 0.4432961 secs] 230680K->164492K(253440K), [CMS Perm : 7335K->7335K(21248K)], 0.4436791 secs] [Times: user=0.45 sys=0.00, real=0.44 secs] 
593.443: [GC [1 CMS-initial-mark: 164492K(174784K)] 164495K(253440K), 0.0014503 secs] [Times: user=0.00 sys=0.00, real=0.00 secs] 
593.445: [CMS-concurrent-mark-start]
593.526: [GC593.526: [ParNew: 69952K->69952K(78656K), 0.0000208 secs]593.526: [CMS593.692: [CMS-concurrent-mark: 0.220/0.247 secs] [Times: user=0.33 sys=0.00, real=0.25 secs] 
 (concurrent mode failure): 164492K->163757K(174784K), 0.6086277 secs] 234444K->163757K(253440K), [CMS Perm : 7335K->7335K(21248K)], 0.6089485 secs] [Times: user=0.61 sys=0.00, real=0.61 secs] 
594.164: [GC [1 CMS-initial-mark: 163757K(174784K)] 175826K(253440K), 0.0097403 secs] [Times: user=0.02 sys=0.00, real=0.01 secs] 
594.174: [CMS-concurrent-mark-start]
594.218: [GC594.218: [ParNew: 69952K->69952K(78656K), 0.0000215 secs]594.218: [CMS594.395: [CMS-concurrent-mark: 0.218/0.220 secs] [Times: user=0.25 sys=0.00, real=0.22 secs] 
 (concurrent mode failure): 163757K->164245K(174784K), 0.6192647 secs] 233709K->164245K(253440K), [CMS Perm : 7335K->7335K(21248K)], 0.6195826 secs] [Times: user=0.62 sys=0.00, real=0.62 secs] 
594.913: [GC594.913: [ParNew: 69952K->69952K(78656K), 0.0000202 secs]594.913: [CMS: 164245K->165688K(174784K), 0.4484408 secs] 234197K->165688K(253440K), [CMS Perm : 7335K->7335K(21248K)], 0.4488176 secs] [Times: user=0.45 sys=0.00, real=0.45 secs] 
595.362: [GC [1 CMS-initial-mark: 165688K(174784K)] 165729K(253440K), 0.0015016 secs] [Times: user=0.00 sys=0.00, real=0.00 secs] 
595.363: [CMS-concurrent-mark-start]
595.434: [GC595.434: [ParNew: 69952K->69952K(78656K), 0.0000372 secs]595.434: [CMS595.602: [CMS-concurrent-mark: 0.218/0.239 secs] [Times: user=0.31 sys=0.00, real=0.24 secs] 
 (concurrent mode failure): 165688K->166214K(174784K), 0.6218061 secs] 235640K->166214K(253440K), [CMS Perm : 7335K->7335K(21248K)], 0.6221211 secs] [Times: user=0.62 sys=0.00, real=0.62 secs] 
596.116: [GC [1 CMS-initial-mark: 166214K(174784K)] 216010K(253440K), 0.0321092 secs] [Times: user=0.03 sys=0.00, real=0.03 secs] 
596.148: [CMS-concurrent-mark-start]
596.162: [GC596.162: [ParNew: 69952K->69952K(78656K), 0.0000208 secs]596.162: [CMS596.372: [CMS-concurrent-mark: 0.221/0.223 secs] [Times: user=0.27 sys=0.00, real=0.22 secs] 
 (concurrent mode failure): 166214K->172272K(174784K), 0.6743689 secs] 236166K->172272K(253440K), [CMS Perm : 7335K->7335K(21248K)], 0.6748054 secs] [Times: user=0.67 sys=0.00, real=0.67 secs] 
596.871: [GC [1 CMS-initial-mark: 172272K(174784K)] 207048K(253440K), 0.0227243 secs] [Times: user=0.03 sys=0.00, real=0.02 secs] 
596.894: [CMS-concurrent-mark-start]
596.928: [GC596.928: [ParNew: 69952K->69952K(78656K), 0.0000208 secs]596.928: [CMS597.123: [CMS-concurrent-mark: 0.226/0.229 secs] [Times: user=0.31 sys=0.00, real=0.23 secs] 
 (concurrent mode failure): 172272K->165583K(174784K), 0.6484541 secs] 242224K->165583K(253440K), [CMS Perm : 7335K->7335K(21248K)], 0.6488604 secs] [Times: user=0.66 sys=0.00, real=0.65 secs] 
597.607: [GC [1 CMS-initial-mark: 165583K(174784K)] 176562K(253440K), 0.0082515 secs] [Times: user=0.00 sys=0.00, real=0.01 secs] 
597.615: [CMS-concurrent-mark-start]
597.663: [GC597.663: [ParNew: 69952K->69952K(78656K), 0.0000443 secs]597.663: [CMS597.839: [CMS-concurrent-mark: 0.221/0.223 secs] [Times: user=0.31 sys=0.00, real=0.22 secs] 
 (concurrent mode failure): 165583K->168021K(174784K), 0.6330294 secs] 235535K->168021K(253440K), [CMS Perm : 7335K->7335K(21248K)], 0.6335560 secs] [Times: user=0.61 sys=0.00, real=0.63 secs] 
598.338: [GC [1 CMS-initial-mark: 168021K(174784K)] 189878K(253440K), 0.0151373 secs] [Times: user=0.02 sys=0.00, real=0.02 secs] 
598.353: [CMS-concurrent-mark-start]
598.390: [GC598.390: [ParNew: 69952K->69952K(78656K), 0.0000208 secs]598.390: [CMS598.581: [CMS-concurrent-mark: 0.225/0.228 secs] [Times: user=0.33 sys=0.00, real=0.23 secs] 
 (concurrent mode failure): 168021K->171393K(174784K), 0.6573438 secs] 237973K->171393K(253440K), [CMS Perm : 7335K->7335K(21248K)], 0.6577219 secs] [Times: user=0.64 sys=0.00, real=0.66 secs] 
599.124: [GC [1 CMS-initial-mark: 171393K(174784K)] 234899K(253440K), 0.0412330 secs] [Times: user=0.03 sys=0.00, real=0.04 secs] 
599.165: [CMS-concurrent-mark-start]
599.171: [GC599.171: [ParNew: 69952K->69952K(78656K), 0.0000202 secs]599.171: [CMS599.392: [CMS-concurrent-mark: 0.225/0.227 secs] [Times: user=0.23 sys=0.00, real=0.23 secs] 
 (concurrent mode failure): 171393K->171215K(174784K), 0.6872191 secs] 241345K->171215K(253440K), [CMS Perm : 7338K->7338K(21248K)], 0.6876207 secs] [Times: user=0.69 sys=0.00, real=0.69 secs] 
599.921: [GC599.921: [ParNew: 69952K->69952K(78656K), 0.0000199 secs] 241167K->241167K(253440K), 0.0002810 secs] [Times: user=0.00 sys=0.00, real=0.00 secs] 
599.921: [Full GC599.921: [CMS: 171215K->166390K(174784K), 0.4599242 secs] 241167K->166390K(253440K), [CMS Perm : 7338K->7280K(21248K)], 0.4601102 secs] [Times: user=0.45 sys=0.00, real=0.46 secs] 
600.382: [GC [1 CMS-initial-mark: 166390K(174784K)] 166427K(253440K), 0.0014801 secs] [Times: user=0.02 sys=0.00, real=0.00 secs] 
600.384: [CMS-concurrent-mark-start]
600.457: [GC600.458: [ParNew: 69952K->69952K(78656K), 0.0000205 secs]600.458: [CMS600.630: [CMS-concurrent-mark: 0.223/0.246 secs] [Times: user=0.34 sys=0.00, real=0.25 secs] 
 (concurrent mode failure): 166390K->167675K(174784K), 0.6278379 secs] 236342K->167675K(253440K), [CMS Perm : 7330K->7330K(21248K)], 0.6282972 secs] [Times: user=0.64 sys=0.00, real=0.63 secs] 
601.159: [GC601.159: [ParNew: 69952K->69952K(78656K), 0.0000205 secs]601.159: [CMS: 167675K->162171K(174784K), 0.4436072 secs] 237627K->162171K(253440K), [CMS Perm : 7330K->7330K(21248K)], 0.4439895 secs] [Times: user=0.45 sys=0.00, real=0.44 secs] 
601.603: [GC [1 CMS-initial-mark: 162171K(174784K)] 162173K(253440K), 0.0014756 secs] [Times: user=0.00 sys=0.00, real=0.00 secs] 
601.605: [CMS-concurrent-mark-start]
601.670: [GC601.670: [ParNew: 69952K->69952K(78656K), 0.0000196 secs]601.670: [CMS601.820: [CMS-concurrent-mark: 0.213/0.215 secs] [Times: user=0.34 sys=0.00, real=0.22 secs] 
 (concurrent mode failure): 162171K->165395K(174784K), 0.6018439 secs] 232123K->165395K(253440K), [CMS Perm : 7330K->7330K(21248K)], 0.6022284 secs] [Times: user=0.61 sys=0.00, real=0.60 secs] 
602.303: [GC [1 CMS-initial-mark: 165395K(174784K)] 181344K(253440K), 0.0117932 secs] [Times: user=0.00 sys=0.00, real=0.01 secs] 
602.315: [CMS-concurrent-mark-start]
602.356: [GC602.356: [ParNew: 69952K->69952K(78656K), 0.0000192 secs]602.356: [CMS602.537: [CMS-concurrent-mark: 0.219/0.222 secs] [Times: user=0.34 sys=0.00, real=0.22 secs] 
 (concurrent mode failure): 165395K->168599K(174784K), 0.6434095 secs] 235347K->168599K(253440K), [CMS Perm : 7330K->7330K(21248K)], 0.6437751 secs] [Times: user=0.64 sys=0.00, real=0.64 secs] 
603.069: [GC603.069: [ParNew: 69952K->69952K(78656K), 0.0000192 secs]603.069: [CMS: 168599K->167085K(174784K), 0.4558959 secs] 238551K->167085K(253440K), [CMS Perm : 7333K->7333K(21248K)], 0.4562708 secs] [Times: user=0.45 sys=0.00, real=0.46 secs] 
603.526: [GC [1 CMS-initial-mark: 167085K(174784K)] 167104K(253440K), 0.0017922 secs] [Times: user=0.00 sys=0.00, real=0.00 secs] 
603.528: [CMS-concurrent-mark-start]
603.608: [GC603.608: [ParNew: 69952K->69952K(78656K), 0.0000196 secs]603.608: [CMS603.779: [CMS-concurrent-mark: 0.222/0.251 secs] [Times: user=0.36 sys=0.00, real=0.25 secs] 
 (concurrent mode failure): 167085K->167651K(174784K), 0.6268004 secs] 237037K->167651K(253440K), [CMS Perm : 7333K->7333K(21248K)], 0.6271394 secs] [Times: user=0.62 sys=0.00, real=0.63 secs] 
604.267: [GC [1 CMS-initial-mark: 167651K(174784K)] 179638K(253440K), 0.0095209 secs] [Times: user=0.00 sys=0.00, real=0.01 secs] 
604.277: [CMS-concurrent-mark-start]
604.319: [GC604.319: [ParNew: 69952K->69952K(78656K), 0.0000192 secs]604.319: [CMS604.502: [CMS-concurrent-mark: 0.223/0.225 secs] [Times: user=0.33 sys=0.00, real=0.23 secs] 
 (concurrent mode failure): 167651K->168825K(174784K), 0.6396776 secs] 237603K->168825K(253440K), [CMS Perm : 7333K->7333K(21248K)], 0.6399877 secs] [Times: user=0.64 sys=0.00, real=0.64 secs] 
605.028: [GC605.028: [ParNew: 69952K->69952K(78656K), 0.0000199 secs]605.028: [CMS: 168825K->165726K(174784K), 0.4517843 secs] 238777K->165726K(253440K), [CMS Perm : 7333K->7333K(21248K)], 0.4521845 secs] [Times: user=0.45 sys=0.00, real=0.45 secs] 
605.480: [GC [1 CMS-initial-mark: 165726K(174784K)] 165787K(253440K), 0.0015199 secs] [Times: user=0.00 sys=0.00, real=0.00 secs] 
605.482: [CMS-concurrent-mark-start]
605.559: [GC605.559: [ParNew: 69952K->69952K(78656K), 0.0000212 secs]605.559: [CMS605.729: [CMS-concurrent-mark: 0.221/0.247 secs] [Times: user=0.33 sys=0.02, real=0.25 secs] 
 (concurrent mode failure): 165726K->165707K(174784K), 0.6182689 secs] 235678K->165707K(253440K), [CMS Perm : 7333K->7333K(21248K)], 0.6185896 secs] [Times: user=0.62 sys=0.00, real=0.62 secs] 
606.208: [GC [1 CMS-initial-mark: 165707K(174784K)] 178260K(253440K), 0.0097518 secs] [Times: user=0.02 sys=0.00, real=0.01 secs] 
606.218: [CMS-concurrent-mark-start]
606.264: [GC606.264: [ParNew: 69952K->69952K(78656K), 0.0000234 secs] 235659K->235659K(253440K), 0.0002482 secs] [Times: user=0.00 sys=0.00, real=0.00 secs] 
606.264: [Full GC606.264: [CMS606.440: [CMS-concurrent-mark: 0.220/0.222 secs] [Times: user=0.30 sys=0.00, real=0.22 secs] 
 (concurrent mode failure): 165707K->165412K(174784K), 0.6260111 secs] 235659K->165412K(253440K), [CMS Perm : 7335K->7280K(21248K)], 0.6262150 secs] [Times: user=0.62 sys=0.00, real=0.63 secs] 
Heap
 par new generation   total 78656K, used 1773K [0x00000000eae00000, 0x00000000f0350000, 0x00000000f0350000)
  eden space 69952K,   2% used [0x00000000eae00000, 0x00000000eafbce08, 0x00000000ef250000)
  from space 8704K,   0% used [0x00000000efad0000, 0x00000000efad0000, 0x00000000f0350000)
  to   space 8704K,   0% used [0x00000000ef250000, 0x00000000ef250000, 0x00000000efad0000)
 concurrent mark-sweep generation total 174784K, used 165412K [0x00000000f0350000, 0x00000000fae00000, 0x00000000fae00000)
 concurrent-mark-sweep perm gen total 21248K, used 7290K [0x00000000fae00000, 0x00000000fc2c0000, 0x0000000100000000)
