0.068: [GC [PSYoungGen: 65536K->800K(76288K)] 65536K->808K(249856K), 0.0012633 secs] [Times: user=0.00 sys=0.00, real=0.00 secs] 
0.108: [GC [PSYoungGen: 66336K->4640K(141824K)] 66344K->4648K(315392K), 0.0033775 secs] [Times: user=0.00 sys=0.00, real=0.00 secs] 
0.188: [GC [PSYoungGen: 135712K->10752K(141824K)] 135720K->54344K(315392K), 0.0395143 secs] [Times: user=0.09 sys=0.03, real=0.04 secs] 
0.329: [GC [PSYoungGen: 141824K->10752K(272896K)] 185416K->140708K(446464K), 0.0796039 secs] [Times: user=0.28 sys=0.01, real=0.08 secs] 
0.409: [Full GC [PSYoungGen: 10752K->0K(272896K)] [ParOldGen: 129956K->127622K(336384K)] 140708K->127622K(609280K) [PSPermGen: 2603K->2602K(21504K)], 0.6289238 secs] [Times: user=2.23 sys=0.00, real=0.63 secs] 
1.275: [GC [PSYoungGen: 262144K->10752K(272896K)] 389766K->337430K(609280K), 0.1858856 secs] [Times: user=0.48 sys=0.13, real=0.19 secs] 
1.461: [Full GC [PSYoungGen: 10752K->0K(272896K)] [ParOldGen: 326678K->175127K(570368K)] 337430K->175127K(843264K) [PSPermGen: 2602K->2602K(21504K)], 0.6974751 secs] [Times: user=2.56 sys=0.00, real=0.70 secs] 
2.396: [GC [PSYoungGen: 262144K->197824K(445440K)] 437271K->372951K(1015808K), 0.1268122 secs] [Times: user=0.44 sys=0.11, real=0.13 secs] 
2.755: [GC [PSYoungGen: 431296K->232960K(466432K)] 606423K->477063K(1036800K), 0.1852387 secs] [Times: user=0.59 sys=0.09, real=0.19 secs] 
3.175: [GC [PSYoungGen: 466432K->232960K(466432K)] 710535K->583951K(1036800K), 0.2167318 secs] [Times: user=0.69 sys=0.08, real=0.22 secs] 
3.618: [GC [PSYoungGen: 466432K->232960K(466432K)] 817423K->757927K(1036800K), 0.2509811 secs] [Times: user=0.83 sys=0.11, real=0.25 secs] 
3.869: [Full GC [PSYoungGen: 232960K->0K(466432K)] [ParOldGen: 524967K->162818K(646144K)] 757927K->162818K(1112576K) [PSPermGen: 2602K->2602K(21504K)], 0.6880825 secs] [Times: user=2.51 sys=0.00, real=0.69 secs] 
4.778: [GC [PSYoungGen: 233472K->181696K(466432K)] 396290K->344514K(1112576K), 0.0963124 secs] [Times: user=0.30 sys=0.00, real=0.10 secs] 
5.108: [GC [PSYoungGen: 415168K->175424K(466432K)] 577986K->487026K(1112576K), 0.1942307 secs] [Times: user=0.72 sys=0.00, real=0.19 secs] 
5.522: [GC [PSYoungGen: 408896K->143808K(466432K)] 720498K->596282K(1112576K), 0.1664349 secs] [Times: user=0.53 sys=0.00, real=0.17 secs] 
5.689: [Full GC [PSYoungGen: 143808K->0K(466432K)] [ParOldGen: 452474K->166009K(759808K)] 596282K->166009K(1226240K) [PSPermGen: 2602K->2602K(21504K)], 0.7115836 secs] [Times: user=2.54 sys=0.00, real=0.71 secs] 
6.632: [GC [PSYoungGen: 233472K->198848K(466432K)] 399481K->364857K(1226240K), 0.0979651 secs] [Times: user=0.36 sys=0.00, real=0.10 secs] 
6.971: [GC [PSYoungGen: 432320K->171680K(466432K)] 598329K->492185K(1226240K), 0.1769064 secs] [Times: user=0.62 sys=0.00, real=0.18 secs] 
7.389: [GC [PSYoungGen: 405152K->166976K(466432K)] 725657K->603865K(1226240K), 0.1540625 secs] [Times: user=0.56 sys=0.00, real=0.15 secs] 
7.778: [GC [PSYoungGen: 400448K->157600K(466432K)] 837337K->706601K(1226240K), 0.1430333 secs] [Times: user=0.59 sys=0.01, real=0.14 secs] 
7.921: [Full GC [PSYoungGen: 157600K->0K(466432K)] [ParOldGen: 549001K->165267K(838656K)] 706601K->165267K(1305088K) [PSPermGen: 2602K->2602K(21504K)], 0.7131593 secs] [Times: user=2.59 sys=0.00, real=0.71 secs] 
8.862: [GC [PSYoungGen: 233472K->192416K(466432K)] 398739K->357683K(1305088K), 0.0906389 secs] [Times: user=0.36 sys=0.00, real=0.09 secs] 
9.195: [GC [PSYoungGen: 425888K->179712K(466432K)] 591155K->496379K(1305088K), 0.1831293 secs] [Times: user=0.73 sys=0.00, real=0.18 secs] 
9.619: [GC [PSYoungGen: 413184K->162560K(466432K)] 729851K->601883K(1305088K), 0.1918471 secs] [Times: user=0.61 sys=0.00, real=0.19 secs] 
10.052: [GC [PSYoungGen: 396032K->160832K(466432K)] 835355K->703587K(1305088K), 0.1466295 secs] [Times: user=0.58 sys=0.00, real=0.15 secs] 
10.438: [GC [PSYoungGen: 394304K->163616K(466432K)] 937059K->815987K(1305088K), 0.1682903 secs] [Times: user=0.56 sys=0.08, real=0.17 secs] 
10.606: [Full GC [PSYoungGen: 163616K->0K(466432K)] [ParOldGen: 652371K->169168K(921088K)] 815987K->169168K(1387520K) [PSPermGen: 2602K->2602K(21504K)], 0.7372075 secs] [Times: user=2.65 sys=0.00, real=0.74 secs] 
11.586: [GC [PSYoungGen: 233472K->220160K(466432K)] 402640K->389328K(1387520K), 0.1029286 secs] [Times: user=0.37 sys=0.00, real=0.10 secs] 
11.925: [GC [PSYoungGen: 453632K->155264K(466432K)] 622800K->490744K(1387520K), 0.1854013 secs] [Times: user=0.72 sys=0.00, real=0.19 secs] 
12.342: [GC [PSYoungGen: 388736K->157440K(466432K)] 724216K->608392K(1387520K), 0.1704330 secs] [Times: user=0.53 sys=0.00, real=0.17 secs] 
12.747: [GC [PSYoungGen: 390912K->166912K(466432K)] 841864K->736168K(1387520K), 0.1582084 secs] [Times: user=0.50 sys=0.00, real=0.16 secs] 
13.148: [GC [PSYoungGen: 400384K->175328K(466432K)] 969640K->861040K(1387520K), 0.1604705 secs] [Times: user=0.59 sys=0.01, real=0.16 secs] 
13.523: [GC [PSYoungGen: 408800K->75168K(466432K)] 1094512K->916744K(1387520K), 0.1728631 secs] [Times: user=0.48 sys=0.09, real=0.17 secs] 
13.696: [Full GC [PSYoungGen: 75168K->0K(466432K)] [ParOldGen: 841576K->159970K(993280K)] 916744K->159970K(1459712K) [PSPermGen: 2602K->2602K(21504K)], 0.6688287 secs] [Times: user=2.29 sys=0.00, real=0.67 secs] 
14.604: [GC [PSYoungGen: 233472K->207808K(466432K)] 393442K->367778K(1459712K), 0.0960571 secs] [Times: user=0.37 sys=0.00, real=0.10 secs] 
14.934: [GC [PSYoungGen: 441280K->159520K(466432K)] 601250K->486058K(1459712K), 0.1827714 secs] [Times: user=0.73 sys=0.00, real=0.18 secs] 
15.360: [GC [PSYoungGen: 392992K->173600K(466432K)] 719530K->615018K(1459712K), 0.1527899 secs] [Times: user=0.62 sys=0.00, real=0.15 secs] 
15.752: [GC [PSYoungGen: 407072K->163968K(466432K)] 848490K->722690K(1459712K), 0.1523056 secs] [Times: user=0.55 sys=0.00, real=0.15 secs] 
16.144: [GC [PSYoungGen: 397440K->161152K(466432K)] 956162K->826866K(1459712K), 0.1491494 secs] [Times: user=0.53 sys=0.00, real=0.15 secs] 
16.533: [GC [PSYoungGen: 394624K->161440K(466432K)] 1060338K->939890K(1459712K), 0.1450618 secs] [Times: user=0.56 sys=0.00, real=0.14 secs] 
16.910: [GC [PSYoungGen: 394912K->157024K(458240K)] 1173362K->1052938K(1451520K), 0.1610041 secs] [Times: user=0.56 sys=0.02, real=0.16 secs] 
17.071: [Full GC [PSYoungGen: 157024K->0K(458240K)] [ParOldGen: 895914K->165189K(1051648K)] 1052938K->165189K(1509888K) [PSPermGen: 2602K->2602K(21504K)], 0.7103462 secs] [Times: user=2.61 sys=0.00, real=0.71 secs] 
18.016: [GC [PSYoungGen: 233472K->204320K(462336K)] 398661K->369509K(1513984K), 0.0935193 secs] [Times: user=0.34 sys=0.00, real=0.09 secs] 
18.350: [GC [PSYoungGen: 437792K->168000K(467968K)] 602981K->488349K(1519616K), 0.1849433 secs] [Times: user=0.69 sys=0.00, real=0.19 secs] 
18.776: [GC [PSYoungGen: 404032K->163552K(399872K)] 724381K->598293K(1451520K), 0.1659660 secs] [Times: user=0.61 sys=0.00, real=0.17 secs] 
19.187: [GC [PSYoungGen: 399584K->171424K(466944K)] 834325K->714181K(1518592K), 0.1559230 secs] [Times: user=0.56 sys=0.00, real=0.16 secs] 
19.593: [GC [PSYoungGen: 413088K->160832K(462336K)] 955845K->806357K(1513984K), 0.1399380 secs] [Times: user=0.56 sys=0.00, real=0.14 secs] 
19.977: [GC [PSYoungGen: 402496K->160672K(473600K)] 1048021K->909277K(1525248K), 0.1398527 secs] [Times: user=0.56 sys=0.00, real=0.14 secs] 
20.380: [GC [PSYoungGen: 417696K->176416K(470016K)] 1166301K->1029493K(1521664K), 0.1499076 secs] [Times: user=0.61 sys=0.00, real=0.15 secs] 
20.789: [GC [PSYoungGen: 433440K->158528K(483840K)] 1286517K->1107621K(1535488K), 0.1499143 secs] [Times: user=0.58 sys=0.00, real=0.15 secs] 
20.939: [Full GC [PSYoungGen: 158528K->0K(483840K)] [ParOldGen: 949093K->161872K(1090560K)] 1107621K->161872K(1574400K) [PSPermGen: 2602K->2602K(21504K)], 0.7023786 secs] [Times: user=2.51 sys=0.00, real=0.70 secs] 
21.916: [GC [PSYoungGen: 272384K->209408K(481792K)] 434256K->408872K(1572352K), 0.1184549 secs] [Times: user=0.42 sys=0.00, real=0.12 secs] 
22.316: [GC [PSYoungGen: 481792K->204960K(451072K)] 681256K->562592K(1541632K), 0.2162462 secs] [Times: user=0.75 sys=0.00, real=0.22 secs] 
22.774: [GC [PSYoungGen: 438432K->152256K(466432K)] 796064K->630944K(1556992K), 0.1693839 secs] [Times: user=0.59 sys=0.00, real=0.17 secs] 
23.185: [GC [PSYoungGen: 385728K->162688K(466432K)] 864416K->736080K(1556992K), 0.1325159 secs] [Times: user=0.50 sys=0.00, real=0.13 secs] 
23.560: [GC [PSYoungGen: 396160K->165536K(399360K)] 969552K->841192K(1489920K), 0.1392485 secs] [Times: user=0.56 sys=0.00, real=0.14 secs] 
23.935: [GC [PSYoungGen: 399008K->155264K(465408K)] 1074664K->947440K(1555968K), 0.1436215 secs] [Times: user=0.55 sys=0.00, real=0.14 secs] 
24.324: [GC [PSYoungGen: 391296K->175168K(462848K)] 1183472K->1075528K(1553408K), 0.1583390 secs] [Times: user=0.56 sys=0.00, real=0.16 secs] 
24.723: [GC [PSYoungGen: 411200K->158720K(468480K)] 1311560K->1175064K(1559040K), 0.1709439 secs] [Times: user=0.58 sys=0.02, real=0.17 secs] 
24.894: [Full GC [PSYoungGen: 158720K->0K(468480K)] [ParOldGen: 1016344K->163398K(1171456K)] 1175064K->163398K(1639936K) [PSPermGen: 2602K->2602K(21504K)], 0.7398399 secs] [Times: user=2.65 sys=0.00, real=0.74 secs] 
25.876: [GC [PSYoungGen: 245760K->175392K(465920K)] 409158K->338790K(1637376K), 0.0883576 secs] [Times: user=0.28 sys=0.00, real=0.09 secs] 
26.208: [GC [PSYoungGen: 421152K->151520K(475136K)] 584550K->463830K(1646592K), 0.1628701 secs] [Times: user=0.61 sys=0.00, real=0.16 secs] 
26.637: [GC [PSYoungGen: 409568K->185152K(473600K)] 721878K->607526K(1645056K), 0.1559416 secs] [Times: user=0.61 sys=0.00, real=0.16 secs] 
27.039: [GC [PSYoungGen: 443200K->135680K(480256K)] 865574K->693270K(1651712K), 0.1536882 secs] [Times: user=0.56 sys=0.00, real=0.15 secs] 
27.463: [GC [PSYoungGen: 398848K->189376K(452608K)] 956438K->841774K(1624064K), 0.1449582 secs] [Times: user=0.62 sys=0.00, real=0.14 secs] 
27.874: [GC [PSYoungGen: 452544K->162048K(481792K)] 1104942K->931598K(1653248K), 0.1530689 secs] [Times: user=0.47 sys=0.00, real=0.15 secs] 
28.292: [GC [PSYoungGen: 422656K->168288K(429056K)] 1192206K->1029726K(1600512K), 0.1359797 secs] [Times: user=0.56 sys=0.00, real=0.14 secs] 
28.692: [GC [PSYoungGen: 428896K->159136K(475648K)] 1290334K->1112662K(1647104K), 0.1398780 secs] [Times: user=0.55 sys=0.00, real=0.14 secs] 
29.095: [GC [PSYoungGen: 422304K->157632K(473088K)] 1375830K->1199742K(1644544K), 0.1375121 secs] [Times: user=0.47 sys=0.05, real=0.14 secs] 
29.233: [Full GC [PSYoungGen: 157632K->0K(473088K)] [ParOldGen: 1042110K->161387K(1238528K)] 1199742K->161387K(1711616K) [PSPermGen: 2602K->2602K(21504K)], 0.7187484 secs] [Times: user=2.43 sys=0.00, real=0.72 secs] 
30.216: [GC [PSYoungGen: 263168K->207360K(452096K)] 424555K->393099K(1690624K), 0.1118115 secs] [Times: user=0.41 sys=0.00, real=0.11 secs] 
30.580: [GC [PSYoungGen: 452096K->185312K(472064K)] 637835K->535611K(1710592K), 0.1971425 secs] [Times: user=0.70 sys=0.00, real=0.20 secs] 
31.023: [GC [PSYoungGen: 430048K->161920K(464896K)] 780347K->642459K(1703424K), 0.1574612 secs] [Times: user=0.69 sys=0.00, real=0.16 secs] 
31.435: [GC [PSYoungGen: 407680K->169184K(468992K)] 888219K->748859K(1707520K), 0.1413075 secs] [Times: user=0.53 sys=0.00, real=0.14 secs] 
31.832: [GC [PSYoungGen: 414944K->162528K(470016K)] 994619K->836611K(1708544K), 0.1600295 secs] [Times: user=0.56 sys=0.00, real=0.16 secs] 
32.257: [GC [PSYoungGen: 419552K->171168K(473088K)] 1093635K->939379K(1711616K), 0.1378325 secs] [Times: user=0.50 sys=0.00, real=0.14 secs] 
32.662: [GC [PSYoungGen: 428192K->167520K(478208K)] 1196403K->1028803K(1716736K), 0.1374117 secs] [Times: user=0.47 sys=0.00, real=0.14 secs] 
33.072: [GC [PSYoungGen: 438880K->161792K(480256K)] 1300163K->1104987K(1718784K), 0.1277231 secs] [Times: user=0.47 sys=0.00, real=0.13 secs] 
33.479: [GC [PSYoungGen: 433152K->165280K(485888K)] 1376347K->1187435K(1724416K), 0.1265598 secs] [Times: user=0.50 sys=0.00, real=0.13 secs] 
33.895: [GC [PSYoungGen: 449440K->165632K(487936K)] 1471595K->1264907K(1726464K), 0.1509002 secs] [Times: user=0.50 sys=0.00, real=0.15 secs] 
34.046: [Full GC [PSYoungGen: 165632K->0K(487936K)] [ParOldGen: 1099275K->166536K(1324032K)] 1264907K->166536K(1811968K) [PSPermGen: 2602K->2602K(21504K)], 0.7350997 secs] [Times: user=2.65 sys=0.00, real=0.74 secs] 
35.064: [GC [PSYoungGen: 284160K->201216K(444928K)] 450696K->416640K(1768960K), 0.1315881 secs] [Times: user=0.47 sys=0.02, real=0.13 secs] 
35.449: [GC [PSYoungGen: 444928K->190400K(471552K)] 660352K->560400K(1795584K), 0.1850196 secs] [Times: user=0.72 sys=0.00, real=0.18 secs] 
35.884: [GC [PSYoungGen: 434112K->160416K(467456K)] 804112K->651432K(1791488K), 0.1636937 secs] [Times: user=0.64 sys=0.00, real=0.16 secs] 
36.300: [GC [PSYoungGen: 404128K->169376K(469504K)] 895144K->759408K(1793536K), 0.1410791 secs] [Times: user=0.55 sys=0.00, real=0.14 secs] 
36.695: [GC [PSYoungGen: 413088K->162144K(471040K)] 1003120K->850688K(1795072K), 0.1418027 secs] [Times: user=0.53 sys=0.00, real=0.14 secs] 
37.088: [GC [PSYoungGen: 413536K->154784K(471552K)] 1102080K->945328K(1795584K), 0.1375063 secs] [Times: user=0.56 sys=0.00, real=0.14 secs] 
37.485: [GC [PSYoungGen: 406176K->176064K(472576K)] 1196720K->1066536K(1796608K), 0.1423335 secs] [Times: user=0.50 sys=0.00, real=0.14 secs] 
37.897: [GC [PSYoungGen: 436160K->165536K(475648K)] 1326632K->1156568K(1799680K), 0.1596366 secs] [Times: user=0.58 sys=0.00, real=0.16 secs] 
38.325: [GC [PSYoungGen: 425632K->168128K(477696K)] 1416664K->1244608K(1801728K), 0.1305060 secs] [Times: user=0.50 sys=0.00, real=0.13 secs] 
38.736: [GC [PSYoungGen: 439488K->165600K(480768K)] 1515968K->1323816K(1804800K), 0.1442366 secs] [Times: user=0.47 sys=0.05, real=0.14 secs] 
39.153: [GC [PSYoungGen: 436960K->158880K(486400K)] 1595176K->1394152K(1810432K), 0.1345938 secs] [Times: user=0.47 sys=0.03, real=0.13 secs] 
39.288: [Full GC [PSYoungGen: 158880K->0K(486400K)] [ParOldGen: 1235272K->164945K(1387008K)] 1394152K->164945K(1873408K) [PSPermGen: 2602K->2602K(21504K)], 0.7492344 secs] [Times: user=2.70 sys=0.00, real=0.75 secs] 
40.326: [GC [PSYoungGen: 283136K->205312K(488448K)] 448081K->426793K(1875456K), 0.1331452 secs] [Times: user=0.48 sys=0.00, real=0.13 secs] 
40.751: [GC [PSYoungGen: 488448K->210944K(444416K)] 709929K->597377K(1831424K), 0.2080425 secs] [Times: user=0.76 sys=0.02, real=0.21 secs] 
41.183: [GC [PSYoungGen: 444416K->135360K(466432K)] 830849K->664337K(1853440K), 0.1582684 secs] [Times: user=0.58 sys=0.00, real=0.16 secs] 
41.584: [GC [PSYoungGen: 368832K->181152K(466432K)] 897809K->801873K(1853440K), 0.1465365 secs] [Times: user=0.61 sys=0.00, real=0.15 secs] 
41.973: [GC [PSYoungGen: 414624K->162368K(466432K)] 1035345K->906633K(1853440K), 0.1760757 secs] [Times: user=0.59 sys=0.00, real=0.18 secs] 
42.391: [GC [PSYoungGen: 395840K->166240K(466432K)] 1140105K->1017041K(1853440K), 0.1445920 secs] [Times: user=0.55 sys=0.00, real=0.14 secs] 
42.779: [GC [PSYoungGen: 399712K->163584K(466432K)] 1250513K->1121817K(1853440K), 0.1486837 secs] [Times: user=0.59 sys=0.00, real=0.15 secs] 
43.163: [GC [PSYoungGen: 397056K->155840K(466432K)] 1355289K->1226673K(1853440K), 0.1479108 secs] [Times: user=0.45 sys=0.00, real=0.15 secs] 
43.552: [GC [PSYoungGen: 389312K->170656K(466432K)] 1460145K->1348233K(1853440K), 0.1465384 secs] [Times: user=0.50 sys=0.00, real=0.15 secs] 
43.941: [GC [PSYoungGen: 404128K->163872K(466432K)] 1581705K->1453985K(1853440K), 0.1767024 secs] [Times: user=0.58 sys=0.02, real=0.18 secs] 
44.118: [Full GC [PSYoungGen: 163872K->0K(466432K)] [ParOldGen: 1290113K->163867K(1397760K)] 1453985K->163867K(1864192K) [PSPermGen: 2602K->2602K(21504K)], 0.7132468 secs] [Times: user=2.59 sys=0.00, real=0.71 secs] 
45.066: [GC [PSYoungGen: 233472K->204064K(466432K)] 397339K->367931K(1864192K), 0.0979622 secs] [Times: user=0.34 sys=0.00, real=0.10 secs] 
45.395: [GC [PSYoungGen: 437536K->165568K(466432K)] 601403K->493587K(1864192K), 0.1835190 secs] [Times: user=0.75 sys=0.00, real=0.18 secs] 
45.822: [GC [PSYoungGen: 399040K->174464K(466432K)] 727059K->616395K(1864192K), 0.1575301 secs] [Times: user=0.62 sys=0.00, real=0.16 secs] 
46.215: [GC [PSYoungGen: 407936K->154496K(466432K)] 849867K->712003K(1864192K), 0.1460317 secs] [Times: user=0.62 sys=0.00, real=0.15 secs] 
46.604: [GC [PSYoungGen: 387968K->168416K(466432K)] 945475K->830891K(1864192K), 0.1441798 secs] [Times: user=0.58 sys=0.00, real=0.14 secs] 
46.990: [GC [PSYoungGen: 401888K->166592K(466432K)] 1064363K->939979K(1864192K), 0.1604131 secs] [Times: user=0.59 sys=0.00, real=0.16 secs] 
47.390: [GC [PSYoungGen: 400064K->163904K(397824K)] 1173451K->1045779K(1795584K), 0.1466949 secs] [Times: user=0.56 sys=0.00, real=0.15 secs] 
47.780: [GC [PSYoungGen: 397376K->164192K(468992K)] 1279251K->1152211K(1866752K), 0.1478800 secs] [Times: user=0.53 sys=0.00, real=0.15 secs] 
48.165: [GC [PSYoungGen: 401760K->157696K(464896K)] 1389779K->1259475K(1862656K), 0.1481404 secs] [Times: user=0.59 sys=0.00, real=0.15 secs] 
48.560: [GC [PSYoungGen: 395264K->173568K(467968K)] 1497043K->1383467K(1865728K), 0.1542530 secs] [Times: user=0.55 sys=0.00, real=0.15 secs] 
48.967: [GC [PSYoungGen: 418304K->165376K(464896K)] 1628203K->1483891K(1862656K), 0.1493870 secs] [Times: user=0.55 sys=0.00, real=0.15 secs] 
49.117: [Full GC [PSYoungGen: 165376K->0K(464896K)] [ParOldGen: 1318515K->165426K(1397760K)] 1483891K->165426K(1862656K) [PSPermGen: 2602K->2602K(21504K)], 0.7301269 secs] [Times: user=2.70 sys=0.00, real=0.73 secs] 
50.100: [GC [PSYoungGen: 244736K->216064K(449536K)] 410162K->397498K(1847296K), 0.1280425 secs] [Times: user=0.50 sys=0.00, real=0.13 secs] 
50.465: [GC [PSYoungGen: 449536K->168384K(466432K)] 630970K->518602K(1864192K), 0.1951210 secs] [Times: user=0.72 sys=0.00, real=0.19 secs] 
50.903: [GC [PSYoungGen: 401856K->173184K(454144K)] 752074K->641762K(1851904K), 0.1620436 secs] [Times: user=0.61 sys=0.00, real=0.16 secs] 
51.304: [GC [PSYoungGen: 409728K->155904K(461824K)] 878306K->736810K(1859584K), 0.1469169 secs] [Times: user=0.53 sys=0.00, real=0.15 secs] 
51.697: [GC [PSYoungGen: 392448K->170560K(463360K)] 973354K->851610K(1861120K), 0.1468620 secs] [Times: user=0.53 sys=0.00, real=0.15 secs] 
52.105: [GC [PSYoungGen: 420928K->168352K(469504K)] 1101978K->952434K(1867264K), 0.1631992 secs] [Times: user=0.56 sys=0.00, real=0.16 secs] 
52.525: [GC [PSYoungGen: 418720K->162176K(472576K)] 1202802K->1041794K(1870336K), 0.1405647 secs] [Times: user=0.53 sys=0.00, real=0.14 secs] 
52.939: [GC [PSYoungGen: 426880K->171008K(477696K)] 1306498K->1142258K(1875456K), 0.1413925 secs] [Times: user=0.53 sys=0.00, real=0.14 secs] 
53.346: [GC [PSYoungGen: 435712K->156640K(482816K)] 1406962K->1218514K(1880576K), 0.1354575 secs] [Times: user=0.55 sys=0.00, real=0.14 secs] 
53.766: [GC [PSYoungGen: 433632K->170048K(485376K)] 1495506K->1313194K(1883136K), 0.1354303 secs] [Times: user=0.56 sys=0.00, real=0.13 secs] 
54.184: [GC [PSYoungGen: 447040K->166880K(487424K)] 1590186K->1390074K(1885184K), 0.1367924 secs] [Times: user=0.55 sys=0.00, real=0.14 secs] 
54.608: [GC [PSYoungGen: 453600K->158400K(488448K)] 1676794K->1458810K(1886208K), 0.1286993 secs] [Times: user=0.55 sys=0.00, real=0.13 secs] 
54.737: [Full GC [PSYoungGen: 158400K->0K(488448K)] [ParOldGen: 1300410K->160407K(1397760K)] 1458810K->160407K(1886208K) [PSPermGen: 2602K->2602K(21504K)], 0.7044187 secs] [Times: user=2.57 sys=0.00, real=0.70 secs] 
55.729: [GC [PSYoungGen: 286720K->200192K(445952K)] 447127K->409359K(1843712K), 0.1305473 secs] [Times: user=0.53 sys=0.00, real=0.13 secs] 
56.111: [GC [PSYoungGen: 445952K->193120K(439296K)] 655119K->565623K(1837056K), 0.1968112 secs] [Times: user=0.69 sys=0.00, real=0.20 secs] 
56.554: [GC [PSYoungGen: 438880K->159136K(473088K)] 811383K->662951K(1870848K), 0.1575317 secs] [Times: user=0.61 sys=0.00, real=0.16 secs] 
56.960: [GC [PSYoungGen: 404384K->164416K(410112K)] 908199K->771159K(1807872K), 0.1459053 secs] [Times: user=0.45 sys=0.00, real=0.15 secs] 
57.360: [GC [PSYoungGen: 409664K->163136K(471040K)] 1016407K->871111K(1868800K), 0.1391493 secs] [Times: user=0.56 sys=0.00, real=0.14 secs] 
57.751: [GC [PSYoungGen: 410944K->162336K(468480K)] 1118919K->975927K(1866240K), 0.1406426 secs] [Times: user=0.56 sys=0.00, real=0.14 secs] 
58.140: [GC [PSYoungGen: 410144K->164512K(475648K)] 1223735K->1085767K(1873408K), 0.1439688 secs] [Times: user=0.55 sys=0.00, real=0.14 secs] 
58.549: [GC [PSYoungGen: 423072K->166080K(473600K)] 1344327K->1185127K(1871360K), 0.1424422 secs] [Times: user=0.55 sys=0.00, real=0.14 secs] 
58.956: [GC [PSYoungGen: 424640K->167072K(480768K)] 1443687K->1286455K(1878528K), 0.1453694 secs] [Times: user=0.42 sys=0.00, real=0.14 secs] 
59.382: [GC [PSYoungGen: 437920K->171488K(479232K)] 1557303K->1384191K(1876992K), 0.1633249 secs] [Times: user=0.61 sys=0.00, real=0.16 secs] 
59.821: [GC [PSYoungGen: 442336K->158304K(486912K)] 1655039K->1451367K(1884672K), 0.1250765 secs] [Times: user=0.50 sys=0.00, real=0.13 secs] 
59.946: [Full GC [PSYoungGen: 158304K->0K(486912K)] [ParOldGen: 1293063K->160568K(1397760K)] 1451367K->160568K(1884672K) [PSPermGen: 2602K->2602K(21504K)], 0.7131647 secs] [Times: user=2.53 sys=0.00, real=0.71 secs] 
60.945: [GC [PSYoungGen: 282112K->203776K(485888K)] 442680K->405136K(1883648K), 0.1224543 secs] [Times: user=0.42 sys=0.00, real=0.12 secs] 
61.356: [GC [PSYoungGen: 485888K->210944K(446976K)] 687248K->570504K(1844736K), 0.2046057 secs] [Times: user=0.75 sys=0.00, real=0.20 secs] 
61.794: [GC [PSYoungGen: 444416K->143840K(466432K)] 803976K->638624K(1864192K), 0.1508223 secs] [Times: user=0.62 sys=0.00, real=0.15 secs] 
62.187: [GC [PSYoungGen: 377312K->176032K(461312K)] 872096K->768040K(1859072K), 0.1457145 secs] [Times: user=0.56 sys=0.00, real=0.15 secs] 
62.574: [GC [PSYoungGen: 409504K->160128K(463872K)] 1001512K->867632K(1861632K), 0.1629714 secs] [Times: user=0.55 sys=0.00, real=0.16 secs] 
62.980: [GC [PSYoungGen: 393600K->162464K(462848K)] 1101104K->972680K(1860608K), 0.1419784 secs] [Times: user=0.51 sys=0.00, real=0.14 secs] 
63.370: [GC [PSYoungGen: 403616K->173504K(465920K)] 1213832K->1091952K(1863680K), 0.1532257 secs] [Times: user=0.61 sys=0.00, real=0.15 secs] 
63.766: [GC [PSYoungGen: 414656K->156064K(473088K)] 1333104K->1181984K(1870848K), 0.1426471 secs] [Times: user=0.59 sys=0.00, real=0.14 secs] 
64.170: [GC [PSYoungGen: 410528K->172480K(473088K)] 1436448K->1295328K(1870848K), 0.1408331 secs] [Times: user=0.55 sys=0.00, real=0.14 secs] 
64.572: [GC [PSYoungGen: 426944K->165408K(477696K)] 1549792K->1389392K(1875456K), 0.1458242 secs] [Times: user=0.51 sys=0.00, real=0.15 secs] 
64.987: [GC [PSYoungGen: 430624K->161888K(476160K)] 1654608K->1473032K(1873920K), 0.1362574 secs] [Times: user=0.47 sys=0.00, real=0.14 secs] 
65.123: [Full GC [PSYoungGen: 161888K->0K(476160K)] [ParOldGen: 1311144K->163745K(1397760K)] 1473032K->163745K(1873920K) [PSPermGen: 2602K->2602K(21504K)], 0.7397860 secs] [Times: user=2.62 sys=0.00, real=0.74 secs] 
66.133: [GC [PSYoungGen: 265216K->208384K(443904K)] 428961K->407161K(1841664K), 0.1237801 secs] [Times: user=0.48 sys=0.00, real=0.12 secs] 
66.499: [GC [PSYoungGen: 443904K->181504K(467456K)] 642681K->543769K(1865216K), 0.1975011 secs] [Times: user=0.73 sys=0.00, real=0.20 secs] 
66.934: [GC [PSYoungGen: 417024K->161376K(459264K)] 779289K->651281K(1857024K), 0.1618140 secs] [Times: user=0.55 sys=0.00, real=0.16 secs] 
67.342: [GC [PSYoungGen: 400992K->164544K(465408K)] 890897K->758857K(1863168K), 0.1460076 secs] [Times: user=0.56 sys=0.00, real=0.15 secs] 
67.735: [GC [PSYoungGen: 404160K->165056K(464384K)] 998473K->869065K(1862144K), 0.1543319 secs] [Times: user=0.56 sys=0.00, real=0.15 secs] 
68.146: [GC [PSYoungGen: 415936K->170080K(470528K)] 1119945K->979921K(1868288K), 0.1517171 secs] [Times: user=0.61 sys=0.00, real=0.15 secs] 
68.556: [GC [PSYoungGen: 420960K->165472K(472064K)] 1230801K->1070737K(1869824K), 0.1382889 secs] [Times: user=0.50 sys=0.00, real=0.14 secs] 
68.958: [GC [PSYoungGen: 429152K->164448K(477184K)] 1334417K->1163745K(1874944K), 0.1402744 secs] [Times: user=0.56 sys=0.00, real=0.14 secs] 
69.370: [GC [PSYoungGen: 428128K->171264K(475136K)] 1427425K->1262641K(1872896K), 0.1428732 secs] [Times: user=0.51 sys=0.00, real=0.14 secs] 
69.788: [GC [PSYoungGen: 446208K->160480K(481792K)] 1537585K->1342113K(1879552K), 0.1468001 secs] [Times: user=0.58 sys=0.00, real=0.15 secs] 
70.216: [GC [PSYoungGen: 435424K->162688K(486912K)] 1617057K->1419865K(1884672K), 0.1221332 secs] [Times: user=0.50 sys=0.00, real=0.12 secs] 
70.338: [Full GC [PSYoungGen: 162688K->0K(486912K)] [ParOldGen: 1257177K->157111K(1397760K)] 1419865K->157111K(1884672K) [PSPermGen: 2602K->2602K(21504K)], 0.7140576 secs] [Times: user=2.57 sys=0.00, real=0.71 secs] 
71.347: [GC [PSYoungGen: 287232K->203264K(490496K)] 444343K->425111K(1888256K), 0.1359547 secs] [Times: user=0.55 sys=0.00, real=0.14 secs] 
71.778: [GC [PSYoungGen: 490496K->208896K(442368K)] 712343K->609487K(1840128K), 0.2165505 secs] [Times: user=0.80 sys=0.02, real=0.22 secs] 
72.232: [GC [PSYoungGen: 442368K->157280K(466432K)] 842959K->696047K(1864192K), 0.1597286 secs] [Times: user=0.59 sys=0.00, real=0.16 secs] 
72.629: [GC [PSYoungGen: 390752K->158624K(466432K)] 929519K->807695K(1864192K), 0.1587581 secs] [Times: user=0.55 sys=0.00, real=0.16 secs] 
73.021: [GC [PSYoungGen: 392096K->158944K(466432K)] 1041167K->924087K(1864192K), 0.1669869 secs] [Times: user=0.53 sys=0.00, real=0.17 secs] 
73.419: [GC [PSYoungGen: 392416K->158528K(466432K)] 1157559K->1045007K(1864192K), 0.1499153 secs] [Times: user=0.62 sys=0.00, real=0.15 secs] 
73.799: [GC [PSYoungGen: 392000K->156064K(466432K)] 1278479K->1171831K(1864192K), 0.1614923 secs] [Times: user=0.59 sys=0.00, real=0.16 secs] 
74.187: [GC [PSYoungGen: 389536K->148960K(466432K)] 1405303K->1295031K(1864192K), 0.1722117 secs] [Times: user=0.58 sys=0.00, real=0.17 secs] 
74.599: [GC [PSYoungGen: 382432K->176800K(466432K)] 1528503K->1438199K(1864192K), 0.1558005 secs] [Times: user=0.58 sys=0.00, real=0.16 secs] 
74.755: [Full GC [PSYoungGen: 176800K->0K(466432K)] [ParOldGen: 1261399K->160618K(1397760K)] 1438199K->160618K(1864192K) [PSPermGen: 2602K->2602K(21504K)], 0.6907240 secs] [Times: user=2.43 sys=0.00, real=0.69 secs] 
75.677: [GC [PSYoungGen: 233472K->190496K(466432K)] 394090K->351114K(1864192K), 0.0893608 secs] [Times: user=0.34 sys=0.00, real=0.09 secs] 
76.008: [GC [PSYoungGen: 423968K->176992K(466432K)] 584586K->491402K(1864192K), 0.1956755 secs] [Times: user=0.69 sys=0.00, real=0.20 secs] 
76.448: [GC [PSYoungGen: 410464K->166464K(466432K)] 724874K->601898K(1864192K), 0.1629852 secs] [Times: user=0.62 sys=0.00, real=0.16 secs] 
76.851: [GC [PSYoungGen: 399936K->160416K(466432K)] 835370K->702698K(1864192K), 0.1407440 secs] [Times: user=0.56 sys=0.00, real=0.14 secs] 
77.228: [GC [PSYoungGen: 393888K->161952K(466432K)] 936170K->815418K(1864192K), 0.1461212 secs] [Times: user=0.58 sys=0.00, real=0.15 secs] 
77.617: [GC [PSYoungGen: 395424K->167008K(466432K)] 1048890K->930338K(1864192K), 0.1497007 secs] [Times: user=0.59 sys=0.00, real=0.15 secs] 
78.009: [GC [PSYoungGen: 400480K->164096K(466432K)] 1163810K->1035602K(1864192K), 0.1577177 secs] [Times: user=0.61 sys=0.00, real=0.16 secs] 
78.406: [GC [PSYoungGen: 397568K->162176K(395776K)] 1269074K->1144970K(1793536K), 0.1472267 secs] [Times: user=0.53 sys=0.00, real=0.15 secs] 
78.782: [GC [PSYoungGen: 395648K->151456K(464896K)] 1378442K->1253098K(1862656K), 0.1512033 secs] [Times: user=0.59 sys=0.00, real=0.15 secs] 
79.172: [GC [PSYoungGen: 386976K->169408K(462848K)] 1488618K->1380610K(1860608K), 0.1562213 secs] [Times: user=0.59 sys=0.00, real=0.16 secs] 
79.574: [GC [PSYoungGen: 404928K->168704K(466944K)] 1616130K->1496698K(1864704K), 0.1543944 secs] [Times: user=0.61 sys=0.00, real=0.16 secs] 
79.728: [Full GC [PSYoungGen: 168704K->0K(466944K)] [ParOldGen: 1327994K->163069K(1397760K)] 1496698K->163069K(1864704K) [PSPermGen: 2602K->2602K(21504K)], 0.7514974 secs] [Times: user=2.62 sys=0.00, real=0.75 secs] 
80.724: [GC [PSYoungGen: 247808K->211072K(464896K)] 410877K->374141K(1862656K), 0.1030312 secs] [Times: user=0.37 sys=0.00, real=0.10 secs] 
81.078: [GC [PSYoungGen: 458880K->170720K(476672K)] 621949K->490637K(1874432K), 0.1846316 secs] [Times: user=0.70 sys=0.00, real=0.18 secs] 
81.515: [GC [PSYoungGen: 420064K->164992K(414720K)] 739981K->596365K(1812480K), 0.1479104 secs] [Times: user=0.58 sys=0.00, real=0.15 secs] 
81.920: [GC [PSYoungGen: 414336K->170336K(473600K)] 845709K->704717K(1871360K), 0.1533072 secs] [Times: user=0.61 sys=0.00, real=0.15 secs] 
82.331: [GC [PSYoungGen: 424288K->161696K(468992K)] 958669K->797173K(1866752K), 0.1478232 secs] [Times: user=0.55 sys=0.00, real=0.15 secs] 
82.740: [GC [PSYoungGen: 415648K->166080K(480768K)] 1051125K->893213K(1878528K), 0.1366747 secs] [Times: user=0.47 sys=0.00, real=0.14 secs] 
83.145: [GC [PSYoungGen: 433856K->156768K(477696K)] 1160989K->976477K(1875456K), 0.1427738 secs] [Times: user=0.55 sys=0.00, real=0.14 secs] 
83.563: [GC [PSYoungGen: 424544K->170048K(485888K)] 1244253K->1071781K(1883648K), 0.1335146 secs] [Times: user=0.45 sys=0.00, real=0.13 secs] 
83.981: [GC [PSYoungGen: 450112K->171904K(484864K)] 1351845K->1163149K(1882624K), 0.1389896 secs] [Times: user=0.55 sys=0.00, real=0.14 secs] 
84.398: [GC [PSYoungGen: 451968K->156384K(492032K)] 1443213K->1233957K(1889792K), 0.1285832 secs] [Times: user=0.45 sys=0.00, real=0.13 secs] 
84.818: [GC [PSYoungGen: 446176K->172800K(491008K)] 1523749K->1332037K(1888768K), 0.1311410 secs] [Times: user=0.50 sys=0.00, real=0.13 secs] 
85.238: [GC [PSYoungGen: 462592K->160992K(496128K)] 1621829K->1400941K(1893888K), 0.1320323 secs] [Times: user=0.45 sys=0.00, real=0.13 secs] 
85.677: [GC [PSYoungGen: 458976K->167648K(495616K)] 1698925K->1472573K(1893376K), 0.1227965 secs] [Times: user=0.45 sys=0.00, real=0.12 secs] 
85.800: [Full GC [PSYoungGen: 167648K->0K(495616K)] [ParOldGen: 1304925K->164651K(1397760K)] 1472573K->164651K(1893376K) [PSPermGen: 2602K->2602K(21504K)], 0.7265294 secs] [Times: user=2.65 sys=0.00, real=0.73 secs] 
86.816: [GC [PSYoungGen: 297984K->195072K(468480K)] 462635K->388667K(1866240K), 0.1198908 secs] [Times: user=0.47 sys=0.00, real=0.12 secs] 
87.202: [GC [PSYoungGen: 468480K->179616K(486400K)] 662075K->524555K(1884160K), 0.1946765 secs] [Times: user=0.69 sys=0.00, real=0.19 secs] 
87.672: [GC [PSYoungGen: 453024K->171552K(477696K)] 797963K->630051K(1875456K), 0.1561154 secs] [Times: user=0.56 sys=0.00, real=0.16 secs] 
88.105: [GC [PSYoungGen: 446496K->159904K(482816K)] 904995K->708211K(1880576K), 0.1332048 secs] [Times: user=0.50 sys=0.00, real=0.13 secs] 
88.514: [GC [PSYoungGen: 434848K->161920K(487424K)] 983155K->800507K(1885184K), 0.1535599 secs] [Times: user=0.58 sys=0.00, real=0.15 secs] 
88.956: [GC [PSYoungGen: 446592K->169728K(489984K)] 1085179K->897283K(1887744K), 0.1404582 secs] [Times: user=0.56 sys=0.00, real=0.14 secs] 
89.387: [GC [PSYoungGen: 454400K->160320K(492544K)] 1181955K->962267K(1890304K), 0.1336910 secs] [Times: user=0.42 sys=0.00, real=0.13 secs] 
89.814: [GC [PSYoungGen: 452160K->162368K(493056K)] 1254107K->1031083K(1890816K), 0.1229739 secs] [Times: user=0.48 sys=0.00, real=0.12 secs] 
90.232: [GC [PSYoungGen: 454208K->170848K(494080K)] 1322923K->1113483K(1891840K), 0.1270653 secs] [Times: user=0.48 sys=0.00, real=0.13 secs] 
90.656: [GC [PSYoungGen: 469344K->166432K(495616K)] 1411979K->1180491K(1893376K), 0.1264639 secs] [Times: user=0.42 sys=0.02, real=0.13 secs] 
91.050: [GC [PSYoungGen: 464928K->140800K(499712K)] 1478987K->1249075K(1897472K), 0.1292218 secs] [Times: user=0.52 sys=0.00, real=0.13 secs] 
91.469: [GC [PSYoungGen: 445440K->164352K(501760K)] 1553715K->1364579K(1899520K), 0.1458540 secs] [Times: user=0.55 sys=0.00, real=0.15 secs] 
91.923: [GC [PSYoungGen: 468992K->184064K(497664K)] 1669219K->1477899K(1895424K), 0.1480031 secs] [Times: user=0.61 sys=0.00, real=0.15 secs] 
92.072: [Full GC [PSYoungGen: 184064K->0K(497664K)] [ParOldGen: 1293835K->165699K(1397760K)] 1477899K->165699K(1895424K) [PSPermGen: 7113K->7112K(21504K)], 0.7695491 secs] [Times: user=2.67 sys=0.00, real=0.77 secs] 
93.119: [GC [PSYoungGen: 303104K->151904K(501248K)] 468803K->317603K(1899008K), 0.0767107 secs] [Times: user=0.31 sys=0.00, real=0.08 secs] 
93.463: [GC [PSYoungGen: 455008K->127424K(494080K)] 620707K->420995K(1891840K), 0.1413084 secs] [Times: user=0.51 sys=0.00, real=0.14 secs] 
93.900: [GC [PSYoungGen: 423360K->201728K(497664K)] 716931K->589803K(1895424K), 0.1542655 secs] [Times: user=0.61 sys=0.00, real=0.15 secs] 
94.359: [GC [PSYoungGen: 497664K->160352K(435200K)] 885739K->672675K(1832960K), 0.1559884 secs] [Times: user=0.61 sys=0.00, real=0.16 secs] 
94.725: [GC [PSYoungGen: 393824K->108512K(466432K)] 906147K->751851K(1864192K), 0.1446962 secs] [Times: user=0.51 sys=0.00, real=0.14 secs] 
95.108: [GC [PSYoungGen: 341984K->190528K(466432K)] 985323K->923331K(1864192K), 0.1456250 secs] [Times: user=0.55 sys=0.00, real=0.15 secs] 
95.507: [GC [PSYoungGen: 424000K->149024K(466432K)] 1156803K->1038331K(1864192K), 0.1775312 secs] [Times: user=0.69 sys=0.00, real=0.18 secs] 
95.921: [GC [PSYoungGen: 382496K->174048K(466432K)] 1271803K->1176483K(1864192K), 0.1674673 secs] [Times: user=0.58 sys=0.00, real=0.17 secs] 
96.336: [GC [PSYoungGen: 407520K->149664K(466432K)] 1409955K->1286651K(1864192K), 0.1603271 secs] [Times: user=0.62 sys=0.00, real=0.16 secs] 
96.732: [GC [PSYoungGen: 383136K->168896K(457216K)] 1520123K->1424171K(1854976K), 0.1558714 secs] [Times: user=0.62 sys=0.00, real=0.16 secs] 
96.888: [Full GC [PSYoungGen: 168896K->0K(457216K)] [ParOldGen: 1255275K->166930K(1397760K)] 1424171K->166930K(1854976K) [PSPermGen: 7305K->7304K(21504K)], 0.6666661 secs] [Times: user=2.20 sys=0.01, real=0.67 secs] 
97.795: [GC [PSYoungGen: 233472K->189792K(461824K)] 400402K->356722K(1859584K), 0.0887906 secs] [Times: user=0.33 sys=0.00, real=0.09 secs] 
98.117: [GC [PSYoungGen: 423264K->169280K(461312K)] 590194K->489762K(1859072K), 0.1748634 secs] [Times: user=0.75 sys=0.00, real=0.17 secs] 
98.551: [GC [PSYoungGen: 409408K->156864K(464896K)] 729890K->608330K(1862656K), 0.1573370 secs] [Times: user=0.61 sys=0.00, real=0.16 secs] 
98.952: [GC [PSYoungGen: 396992K->173696K(468480K)] 848458K->736378K(1866240K), 0.1669769 secs] [Times: user=0.61 sys=0.00, real=0.17 secs] 
99.382: [GC [PSYoungGen: 427136K->161344K(471552K)] 989818K->846314K(1869312K), 0.1525493 secs] [Times: user=0.56 sys=0.00, real=0.15 secs] 
99.791: [GC [PSYoungGen: 414784K->170624K(474624K)] 1099754K->956650K(1872384K), 0.1615696 secs] [Times: user=0.53 sys=0.00, real=0.16 secs] 
100.211: [GC [PSYoungGen: 437376K->158272K(477696K)] 1223402K->1053314K(1875456K), 0.1458341 secs] [Times: user=0.55 sys=0.00, real=0.15 secs] 
100.640: [GC [PSYoungGen: 425024K->158144K(482816K)] 1320066K->1164962K(1880576K), 0.1443091 secs] [Times: user=0.52 sys=0.00, real=0.14 secs] 
101.069: [GC [PSYoungGen: 438208K->180576K(485888K)] 1445026K->1292874K(1883648K), 0.1548030 secs] [Times: user=0.56 sys=0.00, real=0.16 secs] 
101.497: [GC [PSYoungGen: 460640K->114048K(481280K)] 1572938K->1363842K(1879040K), 0.1508431 secs] [Times: user=0.55 sys=0.00, real=0.15 secs] 
101.648: [Full GC [PSYoungGen: 114048K->0K(481280K)] [ParOldGen: 1249794K->168420K(1397760K)] 1363842K->168420K(1879040K) [PSPermGen: 7313K->7313K(21504K)], 0.6494403 secs] [Times: user=2.40 sys=0.00, real=0.65 secs] 
102.586: [GC [PSYoungGen: 274432K->187296K(461824K)] 442852K->355716K(1859584K), 0.0892755 secs] [Times: user=0.33 sys=0.00, real=0.09 secs] 
102.958: [GC [PSYoungGen: 461728K->187264K(476672K)] 630148K->496964K(1874432K), 0.1940934 secs] [Times: user=0.69 sys=0.00, real=0.19 secs] 
103.427: [GC [PSYoungGen: 447360K->144032K(479744K)] 757060K->574204K(1877504K), 0.1450461 secs] [Times: user=0.56 sys=0.00, real=0.14 secs] 
103.842: [GC [PSYoungGen: 404128K->182336K(478720K)] 834300K->704516K(1876480K), 0.1425092 secs] [Times: user=0.62 sys=0.00, real=0.14 secs] 
104.236: [GC [PSYoungGen: 442432K->148416K(408576K)] 964612K->785148K(1806336K), 0.1470397 secs] [Times: user=0.56 sys=0.00, real=0.15 secs] 
104.654: [GC [PSYoungGen: 408512K->161856K(483840K)] 1045244K->898996K(1881600K), 0.1396006 secs] [Times: user=0.50 sys=0.00, real=0.14 secs] 
105.066: [GC [PSYoungGen: 428096K->180768K(478720K)] 1165236K->1019436K(1876480K), 0.1644782 secs] [Times: user=0.55 sys=0.00, real=0.16 secs] 
105.500: [GC [PSYoungGen: 447008K->140608K(483840K)] 1285676K->1098508K(1881600K), 0.1426147 secs] [Times: user=0.39 sys=0.00, real=0.14 secs] 
105.920: [GC [PSYoungGen: 410432K->183136K(483328K)] 1368332K->1221060K(1881088K), 0.1406724 secs] [Times: user=0.50 sys=0.00, real=0.14 secs] 
106.342: [GC [PSYoungGen: 452960K->159192K(480768K)] 1490884K->1300572K(1878528K), 0.1550080 secs] [Times: user=0.53 sys=0.01, real=0.15 secs] 
106.768: [GC [PSYoungGen: 429528K->172800K(482304K)] 1570908K->1405764K(1880064K), 0.1493729 secs] [Times: user=0.61 sys=0.00, real=0.15 secs] 
107.184: [GC [PSYoungGen: 443136K->162720K(480768K)] 1676100K->1491228K(1878528K), 0.1496083 secs] [Times: user=0.51 sys=0.00, real=0.15 secs] 
107.334: [Full GC [PSYoungGen: 162720K->0K(480768K)] [ParOldGen: 1328508K->164515K(1397760K)] 1491228K->164515K(1878528K) [PSPermGen: 7329K->7329K(21504K)], 0.6550779 secs] [Times: user=2.29 sys=0.00, real=0.65 secs] 
108.273: [GC [PSYoungGen: 277504K->206336K(483840K)] 442019K->384427K(1881600K), 0.1082673 secs] [Times: user=0.38 sys=0.00, real=0.11 secs] 
108.683: [GC [PSYoungGen: 483840K->180384K(473600K)] 661931K->514899K(1871360K), 0.1858150 secs] [Times: user=0.75 sys=0.00, real=0.19 secs] 
109.130: [GC [PSYoungGen: 438432K->167776K(478720K)] 772947K->612139K(1876480K), 0.1620090 secs] [Times: user=0.64 sys=0.00, real=0.16 secs] 
109.562: [GC [PSYoungGen: 425824K->156960K(473600K)] 870187K->708403K(1871360K), 0.1406250 secs] [Times: user=0.53 sys=0.00, real=0.14 secs] 
109.972: [GC [PSYoungGen: 419104K->176800K(476672K)] 970547K->821451K(1874432K), 0.1557059 secs] [Times: user=0.50 sys=0.00, real=0.16 secs] 
110.403: [GC [PSYoungGen: 438944K->144864K(484864K)] 1083595K->894283K(1882624K), 0.1390724 secs] [Times: user=0.51 sys=0.00, real=0.14 secs] 
110.821: [GC [PSYoungGen: 417248K->184160K(456704K)] 1166667K->1016731K(1854464K), 0.1365438 secs] [Times: user=0.56 sys=0.00, real=0.14 secs] 
111.227: [GC [PSYoungGen: 456544K->161216K(487936K)] 1289115K->1097211K(1885696K), 0.1500173 secs] [Times: user=0.55 sys=0.00, real=0.15 secs] 
111.672: [GC [PSYoungGen: 434624K->163040K(436736K)] 1370619K->1185323K(1834496K), 0.1318369 secs] [Times: user=0.56 sys=0.00, real=0.13 secs] 
112.083: [GC [PSYoungGen: 436448K->169088K(484864K)] 1458731K->1278371K(1882624K), 0.1366663 secs] [Times: user=0.50 sys=0.00, real=0.14 secs] 
112.486: [GC [PSYoungGen: 446080K->110656K(481280K)] 1555363K->1348171K(1879040K), 0.1369944 secs] [Times: user=0.50 sys=0.00, real=0.14 secs] 
112.894: [GC [PSYoungGen: 387648K->189408K(478720K)] 1625163K->1508771K(1876480K), 0.1472626 secs] [Times: user=0.51 sys=0.00, real=0.15 secs] 
113.041: [Full GC [PSYoungGen: 189408K->0K(478720K)] [ParOldGen: 1319363K->167260K(1397760K)] 1508771K->167260K(1876480K) [PSPermGen: 7337K->7337K(21504K)], 0.6933891 secs] [Times: user=2.43 sys=0.00, real=0.70 secs] 
114.010: [GC [PSYoungGen: 268288K->184448K(453120K)] 435548K->351708K(1850880K), 0.0894971 secs] [Times: user=0.34 sys=0.00, real=0.09 secs] 
114.375: [GC [PSYoungGen: 452736K->167232K(486400K)] 619996K->480716K(1884160K), 0.1775696 secs] [Times: user=0.67 sys=0.00, real=0.18 secs] 
114.792: [GC [PSYoungGen: 435520K->94400K(363008K)] 749004K->545276K(1760768K), 0.1436702 secs] [Times: user=0.53 sys=0.00, real=0.14 secs] 
115.188: [GC [PSYoungGen: 362688K->110112K(473600K)] 813564K->635132K(1871360K), 0.0978775 secs] [Times: user=0.38 sys=0.00, real=0.10 secs] 
115.522: [GC [PSYoungGen: 363040K->42112K(295424K)] 888060K->673372K(1693184K), 0.1333748 secs] [Times: user=0.25 sys=0.00, real=0.13 secs] 
115.895: [GC [PSYoungGen: 295040K->113824K(467968K)] 926300K->781268K(1865728K), 0.0727392 secs] [Times: user=0.30 sys=0.00, real=0.07 secs] 
116.180: [GC [PSYoungGen: 348832K->77920K(466432K)] 1016276K->848340K(1864192K), 0.1769186 secs] [Times: user=0.45 sys=0.00, real=0.18 secs] 
116.596: [GC [PSYoungGen: 312928K->53248K(466432K)] 1083348K->897004K(1864192K), 0.0754900 secs] [Times: user=0.28 sys=0.00, real=0.08 secs] 
116.893: [GC [PSYoungGen: 286720K->112000K(345600K)] 1130476K->998300K(1743360K), 0.0798249 secs] [Times: user=0.31 sys=0.00, real=0.08 secs] 
117.196: [GC [PSYoungGen: 345472K->112512K(470016K)] 1231772K->1098116K(1867776K), 0.1333046 secs] [Times: user=0.44 sys=0.00, real=0.13 secs] 
117.572: [GC [PSYoungGen: 354176K->67008K(461824K)] 1339780K->1155132K(1859584K), 0.0987258 secs] [Times: user=0.33 sys=0.00, real=0.10 secs] 
117.889: [GC [PSYoungGen: 308672K->98208K(472576K)] 1396796K->1246116K(1870336K), 0.0825632 secs] [Times: user=0.30 sys=0.00, real=0.08 secs] 
118.234: [GC [PSYoungGen: 355744K->202560K(460288K)] 1503652K->1422204K(1858048K), 0.1385474 secs] [Times: user=0.55 sys=0.00, real=0.14 secs] 
118.634: [GC-- [PSYoungGen: 460096K->460096K(460288K)] 1679740K->1857852K(1858048K), 0.3822189 secs] [Times: user=0.72 sys=0.14, real=0.38 secs] 
119.017: [Full GC [PSYoungGen: 460096K->0K(460288K)] [ParOldGen: 1397756K->168205K(1397760K)] 1857852K->168205K(1858048K) [PSPermGen: 7338K->7338K(21504K)], 0.7148992 secs] [Times: user=2.34 sys=0.00, real=0.71 secs] 
119.993: [GC [PSYoungGen: 257536K->95552K(470016K)] 425741K->263757K(1867776K), 0.0536163 secs] [Times: user=0.17 sys=0.00, real=0.05 secs] 
120.285: [GC [PSYoungGen: 332608K->166400K(466432K)] 500813K->412989K(1864192K), 0.1228042 secs] [Times: user=0.48 sys=0.00, real=0.12 secs] 
120.654: [GC [PSYoungGen: 403456K->150464K(466432K)] 650045K->540933K(1864192K), 0.1627380 secs] [Times: user=0.69 sys=0.00, real=0.16 secs] 
121.036: [GC [PSYoungGen: 383936K->105888K(339456K)] 774405K->630445K(1737216K), 0.1442533 secs] [Times: user=0.39 sys=0.00, real=0.14 secs] 
121.430: [GC [PSYoungGen: 339360K->85568K(463360K)] 863917K->703541K(1861120K), 0.0987339 secs] [Times: user=0.38 sys=0.00, real=0.10 secs] 
121.754: [GC [PSYoungGen: 322112K->128096K(460288K)] 940085K->820725K(1858048K), 0.1040738 secs] [Times: user=0.36 sys=0.00, real=0.10 secs] 
122.100: [GC [PSYoungGen: 364640K->182688K(451584K)] 1057269K->975261K(1849344K), 0.1475358 secs] [Times: user=0.53 sys=0.00, real=0.15 secs] 
122.492: [GC [PSYoungGen: 418720K->135520K(464384K)] 1211293K->1078789K(1862144K), 0.1655439 secs] [Times: user=0.64 sys=0.00, real=0.16 secs] 
122.902: [GC [PSYoungGen: 371552K->187104K(454656K)] 1314821K->1239613K(1852416K), 0.1562225 secs] [Times: user=0.59 sys=0.00, real=0.16 secs] 
123.285: [GC [PSYoungGen: 420576K->109472K(466432K)] 1473085K->1325749K(1864192K), 0.1727579 secs] [Times: user=0.64 sys=0.00, real=0.17 secs] 
123.458: [Full GC [PSYoungGen: 109472K->0K(466432K)] [ParOldGen: 1216277K->161003K(1397760K)] 1325749K->161003K(1864192K) [PSPermGen: 7343K->7343K(21504K)], 0.6292837 secs] [Times: user=2.20 sys=0.00, real=0.63 secs] 
124.378: [GC [PSYoungGen: 233472K->156988K(460288K)] 394475K->317991K(1858048K), 0.0777344 secs] [Times: user=0.28 sys=0.00, real=0.08 secs] 
124.698: [GC [PSYoungGen: 395580K->178048K(465920K)] 556583K->470491K(1863680K), 0.1629958 secs] [Times: user=0.66 sys=0.00, real=0.16 secs] 
125.094: [GC [PSYoungGen: 416640K->140224K(461312K)] 709083K->583459K(1859072K), 0.2159370 secs] [Times: user=0.64 sys=0.00, real=0.22 secs] 
125.556: [GC [PSYoungGen: 379328K->150880K(463872K)] 822563K->713387K(1861632K), 0.1440028 secs] [Times: user=0.61 sys=0.00, real=0.14 secs] 
125.943: [GC [PSYoungGen: 389984K->178528K(466432K)] 952491K->859019K(1864192K), 0.1572800 secs] [Times: user=0.62 sys=0.00, real=0.16 secs] 
126.354: [GC [PSYoungGen: 424288K->138134K(384000K)] 1104779K->966177K(1781760K), 0.1721354 secs] [Times: user=0.62 sys=0.00, real=0.17 secs] 
126.768: [GC [PSYoungGen: 383894K->173440K(468480K)] 1211937K->1110811K(1866240K), 0.1545420 secs] [Times: user=0.61 sys=0.00, real=0.15 secs] 
127.159: [GC [PSYoungGen: 422272K->121696K(471552K)] 1359643K->1205571K(1869312K), 0.1510128 secs] [Times: user=0.62 sys=0.00, real=0.15 secs] 
127.556: [GC [PSYoungGen: 370528K->95488K(476160K)] 1454403K->1289003K(1873920K), 0.1148532 secs] [Times: user=0.44 sys=0.00, real=0.12 secs] 
127.907: [GC [PSYoungGen: 352000K->123328K(379904K)] 1545515K->1403691K(1777664K), 0.1108773 secs] [Times: user=0.44 sys=0.00, real=0.11 secs] 
128.018: [Full GC [PSYoungGen: 123328K->0K(379904K)] [ParOldGen: 1280363K->166485K(1397760K)] 1403691K->166485K(1777664K) [PSPermGen: 7345K->7345K(21504K)], 0.6250759 secs] [Times: user=2.22 sys=0.02, real=0.63 secs] 
128.909: [GC [PSYoungGen: 256512K->79104K(472576K)] 422997K->245589K(1870336K), 0.0513475 secs] [Times: user=0.17 sys=0.00, real=0.05 secs] 
129.225: [GC [PSYoungGen: 336640K->206688K(464384K)] 503125K->429653K(1862144K), 0.1353931 secs] [Times: user=0.47 sys=0.00, real=0.14 secs] 
129.633: [GC [PSYoungGen: 464224K->136896K(472064K)] 687189K->526101K(1869824K), 0.1759163 secs] [Times: user=0.65 sys=0.00, real=0.18 secs] 
130.043: [GC [PSYoungGen: 376000K->162624K(466432K)] 765205K->663685K(1864192K), 0.1482899 secs] [Times: user=0.61 sys=0.00, real=0.15 secs] 
130.426: [GC [PSYoungGen: 401728K->78400K(464384K)] 902789K->723901K(1862144K), 0.1388623 secs] [Times: user=0.47 sys=0.00, real=0.14 secs] 
130.790: [GC [PSYoungGen: 315456K->118656K(355840K)] 960957K->828733K(1753600K), 0.0953118 secs] [Times: user=0.34 sys=0.00, real=0.09 secs] 
131.109: [GC [PSYoungGen: 355712K->128992K(473600K)] 1065789K->937797K(1871360K), 0.1485237 secs] [Times: user=0.52 sys=0.00, real=0.15 secs] 
131.515: [GC [PSYoungGen: 379872K->110080K(465408K)] 1188677K->1031413K(1863168K), 0.1222904 secs] [Times: user=0.50 sys=0.00, real=0.12 secs] 
131.894: [GC [PSYoungGen: 360960K->198368K(455168K)] 1282293K->1207533K(1852928K), 0.1525500 secs] [Times: user=0.53 sys=0.02, real=0.15 secs] 
132.298: [GC [PSYoungGen: 443104K->166912K(411648K)] 1452269K->1315349K(1809408K), 0.1712136 secs] [Times: user=0.69 sys=0.00, real=0.17 secs] 
132.733: [GC [PSYoungGen: 411648K->155392K(473600K)] 1560085K->1415141K(1871360K), 0.1570872 secs] [Times: user=0.61 sys=0.00, real=0.16 secs] 
132.890: [Full GC [PSYoungGen: 155392K->0K(473600K)] [ParOldGen: 1259749K->163508K(1397760K)] 1415141K->163508K(1871360K) [PSPermGen: 7345K->7345K(21504K)], 0.6694237 secs] [Times: user=2.31 sys=0.00, real=0.67 secs] 
133.819: [GC [PSYoungGen: 244224K->183712K(428032K)] 407732K->347220K(1825792K), 0.0879359 secs] [Times: user=0.36 sys=0.00, real=0.09 secs] 
134.157: [GC [PSYoungGen: 427936K->182112K(466432K)] 591444K->490844K(1864192K), 0.1845501 secs] [Times: user=0.70 sys=0.00, real=0.18 secs] 
134.581: [GC [PSYoungGen: 415584K->139776K(373248K)] 724316K->590084K(1771008K), 0.1535359 secs] [Times: user=0.62 sys=0.00, real=0.15 secs] 
134.975: [GC [PSYoungGen: 373248K->179424K(461312K)] 823556K->735500K(1859072K), 0.1528816 secs] [Times: user=0.61 sys=0.00, real=0.15 secs] 
135.375: [GC [PSYoungGen: 410336K->159772K(463872K)] 966412K->848768K(1861632K), 0.1649596 secs] [Times: user=0.62 sys=0.00, real=0.17 secs] 
135.772: [GC [PSYoungGen: 390684K->163872K(460800K)] 1079680K->971572K(1858560K), 0.1490253 secs] [Times: user=0.61 sys=0.00, real=0.15 secs] 
136.164: [GC [PSYoungGen: 401440K->172704K(462848K)] 1209140K->1104996K(1860608K), 0.1663175 secs] [Times: user=0.64 sys=0.00, real=0.17 secs] 
136.579: [GC [PSYoungGen: 410272K->154048K(460800K)] 1342564K->1210316K(1858560K), 0.1547059 secs] [Times: user=0.48 sys=0.00, real=0.16 secs] 
136.987: [GC [PSYoungGen: 402880K->174048K(467456K)] 1459148K->1334292K(1865216K), 0.1456747 secs] [Times: user=0.53 sys=0.00, real=0.15 secs] 
137.392: [GC [PSYoungGen: 422880K->156384K(468992K)] 1583124K->1436908K(1866752K), 0.1511949 secs] [Times: user=0.58 sys=0.00, real=0.15 secs] 
137.543: [Full GC [PSYoungGen: 156384K->0K(468992K)] [ParOldGen: 1280524K->160296K(1397760K)] 1436908K->160296K(1866752K) [PSPermGen: 7346K->7346K(21504K)], 0.6835193 secs] [Times: user=2.29 sys=0.00, real=0.68 secs] 
138.498: [GC [PSYoungGen: 261632K->204672K(466432K)] 421928K->364968K(1864192K), 0.0922954 secs] [Times: user=0.33 sys=0.00, real=0.09 secs] 
138.857: [GC [PSYoungGen: 466304K->180032K(474112K)] 626600K->494376K(1871872K), 0.1820815 secs] [Times: user=0.72 sys=0.00, real=0.18 secs] 
139.293: [GC [PSYoungGen: 428864K->161632K(410624K)] 743208K->589072K(1808384K), 0.1484897 secs] [Times: user=0.58 sys=0.00, real=0.15 secs] 
139.704: [GC [PSYoungGen: 410464K->158208K(473088K)] 837904K->695856K(1870848K), 0.1415531 secs] [Times: user=0.53 sys=0.00, real=0.14 secs] 
140.106: [GC [PSYoungGen: 411648K->175264K(468480K)] 949296K->811232K(1866240K), 0.1428190 secs] [Times: user=0.51 sys=0.00, real=0.14 secs] 
140.513: [GC [PSYoungGen: 428704K->147264K(481280K)] 1064672K->896752K(1879040K), 0.1424342 secs] [Times: user=0.51 sys=0.00, real=0.14 secs] 
140.926: [GC [PSYoungGen: 414016K->180096K(479232K)] 1163504K->1025288K(1876992K), 0.1438829 secs] [Times: user=0.56 sys=0.00, real=0.14 secs] 
141.356: [GC [PSYoungGen: 446848K->166432K(480256K)] 1292040K->1122272K(1878016K), 0.1506738 secs] [Times: user=0.61 sys=0.00, real=0.15 secs] 
141.776: [GC [PSYoungGen: 439328K->158240K(482816K)] 1395168K->1208528K(1880576K), 0.1357327 secs] [Times: user=0.56 sys=0.00, real=0.14 secs] 
142.191: [GC [PSYoungGen: 431136K->167776K(484352K)] 1481424K->1305008K(1882112K), 0.1416994 secs] [Times: user=0.52 sys=0.00, real=0.14 secs] 
142.627: [GC [PSYoungGen: 450912K->157632K(486400K)] 1588144K->1387936K(1884160K), 0.1304970 secs] [Times: user=0.48 sys=0.00, real=0.13 secs] 
143.046: [GC [PSYoungGen: 440768K->171424K(494592K)] 1671072K->1483752K(1892352K), 0.1324181 secs] [Times: user=0.45 sys=0.00, real=0.13 secs] 
143.178: [Full GC [PSYoungGen: 171424K->0K(494592K)] [ParOldGen: 1312328K->165566K(1397760K)] 1483752K->165566K(1892352K) [PSPermGen: 7346K->7346K(21504K)], 0.6781322 secs] [Times: user=2.40 sys=0.00, real=0.68 secs] 
144.169: [GC [PSYoungGen: 295424K->199680K(495104K)] 460990K->410126K(1892864K), 0.1257122 secs] [Times: user=0.48 sys=0.00, real=0.13 secs] 
144.601: [GC [PSYoungGen: 495104K->197664K(443904K)] 705550K->565878K(1841664K), 0.1982801 secs] [Times: user=0.80 sys=0.02, real=0.20 secs] 
145.038: [GC [PSYoungGen: 437280K->153696K(469504K)] 805494K->652822K(1867264K), 0.1531231 secs] [Times: user=0.61 sys=0.00, real=0.15 secs] 
145.444: [GC [PSYoungGen: 393312K->156544K(461824K)] 892438K->765614K(1859584K), 0.1403585 secs] [Times: user=0.55 sys=0.00, real=0.14 secs] 
145.833: [GC [PSYoungGen: 397696K->174112K(466432K)] 1006766K->890086K(1864192K), 0.1476956 secs] [Times: user=0.62 sys=0.00, real=0.15 secs] 
146.228: [GC [PSYoungGen: 415264K->161696K(466432K)] 1131238K->993742K(1864192K), 0.1591847 secs] [Times: user=0.58 sys=0.00, real=0.16 secs] 
146.653: [GC [PSYoungGen: 414624K->161728K(470528K)] 1246670K->1100902K(1868288K), 0.1438755 secs] [Times: user=0.55 sys=0.00, real=0.14 secs] 
147.053: [GC [PSYoungGen: 414656K->171680K(473600K)] 1353830K->1216790K(1871360K), 0.1468675 secs] [Times: user=0.61 sys=0.00, real=0.15 secs] 
147.475: [GC [PSYoungGen: 438944K->160896K(478208K)] 1484054K->1319878K(1875968K), 0.1445147 secs] [Times: user=0.56 sys=0.00, real=0.14 secs] 
147.894: [GC [PSYoungGen: 428160K->170432K(479232K)] 1587142K->1422254K(1876992K), 0.1382735 secs] [Times: user=0.56 sys=0.00, real=0.14 secs] 
148.032: [Full GC [PSYoungGen: 170432K->0K(479232K)] [ParOldGen: 1251822K->162132K(1397760K)] 1422254K->162132K(1876992K) [PSPermGen: 7347K->7347K(21504K)], 0.6758782 secs] [Times: user=2.45 sys=0.00, real=0.68 secs] 
149.001: [GC [PSYoungGen: 280064K->204800K(484864K)] 442196K->388940K(1882624K), 0.1147265 secs] [Times: user=0.45 sys=0.00, real=0.12 secs] 
149.426: [GC [PSYoungGen: 484864K->194688K(463360K)] 669004K->532604K(1861120K), 0.1941970 secs] [Times: user=0.70 sys=0.00, real=0.19 secs] 
149.867: [GC [PSYoungGen: 443520K->146208K(395264K)] 781436K->598988K(1793024K), 0.1408549 secs] [Times: user=0.56 sys=0.00, real=0.14 secs] 
150.262: [GC [PSYoungGen: 395040K->170752K(478208K)] 847820K->718884K(1875968K), 0.1468659 secs] [Times: user=0.59 sys=0.00, real=0.15 secs] 
150.670: [GC [PSYoungGen: 423168K->153920K(406528K)] 971300K->821060K(1804288K), 0.1499608 secs] [Times: user=0.59 sys=0.00, real=0.15 secs] 
151.078: [GC [PSYoungGen: 406336K->176896K(474624K)] 1073476K->945620K(1872384K), 0.1450127 secs] [Times: user=0.56 sys=0.02, real=0.15 secs] 
151.493: [GC [PSYoungGen: 431872K->152576K(472064K)] 1200596K->1045148K(1869824K), 0.1682790 secs] [Times: user=0.61 sys=0.00, real=0.17 secs] 
151.920: [GC [PSYoungGen: 407552K->177120K(479744K)] 1300124K->1165796K(1877504K), 0.1527151 secs] [Times: user=0.59 sys=0.00, real=0.15 secs] 
152.345: [GC [PSYoungGen: 441312K->171328K(478208K)] 1429988K->1265852K(1875968K), 0.1508521 secs] [Times: user=0.45 sys=0.00, real=0.15 secs] 
152.775: [GC [PSYoungGen: 435520K->154944K(481280K)] 1530044K->1344836K(1879040K), 0.1380727 secs] [Times: user=0.51 sys=0.00, real=0.14 secs] 
153.192: [GC [PSYoungGen: 426304K->170144K(479744K)] 1616196K->1442748K(1877504K), 0.1428562 secs] [Times: user=0.53 sys=0.00, real=0.14 secs] 
153.335: [Full GC [PSYoungGen: 170144K->0K(479744K)] [ParOldGen: 1272604K->160021K(1397760K)] 1442748K->160021K(1877504K) [PSPermGen: 7347K->7347K(21504K)], 0.6549467 secs] [Times: user=2.35 sys=0.00, real=0.65 secs] 
154.282: [GC [PSYoungGen: 271360K->202112K(477184K)] 431381K->362133K(1874944K), 0.0956072 secs] [Times: user=0.34 sys=0.00, real=0.10 secs] 
154.669: [GC [PSYoungGen: 474496K->176640K(485888K)] 634517K->493053K(1883648K), 0.1945226 secs] [Times: user=0.69 sys=0.00, real=0.19 secs] 
155.144: [GC [PSYoungGen: 449024K->172992K(476160K)] 765437K->590325K(1873920K), 0.1468425 secs] [Times: user=0.59 sys=0.00, real=0.15 secs] 
155.581: [GC [PSYoungGen: 447936K->154848K(482304K)] 865269K->668141K(1880064K), 0.1319319 secs] [Times: user=0.55 sys=0.00, real=0.13 secs] 
155.994: [GC [PSYoungGen: 429792K->177248K(489472K)] 943085K->774541K(1887232K), 0.1410134 secs] [Times: user=0.51 sys=0.00, real=0.14 secs] 
156.427: [GC [PSYoungGen: 462432K->165888K(491008K)] 1059725K->844477K(1888768K), 0.1296400 secs] [Times: user=0.56 sys=0.00, real=0.13 secs] 
156.852: [GC [PSYoungGen: 451072K->158688K(492544K)] 1129661K->913301K(1890304K), 0.1217817 secs] [Times: user=0.44 sys=0.00, real=0.12 secs] 
157.269: [GC [PSYoungGen: 448992K->177152K(492544K)] 1203605K->1009173K(1890304K), 0.1317895 secs] [Times: user=0.55 sys=0.00, real=0.13 secs] 
157.712: [GC [PSYoungGen: 467456K->154848K(496640K)] 1299477K->1067461K(1894400K), 0.1303151 secs] [Times: user=0.44 sys=0.00, real=0.13 secs] 
158.140: [GC [PSYoungGen: 450272K->176160K(496640K)] 1362885K->1162861K(1894400K), 0.1376731 secs] [Times: user=0.56 sys=0.00, real=0.14 secs] 
158.576: [GC [PSYoungGen: 471584K->146592K(496640K)] 1458285K->1218277K(1894400K), 0.1202920 secs] [Times: user=0.50 sys=0.00, real=0.12 secs] 
158.995: [GC [PSYoungGen: 442528K->173696K(497664K)] 1514213K->1316341K(1895424K), 0.1331198 secs] [Times: user=0.47 sys=0.00, real=0.13 secs] 
159.431: [GC [PSYoungGen: 469632K->169376K(491520K)] 1612277K->1391885K(1889280K), 0.1347773 secs] [Times: user=0.56 sys=0.00, real=0.13 secs] 
159.877: [GC [PSYoungGen: 466336K->156896K(494592K)] 1688845K->1447533K(1892352K), 0.1159581 secs] [Times: user=0.44 sys=0.00, real=0.12 secs] 
159.993: [Full GC [PSYoungGen: 156896K->0K(494592K)] [ParOldGen: 1290637K->167007K(1397760K)] 1447533K->167007K(1892352K) [PSPermGen: 7347K->7347K(21504K)], 0.6783208 secs] [Times: user=2.46 sys=0.00, real=0.68 secs] 
160.986: [GC [PSYoungGen: 296960K->196608K(448512K)] 463967K->414943K(1846272K), 0.1306419 secs] [Times: user=0.45 sys=0.02, real=0.13 secs] 
161.376: [GC [PSYoungGen: 448512K->203840K(456192K)] 666847K->579239K(1853952K), 0.1979017 secs] [Times: user=0.75 sys=0.00, real=0.20 secs] 
161.836: [GC [PSYoungGen: 455744K->134752K(464896K)] 831143K->665983K(1862656K), 0.1738717 secs] [Times: user=0.66 sys=0.00, real=0.17 secs] 
162.254: [GC [PSYoungGen: 370272K->180576K(416256K)] 901503K->806543K(1814016K), 0.1473604 secs] [Times: user=0.56 sys=0.00, real=0.15 secs] 
162.653: [GC [PSYoungGen: 416096K->150880K(467456K)] 1042063K->916959K(1865216K), 0.1574127 secs] [Times: user=0.69 sys=0.00, real=0.16 secs] 
163.055: [GC [PSYoungGen: 389984K->176480K(466432K)] 1156063K->1054495K(1864192K), 0.1513758 secs] [Times: user=0.62 sys=0.00, real=0.15 secs] 
163.451: [GC [PSYoungGen: 415584K->164096K(468480K)] 1293599K->1160871K(1866240K), 0.1515917 secs] [Times: user=0.56 sys=0.00, real=0.15 secs] 
163.872: [GC [PSYoungGen: 411392K->154848K(466944K)] 1408167K->1271807K(1864704K), 0.1539916 secs] [Times: user=0.51 sys=0.00, real=0.15 secs] 
164.276: [GC [PSYoungGen: 402144K->169792K(474112K)] 1519103K->1397735K(1871872K), 0.1572418 secs] [Times: user=0.59 sys=0.00, real=0.16 secs] 
164.698: [GC [PSYoungGen: 431936K->151296K(475136K)] 1659879K->1501503K(1872896K), 0.1544538 secs] [Times: user=0.56 sys=0.00, real=0.15 secs] 
164.853: [Full GC [PSYoungGen: 151296K->0K(475136K)] [ParOldGen: 1350207K->169411K(1397760K)] 1501503K->169411K(1872896K) [PSPermGen: 7347K->7347K(21504K)], 0.6834985 secs] [Times: user=2.45 sys=0.00, real=0.68 secs] 
165.802: [GC [PSYoungGen: 262144K->195136K(476160K)] 431555K->364547K(1873920K), 0.1059443 secs] [Times: user=0.34 sys=0.00, real=0.11 secs] 
166.179: [GC [PSYoungGen: 459328K->186240K(450560K)] 628739K->496163K(1848320K), 0.1744542 secs] [Times: user=0.75 sys=0.00, real=0.18 secs] 
166.637: [GC [PSYoungGen: 450432K->153120K(482304K)] 760355K->576187K(1880064K), 0.1463033 secs] [Times: user=0.56 sys=0.00, real=0.15 secs] 
167.054: [GC [PSYoungGen: 416800K->175104K(438784K)] 839867K->687763K(1836544K), 0.1375913 secs] [Times: user=0.50 sys=0.00, real=0.14 secs] 
167.463: [GC [PSYoungGen: 438784K->165280K(481792K)] 951443K->773899K(1879552K), 0.1387138 secs] [Times: user=0.55 sys=0.00, real=0.14 secs] 
167.882: [GC [PSYoungGen: 432544K->153984K(478208K)] 1041163K->858947K(1875968K), 0.1375300 secs] [Times: user=0.34 sys=0.00, real=0.14 secs] 
168.295: [GC [PSYoungGen: 421248K->176032K(485376K)] 1126211K->971443K(1883136K), 0.1406593 secs] [Times: user=0.53 sys=0.00, real=0.14 secs] 
168.718: [GC [PSYoungGen: 451488K->153728K(483840K)] 1246899K->1046243K(1881600K), 0.1346378 secs] [Times: user=0.55 sys=0.00, real=0.13 secs] 
169.135: [GC [PSYoungGen: 429184K->172128K(488448K)] 1321699K->1147515K(1886208K), 0.1325974 secs] [Times: user=0.48 sys=0.00, real=0.13 secs] 
169.578: [GC [PSYoungGen: 455776K->165558K(488448K)] 1431163K->1228377K(1886208K), 0.1476811 secs] [Times: user=0.55 sys=0.00, real=0.15 secs] 
170.009: [GC [PSYoungGen: 449206K->158624K(492544K)] 1512025K->1302899K(1890304K), 0.1366804 secs] [Times: user=0.47 sys=0.00, real=0.14 secs] 
170.443: [GC [PSYoungGen: 450464K->171936K(491520K)] 1594739K->1394099K(1889280K), 0.1275082 secs] [Times: user=0.47 sys=0.00, real=0.13 secs] 
170.872: [GC [PSYoungGen: 463776K->156928K(498176K)] 1685939K->1456139K(1895936K), 0.1262263 secs] [Times: user=0.47 sys=0.00, real=0.13 secs] 
170.999: [Full GC [PSYoungGen: 156928K->0K(498176K)] [ParOldGen: 1299211K->164997K(1397760K)] 1456139K->164997K(1895936K) [PSPermGen: 7349K->7349K(21504K)], 0.6957259 secs] [Times: user=2.37 sys=0.00, real=0.70 secs] 
172.011: [GC [PSYoungGen: 300544K->197120K(497664K)] 465541K->405701K(1895424K), 0.1299245 secs] [Times: user=0.55 sys=0.00, real=0.13 secs] 
172.443: [GC [PSYoungGen: 497664K->201728K(435200K)] 706245K->578805K(1832960K), 0.2183370 secs] [Times: user=0.78 sys=0.00, real=0.22 secs] 
172.911: [GC [PSYoungGen: 435200K->142080K(466432K)] 812277K->665037K(1864192K), 0.1640946 secs] [Times: user=0.62 sys=0.00, real=0.16 secs] 
173.314: [GC [PSYoungGen: 375552K->178528K(466432K)] 898509K->809997K(1864192K), 0.1543871 secs] [Times: user=0.56 sys=0.00, real=0.16 secs] 
173.721: [GC [PSYoungGen: 412000K->148000K(466432K)] 1043469K->914893K(1864192K), 0.1657004 secs] [Times: user=0.65 sys=0.00, real=0.17 secs] 
174.123: [GC [PSYoungGen: 381472K->166784K(466432K)] 1148365K->1044437K(1864192K), 0.1611738 secs] [Times: user=0.56 sys=0.00, real=0.16 secs] 
174.528: [GC [PSYoungGen: 400256K->176640K(466432K)] 1277909K->1175445K(1864192K), 0.1659731 secs] [Times: user=0.58 sys=0.00, real=0.17 secs] 
174.948: [GC [PSYoungGen: 410112K->143328K(466432K)] 1408917K->1276749K(1864192K), 0.1571241 secs] [Times: user=0.59 sys=0.00, real=0.16 secs] 
175.345: [GC [PSYoungGen: 376800K->177664K(466432K)] 1510221K->1421157K(1864192K), 0.1521257 secs] [Times: user=0.59 sys=0.00, real=0.15 secs] 
175.497: [Full GC [PSYoungGen: 177664K->0K(466432K)] [ParOldGen: 1243493K->168932K(1397760K)] 1421157K->168932K(1864192K) [PSPermGen: 7349K->7349K(21504K)], 0.6903859 secs] [Times: user=2.42 sys=0.00, real=0.69 secs] 
176.431: [GC [PSYoungGen: 233472K->165952K(466432K)] 402404K->334884K(1864192K), 0.0761007 secs] [Times: user=0.31 sys=0.00, real=0.08 secs] 
176.753: [GC [PSYoungGen: 399424K->168032K(466432K)] 568356K->477356K(1864192K), 0.1778727 secs] [Times: user=0.62 sys=0.00, real=0.18 secs] 
177.169: [GC [PSYoungGen: 401504K->176032K(466432K)] 710828K->614340K(1864192K), 0.1799138 secs] [Times: user=0.61 sys=0.00, real=0.18 secs] 
177.593: [GC [PSYoungGen: 409504K->168896K(402432K)] 847812K->729252K(1800192K), 0.1680395 secs] [Times: user=0.65 sys=0.00, real=0.17 secs] 
178.006: [GC [PSYoungGen: 402367K->147648K(464384K)] 962724K->828524K(1862144K), 0.1471208 secs] [Times: user=0.55 sys=0.00, real=0.15 secs] 
178.391: [GC [PSYoungGen: 381632K->170368K(404480K)] 1062508K->963900K(1802240K), 0.1563271 secs] [Times: user=0.59 sys=0.00, real=0.16 secs] 
178.790: [GC [PSYoungGen: 404352K->151968K(464896K)] 1197884K->1082364K(1862656K), 0.1613470 secs] [Times: user=0.61 sys=0.00, real=0.16 secs] 
179.192: [GC [PSYoungGen: 392608K->166944K(463360K)] 1323004K->1216260K(1861120K), 0.1715180 secs] [Times: user=0.58 sys=0.00, real=0.17 secs] 
179.613: [GC [PSYoungGen: 407584K->169472K(472064K)] 1456900K->1333380K(1869824K), 0.1543576 secs] [Times: user=0.61 sys=0.00, real=0.15 secs] 
180.031: [GC [PSYoungGen: 426496K->149184K(470016K)] 1590404K->1434932K(1867776K), 0.1583021 secs] [Times: user=0.66 sys=0.00, real=0.16 secs] 
180.190: [Full GC [PSYoungGen: 149184K->0K(470016K)] [ParOldGen: 1285748K->167863K(1397760K)] 1434932K->167863K(1867776K) [PSPermGen: 7349K->7349K(21504K)], 0.6604176 secs] [Times: user=2.34 sys=0.00, real=0.66 secs] 
181.117: [GC [PSYoungGen: 257023K->212480K(458240K)] 424886K->387535K(1856000K), 0.0999289 secs] [Times: user=0.38 sys=0.00, real=0.10 secs] 
181.469: [GC [PSYoungGen: 458240K->173216K(472576K)] 633295K->510055K(1870336K), 0.1853176 secs] [Times: user=0.69 sys=0.00, real=0.18 secs] 
181.909: [GC [PSYoungGen: 418976K->149728K(465408K)] 755815K->616207K(1863168K), 0.1554932 secs] [Times: user=0.62 sys=0.00, real=0.15 secs] 
182.320: [GC [PSYoungGen: 400608K->175168K(471552K)] 867087K->742767K(1869312K), 0.1510144 secs] [Times: user=0.61 sys=0.00, real=0.15 secs] 
182.737: [GC [PSYoungGen: 426048K->159932K(470528K)] 993647K->848723K(1868288K), 0.1656225 secs] [Times: user=0.59 sys=0.00, real=0.17 secs] 
183.170: [GC [PSYoungGen: 421052K->175552K(476160K)] 1109843K->967359K(1873920K), 0.1460660 secs] [Times: user=0.51 sys=0.00, real=0.15 secs] 
183.583: [GC [PSYoungGen: 436672K->161664K(476672K)] 1228479K->1054791K(1874432K), 0.1456000 secs] [Times: user=0.56 sys=0.00, real=0.15 secs] 
184.019: [GC [PSYoungGen: 433536K->150112K(481792K)] 1326663K->1144375K(1879552K), 0.1419066 secs] [Times: user=0.55 sys=0.00, real=0.14 secs] 
184.423: [GC [PSYoungGen: 421984K->166016K(481280K)] 1416247K->1265463K(1879040K), 0.1436372 secs] [Times: user=0.53 sys=0.00, real=0.14 secs] 
184.846: [GC [PSYoungGen: 446592K->160128K(485888K)] 1546039K->1377439K(1883648K), 0.1594432 secs] [Times: user=0.58 sys=0.00, real=0.16 secs] 
185.275: [GC [PSYoungGen: 440704K->167872K(485888K)] 1658015K->1494055K(1883648K), 0.1472491 secs] [Times: user=0.52 sys=0.00, real=0.15 secs] 
185.422: [Full GC [PSYoungGen: 167872K->0K(485888K)] [ParOldGen: 1326183K->172570K(1397760K)] 1494055K->172570K(1883648K) [PSPermGen: 7349K->7349K(21504K)], 0.6926986 secs] [Times: user=2.31 sys=0.00, real=0.69 secs] 
186.423: [GC [PSYoungGen: 291328K->199680K(491008K)] 463898K->403850K(1888768K), 0.1109376 secs] [Times: user=0.44 sys=0.00, real=0.11 secs] 
186.835: [GC [PSYoungGen: 491008K->196224K(460288K)] 695178K->550274K(1858048K), 0.1881303 secs] [Times: user=0.73 sys=0.00, real=0.19 secs] 
187.271: [GC [PSYoungGen: 448128K->147744K(475648K)] 802178K->627762K(1873408K), 0.1487398 secs] [Times: user=0.56 sys=0.00, real=0.15 secs] 
187.678: [GC [PSYoungGen: 399648K->170304K(466432K)] 879666K->746730K(1864192K), 0.1425628 secs] [Times: user=0.55 sys=0.00, real=0.14 secs] 
188.086: [GC [PSYoungGen: 422208K->151456K(471040K)] 998634K->849714K(1868800K), 0.1483688 secs] [Times: user=0.52 sys=0.00, real=0.15 secs] 
188.491: [GC [PSYoungGen: 403360K->176640K(474112K)] 1101618K->977282K(1871872K), 0.1514057 secs] [Times: user=0.56 sys=0.00, real=0.15 secs] 
188.927: [GC [PSYoungGen: 438784K->159296K(477696K)] 1239426K->1076010K(1875456K), 0.1475586 secs] [Times: user=0.53 sys=0.00, real=0.15 secs] 
189.340: [GC [PSYoungGen: 421440K->168608K(474112K)] 1338154K->1181578K(1871872K), 0.1402558 secs] [Times: user=0.55 sys=0.00, real=0.14 secs] 
189.768: [GC [PSYoungGen: 438944K->161134K(479744K)] 1451914K->1279945K(1877504K), 0.1564615 secs] [Times: user=0.58 sys=0.00, real=0.16 secs] 
190.196: [GC [PSYoungGen: 431470K->169312K(480256K)] 1550281K->1383818K(1878016K), 0.1526991 secs] [Times: user=0.56 sys=0.00, real=0.15 secs] 
190.636: [GC [PSYoungGen: 452448K->166080K(486400K)] 1666954K->1474962K(1884160K), 0.1390284 secs] [Times: user=0.56 sys=0.00, real=0.14 secs] 
190.776: [Full GC [PSYoungGen: 166080K->0K(486400K)] [ParOldGen: 1308882K->161784K(1397760K)] 1474962K->161784K(1884160K) [PSPermGen: 7349K->7349K(21504K)], 0.6529567 secs] [Times: user=2.39 sys=0.00, real=0.65 secs] 
191.724: [GC [PSYoungGen: 283136K->200192K(457216K)] 444920K->395704K(1854976K), 0.1213286 secs] [Times: user=0.45 sys=0.00, real=0.12 secs] 
192.108: [GC [PSYoungGen: 457216K->175392K(478208K)] 652728K->536888K(1875968K), 0.2026525 secs] [Times: user=0.72 sys=0.00, real=0.20 secs] 
192.569: [GC [PSYoungGen: 432416K->167680K(468480K)] 793912K->649848K(1866240K), 0.1555160 secs] [Times: user=0.62 sys=0.00, real=0.16 secs] 
192.997: [GC [PSYoungGen: 429312K->157888K(475648K)] 911480K->749608K(1873408K), 0.1460127 secs] [Times: user=0.53 sys=0.00, real=0.15 secs] 
193.405: [GC [PSYoungGen: 419520K->169248K(477184K)] 1011240K->864872K(1874944K), 0.1478312 secs] [Times: user=0.56 sys=0.00, real=0.15 secs] 
193.841: [GC [PSYoungGen: 441632K->162368K(481792K)] 1137256K->960560K(1879552K), 0.1445737 secs] [Times: user=0.55 sys=0.00, real=0.14 secs] 
194.268: [GC [PSYoungGen: 434752K->163872K(483840K)] 1232944K->1051896K(1881600K), 0.1411583 secs] [Times: user=0.50 sys=0.00, real=0.14 secs] 
194.697: [GC [PSYoungGen: 446496K->170656K(487936K)] 1334520K->1145920K(1885696K), 0.1371519 secs] [Times: user=0.48 sys=0.00, real=0.14 secs] 
195.135: [GC [PSYoungGen: 453280K->157984K(491520K)] 1428544K->1226376K(1889280K), 0.1331513 secs] [Times: user=0.47 sys=0.00, real=0.13 secs] 
195.563: [GC [PSYoungGen: 450336K->169024K(493056K)] 1518728K->1319384K(1890816K), 0.1351439 secs] [Times: user=0.53 sys=0.00, real=0.13 secs] 
195.996: [GC [PSYoungGen: 461376K->154144K(497152K)] 1611736K->1389400K(1894912K), 0.1302266 secs] [Times: user=0.48 sys=0.00, real=0.13 secs] 
196.423: [GC [PSYoungGen: 453664K->179136K(497152K)] 1688920K->1498496K(1894912K), 0.1406885 secs] [Times: user=0.53 sys=0.00, real=0.14 secs] 
196.564: [Full GC [PSYoungGen: 179136K->0K(497152K)] [ParOldGen: 1319360K->174379K(1397760K)] 1498496K->174379K(1894912K) [PSPermGen: 7350K->7350K(21504K)], 0.7132481 secs] [Times: user=2.57 sys=0.00, real=0.71 secs] 
197.593: [GC [PSYoungGen: 299520K->198656K(453632K)] 473899K->414835K(1851392K), 0.1202833 secs] [Times: user=0.47 sys=0.00, real=0.12 secs] 
197.973: [GC [PSYoungGen: 453632K->161696K(477184K)] 669811K->541147K(1874944K), 0.2018568 secs] [Times: user=0.69 sys=0.00, real=0.20 secs] 
198.424: [GC [PSYoungGen: 416672K->165216K(468992K)] 796123K->664171K(1866752K), 0.1611193 secs] [Times: user=0.56 sys=0.00, real=0.16 secs] 
198.861: [GC [PSYoungGen: 422240K->159584K(474112K)] 921195K->775611K(1871872K), 0.1596228 secs] [Times: user=0.42 sys=0.00, real=0.16 secs] 
199.282: [GC [PSYoungGen: 416608K->177088K(475648K)] 1032635K->901651K(1873408K), 0.1525391 secs] [Times: user=0.55 sys=0.00, real=0.15 secs] 
199.696: [GC [PSYoungGen: 443840K->159712K(479744K)] 1168403K->996995K(1877504K), 0.1514291 secs] [Times: user=0.59 sys=0.00, real=0.15 secs] 
200.121: [GC [PSYoungGen: 426464K->149632K(484352K)] 1263747K->1102283K(1882112K), 0.1419162 secs] [Times: user=0.55 sys=0.00, real=0.14 secs] 
200.538: [GC [PSYoungGen: 425088K->178784K(486400K)] 1377739K->1237523K(1884160K), 0.1546282 secs] [Times: user=0.59 sys=0.00, real=0.15 secs] 
200.951: [GC [PSYoungGen: 454240K->122816K(480768K)] 1512979K->1321811K(1878528K), 0.1517870 secs] [Times: user=0.56 sys=0.00, real=0.15 secs] 
201.381: [GC [PSYoungGen: 393152K->202304K(473088K)] 1592147K->1480667K(1870848K), 0.1467017 secs] [Times: user=0.52 sys=0.00, real=0.15 secs] 
201.528: [Full GC [PSYoungGen: 202304K->0K(473088K)] [ParOldGen: 1278363K->167551K(1397760K)] 1480667K->167551K(1870848K) [PSPermGen: 7350K->7350K(21504K)], 0.6707563 secs] [Times: user=2.36 sys=0.00, real=0.67 secs] 
202.482: [GC [PSYoungGen: 270336K->206880K(459776K)] 437887K->374431K(1857536K), 0.0974051 secs] [Times: user=0.36 sys=0.00, real=0.10 secs] 
202.843: [GC [PSYoungGen: 443424K->172224K(467968K)] 610975K->492999K(1865728K), 0.1756450 secs] [Times: user=0.66 sys=0.00, real=0.18 secs] 
203.249: [GC [PSYoungGen: 408768K->150432K(462336K)] 729543K->601287K(1860096K), 0.1619006 secs] [Times: user=0.53 sys=0.00, real=0.16 secs] 
203.659: [GC [PSYoungGen: 392608K->177856K(466432K)] 843463K->741975K(1864192K), 0.1568556 secs] [Times: user=0.59 sys=0.00, real=0.16 secs] 
204.073: [GC [PSYoungGen: 420032K->151360K(470528K)] 984151K->846703K(1868288K), 0.1546959 secs] [Times: user=0.56 sys=0.00, real=0.15 secs] 
204.480: [GC [PSYoungGen: 404800K->172128K(473600K)] 1100143K->978703K(1871360K), 0.1538720 secs] [Times: user=0.58 sys=0.00, real=0.15 secs] 
204.903: [GC [PSYoungGen: 425568K->152512K(477184K)] 1232143K->1087319K(1874944K), 0.1724205 secs] [Times: user=0.61 sys=0.00, real=0.17 secs] 
205.334: [GC [PSYoungGen: 415680K->171776K(477696K)] 1350487K->1223935K(1875456K), 0.1566029 secs] [Times: user=0.58 sys=0.00, real=0.16 secs] 
205.756: [GC [PSYoungGen: 434943K->174016K(482304K)] 1487103K->1344951K(1880064K), 0.1601895 secs] [Times: user=0.67 sys=0.00, real=0.16 secs] 
206.200: [GC [PSYoungGen: 447424K->161120K(482304K)] 1618359K->1441591K(1880064K), 0.1503489 secs] [Times: user=0.59 sys=0.00, real=0.15 secs] 
206.351: [Full GC [PSYoungGen: 161120K->0K(482304K)] [ParOldGen: 1280471K->169232K(1397760K)] 1441591K->169232K(1880064K) [PSPermGen: 7350K->7350K(21504K)], 0.6758932 secs] [Times: user=2.45 sys=0.00, real=0.68 secs] 
207.315: [GC [PSYoungGen: 273408K->206336K(454144K)] 442640K->400272K(1851904K), 0.1091178 secs] [Times: user=0.44 sys=0.00, real=0.11 secs] 
207.671: [GC [PSYoungGen: 454144K->176192K(473600K)] 648080K->528840K(1871360K), 0.1878869 secs] [Times: user=0.73 sys=0.00, real=0.19 secs] 
208.110: [GC [PSYoungGen: 424000K->145600K(470016K)] 776648K->631176K(1867776K), 0.1516305 secs] [Times: user=0.59 sys=0.00, real=0.15 secs] 
208.520: [GC [PSYoungGen: 398016K->183232K(474112K)] 883592K->768384K(1871872K), 0.1497915 secs] [Times: user=0.53 sys=0.00, real=0.15 secs] 
208.922: [GC [PSYoungGen: 435648K->130688K(474112K)] 1020800K->857840K(1871872K), 0.1621575 secs] [Times: user=0.59 sys=0.00, real=0.16 secs] 
209.347: [GC [PSYoungGen: 383616K->198720K(452096K)] 1110768K->1021248K(1849856K), 0.1492834 secs] [Times: user=0.50 sys=0.00, real=0.15 secs] 
209.752: [GC [PSYoungGen: 451648K->158304K(473600K)] 1274176K->1107064K(1871360K), 0.1521414 secs] [Times: user=0.56 sys=0.00, real=0.15 secs] 
210.157: [GC [PSYoungGen: 403040K->147136K(392192K)] 1351800K->1208544K(1789952K), 0.1425262 secs] [Times: user=0.56 sys=0.00, real=0.14 secs] 
210.550: [GC [PSYoungGen: 391872K->178496K(471040K)] 1453280K->1343752K(1868800K), 0.1487905 secs] [Times: user=0.53 sys=0.00, real=0.15 secs] 
210.963: [GC [PSYoungGen: 425280K->154720K(468992K)] 1590536K->1445312K(1866752K), 0.1559047 secs] [Times: user=0.59 sys=0.00, real=0.16 secs] 
211.119: [Full GC [PSYoungGen: 154720K->0K(468992K)] [ParOldGen: 1290592K->168961K(1397760K)] 1445312K->168961K(1866752K) [PSPermGen: 7350K->7350K(21504K)], 0.6646061 secs] [Times: user=2.47 sys=0.00, real=0.66 secs] 
212.030: [GC [PSYoungGen: 246784K->177984K(474112K)] 415745K->346945K(1871872K), 0.0863425 secs] [Times: user=0.30 sys=0.00, real=0.09 secs] 
212.379: [GC [PSYoungGen: 432448K->187712K(472576K)] 601409K->490641K(1870336K), 0.1776004 secs] [Times: user=0.67 sys=0.00, real=0.18 secs] 
212.806: [GC [PSYoungGen: 442176K->149888K(479744K)] 745105K->582417K(1877504K), 0.1574701 secs] [Times: user=0.61 sys=0.00, real=0.16 secs] 
213.230: [GC [PSYoungGen: 410496K->156992K(417792K)] 843025K->701777K(1815552K), 0.1521552 secs] [Times: user=0.47 sys=0.02, real=0.15 secs] 
213.648: [GC [PSYoungGen: 417600K->182464K(476160K)] 962385K->844257K(1873920K), 0.1575426 secs] [Times: user=0.62 sys=0.00, real=0.16 secs] 
214.078: [GC [PSYoungGen: 443072K->133344K(477184K)] 1104865K->930017K(1874944K), 0.1536462 secs] [Times: user=0.59 sys=0.00, real=0.15 secs] 
214.503: [GC [PSYoungGen: 393952K->189504K(473600K)] 1190625K->1078737K(1871360K), 0.1419800 secs] [Times: user=0.42 sys=0.00, real=0.14 secs] 
214.911: [GC [PSYoungGen: 445504K->154432K(477696K)] 1334737K->1171617K(1875456K), 0.1552017 secs] [Times: user=0.55 sys=0.00, real=0.16 secs] 
215.314: [GC [PSYoungGen: 410432K->156224K(469504K)] 1427617K->1284745K(1867264K), 0.1405679 secs] [Times: user=0.55 sys=0.00, real=0.14 secs] 
215.714: [GC [PSYoungGen: 415296K->173792K(474112K)] 1543817K->1417081K(1871872K), 0.1537148 secs] [Times: user=0.61 sys=0.00, real=0.15 secs] 
215.868: [Full GC [PSYoungGen: 173792K->0K(474112K)] [ParOldGen: 1243289K->170184K(1397760K)] 1417081K->170184K(1871872K) [PSPermGen: 7350K->7350K(21504K)], 0.6801299 secs] [Times: user=2.48 sys=0.00, real=0.68 secs] 
216.817: [GC [PSYoungGen: 259072K->205216K(466944K)] 429256K->375400K(1864704K), 0.0970068 secs] [Times: user=0.31 sys=0.00, real=0.10 secs] 
217.180: [GC [PSYoungGen: 459168K->151584K(476672K)] 629352K->485200K(1874432K), 0.1772371 secs] [Times: user=0.62 sys=0.02, real=0.18 secs] 
217.616: [GC [PSYoungGen: 405536K->185888K(475648K)] 739152K->626296K(1873408K), 0.1505480 secs] [Times: user=0.55 sys=0.00, real=0.15 secs] 
218.034: [GC [PSYoungGen: 440864K->142176K(477184K)] 881272K->712008K(1874944K), 0.1499724 secs] [Times: user=0.56 sys=0.00, real=0.15 secs] 
218.436: [GC [PSYoungGen: 397152K->170944K(468480K)] 966984K->842904K(1866240K), 0.1520522 secs] [Times: user=0.58 sys=0.00, real=0.15 secs] 
218.848: [GC [PSYoungGen: 426432K->170880K(473088K)] 1098392K->956880K(1870848K), 0.1531468 secs] [Times: user=0.59 sys=0.00, real=0.15 secs] 
219.259: [GC [PSYoungGen: 426368K->144576K(479744K)] 1212368K->1050280K(1877504K), 0.1464181 secs] [Times: user=0.53 sys=0.00, real=0.15 secs] 
219.680: [GC [PSYoungGen: 412352K->185504K(481280K)] 1318056K->1187968K(1879040K), 0.1534698 secs] [Times: user=0.58 sys=0.00, real=0.15 secs] 
220.110: [GC [PSYoungGen: 453280K->148512K(484352K)] 1455744K->1263600K(1882112K), 0.1409223 secs] [Times: user=0.55 sys=0.00, real=0.14 secs] 
220.520: [GC [PSYoungGen: 417312K->172832K(441856K)] 1532400K->1383512K(1839616K), 0.1409393 secs] [Times: user=0.56 sys=0.00, real=0.14 secs] 
220.927: [GC [PSYoungGen: 441632K->162912K(484864K)] 1652312K->1482536K(1882624K), 0.1452918 secs] [Times: user=0.56 sys=0.00, real=0.15 secs] 
221.072: [Full GC [PSYoungGen: 162912K->0K(484864K)] [ParOldGen: 1319624K->168312K(1397760K)] 1482536K->168312K(1882624K) [PSPermGen: 7351K->7351K(21504K)], 0.6913138 secs] [Times: user=2.56 sys=0.00, real=0.69 secs] 
222.044: [GC [PSYoungGen: 272896K->164800K(481280K)] 441208K->333112K(1879040K), 0.0820779 secs] [Times: user=0.31 sys=0.00, real=0.08 secs] 
222.408: [GC [PSYoungGen: 437696K->204288K(437760K)] 606008K->493184K(1835520K), 0.1689301 secs] [Times: user=0.62 sys=0.00, real=0.17 secs] 
222.815: [GC [PSYoungGen: 437760K->152288K(466432K)] 726656K->568504K(1864192K), 0.1533098 secs] [Times: user=0.61 sys=0.00, real=0.15 secs] 
223.216: [GC [PSYoungGen: 385760K->151296K(466432K)] 801976K->676312K(1864192K), 0.1374877 secs] [Times: user=0.47 sys=0.02, real=0.14 secs] 
223.597: [GC [PSYoungGen: 384768K->180512K(466432K)] 909784K->811856K(1864192K), 0.1515256 secs] [Times: user=0.61 sys=0.00, real=0.15 secs] 
224.000: [GC [PSYoungGen: 413984K->155264K(466432K)] 1045328K->913856K(1864192K), 0.1604054 secs] [Times: user=0.61 sys=0.00, real=0.16 secs] 
224.396: [GC [PSYoungGen: 388736K->151584K(466432K)] 1147328K->1027088K(1864192K), 0.1463899 secs] [Times: user=0.59 sys=0.00, real=0.15 secs] 
224.783: [GC [PSYoungGen: 385056K->175904K(466432K)] 1260560K->1167952K(1864192K), 0.1587982 secs] [Times: user=0.59 sys=0.00, real=0.16 secs] 
225.177: [GC [PSYoungGen: 409376K->132736K(466432K)] 1401424K->1268880K(1864192K), 0.1501141 secs] [Times: user=0.61 sys=0.00, real=0.15 secs] 
225.570: [GC [PSYoungGen: 366208K->185632K(466432K)] 1502352K->1422464K(1864192K), 0.1634820 secs] [Times: user=0.58 sys=0.00, real=0.16 secs] 
225.963: [GC [PSYoungGen: 419104K->151872K(385536K)] 1655936K->1529664K(1783296K), 0.1737608 secs] [Times: user=0.65 sys=0.00, real=0.17 secs] 
226.137: [Full GC [PSYoungGen: 151872K->0K(385536K)] [ParOldGen: 1377792K->165302K(1397760K)] 1529664K->165302K(1783296K) [PSPermGen: 7351K->7351K(21504K)], 0.6482873 secs] [Times: user=2.40 sys=0.00, real=0.65 secs] 
227.049: [GC [PSYoungGen: 233472K->172568K(470016K)] 398774K->337870K(1867776K), 0.0883034 secs] [Times: user=0.34 sys=0.00, real=0.09 secs] 
227.379: [GC [PSYoungGen: 410648K->180832K(465408K)] 575950K->486102K(1863168K), 0.1762014 secs] [Times: user=0.66 sys=0.00, real=0.18 secs] 
227.801: [GC [PSYoungGen: 418912K->171712K(467456K)] 724182K->605878K(1865216K), 0.1748098 secs] [Times: user=0.62 sys=0.00, real=0.17 secs] 
228.205: [GC [PSYoungGen: 416448K->77120K(465920K)] 850614K->664126K(1863680K), 0.1532950 secs] [Times: user=0.48 sys=0.00, real=0.15 secs] 
228.580: [GC [PSYoungGen: 321856K->98368K(465408K)] 908862K->748278K(1863168K), 0.0857117 secs] [Times: user=0.31 sys=0.00, real=0.09 secs] 
228.875: [GC [PSYoungGen: 331840K->77088K(466432K)] 981750K->815974K(1864192K), 0.0927858 secs] [Times: user=0.33 sys=0.00, real=0.09 secs] 
229.209: [GC [PSYoungGen: 310560K->51424K(466432K)] 1049446K->864614K(1864192K), 0.1166024 secs] [Times: user=0.30 sys=0.00, real=0.12 secs] 
229.548: [GC [PSYoungGen: 284896K->129760K(466432K)] 1098086K->981406K(1864192K), 0.0964385 secs] [Times: user=0.31 sys=0.00, real=0.10 secs] 
229.855: [GC [PSYoungGen: 363232K->103456K(466432K)] 1214878K->1069398K(1864192K), 0.1657049 secs] [Times: user=0.45 sys=0.00, real=0.16 secs] 
230.262: [GC [PSYoungGen: 336928K->57248K(466432K)] 1302870K->1117542K(1864192K), 0.0958766 secs] [Times: user=0.36 sys=0.00, real=0.10 secs] 
230.576: [GC [PSYoungGen: 290720K->118048K(453120K)] 1351014K->1227182K(1850880K), 0.0871360 secs] [Times: user=0.31 sys=0.00, real=0.09 secs] 
230.900: [GC [PSYoungGen: 351520K->183104K(459776K)] 1460654K->1380038K(1857536K), 0.1423017 secs] [Times: user=0.55 sys=0.00, real=0.14 secs] 
231.292: [GC [PSYoungGen: 416576K->155808K(466432K)] 1613510K->1495862K(1864192K), 0.1758487 secs] [Times: user=0.70 sys=0.00, real=0.18 secs] 
231.469: [Full GC [PSYoungGen: 155808K->0K(466432K)] [ParOldGen: 1340054K->167051K(1397760K)] 1495862K->167051K(1864192K) [PSPermGen: 7351K->7351K(21504K)], 0.6715751 secs] [Times: user=2.37 sys=0.00, real=0.67 secs] 
232.395: [GC [PSYoungGen: 233472K->198208K(466432K)] 400523K->365259K(1864192K), 0.0995325 secs] [Times: user=0.33 sys=0.00, real=0.10 secs] 
232.738: [GC [PSYoungGen: 431680K->174816K(466432K)] 598731K->494619K(1864192K), 0.1774519 secs] [Times: user=0.69 sys=0.00, real=0.18 secs] 
233.162: [GC [PSYoungGen: 408288K->146016K(466432K)] 728091K->603403K(1864192K), 0.1669352 secs] [Times: user=0.66 sys=0.00, real=0.17 secs] 
233.571: [GC [PSYoungGen: 379488K->176384K(466432K)] 836875K->739491K(1864192K), 0.1531802 secs] [Times: user=0.56 sys=0.00, real=0.15 secs] 
233.964: [GC [PSYoungGen: 409856K->162560K(466432K)] 972963K->851843K(1864192K), 0.1633711 secs] [Times: user=0.59 sys=0.00, real=0.16 secs] 
234.365: [GC [PSYoungGen: 396032K->135840K(466432K)] 1085315K->956531K(1864192K), 0.1499210 secs] [Times: user=0.58 sys=0.00, real=0.15 secs] 
234.753: [GC [PSYoungGen: 369312K->179936K(466432K)] 1190003K->1112083K(1864192K), 0.1543855 secs] [Times: user=0.59 sys=0.00, real=0.15 secs] 
235.150: [GC [PSYoungGen: 413408K->152416K(459264K)] 1345555K->1228155K(1857024K), 0.1734875 secs] [Times: user=0.64 sys=0.00, real=0.17 secs] 
235.565: [GC [PSYoungGen: 385888K->181856K(462848K)] 1461627K->1367931K(1860608K), 0.1602219 secs] [Times: user=0.69 sys=0.00, real=0.16 secs] 
235.964: [GC [PSYoungGen: 415328K->162592K(464384K)] 1601403K->1474395K(1862144K), 0.1629346 secs] [Times: user=0.55 sys=0.00, real=0.16 secs] 
236.127: [Full GC [PSYoungGen: 162592K->0K(464384K)] [ParOldGen: 1311803K->169122K(1397760K)] 1474395K->169122K(1862144K) [PSPermGen: 7353K->7353K(21504K)], 0.6841306 secs] [Times: user=2.40 sys=0.00, real=0.68 secs] 
237.063: [GC [PSYoungGen: 237056K->197728K(465408K)] 406178K->366850K(1863168K), 0.0892835 secs] [Times: user=0.36 sys=0.00, real=0.09 secs] 
237.408: [GC [PSYoungGen: 434784K->153760K(467968K)] 603906K->484162K(1865728K), 0.1891790 secs] [Times: user=0.75 sys=0.00, real=0.19 secs] 
237.841: [GC [PSYoungGen: 390304K->178304K(466432K)] 720706K->624794K(1864192K), 0.1681437 secs] [Times: user=0.64 sys=0.00, real=0.17 secs] 
238.251: [GC [PSYoungGen: 414848K->145344K(461312K)] 861338K->730618K(1859072K), 0.1574313 secs] [Times: user=0.62 sys=0.00, real=0.16 secs] 
238.657: [GC [PSYoungGen: 384448K->177408K(464896K)] 969722K->863898K(1862656K), 0.1447661 secs] [Times: user=0.55 sys=0.00, real=0.14 secs] 
239.043: [GC [PSYoungGen: 416512K->158400K(461824K)] 1103002K->966954K(1859584K), 0.1515769 secs] [Times: user=0.62 sys=0.00, real=0.15 secs] 
239.460: [GC [PSYoungGen: 405696K->165888K(467456K)] 1214250K->1089890K(1865216K), 0.1479108 secs] [Times: user=0.61 sys=0.00, real=0.15 secs] 
239.865: [GC [PSYoungGen: 413184K->174656K(476672K)] 1337186K->1208170K(1874432K), 0.1672008 secs] [Times: user=0.64 sys=0.00, real=0.17 secs] 
240.290: [GC [PSYoungGen: 437824K->113440K(478720K)] 1471338K->1288634K(1876480K), 0.1426725 secs] [Times: user=0.53 sys=0.00, real=0.14 secs] 
240.707: [GC [PSYoungGen: 376608K->213760K(452096K)] 1551802K->1470770K(1849856K), 0.1666030 secs] [Times: user=0.62 sys=0.00, real=0.17 secs] 
240.874: [Full GC [PSYoungGen: 213760K->0K(452096K)] [ParOldGen: 1257010K->166978K(1397760K)] 1470770K->166978K(1849856K) [PSPermGen: 7353K->7353K(21504K)], 0.6759866 secs] [Times: user=2.39 sys=0.00, real=0.68 secs] 
241.806: [GC [PSYoungGen: 233472K->205568K(466432K)] 400450K->372546K(1864192K), 0.0931264 secs] [Times: user=0.37 sys=0.00, real=0.09 secs] 
242.153: [GC [PSYoungGen: 439040K->163168K(466432K)] 606018K->494570K(1864192K), 0.1878968 secs] [Times: user=0.69 sys=0.00, real=0.19 secs] 
242.553: [GC [PSYoungGen: 396640K->116896K(466432K)] 728042K->589354K(1864192K), 0.1472033 secs] [Times: user=0.61 sys=0.00, real=0.15 secs] 
242.925: [GC [PSYoungGen: 350368K->169248K(465408K)] 822826K->737578K(1863168K), 0.1758887 secs] [Times: user=0.51 sys=0.00, real=0.18 secs] 
243.322: [GC [PSYoungGen: 402720K->95200K(465920K)] 971050K->812970K(1863680K), 0.1458097 secs] [Times: user=0.53 sys=0.00, real=0.15 secs] 
243.696: [GC [PSYoungGen: 328672K->177792K(466432K)] 1046442K->976362K(1864192K), 0.1786290 secs] [Times: user=0.50 sys=0.00, real=0.18 secs] 
244.095: [GC [PSYoungGen: 411264K->143104K(376832K)] 1209834K->1092474K(1774592K), 0.2234114 secs] [Times: user=0.59 sys=0.00, real=0.22 secs] 
244.558: [GC [PSYoungGen: 376576K->114112K(464896K)] 1325946K->1189850K(1862656K), 0.1709975 secs] [Times: user=0.48 sys=0.00, real=0.17 secs] 
244.955: [GC [PSYoungGen: 347584K->165504K(464896K)] 1423322K->1335322K(1862656K), 0.1743810 secs] [Times: user=0.50 sys=0.01, real=0.17 secs] 
245.357: [GC [PSYoungGen: 398976K->93440K(462336K)] 1568794K->1414946K(1860096K), 0.1471202 secs] [Times: user=0.58 sys=0.00, real=0.15 secs] 
245.505: [Full GC [PSYoungGen: 93440K->0K(462336K)] [ParOldGen: 1321506K->169010K(1397760K)] 1414946K->169010K(1860096K) [PSPermGen: 7355K->7355K(21504K)], 0.7753943 secs] [Times: user=2.06 sys=0.00, real=0.78 secs] 
246.529: [GC [PSYoungGen: 233984K->190176K(464896K)] 402994K->359186K(1862656K), 0.0860661 secs] [Times: user=0.38 sys=0.00, real=0.09 secs] 
246.857: [GC [PSYoungGen: 424160K->172768K(466432K)] 593170K->490650K(1864192K), 0.1717944 secs] [Times: user=0.67 sys=0.00, real=0.17 secs] 
247.275: [GC [PSYoungGen: 406240K->145312K(378880K)] 724122K->593738K(1776640K), 0.1785289 secs] [Times: user=0.59 sys=0.00, real=0.18 secs] 
247.668: [GC [PSYoungGen: 378784K->123808K(467456K)] 827210K->701170K(1865216K), 0.1430669 secs] [Times: user=0.53 sys=0.00, real=0.14 secs] 
248.042: [GC [PSYoungGen: 360352K->161600K(464384K)] 937714K->841810K(1862144K), 0.1584621 secs] [Times: user=0.55 sys=0.00, real=0.16 secs] 
248.449: [GC [PSYoungGen: 398144K->153344K(465408K)] 1078354K->962250K(1863168K), 0.1513428 secs] [Times: user=0.62 sys=0.00, real=0.15 secs] 
248.851: [GC [PSYoungGen: 400128K->179680K(464896K)] 1209034K->1103986K(1862656K), 0.1541991 secs] [Times: user=0.61 sys=0.00, real=0.15 secs] 
249.258: [GC [PSYoungGen: 426464K->151520K(472576K)] 1350770K->1206810K(1870336K), 0.1502244 secs] [Times: user=0.62 sys=0.00, real=0.15 secs] 
249.667: [GC [PSYoungGen: 411104K->171136K(475136K)] 1466394K->1340290K(1872896K), 0.1661437 secs] [Times: user=0.59 sys=0.00, real=0.17 secs] 
250.103: [GC [PSYoungGen: 430720K->177120K(479744K)] 1599874K->1455474K(1877504K), 0.1626068 secs] [Times: user=0.64 sys=0.00, real=0.16 secs] 
250.266: [Full GC [PSYoungGen: 177120K->0K(479744K)] [ParOldGen: 1278354K->167697K(1397760K)] 1455474K->167697K(1877504K) [PSPermGen: 7356K->7356K(21504K)], 0.6512786 secs] [Times: user=2.37 sys=0.00, real=0.65 secs] 
251.194: [GC [PSYoungGen: 264192K->191776K(456192K)] 431889K->359473K(1853952K), 0.0876363 secs] [Times: user=0.34 sys=0.00, real=0.09 secs] 
251.543: [GC [PSYoungGen: 455968K->176704K(475648K)] 623665K->493729K(1873408K), 0.1735844 secs] [Times: user=0.64 sys=0.00, real=0.17 secs] 
251.973: [GC [PSYoungGen: 428096K->168768K(420352K)] 745121K->602065K(1818112K), 0.1510035 secs] [Times: user=0.61 sys=0.00, real=0.15 secs] 
252.376: [GC [PSYoungGen: 420160K->128864K(470528K)] 853457K->692377K(1868288K), 0.1626950 secs] [Times: user=0.48 sys=0.00, real=0.16 secs] 
252.777: [GC [PSYoungGen: 379744K->158016K(471040K)] 943257K->825729K(1868800K), 0.1362279 secs] [Times: user=0.50 sys=0.00, real=0.14 secs] 
253.164: [GC [PSYoungGen: 408896K->155822K(474112K)] 1076609K->952967K(1871872K), 0.1771386 secs] [Times: user=0.59 sys=0.00, real=0.18 secs] 
253.588: [GC [PSYoungGen: 420526K->155520K(474112K)] 1217671K->1071673K(1871872K), 0.1641379 secs] [Times: user=0.51 sys=0.00, real=0.16 secs] 
254.008: [GC [PSYoungGen: 420224K->171680K(485888K)] 1336377K->1200073K(1883648K), 0.1557434 secs] [Times: user=0.56 sys=0.00, real=0.16 secs] 
254.456: [GC [PSYoungGen: 452256K->148352K(485888K)] 1480649K->1306089K(1883648K), 0.1488290 secs] [Times: user=0.61 sys=0.00, real=0.15 secs] 
254.882: [GC [PSYoungGen: 428928K->181408K(487424K)] 1586665K->1440289K(1885184K), 0.1467129 secs] [Times: user=0.55 sys=0.00, real=0.15 secs] 
255.029: [Full GC [PSYoungGen: 181408K->0K(487424K)] [ParOldGen: 1258881K->164399K(1397760K)] 1440289K->164399K(1885184K) [PSPermGen: 7358K->7358K(21504K)], 0.6694394 secs] [Times: user=2.32 sys=0.00, real=0.67 secs] 
255.996: [GC [PSYoungGen: 284672K->206848K(491520K)] 449071K->379495K(1889280K), 0.1022685 secs] [Times: user=0.44 sys=0.00, real=0.10 secs] 
256.399: [GC [PSYoungGen: 491520K->180512K(463872K)] 664167K->509183K(1861632K), 0.1783692 secs] [Times: user=0.67 sys=0.00, real=0.18 secs] 
256.836: [GC [PSYoungGen: 436512K->165536K(477696K)] 765183K->602655K(1875456K), 0.1408687 secs] [Times: user=0.55 sys=0.00, real=0.14 secs] 
257.244: [GC [PSYoungGen: 421536K->152832K(467968K)] 858655K->699743K(1865728K), 0.1382850 secs] [Times: user=0.53 sys=0.00, real=0.14 secs] 
257.647: [GC [PSYoungGen: 413440K->174368K(475136K)] 960351K->818031K(1872896K), 0.1394341 secs] [Times: user=0.53 sys=0.00, real=0.14 secs] 
258.055: [GC [PSYoungGen: 434976K->163552K(475648K)] 1078639K->903015K(1873408K), 0.1322067 secs] [Times: user=0.56 sys=0.00, real=0.13 secs] 
258.471: [GC [PSYoungGen: 435936K->155488K(481280K)] 1175399K->991463K(1879040K), 0.1351820 secs] [Times: user=0.45 sys=0.00, real=0.14 secs] 
258.877: [GC [PSYoungGen: 427872K->176448K(487936K)] 1263847K->1104839K(1885696K), 0.1425750 secs] [Times: user=0.53 sys=0.00, real=0.14 secs] 
259.306: [GC [PSYoungGen: 460608K->148864K(490496K)] 1388999K->1190111K(1888256K), 0.1538303 secs] [Times: user=0.53 sys=0.00, real=0.15 secs] 
259.740: [GC [PSYoungGen: 433024K->174592K(492032K)] 1474271K->1307367K(1889792K), 0.1332436 secs] [Times: user=0.56 sys=0.00, real=0.13 secs] 
260.170: [GC [PSYoungGen: 462336K->166928K(455168K)] 1595111K->1398831K(1852928K), 0.1790680 secs] [Times: user=0.48 sys=0.00, real=0.18 secs] 
260.604: [GC [PSYoungGen: 454672K->130304K(488960K)] 1686575K->1480559K(1886720K), 0.1417376 secs] [Times: user=0.58 sys=0.00, real=0.14 secs] 
260.746: [Full GC [PSYoungGen: 130304K->0K(488960K)] [ParOldGen: 1350255K->166828K(1397760K)] 1480559K->166828K(1886720K) [PSPermGen: 7360K->7360K(21504K)], 0.7068164 secs] [Times: user=2.26 sys=0.00, real=0.71 secs] 
261.724: [GC [PSYoungGen: 287232K->159712K(491520K)] 454060K->326540K(1889280K), 0.1002791 secs] [Times: user=0.31 sys=0.00, real=0.10 secs] 
262.076: [GC [PSYoungGen: 446944K->126976K(491008K)] 613772K->434308K(1888768K), 0.1843865 secs] [Times: user=0.58 sys=0.00, real=0.18 secs] 
262.525: [GC [PSYoungGen: 417792K->78784K(369664K)] 725124K->501932K(1767424K), 0.1348081 secs] [Times: user=0.39 sys=0.00, real=0.13 secs] 
262.925: [GC [PSYoungGen: 369600K->168064K(487424K)] 792748K->651108K(1885184K), 0.1387545 secs] [Times: user=0.45 sys=0.00, real=0.14 secs] 
263.339: [GC [PSYoungGen: 443520K->147328K(422912K)] 926564K->761788K(1820672K), 0.1613967 secs] [Times: user=0.56 sys=0.00, real=0.16 secs] 
263.757: [GC [PSYoungGen: 422784K->155264K(486400K)] 1037244K->881084K(1884160K), 0.1536674 secs] [Times: user=0.47 sys=0.00, real=0.15 secs] 
264.182: [GC [PSYoungGen: 434816K->72504K(482304K)] 1160636K->940204K(1880064K), 0.1528143 secs] [Times: user=0.53 sys=0.00, real=0.15 secs] 
264.612: [GC [PSYoungGen: 352056K->192896K(465408K)] 1219756K->1112692K(1863168K), 0.1343924 secs] [Times: user=0.50 sys=0.00, real=0.13 secs] 
265.005: [GC [PSYoungGen: 446848K->167520K(476672K)] 1366644K->1225580K(1874432K), 0.1709570 secs] [Times: user=0.64 sys=0.00, real=0.17 secs] 
265.456: [GC [PSYoungGen: 421472K->157920K(466944K)] 1479532K->1324916K(1864704K), 0.1446680 secs] [Times: user=0.61 sys=0.00, real=0.15 secs] 
265.843: [GC [PSYoungGen: 412384K->151680K(472064K)] 1579380K->1429692K(1869824K), 0.1656443 secs] [Times: user=0.56 sys=0.00, real=0.17 secs] 
266.009: [Full GC [PSYoungGen: 151680K->0K(472064K)] [ParOldGen: 1278012K->166170K(1397760K)] 1429692K->166170K(1869824K) [PSPermGen: 7360K->7360K(21504K)], 0.6613262 secs] [Times: user=2.37 sys=0.00, real=0.66 secs] 
266.934: [GC [PSYoungGen: 254464K->97536K(476672K)] 420634K->263706K(1874432K), 0.0489546 secs] [Times: user=0.14 sys=0.00, real=0.05 secs] 
267.260: [GC [PSYoungGen: 363264K->113792K(480256K)] 529434K->363202K(1878016K), 0.1028830 secs] [Times: user=0.41 sys=0.00, real=0.10 secs] 
267.623: [GC [PSYoungGen: 379520K->172768K(478208K)] 628930K->515834K(1875968K), 0.1469836 secs] [Times: user=0.58 sys=0.00, real=0.15 secs] 
268.028: [GC [PSYoungGen: 437984K->167040K(432640K)] 781050K->639210K(1830400K), 0.1592726 secs] [Times: user=0.64 sys=0.00, real=0.16 secs] 
268.450: [GC [PSYoungGen: 432256K->141824K(487424K)] 904426K->740274K(1885184K), 0.1434855 secs] [Times: user=0.61 sys=0.00, real=0.14 secs] 
268.833: [GC [PSYoungGen: 411648K->108128K(481792K)] 1010098K->832962K(1879552K), 0.1554874 secs] [Times: user=0.51 sys=0.00, real=0.16 secs] 
269.280: [GC [PSYoungGen: 377952K->197568K(460800K)] 1102786K->1000778K(1858560K), 0.1382430 secs] [Times: user=0.50 sys=0.00, real=0.14 secs] 
269.674: [GC [PSYoungGen: 446400K->166816K(474112K)] 1249610K->1103826K(1871872K), 0.1757579 secs] [Times: user=0.62 sys=0.00, real=0.18 secs] 
270.094: [GC [PSYoungGen: 415648K->126048K(466944K)] 1352658K->1190994K(1864704K), 0.1494223 secs] [Times: user=0.56 sys=0.00, real=0.15 secs] 
270.505: [GC [PSYoungGen: 375904K->183456K(471040K)] 1440850K->1347394K(1868800K), 0.1449512 secs] [Times: user=0.56 sys=0.00, real=0.14 secs] 
270.899: [GC [PSYoungGen: 433312K->165856K(474624K)] 1597250K->1460746K(1872384K), 0.1708490 secs] [Times: user=0.64 sys=0.00, real=0.17 secs] 
271.070: [Full GC [PSYoungGen: 165856K->0K(474624K)] [ParOldGen: 1294890K->163389K(1397760K)] 1460746K->163389K(1872384K) [PSPermGen: 7360K->7360K(21504K)], 0.6595061 secs] [Times: user=2.43 sys=0.00, real=0.66 secs] 
271.990: [GC [PSYoungGen: 247808K->186944K(435200K)] 411197K->350333K(1832960K), 0.0892540 secs] [Times: user=0.36 sys=0.00, real=0.09 secs] 
272.350: [GC [PSYoungGen: 434752K->177344K(468480K)] 598141K->490485K(1866240K), 0.1880254 secs] [Times: user=0.72 sys=0.00, real=0.19 secs] 
272.781: [GC [PSYoungGen: 415936K->164512K(403456K)] 729077K->596717K(1801216K), 0.1592107 secs] [Times: user=0.61 sys=0.00, real=0.16 secs] 
273.193: [GC [PSYoungGen: 403104K->155580K(470016K)] 835309K->707977K(1867776K), 0.1510076 secs] [Times: user=0.61 sys=0.00, real=0.15 secs] 
273.593: [GC [PSYoungGen: 400316K->176192K(464384K)] 952713K->836853K(1862144K), 0.1689968 secs] [Times: user=0.65 sys=0.00, real=0.17 secs] 
274.009: [GC [PSYoungGen: 420928K->160608K(474112K)] 1081589K->936661K(1871872K), 0.1511712 secs] [Times: user=0.56 sys=0.00, real=0.15 secs] 
274.444: [GC [PSYoungGen: 420704K->163104K(474112K)] 1196757K->1042109K(1871872K), 0.1576209 secs] [Times: user=0.58 sys=0.00, real=0.16 secs] 
274.844: [GC [PSYoungGen: 423200K->143712K(482304K)] 1302205K->1144773K(1880064K), 0.1914032 secs] [Times: user=0.58 sys=0.00, real=0.19 secs] 
275.291: [GC [PSYoungGen: 416608K->103456K(480768K)] 1417669K->1224757K(1878528K), 0.1365913 secs] [Times: user=0.51 sys=0.00, real=0.14 secs] 
275.703: [GC [PSYoungGen: 376352K->206336K(460288K)] 1497653K->1401597K(1858048K), 0.1575901 secs] [Times: user=0.56 sys=0.00, real=0.16 secs] 
276.096: [GC [PSYoungGen: 454144K->138784K(473600K)] 1649405K->1483389K(1871360K), 0.1730321 secs] [Times: user=0.67 sys=0.00, real=0.17 secs] 
276.270: [Full GC [PSYoungGen: 138784K->0K(473600K)] [ParOldGen: 1344605K->165161K(1397760K)] 1483389K->165161K(1871360K) [PSPermGen: 7360K->7360K(21504K)], 0.6410483 secs] [Times: user=2.07 sys=0.00, real=0.64 secs] 
277.172: [GC [PSYoungGen: 247808K->157432K(458240K)] 412969K->322593K(1856000K), 0.0767386 secs] [Times: user=0.25 sys=0.02, real=0.08 secs] 
277.501: [GC [PSYoungGen: 408312K->190784K(467456K)] 573473K->481249K(1865216K), 0.1641546 secs] [Times: user=0.62 sys=0.00, real=0.16 secs] 
277.916: [GC [PSYoungGen: 441664K->161888K(477184K)] 732129K->585553K(1874944K), 0.1577726 secs] [Times: user=0.59 sys=0.00, real=0.16 secs] 
278.344: [GC [PSYoungGen: 421472K->162304K(476672K)] 845137K->699265K(1874432K), 0.1452905 secs] [Times: user=0.53 sys=0.01, real=0.14 secs] 
278.748: [GC [PSYoungGen: 421888K->169184K(479232K)] 958849K->815361K(1876992K), 0.1455089 secs] [Times: user=0.55 sys=0.00, real=0.14 secs] 
279.171: [GC [PSYoungGen: 435936K->157216K(477184K)] 1082113K->920041K(1874944K), 0.1481343 secs] [Times: user=0.56 sys=0.00, real=0.15 secs] 
279.580: [GC [PSYoungGen: 423968K->170976K(483840K)] 1186793K->1037049K(1881600K), 0.1449714 secs] [Times: user=0.55 sys=0.00, real=0.15 secs] 
280.003: [GC [PSYoungGen: 448480K->168416K(482816K)] 1314553K->1135129K(1880576K), 0.1551145 secs] [Times: user=0.55 sys=0.02, real=0.15 secs] 
280.443: [GC [PSYoungGen: 445920K->165664K(491520K)] 1412633K->1231145K(1889280K), 0.1449431 secs] [Times: user=0.53 sys=0.00, real=0.14 secs] 
280.887: [GC [PSYoungGen: 455968K->174048K(491008K)] 1521449K->1323713K(1888768K), 0.1375672 secs] [Times: user=0.50 sys=0.00, real=0.14 secs] 
281.321: [GC [PSYoungGen: 464352K->153856K(496128K)] 1614017K->1381913K(1893888K), 0.1213715 secs] [Times: user=0.44 sys=0.00, real=0.12 secs] 
281.749: [GC [PSYoungGen: 451840K->185280K(483328K)] 1679897K->1487777K(1881088K), 0.1383354 secs] [Times: user=0.55 sys=0.00, real=0.14 secs] 
281.887: [Full GC [PSYoungGen: 185280K->0K(483328K)] [ParOldGen: 1302497K->173051K(1397760K)] 1487777K->173051K(1881088K) [PSPermGen: 7360K->7360K(21504K)], 0.7088818 secs] [Times: user=2.40 sys=0.00, real=0.71 secs] 
282.910: [GC [PSYoungGen: 297984K->203776K(445440K)] 471035K->416611K(1843200K), 0.1333299 secs] [Times: user=0.51 sys=0.02, real=0.13 secs] 
283.306: [GC [PSYoungGen: 445440K->168960K(470528K)] 658275K->540275K(1868288K), 0.1883378 secs] [Times: user=0.73 sys=0.00, real=0.19 secs] 
283.745: [GC [PSYoungGen: 410624K->176000K(458240K)] 781939K->668971K(1856000K), 0.1576780 secs] [Times: user=0.61 sys=0.00, real=0.16 secs] 
284.168: [GC [PSYoungGen: 422784K->162752K(466944K)] 915755K->776539K(1864704K), 0.1506680 secs] [Times: user=0.62 sys=0.00, real=0.15 secs] 
284.562: [GC [PSYoungGen: 409536K->156544K(472064K)] 1023323K->887939K(1869824K), 0.1518335 secs] [Times: user=0.61 sys=0.00, real=0.15 secs] 
284.978: [GC [PSYoungGen: 418688K->174816K(477184K)] 1150083K->1006691K(1874944K), 0.1437020 secs] [Times: user=0.53 sys=0.00, real=0.14 secs] 
285.401: [GC [PSYoungGen: 436960K->161472K(476672K)] 1268835K->1101379K(1874432K), 0.1432414 secs] [Times: user=0.55 sys=0.00, real=0.14 secs] 
285.826: [GC [PSYoungGen: 433344K->175744K(481792K)] 1373251K->1205235K(1879552K), 0.1666347 secs] [Times: user=0.62 sys=0.00, real=0.17 secs] 
286.275: [GC [PSYoungGen: 447616K->153024K(486400K)] 1477107K->1276283K(1884160K), 0.1320265 secs] [Times: user=0.50 sys=0.00, real=0.13 secs] 
286.689: [GC [PSYoungGen: 434624K->171776K(488960K)] 1557883K->1379747K(1886720K), 0.1510779 secs] [Times: user=0.53 sys=0.00, real=0.15 secs] 
287.125: [GC [PSYoungGen: 453376K->165344K(485888K)] 1661347K->1457827K(1883648K), 0.1389742 secs] [Times: user=0.48 sys=0.00, real=0.14 secs] 
287.264: [Full GC [PSYoungGen: 165344K->0K(485888K)] [ParOldGen: 1292483K->163281K(1397760K)] 1457827K->163281K(1883648K) [PSPermGen: 7360K->7360K(21504K)], 0.6600247 secs] [Times: user=2.37 sys=0.00, real=0.66 secs] 
288.240: [GC [PSYoungGen: 287232K->201728K(488960K)] 450513K->375561K(1886720K), 0.1026739 secs] [Times: user=0.44 sys=0.00, real=0.10 secs] 
288.639: [GC [PSYoungGen: 488960K->197824K(470528K)] 662793K->517705K(1868288K), 0.1872066 secs] [Times: user=0.72 sys=0.00, real=0.19 secs] 
289.090: [GC [PSYoungGen: 457920K->152320K(479744K)] 777801K->571633K(1877504K), 0.1430291 secs] [Times: user=0.59 sys=0.00, real=0.14 secs] 
289.514: [GC [PSYoungGen: 412416K->160384K(474112K)] 831729K->670849K(1871872K), 0.1282779 secs] [Times: user=0.50 sys=0.00, real=0.13 secs] 
289.904: [GC [PSYoungGen: 420992K->163776K(477184K)] 931457K->781129K(1874944K), 0.1721848 secs] [Times: user=0.53 sys=0.00, real=0.17 secs] 
290.336: [GC [PSYoungGen: 424384K->122304K(477696K)] 1041737K->874073K(1875456K), 0.1560109 secs] [Times: user=0.53 sys=0.00, real=0.16 secs] 
290.756: [GC [PSYoungGen: 386496K->175584K(481792K)] 1138265K->1020825K(1879552K), 0.1507822 secs] [Times: user=0.53 sys=0.02, real=0.15 secs] 
291.187: [GC [PSYoungGen: 439776K->167128K(471040K)] 1285017K->1145401K(1868800K), 0.1645256 secs] [Times: user=0.58 sys=0.00, real=0.16 secs] 
291.621: [GC [PSYoungGen: 432856K->168832K(477184K)] 1411129K->1263249K(1874944K), 0.1558707 secs] [Times: user=0.61 sys=0.00, real=0.16 secs] 
292.047: [GC [PSYoungGen: 434560K->173344K(482816K)] 1528977K->1378257K(1880576K), 0.2023719 secs] [Times: user=0.56 sys=0.00, real=0.20 secs] 
292.546: [GC [PSYoungGen: 453920K->153472K(486400K)] 1658833K->1462113K(1884160K), 0.1399191 secs] [Times: user=0.53 sys=0.00, real=0.14 secs] 
292.686: [Full GC [PSYoungGen: 153472K->0K(486400K)] [ParOldGen: 1308641K->162361K(1397760K)] 1462113K->162361K(1884160K) [PSPermGen: 7360K->7360K(21504K)], 0.6579252 secs] [Times: user=2.26 sys=0.00, real=0.66 secs] 
293.638: [GC [PSYoungGen: 280576K->204288K(460288K)] 442937K->385833K(1858048K), 0.1096903 secs] [Times: user=0.41 sys=0.00, real=0.11 secs] 
293.990: [GC [PSYoungGen: 460288K->132864K(389120K)] 641833K->492633K(1786880K), 0.2131269 secs] [Times: user=0.65 sys=0.00, real=0.21 secs] 
294.486: [GC [PSYoungGen: 388864K->105376K(465408K)] 748633K->579785K(1863168K), 0.1206813 secs] [Times: user=0.48 sys=0.00, real=0.12 secs] 
294.835: [GC [PSYoungGen: 347040K->134272K(470528K)] 821449K->700545K(1868288K), 0.1571995 secs] [Times: user=0.47 sys=0.00, real=0.16 secs] 
295.243: [GC [PSYoungGen: 375936K->164288K(458240K)] 942209K->838017K(1856000K), 0.1488572 secs] [Times: user=0.53 sys=0.00, real=0.15 secs] 
295.606: [GC [PSYoungGen: 408000K->83584K(465408K)] 1081729K->899657K(1863168K), 0.1415618 secs] [Times: user=0.48 sys=0.00, real=0.14 secs] 
295.998: [GC [PSYoungGen: 327296K->196640K(462336K)] 1143369K->1067705K(1860096K), 0.1309341 secs] [Times: user=0.50 sys=0.00, real=0.13 secs] 
296.390: [GC [PSYoungGen: 430112K->147904K(466432K)] 1301177K->1176009K(1864192K), 0.1855357 secs] [Times: user=0.62 sys=0.00, real=0.19 secs] 
296.812: [GC [PSYoungGen: 381376K->167008K(458240K)] 1409481K->1312041K(1856000K), 0.1784709 secs] [Times: user=0.55 sys=0.00, real=0.18 secs] 
297.235: [GC [PSYoungGen: 402528K->153824K(463360K)] 1547561K->1431537K(1861120K), 0.1543162 secs] [Times: user=0.62 sys=0.00, real=0.15 secs] 
297.390: [Full GC [PSYoungGen: 153824K->0K(463360K)] [ParOldGen: 1277713K->166342K(1397760K)] 1431537K->166342K(1861120K) [PSPermGen: 7360K->7360K(21504K)], 0.6686841 secs] [Times: user=2.31 sys=0.00, real=0.67 secs] 
298.310: [GC [PSYoungGen: 235520K->198688K(459776K)] 401862K->365030K(1857536K), 0.0936373 secs] [Times: user=0.33 sys=0.00, real=0.09 secs] 
298.648: [GC [PSYoungGen: 437280K->173984K(468992K)] 603622K->493558K(1866752K), 0.1791845 secs] [Times: user=0.72 sys=0.00, real=0.18 secs] 
299.072: [GC [PSYoungGen: 412576K->166304K(456704K)] 732150K->603710K(1854464K), 0.1632649 secs] [Times: user=0.64 sys=0.00, real=0.16 secs] 
299.494: [GC [PSYoungGen: 406944K->153120K(463872K)] 844350K->704678K(1861632K), 0.1430849 secs] [Times: user=0.62 sys=0.00, real=0.14 secs] 
299.885: [GC [PSYoungGen: 393760K->170656K(469504K)] 945318K->824134K(1867264K), 0.1478742 secs] [Times: user=0.55 sys=0.00, real=0.15 secs] 
300.298: [GC [PSYoungGen: 428192K->153696K(474112K)] 1081670K->927494K(1871872K), 0.1451337 secs] [Times: user=0.56 sys=0.00, real=0.15 secs] 
300.708: [GC [PSYoungGen: 411232K->177984K(482304K)] 1185030K->1052086K(1880064K), 0.1626077 secs] [Times: user=0.66 sys=0.00, real=0.16 secs] 
301.153: [GC [PSYoungGen: 447808K->167104K(483328K)] 1321910K->1144966K(1881088K), 0.1538460 secs] [Times: user=0.58 sys=0.00, real=0.15 secs] 
301.575: [GC [PSYoungGen: 436928K->156288K(482304K)] 1414790K->1225918K(1880064K), 0.1354755 secs] [Times: user=0.53 sys=0.00, real=0.14 secs] 
301.999: [GC [PSYoungGen: 432256K->179968K(482816K)] 1501886K->1333646K(1880576K), 0.1497119 secs] [Times: user=0.61 sys=0.00, real=0.15 secs] 
302.434: [GC [PSYoungGen: 455936K->149152K(491008K)] 1609614K->1396070K(1888768K), 0.1354232 secs] [Times: user=0.53 sys=0.00, real=0.13 secs] 
302.569: [Full GC [PSYoungGen: 149152K->0K(491008K)] [ParOldGen: 1246918K->164209K(1397760K)] 1396070K->164209K(1888768K) [PSPermGen: 7361K->7361K(21504K)], 0.6496317 secs] [Times: user=2.37 sys=0.00, real=0.65 secs] 
303.510: [GC [PSYoungGen: 284160K->206848K(491008K)] 448369K->382241K(1888768K), 0.1069889 secs] [Times: user=0.41 sys=0.00, real=0.11 secs] 
303.913: [GC [PSYoungGen: 491008K->194528K(454144K)] 666401K->516969K(1851904K), 0.1895771 secs] [Times: user=0.73 sys=0.00, real=0.19 secs] 
304.374: [GC [PSYoungGen: 440288K->140640K(472576K)] 762729K->577425K(1870336K), 0.1443027 secs] [Times: user=0.61 sys=0.00, real=0.14 secs] 
304.772: [GC [PSYoungGen: 386400K->179872K(469504K)] 823185K->710361K(1867264K), 0.1464739 secs] [Times: user=0.55 sys=0.00, real=0.15 secs] 
305.194: [GC [PSYoungGen: 425632K->165976K(412160K)] 956121K->809457K(1809920K), 0.1705494 secs] [Times: user=0.61 sys=0.00, real=0.17 secs] 
305.612: [GC [PSYoungGen: 411736K->157152K(473600K)] 1055217K->906449K(1871360K), 0.1370021 secs] [Times: user=0.50 sys=0.00, real=0.14 secs] 
306.013: [GC [PSYoungGen: 410592K->175552K(470528K)] 1159889K->1022737K(1868288K), 0.1479214 secs] [Times: user=0.61 sys=0.00, real=0.15 secs] 
306.432: [GC [PSYoungGen: 428992K->154368K(479232K)] 1276177K->1115737K(1876992K), 0.1457478 secs] [Times: user=0.59 sys=0.00, real=0.15 secs] 
306.852: [GC [PSYoungGen: 418560K->177728K(477184K)] 1379929K->1233473K(1874944K), 0.1465471 secs] [Times: user=0.53 sys=0.00, real=0.15 secs] 
307.282: [GC [PSYoungGen: 441920K->151104K(484352K)] 1497665K->1315249K(1882112K), 0.1399839 secs] [Times: user=0.56 sys=0.00, real=0.14 secs] 
307.705: [GC [PSYoungGen: 423488K->176576K(483328K)] 1587633K->1435201K(1881088K), 0.1583964 secs] [Times: user=0.55 sys=0.00, real=0.16 secs] 
307.863: [Full GC [PSYoungGen: 176576K->0K(483328K)] [ParOldGen: 1258625K->164849K(1397760K)] 1435201K->164849K(1881088K) [PSPermGen: 7361K->7361K(21504K)], 0.6806627 secs] [Times: user=2.22 sys=0.00, real=0.68 secs] 
308.835: [GC [PSYoungGen: 272384K->209920K(454656K)] 437233K->390345K(1852416K), 0.1073769 secs] [Times: user=0.41 sys=0.00, real=0.11 secs] 
309.213: [GC [PSYoungGen: 454656K->171420K(472064K)] 635081K->515421K(1869824K), 0.1959369 secs] [Times: user=0.73 sys=0.00, real=0.20 secs] 
309.655: [GC [PSYoungGen: 416156K->161184K(460800K)] 760157K->627225K(1858560K), 0.1619243 secs] [Times: user=0.58 sys=0.00, real=0.16 secs] 
310.074: [GC [PSYoungGen: 411040K->170944K(468992K)] 877081K->745969K(1866752K), 0.1717938 secs] [Times: user=0.62 sys=0.00, real=0.17 secs] 
310.507: [GC [PSYoungGen: 420800K->154688K(473088K)] 995825K->844641K(1870848K), 0.1505683 secs] [Times: user=0.58 sys=0.00, real=0.15 secs] 
310.934: [GC [PSYoungGen: 419904K->181760K(478720K)] 1109857K->967257K(1876480K), 0.1461949 secs] [Times: user=0.55 sys=0.00, real=0.15 secs] 
311.348: [GC [PSYoungGen: 446976K->142048K(484864K)] 1232473K->1045281K(1882624K), 0.1394909 secs] [Times: user=0.56 sys=0.00, real=0.14 secs] 
311.769: [GC [PSYoungGen: 413408K->186944K(458752K)] 1316641K->1180849K(1856512K), 0.1415727 secs] [Times: user=0.56 sys=0.00, real=0.14 secs] 
312.213: [GC [PSYoungGen: 458304K->165766K(486912K)] 1452209K->1258311K(1884672K), 0.1554259 secs] [Times: user=0.62 sys=0.00, real=0.15 secs] 
312.644: [GC [PSYoungGen: 436102K->166144K(436736K)] 1528647K->1342129K(1834496K), 0.1321355 secs] [Times: user=0.55 sys=0.00, real=0.13 secs] 
313.056: [GC [PSYoungGen: 436480K->164256K(482304K)] 1612465K->1421625K(1880064K), 0.1269424 secs] [Times: user=0.50 sys=0.00, real=0.13 secs] 
313.183: [Full GC [PSYoungGen: 164256K->0K(482304K)] [ParOldGen: 1257369K->165081K(1397760K)] 1421625K->165081K(1880064K) [PSPermGen: 7361K->7361K(21504K)], 0.6697309 secs] [Times: user=2.47 sys=0.00, real=0.67 secs] 
314.139: [GC [PSYoungGen: 273408K->205824K(479232K)] 438489K->395185K(1876992K), 0.1285066 secs] [Times: user=0.44 sys=0.00, real=0.13 secs] 
314.565: [GC [PSYoungGen: 479232K->187136K(471040K)] 668593K->534721K(1868800K), 0.1893086 secs] [Times: user=0.73 sys=0.00, real=0.19 secs] 
315.014: [GC [PSYoungGen: 438016K->162560K(475136K)] 785601K->620585K(1872896K), 0.1441035 secs] [Times: user=0.62 sys=0.00, real=0.14 secs] 
315.418: [GC [PSYoungGen: 413440K->152704K(471040K)] 871465K->719697K(1868800K), 0.1384608 secs] [Times: user=0.56 sys=0.00, real=0.14 secs] 
315.818: [GC [PSYoungGen: 405632K->182208K(474112K)] 972625K->851561K(1871872K), 0.1516241 secs] [Times: user=0.59 sys=0.00, real=0.15 secs] 
316.238: [GC [PSYoungGen: 435136K->152768K(474624K)] 1104489K->935897K(1872384K), 0.1417966 secs] [Times: user=0.56 sys=0.00, real=0.14 secs] 
316.645: [GC [PSYoungGen: 411328K->178048K(477184K)] 1194457K->1056313K(1874944K), 0.1415153 secs] [Times: user=0.55 sys=0.00, real=0.14 secs] 
317.050: [GC [PSYoungGen: 436608K->165248K(473088K)] 1314873K->1147769K(1870848K), 0.1513425 secs] [Times: user=0.61 sys=0.00, real=0.15 secs] 
317.481: [GC [PSYoungGen: 429440K->152416K(477184K)] 1411961K->1231065K(1874944K), 0.1392177 secs] [Times: user=0.51 sys=0.00, real=0.14 secs] 
317.896: [GC [PSYoungGen: 416608K->178176K(483840K)] 1495257K->1349097K(1881600K), 0.1437122 secs] [Times: user=0.55 sys=0.00, real=0.14 secs] 
318.330: [GC [PSYoungGen: 452096K->158208K(485376K)] 1623017K->1424825K(1883136K), 0.1335252 secs] [Times: user=0.50 sys=0.00, real=0.13 secs] 
318.464: [Full GC [PSYoungGen: 158208K->0K(485376K)] [ParOldGen: 1266617K->164357K(1397760K)] 1424825K->164357K(1883136K) [PSPermGen: 7361K->7361K(21504K)], 0.6957737 secs] [Times: user=2.29 sys=0.00, real=0.70 secs] 
319.456: [GC [PSYoungGen: 273920K->179936K(487424K)] 438277K->344293K(1885184K), 0.0933939 secs] [Times: user=0.34 sys=0.00, real=0.09 secs] 
319.838: [GC [PSYoungGen: 457952K->192736K(471040K)] 622309K->495661K(1868800K), 0.1770565 secs] [Times: user=0.69 sys=0.00, real=0.18 secs] 
320.296: [GC [PSYoungGen: 470752K->124512K(477696K)] 773677K->568365K(1875456K), 0.1556571 secs] [Times: user=0.61 sys=0.00, real=0.16 secs] 
320.707: [GC [PSYoungGen: 388704K->138144K(481792K)] 832557K->678573K(1879552K), 0.1228796 secs] [Times: user=0.48 sys=0.00, real=0.12 secs] 
321.098: [GC [PSYoungGen: 402336K->149024K(476672K)] 942765K->809573K(1874432K), 0.1476712 secs] [Times: user=0.63 sys=0.00, real=0.15 secs] 
321.519: [GC [PSYoungGen: 413216K->166848K(479232K)] 1073765K->948813K(1876992K), 0.1610234 secs] [Times: user=0.61 sys=0.00, real=0.16 secs] 
321.953: [GC [PSYoungGen: 431040K->176512K(483328K)] 1213005K->1070005K(1881088K), 0.1518566 secs] [Times: user=0.62 sys=0.00, real=0.15 secs] 
322.395: [GC [PSYoungGen: 448384K->158880K(483328K)] 1341877K->1160381K(1881088K), 0.1593124 secs] [Times: user=0.59 sys=0.00, real=0.16 secs] 
322.834: [GC [PSYoungGen: 430752K->173216K(485376K)] 1432253K->1264677K(1883136K), 0.1371583 secs] [Times: user=0.50 sys=0.00, real=0.14 secs] 
323.270: [GC [PSYoungGen: 450720K->158592K(484352K)] 1542181K->1345277K(1882112K), 0.1385528 secs] [Times: user=0.47 sys=0.00, real=0.14 secs] 
323.691: [GC [PSYoungGen: 436096K->168064K(489984K)] 1622781K->1436637K(1887744K), 0.1323164 secs] [Times: user=0.48 sys=0.00, real=0.13 secs] 
323.824: [Full GC [PSYoungGen: 168064K->0K(489984K)] [ParOldGen: 1268573K->165974K(1397760K)] 1436637K->165974K(1887744K) [PSPermGen: 7361K->7361K(21504K)], 0.6741411 secs] [Times: user=2.36 sys=0.00, real=0.67 secs] 
324.800: [GC [PSYoungGen: 287232K->201216K(488448K)] 453206K->379974K(1886208K), 0.0988682 secs] [Times: user=0.34 sys=0.00, real=0.10 secs] 
325.209: [GC [PSYoungGen: 488448K->186144K(476160K)] 667206K->514838K(1873920K), 0.1869853 secs] [Times: user=0.69 sys=0.00, real=0.19 secs] 
325.668: [GC [PSYoungGen: 451360K->161760K(482304K)] 780054K->595766K(1880064K), 0.1414556 secs] [Times: user=0.56 sys=0.00, real=0.14 secs] 
326.086: [GC [PSYoungGen: 426976K->167360K(471552K)] 860982K->685022K(1869312K), 0.1349816 secs] [Times: user=0.53 sys=0.00, real=0.13 secs] 
326.504: [GC [PSYoungGen: 435136K->155648K(478208K)] 952798K->765174K(1875968K), 0.1467472 secs] [Times: user=0.45 sys=0.00, real=0.15 secs] 
326.929: [GC [PSYoungGen: 423424K->180032K(487424K)] 1032950K->879134K(1885184K), 0.1441968 secs] [Times: user=0.45 sys=0.00, real=0.14 secs] 
327.369: [GC [PSYoungGen: 460096K->165568K(488960K)] 1159198K->959350K(1886720K), 0.1364851 secs] [Times: user=0.56 sys=0.00, real=0.14 secs] 
327.794: [GC [PSYoungGen: 445632K->164160K(486912K)] 1239414K->1034014K(1884672K), 0.1288603 secs] [Times: user=0.48 sys=0.00, real=0.13 secs] 
328.218: [GC [PSYoungGen: 448832K->157920K(487936K)] 1318686K->1106070K(1885696K), 0.1302228 secs] [Times: user=0.45 sys=0.00, real=0.13 secs] 
328.640: [GC [PSYoungGen: 442592K->174368K(494592K)] 1390742K->1209830K(1892352K), 0.1447424 secs] [Times: user=0.51 sys=0.00, real=0.14 secs] 
329.089: [GC [PSYoungGen: 468768K->169504K(495104K)] 1504230K->1282086K(1892864K), 0.1272067 secs] [Times: user=0.50 sys=0.00, real=0.13 secs] 
329.532: [GC [PSYoungGen: 463904K->157056K(497664K)] 1576486K->1336950K(1895424K), 0.1189421 secs] [Times: user=0.48 sys=0.00, real=0.12 secs] 
329.956: [GC [PSYoungGen: 456576K->173408K(496640K)] 1636470K->1424046K(1894400K), 0.1268388 secs] [Times: user=0.50 sys=0.00, real=0.13 secs] 
330.398: [GC [PSYoungGen: 472928K->154528K(500736K)] 1723566K->1479118K(1898496K), 0.1177291 secs] [Times: user=0.42 sys=0.00, real=0.12 secs] 
330.517: [Full GC [PSYoungGen: 154528K->0K(500736K)] [ParOldGen: 1324590K->163531K(1397760K)] 1479118K->163531K(1898496K) [PSPermGen: 7361K->7361K(21504K)], 0.7023603 secs] [Times: user=2.45 sys=0.00, real=0.70 secs] 
331.546: [GC [PSYoungGen: 304640K->195584K(500224K)] 468171K->417139K(1897984K), 0.1350214 secs] [Times: user=0.53 sys=0.00, real=0.13 secs] 
331.988: [GC [PSYoungGen: 500224K->199168K(432640K)] 721779K->605411K(1830400K), 0.2167350 secs] [Times: user=0.86 sys=0.00, real=0.22 secs] 
332.459: [GC [PSYoungGen: 432640K->154016K(466432K)] 838883K->701475K(1864192K), 0.1609904 secs] [Times: user=0.62 sys=0.00, real=0.16 secs] 
332.863: [GC [PSYoungGen: 387488K->172992K(466432K)] 934947K->834795K(1864192K), 0.1627052 secs] [Times: user=0.59 sys=0.00, real=0.16 secs] 
333.284: [GC [PSYoungGen: 406464K->159552K(466432K)] 1068267K->952043K(1864192K), 0.1608909 secs] [Times: user=0.61 sys=0.00, real=0.16 secs] 
333.689: [GC [PSYoungGen: 393024K->168544K(466432K)] 1185515K->1072803K(1864192K), 0.1583008 secs] [Times: user=0.61 sys=0.00, real=0.16 secs] 
334.090: [GC [PSYoungGen: 402016K->163072K(466432K)] 1306275K->1184203K(1864192K), 0.1556786 secs] [Times: user=0.62 sys=0.00, real=0.16 secs] 
334.496: [GC [PSYoungGen: 396544K->154688K(466432K)] 1417675K->1294651K(1864192K), 0.1443662 secs] [Times: user=0.58 sys=0.00, real=0.14 secs] 
334.879: [GC [PSYoungGen: 388160K->164000K(466432K)] 1528123K->1416403K(1864192K), 0.1540420 secs] [Times: user=0.61 sys=0.00, real=0.15 secs] 
335.034: [Full GC [PSYoungGen: 164000K->0K(466432K)] [ParOldGen: 1252403K->164797K(1397760K)] 1416403K->164797K(1864192K) [PSPermGen: 7361K->7361K(21504K)], 0.6436375 secs] [Times: user=2.33 sys=0.00, real=0.64 secs] 
335.921: [GC [PSYoungGen: 233472K->172544K(466432K)] 398269K->337341K(1864192K), 0.0828576 secs] [Times: user=0.30 sys=0.00, real=0.08 secs] 
336.259: [GC [PSYoungGen: 406016K->170464K(466432K)] 570813K->481005K(1864192K), 0.1727669 secs] [Times: user=0.69 sys=0.00, real=0.17 secs] 
336.673: [GC [PSYoungGen: 403936K->166272K(466432K)] 714477K->600277K(1864192K), 0.1562344 secs] [Times: user=0.61 sys=0.00, real=0.16 secs] 
337.067: [GC [PSYoungGen: 399744K->159872K(466432K)] 833749K->714213K(1864192K), 0.1507341 secs] [Times: user=0.62 sys=0.00, real=0.15 secs] 
337.470: [GC [PSYoungGen: 393344K->155104K(466432K)] 947685K->835685K(1864192K), 0.1508944 secs] [Times: user=0.55 sys=0.00, real=0.15 secs] 
337.860: [GC [PSYoungGen: 388576K->169536K(403456K)] 1069157K->965405K(1801216K), 0.1632059 secs] [Times: user=0.59 sys=0.00, real=0.16 secs] 
338.277: [GC [PSYoungGen: 403008K->161024K(467456K)] 1198877K->1084333K(1865216K), 0.1548390 secs] [Times: user=0.62 sys=0.00, real=0.15 secs] 
338.678: [GC [PSYoungGen: 398592K->167008K(463360K)] 1321901K->1203045K(1861120K), 0.1555317 secs] [Times: user=0.59 sys=0.00, real=0.16 secs] 
339.078: [GC [PSYoungGen: 404576K->163328K(468480K)] 1440613K->1313821K(1866240K), 0.1529400 secs] [Times: user=0.44 sys=0.00, real=0.15 secs] 
339.499: [GC [PSYoungGen: 410624K->162720K(464896K)] 1561117K->1429621K(1862656K), 0.1539339 secs] [Times: user=0.56 sys=0.00, real=0.15 secs] 
339.653: [Full GC [PSYoungGen: 162720K->0K(464896K)] [ParOldGen: 1266901K->168156K(1397760K)] 1429621K->168156K(1862656K) [PSPermGen: 7362K->7362K(21504K)], 0.6766303 secs] [Times: user=2.36 sys=0.00, real=0.68 secs] 
340.596: [GC [PSYoungGen: 247296K->207904K(464896K)] 415452K->376060K(1862656K), 0.1037323 secs] [Times: user=0.41 sys=0.00, real=0.10 secs] 
340.957: [GC [PSYoungGen: 458784K->173568K(474624K)] 626940K->494236K(1872384K), 0.1847518 secs] [Times: user=0.69 sys=0.00, real=0.18 secs] 
341.413: [GC [PSYoungGen: 424448K->155584K(467968K)] 745116K->590356K(1865728K), 0.1506924 secs] [Times: user=0.53 sys=0.00, real=0.15 secs] 
341.829: [GC [PSYoungGen: 412096K->172608K(474112K)] 846868K->704060K(1871872K), 0.1410400 secs] [Times: user=0.56 sys=0.00, real=0.14 secs] 
342.243: [GC [PSYoungGen: 429120K->143552K(481792K)] 960572K->788108K(1879552K), 0.1463873 secs] [Times: user=0.56 sys=0.00, real=0.15 secs] 
342.661: [GC [PSYoungGen: 412352K->177440K(482816K)] 1056908K->919580K(1880576K), 0.1442600 secs] [Times: user=0.56 sys=0.00, real=0.14 secs] 
343.071: [GC [PSYoungGen: 446240K->157216K(481792K)] 1188380K->1013348K(1879552K), 0.1504416 secs] [Times: user=0.55 sys=0.00, real=0.15 secs] 
343.516: [GC [PSYoungGen: 430112K->168864K(483328K)] 1286244K->1119964K(1881088K), 0.1385355 secs] [Times: user=0.56 sys=0.00, real=0.14 secs] 
343.933: [GC [PSYoungGen: 441760K->167328K(484352K)] 1392860K->1212188K(1882112K), 0.1482533 secs] [Times: user=0.61 sys=0.00, real=0.15 secs] 
344.371: [GC [PSYoungGen: 449952K->152512K(485376K)] 1494812K->1301332K(1883136K), 0.1371064 secs] [Times: user=0.53 sys=0.00, real=0.14 secs] 
344.801: [GC [PSYoungGen: 435136K->184800K(491008K)] 1583956K->1417916K(1888768K), 0.1530596 secs] [Times: user=0.58 sys=0.00, real=0.15 secs] 
345.258: [GC [PSYoungGen: 473568K->152640K(494080K)] 1706684K->1479844K(1891840K), 0.1308565 secs] [Times: user=0.48 sys=0.00, real=0.13 secs] 
345.389: [Full GC [PSYoungGen: 152640K->0K(494080K)] [ParOldGen: 1327204K->163320K(1397760K)] 1479844K->163320K(1891840K) [PSPermGen: 7362K->7362K(21504K)], 0.6599368 secs] [Times: user=2.37 sys=0.00, real=0.66 secs] 
346.333: [GC [PSYoungGen: 288768K->198560K(478720K)] 452088K->361880K(1876480K), 0.0889417 secs] [Times: user=0.37 sys=0.00, real=0.09 secs] 
346.710: [GC [PSYoungGen: 472992K->192800K(467456K)] 636312K->495840K(1865216K), 0.1805783 secs] [Times: user=0.73 sys=0.00, real=0.18 secs] 
347.174: [GC [PSYoungGen: 467232K->161120K(485376K)] 770272K->560560K(1883136K), 0.1322115 secs] [Times: user=0.50 sys=0.00, real=0.13 secs] 
347.580: [GC [PSYoungGen: 429920K->157888K(427008K)] 829360K->637328K(1824768K), 0.1225637 secs] [Times: user=0.50 sys=0.00, real=0.12 secs] 
347.977: [GC [PSYoungGen: 426688K->164704K(483840K)] 906128K->724752K(1881600K), 0.1402587 secs] [Times: user=0.53 sys=0.00, real=0.14 secs] 
348.404: [GC [PSYoungGen: 436576K->157664K(480768K)] 996624K->814184K(1878528K), 0.1364482 secs] [Times: user=0.52 sys=0.00, real=0.14 secs] 
348.824: [GC [PSYoungGen: 429536K->171232K(487936K)] 1086056K->917128K(1885696K), 0.1390137 secs] [Times: user=0.53 sys=0.00, real=0.14 secs] 
349.252: [GC [PSYoungGen: 452320K->156832K(485376K)] 1198216K->996384K(1883136K), 0.1278578 secs] [Times: user=0.50 sys=0.00, real=0.13 secs] 
349.672: [GC [PSYoungGen: 437920K->178976K(490496K)] 1277472K->1101640K(1888256K), 0.1338738 secs] [Times: user=0.56 sys=0.00, real=0.13 secs] 
350.098: [GC [PSYoungGen: 466720K->161024K(491008K)] 1389384K->1162192K(1888768K), 0.1225784 secs] [Times: user=0.50 sys=0.00, real=0.12 secs] 
350.520: [GC [PSYoungGen: 448768K->157376K(494592K)] 1449936K->1237184K(1892352K), 0.1269280 secs] [Times: user=0.50 sys=0.00, real=0.13 secs] 
350.952: [GC [PSYoungGen: 452288K->177056K(494592K)] 1532096K->1332872K(1892352K), 0.1518354 secs] [Times: user=0.58 sys=0.00, real=0.15 secs] 
351.415: [GC [PSYoungGen: 471968K->159104K(497152K)] 1627784K->1385400K(1894912K), 0.1162355 secs] [Times: user=0.44 sys=0.00, real=0.12 secs] 
351.842: [GC [PSYoungGen: 458624K->166784K(498176K)] 1684920K->1456216K(1895936K), 0.1201759 secs] [Times: user=0.48 sys=0.00, real=0.12 secs] 
351.962: [Full GC [PSYoungGen: 166784K->0K(498176K)] [ParOldGen: 1289432K->163937K(1397760K)] 1456216K->163937K(1895936K) [PSPermGen: 7362K->7362K(21504K)], 0.6648339 secs] [Times: user=2.37 sys=0.02, real=0.66 secs] 
352.945: [GC [PSYoungGen: 299520K->195584K(453632K)] 463457K->406793K(1851392K), 0.1206595 secs] [Times: user=0.50 sys=0.00, real=0.12 secs] 
353.332: [GC [PSYoungGen: 453632K->178080K(478720K)] 664841K->546921K(1876480K), 0.1847496 secs] [Times: user=0.70 sys=0.00, real=0.18 secs] 
353.783: [GC [PSYoungGen: 436128K->175008K(466432K)] 804969K->660281K(1864192K), 0.1546574 secs] [Times: user=0.56 sys=0.00, real=0.15 secs] 
354.217: [GC [PSYoungGen: 436128K->152600K(474112K)] 921401K->751049K(1871872K), 0.1502681 secs] [Times: user=0.59 sys=0.00, real=0.15 secs] 
354.645: [GC [PSYoungGen: 413720K->174208K(480256K)] 1012169K->867249K(1878016K), 0.1453925 secs] [Times: user=0.42 sys=0.00, real=0.14 secs] 
355.073: [GC [PSYoungGen: 447616K->170240K(483328K)] 1140657K->959353K(1881088K), 0.1484396 secs] [Times: user=0.59 sys=0.00, real=0.15 secs] 
355.513: [GC [PSYoungGen: 443648K->158624K(487936K)] 1232761K->1037537K(1885696K), 0.1348841 secs] [Times: user=0.50 sys=0.00, real=0.13 secs] 
355.940: [GC [PSYoungGen: 441760K->172256K(488448K)] 1320673K->1132913K(1886208K), 0.1329312 secs] [Times: user=0.48 sys=0.00, real=0.13 secs] 
356.367: [GC [PSYoungGen: 455392K->149408K(490496K)] 1416049K->1192185K(1888256K), 0.1260332 secs] [Times: user=0.45 sys=0.00, real=0.13 secs] 
356.792: [GC [PSYoungGen: 437664K->177472K(491520K)] 1480441K->1295537K(1889280K), 0.1305855 secs] [Times: user=0.48 sys=0.00, real=0.13 secs] 
357.222: [GC [PSYoungGen: 465728K->155932K(493568K)] 1583793K->1362061K(1891328K), 0.1298106 secs] [Times: user=0.50 sys=0.00, real=0.13 secs] 
357.654: [GC [PSYoungGen: 449308K->171904K(495104K)] 1655437K->1450593K(1892864K), 0.1357908 secs] [Times: user=0.45 sys=0.00, real=0.14 secs] 
357.790: [Full GC [PSYoungGen: 171904K->0K(495104K)] [ParOldGen: 1278689K->166031K(1397760K)] 1450593K->166031K(1892864K) [PSPermGen: 7362K->7362K(21504K)], 0.6650035 secs] [Times: user=2.32 sys=0.01, real=0.66 secs] 
358.760: [GC [PSYoungGen: 293376K->199680K(456704K)] 459407K->401391K(1854464K), 0.1145518 secs] [Times: user=0.44 sys=0.00, real=0.12 secs] 
359.137: [GC [PSYoungGen: 456704K->190432K(447488K)] 658415K->548103K(1845248K), 0.1956576 secs] [Times: user=0.72 sys=0.00, real=0.19 secs] 
359.609: [GC [PSYoungGen: 447456K->154880K(477696K)] 805127K->637719K(1875456K), 0.1499194 secs] [Times: user=0.61 sys=0.00, real=0.15 secs] 
360.023: [GC [PSYoungGen: 410368K->172160K(428032K)] 893207K->754151K(1825792K), 0.1445387 secs] [Times: user=0.56 sys=0.00, real=0.14 secs] 
360.450: [GC [PSYoungGen: 427648K->127776K(469504K)] 1009639K->843631K(1867264K), 0.1495490 secs] [Times: user=0.58 sys=0.00, real=0.15 secs] 
360.860: [GC [PSYoungGen: 379680K->158752K(473088K)] 1095535K->986719K(1870848K), 0.1574958 secs] [Times: user=0.56 sys=0.00, real=0.16 secs] 
361.282: [GC [PSYoungGen: 410656K->146400K(474624K)] 1238623K->1109567K(1872384K), 0.1856284 secs] [Times: user=0.62 sys=0.00, real=0.19 secs] 
361.722: [GC [PSYoungGen: 406496K->151904K(476672K)] 1369663K->1232815K(1874432K), 0.1473149 secs] [Times: user=0.59 sys=0.00, real=0.15 secs] 
362.135: [GC [PSYoungGen: 412000K->181856K(480768K)] 1492911K->1372903K(1878528K), 0.1969915 secs] [Times: user=0.64 sys=0.00, real=0.20 secs] 
362.619: [GC [PSYoungGen: 448608K->161408K(428544K)] 1639655K->1473775K(1826304K), 0.1560949 secs] [Times: user=0.58 sys=0.00, real=0.16 secs] 
362.775: [Full GC [PSYoungGen: 161408K->0K(428544K)] [ParOldGen: 1312367K->167965K(1397760K)] 1473775K->167965K(1826304K) [PSPermGen: 7362K->7362K(21504K)], 0.6836223 secs] [Times: user=2.42 sys=0.00, real=0.69 secs] 
363.738: [GC [PSYoungGen: 266752K->211456K(458240K)] 434717K->386189K(1856000K), 0.1047124 secs] [Times: user=0.37 sys=0.00, real=0.11 secs] 
364.095: [GC [PSYoungGen: 458240K->168416K(473088K)] 632973K->504053K(1870848K), 0.1815379 secs] [Times: user=0.69 sys=0.00, real=0.18 secs] 
364.545: [GC [PSYoungGen: 415200K->150496K(464896K)] 750837K->610229K(1862656K), 0.1525590 secs] [Times: user=0.59 sys=0.00, real=0.15 secs] 
364.959: [GC [PSYoungGen: 402400K->180896K(471552K)] 862133K->741725K(1869312K), 0.1563322 secs] [Times: user=0.53 sys=0.00, real=0.16 secs] 
365.376: [GC [PSYoungGen: 432800K->131040K(476160K)] 993629K->825437K(1873920K), 0.1461712 secs] [Times: user=0.55 sys=0.00, real=0.15 secs] 
365.788: [GC [PSYoungGen: 388064K->188032K(445440K)] 1082461K->979597K(1843200K), 0.1537617 secs] [Times: user=0.62 sys=0.00, real=0.15 secs] 
366.218: [GC [PSYoungGen: 445056K->161870K(480256K)] 1236621K->1079843K(1878016K), 0.1671944 secs] [Times: user=0.59 sys=0.00, real=0.17 secs] 
366.646: [GC [PSYoungGen: 418382K->163424K(420352K)] 1336355K->1178637K(1818112K), 0.1454560 secs] [Times: user=0.55 sys=0.00, real=0.14 secs] 
367.057: [GC [PSYoungGen: 419936K->165120K(476160K)] 1435149K->1278589K(1873920K), 0.1400685 secs] [Times: user=0.56 sys=0.00, real=0.14 secs] 
367.474: [GC [PSYoungGen: 426240K->160512K(471552K)] 1539709K->1375909K(1869312K), 0.1427360 secs] [Times: user=0.53 sys=0.00, real=0.14 secs] 
367.889: [GC [PSYoungGen: 421632K->171072K(483840K)] 1637029K->1479325K(1881600K), 0.1496744 secs] [Times: user=0.53 sys=0.00, real=0.15 secs] 
368.040: [Full GC [PSYoungGen: 171072K->0K(483840K)] [ParOldGen: 1308253K->161542K(1397760K)] 1479325K->161542K(1881600K) [PSPermGen: 7362K->7362K(21504K)], 0.6504717 secs] [Times: user=2.42 sys=0.00, real=0.65 secs] 
368.985: [GC [PSYoungGen: 276480K->174432K(481280K)] 438022K->335974K(1879040K), 0.0957585 secs] [Times: user=0.31 sys=0.00, real=0.10 secs] 
369.372: [GC [PSYoungGen: 450912K->179808K(489984K)] 612454K->484598K(1887744K), 0.1719060 secs] [Times: user=0.69 sys=0.00, real=0.17 secs] 
369.810: [GC [PSYoungGen: 466016K->109312K(395776K)] 770806K->566182K(1793536K), 0.1556882 secs] [Times: user=0.59 sys=0.00, real=0.16 secs] 
370.266: [GC [PSYoungGen: 395520K->182944K(482816K)] 852390K->721902K(1880576K), 0.1327840 secs] [Times: user=0.44 sys=0.00, real=0.13 secs] 
370.679: [GC [PSYoungGen: 454304K->181920K(453632K)] 993262K->845326K(1851392K), 0.1728919 secs] [Times: user=0.64 sys=0.00, real=0.17 secs] 
371.132: [GC [PSYoungGen: 453280K->164416K(488448K)] 1116686K->919166K(1886208K), 0.1504685 secs] [Times: user=0.48 sys=0.00, real=0.15 secs] 
371.573: [GC [PSYoungGen: 437312K->157504K(430592K)] 1192062K->994014K(1828352K), 0.1339547 secs] [Times: user=0.50 sys=0.00, real=0.13 secs] 
371.979: [GC [PSYoungGen: 430400K->165344K(484864K)] 1266910K->1090446K(1882624K), 0.1411054 secs] [Times: user=0.55 sys=0.00, real=0.14 secs] 
372.407: [GC [PSYoungGen: 442336K->160096K(480768K)] 1367438K->1181470K(1878528K), 0.1339883 secs] [Times: user=0.55 sys=0.00, real=0.13 secs] 
372.818: [GC [PSYoungGen: 437088K->163328K(491520K)] 1458462K->1277334K(1889280K), 0.1299566 secs] [Times: user=0.50 sys=0.00, real=0.13 secs] 
373.248: [GC [PSYoungGen: 454144K->165792K(488448K)] 1568150K->1373326K(1886208K), 0.1381035 secs] [Times: user=0.53 sys=0.00, real=0.14 secs] 
373.687: [GC [PSYoungGen: 456608K->170432K(496128K)] 1664142K->1459590K(1893888K), 0.1280787 secs] [Times: user=0.50 sys=0.00, real=0.13 secs] 
373.816: [Full GC [PSYoungGen: 170432K->0K(496128K)] [ParOldGen: 1289158K->162698K(1397760K)] 1459590K->162698K(1893888K) [PSPermGen: 7362K->7362K(21504K)], 0.6468197 secs] [Times: user=2.34 sys=0.00, real=0.65 secs] 
374.783: [GC [PSYoungGen: 301568K->194048K(495616K)] 464266K->416906K(1893376K), 0.1255829 secs] [Times: user=0.50 sys=0.00, real=0.13 secs] 
375.231: [GC [PSYoungGen: 495616K->203750K(437248K)] 718474K->595472K(1835008K), 0.2096310 secs] [Times: user=0.84 sys=0.01, real=0.21 secs] 
375.682: [GC [PSYoungGen: 437222K->162144K(466432K)] 828944K->680770K(1864192K), 0.1504146 secs] [Times: user=0.62 sys=0.00, real=0.15 secs] 
376.074: [GC [PSYoungGen: 395616K->163136K(466432K)] 914242K->787434K(1864192K), 0.1380551 secs] [Times: user=0.51 sys=0.00, real=0.14 secs] 
376.469: [GC [PSYoungGen: 396608K->152512K(466432K)] 1020906K->889610K(1864192K), 0.1416769 secs] [Times: user=0.56 sys=0.00, real=0.14 secs] 
376.855: [GC [PSYoungGen: 385984K->175072K(466432K)] 1123082K->1019018K(1864192K), 0.1462177 secs] [Times: user=0.56 sys=0.00, real=0.15 secs] 
377.248: [GC [PSYoungGen: 408544K->152352K(466432K)] 1252490K->1124162K(1864192K), 0.1498588 secs] [Times: user=0.53 sys=0.00, real=0.15 secs] 
377.640: [GC [PSYoungGen: 385824K->172352K(466432K)] 1357634K->1250602K(1864192K), 0.1418450 secs] [Times: user=0.56 sys=0.00, real=0.14 secs] 
378.027: [GC [PSYoungGen: 405824K->166496K(466432K)] 1484074K->1362986K(1864192K), 0.1533402 secs] [Times: user=0.58 sys=0.00, real=0.15 secs] 
378.435: [GC [PSYoungGen: 399968K->154272K(466432K)] 1596458K->1470378K(1864192K), 0.1422510 secs] [Times: user=0.56 sys=0.00, real=0.14 secs] 
378.578: [Full GC [PSYoungGen: 154272K->0K(466432K)] [ParOldGen: 1316106K->169445K(1397760K)] 1470378K->169445K(1864192K) [PSPermGen: 7362K->7362K(21504K)], 0.6564140 secs] [Times: user=2.31 sys=0.00, real=0.66 secs] 
379.493: [GC [PSYoungGen: 233472K->199680K(466432K)] 402917K->369125K(1864192K), 0.0870802 secs] [Times: user=0.30 sys=0.00, real=0.09 secs] 
379.824: [GC [PSYoungGen: 433152K->174208K(466432K)] 602597K->495629K(1864192K), 0.1741966 secs] [Times: user=0.61 sys=0.00, real=0.17 secs] 
380.244: [GC [PSYoungGen: 407680K->151596K(466432K)] 729101K->591105K(1864192K), 0.1568566 secs] [Times: user=0.58 sys=0.00, real=0.16 secs] 
380.646: [GC [PSYoungGen: 385068K->174592K(466432K)] 824577K->715013K(1864192K), 0.1394216 secs] [Times: user=0.51 sys=0.00, real=0.14 secs] 
381.031: [GC [PSYoungGen: 408064K->166912K(400384K)] 948485K->824805K(1798144K), 0.1640455 secs] [Times: user=0.64 sys=0.00, real=0.16 secs] 
381.438: [GC [PSYoungGen: 400384K->143712K(466432K)] 1058277K->925309K(1864192K), 0.1463655 secs] [Times: user=0.62 sys=0.00, real=0.15 secs] 
381.830: [GC [PSYoungGen: 377696K->185792K(465920K)] 1159293K->1074829K(1863680K), 0.1481398 secs] [Times: user=0.56 sys=0.02, real=0.15 secs] 
382.239: [GC [PSYoungGen: 419776K->162204K(461824K)] 1308813K->1181377K(1859584K), 0.1621815 secs] [Times: user=0.61 sys=0.00, real=0.16 secs] 
382.645: [GC [PSYoungGen: 398748K->165920K(463872K)] 1417921K->1288997K(1861632K), 0.1381644 secs] [Times: user=0.55 sys=0.00, real=0.14 secs] 
383.030: [GC [PSYoungGen: 402464K->166016K(465408K)] 1525541K->1398101K(1863168K), 0.1530291 secs] [Times: user=0.61 sys=0.00, real=0.15 secs] 
383.452: [GC [PSYoungGen: 415360K->155680K(467456K)] 1647445K->1499589K(1865216K), 0.1416978 secs] [Times: user=0.56 sys=0.00, real=0.14 secs] 
383.594: [Full GC [PSYoungGen: 155680K->0K(467456K)] [ParOldGen: 1343909K->166620K(1397760K)] 1499589K->166620K(1865216K) [PSPermGen: 7362K->7362K(21504K)], 0.6402331 secs] [Times: user=2.29 sys=0.00, real=0.64 secs] 
384.508: [GC [PSYoungGen: 249344K->202240K(467968K)] 415964K->368860K(1865728K), 0.0902066 secs] [Times: user=0.37 sys=0.00, real=0.09 secs] 
384.861: [GC [PSYoungGen: 454144K->177344K(475648K)] 620764K->492748K(1873408K), 0.1716123 secs] [Times: user=0.69 sys=0.00, real=0.17 secs] 
385.298: [GC [PSYoungGen: 429248K->153664K(470016K)] 744652K->577004K(1867776K), 0.1390711 secs] [Times: user=0.55 sys=0.00, real=0.14 secs] 
385.704: [GC [PSYoungGen: 409152K->174432K(474624K)] 832492K->688484K(1872384K), 0.1323636 secs] [Times: user=0.50 sys=0.00, real=0.13 secs] 
386.102: [GC [PSYoungGen: 429920K->165696K(472064K)] 943972K->775548K(1869824K), 0.1381888 secs] [Times: user=0.55 sys=0.00, real=0.14 secs] 
386.522: [GC [PSYoungGen: 430400K->158304K(476672K)] 1040252K->861276K(1874432K), 0.1276006 secs] [Times: user=0.50 sys=0.00, real=0.13 secs] 
386.926: [GC [PSYoungGen: 423008K->175168K(481280K)] 1125980K->965060K(1879040K), 0.1321881 secs] [Times: user=0.56 sys=0.00, real=0.13 secs] 
387.355: [GC [PSYoungGen: 452672K->161216K(485376K)] 1242564K->1040524K(1883136K), 0.1267859 secs] [Times: user=0.50 sys=0.00, real=0.13 secs] 
387.767: [GC [PSYoungGen: 438720K->170944K(483328K)] 1318028K->1127684K(1881088K), 0.1239800 secs] [Times: user=0.50 sys=0.00, real=0.12 secs] 
388.190: [GC [PSYoungGen: 456640K->163136K(488448K)] 1413380K->1190660K(1886208K), 0.1186563 secs] [Times: user=0.50 sys=0.00, real=0.12 secs] 
388.590: [GC [PSYoungGen: 448832K->160480K(490496K)] 1476356K->1255684K(1888256K), 0.1220226 secs] [Times: user=0.48 sys=0.00, real=0.12 secs] 
389.015: [GC [PSYoungGen: 456416K->175616K(494592K)] 1551620K->1345388K(1892352K), 0.1384598 secs] [Times: user=0.53 sys=0.00, real=0.14 secs] 
389.472: [GC [PSYoungGen: 471552K->157952K(498688K)] 1641324K->1390452K(1896448K), 0.1166987 secs] [Times: user=0.48 sys=0.00, real=0.12 secs] 
389.900: [GC [PSYoungGen: 460032K->170560K(499712K)] 1692532K->1458700K(1897472K), 0.1117291 secs] [Times: user=0.44 sys=0.00, real=0.11 secs] 
390.012: [Full GC [PSYoungGen: 170560K->0K(499712K)] [ParOldGen: 1288140K->168025K(1397760K)] 1458700K->168025K(1897472K) [PSPermGen: 7362K->7362K(21504K)], 0.6715895 secs] [Times: user=2.43 sys=0.00, real=0.67 secs] 
391.011: [GC [PSYoungGen: 302080K->195584K(435200K)] 470105K->435681K(1832960K), 0.1345278 secs] [Times: user=0.56 sys=0.00, real=0.13 secs] 
391.402: [GC [PSYoungGen: 435200K->181440K(469504K)] 675297K->581289K(1867264K), 0.1887121 secs] [Times: user=0.73 sys=0.00, real=0.19 secs] 
391.841: [GC [PSYoungGen: 421056K->174272K(457216K)] 820905K->701353K(1854976K), 0.1579060 secs] [Times: user=0.59 sys=0.00, real=0.16 secs] 
392.261: [GC [PSYoungGen: 417984K->148960K(465408K)] 945065K->797553K(1863168K), 0.1414293 secs] [Times: user=0.53 sys=0.00, real=0.14 secs] 
392.648: [GC [PSYoungGen: 392672K->168512K(471040K)] 1041265K->923321K(1868800K), 0.1378126 secs] [Times: user=0.56 sys=0.00, real=0.14 secs] 
393.049: [GC [PSYoungGen: 424000K->173536K(474112K)] 1178809K->1038353K(1871872K), 0.1445269 secs] [Times: user=0.56 sys=0.00, real=0.15 secs] 
393.467: [GC [PSYoungGen: 429024K->154912K(480256K)] 1293841K->1130361K(1878016K), 0.1392305 secs] [Times: user=0.56 sys=0.00, real=0.14 secs] 
393.880: [GC [PSYoungGen: 420640K->181024K(479744K)] 1396089K->1250881K(1877504K), 0.1380791 secs] [Times: user=0.56 sys=0.00, real=0.14 secs] 
394.303: [GC [PSYoungGen: 446752K->149344K(483840K)] 1516609K->1318009K(1881600K), 0.1313806 secs] [Times: user=0.48 sys=0.00, real=0.13 secs] 
394.714: [GC [PSYoungGen: 420192K->180608K(483840K)] 1588857K->1432777K(1881600K), 0.1325291 secs] [Times: user=0.56 sys=0.00, real=0.13 secs] 
394.846: [Full GC [PSYoungGen: 180608K->0K(483840K)] [ParOldGen: 1252169K->170824K(1397760K)] 1432777K->170824K(1881600K) [PSPermGen: 7362K->7362K(21504K)], 0.6717386 secs] [Times: user=2.47 sys=0.00, real=0.67 secs] 
395.801: [GC [PSYoungGen: 270848K->212480K(454144K)] 441672K->398264K(1851904K), 0.1107342 secs] [Times: user=0.41 sys=0.00, real=0.11 secs] 
396.164: [GC [PSYoungGen: 454144K->177536K(470528K)] 639928K->515872K(1868288K), 0.1710940 secs] [Times: user=0.69 sys=0.00, real=0.17 secs] 
396.581: [GC [PSYoungGen: 419200K->140320K(469504K)] 757536K->603624K(1867264K), 0.1428495 secs] [Times: user=0.53 sys=0.00, real=0.14 secs] 
396.981: [GC [PSYoungGen: 387104K->185280K(472576K)] 850408K->746856K(1870336K), 0.1400631 secs] [Times: user=0.56 sys=0.00, real=0.14 secs] 
397.381: [GC [PSYoungGen: 432064K->152832K(469504K)] 993640K->845472K(1867264K), 0.1470144 secs] [Times: user=0.61 sys=0.00, real=0.15 secs] 
397.784: [GC [PSYoungGen: 401664K->178240K(472064K)] 1094304K->974400K(1869824K), 0.1461907 secs] [Times: user=0.59 sys=0.00, real=0.15 secs] 
398.192: [GC [PSYoungGen: 427072K->164960K(468992K)] 1223232K->1066896K(1866752K), 0.1371875 secs] [Times: user=0.56 sys=0.00, real=0.14 secs] 
398.581: [GC [PSYoungGen: 420448K->154080K(472576K)] 1322384K->1152328K(1870336K), 0.1263966 secs] [Times: user=0.50 sys=0.00, real=0.13 secs] 
398.972: [GC [PSYoungGen: 409568K->171456K(472064K)] 1407816K->1261128K(1869824K), 0.1320804 secs] [Times: user=0.56 sys=0.00, real=0.13 secs] 
399.390: [GC [PSYoungGen: 437696K->157152K(477696K)] 1527368K->1346440K(1875456K), 0.1290027 secs] [Times: user=0.50 sys=0.00, real=0.13 secs] 
399.791: [GC [PSYoungGen: 423392K->169312K(478208K)] 1612680K->1449504K(1875968K), 0.1304235 secs] [Times: user=0.50 sys=0.00, real=0.13 secs] 
399.922: [Full GC [PSYoungGen: 169312K->0K(478208K)] [ParOldGen: 1280192K->164342K(1397760K)] 1449504K->164342K(1875968K) [PSPermGen: 7362K->7362K(21504K)], 0.6569490 secs] [Times: user=2.42 sys=0.00, real=0.66 secs] 
400.872: [GC [PSYoungGen: 278016K->205824K(483840K)] 442358K->402366K(1881600K), 0.1153295 secs] [Times: user=0.44 sys=0.00, real=0.12 secs] 
401.284: [GC [PSYoungGen: 483840K->189728K(460288K)] 680382K->544774K(1858048K), 0.1851745 secs] [Times: user=0.69 sys=0.00, real=0.18 secs] 
401.703: [GC [PSYoungGen: 434464K->146720K(391680K)] 789510K->636806K(1789440K), 0.1519759 secs] [Times: user=0.61 sys=0.00, real=0.15 secs] 
402.110: [GC [PSYoungGen: 391456K->181824K(474112K)] 881542K->769422K(1871872K), 0.1550340 secs] [Times: user=0.56 sys=0.00, real=0.16 secs] 
402.532: [GC [PSYoungGen: 428096K->158080K(404480K)] 1015694K->863478K(1802240K), 0.1429460 secs] [Times: user=0.56 sys=0.00, real=0.14 secs] 
402.920: [GC [PSYoungGen: 404352K->158432K(472064K)] 1109750K->970886K(1869824K), 0.1401038 secs] [Times: user=0.55 sys=0.00, real=0.14 secs] 
403.327: [GC [PSYoungGen: 407264K->157696K(469504K)] 1219718K->1087558K(1867264K), 0.1447754 secs] [Times: user=0.56 sys=0.00, real=0.14 secs] 
403.729: [GC [PSYoungGen: 406528K->179328K(474624K)] 1336390K->1217734K(1872384K), 0.1464640 secs] [Times: user=0.62 sys=0.00, real=0.15 secs] 
404.139: [GC [PSYoungGen: 435840K->161472K(473600K)] 1474246K->1303894K(1871360K), 0.1389576 secs] [Times: user=0.50 sys=0.00, real=0.14 secs] 
404.557: [GC [PSYoungGen: 417984K->156640K(480256K)] 1560406K->1395950K(1878016K), 0.1328639 secs] [Times: user=0.55 sys=0.00, real=0.13 secs] 
404.963: [GC [PSYoungGen: 422880K->176768K(478208K)] 1662190K->1516350K(1875968K), 0.1410490 secs] [Times: user=0.56 sys=0.00, real=0.14 secs] 
405.105: [Full GC [PSYoungGen: 176768K->0K(478208K)] [ParOldGen: 1339582K->163322K(1397760K)] 1516350K->163322K(1875968K) [PSPermGen: 7362K->7362K(21504K)], 0.6354871 secs] [Times: user=2.36 sys=0.00, real=0.64 secs] 
406.028: [GC [PSYoungGen: 266240K->210432K(451072K)] 429562K->395146K(1848832K), 0.1062073 secs] [Times: user=0.37 sys=0.00, real=0.11 secs] 
406.383: [GC [PSYoungGen: 451072K->153504K(470016K)] 635786K->511178K(1867776K), 0.1746973 secs] [Times: user=0.75 sys=0.00, real=0.17 secs] 
406.806: [GC [PSYoungGen: 394144K->184064K(465408K)] 751818K->650290K(1863168K), 0.1473646 secs] [Times: user=0.56 sys=0.00, real=0.15 secs] 
407.218: [GC [PSYoungGen: 426240K->163808K(468480K)] 892466K->750674K(1866240K), 0.1532918 secs] [Times: user=0.61 sys=0.00, real=0.15 secs] 
407.617: [GC [PSYoungGen: 405984K->159424K(467968K)] 992850K->847770K(1865728K), 0.1325970 secs] [Times: user=0.50 sys=0.00, real=0.13 secs] 
408.005: [GC [PSYoungGen: 409280K->170592K(470528K)] 1097626K->960642K(1868288K), 0.1372818 secs] [Times: user=0.56 sys=0.00, real=0.14 secs] 
408.414: [GC [PSYoungGen: 420448K->160192K(476672K)] 1210498K->1060962K(1874432K), 0.1381574 secs] [Times: user=0.50 sys=0.02, real=0.14 secs] 
408.820: [GC [PSYoungGen: 422848K->167008K(476672K)] 1323618K->1161890K(1874432K), 0.1307869 secs] [Times: user=0.50 sys=0.00, real=0.13 secs] 
409.238: [GC [PSYoungGen: 429664K->168710K(480768K)] 1424546K->1260008K(1878528K), 0.1375493 secs] [Times: user=0.55 sys=0.00, real=0.14 secs] 
409.658: [GC [PSYoungGen: 443654K->163200K(481280K)] 1534952K->1339498K(1879040K), 0.1250624 secs] [Times: user=0.50 sys=0.00, real=0.13 secs] 
410.062: [GC [PSYoungGen: 438144K->163584K(489472K)] 1614442K->1417610K(1887232K), 0.1207054 secs] [Times: user=0.48 sys=0.00, real=0.12 secs] 
410.183: [Full GC [PSYoungGen: 163584K->0K(489472K)] [ParOldGen: 1254026K->167972K(1397760K)] 1417610K->167972K(1887232K) [PSPermGen: 7362K->7362K(21504K)], 0.6561305 secs] [Times: user=2.45 sys=0.00, real=0.66 secs] 
411.142: [GC [PSYoungGen: 288768K->201728K(490496K)] 456740K->415012K(1888256K), 0.1183658 secs] [Times: user=0.44 sys=0.00, real=0.12 secs] 
411.572: [GC [PSYoungGen: 490496K->201824K(445440K)] 703780K->572116K(1843200K), 0.1941156 secs] [Times: user=0.72 sys=0.00, real=0.20 secs] 
412.006: [GC [PSYoungGen: 438368K->154176K(467968K)] 808660K->653700K(1865728K), 0.1566286 secs] [Times: user=0.59 sys=0.00, real=0.16 secs] 
412.415: [GC [PSYoungGen: 390720K->159840K(462336K)] 890244K->771396K(1860096K), 0.1504053 secs] [Times: user=0.59 sys=0.00, real=0.15 secs] 
412.797: [GC [PSYoungGen: 396896K->156288K(465408K)] 1008452K->885164K(1863168K), 0.1622899 secs] [Times: user=0.56 sys=0.00, real=0.16 secs] 
413.199: [GC [PSYoungGen: 393344K->168448K(460800K)] 1122220K->1015772K(1858560K), 0.1598204 secs] [Times: user=0.66 sys=0.00, real=0.16 secs] 
413.604: [GC [PSYoungGen: 413184K->169024K(466432K)] 1260508K->1134572K(1864192K), 0.1477113 secs] [Times: user=0.62 sys=0.00, real=0.15 secs] 
414.001: [GC [PSYoungGen: 413760K->166560K(468992K)] 1379308K->1245628K(1866752K), 0.1520452 secs] [Times: user=0.53 sys=0.01, real=0.15 secs] 
414.431: [GC [PSYoungGen: 426656K->165280K(474112K)] 1505724K->1351476K(1871872K), 0.1387629 secs] [Times: user=0.56 sys=0.00, real=0.14 secs] 
414.839: [GC [PSYoungGen: 425376K->167584K(476160K)] 1611572K->1443060K(1873920K), 0.1361426 secs] [Times: user=0.55 sys=0.00, real=0.14 secs] 
414.975: [Full GC [PSYoungGen: 167584K->0K(476160K)] [ParOldGen: 1275476K->162138K(1397760K)] 1443060K->162138K(1873920K) [PSPermGen: 7362K->7362K(21504K)], 0.6351785 secs] [Times: user=2.34 sys=0.00, real=0.64 secs] 
415.901: [GC [PSYoungGen: 274432K->207360K(481792K)] 436570K->400570K(1879552K), 0.1103369 secs] [Times: user=0.44 sys=0.00, real=0.11 secs] 
416.310: [GC [PSYoungGen: 481792K->145504K(458240K)] 675002K->516754K(1856000K), 0.2499131 secs] [Times: user=0.69 sys=0.00, real=0.25 secs] 
416.814: [GC [PSYoungGen: 386144K->189600K(470016K)] 757394K->668602K(1867776K), 0.1594868 secs] [Times: user=0.59 sys=0.00, real=0.16 secs] 
417.244: [GC [PSYoungGen: 430240K->163438K(463872K)] 909242K->771152K(1861632K), 0.1687264 secs] [Times: user=0.59 sys=0.00, real=0.17 secs] 
417.651: [GC [PSYoungGen: 404078K->151776K(466944K)] 1011792K->876306K(1864704K), 0.1486096 secs] [Times: user=0.52 sys=0.00, real=0.15 secs] 
418.045: [GC [PSYoungGen: 392416K->170656K(462336K)] 1116946K->1007514K(1860096K), 0.1581122 secs] [Times: user=0.58 sys=0.00, real=0.16 secs] 
418.464: [GC [PSYoungGen: 418976K->156608K(468480K)] 1255834K->1116146K(1866240K), 0.1554528 secs] [Times: user=0.61 sys=0.00, real=0.15 secs] 
418.876: [GC [PSYoungGen: 404928K->172448K(468992K)] 1364466K->1232538K(1866752K), 0.1428052 secs] [Times: user=0.53 sys=0.00, real=0.14 secs] 
419.289: [GC [PSYoungGen: 433568K->153568K(475136K)] 1493658K->1330034K(1872896K), 0.1655946 secs] [Times: user=0.48 sys=0.00, real=0.16 secs] 
419.720: [GC [PSYoungGen: 414688K->177280K(481792K)] 1591154K->1453242K(1879552K), 0.1522546 secs] [Times: user=0.55 sys=0.00, real=0.15 secs] 
419.872: [Full GC [PSYoungGen: 177280K->0K(481792K)] [ParOldGen: 1275962K->170646K(1397760K)] 1453242K->170646K(1879552K) [PSPermGen: 7362K->7362K(21504K)], 0.7129489 secs] [Times: user=2.34 sys=0.00, real=0.71 secs] 
420.871: [GC [PSYoungGen: 272896K->195744K(468992K)] 443542K->366390K(1866752K), 0.1083218 secs] [Times: user=0.33 sys=0.00, real=0.11 secs] 
421.265: [GC [PSYoungGen: 468640K->177280K(485376K)] 639286K->500470K(1883136K), 0.1874481 secs] [Times: user=0.70 sys=0.00, real=0.19 secs] 
421.730: [GC [PSYoungGen: 446080K->173536K(442368K)] 769270K->598270K(1840128K), 0.1444268 secs] [Times: user=0.56 sys=0.00, real=0.14 secs] 
422.149: [GC [PSYoungGen: 442336K->162752K(481280K)] 867070K->674894K(1879040K), 0.1328296 secs] [Times: user=0.55 sys=0.00, real=0.13 secs] 
422.570: [GC [PSYoungGen: 433600K->155200K(479232K)] 945742K->754886K(1876992K), 0.1325906 secs] [Times: user=0.53 sys=0.00, real=0.13 secs] 
422.984: [GC [PSYoungGen: 426048K->173408K(488448K)] 1025734K->850638K(1886208K), 0.1293366 secs] [Times: user=0.48 sys=0.00, real=0.13 secs] 
423.413: [GC [PSYoungGen: 456544K->155456K(487936K)] 1133774K->923014K(1885696K), 0.1340624 secs] [Times: user=0.53 sys=0.00, real=0.13 secs] 
423.842: [GC [PSYoungGen: 438592K->172352K(490496K)] 1206150K->1014814K(1888256K), 0.1252365 secs] [Times: user=0.50 sys=0.00, real=0.13 secs] 
424.263: [GC [PSYoungGen: 462656K->155040K(492032K)] 1305118K->1083806K(1889792K), 0.1274681 secs] [Times: user=0.50 sys=0.00, real=0.13 secs] 
424.695: [GC [PSYoungGen: 445344K->178240K(497152K)] 1374110K->1182014K(1894912K), 0.1324665 secs] [Times: user=0.53 sys=0.00, real=0.13 secs] 
425.130: [GC [PSYoungGen: 474176K->163936K(460288K)] 1477950K->1237518K(1858048K), 0.1421583 secs] [Times: user=0.48 sys=0.00, real=0.14 secs] 
425.588: [GC [PSYoungGen: 459872K->156896K(496640K)] 1533454K->1299230K(1894400K), 0.1182477 secs] [Times: user=0.44 sys=0.00, real=0.12 secs] 
426.013: [GC [PSYoungGen: 454368K->172448K(495616K)] 1596702K->1381862K(1893376K), 0.1286782 secs] [Times: user=0.42 sys=0.00, real=0.13 secs] 
426.439: [GC [PSYoungGen: 469920K->146592K(498688K)] 1679334K->1441174K(1896448K), 0.1334787 secs] [Times: user=0.56 sys=0.00, real=0.13 secs] 
426.573: [Full GC [PSYoungGen: 146592K->0K(498688K)] [ParOldGen: 1294582K->170687K(1397760K)] 1441174K->170687K(1896448K) [PSPermGen: 7362K->7362K(21504K)], 0.6909879 secs] [Times: user=2.47 sys=0.00, real=0.69 secs] 
427.575: [GC [PSYoungGen: 301568K->197632K(499200K)] 472255K->415223K(1896960K), 0.1222192 secs] [Times: user=0.50 sys=0.00, real=0.12 secs] 
428.011: [GC [PSYoungGen: 499200K->200192K(433664K)] 716791K->594143K(1831424K), 0.2120076 secs] [Times: user=0.80 sys=0.00, real=0.21 secs] 
428.479: [GC [PSYoungGen: 433664K->148608K(466432K)] 827615K->668831K(1864192K), 0.1549903 secs] [Times: user=0.59 sys=0.00, real=0.15 secs] 
428.879: [GC [PSYoungGen: 382080K->172160K(466432K)] 902303K->797199K(1864192K), 0.1532681 secs] [Times: user=0.53 sys=0.02, real=0.15 secs] 
429.280: [GC [PSYoungGen: 405632K->146016K(466432K)] 1030671K->904127K(1864192K), 0.1522960 secs] [Times: user=0.59 sys=0.00, real=0.15 secs] 
429.668: [GC [PSYoungGen: 379488K->170464K(466432K)] 1137599K->1043047K(1864192K), 0.1595561 secs] [Times: user=0.59 sys=0.00, real=0.16 secs] 
430.069: [GC [PSYoungGen: 403936K->171200K(466432K)] 1276519K->1167623K(1864192K), 0.1570692 secs] [Times: user=0.59 sys=0.00, real=0.16 secs] 
430.474: [GC [PSYoungGen: 404672K->142048K(466432K)] 1401095K->1268783K(1864192K), 0.1569243 secs] [Times: user=0.61 sys=0.00, real=0.16 secs] 
430.876: [GC [PSYoungGen: 375520K->181344K(466432K)] 1502255K->1414255K(1864192K), 0.1525429 secs] [Times: user=0.62 sys=0.00, real=0.15 secs] 
431.028: [Full GC [PSYoungGen: 181344K->0K(466432K)] [ParOldGen: 1232911K->170622K(1397760K)] 1414255K->170622K(1864192K) [PSPermGen: 7362K->7362K(21504K)], 0.6961884 secs] [Times: user=2.53 sys=0.00, real=0.70 secs] 
431.991: [GC [PSYoungGen: 233472K->119744K(466432K)] 404094K->290366K(1864192K), 0.0600769 secs] [Times: user=0.23 sys=0.00, real=0.06 secs] 
432.304: [GC [PSYoungGen: 353216K->163008K(466432K)] 523838K->441502K(1864192K), 0.1495407 secs] [Times: user=0.42 sys=0.00, real=0.15 secs] 
432.695: [GC [PSYoungGen: 396480K->174400K(466432K)] 674974K->579662K(1864192K), 0.1678079 secs] [Times: user=0.66 sys=0.00, real=0.17 secs] 
433.104: [GC [PSYoungGen: 407872K->164544K(466432K)] 813134K->693862K(1864192K), 0.1525622 secs] [Times: user=0.59 sys=0.00, real=0.15 secs] 
433.513: [GC [PSYoungGen: 398016K->123776K(466432K)] 927334K->791118K(1864192K), 0.1556417 secs] [Times: user=0.52 sys=0.00, real=0.16 secs] 
433.913: [GC [PSYoungGen: 357248K->189984K(466432K)] 1024590K->957806K(1864192K), 0.1527815 secs] [Times: user=0.58 sys=0.00, real=0.15 secs] 
434.317: [GC [PSYoungGen: 423456K->134496K(466432K)] 1191278K->1058374K(1864192K), 0.1991563 secs] [Times: user=0.64 sys=0.00, real=0.20 secs] 
434.753: [GC [PSYoungGen: 367968K->174304K(466432K)] 1291846K->1203622K(1864192K), 0.1575433 secs] [Times: user=0.55 sys=0.00, real=0.16 secs] 
435.153: [GC [PSYoungGen: 407776K->170176K(462336K)] 1437094K->1330438K(1860096K), 0.1886415 secs] [Times: user=0.61 sys=0.00, real=0.19 secs] 
435.593: [GC [PSYoungGen: 403648K->135584K(464384K)] 1563910K->1436518K(1862144K), 0.1693522 secs] [Times: user=0.61 sys=0.00, real=0.17 secs] 
435.762: [Full GC [PSYoungGen: 135584K->0K(464384K)] [ParOldGen: 1300934K->171642K(1397760K)] 1436518K->171642K(1862144K) [PSPermGen: 7362K->7362K(21504K)], 0.6553845 secs] [Times: user=2.34 sys=0.00, real=0.65 secs] 
436.671: [GC [PSYoungGen: 233472K->125120K(467968K)] 405114K->296762K(1865728K), 0.0584415 secs] [Times: user=0.23 sys=0.00, real=0.06 secs] 
436.982: [GC [PSYoungGen: 364224K->202336K(441856K)] 535866K->483754K(1839616K), 0.1607569 secs] [Times: user=0.59 sys=0.00, real=0.16 secs] 
437.401: [GC [PSYoungGen: 441440K->156128K(466944K)] 722858K->590586K(1864704K), 0.1714359 secs] [Times: user=0.61 sys=0.00, real=0.17 secs] 
437.810: [GC [PSYoungGen: 390112K->158240K(392704K)] 824570K->702458K(1790464K), 0.1424858 secs] [Times: user=0.55 sys=0.00, real=0.14 secs] 
438.189: [GC [PSYoungGen: 392224K->164768K(465920K)] 936442K->831106K(1863680K), 0.1610356 secs] [Times: user=0.61 sys=0.00, real=0.16 secs] 
438.600: [GC [PSYoungGen: 404384K->153856K(460288K)] 1070722K->953082K(1858048K), 0.1591979 secs] [Times: user=0.61 sys=0.00, real=0.16 secs] 
439.010: [GC [PSYoungGen: 393472K->181376K(467456K)] 1192698K->1091090K(1865216K), 0.1547780 secs] [Times: user=0.56 sys=0.00, real=0.15 secs] 
439.433: [GC [PSYoungGen: 432256K->154080K(468992K)] 1341970K->1183570K(1866752K), 0.1631100 secs] [Times: user=0.55 sys=0.00, real=0.16 secs] 
439.855: [GC [PSYoungGen: 404960K->170144K(478208K)] 1434450K->1299322K(1875968K), 0.1459239 secs] [Times: user=0.56 sys=0.00, real=0.15 secs] 
440.283: [GC [PSYoungGen: 436896K->163968K(478720K)] 1566074K->1409074K(1876480K), 0.1512421 secs] [Times: user=0.55 sys=0.00, real=0.15 secs] 
440.434: [Full GC [PSYoungGen: 163968K->0K(478720K)] [ParOldGen: 1245106K->170340K(1397760K)] 1409074K->170340K(1876480K) [PSPermGen: 7363K->7363K(21504K)], 0.7053799 secs] [Times: user=2.36 sys=0.00, real=0.71 secs] 
441.410: [GC [PSYoungGen: 266752K->116480K(479744K)] 437092K->286820K(1877504K), 0.0633633 secs] [Times: user=0.17 sys=0.00, real=0.06 secs] 
441.751: [GC [PSYoungGen: 388864K->210944K(483328K)] 559204K->473548K(1881088K), 0.2047125 secs] [Times: user=0.59 sys=0.00, real=0.21 secs] 
442.245: [GC [PSYoungGen: 483328K->160248K(449536K)] 745932K->560476K(1847296K), 0.1793862 secs] [Times: user=0.72 sys=0.00, real=0.18 secs] 
442.655: [GC [PSYoungGen: 393720K->146368K(466432K)] 793948K->655196K(1864192K), 0.1391926 secs] [Times: user=0.45 sys=0.00, real=0.14 secs] 
443.028: [GC [PSYoungGen: 379840K->138528K(466432K)] 888668K->771580K(1864192K), 0.1425442 secs] [Times: user=0.58 sys=0.00, real=0.14 secs] 
443.411: [GC [PSYoungGen: 372000K->159520K(466432K)] 1005052K->905476K(1864192K), 0.1764218 secs] [Times: user=0.55 sys=0.00, real=0.18 secs] 
443.829: [GC [PSYoungGen: 392992K->173600K(466432K)] 1138948K->1037780K(1864192K), 0.1606465 secs] [Times: user=0.59 sys=0.00, real=0.16 secs] 
444.248: [GC [PSYoungGen: 407072K->162124K(395776K)] 1271252K->1149640K(1793536K), 0.1594612 secs] [Times: user=0.61 sys=0.00, real=0.16 secs] 
444.641: [GC [PSYoungGen: 395596K->150464K(465920K)] 1383112K->1261972K(1863680K), 0.1561998 secs] [Times: user=0.59 sys=0.00, real=0.16 secs] 
445.045: [GC [PSYoungGen: 387520K->183744K(462336K)] 1499028K->1408652K(1860096K), 0.1642537 secs] [Times: user=0.61 sys=0.00, real=0.16 secs] 
445.460: [GC [PSYoungGen: 420800K->154784K(469504K)] 1645708K->1513412K(1867264K), 0.1734593 secs] [Times: user=0.65 sys=0.00, real=0.17 secs] 
445.634: [Full GC [PSYoungGen: 154784K->0K(469504K)] [ParOldGen: 1358628K->167865K(1397760K)] 1513412K->167865K(1867264K) [PSPermGen: 7363K->7363K(21504K)], 0.6587367 secs] [Times: user=2.36 sys=0.00, real=0.66 secs] 
446.558: [GC [PSYoungGen: 247808K->206432K(454656K)] 415673K->374297K(1852416K), 0.1031851 secs] [Times: user=0.33 sys=0.00, real=0.10 secs] 
446.918: [GC [PSYoungGen: 454240K->172576K(472576K)] 622105K->494049K(1870336K), 0.1792595 secs] [Times: user=0.66 sys=0.00, real=0.18 secs] 
447.356: [GC [PSYoungGen: 413216K->158368K(399360K)] 734689K->598697K(1797120K), 0.1486834 secs] [Times: user=0.50 sys=0.00, real=0.15 secs] 
447.751: [GC [PSYoungGen: 399008K->167360K(468992K)] 839337K->713873K(1866752K), 0.1465131 secs] [Times: user=0.58 sys=0.00, real=0.15 secs] 
448.154: [GC [PSYoungGen: 413120K->175136K(463872K)] 959633K->830953K(1861632K), 0.1513107 secs] [Times: user=0.58 sys=0.00, real=0.15 secs] 
448.566: [GC [PSYoungGen: 420896K->150272K(475136K)] 1076713K->925209K(1872896K), 0.1544143 secs] [Times: user=0.53 sys=0.00, real=0.15 secs] 
448.986: [GC [PSYoungGen: 409856K->174208K(473600K)] 1184793K->1043297K(1871360K), 0.1456362 secs] [Times: user=0.61 sys=0.00, real=0.15 secs] 
449.409: [GC [PSYoungGen: 433792K->158976K(482816K)] 1302881K->1137905K(1880576K), 0.1593200 secs] [Times: user=0.53 sys=0.00, real=0.16 secs] 
449.848: [GC [PSYoungGen: 431360K->175168K(481792K)] 1410289K->1247705K(1879552K), 0.1402385 secs] [Times: user=0.51 sys=0.00, real=0.14 secs] 
450.276: [GC [PSYoungGen: 447552K->155104K(488448K)] 1520089K->1319041K(1886208K), 0.1313924 secs] [Times: user=0.53 sys=0.00, real=0.13 secs] 
450.693: [GC [PSYoungGen: 436192K->170592K(487424K)] 1600129K->1416849K(1885184K), 0.1303459 secs] [Times: user=0.48 sys=0.00, real=0.13 secs] 
451.114: [GC [PSYoungGen: 451680K->168704K(489984K)] 1697937K->1497729K(1887744K), 0.1318584 secs] [Times: user=0.48 sys=0.00, real=0.13 secs] 
451.246: [Full GC [PSYoungGen: 168704K->0K(489984K)] [ParOldGen: 1329025K->167265K(1397760K)] 1497729K->167265K(1887744K) [PSPermGen: 7363K->7363K(21504K)], 0.6849055 secs] [Times: user=2.42 sys=0.00, real=0.69 secs] 
452.241: [GC [PSYoungGen: 288768K->200704K(489472K)] 456033K->380897K(1887232K), 0.0994058 secs] [Times: user=0.34 sys=0.03, real=0.10 secs] 
452.627: [GC [PSYoungGen: 489472K->191296K(474112K)] 669665K->519721K(1871872K), 0.1805899 secs] [Times: user=0.65 sys=0.00, real=0.18 secs] 
453.081: [GC [PSYoungGen: 455488K->162368K(481792K)] 783913K->597009K(1879552K), 0.1430887 secs] [Times: user=0.56 sys=0.00, real=0.14 secs] 
453.505: [GC [PSYoungGen: 426560K->153888K(477184K)] 861201K->679401K(1874944K), 0.1418139 secs] [Times: user=0.51 sys=0.00, real=0.14 secs] 
453.924: [GC [PSYoungGen: 420640K->174880K(480768K)] 946153K->791737K(1878528K), 0.1419595 secs] [Times: user=0.55 sys=0.00, real=0.14 secs] 
454.356: [GC [PSYoungGen: 441632K->154176K(482304K)] 1058489K->871321K(1880064K), 0.1363649 secs] [Times: user=0.48 sys=0.00, real=0.14 secs] 
454.772: [GC [PSYoungGen: 428096K->181760K(484352K)] 1145241K->989585K(1882112K), 0.1446343 secs] [Times: user=0.62 sys=0.00, real=0.15 secs] 
455.199: [GC [PSYoungGen: 455680K->168160K(482304K)] 1263505K->1067993K(1880064K), 0.1369316 secs] [Times: user=0.52 sys=0.00, real=0.14 secs] 
455.628: [GC [PSYoungGen: 446176K->151072K(485376K)] 1346009K->1129825K(1883136K), 0.1192583 secs] [Times: user=0.50 sys=0.00, real=0.12 secs] 
456.034: [GC [PSYoungGen: 429088K->172480K(486400K)] 1407841K->1225561K(1884160K), 0.1326153 secs] [Times: user=0.55 sys=0.00, real=0.13 secs] 
456.467: [GC [PSYoungGen: 457664K->168928K(489472K)] 1510745K->1305625K(1887232K), 0.1323620 secs] [Times: user=0.51 sys=0.00, real=0.13 secs] 
456.888: [GC [PSYoungGen: 454112K->163776K(491520K)] 1590809K->1376809K(1889280K), 0.1255123 secs] [Times: user=0.50 sys=0.00, real=0.13 secs] 
457.330: [GC [PSYoungGen: 458176K->157856K(493056K)] 1671209K->1441649K(1890816K), 0.1236480 secs] [Times: user=0.50 sys=0.00, real=0.12 secs] 
457.454: [Full GC [PSYoungGen: 157856K->0K(493056K)] [ParOldGen: 1283793K->163508K(1397760K)] 1441649K->163508K(1890816K) [PSPermGen: 7363K->7363K(21504K)], 0.6604320 secs] [Times: user=2.32 sys=0.00, real=0.66 secs] 
458.429: [GC [PSYoungGen: 294400K->197632K(451584K)] 457908K->407044K(1849344K), 0.1219091 secs] [Times: user=0.50 sys=0.00, real=0.12 secs] 
458.811: [GC [PSYoungGen: 451584K->196096K(450048K)] 660996K->563852K(1847808K), 0.1987153 secs] [Times: user=0.76 sys=0.00, real=0.20 secs] 
459.281: [GC [PSYoungGen: 450048K->163180K(476160K)] 817804K->668200K(1873920K), 0.1686001 secs] [Times: user=0.66 sys=0.00, real=0.17 secs] 
459.706: [GC [PSYoungGen: 413548K->167264K(417792K)] 918568K->773396K(1815552K), 0.1460564 secs] [Times: user=0.55 sys=0.00, real=0.15 secs] 
460.113: [GC [PSYoungGen: 417632K->169344K(474112K)] 1023764K->875484K(1871872K), 0.1450788 secs] [Times: user=0.55 sys=0.00, real=0.15 secs] 
460.533: [GC [PSYoungGen: 423296K->154720K(470528K)] 1129436K->966948K(1868288K), 0.1562985 secs] [Times: user=0.56 sys=0.00, real=0.16 secs] 
460.955: [GC [PSYoungGen: 408672K->174752K(479232K)] 1220900K->1084068K(1876992K), 0.1425345 secs] [Times: user=0.51 sys=0.00, real=0.14 secs] 
461.373: [GC [PSYoungGen: 440992K->154592K(478208K)] 1350308K->1171060K(1875968K), 0.1391346 secs] [Times: user=0.56 sys=0.00, real=0.14 secs] 
461.784: [GC [PSYoungGen: 420832K->172896K(481792K)] 1437300K->1279348K(1879552K), 0.1372199 secs] [Times: user=0.56 sys=0.00, real=0.14 secs] 
462.204: [GC [PSYoungGen: 448864K->166688K(483840K)] 1555316K->1365124K(1881600K), 0.1412064 secs] [Times: user=0.55 sys=0.00, real=0.14 secs] 
462.628: [GC [PSYoungGen: 442656K->151232K(491008K)] 1641092K->1442956K(1888768K), 0.1332670 secs] [Times: user=0.47 sys=0.00, real=0.13 secs] 
462.762: [Full GC [PSYoungGen: 151232K->0K(491008K)] [ParOldGen: 1291724K->170182K(1397760K)] 1442956K->170182K(1888768K) [PSPermGen: 7363K->7363K(21504K)], 0.6876380 secs] [Times: user=2.48 sys=0.00, real=0.69 secs] 
463.736: [GC [PSYoungGen: 286208K->164160K(491008K)] 456390K->334342K(1888768K), 0.0824342 secs] [Times: user=0.27 sys=0.00, real=0.08 secs] 
464.103: [GC [PSYoungGen: 450368K->171936K(492544K)] 620550K->469198K(1890304K), 0.1762633 secs] [Times: user=0.64 sys=0.00, real=0.18 secs] 
464.591: [GC [PSYoungGen: 463776K->181408K(492032K)] 761038K->597086K(1889792K), 0.1814766 secs] [Times: user=0.62 sys=0.00, real=0.18 secs] 
465.073: [GC [PSYoungGen: 473248K->157024K(498176K)] 888926K->676518K(1895936K), 0.1489525 secs] [Times: user=0.53 sys=0.00, real=0.15 secs] 
465.553: [GC [PSYoungGen: 453984K->157120K(454144K)] 973478K->776582K(1851904K), 0.1766851 secs] [Times: user=0.55 sys=0.00, real=0.18 secs] 
466.034: [GC [PSYoungGen: 454080K->184416K(493568K)] 1073542K->900054K(1891328K), 0.1600943 secs] [Times: user=0.61 sys=0.00, real=0.16 secs] 
466.491: [GC [PSYoungGen: 478304K->155776K(496640K)] 1193942K->967342K(1894400K), 0.1339053 secs] [Times: user=0.50 sys=0.00, real=0.13 secs] 
466.923: [GC [PSYoungGen: 449664K->173536K(492544K)] 1261230K->1058838K(1890304K), 0.1256586 secs] [Times: user=0.48 sys=0.00, real=0.13 secs] 
467.353: [GC [PSYoungGen: 468448K->146464K(495104K)] 1353750K->1122782K(1892864K), 0.1261034 secs] [Times: user=0.48 sys=0.00, real=0.13 secs] 
467.779: [GC [PSYoungGen: 441376K->180864K(494592K)] 1417694K->1233774K(1892352K), 0.1345983 secs] [Times: user=0.55 sys=0.00, real=0.13 secs] 
468.215: [GC [PSYoungGen: 474752K->168352K(462336K)] 1527662K->1302302K(1860096K), 0.1337151 secs] [Times: user=0.51 sys=0.00, real=0.13 secs] 
468.662: [GC [PSYoungGen: 462240K->162592K(498176K)] 1596190K->1364606K(1895936K), 0.1208343 secs] [Times: user=0.42 sys=0.00, real=0.12 secs] 
469.087: [GC [PSYoungGen: 461088K->169664K(495616K)] 1663102K->1434838K(1893376K), 0.1314723 secs] [Times: user=0.47 sys=0.00, real=0.13 secs] 
469.540: [GC [PSYoungGen: 468160K->159648K(498688K)] 1733334K->1489254K(1896448K), 0.1347484 secs] [Times: user=0.53 sys=0.00, real=0.13 secs] 
469.675: [Full GC [PSYoungGen: 159648K->0K(498688K)] [ParOldGen: 1329606K->165312K(1397760K)] 1489254K->165312K(1896448K) [PSPermGen: 7363K->7363K(21504K)], 0.6837663 secs] [Times: user=2.37 sys=0.00, real=0.68 secs] 
470.672: [GC [PSYoungGen: 303616K->194048K(497664K)] 468928K->411128K(1895424K), 0.1247814 secs] [Times: user=0.47 sys=0.00, real=0.13 secs] 
471.107: [GC [PSYoungGen: 497664K->201728K(435200K)] 714744K->590760K(1832960K), 0.2123113 secs] [Times: user=0.83 sys=0.00, real=0.21 secs] 
471.562: [GC [PSYoungGen: 435200K->139712K(466432K)] 824232K->674544K(1864192K), 0.1561581 secs] [Times: user=0.62 sys=0.00, real=0.16 secs] 
471.958: [GC [PSYoungGen: 373184K->175392K(466432K)] 908016K->816440K(1864192K), 0.1493441 secs] [Times: user=0.61 sys=0.00, real=0.15 secs] 
472.354: [GC [PSYoungGen: 408864K->152928K(466432K)] 1049912K->926576K(1864192K), 0.1588573 secs] [Times: user=0.67 sys=0.00, real=0.16 secs] 
472.754: [GC [PSYoungGen: 386400K->173216K(466432K)] 1160048K->1057272K(1864192K), 0.1564179 secs] [Times: user=0.58 sys=0.00, real=0.16 secs] 
473.155: [GC [PSYoungGen: 406688K->166144K(466432K)] 1290744K->1167360K(1864192K), 0.1519313 secs] [Times: user=0.56 sys=0.00, real=0.15 secs] 
473.557: [GC [PSYoungGen: 399616K->144608K(466432K)] 1400832K->1269912K(1864192K), 0.1551311 secs] [Times: user=0.53 sys=0.00, real=0.16 secs] 
473.939: [GC [PSYoungGen: 378080K->156448K(466432K)] 1503384K->1395008K(1864192K), 0.1576068 secs] [Times: user=0.58 sys=0.00, real=0.16 secs] 
474.097: [Full GC [PSYoungGen: 156448K->0K(466432K)] [ParOldGen: 1238560K->166666K(1397760K)] 1395008K->166666K(1864192K) [PSPermGen: 7363K->7363K(21504K)], 0.6806646 secs] [Times: user=2.35 sys=0.00, real=0.68 secs] 
475.016: [GC [PSYoungGen: 233472K->137760K(466432K)] 400138K->304426K(1864192K), 0.0632257 secs] [Times: user=0.25 sys=0.00, real=0.06 secs] 
475.312: [GC [PSYoungGen: 371232K->139744K(466432K)] 537898K->426698K(1864192K), 0.1575166 secs] [Times: user=0.55 sys=0.00, real=0.16 secs] 
475.686: [GC [PSYoungGen: 373216K->125504K(466432K)] 660170K->535210K(1864192K), 0.1465416 secs] [Times: user=0.50 sys=0.00, real=0.15 secs] 
476.072: [GC [PSYoungGen: 358976K->185952K(466432K)] 768682K->700130K(1864192K), 0.1495442 secs] [Times: user=0.56 sys=0.00, real=0.15 secs] 
476.473: [GC [PSYoungGen: 419424K->149696K(466432K)] 933602K->807722K(1864192K), 0.1612636 secs] [Times: user=0.69 sys=0.00, real=0.16 secs] 
476.874: [GC [PSYoungGen: 383168K->169920K(466432K)] 1041194K->936714K(1864192K), 0.1597527 secs] [Times: user=0.61 sys=0.00, real=0.16 secs] 
477.292: [GC [PSYoungGen: 403392K->159068K(466432K)] 1170186K->1053478K(1864192K), 0.1636671 secs] [Times: user=0.56 sys=0.00, real=0.16 secs] 
477.693: [GC [PSYoungGen: 392540K->167264K(400896K)] 1286950K->1179162K(1798656K), 0.1605555 secs] [Times: user=0.61 sys=0.00, real=0.16 secs] 
478.094: [GC [PSYoungGen: 400736K->167744K(465920K)] 1412634K->1301714K(1863680K), 0.1566956 secs] [Times: user=0.58 sys=0.00, real=0.16 secs] 
478.501: [GC [PSYoungGen: 406336K->153824K(460800K)] 1540306K->1410370K(1858560K), 0.1612982 secs] [Times: user=0.64 sys=0.00, real=0.16 secs] 
478.662: [Full GC [PSYoungGen: 153824K->0K(460800K)] [ParOldGen: 1256546K->165689K(1397760K)] 1410370K->165689K(1858560K) [PSPermGen: 7364K->7364K(21504K)], 0.6608390 secs] [Times: user=2.18 sys=0.02, real=0.66 secs] 
479.566: [GC [PSYoungGen: 238592K->131168K(468480K)] 404281K->296857K(1866240K), 0.0813162 secs] [Times: user=0.22 sys=0.00, real=0.08 secs] 
479.894: [GC [PSYoungGen: 381024K->170208K(468480K)] 546713K->442457K(1866240K), 0.1843243 secs] [Times: user=0.52 sys=0.00, real=0.18 secs] 
480.338: [GC [PSYoungGen: 420064K->158944K(472576K)] 692313K->569961K(1870336K), 0.1645542 secs] [Times: user=0.67 sys=0.00, real=0.16 secs] 
480.776: [GC [PSYoungGen: 423136K->185792K(475648K)] 834153K->707377K(1873408K), 0.1658066 secs] [Times: user=0.62 sys=0.00, real=0.16 secs] 
481.211: [GC [PSYoungGen: 449984K->164288K(481792K)] 971569K->794153K(1879552K), 0.1488367 secs] [Times: user=0.58 sys=0.00, real=0.15 secs] 
481.645: [GC [PSYoungGen: 436672K->151616K(482816K)] 1066537K->878841K(1880576K), 0.1403148 secs] [Times: user=0.48 sys=0.00, real=0.14 secs] 
482.054: [GC [PSYoungGen: 424000K->170848K(487424K)] 1151225K->998369K(1885184K), 0.1601565 secs] [Times: user=0.53 sys=0.00, real=0.16 secs] 
482.513: [GC [PSYoungGen: 451936K->166368K(487424K)] 1279457K->1103705K(1885184K), 0.1469614 secs] [Times: user=0.53 sys=0.00, real=0.15 secs] 
482.944: [GC [PSYoungGen: 447456K->177088K(488960K)] 1384793K->1209545K(1886720K), 0.1438229 secs] [Times: user=0.59 sys=0.00, real=0.14 secs] 
483.382: [GC [PSYoungGen: 462784K->157984K(489984K)] 1495241K->1284593K(1887744K), 0.1444813 secs] [Times: user=0.56 sys=0.00, real=0.14 secs] 
483.820: [GC [PSYoungGen: 443680K->173760K(494080K)] 1570289K->1374377K(1891840K), 0.1293321 secs] [Times: user=0.55 sys=0.00, real=0.13 secs] 
484.261: [GC [PSYoungGen: 466112K->162016K(493568K)] 1666729K->1439393K(1891328K), 0.1307321 secs] [Times: user=0.47 sys=0.00, real=0.13 secs] 
484.392: [Full GC [PSYoungGen: 162016K->0K(493568K)] [ParOldGen: 1277377K->165836K(1397760K)] 1439393K->165836K(1891328K) [PSPermGen: 7364K->7364K(21504K)], 0.6725459 secs] [Times: user=2.37 sys=0.00, real=0.67 secs] 
485.362: [GC [PSYoungGen: 292352K->198144K(472576K)] 458188K->377852K(1870336K), 0.1005337 secs] [Times: user=0.44 sys=0.00, real=0.10 secs] 
485.745: [GC [PSYoungGen: 472576K->197728K(472576K)] 652284K->524028K(1870336K), 0.1952634 secs] [Times: user=0.70 sys=0.00, real=0.19 secs] 
486.223: [GC [PSYoungGen: 472160K->161376K(483328K)] 798460K->593124K(1881088K), 0.1429457 secs] [Times: user=0.61 sys=0.00, real=0.14 secs] 
486.645: [GC [PSYoungGen: 426080K->152864K(417792K)] 857828K->667012K(1815552K), 0.1205518 secs] [Times: user=0.50 sys=0.00, real=0.12 secs] 
487.037: [GC [PSYoungGen: 417568K->175584K(481280K)] 931716K->774156K(1879040K), 0.1317911 secs] [Times: user=0.48 sys=0.00, real=0.13 secs] 
487.454: [GC [PSYoungGen: 442336K->159552K(479232K)] 1040908K->861500K(1876992K), 0.1448485 secs] [Times: user=0.62 sys=0.00, real=0.14 secs] 
487.873: [GC [PSYoungGen: 426304K->169280K(482816K)] 1128252K->956116K(1880576K), 0.1365599 secs] [Times: user=0.55 sys=0.00, real=0.14 secs] 
488.302: [GC [PSYoungGen: 445760K->157984K(482304K)] 1232596K->1034452K(1880064K), 0.1334117 secs] [Times: user=0.47 sys=0.00, real=0.13 secs] 
488.721: [GC [PSYoungGen: 434464K->175840K(492544K)] 1310932K->1137692K(1890304K), 0.1419669 secs] [Times: user=0.55 sys=0.00, real=0.14 secs] 
489.158: [GC [PSYoungGen: 464096K->166080K(491520K)] 1425948K->1208980K(1889280K), 0.1397972 secs] [Times: user=0.51 sys=0.00, real=0.14 secs] 
489.598: [GC [PSYoungGen: 454336K->143584K(491520K)] 1497236K->1272324K(1889280K), 0.1255136 secs] [Times: user=0.47 sys=0.00, real=0.13 secs] 
490.000: [GC [PSYoungGen: 434400K->166176K(492544K)] 1563140K->1392068K(1890304K), 0.1379611 secs] [Times: user=0.48 sys=0.00, real=0.14 secs] 
490.431: [GC [PSYoungGen: 456992K->164864K(494080K)] 1682884K->1503852K(1891840K), 0.1474746 secs] [Times: user=0.62 sys=0.00, real=0.15 secs] 
490.579: [Full GC [PSYoungGen: 164864K->0K(494080K)] [ParOldGen: 1338988K->166091K(1397760K)] 1503852K->166091K(1891840K) [PSPermGen: 7364K->7364K(21504K)], 0.6588800 secs] [Times: user=2.39 sys=0.00, real=0.66 secs] 
491.554: [GC [PSYoungGen: 299520K->195072K(494592K)] 465611K->405603K(1892352K), 0.1278010 secs] [Times: user=0.44 sys=0.00, real=0.13 secs] 
491.987: [GC [PSYoungGen: 494592K->204800K(438272K)] 705123K->585811K(1836032K), 0.2179377 secs] [Times: user=0.80 sys=0.00, real=0.22 secs] 
492.450: [GC [PSYoungGen: 438272K->143968K(466432K)] 819283K->665379K(1864192K), 0.1631770 secs] [Times: user=0.58 sys=0.00, real=0.16 secs] 
492.855: [GC [PSYoungGen: 377440K->174048K(466432K)] 898851K->802651K(1864192K), 0.1585333 secs] [Times: user=0.58 sys=0.00, real=0.16 secs] 
493.275: [GC [PSYoungGen: 407520K->163564K(466432K)] 1036123K->915991K(1864192K), 0.1728669 secs] [Times: user=0.66 sys=0.00, real=0.17 secs] 
493.686: [GC [PSYoungGen: 397036K->157856K(466432K)] 1149463K->1033243K(1864192K), 0.1508611 secs] [Times: user=0.62 sys=0.00, real=0.15 secs] 
494.075: [GC [PSYoungGen: 391328K->166944K(466432K)] 1266715K->1159651K(1864192K), 0.1523803 secs] [Times: user=0.61 sys=0.00, real=0.15 secs] 
494.487: [GC [PSYoungGen: 400416K->152512K(466432K)] 1393123K->1273675K(1864192K), 0.1547161 secs] [Times: user=0.55 sys=0.00, real=0.15 secs] 
494.884: [GC [PSYoungGen: 385984K->175680K(466432K)] 1507147K->1411259K(1864192K), 0.1581414 secs] [Times: user=0.59 sys=0.00, real=0.16 secs] 
495.042: [Full GC [PSYoungGen: 175680K->0K(466432K)] [ParOldGen: 1235579K->167930K(1397760K)] 1411259K->167930K(1864192K) [PSPermGen: 7366K->7366K(21504K)], 0.6798301 secs] [Times: user=2.34 sys=0.00, real=0.68 secs] 
495.964: [GC [PSYoungGen: 233472K->190592K(466432K)] 401402K->358522K(1864192K), 0.0963814 secs] [Times: user=0.34 sys=0.00, real=0.10 secs] 
496.310: [GC [PSYoungGen: 424064K->158144K(466432K)] 591994K->487498K(1864192K), 0.1782120 secs] [Times: user=0.67 sys=0.00, real=0.18 secs] 
496.729: [GC [PSYoungGen: 391616K->179360K(466432K)] 720970K->631266K(1864192K), 0.1723733 secs] [Times: user=0.62 sys=0.00, real=0.17 secs] 
497.143: [GC [PSYoungGen: 412832K->161248K(466432K)] 864738K->732426K(1864192K), 0.1748005 secs] [Times: user=0.59 sys=0.00, real=0.17 secs] 
497.566: [GC [PSYoungGen: 394720K->157888K(466432K)] 965898K->842034K(1864192K), 0.1464701 secs] [Times: user=0.53 sys=0.00, real=0.15 secs] 
497.954: [GC [PSYoungGen: 391360K->166592K(400384K)] 1075506K->956634K(1798144K), 0.1496510 secs] [Times: user=0.58 sys=0.00, real=0.15 secs] 
498.351: [GC [PSYoungGen: 400064K->141920K(463360K)] 1190106K->1060786K(1861120K), 0.1536600 secs] [Times: user=0.56 sys=0.00, real=0.15 secs] 
498.743: [GC [PSYoungGen: 375904K->176416K(462848K)] 1294770K->1201082K(1860608K), 0.1488598 secs] [Times: user=0.62 sys=0.00, real=0.15 secs] 
499.131: [GC [PSYoungGen: 410400K->165024K(465408K)] 1435066K->1312250K(1863168K), 0.1642918 secs] [Times: user=0.59 sys=0.00, real=0.16 secs] 
499.557: [GC [PSYoungGen: 410272K->143264K(465920K)] 1557498K->1420818K(1863680K), 0.1533162 secs] [Times: user=0.59 sys=0.00, real=0.15 secs] 
499.710: [Full GC [PSYoungGen: 143264K->0K(465920K)] [ParOldGen: 1277554K->168824K(1397760K)] 1420818K->168824K(1863680K) [PSPermGen: 7366K->7366K(21504K)], 0.6729667 secs] [Times: user=2.47 sys=0.00, real=0.67 secs] 
500.643: [GC [PSYoungGen: 245248K->201408K(463872K)] 414072K->370232K(1861632K), 0.0919824 secs] [Times: user=0.31 sys=0.00, real=0.09 secs] 
500.986: [GC [PSYoungGen: 445120K->174144K(471552K)] 613944K->496408K(1869312K), 0.1843583 secs] [Times: user=0.73 sys=0.00, real=0.18 secs] 
501.419: [GC [PSYoungGen: 417856K->134784K(470528K)] 740120K->592960K(1868288K), 0.1489400 secs] [Times: user=0.56 sys=0.00, real=0.15 secs] 
501.823: [GC [PSYoungGen: 383104K->184512K(472576K)] 841280K->736840K(1870336K), 0.1489704 secs] [Times: user=0.59 sys=0.00, real=0.15 secs] 
502.227: [GC [PSYoungGen: 432832K->168352K(465408K)] 985160K->840968K(1863168K), 0.1519685 secs] [Times: user=0.62 sys=0.00, real=0.15 secs] 
502.638: [GC [PSYoungGen: 418720K->141792K(470016K)] 1091336K->933448K(1867776K), 0.1459040 secs] [Times: user=0.56 sys=0.00, real=0.15 secs] 
503.040: [GC [PSYoungGen: 392160K->181312K(479232K)] 1183816K->1077608K(1876992K), 0.1475115 secs] [Times: user=0.61 sys=0.00, real=0.15 secs] 
503.459: [GC [PSYoungGen: 441408K->152736K(413184K)] 1337704K->1173232K(1810944K), 0.1500788 secs] [Times: user=0.62 sys=0.00, real=0.15 secs] 
503.876: [GC [PSYoungGen: 412832K->174656K(479744K)] 1433328K->1288848K(1877504K), 0.1511882 secs] [Times: user=0.56 sys=0.00, real=0.15 secs] 
504.305: [GC [PSYoungGen: 437312K->153340K(477696K)] 1551504K->1381900K(1875456K), 0.1427905 secs] [Times: user=0.56 sys=0.00, real=0.14 secs] 
504.725: [GC [PSYoungGen: 415996K->168960K(480768K)] 1644556K->1497264K(1878528K), 0.1499098 secs] [Times: user=0.55 sys=0.02, real=0.15 secs] 
504.876: [Full GC [PSYoungGen: 168960K->0K(480768K)] [ParOldGen: 1328304K->161151K(1397760K)] 1497264K->161151K(1878528K) [PSPermGen: 7369K->7369K(21504K)], 0.6549797 secs] [Times: user=2.39 sys=0.00, real=0.65 secs] 
505.808: [GC [PSYoungGen: 270848K->198816K(479744K)] 431999K->359967K(1877504K), 0.0901613 secs] [Times: user=0.37 sys=0.00, real=0.09 secs] 
506.174: [GC [PSYoungGen: 469664K->183840K(481280K)] 630815K->498575K(1879040K), 0.1862557 secs] [Times: user=0.72 sys=0.00, real=0.19 secs] 
506.640: [GC [PSYoungGen: 448032K->148448K(412672K)] 762767K->579767K(1810432K), 0.1457289 secs] [Times: user=0.59 sys=0.00, real=0.15 secs] 
507.054: [GC [PSYoungGen: 412640K->177248K(482816K)] 843959K->699735K(1880576K), 0.1465641 secs] [Times: user=0.51 sys=0.00, real=0.15 secs] 
507.465: [GC [PSYoungGen: 443488K->140512K(481280K)] 965975K->780391K(1879040K), 0.1507145 secs] [Times: user=0.58 sys=0.00, real=0.15 secs] 
507.892: [GC [PSYoungGen: 406752K->186272K(478720K)] 1046631K->913535K(1876480K), 0.1414476 secs] [Times: user=0.56 sys=0.00, real=0.14 secs] 
508.315: [GC [PSYoungGen: 449440K->152032K(481280K)] 1176703K->993967K(1879040K), 0.1445493 secs] [Times: user=0.56 sys=0.00, real=0.14 secs] 
508.724: [GC [PSYoungGen: 415200K->170304K(474112K)] 1257135K->1106311K(1871872K), 0.1468149 secs] [Times: user=0.51 sys=0.00, real=0.15 secs] 
509.135: [GC [PSYoungGen: 436032K->160608K(477696K)] 1372039K->1209287K(1875456K), 0.1535465 secs] [Times: user=0.51 sys=0.00, real=0.15 secs] 
509.561: [GC [PSYoungGen: 426336K->160064K(480768K)] 1475015K->1321479K(1878528K), 0.1517972 secs] [Times: user=0.53 sys=0.00, real=0.15 secs] 
509.998: [GC [PSYoungGen: 438591K->181536K(484352K)] 1600007K->1438975K(1882112K), 0.1460387 secs] [Times: user=0.55 sys=0.00, real=0.15 secs] 
510.145: [Full GC [PSYoungGen: 181536K->0K(484352K)] [ParOldGen: 1257439K->166697K(1397760K)] 1438975K->166697K(1882112K) [PSPermGen: 7369K->7369K(21504K)], 0.6664006 secs] [Times: user=2.23 sys=0.00, real=0.67 secs] 
511.098: [GC [PSYoungGen: 278528K->207360K(466432K)] 445225K->378873K(1864192K), 0.1072320 secs] [Times: user=0.34 sys=0.02, real=0.11 secs] 
511.485: [GC [PSYoungGen: 466432K->167328K(479232K)] 637945K->500385K(1876992K), 0.1872605 secs] [Times: user=0.67 sys=0.00, real=0.19 secs] 
511.937: [GC [PSYoungGen: 426400K->168256K(467968K)] 759457K->606153K(1865728K), 0.1442635 secs] [Times: user=0.48 sys=0.00, real=0.14 secs] 
512.357: [GC [PSYoungGen: 431424K->159392K(475648K)] 869321K->704497K(1873408K), 0.1503524 secs] [Times: user=0.51 sys=0.00, real=0.15 secs] 
512.770: [GC [PSYoungGen: 422560K->170688K(477184K)] 967665K->820953K(1874944K), 0.1499801 secs] [Times: user=0.61 sys=0.00, real=0.15 secs] 
513.196: [GC [PSYoungGen: 447680K->166688K(483328K)] 1097945K->923097K(1881088K), 0.1513049 secs] [Times: user=0.55 sys=0.00, real=0.15 secs] 
513.624: [GC [PSYoungGen: 443680K->140416K(493056K)] 1200089K->1005617K(1890816K), 0.1495108 secs] [Times: user=0.53 sys=0.00, real=0.15 secs] 
514.064: [GC [PSYoungGen: 430208K->187328K(477184K)] 1295409K->1147233K(1874944K), 0.1501013 secs] [Times: user=0.59 sys=0.00, real=0.15 secs] 
514.521: [GC [PSYoungGen: 477120K->152768K(492032K)] 1437025K->1225329K(1889792K), 0.1543832 secs] [Times: user=0.56 sys=0.00, real=0.16 secs] 
514.967: [GC [PSYoungGen: 435904K->178272K(490496K)] 1508465K->1334841K(1888256K), 0.1452392 secs] [Times: user=0.53 sys=0.00, real=0.15 secs] 
515.400: [GC [PSYoungGen: 461408K->135008K(488448K)] 1617977K->1403329K(1886208K), 0.1474098 secs] [Times: user=0.52 sys=0.00, real=0.15 secs] 
515.547: [Full GC [PSYoungGen: 135008K->0K(488448K)] [ParOldGen: 1268321K->163713K(1397760K)] 1403329K->163713K(1886208K) [PSPermGen: 7369K->7369K(21504K)], 0.6600086 secs] [Times: user=2.34 sys=0.00, real=0.66 secs] 
516.489: [GC [PSYoungGen: 280576K->207552K(488448K)] 444289K->371265K(1886208K), 0.0962611 secs] [Times: user=0.33 sys=0.00, real=0.10 secs] 
516.866: [GC [PSYoungGen: 488128K->177920K(473088K)] 651841K->499033K(1870848K), 0.1862390 secs] [Times: user=0.73 sys=0.00, real=0.19 secs] 
517.325: [GC [PSYoungGen: 440064K->152896K(480768K)] 761177K->594337K(1878528K), 0.1516484 secs] [Times: user=0.58 sys=0.00, real=0.15 secs] 
517.742: [GC [PSYoungGen: 415040K->171264K(471040K)] 856481K->711457K(1868800K), 0.1435897 secs] [Times: user=0.51 sys=0.00, real=0.14 secs] 
518.158: [GC [PSYoungGen: 434944K->167328K(476672K)] 975137K->811009K(1874432K), 0.1438052 secs] [Times: user=0.51 sys=0.00, real=0.14 secs] 
518.581: [GC [PSYoungGen: 431008K->149568K(483840K)] 1074689K->894993K(1881600K), 0.1394880 secs] [Times: user=0.53 sys=0.00, real=0.14 secs] 
519.004: [GC [PSYoungGen: 427072K->183648K(485888K)] 1172497K->1023185K(1883648K), 0.1589897 secs] [Times: user=0.59 sys=0.00, real=0.16 secs] 
519.455: [GC [PSYoungGen: 461152K->159808K(486912K)] 1300689K->1106497K(1884672K), 0.1413100 secs] [Times: user=0.55 sys=0.00, real=0.14 secs] 
519.877: [GC [PSYoungGen: 440384K->165792K(487936K)] 1387073K->1205889K(1885696K), 0.1366984 secs] [Times: user=0.53 sys=0.00, real=0.14 secs] 
520.308: [GC [PSYoungGen: 446368K->168220K(488448K)] 1486465K->1304117K(1886208K), 0.1512219 secs] [Times: user=0.58 sys=0.00, real=0.15 secs] 
520.748: [GC [PSYoungGen: 456476K->172512K(488960K)] 1592373K->1395345K(1886720K), 0.1386234 secs] [Times: user=0.53 sys=0.00, real=0.14 secs] 
521.181: [GC [PSYoungGen: 460768K->168896K(494592K)] 1683601K->1475777K(1892352K), 0.1331782 secs] [Times: user=0.56 sys=0.00, real=0.13 secs] 
521.315: [Full GC [PSYoungGen: 168896K->0K(494592K)] [ParOldGen: 1306881K->168296K(1397760K)] 1475777K->168296K(1892352K) [PSPermGen: 7369K->7369K(21504K)], 0.6995049 secs] [Times: user=2.50 sys=0.00, real=0.70 secs] 
522.330: [GC [PSYoungGen: 299520K->196608K(496128K)] 467816K->399016K(1893888K), 0.1234556 secs] [Times: user=0.45 sys=0.00, real=0.12 secs] 
522.740: [GC [PSYoungGen: 496128K->148768K(468480K)] 698536K->517048K(1866240K), 0.1841700 secs] [Times: user=0.69 sys=0.00, real=0.18 secs] 
523.191: [GC [PSYoungGen: 413984K->174592K(482304K)] 782264K->660384K(1880064K), 0.1552020 secs] [Times: user=0.59 sys=0.00, real=0.15 secs] 
523.626: [GC [PSYoungGen: 439808K->133344K(480768K)] 925600K->760448K(1878528K), 0.1555436 secs] [Times: user=0.61 sys=0.00, real=0.16 secs] 
524.044: [GC [PSYoungGen: 400608K->165184K(432640K)] 1027712K->898336K(1830400K), 0.1497748 secs] [Times: user=0.58 sys=0.00, real=0.15 secs] 
524.479: [GC [PSYoungGen: 432448K->150144K(483328K)] 1165600K->1013424K(1881088K), 0.1488550 secs] [Times: user=0.56 sys=0.00, real=0.15 secs] 
524.891: [GC [PSYoungGen: 421504K->149120K(481792K)] 1284784K->1129912K(1879552K), 0.1514701 secs] [Times: user=0.58 sys=0.00, real=0.15 secs] 
525.333: [GC [PSYoungGen: 420480K->176768K(485888K)] 1401272K->1271872K(1883648K), 0.1624682 secs] [Times: user=0.59 sys=0.00, real=0.16 secs] 
525.780: [GC [PSYoungGen: 453760K->173472K(485888K)] 1548864K->1380832K(1883648K), 0.1684987 secs] [Times: user=0.48 sys=0.00, real=0.17 secs] 
526.233: [GC [PSYoungGen: 450464K->165312K(484864K)] 1657824K->1464200K(1882624K), 0.1411000 secs] [Times: user=0.51 sys=0.00, real=0.14 secs] 
526.374: [Full GC [PSYoungGen: 165312K->0K(484864K)] [ParOldGen: 1298888K->165440K(1397760K)] 1464200K->165440K(1882624K) [PSPermGen: 7369K->7369K(21504K)], 0.6866332 secs] [Times: user=2.36 sys=0.00, real=0.69 secs] 
527.356: [GC [PSYoungGen: 283136K->182048K(486912K)] 448576K->347488K(1884672K), 0.0888047 secs] [Times: user=0.34 sys=0.00, real=0.09 secs] 
527.731: [GC [PSYoungGen: 465184K->182944K(490496K)] 630624K->486632K(1888256K), 0.1713749 secs] [Times: user=0.64 sys=0.00, real=0.17 secs] 
528.192: [GC [PSYoungGen: 467616K->162112K(446976K)] 771304K->568408K(1844736K), 0.1513572 secs] [Times: user=0.50 sys=0.00, real=0.15 secs] 
528.624: [GC [PSYoungGen: 446784K->103168K(479232K)] 853080K->633800K(1876992K), 0.1355916 secs] [Times: user=0.48 sys=0.00, real=0.14 secs] 
529.040: [GC [PSYoungGen: 377600K->209152K(483840K)] 908232K->803688K(1881600K), 0.1324364 secs] [Times: user=0.56 sys=0.00, real=0.13 secs] 
529.461: [GC [PSYoungGen: 483584K->154560K(472576K)] 1078120K->885512K(1870336K), 0.1585484 secs] [Times: user=0.61 sys=0.00, real=0.16 secs] 
529.881: [GC [PSYoungGen: 411584K->148832K(478208K)] 1142536K->984040K(1875968K), 0.1469258 secs] [Times: user=0.58 sys=0.00, real=0.15 secs] 
530.294: [GC [PSYoungGen: 405856K->157582K(466432K)] 1241064K->1118390K(1864192K), 0.1687370 secs] [Times: user=0.59 sys=0.00, real=0.17 secs] 
530.714: [GC [PSYoungGen: 417166K->148352K(473600K)] 1377974K->1235000K(1871360K), 0.1464178 secs] [Times: user=0.62 sys=0.00, real=0.15 secs] 
531.124: [GC [PSYoungGen: 407936K->184192K(480768K)] 1494584K->1375688K(1878528K), 0.1637620 secs] [Times: user=0.58 sys=0.00, real=0.16 secs] 
531.573: [GC [PSYoungGen: 453504K->159328K(429056K)] 1645000K->1469936K(1826816K), 0.1590641 secs] [Times: user=0.59 sys=0.00, real=0.16 secs] 
531.733: [Full GC [PSYoungGen: 159328K->0K(429056K)] [ParOldGen: 1310608K->166446K(1397760K)] 1469936K->166446K(1826816K) [PSPermGen: 7369K->7369K(21504K)], 0.6931403 secs] [Times: user=2.39 sys=0.00, real=0.69 secs] 
532.713: [GC [PSYoungGen: 269312K->209824K(463872K)] 435758K->376270K(1861632K), 0.0949600 secs] [Times: user=0.37 sys=0.00, real=0.10 secs] 
533.069: [GC [PSYoungGen: 462752K->173856K(476160K)] 629198K->494806K(1873920K), 0.1861572 secs] [Times: user=0.67 sys=0.02, real=0.19 secs] 
533.524: [GC [PSYoungGen: 426784K->153600K(467456K)] 747734K->588974K(1865216K), 0.1458569 secs] [Times: user=0.56 sys=0.00, real=0.15 secs] 
533.933: [GC [PSYoungGen: 410112K->174112K(473600K)] 845486K->709574K(1871360K), 0.1458040 secs] [Times: user=0.52 sys=0.00, real=0.15 secs] 
534.343: [GC [PSYoungGen: 430624K->149152K(477184K)] 966086K->806566K(1874944K), 0.1466731 secs] [Times: user=0.53 sys=0.00, real=0.15 secs] 
534.761: [GC [PSYoungGen: 416416K->175648K(480768K)] 1073830K->927878K(1878528K), 0.1397019 secs] [Times: user=0.55 sys=0.00, real=0.14 secs] 
535.173: [GC [PSYoungGen: 442912K->165088K(476160K)] 1195142K->1021454K(1873920K), 0.1425955 secs] [Times: user=0.56 sys=0.00, real=0.14 secs] 
535.600: [GC [PSYoungGen: 439008K->141984K(481792K)] 1295374K->1111158K(1879552K), 0.1379284 secs] [Times: user=0.55 sys=0.00, real=0.14 secs] 
536.016: [GC [PSYoungGen: 415904K->182976K(485888K)] 1385078K->1242806K(1883648K), 0.1427241 secs] [Times: user=0.52 sys=0.00, real=0.14 secs] 
536.451: [GC [PSYoungGen: 460480K->157024K(434688K)] 1520310K->1337006K(1832448K), 0.1601956 secs] [Times: user=0.59 sys=0.00, real=0.16 secs] 
536.897: [GC [PSYoungGen: 434528K->181984K(485888K)] 1614510K->1453422K(1883648K), 0.1531895 secs] [Times: user=0.58 sys=0.00, real=0.15 secs] 
537.050: [Full GC [PSYoungGen: 181984K->0K(485888K)] [ParOldGen: 1271438K->167760K(1397760K)] 1453422K->167760K(1883648K) [PSPermGen: 7369K->7369K(21504K)], 0.6939113 secs] [Times: user=2.48 sys=0.00, real=0.69 secs] 
538.042: [GC [PSYoungGen: 278016K->209920K(487936K)] 445776K->400024K(1885696K), 0.1167519 secs] [Times: user=0.48 sys=0.00, real=0.12 secs] 
538.448: [GC [PSYoungGen: 487936K->180640K(457216K)] 678040K->527712K(1854976K), 0.1808281 secs] [Times: user=0.73 sys=0.00, real=0.18 secs] 
538.870: [GC [PSYoungGen: 426400K->149600K(472576K)] 773472K->621976K(1870336K), 0.1470750 secs] [Times: user=0.61 sys=0.00, real=0.15 secs] 
539.284: [GC [PSYoungGen: 395360K->167456K(462336K)] 867736K->749992K(1860096K), 0.1435724 secs] [Times: user=0.56 sys=0.00, real=0.14 secs] 
539.670: [GC [PSYoungGen: 414240K->159040K(467968K)] 996776K->860408K(1865728K), 0.1476985 secs] [Times: user=0.52 sys=0.00, real=0.15 secs] 
540.060: [GC [PSYoungGen: 405824K->159168K(469504K)] 1107192K->977648K(1867264K), 0.1560275 secs] [Times: user=0.58 sys=0.00, real=0.16 secs] 
540.484: [GC [PSYoungGen: 419264K->150240K(475136K)] 1237744K->1091408K(1872896K), 0.1534034 secs] [Times: user=0.61 sys=0.00, real=0.15 secs] 
540.905: [GC [PSYoungGen: 410336K->186272K(481280K)] 1351504K->1239136K(1879040K), 0.1534146 secs] [Times: user=0.61 sys=0.00, real=0.15 secs] 
541.340: [GC [PSYoungGen: 453536K->153568K(483328K)] 1506400K->1324832K(1881088K), 0.1497725 secs] [Times: user=0.41 sys=0.00, real=0.15 secs] 
541.759: [GC [PSYoungGen: 420832K->175072K(480256K)] 1592096K->1436888K(1878016K), 0.1410121 secs] [Times: user=0.53 sys=0.02, real=0.14 secs] 
541.900: [Full GC [PSYoungGen: 175072K->0K(480256K)] [ParOldGen: 1261816K->173133K(1397760K)] 1436888K->173133K(1878016K) [PSPermGen: 7369K->7369K(21504K)], 0.6995986 secs] [Times: user=2.45 sys=0.00, real=0.70 secs] 
542.857: [GC [PSYoungGen: 269312K->153856K(481792K)] 442445K->326989K(1879552K), 0.1021861 secs] [Times: user=0.30 sys=0.00, real=0.10 secs] 
543.231: [GC [PSYoungGen: 423168K->196448K(475648K)] 596301K->490685K(1873408K), 0.1917018 secs] [Times: user=0.61 sys=0.00, real=0.19 secs] 
543.693: [GC [PSYoungGen: 461664K->144544K(482304K)] 755901K->575325K(1880064K), 0.1584955 secs] [Times: user=0.58 sys=0.00, real=0.16 secs] 
544.102: [GC [PSYoungGen: 409760K->152896K(476672K)] 840541K->689325K(1874432K), 0.1588829 secs] [Times: user=0.48 sys=0.00, real=0.16 secs] 
544.547: [GC [PSYoungGen: 418624K->171648K(479744K)] 955053K->822909K(1877504K), 0.1496196 secs] [Times: user=0.59 sys=0.00, real=0.15 secs] 
544.957: [GC [PSYoungGen: 437376K->162528K(477696K)] 1088637K->938397K(1875456K), 0.1606337 secs] [Times: user=0.64 sys=0.00, real=0.16 secs] 
545.398: [GC [PSYoungGen: 436448K->152192K(481792K)] 1212317K->1049117K(1879552K), 0.1477196 secs] [Times: user=0.53 sys=0.00, real=0.15 secs] 
545.820: [GC [PSYoungGen: 426112K->172000K(486400K)] 1323037K->1168205K(1884160K), 0.1487302 secs] [Times: user=0.53 sys=0.00, real=0.15 secs] 
546.267: [GC [PSYoungGen: 457696K->177216K(489984K)] 1453901K->1277421K(1887744K), 0.1518197 secs] [Times: user=0.56 sys=0.00, real=0.15 secs] 
546.702: [GC [PSYoungGen: 462912K->164800K(489472K)] 1563117K->1354957K(1887232K), 0.1410605 secs] [Times: user=0.51 sys=0.00, real=0.14 secs] 
547.127: [GC [PSYoungGen: 455104K->156800K(492032K)] 1645261K->1431149K(1889792K), 0.1302042 secs] [Times: user=0.48 sys=0.00, real=0.13 secs] 
547.257: [Full GC [PSYoungGen: 156800K->0K(492032K)] [ParOldGen: 1274349K->163765K(1397760K)] 1431149K->163765K(1889792K) [PSPermGen: 7369K->7369K(21504K)], 0.6749994 secs] [Times: user=2.37 sys=0.00, real=0.67 secs] 
548.240: [GC [PSYoungGen: 290304K->193248K(486400K)] 454069K->357013K(1884160K), 0.0943083 secs] [Times: user=0.36 sys=0.00, real=0.10 secs] 
548.587: [GC [PSYoungGen: 479968K->38080K(325120K)] 643733K->385013K(1722880K), 0.3169791 secs] [Times: user=0.37 sys=0.02, real=0.32 secs] 
549.263: [GC [PSYoungGen: 324800K->14752K(458240K)] 671733K->399045K(1856000K), 0.1072275 secs] [Times: user=0.14 sys=0.00, real=0.11 secs] 
549.606: [GC [PSYoungGen: 248224K->63008K(466432K)] 632517K->460757K(1864192K), 0.0577687 secs] [Times: user=0.11 sys=0.00, real=0.06 secs] 
549.871: [GC [PSYoungGen: 296480K->115712K(466432K)] 694229K->571645K(1864192K), 0.1688512 secs] [Times: user=0.36 sys=0.00, real=0.17 secs] 
550.300: [GC [PSYoungGen: 349184K->172384K(466432K)] 805117K->722293K(1864192K), 0.1412648 secs] [Times: user=0.55 sys=0.00, real=0.14 secs] 
550.669: [GC [PSYoungGen: 405856K->156000K(466432K)] 955765K->846989K(1864192K), 0.2382139 secs] [Times: user=0.61 sys=0.00, real=0.24 secs] 
551.122: [GC [PSYoungGen: 389472K->124224K(357888K)] 1080461K->949461K(1755648K), 0.1766591 secs] [Times: user=0.58 sys=0.00, real=0.18 secs] 
551.542: [GC [PSYoungGen: 357696K->159744K(465408K)] 1182933K->1088277K(1863168K), 0.1419701 secs] [Times: user=0.53 sys=0.00, real=0.14 secs] 
551.923: [GC [PSYoungGen: 394240K->172320K(464384K)] 1322773K->1227589K(1862144K), 0.1633457 secs] [Times: user=0.61 sys=0.00, real=0.16 secs] 
552.339: [GC [PSYoungGen: 406816K->154944K(464384K)] 1462085K->1345461K(1862144K), 0.1639865 secs] [Times: user=0.62 sys=0.00, real=0.17 secs] 
552.744: [GC [PSYoungGen: 391488K->166080K(465408K)] 1582005K->1468621K(1863168K), 0.1558582 secs] [Times: user=0.58 sys=0.00, real=0.16 secs] 
552.900: [Full GC [PSYoungGen: 166080K->0K(465408K)] [ParOldGen: 1302541K->166761K(1397760K)] 1468621K->166761K(1863168K) [PSPermGen: 7370K->7370K(21504K)], 0.6663634 secs] [Times: user=2.34 sys=0.00, real=0.67 secs] 
553.821: [GC [PSYoungGen: 236544K->191840K(462336K)] 403305K->358601K(1860096K), 0.0944850 secs] [Times: user=0.38 sys=0.00, real=0.10 secs] 
554.149: [GC [PSYoungGen: 425312K->167744K(466432K)] 592073K->485721K(1864192K), 0.1860607 secs] [Times: user=0.70 sys=0.00, real=0.19 secs] 
554.582: [GC [PSYoungGen: 401216K->109504K(466432K)] 719193K->569961K(1864192K), 0.1587970 secs] [Times: user=0.59 sys=0.02, real=0.16 secs] 
554.949: [GC [PSYoungGen: 342976K->116032K(349696K)] 803433K->666417K(1747456K), 0.1245572 secs] [Times: user=0.42 sys=0.00, real=0.13 secs] 
555.272: [GC [PSYoungGen: 349504K->51744K(462336K)] 899889K->711593K(1860096K), 0.1503383 secs] [Times: user=0.34 sys=0.00, real=0.15 secs] 
555.631: [GC [PSYoungGen: 283168K->109440K(464384K)] 943017K->814393K(1862144K), 0.0786036 secs] [Times: user=0.31 sys=0.00, real=0.08 secs] 
555.921: [GC [PSYoungGen: 340864K->115360K(451584K)] 1045817K->922393K(1849344K), 0.1486471 secs] [Times: user=0.47 sys=0.00, real=0.15 secs] 
556.294: [GC [PSYoungGen: 349344K->117632K(459264K)] 1156377K->1029345K(1857024K), 0.1278424 secs] [Times: user=0.45 sys=0.00, real=0.13 secs] 
556.650: [GC [PSYoungGen: 351616K->166080K(470016K)] 1263329K->1175761K(1867776K), 0.1640366 secs] [Times: user=0.64 sys=0.00, real=0.16 secs] 
557.065: [GC [PSYoungGen: 417984K->164512K(416768K)] 1427665K->1303673K(1814528K), 0.1583216 secs] [Times: user=0.53 sys=0.00, real=0.16 secs] 
557.491: [GC [PSYoungGen: 416416K->135456K(482816K)] 1555577K->1402361K(1880576K), 0.1490140 secs] [Times: user=0.61 sys=0.00, real=0.15 secs] 
557.640: [Full GC [PSYoungGen: 135456K->0K(482816K)] [ParOldGen: 1266905K->167470K(1397760K)] 1402361K->167470K(1880576K) [PSPermGen: 7370K->7370K(21504K)], 0.6486382 secs] [Times: user=2.22 sys=0.00, real=0.65 secs] 
558.571: [GC [PSYoungGen: 257536K->203680K(461312K)] 425006K->371150K(1859072K), 0.1013968 secs] [Times: user=0.39 sys=0.00, real=0.10 secs] 
558.934: [GC [PSYoungGen: 461216K->171904K(466432K)] 628686K->492206K(1864192K), 0.1824244 secs] [Times: user=0.69 sys=0.00, real=0.18 secs] 
559.365: [GC [PSYoungGen: 405376K->128896K(362496K)] 725678K->584182K(1760256K), 0.1479909 secs] [Times: user=0.58 sys=0.02, real=0.15 secs] 
559.745: [GC [PSYoungGen: 362368K->164480K(463872K)] 817654K->727638K(1861632K), 0.1551417 secs] [Times: user=0.58 sys=0.00, real=0.15 secs] 
560.137: [GC [PSYoungGen: 398976K->168672K(462848K)] 962134K->863286K(1860608K), 0.1651039 secs] [Times: user=0.59 sys=0.00, real=0.16 secs] 
560.554: [GC [PSYoungGen: 403168K->153408K(459776K)] 1097782K->983782K(1857536K), 0.1620292 secs] [Times: user=0.64 sys=0.00, real=0.16 secs] 
560.964: [GC [PSYoungGen: 396096K->172864K(464896K)] 1226470K->1118286K(1862656K), 0.1582351 secs] [Times: user=0.61 sys=0.00, real=0.16 secs] 
561.368: [GC [PSYoungGen: 415552K->136544K(469504K)] 1360974K->1222638K(1867264K), 0.1605997 secs] [Times: user=0.61 sys=0.00, real=0.16 secs] 
561.787: [GC [PSYoungGen: 389984K->187296K(472576K)] 1476078K->1377942K(1870336K), 0.1699702 secs] [Times: user=0.62 sys=0.00, real=0.17 secs] 
562.217: [GC [PSYoungGen: 440736K->173472K(473088K)] 1631382K->1482166K(1870848K), 0.1658605 secs] [Times: user=0.64 sys=0.00, real=0.17 secs] 
562.384: [Full GC [PSYoungGen: 173472K->0K(473088K)] [ParOldGen: 1308694K->175682K(1397760K)] 1482166K->175682K(1870848K) [PSPermGen: 7370K->7370K(21504K)], 0.6951262 secs] [Times: user=2.48 sys=0.00, real=0.70 secs] 
563.341: [GC [PSYoungGen: 246784K->164352K(411136K)] 422466K->340034K(1808896K), 0.0793736 secs] [Times: user=0.28 sys=0.02, real=0.08 secs] 
563.670: [GC [PSYoungGen: 411136K->178496K(467456K)] 586818K->490090K(1865216K), 0.1689849 secs] [Times: user=0.69 sys=0.00, real=0.17 secs] 
564.090: [GC [PSYoungGen: 423744K->166912K(468992K)] 735338K->602890K(1866752K), 0.1632992 secs] [Times: user=0.61 sys=0.00, real=0.16 secs] 
564.505: [GC [PSYoungGen: 412160K->124416K(474624K)] 848138K->692106K(1872384K), 0.1472171 secs] [Times: user=0.53 sys=0.00, real=0.15 secs] 
564.908: [GC [PSYoungGen: 378368K->188608K(442880K)] 946058K->851850K(1840640K), 0.1443149 secs] [Times: user=0.62 sys=0.00, real=0.14 secs] 
565.329: [GC [PSYoungGen: 442560K->160476K(479744K)] 1105802K->952358K(1877504K), 0.1703486 secs] [Times: user=0.62 sys=0.00, real=0.17 secs] 
565.748: [GC [PSYoungGen: 414428K->156672K(410624K)] 1206310K->1056802K(1808384K), 0.1386340 secs] [Times: user=0.55 sys=0.00, real=0.14 secs] 
566.147: [GC [PSYoungGen: 410624K->176544K(467968K)] 1310754K->1185338K(1865728K), 0.1554358 secs] [Times: user=0.59 sys=0.00, real=0.16 secs] 
566.570: [GC [PSYoungGen: 429984K->148192K(468480K)] 1438778K->1282986K(1866240K), 0.1474377 secs] [Times: user=0.56 sys=0.00, real=0.15 secs] 
566.977: [GC [PSYoungGen: 401632K->183520K(478208K)] 1536426K->1418666K(1875968K), 0.1589647 secs] [Times: user=0.59 sys=0.00, real=0.16 secs] 
567.417: [GC [PSYoungGen: 449760K->156096K(481792K)] 1684906K->1507218K(1879552K), 0.1551007 secs] [Times: user=0.62 sys=0.00, real=0.15 secs] 
567.573: [Full GC [PSYoungGen: 156096K->0K(481792K)] [ParOldGen: 1351122K->163911K(1397760K)] 1507218K->163911K(1879552K) [PSPermGen: 7370K->7370K(21504K)], 0.6454201 secs] [Times: user=2.37 sys=0.00, real=0.64 secs] 
568.489: [GC [PSYoungGen: 266240K->193312K(474624K)] 430151K->357223K(1872384K), 0.0869920 secs] [Times: user=0.38 sys=0.00, real=0.09 secs] 
568.841: [GC [PSYoungGen: 456480K->178848K(481280K)] 620391K->491503K(1879040K), 0.1747951 secs] [Times: user=0.69 sys=0.00, real=0.17 secs] 
569.278: [GC [PSYoungGen: 442016K->162880K(472064K)] 754671K->598559K(1869824K), 0.1515404 secs] [Times: user=0.55 sys=0.00, real=0.15 secs] 
569.683: [GC [PSYoungGen: 426048K->156736K(476672K)] 861727K->707935K(1874432K), 0.1477931 secs] [Times: user=0.55 sys=0.00, real=0.15 secs] 
570.104: [GC [PSYoungGen: 419904K->177600K(484352K)] 971103K->825335K(1882112K), 0.1593435 secs] [Times: user=0.56 sys=0.00, real=0.16 secs] 
570.517: [GC [PSYoungGen: 453056K->101824K(377344K)] 1100791K->894319K(1775104K), 0.1729766 secs] [Times: user=0.55 sys=0.00, real=0.17 secs] 
570.952: [GC [PSYoungGen: 377280K->176992K(481280K)] 1169775K->1049719K(1879040K), 0.1324694 secs] [Times: user=0.48 sys=0.00, real=0.13 secs] 
571.362: [GC [PSYoungGen: 441184K->163808K(428032K)] 1313911K->1171119K(1825792K), 0.1604981 secs] [Times: user=0.62 sys=0.00, real=0.16 secs] 
571.739: [GC [PSYoungGen: 428000K->49760K(458752K)] 1435311K->1208007K(1856512K), 0.1717601 secs] [Times: user=0.50 sys=0.00, real=0.17 secs] 
572.165: [GC [PSYoungGen: 295520K->208832K(454656K)] 1453767K->1401215K(1852416K), 0.1159790 secs] [Times: user=0.44 sys=0.00, real=0.12 secs] 
572.518: [GC [PSYoungGen: 454592K->102720K(466432K)] 1646975K->1478647K(1864192K), 0.1761835 secs] [Times: user=0.53 sys=0.00, real=0.18 secs] 
572.694: [Full GC [PSYoungGen: 102720K->0K(466432K)] [ParOldGen: 1375927K->164532K(1397760K)] 1478647K->164532K(1864192K) [PSPermGen: 7370K->7370K(21504K)], 0.6267282 secs] [Times: user=2.17 sys=0.02, real=0.63 secs] 
573.560: [GC [PSYoungGen: 233472K->151136K(385024K)] 398004K->315668K(1782784K), 0.0680375 secs] [Times: user=0.23 sys=0.00, real=0.07 secs] 
573.848: [GC [PSYoungGen: 384608K->138240K(471552K)] 549140K->435780K(1869312K), 0.1528745 secs] [Times: user=0.53 sys=0.01, real=0.15 secs] 
574.247: [GC [PSYoungGen: 377344K->188608K(465920K)] 674884K->594724K(1863680K), 0.1692210 secs] [Times: user=0.61 sys=0.00, real=0.17 secs] 
574.676: [GC [PSYoungGen: 427712K->153280K(463360K)] 833828K->698844K(1861120K), 0.1629859 secs] [Times: user=0.59 sys=0.00, real=0.16 secs] 
575.076: [GC [PSYoungGen: 392896K->163936K(464896K)] 938460K->825764K(1862656K), 0.2113363 secs] [Times: user=0.61 sys=0.00, real=0.21 secs] 
575.536: [GC [PSYoungGen: 403552K->101056K(470528K)] 1065380K->908604K(1868288K), 0.1421744 secs] [Times: user=0.53 sys=0.00, real=0.14 secs] 
575.934: [GC [PSYoungGen: 349376K->206432K(455168K)] 1156924K->1103292K(1852928K), 0.1495192 secs] [Times: user=0.61 sys=0.00, real=0.15 secs] 
576.363: [GC [PSYoungGen: 454752K->149628K(468480K)] 1351612K->1205816K(1866240K), 0.3100855 secs] [Times: user=0.67 sys=0.00, real=0.31 secs] 
576.879: [GC [PSYoungGen: 385148K->98720K(466432K)] 1441336K->1288412K(1864192K), 0.2020030 secs] [Times: user=0.55 sys=0.00, real=0.20 secs] 
577.321: [GC [PSYoungGen: 334240K->117728K(463872K)] 1523932K->1391812K(1861632K), 0.1620661 secs] [Times: user=0.38 sys=0.00, real=0.16 secs] 
577.483: [Full GC [PSYoungGen: 117728K->0K(463872K)] [ParOldGen: 1274084K->173006K(1397760K)] 1391812K->173006K(1861632K) [PSPermGen: 7374K->7374K(21504K)], 0.8339195 secs] [Times: user=2.34 sys=0.00, real=0.83 secs] 
578.534: [GC [PSYoungGen: 236032K->72608K(465408K)] 409038K->245614K(1863168K), 0.0501631 secs] [Times: user=0.14 sys=0.00, real=0.05 secs] 
578.811: [GC [PSYoungGen: 308640K->122016K(461312K)] 481646K->359222K(1859072K), 0.1046636 secs] [Times: user=0.34 sys=0.00, real=0.11 secs] 
579.165: [GC [PSYoungGen: 359072K->202816K(463872K)] 596278K->534910K(1861632K), 0.1514573 secs] [Times: user=0.62 sys=0.00, real=0.15 secs] 
579.549: [GC [PSYoungGen: 439872K->111200K(466432K)] 771966K->615054K(1864192K), 0.1705626 secs] [Times: user=0.67 sys=0.00, real=0.17 secs] 
579.958: [GC [PSYoungGen: 344672K->187424K(466432K)] 848526K->773270K(1864192K), 0.1406426 secs] [Times: user=0.52 sys=0.00, real=0.14 secs] 
580.345: [GC [PSYoungGen: 420896K->149948K(466432K)] 1006742K->880682K(1864192K), 0.1670115 secs] [Times: user=0.66 sys=0.00, real=0.17 secs] 
580.743: [GC [PSYoungGen: 383420K->153280K(387072K)] 1114154K->1004918K(1784832K), 0.1511860 secs] [Times: user=0.55 sys=0.00, real=0.15 secs] 
581.138: [GC [PSYoungGen: 386752K->182240K(463360K)] 1238390K->1151662K(1861120K), 0.1608736 secs] [Times: user=0.58 sys=0.00, real=0.16 secs] 
581.537: [GC [PSYoungGen: 414176K->113344K(464896K)] 1383598K->1232910K(1862656K), 0.1643419 secs] [Times: user=0.61 sys=0.00, real=0.16 secs] 
581.934: [GC [PSYoungGen: 345280K->169248K(466432K)] 1464846K->1384118K(1864192K), 0.1870431 secs] [Times: user=0.59 sys=0.00, real=0.19 secs] 
582.122: [Full GC [PSYoungGen: 169248K->0K(466432K)] [ParOldGen: 1214870K->166940K(1397760K)] 1384118K->166940K(1864192K) [PSPermGen: 7374K->7374K(21504K)], 0.8029784 secs] [Times: user=2.28 sys=0.00, real=0.80 secs] 
583.191: [GC [PSYoungGen: 233472K->168640K(402432K)] 400412K->335580K(1800192K), 0.0767315 secs] [Times: user=0.31 sys=0.00, real=0.08 secs] 
583.523: [GC [PSYoungGen: 402112K->154976K(472576K)] 569052K->469372K(1870336K), 0.1717755 secs] [Times: user=0.62 sys=0.00, real=0.17 secs] 
583.931: [GC [PSYoungGen: 395104K->169920K(465920K)] 709500K->613868K(1863680K), 0.1830684 secs] [Times: user=0.66 sys=0.00, real=0.18 secs] 
584.358: [GC [PSYoungGen: 410048K->136800K(468992K)] 853996K->718796K(1866752K), 0.1600141 secs] [Times: user=0.59 sys=0.00, real=0.16 secs] 
584.781: [GC [PSYoungGen: 382560K->186272K(466944K)] 964556K->872564K(1864704K), 0.1688268 secs] [Times: user=0.62 sys=0.00, real=0.17 secs] 
585.203: [GC [PSYoungGen: 432032K->162304K(474112K)] 1118324K->971036K(1871872K), 0.1599711 secs] [Times: user=0.69 sys=0.00, real=0.16 secs] 
585.628: [GC [PSYoungGen: 412160K->147008K(397312K)] 1220892K->1066300K(1795072K), 0.1429412 secs] [Times: user=0.55 sys=0.00, real=0.14 secs] 
586.023: [GC [PSYoungGen: 396864K->175008K(468992K)] 1316156K->1197780K(1866752K), 0.1559358 secs] [Times: user=0.59 sys=0.00, real=0.16 secs] 
586.441: [GC [PSYoungGen: 426400K->156320K(470016K)] 1449172K->1308364K(1867776K), 0.1542735 secs] [Times: user=0.56 sys=0.00, real=0.15 secs] 
586.850: [GC [PSYoungGen: 407712K->170176K(476160K)] 1559756K->1428916K(1873920K), 0.1519855 secs] [Times: user=0.59 sys=0.00, real=0.15 secs] 
587.002: [Full GC [PSYoungGen: 170176K->0K(476160K)] [ParOldGen: 1258740K->163983K(1397760K)] 1428916K->163983K(1873920K) [PSPermGen: 7374K->7374K(21504K)], 0.6853384 secs] [Times: user=2.48 sys=0.00, real=0.69 secs] 
587.973: [GC [PSYoungGen: 263680K->211968K(475648K)] 427663K->386975K(1873408K), 0.1221653 secs] [Times: user=0.28 sys=0.00, real=0.12 secs] 
588.378: [GC [PSYoungGen: 475648K->173440K(468480K)] 650655K->510343K(1866240K), 0.1881781 secs] [Times: user=0.69 sys=0.00, real=0.19 secs] 
588.812: [GC [PSYoungGen: 418176K->157952K(402944K)] 755079K->608071K(1800704K), 0.1473085 secs] [Times: user=0.55 sys=0.00, real=0.15 secs] 
589.207: [GC [PSYoungGen: 402688K->164992K(476672K)] 852807K->723695K(1874432K), 0.1442898 secs] [Times: user=0.51 sys=0.00, real=0.14 secs] 
589.616: [GC [PSYoungGen: 418944K->161056K(471040K)] 977647K->838215K(1868800K), 0.1461019 secs] [Times: user=0.59 sys=0.00, real=0.15 secs] 
590.022: [GC [PSYoungGen: 415008K->170240K(474624K)] 1092167K->960607K(1872384K), 0.1591857 secs] [Times: user=0.65 sys=0.00, real=0.16 secs] 
590.452: [GC [PSYoungGen: 432384K->160384K(472064K)] 1222751K->1070847K(1869824K), 0.1547116 secs] [Times: user=0.53 sys=0.00, real=0.15 secs] 
590.870: [GC [PSYoungGen: 422528K->172448K(483840K)] 1332991K->1185551K(1881600K), 0.1463665 secs] [Times: user=0.55 sys=0.00, real=0.15 secs] 
591.314: [GC [PSYoungGen: 450464K->172896K(482816K)] 1463567K->1290439K(1880576K), 0.1494897 secs] [Times: user=0.56 sys=0.00, real=0.15 secs] 
591.739: [GC [PSYoungGen: 450912K->168192K(490496K)] 1568455K->1376551K(1888256K), 0.1455153 secs] [Times: user=0.53 sys=0.00, real=0.15 secs] 
592.165: [GC [PSYoungGen: 459008K->154432K(491520K)] 1667367K->1452655K(1889280K), 0.1344681 secs] [Times: user=0.48 sys=0.00, real=0.13 secs] 
592.300: [Full GC [PSYoungGen: 154432K->0K(491520K)] [ParOldGen: 1298223K->162447K(1397760K)] 1452655K->162447K(1889280K) [PSPermGen: 7374K->7374K(21504K)], 0.7561796 secs] [Times: user=2.35 sys=0.00, real=0.76 secs] 
593.370: [GC [PSYoungGen: 290816K->199168K(469504K)] 453263K->378223K(1867264K), 0.1297497 secs] [Times: user=0.37 sys=0.00, real=0.13 secs] 
593.759: [GC [PSYoungGen: 469504K->164736K(484864K)] 648559K->508215K(1882624K), 0.1926890 secs] [Times: user=0.70 sys=0.00, real=0.19 secs] 
594.200: [GC [PSYoungGen: 435072K->136160K(484864K)] 778551K->610559K(1882624K), 0.1473623 secs] [Times: user=0.61 sys=0.00, real=0.15 secs] 
594.639: [GC [PSYoungGen: 409568K->172928K(446464K)] 883967K->749015K(1844224K), 0.1453999 secs] [Times: user=0.61 sys=0.00, real=0.14 secs] 
595.066: [GC [PSYoungGen: 446336K->178272K(485376K)] 1022423K->867799K(1883136K), 0.1705366 secs] [Times: user=0.59 sys=0.00, real=0.17 secs] 
595.524: [GC [PSYoungGen: 453216K->160896K(485376K)] 1142743K->947455K(1883136K), 0.1384261 secs] [Times: user=0.51 sys=0.00, real=0.14 secs] 
595.946: [GC [PSYoungGen: 435840K->171840K(486912K)] 1222399K->1037319K(1884672K), 0.1300185 secs] [Times: user=0.50 sys=0.00, real=0.13 secs] 
596.372: [GC [PSYoungGen: 452416K->149824K(485888K)] 1317895K->1104519K(1883648K), 0.1270614 secs] [Times: user=0.55 sys=0.00, real=0.13 secs] 
596.791: [GC [PSYoungGen: 430400K->173952K(492544K)] 1385095K->1205903K(1890304K), 0.1386025 secs] [Times: user=0.53 sys=0.00, real=0.14 secs] 
597.220: [GC [PSYoungGen: 462208K->165760K(454144K)] 1494159K->1284087K(1851904K), 0.1360695 secs] [Times: user=0.48 sys=0.00, real=0.14 secs] 
597.656: [GC [PSYoungGen: 454016K->160352K(494080K)] 1572343K->1359439K(1891840K), 0.1272256 secs] [Times: user=0.50 sys=0.00, real=0.13 secs] 
598.084: [GC [PSYoungGen: 454240K->165344K(491520K)] 1653327K->1434927K(1889280K), 0.1330008 secs] [Times: user=0.51 sys=0.00, real=0.13 secs] 
598.217: [Full GC [PSYoungGen: 165344K->0K(491520K)] [ParOldGen: 1269583K->162231K(1397760K)] 1434927K->162231K(1889280K) [PSPermGen: 7374K->7374K(21504K)], 0.6572556 secs] [Times: user=2.33 sys=0.00, real=0.66 secs] 
599.185: [GC [PSYoungGen: 293888K->195072K(461312K)] 456119K->394655K(1859072K), 0.1147791 secs] [Times: user=0.42 sys=0.00, real=0.12 secs] 
599.587: [GC [PSYoungGen: 461312K->185088K(482816K)] 660895K->542287K(1880576K), 0.1887939 secs] [Times: user=0.72 sys=0.00, real=0.19 secs] 
600.051: [GC [PSYoungGen: 451328K->175008K(475648K)] 808527K->650943K(1873408K), 0.1614769 secs] [Times: user=0.67 sys=0.00, real=0.16 secs] 
600.477: [GC [PSYoungGen: 441248K->139040K(479232K)] 917183K->732119K(1876992K), 0.1414268 secs] [Times: user=0.55 sys=0.00, real=0.14 secs] 
600.893: [GC [PSYoungGen: 405280K->183904K(483328K)] 998359K->870999K(1881088K), 0.1520169 secs] [Times: user=0.61 sys=0.00, real=0.15 secs] 
601.338: [GC [PSYoungGen: 452192K->155628K(423936K)] 1139287K->954355K(1821696K), 0.1498489 secs] [Times: user=0.53 sys=0.00, real=0.15 secs] 
601.755: [GC [PSYoungGen: 423916K->165824K(486400K)] 1222643K->1058367K(1884160K), 0.1339354 secs] [Times: user=0.55 sys=0.00, real=0.13 secs] 
602.159: [GC [PSYoungGen: 438208K->165152K(437760K)] 1330751K->1155911K(1835520K), 0.1466035 secs] [Times: user=0.61 sys=0.00, real=0.15 secs] 
602.598: [GC [PSYoungGen: 437536K->158784K(484352K)] 1428295K->1249175K(1882112K), 0.1374813 secs] [Times: user=0.50 sys=0.00, real=0.14 secs] 
603.021: [GC [PSYoungGen: 435776K->172384K(482304K)] 1526167K->1354863K(1880064K), 0.1398190 secs] [Times: user=0.56 sys=0.00, real=0.14 secs] 
603.447: [GC [PSYoungGen: 449376K->144992K(489472K)] 1631855K->1432327K(1887232K), 0.1364713 secs] [Times: user=0.48 sys=0.00, real=0.14 secs] 
603.584: [Full GC [PSYoungGen: 144992K->0K(489472K)] [ParOldGen: 1287335K->170937K(1397760K)] 1432327K->170937K(1887232K) [PSPermGen: 7374K->7374K(21504K)], 0.6759988 secs] [Times: user=2.17 sys=0.00, real=0.68 secs] 
604.551: [GC [PSYoungGen: 286208K->184992K(489984K)] 457145K->355929K(1887744K), 0.0875670 secs] [Times: user=0.30 sys=0.00, real=0.09 secs] 
604.925: [GC [PSYoungGen: 471200K->181856K(490496K)] 642137K->491129K(1888256K), 0.1733483 secs] [Times: user=0.69 sys=0.00, real=0.17 secs] 
605.379: [GC [PSYoungGen: 465504K->145404K(429056K)] 774777K->581101K(1826816K), 0.1543524 secs] [Times: user=0.56 sys=0.00, real=0.15 secs] 
605.826: [GC [PSYoungGen: 429052K->192256K(480768K)] 864749K->721433K(1878528K), 0.1484316 secs] [Times: user=0.59 sys=0.00, real=0.15 secs] 
606.253: [GC [PSYoungGen: 464640K->159776K(485888K)] 993817K->785841K(1883648K), 0.1508290 secs] [Times: user=0.45 sys=0.00, real=0.15 secs] 
Heap
 PSYoungGen      total 485888K, used 179025K [0x00000007d5500000, 0x0000000800000000, 0x0000000800000000)
  eden space 272384K, 7% used [0x00000007d5500000,0x00000007d67ce0e8,0x00000007e5f00000)
  from space 213504K, 74% used [0x00000007e5f00000,0x00000007efb08000,0x00000007f2f80000)
  to   space 210944K, 0% used [0x00000007f3200000,0x00000007f3200000,0x0000000800000000)
 ParOldGen       total 1397760K, used 626065K [0x0000000780000000, 0x00000007d5500000, 0x00000007d5500000)
  object space 1397760K, 44% used [0x0000000780000000,0x00000007a63644b0,0x00000007d5500000)
 PSPermGen       total 21504K, used 7384K [0x000000077ae00000, 0x000000077c300000, 0x0000000780000000)
  object space 21504K, 34% used [0x000000077ae00000,0x000000077b5361c8,0x000000077c300000)
