0.065: [GC0.065: [DefNew: 69568K->715K(78208K), 0.0021507 secs] 69568K->715K(251968K), 0.0022819 secs] [Times: user=0.00 sys=0.00, real=0.00 secs] 
0.090: [GC0.090: [DefNew: 70283K->2904K(78208K), 0.0066424 secs] 70283K->2904K(251968K), 0.0068730 secs] [Times: user=0.00 sys=0.00, real=0.01 secs] 
0.150: [GC0.150: [DefNew: 72472K->8639K(78208K), 0.0612106 secs] 72472K->26285K(251968K), 0.0616202 secs] [Times: user=0.06 sys=0.00, real=0.06 secs] 
0.272: [GC0.272: [DefNew: 78207K->8639K(78208K), 0.1366702 secs] 95853K->71732K(251968K), 0.1371202 secs] [Times: user=0.12 sys=0.00, real=0.14 secs] 
0.475: [GC0.475: [DefNew: 78207K->8639K(78208K), 0.1493088 secs] 141300K->126850K(251968K), 0.1498482 secs] [Times: user=0.14 sys=0.00, real=0.15 secs] 
0.696: [GC0.696: [DefNew: 78207K->78207K(78208K), 0.0000151 secs]0.696: [Tenured: 118210K->173759K(173760K), 0.4042565 secs] 196418K->177150K(251968K), [Perm : 2603K->2603K(21248K)], 0.4046080 secs] [Times: user=0.39 sys=0.02, real=0.40 secs] 
1.234: [Full GC1.234: [Tenured: 174784K->174783K(174784K), 0.5077213 secs] 253439K->212258K(253440K), [Perm : 2603K->2603K(21248K)], 0.5080010 secs] [Times: user=0.51 sys=0.00, real=0.51 secs] 
1.826: [Full GC1.826: [Tenured: 174783K->174783K(174784K), 0.4719713 secs] 253439K->204573K(253440K), [Perm : 2603K->2603K(21248K)], 0.4724396 secs] [Times: user=0.48 sys=0.00, real=0.47 secs] 
2.394: [Full GC2.394: [Tenured: 174783K->174783K(174784K), 0.4493529 secs] 253439K->181165K(253440K), [Perm : 2603K->2602K(21248K)], 0.4496348 secs] [Times: user=0.44 sys=0.00, real=0.45 secs] 
2.962: [Full GC2.962: [Tenured: 174783K->149453K(174784K), 0.3544828 secs] 253439K->149453K(253440K), [Perm : 2602K->2602K(21248K)], 0.3547737 secs] [Times: user=0.36 sys=0.00, real=0.36 secs] 
3.380: [GC3.380: [DefNew: 69952K->69952K(78656K), 0.0000138 secs] 219405K->219405K(253440K), 0.0002473 secs] [Times: user=0.00 sys=0.00, real=0.00 secs] 
3.380: [Full GC3.380: [Tenured: 149453K->137887K(174784K), 0.3324641 secs] 219405K->137887K(253440K), [Perm : 3854K->3854K(21248K)], 0.3326799 secs] [Times: user=0.33 sys=0.00, real=0.33 secs] 
3.776: [GC3.776: [DefNew: 69952K->69952K(78656K), 0.0000141 secs]3.776: [Tenured: 137887K->155282K(174784K), 0.3347226 secs] 207839K->155282K(253440K), [Perm : 5337K->5337K(21248K)], 0.3350940 secs] [Times: user=0.36 sys=0.00, real=0.34 secs] 
4.176: [GC4.176: [DefNew: 69952K->69952K(78656K), 0.0000151 secs]4.176: [Tenured: 155282K->155492K(174784K), 0.4356832 secs] 225234K->155492K(253440K), [Perm : 6588K->6587K(21248K)], 0.4360357 secs] [Times: user=0.41 sys=0.08, real=0.44 secs] 
4.681: [GC4.681: [DefNew: 69952K->69952K(78656K), 0.0000250 secs]4.681: [Tenured: 155492K->174783K(174784K), 0.4233297 secs] 225444K->176409K(253440K), [Perm : 7100K->7100K(21248K)], 0.4237062 secs] [Times: user=0.42 sys=0.00, real=0.42 secs] 
5.232: [Full GC5.232: [Tenured: 174783K->174784K(174784K), 0.4477410 secs] 253439K->187709K(253440K), [Perm : 7113K->7113K(21248K)], 0.4480344 secs] [Times: user=0.44 sys=0.00, real=0.45 secs] 
5.789: [Full GC5.789: [Tenured: 174784K->174783K(174784K), 0.4278416 secs] 253440K->182911K(253440K), [Perm : 7197K->7197K(21248K)], 0.4281700 secs] [Times: user=0.45 sys=0.02, real=0.43 secs] 
6.320: [Full GC6.320: [Tenured: 174783K->173021K(174784K), 0.4200125 secs] 253439K->173021K(253440K), [Perm : 7209K->7209K(21248K)], 0.4202890 secs] [Times: user=0.42 sys=0.00, real=0.42 secs] 
6.799: [GC6.799: [DefNew: 69952K->69952K(78656K), 0.0000151 secs]6.799: [Tenured: 173021K->174783K(174784K), 0.3975801 secs] 242973K->180148K(253440K), [Perm : 7240K->7240K(21248K)], 0.3980105 secs] [Times: user=0.44 sys=0.03, real=0.40 secs] 
7.301: [Full GC7.301: [Tenured: 174783K->174783K(174784K), 0.3912465 secs] 253439K->175966K(253440K), [Perm : 7254K->7254K(21248K)], 0.3915246 secs] [Times: user=0.39 sys=0.00, real=0.39 secs] 
7.807: [Full GC7.807: [Tenured: 174783K->172267K(174784K), 0.3983248 secs] 253439K->172267K(253440K), [Perm : 7258K->7258K(21248K)], 0.3986051 secs] [Times: user=0.37 sys=0.00, real=0.40 secs] 
8.280: [GC8.280: [DefNew: 69952K->69952K(78656K), 0.0000189 secs]8.280: [Tenured: 172267K->161589K(174784K), 0.3758453 secs] 242219K->161589K(253440K), [Perm : 7258K->7258K(21248K)], 0.3762397 secs] [Times: user=0.37 sys=0.00, real=0.38 secs] 
8.735: [GC8.735: [DefNew: 69952K->69952K(78656K), 0.0000151 secs]8.735: [Tenured: 161589K->169395K(174784K), 0.3655389 secs] 231541K->169395K(253440K), [Perm : 7282K->7282K(21248K)], 0.3659023 secs] [Times: user=0.37 sys=0.00, real=0.37 secs] 
9.158: [GC9.159: [DefNew: 69952K->69952K(78656K), 0.0000241 secs]9.159: [Tenured: 169395K->169291K(174784K), 0.3648892 secs] 239347K->169291K(253440K), [Perm : 7283K->7283K(21248K)], 0.3652698 secs] [Times: user=0.37 sys=0.00, real=0.37 secs] 
9.600: [GC9.600: [DefNew: 69952K->69952K(78656K), 0.0000151 secs]9.600: [Tenured: 169291K->174111K(174784K), 0.3753420 secs] 239243K->174111K(253440K), [Perm : 7283K->7283K(21248K)], 0.3756801 secs] [Times: user=0.37 sys=0.00, real=0.38 secs] 
10.066: [GC10.066: [DefNew: 69952K->69952K(78656K), 0.0000151 secs]10.066: [Tenured: 174111K->166857K(174784K), 0.3761721 secs] 244063K->166857K(253440K), [Perm : 7285K->7285K(21248K)], 0.3765576 secs] [Times: user=0.39 sys=0.00, real=0.38 secs] 
10.519: [GC10.519: [DefNew: 69952K->69952K(78656K), 0.0000154 secs]10.519: [Tenured: 166857K->173299K(174784K), 0.3801961 secs] 236809K->173299K(253440K), [Perm : 7285K->7285K(21248K)], 0.3805765 secs] [Times: user=0.37 sys=0.00, real=0.38 secs] 
10.980: [GC10.980: [DefNew: 69952K->69952K(78656K), 0.0000148 secs]10.980: [Tenured: 173299K->174784K(174784K), 0.3742612 secs] 243251K->176607K(253440K), [Perm : 7303K->7303K(21248K)], 0.3746538 secs] [Times: user=0.38 sys=0.00, real=0.38 secs] 
11.479: [Full GC11.479: [Tenured: 174784K->174783K(174784K), 0.3891493 secs] 253439K->177355K(253440K), [Perm : 7303K->7303K(21248K)], 0.3894688 secs] [Times: user=0.39 sys=0.00, real=0.39 secs] 
11.981: [Full GC11.981: [Tenured: 174783K->169295K(174784K), 0.3950297 secs] 253439K->169295K(253440K), [Perm : 7307K->7307K(21248K)], 0.3953351 secs] [Times: user=0.41 sys=0.00, real=0.39 secs] 
12.450: [GC12.450: [DefNew: 69952K->69952K(78656K), 0.0000164 secs]12.450: [Tenured: 169295K->171293K(174784K), 0.3784620 secs] 239247K->171293K(253440K), [Perm : 7307K->7307K(21248K)], 0.3788379 secs] [Times: user=0.39 sys=0.00, real=0.38 secs] 
12.907: [GC12.907: [DefNew: 69952K->69952K(78656K), 0.0000314 secs]12.907: [Tenured: 171293K->172052K(174784K), 0.3826612 secs] 241245K->172052K(253440K), [Perm : 7313K->7313K(21248K)], 0.3830801 secs] [Times: user=0.37 sys=0.00, real=0.38 secs] 
13.362: [GC13.362: [DefNew: 69952K->69952K(78656K), 0.0000164 secs]13.362: [Tenured: 172052K->174784K(174784K), 0.3817289 secs] 242004K->176256K(253440K), [Perm : 7313K->7313K(21248K)], 0.3820810 secs] [Times: user=0.37 sys=0.00, real=0.38 secs] 
13.884: [Full GC13.884: [Tenured: 174784K->161282K(174784K), 0.3727231 secs] 253439K->161282K(253440K), [Perm : 7313K->7313K(21248K)], 0.3730281 secs] [Times: user=0.38 sys=0.00, real=0.37 secs] 
14.330: [GC14.331: [DefNew: 69952K->69952K(78656K), 0.0000154 secs]14.331: [Tenured: 161282K->174406K(174784K), 0.3806307 secs] 231234K->174406K(253440K), [Perm : 7313K->7313K(21248K)], 0.3809678 secs] [Times: user=0.38 sys=0.00, real=0.38 secs] 
14.790: [GC14.790: [DefNew: 69952K->69952K(78656K), 0.0000180 secs]14.790: [Tenured: 174406K->174783K(174784K), 0.3858960 secs] 244358K->177625K(253440K), [Perm : 7313K->7313K(21248K)], 0.3863065 secs] [Times: user=0.39 sys=0.00, real=0.39 secs] 
15.286: [Full GC15.286: [Tenured: 174783K->174784K(174784K), 0.3776535 secs] 253439K->174841K(253440K), [Perm : 7313K->7313K(21248K)], 0.3780149 secs] [Times: user=0.37 sys=0.00, real=0.38 secs] 
15.801: [Full GC15.801: [Tenured: 174784K->171269K(174784K), 0.3905034 secs] 253439K->171269K(253440K), [Perm : 7314K->7314K(21248K)], 0.3907847 secs] [Times: user=0.39 sys=0.00, real=0.39 secs] 
16.263: [GC16.263: [DefNew: 69952K->69952K(78656K), 0.0000148 secs]16.263: [Tenured: 171269K->174783K(174784K), 0.3884143 secs] 241221K->175707K(253440K), [Perm : 7314K->7314K(21248K)], 0.3887536 secs] [Times: user=0.39 sys=0.00, real=0.39 secs] 
16.782: [Full GC16.782: [Tenured: 174783K->174783K(174784K), 0.3948145 secs] 253439K->177253K(253440K), [Perm : 7314K->7314K(21248K)], 0.3951170 secs] [Times: user=0.39 sys=0.00, real=0.39 secs] 
17.299: [Full GC17.299: [Tenured: 174783K->168823K(174784K), 0.3727407 secs] 253439K->168823K(253440K), [Perm : 7314K->7314K(21248K)], 0.3730335 secs] [Times: user=0.37 sys=0.00, real=0.37 secs] 
17.749: [GC17.750: [DefNew: 69952K->69952K(78656K), 0.0000154 secs]17.750: [Tenured: 168823K->165986K(174784K), 0.3794338 secs] 238775K->165986K(253440K), [Perm : 7314K->7314K(21248K)], 0.3798058 secs] [Times: user=0.38 sys=0.00, real=0.38 secs] 
18.196: [GC18.197: [DefNew: 69952K->69952K(78656K), 0.0000157 secs]18.197: [Tenured: 165986K->171136K(174784K), 0.3667397 secs] 235938K->171136K(253440K), [Perm : 7314K->7314K(21248K)], 0.3670835 secs] [Times: user=0.36 sys=0.00, real=0.37 secs] 
18.639: [GC18.639: [DefNew: 69952K->69952K(78656K), 0.0000151 secs]18.639: [Tenured: 171136K->174783K(174784K), 0.3843331 secs] 241088K->178460K(253440K), [Perm : 7314K->7314K(21248K)], 0.3846676 secs] [Times: user=0.39 sys=0.00, real=0.38 secs] 
19.157: [Full GC19.157: [Tenured: 174784K->174783K(174784K), 0.3869932 secs] 253439K->178367K(253440K), [Perm : 7321K->7321K(21248K)], 0.3872792 secs] [Times: user=0.39 sys=0.00, real=0.39 secs] 
19.671: [Full GC19.671: [Tenured: 174783K->166888K(174784K), 0.3874842 secs] 253439K->166888K(253440K), [Perm : 7321K->7321K(21248K)], 0.3877850 secs] [Times: user=0.39 sys=0.00, real=0.39 secs] 
20.140: [GC20.140: [DefNew: 69952K->69952K(78656K), 0.0000151 secs]20.140: [Tenured: 166888K->172210K(174784K), 0.3756871 secs] 236840K->172210K(253440K), [Perm : 7327K->7327K(21248K)], 0.3760496 secs] [Times: user=0.37 sys=0.00, real=0.38 secs] 
20.590: [GC20.590: [DefNew: 69952K->69952K(78656K), 0.0000157 secs] 242162K->242162K(253440K), 0.0002591 secs] [Times: user=0.00 sys=0.00, real=0.00 secs] 
20.590: [Full GC20.590: [Tenured: 172210K->164742K(174784K), 0.3792340 secs] 242162K->164742K(253440K), [Perm : 7327K->7231K(21248K)], 0.3794088 secs] [Times: user=0.38 sys=0.00, real=0.38 secs] 
21.048: [GC21.048: [DefNew: 69909K->69909K(78656K), 0.0000189 secs]21.048: [Tenured: 164742K->172408K(174784K), 0.3396960 secs] 234651K->172408K(253440K), [Perm : 7287K->7287K(21248K)], 0.3400946 secs] [Times: user=0.34 sys=0.00, real=0.34 secs] 
21.461: [GC21.461: [DefNew: 69952K->69952K(78656K), 0.0000157 secs]21.461: [Tenured: 172408K->164152K(174784K), 0.3791567 secs] 242360K->164152K(253440K), [Perm : 7287K->7287K(21248K)], 0.3795092 secs] [Times: user=0.37 sys=0.00, real=0.38 secs] 
21.919: [GC21.919: [DefNew: 69952K->69952K(78656K), 0.0000160 secs]21.919: [Tenured: 164152K->172631K(174784K), 0.3662917 secs] 234104K->172631K(253440K), [Perm : 7287K->7287K(21248K)], 0.3666663 secs] [Times: user=0.38 sys=0.00, real=0.37 secs] 
22.361: [GC22.361: [DefNew: 69952K->69952K(78656K), 0.0000164 secs]22.361: [Tenured: 172631K->174783K(174784K), 0.3816140 secs] 242583K->178681K(253440K), [Perm : 7287K->7287K(21248K)], 0.3819729 secs] [Times: user=0.38 sys=0.00, real=0.38 secs] 
22.873: [Full GC22.873: [Tenured: 174783K->174784K(174784K), 0.3838219 secs] 253439K->178710K(253440K), [Perm : 7290K->7290K(21248K)], 0.3841080 secs] [Times: user=0.39 sys=0.00, real=0.38 secs] 
23.383: [Full GC23.383: [Tenured: 174784K->162504K(174784K), 0.3749434 secs] 253440K->162504K(253440K), [Perm : 7290K->7290K(21248K)], 0.3752263 secs] [Times: user=0.37 sys=0.00, real=0.38 secs] 
23.831: [GC23.831: [DefNew: 69952K->69952K(78656K), 0.0000157 secs]23.831: [Tenured: 162504K->173412K(174784K), 0.3715803 secs] 232456K->173412K(253440K), [Perm : 7293K->7293K(21248K)], 0.3719366 secs] [Times: user=0.38 sys=0.00, real=0.37 secs] 
24.279: [GC24.279: [DefNew: 69952K->69952K(78656K), 0.0000151 secs]24.279: [Tenured: 173412K->172652K(174784K), 0.3747452 secs] 243364K->172652K(253440K), [Perm : 7293K->7293K(21248K)], 0.3750848 secs] [Times: user=0.37 sys=0.00, real=0.38 secs] 
24.739: [GC24.739: [DefNew: 69952K->69952K(78656K), 0.0000160 secs]24.739: [Tenured: 172652K->171330K(174784K), 0.3752567 secs] 242604K->171330K(253440K), [Perm : 7293K->7293K(21248K)], 0.3756361 secs] [Times: user=0.37 sys=0.00, real=0.38 secs] 
25.185: [GC25.185: [DefNew: 69952K->69952K(78656K), 0.0000154 secs] 241282K->241282K(253440K), 0.0002476 secs] [Times: user=0.00 sys=0.00, real=0.00 secs] 
25.185: [Full GC25.186: [Tenured: 171330K->165907K(174784K), 0.3754575 secs] 241282K->165907K(253440K), [Perm : 7293K->7240K(21248K)], 0.3757449 secs] [Times: user=0.37 sys=0.00, real=0.38 secs] 
25.637: [GC25.637: [DefNew: 69952K->69952K(78656K), 0.0000154 secs]25.637: [Tenured: 165907K->174784K(174784K), 0.3872674 secs] 235859K->174936K(253440K), [Perm : 7240K->7240K(21248K)], 0.3876051 secs] [Times: user=0.36 sys=0.00, real=0.39 secs] 
26.149: [Full GC26.149: [Tenured: 174784K->170953K(174784K), 0.3812420 secs] 253439K->170953K(253440K), [Perm : 7290K->7290K(21248K)], 0.3815432 secs] [Times: user=0.39 sys=0.00, real=0.38 secs] 
26.606: [GC26.606: [DefNew: 69952K->69952K(78656K), 0.0000151 secs]26.606: [Tenured: 170953K->171234K(174784K), 0.3800839 secs] 240905K->171234K(253440K), [Perm : 7290K->7290K(21248K)], 0.3804206 secs] [Times: user=0.37 sys=0.00, real=0.38 secs] 
27.077: [GC27.077: [DefNew: 69952K->69952K(78656K), 0.0000160 secs]27.077: [Tenured: 171234K->161919K(174784K), 0.3753408 secs] 241186K->161919K(253440K), [Perm : 7290K->7290K(21248K)], 0.3757134 secs] [Times: user=0.37 sys=0.00, real=0.38 secs] 
27.528: [GC27.528: [DefNew: 69952K->69952K(78656K), 0.0000148 secs]27.528: [Tenured: 161919K->174783K(174784K), 0.3745252 secs] 231871K->175419K(253440K), [Perm : 7290K->7290K(21248K)], 0.3748776 secs] [Times: user=0.37 sys=0.00, real=0.38 secs] 
28.038: [Full GC28.039: [Tenured: 174783K->174784K(174784K), 0.3883517 secs] 253439K->181738K(253440K), [Perm : 7294K->7294K(21248K)], 0.3887032 secs] [Times: user=0.38 sys=0.00, real=0.39 secs] 
28.548: [Full GC28.549: [Tenured: 174784K->174783K(174784K), 0.3835813 secs] 253440K->176279K(253440K), [Perm : 7294K->7294K(21248K)], 0.3838616 secs] [Times: user=0.39 sys=0.00, real=0.38 secs] 
29.048: [Full GC29.048: [Tenured: 174783K->165199K(174784K), 0.3788716 secs] 253439K->165199K(253440K), [Perm : 7294K->7294K(21248K)], 0.3791413 secs] [Times: user=0.39 sys=0.00, real=0.38 secs] 
29.503: [GC29.503: [DefNew: 69952K->69952K(78656K), 0.0000154 secs]29.503: [Tenured: 165199K->170873K(174784K), 0.3724966 secs] 235151K->170873K(253440K), [Perm : 7294K->7294K(21248K)], 0.3728398 secs] [Times: user=0.37 sys=0.00, real=0.37 secs] 
29.955: [GC29.955: [DefNew: 69952K->69952K(78656K), 0.0000144 secs]29.955: [Tenured: 170873K->170040K(174784K), 0.3645498 secs] 240825K->170040K(253440K), [Perm : 7294K->7294K(21248K)], 0.3649029 secs] [Times: user=0.37 sys=0.00, real=0.36 secs] 
30.395: [GC30.396: [DefNew: 69952K->69952K(78656K), 0.0000154 secs]30.396: [Tenured: 170040K->170462K(174784K), 0.3689062 secs] 239992K->170462K(253440K), [Perm : 7294K->7294K(21248K)], 0.3692448 secs] [Times: user=0.36 sys=0.00, real=0.37 secs] 
30.845: [GC30.845: [DefNew: 69952K->69952K(78656K), 0.0000151 secs]30.845: [Tenured: 170462K->164255K(174784K), 0.3694142 secs] 240414K->164255K(253440K), [Perm : 7297K->7297K(21248K)], 0.3697628 secs] [Times: user=0.38 sys=0.00, real=0.37 secs] 
31.285: [GC31.286: [DefNew: 69952K->69952K(78656K), 0.0000157 secs]31.286: [Tenured: 164255K->174784K(174784K), 0.3768821 secs] 234207K->177627K(253440K), [Perm : 7297K->7297K(21248K)], 0.3772253 secs] [Times: user=0.38 sys=0.00, real=0.38 secs] 
31.798: [Full GC31.798: [Tenured: 174784K->173261K(174784K), 0.3785470 secs] 253440K->173261K(253440K), [Perm : 7297K->7297K(21248K)], 0.3788488 secs] [Times: user=0.38 sys=0.00, real=0.38 secs] 
32.250: [GC32.250: [DefNew: 69952K->69952K(78656K), 0.0000154 secs]32.250: [Tenured: 173261K->174784K(174784K), 0.3796933 secs] 243213K->177260K(253440K), [Perm : 7297K->7297K(21248K)], 0.3800332 secs] [Times: user=0.37 sys=0.00, real=0.38 secs] 
32.781: [Full GC32.782: [Tenured: 174784K->165575K(174784K), 0.3817385 secs] 253440K->165575K(253440K), [Perm : 7297K->7297K(21248K)], 0.3820351 secs] [Times: user=0.37 sys=0.00, real=0.38 secs] 
33.224: [GC33.224: [DefNew: 69951K->69951K(78656K), 0.0000148 secs]33.224: [Tenured: 165575K->171649K(174784K), 0.3697978 secs] 235527K->171649K(253440K), [Perm : 7297K->7297K(21248K)], 0.3701454 secs] [Times: user=0.38 sys=0.00, real=0.37 secs] 
33.670: [GC33.670: [DefNew: 69952K->69952K(78656K), 0.0000151 secs]33.670: [Tenured: 171649K->174783K(174784K), 0.3777917 secs] 241601K->174806K(253440K), [Perm : 7297K->7297K(21248K)], 0.3781294 secs] [Times: user=0.38 sys=0.00, real=0.38 secs] 
34.178: [Full GC34.178: [Tenured: 174783K->174393K(174784K), 0.3779809 secs] 253439K->174393K(253440K), [Perm : 7297K->7297K(21248K)], 0.3782677 secs] [Times: user=0.37 sys=0.00, real=0.38 secs] 
34.629: [GC34.629: [DefNew: 69952K->69952K(78656K), 0.0000151 secs]34.629: [Tenured: 174393K->166780K(174784K), 0.3798334 secs] 244345K->166780K(253440K), [Perm : 7300K->7300K(21248K)], 0.3802859 secs] [Times: user=0.38 sys=0.00, real=0.38 secs] 
35.087: [GC35.088: [DefNew: 69952K->69952K(78656K), 0.0000186 secs]35.088: [Tenured: 166780K->174015K(174784K), 0.3694831 secs] 236732K->174015K(253440K), [Perm : 7300K->7300K(21248K)], 0.3698860 secs] [Times: user=0.37 sys=0.00, real=0.37 secs] 
35.534: [GC35.534: [DefNew: 69952K->69952K(78656K), 0.0000154 secs]35.534: [Tenured: 174015K->174784K(174784K), 0.3764280 secs] 243967K->174827K(253440K), [Perm : 7300K->7300K(21248K)], 0.3767664 secs] [Times: user=0.38 sys=0.00, real=0.38 secs] 
36.042: [Full GC36.042: [Tenured: 174784K->173313K(174784K), 0.3757696 secs] 253439K->173313K(253440K), [Perm : 7300K->7300K(21248K)], 0.3760544 secs] [Times: user=0.37 sys=0.00, real=0.38 secs] 
36.494: [GC36.494: [DefNew: 69952K->69952K(78656K), 0.0000154 secs] 243265K->243265K(253440K), 0.0002457 secs] [Times: user=0.00 sys=0.00, real=0.00 secs] 
36.494: [Full GC36.494: [Tenured: 173313K->163656K(174784K), 0.3713998 secs] 243265K->163656K(253440K), [Perm : 7300K->7245K(21248K)], 0.3715896 secs] [Times: user=0.36 sys=0.00, real=0.37 secs] 
36.940: [GC36.941: [DefNew: 69952K->69952K(78656K), 0.0000164 secs]36.941: [Tenured: 163656K->174784K(174784K), 0.3703796 secs] 233608K->175539K(253440K), [Perm : 7295K->7295K(21248K)], 0.3707785 secs] [Times: user=0.38 sys=0.00, real=0.37 secs] 
37.438: [Full GC37.438: [Tenured: 174784K->174784K(174784K), 0.3879338 secs] 253439K->178563K(253440K), [Perm : 7295K->7295K(21248K)], 0.3882228 secs] [Times: user=0.39 sys=0.00, real=0.39 secs] 
37.947: [Full GC37.947: [Tenured: 174784K->174784K(174784K), 0.3860348 secs] 253439K->175967K(253440K), [Perm : 7296K->7296K(21248K)], 0.3863267 secs] [Times: user=0.38 sys=0.00, real=0.39 secs] 
38.463: [Full GC38.463: [Tenured: 174784K->163399K(174784K), 0.3823854 secs] 253440K->163399K(253440K), [Perm : 7296K->7296K(21248K)], 0.3826666 secs] [Times: user=0.37 sys=0.00, real=0.38 secs] 
38.926: [GC38.926: [DefNew: 69952K->69952K(78656K), 0.0000144 secs]38.926: [Tenured: 163399K->171140K(174784K), 0.3733882 secs] 233351K->171140K(253440K), [Perm : 7299K->7299K(21248K)], 0.3737615 secs] [Times: user=0.36 sys=0.00, real=0.37 secs] 
39.376: [GC39.377: [DefNew: 69952K->69952K(78656K), 0.0000157 secs]39.377: [Tenured: 171140K->171961K(174784K), 0.3743279 secs] 241092K->171961K(253440K), [Perm : 7299K->7299K(21248K)], 0.3746689 secs] [Times: user=0.38 sys=0.00, real=0.37 secs] 
39.831: [GC39.831: [DefNew: 69952K->69952K(78656K), 0.0000151 secs]39.831: [Tenured: 171961K->174783K(174784K), 0.3788661 secs] 241913K->178024K(253440K), [Perm : 7299K->7299K(21248K)], 0.3792519 secs] [Times: user=0.37 sys=0.00, real=0.38 secs] 
40.331: [Full GC40.331: [Tenured: 174783K->166697K(174784K), 0.3815537 secs] 253439K->166697K(253440K), [Perm : 7299K->7299K(21248K)], 0.3818292 secs] [Times: user=0.37 sys=0.00, real=0.38 secs] 
40.792: [GC40.793: [DefNew: 69952K->69952K(78656K), 0.0000160 secs]40.793: [Tenured: 166697K->173853K(174784K), 0.3756884 secs] 236649K->173853K(253440K), [Perm : 7300K->7300K(21248K)], 0.3760412 secs] [Times: user=0.38 sys=0.00, real=0.38 secs] 
41.243: [GC41.243: [DefNew: 69952K->69952K(78656K), 0.0000154 secs]41.243: [Tenured: 173853K->174784K(174784K), 0.3817237 secs] 243805K->177311K(253440K), [Perm : 7300K->7300K(21248K)], 0.3820637 secs] [Times: user=0.39 sys=0.00, real=0.38 secs] 
41.771: [Full GC41.771: [Tenured: 174784K->164936K(174784K), 0.3801862 secs] 253439K->164936K(253440K), [Perm : 7300K->7300K(21248K)], 0.3804797 secs] [Times: user=0.37 sys=0.00, real=0.38 secs] 
42.214: [GC42.214: [DefNew: 69952K->69952K(78656K), 0.0000164 secs]42.214: [Tenured: 164936K->168485K(174784K), 0.3813020 secs] 234888K->168485K(253440K), [Perm : 7302K->7302K(21248K)], 0.3816509 secs] [Times: user=0.39 sys=0.00, real=0.38 secs] 
42.670: [GC42.670: [DefNew: 69952K->69952K(78656K), 0.0000151 secs]42.670: [Tenured: 168485K->174783K(174784K), 0.3762285 secs] 238437K->174868K(253440K), [Perm : 7302K->7302K(21248K)], 0.3765717 secs] [Times: user=0.37 sys=0.00, real=0.38 secs] 
43.177: [Full GC43.177: [Tenured: 174783K->169914K(174784K), 0.3706182 secs] 253439K->169914K(253440K), [Perm : 7302K->7302K(21248K)], 0.3708985 secs] [Times: user=0.37 sys=0.00, real=0.37 secs] 
43.622: [GC43.622: [DefNew: 69952K->69952K(78656K), 0.0000154 secs]43.622: [Tenured: 169914K->174783K(174784K), 0.3795941 secs] 239866K->176746K(253440K), [Perm : 7302K->7302K(21248K)], 0.3799402 secs] [Times: user=0.38 sys=0.00, real=0.38 secs] 
44.130: [Full GC44.130: [Tenured: 174783K->160572K(174784K), 0.3681919 secs] 253439K->160572K(253440K), [Perm : 7302K->7302K(21248K)], 0.3684950 secs] [Times: user=0.38 sys=0.00, real=0.37 secs] 
44.569: [GC44.570: [DefNew: 69952K->69952K(78656K), 0.0000157 secs]44.570: [Tenured: 160572K->174784K(174784K), 0.3796782 secs] 230524K->177953K(253440K), [Perm : 7302K->7302K(21248K)], 0.3800146 secs] [Times: user=0.39 sys=0.00, real=0.38 secs] 
45.075: [Full GC45.075: [Tenured: 174784K->174783K(174784K), 0.3834213 secs] 253439K->176640K(253440K), [Perm : 7302K->7302K(21248K)], 0.3837510 secs] [Times: user=0.37 sys=0.00, real=0.38 secs] 
45.586: [Full GC45.587: [Tenured: 174783K->173957K(174784K), 0.3827038 secs] 253439K->173957K(253440K), [Perm : 7302K->7302K(21248K)], 0.3829816 secs] [Times: user=0.39 sys=0.00, real=0.38 secs] 
46.041: [GC46.041: [DefNew: 69952K->69952K(78656K), 0.0000148 secs]46.041: [Tenured: 173957K->158286K(174784K), 0.3658920 secs] 243909K->158286K(253440K), [Perm : 7302K->7302K(21248K)], 0.3662355 secs] [Times: user=0.36 sys=0.00, real=0.37 secs] 
46.483: [GC46.483: [DefNew: 69952K->69952K(78656K), 0.0000160 secs]46.483: [Tenured: 158286K->173164K(174784K), 0.3735524 secs] 228238K->173164K(253440K), [Perm : 7302K->7302K(21248K)], 0.3738921 secs] [Times: user=0.38 sys=0.00, real=0.37 secs] 
46.942: [GC46.942: [DefNew: 69951K->69951K(78656K), 0.0000160 secs] 243116K->243116K(253440K), 0.0002899 secs] [Times: user=0.00 sys=0.00, real=0.00 secs] 
46.943: [Full GC46.943: [Tenured: 173164K->162199K(174784K), 0.3677929 secs] 243116K->162199K(253440K), [Perm : 7302K->7247K(21248K)], 0.3679742 secs] [Times: user=0.38 sys=0.00, real=0.37 secs] 
47.386: [GC47.386: [DefNew: 69952K->69952K(78656K), 0.0000154 secs]47.386: [Tenured: 162199K->174109K(174784K), 0.3709546 secs] 232151K->174109K(253440K), [Perm : 7247K->7247K(21248K)], 0.3712965 secs] [Times: user=0.38 sys=0.00, real=0.37 secs] 
47.837: [GC47.837: [DefNew: 69952K->69952K(78656K), 0.0000151 secs]47.837: [Tenured: 174109K->167150K(174784K), 0.3754309 secs] 244061K->167150K(253440K), [Perm : 7298K->7298K(21248K)], 0.3758103 secs] [Times: user=0.37 sys=0.00, real=0.38 secs] 
48.293: [GC48.293: [DefNew: 69952K->69952K(78656K), 0.0000154 secs] 237102K->237102K(253440K), 0.0002466 secs] [Times: user=0.00 sys=0.00, real=0.00 secs] 
48.293: [Full GC48.293: [Tenured: 167150K->168511K(174784K), 0.3798870 secs] 237102K->168511K(253440K), [Perm : 7298K->7248K(21248K)], 0.3800659 secs] [Times: user=0.37 sys=0.00, real=0.38 secs] 
48.755: [GC48.755: [DefNew: 69952K->69952K(78656K), 0.0000176 secs]48.755: [Tenured: 168511K->174783K(174784K), 0.3846044 secs] 238463K->181437K(253440K), [Perm : 7299K->7299K(21248K)], 0.3849797 secs] [Times: user=0.37 sys=0.00, real=0.38 secs] 
49.254: [Full GC49.254: [Tenured: 174783K->174638K(174784K), 0.3782622 secs] 253439K->174638K(253440K), [Perm : 7299K->7299K(21248K)], 0.3785374 secs] [Times: user=0.38 sys=0.00, real=0.38 secs] 
49.704: [GC49.705: [DefNew: 69952K->69952K(78656K), 0.0000148 secs] 244590K->244590K(253440K), 0.0002502 secs] [Times: user=0.00 sys=0.00, real=0.00 secs] 
49.705: [Full GC49.705: [Tenured: 174638K->163040K(174784K), 0.3712073 secs] 244590K->163040K(253440K), [Perm : 7299K->7252K(21248K)], 0.3713850 secs] [Times: user=0.38 sys=0.00, real=0.37 secs] 
50.154: [GC50.154: [DefNew: 69952K->69952K(78656K), 0.0000154 secs]50.154: [Tenured: 163040K->170076K(174784K), 0.3636108 secs] 232992K->170076K(253440K), [Perm : 7299K->7299K(21248K)], 0.3639786 secs] [Times: user=0.37 sys=0.00, real=0.36 secs] 
50.594: [GC50.594: [DefNew: 69952K->69952K(78656K), 0.0000154 secs]50.594: [Tenured: 170076K->169896K(174784K), 0.3674225 secs] 240028K->169896K(253440K), [Perm : 7299K->7299K(21248K)], 0.3677606 secs] [Times: user=0.37 sys=0.00, real=0.37 secs] 
51.041: [GC51.042: [DefNew: 69952K->69952K(78656K), 0.0000148 secs]51.042: [Tenured: 169896K->174783K(174784K), 0.3708497 secs] 239848K->175387K(253440K), [Perm : 7299K->7299K(21248K)], 0.3711897 secs] [Times: user=0.38 sys=0.00, real=0.37 secs] 
51.543: [Full GC51.543: [Tenured: 174783K->168645K(174784K), 0.3849688 secs] 253439K->168645K(253440K), [Perm : 7299K->7299K(21248K)], 0.3852449 secs] [Times: user=0.39 sys=0.00, real=0.38 secs] 
52.003: [GC52.003: [DefNew: 69952K->69952K(78656K), 0.0000144 secs]52.003: [Tenured: 168645K->174784K(174784K), 0.3816426 secs] 238597K->178290K(253440K), [Perm : 7302K->7302K(21248K)], 0.3819986 secs] [Times: user=0.38 sys=0.00, real=0.38 secs] 
52.512: [Full GC52.513: [Tenured: 174784K->169768K(174784K), 0.3737862 secs] 253440K->169768K(253440K), [Perm : 7302K->7302K(21248K)], 0.3740653 secs] [Times: user=0.38 sys=0.00, real=0.37 secs] 
52.944: [GC52.944: [DefNew: 69952K->69952K(78656K), 0.0000167 secs]52.944: [Tenured: 169768K->171003K(174784K), 0.3661512 secs] 239720K->171003K(253440K), [Perm : 7302K->7302K(21248K)], 0.3665354 secs] [Times: user=0.38 sys=0.00, real=0.37 secs] 
53.386: [GC53.386: [DefNew: 69952K->69952K(78656K), 0.0000164 secs]53.386: [Tenured: 171003K->164680K(174784K), 0.3754347 secs] 240955K->164680K(253440K), [Perm : 7302K->7302K(21248K)], 0.3757776 secs] [Times: user=0.39 sys=0.00, real=0.38 secs] 
53.838: [GC53.838: [DefNew: 69952K->69952K(78656K), 0.0000154 secs]53.838: [Tenured: 164680K->172503K(174784K), 0.3693475 secs] 234632K->172503K(253440K), [Perm : 7303K->7303K(21248K)], 0.3696919 secs] [Times: user=0.38 sys=0.00, real=0.37 secs] 
54.283: [GC54.283: [DefNew: 69952K->69952K(78656K), 0.0000160 secs]54.283: [Tenured: 172503K->173667K(174784K), 0.3736589 secs] 242455K->173667K(253440K), [Perm : 7303K->7303K(21248K)], 0.3739953 secs] [Times: user=0.37 sys=0.00, real=0.37 secs] 
54.750: [GC54.750: [DefNew: 69952K->69952K(78656K), 0.0000157 secs]54.750: [Tenured: 173667K->172077K(174784K), 0.3703988 secs] 243619K->172077K(253440K), [Perm : 7305K->7305K(21248K)], 0.3708019 secs] [Times: user=0.37 sys=0.00, real=0.37 secs] 
55.188: [GC55.188: [DefNew: 69952K->69952K(78656K), 0.0000154 secs]55.188: [Tenured: 172077K->163652K(174784K), 0.3676977 secs] 242029K->163652K(253440K), [Perm : 7305K->7305K(21248K)], 0.3680351 secs] [Times: user=0.38 sys=0.00, real=0.37 secs] 
55.632: [GC55.632: [DefNew: 69952K->69952K(78656K), 0.0000157 secs]55.633: [Tenured: 163652K->174784K(174784K), 0.3790040 secs] 233604K->177501K(253440K), [Perm : 7305K->7305K(21248K)], 0.3793385 secs] [Times: user=0.39 sys=0.00, real=0.38 secs] 
56.145: [Full GC56.145: [Tenured: 174784K->174783K(174784K), 0.3830894 secs] 253439K->177563K(253440K), [Perm : 7305K->7305K(21248K)], 0.3834518 secs] [Times: user=0.39 sys=0.00, real=0.38 secs] 
56.657: [Full GC56.657: [Tenured: 174783K->174228K(174784K), 0.3821266 secs] 253439K->174228K(253440K), [Perm : 7305K->7305K(21248K)], 0.3824120 secs] [Times: user=0.39 sys=0.00, real=0.38 secs] 
57.124: [GC57.125: [DefNew: 69952K->69952K(78656K), 0.0000148 secs]57.125: [Tenured: 174228K->157387K(174784K), 0.3633571 secs] 244180K->157387K(253440K), [Perm : 7305K->7305K(21248K)], 0.3636942 secs] [Times: user=0.36 sys=0.00, real=0.36 secs] 
57.562: [GC57.563: [DefNew: 69952K->69952K(78656K), 0.0000157 secs] 227339K->227339K(253440K), 0.0002460 secs] [Times: user=0.00 sys=0.00, real=0.00 secs] 
57.563: [Full GC57.563: [Tenured: 157387K->164109K(174784K), 0.3737253 secs] 227339K->164109K(253440K), [Perm : 7305K->7250K(21248K)], 0.3739084 secs] [Times: user=0.38 sys=0.00, real=0.37 secs] 
58.019: [GC58.019: [DefNew: 69952K->69952K(78656K), 0.0000157 secs]58.019: [Tenured: 164109K->173019K(174784K), 0.3108020 secs] 234061K->173019K(253440K), [Perm : 7299K->7299K(21248K)], 0.3110987 secs] [Times: user=0.31 sys=0.00, real=0.31 secs] 
58.398: [GC58.398: [DefNew: 69952K->69952K(78656K), 0.0000151 secs] 242971K->242971K(253440K), 0.0002662 secs] [Times: user=0.00 sys=0.00, real=0.00 secs] 
58.398: [Full GC58.398: [Tenured: 173019K->165475K(174784K), 0.3719838 secs] 242971K->165475K(253440K), [Perm : 7300K->7250K(21248K)], 0.3721708 secs] [Times: user=0.37 sys=0.00, real=0.37 secs] 
58.849: [GC58.849: [DefNew: 69952K->69952K(78656K), 0.0000151 secs]58.849: [Tenured: 165475K->167062K(174784K), 0.3712763 secs] 235427K->167062K(253440K), [Perm : 7300K->7300K(21248K)], 0.3715932 secs] [Times: user=0.36 sys=0.00, real=0.37 secs] 
59.284: [GC59.284: [DefNew: 69952K->69952K(78656K), 0.0000173 secs]59.284: [Tenured: 167062K->174784K(174784K), 0.3740098 secs] 237014K->177211K(253440K), [Perm : 7300K->7300K(21248K)], 0.3744187 secs] [Times: user=0.37 sys=0.00, real=0.38 secs] 
59.795: [Full GC59.795: [Tenured: 174784K->174783K(174784K), 0.3887565 secs] 253440K->178079K(253440K), [Perm : 7300K->7300K(21248K)], 0.3890252 secs] [Times: user=0.39 sys=0.00, real=0.39 secs] 
60.282: [Full GC60.282: [Tenured: 174783K->174783K(174784K), 0.3819078 secs] 253439K->177742K(253440K), [Perm : 7300K->7300K(21248K)], 0.3822244 secs] [Times: user=0.37 sys=0.02, real=0.38 secs] 
60.795: [Full GC60.796: [Tenured: 174783K->170709K(174784K), 0.3902071 secs] 253439K->170709K(253440K), [Perm : 7300K->7300K(21248K)], 0.3905448 secs] [Times: user=0.39 sys=0.00, real=0.39 secs] 
61.256: [GC61.257: [DefNew: 69952K->69952K(78656K), 0.0000154 secs]61.257: [Tenured: 170709K->171756K(174784K), 0.3729710 secs] 240661K->171756K(253440K), [Perm : 7300K->7300K(21248K)], 0.3733036 secs] [Times: user=0.37 sys=0.00, real=0.37 secs] 
61.705: [GC61.705: [DefNew: 69952K->69952K(78656K), 0.0000148 secs] 241708K->241708K(253440K), 0.0002386 secs] [Times: user=0.00 sys=0.00, real=0.00 secs] 
61.705: [Full GC61.705: [Tenured: 171756K->159430K(174784K), 0.3657365 secs] 241708K->159430K(253440K), [Perm : 7303K->7250K(21248K)], 0.3659462 secs] [Times: user=0.36 sys=0.00, real=0.37 secs] 
62.156: [GC62.157: [DefNew: 69952K->69952K(78656K), 0.0000157 secs]62.157: [Tenured: 159430K->170512K(174784K), 0.3633760 secs] 229382K->170512K(253440K), [Perm : 7300K->7300K(21248K)], 0.3637634 secs] [Times: user=0.36 sys=0.00, real=0.36 secs] 
62.595: [GC62.596: [DefNew: 69952K->69952K(78656K), 0.0000154 secs]62.596: [Tenured: 170512K->169085K(174784K), 0.3777490 secs] 240464K->169085K(253440K), [Perm : 7300K->7300K(21248K)], 0.3780925 secs] [Times: user=0.37 sys=0.00, real=0.38 secs] 
63.053: [GC63.053: [DefNew: 69952K->69952K(78656K), 0.0000151 secs]63.053: [Tenured: 169085K->174784K(174784K), 0.3764004 secs] 239037K->177695K(253440K), [Perm : 7301K->7301K(21248K)], 0.3767481 secs] [Times: user=0.37 sys=0.00, real=0.38 secs] 
63.556: [Full GC63.556: [Tenured: 174784K->174783K(174784K), 0.3885583 secs] 253439K->179919K(253440K), [Perm : 7301K->7301K(21248K)], 0.3888315 secs] [Times: user=0.39 sys=0.00, real=0.39 secs] 
64.061: [Full GC64.061: [Tenured: 174783K->170872K(174784K), 0.3749148 secs] 253439K->170872K(253440K), [Perm : 7301K->7301K(21248K)], 0.3751887 secs] [Times: user=0.37 sys=0.00, real=0.38 secs] 
64.511: [GC64.511: [DefNew: 69952K->69952K(78656K), 0.0000160 secs]64.511: [Tenured: 170872K->158752K(174784K), 0.3660835 secs] 240824K->158752K(253440K), [Perm : 7301K->7301K(21248K)], 0.3664357 secs] [Times: user=0.36 sys=0.00, real=0.37 secs] 
64.946: [GC64.946: [DefNew: 69952K->69952K(78656K), 0.0000157 secs]64.946: [Tenured: 158752K->172237K(174784K), 0.3700207 secs] 228704K->172237K(253440K), [Perm : 7301K->7301K(21248K)], 0.3704139 secs] [Times: user=0.37 sys=0.03, real=0.37 secs] 
65.401: [GC65.402: [DefNew: 69952K->69952K(78656K), 0.0000144 secs]65.402: [Tenured: 172237K->174709K(174784K), 0.3751400 secs] 242189K->174709K(253440K), [Perm : 7304K->7304K(21248K)], 0.3754989 secs] [Times: user=0.37 sys=0.00, real=0.38 secs] 
65.854: [GC65.854: [DefNew: 69952K->69952K(78656K), 0.0000157 secs]65.854: [Tenured: 174709K->174783K(174784K), 0.3829983 secs] 244661K->180079K(253440K), [Perm : 7304K->7304K(21248K)], 0.3833491 secs] [Times: user=0.37 sys=0.00, real=0.38 secs] 
66.360: [Full GC66.361: [Tenured: 174783K->168364K(174784K), 0.3838735 secs] 253439K->168364K(253440K), [Perm : 7304K->7304K(21248K)], 0.3841641 secs] [Times: user=0.39 sys=0.00, real=0.38 secs] 
66.824: [GC66.824: [DefNew: 69952K->69952K(78656K), 0.0000151 secs]66.824: [Tenured: 168364K->172620K(174784K), 0.3704588 secs] 238316K->172620K(253440K), [Perm : 7305K->7305K(21248K)], 0.3708125 secs] [Times: user=0.38 sys=0.00, real=0.37 secs] 
67.266: [GC67.266: [DefNew: 69952K->69952K(78656K), 0.0000154 secs]67.266: [Tenured: 172620K->171963K(174784K), 0.3699963 secs] 242572K->171963K(253440K), [Perm : 7305K->7305K(21248K)], 0.3703353 secs] [Times: user=0.38 sys=0.00, real=0.37 secs] 
67.712: [GC67.712: [DefNew: 69952K->69952K(78656K), 0.0000151 secs]67.712: [Tenured: 171963K->173712K(174784K), 0.3745454 secs] 241915K->173712K(253440K), [Perm : 7305K->7305K(21248K)], 0.3748946 secs] [Times: user=0.37 sys=0.00, real=0.38 secs] 
68.174: [GC68.174: [DefNew: 69952K->69952K(78656K), 0.0000151 secs]68.174: [Tenured: 173712K->167198K(174784K), 0.3761926 secs] 243664K->167198K(253440K), [Perm : 7305K->7305K(21248K)], 0.3765409 secs] [Times: user=0.39 sys=0.00, real=0.38 secs] 
68.636: [GC68.637: [DefNew: 69952K->69952K(78656K), 0.0000160 secs]68.637: [Tenured: 167198K->174783K(174784K), 0.3838972 secs] 237150K->180054K(253440K), [Perm : 7305K->7305K(21248K)], 0.3842513 secs] [Times: user=0.39 sys=0.00, real=0.38 secs] 
69.158: [Full GC69.158: [Tenured: 174783K->174783K(174784K), 0.3817706 secs] 253439K->176685K(253440K), [Perm : 7305K->7305K(21248K)], 0.3820817 secs] [Times: user=0.39 sys=0.00, real=0.38 secs] 
69.666: [Full GC69.666: [Tenured: 174783K->166071K(174784K), 0.3808850 secs] 253439K->166071K(253440K), [Perm : 7305K->7305K(21248K)], 0.3811625 secs] [Times: user=0.38 sys=0.00, real=0.38 secs] 
70.131: [GC70.131: [DefNew: 69952K->69952K(78656K), 0.0000148 secs]70.131: [Tenured: 166071K->163010K(174784K), 0.3727519 secs] 236023K->163010K(253440K), [Perm : 7306K->7306K(21248K)], 0.3731118 secs] [Times: user=0.37 sys=0.00, real=0.37 secs] 
70.580: [GC70.581: [DefNew: 69952K->69952K(78656K), 0.0000157 secs]70.581: [Tenured: 163010K->174784K(174784K), 0.3793417 secs] 232962K->176609K(253440K), [Perm : 7306K->7306K(21248K)], 0.3796779 secs] [Times: user=0.38 sys=0.00, real=0.38 secs] 
71.091: [Full GC71.092: [Tenured: 174784K->171570K(174784K), 0.3720037 secs] 253439K->171570K(253440K), [Perm : 7306K->7306K(21248K)], 0.3723084 secs] [Times: user=0.38 sys=0.00, real=0.37 secs] 
71.540: [GC71.540: [DefNew: 69952K->69952K(78656K), 0.0000157 secs]71.540: [Tenured: 171570K->174784K(174784K), 0.3816593 secs] 241522K->177566K(253440K), [Perm : 7306K->7306K(21248K)], 0.3819992 secs] [Times: user=0.39 sys=0.00, real=0.38 secs] 
72.060: [Full GC72.060: [Tenured: 174784K->165939K(174784K), 0.3800226 secs] 253440K->165939K(253440K), [Perm : 7306K->7306K(21248K)], 0.3803036 secs] [Times: user=0.37 sys=0.00, real=0.38 secs] 
72.516: [GC72.516: [DefNew: 69952K->69952K(78656K), 0.0000151 secs]72.516: [Tenured: 165939K->174783K(174784K), 0.3809146 secs] 235891K->175843K(253440K), [Perm : 7306K->7306K(21248K)], 0.3812568 secs] [Times: user=0.37 sys=0.00, real=0.38 secs] 
73.035: [Full GC73.035: [Tenured: 174783K->174784K(174784K), 0.3892754 secs] 253439K->179479K(253440K), [Perm : 7306K->7306K(21248K)], 0.3895733 secs] [Times: user=0.39 sys=0.00, real=0.39 secs] 
73.550: [Full GC73.550: [Tenured: 174784K->165003K(174784K), 0.3828764 secs] 253439K->165003K(253440K), [Perm : 7306K->7306K(21248K)], 0.3831727 secs] [Times: user=0.39 sys=0.00, real=0.38 secs] 
74.014: [GC74.014: [DefNew: 69952K->69952K(78656K), 0.0000183 secs]74.014: [Tenured: 165003K->167397K(174784K), 0.3815114 secs] 234955K->167397K(253440K), [Perm : 7306K->7306K(21248K)], 0.3819081 secs] [Times: user=0.37 sys=0.00, real=0.38 secs] 
74.472: [GC74.472: [DefNew: 69952K->69952K(78656K), 0.0000154 secs]74.472: [Tenured: 167397K->174783K(174784K), 0.3802442 secs] 237349K->175729K(253440K), [Perm : 7306K->7306K(21248K)], 0.3805823 secs] [Times: user=0.39 sys=0.00, real=0.38 secs] 
74.984: [Full GC74.984: [Tenured: 174783K->173368K(174784K), 0.3786977 secs] 253439K->173368K(253440K), [Perm : 7306K->7306K(21248K)], 0.3789832 secs] [Times: user=0.37 sys=0.00, real=0.38 secs] 
75.438: [GC75.438: [DefNew: 69952K->69952K(78656K), 0.0000157 secs]75.438: [Tenured: 173368K->160490K(174784K), 0.3682330 secs] 243320K->160490K(253440K), [Perm : 7306K->7306K(21248K)], 0.3685729 secs] [Times: user=0.38 sys=0.00, real=0.37 secs] 
75.886: [GC75.887: [DefNew: 69952K->69952K(78656K), 0.0000148 secs]75.887: [Tenured: 160490K->172468K(174784K), 0.3859412 secs] 230442K->172468K(253440K), [Perm : 7306K->7306K(21248K)], 0.3862872 secs] [Times: user=0.39 sys=0.00, real=0.39 secs] 
76.349: [GC76.349: [DefNew: 69952K->69952K(78656K), 0.0000157 secs]76.349: [Tenured: 172468K->174783K(174784K), 0.3789700 secs] 242420K->175836K(253440K), [Perm : 7306K->7306K(21248K)], 0.3793138 secs] [Times: user=0.39 sys=0.00, real=0.38 secs] 
76.863: [Full GC76.863: [Tenured: 174783K->170928K(174784K), 0.3721047 secs] 253439K->170928K(253440K), [Perm : 7309K->7309K(21248K)], 0.3723857 secs] [Times: user=0.37 sys=0.00, real=0.37 secs] 
77.303: [GC77.303: [DefNew: 69952K->69952K(78656K), 0.0000154 secs]77.303: [Tenured: 170928K->174050K(174784K), 0.3731124 secs] 240880K->174050K(253440K), [Perm : 7309K->7309K(21248K)], 0.3734569 secs] [Times: user=0.37 sys=0.00, real=0.37 secs] 
77.764: [GC77.764: [DefNew: 69952K->69952K(78656K), 0.0000154 secs]77.765: [Tenured: 174050K->167410K(174784K), 0.3790954 secs] 244002K->167410K(253440K), [Perm : 7309K->7309K(21248K)], 0.3794453 secs] [Times: user=0.37 sys=0.00, real=0.38 secs] 
78.224: [GC78.224: [DefNew: 69952K->69952K(78656K), 0.0000148 secs]78.224: [Tenured: 167410K->174651K(174784K), 0.3735511 secs] 237362K->174651K(253440K), [Perm : 7309K->7309K(21248K)], 0.3738991 secs] [Times: user=0.38 sys=0.00, real=0.37 secs] 
78.675: [GC78.675: [DefNew: 69952K->69952K(78656K), 0.0000151 secs]78.675: [Tenured: 174651K->174529K(174784K), 0.3757465 secs] 244603K->174529K(253440K), [Perm : 7309K->7309K(21248K)], 0.3760816 secs] [Times: user=0.37 sys=0.00, real=0.38 secs] 
79.132: [GC79.132: [DefNew: 69952K->69952K(78656K), 0.0000151 secs]79.132: [Tenured: 174529K->173847K(174784K), 0.3714235 secs] 244481K->173847K(253440K), [Perm : 7309K->7309K(21248K)], 0.3717862 secs] [Times: user=0.37 sys=0.00, real=0.37 secs] 
79.580: [GC79.580: [DefNew: 69952K->69952K(78656K), 0.0000148 secs]79.580: [Tenured: 173847K->165590K(174784K), 0.3732051 secs] 243799K->165590K(253440K), [Perm : 7309K->7309K(21248K)], 0.3735451 secs] [Times: user=0.38 sys=0.00, real=0.37 secs] 
80.040: [GC80.040: [DefNew: 69952K->69952K(78656K), 0.0000157 secs]80.040: [Tenured: 165590K->174783K(174784K), 0.3749537 secs] 235542K->177108K(253440K), [Perm : 7309K->7309K(21248K)], 0.3753311 secs] [Times: user=0.38 sys=0.00, real=0.38 secs] 
80.544: [Full GC80.544: [Tenured: 174783K->174330K(174784K), 0.3791381 secs] 253439K->174330K(253440K), [Perm : 7309K->7309K(21248K)], 0.3794152 secs] [Times: user=0.39 sys=0.00, real=0.38 secs] 
80.998: [GC80.998: [DefNew: 69952K->69952K(78656K), 0.0000237 secs]80.998: [Tenured: 174330K->173645K(174784K), 0.3757176 secs] 244282K->173645K(253440K), [Perm : 7309K->7309K(21248K)], 0.3760794 secs] [Times: user=0.39 sys=0.00, real=0.38 secs] 
81.449: [GC81.449: [DefNew: 69952K->69952K(78656K), 0.0000160 secs]81.449: [Tenured: 173645K->163669K(174784K), 0.3719886 secs] 243597K->163669K(253440K), [Perm : 7309K->7309K(21248K)], 0.3723398 secs] [Times: user=0.37 sys=0.00, real=0.37 secs] 
81.904: [GC81.904: [DefNew: 69952K->69952K(78656K), 0.0000151 secs] 233621K->233621K(253440K), 0.0002556 secs] [Times: user=0.00 sys=0.00, real=0.00 secs] 
81.904: [Full GC81.904: [Tenured: 163669K->164415K(174784K), 0.3704726 secs] 233621K->164415K(253440K), [Perm : 7309K->7251K(21248K)], 0.3706486 secs] [Times: user=0.36 sys=0.00, real=0.37 secs] 
82.350: [GC82.350: [DefNew: 69952K->69952K(78656K), 0.0000160 secs]82.350: [Tenured: 164415K->171109K(174784K), 0.3666358 secs] 234367K->171109K(253440K), [Perm : 7251K->7251K(21248K)], 0.3669742 secs] [Times: user=0.38 sys=0.00, real=0.37 secs] 
82.794: [GC82.794: [DefNew: 69952K->69952K(78656K), 0.0000202 secs]82.794: [Tenured: 171109K->173907K(174784K), 0.3725900 secs] 241061K->173907K(253440K), [Perm : 7301K->7301K(21248K)], 0.3730752 secs] [Times: user=0.38 sys=0.00, real=0.37 secs] 
83.243: [GC83.244: [DefNew: 69952K->69952K(78656K), 0.0000157 secs] 243859K->243859K(253440K), 0.0002421 secs] [Times: user=0.00 sys=0.00, real=0.00 secs] 
83.244: [Full GC83.244: [Tenured: 173907K->168909K(174784K), 0.3789575 secs] 243859K->168909K(253440K), [Perm : 7301K->7251K(21248K)], 0.3791317 secs] [Times: user=0.39 sys=0.00, real=0.38 secs] 
83.699: [GC83.699: [DefNew: 69952K->69952K(78656K), 0.0000170 secs] 238861K->238861K(253440K), 0.0002431 secs] [Times: user=0.00 sys=0.00, real=0.00 secs] 
83.699: [Full GC83.699: [Tenured: 168909K->165770K(174784K), 0.3760682 secs] 238861K->165770K(253440K), [Perm : 7260K->7251K(21248K)], 0.3762494 secs] [Times: user=0.38 sys=0.00, real=0.38 secs] 
84.163: [GC84.163: [DefNew: 69952K->69952K(78656K), 0.0000148 secs]84.164: [Tenured: 165770K->174783K(174784K), 0.3790191 secs] 235722K->180686K(253440K), [Perm : 7302K->7302K(21248K)], 0.3793812 secs] [Times: user=0.39 sys=0.00, real=0.38 secs] 
84.667: [Full GC84.667: [Tenured: 174783K->174394K(174784K), 0.3793305 secs] 253439K->174394K(253440K), [Perm : 7302K->7302K(21248K)], 0.3796063 secs] [Times: user=0.37 sys=0.00, real=0.38 secs] 
85.122: [GC85.122: [DefNew: 69952K->69952K(78656K), 0.0000154 secs] 244346K->244346K(253440K), 0.0002636 secs] [Times: user=0.00 sys=0.00, real=0.00 secs] 
85.122: [Full GC85.122: [Tenured: 174394K->165215K(174784K), 0.3741095 secs] 244346K->165215K(253440K), [Perm : 7302K->7291K(21248K)], 0.3743055 secs] [Times: user=0.37 sys=0.00, real=0.38 secs] 
85.569: [GC85.569: [DefNew: 69952K->69952K(78656K), 0.0000157 secs]85.569: [Tenured: 165215K->172491K(174784K), 0.3721368 secs] 235167K->172491K(253440K), [Perm : 7293K->7293K(21248K)], 0.3724787 secs] [Times: user=0.36 sys=0.01, real=0.37 secs] 
86.031: [GC86.031: [DefNew: 69952K->69952K(78656K), 0.0000154 secs]86.031: [Tenured: 172491K->170464K(174784K), 0.3692445 secs] 242443K->170464K(253440K), [Perm : 7302K->7302K(21248K)], 0.3695848 secs] [Times: user=0.37 sys=0.00, real=0.37 secs] 
86.476: [GC86.476: [DefNew: 69952K->69952K(78656K), 0.0000157 secs]86.476: [Tenured: 170464K->173505K(174784K), 0.3728369 secs] 240416K->173505K(253440K), [Perm : 7302K->7302K(21248K)], 0.3731884 secs] [Times: user=0.37 sys=0.00, real=0.37 secs] 
86.931: [GC86.931: [DefNew: 69952K->69952K(78656K), 0.0000148 secs]86.931: [Tenured: 173505K->164087K(174784K), 0.3695130 secs] 243457K->164087K(253440K), [Perm : 7306K->7306K(21248K)], 0.3698510 secs] [Times: user=0.36 sys=0.00, real=0.37 secs] 
87.375: [GC87.375: [DefNew: 69952K->69952K(78656K), 0.0000154 secs]87.375: [Tenured: 164087K->174784K(174784K), 0.3791512 secs] 234039K->178238K(253440K), [Perm : 7306K->7306K(21248K)], 0.3794877 secs] [Times: user=0.39 sys=0.00, real=0.38 secs] 
87.895: [Full GC87.895: [Tenured: 174784K->174783K(174784K), 0.3767385 secs] 253439K->175252K(253440K), [Perm : 7306K->7306K(21248K)], 0.3770412 secs] [Times: user=0.37 sys=0.00, real=0.38 secs] 
88.400: [Full GC88.400: [Tenured: 174783K->167422K(174784K), 0.3794633 secs] 253439K->167422K(253440K), [Perm : 7306K->7306K(21248K)], 0.3797420 secs] [Times: user=0.38 sys=0.00, real=0.38 secs] 
88.847: [GC88.848: [DefNew: 69952K->69952K(78656K), 0.0000154 secs]88.848: [Tenured: 167422K->168801K(174784K), 0.3822564 secs] 237374K->168801K(253440K), [Perm : 7308K->7308K(21248K)], 0.3826256 secs] [Times: user=0.38 sys=0.00, real=0.38 secs] 
89.301: [GC89.301: [DefNew: 69952K->69952K(78656K), 0.0000148 secs]89.301: [Tenured: 168801K->171504K(174784K), 0.3736547 secs] 238753K->171504K(253440K), [Perm : 7308K->7308K(21248K)], 0.3740056 secs] [Times: user=0.38 sys=0.00, real=0.37 secs] 
89.759: [GC89.759: [DefNew: 69952K->69952K(78656K), 0.0000253 secs]89.759: [Tenured: 171504K->174518K(174784K), 0.3784485 secs] 241456K->174518K(253440K), [Perm : 7308K->7308K(21248K)], 0.3788084 secs] [Times: user=0.37 sys=0.00, real=0.38 secs] 
90.204: [GC90.204: [DefNew: 69952K->69952K(78656K), 0.0000244 secs]90.204: [Tenured: 174518K->171121K(174784K), 0.3667320 secs] 244470K->171121K(253440K), [Perm : 7308K->7308K(21248K)], 0.3671050 secs] [Times: user=0.36 sys=0.00, real=0.37 secs] 
90.647: [GC90.647: [DefNew: 69952K->69952K(78656K), 0.0000151 secs]90.647: [Tenured: 171121K->168166K(174784K), 0.3779094 secs] 241073K->168166K(253440K), [Perm : 7308K->7308K(21248K)], 0.3782513 secs] [Times: user=0.37 sys=0.00, real=0.38 secs] 
91.106: [GC91.106: [DefNew: 69952K->69952K(78656K), 0.0000241 secs]91.106: [Tenured: 168166K->174767K(174784K), 0.3706413 secs] 238118K->174767K(253440K), [Perm : 7308K->7308K(21248K)], 0.3710149 secs] [Times: user=0.37 sys=0.00, real=0.37 secs] 
91.553: [GC91.554: [DefNew: 69952K->69952K(78656K), 0.0000157 secs]91.554: [Tenured: 174767K->174783K(174784K), 0.3821788 secs] 244719K->178694K(253440K), [Perm : 7308K->7308K(21248K)], 0.3825137 secs] [Times: user=0.39 sys=0.00, real=0.38 secs] 
92.067: [Full GC92.067: [Tenured: 174783K->172248K(174784K), 0.3734447 secs] 253439K->172248K(253440K), [Perm : 7308K->7308K(21248K)], 0.3737304 secs] [Times: user=0.37 sys=0.00, real=0.37 secs] 
92.514: [GC92.514: [DefNew: 69952K->69952K(78656K), 0.0000154 secs]92.514: [Tenured: 172248K->168341K(174784K), 0.3821814 secs] 242200K->168341K(253440K), [Perm : 7308K->7308K(21248K)], 0.3825368 secs] [Times: user=0.37 sys=0.00, real=0.38 secs] 
92.974: [GC92.974: [DefNew: 69952K->69952K(78656K), 0.0000151 secs]92.974: [Tenured: 168341K->174783K(174784K), 0.3729889 secs] 238293K->175631K(253440K), [Perm : 7308K->7308K(21248K)], 0.3733356 secs] [Times: user=0.37 sys=0.00, real=0.37 secs] 
93.474: [Full GC93.474: [Tenured: 174783K->172345K(174784K), 0.3743260 secs] 253439K->172345K(253440K), [Perm : 7308K->7308K(21248K)], 0.3746054 secs] [Times: user=0.37 sys=0.00, real=0.38 secs] 
93.917: [GC93.917: [DefNew: 69952K->69952K(78656K), 0.0000141 secs]93.917: [Tenured: 172345K->170174K(174784K), 0.3672820 secs] 242297K->170174K(253440K), [Perm : 7309K->7309K(21248K)], 0.3676342 secs] [Times: user=0.36 sys=0.00, real=0.37 secs] 
94.360: [GC94.360: [DefNew: 69952K->69952K(78656K), 0.0000154 secs]94.360: [Tenured: 170174K->165357K(174784K), 0.3743427 secs] 240126K->165357K(253440K), [Perm : 7309K->7309K(21248K)], 0.3746948 secs] [Times: user=0.38 sys=0.00, real=0.38 secs] 
94.823: [GC94.823: [DefNew: 69952K->69952K(78656K), 0.0000154 secs]94.823: [Tenured: 165357K->174783K(174784K), 0.3718132 secs] 235309K->175210K(253440K), [Perm : 7309K->7309K(21248K)], 0.3721724 secs] [Times: user=0.37 sys=0.00, real=0.37 secs] 
95.326: [Full GC95.326: [Tenured: 174783K->174783K(174784K), 0.3814514 secs] 253439K->175481K(253440K), [Perm : 7309K->7309K(21248K)], 0.3817693 secs] [Times: user=0.37 sys=0.00, real=0.38 secs] 
95.850: [Full GC95.850: [Tenured: 174783K->174783K(174784K), 0.3888293 secs] 253439K->176467K(253440K), [Perm : 7309K->7309K(21248K)], 0.3891125 secs] [Times: user=0.37 sys=0.00, real=0.39 secs] 
96.365: [Full GC96.365: [Tenured: 174783K->164129K(174784K), 0.3814229 secs] 253439K->164129K(253440K), [Perm : 7309K->7309K(21248K)], 0.3817038 secs] [Times: user=0.37 sys=0.00, real=0.38 secs] 
96.827: [GC96.827: [DefNew: 69952K->69952K(78656K), 0.0000160 secs]96.827: [Tenured: 164129K->174783K(174784K), 0.3818732 secs] 234081K->176925K(253440K), [Perm : 7309K->7309K(21248K)], 0.3822151 secs] [Times: user=0.39 sys=0.00, real=0.38 secs] 
97.337: [Full GC97.337: [Tenured: 174783K->170925K(174784K), 0.3775544 secs] 253439K->170925K(253440K), [Perm : 7309K->7309K(21248K)], 0.3778270 secs] [Times: user=0.38 sys=0.00, real=0.38 secs] 
97.801: [GC97.801: [DefNew: 69844K->69844K(78656K), 0.0000234 secs]97.802: [Tenured: 170925K->167637K(174784K), 0.3849354 secs] 240770K->167637K(253440K), [Perm : 7309K->7309K(21248K)], 0.3853305 secs] [Times: user=0.37 sys=0.00, real=0.39 secs] 
98.268: [GC98.268: [DefNew: 69952K->69952K(78656K), 0.0000154 secs] 237589K->237589K(253440K), 0.0002441 secs] [Times: user=0.00 sys=0.00, real=0.00 secs] 
98.268: [Full GC98.269: [Tenured: 167637K->167530K(174784K), 0.3797584 secs] 237589K->167530K(253440K), [Perm : 7309K->7254K(21248K)], 0.3799315 secs] [Times: user=0.37 sys=0.00, real=0.38 secs] 
98.725: [GC98.725: [DefNew: 69952K->69952K(78656K), 0.0000154 secs]98.725: [Tenured: 167530K->173821K(174784K), 0.3756044 secs] 237482K->173821K(253440K), [Perm : 7263K->7263K(21248K)], 0.3759376 secs] [Times: user=0.37 sys=0.00, real=0.38 secs] 
99.177: [GC99.177: [DefNew: 69952K->69952K(78656K), 0.0000160 secs]99.177: [Tenured: 173821K->172096K(174784K), 0.3690479 secs] 243773K->172096K(253440K), [Perm : 7304K->7304K(21248K)], 0.3694244 secs] [Times: user=0.36 sys=0.00, real=0.37 secs] 
99.624: [GC99.624: [DefNew: 69952K->69952K(78656K), 0.0000154 secs]99.624: [Tenured: 172096K->174783K(174784K), 0.3781724 secs] 242048K->176243K(253440K), [Perm : 7304K->7304K(21248K)], 0.3785448 secs] [Times: user=0.39 sys=0.00, real=0.38 secs] 
100.130: [Full GC100.131: [Tenured: 174783K->168166K(174784K), 0.3819947 secs] 253439K->168166K(253440K), [Perm : 7305K->7305K(21248K)], 0.3823232 secs] [Times: user=0.38 sys=0.00, real=0.38 secs] 
100.589: [GC100.589: [DefNew: 69952K->69952K(78656K), 0.0000157 secs]100.589: [Tenured: 168166K->173823K(174784K), 0.3760707 secs] 238118K->173823K(253440K), [Perm : 7305K->7305K(21248K)], 0.3764100 secs] [Times: user=0.38 sys=0.00, real=0.38 secs] 
101.043: [GC101.043: [DefNew: 69952K->69952K(78656K), 0.0000164 secs]101.043: [Tenured: 173823K->174784K(174784K), 0.3765396 secs] 243775K->175246K(253440K), [Perm : 7305K->7305K(21248K)], 0.3769578 secs] [Times: user=0.39 sys=0.00, real=0.38 secs] 
101.549: [Full GC101.549: [Tenured: 174784K->161342K(174784K), 0.3722538 secs] 253439K->161342K(253440K), [Perm : 7305K->7305K(21248K)], 0.3725521 secs] [Times: user=0.37 sys=0.00, real=0.37 secs] 
102.002: [GC102.002: [DefNew: 69952K->69952K(78656K), 0.0000157 secs]102.002: [Tenured: 161342K->163155K(174784K), 0.3715521 secs] 231294K->163155K(253440K), [Perm : 7308K->7308K(21248K)], 0.3718924 secs] [Times: user=0.37 sys=0.00, real=0.37 secs] 
102.449: [GC102.450: [DefNew: 69952K->69952K(78656K), 0.0000157 secs]102.450: [Tenured: 163155K->170477K(174784K), 0.3686547 secs] 233107K->170477K(253440K), [Perm : 7308K->7308K(21248K)], 0.3689921 secs] [Times: user=0.36 sys=0.00, real=0.37 secs] 
102.908: [GC102.908: [DefNew: 69952K->69952K(78656K), 0.0000160 secs]102.908: [Tenured: 170477K->174784K(174784K), 0.3871984 secs] 240429K->181128K(253440K), [Perm : 7308K->7308K(21248K)], 0.3875441 secs] [Times: user=0.39 sys=0.00, real=0.39 secs] 
103.419: [Full GC103.419: [Tenured: 174784K->174783K(174784K), 0.3849684 secs] 253439K->176920K(253440K), [Perm : 7308K->7308K(21248K)], 0.3852420 secs] [Times: user=0.37 sys=0.00, real=0.38 secs] 
103.932: [Full GC103.932: [Tenured: 174783K->168032K(174784K), 0.3866272 secs] 253439K->168032K(253440K), [Perm : 7309K->7309K(21248K)], 0.3869040 secs] [Times: user=0.38 sys=0.00, real=0.39 secs] 
104.395: [GC104.395: [DefNew: 69952K->69952K(78656K), 0.0000160 secs]104.395: [Tenured: 168032K->174783K(174784K), 0.3818081 secs] 237984K->176365K(253440K), [Perm : 7309K->7309K(21248K)], 0.3821423 secs] [Times: user=0.39 sys=0.00, real=0.38 secs] 
104.906: [Full GC104.906: [Tenured: 174783K->173869K(174784K), 0.3868427 secs] 253439K->173869K(253440K), [Perm : 7310K->7310K(21248K)], 0.3871378 secs] [Times: user=0.39 sys=0.00, real=0.39 secs] 
105.369: [GC105.369: [DefNew: 69952K->69952K(78656K), 0.0000160 secs]105.369: [Tenured: 173869K->174783K(174784K), 0.3842943 secs] 243821K->176319K(253440K), [Perm : 7310K->7310K(21248K)], 0.3846365 secs] [Times: user=0.38 sys=0.00, real=0.38 secs] 
105.895: [Full GC105.895: [Tenured: 174783K->163987K(174784K), 0.3823931 secs] 253439K->163987K(253440K), [Perm : 7310K->7310K(21248K)], 0.3826724 secs] [Times: user=0.39 sys=0.00, real=0.38 secs] 
106.354: [GC106.354: [DefNew: 69952K->69952K(78656K), 0.0000154 secs]106.354: [Tenured: 163987K->171308K(174784K), 0.3765024 secs] 233939K->171308K(253440K), [Perm : 7310K->7310K(21248K)], 0.3768414 secs] [Times: user=0.37 sys=0.00, real=0.38 secs] 
106.819: [GC106.819: [DefNew: 69952K->69952K(78656K), 0.0000148 secs]106.819: [Tenured: 171308K->173114K(174784K), 0.3783927 secs] 241260K->173114K(253440K), [Perm : 7310K->7310K(21248K)], 0.3787385 secs] [Times: user=0.36 sys=0.00, real=0.38 secs] 
107.272: [GC107.272: [DefNew: 69952K->69952K(78656K), 0.0000167 secs]107.272: [Tenured: 173114K->174783K(174784K), 0.3828267 secs] 243066K->176225K(253440K), [Perm : 7310K->7310K(21248K)], 0.3831984 secs] [Times: user=0.38 sys=0.00, real=0.38 secs] 
107.798: [Full GC107.798: [Tenured: 174783K->165021K(174784K), 0.3850711 secs] 253439K->165021K(253440K), [Perm : 7310K->7310K(21248K)], 0.3854171 secs] [Times: user=0.39 sys=0.00, real=0.39 secs] 
108.241: [GC108.241: [DefNew: 69952K->69952K(78656K), 0.0000164 secs]108.241: [Tenured: 165021K->174564K(174784K), 0.3660341 secs] 234973K->174564K(253440K), [Perm : 7310K->7310K(21248K)], 0.3664607 secs] [Times: user=0.34 sys=0.00, real=0.37 secs] 
108.682: [GC108.682: [DefNew: 69952K->69952K(78656K), 0.0000183 secs]108.682: [Tenured: 174564K->174783K(174784K), 0.3797298 secs] 244516K->175706K(253440K), [Perm : 7310K->7310K(21248K)], 0.3801570 secs] [Times: user=0.39 sys=0.00, real=0.38 secs] 
109.199: [Full GC109.199: [Tenured: 174783K->173897K(174784K), 0.3795290 secs] 253439K->173897K(253440K), [Perm : 7310K->7310K(21248K)], 0.3798087 secs] [Times: user=0.39 sys=0.00, real=0.38 secs] 
109.654: [GC109.654: [DefNew: 69952K->69952K(78656K), 0.0000151 secs]109.654: [Tenured: 173897K->160089K(174784K), 0.3712981 secs] 243849K->160089K(253440K), [Perm : 7310K->7310K(21248K)], 0.3716329 secs] [Times: user=0.37 sys=0.00, real=0.37 secs] 
110.111: [GC110.111: [DefNew: 69952K->69952K(78656K), 0.0000148 secs] 230041K->230041K(253440K), 0.0002534 secs] [Times: user=0.00 sys=0.00, real=0.00 secs] 
110.112: [Full GC110.112: [Tenured: 160089K->162053K(174784K), 0.3694876 secs] 230041K->162053K(253440K), [Perm : 7310K->7255K(21248K)], 0.3696672 secs] [Times: user=0.36 sys=0.00, real=0.37 secs] 
110.557: [GC110.557: [DefNew: 69952K->69952K(78656K), 0.0000154 secs]110.557: [Tenured: 162053K->171707K(174784K), 0.3724306 secs] 232005K->171707K(253440K), [Perm : 7255K->7255K(21248K)], 0.3727840 secs] [Times: user=0.38 sys=0.00, real=0.37 secs] 
111.014: [GC111.014: [DefNew: 69952K->69952K(78656K), 0.0000154 secs]111.014: [Tenured: 171707K->174783K(174784K), 0.3870121 secs] 241659K->181035K(253440K), [Perm : 7304K->7304K(21248K)], 0.3873815 secs] [Times: user=0.38 sys=0.00, real=0.39 secs] 
111.509: [Full GC111.509: [Tenured: 174783K->170789K(174784K), 0.3864717 secs] 253439K->170789K(253440K), [Perm : 7304K->7304K(21248K)], 0.3868703 secs] [Times: user=0.39 sys=0.00, real=0.39 secs] 
111.982: [GC111.982: [DefNew: 69952K->69952K(78656K), 0.0000154 secs]111.982: [Tenured: 170789K->174783K(174784K), 0.3796144 secs] 240741K->177647K(253440K), [Perm : 7305K->7305K(21248K)], 0.3799617 secs] [Times: user=0.38 sys=0.00, real=0.38 secs] 
112.487: [Full GC112.487: [Tenured: 174783K->172259K(174784K), 0.3747006 secs] 253439K->172259K(253440K), [Perm : 7305K->7305K(21248K)], 0.3749828 secs] [Times: user=0.37 sys=0.00, real=0.38 secs] 
112.921: [GC112.921: [DefNew: 69952K->69952K(78656K), 0.0000151 secs]112.921: [Tenured: 172259K->173214K(174784K), 0.3732914 secs] 242211K->173214K(253440K), [Perm : 7305K->7305K(21248K)], 0.3736563 secs] [Times: user=0.37 sys=0.00, real=0.37 secs] 
113.370: [GC113.371: [DefNew: 69952K->69952K(78656K), 0.0000151 secs]113.371: [Tenured: 173214K->162615K(174784K), 0.3731833 secs] 243166K->162615K(253440K), [Perm : 7305K->7305K(21248K)], 0.3735316 secs] [Times: user=0.37 sys=0.00, real=0.37 secs] 
113.820: [GC113.821: [DefNew: 69952K->69952K(78656K), 0.0000241 secs]113.821: [Tenured: 162615K->173793K(174784K), 0.3592336 secs] 232567K->173793K(253440K), [Perm : 7308K->7308K(21248K)], 0.3597034 secs] [Times: user=0.36 sys=0.00, real=0.36 secs] 
114.247: [GC114.247: [DefNew: 69952K->69952K(78656K), 0.0000151 secs]114.247: [Tenured: 173793K->174783K(174784K), 0.3822035 secs] 243745K->178198K(253440K), [Perm : 7308K->7308K(21248K)], 0.3825598 secs] [Times: user=0.37 sys=0.00, real=0.38 secs] 
114.752: [Full GC114.753: [Tenured: 174784K->174783K(174784K), 0.3966321 secs] 253440K->180406K(253440K), [Perm : 7308K->7308K(21248K)], 0.3969416 secs] [Times: user=0.41 sys=0.00, real=0.40 secs] 
115.269: [Full GC115.269: [Tenured: 174783K->166788K(174784K), 0.3799829 secs] 253439K->166788K(253440K), [Perm : 7308K->7308K(21248K)], 0.3803103 secs] [Times: user=0.39 sys=0.00, real=0.38 secs] 
115.725: [GC115.725: [DefNew: 69952K->69952K(78656K), 0.0000148 secs]115.725: [Tenured: 166788K->172083K(174784K), 0.3727545 secs] 236740K->172083K(253440K), [Perm : 7308K->7308K(21248K)], 0.3730909 secs] [Times: user=0.36 sys=0.00, real=0.37 secs] 
116.181: [GC116.181: [DefNew: 69952K->69952K(78656K), 0.0000157 secs]116.181: [Tenured: 172083K->171088K(174784K), 0.3679543 secs] 242035K->171088K(253440K), [Perm : 7310K->7310K(21248K)], 0.3682981 secs] [Times: user=0.36 sys=0.00, real=0.37 secs] 
116.618: [GC116.619: [DefNew: 69952K->69952K(78656K), 0.0000327 secs]116.619: [Tenured: 171088K->173092K(174784K), 0.3736381 secs] 241040K->173092K(253440K), [Perm : 7310K->7310K(21248K)], 0.3740880 secs] [Times: user=0.38 sys=0.00, real=0.37 secs] 
117.069: [GC117.070: [DefNew: 69952K->69952K(78656K), 0.0000148 secs]117.070: [Tenured: 173092K->162151K(174784K), 0.3642240 secs] 243044K->162151K(253440K), [Perm : 7310K->7310K(21248K)], 0.3645861 secs] [Times: user=0.36 sys=0.00, real=0.36 secs] 
117.509: [GC117.509: [DefNew: 69952K->69952K(78656K), 0.0000170 secs]117.509: [Tenured: 162151K->173007K(174784K), 0.3733206 secs] 232103K->173007K(253440K), [Perm : 7310K->7310K(21248K)], 0.3736766 secs] [Times: user=0.37 sys=0.00, real=0.37 secs] 
117.976: [GC117.976: [DefNew: 69952K->69952K(78656K), 0.0000160 secs]117.976: [Tenured: 173007K->172150K(174784K), 0.3694068 secs] 242959K->172150K(253440K), [Perm : 7310K->7310K(21248K)], 0.3697679 secs] [Times: user=0.37 sys=0.00, real=0.37 secs] 
118.422: [GC118.422: [DefNew: 69952K->69952K(78656K), 0.0000157 secs]118.422: [Tenured: 172150K->173517K(174784K), 0.3750903 secs] 242102K->173517K(253440K), [Perm : 7310K->7310K(21248K)], 0.3754549 secs] [Times: user=0.39 sys=0.00, real=0.38 secs] 
118.883: [GC118.884: [DefNew: 69952K->69952K(78656K), 0.0000157 secs]118.884: [Tenured: 173517K->167438K(174784K), 0.3763789 secs] 243469K->167438K(253440K), [Perm : 7310K->7310K(21248K)], 0.3767381 secs] [Times: user=0.38 sys=0.00, real=0.38 secs] 
119.333: [GC119.334: [DefNew: 69952K->69952K(78656K), 0.0000151 secs]119.334: [Tenured: 167438K->174784K(174784K), 0.3838100 secs] 237390K->180355K(253440K), [Perm : 7310K->7310K(21248K)], 0.3841442 secs] [Times: user=0.39 sys=0.00, real=0.38 secs] 
119.854: [Full GC119.854: [Tenured: 174784K->174783K(174784K), 0.3822356 secs] 253439K->176600K(253440K), [Perm : 7310K->7310K(21248K)], 0.3825121 secs] [Times: user=0.39 sys=0.00, real=0.38 secs] 
120.359: [Full GC120.359: [Tenured: 174784K->163758K(174784K), 0.3740640 secs] 253439K->163758K(253440K), [Perm : 7310K->7310K(21248K)], 0.3743629 secs] [Times: user=0.37 sys=0.00, real=0.37 secs] 
120.819: [GC120.819: [DefNew: 69952K->69952K(78656K), 0.0000151 secs]120.819: [Tenured: 163758K->162846K(174784K), 0.3767401 secs] 233710K->162846K(253440K), [Perm : 7310K->7310K(21248K)], 0.3771099 secs] [Times: user=0.37 sys=0.00, real=0.38 secs] 
121.269: [GC121.269: [DefNew: 69952K->69952K(78656K), 0.0000154 secs]121.269: [Tenured: 162846K->174783K(174784K), 0.3801067 secs] 232798K->176373K(253440K), [Perm : 7310K->7310K(21248K)], 0.3804492 secs] [Times: user=0.37 sys=0.00, real=0.38 secs] 
121.778: [Full GC121.778: [Tenured: 174783K->174784K(174784K), 0.3868937 secs] 253439K->176889K(253440K), [Perm : 7310K->7310K(21248K)], 0.3871728 secs] [Times: user=0.38 sys=0.00, real=0.39 secs] 
122.283: [Full GC122.283: [Tenured: 174784K->171697K(174784K), 0.3785637 secs] 253440K->171697K(253440K), [Perm : 7310K->7310K(21248K)], 0.3788562 secs] [Times: user=0.38 sys=0.00, real=0.38 secs] 
122.736: [GC122.737: [DefNew: 69952K->69952K(78656K), 0.0000151 secs] 241649K->241649K(253440K), 0.0002450 secs] [Times: user=0.00 sys=0.00, real=0.00 secs] 
122.737: [Full GC122.737: [Tenured: 171697K->162137K(174784K), 0.3722526 secs] 241649K->162137K(253440K), [Perm : 7310K->7255K(21248K)], 0.3724350 secs] [Times: user=0.37 sys=0.00, real=0.37 secs] 
123.186: [GC123.187: [DefNew: 69952K->69952K(78656K), 0.0000154 secs]123.187: [Tenured: 162137K->172418K(174784K), 0.3704915 secs] 232089K->172418K(253440K), [Perm : 7305K->7305K(21248K)], 0.3709033 secs] [Times: user=0.37 sys=0.00, real=0.37 secs] 
123.631: [GC123.631: [DefNew: 69952K->69952K(78656K), 0.0000151 secs]123.631: [Tenured: 172418K->172647K(174784K), 0.3716227 secs] 242370K->172647K(253440K), [Perm : 7305K->7305K(21248K)], 0.3719617 secs] [Times: user=0.37 sys=0.00, real=0.37 secs] 
124.087: [GC124.087: [DefNew: 69952K->69952K(78656K), 0.0000154 secs]124.087: [Tenured: 172647K->172880K(174784K), 0.3737750 secs] 242599K->172880K(253440K), [Perm : 7305K->7305K(21248K)], 0.3741294 secs] [Times: user=0.37 sys=0.00, real=0.37 secs] 
124.536: [GC124.536: [DefNew: 69952K->69952K(78656K), 0.0000148 secs]124.536: [Tenured: 172880K->169947K(174784K), 0.3839864 secs] 242832K->169947K(253440K), [Perm : 7305K->7305K(21248K)], 0.3843552 secs] [Times: user=0.39 sys=0.00, real=0.38 secs] 
124.991: [GC124.991: [DefNew: 69952K->69952K(78656K), 0.0000151 secs]124.991: [Tenured: 169947K->174784K(174784K), 0.3508753 secs] 239899K->177645K(253440K), [Perm : 7305K->7305K(21248K)], 0.3512133 secs] [Times: user=0.36 sys=0.00, real=0.35 secs] 
125.469: [Full GC125.469: [Tenured: 174784K->173011K(174784K), 0.3772895 secs] 253440K->173011K(253440K), [Perm : 7305K->7305K(21248K)], 0.3775707 secs] [Times: user=0.37 sys=0.00, real=0.38 secs] 
125.922: [GC125.923: [DefNew: 69952K->69952K(78656K), 0.0000176 secs]125.923: [Tenured: 173011K->172742K(174784K), 0.3735608 secs] 242963K->172742K(253440K), [Perm : 7308K->7308K(21248K)], 0.3739363 secs] [Times: user=0.37 sys=0.00, real=0.37 secs] 
126.371: [GC126.371: [DefNew: 69952K->69952K(78656K), 0.0000154 secs]126.371: [Tenured: 172742K->169896K(174784K), 0.3866631 secs] 242694K->169896K(253440K), [Perm : 7308K->7308K(21248K)], 0.3870127 secs] [Times: user=0.39 sys=0.00, real=0.39 secs] 
126.837: [GC126.837: [DefNew: 69952K->69952K(78656K), 0.0000151 secs]126.837: [Tenured: 169896K->174783K(174784K), 0.3769998 secs] 239848K->178798K(253440K), [Perm : 7308K->7308K(21248K)], 0.3773465 secs] [Times: user=0.38 sys=0.00, real=0.38 secs] 
127.340: [Full GC127.340: [Tenured: 174783K->174367K(174784K), 0.3842045 secs] 253439K->174367K(253440K), [Perm : 7308K->7308K(21248K)], 0.3844848 secs] [Times: user=0.39 sys=0.00, real=0.38 secs] 
127.807: [GC127.808: [DefNew: 69951K->69951K(78656K), 0.0000196 secs]127.808: [Tenured: 174367K->174784K(174784K), 0.3890563 secs] 244319K->179305K(253440K), [Perm : 7310K->7310K(21248K)], 0.3894585 secs] [Times: user=0.39 sys=0.00, real=0.39 secs] 
128.454: [Full GC128.454: [Tenured: 174784K->171197K(174784K), 0.3888456 secs] 253439K->171197K(253440K), [Perm : 7313K->7313K(21248K)], 0.3891067 secs] [Times: user=0.39 sys=0.00, real=0.39 secs] 
128.901: [GC128.902: [DefNew: 69952K->69952K(78656K), 0.0000148 secs]128.902: [Tenured: 171197K->174784K(174784K), 0.3538189 secs] 241149K->175937K(253440K), [Perm : 7313K->7313K(21248K)], 0.3542175 secs] [Times: user=0.39 sys=0.02, real=0.36 secs] 
129.378: [Full GC129.378: [Tenured: 174784K->174784K(174784K), 0.3702535 secs] 253439K->175693K(253440K), [Perm : 7313K->7313K(21248K)], 0.3705364 secs] [Times: user=0.37 sys=0.00, real=0.37 secs] 
129.874: [Full GC129.875: [Tenured: 174784K->170647K(174784K), 0.3744411 secs] 253439K->170647K(253440K), [Perm : 7313K->7313K(21248K)], 0.3747381 secs] [Times: user=0.37 sys=0.00, real=0.38 secs] 
130.324: [GC130.324: [DefNew: 69952K->69952K(78656K), 0.0000160 secs]130.324: [Tenured: 170647K->165752K(174784K), 0.3782644 secs] 240599K->165752K(253440K), [Perm : 7313K->7313K(21248K)], 0.3786092 secs] [Times: user=0.39 sys=0.00, real=0.38 secs] 
130.793: [GC130.793: [DefNew: 69952K->69952K(78656K), 0.0000151 secs]130.793: [Tenured: 165752K->174783K(174784K), 0.3841185 secs] 235704K->178786K(253440K), [Perm : 7313K->7313K(21248K)], 0.3844835 secs] [Times: user=0.39 sys=0.00, real=0.38 secs] 
131.296: [Full GC131.296: [Tenured: 174783K->174783K(174784K), 0.3871724 secs] 253439K->175921K(253440K), [Perm : 7313K->7313K(21248K)], 0.3875012 secs] [Times: user=0.39 sys=0.00, real=0.39 secs] 
131.830: [Full GC131.831: [Tenured: 174783K->165346K(174784K), 0.3868026 secs] 253439K->165346K(253440K), [Perm : 7313K->7313K(21248K)], 0.3870746 secs] [Times: user=0.39 sys=0.00, real=0.39 secs] 
132.279: [GC132.280: [DefNew: 69952K->69952K(78656K), 0.0000148 secs]132.280: [Tenured: 165346K->167105K(174784K), 0.3829447 secs] 235298K->167105K(253440K), [Perm : 7313K->7313K(21248K)], 0.3832888 secs] [Times: user=0.38 sys=0.00, real=0.38 secs] 
132.737: [GC132.737: [DefNew: 69952K->69952K(78656K), 0.0000154 secs] 237057K->237057K(253440K), 0.0002534 secs] [Times: user=0.00 sys=0.00, real=0.00 secs] 
132.737: [Full GC132.737: [Tenured: 167105K->164196K(174784K), 0.3783937 secs] 237057K->164196K(253440K), [Perm : 7313K->7258K(21248K)], 0.3786038 secs] [Times: user=0.38 sys=0.00, real=0.38 secs] 
133.203: [GC133.204: [DefNew: 69952K->69952K(78656K), 0.0000151 secs]133.204: [Tenured: 164196K->174783K(174784K), 0.3798094 secs] 234148K->177105K(253440K), [Perm : 7309K->7309K(21248K)], 0.3801650 secs] [Times: user=0.37 sys=0.00, real=0.38 secs] 
133.709: [Full GC133.709: [Tenured: 174784K->172652K(174784K), 0.3758982 secs] 253439K->172652K(253440K), [Perm : 7309K->7309K(21248K)], 0.3761993 secs] [Times: user=0.39 sys=0.00, real=0.38 secs] 
134.152: [GC134.152: [DefNew: 69952K->69952K(78656K), 0.0000151 secs]134.152: [Tenured: 172652K->166864K(174784K), 0.3755451 secs] 242604K->166864K(253440K), [Perm : 7310K->7310K(21248K)], 0.3759197 secs] [Times: user=0.38 sys=0.00, real=0.38 secs] 
134.603: [GC134.604: [DefNew: 69952K->69952K(78656K), 0.0000151 secs]134.604: [Tenured: 166864K->173805K(174784K), 0.3750293 secs] 236816K->173805K(253440K), [Perm : 7310K->7310K(21248K)], 0.3753773 secs] [Times: user=0.38 sys=0.00, real=0.38 secs] 
135.058: [GC135.059: [DefNew: 69952K->69952K(78656K), 0.0000148 secs]135.059: [Tenured: 173805K->174784K(174784K), 0.3754793 secs] 243757K->176503K(253440K), [Perm : 7310K->7310K(21248K)], 0.3758260 secs] [Times: user=0.38 sys=0.00, real=0.38 secs] 
135.563: [Full GC135.563: [Tenured: 174784K->172699K(174784K), 0.3771830 secs] 253439K->172699K(253440K), [Perm : 7310K->7310K(21248K)], 0.3774796 secs] [Times: user=0.37 sys=0.00, real=0.38 secs] 
135.996: [GC135.997: [DefNew: 69952K->69952K(78656K), 0.0000151 secs]135.997: [Tenured: 172699K->166174K(174784K), 0.3737686 secs] 242651K->166174K(253440K), [Perm : 7313K->7313K(21248K)], 0.3741426 secs] [Times: user=0.37 sys=0.00, real=0.37 secs] 
136.444: [GC136.444: [DefNew: 69952K->69952K(78656K), 0.0000196 secs]136.444: [Tenured: 166174K->171393K(174784K), 0.3713770 secs] 236126K->171393K(253440K), [Perm : 7313K->7313K(21248K)], 0.3717307 secs] [Times: user=0.37 sys=0.00, real=0.37 secs] 
136.901: [GC136.901: [DefNew: 69952K->69952K(78656K), 0.0000148 secs]136.901: [Tenured: 171393K->167175K(174784K), 0.3595235 secs] 241345K->167175K(253440K), [Perm : 7314K->7314K(21248K)], 0.3598667 secs] [Times: user=0.36 sys=0.00, real=0.36 secs] 
137.336: [GC137.336: [DefNew: 69952K->69952K(78656K), 0.0000154 secs]137.336: [Tenured: 167175K->174783K(174784K), 0.3829168 secs] 237127K->179141K(253440K), [Perm : 7314K->7314K(21248K)], 0.3832564 secs] [Times: user=0.39 sys=0.00, real=0.38 secs] 
137.846: [Full GC137.846: [Tenured: 174783K->171147K(174784K), 0.3896000 secs] 253439K->171147K(253440K), [Perm : 7316K->7316K(21248K)], 0.3898867 secs] [Times: user=0.39 sys=0.00, real=0.39 secs] 
138.307: [GC138.308: [DefNew: 69952K->69952K(78656K), 0.0000157 secs]138.308: [Tenured: 171147K->167576K(174784K), 0.3646387 secs] 241099K->167576K(253440K), [Perm : 7316K->7316K(21248K)], 0.3649796 secs] [Times: user=0.37 sys=0.00, real=0.37 secs] 
138.743: [GC138.743: [DefNew: 69952K->69952K(78656K), 0.0000154 secs]138.743: [Tenured: 167576K->171241K(174784K), 0.3677545 secs] 237528K->171241K(253440K), [Perm : 7316K->7316K(21248K)], 0.3680983 secs] [Times: user=0.37 sys=0.00, real=0.37 secs] 
139.195: [GC139.195: [DefNew: 69952K->69952K(78656K), 0.0000167 secs]139.195: [Tenured: 171241K->167600K(174784K), 0.3583032 secs] 241193K->167600K(253440K), [Perm : 7316K->7316K(21248K)], 0.3586903 secs] [Times: user=0.36 sys=0.00, real=0.36 secs] 
139.627: [GC139.627: [DefNew: 69952K->69952K(78656K), 0.0000157 secs]139.627: [Tenured: 167600K->163366K(174784K), 0.3730797 secs] 237552K->163366K(253440K), [Perm : 7316K->7316K(21248K)], 0.3734328 secs] [Times: user=0.38 sys=0.00, real=0.37 secs] 
140.085: [GC140.086: [DefNew: 69952K->69952K(78656K), 0.0000151 secs]140.086: [Tenured: 163366K->174783K(174784K), 0.3751634 secs] 233318K->176875K(253440K), [Perm : 7316K->7316K(21248K)], 0.3755229 secs] [Times: user=0.38 sys=0.00, real=0.38 secs] 
140.589: [Full GC140.589: [Tenured: 174783K->174783K(174784K), 0.4010506 secs] 253439K->186137K(253440K), [Perm : 7316K->7316K(21248K)], 0.4013486 secs] [Times: user=0.41 sys=0.00, real=0.40 secs] 
141.091: [Full GC141.091: [Tenured: 174783K->174783K(174784K), 0.3909608 secs] 253439K->178114K(253440K), [Perm : 7316K->7316K(21248K)], 0.3912645 secs] [Times: user=0.39 sys=0.00, real=0.39 secs] 
141.609: [Full GC141.609: [Tenured: 174783K->165254K(174784K), 0.3886952 secs] 253439K->165254K(253440K), [Perm : 7316K->7316K(21248K)], 0.3890195 secs] [Times: user=0.39 sys=0.00, real=0.39 secs] 
142.056: [GC142.057: [DefNew: 69952K->69952K(78656K), 0.0000151 secs]142.057: [Tenured: 165254K->171496K(174784K), 0.3631056 secs] 235206K->171496K(253440K), [Perm : 7316K->7316K(21248K)], 0.3635069 secs] [Times: user=0.36 sys=0.00, real=0.36 secs] 
142.495: [GC142.495: [DefNew: 69952K->69952K(78656K), 0.0000151 secs]142.495: [Tenured: 171496K->168655K(174784K), 0.3740864 secs] 241448K->168655K(253440K), [Perm : 7316K->7316K(21248K)], 0.3744251 secs] [Times: user=0.38 sys=0.00, real=0.37 secs] 
142.947: [GC142.947: [DefNew: 69952K->69952K(78656K), 0.0000144 secs]142.947: [Tenured: 168655K->168817K(174784K), 0.3676358 secs] 238607K->168817K(253440K), [Perm : 7316K->7316K(21248K)], 0.3679915 secs] [Times: user=0.36 sys=0.00, real=0.37 secs] 
143.390: [GC143.391: [DefNew: 69952K->69952K(78656K), 0.0000154 secs]143.391: [Tenured: 168817K->171374K(174784K), 0.3877642 secs] 238769K->171374K(253440K), [Perm : 7316K->7316K(21248K)], 0.3881019 secs] [Times: user=0.39 sys=0.00, real=0.39 secs] 
143.856: [GC143.856: [DefNew: 69952K->69952K(78656K), 0.0000154 secs]143.856: [Tenured: 171374K->174783K(174784K), 0.3806083 secs] 241326K->180217K(253440K), [Perm : 7316K->7316K(21248K)], 0.3809572 secs] [Times: user=0.38 sys=0.00, real=0.38 secs] 
144.361: [Full GC144.362: [Tenured: 174783K->171758K(174784K), 0.3749322 secs] 253439K->171758K(253440K), [Perm : 7316K->7316K(21248K)], 0.3752118 secs] [Times: user=0.38 sys=0.00, real=0.38 secs] 
144.815: [GC144.816: [DefNew: 69952K->69952K(78656K), 0.0000154 secs]144.816: [Tenured: 171758K->173060K(174784K), 0.3748334 secs] 241710K->173060K(253440K), [Perm : 7316K->7316K(21248K)], 0.3751910 secs] [Times: user=0.37 sys=0.00, real=0.38 secs] 
145.260: [GC145.260: [DefNew: 69952K->69952K(78656K), 0.0000157 secs]145.260: [Tenured: 173060K->162053K(174784K), 0.3701316 secs] 243012K->162053K(253440K), [Perm : 7316K->7316K(21248K)], 0.3704722 secs] [Times: user=0.38 sys=0.00, real=0.37 secs] 
145.705: [GC145.705: [DefNew: 69952K->69952K(78656K), 0.0000148 secs]145.705: [Tenured: 162053K->170906K(174784K), 0.3672541 secs] 232005K->170906K(253440K), [Perm : 7316K->7316K(21248K)], 0.3675864 secs] [Times: user=0.38 sys=0.00, real=0.37 secs] 
146.153: [GC146.154: [DefNew: 69952K->69952K(78656K), 0.0000154 secs]146.154: [Tenured: 170906K->173307K(174784K), 0.3721778 secs] 240858K->173307K(253440K), [Perm : 7316K->7316K(21248K)], 0.3725191 secs] [Times: user=0.38 sys=0.00, real=0.37 secs] 
146.603: [GC146.603: [DefNew: 69952K->69952K(78656K), 0.0000151 secs]146.603: [Tenured: 173307K->168173K(174784K), 0.3801291 secs] 243259K->168173K(253440K), [Perm : 7316K->7316K(21248K)], 0.3804755 secs] [Times: user=0.37 sys=0.00, real=0.38 secs] 
147.071: [GC147.072: [DefNew: 69952K->69952K(78656K), 0.0000160 secs]147.072: [Tenured: 168173K->163765K(174784K), 0.3682583 secs] 238125K->163765K(253440K), [Perm : 7316K->7316K(21248K)], 0.3686194 secs] [Times: user=0.38 sys=0.00, real=0.37 secs] 
147.516: [GC147.516: [DefNew: 69952K->69952K(78656K), 0.0000157 secs]147.516: [Tenured: 163765K->174783K(174784K), 0.3758212 secs] 233717K->175954K(253440K), [Perm : 7316K->7316K(21248K)], 0.3761653 secs] [Times: user=0.37 sys=0.00, real=0.38 secs] 
148.031: [Full GC148.031: [Tenured: 174783K->172734K(174784K), 0.3747308 secs] 253439K->172734K(253440K), [Perm : 7319K->7319K(21248K)], 0.3750146 secs] [Times: user=0.37 sys=0.00, real=0.38 secs] 
148.480: [GC148.480: [DefNew: 69952K->69952K(78656K), 0.0000164 secs]148.480: [Tenured: 172734K->174783K(174784K), 0.3852747 secs] 242686K->179062K(253440K), [Perm : 7319K->7319K(21248K)], 0.3856169 secs] [Times: user=0.39 sys=0.00, real=0.39 secs] 
148.997: [Full GC148.997: [Tenured: 174783K->166537K(174784K), 0.3837927 secs] 253439K->166537K(253440K), [Perm : 7319K->7319K(21248K)], 0.3840653 secs] [Times: user=0.39 sys=0.00, real=0.38 secs] 
149.454: [GC149.454: [DefNew: 69952K->69952K(78656K), 0.0000154 secs]149.454: [Tenured: 166537K->170777K(174784K), 0.3731499 secs] 236489K->170777K(253440K), [Perm : 7319K->7319K(21248K)], 0.3735159 secs] [Times: user=0.38 sys=0.00, real=0.37 secs] 
149.907: [GC149.907: [DefNew: 69952K->69952K(78656K), 0.0000157 secs]149.907: [Tenured: 170777K->171032K(174784K), 0.3702910 secs] 240729K->171032K(253440K), [Perm : 7319K->7319K(21248K)], 0.3706599 secs] [Times: user=0.37 sys=0.00, real=0.37 secs] 
150.353: [GC150.354: [DefNew: 69952K->69952K(78656K), 0.0000151 secs] 240984K->240984K(253440K), 0.0002473 secs] [Times: user=0.00 sys=0.00, real=0.00 secs] 
150.354: [Full GC150.354: [Tenured: 171032K->158466K(174784K), 0.3625912 secs] 240984K->158466K(253440K), [Perm : 7319K->7261K(21248K)], 0.3627692 secs] [Times: user=0.37 sys=0.00, real=0.36 secs] 
150.805: [GC150.805: [DefNew: 69952K->69952K(78656K), 0.0000148 secs]150.805: [Tenured: 158466K->171815K(174784K), 0.3867905 secs] 228418K->171815K(253440K), [Perm : 7311K->7311K(21248K)], 0.3871551 secs] [Times: user=0.39 sys=0.00, real=0.39 secs] 
151.258: [GC151.258: [DefNew: 69952K->69952K(78656K), 0.0000154 secs]151.258: [Tenured: 171815K->174783K(174784K), 0.3818344 secs] 241767K->180597K(253440K), [Perm : 7311K->7311K(21248K)], 0.3821872 secs] [Times: user=0.39 sys=0.00, real=0.38 secs] 
151.761: [Full GC151.761: [Tenured: 174783K->174784K(174784K), 0.3909281 secs] 253439K->178534K(253440K), [Perm : 7311K->7311K(21248K)], 0.3912218 secs] [Times: user=0.39 sys=0.00, real=0.39 secs] 
152.285: [Full GC152.285: [Tenured: 174784K->174783K(174784K), 0.3879669 secs] 253439K->175589K(253440K), [Perm : 7312K->7312K(21248K)], 0.3882484 secs] [Times: user=0.39 sys=0.00, real=0.39 secs] 
152.813: [Full GC152.813: [Tenured: 174783K->160958K(174784K), 0.3792096 secs] 253439K->160958K(253440K), [Perm : 7312K->7312K(21248K)], 0.3795252 secs] [Times: user=0.37 sys=0.00, real=0.38 secs] 
153.255: [GC153.256: [DefNew: 69952K->69952K(78656K), 0.0000164 secs]153.256: [Tenured: 160958K->170944K(174784K), 0.3709674 secs] 230910K->170944K(253440K), [Perm : 7312K->7312K(21248K)], 0.3713286 secs] [Times: user=0.38 sys=0.00, real=0.37 secs] 
153.703: [GC153.703: [DefNew: 69952K->69952K(78656K), 0.0000154 secs]153.703: [Tenured: 170944K->173692K(174784K), 0.3786855 secs] 240896K->173692K(253440K), [Perm : 7314K->7314K(21248K)], 0.3791551 secs] [Times: user=0.36 sys=0.00, real=0.38 secs] 
154.161: [GC154.161: [DefNew: 69952K->69952K(78656K), 0.0000151 secs]154.161: [Tenured: 173692K->174783K(174784K), 0.3754325 secs] 243644K->175151K(253440K), [Perm : 7314K->7314K(21248K)], 0.3757744 secs] [Times: user=0.39 sys=0.00, real=0.38 secs] 
154.667: [Full GC154.667: [Tenured: 174783K->164725K(174784K), 0.3812224 secs] 253439K->164725K(253440K), [Perm : 7314K->7314K(21248K)], 0.3815072 secs] [Times: user=0.38 sys=0.00, real=0.38 secs] 
155.128: [GC155.129: [DefNew: 69952K->69952K(78656K), 0.0000151 secs]155.129: [Tenured: 164725K->173260K(174784K), 0.3857969 secs] 234677K->173260K(253440K), [Perm : 7316K->7316K(21248K)], 0.3861564 secs] [Times: user=0.37 sys=0.02, real=0.39 secs] 
155.591: [GC155.591: [DefNew: 69952K->69952K(78656K), 0.0000151 secs]155.591: [Tenured: 173260K->174783K(174784K), 0.3912023 secs] 243212K->175484K(253440K), [Perm : 7316K->7316K(21248K)], 0.3915583 secs] [Times: user=0.39 sys=0.00, real=0.39 secs] 
156.118: [Full GC156.118: [Tenured: 174783K->168293K(174784K), 0.3782054 secs] 253439K->168293K(253440K), [Perm : 7320K->7320K(21248K)], 0.3785281 secs] [Times: user=0.38 sys=0.00, real=0.38 secs] 
156.571: [GC156.571: [DefNew: 69952K->69952K(78656K), 0.0000154 secs]156.571: [Tenured: 168293K->169706K(174784K), 0.3842831 secs] 238245K->169706K(253440K), [Perm : 7320K->7320K(21248K)], 0.3846371 secs] [Times: user=0.39 sys=0.00, real=0.38 secs] 
157.042: [GC157.043: [DefNew: 69952K->69952K(78656K), 0.0000151 secs]157.043: [Tenured: 169706K->174783K(174784K), 0.3833758 secs] 239658K->178279K(253440K), [Perm : 7320K->7320K(21248K)], 0.3837330 secs] [Times: user=0.39 sys=0.00, real=0.38 secs] 
157.549: [Full GC157.550: [Tenured: 174783K->173675K(174784K), 0.3900252 secs] 253439K->173675K(253440K), [Perm : 7320K->7320K(21248K)], 0.3903283 secs] [Times: user=0.39 sys=0.00, real=0.39 secs] 
158.031: [GC158.031: [DefNew: 69952K->69952K(78656K), 0.0000151 secs]158.031: [Tenured: 173675K->166611K(174784K), 0.3787712 secs] 243627K->166611K(253440K), [Perm : 7322K->7322K(21248K)], 0.3791192 secs] [Times: user=0.38 sys=0.00, real=0.38 secs] 
158.486: [GC158.486: [DefNew: 69952K->69952K(78656K), 0.0000154 secs]158.487: [Tenured: 166611K->164629K(174784K), 0.3751079 secs] 236563K->164629K(253440K), [Perm : 7322K->7322K(21248K)], 0.3754764 secs] [Times: user=0.37 sys=0.00, real=0.38 secs] 
158.948: [GC158.948: [DefNew: 69952K->69952K(78656K), 0.0000157 secs]158.948: [Tenured: 164629K->172891K(174784K), 0.3690107 secs] 234581K->172891K(253440K), [Perm : 7323K->7323K(21248K)], 0.3693446 secs] [Times: user=0.37 sys=0.00, real=0.37 secs] 
159.393: [GC159.393: [DefNew: 69952K->69952K(78656K), 0.0000154 secs] 242843K->242843K(253440K), 0.0002514 secs] [Times: user=0.00 sys=0.00, real=0.00 secs] 
159.393: [Full GC159.393: [Tenured: 172891K->162611K(174784K), 0.3723792 secs] 242843K->162611K(253440K), [Perm : 7323K->7268K(21248K)], 0.3725630 secs] [Times: user=0.37 sys=0.00, real=0.37 secs] 
159.841: [GC159.841: [DefNew: 69952K->69952K(78656K), 0.0000164 secs]159.841: [Tenured: 162611K->169868K(174784K), 0.3590655 secs] 232563K->169868K(253440K), [Perm : 7318K->7318K(21248K)], 0.3594918 secs] [Times: user=0.36 sys=0.00, real=0.36 secs] 
160.274: [GC160.274: [DefNew: 69952K->69952K(78656K), 0.0000247 secs]160.274: [Tenured: 169868K->167260K(174784K), 0.3867709 secs] 239820K->167260K(253440K), [Perm : 7318K->7318K(21248K)], 0.3872683 secs] [Times: user=0.39 sys=0.00, real=0.39 secs] 
160.737: [GC160.737: [DefNew: 69952K->69952K(78656K), 0.0000148 secs]160.737: [Tenured: 167260K->171841K(174784K), 0.3784678 secs] 237212K->171841K(253440K), [Perm : 7318K->7318K(21248K)], 0.3788045 secs] [Times: user=0.38 sys=0.00, real=0.38 secs] 
161.198: [GC161.198: [DefNew: 69952K->69952K(78656K), 0.0000148 secs]161.198: [Tenured: 171841K->174783K(174784K), 0.3741868 secs] 241793K->175206K(253440K), [Perm : 7318K->7318K(21248K)], 0.3745784 secs] [Times: user=0.37 sys=0.00, real=0.38 secs] 
161.703: [Full GC161.703: [Tenured: 174783K->171575K(174784K), 0.3777898 secs] 253439K->171575K(253440K), [Perm : 7318K->7318K(21248K)], 0.3780688 secs] [Times: user=0.38 sys=0.00, real=0.38 secs] 
162.168: [GC162.169: [DefNew: 69952K->69952K(78656K), 0.0000154 secs]162.169: [Tenured: 171575K->163490K(174784K), 0.3709969 secs] 241527K->163490K(253440K), [Perm : 7318K->7318K(21248K)], 0.3713539 secs] [Times: user=0.38 sys=0.00, real=0.37 secs] 
162.616: [GC162.617: [DefNew: 69952K->69952K(78656K), 0.0000154 secs]162.617: [Tenured: 163490K->174784K(174784K), 0.3825900 secs] 233442K->178705K(253440K), [Perm : 7318K->7318K(21248K)], 0.3829274 secs] [Times: user=0.39 sys=0.00, real=0.38 secs] 
163.136: [Full GC163.136: [Tenured: 174784K->174783K(174784K), 0.3802019 secs] 253439K->174904K(253440K), [Perm : 7321K->7321K(21248K)], 0.3804957 secs] [Times: user=0.38 sys=0.00, real=0.38 secs] 
163.645: [Full GC163.645: [Tenured: 174783K->168461K(174784K), 0.3826108 secs] 253439K->168461K(253440K), [Perm : 7321K->7321K(21248K)], 0.3828879 secs] [Times: user=0.39 sys=0.00, real=0.38 secs] 
164.108: [GC164.108: [DefNew: 69952K->69952K(78656K), 0.0000154 secs]164.108: [Tenured: 168461K->166335K(174784K), 0.3803219 secs] 238413K->166335K(253440K), [Perm : 7321K->7321K(21248K)], 0.3806888 secs] [Times: user=0.39 sys=0.00, real=0.38 secs] 
164.559: [GC164.560: [DefNew: 69952K->69952K(78656K), 0.0000157 secs]164.560: [Tenured: 166335K->174783K(174784K), 0.3816686 secs] 236287K->177242K(253440K), [Perm : 7321K->7321K(21248K)], 0.3820127 secs] [Times: user=0.39 sys=0.00, real=0.38 secs] 
165.072: [Full GC165.072: [Tenured: 174784K->174206K(174784K), 0.3808799 secs] 253439K->174206K(253440K), [Perm : 7323K->7323K(21248K)], 0.3811769 secs] [Times: user=0.37 sys=0.00, real=0.38 secs] 
165.529: [GC165.529: [DefNew: 69952K->69952K(78656K), 0.0000151 secs]165.529: [Tenured: 174206K->166669K(174784K), 0.3792256 secs] 244158K->166669K(253440K), [Perm : 7323K->7323K(21248K)], 0.3795662 secs] [Times: user=0.39 sys=0.00, real=0.38 secs] 
165.989: [GC165.989: [DefNew: 69952K->69952K(78656K), 0.0000247 secs] 236621K->236621K(253440K), 0.0002755 secs] [Times: user=0.00 sys=0.00, real=0.00 secs] 
165.989: [Full GC165.989: [Tenured: 166669K->166993K(174784K), 0.3775008 secs] 236621K->166993K(253440K), [Perm : 7323K->7268K(21248K)], 0.3776839 secs] [Times: user=0.38 sys=0.00, real=0.38 secs] 
166.443: [GC166.443: [DefNew: 69952K->69952K(78656K), 0.0000154 secs]166.443: [Tenured: 166993K->169386K(174784K), 0.3651393 secs] 236945K->169386K(253440K), [Perm : 7268K->7268K(21248K)], 0.3654786 secs] [Times: user=0.36 sys=0.00, real=0.37 secs] 
166.889: [GC166.889: [DefNew: 69952K->69952K(78656K), 0.0000170 secs]166.889: [Tenured: 169386K->169168K(174784K), 0.3620325 secs] 239338K->169168K(253440K), [Perm : 7318K->7318K(21248K)], 0.3624280 secs] [Times: user=0.37 sys=0.00, real=0.36 secs] 
167.327: [GC167.327: [DefNew: 69952K->69952K(78656K), 0.0000148 secs]167.327: [Tenured: 169168K->172785K(174784K), 0.3695495 secs] 239120K->172785K(253440K), [Perm : 7318K->7318K(21248K)], 0.3699058 secs] [Times: user=0.38 sys=0.00, real=0.37 secs] 
167.778: [GC167.778: [DefNew: 69952K->69952K(78656K), 0.0000154 secs]167.778: [Tenured: 172785K->170072K(174784K), 0.3807747 secs] 242737K->170072K(253440K), [Perm : 7318K->7318K(21248K)], 0.3810704 secs] [Times: user=0.39 sys=0.00, real=0.38 secs] 
168.230: [GC168.230: [DefNew: 69952K->69952K(78656K), 0.0000157 secs]168.230: [Tenured: 170072K->174783K(174784K), 0.3811830 secs] 240024K->178068K(253440K), [Perm : 7318K->7318K(21248K)], 0.3815185 secs] [Times: user=0.39 sys=0.00, real=0.38 secs] 
168.739: [Full GC168.739: [Tenured: 174783K->174784K(174784K), 0.3838155 secs] 253439K->174920K(253440K), [Perm : 7318K->7318K(21248K)], 0.3840868 secs] [Times: user=0.39 sys=0.00, real=0.38 secs] 
169.262: [Full GC169.263: [Tenured: 174784K->172809K(174784K), 0.3800502 secs] 253439K->172809K(253440K), [Perm : 7321K->7321K(21248K)], 0.3803264 secs] [Times: user=0.37 sys=0.00, real=0.38 secs] 
169.718: [GC169.718: [DefNew: 69952K->69952K(78656K), 0.0000151 secs]169.718: [Tenured: 172809K->163204K(174784K), 0.3754982 secs] 242761K->163204K(253440K), [Perm : 7321K->7321K(21248K)], 0.3758372 secs] [Times: user=0.37 sys=0.00, real=0.38 secs] 
170.184: [GC170.184: [DefNew: 69952K->69952K(78656K), 0.0000151 secs]170.184: [Tenured: 163204K->174784K(174784K), 0.3745781 secs] 233156K->175008K(253440K), [Perm : 7321K->7321K(21248K)], 0.3749283 secs] [Times: user=0.38 sys=0.00, real=0.38 secs] 
170.689: [Full GC170.689: [Tenured: 174784K->173735K(174784K), 0.3815521 secs] 253440K->173735K(253440K), [Perm : 7321K->7321K(21248K)], 0.3819364 secs] [Times: user=0.37 sys=0.00, real=0.38 secs] 
171.149: [GC171.149: [DefNew: 69952K->69952K(78656K), 0.0000176 secs]171.149: [Tenured: 173735K->171651K(174784K), 0.3724777 secs] 243687K->171651K(253440K), [Perm : 7321K->7321K(21248K)], 0.3728792 secs] [Times: user=0.38 sys=0.00, real=0.37 secs] 
171.596: [GC171.596: [DefNew: 69952K->69952K(78656K), 0.0000157 secs]171.596: [Tenured: 171651K->167151K(174784K), 0.3790810 secs] 241603K->167151K(253440K), [Perm : 7321K->7321K(21248K)], 0.3794181 secs] [Times: user=0.37 sys=0.00, real=0.38 secs] 
172.052: [GC172.052: [DefNew: 69952K->69952K(78656K), 0.0000151 secs]172.052: [Tenured: 167151K->174731K(174784K), 0.3656063 secs] 237103K->174731K(253440K), [Perm : 7323K->7323K(21248K)], 0.3659960 secs] [Times: user=0.37 sys=0.00, real=0.37 secs] 
172.490: [GC172.490: [DefNew: 69952K->69952K(78656K), 0.0000160 secs]172.490: [Tenured: 174731K->171226K(174784K), 0.3685588 secs] 244683K->171226K(253440K), [Perm : 7323K->7323K(21248K)], 0.3688965 secs] [Times: user=0.37 sys=0.00, real=0.37 secs] 
172.936: [GC172.936: [DefNew: 69952K->69952K(78656K), 0.0000144 secs]172.936: [Tenured: 171226K->170284K(174784K), 0.3635662 secs] 241178K->170284K(253440K), [Perm : 7323K->7323K(21248K)], 0.3639138 secs] [Times: user=0.36 sys=0.00, real=0.36 secs] 
173.375: [GC173.375: [DefNew: 69952K->69952K(78656K), 0.0000154 secs]173.375: [Tenured: 170284K->164707K(174784K), 0.3707118 secs] 240236K->164707K(253440K), [Perm : 7323K->7323K(21248K)], 0.3710710 secs] [Times: user=0.38 sys=0.00, real=0.37 secs] 
173.830: [GC173.830: [DefNew: 69952K->69952K(78656K), 0.0000154 secs]173.830: [Tenured: 164707K->174784K(174784K), 0.3752705 secs] 234659K->179171K(253440K), [Perm : 7323K->7323K(21248K)], 0.3756628 secs] [Times: user=0.37 sys=0.00, real=0.38 secs] 
174.327: [Full GC174.328: [Tenured: 174784K->169595K(174784K), 0.3705380 secs] 253439K->169595K(253440K), [Perm : 7323K->7323K(21248K)], 0.3708337 secs] [Times: user=0.37 sys=0.00, real=0.37 secs] 
174.773: [GC174.773: [DefNew: 69952K->69952K(78656K), 0.0000157 secs]174.773: [Tenured: 169595K->172850K(174784K), 0.3756121 secs] 239547K->172850K(253440K), [Perm : 7323K->7323K(21248K)], 0.3759726 secs] [Times: user=0.38 sys=0.00, real=0.38 secs] 
175.237: [GC175.238: [DefNew: 69952K->69952K(78656K), 0.0000151 secs]175.238: [Tenured: 172850K->162890K(174784K), 0.3708677 secs] 242802K->162890K(253440K), [Perm : 7323K->7323K(21248K)], 0.3712118 secs] [Times: user=0.36 sys=0.00, real=0.37 secs] 
175.685: [GC175.685: [DefNew: 69952K->69952K(78656K), 0.0000157 secs]175.685: [Tenured: 162890K->170546K(174784K), 0.3668946 secs] 232842K->170546K(253440K), [Perm : 7323K->7323K(21248K)], 0.3672596 secs] [Times: user=0.37 sys=0.00, real=0.37 secs] 
176.141: [GC176.141: [DefNew: 69952K->69952K(78656K), 0.0000157 secs]176.141: [Tenured: 170546K->174783K(174784K), 0.3743456 secs] 240498K->174919K(253440K), [Perm : 7323K->7323K(21248K)], 0.3747012 secs] [Times: user=0.39 sys=0.00, real=0.38 secs] 
176.645: [Full GC176.645: [Tenured: 174783K->166722K(174784K), 0.3805858 secs] 253439K->166722K(253440K), [Perm : 7323K->7323K(21248K)], 0.3808697 secs] [Times: user=0.38 sys=0.00, real=0.38 secs] 
177.100: [GC177.100: [DefNew: 69952K->69952K(78656K), 0.0000154 secs]177.100: [Tenured: 166722K->163379K(174784K), 0.3703353 secs] 236674K->163379K(253440K), [Perm : 7323K->7323K(21248K)], 0.3707214 secs] [Times: user=0.38 sys=0.00, real=0.37 secs] 
177.546: [GC177.546: [DefNew: 69952K->69952K(78656K), 0.0000154 secs]177.546: [Tenured: 163379K->173688K(174784K), 0.3724925 secs] 233331K->173688K(253440K), [Perm : 7323K->7323K(21248K)], 0.3728315 secs] [Times: user=0.36 sys=0.00, real=0.37 secs] 
178.003: [GC178.003: [DefNew: 69952K->69952K(78656K), 0.0000157 secs]178.003: [Tenured: 173688K->171878K(174784K), 0.3684055 secs] 243640K->171878K(253440K), [Perm : 7323K->7323K(21248K)], 0.3687634 secs] [Times: user=0.36 sys=0.00, real=0.37 secs] 
178.451: [GC178.451: [DefNew: 69951K->69951K(78656K), 0.0000157 secs]178.451: [Tenured: 171878K->167583K(174784K), 0.3761233 secs] 241830K->167583K(253440K), [Perm : 7323K->7323K(21248K)], 0.3764646 secs] [Times: user=0.38 sys=0.00, real=0.38 secs] 
178.913: [GC178.914: [DefNew: 69952K->69952K(78656K), 0.0000148 secs]178.914: [Tenured: 167583K->168720K(174784K), 0.3762846 secs] 237535K->168720K(253440K), [Perm : 7323K->7323K(21248K)], 0.3766493 secs] [Times: user=0.37 sys=0.00, real=0.38 secs] 
179.366: [GC179.366: [DefNew: 69952K->69952K(78656K), 0.0000154 secs]179.366: [Tenured: 168720K->174783K(174784K), 0.3819710 secs] 238672K->179309K(253440K), [Perm : 7323K->7323K(21248K)], 0.3823081 secs] [Times: user=0.39 sys=0.00, real=0.38 secs] 
179.878: [Full GC179.878: [Tenured: 174783K->174784K(174784K), 0.3812401 secs] 253439K->175835K(253440K), [Perm : 7323K->7323K(21248K)], 0.3815406 secs] [Times: user=0.37 sys=0.02, real=0.38 secs] 
180.383: [Full GC180.383: [Tenured: 174784K->161400K(174784K), 0.3725595 secs] 253440K->161400K(253440K), [Perm : 7323K->7323K(21248K)], 0.3728424 secs] [Times: user=0.37 sys=0.00, real=0.37 secs] 
180.843: [GC180.843: [DefNew: 69952K->69952K(78656K), 0.0000157 secs]180.843: [Tenured: 161400K->164504K(174784K), 0.3786621 secs] 231352K->164504K(253440K), [Perm : 7323K->7323K(21248K)], 0.3790492 secs] [Times: user=0.38 sys=0.00, real=0.38 secs] 
181.294: [GC181.295: [DefNew: 69952K->69952K(78656K), 0.0000212 secs]181.295: [Tenured: 164504K->174701K(174784K), 0.3808883 secs] 234456K->174701K(253440K), [Perm : 7323K->7323K(21248K)], 0.3812455 secs] [Times: user=0.37 sys=0.00, real=0.38 secs] 
181.746: [GC181.747: [DefNew: 69952K->69952K(78656K), 0.0000151 secs]181.747: [Tenured: 174701K->174783K(174784K), 0.3864704 secs] 244653K->178752K(253440K), [Perm : 7323K->7323K(21248K)], 0.3868052 secs] [Times: user=0.39 sys=0.00, real=0.39 secs] 
182.260: [Full GC182.260: [Tenured: 174784K->174784K(174784K), 0.3921667 secs] 253439K->178494K(253440K), [Perm : 7326K->7326K(21248K)], 0.3924842 secs] [Times: user=0.39 sys=0.00, real=0.39 secs] 
182.767: [Full GC182.767: [Tenured: 174784K->170997K(174784K), 0.3954130 secs] 253439K->170997K(253440K), [Perm : 7326K->7326K(21248K)], 0.3957863 secs] [Times: user=0.41 sys=0.00, real=0.40 secs] 
183.241: [GC183.242: [DefNew: 69952K->69952K(78656K), 0.0000148 secs]183.242: [Tenured: 170997K->174784K(174784K), 0.3837324 secs] 240949K->177850K(253440K), [Perm : 7326K->7326K(21248K)], 0.3841115 secs] [Times: user=0.37 sys=0.00, real=0.38 secs] 
183.751: [Full GC183.751: [Tenured: 174784K->174783K(174784K), 0.4037713 secs] 253439K->175600K(253440K), [Perm : 7326K->7326K(21248K)], 0.4040846 secs] [Times: user=0.41 sys=0.00, real=0.40 secs] 
184.280: [Full GC184.280: [Tenured: 174783K->170944K(174784K), 0.3769068 secs] 253439K->170944K(253440K), [Perm : 7326K->7326K(21248K)], 0.3771900 secs] [Times: user=0.37 sys=0.00, real=0.38 secs] 
184.730: [GC184.731: [DefNew: 69952K->69952K(78656K), 0.0000154 secs]184.731: [Tenured: 170944K->167020K(174784K), 0.3849306 secs] 240896K->167020K(253440K), [Perm : 7326K->7326K(21248K)], 0.3853026 secs] [Times: user=0.39 sys=0.00, real=0.39 secs] 
185.200: [GC185.200: [DefNew: 69952K->69952K(78656K), 0.0000157 secs]185.200: [Tenured: 167020K->172631K(174784K), 0.3738562 secs] 236972K->172631K(253440K), [Perm : 7326K->7326K(21248K)], 0.3741926 secs] [Times: user=0.38 sys=0.00, real=0.37 secs] 
185.650: [GC185.650: [DefNew: 69952K->69952K(78656K), 0.0000151 secs] 242583K->242583K(253440K), 0.0002447 secs] [Times: user=0.00 sys=0.00, real=0.00 secs] 
185.651: [Full GC185.651: [Tenured: 172631K->168195K(174784K), 0.3814360 secs] 242583K->168195K(253440K), [Perm : 7326K->7268K(21248K)], 0.3816330 secs] [Times: user=0.39 sys=0.00, real=0.38 secs] 
186.114: [GC186.114: [DefNew: 69952K->69952K(78656K), 0.0000148 secs]186.114: [Tenured: 168195K->174784K(174784K), 0.3737285 secs] 238147K->175134K(253440K), [Perm : 7318K->7318K(21248K)], 0.3740765 secs] [Times: user=0.38 sys=0.00, real=0.37 secs] 
186.618: [Full GC186.618: [Tenured: 174784K->163929K(174784K), 0.3835319 secs] 253439K->163929K(253440K), [Perm : 7318K->7318K(21248K)], 0.3838164 secs] [Times: user=0.39 sys=0.00, real=0.38 secs] 
187.078: [GC187.079: [DefNew: 69952K->69952K(78656K), 0.0000154 secs]187.079: [Tenured: 163929K->174476K(174784K), 0.3714960 secs] 233881K->174476K(253440K), [Perm : 7319K->7319K(21248K)], 0.3718671 secs] [Times: user=0.36 sys=0.00, real=0.37 secs] 
187.521: [GC187.521: [DefNew: 69952K->69952K(78656K), 0.0000160 secs]187.521: [Tenured: 174476K->172575K(174784K), 0.3716977 secs] 244428K->172575K(253440K), [Perm : 7319K->7319K(21248K)], 0.3720390 secs] [Times: user=0.38 sys=0.00, real=0.37 secs] 
187.980: [GC187.980: [DefNew: 69952K->69952K(78656K), 0.0000157 secs]187.980: [Tenured: 172575K->171927K(174784K), 0.3678215 secs] 242527K->171927K(253440K), [Perm : 7319K->7319K(21248K)], 0.3681650 secs] [Times: user=0.37 sys=0.00, real=0.37 secs] 
188.430: [GC188.430: [DefNew: 69952K->69952K(78656K), 0.0000157 secs]188.430: [Tenured: 171927K->171866K(174784K), 0.3912645 secs] 241879K->171866K(253440K), [Perm : 7319K->7319K(21248K)], 0.3916157 secs] [Times: user=0.39 sys=0.00, real=0.39 secs] 
188.902: [GC188.902: [DefNew: 69952K->69952K(78656K), 0.0000208 secs]188.902: [Tenured: 171866K->174783K(174784K), 0.3846141 secs] 241818K->177442K(253440K), [Perm : 7321K->7321K(21248K)], 0.3850929 secs] [Times: user=0.39 sys=0.00, real=0.39 secs] 
189.414: [Full GC189.415: [Tenured: 174783K->173034K(174784K), 0.3785659 secs] 253439K->173034K(253440K), [Perm : 7321K->7321K(21248K)], 0.3788344 secs] [Times: user=0.39 sys=0.00, real=0.38 secs] 
189.866: [GC189.866: [DefNew: 69952K->69952K(78656K), 0.0000167 secs]189.866: [Tenured: 173034K->170636K(174784K), 0.3877238 secs] 242986K->170636K(253440K), [Perm : 7321K->7321K(21248K)], 0.3881093 secs] [Times: user=0.39 sys=0.00, real=0.39 secs] 
190.324: [GC190.324: [DefNew: 69952K->69952K(78656K), 0.0000151 secs]190.324: [Tenured: 170636K->167041K(174784K), 0.3789197 secs] 240588K->167041K(253440K), [Perm : 7321K->7321K(21248K)], 0.3792661 secs] [Times: user=0.38 sys=0.00, real=0.38 secs] 
190.777: [GC190.777: [DefNew: 69952K->69952K(78656K), 0.0000154 secs]190.777: [Tenured: 167041K->173636K(174784K), 0.3757718 secs] 236993K->173636K(253440K), [Perm : 7321K->7321K(21248K)], 0.3761201 secs] [Times: user=0.37 sys=0.00, real=0.38 secs] 
191.231: [GC191.231: [DefNew: 69952K->69952K(78656K), 0.0000144 secs]191.231: [Tenured: 173636K->169819K(174784K), 0.3791448 secs] 243588K->169819K(253440K), [Perm : 7323K->7323K(21248K)], 0.3794829 secs] [Times: user=0.37 sys=0.00, real=0.38 secs] 
191.686: [GC191.687: [DefNew: 69952K->69952K(78656K), 0.0000157 secs]191.687: [Tenured: 169819K->170940K(174784K), 0.3749469 secs] 239771K->170940K(253440K), [Perm : 7323K->7323K(21248K)], 0.3753193 secs] [Times: user=0.37 sys=0.00, real=0.38 secs] 
192.139: [GC192.139: [DefNew: 69952K->69952K(78656K), 0.0000148 secs]192.139: [Tenured: 170940K->165590K(174784K), 0.3879784 secs] 240892K->165590K(253440K), [Perm : 7323K->7323K(21248K)], 0.3883536 secs] [Times: user=0.39 sys=0.00, real=0.39 secs] 
192.593: [GC192.593: [DefNew: 69952K->69952K(78656K), 0.0000151 secs] 235542K->235542K(253440K), 0.0002460 secs] [Times: user=0.00 sys=0.00, real=0.00 secs] 
192.594: [Full GC192.594: [Tenured: 165590K->165610K(174784K), 0.3720274 secs] 235542K->165610K(253440K), [Perm : 7323K->7268K(21248K)], 0.3722041 secs] [Times: user=0.37 sys=0.00, real=0.37 secs] 
193.044: [GC193.044: [DefNew: 69952K->69952K(78656K), 0.0000151 secs]193.044: [Tenured: 165610K->174427K(174784K), 0.3625934 secs] 235562K->174427K(253440K), [Perm : 7318K->7318K(21248K)], 0.3629437 secs] [Times: user=0.36 sys=0.00, real=0.36 secs] 
193.481: [GC193.481: [DefNew: 69952K->69952K(78656K), 0.0000160 secs]193.481: [Tenured: 174427K->174783K(174784K), 0.3811256 secs] 244379K->176208K(253440K), [Perm : 7318K->7318K(21248K)], 0.3814906 secs] [Times: user=0.38 sys=0.00, real=0.38 secs] 
193.998: [Full GC193.998: [Tenured: 174783K->166416K(174784K), 0.3776884 secs] 253439K->166416K(253440K), [Perm : 7319K->7319K(21248K)], 0.3779671 secs] [Times: user=0.37 sys=0.00, real=0.38 secs] 
194.451: [GC194.451: [DefNew: 69952K->69952K(78656K), 0.0000144 secs]194.451: [Tenured: 166416K->170728K(174784K), 0.3735749 secs] 236368K->170728K(253440K), [Perm : 7319K->7319K(21248K)], 0.3739107 secs] [Times: user=0.37 sys=0.00, real=0.37 secs] 
194.911: [GC194.912: [DefNew: 69952K->69952K(78656K), 0.0000154 secs]194.912: [Tenured: 170728K->167498K(174784K), 0.3601059 secs] 240680K->167498K(253440K), [Perm : 7319K->7319K(21248K)], 0.3604786 secs] [Times: user=0.36 sys=0.00, real=0.36 secs] 
195.346: [GC195.346: [DefNew: 69952K->69952K(78656K), 0.0000170 secs]195.346: [Tenured: 167498K->171849K(174784K), 0.3771862 secs] 237450K->171849K(253440K), [Perm : 7319K->7319K(21248K)], 0.3775755 secs] [Times: user=0.36 sys=0.02, real=0.38 secs] 
195.796: [GC195.796: [DefNew: 69952K->69952K(78656K), 0.0000164 secs]195.796: [Tenured: 171849K->166003K(174784K), 0.3782523 secs] 241801K->166003K(253440K), [Perm : 7322K->7322K(21248K)], 0.3785845 secs] [Times: user=0.39 sys=0.00, real=0.38 secs] 
196.249: [GC196.249: [DefNew: 69952K->69952K(78656K), 0.0000167 secs]196.249: [Tenured: 166003K->174783K(174784K), 0.3816384 secs] 235955K->180848K(253440K), [Perm : 7322K->7322K(21248K)], 0.3819886 secs] [Times: user=0.39 sys=0.00, real=0.38 secs] 
196.753: [Full GC196.753: [Tenured: 174783K->173690K(174784K), 0.3871570 secs] 253439K->173690K(253440K), [Perm : 7322K->7322K(21248K)], 0.3874537 secs] [Times: user=0.39 sys=0.00, real=0.39 secs] 
197.211: [GC197.211: [DefNew: 69952K->69952K(78656K), 0.0000164 secs]197.211: [Tenured: 173690K->170220K(174784K), 0.3678693 secs] 243642K->170220K(253440K), [Perm : 7322K->7322K(21248K)], 0.3682974 secs] [Times: user=0.38 sys=0.00, real=0.37 secs] 
197.655: [GC197.655: [DefNew: 69952K->69952K(78656K), 0.0000180 secs] 240172K->240172K(253440K), 0.0002710 secs] [Times: user=0.00 sys=0.00, real=0.00 secs] 
197.655: [Full GC197.655: [Tenured: 170220K->164076K(174784K), 0.3726631 secs] 240172K->164076K(253440K), [Perm : 7322K->7269K(21248K)], 0.3728520 secs] [Times: user=0.37 sys=0.00, real=0.37 secs] 
198.115: [GC198.115: [DefNew: 69952K->69952K(78656K), 0.0000151 secs]198.115: [Tenured: 164076K->171254K(174784K), 0.3793789 secs] 234028K->171254K(253440K), [Perm : 7318K->7318K(21248K)], 0.3797221 secs] [Times: user=0.37 sys=0.00, real=0.38 secs] 
198.569: [GC198.569: [DefNew: 69952K->69952K(78656K), 0.0000148 secs]198.569: [Tenured: 171254K->171404K(174784K), 0.3692881 secs] 241206K->171404K(253440K), [Perm : 7318K->7318K(21248K)], 0.3696236 secs] [Times: user=0.37 sys=0.00, real=0.37 secs] 
199.024: [GC199.024: [DefNew: 69952K->69952K(78656K), 0.0000154 secs]199.024: [Tenured: 171404K->173810K(174784K), 0.3758661 secs] 241356K->173810K(253440K), [Perm : 7319K->7319K(21248K)], 0.3762211 secs] [Times: user=0.39 sys=0.00, real=0.38 secs] 
199.471: [GC199.471: [DefNew: 69952K->69952K(78656K), 0.0000160 secs]199.471: [Tenured: 173810K->168903K(174784K), 0.3934223 secs] 243762K->168903K(253440K), [Perm : 7319K->7319K(21248K)], 0.3937677 secs] [Times: user=0.39 sys=0.00, real=0.39 secs] 
199.953: [GC199.954: [DefNew: 69952K->69952K(78656K), 0.0000151 secs] 238855K->238855K(253440K), 0.0002511 secs] [Times: user=0.00 sys=0.00, real=0.00 secs] 
199.954: [Full GC199.954: [Tenured: 168903K->168213K(174784K), 0.3854835 secs] 238855K->168213K(253440K), [Perm : 7322K->7269K(21248K)], 0.3858267 secs] [Times: user=0.39 sys=0.00, real=0.39 secs] 
200.416: [GC200.416: [DefNew: 69952K->69952K(78656K), 0.0000266 secs]200.416: [Tenured: 168213K->173219K(174784K), 0.3735588 secs] 238165K->173219K(253440K), [Perm : 7269K->7269K(21248K)], 0.3740088 secs] [Times: user=0.38 sys=0.00, real=0.38 secs] 
200.870: [GC200.871: [DefNew: 69952K->69952K(78656K), 0.0000180 secs]200.871: [Tenured: 173219K->174585K(174784K), 0.3774636 secs] 243171K->174585K(253440K), [Perm : 7318K->7318K(21248K)], 0.3778719 secs] [Times: user=0.37 sys=0.00, real=0.38 secs] 
201.324: [GC201.324: [DefNew: 69952K->69952K(78656K), 0.0000151 secs]201.324: [Tenured: 174585K->163701K(174784K), 0.3699645 secs] 244537K->163701K(253440K), [Perm : 7318K->7318K(21248K)], 0.3703080 secs] [Times: user=0.38 sys=0.00, real=0.37 secs] 
201.769: [GC201.769: [DefNew: 69952K->69952K(78656K), 0.0000151 secs]201.769: [Tenured: 163701K->167883K(174784K), 0.3761669 secs] 233653K->167883K(253440K), [Perm : 7318K->7318K(21248K)], 0.3765091 secs] [Times: user=0.37 sys=0.00, real=0.38 secs] 
202.222: [GC202.222: [DefNew: 69952K->69952K(78656K), 0.0000154 secs]202.222: [Tenured: 167883K->174620K(174784K), 0.3721060 secs] 237835K->174620K(253440K), [Perm : 7319K->7319K(21248K)], 0.3725803 secs] [Times: user=0.37 sys=0.00, real=0.37 secs] 
202.670: [GC202.670: [DefNew: 69952K->69952K(78656K), 0.0000157 secs]202.670: [Tenured: 174620K->174783K(174784K), 0.3826343 secs] 244572K->179132K(253440K), [Perm : 7319K->7319K(21248K)], 0.3829710 secs] [Times: user=0.39 sys=0.00, real=0.38 secs] 
203.191: [Full GC203.191: [Tenured: 174783K->170821K(174784K), 0.3895179 secs] 253439K->170821K(253440K), [Perm : 7319K->7319K(21248K)], 0.3898043 secs] [Times: user=0.39 sys=0.00, real=0.39 secs] 
203.656: [GC203.656: [DefNew: 69952K->69952K(78656K), 0.0000183 secs]203.656: [Tenured: 170821K->171904K(174784K), 0.3727667 secs] 240773K->171904K(253440K), [Perm : 7319K->7319K(21248K)], 0.3731127 secs] [Times: user=0.37 sys=0.00, real=0.37 secs] 
204.109: [GC204.110: [DefNew: 69952K->69952K(78656K), 0.0000151 secs]204.110: [Tenured: 171904K->170705K(174784K), 0.3651332 secs] 241856K->170705K(253440K), [Perm : 7322K->7322K(21248K)], 0.3654818 secs] [Times: user=0.37 sys=0.00, real=0.37 secs] 
204.551: [GC204.551: [DefNew: 69952K->69952K(78656K), 0.0000157 secs]204.551: [Tenured: 170705K->170180K(174784K), 0.3663956 secs] 240657K->170180K(253440K), [Perm : 7322K->7322K(21248K)], 0.3669366 secs] [Times: user=0.36 sys=0.00, real=0.37 secs] 
205.008: [GC205.008: [DefNew: 69952K->69952K(78656K), 0.0000148 secs]205.008: [Tenured: 170180K->160647K(174784K), 0.3629639 secs] 240132K->160647K(253440K), [Perm : 7322K->7322K(21248K)], 0.3633147 secs] [Times: user=0.36 sys=0.00, real=0.36 secs] 
205.448: [GC205.448: [DefNew: 69952K->69952K(78656K), 0.0000157 secs]205.448: [Tenured: 160647K->174783K(174784K), 0.3772728 secs] 230599K->177453K(253440K), [Perm : 7322K->7322K(21248K)], 0.3776179 secs] [Times: user=0.37 sys=0.00, real=0.38 secs] 
205.963: [Full GC205.964: [Tenured: 174783K->174784K(174784K), 0.3873661 secs] 253439K->179163K(253440K), [Perm : 7324K->7324K(21248K)], 0.3876336 secs] [Times: user=0.39 sys=0.00, real=0.39 secs] 
206.476: [Full GC206.476: [Tenured: 174784K->174784K(174784K), 0.3856772 secs] 253439K->176418K(253440K), [Perm : 7324K->7324K(21248K)], 0.3859771 secs] [Times: user=0.39 sys=0.00, real=0.39 secs] 
206.984: [Full GC206.984: [Tenured: 174784K->163480K(174784K), 0.3769774 secs] 253440K->163480K(253440K), [Perm : 7324K->7324K(21248K)], 0.3772753 secs] [Times: user=0.38 sys=0.00, real=0.38 secs] 
207.436: [GC207.437: [DefNew: 69952K->69952K(78656K), 0.0000167 secs]207.437: [Tenured: 163480K->174783K(174784K), 0.3800470 secs] 233432K->175392K(253440K), [Perm : 7324K->7324K(21248K)], 0.3803918 secs] [Times: user=0.37 sys=0.00, real=0.38 secs] 
207.956: [Full GC207.956: [Tenured: 174783K->173539K(174784K), 0.3795088 secs] 253439K->173539K(253440K), [Perm : 7324K->7324K(21248K)], 0.3797904 secs] [Times: user=0.37 sys=0.00, real=0.38 secs] 
208.410: [GC208.410: [DefNew: 69952K->69952K(78656K), 0.0000160 secs]208.410: [Tenured: 173539K->164470K(174784K), 0.3743809 secs] 243491K->164470K(253440K), [Perm : 7324K->7324K(21248K)], 0.3747234 secs] [Times: user=0.38 sys=0.00, real=0.38 secs] 
208.863: [GC208.863: [DefNew: 69952K->69952K(78656K), 0.0000157 secs]208.863: [Tenured: 164470K->165891K(174784K), 0.3728491 secs] 234422K->165891K(253440K), [Perm : 7325K->7325K(21248K)], 0.3731996 secs] [Times: user=0.37 sys=0.00, real=0.37 secs] 
209.312: [GC209.312: [DefNew: 69952K->69952K(78656K), 0.0000154 secs]209.312: [Tenured: 165891K->174783K(174784K), 0.3794338 secs] 235843K->176435K(253440K), [Perm : 7325K->7325K(21248K)], 0.3797725 secs] [Times: user=0.37 sys=0.00, real=0.38 secs] 
209.819: [Full GC209.820: [Tenured: 174783K->174783K(174784K), 0.3897844 secs] 253439K->179523K(253440K), [Perm : 7325K->7325K(21248K)], 0.3900987 secs] [Times: user=0.39 sys=0.00, real=0.39 secs] 
210.339: [Full GC210.340: [Tenured: 174783K->167868K(174784K), 0.3848806 secs] 253439K->167868K(253440K), [Perm : 7325K->7325K(21248K)], 0.3851570 secs] [Times: user=0.38 sys=0.00, real=0.38 secs] 
210.805: [GC210.805: [DefNew: 69952K->69952K(78656K), 0.0000164 secs]210.805: [Tenured: 167868K->161875K(174784K), 0.3721185 secs] 237820K->161875K(253440K), [Perm : 7325K->7325K(21248K)], 0.3724649 secs] [Times: user=0.34 sys=0.00, real=0.37 secs] 
211.242: [GC211.242: [DefNew: 69952K->69952K(78656K), 0.0000151 secs]211.242: [Tenured: 161875K->173576K(174784K), 0.3730967 secs] 231827K->173576K(253440K), [Perm : 7325K->7325K(21248K)], 0.3734354 secs] [Times: user=0.38 sys=0.00, real=0.37 secs] 
211.691: [GC211.691: [DefNew: 69952K->69952K(78656K), 0.0000148 secs] 243528K->243528K(253440K), 0.0002559 secs] [Times: user=0.00 sys=0.00, real=0.00 secs] 
211.691: [Full GC211.691: [Tenured: 173576K->166903K(174784K), 0.3778482 secs] 243528K->166903K(253440K), [Perm : 7325K->7270K(21248K)], 0.3780306 secs] [Times: user=0.39 sys=0.00, real=0.38 secs] 
212.152: [GC212.152: [DefNew: 69952K->69952K(78656K), 0.0000160 secs]212.153: [Tenured: 166903K->174783K(174784K), 0.3749100 secs] 236855K->177436K(253440K), [Perm : 7320K->7320K(21248K)], 0.3752875 secs] [Times: user=0.37 sys=0.00, real=0.38 secs] 
212.653: [Full GC212.653: [Tenured: 174783K->166306K(174784K), 0.3799450 secs] 253439K->166306K(253440K), [Perm : 7320K->7320K(21248K)], 0.3802475 secs] [Times: user=0.38 sys=0.00, real=0.38 secs] 
213.107: [GC213.107: [DefNew: 69952K->69952K(78656K), 0.0000160 secs]213.107: [Tenured: 166306K->174784K(174784K), 0.3696384 secs] 236258K->177363K(253440K), [Perm : 7320K->7320K(21248K)], 0.3700482 secs] [Times: user=0.38 sys=0.00, real=0.37 secs] 
213.602: [Full GC213.602: [Tenured: 174784K->170513K(174784K), 0.3742641 secs] 253440K->170513K(253440K), [Perm : 7320K->7320K(21248K)], 0.3745560 secs] [Times: user=0.37 sys=0.00, real=0.38 secs] 
214.053: [GC214.054: [DefNew: 69952K->69952K(78656K), 0.0000154 secs]214.054: [Tenured: 170513K->170004K(174784K), 0.3692009 secs] 240465K->170004K(253440K), [Perm : 7320K->7320K(21248K)], 0.3695919 secs] [Times: user=0.36 sys=0.00, real=0.37 secs] 
214.499: [GC214.499: [DefNew: 69952K->69952K(78656K), 0.0000151 secs]214.499: [Tenured: 170004K->169613K(174784K), 0.3837404 secs] 239956K->169613K(253440K), [Perm : 7320K->7320K(21248K)], 0.3840801 secs] [Times: user=0.39 sys=0.00, real=0.38 secs] 
214.971: [GC214.971: [DefNew: 69952K->69952K(78656K), 0.0000160 secs]214.972: [Tenured: 169613K->174784K(174784K), 0.3797359 secs] 239565K->176866K(253440K), [Perm : 7323K->7323K(21248K)], 0.3800855 secs] [Times: user=0.37 sys=0.00, real=0.38 secs] 
215.481: [Full GC215.481: [Tenured: 174784K->174784K(174784K), 0.3852446 secs] 253439K->176490K(253440K), [Perm : 7323K->7323K(21248K)], 0.3855243 secs] [Times: user=0.39 sys=0.00, real=0.38 secs] 
216.000: [Full GC216.000: [Tenured: 174784K->173381K(174784K), 0.3804075 secs] 253440K->173381K(253440K), [Perm : 7323K->7323K(21248K)], 0.3806917 secs] [Times: user=0.37 sys=0.00, real=0.38 secs] 
216.456: [GC216.456: [DefNew: 69952K->69952K(78656K), 0.0000157 secs]216.456: [Tenured: 173381K->163765K(174784K), 0.3759610 secs] 243333K->163765K(253440K), [Perm : 7323K->7323K(21248K)], 0.3763055 secs] [Times: user=0.38 sys=0.00, real=0.38 secs] 
216.914: [GC216.914: [DefNew: 69952K->69952K(78656K), 0.0000151 secs] 233717K->233717K(253440K), 0.0002864 secs] [Times: user=0.00 sys=0.00, real=0.00 secs] 
216.914: [Full GC216.914: [Tenured: 163765K->166359K(174784K), 0.3754825 secs] 233717K->166359K(253440K), [Perm : 7325K->7270K(21248K)], 0.3756875 secs] [Times: user=0.37 sys=0.00, real=0.38 secs] 
217.367: [GC217.367: [DefNew: 69952K->69952K(78656K), 0.0000157 secs]217.367: [Tenured: 166359K->174783K(174784K), 0.3785640 secs] 236311K->175610K(253440K), [Perm : 7270K->7270K(21248K)], 0.3789036 secs] [Times: user=0.38 sys=0.00, real=0.38 secs] 
217.889: [Full GC217.890: [Tenured: 174783K->174469K(174784K), 0.3819893 secs] 253439K->174469K(253440K), [Perm : 7296K->7296K(21248K)], 0.3822731 secs] [Times: user=0.37 sys=0.00, real=0.38 secs] 
218.335: [GC218.335: [DefNew: 69952K->69952K(78656K), 0.0000244 secs]218.335: [Tenured: 174469K->167125K(174784K), 0.3791237 secs] 244421K->167125K(253440K), [Perm : 7320K->7320K(21248K)], 0.3795008 secs] [Times: user=0.39 sys=0.00, real=0.38 secs] 
218.794: [GC218.794: [DefNew: 69952K->69952K(78656K), 0.0000154 secs]218.794: [Tenured: 167125K->174784K(174784K), 0.3784254 secs] 237077K->175356K(253440K), [Perm : 7321K->7321K(21248K)], 0.3787747 secs] [Times: user=0.37 sys=0.00, real=0.38 secs] 
219.303: [Full GC219.303: [Tenured: 174784K->174784K(174784K), 0.3809069 secs] 253440K->175588K(253440K), [Perm : 7322K->7322K(21248K)], 0.3811872 secs] [Times: user=0.39 sys=0.00, real=0.38 secs] 
219.811: [Full GC219.811: [Tenured: 174784K->165190K(174784K), 0.3837709 secs] 253439K->165190K(253440K), [Perm : 7325K->7325K(21248K)], 0.3840823 secs] [Times: user=0.39 sys=0.00, real=0.38 secs] 
220.282: [GC220.283: [DefNew: 69952K->69952K(78656K), 0.0000154 secs]220.283: [Tenured: 165190K->164432K(174784K), 0.3771750 secs] 235142K->164432K(253440K), [Perm : 7325K->7325K(21248K)], 0.3775213 secs] [Times: user=0.37 sys=0.00, real=0.38 secs] 
220.734: [GC220.734: [DefNew: 69952K->69952K(78656K), 0.0000151 secs] 234384K->234384K(253440K), 0.0002454 secs] [Times: user=0.00 sys=0.00, real=0.00 secs] 
220.734: [Full GC220.734: [Tenured: 164432K->166138K(174784K), 0.3859630 secs] 234384K->166138K(253440K), [Perm : 7325K->7271K(21248K)], 0.3861416 secs] [Times: user=0.39 sys=0.00, real=0.39 secs] 
221.203: [GC221.203: [DefNew: 69952K->69952K(78656K), 0.0000157 secs]221.203: [Tenured: 166138K->174783K(174784K), 0.3747150 secs] 236090K->176440K(253440K), [Perm : 7321K->7321K(21248K)], 0.3750784 secs] [Times: user=0.37 sys=0.00, real=0.38 secs] 
221.705: [Full GC221.705: [Tenured: 174783K->174784K(174784K), 0.3882773 secs] 253439K->178236K(253440K), [Perm : 7321K->7321K(21248K)], 0.3885711 secs] [Times: user=0.39 sys=0.00, real=0.39 secs] 
222.226: [Full GC222.226: [Tenured: 174784K->162673K(174784K), 0.3827042 secs] 253440K->162673K(253440K), [Perm : 7322K->7322K(21248K)], 0.3830358 secs] [Times: user=0.37 sys=0.00, real=0.38 secs] 
222.682: [GC222.683: [DefNew: 69952K->69952K(78656K), 0.0000151 secs] 232625K->232625K(253440K), 0.0002534 secs] [Times: user=0.00 sys=0.00, real=0.00 secs] 
222.683: [Full GC222.683: [Tenured: 162673K->163692K(174784K), 0.3772195 secs] 232625K->163692K(253440K), [Perm : 7322K->7272K(21248K)], 0.3774007 secs] [Times: user=0.38 sys=0.00, real=0.38 secs] 
223.145: [GC223.145: [DefNew: 69952K->69952K(78656K), 0.0000160 secs]223.145: [Tenured: 163692K->170301K(174784K), 0.3648311 secs] 233644K->170301K(253440K), [Perm : 7321K->7321K(21248K)], 0.3651829 secs] [Times: user=0.36 sys=0.00, real=0.37 secs] 
223.586: [GC223.586: [DefNew: 69952K->69952K(78656K), 0.0000176 secs]223.586: [Tenured: 170301K->173408K(174784K), 0.3755210 secs] 240253K->173408K(253440K), [Perm : 7321K->7321K(21248K)], 0.3758661 secs] [Times: user=0.38 sys=0.00, real=0.38 secs] 
224.040: [GC224.040: [DefNew: 69952K->69952K(78656K), 0.0000151 secs]224.040: [Tenured: 173408K->168469K(174784K), 0.3771592 secs] 243360K->168469K(253440K), [Perm : 7322K->7322K(21248K)], 0.3775031 secs] [Times: user=0.37 sys=0.00, real=0.38 secs] 
224.494: [GC224.494: [DefNew: 69952K->69952K(78656K), 0.0000157 secs]224.494: [Tenured: 168469K->174783K(174784K), 0.3977587 secs] 238421K->179110K(253440K), [Perm : 7322K->7322K(21248K)], 0.3981513 secs] [Times: user=0.41 sys=0.00, real=0.40 secs] 
225.021: [Full GC225.021: [Tenured: 174783K->174607K(174784K), 0.3760845 secs] 253439K->174607K(253440K), [Perm : 7322K->7322K(21248K)], 0.3764100 secs] [Times: user=0.37 sys=0.00, real=0.38 secs] 
225.473: [GC225.473: [DefNew: 69952K->69952K(78656K), 0.0000148 secs]225.473: [Tenured: 174607K->170366K(174784K), 0.3907013 secs] 244559K->170366K(253440K), [Perm : 7322K->7322K(21248K)], 0.3910467 secs] [Times: user=0.39 sys=0.00, real=0.39 secs] 
225.949: [GC225.949: [DefNew: 69952K->69952K(78656K), 0.0000154 secs]225.949: [Tenured: 170366K->164154K(174784K), 0.3682452 secs] 240318K->164154K(253440K), [Perm : 7325K->7325K(21248K)], 0.3686156 secs] [Times: user=0.37 sys=0.00, real=0.37 secs] 
226.394: [GC226.394: [DefNew: 69952K->69952K(78656K), 0.0000157 secs]226.394: [Tenured: 164154K->171123K(174784K), 0.3878751 secs] 234106K->171123K(253440K), [Perm : 7325K->7325K(21248K)], 0.3882404 secs] [Times: user=0.39 sys=0.00, real=0.39 secs] 
226.866: [GC226.866: [DefNew: 69952K->69952K(78656K), 0.0000266 secs]226.866: [Tenured: 171123K->174784K(174784K), 0.3775544 secs] 241075K->176861K(253440K), [Perm : 7325K->7325K(21248K)], 0.3779533 secs] [Times: user=0.37 sys=0.00, real=0.38 secs] 
227.368: [Full GC227.368: [Tenured: 174784K->172990K(174784K), 0.3848151 secs] 253439K->172990K(253440K), [Perm : 7325K->7325K(21248K)], 0.3851336 secs] [Times: user=0.39 sys=0.00, real=0.38 secs] 
227.845: [GC227.845: [DefNew: 69952K->69952K(78656K), 0.0000148 secs]227.845: [Tenured: 172990K->163543K(174784K), 0.3766827 secs] 242942K->163543K(253440K), [Perm : 7325K->7325K(21248K)], 0.3770290 secs] [Times: user=0.38 sys=0.00, real=0.38 secs] 
228.294: [GC228.294: [DefNew: 69952K->69952K(78656K), 0.0000151 secs]228.294: [Tenured: 163543K->172009K(174784K), 0.3696829 secs] 233495K->172009K(253440K), [Perm : 7327K->7327K(21248K)], 0.3700197 secs] [Times: user=0.36 sys=0.00, real=0.37 secs] 
228.735: [GC228.736: [DefNew: 69952K->69952K(78656K), 0.0000160 secs] 241961K->241961K(253440K), 0.0002710 secs] [Times: user=0.00 sys=0.00, real=0.00 secs] 
228.736: [Full GC228.736: [Tenured: 172009K->161568K(174784K), 0.3832959 secs] 241961K->161568K(253440K), [Perm : 7327K->7272K(21248K)], 0.3835515 secs] [Times: user=0.39 sys=0.00, real=0.38 secs] 
229.194: [GC229.195: [DefNew: 69952K->69952K(78656K), 0.0000148 secs]229.195: [Tenured: 161568K->174515K(174784K), 0.3681053 secs] 231520K->174515K(253440K), [Perm : 7322K->7322K(21248K)], 0.3684822 secs] [Times: user=0.38 sys=0.00, real=0.37 secs] 
229.636: [GC229.637: [DefNew: 69952K->69952K(78656K), 0.0000154 secs]229.637: [Tenured: 174515K->167480K(174784K), 0.3782269 secs] 244467K->167480K(253440K), [Perm : 7322K->7322K(21248K)], 0.3785855 secs] [Times: user=0.37 sys=0.00, real=0.38 secs] 
230.097: [GC230.098: [DefNew: 69952K->69952K(78656K), 0.0000148 secs]230.098: [Tenured: 167480K->170410K(174784K), 0.3628173 secs] 237432K->170410K(253440K), [Perm : 7322K->7322K(21248K)], 0.3631602 secs] [Times: user=0.38 sys=0.00, real=0.36 secs] 
230.537: [GC230.537: [DefNew: 69952K->69952K(78656K), 0.0000157 secs]230.538: [Tenured: 170410K->174610K(174784K), 0.3747622 secs] 240362K->174610K(253440K), [Perm : 7322K->7322K(21248K)], 0.3751086 secs] [Times: user=0.39 sys=0.00, real=0.38 secs] 
231.003: [GC231.004: [DefNew: 69952K->69952K(78656K), 0.0000144 secs] 244562K->244562K(253440K), 0.0002498 secs] [Times: user=0.00 sys=0.00, real=0.00 secs] 
231.004: [Full GC231.004: [Tenured: 174610K->165643K(174784K), 0.3747234 secs] 244562K->165643K(253440K), [Perm : 7322K->7272K(21248K)], 0.3748946 secs] [Times: user=0.38 sys=0.00, real=0.38 secs] 
231.455: [GC231.456: [DefNew: 69952K->69952K(78656K), 0.0000148 secs]231.456: [Tenured: 165643K->171144K(174784K), 0.3830117 secs] 235595K->171144K(253440K), [Perm : 7272K->7272K(21248K)], 0.3833565 secs] [Times: user=0.39 sys=0.00, real=0.38 secs] 
231.923: [GC231.924: [DefNew: 69952K->69952K(78656K), 0.0000157 secs]231.924: [Tenured: 171144K->174783K(174784K), 0.3732166 secs] 241096K->175799K(253440K), [Perm : 7322K->7322K(21248K)], 0.3735957 secs] [Times: user=0.38 sys=0.00, real=0.37 secs] 
232.427: [Full GC232.428: [Tenured: 174783K->172078K(174784K), 0.3753632 secs] 253439K->172078K(253440K), [Perm : 7322K->7322K(21248K)], 0.3756403 secs] [Times: user=0.37 sys=0.00, real=0.38 secs] 
232.882: [GC232.882: [DefNew: 69952K->69952K(78656K), 0.0000154 secs]232.882: [Tenured: 172078K->172394K(174784K), 0.3722163 secs] 242030K->172394K(253440K), [Perm : 7322K->7322K(21248K)], 0.3726111 secs] [Times: user=0.38 sys=0.00, real=0.37 secs] 
233.330: [GC233.330: [DefNew: 69952K->69952K(78656K), 0.0000148 secs]233.330: [Tenured: 172394K->161742K(174784K), 0.3672792 secs] 242346K->161742K(253440K), [Perm : 7322K->7322K(21248K)], 0.3676194 secs] [Times: user=0.37 sys=0.00, real=0.37 secs] 
233.772: [GC233.772: [DefNew: 69952K->69952K(78656K), 0.0000151 secs]233.772: [Tenured: 161742K->174783K(174784K), 0.3979156 secs] 231694K->178851K(253440K), [Perm : 7322K->7322K(21248K)], 0.3982687 secs] [Times: user=0.39 sys=0.00, real=0.40 secs] 
234.294: [Full GC234.294: [Tenured: 174783K->174783K(174784K), 0.4086093 secs] 253439K->178573K(253440K), [Perm : 7322K->7322K(21248K)], 0.4089483 secs] [Times: user=0.41 sys=0.00, real=0.41 secs] 
234.824: [Full GC234.825: [Tenured: 174783K->173593K(174784K), 0.3875804 secs] 253439K->173593K(253440K), [Perm : 7325K->7325K(21248K)], 0.3878578 secs] [Times: user=0.39 sys=0.00, real=0.39 secs] 
235.294: [GC235.294: [DefNew: 69952K->69952K(78656K), 0.0000154 secs]235.294: [Tenured: 173593K->171938K(174784K), 0.3849470 secs] 243545K->171938K(253440K), [Perm : 7325K->7325K(21248K)], 0.3853046 secs] [Times: user=0.39 sys=0.00, real=0.38 secs] 
235.753: [GC235.754: [DefNew: 69952K->69952K(78656K), 0.0000160 secs]235.754: [Tenured: 171938K->170240K(174784K), 0.3730358 secs] 241890K->170240K(253440K), [Perm : 7325K->7325K(21248K)], 0.3733866 secs] [Times: user=0.37 sys=0.00, real=0.37 secs] 
236.205: [GC236.205: [DefNew: 69952K->69952K(78656K), 0.0000164 secs]236.205: [Tenured: 170240K->168024K(174784K), 0.3623491 secs] 240192K->168024K(253440K), [Perm : 7325K->7325K(21248K)], 0.3626977 secs] [Times: user=0.36 sys=0.00, real=0.36 secs] 
236.644: [GC236.644: [DefNew: 69952K->69952K(78656K), 0.0000154 secs]236.644: [Tenured: 168024K->170897K(174784K), 0.3680354 secs] 237976K->170897K(253440K), [Perm : 7325K->7325K(21248K)], 0.3683709 secs] [Times: user=0.38 sys=0.00, real=0.37 secs] 
237.092: [GC237.092: [DefNew: 69952K->69952K(78656K), 0.0000154 secs]237.092: [Tenured: 170897K->167082K(174784K), 0.3734687 secs] 240849K->167082K(253440K), [Perm : 7327K->7327K(21248K)], 0.3738302 secs] [Times: user=0.37 sys=0.00, real=0.37 secs] 
237.541: [GC237.541: [DefNew: 69952K->69952K(78656K), 0.0000160 secs]237.541: [Tenured: 167082K->174784K(174784K), 0.4041491 secs] 237034K->177666K(253440K), [Perm : 7327K->7327K(21248K)], 0.4045150 secs] [Times: user=0.41 sys=0.00, real=0.40 secs] 
238.080: [Full GC238.080: [Tenured: 174784K->174784K(174784K), 0.3962475 secs] 253439K->178274K(253440K), [Perm : 7327K->7327K(21248K)], 0.3966083 secs] [Times: user=0.39 sys=0.00, real=0.40 secs] 
238.603: [Full GC238.603: [Tenured: 174784K->172656K(174784K), 0.3825002 secs] 253439K->172656K(253440K), [Perm : 7327K->7327K(21248K)], 0.3827818 secs] [Times: user=0.37 sys=0.00, real=0.38 secs] 
239.049: [GC239.050: [DefNew: 69952K->69952K(78656K), 0.0000151 secs]239.050: [Tenured: 172656K->166653K(174784K), 0.3789428 secs] 242608K->166653K(253440K), [Perm : 7327K->7327K(21248K)], 0.3793815 secs] [Times: user=0.37 sys=0.00, real=0.38 secs] 
239.506: [GC239.506: [DefNew: 69952K->69952K(78656K), 0.0000157 secs]239.506: [Tenured: 166653K->171036K(174784K), 0.3713876 secs] 236605K->171036K(253440K), [Perm : 7327K->7327K(21248K)], 0.3717349 secs] [Times: user=0.37 sys=0.00, real=0.37 secs] 
239.955: [GC239.955: [DefNew: 69952K->69952K(78656K), 0.0000154 secs]239.955: [Tenured: 171036K->168438K(174784K), 0.3630841 secs] 240988K->168438K(253440K), [Perm : 7327K->7327K(21248K)], 0.3634597 secs] [Times: user=0.37 sys=0.00, real=0.36 secs] 
240.395: [GC240.396: [DefNew: 69952K->69952K(78656K), 0.0000164 secs]240.396: [Tenured: 168438K->168920K(174784K), 0.3791939 secs] 238390K->168920K(253440K), [Perm : 7327K->7327K(21248K)], 0.3795393 secs] [Times: user=0.39 sys=0.00, real=0.38 secs] 
240.865: [GC240.866: [DefNew: 69952K->69952K(78656K), 0.0000164 secs]240.866: [Tenured: 168920K->169347K(174784K), 0.3833222 secs] 238872K->169347K(253440K), [Perm : 7327K->7327K(21248K)], 0.3837189 secs] [Times: user=0.37 sys=0.00, real=0.38 secs] 
241.314: [GC241.314: [DefNew: 69952K->69952K(78656K), 0.0000154 secs]241.314: [Tenured: 169347K->174783K(174784K), 0.3761926 secs] 239299K->178708K(253440K), [Perm : 7327K->7327K(21248K)], 0.3765335 secs] [Times: user=0.37 sys=0.00, real=0.38 secs] 
241.815: [Full GC241.815: [Tenured: 174783K->171037K(174784K), 0.3741705 secs] 253439K->171037K(253440K), [Perm : 7327K->7327K(21248K)], 0.3744540 secs] [Times: user=0.38 sys=0.00, real=0.37 secs] 
242.276: [GC242.276: [DefNew: 69952K->69952K(78656K), 0.0000164 secs]242.276: [Tenured: 171037K->169517K(174784K), 0.3641185 secs] 240989K->169517K(253440K), [Perm : 7327K->7327K(21248K)], 0.3645508 secs] [Times: user=0.36 sys=0.00, real=0.36 secs] 
242.716: [GC242.717: [DefNew: 69952K->69952K(78656K), 0.0000151 secs] 239469K->239469K(253440K), 0.0002434 secs] [Times: user=0.00 sys=0.00, real=0.00 secs] 
242.717: [Full GC242.717: [Tenured: 169517K->163208K(174784K), 0.3698754 secs] 239469K->163208K(253440K), [Perm : 7327K->7272K(21248K)], 0.3700559 secs] [Times: user=0.38 sys=0.00, real=0.37 secs] 
243.169: [GC243.169: [DefNew: 69952K->69952K(78656K), 0.0000148 secs]243.169: [Tenured: 163208K->174783K(174784K), 0.3732638 secs] 233160K->175075K(253440K), [Perm : 7322K->7322K(21248K)], 0.3736118 secs] [Times: user=0.37 sys=0.00, real=0.37 secs] 
243.673: [Full GC243.674: [Tenured: 174783K->172656K(174784K), 0.3777090 secs] 253439K->172656K(253440K), [Perm : 7322K->7322K(21248K)], 0.3779877 secs] [Times: user=0.37 sys=0.00, real=0.38 secs] 
244.129: [GC244.129: [DefNew: 69952K->69952K(78656K), 0.0000151 secs] 242608K->242608K(253440K), 0.0002511 secs] [Times: user=0.00 sys=0.00, real=0.00 secs] 
244.129: [Full GC244.129: [Tenured: 172656K->162289K(174784K), 0.3694184 secs] 242608K->162289K(253440K), [Perm : 7323K->7272K(21248K)], 0.3695951 secs] [Times: user=0.36 sys=0.00, real=0.37 secs] 
244.575: [GC244.575: [DefNew: 69952K->69952K(78656K), 0.0000160 secs]244.575: [Tenured: 162289K->166515K(174784K), 0.3774197 secs] 232241K->166515K(253440K), [Perm : 7272K->7272K(21248K)], 0.3777593 secs] [Times: user=0.39 sys=0.00, real=0.38 secs] 
245.043: [GC245.044: [DefNew: 69951K->69951K(78656K), 0.0000164 secs] 236467K->236467K(253440K), 0.0002944 secs] [Times: user=0.00 sys=0.00, real=0.00 secs] 
245.044: [Full GC245.044: [Tenured: 166515K->169317K(174784K), 0.3841628 secs] 236467K->169317K(253440K), [Perm : 7322K->7311K(21248K)], 0.3843411 secs] [Times: user=0.39 sys=0.00, real=0.38 secs] 
245.501: [GC245.501: [DefNew: 69952K->69952K(78656K), 0.0000151 secs]245.501: [Tenured: 169317K->174783K(174784K), 0.3769258 secs] 239269K->176820K(253440K), [Perm : 7313K->7313K(21248K)], 0.3772632 secs] [Times: user=0.37 sys=0.00, real=0.38 secs] 
245.992: [Full GC245.992: [Tenured: 174783K->172894K(174784K), 0.3772067 secs] 253439K->172894K(253440K), [Perm : 7313K->7313K(21248K)], 0.3775140 secs] [Times: user=0.37 sys=0.00, real=0.38 secs] 
246.449: [GC246.449: [DefNew: 69952K->69952K(78656K), 0.0000154 secs]246.449: [Tenured: 172894K->163057K(174784K), 0.3738122 secs] 242846K->163057K(253440K), [Perm : 7323K->7323K(21248K)], 0.3741631 secs] [Times: user=0.38 sys=0.00, real=0.37 secs] 
246.912: [GC246.912: [DefNew: 69952K->69952K(78656K), 0.0000151 secs]246.912: [Tenured: 163057K->171565K(174784K), 0.3683500 secs] 233009K->171565K(253440K), [Perm : 7323K->7323K(21248K)], 0.3687012 secs] [Times: user=0.38 sys=0.00, real=0.37 secs] 
247.344: [GC247.345: [DefNew: 69952K->69952K(78656K), 0.0000154 secs]247.345: [Tenured: 171565K->173089K(174784K), 0.3859428 secs] 241517K->173089K(253440K), [Perm : 7323K->7323K(21248K)], 0.3863459 secs] [Times: user=0.39 sys=0.00, real=0.39 secs] 
247.801: [GC247.801: [DefNew: 69952K->69952K(78656K), 0.0000208 secs]247.801: [Tenured: 173089K->174783K(174784K), 0.3933649 secs] 243041K->179399K(253440K), [Perm : 7326K->7326K(21248K)], 0.3937979 secs] [Times: user=0.39 sys=0.00, real=0.39 secs] 
248.322: [Full GC248.322: [Tenured: 174783K->170475K(174784K), 0.3786044 secs] 253439K->170475K(253440K), [Perm : 7326K->7326K(21248K)], 0.3788796 secs] [Times: user=0.39 sys=0.00, real=0.38 secs] 
248.769: [GC248.769: [DefNew: 69952K->69952K(78656K), 0.0000160 secs]248.769: [Tenured: 170475K->172256K(174784K), 0.3705280 secs] 240427K->172256K(253440K), [Perm : 7326K->7326K(21248K)], 0.3709001 secs] [Times: user=0.38 sys=0.00, real=0.37 secs] 
249.219: [GC249.220: [DefNew: 69952K->69952K(78656K), 0.0000154 secs]249.220: [Tenured: 172256K->172421K(174784K), 0.3632416 secs] 242208K->172421K(253440K), [Perm : 7326K->7326K(21248K)], 0.3635748 secs] [Times: user=0.36 sys=0.00, real=0.36 secs] 
249.652: [GC249.652: [DefNew: 69952K->69952K(78656K), 0.0000154 secs]249.652: [Tenured: 172421K->174784K(174784K), 0.3813793 secs] 242373K->176613K(253440K), [Perm : 7326K->7326K(21248K)], 0.3817375 secs] [Times: user=0.36 sys=0.00, real=0.38 secs] 
250.169: [Full GC250.169: [Tenured: 174784K->168440K(174784K), 0.3834001 secs] 253439K->168440K(253440K), [Perm : 7327K->7327K(21248K)], 0.3837273 secs] [Times: user=0.39 sys=0.00, real=0.38 secs] 
250.620: [GC250.620: [DefNew: 69952K->69952K(78656K), 0.0000170 secs]250.620: [Tenured: 168440K->174783K(174784K), 0.3793196 secs] 238392K->179441K(253440K), [Perm : 7327K->7327K(21248K)], 0.3796881 secs] [Times: user=0.38 sys=0.00, real=0.38 secs] 
251.128: [Full GC251.128: [Tenured: 174783K->174783K(174784K), 0.3801214 secs] 253439K->175361K(253440K), [Perm : 7327K->7327K(21248K)], 0.3804389 secs] [Times: user=0.39 sys=0.00, real=0.38 secs] 
251.638: [Full GC251.638: [Tenured: 174783K->169642K(174784K), 0.3728622 secs] 253439K->169642K(253440K), [Perm : 7327K->7327K(21248K)], 0.3731464 secs] [Times: user=0.37 sys=0.00, real=0.37 secs] 
252.085: [GC252.085: [DefNew: 69952K->69952K(78656K), 0.0000154 secs]252.085: [Tenured: 169642K->160711K(174784K), 0.3656377 secs] 239594K->160711K(253440K), [Perm : 7327K->7327K(21248K)], 0.3660139 secs] [Times: user=0.36 sys=0.00, real=0.37 secs] 
252.525: [GC252.525: [DefNew: 69952K->69952K(78656K), 0.0000154 secs]252.525: [Tenured: 160711K->174783K(174784K), 0.3885881 secs] 230663K->177819K(253440K), [Perm : 7327K->7327K(21248K)], 0.3889393 secs] [Times: user=0.39 sys=0.00, real=0.39 secs] 
253.049: [Full GC253.049: [Tenured: 174783K->174783K(174784K), 0.3859450 secs] 253439K->177366K(253440K), [Perm : 7329K->7329K(21248K)], 0.3862856 secs] [Times: user=0.38 sys=0.00, real=0.39 secs] 
253.563: [Full GC253.563: [Tenured: 174783K->173845K(174784K), 0.3830249 secs] 253439K->173845K(253440K), [Perm : 7329K->7329K(21248K)], 0.3833309 secs] [Times: user=0.39 sys=0.00, real=0.38 secs] 
254.021: [GC254.021: [DefNew: 69952K->69952K(78656K), 0.0000228 secs]254.021: [Tenured: 173845K->168951K(174784K), 0.3846692 secs] 243797K->168951K(253440K), [Perm : 7329K->7329K(21248K)], 0.3850268 secs] [Times: user=0.39 sys=0.00, real=0.39 secs] 
254.482: [GC254.482: [DefNew: 69952K->69952K(78656K), 0.0000157 secs]254.482: [Tenured: 168951K->174784K(174784K), 0.3794687 secs] 238903K->175284K(253440K), [Perm : 7329K->7329K(21248K)], 0.3798126 secs] [Times: user=0.39 sys=0.00, real=0.38 secs] 
254.992: [Full GC254.992: [Tenured: 174784K->174783K(174784K), 0.3873963 secs] 253440K->179005K(253440K), [Perm : 7329K->7329K(21248K)], 0.3877260 secs] [Times: user=0.39 sys=0.00, real=0.39 secs] 
255.499: [Full GC255.499: [Tenured: 174783K->172271K(174784K), 0.3784457 secs] 253439K->172271K(253440K), [Perm : 7329K->7329K(21248K)], 0.3787747 secs] [Times: user=0.38 sys=0.00, real=0.38 secs] 
255.946: [GC255.946: [DefNew: 69952K->69952K(78656K), 0.0000228 secs]255.946: [Tenured: 172271K->162271K(174784K), 0.3733966 secs] 242223K->162271K(253440K), [Perm : 7329K->7329K(21248K)], 0.3737927 secs] [Times: user=0.38 sys=0.00, real=0.37 secs] 
256.392: [GC256.392: [DefNew: 69952K->69952K(78656K), 0.0000154 secs]256.392: [Tenured: 162271K->170247K(174784K), 0.3677121 secs] 232223K->170247K(253440K), [Perm : 7329K->7329K(21248K)], 0.3680498 secs] [Times: user=0.36 sys=0.00, real=0.37 secs] 
256.834: [GC256.835: [DefNew: 69952K->69952K(78656K), 0.0000154 secs]256.835: [Tenured: 170247K->174783K(174784K), 0.3852209 secs] 240199K->176490K(253440K), [Perm : 7329K->7329K(21248K)], 0.3855708 secs] [Times: user=0.39 sys=0.00, real=0.39 secs] 
257.346: [Full GC257.346: [Tenured: 174783K->174784K(174784K), 0.3998511 secs] 253439K->178102K(253440K), [Perm : 7329K->7329K(21248K)], 0.4001548 secs] [Times: user=0.41 sys=0.00, real=0.40 secs] 
257.869: [Full GC257.869: [Tenured: 174784K->163086K(174784K), 0.3829806 secs] 253439K->163086K(253440K), [Perm : 7329K->7329K(21248K)], 0.3833030 secs] [Times: user=0.37 sys=0.00, real=0.38 secs] 
258.336: [GC258.336: [DefNew: 69952K->69952K(78656K), 0.0000148 secs] 233038K->233038K(253440K), 0.0002524 secs] [Times: user=0.00 sys=0.00, real=0.00 secs] 
258.336: [Full GC258.337: [Tenured: 163086K->167481K(174784K), 0.3786705 secs] 233038K->167481K(253440K), [Perm : 7329K->7274K(21248K)], 0.3788542 secs] [Times: user=0.36 sys=0.00, real=0.38 secs] 
258.795: [GC258.795: [DefNew: 69952K->69952K(78656K), 0.0000154 secs]258.795: [Tenured: 167481K->171919K(174784K), 0.3877680 secs] 237433K->171919K(253440K), [Perm : 7285K->7285K(21248K)], 0.3881060 secs] [Times: user=0.39 sys=0.00, real=0.39 secs] 
259.269: [GC259.269: [DefNew: 69952K->69952K(78656K), 0.0000148 secs]259.269: [Tenured: 171919K->171105K(174784K), 0.3662522 secs] 241871K->171105K(253440K), [Perm : 7324K->7324K(21248K)], 0.3666762 secs] [Times: user=0.37 sys=0.00, real=0.37 secs] 
259.710: [GC259.710: [DefNew: 69952K->69952K(78656K), 0.0000151 secs] 241057K->241057K(253440K), 0.0002534 secs] [Times: user=0.00 sys=0.00, real=0.00 secs] 
259.711: [Full GC259.711: [Tenured: 171105K->163511K(174784K), 0.3812898 secs] 241057K->163511K(253440K), [Perm : 7324K->7275K(21248K)], 0.3814652 secs] [Times: user=0.37 sys=0.00, real=0.38 secs] 
260.170: [GC260.171: [DefNew: 69952K->69952K(78656K), 0.0000160 secs]260.171: [Tenured: 163511K->172387K(174784K), 0.3656537 secs] 233463K->172387K(253440K), [Perm : 7324K->7324K(21248K)], 0.3661249 secs] [Times: user=0.38 sys=0.00, real=0.37 secs] 
260.613: [GC260.613: [DefNew: 69952K->69952K(78656K), 0.0000151 secs]260.613: [Tenured: 172387K->174783K(174784K), 0.3828597 secs] 242339K->180111K(253440K), [Perm : 7324K->7324K(21248K)], 0.3831920 secs] [Times: user=0.39 sys=0.00, real=0.38 secs] 
261.124: [Full GC261.124: [Tenured: 174783K->174783K(174784K), 0.3800281 secs] 253439K->175866K(253440K), [Perm : 7325K->7325K(21248K)], 0.3804197 secs] [Times: user=0.39 sys=0.00, real=0.38 secs] 
261.633: [Full GC261.633: [Tenured: 174783K->164078K(174784K), 0.3788417 secs] 253439K->164078K(253440K), [Perm : 7325K->7325K(21248K)], 0.3791233 secs] [Times: user=0.37 sys=0.00, real=0.38 secs] 
262.086: [GC262.086: [DefNew: 69952K->69952K(78656K), 0.0000176 secs]262.086: [Tenured: 164078K->171277K(174784K), 0.3722705 secs] 234030K->171277K(253440K), [Perm : 7325K->7325K(21248K)], 0.3726336 secs] [Times: user=0.38 sys=0.00, real=0.37 secs] 
262.534: [GC262.534: [DefNew: 69952K->69952K(78656K), 0.0000160 secs]262.534: [Tenured: 171277K->173808K(174784K), 0.3764909 secs] 241229K->173808K(253440K), [Perm : 7325K->7325K(21248K)], 0.3768549 secs] [Times: user=0.38 sys=0.00, real=0.38 secs] 
262.994: [GC262.994: [DefNew: 69952K->69952K(78656K), 0.0000154 secs]262.994: [Tenured: 173808K->174160K(174784K), 0.3728375 secs] 243760K->174160K(253440K), [Perm : 7328K->7328K(21248K)], 0.3731849 secs] [Times: user=0.38 sys=0.00, real=0.37 secs] 
263.440: [GC263.440: [DefNew: 69952K->69952K(78656K), 0.0000154 secs] 244112K->244112K(253440K), 0.0002476 secs] [Times: user=0.00 sys=0.00, real=0.00 secs] 
263.440: [Full GC263.441: [Tenured: 174160K->168270K(174784K), 0.3785278 secs] 244112K->168270K(253440K), [Perm : 7328K->7275K(21248K)], 0.3787051 secs] [Times: user=0.37 sys=0.00, real=0.38 secs] 
263.907: [GC263.907: [DefNew: 69952K->69952K(78656K), 0.0000154 secs]263.907: [Tenured: 168270K->174783K(174784K), 0.3858135 secs] 238222K->181897K(253440K), [Perm : 7324K->7324K(21248K)], 0.3861811 secs] [Times: user=0.38 sys=0.00, real=0.39 secs] 
264.412: [Full GC264.412: [Tenured: 174783K->172471K(174784K), 0.3738283 secs] 253439K->172471K(253440K), [Perm : 7324K->7324K(21248K)], 0.3741175 secs] [Times: user=0.37 sys=0.00, real=0.37 secs] 
264.879: [GC264.879: [DefNew: 69952K->69952K(78656K), 0.0000154 secs]264.879: [Tenured: 172471K->169250K(174784K), 0.3676198 secs] 242423K->169250K(253440K), [Perm : 7325K->7325K(21248K)], 0.3679729 secs] [Times: user=0.36 sys=0.00, real=0.37 secs] 
265.315: [GC265.315: [DefNew: 69952K->69952K(78656K), 0.0000167 secs]265.315: [Tenured: 169250K->157616K(174784K), 0.3592124 secs] 239202K->157616K(253440K), [Perm : 7325K->7325K(21248K)], 0.3595707 secs] [Times: user=0.36 sys=0.00, real=0.36 secs] 
265.750: [GC265.750: [DefNew: 69952K->69952K(78656K), 0.0000151 secs]265.750: [Tenured: 157616K->174784K(174784K), 0.3770476 secs] 227568K->176743K(253440K), [Perm : 7325K->7325K(21248K)], 0.3774206 secs] [Times: user=0.38 sys=0.00, real=0.38 secs] 
266.261: [Full GC266.261: [Tenured: 174784K->174644K(174784K), 0.3785486 secs] 253439K->174644K(253440K), [Perm : 7325K->7325K(21248K)], 0.3789354 secs] [Times: user=0.39 sys=0.00, real=0.38 secs] 
266.716: [GC266.716: [DefNew: 69952K->69952K(78656K), 0.0000151 secs]266.716: [Tenured: 174644K->174783K(174784K), 0.3801522 secs] 244596K->177712K(253440K), [Perm : 7328K->7328K(21248K)], 0.3804874 secs] [Times: user=0.37 sys=0.00, real=0.38 secs] 
267.225: [Full GC267.226: [Tenured: 174783K->167421K(174784K), 0.3795646 secs] 253439K->167421K(253440K), [Perm : 7328K->7328K(21248K)], 0.3798613 secs] [Times: user=0.39 sys=0.00, real=0.38 secs] 
267.680: [GC267.681: [DefNew: 69952K->69952K(78656K), 0.0000151 secs]267.681: [Tenured: 167421K->174784K(174784K), 0.3767583 secs] 237373K->175090K(253440K), [Perm : 7328K->7328K(21248K)], 0.3771147 secs] [Times: user=0.38 sys=0.02, real=0.38 secs] 
268.203: [Full GC268.203: [Tenured: 174784K->172551K(174784K), 0.3764598 secs] 253439K->172551K(253440K), [Perm : 7328K->7328K(21248K)], 0.3767369 secs] [Times: user=0.38 sys=0.00, real=0.38 secs] 
268.655: [GC268.655: [DefNew: 69952K->69952K(78656K), 0.0000154 secs]268.655: [Tenured: 172551K->161616K(174784K), 0.3707545 secs] 242503K->161616K(253440K), [Perm : 7328K->7328K(21248K)], 0.3710957 secs] [Times: user=0.37 sys=0.00, real=0.37 secs] 
269.112: [GC269.113: [DefNew: 69952K->69952K(78656K), 0.0000157 secs]269.113: [Tenured: 161616K->169089K(174784K), 0.3790881 secs] 231568K->169089K(253440K), [Perm : 7330K->7330K(21248K)], 0.3794671 secs] [Times: user=0.39 sys=0.00, real=0.38 secs] 
269.568: [GC269.568: [DefNew: 69952K->69952K(78656K), 0.0000154 secs]269.568: [Tenured: 169089K->173100K(174784K), 0.3722070 secs] 239041K->173100K(253440K), [Perm : 7330K->7330K(21248K)], 0.3725537 secs] [Times: user=0.38 sys=0.00, real=0.37 secs] 
270.026: [GC270.027: [DefNew: 69952K->69952K(78656K), 0.0000157 secs] 243052K->243052K(253440K), 0.0002633 secs] [Times: user=0.00 sys=0.00, real=0.00 secs] 
270.027: [Full GC270.027: [Tenured: 173100K->160876K(174784K), 0.3615540 secs] 243052K->160876K(253440K), [Perm : 7330K->7275K(21248K)], 0.3617352 secs] [Times: user=0.36 sys=0.00, real=0.36 secs] 
270.461: [GC270.462: [DefNew: 69952K->69952K(78656K), 0.0000212 secs]270.462: [Tenured: 160876K->173121K(174784K), 0.3681364 secs] 230828K->173121K(253440K), [Perm : 7275K->7275K(21248K)], 0.3685152 secs] [Times: user=0.36 sys=0.00, real=0.37 secs] 
270.909: [GC270.909: [DefNew: 69952K->69952K(78656K), 0.0000151 secs]270.909: [Tenured: 173121K->164517K(174784K), 0.3685765 secs] 243073K->164517K(253440K), [Perm : 7324K->7324K(21248K)], 0.3689677 secs] [Times: user=0.37 sys=0.00, real=0.37 secs] 
271.352: [GC271.353: [DefNew: 69952K->69952K(78656K), 0.0000167 secs]271.353: [Tenured: 164517K->172800K(174784K), 0.3693481 secs] 234469K->172800K(253440K), [Perm : 7324K->7324K(21248K)], 0.3696987 secs] [Times: user=0.38 sys=0.00, real=0.37 secs] 
271.798: [GC271.798: [DefNew: 69952K->69952K(78656K), 0.0000157 secs]271.798: [Tenured: 172800K->174784K(174784K), 0.3767856 secs] 242752K->176515K(253440K), [Perm : 7324K->7324K(21248K)], 0.3771426 secs] [Times: user=0.39 sys=0.00, real=0.38 secs] 
272.304: [Full GC272.304: [Tenured: 174784K->173705K(174784K), 0.3764472 secs] 253440K->173705K(253440K), [Perm : 7325K->7325K(21248K)], 0.3767340 secs] [Times: user=0.38 sys=0.00, real=0.38 secs] 
272.755: [GC272.755: [DefNew: 69952K->69952K(78656K), 0.0000157 secs] 243657K->243657K(253440K), 0.0002476 secs] [Times: user=0.00 sys=0.00, real=0.00 secs] 
272.755: [Full GC272.755: [Tenured: 173705K->159072K(174784K), 0.3642516 secs] 243657K->159072K(253440K), [Perm : 7325K->7275K(21248K)], 0.3644466 secs] [Times: user=0.36 sys=0.00, real=0.37 secs] 
273.193: [GC273.193: [DefNew: 69952K->69952K(78656K), 0.0000151 secs]273.193: [Tenured: 159072K->170500K(174784K), 0.3489420 secs] 229024K->170500K(253440K), [Perm : 7325K->7325K(21248K)], 0.3492913 secs] [Times: user=0.34 sys=0.00, real=0.35 secs] 
273.616: [GC273.616: [DefNew: 69952K->69952K(78656K), 0.0000154 secs]273.616: [Tenured: 170500K->174783K(174784K), 0.3760229 secs] 240452K->175336K(253440K), [Perm : 7325K->7325K(21248K)], 0.3763677 secs] [Times: user=0.37 sys=0.00, real=0.38 secs] 
274.124: [Full GC274.124: [Tenured: 174783K->174296K(174784K), 0.3788741 secs] 253439K->174296K(253440K), [Perm : 7325K->7325K(21248K)], 0.3791657 secs] [Times: user=0.38 sys=0.00, real=0.38 secs] 
274.578: [GC274.578: [DefNew: 69952K->69952K(78656K), 0.0000164 secs]274.578: [Tenured: 174296K->167752K(174784K), 0.3807872 secs] 244248K->167752K(253440K), [Perm : 7325K->7325K(21248K)], 0.3811455 secs] [Times: user=0.37 sys=0.00, real=0.38 secs] 
275.034: [GC275.034: [DefNew: 69952K->69952K(78656K), 0.0000151 secs]275.034: [Tenured: 167752K->174783K(174784K), 0.3701101 secs] 237704K->175580K(253440K), [Perm : 7325K->7325K(21248K)], 0.3704694 secs] [Times: user=0.37 sys=0.00, real=0.37 secs] 
275.529: [Full GC275.529: [Tenured: 174783K->174783K(174784K), 0.3832231 secs] 253439K->176308K(253440K), [Perm : 7325K->7325K(21248K)], 0.3835156 secs] [Times: user=0.37 sys=0.00, real=0.38 secs] 
276.039: [Full GC276.039: [Tenured: 174783K->174165K(174784K), 0.3786333 secs] 253439K->174165K(253440K), [Perm : 7328K->7328K(21248K)], 0.3789168 secs] [Times: user=0.39 sys=0.00, real=0.38 secs] 
276.490: [GC276.490: [DefNew: 69952K->69952K(78656K), 0.0000160 secs]276.490: [Tenured: 174165K->158459K(174784K), 0.3651749 secs] 244117K->158459K(253440K), [Perm : 7328K->7328K(21248K)], 0.3655251 secs] [Times: user=0.37 sys=0.00, real=0.37 secs] 
276.939: [GC276.939: [DefNew: 69952K->69952K(78656K), 0.0000151 secs]276.939: [Tenured: 158459K->170634K(174784K), 0.3649183 secs] 228411K->170634K(253440K), [Perm : 7328K->7328K(21248K)], 0.3652865 secs] [Times: user=0.36 sys=0.00, real=0.37 secs] 
277.380: [GC277.380: [DefNew: 69952K->69952K(78656K), 0.0000176 secs]277.380: [Tenured: 170634K->173812K(174784K), 0.3735951 secs] 240586K->173812K(253440K), [Perm : 7328K->7328K(21248K)], 0.3739832 secs] [Times: user=0.38 sys=0.00, real=0.37 secs] 
277.829: [GC277.829: [DefNew: 69952K->69952K(78656K), 0.0000151 secs]277.829: [Tenured: 173812K->174205K(174784K), 0.3741169 secs] 243764K->174205K(253440K), [Perm : 7328K->7328K(21248K)], 0.3745367 secs] [Times: user=0.37 sys=0.00, real=0.38 secs] 
278.287: [GC278.287: [DefNew: 69952K->69952K(78656K), 0.0000144 secs]278.287: [Tenured: 174205K->167104K(174784K), 0.3750932 secs] 244157K->167104K(253440K), [Perm : 7330K->7330K(21248K)], 0.3754418 secs] [Times: user=0.38 sys=0.00, real=0.38 secs] 
278.743: [GC278.743: [DefNew: 69952K->69952K(78656K), 0.0000154 secs]278.743: [Tenured: 167104K->174783K(174784K), 0.3771355 secs] 237056K->175597K(253440K), [Perm : 7330K->7330K(21248K)], 0.3774784 secs] [Times: user=0.38 sys=0.00, real=0.38 secs] 
279.256: [Full GC279.256: [Tenured: 174783K->168478K(174784K), 0.3671242 secs] 253439K->168478K(253440K), [Perm : 7330K->7330K(21248K)], 0.3674578 secs] [Times: user=0.37 sys=0.00, real=0.37 secs] 
279.698: [GC279.698: [DefNew: 69952K->69952K(78656K), 0.0000154 secs]279.698: [Tenured: 168478K->163719K(174784K), 0.3667253 secs] 238430K->163719K(253440K), [Perm : 7330K->7330K(21248K)], 0.3670729 secs] [Times: user=0.36 sys=0.00, real=0.37 secs] 
280.156: [GC280.156: [DefNew: 69952K->69952K(78656K), 0.0000144 secs]280.156: [Tenured: 163719K->166401K(174784K), 0.3743440 secs] 233671K->166401K(253440K), [Perm : 7330K->7330K(21248K)], 0.3747208 secs] [Times: user=0.37 sys=0.00, real=0.38 secs] 
280.605: [GC280.606: [DefNew: 69952K->69952K(78656K), 0.0000154 secs] 236353K->236353K(253440K), 0.0002473 secs] [Times: user=0.00 sys=0.00, real=0.00 secs] 
280.606: [Full GC280.606: [Tenured: 166401K->167524K(174784K), 0.3785165 secs] 236353K->167524K(253440K), [Perm : 7330K->7275K(21248K)], 0.3786929 secs] [Times: user=0.38 sys=0.00, real=0.38 secs] 
281.071: [GC281.071: [DefNew: 69952K->69952K(78656K), 0.0000151 secs]281.071: [Tenured: 167524K->173769K(174784K), 0.3677509 secs] 237476K->173769K(253440K), [Perm : 7325K->7325K(21248K)], 0.3681015 secs] [Times: user=0.36 sys=0.00, real=0.37 secs] 
281.515: [GC281.515: [DefNew: 69952K->69952K(78656K), 0.0000154 secs]281.515: [Tenured: 173769K->172921K(174784K), 0.3724453 secs] 243721K->172921K(253440K), [Perm : 7325K->7325K(21248K)], 0.3727975 secs] [Times: user=0.37 sys=0.00, real=0.37 secs] 
281.969: [GC281.969: [DefNew: 69952K->69952K(78656K), 0.0000154 secs]281.969: [Tenured: 172921K->163725K(174784K), 0.3667371 secs] 242873K->163725K(253440K), [Perm : 7326K->7326K(21248K)], 0.3670893 secs] [Times: user=0.37 sys=0.00, real=0.37 secs] 
282.412: [GC282.412: [DefNew: 69952K->69952K(78656K), 0.0000157 secs]282.412: [Tenured: 163725K->171948K(174784K), 0.3689206 secs] 233677K->171948K(253440K), [Perm : 7326K->7326K(21248K)], 0.3692548 secs] [Times: user=0.38 sys=0.00, real=0.37 secs] 
282.882: [GC282.882: [DefNew: 69952K->69952K(78656K), 0.0000148 secs]282.882: [Tenured: 171948K->174783K(174784K), 0.3766150 secs] 241900K->176263K(253440K), [Perm : 7326K->7326K(21248K)], 0.3769694 secs] [Times: user=0.37 sys=0.00, real=0.38 secs] 
283.375: [Full GC283.376: [Tenured: 174783K->167619K(174784K), 0.3831532 secs] 253439K->167619K(253440K), [Perm : 7326K->7326K(21248K)], 0.3834319 secs] [Times: user=0.38 sys=0.00, real=0.38 secs] 
283.833: [GC283.833: [DefNew: 69952K->69952K(78656K), 0.0000157 secs]283.833: [Tenured: 167619K->169782K(174784K), 0.3857651 secs] 237571K->169782K(253440K), [Perm : 7329K->7329K(21248K)], 0.3861044 secs] [Times: user=0.39 sys=0.00, real=0.39 secs] 
284.303: [GC284.304: [DefNew: 69952K->69952K(78656K), 0.0000340 secs]284.304: [Tenured: 169782K->174783K(174784K), 0.3742474 secs] 239734K->176038K(253440K), [Perm : 7329K->7329K(21248K)], 0.3747067 secs] [Times: user=0.38 sys=0.00, real=0.38 secs] 
284.810: [Full GC284.810: [Tenured: 174783K->169642K(174784K), 0.3724129 secs] 253439K->169642K(253440K), [Perm : 7329K->7329K(21248K)], 0.3727231 secs] [Times: user=0.36 sys=0.00, real=0.37 secs] 
285.263: [GC285.263: [DefNew: 69952K->69952K(78656K), 0.0000160 secs]285.263: [Tenured: 169642K->171700K(174784K), 0.3724453 secs] 239594K->171700K(253440K), [Perm : 7329K->7329K(21248K)], 0.3728164 secs] [Times: user=0.36 sys=0.00, real=0.37 secs] 
285.711: [GC285.711: [DefNew: 69952K->69952K(78656K), 0.0000151 secs]285.711: [Tenured: 171700K->161888K(174784K), 0.3685075 secs] 241652K->161888K(253440K), [Perm : 7329K->7329K(21248K)], 0.3688433 secs] [Times: user=0.37 sys=0.00, real=0.37 secs] 
286.169: [GC286.169: [DefNew: 69952K->69952K(78656K), 0.0000157 secs]286.169: [Tenured: 161888K->174784K(174784K), 0.3728664 secs] 231840K->176088K(253440K), [Perm : 7331K->7331K(21248K)], 0.3732138 secs] [Times: user=0.37 sys=0.00, real=0.37 secs] 
286.669: [Full GC286.669: [Tenured: 174784K->174784K(174784K), 0.3908966 secs] 253439K->180213K(253440K), [Perm : 7331K->7331K(21248K)], 0.3911753 secs] [Times: user=0.39 sys=0.00, real=0.39 secs] 
287.175: [Full GC287.175: [Tenured: 174784K->174784K(174784K), 0.3844495 secs] 253440K->176062K(253440K), [Perm : 7331K->7331K(21248K)], 0.3847311 secs] [Times: user=0.39 sys=0.00, real=0.38 secs] 
287.685: [Full GC287.686: [Tenured: 174784K->168722K(174784K), 0.3912376 secs] 253439K->168722K(253440K), [Perm : 7331K->7331K(21248K)], 0.3915153 secs] [Times: user=0.39 sys=0.00, real=0.39 secs] 
288.156: [GC288.156: [DefNew: 69952K->69952K(78656K), 0.0000148 secs]288.156: [Tenured: 168722K->170886K(174784K), 0.3719774 secs] 238674K->170886K(253440K), [Perm : 7331K->7331K(21248K)], 0.3723244 secs] [Times: user=0.37 sys=0.00, real=0.37 secs] 
288.610: [GC288.610: [DefNew: 69952K->69952K(78656K), 0.0000154 secs]288.610: [Tenured: 170886K->173726K(174784K), 0.3768485 secs] 240838K->173726K(253440K), [Perm : 7331K->7331K(21248K)], 0.3771839 secs] [Times: user=0.38 sys=0.00, real=0.38 secs] 
289.067: [GC289.067: [DefNew: 69952K->69952K(78656K), 0.0000157 secs]289.067: [Tenured: 173726K->170193K(174784K), 0.3661502 secs] 243678K->170193K(253440K), [Perm : 7331K->7331K(21248K)], 0.3665123 secs] [Times: user=0.38 sys=0.00, real=0.37 secs] 
289.509: [GC289.509: [DefNew: 69952K->69952K(78656K), 0.0000160 secs]289.509: [Tenured: 170193K->165076K(174784K), 0.3724655 secs] 240145K->165076K(253440K), [Perm : 7331K->7331K(21248K)], 0.3728026 secs] [Times: user=0.37 sys=0.00, real=0.37 secs] 
289.967: [GC289.968: [DefNew: 69952K->69952K(78656K), 0.0000148 secs]289.968: [Tenured: 165076K->174783K(174784K), 0.3701069 secs] 235028K->176243K(253440K), [Perm : 7331K->7331K(21248K)], 0.3704540 secs] [Times: user=0.38 sys=0.00, real=0.37 secs] 
290.468: [Full GC290.468: [Tenured: 174783K->174783K(174784K), 0.3816163 secs] 253439K->175266K(253440K), [Perm : 7331K->7331K(21248K)], 0.3818979 secs] [Times: user=0.39 sys=0.00, real=0.38 secs] 
290.983: [Full GC290.983: [Tenured: 174783K->174783K(174784K), 0.3852125 secs] 253439K->176467K(253440K), [Perm : 7331K->7331K(21248K)], 0.3856044 secs] [Times: user=0.39 sys=0.00, real=0.39 secs] 
291.486: [Full GC291.487: [Tenured: 174783K->162257K(174784K), 0.3779944 secs] 253439K->162257K(253440K), [Perm : 7331K->7331K(21248K)], 0.3783081 secs] [Times: user=0.37 sys=0.00, real=0.38 secs] 
291.943: [GC291.943: [DefNew: 69952K->69952K(78656K), 0.0000157 secs]291.943: [Tenured: 162257K->171981K(174784K), 0.3703189 secs] 232209K->171981K(253440K), [Perm : 7331K->7331K(21248K)], 0.3706894 secs] [Times: user=0.37 sys=0.00, real=0.37 secs] 
292.390: [GC292.391: [DefNew: 69952K->69952K(78656K), 0.0000157 secs]292.391: [Tenured: 171981K->174783K(174784K), 0.3794803 secs] 241933K->175174K(253440K), [Perm : 7331K->7331K(21248K)], 0.3798164 secs] [Times: user=0.37 sys=0.00, real=0.38 secs] 
292.914: [Full GC292.915: [Tenured: 174783K->167474K(174784K), 0.3836901 secs] 253439K->167474K(253440K), [Perm : 7331K->7331K(21248K)], 0.3839957 secs] [Times: user=0.39 sys=0.00, real=0.38 secs] 
293.358: [GC293.358: [DefNew: 69952K->69952K(78656K), 0.0000148 secs]293.358: [Tenured: 167474K->166144K(174784K), 0.3753658 secs] 237426K->166144K(253440K), [Perm : 7331K->7331K(21248K)], 0.3757176 secs] [Times: user=0.39 sys=0.00, real=0.38 secs] 
293.809: [GC293.810: [DefNew: 69952K->69952K(78656K), 0.0000154 secs]293.810: [Tenured: 166144K->174784K(174784K), 0.3776804 secs] 236096K->175630K(253440K), [Perm : 7331K->7331K(21248K)], 0.3780448 secs] [Times: user=0.39 sys=0.00, real=0.38 secs] 
294.328: [Full GC294.328: [Tenured: 174784K->174783K(174784K), 0.3813911 secs] 253439K->176601K(253440K), [Perm : 7331K->7331K(21248K)], 0.3816759 secs] [Times: user=0.37 sys=0.00, real=0.38 secs] 
294.834: [Full GC294.834: [Tenured: 174783K->161924K(174784K), 0.3752564 secs] 253439K->161924K(253440K), [Perm : 7331K->7331K(21248K)], 0.3755550 secs] [Times: user=0.38 sys=0.00, real=0.38 secs] 
295.290: [GC295.290: [DefNew: 69952K->69952K(78656K), 0.0000157 secs]295.290: [Tenured: 161924K->169062K(174784K), 0.3825371 secs] 231876K->169062K(253440K), [Perm : 7331K->7331K(21248K)], 0.3829197 secs] [Times: user=0.39 sys=0.00, real=0.38 secs] 
295.749: [GC295.749: [DefNew: 69952K->69952K(78656K), 0.0000154 secs]295.749: [Tenured: 169062K->174783K(174784K), 0.3780399 secs] 239014K->175342K(253440K), [Perm : 7331K->7331K(21248K)], 0.3783783 secs] [Times: user=0.37 sys=0.00, real=0.38 secs] 
296.257: [Full GC296.257: [Tenured: 174783K->174784K(174784K), 0.3781673 secs] 253439K->176508K(253440K), [Perm : 7334K->7334K(21248K)], 0.3784335 secs] [Times: user=0.39 sys=0.00, real=0.38 secs] 
296.762: [Full GC296.762: [Tenured: 174784K->164894K(174784K), 0.3814684 secs] 253439K->164894K(253440K), [Perm : 7334K->7334K(21248K)], 0.3817558 secs] [Times: user=0.37 sys=0.00, real=0.38 secs] 
297.228: [GC297.229: [DefNew: 69952K->69952K(78656K), 0.0000170 secs]297.229: [Tenured: 164894K->164046K(174784K), 0.3741923 secs] 234846K->164046K(253440K), [Perm : 7334K->7334K(21248K)], 0.3746095 secs] [Times: user=0.38 sys=0.00, real=0.38 secs] 
297.674: [GC297.674: [DefNew: 69952K->69952K(78656K), 0.0000154 secs]297.674: [Tenured: 164046K->173944K(174784K), 0.3748783 secs] 233998K->173944K(253440K), [Perm : 7334K->7334K(21248K)], 0.3752170 secs] [Times: user=0.37 sys=0.00, real=0.38 secs] 
298.136: [GC298.136: [DefNew: 69952K->69952K(78656K), 0.0000167 secs] 243896K->243896K(253440K), 0.0002784 secs] [Times: user=0.00 sys=0.00, real=0.00 secs] 
298.137: [Full GC298.137: [Tenured: 173944K->167088K(174784K), 0.3741454 secs] 243896K->167088K(253440K), [Perm : 7334K->7276K(21248K)], 0.3743238 secs] [Times: user=0.37 sys=0.00, real=0.37 secs] 
298.590: [GC298.590: [DefNew: 69952K->69952K(78656K), 0.0000160 secs]298.590: [Tenured: 167088K->174783K(174784K), 0.3757500 secs] 237040K->175647K(253440K), [Perm : 7283K->7283K(21248K)], 0.3761044 secs] [Times: user=0.38 sys=0.00, real=0.38 secs] 
299.098: [Full GC299.098: [Tenured: 174783K->168498K(174784K), 0.3820736 secs] 253439K->168498K(253440K), [Perm : 7327K->7327K(21248K)], 0.3823681 secs] [Times: user=0.39 sys=0.00, real=0.38 secs] 
299.557: [GC299.557: [DefNew: 69952K->69952K(78656K), 0.0000157 secs]299.557: [Tenured: 168498K->174145K(174784K), 0.3758693 secs] 238450K->174145K(253440K), [Perm : 7327K->7327K(21248K)], 0.3762211 secs] [Times: user=0.38 sys=0.00, real=0.38 secs] 
300.009: [GC300.009: [DefNew: 69952K->69952K(78656K), 0.0000160 secs]300.009: [Tenured: 174145K->170997K(174784K), 0.3664620 secs] 244097K->170997K(253440K), [Perm : 7328K->7328K(21248K)], 0.3668173 secs] [Times: user=0.36 sys=0.00, real=0.37 secs] 
300.452: [GC300.453: [DefNew: 69952K->69952K(78656K), 0.0000253 secs]300.453: [Tenured: 170997K->172642K(174784K), 0.3715893 secs] 240949K->172642K(253440K), [Perm : 7328K->7328K(21248K)], 0.3720011 secs] [Times: user=0.37 sys=0.00, real=0.37 secs] 
300.914: [GC300.914: [DefNew: 69952K->69952K(78656K), 0.0000151 secs]300.914: [Tenured: 172642K->166363K(174784K), 0.3756477 secs] 242594K->166363K(253440K), [Perm : 7331K->7331K(21248K)], 0.3759998 secs] [Times: user=0.38 sys=0.00, real=0.38 secs] 
301.358: [GC301.358: [DefNew: 69952K->69952K(78656K), 0.0000148 secs]301.358: [Tenured: 166363K->174783K(174784K), 0.3769238 secs] 236315K->178442K(253440K), [Perm : 7331K->7331K(21248K)], 0.3772670 secs] [Times: user=0.39 sys=0.00, real=0.38 secs] 
301.860: [Full GC301.860: [Tenured: 174783K->174783K(174784K), 0.3793379 secs] 253439K->175008K(253440K), [Perm : 7331K->7331K(21248K)], 0.3796172 secs] [Times: user=0.37 sys=0.00, real=0.38 secs] 
302.378: [Full GC302.379: [Tenured: 174783K->168179K(174784K), 0.3699174 secs] 253439K->168179K(253440K), [Perm : 7331K->7331K(21248K)], 0.3702352 secs] [Times: user=0.38 sys=0.00, real=0.37 secs] 
302.824: [GC302.824: [DefNew: 69952K->69952K(78656K), 0.0000154 secs]302.824: [Tenured: 168179K->167031K(174784K), 0.3785820 secs] 238131K->167031K(253440K), [Perm : 7331K->7331K(21248K)], 0.3789546 secs] [Times: user=0.39 sys=0.00, real=0.38 secs] 
303.288: [GC303.289: [DefNew: 69952K->69952K(78656K), 0.0000148 secs]303.289: [Tenured: 167031K->174783K(174784K), 0.3773135 secs] 236983K->178631K(253440K), [Perm : 7331K->7331K(21248K)], 0.3776682 secs] [Times: user=0.37 sys=0.00, real=0.38 secs] 
303.793: [Full GC303.793: [Tenured: 174783K->168989K(174784K), 0.3715899 secs] 253439K->168989K(253440K), [Perm : 7331K->7331K(21248K)], 0.3718728 secs] [Times: user=0.37 sys=0.00, real=0.37 secs] 
304.237: [GC304.238: [DefNew: 69952K->69952K(78656K), 0.0000241 secs]304.238: [Tenured: 168989K->172019K(174784K), 0.3710187 secs] 238941K->172019K(253440K), [Perm : 7334K->7334K(21248K)], 0.3713824 secs] [Times: user=0.37 sys=0.00, real=0.37 secs] 
304.678: [GC304.678: [DefNew: 69952K->69952K(78656K), 0.0000154 secs]304.678: [Tenured: 172019K->163746K(174784K), 0.3707330 secs] 241971K->163746K(253440K), [Perm : 7343K->7343K(21248K)], 0.3710749 secs] [Times: user=0.37 sys=0.00, real=0.37 secs] 
305.131: [GC305.131: [DefNew: 69952K->69952K(78656K), 0.0000154 secs]305.131: [Tenured: 163746K->172262K(174784K), 0.3669841 secs] 233698K->172262K(253440K), [Perm : 7343K->7343K(21248K)], 0.3673263 secs] [Times: user=0.37 sys=0.00, real=0.37 secs] 
305.574: [GC305.574: [DefNew: 69952K->69952K(78656K), 0.0000154 secs]305.574: [Tenured: 172262K->174783K(174784K), 0.3790707 secs] 242214K->177060K(253440K), [Perm : 7343K->7343K(21248K)], 0.3794117 secs] [Times: user=0.38 sys=0.00, real=0.38 secs] 
306.072: [Full GC306.072: [Tenured: 174783K->174784K(174784K), 0.3797721 secs] 253439K->179053K(253440K), [Perm : 7343K->7343K(21248K)], 0.3800634 secs] [Times: user=0.37 sys=0.00, real=0.38 secs] 
306.581: [Full GC306.581: [Tenured: 174784K->165847K(174784K), 0.3794899 secs] 253439K->165847K(253440K), [Perm : 7343K->7343K(21248K)], 0.3797821 secs] [Times: user=0.37 sys=0.00, real=0.38 secs] 
307.043: [GC307.044: [DefNew: 69952K->69952K(78656K), 0.0000151 secs]307.044: [Tenured: 165847K->174575K(174784K), 0.3706583 secs] 235799K->174575K(253440K), [Perm : 7343K->7343K(21248K)], 0.3710110 secs] [Times: user=0.38 sys=0.00, real=0.37 secs] 
307.490: [GC307.490: [DefNew: 69952K->69952K(78656K), 0.0000148 secs]307.490: [Tenured: 174575K->173571K(174784K), 0.3746188 secs] 244527K->173571K(253440K), [Perm : 7343K->7343K(21248K)], 0.3749588 secs] [Times: user=0.38 sys=0.00, real=0.38 secs] 
307.944: [GC307.944: [DefNew: 69952K->69952K(78656K), 0.0000154 secs]307.944: [Tenured: 173571K->172857K(174784K), 0.3698767 secs] 243523K->172857K(253440K), [Perm : 7343K->7343K(21248K)], 0.3702237 secs] [Times: user=0.36 sys=0.00, real=0.37 secs] 
308.399: [GC308.399: [DefNew: 69952K->69952K(78656K), 0.0000167 secs]308.399: [Tenured: 172857K->163957K(174784K), 0.3686127 secs] 242809K->163957K(253440K), [Perm : 7343K->7343K(21248K)], 0.3689655 secs] [Times: user=0.36 sys=0.00, real=0.37 secs] 
308.843: [GC308.843: [DefNew: 69952K->69952K(78656K), 0.0000154 secs]308.843: [Tenured: 163957K->172907K(174784K), 0.3701682 secs] 233909K->172907K(253440K), [Perm : 7343K->7343K(21248K)], 0.3705037 secs] [Times: user=0.37 sys=0.00, real=0.37 secs] 
309.294: [GC309.294: [DefNew: 69952K->69952K(78656K), 0.0000151 secs]309.294: [Tenured: 172907K->170823K(174784K), 0.3638940 secs] 242859K->170823K(253440K), [Perm : 7343K->7343K(21248K)], 0.3642384 secs] [Times: user=0.36 sys=0.00, real=0.36 secs] 
309.730: [GC309.730: [DefNew: 69952K->69952K(78656K), 0.0000151 secs]309.730: [Tenured: 170823K->174783K(174784K), 0.3725306 secs] 240775K->175085K(253440K), [Perm : 7343K->7343K(21248K)], 0.3729174 secs] [Times: user=0.38 sys=0.00, real=0.37 secs] 
310.230: [Full GC310.231: [Tenured: 174783K->167982K(174784K), 0.3789601 secs] 253439K->167982K(253440K), [Perm : 7343K->7343K(21248K)], 0.3792584 secs] [Times: user=0.37 sys=0.00, real=0.38 secs] 
310.684: [GC310.684: [DefNew: 69952K->69952K(78656K), 0.0000154 secs]310.684: [Tenured: 167982K->174784K(174784K), 0.3788773 secs] 237934K->176943K(253440K), [Perm : 7343K->7343K(21248K)], 0.3792256 secs] [Times: user=0.37 sys=0.00, real=0.38 secs] 
311.203: [Full GC311.203: [Tenured: 174784K->173881K(174784K), 0.3764614 secs] 253440K->173881K(253440K), [Perm : 7343K->7343K(21248K)], 0.3767830 secs] [Times: user=0.39 sys=0.00, real=0.38 secs] 
311.655: [GC311.655: [DefNew: 69952K->69952K(78656K), 0.0000154 secs]311.655: [Tenured: 173881K->164491K(174784K), 0.3757295 secs] 243833K->164491K(253440K), [Perm : 7343K->7343K(21248K)], 0.3760685 secs] [Times: user=0.39 sys=0.00, real=0.38 secs] 
312.119: [GC312.119: [DefNew: 69952K->69952K(78656K), 0.0000173 secs]312.119: [Tenured: 164491K->164317K(174784K), 0.3712311 secs] 234443K->164317K(253440K), [Perm : 7343K->7343K(21248K)], 0.3716031 secs] [Times: user=0.38 sys=0.00, real=0.37 secs] 
312.567: [GC312.567: [DefNew: 69952K->69952K(78656K), 0.0000151 secs]312.567: [Tenured: 164317K->172964K(174784K), 0.3723613 secs] 234269K->172964K(253440K), [Perm : 7343K->7343K(21248K)], 0.3727028 secs] [Times: user=0.38 sys=0.00, real=0.37 secs] 
313.024: [GC313.024: [DefNew: 69952K->69952K(78656K), 0.0000151 secs]313.025: [Tenured: 172964K->174784K(174784K), 0.3793247 secs] 242916K->178109K(253440K), [Perm : 7343K->7343K(21248K)], 0.3796705 secs] [Times: user=0.39 sys=0.00, real=0.38 secs] 
313.530: [Full GC313.530: [Tenured: 174784K->169895K(174784K), 0.3874675 secs] 253439K->169895K(253440K), [Perm : 7343K->7343K(21248K)], 0.3877504 secs] [Times: user=0.37 sys=0.00, real=0.39 secs] 
313.990: [GC313.990: [DefNew: 69952K->69952K(78656K), 0.0000160 secs]313.990: [Tenured: 169895K->165072K(174784K), 0.3738494 secs] 239847K->165072K(253440K), [Perm : 7346K->7346K(21248K)], 0.3742506 secs] [Times: user=0.38 sys=0.00, real=0.38 secs] 
314.439: [GC314.439: [DefNew: 69952K->69952K(78656K), 0.0000154 secs]314.439: [Tenured: 165072K->174783K(174784K), 0.3793520 secs] 235024K->176974K(253440K), [Perm : 7346K->7346K(21248K)], 0.3796997 secs] [Times: user=0.37 sys=0.00, real=0.38 secs] 
314.962: [Full GC314.962: [Tenured: 174784K->172097K(174784K), 0.3773751 secs] 253440K->172097K(253440K), [Perm : 7346K->7346K(21248K)], 0.3776528 secs] [Times: user=0.39 sys=0.00, real=0.38 secs] 
315.409: [GC315.409: [DefNew: 69952K->69952K(78656K), 0.0000151 secs]315.409: [Tenured: 172097K->170907K(174784K), 0.3693927 secs] 242049K->170907K(253440K), [Perm : 7346K->7346K(21248K)], 0.3697301 secs] [Times: user=0.37 sys=0.00, real=0.37 secs] 
315.854: [GC315.855: [DefNew: 69952K->69952K(78656K), 0.0000154 secs]315.855: [Tenured: 170907K->162606K(174784K), 0.3700733 secs] 240859K->162606K(253440K), [Perm : 7346K->7346K(21248K)], 0.3704203 secs] [Times: user=0.36 sys=0.00, real=0.37 secs] 
316.302: [GC316.302: [DefNew: 69952K->69952K(78656K), 0.0000250 secs]316.302: [Tenured: 162606K->174783K(174784K), 0.3762070 secs] 232558K->178810K(253440K), [Perm : 7346K->7346K(21248K)], 0.3766185 secs] [Times: user=0.37 sys=0.00, real=0.38 secs] 
316.803: [Full GC316.803: [Tenured: 174783K->174783K(174784K), 0.3844053 secs] 253439K->175813K(253440K), [Perm : 7346K->7346K(21248K)], 0.3847148 secs] [Times: user=0.39 sys=0.00, real=0.38 secs] 
317.321: [Full GC317.321: [Tenured: 174783K->174783K(174784K), 0.3814463 secs] 253439K->175029K(253440K), [Perm : 7346K->7346K(21248K)], 0.3817635 secs] [Times: user=0.37 sys=0.00, real=0.38 secs] 
317.827: [Full GC317.828: [Tenured: 174783K->168155K(174784K), 0.3906362 secs] 253439K->168155K(253440K), [Perm : 7346K->7346K(21248K)], 0.3909168 secs] [Times: user=0.39 sys=0.00, real=0.39 secs] 
318.304: [GC318.304: [DefNew: 69952K->69952K(78656K), 0.0000170 secs]318.304: [Tenured: 168155K->173376K(174784K), 0.3847532 secs] 238107K->173376K(253440K), [Perm : 7346K->7346K(21248K)], 0.3851365 secs] [Times: user=0.37 sys=0.00, real=0.38 secs] 
318.773: [GC318.773: [DefNew: 69952K->69952K(78656K), 0.0000154 secs]318.773: [Tenured: 173376K->170804K(174784K), 0.3822455 secs] 243328K->170804K(253440K), [Perm : 7346K->7346K(21248K)], 0.3826868 secs] [Times: user=0.38 sys=0.00, real=0.38 secs] 
319.235: [GC319.235: [DefNew: 69952K->69952K(78656K), 0.0000202 secs]319.235: [Tenured: 170804K->170224K(174784K), 0.3768549 secs] 240756K->170224K(253440K), [Perm : 7346K->7346K(21248K)], 0.3772673 secs] [Times: user=0.37 sys=0.00, real=0.38 secs] 
319.688: [GC319.688: [DefNew: 69952K->69952K(78656K), 0.0000160 secs]319.688: [Tenured: 170224K->166142K(174784K), 0.3747779 secs] 240176K->166142K(253440K), [Perm : 7346K->7346K(21248K)], 0.3751169 secs] [Times: user=0.37 sys=0.00, real=0.38 secs] 
320.144: [GC320.144: [DefNew: 69952K->69952K(78656K), 0.0000141 secs]320.144: [Tenured: 166142K->174783K(174784K), 0.3732465 secs] 236094K->177908K(253440K), [Perm : 7346K->7346K(21248K)], 0.3736483 secs] [Times: user=0.38 sys=0.00, real=0.37 secs] 
320.645: [Full GC320.645: [Tenured: 174783K->174783K(174784K), 0.3814373 secs] 253439K->176012K(253440K), [Perm : 7346K->7346K(21248K)], 0.3817115 secs] [Times: user=0.38 sys=0.00, real=0.38 secs] 
321.154: [Full GC321.154: [Tenured: 174784K->174784K(174784K), 0.3841497 secs] 253439K->174968K(253440K), [Perm : 7346K->7346K(21248K)], 0.3844656 secs] [Times: user=0.39 sys=0.00, real=0.38 secs] 
321.669: [Full GC321.669: [Tenured: 174784K->162111K(174784K), 0.3856015 secs] 253439K->162111K(253440K), [Perm : 7346K->7346K(21248K)], 0.3858976 secs] [Times: user=0.39 sys=0.00, real=0.39 secs] 
322.127: [GC322.128: [DefNew: 69952K->69952K(78656K), 0.0000154 secs]322.128: [Tenured: 162111K->170482K(174784K), 0.3687384 secs] 232063K->170482K(253440K), [Perm : 7346K->7346K(21248K)], 0.3690842 secs] [Times: user=0.36 sys=0.00, real=0.37 secs] 
322.573: [GC322.573: [DefNew: 69952K->69952K(78656K), 0.0000157 secs]322.573: [Tenured: 170482K->173993K(174784K), 0.3875390 secs] 240434K->173993K(253440K), [Perm : 7346K->7346K(21248K)], 0.3879252 secs] [Times: user=0.39 sys=0.00, real=0.39 secs] 
323.044: [GC323.045: [DefNew: 69952K->69952K(78656K), 0.0000157 secs]323.045: [Tenured: 173993K->173763K(174784K), 0.3858052 secs] 243945K->173763K(253440K), [Perm : 7346K->7346K(21248K)], 0.3862042 secs] [Times: user=0.37 sys=0.00, real=0.39 secs] 
323.499: [GC323.499: [DefNew: 69952K->69952K(78656K), 0.0000157 secs]323.499: [Tenured: 173763K->166565K(174784K), 0.3814341 secs] 243715K->166565K(253440K), [Perm : 7346K->7346K(21248K)], 0.3818001 secs] [Times: user=0.37 sys=0.00, real=0.38 secs] 
323.965: [GC323.966: [DefNew: 69952K->69952K(78656K), 0.0000170 secs]323.966: [Tenured: 166565K->174783K(174784K), 0.3733860 secs] 236517K->177734K(253440K), [Perm : 7346K->7346K(21248K)], 0.3738308 secs] [Times: user=0.36 sys=0.00, real=0.37 secs] 
324.467: [Full GC324.467: [Tenured: 174783K->174312K(174784K), 0.3805130 secs] 253439K->174312K(253440K), [Perm : 7346K->7346K(21248K)], 0.3808023 secs] [Times: user=0.38 sys=0.00, real=0.38 secs] 
324.929: [GC324.930: [DefNew: 69952K->69952K(78656K), 0.0000253 secs]324.930: [Tenured: 174312K->173894K(174784K), 0.3801018 secs] 244264K->173894K(253440K), [Perm : 7346K->7346K(21248K)], 0.3804944 secs] [Times: user=0.38 sys=0.00, real=0.38 secs] 
325.383: [GC325.383: [DefNew: 69952K->69952K(78656K), 0.0000157 secs]325.383: [Tenured: 173894K->167316K(174784K), 0.3812542 secs] 243846K->167316K(253440K), [Perm : 7346K->7346K(21248K)], 0.3816041 secs] [Times: user=0.36 sys=0.00, real=0.38 secs] 
325.837: [GC325.837: [DefNew: 69952K->69952K(78656K), 0.0000160 secs]325.837: [Tenured: 167316K->174784K(174784K), 0.3826551 secs] 237268K->176595K(253440K), [Perm : 7346K->7346K(21248K)], 0.3830239 secs] [Times: user=0.38 sys=0.00, real=0.38 secs] 
326.343: [Full GC326.343: [Tenured: 174784K->174783K(174784K), 0.3811580 secs] 253439K->176530K(253440K), [Perm : 7346K->7346K(21248K)], 0.3814107 secs] [Times: user=0.37 sys=0.00, real=0.38 secs] 
326.845: [Full GC326.845: [Tenured: 174783K->174669K(174784K), 0.3856962 secs] 253439K->174669K(253440K), [Perm : 7346K->7346K(21248K)], 0.3859758 secs] [Times: user=0.39 sys=0.00, real=0.39 secs] 
327.305: [GC327.305: [DefNew: 69952K->69952K(78656K), 0.0000160 secs]327.305: [Tenured: 174669K->164915K(174784K), 0.3806981 secs] 244621K->164915K(253440K), [Perm : 7346K->7346K(21248K)], 0.3810781 secs] [Times: user=0.38 sys=0.00, real=0.38 secs] 
327.762: [GC327.762: [DefNew: 69952K->69952K(78656K), 0.0000154 secs] 234867K->234867K(253440K), 0.0002495 secs] [Times: user=0.00 sys=0.00, real=0.00 secs] 
327.763: [Full GC327.763: [Tenured: 164915K->164898K(174784K), 0.3761461 secs] 234867K->164898K(253440K), [Perm : 7346K->7279K(21248K)], 0.3763251 secs] [Times: user=0.37 sys=0.00, real=0.38 secs] 
328.219: [GC328.219: [DefNew: 69952K->69952K(78656K), 0.0000151 secs]328.219: [Tenured: 164898K->171055K(174784K), 0.3679062 secs] 234850K->171055K(253440K), [Perm : 7329K->7329K(21248K)], 0.3682695 secs] [Times: user=0.37 sys=0.00, real=0.37 secs] 
328.662: [GC328.663: [DefNew: 69952K->69952K(78656K), 0.0000154 secs]328.663: [Tenured: 171055K->174783K(174784K), 0.3787192 secs] 241007K->175283K(253440K), [Perm : 7329K->7329K(21248K)], 0.3790563 secs] [Times: user=0.36 sys=0.00, real=0.38 secs] 
329.181: [Full GC329.181: [Tenured: 174784K->165162K(174784K), 0.3820105 secs] 253439K->165162K(253440K), [Perm : 7329K->7329K(21248K)], 0.3822783 secs] [Times: user=0.38 sys=0.00, real=0.38 secs] 
329.638: [GC329.638: [DefNew: 69952K->69952K(78656K), 0.0000160 secs]329.638: [Tenured: 165162K->171484K(174784K), 0.3749851 secs] 235114K->171484K(253440K), [Perm : 7329K->7329K(21248K)], 0.3753289 secs] [Times: user=0.38 sys=0.00, real=0.38 secs] 
330.088: [GC330.088: [DefNew: 69952K->69952K(78656K), 0.0000237 secs]330.088: [Tenured: 171484K->173848K(174784K), 0.3755063 secs] 241436K->173848K(253440K), [Perm : 7330K->7330K(21248K)], 0.3759174 secs] [Times: user=0.38 sys=0.00, real=0.38 secs] 
330.538: [GC330.538: [DefNew: 69952K->69952K(78656K), 0.0000160 secs]330.538: [Tenured: 173848K->169609K(174784K), 0.3889983 secs] 243800K->169609K(253440K), [Perm : 7330K->7330K(21248K)], 0.3893591 secs] [Times: user=0.39 sys=0.00, real=0.39 secs] 
331.003: [GC331.003: [DefNew: 69952K->69952K(78656K), 0.0000170 secs]331.003: [Tenured: 169609K->167542K(174784K), 0.3785646 secs] 239561K->167542K(253440K), [Perm : 7333K->7333K(21248K)], 0.3789575 secs] [Times: user=0.37 sys=0.00, real=0.38 secs] 
331.457: [GC331.457: [DefNew: 69952K->69952K(78656K), 0.0000160 secs]331.457: [Tenured: 167542K->171775K(174784K), 0.3731114 secs] 237494K->171775K(253440K), [Perm : 7333K->7333K(21248K)], 0.3734546 secs] [Times: user=0.37 sys=0.00, real=0.37 secs] 
331.913: [GC331.913: [DefNew: 69952K->69952K(78656K), 0.0000151 secs]331.913: [Tenured: 171775K->174783K(174784K), 0.3838745 secs] 241727K->176253K(253440K), [Perm : 7333K->7333K(21248K)], 0.3842327 secs] [Times: user=0.39 sys=0.00, real=0.38 secs] 
332.416: [Full GC332.416: [Tenured: 174784K->169394K(174784K), 0.3804999 secs] 253439K->169394K(253440K), [Perm : 7333K->7333K(21248K)], 0.3808036 secs] [Times: user=0.39 sys=0.00, real=0.38 secs] 
332.868: [GC332.868: [DefNew: 69952K->69952K(78656K), 0.0000151 secs]332.868: [Tenured: 169394K->169492K(174784K), 0.3846650 secs] 239346K->169492K(253440K), [Perm : 7333K->7333K(21248K)], 0.3850275 secs] [Times: user=0.39 sys=0.00, real=0.38 secs] 
333.340: [GC333.340: [DefNew: 69952K->69952K(78656K), 0.0000167 secs]333.340: [Tenured: 169492K->174783K(174784K), 0.3727789 secs] 239444K->176103K(253440K), [Perm : 7335K->7335K(21248K)], 0.3731535 secs] [Times: user=0.36 sys=0.00, real=0.37 secs] 
333.838: [Full GC333.838: [Tenured: 174783K->169099K(174784K), 0.3702750 secs] 253439K->169099K(253440K), [Perm : 7335K->7335K(21248K)], 0.3705983 secs] [Times: user=0.37 sys=0.00, real=0.37 secs] 
334.288: [GC334.288: [DefNew: 69952K->69952K(78656K), 0.0000151 secs] 239051K->239051K(253440K), 0.0002620 secs] [Times: user=0.00 sys=0.00, real=0.00 secs] 
334.288: [Full GC334.288: [Tenured: 169099K->162433K(174784K), 0.3674033 secs] 239051K->162433K(253440K), [Perm : 7335K->7280K(21248K)], 0.3675803 secs] [Times: user=0.38 sys=0.00, real=0.37 secs] 
334.731: [GC334.732: [DefNew: 69952K->69952K(78656K), 0.0000154 secs]334.732: [Tenured: 162433K->169033K(174784K), 0.3807847 secs] 232385K->169033K(253440K), [Perm : 7289K->7289K(21248K)], 0.3811214 secs] [Times: user=0.37 sys=0.00, real=0.38 secs] 
335.191: [GC335.191: [DefNew: 69952K->69952K(78656K), 0.0000148 secs]335.191: [Tenured: 169033K->174783K(174784K), 0.3769379 secs] 238985K->177367K(253440K), [Perm : 7330K->7330K(21248K)], 0.3772917 secs] [Times: user=0.37 sys=0.00, real=0.38 secs] 
335.696: [Full GC335.696: [Tenured: 174783K->174783K(174784K), 0.3862706 secs] 253439K->177916K(253440K), [Perm : 7330K->7330K(21248K)], 0.3865541 secs] [Times: user=0.38 sys=0.01, real=0.39 secs] 
336.205: [Full GC336.205: [Tenured: 174783K->170757K(174784K), 0.3795460 secs] 253439K->170757K(253440K), [Perm : 7330K->7330K(21248K)], 0.3798344 secs] [Times: user=0.39 sys=0.00, real=0.38 secs] 
336.660: [GC336.660: [DefNew: 69952K->69952K(78656K), 0.0000154 secs]336.660: [Tenured: 170757K->159038K(174784K), 0.3671733 secs] 240709K->159038K(253440K), [Perm : 7330K->7330K(21248K)], 0.3675149 secs] [Times: user=0.38 sys=0.00, real=0.37 secs] 
337.107: [GC337.108: [DefNew: 69952K->69952K(78656K), 0.0000154 secs]337.108: [Tenured: 159038K->171516K(174784K), 0.3658202 secs] 228990K->171516K(253440K), [Perm : 7330K->7330K(21248K)], 0.3661714 secs] [Times: user=0.36 sys=0.00, real=0.37 secs] 
337.550: [GC337.550: [DefNew: 69952K->69952K(78656K), 0.0000154 secs]337.550: [Tenured: 171516K->174783K(174784K), 0.3778170 secs] 241468K->175609K(253440K), [Perm : 7330K->7330K(21248K)], 0.3781615 secs] [Times: user=0.39 sys=0.00, real=0.38 secs] 
338.071: [Full GC338.071: [Tenured: 174783K->174784K(174784K), 0.3865906 secs] 253439K->177874K(253440K), [Perm : 7333K->7333K(21248K)], 0.3868876 secs] [Times: user=0.39 sys=0.00, real=0.39 secs] 
338.585: [Full GC338.585: [Tenured: 174784K->168659K(174784K), 0.3903578 secs] 253439K->168659K(253440K), [Perm : 7333K->7333K(21248K)], 0.3906468 secs] [Times: user=0.39 sys=0.00, real=0.39 secs] 
339.047: [GC339.047: [DefNew: 69952K->69952K(78656K), 0.0000154 secs]339.047: [Tenured: 168659K->174783K(174784K), 0.3859207 secs] 238611K->179175K(253440K), [Perm : 7333K->7333K(21248K)], 0.3862812 secs] [Times: user=0.39 sys=0.00, real=0.39 secs] 
339.559: [Full GC339.560: [Tenured: 174783K->174783K(174784K), 0.3895506 secs] 253439K->176517K(253440K), [Perm : 7333K->7333K(21248K)], 0.3898334 secs] [Times: user=0.39 sys=0.00, real=0.39 secs] 
340.076: [Full GC340.076: [Tenured: 174783K->172718K(174784K), 0.3834662 secs] 253439K->172718K(253440K), [Perm : 7335K->7335K(21248K)], 0.3837462 secs] [Times: user=0.39 sys=0.00, real=0.38 secs] 
340.535: [GC340.535: [DefNew: 69952K->69952K(78656K), 0.0000151 secs]340.535: [Tenured: 172718K->164138K(174784K), 0.3807382 secs] 242670K->164138K(253440K), [Perm : 7335K->7335K(21248K)], 0.3810756 secs] [Times: user=0.37 sys=0.00, real=0.38 secs] 
340.993: [GC340.994: [DefNew: 69952K->69952K(78656K), 0.0000151 secs]340.994: [Tenured: 164138K->171731K(174784K), 0.3689748 secs] 234090K->171731K(253440K), [Perm : 7335K->7335K(21248K)], 0.3693677 secs] [Times: user=0.34 sys=0.00, real=0.37 secs] 
341.436: [GC341.436: [DefNew: 69952K->69952K(78656K), 0.0000157 secs]341.436: [Tenured: 171731K->171589K(174784K), 0.3712718 secs] 241683K->171589K(253440K), [Perm : 7335K->7335K(21248K)], 0.3716069 secs] [Times: user=0.36 sys=0.00, real=0.37 secs] 
341.883: [GC341.883: [DefNew: 69952K->69952K(78656K), 0.0000176 secs]341.883: [Tenured: 171589K->174784K(174784K), 0.3784046 secs] 241541K->176251K(253440K), [Perm : 7335K->7335K(21248K)], 0.3787288 secs] [Times: user=0.38 sys=0.00, real=0.38 secs] 
342.377: [Full GC342.377: [Tenured: 174784K->162623K(174784K), 0.3740249 secs] 253440K->162623K(253440K), [Perm : 7335K->7335K(21248K)], 0.3743587 secs] [Times: user=0.37 sys=0.00, real=0.38 secs] 
342.825: [GC342.825: [DefNew: 69952K->69952K(78656K), 0.0000154 secs]342.825: [Tenured: 162623K->174784K(174784K), 0.3789376 secs] 232575K->175729K(253440K), [Perm : 7335K->7335K(21248K)], 0.3792789 secs] [Times: user=0.37 sys=0.00, real=0.38 secs] 
343.338: [Full GC343.338: [Tenured: 174784K->174783K(174784K), 0.3847199 secs] 253439K->176216K(253440K), [Perm : 7335K->7335K(21248K)], 0.3849999 secs] [Times: user=0.39 sys=0.00, real=0.38 secs] 
343.851: [Full GC343.851: [Tenured: 174783K->171925K(174784K), 0.3833232 secs] 253439K->171925K(253440K), [Perm : 7335K->7335K(21248K)], 0.3836182 secs] [Times: user=0.39 sys=0.00, real=0.38 secs] 
344.313: [GC344.314: [DefNew: 69952K->69952K(78656K), 0.0000160 secs]344.314: [Tenured: 171925K->163136K(174784K), 0.3765874 secs] 241877K->163136K(253440K), [Perm : 7335K->7335K(21248K)], 0.3769357 secs] [Times: user=0.38 sys=0.00, real=0.38 secs] 
344.767: [GC344.767: [DefNew: 69952K->69952K(78656K), 0.0000154 secs]344.767: [Tenured: 163136K->174783K(174784K), 0.3836519 secs] 233088K->177560K(253440K), [Perm : 7335K->7335K(21248K)], 0.3840073 secs] [Times: user=0.39 sys=0.00, real=0.38 secs] 
345.288: [Full GC345.288: [Tenured: 174783K->174359K(174784K), 0.3844418 secs] 253439K->174359K(253440K), [Perm : 7335K->7335K(21248K)], 0.3847439 secs] [Times: user=0.38 sys=0.01, real=0.38 secs] 
345.747: [GC345.747: [DefNew: 69952K->69952K(78656K), 0.0000154 secs]345.747: [Tenured: 174359K->163868K(174784K), 0.3771987 secs] 244311K->163868K(253440K), [Perm : 7335K->7335K(21248K)], 0.3775467 secs] [Times: user=0.37 sys=0.00, real=0.38 secs] 
346.206: [GC346.206: [DefNew: 69952K->69952K(78656K), 0.0000148 secs]346.206: [Tenured: 163868K->172630K(174784K), 0.3899191 secs] 233820K->172630K(253440K), [Perm : 7335K->7335K(21248K)], 0.3902603 secs] [Times: user=0.39 sys=0.00, real=0.39 secs] 
346.670: [GC346.670: [DefNew: 69952K->69952K(78656K), 0.0000144 secs]346.670: [Tenured: 172630K->174783K(174784K), 0.3831913 secs] 242582K->177630K(253440K), [Perm : 7335K->7335K(21248K)], 0.3835281 secs] [Times: user=0.39 sys=0.00, real=0.38 secs] 
347.189: [Full GC347.189: [Tenured: 174783K->168312K(174784K), 0.3718106 secs] 253439K->168312K(253440K), [Perm : 7335K->7335K(21248K)], 0.3721262 secs] [Times: user=0.37 sys=0.00, real=0.37 secs] 
347.636: [GC347.636: [DefNew: 69952K->69952K(78656K), 0.0000148 secs]347.636: [Tenured: 168312K->165105K(174784K), 0.3793911 secs] 238264K->165105K(253440K), [Perm : 7335K->7335K(21248K)], 0.3797353 secs] [Times: user=0.37 sys=0.00, real=0.38 secs] 
348.102: [GC348.102: [DefNew: 69952K->69952K(78656K), 0.0000247 secs]348.102: [Tenured: 165105K->166884K(174784K), 0.3787247 secs] 235057K->166884K(253440K), [Perm : 7335K->7335K(21248K)], 0.3791833 secs] [Times: user=0.37 sys=0.00, real=0.38 secs] 
348.564: [GC348.565: [DefNew: 69952K->69952K(78656K), 0.0000151 secs]348.565: [Tenured: 166884K->174167K(174784K), 0.3783392 secs] 236836K->174167K(253440K), [Perm : 7335K->7335K(21248K)], 0.3786807 secs] [Times: user=0.39 sys=0.00, real=0.38 secs] 
349.029: [GC349.029: [DefNew: 69952K->69952K(78656K), 0.0000151 secs]349.029: [Tenured: 174167K->174706K(174784K), 0.3743382 secs] 244119K->174706K(253440K), [Perm : 7335K->7335K(21248K)], 0.3747580 secs] [Times: user=0.37 sys=0.00, real=0.38 secs] 
349.476: [GC349.477: [DefNew: 69952K->69952K(78656K), 0.0000154 secs]349.477: [Tenured: 174706K->174784K(174784K), 0.3808273 secs] 244658K->177197K(253440K), [Perm : 7335K->7335K(21248K)], 0.3811849 secs] [Times: user=0.37 sys=0.00, real=0.38 secs] 
349.997: [Full GC349.998: [Tenured: 174784K->164205K(174784K), 0.3756467 secs] 253440K->164205K(253440K), [Perm : 7338K->7338K(21248K)], 0.3759476 secs] [Times: user=0.37 sys=0.00, real=0.38 secs] 
350.444: [GC350.444: [DefNew: 69952K->69952K(78656K), 0.0000154 secs]350.444: [Tenured: 164205K->168228K(174784K), 0.3665902 secs] 234157K->168228K(253440K), [Perm : 7338K->7338K(21248K)], 0.3669357 secs] [Times: user=0.36 sys=0.00, real=0.37 secs] 
350.888: [GC350.888: [DefNew: 69952K->69952K(78656K), 0.0000157 secs]350.888: [Tenured: 168228K->173020K(174784K), 0.3751653 secs] 238180K->173020K(253440K), [Perm : 7338K->7338K(21248K)], 0.3754790 secs] [Times: user=0.37 sys=0.00, real=0.38 secs] 
351.327: [GC351.327: [DefNew: 69952K->69952K(78656K), 0.0000157 secs] 242972K->242972K(253440K), 0.0002569 secs] [Times: user=0.00 sys=0.00, real=0.00 secs] 
351.328: [Full GC351.328: [Tenured: 173020K->164239K(174784K), 0.3753369 secs] 242972K->164239K(253440K), [Perm : 7338K->7280K(21248K)], 0.3755136 secs] [Times: user=0.37 sys=0.00, real=0.38 secs] 
351.779: [GC351.779: [DefNew: 69952K->69952K(78656K), 0.0000157 secs]351.779: [Tenured: 164239K->167273K(174784K), 0.3791702 secs] 234191K->167273K(253440K), [Perm : 7289K->7289K(21248K)], 0.3795063 secs] [Times: user=0.39 sys=0.00, real=0.38 secs] 
352.235: [GC352.235: [DefNew: 69952K->69952K(78656K), 0.0000199 secs]352.235: [Tenured: 167273K->171690K(174784K), 0.3709713 secs] 237225K->171690K(253440K), [Perm : 7330K->7330K(21248K)], 0.3713648 secs] [Times: user=0.38 sys=0.00, real=0.37 secs] 
352.679: [GC352.679: [DefNew: 69952K->69952K(78656K), 0.0000170 secs]352.679: [Tenured: 171690K->174783K(174784K), 0.3784918 secs] 241642K->175825K(253440K), [Perm : 7330K->7330K(21248K)], 0.3788504 secs] [Times: user=0.38 sys=0.00, real=0.38 secs] 
353.189: [Full GC353.189: [Tenured: 174784K->174783K(174784K), 0.3795707 secs] 253439K->174859K(253440K), [Perm : 7330K->7330K(21248K)], 0.3798603 secs] [Times: user=0.37 sys=0.00, real=0.38 secs] 
353.692: [Full GC353.693: [Tenured: 174783K->158084K(174784K), 0.3722221 secs] 253439K->158084K(253440K), [Perm : 7330K->7330K(21248K)], 0.3724982 secs] [Times: user=0.38 sys=0.00, real=0.37 secs] 
354.149: [GC354.149: [DefNew: 69952K->69952K(78656K), 0.0000151 secs]354.149: [Tenured: 158084K->174387K(174784K), 0.3723905 secs] 228036K->174387K(253440K), [Perm : 7330K->7330K(21248K)], 0.3727384 secs] [Times: user=0.38 sys=0.00, real=0.37 secs] 
354.596: [GC354.596: [DefNew: 69952K->69952K(78656K), 0.0000151 secs]354.596: [Tenured: 174387K->174783K(174784K), 0.3858209 secs] 244339K->177224K(253440K), [Perm : 7330K->7330K(21248K)], 0.3861628 secs] [Times: user=0.39 sys=0.00, real=0.39 secs] 
355.114: [Full GC355.114: [Tenured: 174783K->172417K(174784K), 0.3790951 secs] 253439K->172417K(253440K), [Perm : 7333K->7333K(21248K)], 0.3793831 secs] [Times: user=0.39 sys=0.00, real=0.38 secs] 
355.568: [GC355.568: [DefNew: 69952K->69952K(78656K), 0.0000154 secs]355.568: [Tenured: 172417K->167013K(174784K), 0.3800576 secs] 242369K->167013K(253440K), [Perm : 7333K->7333K(21248K)], 0.3803998 secs] [Times: user=0.39 sys=0.00, real=0.38 secs] 
356.035: [GC356.035: [DefNew: 69952K->69952K(78656K), 0.0000160 secs]356.035: [Tenured: 167013K->174784K(174784K), 0.3816804 secs] 236965K->176893K(253440K), [Perm : 7333K->7333K(21248K)], 0.3820727 secs] [Times: user=0.39 sys=0.00, real=0.38 secs] 
356.537: [Full GC356.537: [Tenured: 174784K->172738K(174784K), 0.3774338 secs] 253439K->172738K(253440K), [Perm : 7333K->7333K(21248K)], 0.3777571 secs] [Times: user=0.38 sys=0.00, real=0.38 secs] 
356.991: [GC356.991: [DefNew: 69952K->69952K(78656K), 0.0000154 secs]356.991: [Tenured: 172738K->173808K(174784K), 0.3709168 secs] 242690K->173808K(253440K), [Perm : 7335K->7335K(21248K)], 0.3712635 secs] [Times: user=0.36 sys=0.00, real=0.37 secs] 
357.437: [GC357.438: [DefNew: 69952K->69952K(78656K), 0.0000154 secs] 243760K->243760K(253440K), 0.0002489 secs] [Times: user=0.00 sys=0.00, real=0.00 secs] 
357.438: [Full GC357.438: [Tenured: 173808K->164127K(174784K), 0.3831275 secs] 243760K->164127K(253440K), [Perm : 7335K->7280K(21248K)], 0.3833094 secs] [Times: user=0.39 sys=0.00, real=0.38 secs] 
357.914: [GC357.914: [DefNew: 69952K->69952K(78656K), 0.0000141 secs]357.914: [Tenured: 164127K->174783K(174784K), 0.3787705 secs] 234079K->177033K(253440K), [Perm : 7307K->7307K(21248K)], 0.3791208 secs] [Times: user=0.38 sys=0.00, real=0.38 secs] 
358.410: [Full GC358.411: [Tenured: 174784K->174783K(174784K), 0.3820239 secs] 253439K->176202K(253440K), [Perm : 7330K->7330K(21248K)], 0.3823139 secs] [Times: user=0.37 sys=0.00, real=0.38 secs] 
358.919: [Full GC358.919: [Tenured: 174783K->162908K(174784K), 0.3791801 secs] 253439K->162908K(253440K), [Perm : 7330K->7330K(21248K)], 0.3794797 secs] [Times: user=0.39 sys=0.00, real=0.38 secs] 
359.380: [GC359.380: [DefNew: 69952K->69952K(78656K), 0.0000151 secs]359.380: [Tenured: 162908K->161506K(174784K), 0.3719783 secs] 232860K->161506K(253440K), [Perm : 7330K->7330K(21248K)], 0.3723446 secs] [Times: user=0.38 sys=0.00, real=0.37 secs] 
359.827: [GC359.827: [DefNew: 69952K->69952K(78656K), 0.0000154 secs] 231458K->231458K(253440K), 0.0002437 secs] [Times: user=0.00 sys=0.00, real=0.00 secs] 
359.828: [Full GC359.828: [Tenured: 161506K->162198K(174784K), 0.3814781 secs] 231458K->162198K(253440K), [Perm : 7330K->7280K(21248K)], 0.3816605 secs] [Times: user=0.39 sys=0.00, real=0.38 secs] 
360.287: [GC360.287: [DefNew: 69952K->69952K(78656K), 0.0000151 secs]360.288: [Tenured: 162198K->171808K(174784K), 0.3694084 secs] 232150K->171808K(253440K), [Perm : 7330K->7330K(21248K)], 0.3697609 secs] [Times: user=0.37 sys=0.00, real=0.37 secs] 
360.730: [GC360.730: [DefNew: 69952K->69952K(78656K), 0.0000157 secs] 241760K->241760K(253440K), 0.0002518 secs] [Times: user=0.00 sys=0.00, real=0.00 secs] 
360.730: [Full GC360.731: [Tenured: 171808K->167077K(174784K), 0.3775037 secs] 241760K->167077K(253440K), [Perm : 7330K->7280K(21248K)], 0.3776868 secs] [Times: user=0.39 sys=0.00, real=0.38 secs] 
361.188: [GC361.188: [DefNew: 69951K->69951K(78656K), 0.0000154 secs]361.188: [Tenured: 167077K->164317K(174784K), 0.3723834 secs] 237029K->164317K(253440K), [Perm : 7330K->7330K(21248K)], 0.3727692 secs] [Times: user=0.37 sys=0.00, real=0.37 secs] 
361.635: [GC361.635: [DefNew: 69952K->69952K(78656K), 0.0000241 secs]361.635: [Tenured: 164317K->174784K(174784K), 0.3945830 secs] 234269K->180158K(253440K), [Perm : 7330K->7330K(21248K)], 0.3949573 secs] [Times: user=0.41 sys=0.00, real=0.39 secs] 
362.161: [Full GC362.161: [Tenured: 174784K->174783K(174784K), 0.3888495 secs] 253440K->178478K(253440K), [Perm : 7330K->7330K(21248K)], 0.3891561 secs] [Times: user=0.37 sys=0.00, real=0.39 secs] 
362.671: [Full GC362.671: [Tenured: 174783K->169494K(174784K), 0.3774662 secs] 253439K->169494K(253440K), [Perm : 7330K->7330K(21248K)], 0.3777747 secs] [Times: user=0.38 sys=0.00, real=0.38 secs] 
363.127: [GC363.127: [DefNew: 69952K->69952K(78656K), 0.0000244 secs]363.127: [Tenured: 169494K->158455K(174784K), 0.3628003 secs] 239446K->158455K(253440K), [Perm : 7330K->7330K(21248K)], 0.3632089 secs] [Times: user=0.36 sys=0.00, real=0.36 secs] 
363.563: [GC363.563: [DefNew: 69952K->69952K(78656K), 0.0000160 secs]363.563: [Tenured: 158455K->167280K(174784K), 0.3632881 secs] 228407K->167280K(253440K), [Perm : 7330K->7330K(21248K)], 0.3636300 secs] [Times: user=0.36 sys=0.00, real=0.36 secs] 
364.010: [GC364.010: [DefNew: 69952K->69952K(78656K), 0.0000176 secs]364.011: [Tenured: 167280K->172908K(174784K), 0.3686252 secs] 237232K->172908K(253440K), [Perm : 7333K->7333K(21248K)], 0.3690707 secs] [Times: user=0.36 sys=0.00, real=0.37 secs] 
364.452: [GC364.452: [DefNew: 69952K->69952K(78656K), 0.0000167 secs]364.452: [Tenured: 172908K->174783K(174784K), 0.3838430 secs] 242860K->178092K(253440K), [Perm : 7333K->7333K(21248K)], 0.3842186 secs] [Times: user=0.39 sys=0.00, real=0.38 secs] 
364.971: [Full GC364.971: [Tenured: 174783K->170670K(174784K), 0.3929932 secs] 253439K->170670K(253440K), [Perm : 7333K->7333K(21248K)], 0.3932834 secs] [Times: user=0.39 sys=0.00, real=0.39 secs] 
365.431: [GC365.432: [DefNew: 69952K->69952K(78656K), 0.0000167 secs]365.432: [Tenured: 170670K->172526K(174784K), 0.3740970 secs] 240622K->172526K(253440K), [Perm : 7333K->7333K(21248K)], 0.3744447 secs] [Times: user=0.37 sys=0.00, real=0.38 secs] 
365.875: [GC365.876: [DefNew: 69952K->69952K(78656K), 0.0000148 secs]365.876: [Tenured: 172526K->170090K(174784K), 0.3773558 secs] 242478K->170090K(253440K), [Perm : 7333K->7333K(21248K)], 0.3777430 secs] [Times: user=0.37 sys=0.00, real=0.38 secs] 
366.334: [GC366.334: [DefNew: 69952K->69952K(78656K), 0.0000164 secs]366.334: [Tenured: 170090K->173916K(174784K), 0.3761487 secs] 240042K->173916K(253440K), [Perm : 7335K->7335K(21248K)], 0.3765662 secs] [Times: user=0.37 sys=0.00, real=0.38 secs] 
366.784: [GC366.784: [DefNew: 69952K->69952K(78656K), 0.0000164 secs]366.784: [Tenured: 173916K->161686K(174784K), 0.3705175 secs] 243868K->161686K(253440K), [Perm : 7335K->7335K(21248K)], 0.3708876 secs] [Times: user=0.37 sys=0.00, real=0.37 secs] 
367.231: [GC367.231: [DefNew: 69952K->69952K(78656K), 0.0000164 secs]367.231: [Tenured: 161686K->173240K(174784K), 0.3656063 secs] 231638K->173240K(253440K), [Perm : 7335K->7335K(21248K)], 0.3659828 secs] [Times: user=0.38 sys=0.00, real=0.37 secs] 
367.673: [GC367.673: [DefNew: 69952K->69952K(78656K), 0.0000160 secs]367.673: [Tenured: 173240K->174783K(174784K), 0.3806355 secs] 243192K->176011K(253440K), [Perm : 7335K->7335K(21248K)], 0.3809835 secs] [Times: user=0.39 sys=0.00, real=0.38 secs] 
368.206: [Full GC368.206: [Tenured: 174783K->172327K(174784K), 0.3743815 secs] 253439K->172327K(253440K), [Perm : 7335K->7335K(21248K)], 0.3746689 secs] [Times: user=0.38 sys=0.02, real=0.37 secs] 
368.650: [GC368.650: [DefNew: 69952K->69952K(78656K), 0.0000164 secs]368.650: [Tenured: 172327K->165815K(174784K), 0.3818405 secs] 242279K->165815K(253440K), [Perm : 7335K->7335K(21248K)], 0.3822731 secs] [Times: user=0.38 sys=0.00, real=0.38 secs] 
369.109: [GC369.109: [DefNew: 69952K->69952K(78656K), 0.0000170 secs]369.109: [Tenured: 165815K->168160K(174784K), 0.3130249 secs] 235767K->168160K(253440K), [Perm : 7335K->7335K(21248K)], 0.3133652 secs] [Times: user=0.33 sys=0.00, real=0.31 secs] 
369.496: [GC369.497: [DefNew: 69952K->69952K(78656K), 0.0000157 secs]369.497: [Tenured: 168160K->174784K(174784K), 0.3852587 secs] 238112K->177673K(253440K), [Perm : 7335K->7335K(21248K)], 0.3856295 secs] [Times: user=0.39 sys=0.00, real=0.39 secs] 
370.005: [Full GC370.005: [Tenured: 174784K->174783K(174784K), 0.3807728 secs] 253439K->177433K(253440K), [Perm : 7335K->7335K(21248K)], 0.3810656 secs] [Times: user=0.37 sys=0.00, real=0.38 secs] 
370.513: [Full GC370.513: [Tenured: 174783K->161451K(174784K), 0.3759312 secs] 253439K->161451K(253440K), [Perm : 7335K->7335K(21248K)], 0.3762134 secs] [Times: user=0.39 sys=0.00, real=0.38 secs] 
370.965: [GC370.965: [DefNew: 69952K->69952K(78656K), 0.0000154 secs]370.965: [Tenured: 161451K->174783K(174784K), 0.3773828 secs] 231403K->175040K(253440K), [Perm : 7335K->7335K(21248K)], 0.3777564 secs] [Times: user=0.39 sys=0.00, real=0.38 secs] 
371.473: [Full GC371.473: [Tenured: 174783K->174783K(174784K), 0.3923357 secs] 253439K->177931K(253440K), [Perm : 7335K->7335K(21248K)], 0.3926413 secs] [Times: user=0.39 sys=0.00, real=0.39 secs] 
372.002: [Full GC372.002: [Tenured: 174783K->173508K(174784K), 0.3819537 secs] 253439K->173508K(253440K), [Perm : 7335K->7335K(21248K)], 0.3823103 secs] [Times: user=0.37 sys=0.00, real=0.38 secs] 
372.450: [GC372.450: [DefNew: 69952K->69952K(78656K), 0.0000164 secs]372.450: [Tenured: 173508K->162667K(174784K), 0.3836872 secs] 243460K->162667K(253440K), [Perm : 7335K->7335K(21248K)], 0.3840897 secs] [Times: user=0.39 sys=0.00, real=0.38 secs] 
372.920: [GC372.920: [DefNew: 69952K->69952K(78656K), 0.0000167 secs]372.920: [Tenured: 162667K->174783K(174784K), 0.3961372 secs] 232619K->179715K(253440K), [Perm : 7335K->7335K(21248K)], 0.3965262 secs] [Times: user=0.39 sys=0.00, real=0.40 secs] 
373.432: [Full GC373.433: [Tenured: 174783K->173997K(174784K), 0.3856359 secs] 253439K->173997K(253440K), [Perm : 7335K->7335K(21248K)], 0.3859422 secs] [Times: user=0.37 sys=0.00, real=0.39 secs] 
373.891: [GC373.891: [DefNew: 69952K->69952K(78656K), 0.0000183 secs]373.891: [Tenured: 173997K->174783K(174784K), 0.3923662 secs] 243949K->175963K(253440K), [Perm : 7335K->7335K(21248K)], 0.3928007 secs] [Times: user=0.39 sys=0.00, real=0.39 secs] 
374.416: [Full GC374.416: [Tenured: 174783K->160163K(174784K), 0.3733610 secs] 253439K->160163K(253440K), [Perm : 7335K->7335K(21248K)], 0.3736528 secs] [Times: user=0.37 sys=0.00, real=0.37 secs] 
374.859: [GC374.859: [DefNew: 69952K->69952K(78656K), 0.0000157 secs]374.859: [Tenured: 160163K->173681K(174784K), 0.3750694 secs] 230115K->173681K(253440K), [Perm : 7335K->7335K(21248K)], 0.3754209 secs] [Times: user=0.38 sys=0.00, real=0.38 secs] 
375.312: [GC375.312: [DefNew: 69952K->69952K(78656K), 0.0000164 secs]375.312: [Tenured: 173681K->174784K(174784K), 0.3843536 secs] 243633K->181373K(253440K), [Perm : 7335K->7335K(21248K)], 0.3847122 secs] [Times: user=0.39 sys=0.00, real=0.38 secs] 
375.819: [Full GC375.820: [Tenured: 174784K->173900K(174784K), 0.3790383 secs] 253440K->173900K(253440K), [Perm : 7335K->7335K(21248K)], 0.3793177 secs] [Times: user=0.37 sys=0.00, real=0.38 secs] 
376.276: [GC376.276: [DefNew: 69952K->69952K(78656K), 0.0000151 secs]376.276: [Tenured: 173900K->158023K(174784K), 0.3595370 secs] 243852K->158023K(253440K), [Perm : 7338K->7338K(21248K)], 0.3599642 secs] [Times: user=0.36 sys=0.00, real=0.36 secs] 
376.712: [GC376.712: [DefNew: 69952K->69952K(78656K), 0.0000151 secs] 227975K->227975K(253440K), 0.0002527 secs] [Times: user=0.00 sys=0.00, real=0.00 secs] 
376.712: [Full GC376.713: [Tenured: 158023K->161714K(174784K), 0.3681592 secs] 227975K->161714K(253440K), [Perm : 7338K->7280K(21248K)], 0.3683350 secs] [Times: user=0.36 sys=0.00, real=0.37 secs] 
377.169: [GC377.169: [DefNew: 69952K->69952K(78656K), 0.0000154 secs]377.169: [Tenured: 161714K->167688K(174784K), 0.3647589 secs] 231666K->167688K(253440K), [Perm : 7330K->7330K(21248K)], 0.3652134 secs] [Times: user=0.38 sys=0.00, real=0.39 secs] 
377.609: [GC377.609: [DefNew: 69952K->69952K(78656K), 0.0000151 secs]377.609: [Tenured: 167688K->174784K(174784K), 0.3770425 secs] 237640K->176476K(253440K), [Perm : 7330K->7330K(21248K)], 0.3773876 secs] [Times: user=0.39 sys=0.00, real=0.40 secs] 
378.120: [Full GC378.120: [Tenured: 174784K->166278K(174784K), 0.3777035 secs] 253440K->166278K(253440K), [Perm : 7330K->7330K(21248K)], 0.3780207 secs] [Times: user=0.37 sys=0.00, real=0.39 secs] 
378.568: [GC378.568: [DefNew: 69952K->69952K(78656K), 0.0000151 secs]378.568: [Tenured: 166278K->174783K(174784K), 0.3930875 secs] 236230K->182128K(253440K), [Perm : 7330K->7330K(21248K)], 0.3934502 secs] [Times: user=0.39 sys=0.00, real=0.40 secs] 
379.089: [Full GC379.089: [Tenured: 174783K->174783K(174784K), 0.3805223 secs] 253439K->177280K(253440K), [Perm : 7330K->7330K(21248K)], 0.3808116 secs] [Times: user=0.39 sys=0.00, real=0.39 secs] 
379.597: [Full GC379.597: [Tenured: 174783K->174783K(174784K), 0.3849470 secs] 253439K->175344K(253440K), [Perm : 7330K->7330K(21248K)], 0.3852282 secs] [Times: user=0.38 sys=0.00, real=0.39 secs] 
380.107: [Full GC380.107: [Tenured: 174783K->162322K(174784K), 0.3831461 secs] 253439K->162322K(253440K), [Perm : 7333K->7333K(21248K)], 0.3834460 secs] [Times: user=0.39 sys=0.00, real=0.39 secs] 
380.566: [GC380.566: [DefNew: 69952K->69952K(78656K), 0.0000151 secs]380.566: [Tenured: 162322K->173184K(174784K), 0.3781891 secs] 232274K->173184K(253440K), [Perm : 7333K->7333K(21248K)], 0.3785226 secs] [Times: user=0.38 sys=0.00, real=0.38 secs] 
381.027: [GC381.027: [DefNew: 69952K->69952K(78656K), 0.0000144 secs]381.027: [Tenured: 173184K->174254K(174784K), 0.3757991 secs] 243136K->174254K(253440K), [Perm : 7333K->7333K(21248K)], 0.3761493 secs] [Times: user=0.39 sys=0.00, real=0.38 secs] 
381.479: [GC381.479: [DefNew: 69952K->69952K(78656K), 0.0000151 secs]381.479: [Tenured: 174254K->172240K(174784K), 0.3872699 secs] 244206K->172240K(253440K), [Perm : 7333K->7333K(21248K)], 0.3876243 secs] [Times: user=0.39 sys=0.00, real=0.39 secs] 
381.946: [GC381.946: [DefNew: 69952K->69952K(78656K), 0.0000157 secs]381.946: [Tenured: 172240K->168939K(174784K), 0.3885275 secs] 242192K->168939K(253440K), [Perm : 7335K->7335K(21248K)], 0.3889082 secs] [Times: user=0.39 sys=0.00, real=0.39 secs] 
382.401: [GC382.402: [DefNew: 69952K->69952K(78656K), 0.0000160 secs]382.402: [Tenured: 168939K->174783K(174784K), 0.3787333 secs] 238891K->177674K(253440K), [Perm : 7335K->7335K(21248K)], 0.3790906 secs] [Times: user=0.38 sys=0.00, real=0.38 secs] 
382.899: [Full GC382.899: [Tenured: 174783K->172208K(174784K), 0.3777657 secs] 253439K->172208K(253440K), [Perm : 7335K->7335K(21248K)], 0.3781297 secs] [Times: user=0.39 sys=0.00, real=0.38 secs] 
383.356: [GC383.356: [DefNew: 69952K->69952K(78656K), 0.0000180 secs]383.356: [Tenured: 172208K->171685K(174784K), 0.3662593 secs] 242160K->171685K(253440K), [Perm : 7335K->7335K(21248K)], 0.3666627 secs] [Times: user=0.36 sys=0.00, real=0.37 secs] 
383.796: [GC383.796: [DefNew: 69952K->69952K(78656K), 0.0000154 secs]383.796: [Tenured: 171685K->167850K(174784K), 0.3778042 secs] 241637K->167850K(253440K), [Perm : 7335K->7335K(21248K)], 0.3781490 secs] [Times: user=0.37 sys=0.00, real=0.38 secs] 
384.260: [GC384.260: [DefNew: 69952K->69952K(78656K), 0.0000151 secs]384.260: [Tenured: 167850K->171099K(174784K), 0.3641236 secs] 237802K->171099K(253440K), [Perm : 7335K->7335K(21248K)], 0.3644757 secs] [Times: user=0.36 sys=0.00, real=0.37 secs] 
384.698: [GC384.699: [DefNew: 69952K->69952K(78656K), 0.0000157 secs]384.699: [Tenured: 171099K->169565K(174784K), 0.3651922 secs] 241051K->169565K(253440K), [Perm : 7335K->7335K(21248K)], 0.3655697 secs] [Times: user=0.36 sys=0.00, real=0.37 secs] 
385.146: [GC385.146: [DefNew: 69952K->69952K(78656K), 0.0000157 secs]385.146: [Tenured: 169565K->173566K(174784K), 0.3712939 secs] 239517K->173566K(253440K), [Perm : 7335K->7335K(21248K)], 0.3716660 secs] [Times: user=0.38 sys=0.00, real=0.37 secs] 
385.594: [GC385.594: [DefNew: 69952K->69952K(78656K), 0.0000154 secs]385.594: [Tenured: 173566K->167108K(174784K), 0.3744190 secs] 243518K->167108K(253440K), [Perm : 7335K->7335K(21248K)], 0.3747657 secs] [Times: user=0.38 sys=0.00, real=0.38 secs] 
386.055: [GC386.055: [DefNew: 69952K->69952K(78656K), 0.0000154 secs]386.055: [Tenured: 167108K->174783K(174784K), 0.3733764 secs] 237060K->175287K(253440K), [Perm : 7335K->7335K(21248K)], 0.3737397 secs] [Times: user=0.37 sys=0.00, real=0.37 secs] 
386.551: [Full GC386.552: [Tenured: 174783K->174783K(174784K), 0.3845926 secs] 253439K->178632K(253440K), [Perm : 7335K->7335K(21248K)], 0.3848867 secs] [Times: user=0.38 sys=0.00, real=0.38 secs] 
387.052: [Full GC387.052: [Tenured: 174783K->174783K(174784K), 0.3997575 secs] 253439K->181144K(253440K), [Perm : 7335K->7335K(21248K)], 0.4000888 secs] [Times: user=0.39 sys=0.00, real=0.40 secs] 
387.575: [Full GC387.575: [Tenured: 174783K->163420K(174784K), 0.3777968 secs] 253439K->163420K(253440K), [Perm : 7335K->7335K(21248K)], 0.3780794 secs] [Times: user=0.37 sys=0.00, real=0.38 secs] 
388.030: [GC388.030: [DefNew: 69952K->69952K(78656K), 0.0000154 secs]388.030: [Tenured: 163420K->168531K(174784K), 0.3528112 secs] 233372K->168531K(253440K), [Perm : 7335K->7335K(21248K)], 0.3531547 secs] [Times: user=0.36 sys=0.00, real=0.35 secs] 
388.461: [GC388.461: [DefNew: 69952K->69952K(78656K), 0.0000151 secs]388.461: [Tenured: 168531K->171547K(174784K), 0.3716156 secs] 238483K->171547K(253440K), [Perm : 7335K->7335K(21248K)], 0.3719575 secs] [Times: user=0.38 sys=0.00, real=0.37 secs] 
388.924: [GC388.924: [DefNew: 69952K->69952K(78656K), 0.0000154 secs] 241499K->241499K(253440K), 0.0002559 secs] [Times: user=0.00 sys=0.00, real=0.00 secs] 
388.925: [Full GC388.925: [Tenured: 171547K->169132K(174784K), 0.3934053 secs] 241499K->169132K(253440K), [Perm : 7335K->7289K(21248K)], 0.3936045 secs] [Times: user=0.39 sys=0.00, real=0.39 secs] 
389.371: [GC389.371: [DefNew: 69952K->69952K(78656K), 0.0000218 secs]389.371: [Tenured: 169132K->170455K(174784K), 0.3824075 secs] 239084K->170455K(253440K), [Perm : 7324K->7324K(21248K)], 0.3827160 secs] [Times: user=0.39 sys=0.00, real=0.38 secs] 
389.817: [GC389.817: [DefNew: 69952K->69952K(78656K), 0.0000154 secs]389.817: [Tenured: 170455K->174783K(174784K), 0.3803456 secs] 240407K->178192K(253440K), [Perm : 7324K->7324K(21248K)], 0.3807205 secs] [Times: user=0.38 sys=0.00, real=0.38 secs] 
390.331: [Full GC390.331: [Tenured: 174783K->174783K(174784K), 0.3924204 secs] 253439K->179365K(253440K), [Perm : 7333K->7333K(21248K)], 0.3927485 secs] [Times: user=0.39 sys=0.00, real=0.39 secs] 
390.826: [Full GC390.826: [Tenured: 174783K->174783K(174784K), 0.3888864 secs] 253439K->176827K(253440K), [Perm : 7333K->7333K(21248K)], 0.3892513 secs] [Times: user=0.39 sys=0.00, real=0.39 secs] 
391.341: [Full GC391.341: [Tenured: 174783K->168812K(174784K), 0.3811766 secs] 253439K->168812K(253440K), [Perm : 7333K->7333K(21248K)], 0.3815101 secs] [Times: user=0.37 sys=0.00, real=0.38 secs] 
391.795: [GC391.796: [DefNew: 69952K->69952K(78656K), 0.0000170 secs]391.796: [Tenured: 168812K->170989K(174784K), 0.3685040 secs] 238764K->170989K(253440K), [Perm : 7333K->7333K(21248K)], 0.3688468 secs] [Times: user=0.36 sys=0.00, real=0.37 secs] 
392.252: [GC392.252: [DefNew: 69952K->69952K(78656K), 0.0000144 secs]392.252: [Tenured: 170989K->170106K(174784K), 0.3631553 secs] 240941K->170106K(253440K), [Perm : 7333K->7333K(21248K)], 0.3635203 secs] [Times: user=0.36 sys=0.00, real=0.36 secs] 
392.689: [GC392.689: [DefNew: 69952K->69952K(78656K), 0.0000154 secs]392.689: [Tenured: 170106K->168899K(174784K), 0.3638048 secs] 240058K->168899K(253440K), [Perm : 7333K->7333K(21248K)], 0.3641451 secs] [Times: user=0.36 sys=0.00, real=0.36 secs] 
393.137: [GC393.138: [DefNew: 69952K->69952K(78656K), 0.0000151 secs]393.138: [Tenured: 168899K->165868K(174784K), 0.3700091 secs] 238851K->165868K(253440K), [Perm : 7333K->7333K(21248K)], 0.3703699 secs] [Times: user=0.36 sys=0.02, real=0.37 secs] 
393.584: [GC393.584: [DefNew: 69952K->69952K(78656K), 0.0000151 secs]393.584: [Tenured: 165868K->174784K(174784K), 0.3793440 secs] 235820K->178485K(253440K), [Perm : 7333K->7333K(21248K)], 0.3796766 secs] [Times: user=0.39 sys=0.00, real=0.38 secs] 
394.091: [Full GC394.091: [Tenured: 174784K->174783K(174784K), 0.3821686 secs] 253439K->177748K(253440K), [Perm : 7335K->7335K(21248K)], 0.3825666 secs] [Times: user=0.37 sys=0.00, real=0.38 secs] 
394.601: [Full GC394.601: [Tenured: 174783K->171963K(174784K), 0.3808013 secs] 253439K->171963K(253440K), [Perm : 7335K->7335K(21248K)], 0.3810977 secs] [Times: user=0.37 sys=0.00, real=0.38 secs] 
395.059: [GC395.059: [DefNew: 69952K->69952K(78656K), 0.0000154 secs] 241915K->241915K(253440K), 0.0002563 secs] [Times: user=0.00 sys=0.00, real=0.00 secs] 
395.060: [Full GC395.060: [Tenured: 171963K->165305K(174784K), 0.3775114 secs] 241915K->165305K(253440K), [Perm : 7335K->7280K(21248K)], 0.3776888 secs] [Times: user=0.37 sys=0.00, real=0.38 secs] 
395.514: [GC395.515: [DefNew: 69952K->69952K(78656K), 0.0000160 secs]395.515: [Tenured: 165305K->174572K(174784K), 0.3774819 secs] 235257K->174572K(253440K), [Perm : 7280K->7280K(21248K)], 0.3778193 secs] [Times: user=0.38 sys=0.00, real=0.38 secs] 
395.975: [GC395.975: [DefNew: 69952K->69952K(78656K), 0.0000151 secs]395.975: [Tenured: 174572K->174060K(174784K), 0.3758427 secs] 244524K->174060K(253440K), [Perm : 7330K->7330K(21248K)], 0.3762032 secs] [Times: user=0.38 sys=0.00, real=0.38 secs] 
396.426: [GC396.426: [DefNew: 69952K->69952K(78656K), 0.0000154 secs]396.426: [Tenured: 174060K->170690K(174784K), 0.3710794 secs] 244012K->170690K(253440K), [Perm : 7330K->7330K(21248K)], 0.3714334 secs] [Times: user=0.36 sys=0.00, real=0.37 secs] 
396.862: [GC396.862: [DefNew: 69952K->69952K(78656K), 0.0000154 secs]396.862: [Tenured: 170690K->164426K(174784K), 0.3704273 secs] 240642K->164426K(253440K), [Perm : 7330K->7330K(21248K)], 0.3708138 secs] [Times: user=0.37 sys=0.00, real=0.37 secs] 
397.310: [GC397.310: [DefNew: 69952K->69952K(78656K), 0.0000189 secs]397.311: [Tenured: 164426K->173413K(174784K), 0.3580594 secs] 234378K->173413K(253440K), [Perm : 7330K->7330K(21248K)], 0.3585030 secs] [Times: user=0.36 sys=0.00, real=0.36 secs] 
397.735: [GC397.735: [DefNew: 69952K->69952K(78656K), 0.0000157 secs]397.735: [Tenured: 173413K->170861K(174784K), 0.3745200 secs] 243365K->170861K(253440K), [Perm : 7330K->7330K(21248K)], 0.3748857 secs] [Times: user=0.38 sys=0.00, real=0.38 secs] 
398.185: [GC398.185: [DefNew: 69952K->69952K(78656K), 0.0000167 secs]398.185: [Tenured: 170861K->172476K(174784K), 0.3656114 secs] 240813K->172476K(253440K), [Perm : 7330K->7330K(21248K)], 0.3659729 secs] [Times: user=0.37 sys=0.00, real=0.37 secs] 
398.628: [GC398.628: [DefNew: 69952K->69952K(78656K), 0.0000148 secs]398.628: [Tenured: 172476K->168404K(174784K), 0.3757391 secs] 242428K->168404K(253440K), [Perm : 7333K->7333K(21248K)], 0.3760967 secs] [Times: user=0.38 sys=0.00, real=0.38 secs] 
399.086: [GC399.086: [DefNew: 69952K->69952K(78656K), 0.0000157 secs]399.086: [Tenured: 168404K->170347K(174784K), 0.3626435 secs] 238356K->170347K(253440K), [Perm : 7333K->7333K(21248K)], 0.3629950 secs] [Times: user=0.36 sys=0.00, real=0.36 secs] 
399.525: [GC399.526: [DefNew: 69952K->69952K(78656K), 0.0000151 secs]399.526: [Tenured: 170347K->174783K(174784K), 0.3763828 secs] 240299K->177639K(253440K), [Perm : 7333K->7333K(21248K)], 0.3767231 secs] [Times: user=0.38 sys=0.00, real=0.38 secs] 
400.028: [Full GC400.028: [Tenured: 174783K->173989K(174784K), 0.3772250 secs] 253439K->173989K(253440K), [Perm : 7333K->7333K(21248K)], 0.3775322 secs] [Times: user=0.38 sys=0.01, real=0.38 secs] 
400.481: [GC400.481: [DefNew: 69952K->69952K(78656K), 0.0000164 secs]400.481: [Tenured: 173989K->163282K(174784K), 0.3714819 secs] 243941K->163282K(253440K), [Perm : 7333K->7333K(21248K)], 0.3718315 secs] [Times: user=0.36 sys=0.02, real=0.37 secs] 
400.937: [GC400.937: [DefNew: 69952K->69952K(78656K), 0.0000154 secs]400.937: [Tenured: 163282K->174783K(174784K), 0.3761192 secs] 233234K->176341K(253440K), [Perm : 7335K->7335K(21248K)], 0.3764739 secs] [Times: user=0.37 sys=0.00, real=0.38 secs] 
401.430: [Full GC401.431: [Tenured: 174783K->174783K(174784K), 0.3794094 secs] 253439K->175684K(253440K), [Perm : 7335K->7335K(21248K)], 0.3797086 secs] [Times: user=0.39 sys=0.00, real=0.38 secs] 
401.936: [Full GC401.937: [Tenured: 174783K->171959K(174784K), 0.3791387 secs] 253439K->171959K(253440K), [Perm : 7335K->7335K(21248K)], 0.3794303 secs] [Times: user=0.37 sys=0.00, real=0.38 secs] 
402.393: [GC402.393: [DefNew: 69952K->69952K(78656K), 0.0000148 secs]402.393: [Tenured: 171959K->171040K(174784K), 0.3860862 secs] 241911K->171040K(253440K), [Perm : 7335K->7335K(21248K)], 0.3864389 secs] [Times: user=0.39 sys=0.00, real=0.39 secs] 
402.856: [GC402.856: [DefNew: 69952K->69952K(78656K), 0.0000164 secs]402.856: [Tenured: 171040K->174784K(174784K), 0.3808889 secs] 240992K->175980K(253440K), [Perm : 7335K->7335K(21248K)], 0.3812330 secs] [Times: user=0.38 sys=0.00, real=0.38 secs] 
403.368: [Full GC403.369: [Tenured: 174784K->174726K(174784K), 0.3798995 secs] 253439K->174726K(253440K), [Perm : 7335K->7335K(21248K)], 0.3802212 secs] [Times: user=0.38 sys=0.00, real=0.38 secs] 
403.824: [GC403.824: [DefNew: 69952K->69952K(78656K), 0.0000154 secs]403.824: [Tenured: 174726K->164915K(174784K), 0.3756727 secs] 244678K->164915K(253440K), [Perm : 7335K->7335K(21248K)], 0.3760181 secs] [Times: user=0.37 sys=0.00, real=0.38 secs] 
404.284: [GC404.285: [DefNew: 69952K->69952K(78656K), 0.0000170 secs]404.285: [Tenured: 164915K->165491K(174784K), 0.3761015 secs] 234867K->165491K(253440K), [Perm : 7335K->7335K(21248K)], 0.3764918 secs] [Times: user=0.37 sys=0.00, real=0.38 secs] 
404.737: [GC404.737: [DefNew: 69952K->69952K(78656K), 0.0000154 secs]404.737: [Tenured: 165491K->169774K(174784K), 0.3675235 secs] 235443K->169774K(253440K), [Perm : 7335K->7335K(21248K)], 0.3678722 secs] [Times: user=0.38 sys=0.00, real=0.37 secs] 
405.185: [GC405.185: [DefNew: 69952K->69952K(78656K), 0.0000160 secs]405.186: [Tenured: 169774K->168790K(174784K), 0.3635514 secs] 239726K->168790K(253440K), [Perm : 7335K->7335K(21248K)], 0.3639562 secs] [Times: user=0.36 sys=0.00, real=0.36 secs] 
405.626: [GC405.626: [DefNew: 69952K->69952K(78656K), 0.0000157 secs]405.626: [Tenured: 168790K->174783K(174784K), 0.3747327 secs] 238742K->175001K(253440K), [Perm : 7335K->7335K(21248K)], 0.3754171 secs] [Times: user=0.37 sys=0.00, real=0.38 secs] 
406.129: [Full GC406.129: [Tenured: 174783K->169583K(174784K), 0.3865037 secs] 253439K->169583K(253440K), [Perm : 7335K->7335K(21248K)], 0.3867991 secs] [Times: user=0.37 sys=0.00, real=0.39 secs] 
406.587: [GC406.587: [DefNew: 69952K->69952K(78656K), 0.0000215 secs]406.587: [Tenured: 169583K->174783K(174784K), 0.3824931 secs] 239535K->175823K(253440K), [Perm : 7335K->7335K(21248K)], 0.3829187 secs] [Times: user=0.38 sys=0.00, real=0.38 secs] 
407.106: [Full GC407.106: [Tenured: 174784K->173172K(174784K), 0.3750422 secs] 253440K->173172K(253440K), [Perm : 7335K->7335K(21248K)], 0.3753453 secs] [Times: user=0.38 sys=0.00, real=0.38 secs] 
407.556: [GC407.556: [DefNew: 69952K->69952K(78656K), 0.0000154 secs]407.557: [Tenured: 173172K->173032K(174784K), 0.3726374 secs] 243124K->173032K(253440K), [Perm : 7335K->7335K(21248K)], 0.3729969 secs] [Times: user=0.37 sys=0.00, real=0.37 secs] 
408.008: [GC408.008: [DefNew: 69952K->69952K(78656K), 0.0000148 secs]408.008: [Tenured: 173032K->164888K(174784K), 0.3720136 secs] 242984K->164888K(253440K), [Perm : 7335K->7335K(21248K)], 0.3723475 secs] [Times: user=0.38 sys=0.00, real=0.37 secs] 
408.455: [GC408.455: [DefNew: 69952K->69952K(78656K), 0.0000154 secs]408.455: [Tenured: 164888K->174431K(174784K), 0.3743132 secs] 234840K->174431K(253440K), [Perm : 7335K->7335K(21248K)], 0.3746551 secs] [Times: user=0.37 sys=0.00, real=0.37 secs] 
408.905: [GC408.905: [DefNew: 69952K->69952K(78656K), 0.0000170 secs]408.905: [Tenured: 174431K->172297K(174784K), 0.3745521 secs] 244383K->172297K(253440K), [Perm : 7335K->7335K(21248K)], 0.3749501 secs] [Times: user=0.39 sys=0.00, real=0.38 secs] 
409.359: [GC409.359: [DefNew: 69952K->69952K(78656K), 0.0000157 secs]409.359: [Tenured: 172297K->174783K(174784K), 0.3724443 secs] 242249K->175154K(253440K), [Perm : 7335K->7335K(21248K)], 0.3728645 secs] [Times: user=0.36 sys=0.00, real=0.37 secs] 
409.862: [Full GC409.862: [Tenured: 174783K->165199K(174784K), 0.3780977 secs] 253439K->165199K(253440K), [Perm : 7335K->7335K(21248K)], 0.3783847 secs] [Times: user=0.37 sys=0.00, real=0.38 secs] 
410.317: [GC410.317: [DefNew: 69952K->69952K(78656K), 0.0000164 secs]410.317: [Tenured: 165199K->171285K(174784K), 0.3744171 secs] 235151K->171285K(253440K), [Perm : 7335K->7335K(21248K)], 0.3748446 secs] [Times: user=0.38 sys=0.00, real=0.38 secs] 
410.762: [GC410.763: [DefNew: 69952K->69952K(78656K), 0.0000154 secs]410.763: [Tenured: 171285K->173759K(174784K), 0.3753440 secs] 241237K->173759K(253440K), [Perm : 7335K->7335K(21248K)], 0.3756903 secs] [Times: user=0.38 sys=0.00, real=0.38 secs] 
411.218: [GC411.218: [DefNew: 69952K->69952K(78656K), 0.0000154 secs]411.218: [Tenured: 173759K->174784K(174784K), 0.3844819 secs] 243711K->176188K(253440K), [Perm : 7338K->7338K(21248K)], 0.3848883 secs] [Times: user=0.37 sys=0.00, real=0.38 secs] 
411.707: [Full GC411.707: [Tenured: 174784K->168072K(174784K), 0.3826339 secs] 253440K->168072K(253440K), [Perm : 7338K->7338K(21248K)], 0.3829752 secs] [Times: user=0.39 sys=0.00, real=0.38 secs] 
412.160: [GC412.160: [DefNew: 69952K->69952K(78656K), 0.0000151 secs]412.160: [Tenured: 168072K->172749K(174784K), 0.3154441 secs] 238024K->172749K(253440K), [Perm : 7338K->7338K(21248K)], 0.3157539 secs] [Times: user=0.31 sys=0.00, real=0.32 secs] 
412.547: [GC412.548: [DefNew: 69952K->69952K(78656K), 0.0000151 secs]412.548: [Tenured: 172749K->172137K(174784K), 0.3683722 secs] 242701K->172137K(253440K), [Perm : 7338K->7338K(21248K)], 0.3687224 secs] [Times: user=0.37 sys=0.00, real=0.37 secs] 
412.993: [GC412.993: [DefNew: 69952K->69952K(78656K), 0.0000164 secs]412.993: [Tenured: 172137K->174586K(174784K), 0.3707718 secs] 242089K->174586K(253440K), [Perm : 7338K->7338K(21248K)], 0.3711509 secs] [Times: user=0.36 sys=0.00, real=0.37 secs] 
413.440: [GC413.440: [DefNew: 69952K->69952K(78656K), 0.0000164 secs]413.440: [Tenured: 174586K->166935K(174784K), 0.3737368 secs] 244538K->166935K(253440K), [Perm : 7338K->7338K(21248K)], 0.3740784 secs] [Times: user=0.37 sys=0.00, real=0.37 secs] 
413.890: [GC413.890: [DefNew: 69952K->69952K(78656K), 0.0000151 secs]413.890: [Tenured: 166935K->171171K(174784K), 0.3666121 secs] 236887K->171171K(253440K), [Perm : 7338K->7338K(21248K)], 0.3669498 secs] [Times: user=0.38 sys=0.00, real=0.37 secs] 
414.343: [GC414.343: [DefNew: 69952K->69952K(78656K), 0.0000151 secs]414.343: [Tenured: 171171K->169643K(174784K), 0.3611999 secs] 241123K->169643K(253440K), [Perm : 7338K->7338K(21248K)], 0.3615569 secs] [Times: user=0.36 sys=0.00, real=0.36 secs] 
414.779: [GC414.779: [DefNew: 69952K->69952K(78656K), 0.0000148 secs]414.779: [Tenured: 169643K->170502K(174784K), 0.3638375 secs] 239595K->170502K(253440K), [Perm : 7338K->7338K(21248K)], 0.3641720 secs] [Times: user=0.36 sys=0.00, real=0.36 secs] 
415.225: [GC415.225: [DefNew: 69952K->69952K(78656K), 0.0000154 secs]415.225: [Tenured: 170502K->164227K(174784K), 0.3692048 secs] 240454K->164227K(253440K), [Perm : 7341K->7341K(21248K)], 0.3695540 secs] [Times: user=0.36 sys=0.00, real=0.37 secs] 
415.671: [GC415.671: [DefNew: 69952K->69952K(78656K), 0.0000154 secs]415.671: [Tenured: 164227K->171853K(174784K), 0.3675399 secs] 234179K->171853K(253440K), [Perm : 7341K->7341K(21248K)], 0.3678856 secs] [Times: user=0.37 sys=0.00, real=0.37 secs] 
416.122: [GC416.122: [DefNew: 69952K->69952K(78656K), 0.0000157 secs]416.122: [Tenured: 171853K->174783K(174784K), 0.3775967 secs] 241805K->177461K(253440K), [Perm : 7341K->7341K(21248K)], 0.3779784 secs] [Times: user=0.38 sys=0.00, real=0.38 secs] 
416.622: [Full GC416.622: [Tenured: 174783K->171875K(174784K), 0.3924691 secs] 253439K->171875K(253440K), [Perm : 7341K->7341K(21248K)], 0.3927882 secs] [Times: user=0.39 sys=0.00, real=0.39 secs] 
417.093: [GC417.093: [DefNew: 69952K->69952K(78656K), 0.0000148 secs]417.093: [Tenured: 171875K->163200K(174784K), 0.3709052 secs] 241827K->163200K(253440K), [Perm : 7341K->7341K(21248K)], 0.3712586 secs] [Times: user=0.38 sys=0.00, real=0.37 secs] 
417.539: [GC417.539: [DefNew: 69952K->69952K(78656K), 0.0000144 secs]417.539: [Tenured: 163200K->169225K(174784K), 0.3640944 secs] 233152K->169225K(253440K), [Perm : 7341K->7341K(21248K)], 0.3644337 secs] [Times: user=0.36 sys=0.00, real=0.36 secs] 
417.980: [GC417.980: [DefNew: 69952K->69952K(78656K), 0.0000164 secs]417.980: [Tenured: 169225K->166952K(174784K), 0.3582278 secs] 239177K->166952K(253440K), [Perm : 7341K->7341K(21248K)], 0.3585886 secs] [Times: user=0.36 sys=0.00, real=0.36 secs] 
418.410: [GC418.410: [DefNew: 69952K->69952K(78656K), 0.0000154 secs]418.410: [Tenured: 166952K->169109K(174784K), 0.3634097 secs] 236904K->169109K(253440K), [Perm : 7341K->7341K(21248K)], 0.3637532 secs] [Times: user=0.36 sys=0.00, real=0.36 secs] 
418.849: [GC418.849: [DefNew: 69952K->69952K(78656K), 0.0000151 secs]418.849: [Tenured: 169109K->165616K(174784K), 0.3753889 secs] 239061K->165616K(253440K), [Perm : 7341K->7341K(21248K)], 0.3757276 secs] [Times: user=0.37 sys=0.00, real=0.38 secs] 
419.312: [GC419.312: [DefNew: 69952K->69952K(78656K), 0.0000148 secs]419.312: [Tenured: 165616K->174784K(174784K), 0.3714982 secs] 235568K->175832K(253440K), [Perm : 7341K->7341K(21248K)], 0.3718610 secs] [Times: user=0.36 sys=0.00, real=0.37 secs] 
419.813: [Full GC419.813: [Tenured: 174784K->174784K(174784K), 0.3785515 secs] 253439K->174830K(253440K), [Perm : 7341K->7341K(21248K)], 0.3788334 secs] [Times: user=0.37 sys=0.00, real=0.38 secs] 
420.324: [Full GC420.324: [Tenured: 174784K->165070K(174784K), 0.3815877 secs] 253439K->165070K(253440K), [Perm : 7341K->7341K(21248K)], 0.3818883 secs] [Times: user=0.37 sys=0.02, real=0.38 secs] 
420.778: [GC420.779: [DefNew: 69952K->69952K(78656K), 0.0000154 secs]420.779: [Tenured: 165070K->165903K(174784K), 0.3820608 secs] 235022K->165903K(253440K), [Perm : 7341K->7341K(21248K)], 0.3824271 secs] [Times: user=0.38 sys=0.00, real=0.38 secs] 
421.239: [GC421.240: [DefNew: 69952K->69952K(78656K), 0.0000151 secs]421.240: [Tenured: 165903K->174784K(174784K), 0.3762157 secs] 235855K->176455K(253440K), [Perm : 7341K->7341K(21248K)], 0.3765650 secs] [Times: user=0.37 sys=0.00, real=0.38 secs] 
421.744: [Full GC421.744: [Tenured: 174784K->174783K(174784K), 0.3857972 secs] 253439K->176876K(253440K), [Perm : 7341K->7341K(21248K)], 0.3860791 secs] [Times: user=0.37 sys=0.00, real=0.39 secs] 
422.262: [Full GC422.262: [Tenured: 174783K->174783K(174784K), 0.3925743 secs] 253439K->179057K(253440K), [Perm : 7341K->7341K(21248K)], 0.3928604 secs] [Times: user=0.39 sys=0.00, real=0.39 secs] 
422.778: [Full GC422.778: [Tenured: 174783K->155630K(174784K), 0.3650941 secs] 253439K->155630K(253440K), [Perm : 7343K->7343K(21248K)], 0.3653815 secs] [Times: user=0.36 sys=0.00, real=0.37 secs] 
423.224: [GC423.224: [DefNew: 69952K->69952K(78656K), 0.0000148 secs]423.224: [Tenured: 155630K->174783K(174784K), 0.3768344 secs] 225582K->175714K(253440K), [Perm : 7343K->7343K(21248K)], 0.3771968 secs] [Times: user=0.39 sys=0.00, real=0.38 secs] 
423.731: [Full GC423.731: [Tenured: 174783K->174783K(174784K), 0.3868581 secs] 253439K->175313K(253440K), [Perm : 7343K->7343K(21248K)], 0.3871837 secs] [Times: user=0.39 sys=0.00, real=0.39 secs] 
424.250: [Full GC424.250: [Tenured: 174783K->174758K(174784K), 0.3860243 secs] 253439K->174758K(253440K), [Perm : 7343K->7343K(21248K)], 0.3863498 secs] [Times: user=0.39 sys=0.00, real=0.39 secs] 
424.710: [GC424.711: [DefNew: 69952K->69952K(78656K), 0.0000151 secs]424.711: [Tenured: 174758K->163106K(174784K), 0.3766891 secs] 244710K->163106K(253440K), [Perm : 7343K->7343K(21248K)], 0.3770233 secs] [Times: user=0.38 sys=0.00, real=0.38 secs] 
425.175: [GC425.175: [DefNew: 69952K->69952K(78656K), 0.0000151 secs]425.175: [Tenured: 163106K->170395K(174784K), 0.3766560 secs] 233058K->170395K(253440K), [Perm : 7343K->7343K(21248K)], 0.3770085 secs] [Times: user=0.39 sys=0.00, real=0.38 secs] 
425.619: [GC425.620: [DefNew: 69952K->69952K(78656K), 0.0000157 secs]425.620: [Tenured: 170395K->173289K(174784K), 0.3732214 secs] 240347K->173289K(253440K), [Perm : 7343K->7343K(21248K)], 0.3735845 secs] [Times: user=0.38 sys=0.00, real=0.37 secs] 
426.073: [GC426.074: [DefNew: 69952K->69952K(78656K), 0.0000154 secs]426.074: [Tenured: 173289K->174784K(174784K), 0.3765274 secs] 243241K->178347K(253440K), [Perm : 7343K->7343K(21248K)], 0.3769482 secs] [Times: user=0.37 sys=0.00, real=0.38 secs] 
426.575: [Full GC426.576: [Tenured: 174784K->169251K(174784K), 0.3862619 secs] 253439K->169251K(253440K), [Perm : 7343K->7343K(21248K)], 0.3865518 secs] [Times: user=0.39 sys=0.00, real=0.39 secs] 
427.027: [GC427.027: [DefNew: 69952K->69952K(78656K), 0.0000154 secs]427.027: [Tenured: 169251K->171902K(174784K), 0.3703516 secs] 239203K->171902K(253440K), [Perm : 7343K->7343K(21248K)], 0.3707089 secs] [Times: user=0.37 sys=0.02, real=0.37 secs] 
427.473: [GC427.474: [DefNew: 69952K->69952K(78656K), 0.0000148 secs]427.474: [Tenured: 171902K->173829K(174784K), 0.3715678 secs] 241854K->173829K(253440K), [Perm : 7343K->7343K(21248K)], 0.3719161 secs] [Times: user=0.37 sys=0.00, real=0.37 secs] 
427.924: [GC427.924: [DefNew: 69952K->69952K(78656K), 0.0000141 secs]427.924: [Tenured: 173829K->174488K(174784K), 0.3726945 secs] 243781K->174488K(253440K), [Perm : 7343K->7343K(21248K)], 0.3729854 secs] [Times: user=0.38 sys=0.00, real=0.37 secs] 
428.363: [GC428.364: [DefNew: 69952K->69952K(78656K), 0.0000154 secs]428.364: [Tenured: 174488K->164454K(174784K), 0.3705290 secs] 244440K->164454K(253440K), [Perm : 7343K->7343K(21248K)], 0.3708731 secs] [Times: user=0.36 sys=0.01, real=0.37 secs] 
428.809: [GC428.809: [DefNew: 69952K->69952K(78656K), 0.0000154 secs]428.809: [Tenured: 164454K->172975K(174784K), 0.3693754 secs] 234406K->172975K(253440K), [Perm : 7343K->7343K(21248K)], 0.3697250 secs] [Times: user=0.38 sys=0.00, real=0.37 secs] 
429.267: [GC429.267: [DefNew: 69952K->69952K(78656K), 0.0000157 secs]429.267: [Tenured: 172975K->172857K(174784K), 0.3689706 secs] 242927K->172857K(253440K), [Perm : 7343K->7343K(21248K)], 0.3693558 secs] [Times: user=0.36 sys=0.00, real=0.37 secs] 
429.709: [GC429.709: [DefNew: 69952K->69952K(78656K), 0.0000196 secs]429.709: [Tenured: 172857K->174783K(174784K), 0.3733084 secs] 242809K->175020K(253440K), [Perm : 7343K->7343K(21248K)], 0.3736599 secs] [Times: user=0.37 sys=0.00, real=0.37 secs] 
430.214: [Full GC430.214: [Tenured: 174783K->163572K(174784K), 0.3725617 secs] 253439K->163572K(253440K), [Perm : 7343K->7343K(21248K)], 0.3728953 secs] [Times: user=0.36 sys=0.00, real=0.37 secs] 
430.659: [GC430.659: [DefNew: 69952K->69952K(78656K), 0.0000170 secs]430.659: [Tenured: 163572K->172815K(174784K), 0.3723603 secs] 233524K->172815K(253440K), [Perm : 7343K->7343K(21248K)], 0.3727134 secs] [Times: user=0.37 sys=0.00, real=0.37 secs] 
431.112: [GC431.112: [DefNew: 69952K->69952K(78656K), 0.0000157 secs]431.112: [Tenured: 172815K->174783K(174784K), 0.3772462 secs] 242767K->177510K(253440K), [Perm : 7343K->7343K(21248K)], 0.3776313 secs] [Times: user=0.37 sys=0.00, real=0.38 secs] 
431.614: [Full GC431.614: [Tenured: 174783K->174783K(174784K), 0.3879521 secs] 253439K->177629K(253440K), [Perm : 7343K->7343K(21248K)], 0.3882587 secs] [Times: user=0.39 sys=0.00, real=0.39 secs] 
432.125: [Full GC432.125: [Tenured: 174783K->167523K(174784K), 0.3844229 secs] 253439K->167523K(253440K), [Perm : 7343K->7343K(21248K)], 0.3847677 secs] [Times: user=0.39 sys=0.00, real=0.38 secs] 
432.581: [GC432.581: [DefNew: 69952K->69952K(78656K), 0.0000151 secs]432.581: [Tenured: 167523K->173127K(174784K), 0.3737304 secs] 237475K->173127K(253440K), [Perm : 7343K->7343K(21248K)], 0.3740710 secs] [Times: user=0.37 sys=0.00, real=0.37 secs] 
433.033: [GC433.034: [DefNew: 69952K->69952K(78656K), 0.0000151 secs]433.034: [Tenured: 173127K->169684K(174784K), 0.3665357 secs] 243079K->169684K(253440K), [Perm : 7343K->7343K(21248K)], 0.3668914 secs] [Times: user=0.37 sys=0.00, real=0.37 secs] 
433.474: [GC433.474: [DefNew: 69952K->69952K(78656K), 0.0000151 secs]433.474: [Tenured: 169684K->170423K(174784K), 0.3671752 secs] 239636K->170423K(253440K), [Perm : 7343K->7343K(21248K)], 0.3675357 secs] [Times: user=0.37 sys=0.00, real=0.37 secs] 
433.918: [GC433.918: [DefNew: 69952K->69952K(78656K), 0.0000154 secs]433.918: [Tenured: 170423K->168455K(174784K), 0.3777923 secs] 240375K->168455K(253440K), [Perm : 7343K->7343K(21248K)], 0.3781378 secs] [Times: user=0.38 sys=0.00, real=0.38 secs] 
434.381: [GC434.381: [DefNew: 69952K->69952K(78656K), 0.0000154 secs]434.381: [Tenured: 168455K->174784K(174784K), 0.3836824 secs] 238407K->180953K(253440K), [Perm : 7343K->7343K(21248K)], 0.3840387 secs] [Times: user=0.38 sys=0.00, real=0.38 secs] 
434.889: [Full GC434.889: [Tenured: 174784K->173693K(174784K), 0.3769755 secs] 253439K->173693K(253440K), [Perm : 7343K->7343K(21248K)], 0.3772632 secs] [Times: user=0.38 sys=0.00, real=0.38 secs] 
435.354: [GC435.354: [DefNew: 69952K->69952K(78656K), 0.0000411 secs]435.354: [Tenured: 173693K->174228K(174784K), 0.3761057 secs] 243645K->174228K(253440K), [Perm : 7343K->7343K(21248K)], 0.3766358 secs] [Times: user=0.37 sys=0.00, real=0.38 secs] 
435.806: [GC435.806: [DefNew: 69951K->69951K(78656K), 0.0000157 secs]435.807: [Tenured: 174228K->162800K(174784K), 0.3714549 secs] 244180K->162800K(253440K), [Perm : 7343K->7343K(21248K)], 0.3717968 secs] [Times: user=0.37 sys=0.00, real=0.37 secs] 
436.258: [GC436.259: [DefNew: 69952K->69952K(78656K), 0.0000160 secs]436.259: [Tenured: 162800K->172379K(174784K), 0.3660979 secs] 232752K->172379K(253440K), [Perm : 7343K->7343K(21248K)], 0.3664523 secs] [Times: user=0.36 sys=0.00, real=0.37 secs] 
436.699: [GC436.699: [DefNew: 69952K->69952K(78656K), 0.0000151 secs]436.699: [Tenured: 172379K->172678K(174784K), 0.3722160 secs] 242331K->172678K(253440K), [Perm : 7343K->7343K(21248K)], 0.3725662 secs] [Times: user=0.37 sys=0.00, real=0.37 secs] 
437.151: [GC437.151: [DefNew: 69952K->69952K(78656K), 0.0000151 secs]437.151: [Tenured: 172678K->174783K(174784K), 0.3776669 secs] 242630K->177288K(253440K), [Perm : 7343K->7343K(21248K)], 0.3780185 secs] [Times: user=0.37 sys=0.00, real=0.38 secs] 
437.657: [Full GC437.657: [Tenured: 174783K->169301K(174784K), 0.3881981 secs] 253439K->169301K(253440K), [Perm : 7343K->7343K(21248K)], 0.3884858 secs] [Times: user=0.38 sys=0.00, real=0.39 secs] 
438.105: [GC438.105: [DefNew: 69952K->69952K(78656K), 0.0000157 secs]438.105: [Tenured: 169301K->174783K(174784K), 0.3751881 secs] 239253K->177842K(253440K), [Perm : 7343K->7343K(21248K)], 0.3755386 secs] [Times: user=0.37 sys=0.00, real=0.38 secs] 
438.613: [Full GC438.613: [Tenured: 174784K->170058K(174784K), 0.3872770 secs] 253439K->170058K(253440K), [Perm : 7343K->7343K(21248K)], 0.3875884 secs] [Times: user=0.39 sys=0.00, real=0.39 secs] 
439.062: [GC439.062: [DefNew: 69952K->69952K(78656K), 0.0000157 secs]439.063: [Tenured: 170058K->170052K(174784K), 0.3689174 secs] 240010K->170052K(253440K), [Perm : 7343K->7343K(21248K)], 0.3692833 secs] [Times: user=0.36 sys=0.00, real=0.37 secs] 
439.500: [GC439.500: [DefNew: 69952K->69952K(78656K), 0.0000266 secs]439.500: [Tenured: 170052K->158788K(174784K), 0.3625774 secs] 240004K->158788K(253440K), [Perm : 7343K->7343K(21248K)], 0.3630126 secs] [Times: user=0.36 sys=0.00, real=0.36 secs] 
439.954: [GC439.954: [DefNew: 69951K->69951K(78656K), 0.0000321 secs]439.954: [Tenured: 158788K->171601K(174784K), 0.3704953 secs] 228740K->171601K(253440K), [Perm : 7343K->7343K(21248K)], 0.3709302 secs] [Times: user=0.38 sys=0.00, real=0.37 secs] 
440.390: [GC440.390: [DefNew: 69951K->69951K(78656K), 0.0000154 secs]440.390: [Tenured: 171601K->174784K(174784K), 0.3843572 secs] 241553K->178270K(253440K), [Perm : 7343K->7343K(21248K)], 0.3847023 secs] [Times: user=0.37 sys=0.00, real=0.39 secs] 
440.902: [Full GC440.902: [Tenured: 174784K->170500K(174784K), 0.3931372 secs] 253439K->170500K(253440K), [Perm : 7343K->7343K(21248K)], 0.3934348 secs] [Times: user=0.39 sys=0.00, real=0.39 secs] 
441.367: [GC441.368: [DefNew: 69952K->69952K(78656K), 0.0000228 secs] 240452K->240452K(253440K), 0.0003076 secs] [Times: user=0.00 sys=0.00, real=0.00 secs] 
441.368: [Full GC441.368: [Tenured: 170500K->167633K(174784K), 0.3822478 secs] 240452K->167633K(253440K), [Perm : 7343K->7285K(21248K)], 0.3824421 secs] [Times: user=0.39 sys=0.00, real=0.38 secs] 
441.816: [GC441.816: [DefNew: 69952K->69952K(78656K), 0.0000167 secs]441.816: [Tenured: 167633K->167813K(174784K), 0.3589664 secs] 237585K->167813K(253440K), [Perm : 7294K->7294K(21248K)], 0.3594263 secs] [Times: user=0.36 sys=0.00, real=0.36 secs] 
442.261: [GC442.261: [DefNew: 69952K->69952K(78656K), 0.0000154 secs]442.261: [Tenured: 167813K->167646K(174784K), 0.3593760 secs] 237765K->167646K(253440K), [Perm : 7335K->7335K(21248K)], 0.3597628 secs] [Times: user=0.36 sys=0.00, real=0.36 secs] 
442.697: [GC442.697: [DefNew: 69952K->69952K(78656K), 0.0000151 secs]442.697: [Tenured: 167646K->174784K(174784K), 0.3750114 secs] 237598K->176010K(253440K), [Perm : 7335K->7335K(21248K)], 0.3753523 secs] [Times: user=0.37 sys=0.00, real=0.38 secs] 
443.209: [Full GC443.209: [Tenured: 174784K->164539K(174784K), 0.3729222 secs] 253439K->164539K(253440K), [Perm : 7336K->7336K(21248K)], 0.3731974 secs] [Times: user=0.36 sys=0.00, real=0.37 secs] 
443.658: [GC443.658: [DefNew: 69952K->69952K(78656K), 0.0000148 secs]443.658: [Tenured: 164539K->174783K(174784K), 0.3776378 secs] 234491K->175078K(253440K), [Perm : 7336K->7336K(21248K)], 0.3779803 secs] [Times: user=0.39 sys=0.00, real=0.38 secs] 
444.170: [Full GC444.170: [Tenured: 174783K->174442K(174784K), 0.3816153 secs] 253439K->174442K(253440K), [Perm : 7336K->7336K(21248K)], 0.3818972 secs] [Times: user=0.39 sys=0.00, real=0.38 secs] 
444.626: [GC444.626: [DefNew: 69952K->69952K(78656K), 0.0000148 secs]444.626: [Tenured: 174442K->173740K(174784K), 0.3795223 secs] 244394K->173740K(253440K), [Perm : 7336K->7336K(21248K)], 0.3798607 secs] [Times: user=0.39 sys=0.00, real=0.38 secs] 
445.083: [GC445.083: [DefNew: 69952K->69952K(78656K), 0.0000157 secs]445.083: [Tenured: 173740K->165166K(174784K), 0.3762179 secs] 243692K->165166K(253440K), [Perm : 7339K->7339K(21248K)], 0.3765819 secs] [Times: user=0.38 sys=0.00, real=0.38 secs] 
445.536: [GC445.536: [DefNew: 69952K->69952K(78656K), 0.0000154 secs]445.536: [Tenured: 165166K->174784K(174784K), 0.3823591 secs] 235118K->176098K(253440K), [Perm : 7339K->7339K(21248K)], 0.3827038 secs] [Times: user=0.38 sys=0.00, real=0.38 secs] 
446.051: [Full GC446.051: [Tenured: 174784K->174455K(174784K), 0.3848758 secs] 253440K->174455K(253440K), [Perm : 7339K->7339K(21248K)], 0.3851747 secs] [Times: user=0.37 sys=0.00, real=0.38 secs] 
446.511: [GC446.512: [DefNew: 69952K->69952K(78656K), 0.0000151 secs]446.512: [Tenured: 174455K->164291K(174784K), 0.3750617 secs] 244407K->164291K(253440K), [Perm : 7339K->7339K(21248K)], 0.3754068 secs] [Times: user=0.37 sys=0.00, real=0.38 secs] 
446.973: [GC446.973: [DefNew: 69952K->69952K(78656K), 0.0000148 secs] 234243K->234243K(253440K), 0.0002620 secs] [Times: user=0.00 sys=0.00, real=0.00 secs] 
446.973: [Full GC446.973: [Tenured: 164291K->165345K(174784K), 0.3753222 secs] 234243K->165345K(253440K), [Perm : 7340K->7329K(21248K)], 0.3754966 secs] [Times: user=0.37 sys=0.00, real=0.38 secs] 
447.419: [GC447.419: [DefNew: 69952K->69952K(78656K), 0.0000151 secs]447.419: [Tenured: 165345K->172558K(174784K), 0.3713314 secs] 235297K->172558K(253440K), [Perm : 7332K->7332K(21248K)], 0.3716826 secs] [Times: user=0.38 sys=0.00, real=0.37 secs] 
447.865: [GC447.865: [DefNew: 69952K->69952K(78656K), 0.0000151 secs]447.865: [Tenured: 172558K->172408K(174784K), 0.3923626 secs] 242510K->172408K(253440K), [Perm : 7332K->7332K(21248K)], 0.3927004 secs] [Times: user=0.39 sys=0.00, real=0.39 secs] 
448.338: [GC448.338: [DefNew: 69952K->69952K(78656K), 0.0000186 secs]448.338: [Tenured: 172408K->164750K(174784K), 0.3688186 secs] 242360K->164750K(253440K), [Perm : 7340K->7340K(21248K)], 0.3692125 secs] [Times: user=0.37 sys=0.00, real=0.37 secs] 
448.783: [GC448.783: [DefNew: 69952K->69952K(78656K), 0.0000154 secs]448.783: [Tenured: 164750K->162874K(174784K), 0.3675261 secs] 234702K->162874K(253440K), [Perm : 7340K->7340K(21248K)], 0.3678997 secs] [Times: user=0.36 sys=0.00, real=0.37 secs] 
449.231: [GC449.232: [DefNew: 69952K->69952K(78656K), 0.0000160 secs]449.232: [Tenured: 162874K->174783K(174784K), 0.3715746 secs] 232826K->176337K(253440K), [Perm : 7340K->7340K(21248K)], 0.3719415 secs] [Times: user=0.36 sys=0.00, real=0.37 secs] 
449.732: [Full GC449.732: [Tenured: 174783K->174578K(174784K), 0.3815736 secs] 253439K->174578K(253440K), [Perm : 7340K->7340K(21248K)], 0.3818527 secs] [Times: user=0.37 sys=0.00, real=0.38 secs] 
450.190: [GC450.190: [DefNew: 69952K->69952K(78656K), 0.0000144 secs]450.190: [Tenured: 174578K->174204K(174784K), 0.3847225 secs] 244530K->174204K(253440K), [Perm : 7340K->7340K(21248K)], 0.3850942 secs] [Times: user=0.39 sys=0.00, real=0.38 secs] 
450.647: [GC450.647: [DefNew: 69952K->69952K(78656K), 0.0000151 secs]450.647: [Tenured: 174204K->167348K(174784K), 0.3791535 secs] 244156K->167348K(253440K), [Perm : 7340K->7340K(21248K)], 0.3795133 secs] [Times: user=0.39 sys=0.00, real=0.38 secs] 
451.107: [GC451.108: [DefNew: 69952K->69952K(78656K), 0.0000276 secs]451.108: [Tenured: 167348K->174783K(174784K), 0.3706701 secs] 237300K->174865K(253440K), [Perm : 7340K->7340K(21248K)], 0.3710454 secs] [Times: user=0.37 sys=0.00, real=0.37 secs] 
451.608: [Full GC451.608: [Tenured: 174784K->174784K(174784K), 0.3835387 secs] 253439K->176242K(253440K), [Perm : 7340K->7340K(21248K)], 0.3838302 secs] [Times: user=0.39 sys=0.00, real=0.38 secs] 
452.117: [Full GC452.117: [Tenured: 174784K->173275K(174784K), 0.3831888 secs] 253439K->173275K(253440K), [Perm : 7340K->7340K(21248K)], 0.3834787 secs] [Times: user=0.37 sys=0.00, real=0.38 secs] 
452.570: [GC452.570: [DefNew: 69952K->69952K(78656K), 0.0000151 secs]452.570: [Tenured: 173275K->161638K(174784K), 0.3719277 secs] 243227K->161638K(253440K), [Perm : 7340K->7340K(21248K)], 0.3722718 secs] [Times: user=0.36 sys=0.00, real=0.37 secs] 
453.028: [GC453.028: [DefNew: 69952K->69952K(78656K), 0.0000160 secs]453.028: [Tenured: 161638K->173206K(174784K), 0.3719889 secs] 231590K->173206K(253440K), [Perm : 7340K->7340K(21248K)], 0.3723780 secs] [Times: user=0.37 sys=0.00, real=0.37 secs] 
453.476: [GC453.477: [DefNew: 69952K->69952K(78656K), 0.0000160 secs]453.477: [Tenured: 173206K->170445K(174784K), 0.3680383 secs] 243158K->170445K(253440K), [Perm : 7340K->7340K(21248K)], 0.3683770 secs] [Times: user=0.36 sys=0.00, real=0.37 secs] 
453.920: [GC453.920: [DefNew: 69952K->69952K(78656K), 0.0000160 secs] 240397K->240397K(253440K), 0.0002787 secs] [Times: user=0.00 sys=0.00, real=0.00 secs] 
453.920: [Full GC453.920: [Tenured: 170445K->166445K(174784K), 0.3741134 secs] 240397K->166445K(253440K), [Perm : 7340K->7285K(21248K)], 0.3742981 secs] [Times: user=0.38 sys=0.00, real=0.37 secs] 
454.371: [GC454.372: [DefNew: 69952K->69952K(78656K), 0.0000151 secs]454.372: [Tenured: 166445K->168316K(174784K), 0.3851878 secs] 236397K->168316K(253440K), [Perm : 7337K->7337K(21248K)], 0.3855502 secs] [Times: user=0.39 sys=0.00, real=0.39 secs] 
454.824: [GC454.824: [DefNew: 69952K->69952K(78656K), 0.0000160 secs]454.824: [Tenured: 168316K->174784K(174784K), 0.3796949 secs] 238268K->177803K(253440K), [Perm : 7337K->7337K(21248K)], 0.3800515 secs] [Times: user=0.37 sys=0.00, real=0.38 secs] 
455.338: [Full GC455.338: [Tenured: 174784K->174783K(174784K), 0.3801060 secs] 253439K->175884K(253440K), [Perm : 7337K->7337K(21248K)], 0.3803889 secs] [Times: user=0.38 sys=0.00, real=0.38 secs] 
455.843: [Full GC455.843: [Tenured: 174783K->170995K(174784K), 0.3727702 secs] 253439K->170995K(253440K), [Perm : 7337K->7337K(21248K)], 0.3730576 secs] [Times: user=0.36 sys=0.02, real=0.37 secs] 
456.295: [GC456.296: [DefNew: 69952K->69952K(78656K), 0.0000151 secs]456.296: [Tenured: 170995K->163614K(174784K), 0.3721772 secs] 240947K->163614K(253440K), [Perm : 7337K->7337K(21248K)], 0.3725207 secs] [Times: user=0.37 sys=0.00, real=0.37 secs] 
456.744: [GC456.744: [DefNew: 69952K->69952K(78656K), 0.0000173 secs]456.744: [Tenured: 163614K->173799K(174784K), 0.3756657 secs] 233566K->173799K(253440K), [Perm : 7337K->7337K(21248K)], 0.3760082 secs] [Times: user=0.38 sys=0.00, real=0.38 secs] 
457.200: [GC457.200: [DefNew: 69952K->69952K(78656K), 0.0000173 secs]457.200: [Tenured: 173799K->169991K(174784K), 0.3664151 secs] 243751K->169991K(253440K), [Perm : 7340K->7340K(21248K)], 0.3667945 secs] [Times: user=0.38 sys=0.00, real=0.37 secs] 
457.641: [GC457.641: [DefNew: 69952K->69952K(78656K), 0.0000157 secs]457.641: [Tenured: 169991K->174784K(174784K), 0.3954428 secs] 239943K->180445K(253440K), [Perm : 7340K->7340K(21248K)], 0.3957825 secs] [Times: user=0.39 sys=0.00, real=0.40 secs] 
458.173: [Full GC458.173: [Tenured: 174784K->169778K(174784K), 0.3843793 secs] 253439K->169778K(253440K), [Perm : 7340K->7340K(21248K)], 0.3847452 secs] [Times: user=0.41 sys=0.00, real=0.38 secs] 
458.632: [GC458.632: [DefNew: 69952K->69952K(78656K), 0.0000164 secs]458.632: [Tenured: 169778K->173498K(174784K), 0.3839332 secs] 239730K->173498K(253440K), [Perm : 7340K->7340K(21248K)], 0.3843232 secs] [Times: user=0.39 sys=0.00, real=0.38 secs] 
459.096: [GC459.096: [DefNew: 69952K->69952K(78656K), 0.0000154 secs]459.096: [Tenured: 173498K->172995K(174784K), 0.3678269 secs] 243450K->172995K(253440K), [Perm : 7342K->7342K(21248K)], 0.3682009 secs] [Times: user=0.38 sys=0.00, real=0.37 secs] 
459.540: [GC459.540: [DefNew: 69952K->69952K(78656K), 0.0000154 secs]459.540: [Tenured: 172995K->172528K(174784K), 0.3721705 secs] 242947K->172528K(253440K), [Perm : 7342K->7342K(21248K)], 0.3725104 secs] [Times: user=0.38 sys=0.00, real=0.37 secs] 
459.995: [GC459.995: [DefNew: 69952K->69952K(78656K), 0.0000253 secs]459.995: [Tenured: 172528K->165640K(174784K), 0.3743610 secs] 242480K->165640K(253440K), [Perm : 7342K->7342K(21248K)], 0.3747574 secs] [Times: user=0.37 sys=0.00, real=0.38 secs] 
460.440: [GC460.441: [DefNew: 69952K->69952K(78656K), 0.0000157 secs]460.441: [Tenured: 165640K->171216K(174784K), 0.3687618 secs] 235592K->171216K(253440K), [Perm : 7342K->7342K(21248K)], 0.3691236 secs] [Times: user=0.37 sys=0.00, real=0.37 secs] 
460.885: [GC460.885: [DefNew: 69952K->69952K(78656K), 0.0000151 secs]460.885: [Tenured: 171216K->174784K(174784K), 0.3887568 secs] 241168K->183143K(253440K), [Perm : 7342K->7342K(21248K)], 0.3891067 secs] [Times: user=0.39 sys=0.00, real=0.39 secs] 
461.395: [Full GC461.395: [Tenured: 174784K->174783K(174784K), 0.3804543 secs] 253439K->175972K(253440K), [Perm : 7342K->7342K(21248K)], 0.3807301 secs] [Times: user=0.39 sys=0.00, real=0.38 secs] 
461.903: [Full GC461.903: [Tenured: 174783K->162603K(174784K), 0.3764511 secs] 253439K->162603K(253440K), [Perm : 7342K->7342K(21248K)], 0.3767266 secs] [Times: user=0.38 sys=0.00, real=0.38 secs] 
462.358: [GC462.358: [DefNew: 69952K->69952K(78656K), 0.0000144 secs]462.358: [Tenured: 162603K->172501K(174784K), 0.3722490 secs] 232555K->172501K(253440K), [Perm : 7342K->7342K(21248K)], 0.3726079 secs] [Times: user=0.37 sys=0.00, real=0.37 secs] 
462.806: [GC462.806: [DefNew: 69952K->69952K(78656K), 0.0000151 secs]462.806: [Tenured: 172501K->172985K(174784K), 0.3745887 secs] 242453K->172985K(253440K), [Perm : 7342K->7342K(21248K)], 0.3749338 secs] [Times: user=0.38 sys=0.00, real=0.38 secs] 
463.265: [GC463.265: [DefNew: 69952K->69952K(78656K), 0.0000154 secs] 242937K->242937K(253440K), 0.0002547 secs] [Times: user=0.00 sys=0.00, real=0.00 secs] 
463.266: [Full GC463.266: [Tenured: 172985K->164664K(174784K), 0.3716669 secs] 242937K->164664K(253440K), [Perm : 7342K->7287K(21248K)], 0.3718452 secs] [Times: user=0.38 sys=0.00, real=0.37 secs] 
463.711: [GC463.712: [DefNew: 69952K->69952K(78656K), 0.0000154 secs]463.712: [Tenured: 164664K->168079K(174784K), 0.3790114 secs] 234616K->168079K(253440K), [Perm : 7296K->7296K(21248K)], 0.3793491 secs] [Times: user=0.37 sys=0.00, real=0.38 secs] 
464.179: [GC464.180: [DefNew: 69952K->69952K(78656K), 0.0000157 secs]464.180: [Tenured: 168079K->174783K(174784K), 0.3770124 secs] 238031K->177712K(253440K), [Perm : 7337K->7337K(21248K)], 0.3773882 secs] [Times: user=0.37 sys=0.00, real=0.38 secs] 
464.682: [Full GC464.682: [Tenured: 174783K->168752K(174784K), 0.3675774 secs] 253439K->168752K(253440K), [Perm : 7337K->7337K(21248K)], 0.3678597 secs] [Times: user=0.37 sys=0.00, real=0.37 secs] 
465.133: [GC465.133: [DefNew: 69952K->69952K(78656K), 0.0000160 secs]465.133: [Tenured: 168752K->174783K(174784K), 0.3756628 secs] 238704K->175117K(253440K), [Perm : 7338K->7338K(21248K)], 0.3760306 secs] [Times: user=0.37 sys=0.00, real=0.38 secs] 
465.639: [Full GC465.639: [Tenured: 174783K->166608K(174784K), 0.3833742 secs] 253439K->166608K(253440K), [Perm : 7338K->7338K(21248K)], 0.3836545 secs] [Times: user=0.39 sys=0.00, real=0.38 secs] 
466.100: [GC466.100: [DefNew: 69952K->69952K(78656K), 0.0000160 secs]466.100: [Tenured: 166608K->172968K(174784K), 0.3687830 secs] 236560K->172968K(253440K), [Perm : 7338K->7338K(21248K)], 0.3692096 secs] [Times: user=0.38 sys=0.00, real=0.37 secs] 
466.545: [GC466.545: [DefNew: 69952K->69952K(78656K), 0.0000151 secs]466.545: [Tenured: 172968K->174783K(174784K), 0.3809129 secs] 242920K->175045K(253440K), [Perm : 7338K->7338K(21248K)], 0.3812625 secs] [Times: user=0.39 sys=0.00, real=0.38 secs] 
467.053: [Full GC467.053: [Tenured: 174783K->174779K(174784K), 0.3808430 secs] 253439K->174779K(253440K), [Perm : 7341K->7341K(21248K)], 0.3811541 secs] [Times: user=0.37 sys=0.00, real=0.38 secs] 
467.509: [GC467.509: [DefNew: 69952K->69952K(78656K), 0.0000151 secs]467.509: [Tenured: 174779K->160938K(174784K), 0.3687987 secs] 244731K->160938K(253440K), [Perm : 7341K->7341K(21248K)], 0.3691361 secs] [Times: user=0.37 sys=0.00, real=0.37 secs] 
467.974: [GC467.974: [DefNew: 69952K->69952K(78656K), 0.0000151 secs]467.974: [Tenured: 160938K->172845K(174784K), 0.3794598 secs] 230890K->172845K(253440K), [Perm : 7341K->7341K(21248K)], 0.3798491 secs] [Times: user=0.37 sys=0.00, real=0.38 secs] 
468.409: [GC468.409: [DefNew: 69952K->69952K(78656K), 0.0000170 secs]468.409: [Tenured: 172845K->171667K(174784K), 0.3647375 secs] 242797K->171667K(253440K), [Perm : 7341K->7341K(21248K)], 0.3650489 secs] [Times: user=0.36 sys=0.00, real=0.37 secs] 
468.850: [GC468.850: [DefNew: 69952K->69952K(78656K), 0.0000164 secs]468.850: [Tenured: 171667K->174783K(174784K), 0.3787417 secs] 241619K->176510K(253440K), [Perm : 7341K->7341K(21248K)], 0.3790980 secs] [Times: user=0.37 sys=0.00, real=0.38 secs] 
469.362: [Full GC469.362: [Tenured: 174783K->164217K(174784K), 0.3818639 secs] 253439K->164217K(253440K), [Perm : 7343K->7343K(21248K)], 0.3821775 secs] [Times: user=0.37 sys=0.00, real=0.38 secs] 
469.808: [GC469.809: [DefNew: 69952K->69952K(78656K), 0.0000157 secs]469.809: [Tenured: 164217K->172279K(174784K), 0.3706326 secs] 234169K->172279K(253440K), [Perm : 7343K->7343K(21248K)], 0.3709896 secs] [Times: user=0.36 sys=0.00, real=0.37 secs] 
470.258: [GC470.259: [DefNew: 69952K->69952K(78656K), 0.0000157 secs]470.259: [Tenured: 172279K->174783K(174784K), 0.3783472 secs] 242231K->174993K(253440K), [Perm : 7343K->7343K(21248K)], 0.3787545 secs] [Times: user=0.39 sys=0.00, real=0.38 secs] 
470.755: [Full GC470.755: [Tenured: 174783K->174784K(174784K), 0.3807006 secs] 253439K->175665K(253440K), [Perm : 7343K->7343K(21248K)], 0.3810759 secs] [Times: user=0.39 sys=0.00, real=0.38 secs] 
471.274: [Full GC471.274: [Tenured: 174784K->164930K(174784K), 0.3742574 secs] 253439K->164930K(253440K), [Perm : 7343K->7343K(21248K)], 0.3745406 secs] [Times: user=0.37 sys=0.00, real=0.38 secs] 
471.723: [GC471.723: [DefNew: 69952K->69952K(78656K), 0.0000157 secs]471.723: [Tenured: 164930K->174783K(174784K), 0.3796461 secs] 234882K->175123K(253440K), [Perm : 7343K->7343K(21248K)], 0.3799915 secs] [Times: user=0.39 sys=0.00, real=0.38 secs] 
472.233: [Full GC472.233: [Tenured: 174783K->173926K(174784K), 0.3750069 secs] 253439K->173926K(253440K), [Perm : 7343K->7343K(21248K)], 0.3753190 secs] [Times: user=0.37 sys=0.00, real=0.38 secs] 
472.684: [GC472.684: [DefNew: 69952K->69952K(78656K), 0.0000154 secs]472.684: [Tenured: 173926K->174213K(174784K), 0.3781124 secs] 243878K->174213K(253440K), [Perm : 7343K->7343K(21248K)], 0.3784742 secs] [Times: user=0.38 sys=0.00, real=0.38 secs] 
473.147: [GC473.147: [DefNew: 69952K->69952K(78656K), 0.0000151 secs] 244165K->244165K(253440K), 0.0002620 secs] [Times: user=0.00 sys=0.00, real=0.00 secs] 
473.148: [Full GC473.148: [Tenured: 174213K->165038K(174784K), 0.3829550 secs] 244165K->165038K(253440K), [Perm : 7343K->7288K(21248K)], 0.3831657 secs] [Times: user=0.38 sys=0.00, real=0.38 secs] 
473.599: [GC473.599: [DefNew: 69952K->69952K(78656K), 0.0000154 secs]473.599: [Tenured: 165038K->170715K(174784K), 0.3689360 secs] 234990K->170715K(253440K), [Perm : 7288K->7288K(21248K)], 0.3692946 secs] [Times: user=0.36 sys=0.00, real=0.37 secs] 
474.044: [GC474.045: [DefNew: 69952K->69952K(78656K), 0.0000164 secs]474.045: [Tenured: 170715K->174662K(174784K), 0.3730845 secs] 240667K->174662K(253440K), [Perm : 7337K->7337K(21248K)], 0.3734957 secs] [Times: user=0.37 sys=0.00, real=0.37 secs] 
474.484: [GC474.485: [DefNew: 69952K->69952K(78656K), 0.0000180 secs]474.485: [Tenured: 174662K->168983K(174784K), 0.3618218 secs] 244614K->168983K(253440K), [Perm : 7337K->7337K(21248K)], 0.3622333 secs] [Times: user=0.38 sys=0.00, real=0.36 secs] 
474.923: [GC474.923: [DefNew: 69952K->69952K(78656K), 0.0000151 secs]474.923: [Tenured: 168983K->161034K(174784K), 0.3634196 secs] 238935K->161034K(253440K), [Perm : 7337K->7337K(21248K)], 0.3637625 secs] [Times: user=0.38 sys=0.00, real=0.36 secs] 
475.364: [GC475.364: [DefNew: 69952K->69952K(78656K), 0.0000164 secs]475.364: [Tenured: 161034K->174193K(174784K), 0.3652615 secs] 230986K->174193K(253440K), [Perm : 7338K->7338K(21248K)], 0.3656143 secs] [Times: user=0.36 sys=0.00, real=0.37 secs] 
475.803: [GC475.803: [DefNew: 69952K->69952K(78656K), 0.0000157 secs]475.803: [Tenured: 174193K->174783K(174784K), 0.3783116 secs] 244145K->177909K(253440K), [Perm : 7338K->7338K(21248K)], 0.3786641 secs] [Times: user=0.38 sys=0.00, real=0.38 secs] 
476.313: [Full GC476.313: [Tenured: 174783K->174783K(174784K), 0.3838004 secs] 253439K->178464K(253440K), [Perm : 7338K->7338K(21248K)], 0.3840788 secs] [Times: user=0.38 sys=0.00, real=0.38 secs] 
476.809: [Full GC476.809: [Tenured: 174783K->165719K(174784K), 0.3798039 secs] 253439K->165719K(253440K), [Perm : 7341K->7341K(21248K)], 0.3801278 secs] [Times: user=0.39 sys=0.00, real=0.38 secs] 
477.266: [GC477.266: [DefNew: 69952K->69952K(78656K), 0.0000154 secs] 235671K->235671K(253440K), 0.0002550 secs] [Times: user=0.00 sys=0.00, real=0.00 secs] 
477.266: [Full GC477.266: [Tenured: 165719K->167087K(174784K), 0.3751794 secs] 235671K->167087K(253440K), [Perm : 7341K->7288K(21248K)], 0.3753584 secs] [Times: user=0.37 sys=0.00, real=0.38 secs] 
477.717: [GC477.717: [DefNew: 69952K->69952K(78656K), 0.0000151 secs]477.717: [Tenured: 167087K->172649K(174784K), 0.3710207 secs] 237039K->172649K(253440K), [Perm : 7296K->7296K(21248K)], 0.3713619 secs] [Times: user=0.36 sys=0.00, real=0.37 secs] 
478.175: [GC478.175: [DefNew: 69952K->69952K(78656K), 0.0000157 secs]478.175: [Tenured: 172649K->174075K(174784K), 0.3713372 secs] 242601K->174075K(253440K), [Perm : 7337K->7337K(21248K)], 0.3716913 secs] [Times: user=0.37 sys=0.00, real=0.37 secs] 
478.628: [GC478.628: [DefNew: 69952K->69952K(78656K), 0.0000154 secs]478.628: [Tenured: 174075K->162370K(174784K), 0.3680142 secs] 244027K->162370K(253440K), [Perm : 7337K->7337K(21248K)], 0.3683584 secs] [Times: user=0.37 sys=0.00, real=0.37 secs] 
479.080: [GC479.080: [DefNew: 69952K->69952K(78656K), 0.0000154 secs]479.080: [Tenured: 162370K->171569K(174784K), 0.3574109 secs] 232322K->171569K(253440K), [Perm : 7338K->7338K(21248K)], 0.3578016 secs] [Times: user=0.34 sys=0.00, real=0.36 secs] 
479.514: [GC479.514: [DefNew: 69952K->69952K(78656K), 0.0000154 secs] 241521K->241521K(253440K), 0.0002482 secs] [Times: user=0.00 sys=0.00, real=0.00 secs] 
479.514: [Full GC479.514: [Tenured: 171569K->172779K(174784K), 0.3870727 secs] 241521K->172779K(253440K), [Perm : 7338K->7288K(21248K)], 0.3872664 secs] [Times: user=0.39 sys=0.00, real=0.39 secs] 
479.996: [GC479.996: [DefNew: 69952K->69952K(78656K), 0.0000148 secs]479.996: [Tenured: 172779K->173969K(174784K), 0.3777458 secs] 242731K->173969K(253440K), [Perm : 7337K->7337K(21248K)], 0.3781147 secs] [Times: user=0.37 sys=0.00, real=0.38 secs] 
480.440: [GC480.440: [DefNew: 69952K->69952K(78656K), 0.0000157 secs]480.440: [Tenured: 173969K->160964K(174784K), 0.3771150 secs] 243921K->160964K(253440K), [Perm : 7337K->7337K(21248K)], 0.3774530 secs] [Times: user=0.37 sys=0.00, real=0.38 secs] 
480.890: [GC480.891: [DefNew: 69952K->69952K(78656K), 0.0000157 secs]480.891: [Tenured: 160964K->174784K(174784K), 0.3778411 secs] 230916K->176417K(253440K), [Perm : 7337K->7337K(21248K)], 0.3781952 secs] [Times: user=0.37 sys=0.00, real=0.38 secs] 
481.398: [Full GC481.399: [Tenured: 174784K->174783K(174784K), 0.3794280 secs] 253439K->176288K(253440K), [Perm : 7338K->7338K(21248K)], 0.3797359 secs] [Times: user=0.34 sys=0.00, real=0.38 secs] 
481.900: [Full GC481.900: [Tenured: 174783K->174784K(174784K), 0.3858937 secs] 253439K->174816K(253440K), [Perm : 7338K->7338K(21248K)], 0.3861949 secs] [Times: user=0.37 sys=0.00, real=0.39 secs] 
482.414: [Full GC482.414: [Tenured: 174784K->163382K(174784K), 0.3849980 secs] 253439K->163382K(253440K), [Perm : 7338K->7338K(21248K)], 0.3853228 secs] [Times: user=0.38 sys=0.00, real=0.39 secs] 
482.865: [GC482.865: [DefNew: 69952K->69952K(78656K), 0.0000160 secs]482.865: [Tenured: 163382K->174783K(174784K), 0.3777048 secs] 233334K->174845K(253440K), [Perm : 7341K->7341K(21248K)], 0.3780877 secs] [Times: user=0.38 sys=0.00, real=0.38 secs] 
483.370: [Full GC483.370: [Tenured: 174783K->170000K(174784K), 0.3700460 secs] 253439K->170000K(253440K), [Perm : 7341K->7341K(21248K)], 0.3703642 secs] [Times: user=0.37 sys=0.00, real=0.37 secs] 
483.814: [GC483.814: [DefNew: 69952K->69952K(78656K), 0.0000157 secs]483.814: [Tenured: 170000K->165413K(174784K), 0.3613805 secs] 239952K->165413K(253440K), [Perm : 7341K->7341K(21248K)], 0.3617256 secs] [Times: user=0.38 sys=0.00, real=0.36 secs] 
484.261: [GC484.261: [DefNew: 69952K->69952K(78656K), 0.0000160 secs]484.261: [Tenured: 165413K->165785K(174784K), 0.3808142 secs] 235365K->165785K(253440K), [Perm : 7341K->7341K(21248K)], 0.3811952 secs] [Times: user=0.39 sys=0.00, real=0.38 secs] 
484.718: [GC484.718: [DefNew: 69952K->69952K(78656K), 0.0000154 secs]484.718: [Tenured: 165785K->174783K(174784K), 0.3788745 secs] 235737K->177294K(253440K), [Perm : 7341K->7341K(21248K)], 0.3792128 secs] [Times: user=0.39 sys=0.00, real=0.38 secs] 
485.229: [Full GC485.229: [Tenured: 174783K->173863K(174784K), 0.3792856 secs] 253439K->173863K(253440K), [Perm : 7343K->7343K(21248K)], 0.3795630 secs] [Times: user=0.38 sys=0.00, real=0.38 secs] 
485.684: [GC485.684: [DefNew: 69952K->69952K(78656K), 0.0000154 secs]485.684: [Tenured: 173863K->174783K(174784K), 0.3849813 secs] 243815K->178726K(253440K), [Perm : 7343K->7343K(21248K)], 0.3853713 secs] [Times: user=0.39 sys=0.00, real=0.39 secs] 
486.202: [Full GC486.202: [Tenured: 174783K->171486K(174784K), 0.3906907 secs] 253439K->171486K(253440K), [Perm : 7343K->7343K(21248K)], 0.3909765 secs] [Times: user=0.41 sys=0.00, real=0.39 secs] 
486.668: [GC486.668: [DefNew: 69952K->69952K(78656K), 0.0000154 secs]486.668: [Tenured: 171486K->172498K(174784K), 0.3785316 secs] 241438K->172498K(253440K), [Perm : 7343K->7343K(21248K)], 0.3788680 secs] [Times: user=0.39 sys=0.00, real=0.38 secs] 
487.135: [GC487.135: [DefNew: 69952K->69952K(78656K), 0.0000160 secs]487.135: [Tenured: 172498K->174784K(174784K), 0.3805265 secs] 242450K->175482K(253440K), [Perm : 7343K->7343K(21248K)], 0.3809261 secs] [Times: user=0.39 sys=0.00, real=0.38 secs] 
487.642: [Full GC487.642: [Tenured: 174784K->164462K(174784K), 0.3799992 secs] 253439K->164462K(253440K), [Perm : 7343K->7343K(21248K)], 0.3802786 secs] [Times: user=0.38 sys=0.00, real=0.38 secs] 
488.096: [GC488.097: [DefNew: 69952K->69952K(78656K), 0.0000208 secs] 234414K->234414K(253440K), 0.0003201 secs] [Times: user=0.00 sys=0.00, real=0.00 secs] 
488.097: [Full GC488.097: [Tenured: 164462K->165255K(174784K), 0.3848498 secs] 234414K->165255K(253440K), [Perm : 7343K->7288K(21248K)], 0.3850483 secs] [Times: user=0.39 sys=0.00, real=0.39 secs] 
488.555: [GC488.555: [DefNew: 69952K->69952K(78656K), 0.0000183 secs]488.555: [Tenured: 165255K->174784K(174784K), 0.3806512 secs] 235207K->176380K(253440K), [Perm : 7294K->7294K(21248K)], 0.3810512 secs] [Times: user=0.39 sys=0.00, real=0.38 secs] 
489.073: [Full GC489.073: [Tenured: 174784K->174784K(174784K), 0.3908290 secs] 253440K->179689K(253440K), [Perm : 7337K->7337K(21248K)], 0.3911205 secs] [Times: user=0.39 sys=0.00, real=0.39 secs] 
489.572: [Full GC489.572: [Tenured: 174784K->174651K(174784K), 0.3792773 secs] 253440K->174651K(253440K), [Perm : 7337K->7337K(21248K)], 0.3796265 secs] [Times: user=0.38 sys=0.00, real=0.38 secs] 
490.030: [GC490.030: [DefNew: 69952K->69952K(78656K), 0.0000148 secs]490.030: [Tenured: 174651K->166246K(174784K), 0.3801249 secs] 244603K->166246K(253440K), [Perm : 7338K->7338K(21248K)], 0.3804774 secs] [Times: user=0.37 sys=0.00, real=0.38 secs] 
490.485: [GC490.485: [DefNew: 69952K->69952K(78656K), 0.0000164 secs]490.485: [Tenured: 166246K->174158K(174784K), 0.3774001 secs] 236198K->174158K(253440K), [Perm : 7338K->7338K(21248K)], 0.3777465 secs] [Times: user=0.37 sys=0.00, real=0.38 secs] 
490.938: [GC490.938: [DefNew: 69952K->69952K(78656K), 0.0000151 secs]490.938: [Tenured: 174158K->173198K(174784K), 0.3733321 secs] 244110K->173198K(253440K), [Perm : 7338K->7338K(21248K)], 0.3736772 secs] [Times: user=0.37 sys=0.00, real=0.37 secs] 
491.389: [GC491.389: [DefNew: 69952K->69952K(78656K), 0.0000157 secs]491.389: [Tenured: 173198K->174431K(174784K), 0.3722545 secs] 243150K->174431K(253440K), [Perm : 7341K->7341K(21248K)], 0.3726223 secs] [Times: user=0.38 sys=0.00, real=0.37 secs] 
491.837: [GC491.837: [DefNew: 69952K->69952K(78656K), 0.0000154 secs]491.837: [Tenured: 174431K->170026K(174784K), 0.3819178 secs] 244383K->170026K(253440K), [Perm : 7341K->7341K(21248K)], 0.3822593 secs] [Times: user=0.37 sys=0.00, real=0.38 secs] 
492.302: [GC492.302: [DefNew: 69952K->69952K(78656K), 0.0000151 secs]492.302: [Tenured: 170026K->173973K(174784K), 0.3715316 secs] 239978K->173973K(253440K), [Perm : 7341K->7341K(21248K)], 0.3719180 secs] [Times: user=0.36 sys=0.00, real=0.37 secs] 
492.750: [GC492.751: [DefNew: 69952K->69952K(78656K), 0.0000154 secs]492.751: [Tenured: 173973K->168440K(174784K), 0.3669892 secs] 243925K->168440K(253440K), [Perm : 7341K->7341K(21248K)], 0.3673311 secs] [Times: user=0.38 sys=0.00, real=0.37 secs] 
493.200: [GC493.201: [DefNew: 69952K->69952K(78656K), 0.0000151 secs]493.201: [Tenured: 168440K->171636K(174784K), 0.3696464 secs] 238392K->171636K(253440K), [Perm : 7341K->7341K(21248K)], 0.3700117 secs] [Times: user=0.38 sys=0.00, real=0.37 secs] 
493.647: [GC493.647: [DefNew: 69952K->69952K(78656K), 0.0000154 secs]493.647: [Tenured: 171636K->159225K(174784K), 0.3626092 secs] 241588K->159225K(253440K), [Perm : 7341K->7341K(21248K)], 0.3629514 secs] [Times: user=0.36 sys=0.00, real=0.36 secs] 
494.092: [GC494.093: [DefNew: 69952K->69952K(78656K), 0.0000154 secs]494.093: [Tenured: 159225K->173771K(174784K), 0.3654257 secs] 229177K->173771K(253440K), [Perm : 7343K->7343K(21248K)], 0.3657724 secs] [Times: user=0.37 sys=0.00, real=0.37 secs] 
494.533: [GC494.533: [DefNew: 69952K->69952K(78656K), 0.0000148 secs]494.533: [Tenured: 173771K->174784K(174784K), 0.3786211 secs] 243723K->176939K(253440K), [Perm : 7343K->7343K(21248K)], 0.3789675 secs] [Times: user=0.37 sys=0.00, real=0.38 secs] 
495.057: [Full GC495.057: [Tenured: 174784K->174783K(174784K), 0.3829248 secs] 253439K->175403K(253440K), [Perm : 7343K->7343K(21248K)], 0.3832619 secs] [Times: user=0.39 sys=0.00, real=0.38 secs] 
495.554: [Full GC495.555: [Tenured: 174783K->166250K(174784K), 0.3820066 secs] 253439K->166250K(253440K), [Perm : 7343K->7343K(21248K)], 0.3823443 secs] [Times: user=0.39 sys=0.00, real=0.38 secs] 
496.011: [GC496.011: [DefNew: 69952K->69952K(78656K), 0.0000151 secs]496.011: [Tenured: 166250K->174758K(174784K), 0.3670688 secs] 236202K->174758K(253440K), [Perm : 7343K->7343K(21248K)], 0.3674482 secs] [Times: user=0.38 sys=0.00, real=0.37 secs] 
496.443: [GC496.443: [DefNew: 69952K->69952K(78656K), 0.0000154 secs]496.443: [Tenured: 174758K->172929K(174784K), 0.3842956 secs] 244710K->172929K(253440K), [Perm : 7343K->7343K(21248K)], 0.3847138 secs] [Times: user=0.39 sys=0.00, real=0.39 secs] 
496.898: [GC496.898: [DefNew: 69952K->69952K(78656K), 0.0000160 secs]496.898: [Tenured: 172929K->170675K(174784K), 0.3669671 secs] 242881K->170675K(253440K), [Perm : 7343K->7343K(21248K)], 0.3673154 secs] [Times: user=0.37 sys=0.00, real=0.37 secs] 
497.354: [GC497.354: [DefNew: 69952K->69952K(78656K), 0.0000160 secs]497.354: [Tenured: 170675K->162701K(174784K), 0.3674992 secs] 240627K->162701K(253440K), [Perm : 7343K->7343K(21248K)], 0.3679251 secs] [Times: user=0.37 sys=0.00, real=0.37 secs] 
497.798: [GC497.798: [DefNew: 69952K->69952K(78656K), 0.0000167 secs]497.798: [Tenured: 162701K->174784K(174784K), 0.3780537 secs] 232653K->175805K(253440K), [Perm : 7343K->7343K(21248K)], 0.3784197 secs] [Times: user=0.38 sys=0.00, real=0.38 secs] 
498.315: [Full GC498.315: [Tenured: 174784K->174783K(174784K), 0.3905365 secs] 253439K->175467K(253440K), [Perm : 7343K->7343K(21248K)], 0.3908421 secs] [Times: user=0.39 sys=0.00, real=0.39 secs] 
498.833: [Full GC498.834: [Tenured: 174783K->174783K(174784K), 0.3850207 secs] 253439K->175908K(253440K), [Perm : 7343K->7343K(21248K)], 0.3853193 secs] [Times: user=0.39 sys=0.00, real=0.38 secs] 
499.349: [Full GC499.349: [Tenured: 174784K->165374K(174784K), 0.3851907 secs] 253440K->165374K(253440K), [Perm : 7343K->7343K(21248K)], 0.3855227 secs] [Times: user=0.39 sys=0.00, real=0.39 secs] 
499.809: [GC499.809: [DefNew: 69952K->69952K(78656K), 0.0000154 secs]499.809: [Tenured: 165374K->173895K(174784K), 0.3800688 secs] 235326K->173895K(253440K), [Perm : 7343K->7343K(21248K)], 0.3804139 secs] [Times: user=0.37 sys=0.00, real=0.38 secs] 
500.276: [GC500.276: [DefNew: 69952K->69952K(78656K), 0.0000167 secs]500.276: [Tenured: 173895K->174783K(174784K), 0.3786272 secs] 243847K->175517K(253440K), [Perm : 7343K->7343K(21248K)], 0.3790236 secs] [Times: user=0.37 sys=0.00, real=0.38 secs] 
500.778: [Full GC500.778: [Tenured: 174783K->174783K(174784K), 0.3839040 secs] 253439K->175848K(253440K), [Perm : 7343K->7343K(21248K)], 0.3841843 secs] [Times: user=0.37 sys=0.00, real=0.38 secs] 
501.296: [Full GC501.296: [Tenured: 174783K->165893K(174784K), 0.3829011 secs] 253439K->165893K(253440K), [Perm : 7343K->7343K(21248K)], 0.3831792 secs] [Times: user=0.39 sys=0.00, real=0.38 secs] 
501.753: [GC501.753: [DefNew: 69951K->69951K(78656K), 0.0000154 secs]501.753: [Tenured: 165893K->173729K(174784K), 0.3798491 secs] 235845K->173729K(253440K), [Perm : 7343K->7343K(21248K)], 0.3801907 secs] [Times: user=0.39 sys=0.00, real=0.38 secs] 
502.217: [GC502.217: [DefNew: 69952K->69952K(78656K), 0.0000160 secs] 243681K->243681K(253440K), 0.0002656 secs] [Times: user=0.00 sys=0.00, real=0.00 secs] 
502.218: [Full GC502.218: [Tenured: 173729K->161850K(174784K), 0.3714530 secs] 243681K->161850K(253440K), [Perm : 7343K->7288K(21248K)], 0.3716849 secs] [Times: user=0.37 sys=0.00, real=0.37 secs] 
502.656: [GC502.656: [DefNew: 69952K->69952K(78656K), 0.0000148 secs]502.656: [Tenured: 161850K->168205K(174784K), 0.3604453 secs] 231802K->168205K(253440K), [Perm : 7288K->7288K(21248K)], 0.3608276 secs] [Times: user=0.36 sys=0.00, real=0.36 secs] 
503.098: [GC503.098: [DefNew: 69952K->69952K(78656K), 0.0000151 secs]503.098: [Tenured: 168205K->160050K(174784K), 0.3657666 secs] 238157K->160050K(253440K), [Perm : 7337K->7337K(21248K)], 0.3661541 secs] [Times: user=0.34 sys=0.00, real=0.37 secs] 
503.540: [GC503.540: [DefNew: 69952K->69952K(78656K), 0.0000154 secs]503.540: [Tenured: 160050K->174784K(174784K), 0.3743222 secs] 230002K->175998K(253440K), [Perm : 7337K->7337K(21248K)], 0.3746608 secs] [Times: user=0.37 sys=0.00, real=0.38 secs] 
504.054: [Full GC504.055: [Tenured: 174784K->174784K(174784K), 0.3916914 secs] 253440K->180976K(253440K), [Perm : 7338K->7338K(21248K)], 0.3919765 secs] [Times: user=0.39 sys=0.00, real=0.39 secs] 
504.562: [Full GC504.562: [Tenured: 174784K->174783K(174784K), 0.3851099 secs] 253440K->174960K(253440K), [Perm : 7338K->7338K(21248K)], 0.3853879 secs] [Times: user=0.39 sys=0.00, real=0.38 secs] 
505.077: [Full GC505.077: [Tenured: 174783K->166064K(174784K), 0.3821913 secs] 253439K->166064K(253440K), [Perm : 7338K->7338K(21248K)], 0.3824768 secs] [Times: user=0.39 sys=0.00, real=0.38 secs] 
505.534: [GC505.535: [DefNew: 69952K->69952K(78656K), 0.0000160 secs]505.535: [Tenured: 166064K->169741K(174784K), 0.3720819 secs] 236016K->169741K(253440K), [Perm : 7338K->7338K(21248K)], 0.3724264 secs] [Times: user=0.38 sys=0.00, real=0.37 secs] 
506.002: [GC506.004: [DefNew: 69952K->69952K(78656K), 0.0000234 secs]506.004: [Tenured: 169741K->174783K(174784K), 0.3926641 secs] 239693K->178887K(253440K), [Perm : 7341K->7341K(21248K)], 0.3941709 secs] [Times: user=0.39 sys=0.00, real=0.39 secs] 
506.500: [Full GC506.500: [Tenured: 174783K->174783K(174784K), 0.3831731 secs] 253439K->178579K(253440K), [Perm : 7341K->7341K(21248K)], 0.3834935 secs] [Times: user=0.37 sys=0.00, real=0.38 secs] 
507.007: [Full GC507.008: [Tenured: 174783K->169179K(174784K), 0.3883411 secs] 253439K->169179K(253440K), [Perm : 7341K->7341K(21248K)], 0.3886429 secs] [Times: user=0.39 sys=0.00, real=0.39 secs] 
507.475: [GC507.475: [DefNew: 69952K->69952K(78656K), 0.0000148 secs]507.475: [Tenured: 169179K->173141K(174784K), 0.3748225 secs] 239131K->173141K(253440K), [Perm : 7341K->7341K(21248K)], 0.3751621 secs] [Times: user=0.37 sys=0.00, real=0.38 secs] 
507.926: [GC507.926: [DefNew: 69952K->69952K(78656K), 0.0000154 secs]507.926: [Tenured: 173141K->166840K(174784K), 0.3695306 secs] 243093K->166840K(253440K), [Perm : 7341K->7341K(21248K)], 0.3699091 secs] [Times: user=0.37 sys=0.00, real=0.37 secs] 
508.374: [GC508.374: [DefNew: 69952K->69952K(78656K), 0.0000196 secs]508.374: [Tenured: 166840K->167713K(174784K), 0.3583532 secs] 236792K->167713K(253440K), [Perm : 7343K->7343K(21248K)], 0.3587528 secs] [Times: user=0.36 sys=0.00, real=0.36 secs] 
508.816: [GC508.816: [DefNew: 69952K->69952K(78656K), 0.0000164 secs]508.817: [Tenured: 167713K->162896K(174784K), 0.3656444 secs] 237665K->162896K(253440K), [Perm : 7343K->7343K(21248K)], 0.3660668 secs] [Times: user=0.37 sys=0.00, real=0.37 secs] 
509.269: [GC509.269: [DefNew: 69952K->69952K(78656K), 0.0000154 secs]509.269: [Tenured: 162896K->173741K(174784K), 0.3693795 secs] 232848K->173741K(253440K), [Perm : 7343K->7343K(21248K)], 0.3697378 secs] [Times: user=0.37 sys=0.00, real=0.37 secs] 
509.708: [GC509.708: [DefNew: 69952K->69952K(78656K), 0.0000148 secs]509.708: [Tenured: 173741K->174783K(174784K), 0.3763421 secs] 243693K->175868K(253440K), [Perm : 7343K->7343K(21248K)], 0.3767128 secs] [Times: user=0.39 sys=0.00, real=0.38 secs] 
510.215: [Full GC510.215: [Tenured: 174783K->174595K(174784K), 0.3761009 secs] 253439K->174595K(253440K), [Perm : 7343K->7343K(21248K)], 0.3764623 secs] [Times: user=0.37 sys=0.00, real=0.38 secs] 
510.664: [GC510.665: [DefNew: 69952K->69952K(78656K), 0.0000148 secs]510.665: [Tenured: 174595K->166984K(174784K), 0.3763716 secs] 244547K->166984K(253440K), [Perm : 7343K->7343K(21248K)], 0.3767083 secs] [Times: user=0.37 sys=0.00, real=0.38 secs] 
511.121: [GC511.121: [DefNew: 69952K->69952K(78656K), 0.0000157 secs]511.121: [Tenured: 166984K->171480K(174784K), 0.3718026 secs] 236936K->171480K(253440K), [Perm : 7343K->7343K(21248K)], 0.3721573 secs] [Times: user=0.37 sys=0.00, real=0.37 secs] 
511.570: [GC511.570: [DefNew: 69952K->69952K(78656K), 0.0000157 secs]511.570: [Tenured: 171480K->170141K(174784K), 0.3654876 secs] 241432K->170141K(253440K), [Perm : 7343K->7343K(21248K)], 0.3658305 secs] [Times: user=0.36 sys=0.00, real=0.37 secs] 
512.018: [GC512.018: [DefNew: 69952K->69952K(78656K), 0.0000157 secs]512.018: [Tenured: 170141K->174783K(174784K), 0.3750095 secs] 240093K->176256K(253440K), [Perm : 7343K->7343K(21248K)], 0.3753658 secs] [Times: user=0.36 sys=0.02, real=0.38 secs] 
512.517: [Full GC512.517: [Tenured: 174783K->173051K(174784K), 0.3934011 secs] 253439K->173051K(253440K), [Perm : 7343K->7343K(21248K)], 0.3936769 secs] [Times: user=0.41 sys=0.00, real=0.39 secs] 
513.004: [GC513.004: [DefNew: 69952K->69952K(78656K), 0.0000157 secs]513.004: [Tenured: 173051K->174783K(174784K), 0.4021369 secs] 243003K->181093K(253440K), [Perm : 7343K->7343K(21248K)], 0.4024903 secs] [Times: user=0.39 sys=0.00, real=0.40 secs] 
513.513: [Full GC513.513: [Tenured: 174783K->171557K(174784K), 0.3736842 secs] 253439K->171557K(253440K), [Perm : 7343K->7343K(21248K)], 0.3739655 secs] [Times: user=0.38 sys=0.00, real=0.37 secs] 
513.962: [GC513.962: [DefNew: 69952K->69952K(78656K), 0.0000154 secs]513.962: [Tenured: 171557K->165440K(174784K), 0.3610181 secs] 241509K->165440K(253440K), [Perm : 7343K->7343K(21248K)], 0.3613564 secs] [Times: user=0.36 sys=0.00, real=0.36 secs] 
514.412: [GC514.412: [DefNew: 69952K->69952K(78656K), 0.0000157 secs]514.412: [Tenured: 165440K->163196K(174784K), 0.3682327 secs] 235392K->163196K(253440K), [Perm : 7343K->7343K(21248K)], 0.3685864 secs] [Times: user=0.36 sys=0.00, real=0.37 secs] 
514.854: [GC514.854: [DefNew: 69952K->69952K(78656K), 0.0000176 secs]514.854: [Tenured: 163196K->171758K(174784K), 0.3724161 secs] 233148K->171758K(253440K), [Perm : 7343K->7343K(21248K)], 0.3727651 secs] [Times: user=0.38 sys=0.00, real=0.37 secs] 
515.301: [GC515.302: [DefNew: 69952K->69952K(78656K), 0.0000208 secs]515.302: [Tenured: 171758K->174783K(174784K), 0.3783061 secs] 241710K->176237K(253440K), [Perm : 7343K->7343K(21248K)], 0.3787972 secs] [Times: user=0.37 sys=0.00, real=0.38 secs] 
515.805: [Full GC515.805: [Tenured: 174783K->174783K(174784K), 0.3870884 secs] 253439K->178107K(253440K), [Perm : 7343K->7343K(21248K)], 0.3873758 secs] [Times: user=0.39 sys=0.00, real=0.39 secs] 
516.331: [Full GC516.331: [Tenured: 174783K->164112K(174784K), 0.3808270 secs] 253439K->164112K(253440K), [Perm : 7343K->7343K(21248K)], 0.3811092 secs] [Times: user=0.38 sys=0.00, real=0.38 secs] 
516.783: [GC516.783: [DefNew: 69952K->69952K(78656K), 0.0000151 secs]516.783: [Tenured: 164112K->172030K(174784K), 0.3750755 secs] 234064K->172030K(253440K), [Perm : 7343K->7343K(21248K)], 0.3754363 secs] [Times: user=0.37 sys=0.00, real=0.38 secs] 
517.238: [GC517.238: [DefNew: 69952K->69952K(78656K), 0.0000160 secs]517.238: [Tenured: 172030K->171089K(174784K), 0.3662974 secs] 241982K->171089K(253440K), [Perm : 7343K->7343K(21248K)], 0.3667208 secs] [Times: user=0.38 sys=0.00, real=0.37 secs] 
517.679: [GC517.679: [DefNew: 69952K->69952K(78656K), 0.0000148 secs] 241041K->241041K(253440K), 0.0002476 secs] [Times: user=0.00 sys=0.00, real=0.00 secs] 
517.679: [Full GC517.679: [Tenured: 171089K->165570K(174784K), 0.3844790 secs] 241041K->165570K(253440K), [Perm : 7343K->7288K(21248K)], 0.3846583 secs] [Times: user=0.39 sys=0.00, real=0.38 secs] 
518.150: [GC518.150: [DefNew: 69952K->69952K(78656K), 0.0000151 secs]518.150: [Tenured: 165570K->166944K(174784K), 0.3733994 secs] 235522K->166944K(253440K), [Perm : 7337K->7337K(21248K)], 0.3737458 secs] [Times: user=0.36 sys=0.00, real=0.37 secs] 
518.610: [GC518.610: [DefNew: 69952K->69952K(78656K), 0.0000157 secs]518.610: [Tenured: 166944K->174052K(174784K), 0.3752978 secs] 236896K->174052K(253440K), [Perm : 7337K->7337K(21248K)], 0.3756525 secs] [Times: user=0.38 sys=0.00, real=0.38 secs] 
519.070: [GC519.070: [DefNew: 69952K->69952K(78656K), 0.0000167 secs]519.070: [Tenured: 174052K->173835K(174784K), 0.3813193 secs] 244004K->173835K(253440K), [Perm : 7340K->7340K(21248K)], 0.3816865 secs] [Times: user=0.38 sys=0.02, real=0.38 secs] 
519.526: [GC519.527: [DefNew: 69952K->69952K(78656K), 0.0000160 secs] 243787K->243787K(253440K), 0.0002470 secs] [Times: user=0.00 sys=0.00, real=0.00 secs] 
519.527: [Full GC519.527: [Tenured: 173835K->168752K(174784K), 0.3809101 secs] 243787K->168752K(253440K), [Perm : 7340K->7290K(21248K)], 0.3810852 secs] [Times: user=0.37 sys=0.00, real=0.38 secs] 
520.008: [GC520.008: [DefNew: 69952K->69952K(78656K), 0.0000144 secs]520.008: [Tenured: 168752K->162990K(174784K), 0.3745595 secs] 238704K->162990K(253440K), [Perm : 7316K->7316K(21248K)], 0.3749097 secs] [Times: user=0.37 sys=0.00, real=0.38 secs] 
520.444: [GC520.445: [DefNew: 69952K->69952K(78656K), 0.0000148 secs]520.445: [Tenured: 162990K->166986K(174784K), 0.3564504 secs] 232942K->166986K(253440K), [Perm : 7340K->7340K(21248K)], 0.3568487 secs] [Times: user=0.34 sys=0.00, real=0.36 secs] 
520.874: [GC520.874: [DefNew: 69952K->69952K(78656K), 0.0000151 secs] 236938K->236938K(253440K), 0.0002688 secs] [Times: user=0.00 sys=0.00, real=0.00 secs] 
520.875: [Full GC520.875: [Tenured: 166986K->164519K(174784K), 0.3727227 secs] 236938K->164519K(253440K), [Perm : 7340K->7290K(21248K)], 0.3729052 secs] [Times: user=0.37 sys=0.00, real=0.37 secs] 
521.328: [GC521.328: [DefNew: 69952K->69952K(78656K), 0.0000269 secs]521.328: [Tenured: 164519K->174783K(174784K), 0.3762972 secs] 234471K->176414K(253440K), [Perm : 7340K->7340K(21248K)], 0.3766580 secs] [Times: user=0.37 sys=0.00, real=0.38 secs] 
521.831: [Full GC521.831: [Tenured: 174783K->167849K(174784K), 0.3866917 secs] 253439K->167849K(253440K), [Perm : 7340K->7340K(21248K)], 0.3869829 secs] [Times: user=0.39 sys=0.00, real=0.39 secs] 
522.302: [GC522.302: [DefNew: 69952K->69952K(78656K), 0.0000154 secs]522.302: [Tenured: 167849K->174751K(174784K), 0.3779835 secs] 237801K->174751K(253440K), [Perm : 7340K->7340K(21248K)], 0.3783315 secs] [Times: user=0.37 sys=0.00, real=0.38 secs] 
522.745: [GC522.745: [DefNew: 69952K->69952K(78656K), 0.0000164 secs]522.745: [Tenured: 174751K->173947K(174784K), 0.3774489 secs] 244703K->173947K(253440K), [Perm : 7341K->7341K(21248K)], 0.3778238 secs] [Times: user=0.37 sys=0.00, real=0.38 secs] 
523.206: [GC523.206: [DefNew: 69952K->69952K(78656K), 0.0000148 secs]523.206: [Tenured: 173947K->170148K(174784K), 0.3698042 secs] 243899K->170148K(253440K), [Perm : 7341K->7341K(21248K)], 0.3701560 secs] [Times: user=0.36 sys=0.00, real=0.37 secs] 
523.651: [GC523.651: [DefNew: 69952K->69952K(78656K), 0.0000167 secs]523.651: [Tenured: 170148K->166895K(174784K), 0.3813802 secs] 240100K->166895K(253440K), [Perm : 7341K->7341K(21248K)], 0.3818113 secs] [Times: user=0.39 sys=0.00, real=0.38 secs] 
524.123: [GC524.123: [DefNew: 69952K->69952K(78656K), 0.0000157 secs]524.123: [Tenured: 166895K->173769K(174784K), 0.3676598 secs] 236847K->173769K(253440K), [Perm : 7344K->7344K(21248K)], 0.3680248 secs] [Times: user=0.38 sys=0.00, real=0.37 secs] 
524.562: [GC524.562: [DefNew: 69952K->69952K(78656K), 0.0000160 secs]524.562: [Tenured: 173769K->174783K(174784K), 0.3780136 secs] 243721K->176234K(253440K), [Perm : 7344K->7344K(21248K)], 0.3783655 secs] [Times: user=0.38 sys=0.00, real=0.38 secs] 
525.077: [Full GC525.077: [Tenured: 174783K->174783K(174784K), 0.3799283 secs] 253439K->175125K(253440K), [Perm : 7344K->7344K(21248K)], 0.3802119 secs] [Times: user=0.38 sys=0.00, real=0.38 secs] 
525.585: [Full GC525.585: [Tenured: 174783K->163732K(174784K), 0.3830040 secs] 253439K->163732K(253440K), [Perm : 7344K->7344K(21248K)], 0.3832879 secs] [Times: user=0.39 sys=0.00, real=0.38 secs] 
526.054: [GC526.054: [DefNew: 69952K->69952K(78656K), 0.0000167 secs]526.054: [Tenured: 163732K->174783K(174784K), 0.3806949 secs] 233684K->175167K(253440K), [Perm : 7346K->7346K(21248K)], 0.3811564 secs] [Times: user=0.39 sys=0.00, real=0.38 secs] 
526.560: [Full GC526.560: [Tenured: 174783K->174309K(174784K), 0.3837555 secs] 253439K->174309K(253440K), [Perm : 7346K->7346K(21248K)], 0.3840656 secs] [Times: user=0.38 sys=0.00, real=0.38 secs] 
527.026: [GC527.026: [DefNew: 69952K->69952K(78656K), 0.0000148 secs]527.026: [Tenured: 174309K->174783K(174784K), 0.3934457 secs] 244261K->180211K(253440K), [Perm : 7346K->7346K(21248K)], 0.3938081 secs] [Times: user=0.41 sys=0.00, real=0.39 secs] 
527.538: [Full GC527.538: [Tenured: 174783K->168495K(174784K), 0.3902286 secs] 253439K->168495K(253440K), [Perm : 7346K->7346K(21248K)], 0.3905073 secs] [Times: user=0.39 sys=0.00, real=0.39 secs] 
528.012: [GC528.012: [DefNew: 69952K->69952K(78656K), 0.0000151 secs]528.012: [Tenured: 168495K->174783K(174784K), 0.3812606 secs] 238447K->175132K(253440K), [Perm : 7346K->7346K(21248K)], 0.3816371 secs] [Times: user=0.34 sys=0.00, real=0.38 secs] 
528.524: [Full GC528.525: [Tenured: 174783K->170562K(174784K), 0.3765335 secs] 253439K->170562K(253440K), [Perm : 7346K->7346K(21248K)], 0.3768186 secs] [Times: user=0.37 sys=0.01, real=0.38 secs] 
528.973: [GC528.973: [DefNew: 69952K->69952K(78656K), 0.0000154 secs]528.973: [Tenured: 170562K->168408K(174784K), 0.3682019 secs] 240514K->168408K(253440K), [Perm : 7346K->7346K(21248K)], 0.3685537 secs] [Times: user=0.37 sys=0.00, real=0.37 secs] 
529.424: [GC529.424: [DefNew: 69952K->69952K(78656K), 0.0000154 secs]529.424: [Tenured: 168408K->163963K(174784K), 0.3763029 secs] 238360K->163963K(253440K), [Perm : 7346K->7346K(21248K)], 0.3766974 secs] [Times: user=0.37 sys=0.00, real=0.38 secs] 
529.877: [GC529.877: [DefNew: 69952K->69952K(78656K), 0.0000154 secs]529.877: [Tenured: 163963K->174784K(174784K), 0.3862869 secs] 233915K->178153K(253440K), [Perm : 7346K->7346K(21248K)], 0.3866285 secs] [Times: user=0.39 sys=0.00, real=0.39 secs] 
530.392: [Full GC530.392: [Tenured: 174784K->171131K(174784K), 0.3736785 secs] 253440K->171131K(253440K), [Perm : 7346K->7346K(21248K)], 0.3740014 secs] [Times: user=0.38 sys=0.00, real=0.37 secs] 
530.840: [GC530.841: [DefNew: 69952K->69952K(78656K), 0.0000154 secs]530.841: [Tenured: 171131K->169814K(174784K), 0.3683080 secs] 241083K->169814K(253440K), [Perm : 7346K->7346K(21248K)], 0.3686451 secs] [Times: user=0.37 sys=0.00, real=0.37 secs] 
531.289: [GC531.289: [DefNew: 69952K->69952K(78656K), 0.0000144 secs]531.289: [Tenured: 169814K->166620K(174784K), 0.3793324 secs] 239766K->166620K(253440K), [Perm : 7346K->7346K(21248K)], 0.3797051 secs] [Times: user=0.37 sys=0.00, real=0.38 secs] 
531.730: [GC531.730: [DefNew: 69952K->69952K(78656K), 0.0000148 secs]531.730: [Tenured: 166620K->174784K(174784K), 0.3689113 secs] 236572K->174854K(253440K), [Perm : 7346K->7346K(21248K)], 0.3692734 secs] [Times: user=0.37 sys=0.00, real=0.37 secs] 
532.239: [Full GC532.239: [Tenured: 174784K->174784K(174784K), 0.3888928 secs] 253439K->179849K(253440K), [Perm : 7346K->7346K(21248K)], 0.3892016 secs] [Times: user=0.39 sys=0.00, real=0.39 secs] 
532.752: [Full GC532.752: [Tenured: 174784K->171894K(174784K), 0.3811878 secs] 253439K->171894K(253440K), [Perm : 7346K->7346K(21248K)], 0.3814774 secs] [Times: user=0.38 sys=0.00, real=0.38 secs] 
533.208: [GC533.209: [DefNew: 69952K->69952K(78656K), 0.0000151 secs]533.209: [Tenured: 171894K->161251K(174784K), 0.3676242 secs] 241846K->161251K(253440K), [Perm : 7346K->7346K(21248K)], 0.3680149 secs] [Times: user=0.36 sys=0.00, real=0.37 secs] 
533.652: [GC533.653: [DefNew: 69952K->69952K(78656K), 0.0000167 secs]533.653: [Tenured: 161251K->172056K(174784K), 0.3727962 secs] 231203K->172056K(253440K), [Perm : 7346K->7346K(21248K)], 0.3731409 secs] [Times: user=0.37 sys=0.00, real=0.37 secs] 
534.113: [GC534.113: [DefNew: 69952K->69952K(78656K), 0.0000154 secs]534.113: [Tenured: 172056K->171159K(174784K), 0.3675178 secs] 242008K->171159K(253440K), [Perm : 7346K->7346K(21248K)], 0.3678686 secs] [Times: user=0.36 sys=0.00, real=0.37 secs] 
534.557: [GC534.557: [DefNew: 69952K->69952K(78656K), 0.0000151 secs]534.557: [Tenured: 171159K->173378K(174784K), 0.3737375 secs] 241111K->173378K(253440K), [Perm : 7346K->7346K(21248K)], 0.3740765 secs] [Times: user=0.37 sys=0.00, real=0.37 secs] 
535.026: [GC535.026: [DefNew: 69952K->69952K(78656K), 0.0000157 secs] 243330K->243330K(253440K), 0.0002697 secs] [Times: user=0.00 sys=0.00, real=0.00 secs] 
535.026: [Full GC535.026: [Tenured: 173378K->172889K(174784K), 0.3919948 secs] 243330K->172889K(253440K), [Perm : 7346K->7326K(21248K)], 0.3922311 secs] [Times: user=0.39 sys=0.00, real=0.39 secs] 
535.487: [GC535.487: [DefNew: 69952K->69952K(78656K), 0.0000157 secs]535.487: [Tenured: 172889K->172937K(174784K), 0.3736246 secs] 242841K->172937K(253440K), [Perm : 7328K->7328K(21248K)], 0.3739716 secs] [Times: user=0.38 sys=0.00, real=0.37 secs] 
535.937: [GC535.937: [DefNew: 69952K->69952K(78656K), 0.0000148 secs]535.937: [Tenured: 172937K->168237K(174784K), 0.3681236 secs] 242889K->168237K(253440K), [Perm : 7331K->7331K(21248K)], 0.3684600 secs] [Times: user=0.36 sys=0.00, real=0.37 secs] 
536.397: [GC536.397: [DefNew: 69952K->69952K(78656K), 0.0000154 secs]536.397: [Tenured: 168237K->172855K(174784K), 0.3690431 secs] 238189K->172855K(253440K), [Perm : 7343K->7343K(21248K)], 0.3694052 secs] [Times: user=0.38 sys=0.00, real=0.37 secs] 
536.835: [GC536.835: [DefNew: 69952K->69952K(78656K), 0.0000164 secs]536.835: [Tenured: 172855K->166345K(174784K), 0.3753991 secs] 242807K->166345K(253440K), [Perm : 7343K->7343K(21248K)], 0.3757635 secs] [Times: user=0.37 sys=0.00, real=0.38 secs] 
537.295: [GC537.296: [DefNew: 69952K->69952K(78656K), 0.0000141 secs]537.296: [Tenured: 166345K->172991K(174784K), 0.3670899 secs] 236297K->172991K(253440K), [Perm : 7343K->7343K(21248K)], 0.3674520 secs] [Times: user=0.36 sys=0.00, real=0.37 secs] 
537.738: [GC537.739: [DefNew: 69952K->69952K(78656K), 0.0000151 secs]537.739: [Tenured: 172991K->172113K(174784K), 0.3754286 secs] 242943K->172113K(253440K), [Perm : 7343K->7343K(21248K)], 0.3757664 secs] [Times: user=0.38 sys=0.00, real=0.38 secs] 
538.205: [GC538.205: [DefNew: 69952K->69952K(78656K), 0.0000151 secs] 242065K->242065K(253440K), 0.0002547 secs] [Times: user=0.00 sys=0.00, real=0.00 secs] 
538.206: [Full GC538.206: [Tenured: 172113K->165490K(174784K), 0.3734216 secs] 242065K->165490K(253440K), [Perm : 7346K->7291K(21248K)], 0.3736012 secs] [Times: user=0.37 sys=0.00, real=0.37 secs] 
538.655: [GC538.655: [DefNew: 69952K->69952K(78656K), 0.0000154 secs]538.655: [Tenured: 165490K->164405K(174784K), 0.3702320 secs] 235442K->164405K(253440K), [Perm : 7291K->7291K(21248K)], 0.3705810 secs] [Times: user=0.37 sys=0.00, real=0.37 secs] 
539.107: [GC539.107: [DefNew: 69952K->69952K(78656K), 0.0000189 secs] 234357K->234357K(253440K), 0.0003409 secs] [Times: user=0.00 sys=0.00, real=0.00 secs] 
539.107: [Full GC539.107: [Tenured: 164405K->162788K(174784K), 0.3652156 secs] 234357K->162788K(253440K), [Perm : 7341K->7291K(21248K)], 0.3653981 secs] [Times: user=0.36 sys=0.00, real=0.37 secs] 
539.544: [GC539.545: [DefNew: 69952K->69952K(78656K), 0.0000148 secs]539.545: [Tenured: 162788K->173682K(174784K), 0.3709030 secs] 232740K->173682K(253440K), [Perm : 7291K->7291K(21248K)], 0.3712372 secs] [Times: user=0.37 sys=0.00, real=0.37 secs] 
539.989: [GC539.990: [DefNew: 69952K->69952K(78656K), 0.0000148 secs]539.990: [Tenured: 173682K->169719K(174784K), 0.3650441 secs] 243634K->169719K(253440K), [Perm : 7317K->7317K(21248K)], 0.3653840 secs] [Times: user=0.37 sys=0.00, real=0.37 secs] 
540.434: [GC540.434: [DefNew: 69952K->69952K(78656K), 0.0000154 secs]540.434: [Tenured: 169719K->166192K(174784K), 0.3720123 secs] 239671K->166192K(253440K), [Perm : 7341K->7341K(21248K)], 0.3723638 secs] [Times: user=0.37 sys=0.00, real=0.37 secs] 
540.878: [GC540.878: [DefNew: 69952K->69952K(78656K), 0.0000154 secs]540.878: [Tenured: 166192K->173135K(174784K), 0.3703337 secs] 236144K->173135K(253440K), [Perm : 7341K->7341K(21248K)], 0.3706884 secs] [Times: user=0.38 sys=0.00, real=0.37 secs] 
541.326: [GC541.326: [DefNew: 69952K->69952K(78656K), 0.0000160 secs]541.326: [Tenured: 173135K->174587K(174784K), 0.3722208 secs] 243087K->174587K(253440K), [Perm : 7341K->7341K(21248K)], 0.3725746 secs] [Times: user=0.37 sys=0.00, real=0.37 secs] 
541.775: [GC541.775: [DefNew: 69952K->69952K(78656K), 0.0000154 secs]541.775: [Tenured: 174587K->173476K(174784K), 0.3729447 secs] 244539K->173476K(253440K), [Perm : 7341K->7341K(21248K)], 0.3733414 secs] [Times: user=0.37 sys=0.00, real=0.37 secs] 
542.233: [GC542.233: [DefNew: 69952K->69952K(78656K), 0.0000154 secs]542.233: [Tenured: 173476K->164978K(174784K), 0.3729453 secs] 243428K->164978K(253440K), [Perm : 7341K->7341K(21248K)], 0.3733135 secs] [Times: user=0.37 sys=0.00, real=0.37 secs] 
542.680: [GC542.680: [DefNew: 69952K->69952K(78656K), 0.0000160 secs] 234930K->234930K(253440K), 0.0002553 secs] [Times: user=0.00 sys=0.00, real=0.00 secs] 
542.681: [Full GC542.681: [Tenured: 164978K->170287K(174784K), 0.3842180 secs] 234930K->170287K(253440K), [Perm : 7344K->7291K(21248K)], 0.3843976 secs] [Times: user=0.39 sys=0.00, real=0.38 secs] 
543.146: [GC543.147: [DefNew: 69952K->69952K(78656K), 0.0000167 secs]543.147: [Tenured: 170287K->174783K(174784K), 0.3773437 secs] 240239K->178564K(253440K), [Perm : 7341K->7341K(21248K)], 0.3777558 secs] [Times: user=0.37 sys=0.00, real=0.38 secs] 
543.651: [Full GC543.651: [Tenured: 174783K->172269K(174784K), 0.3775826 secs] 253439K->172269K(253440K), [Perm : 7341K->7341K(21248K)], 0.3778684 secs] [Times: user=0.37 sys=0.00, real=0.38 secs] 
544.104: [GC544.104: [DefNew: 69952K->69952K(78656K), 0.0000151 secs]544.104: [Tenured: 172269K->157525K(174784K), 0.3617984 secs] 242221K->157525K(253440K), [Perm : 7341K->7341K(21248K)], 0.3621746 secs] [Times: user=0.36 sys=0.00, real=0.36 secs] 
544.542: [GC544.543: [DefNew: 69952K->69952K(78656K), 0.0000154 secs]544.543: [Tenured: 157525K->173688K(174784K), 0.3726958 secs] 227477K->173688K(253440K), [Perm : 7341K->7341K(21248K)], 0.3730354 secs] [Times: user=0.38 sys=0.00, real=0.37 secs] 
545.018: [GC545.018: [DefNew: 69952K->69952K(78656K), 0.0000148 secs]545.018: [Tenured: 173688K->174783K(174784K), 0.3819360 secs] 243640K->176082K(253440K), [Perm : 7341K->7341K(21248K)], 0.3822936 secs] [Times: user=0.38 sys=0.00, real=0.38 secs] 
545.516: [Full GC545.516: [Tenured: 174783K->174607K(174784K), 0.3855951 secs] 253439K->174607K(253440K), [Perm : 7341K->7341K(21248K)], 0.3859277 secs] [Times: user=0.36 sys=0.00, real=0.39 secs] 
545.977: [GC545.977: [DefNew: 69952K->69952K(78656K), 0.0000151 secs] 244559K->244559K(253440K), 0.0002460 secs] [Times: user=0.00 sys=0.00, real=0.00 secs] 
545.977: [Full GC545.977: [Tenured: 174607K->170283K(174784K), 0.3911615 secs] 244559K->170283K(253440K), [Perm : 7341K->7291K(21248K)], 0.3913463 secs] [Times: user=0.39 sys=0.00, real=0.39 secs] 
546.455: [GC546.455: [DefNew: 69952K->69952K(78656K), 0.0000154 secs]546.455: [Tenured: 170283K->174783K(174784K), 0.3842789 secs] 240235K->176327K(253440K), [Perm : 7341K->7341K(21248K)], 0.3846294 secs] [Times: user=0.39 sys=0.00, real=0.38 secs] 
546.962: [Full GC546.962: [Tenured: 174783K->171639K(174784K), 0.3772689 secs] 253439K->171639K(253440K), [Perm : 7341K->7341K(21248K)], 0.3775919 secs] [Times: user=0.39 sys=0.00, real=0.38 secs] 
547.414: [GC547.414: [DefNew: 69952K->69952K(78656K), 0.0000154 secs]547.414: [Tenured: 171639K->171367K(174784K), 0.3723016 secs] 241591K->171367K(253440K), [Perm : 7341K->7341K(21248K)], 0.3726557 secs] [Times: user=0.36 sys=0.01, real=0.37 secs] 
547.862: [GC547.862: [DefNew: 69952K->69952K(78656K), 0.0000170 secs]547.862: [Tenured: 171367K->166366K(174784K), 0.3819142 secs] 241319K->166366K(253440K), [Perm : 7341K->7341K(21248K)], 0.3823411 secs] [Times: user=0.39 sys=0.00, real=0.38 secs] 
548.325: [GC548.325: [DefNew: 69952K->69952K(78656K), 0.0000154 secs]548.325: [Tenured: 166366K->174783K(174784K), 0.3696974 secs] 236318K->174980K(253440K), [Perm : 7341K->7341K(21248K)], 0.3700624 secs] [Times: user=0.37 sys=0.00, real=0.37 secs] 
548.815: [Full GC548.815: [Tenured: 174783K->174784K(174784K), 0.3876109 secs] 253439K->175883K(253440K), [Perm : 7344K->7344K(21248K)], 0.3879845 secs] [Times: user=0.39 sys=0.00, real=0.39 secs] 
549.333: [Full GC549.333: [Tenured: 174784K->174783K(174784K), 0.3835858 secs] 253439K->177538K(253440K), [Perm : 7344K->7344K(21248K)], 0.3838693 secs] [Times: user=0.39 sys=0.00, real=0.38 secs] 
549.842: [Full GC549.842: [Tenured: 174784K->165944K(174784K), 0.3845095 secs] 253440K->165944K(253440K), [Perm : 7344K->7344K(21248K)], 0.3847898 secs] [Times: user=0.39 sys=0.00, real=0.38 secs] 
550.302: [GC550.302: [DefNew: 69952K->69952K(78656K), 0.0000160 secs]550.303: [Tenured: 165944K->174783K(174784K), 0.3813321 secs] 235896K->176549K(253440K), [Perm : 7344K->7344K(21248K)], 0.3817468 secs] [Times: user=0.37 sys=0.00, real=0.38 secs] 
550.807: [Full GC550.807: [Tenured: 174783K->172317K(174784K), 0.3866198 secs] 253439K->172317K(253440K), [Perm : 7344K->7344K(21248K)], 0.3869229 secs] [Times: user=0.39 sys=0.00, real=0.39 secs] 
551.253: [GC551.253: [DefNew: 69952K->69952K(78656K), 0.0000144 secs]551.253: [Tenured: 172317K->172562K(174784K), 0.3745050 secs] 242269K->172562K(253440K), [Perm : 7346K->7346K(21248K)], 0.3748109 secs] [Times: user=0.39 sys=0.00, real=0.38 secs] 
551.697: [GC551.697: [DefNew: 69952K->69952K(78656K), 0.0000154 secs]551.697: [Tenured: 172562K->165705K(174784K), 0.3817975 secs] 242514K->165705K(253440K), [Perm : 7346K->7346K(21248K)], 0.3821737 secs] [Times: user=0.37 sys=0.00, real=0.38 secs] 
552.153: [GC552.153: [DefNew: 69952K->69952K(78656K), 0.0000151 secs] 235657K->235657K(253440K), 0.0002168 secs] [Times: user=0.00 sys=0.00, real=0.00 secs] 
552.153: [Full GC552.153: [Tenured: 165705K->166810K(174784K), 0.3786147 secs] 235657K->166810K(253440K), [Perm : 7346K->7326K(21248K)], 0.3788042 secs] [Times: user=0.37 sys=0.00, real=0.38 secs] 
552.597: [GC552.598: [DefNew: 69952K->69952K(78656K), 0.0000276 secs]552.598: [Tenured: 166810K->174783K(174784K), 0.3715107 secs] 236762K->176715K(253440K), [Perm : 7328K->7328K(21248K)], 0.3720078 secs] [Times: user=0.36 sys=0.00, real=0.37 secs] 
553.109: [Full GC553.109: [Tenured: 174783K->174784K(174784K), 0.3936792 secs] 253439K->181338K(253440K), [Perm : 7343K->7343K(21248K)], 0.3940089 secs] [Times: user=0.39 sys=0.00, real=0.39 secs] 
553.622: [Full GC553.622: [Tenured: 174784K->165812K(174784K), 0.3849627 secs] 253439K->165812K(253440K), [Perm : 7343K->7343K(21248K)], 0.3852478 secs] [Times: user=0.39 sys=0.00, real=0.38 secs] 
554.083: [GC554.084: [DefNew: 69952K->69952K(78656K), 0.0000144 secs]554.084: [Tenured: 165812K->174783K(174784K), 0.3796872 secs] 235764K->177640K(253440K), [Perm : 7343K->7343K(21248K)], 0.3800390 secs] [Times: user=0.37 sys=0.00, real=0.38 secs] 
554.590: [Full GC554.590: [Tenured: 174784K->170742K(174784K), 0.3788180 secs] 253440K->170742K(253440K), [Perm : 7343K->7343K(21248K)], 0.3791188 secs] [Times: user=0.39 sys=0.00, real=0.38 secs] 
555.046: [GC555.046: [DefNew: 69952K->69952K(78656K), 0.0000154 secs]555.046: [Tenured: 170742K->173809K(174784K), 0.3815547 secs] 240694K->173809K(253440K), [Perm : 7343K->7343K(21248K)], 0.3819306 secs] [Times: user=0.38 sys=0.00, real=0.38 secs] 
555.499: [GC555.499: [DefNew: 69952K->69952K(78656K), 0.0000160 secs]555.499: [Tenured: 173809K->164311K(174784K), 0.3794973 secs] 243761K->164311K(253440K), [Perm : 7343K->7343K(21248K)], 0.3798911 secs] [Times: user=0.37 sys=0.00, real=0.38 secs] 
555.946: [GC555.946: [DefNew: 69952K->69952K(78656K), 0.0000180 secs]555.946: [Tenured: 164311K->174783K(174784K), 0.3829360 secs] 234263K->177806K(253440K), [Perm : 7346K->7346K(21248K)], 0.3833867 secs] [Times: user=0.39 sys=0.00, real=0.38 secs] 
556.454: [Full GC556.454: [Tenured: 174783K->174783K(174784K), 0.3898174 secs] 253439K->179899K(253440K), [Perm : 7346K->7346K(21248K)], 0.3901279 secs] [Times: user=0.39 sys=0.00, real=0.39 secs] 
556.963: [Full GC556.963: [Tenured: 174783K->172705K(174784K), 0.3804277 secs] 253439K->172705K(253440K), [Perm : 7346K->7346K(21248K)], 0.3807661 secs] [Times: user=0.37 sys=0.00, real=0.38 secs] 
557.425: [GC557.425: [DefNew: 69952K->69952K(78656K), 0.0000218 secs]557.425: [Tenured: 172705K->163831K(174784K), 0.3761586 secs] 242657K->163831K(253440K), [Perm : 7346K->7346K(21248K)], 0.3765823 secs] [Times: user=0.37 sys=0.00, real=0.38 secs] 
557.876: [GC557.876: [DefNew: 69952K->69952K(78656K), 0.0000157 secs]557.876: [Tenured: 163831K->174583K(174784K), 0.3819902 secs] 233783K->174583K(253440K), [Perm : 7346K->7346K(21248K)], 0.3823318 secs] [Times: user=0.39 sys=0.00, real=0.38 secs] 
558.342: [GC558.343: [DefNew: 69952K->69952K(78656K), 0.0000173 secs]558.343: [Tenured: 174583K->174208K(174784K), 0.3852744 secs] 244535K->174208K(253440K), [Perm : 7346K->7346K(21248K)], 0.3857019 secs] [Times: user=0.39 sys=0.00, real=0.39 secs] 
558.810: [GC558.810: [DefNew: 69952K->69952K(78656K), 0.0000154 secs]558.810: [Tenured: 174208K->174783K(174784K), 0.3954573 secs] 244160K->180898K(253440K), [Perm : 7346K->7346K(21248K)], 0.3958190 secs] [Times: user=0.36 sys=0.00, real=0.40 secs] 
559.331: [Full GC559.331: [Tenured: 174783K->167890K(174784K), 0.3871625 secs] 253439K->167890K(253440K), [Perm : 7346K->7346K(21248K)], 0.3874502 secs] [Times: user=0.39 sys=0.00, real=0.39 secs] 
559.792: [GC559.792: [DefNew: 69952K->69952K(78656K), 0.0000154 secs]559.792: [Tenured: 167890K->168885K(174784K), 0.3714957 secs] 237842K->168885K(253440K), [Perm : 7346K->7346K(21248K)], 0.3718491 secs] [Times: user=0.38 sys=0.00, real=0.37 secs] 
560.248: [GC560.249: [DefNew: 69952K->69952K(78656K), 0.0000186 secs]560.249: [Tenured: 168885K->171405K(174784K), 0.3693016 secs] 238837K->171405K(253440K), [Perm : 7346K->7346K(21248K)], 0.3697368 secs] [Times: user=0.37 sys=0.00, real=0.37 secs] 
560.693: [GC560.693: [DefNew: 69952K->69952K(78656K), 0.0000151 secs]560.693: [Tenured: 171405K->170214K(174784K), 0.3690713 secs] 241357K->170214K(253440K), [Perm : 7346K->7346K(21248K)], 0.3694591 secs] [Times: user=0.36 sys=0.00, real=0.37 secs] 
561.134: [GC561.135: [DefNew: 69952K->69952K(78656K), 0.0000160 secs]561.135: [Tenured: 170214K->162360K(174784K), 0.3676913 secs] 240166K->162360K(253440K), [Perm : 7346K->7346K(21248K)], 0.3680665 secs] [Times: user=0.37 sys=0.00, real=0.37 secs] 
561.578: [GC561.578: [DefNew: 69952K->69952K(78656K), 0.0000157 secs]561.578: [Tenured: 162360K->172887K(174784K), 0.3755874 secs] 232312K->172887K(253440K), [Perm : 7346K->7346K(21248K)], 0.3759642 secs] [Times: user=0.37 sys=0.00, real=0.38 secs] 
562.035: [GC562.035: [DefNew: 69952K->69952K(78656K), 0.0000167 secs]562.035: [Tenured: 172887K->174783K(174784K), 0.3891968 secs] 242839K->181768K(253440K), [Perm : 7346K->7346K(21248K)], 0.3896150 secs] [Times: user=0.39 sys=0.00, real=0.39 secs] 
562.538: [Full GC562.538: [Tenured: 174783K->174783K(174784K), 0.3837138 secs] 253439K->175065K(253440K), [Perm : 7346K->7346K(21248K)], 0.3840166 secs] [Times: user=0.39 sys=0.00, real=0.38 secs] 
563.054: [Full GC563.054: [Tenured: 174783K->166478K(174784K), 0.3838296 secs] 253439K->166478K(253440K), [Perm : 7346K->7346K(21248K)], 0.3843225 secs] [Times: user=0.39 sys=0.00, real=0.38 secs] 
563.492: [GC563.492: [DefNew: 69952K->69952K(78656K), 0.0000157 secs] 236430K->236430K(253440K), 0.0002473 secs] [Times: user=0.00 sys=0.00, real=0.00 secs] 
563.492: [Full GC563.492: [Tenured: 166478K->166787K(174784K), 0.3760040 secs] 236430K->166787K(253440K), [Perm : 7346K->7291K(21248K)], 0.3761955 secs] [Times: user=0.37 sys=0.00, real=0.38 secs] 
563.942: [GC563.942: [DefNew: 69952K->69952K(78656K), 0.0000151 secs]563.942: [Tenured: 166787K->174784K(174784K), 0.3825643 secs] 236739K->175005K(253440K), [Perm : 7300K->7300K(21248K)], 0.3829136 secs] [Times: user=0.37 sys=0.00, real=0.38 secs] 
564.453: [Full GC564.453: [Tenured: 174784K->172951K(174784K), 0.3819925 secs] 253439K->172951K(253440K), [Perm : 7341K->7341K(21248K)], 0.3823110 secs] [Times: user=0.37 sys=0.00, real=0.38 secs] 
564.901: [GC564.901: [DefNew: 69952K->69952K(78656K), 0.0000151 secs]564.901: [Tenured: 172951K->165571K(174784K), 0.3826413 secs] 242903K->165571K(253440K), [Perm : 7341K->7341K(21248K)], 0.3830165 secs] [Times: user=0.39 sys=0.00, real=0.38 secs] 
565.374: [GC565.374: [DefNew: 69952K->69952K(78656K), 0.0000157 secs]565.374: [Tenured: 165571K->170575K(174784K), 0.3190035 secs] 235523K->170575K(253440K), [Perm : 7341K->7341K(21248K)], 0.3192979 secs] [Times: user=0.31 sys=0.00, real=0.32 secs] 
565.766: [GC565.766: [DefNew: 69952K->69952K(78656K), 0.0000151 secs]565.766: [Tenured: 170575K->172473K(174784K), 0.3760666 secs] 240527K->172473K(253440K), [Perm : 7341K->7341K(21248K)], 0.3764036 secs] [Times: user=0.37 sys=0.00, real=0.38 secs] 
566.222: [GC566.222: [DefNew: 69952K->69952K(78656K), 0.0000167 secs]566.222: [Tenured: 172473K->174784K(174784K), 0.3819720 secs] 242425K->177993K(253440K), [Perm : 7341K->7341K(21248K)], 0.3823732 secs] [Times: user=0.39 sys=0.00, real=0.38 secs] 
566.730: [Full GC566.730: [Tenured: 174784K->161337K(174784K), 0.3747311 secs] 253439K->161337K(253440K), [Perm : 7344K->7344K(21248K)], 0.3750152 secs] [Times: user=0.38 sys=0.00, real=0.38 secs] 
567.181: [GC567.181: [DefNew: 69952K->69952K(78656K), 0.0000167 secs]567.181: [Tenured: 161337K->171995K(174784K), 0.3694267 secs] 231289K->171995K(253440K), [Perm : 7344K->7344K(21248K)], 0.3698000 secs] [Times: user=0.36 sys=0.00, real=0.37 secs] 
567.625: [GC567.626: [DefNew: 69952K->69952K(78656K), 0.0000151 secs]567.626: [Tenured: 171995K->173068K(174784K), 0.3772131 secs] 241947K->173068K(253440K), [Perm : 7344K->7344K(21248K)], 0.3775605 secs] [Times: user=0.38 sys=0.00, real=0.38 secs] 
568.081: [GC568.081: [DefNew: 69952K->69952K(78656K), 0.0000208 secs]568.081: [Tenured: 173068K->172645K(174784K), 0.3715992 secs] 243020K->172645K(253440K), [Perm : 7344K->7344K(21248K)], 0.3721130 secs] [Times: user=0.37 sys=0.00, real=0.37 secs] 
568.533: [GC568.534: [DefNew: 69952K->69952K(78656K), 0.0000148 secs] 242597K->242597K(253440K), 0.0002489 secs] [Times: user=0.00 sys=0.00, real=0.00 secs] 
568.534: [Full GC568.534: [Tenured: 172645K->166795K(174784K), 0.3799550 secs] 242597K->166795K(253440K), [Perm : 7344K->7291K(21248K)], 0.3801612 secs] [Times: user=0.39 sys=0.00, real=0.38 secs] 
568.988: [GC568.988: [DefNew: 69952K->69952K(78656K), 0.0000151 secs]568.988: [Tenured: 166795K->174784K(174784K), 0.3833729 secs] 236747K->174901K(253440K), [Perm : 7300K->7300K(21248K)], 0.3837471 secs] [Times: user=0.38 sys=0.01, real=0.38 secs] 
569.498: [Full GC569.498: [Tenured: 174784K->174784K(174784K), 0.3883937 secs] 253439K->175526K(253440K), [Perm : 7341K->7341K(21248K)], 0.3886712 secs] [Times: user=0.39 sys=0.00, real=0.39 secs] 
570.000: [Full GC570.001: [Tenured: 174784K->173578K(174784K), 0.3850005 secs] 253439K->173578K(253440K), [Perm : 7341K->7341K(21248K)], 0.3853552 secs] [Times: user=0.39 sys=0.00, real=0.38 secs] 
570.464: [GC570.464: [DefNew: 69952K->69952K(78656K), 0.0000170 secs]570.464: [Tenured: 173578K->166686K(174784K), 0.3779986 secs] 243530K->166686K(253440K), [Perm : 7341K->7341K(21248K)], 0.3783979 secs] [Times: user=0.37 sys=0.00, real=0.38 secs] 
570.914: [GC570.914: [DefNew: 69952K->69952K(78656K), 0.0000215 secs]570.914: [Tenured: 166686K->174783K(174784K), 0.3828078 secs] 236638K->177004K(253440K), [Perm : 7341K->7341K(21248K)], 0.3832090 secs] [Times: user=0.37 sys=0.00, real=0.38 secs] 
571.436: [Full GC571.436: [Tenured: 174783K->174783K(174784K), 0.3835894 secs] 253439K->175669K(253440K), [Perm : 7341K->7341K(21248K)], 0.3838671 secs] [Times: user=0.39 sys=0.00, real=0.38 secs] 
571.948: [Full GC571.948: [Tenured: 174783K->171023K(174784K), 0.3800752 secs] 253439K->171023K(253440K), [Perm : 7344K->7344K(21248K)], 0.3803639 secs] [Times: user=0.39 sys=0.00, real=0.38 secs] 
572.402: [GC572.402: [DefNew: 69952K->69952K(78656K), 0.0000164 secs]572.402: [Tenured: 171023K->164856K(174784K), 0.3839325 secs] 240975K->164856K(253440K), [Perm : 7344K->7344K(21248K)], 0.3843046 secs] [Times: user=0.39 sys=0.00, real=0.38 secs] 
572.858: [GC572.858: [DefNew: 69952K->69952K(78656K), 0.0000151 secs]572.858: [Tenured: 164856K->171754K(174784K), 0.3780130 secs] 234808K->171754K(253440K), [Perm : 7344K->7344K(21248K)], 0.3784043 secs] [Times: user=0.39 sys=0.00, real=0.38 secs] 
573.321: [GC573.321: [DefNew: 69926K->69926K(78656K), 0.0000180 secs]573.321: [Tenured: 171754K->174664K(174784K), 0.3797285 secs] 241680K->174664K(253440K), [Perm : 7344K->7344K(21248K)], 0.3800897 secs] [Times: user=0.36 sys=0.00, real=0.38 secs] 
573.765: [GC573.765: [DefNew: 69952K->69952K(78656K), 0.0000202 secs]573.765: [Tenured: 174664K->173170K(174784K), 0.3775088 secs] 244616K->173170K(253440K), [Perm : 7344K->7344K(21248K)], 0.3779254 secs] [Times: user=0.36 sys=0.00, real=0.38 secs] 
574.219: [GC574.219: [DefNew: 69952K->69952K(78656K), 0.0000151 secs]574.219: [Tenured: 173170K->164816K(174784K), 0.3751236 secs] 243122K->164816K(253440K), [Perm : 7346K->7346K(21248K)], 0.3754787 secs] [Times: user=0.36 sys=0.00, real=0.38 secs] 
574.668: [GC574.668: [DefNew: 69952K->69952K(78656K), 0.0000151 secs]574.668: [Tenured: 164816K->174069K(174784K), 0.3741868 secs] 234768K->174069K(253440K), [Perm : 7346K->7346K(21248K)], 0.3745265 secs] [Times: user=0.37 sys=0.00, real=0.37 secs] 
575.126: [GC575.126: [DefNew: 69952K->69952K(78656K), 0.0000173 secs]575.126: [Tenured: 174069K->173577K(174784K), 0.3780053 secs] 244021K->173577K(253440K), [Perm : 7346K->7346K(21248K)], 0.3783979 secs] [Times: user=0.38 sys=0.00, real=0.38 secs] 
575.574: [GC575.574: [DefNew: 69952K->69952K(78656K), 0.0000151 secs]575.574: [Tenured: 173577K->174784K(174784K), 0.3803424 secs] 243529K->176872K(253440K), [Perm : 7346K->7346K(21248K)], 0.3806865 secs] [Times: user=0.37 sys=0.00, real=0.38 secs] 
576.090: [Full GC576.090: [Tenured: 174784K->166680K(174784K), 0.3865095 secs] 253439K->166680K(253440K), [Perm : 7346K->7346K(21248K)], 0.3868459 secs] [Times: user=0.37 sys=0.00, real=0.39 secs] 
576.536: [GC576.537: [DefNew: 69952K->69952K(78656K), 0.0000148 secs]576.537: [Tenured: 166680K->174783K(174784K), 0.3756669 secs] 236632K->177592K(253440K), [Perm : 7346K->7346K(21248K)], 0.3760534 secs] [Times: user=0.37 sys=0.00, real=0.38 secs] 
577.056: [Full GC577.056: [Tenured: 174784K->172470K(174784K), 0.3865736 secs] 253439K->172470K(253440K), [Perm : 7346K->7346K(21248K)], 0.3869511 secs] [Times: user=0.37 sys=0.00, real=0.39 secs] 
577.504: [GC577.504: [DefNew: 69952K->69952K(78656K), 0.0000154 secs]577.504: [Tenured: 172470K->170636K(174784K), 0.3678144 secs] 242422K->170636K(253440K), [Perm : 7346K->7346K(21248K)], 0.3681538 secs] [Times: user=0.37 sys=0.00, real=0.37 secs] 
577.947: [GC577.947: [DefNew: 69952K->69952K(78656K), 0.0000160 secs] 240588K->240588K(253440K), 0.0002633 secs] [Times: user=0.00 sys=0.00, real=0.00 secs] 
577.947: [Full GC577.947: [Tenured: 170636K->162306K(174784K), 0.3739716 secs] 240588K->162306K(253440K), [Perm : 7346K->7291K(21248K)], 0.3741576 secs] [Times: user=0.38 sys=0.00, real=0.38 secs] 
578.397: [GC578.397: [DefNew: 69952K->69952K(78656K), 0.0000160 secs]578.397: [Tenured: 162306K->174237K(174784K), 0.3725204 secs] 232258K->174237K(253440K), [Perm : 7341K->7341K(21248K)], 0.3729219 secs] [Times: user=0.36 sys=0.00, real=0.37 secs] 
578.858: [GC578.858: [DefNew: 69952K->69952K(78656K), 0.0000148 secs]578.858: [Tenured: 174237K->174783K(174784K), 0.3873402 secs] 244189K->174816K(253440K), [Perm : 7341K->7341K(21248K)], 0.3877334 secs] [Times: user=0.39 sys=0.00, real=0.39 secs] 
579.370: [Full GC579.370: [Tenured: 174783K->174783K(174784K), 0.3804296 secs] 253439K->177007K(253440K), [Perm : 7341K->7341K(21248K)], 0.3806945 secs] [Times: user=0.37 sys=0.00, real=0.38 secs] 
579.873: [Full GC579.873: [Tenured: 174783K->167734K(174784K), 0.3948033 secs] 253439K->167734K(253440K), [Perm : 7341K->7341K(21248K)], 0.3950817 secs] [Times: user=0.39 sys=0.00, real=0.39 secs] 
580.343: [GC580.343: [DefNew: 69952K->69952K(78656K), 0.0000151 secs]580.343: [Tenured: 167734K->174783K(174784K), 0.3840429 secs] 237686K->177665K(253440K), [Perm : 7341K->7341K(21248K)], 0.3843876 secs] [Times: user=0.39 sys=0.00, real=0.38 secs] 
580.854: [Full GC580.854: [Tenured: 174783K->174310K(174784K), 0.3837876 secs] 253439K->174310K(253440K), [Perm : 7344K->7344K(21248K)], 0.3840740 secs] [Times: user=0.39 sys=0.00, real=0.38 secs] 
581.310: [GC581.310: [DefNew: 69952K->69952K(78656K), 0.0000157 secs]581.310: [Tenured: 174310K->174783K(174784K), 0.3796477 secs] 244262K->175338K(253440K), [Perm : 7344K->7344K(21248K)], 0.3800130 secs] [Times: user=0.39 sys=0.00, real=0.38 secs] 
581.819: [Full GC581.819: [Tenured: 174783K->162338K(174784K), 0.3783725 secs] 253439K->162338K(253440K), [Perm : 7344K->7344K(21248K)], 0.3786599 secs] [Times: user=0.37 sys=0.00, real=0.38 secs] 
582.273: [GC582.273: [DefNew: 69952K->69952K(78656K), 0.0000250 secs]582.273: [Tenured: 162338K->174783K(174784K), 0.3828729 secs] 232290K->177175K(253440K), [Perm : 7344K->7344K(21248K)], 0.3832455 secs] [Times: user=0.39 sys=0.00, real=0.38 secs] 
582.761: [Full GC582.761: [Tenured: 174783K->174783K(174784K), 0.3970637 secs] 253439K->175751K(253440K), [Perm : 7344K->7344K(21248K)], 0.3974403 secs] [Times: user=0.39 sys=0.00, real=0.40 secs] 
583.291: [Full GC583.291: [Tenured: 174783K->174783K(174784K), 0.3914871 secs] 253439K->175473K(253440K), [Perm : 7346K->7346K(21248K)], 0.3917834 secs] [Times: user=0.39 sys=0.00, real=0.39 secs] 
583.796: [Full GC583.796: [Tenured: 174783K->159939K(174784K), 0.3765573 secs] 253439K->159939K(253440K), [Perm : 7346K->7346K(21248K)], 0.3768661 secs] [Times: user=0.38 sys=0.00, real=0.38 secs] 
584.249: [GC584.249: [DefNew: 69952K->69952K(78656K), 0.0000196 secs]584.249: [Tenured: 159939K->166941K(174784K), 0.3443352 secs] 229891K->166941K(253440K), [Perm : 7346K->7346K(21248K)], 0.3447374 secs] [Times: user=0.34 sys=0.00, real=0.35 secs] 
584.659: [GC584.660: [DefNew: 69952K->69952K(78656K), 0.0000160 secs]584.660: [Tenured: 166941K->174453K(174784K), 0.3845679 secs] 236893K->174453K(253440K), [Perm : 7346K->7346K(21248K)], 0.3849755 secs] [Times: user=0.39 sys=0.00, real=0.38 secs] 
585.129: [GC585.130: [DefNew: 69952K->69952K(78656K), 0.0000173 secs]585.130: [Tenured: 174453K->174784K(174784K), 0.3776265 secs] 244405K->176210K(253440K), [Perm : 7346K->7346K(21248K)], 0.3779546 secs] [Times: user=0.37 sys=0.00, real=0.38 secs] 
585.622: [Full GC585.623: [Tenured: 174784K->164857K(174784K), 0.3837144 secs] 253439K->164857K(253440K), [Perm : 7346K->7346K(21248K)], 0.3840207 secs] [Times: user=0.37 sys=0.00, real=0.38 secs] 
586.065: [GC586.065: [DefNew: 69952K->69952K(78656K), 0.0000189 secs]586.065: [Tenured: 164857K->168071K(174784K), 0.3200500 secs] 234809K->168071K(253440K), [Perm : 7346K->7346K(21248K)], 0.3203755 secs] [Times: user=0.33 sys=0.00, real=0.32 secs] 
586.457: [GC586.458: [DefNew: 69951K->69951K(78656K), 0.0000154 secs]586.458: [Tenured: 168071K->174784K(174784K), 0.3824120 secs] 238023K->175984K(253440K), [Perm : 7346K->7346K(21248K)], 0.3827548 secs] [Times: user=0.39 sys=0.00, real=0.38 secs] 
586.960: [Full GC586.960: [Tenured: 174784K->174682K(174784K), 0.3897379 secs] 253439K->174682K(253440K), [Perm : 7346K->7346K(21248K)], 0.3901064 secs] [Times: user=0.39 sys=0.00, real=0.39 secs] 
587.429: [GC587.429: [DefNew: 69952K->69952K(78656K), 0.0000164 secs]587.429: [Tenured: 174682K->166896K(174784K), 0.3815297 secs] 244634K->166896K(253440K), [Perm : 7346K->7346K(21248K)], 0.3818488 secs] [Times: user=0.37 sys=0.00, real=0.38 secs] 
587.882: [GC587.882: [DefNew: 69952K->69952K(78656K), 0.0000151 secs]587.882: [Tenured: 166896K->174784K(174784K), 0.3793472 secs] 236848K->176456K(253440K), [Perm : 7346K->7346K(21248K)], 0.3796993 secs] [Times: user=0.37 sys=0.00, real=0.38 secs] 
588.404: [Full GC588.404: [Tenured: 174784K->170400K(174784K), 0.3721188 secs] 253439K->170400K(253440K), [Perm : 7346K->7346K(21248K)], 0.3724527 secs] [Times: user=0.37 sys=0.00, real=0.37 secs] 
588.849: [GC588.849: [DefNew: 69952K->69952K(78656K), 0.0000154 secs]588.849: [Tenured: 170400K->173328K(174784K), 0.3748254 secs] 240352K->173328K(253440K), [Perm : 7346K->7346K(21248K)], 0.3751679 secs] [Times: user=0.37 sys=0.00, real=0.38 secs] 
589.314: [GC589.314: [DefNew: 69952K->69952K(78656K), 0.0000148 secs]589.314: [Tenured: 173328K->164087K(174784K), 0.3718084 secs] 243280K->164087K(253440K), [Perm : 7346K->7346K(21248K)], 0.3721557 secs] [Times: user=0.37 sys=0.00, real=0.37 secs] 
589.760: [GC589.760: [DefNew: 69951K->69951K(78656K), 0.0000157 secs]589.760: [Tenured: 164087K->174784K(174784K), 0.3822257 secs] 234039K->175268K(253440K), [Perm : 7346K->7346K(21248K)], 0.3825887 secs] [Times: user=0.39 sys=0.00, real=0.38 secs] 
590.274: [Full GC590.274: [Tenured: 174784K->170152K(174784K), 0.3742696 secs] 253440K->170152K(253440K), [Perm : 7346K->7346K(21248K)], 0.3745739 secs] [Times: user=0.37 sys=0.00, real=0.37 secs] 
590.718: [GC590.718: [DefNew: 69952K->69952K(78656K), 0.0000154 secs]590.718: [Tenured: 170152K->168285K(174784K), 0.3700624 secs] 240104K->168285K(253440K), [Perm : 7346K->7346K(21248K)], 0.3704334 secs] [Times: user=0.37 sys=0.00, real=0.37 secs] 
591.169: [GC591.169: [DefNew: 69952K->69952K(78656K), 0.0000164 secs]591.169: [Tenured: 168285K->165381K(174784K), 0.3809514 secs] 238237K->165381K(253440K), [Perm : 7346K->7346K(21248K)], 0.3813607 secs] [Times: user=0.39 sys=0.00, real=0.38 secs] 
591.622: [GC591.622: [DefNew: 69952K->69952K(78656K), 0.0000148 secs]591.622: [Tenured: 165381K->174783K(174784K), 0.3847308 secs] 235333K->175531K(253440K), [Perm : 7346K->7346K(21248K)], 0.3851269 secs] [Times: user=0.39 sys=0.00, real=0.38 secs] 
592.129: [Full GC592.129: [Tenured: 174783K->171089K(174784K), 0.3742561 secs] 253439K->171089K(253440K), [Perm : 7346K->7346K(21248K)], 0.3745858 secs] [Times: user=0.37 sys=0.00, real=0.38 secs] 
592.568: [GC592.568: [DefNew: 69952K->69952K(78656K), 0.0000164 secs]592.568: [Tenured: 171089K->168389K(174784K), 0.3642654 secs] 241041K->168389K(253440K), [Perm : 7346K->7346K(21248K)], 0.3646207 secs] [Times: user=0.36 sys=0.00, real=0.37 secs] 
593.008: [GC593.008: [DefNew: 69952K->69952K(78656K), 0.0000164 secs]593.008: [Tenured: 168389K->164906K(174784K), 0.3819049 secs] 238341K->164906K(253440K), [Perm : 7346K->7346K(21248K)], 0.3822513 secs] [Times: user=0.37 sys=0.00, real=0.38 secs] 
593.468: [GC593.468: [DefNew: 69952K->69952K(78656K), 0.0000154 secs] 234858K->234858K(253440K), 0.0002967 secs] [Times: user=0.00 sys=0.00, real=0.00 secs] 
593.469: [Full GC593.469: [Tenured: 164906K->163581K(174784K), 0.3684158 secs] 234858K->163581K(253440K), [Perm : 7349K->7291K(21248K)], 0.3685931 secs] [Times: user=0.36 sys=0.00, real=0.37 secs] 
593.911: [GC593.911: [DefNew: 69952K->69952K(78656K), 0.0000154 secs]593.911: [Tenured: 163581K->174783K(174784K), 0.3867051 secs] 233533K->176872K(253440K), [Perm : 7300K->7300K(21248K)], 0.3870974 secs] [Times: user=0.38 sys=0.00, real=0.39 secs] 
594.429: [Full GC594.429: [Tenured: 174783K->174783K(174784K), 0.3935971 secs] 253439K->182169K(253440K), [Perm : 7341K->7341K(21248K)], 0.3940163 secs] [Times: user=0.40 sys=0.00, real=0.39 secs] 
594.932: [Full GC594.933: [Tenured: 174783K->168923K(174784K), 0.3897568 secs] 253439K->168923K(253440K), [Perm : 7341K->7341K(21248K)], 0.3900605 secs] [Times: user=0.39 sys=0.00, real=0.39 secs] 
595.391: [GC595.391: [DefNew: 69952K->69952K(78656K), 0.0000164 secs]595.391: [Tenured: 168923K->174783K(174784K), 0.3829543 secs] 238875K->176365K(253440K), [Perm : 7341K->7341K(21248K)], 0.3833472 secs] [Times: user=0.38 sys=0.00, real=0.38 secs] 
595.902: [Full GC595.902: [Tenured: 174783K->174783K(174784K), 0.3846234 secs] 253439K->175244K(253440K), [Perm : 7341K->7341K(21248K)], 0.3849053 secs] [Times: user=0.37 sys=0.00, real=0.38 secs] 
596.424: [Full GC596.424: [Tenured: 174783K->170114K(174784K), 0.3772664 secs] 253439K->170114K(253440K), [Perm : 7341K->7341K(21248K)], 0.3775489 secs] [Times: user=0.37 sys=0.00, real=0.38 secs] 
596.870: [GC596.870: [DefNew: 69952K->69952K(78656K), 0.0000167 secs]596.870: [Tenured: 170114K->164847K(174784K), 0.3788430 secs] 240066K->164847K(253440K), [Perm : 7344K->7344K(21248K)], 0.3792083 secs] [Times: user=0.37 sys=0.00, real=0.38 secs] 
597.328: [GC597.328: [DefNew: 69952K->69952K(78656K), 0.0000154 secs]597.328: [Tenured: 164847K->173755K(174784K), 0.3759771 secs] 234799K->173755K(253440K), [Perm : 7344K->7344K(21248K)], 0.3763295 secs] [Times: user=0.38 sys=0.00, real=0.38 secs] 
597.768: [GC597.768: [DefNew: 69952K->69952K(78656K), 0.0000160 secs]597.768: [Tenured: 173755K->173150K(174784K), 0.3755229 secs] 243707K->173150K(253440K), [Perm : 7344K->7344K(21248K)], 0.3759367 secs] [Times: user=0.38 sys=0.00, real=0.38 secs] 
598.231: [GC598.231: [DefNew: 69952K->69952K(78656K), 0.0000157 secs] 243102K->243102K(253440K), 0.0002665 secs] [Times: user=0.00 sys=0.00, real=0.00 secs] 
598.231: [Full GC598.231: [Tenured: 173150K->161459K(174784K), 0.3672493 secs] 243102K->161459K(253440K), [Perm : 7344K->7291K(21248K)], 0.3674389 secs] [Times: user=0.38 sys=0.00, real=0.37 secs] 
598.670: [GC598.670: [DefNew: 69952K->69952K(78656K), 0.0000157 secs]598.670: [Tenured: 161459K->167063K(174784K), 0.3762333 secs] 231411K->167063K(253440K), [Perm : 7303K->7303K(21248K)], 0.3765877 secs] [Times: user=0.36 sys=0.00, real=0.38 secs] 
599.134: [GC599.134: [DefNew: 69952K->69952K(78656K), 0.0000160 secs]599.134: [Tenured: 167063K->174783K(174784K), 0.3759011 secs] 237015K->175904K(253440K), [Perm : 7341K->7341K(21248K)], 0.3762856 secs] [Times: user=0.38 sys=0.00, real=0.38 secs] 
599.628: [Full GC599.628: [Tenured: 174783K->169471K(174784K), 0.3742635 secs] 253439K->169471K(253440K), [Perm : 7341K->7341K(21248K)], 0.3745909 secs] [Times: user=0.37 sys=0.00, real=0.37 secs] 
600.074: [GC600.075: [DefNew: 69952K->69952K(78656K), 0.0000157 secs]600.075: [Tenured: 169471K->169855K(174784K), 0.3699982 secs] 239423K->169855K(253440K), [Perm : 7341K->7341K(21248K)], 0.3703654 secs] [Times: user=0.37 sys=0.00, real=0.37 secs] 
600.519: [GC600.519: [DefNew: 69952K->69952K(78656K), 0.0000154 secs]600.519: [Tenured: 169855K->164850K(174784K), 0.3781070 secs] 239807K->164850K(253440K), [Perm : 7341K->7341K(21248K)], 0.3784479 secs] [Times: user=0.37 sys=0.00, real=0.38 secs] 
600.970: [GC600.970: [DefNew: 69952K->69952K(78656K), 0.0000151 secs]600.970: [Tenured: 164850K->172291K(174784K), 0.3726823 secs] 234802K->172291K(253440K), [Perm : 7341K->7341K(21248K)], 0.3730329 secs] [Times: user=0.36 sys=0.00, real=0.37 secs] 
601.422: [GC601.422: [DefNew: 69952K->69952K(78656K), 0.0000160 secs]601.422: [Tenured: 172291K->173428K(174784K), 0.3701159 secs] 242243K->173428K(253440K), [Perm : 7344K->7344K(21248K)], 0.3705296 secs] [Times: user=0.34 sys=0.01, real=0.37 secs] 
601.866: [GC601.866: [DefNew: 69952K->69952K(78656K), 0.0000154 secs]601.866: [Tenured: 173428K->172040K(174784K), 0.3706025 secs] 243380K->172040K(253440K), [Perm : 7344K->7344K(21248K)], 0.3709421 secs] [Times: user=0.38 sys=0.00, real=0.37 secs] 
602.318: [GC602.319: [DefNew: 69952K->69952K(78656K), 0.0000144 secs]602.319: [Tenured: 172040K->166844K(174784K), 0.3720425 secs] 241992K->166844K(253440K), [Perm : 7344K->7344K(21248K)], 0.3723860 secs] [Times: user=0.38 sys=0.00, real=0.37 secs] 
602.767: [GC602.767: [DefNew: 69952K->69952K(78656K), 0.0000151 secs]602.767: [Tenured: 166844K->174784K(174784K), 0.3881166 secs] 236796K->180237K(253440K), [Perm : 7344K->7344K(21248K)], 0.3884633 secs] [Times: user=0.39 sys=0.00, real=0.39 secs] 
603.283: [Full GC603.284: [Tenured: 174784K->174784K(174784K), 0.3897526 secs] 253440K->180239K(253440K), [Perm : 7344K->7344K(21248K)], 0.3900413 secs] [Times: user=0.39 sys=0.00, real=0.39 secs] 
603.797: [Full GC603.797: [Tenured: 174784K->170981K(174784K), 0.3801137 secs] 253439K->170981K(253440K), [Perm : 7344K->7344K(21248K)], 0.3804283 secs] [Times: user=0.37 sys=0.00, real=0.38 secs] 
604.260: [GC604.261: [DefNew: 69952K->69952K(78656K), 0.0000154 secs]604.261: [Tenured: 170981K->166976K(174784K), 0.3865996 secs] 240933K->166976K(253440K), [Perm : 7346K->7346K(21248K)], 0.3869964 secs] [Times: user=0.39 sys=0.00, real=0.39 secs] 
604.716: [GC604.717: [DefNew: 69951K->69951K(78656K), 0.0000157 secs]604.717: [Tenured: 166976K->167006K(174784K), 0.3684068 secs] 236928K->167006K(253440K), [Perm : 7355K->7355K(21248K)], 0.3688019 secs] [Times: user=0.36 sys=0.00, real=0.37 secs] 
605.161: [GC605.161: [DefNew: 69952K->69952K(78656K), 0.0000295 secs]605.161: [Tenured: 167006K->169471K(174784K), 0.3654687 secs] 236958K->169471K(253440K), [Perm : 7355K->7355K(21248K)], 0.3658667 secs] [Times: user=0.37 sys=0.00, real=0.37 secs] 
605.603: [GC605.603: [DefNew: 69952K->69952K(78656K), 0.0000173 secs]605.603: [Tenured: 169471K->170114K(174784K), 0.3724290 secs] 239423K->170114K(253440K), [Perm : 7355K->7355K(21248K)], 0.3727946 secs] [Times: user=0.34 sys=0.00, real=0.37 secs] 
606.066: [GC606.066: [DefNew: 69952K->69952K(78656K), 0.0000164 secs]606.066: [Tenured: 170114K->168582K(174784K), 0.3811342 secs] 240066K->168582K(253440K), [Perm : 7355K->7355K(21248K)], 0.3815509 secs] [Times: user=0.39 sys=0.00, real=0.38 secs] 
606.516: [GC606.516: [DefNew: 69952K->69952K(78656K), 0.0000151 secs]606.516: [Tenured: 168582K->174783K(174784K), 0.3844348 secs] 238534K->180566K(253440K), [Perm : 7355K->7355K(21248K)], 0.3847860 secs] [Times: user=0.39 sys=0.00, real=0.38 secs] 
607.024: [Full GC607.024: [Tenured: 174783K->174784K(174784K), 0.3863751 secs] 253439K->175631K(253440K), [Perm : 7355K->7355K(21248K)], 0.3866750 secs] [Times: user=0.37 sys=0.00, real=0.39 secs] 
607.525: [Full GC607.525: [Tenured: 174784K->171136K(174784K), 0.3833302 secs] 253439K->171136K(253440K), [Perm : 7355K->7355K(21248K)], 0.3836503 secs] [Times: user=0.38 sys=0.00, real=0.38 secs] 
607.984: [GC607.984: [DefNew: 69952K->69952K(78656K), 0.0000157 secs]607.984: [Tenured: 171136K->161196K(174784K), 0.3716753 secs] 241088K->161196K(253440K), [Perm : 7355K->7355K(21248K)], 0.3720117 secs] [Times: user=0.37 sys=0.00, real=0.37 secs] 
608.429: [GC608.430: [DefNew: 69952K->69952K(78656K), 0.0000154 secs]608.430: [Tenured: 161196K->171229K(174784K), 0.3631592 secs] 231148K->171229K(253440K), [Perm : 7355K->7355K(21248K)], 0.3635194 secs] [Times: user=0.36 sys=0.00, real=0.36 secs] 
608.864: [GC608.865: [DefNew: 69952K->69952K(78656K), 0.0000160 secs]608.865: [Tenured: 171229K->168883K(174784K), 0.3665543 secs] 241181K->168883K(253440K), [Perm : 7355K->7355K(21248K)], 0.3669257 secs] [Times: user=0.36 sys=0.00, real=0.37 secs] 
609.311: [GC609.311: [DefNew: 69952K->69952K(78656K), 0.0000157 secs]609.311: [Tenured: 168883K->174784K(174784K), 0.3787693 secs] 238835K->178118K(253440K), [Perm : 7355K->7355K(21248K)], 0.3791156 secs] [Times: user=0.39 sys=0.00, real=0.38 secs] 
Heap
 def new generation   total 78656K, used 4871K [0x00000000eae00000, 0x00000000f0350000, 0x00000000f0350000)
  eden space 69952K,   6% used [0x00000000eae00000, 0x00000000eb2c1e10, 0x00000000ef250000)
  from space 8704K,   0% used [0x00000000ef250000, 0x00000000ef250000, 0x00000000efad0000)
  to   space 8704K,   0% used [0x00000000efad0000, 0x00000000efad0000, 0x00000000f0350000)
 tenured generation   total 174784K, used 174784K [0x00000000f0350000, 0x00000000fae00000, 0x00000000fae00000)
   the space 174784K, 100% used [0x00000000f0350000, 0x00000000fae00000, 0x00000000fae00000, 0x00000000fae00000)
 compacting perm gen  total 21248K, used 7365K [0x00000000fae00000, 0x00000000fc2c0000, 0x0000000100000000)
   the space 21248K,  34% used [0x00000000fae00000, 0x00000000fb5316d0, 0x00000000fb531800, 0x00000000fc2c0000)
No shared spaces configured.
