0.069: [GC [PSYoungGen: 65536K->800K(76288K)] 65536K->808K(249856K), 0.0128118 secs] [Times: user=0.05 sys=0.00, real=0.01 secs] 
0.114: [GC [PSYoungGen: 66336K->4704K(141824K)] 66344K->4712K(315392K), 0.0031286 secs] [Times: user=0.00 sys=0.00, real=0.00 secs] 
0.201: [GC [PSYoungGen: 135776K->10752K(141824K)] 135784K->52744K(315392K), 0.0437353 secs] [Times: user=0.13 sys=0.05, real=0.04 secs] 
0.348: [GC [PSYoungGen: 141824K->10752K(272896K)] 183816K->142340K(446464K), 0.0793781 secs] [Times: user=0.27 sys=0.03, real=0.08 secs] 
0.428: [Full GC [PSYoungGen: 10752K->0K(272896K)] [ParOldGen: 131588K->136143K(345088K)] 142340K->136143K(617984K) [PSPermGen: 2603K->2602K(21504K)], 0.7236545 secs] [Times: user=2.62 sys=0.00, real=0.72 secs] 
1.387: [GC [PSYoungGen: 262144K->10752K(272896K)] 398287K->341383K(617984K), 0.1502671 secs] [Times: user=0.48 sys=0.06, real=0.15 secs] 
1.538: [Full GC [PSYoungGen: 10752K->0K(272896K)] [ParOldGen: 330631K->176145K(566272K)] 341383K->176145K(839168K) [PSPermGen: 2602K->2602K(21504K)], 0.7047946 secs] [Times: user=2.56 sys=0.00, real=0.70 secs] 
2.485: [GC [PSYoungGen: 262144K->209920K(443392K)] 438289K->394113K(1009664K), 0.1150046 secs] [Times: user=0.36 sys=0.05, real=0.12 secs] 
2.812: [GC [PSYoungGen: 443392K->232960K(466432K)] 627585K->481505K(1032704K), 0.1598701 secs] [Times: user=0.62 sys=0.00, real=0.16 secs] 
3.201: [GC [PSYoungGen: 466432K->232960K(466432K)] 714977K->598281K(1032704K), 0.2039870 secs] [Times: user=0.70 sys=0.05, real=0.20 secs] 
3.641: [GC [PSYoungGen: 466432K->232960K(466432K)] 831753K->810201K(1043968K), 0.2568432 secs] [Times: user=0.89 sys=0.06, real=0.26 secs] 
3.899: [Full GC [PSYoungGen: 232960K->0K(466432K)] [ParOldGen: 577241K->157449K(654848K)] 810201K->157449K(1121280K) [PSPermGen: 2602K->2602K(21504K)], 0.6586610 secs] [Times: user=2.33 sys=0.00, real=0.66 secs] 
4.793: [GC [PSYoungGen: 233472K->212512K(466432K)] 390921K->369961K(1121280K), 0.1013064 secs] [Times: user=0.36 sys=0.00, real=0.10 secs] 
5.133: [GC [PSYoungGen: 445984K->169440K(466432K)] 603433K->488793K(1121280K), 0.1926229 secs] [Times: user=0.69 sys=0.00, real=0.19 secs] 
5.562: [GC [PSYoungGen: 402912K->161600K(466432K)] 722265K->596249K(1121280K), 0.1467308 secs] [Times: user=0.61 sys=0.00, real=0.15 secs] 
5.709: [Full GC [PSYoungGen: 161600K->0K(466432K)] [ParOldGen: 434649K->166038K(763392K)] 596249K->166038K(1229824K) [PSPermGen: 2602K->2602K(21504K)], 0.7150717 secs] [Times: user=2.62 sys=0.00, real=0.72 secs] 
6.656: [GC [PSYoungGen: 233472K->192320K(466432K)] 399510K->358358K(1229824K), 0.0877418 secs] [Times: user=0.37 sys=0.00, real=0.09 secs] 
6.983: [GC [PSYoungGen: 425792K->170624K(466432K)] 591830K->489406K(1229824K), 0.1769933 secs] [Times: user=0.75 sys=0.00, real=0.18 secs] 
7.402: [GC [PSYoungGen: 404096K->162720K(466432K)] 722878K->597238K(1229824K), 0.1564708 secs] [Times: user=0.58 sys=0.00, real=0.16 secs] 
7.797: [GC [PSYoungGen: 396192K->161696K(466432K)] 830710K->711102K(1229824K), 0.1490464 secs] [Times: user=0.59 sys=0.00, real=0.15 secs] 
7.946: [Full GC [PSYoungGen: 161696K->0K(466432K)] [ParOldGen: 549406K->170711K(845312K)] 711102K->170711K(1311744K) [PSPermGen: 2602K->2602K(21504K)], 0.7556806 secs] [Times: user=2.68 sys=0.00, real=0.76 secs] 
8.944: [GC [PSYoungGen: 233472K->218336K(466432K)] 404183K->389047K(1311744K), 0.0990142 secs] [Times: user=0.36 sys=0.00, real=0.10 secs] 
9.287: [GC [PSYoungGen: 451808K->160864K(466432K)] 622519K->489671K(1311744K), 0.1998677 secs] [Times: user=0.67 sys=0.00, real=0.20 secs] 
9.730: [GC [PSYoungGen: 394336K->159488K(466432K)] 723143K->594055K(1311744K), 0.1439874 secs] [Times: user=0.61 sys=0.00, real=0.14 secs] 
10.116: [GC [PSYoungGen: 392960K->166432K(466432K)] 827527K->707047K(1311744K), 0.1426535 secs] [Times: user=0.56 sys=0.00, real=0.14 secs] 
10.496: [GC [PSYoungGen: 399904K->159424K(466432K)] 940519K->813775K(1311744K), 0.1549733 secs] [Times: user=0.58 sys=0.02, real=0.15 secs] 
10.651: [Full GC [PSYoungGen: 159424K->0K(466432K)] [ParOldGen: 654351K->163693K(915456K)] 813775K->163693K(1381888K) [PSPermGen: 2602K->2602K(21504K)], 0.7130566 secs] [Times: user=2.60 sys=0.00, real=0.71 secs] 
11.601: [GC [PSYoungGen: 233472K->212224K(466432K)] 397165K->375917K(1381888K), 0.0992919 secs] [Times: user=0.42 sys=0.00, real=0.10 secs] 
11.941: [GC [PSYoungGen: 445696K->166656K(466432K)] 609389K->492029K(1381888K), 0.1821245 secs] [Times: user=0.73 sys=0.00, real=0.18 secs] 
12.366: [GC [PSYoungGen: 400128K->164288K(466432K)] 725501K->600709K(1381888K), 0.1660295 secs] [Times: user=0.58 sys=0.00, real=0.17 secs] 
12.776: [GC [PSYoungGen: 397760K->163392K(466432K)] 834181K->707133K(1381888K), 0.1472430 secs] [Times: user=0.53 sys=0.00, real=0.15 secs] 
13.168: [GC [PSYoungGen: 396864K->166048K(466432K)] 940605K->817477K(1381888K), 0.1493931 secs] [Times: user=0.55 sys=0.00, real=0.15 secs] 
13.553: [GC [PSYoungGen: 399520K->159232K(466432K)] 1050949K->926285K(1381888K), 0.1565407 secs] [Times: user=0.47 sys=0.02, real=0.16 secs] 
13.710: [Full GC [PSYoungGen: 159232K->0K(466432K)] [ParOldGen: 767053K->165764K(979968K)] 926285K->165764K(1446400K) [PSPermGen: 2602K->2602K(21504K)], 0.7184518 secs] [Times: user=2.59 sys=0.00, real=0.72 secs] 
14.667: [GC [PSYoungGen: 233472K->213248K(466432K)] 399236K->379012K(1446400K), 0.0988205 secs] [Times: user=0.37 sys=0.00, real=0.10 secs] 
15.008: [GC [PSYoungGen: 446720K->166304K(466432K)] 612484K->493812K(1446400K), 0.1862178 secs] [Times: user=0.73 sys=0.00, real=0.19 secs] 
15.436: [GC [PSYoungGen: 399776K->166368K(466432K)] 727284K->603500K(1446400K), 0.1623662 secs] [Times: user=0.55 sys=0.00, real=0.16 secs] 
15.834: [GC [PSYoungGen: 399840K->158240K(466432K)] 836972K->710852K(1446400K), 0.1481638 secs] [Times: user=0.50 sys=0.00, real=0.15 secs] 
16.222: [GC [PSYoungGen: 391712K->168480K(466432K)] 944324K->829516K(1446400K), 0.1541664 secs] [Times: user=0.59 sys=0.00, real=0.15 secs] 
16.609: [GC [PSYoungGen: 401952K->154432K(466432K)] 1062988K->934916K(1446400K), 0.1555230 secs] [Times: user=0.59 sys=0.00, real=0.15 secs] 
17.003: [GC [PSYoungGen: 387904K->166496K(464384K)] 1168388K->1055252K(1444352K), 0.1559599 secs] [Times: user=0.53 sys=0.06, real=0.16 secs] 
17.160: [Full GC [PSYoungGen: 166496K->0K(464384K)] [ParOldGen: 888756K->163565K(1045504K)] 1055252K->163565K(1509888K) [PSPermGen: 2602K->2602K(21504K)], 0.7149482 secs] [Times: user=2.50 sys=0.00, real=0.71 secs] 
18.110: [GC [PSYoungGen: 233472K->203776K(465408K)] 397037K->367341K(1510912K), 0.0959378 secs] [Times: user=0.37 sys=0.00, real=0.10 secs] 
18.450: [GC [PSYoungGen: 437248K->173632K(466432K)] 600813K->494573K(1511936K), 0.1959344 secs] [Times: user=0.78 sys=0.00, real=0.20 secs] 
18.886: [GC [PSYoungGen: 408128K->158272K(393216K)] 729069K->595157K(1438720K), 0.1529534 secs] [Times: user=0.61 sys=0.00, real=0.15 secs] 
19.284: [GC [PSYoungGen: 392768K->162560K(468480K)] 829653K->702861K(1513984K), 0.1455390 secs] [Times: user=0.53 sys=0.00, real=0.15 secs] 
19.675: [GC [PSYoungGen: 402176K->163264K(464384K)] 942477K->811845K(1509888K), 0.1500420 secs] [Times: user=0.55 sys=0.00, real=0.15 secs] 
20.072: [GC [PSYoungGen: 402880K->169568K(470016K)] 1051461K->929245K(1515520K), 0.1501090 secs] [Times: user=0.59 sys=0.00, real=0.15 secs] 
20.481: [GC [PSYoungGen: 419936K->164832K(466432K)] 1179613K->1030085K(1511936K), 0.1558345 secs] [Times: user=0.50 sys=0.01, real=0.16 secs] 
20.894: [GC [PSYoungGen: 415200K->157920K(478720K)] 1280453K->1117189K(1524224K), 0.1421625 secs] [Times: user=0.53 sys=0.02, real=0.14 secs] 
21.036: [Full GC [PSYoungGen: 157920K->0K(478720K)] [ParOldGen: 959269K->159922K(1096192K)] 1117189K->159922K(1574912K) [PSPermGen: 2602K->2602K(21504K)], 0.7308630 secs] [Times: user=2.67 sys=0.00, real=0.73 secs] 
22.040: [GC [PSYoungGen: 266240K->209920K(476160K)] 426162K->406090K(1572352K), 0.1194309 secs] [Times: user=0.50 sys=0.00, real=0.12 secs] 
22.436: [GC [PSYoungGen: 476160K->203424K(456704K)] 672330K->559474K(1552896K), 0.2037798 secs] [Times: user=0.80 sys=0.00, real=0.20 secs] 
22.879: [GC [PSYoungGen: 436896K->153920K(466432K)] 792946K->634698K(1562624K), 0.1500250 secs] [Times: user=0.61 sys=0.00, real=0.15 secs] 
23.271: [GC [PSYoungGen: 387392K->169280K(465408K)] 868170K->754602K(1561600K), 0.1423710 secs] [Times: user=0.56 sys=0.00, real=0.14 secs] 
23.655: [GC [PSYoungGen: 402752K->158112K(391680K)] 988074K->854858K(1487872K), 0.1503207 secs] [Times: user=0.59 sys=0.00, real=0.15 secs] 
24.042: [GC [PSYoungGen: 391584K->157472K(467968K)] 1088330K->964978K(1564160K), 0.1426166 secs] [Times: user=0.55 sys=0.00, real=0.14 secs] 
24.433: [GC [PSYoungGen: 395552K->171712K(410112K)] 1203058K->1088426K(1506304K), 0.1577379 secs] [Times: user=0.58 sys=0.00, real=0.16 secs] 
24.835: [GC [PSYoungGen: 409792K->162016K(467456K)] 1326506K->1194170K(1563648K), 0.1557623 secs] [Times: user=0.61 sys=0.00, real=0.16 secs] 
24.991: [Full GC [PSYoungGen: 162016K->0K(467456K)] [ParOldGen: 1032154K->168348K(1184768K)] 1194170K->168348K(1652224K) [PSPermGen: 2602K->2602K(21504K)], 0.7302764 secs] [Times: user=2.64 sys=0.00, real=0.73 secs] 
25.958: [GC [PSYoungGen: 245760K->199712K(464384K)] 414108K->368060K(1649152K), 0.0923541 secs] [Times: user=0.37 sys=0.00, real=0.09 secs] 
26.303: [GC [PSYoungGen: 445472K->174880K(476160K)] 613820K->490980K(1660928K), 0.1860665 secs] [Times: user=0.70 sys=0.00, real=0.19 secs] 
26.725: [GC [PSYoungGen: 430368K->131264K(475136K)] 746468K->579572K(1659904K), 0.1587694 secs] [Times: user=0.59 sys=0.00, real=0.16 secs] 
27.132: [GC [PSYoungGen: 386752K->172096K(474112K)] 835060K->716404K(1658880K), 0.1474332 secs] [Times: user=0.53 sys=0.00, real=0.15 secs] 
27.533: [GC [PSYoungGen: 429632K->164896K(475648K)] 973940K->837412K(1660416K), 0.1592039 secs] [Times: user=0.59 sys=0.00, real=0.16 secs] 
27.935: [GC [PSYoungGen: 422432K->145504K(478720K)] 1094948K->945628K(1663488K), 0.1687110 secs] [Times: user=0.59 sys=0.00, real=0.17 secs] 
28.369: [GC [PSYoungGen: 410208K->178272K(478720K)] 1210332K->1089188K(1663488K), 0.1618916 secs] [Times: user=0.52 sys=0.00, real=0.16 secs] 
28.798: [GC [PSYoungGen: 442976K->166272K(476672K)] 1353892K->1202916K(1661440K), 0.1787069 secs] [Times: user=0.56 sys=0.00, real=0.18 secs] 
28.977: [Full GC [PSYoungGen: 166272K->0K(476672K)] [ParOldGen: 1036644K->165863K(1260544K)] 1202916K->165863K(1737216K) [PSPermGen: 2602K->2602K(21504K)], 0.7202032 secs] [Times: user=2.47 sys=0.00, real=0.72 secs] 
29.969: [GC [PSYoungGen: 271872K->208896K(480768K)] 437735K->400671K(1741312K), 0.1139860 secs] [Times: user=0.42 sys=0.00, real=0.11 secs] 
30.366: [GC [PSYoungGen: 480768K->195232K(454144K)] 672543K->537671K(1714688K), 0.1877759 secs] [Times: user=0.70 sys=0.00, real=0.19 secs] 
30.792: [GC [PSYoungGen: 430752K->148960K(467456K)] 773191K->609327K(1728000K), 0.1654897 secs] [Times: user=0.55 sys=0.00, real=0.17 secs] 
31.198: [GC [PSYoungGen: 384480K->166656K(458240K)] 844847K->726591K(1718784K), 0.1512026 secs] [Times: user=0.59 sys=0.00, real=0.15 secs] 
31.592: [GC [PSYoungGen: 403200K->162656K(463360K)] 963135K->828543K(1723904K), 0.1643711 secs] [Times: user=0.56 sys=0.00, real=0.16 secs] 
31.999: [GC [PSYoungGen: 399200K->159424K(464896K)] 1065087K->934399K(1725440K), 0.1439114 secs] [Times: user=0.50 sys=0.00, real=0.14 secs] 
32.402: [GC [PSYoungGen: 408768K->171936K(469504K)] 1183743K->1052183K(1730048K), 0.1463165 secs] [Times: user=0.55 sys=0.00, real=0.15 secs] 
32.804: [GC [PSYoungGen: 421280K->161760K(474112K)] 1301527K->1148303K(1734656K), 0.1505272 secs] [Times: user=0.56 sys=0.00, real=0.15 secs] 
33.224: [GC [PSYoungGen: 425440K->164352K(476672K)] 1411983K->1242487K(1737216K), 0.1439451 secs] [Times: user=0.59 sys=0.00, real=0.14 secs] 
33.638: [GC [PSYoungGen: 428032K->167904K(480256K)] 1506167K->1339743K(1740800K), 0.1463652 secs] [Times: user=0.51 sys=0.03, real=0.15 secs] 
33.785: [Full GC [PSYoungGen: 167904K->0K(480256K)] [ParOldGen: 1171839K->168260K(1325056K)] 1339743K->168260K(1805312K) [PSPermGen: 2602K->2602K(21504K)], 0.7379207 secs] [Times: user=2.67 sys=0.02, real=0.74 secs] 
34.803: [GC [PSYoungGen: 276992K->205824K(482816K)] 445252K->408868K(1807872K), 0.1196387 secs] [Times: user=0.42 sys=0.00, real=0.12 secs] 
35.204: [GC [PSYoungGen: 482816K->197888K(453120K)] 685860K->555276K(1778176K), 0.1957381 secs] [Times: user=0.81 sys=0.00, real=0.20 secs] 
35.642: [GC [PSYoungGen: 434432K->152192K(467968K)] 791820K->630660K(1793024K), 0.1508482 secs] [Times: user=0.59 sys=0.00, real=0.15 secs] 
36.034: [GC [PSYoungGen: 388736K->159040K(461824K)] 867204K->735548K(1786880K), 0.1396510 secs] [Times: user=0.53 sys=0.00, real=0.14 secs] 
36.420: [GC [PSYoungGen: 396608K->168832K(465408K)] 973116K->854860K(1790464K), 0.1507652 secs] [Times: user=0.61 sys=0.00, real=0.15 secs] 
36.813: [GC [PSYoungGen: 406400K->165120K(464896K)] 1092428K->968732K(1789952K), 0.1526709 secs] [Times: user=0.59 sys=0.00, real=0.15 secs] 
37.219: [GC [PSYoungGen: 412928K->167072K(467968K)] 1216540K->1079868K(1793024K), 0.1527071 secs] [Times: user=0.61 sys=0.00, real=0.15 secs] 
37.628: [GC [PSYoungGen: 414880K->166336K(472576K)] 1327676K->1181348K(1797632K), 0.1476638 secs] [Times: user=0.55 sys=0.00, real=0.15 secs] 
38.042: [GC [PSYoungGen: 428992K->164448K(475648K)] 1444004K->1278868K(1800704K), 0.1404428 secs] [Times: user=0.55 sys=0.00, real=0.14 secs] 
38.454: [GC [PSYoungGen: 427104K->168320K(478720K)] 1541524K->1368780K(1803776K), 0.1560926 secs] [Times: user=0.51 sys=0.02, real=0.16 secs] 
38.611: [Full GC [PSYoungGen: 168320K->0K(478720K)] [ParOldGen: 1200460K->163734K(1396736K)] 1368780K->163734K(1875456K) [PSPermGen: 2602K->2602K(21504K)], 0.7405352 secs] [Times: user=2.64 sys=0.00, real=0.74 secs] 
39.637: [GC [PSYoungGen: 275968K->206848K(482816K)] 439702K->427150K(1879552K), 0.1431676 secs] [Times: user=0.56 sys=0.00, real=0.14 secs] 
40.062: [GC [PSYoungGen: 482816K->204096K(450048K)] 703118K->584430K(1846784K), 0.1983119 secs] [Times: user=0.72 sys=0.02, real=0.20 secs] 
40.503: [GC [PSYoungGen: 437568K->153696K(466432K)] 817902K->662086K(1863168K), 0.1591950 secs] [Times: user=0.58 sys=0.00, real=0.16 secs] 
40.897: [GC [PSYoungGen: 387168K->159104K(466432K)] 895558K->778086K(1863168K), 0.1420422 secs] [Times: user=0.55 sys=0.00, real=0.14 secs] 
41.270: [GC [PSYoungGen: 392576K->156672K(466432K)] 1011558K->898742K(1863168K), 0.1597998 secs] [Times: user=0.55 sys=0.00, real=0.16 secs] 
41.665: [GC [PSYoungGen: 390144K->167040K(461312K)] 1132214K->1028886K(1858048K), 0.1532645 secs] [Times: user=0.58 sys=0.00, real=0.15 secs] 
42.052: [GC [PSYoungGen: 400512K->157120K(463872K)] 1262358K->1149742K(1860608K), 0.1737553 secs] [Times: user=0.61 sys=0.00, real=0.17 secs] 
42.461: [GC [PSYoungGen: 390592K->164544K(460800K)] 1383214K->1277902K(1857536K), 0.1596462 secs] [Times: user=0.67 sys=0.00, real=0.16 secs] 
42.868: [GC [PSYoungGen: 405696K->165792K(464896K)] 1519054K->1395102K(1861632K), 0.1549268 secs] [Times: user=0.53 sys=0.03, real=0.15 secs] 
43.261: [GC [PSYoungGen: 406944K->155072K(471552K)] 1636254K->1508158K(1868288K), 0.1644718 secs] [Times: user=0.59 sys=0.00, real=0.16 secs] 
43.426: [Full GC [PSYoungGen: 155072K->0K(471552K)] [ParOldGen: 1353086K->158707K(1397760K)] 1508158K->158707K(1869312K) [PSPermGen: 2602K->2602K(21504K)], 0.7155181 secs] [Times: user=2.56 sys=0.00, real=0.71 secs] 
44.403: [GC [PSYoungGen: 256000K->217600K(473600K)] 414707K->385619K(1871360K), 0.1090768 secs] [Times: user=0.40 sys=0.00, real=0.11 secs] 
44.776: [GC [PSYoungGen: 473600K->181920K(464384K)] 641619K->512571K(1862144K), 0.1922471 secs] [Times: user=0.70 sys=0.00, real=0.19 secs] 
45.212: [GC [PSYoungGen: 420512K->156416K(468992K)] 751163K->602867K(1866752K), 0.1523203 secs] [Times: user=0.58 sys=0.00, real=0.15 secs] 
45.612: [GC [PSYoungGen: 395008K->170912K(457728K)] 841459K->718611K(1855488K), 0.1510362 secs] [Times: user=0.56 sys=0.00, real=0.15 secs] 
46.012: [GC [PSYoungGen: 411552K->161440K(464384K)] 959251K->816019K(1862144K), 0.1425066 secs] [Times: user=0.55 sys=0.00, real=0.14 secs] 
46.398: [GC [PSYoungGen: 402080K->156224K(468480K)] 1056659K->914363K(1866240K), 0.1408110 secs] [Times: user=0.53 sys=0.00, real=0.14 secs] 
46.800: [GC [PSYoungGen: 411200K->175744K(473600K)] 1169339K->1038139K(1871360K), 0.1572049 secs] [Times: user=0.56 sys=0.00, real=0.16 secs] 
47.217: [GC [PSYoungGen: 430720K->163936K(472576K)] 1293115K->1133035K(1870336K), 0.1442084 secs] [Times: user=0.59 sys=0.00, real=0.14 secs] 
47.633: [GC [PSYoungGen: 429152K->163872K(477696K)] 1398251K->1225579K(1875456K), 0.1418982 secs] [Times: user=0.47 sys=0.00, real=0.14 secs] 
48.046: [GC [PSYoungGen: 429088K->165280K(478720K)] 1490795K->1314123K(1876480K), 0.1425772 secs] [Times: user=0.56 sys=0.00, real=0.14 secs] 
48.472: [GC [PSYoungGen: 442784K->171776K(483840K)] 1591627K->1407067K(1881600K), 0.1330730 secs] [Times: user=0.50 sys=0.00, real=0.13 secs] 
48.887: [GC [PSYoungGen: 449280K->155296K(488448K)] 1684571K->1468355K(1886208K), 0.1235511 secs] [Times: user=0.48 sys=0.00, real=0.12 secs] 
49.011: [Full GC [PSYoungGen: 155296K->0K(488448K)] [ParOldGen: 1313059K->155788K(1397760K)] 1468355K->155788K(1886208K) [PSPermGen: 2602K->2602K(21504K)], 0.7042679 secs] [Times: user=2.56 sys=0.00, real=0.70 secs] 
50.012: [GC [PSYoungGen: 289280K->202752K(492032K)] 445068K->422100K(1889792K), 0.1371788 secs] [Times: user=0.48 sys=0.01, real=0.14 secs] 
50.435: [GC [PSYoungGen: 492032K->207360K(440832K)] 711380K->605420K(1838592K), 0.2252680 secs] [Times: user=0.81 sys=0.00, real=0.23 secs] 
50.899: [GC [PSYoungGen: 440832K->165408K(466432K)] 838892K->703524K(1864192K), 0.1682845 secs] [Times: user=0.65 sys=0.00, real=0.17 secs] 
51.305: [GC [PSYoungGen: 398880K->154688K(466432K)] 936996K->803068K(1864192K), 0.1426353 secs] [Times: user=0.56 sys=0.00, real=0.14 secs] 
51.692: [GC [PSYoungGen: 388160K->171104K(466432K)] 1036540K->928284K(1864192K), 0.1563604 secs] [Times: user=0.58 sys=0.00, real=0.16 secs] 
52.090: [GC [PSYoungGen: 404576K->168800K(466432K)] 1161756K->1043940K(1864192K), 0.1683749 secs] [Times: user=0.65 sys=0.00, real=0.17 secs] 
52.501: [GC [PSYoungGen: 402272K->164384K(466432K)] 1277412K->1146756K(1864192K), 0.1467414 secs] [Times: user=0.56 sys=0.00, real=0.15 secs] 
52.890: [GC [PSYoungGen: 397856K->161408K(466432K)] 1380228K->1248924K(1864192K), 0.1420621 secs] [Times: user=0.55 sys=0.00, real=0.14 secs] 
53.269: [GC [PSYoungGen: 394880K->158080K(466432K)] 1482396K->1355004K(1864192K), 0.1508697 secs] [Times: user=0.59 sys=0.00, real=0.15 secs] 
53.663: [GC [PSYoungGen: 391552K->170784K(466432K)] 1588476K->1474612K(1864192K), 0.1471439 secs] [Times: user=0.55 sys=0.00, real=0.15 secs] 
53.810: [Full GC [PSYoungGen: 170784K->0K(466432K)] [ParOldGen: 1303828K->168948K(1397760K)] 1474612K->168948K(1864192K) [PSPermGen: 2602K->2602K(21504K)], 0.7429839 secs] [Times: user=2.60 sys=0.00, real=0.74 secs] 
54.795: [GC [PSYoungGen: 233472K->219872K(466432K)] 402420K->388820K(1864192K), 0.0986287 secs] [Times: user=0.34 sys=0.00, real=0.10 secs] 
55.133: [GC [PSYoungGen: 453344K->162336K(466432K)] 622292K->494116K(1864192K), 0.1834674 secs] [Times: user=0.69 sys=0.00, real=0.18 secs] 
55.552: [GC [PSYoungGen: 395808K->159520K(466432K)] 727588K->606140K(1864192K), 0.1486972 secs] [Times: user=0.53 sys=0.00, real=0.15 secs] 
55.942: [GC [PSYoungGen: 392992K->168608K(466432K)] 839612K->727644K(1864192K), 0.1491414 secs] [Times: user=0.55 sys=0.00, real=0.15 secs] 
56.331: [GC [PSYoungGen: 402080K->159584K(466432K)] 961116K->835180K(1864192K), 0.1519291 secs] [Times: user=0.51 sys=0.00, real=0.15 secs] 
56.726: [GC [PSYoungGen: 393056K->168512K(466432K)] 1068652K->952868K(1864192K), 0.1515519 secs] [Times: user=0.59 sys=0.00, real=0.15 secs] 
57.118: [GC [PSYoungGen: 401984K->164992K(466432K)] 1186340K->1063828K(1864192K), 0.1510525 secs] [Times: user=0.61 sys=0.00, real=0.15 secs] 
57.507: [GC [PSYoungGen: 398464K->158240K(466432K)] 1297300K->1170660K(1864192K), 0.1551577 secs] [Times: user=0.59 sys=0.00, real=0.15 secs] 
57.904: [GC [PSYoungGen: 391712K->160576K(394240K)] 1404132K->1279412K(1792000K), 0.1452773 secs] [Times: user=0.62 sys=0.00, real=0.14 secs] 
58.292: [GC [PSYoungGen: 394048K->167040K(468480K)] 1512884K->1395108K(1866240K), 0.1546747 secs] [Times: user=0.59 sys=0.00, real=0.15 secs] 
58.685: [GC [PSYoungGen: 405632K->154912K(463360K)] 1633700K->1502684K(1861120K), 0.1566369 secs] [Times: user=0.56 sys=0.00, real=0.16 secs] 
58.842: [Full GC [PSYoungGen: 154912K->0K(463360K)] [ParOldGen: 1347772K->161138K(1397760K)] 1502684K->161138K(1861120K) [PSPermGen: 2602K->2602K(21504K)], 0.7062423 secs] [Times: user=2.54 sys=0.00, real=0.71 secs] 
59.793: [GC [PSYoungGen: 238592K->214368K(455680K)] 399730K->375506K(1853440K), 0.1048073 secs] [Times: user=0.36 sys=0.00, real=0.11 secs] 
60.140: [GC [PSYoungGen: 447840K->167136K(466432K)] 608978K->494586K(1864192K), 0.1900177 secs] [Times: user=0.55 sys=0.00, real=0.19 secs] 
60.569: [GC [PSYoungGen: 400608K->165920K(454144K)] 728058K->610322K(1851904K), 0.1555715 secs] [Times: user=0.58 sys=0.00, real=0.16 secs] 
60.968: [GC [PSYoungGen: 403488K->168032K(462336K)] 847890K->724394K(1860096K), 0.1461664 secs] [Times: user=0.53 sys=0.00, real=0.15 secs] 
61.360: [GC [PSYoungGen: 405600K->166400K(463872K)] 961962K->830890K(1861632K), 0.1555243 secs] [Times: user=0.59 sys=0.00, real=0.15 secs] 
61.779: [GC [PSYoungGen: 420864K->162880K(471040K)] 1085354K->924322K(1868800K), 0.1428716 secs] [Times: user=0.51 sys=0.00, real=0.14 secs] 
62.184: [GC [PSYoungGen: 417344K->164480K(472576K)] 1178786K->1014026K(1870336K), 0.1391301 secs] [Times: user=0.52 sys=0.00, real=0.14 secs] 
62.596: [GC [PSYoungGen: 433792K->165952K(479232K)] 1283338K->1109226K(1876992K), 0.1396057 secs] [Times: user=0.53 sys=0.00, real=0.14 secs] 
63.010: [GC [PSYoungGen: 435264K->166976K(480256K)] 1378538K->1198506K(1878016K), 0.1404694 secs] [Times: user=0.48 sys=0.00, real=0.14 secs] 
63.439: [GC [PSYoungGen: 449600K->171200K(486400K)] 1481130K->1286226K(1884160K), 0.1348463 secs] [Times: user=0.55 sys=0.00, real=0.13 secs] 
63.857: [GC [PSYoungGen: 453824K->158112K(490496K)] 1568850K->1350698K(1888256K), 0.1234787 secs] [Times: user=0.50 sys=0.00, real=0.12 secs] 
64.282: [GC [PSYoungGen: 453024K->173952K(494592K)] 1645610K->1438370K(1892352K), 0.1250819 secs] [Times: user=0.50 sys=0.00, real=0.13 secs] 
64.408: [Full GC [PSYoungGen: 173952K->0K(494592K)] [ParOldGen: 1264418K->168367K(1397760K)] 1438370K->168367K(1892352K) [PSPermGen: 2602K->2602K(21504K)], 0.7585780 secs] [Times: user=2.73 sys=0.00, real=0.76 secs] 
65.470: [GC [PSYoungGen: 294912K->198656K(432128K)] 463279K->443287K(1829888K), 0.1540798 secs] [Times: user=0.56 sys=0.01, real=0.15 secs] 
65.867: [GC [PSYoungGen: 432128K->195840K(466432K)] 676759K->600143K(1864192K), 0.2047602 secs] [Times: user=0.78 sys=0.00, real=0.21 secs] 
66.310: [GC [PSYoungGen: 429312K->153280K(466432K)] 833615K->696487K(1864192K), 0.1592832 secs] [Times: user=0.62 sys=0.00, real=0.16 secs] 
66.708: [GC [PSYoungGen: 386752K->166144K(399872K)] 929959K->818687K(1797632K), 0.1481837 secs] [Times: user=0.55 sys=0.00, real=0.15 secs] 
67.100: [GC [PSYoungGen: 399616K->175328K(470016K)] 1052159K->946527K(1867776K), 0.1793884 secs] [Times: user=0.59 sys=0.00, real=0.18 secs] 
67.520: [GC [PSYoungGen: 413920K->158208K(464896K)] 1185119K->1049815K(1862656K), 0.1603524 secs] [Times: user=0.56 sys=0.00, real=0.16 secs] 
67.927: [GC [PSYoungGen: 396800K->168896K(469504K)] 1288407K->1163655K(1867264K), 0.1457337 secs] [Times: user=0.55 sys=0.00, real=0.15 secs] 
68.324: [GC [PSYoungGen: 414144K->161728K(465920K)] 1408903K->1264983K(1863680K), 0.1503466 secs] [Times: user=0.59 sys=0.00, real=0.15 secs] 
68.723: [GC [PSYoungGen: 406976K->163232K(475136K)] 1510231K->1373599K(1872896K), 0.1530897 secs] [Times: user=0.56 sys=0.00, real=0.15 secs] 
69.143: [GC [PSYoungGen: 420256K->172864K(472576K)] 1630623K->1484295K(1870336K), 0.1544589 secs] [Times: user=0.58 sys=0.00, real=0.15 secs] 
69.298: [Full GC [PSYoungGen: 172864K->0K(472576K)] [ParOldGen: 1311431K->163879K(1397760K)] 1484295K->163879K(1870336K) [PSPermGen: 2602K->2602K(21504K)], 0.7126564 secs] [Times: user=2.59 sys=0.00, real=0.71 secs] 
70.269: [GC [PSYoungGen: 257024K->211456K(458240K)] 420903K->386319K(1856000K), 0.1023028 secs] [Times: user=0.44 sys=0.00, real=0.10 secs] 
70.626: [GC [PSYoungGen: 458240K->180064K(473088K)] 633103K->515983K(1870848K), 0.1945710 secs] [Times: user=0.75 sys=0.00, real=0.19 secs] 
71.073: [GC [PSYoungGen: 426848K->159328K(465920K)] 762767K->608991K(1863680K), 0.1451430 secs] [Times: user=0.55 sys=0.00, real=0.14 secs] 
71.476: [GC [PSYoungGen: 410208K->167744K(471552K)] 859871K->713255K(1869312K), 0.1432837 secs] [Times: user=0.61 sys=0.00, real=0.14 secs] 
71.881: [GC [PSYoungGen: 418624K->169472K(470016K)] 964135K->814279K(1867776K), 0.1409175 secs] [Times: user=0.53 sys=0.00, real=0.14 secs] 
72.287: [GC [PSYoungGen: 430592K->164448K(475648K)] 1075399K->903039K(1873408K), 0.1394928 secs] [Times: user=0.56 sys=0.00, real=0.14 secs] 
72.696: [GC [PSYoungGen: 425568K->166624K(477184K)] 1164159K->992719K(1874944K), 0.1381760 secs] [Times: user=0.55 sys=0.00, real=0.14 secs] 
73.116: [GC [PSYoungGen: 439520K->161984K(482304K)] 1265615K->1069487K(1880064K), 0.1262292 secs] [Times: user=0.48 sys=0.00, real=0.13 secs] 
73.522: [GC [PSYoungGen: 434880K->160352K(484352K)] 1342383K->1141863K(1882112K), 0.1243122 secs] [Times: user=0.45 sys=0.00, real=0.12 secs] 
73.933: [GC [PSYoungGen: 442464K->168064K(487936K)] 1423975K->1226487K(1885696K), 0.1250733 secs] [Times: user=0.50 sys=0.00, real=0.13 secs] 
74.347: [GC [PSYoungGen: 450176K->161984K(489984K)] 1508599K->1299559K(1887744K), 0.1263667 secs] [Times: user=0.56 sys=0.00, real=0.13 secs] 
74.774: [GC [PSYoungGen: 452800K->163328K(492032K)] 1590375K->1368687K(1889792K), 0.1204225 secs] [Times: user=0.45 sys=0.02, real=0.12 secs] 
75.194: [GC [PSYoungGen: 454144K->160576K(495104K)] 1659503K->1427567K(1892864K), 0.1419880 secs] [Times: user=0.48 sys=0.00, real=0.14 secs] 
75.337: [Full GC [PSYoungGen: 160576K->0K(495104K)] [ParOldGen: 1266991K->160153K(1397760K)] 1427567K->160153K(1892864K) [PSPermGen: 2602K->2602K(21504K)], 0.7155842 secs] [Times: user=2.39 sys=0.00, real=0.72 secs] 
76.334: [GC [PSYoungGen: 299008K->197632K(496640K)] 459161K->368857K(1894400K), 0.1006361 secs] [Times: user=0.36 sys=0.00, real=0.10 secs] 
76.741: [GC [PSYoungGen: 496640K->184576K(481280K)] 667865K->504737K(1879040K), 0.1916505 secs] [Times: user=0.69 sys=0.00, real=0.19 secs] 
77.202: [GC [PSYoungGen: 463104K->159168K(488960K)] 783265K->596545K(1886720K), 0.1436603 secs] [Times: user=0.61 sys=0.00, real=0.14 secs] 
77.625: [GC [PSYoungGen: 437696K->170816K(481280K)] 875073K->701441K(1879040K), 0.1355515 secs] [Times: user=0.50 sys=0.00, real=0.14 secs] 
78.051: [GC [PSYoungGen: 450880K->168960K(485888K)] 981505K->787521K(1883648K), 0.1329386 secs] [Times: user=0.48 sys=0.00, real=0.13 secs] 
78.467: [GC [PSYoungGen: 449024K->161824K(488960K)] 1067585K->856265K(1886720K), 0.1326452 secs] [Times: user=0.47 sys=0.00, real=0.13 secs] 
78.874: [GC [PSYoungGen: 452640K->148800K(492032K)] 1147081K->931929K(1889792K), 0.1279290 secs] [Times: user=0.45 sys=0.00, real=0.13 secs] 
79.275: [GC [PSYoungGen: 439616K->151328K(497664K)] 1222745K->1044329K(1895424K), 0.1460378 secs] [Times: user=0.59 sys=0.00, real=0.15 secs] 
79.714: [GC [PSYoungGen: 447264K->182624K(478720K)] 1340265K->1174405K(1876480K), 0.1632245 secs] [Times: user=0.53 sys=0.00, real=0.16 secs] 
80.183: [GC [PSYoungGen: 478560K->175136K(496640K)] 1470341K->1261549K(1894400K), 0.1534284 secs] [Times: user=0.51 sys=0.00, real=0.15 secs] 
80.584: [GC [PSYoungGen: 468000K->25166K(318464K)] 1554413K->1275083K(1716224K), 0.1231243 secs] [Times: user=0.48 sys=0.00, real=0.12 secs] 
80.707: [Full GC [PSYoungGen: 25166K->0K(318464K)] [ParOldGen: 1249917K->174209K(1397760K)] 1275083K->174209K(1716224K) [PSPermGen: 7254K->7252K(21504K)], 0.7492752 secs] [Times: user=2.70 sys=0.00, real=0.75 secs] 
81.734: [GC [PSYoungGen: 292864K->189420K(463872K)] 467073K->363629K(1861632K), 0.0915491 secs] [Times: user=0.33 sys=0.00, real=0.09 secs] 
82.073: [GC [PSYoungGen: 429036K->173088K(469504K)] 603245K->492749K(1867264K), 0.1711751 secs] [Times: user=0.69 sys=0.00, real=0.17 secs] 
82.480: [GC [PSYoungGen: 412704K->96800K(462848K)] 732365K->572789K(1860608K), 0.1532722 secs] [Times: user=0.61 sys=0.00, real=0.15 secs] 
82.879: [GC [PSYoungGen: 331296K->208256K(442880K)] 807285K->765045K(1840640K), 0.1501882 secs] [Times: user=0.58 sys=0.00, real=0.15 secs] 
83.287: [GC [PSYoungGen: 442752K->147484K(466432K)] 999541K->869537K(1864192K), 0.2583621 secs] [Times: user=0.64 sys=0.00, real=0.26 secs] 
83.782: [GC [PSYoungGen: 380956K->170176K(466432K)] 1103009K->1008525K(1864192K), 0.1529506 secs] [Times: user=0.61 sys=0.00, real=0.15 secs] 
84.179: [GC [PSYoungGen: 403648K->172672K(465408K)] 1241997K->1134965K(1863168K), 0.1744401 secs] [Times: user=0.59 sys=0.00, real=0.17 secs] 
84.598: [GC [PSYoungGen: 406144K->144768K(378368K)] 1368437K->1235357K(1776128K), 0.1532995 secs] [Times: user=0.55 sys=0.00, real=0.15 secs] 
84.994: [GC [PSYoungGen: 378240K->181984K(461312K)] 1468829K->1381501K(1859072K), 0.1536369 secs] [Times: user=0.62 sys=0.00, real=0.15 secs] 
85.380: [GC [PSYoungGen: 415456K->118816K(462848K)] 1614973K->1469501K(1860608K), 0.1520448 secs] [Times: user=0.56 sys=0.00, real=0.15 secs] 
85.532: [Full GC [PSYoungGen: 118816K->0K(462848K)] [ParOldGen: 1350685K->161442K(1397760K)] 1469501K->161442K(1860608K) [PSPermGen: 7305K->7304K(21504K)], 0.6394569 secs] [Times: user=2.20 sys=0.02, real=0.64 secs] 
86.401: [GC [PSYoungGen: 233472K->166752K(463360K)] 394914K->328194K(1861120K), 0.0779548 secs] [Times: user=0.31 sys=0.00, real=0.08 secs] 
86.719: [GC [PSYoungGen: 406880K->178400K(466432K)] 568322K->476346K(1864192K), 0.1702389 secs] [Times: user=0.64 sys=0.00, real=0.17 secs] 
87.125: [GC [PSYoungGen: 418528K->154624K(462336K)] 716474K->584674K(1860096K), 0.1563964 secs] [Times: user=0.62 sys=0.00, real=0.16 secs] 
87.531: [GC [PSYoungGen: 400896K->155072K(467456K)] 830946K->703322K(1865216K), 0.1558983 secs] [Times: user=0.59 sys=0.00, real=0.16 secs] 
87.942: [GC [PSYoungGen: 401344K->183456K(474112K)] 949594K->839426K(1871872K), 0.1553851 secs] [Times: user=0.59 sys=0.00, real=0.16 secs] 
88.961: [GC [PSYoungGen: 442016K->54926K(313856K)] 1097986K->877040K(1711616K), 0.1368347 secs] [Times: user=0.56 sys=0.00, real=0.14 secs] 
89.368: [GC [PSYoungGen: 313486K->192032K(464896K)] 1135600K->1050722K(1862656K), 0.1085161 secs] [Times: user=0.42 sys=0.00, real=0.11 secs] 
89.715: [GC [PSYoungGen: 425504K->167200K(466432K)] 1284194K->1170450K(1864192K), 0.1702482 secs] [Times: user=0.69 sys=0.00, real=0.17 secs] 
90.129: [GC [PSYoungGen: 400672K->167488K(463360K)] 1403922K->1285658K(1861120K), 0.1507369 secs] [Times: user=0.62 sys=0.00, real=0.15 secs] 
90.529: [GC [PSYoungGen: 400960K->152448K(386048K)] 1519130K->1395010K(1783808K), 0.1489294 secs] [Times: user=0.55 sys=0.00, real=0.15 secs] 
90.678: [Full GC [PSYoungGen: 152448K->0K(386048K)] [ParOldGen: 1242562K->171430K(1397760K)] 1395010K->171430K(1783808K) [PSPermGen: 7318K->7318K(21504K)], 0.7021621 secs] [Times: user=2.23 sys=0.00, real=0.70 secs] 
91.635: [GC [PSYoungGen: 233472K->172320K(463872K)] 404902K->343750K(1861632K), 0.0828351 secs] [Times: user=0.28 sys=0.00, real=0.08 secs] 
91.960: [GC [PSYoungGen: 411424K->174592K(462848K)] 582854K->484678K(1860608K), 0.1801655 secs] [Times: user=0.62 sys=0.00, real=0.18 secs] 
92.392: [GC [PSYoungGen: 413696K->152800K(466944K)] 723782K->594310K(1864704K), 0.1509380 secs] [Times: user=0.59 sys=0.00, real=0.15 secs] 
92.804: [GC [PSYoungGen: 405216K->177536K(470528K)] 846726K->725958K(1868288K), 0.1589891 secs] [Times: user=0.58 sys=0.00, real=0.16 secs] 
93.233: [GC [PSYoungGen: 429952K->141920K(477184K)] 978374K->824358K(1874944K), 0.1724901 secs] [Times: user=0.59 sys=0.00, real=0.17 secs] 
93.671: [GC [PSYoungGen: 404064K->154368K(478720K)] 1086502K->957302K(1876480K), 0.1510298 secs] [Times: user=0.56 sys=0.00, real=0.15 secs] 
94.093: [GC [PSYoungGen: 416512K->186912K(474112K)] 1219446K->1105822K(1871872K), 0.1702652 secs] [Times: user=0.64 sys=0.00, real=0.17 secs] 
94.535: [GC [PSYoungGen: 449568K->150880K(479232K)] 1368478K->1194942K(1876992K), 0.1511581 secs] [Times: user=0.53 sys=0.02, real=0.15 secs] 
94.957: [GC [PSYoungGen: 413536K->179168K(482304K)] 1457598K->1320382K(1880064K), 0.1474887 secs] [Times: user=0.55 sys=0.00, real=0.15 secs] 
95.394: [GC [PSYoungGen: 448480K->153152K(422912K)] 1589694K->1408046K(1820672K), 0.1468668 secs] [Times: user=0.55 sys=0.00, real=0.15 secs] 
95.541: [Full GC [PSYoungGen: 153152K->0K(422912K)] [ParOldGen: 1254894K->167280K(1397760K)] 1408046K->167280K(1820672K) [PSPermGen: 7337K->7337K(21504K)], 0.6644807 secs] [Times: user=2.35 sys=0.00, real=0.66 secs] 
96.479: [GC [PSYoungGen: 269312K->124384K(480768K)] 436592K->291664K(1878528K), 0.0580477 secs] [Times: user=0.25 sys=0.00, real=0.06 secs] 
96.815: [GC [PSYoungGen: 394208K->208864K(478720K)] 561488K->473928K(1876480K), 0.1523001 secs] [Times: user=0.62 sys=0.00, real=0.15 secs] 
97.257: [GC [PSYoungGen: 478688K->163980K(479232K)] 743752K->567508K(1876992K), 0.1846043 secs] [Times: user=0.67 sys=0.00, real=0.18 secs] 
97.698: [GC [PSYoungGen: 422540K->137056K(395776K)] 826068K->654264K(1793536K), 0.1491972 secs] [Times: user=0.53 sys=0.00, real=0.15 secs] 
98.116: [GC [PSYoungGen: 395616K->193184K(467456K)] 912824K->806080K(1865216K), 0.1457943 secs] [Times: user=0.56 sys=0.00, real=0.15 secs] 
98.531: [GC [PSYoungGen: 442016K->117920K(367104K)] 1054912K->884584K(1764864K), 0.1603274 secs] [Times: user=0.58 sys=0.00, real=0.16 secs] 
98.947: [GC [PSYoungGen: 366752K->193600K(460288K)] 1133416K->1047368K(1858048K), 0.1404816 secs] [Times: user=0.56 sys=0.00, real=0.14 secs] 
99.336: [GC [PSYoungGen: 427072K->148032K(466432K)] 1280840K->1152176K(1864192K), 0.1768182 secs] [Times: user=0.69 sys=0.00, real=0.18 secs] 
99.753: [GC [PSYoungGen: 381504K->175616K(461824K)] 1385648K->1292008K(1859584K), 0.1490628 secs] [Times: user=0.61 sys=0.00, real=0.15 secs] 
100.142: [GC [PSYoungGen: 413696K->127584K(464896K)] 1530088K->1389712K(1862656K), 0.1483053 secs] [Times: user=0.62 sys=0.00, real=0.15 secs] 
100.291: [Full GC [PSYoungGen: 127584K->0K(464896K)] [ParOldGen: 1262128K->164024K(1397760K)] 1389712K->164024K(1862656K) [PSPermGen: 7340K->7340K(21504K)], 0.6460888 secs] [Times: user=2.23 sys=0.01, real=0.65 secs] 
101.188: [GC [PSYoungGen: 238080K->193888K(460800K)] 402104K->357912K(1858560K), 0.0928435 secs] [Times: user=0.34 sys=0.00, real=0.09 secs] 
101.532: [GC [PSYoungGen: 428384K->157952K(466944K)] 592408K->481448K(1864704K), 0.1817621 secs] [Times: user=0.69 sys=0.00, real=0.18 secs] 
101.957: [GC [PSYoungGen: 392448K->171200K(460800K)] 715944K->608840K(1858560K), 0.1489175 secs] [Times: user=0.61 sys=0.00, real=0.15 secs] 
102.351: [GC [PSYoungGen: 411840K->132256K(463872K)] 849480K->708576K(1861632K), 0.1478056 secs] [Times: user=0.55 sys=0.00, real=0.15 secs] 
102.735: [GC [PSYoungGen: 372896K->161568K(464384K)] 949216K->842920K(1862144K), 0.1528819 secs] [Times: user=0.56 sys=0.00, real=0.15 secs] 
103.137: [GC [PSYoungGen: 415008K->169504K(470528K)] 1096360K->976280K(1868288K), 0.1870710 secs] [Times: user=0.59 sys=0.00, real=0.19 secs] 
103.572: [GC [PSYoungGen: 422944K->121408K(482304K)] 1229720K->1064904K(1880064K), 0.1614192 secs] [Times: user=0.50 sys=0.00, real=0.16 secs] 
103.997: [GC [PSYoungGen: 388672K->175936K(443392K)] 1332168K->1217640K(1841152K), 0.1403174 secs] [Times: user=0.55 sys=0.00, real=0.14 secs] 
104.416: [GC [PSYoungGen: 443200K->168928K(484352K)] 1484904K->1340968K(1882112K), 0.1678130 secs] [Times: user=0.65 sys=0.00, real=0.17 secs] 
104.856: [GC [PSYoungGen: 436192K->164096K(431616K)] 1608232K->1438760K(1829376K), 0.1401234 secs] [Times: user=0.55 sys=0.00, real=0.14 secs] 
104.996: [Full GC [PSYoungGen: 164096K->0K(431616K)] [ParOldGen: 1274664K->160603K(1397760K)] 1438760K->160603K(1829376K) [PSPermGen: 7340K->7340K(21504K)], 0.6542527 secs] [Times: user=2.34 sys=0.00, real=0.65 secs] 
105.937: [GC [PSYoungGen: 267264K->211456K(450048K)] 427867K->386947K(1847808K), 0.1063250 secs] [Times: user=0.38 sys=0.00, real=0.11 secs] 
106.295: [GC [PSYoungGen: 450048K->165600K(468992K)] 625539K->509555K(1866752K), 0.1906794 secs] [Times: user=0.76 sys=0.00, real=0.19 secs] 
106.730: [GC [PSYoungGen: 404192K->167616K(452608K)] 748147K->628763K(1850368K), 0.1553181 secs] [Times: user=0.44 sys=0.00, real=0.16 secs] 
107.139: [GC [PSYoungGen: 412352K->167072K(463872K)] 873499K->739107K(1861632K), 0.1562671 secs] [Times: user=0.56 sys=0.00, real=0.16 secs] 
107.558: [GC [PSYoungGen: 411808K->150176K(471040K)] 983843K->833043K(1868800K), 0.1484852 secs] [Times: user=0.59 sys=0.00, real=0.15 secs] 
107.978: [GC [PSYoungGen: 416416K->156832K(478208K)] 1099283K->952923K(1875968K), 0.1528168 secs] [Times: user=0.53 sys=0.00, real=0.15 secs] 
108.407: [GC [PSYoungGen: 423072K->137856K(484352K)] 1219163K->1065227K(1882112K), 0.1569175 secs] [Times: user=0.56 sys=0.00, real=0.16 secs] 
108.842: [GC [PSYoungGen: 416384K->158400K(487424K)] 1343755K->1192643K(1885184K), 0.1377545 secs] [Times: user=0.51 sys=0.00, real=0.14 secs] 
109.282: [GC [PSYoungGen: 436928K->191548K(481280K)] 1471171K->1341319K(1879040K), 0.1644824 secs] [Times: user=0.59 sys=0.00, real=0.16 secs] 
109.707: [GC [PSYoungGen: 468028K->91072K(367616K)] 1617799K->1397043K(1765376K), 0.1893696 secs] [Times: user=0.53 sys=0.00, real=0.19 secs] 
109.897: [Full GC [PSYoungGen: 91072K->0K(367616K)] [ParOldGen: 1305971K->165756K(1397760K)] 1397043K->165756K(1765376K) [PSPermGen: 7345K->7345K(21504K)], 0.6580615 secs] [Times: user=2.28 sys=0.00, real=0.66 secs] 
110.824: [GC [PSYoungGen: 276480K->159904K(485376K)] 442236K->325660K(1883136K), 0.1408626 secs] [Times: user=0.25 sys=0.00, real=0.14 secs] 
111.264: [GC [PSYoungGen: 425632K->199488K(465408K)] 591388K->489804K(1863168K), 0.1747095 secs] [Times: user=0.67 sys=0.00, real=0.17 secs] 
111.701: [GC [PSYoungGen: 465216K->155680K(480256K)] 755532K->582004K(1878016K), 0.1688538 secs] [Times: user=0.64 sys=0.00, real=0.17 secs] 
112.137: [GC [PSYoungGen: 411680K->174880K(431104K)] 838004K->696012K(1828864K), 0.1384111 secs] [Times: user=0.55 sys=0.00, real=0.14 secs] 
112.542: [GC [PSYoungGen: 430880K->152160K(477696K)] 952012K->781396K(1875456K), 0.1385993 secs] [Times: user=0.56 sys=0.00, real=0.14 secs] 
112.943: [GC [PSYoungGen: 411744K->166048K(474112K)] 1040980K->895212K(1871872K), 0.1403941 secs] [Times: user=0.55 sys=0.00, real=0.14 secs] 
113.367: [GC [PSYoungGen: 425632K->164064K(480768K)] 1154796K->1008068K(1878528K), 0.1497267 secs] [Times: user=0.56 sys=0.00, real=0.15 secs] 
113.785: [GC [PSYoungGen: 434912K->148128K(477696K)] 1278916K->1115412K(1875456K), 0.1453867 secs] [Times: user=0.56 sys=0.00, real=0.15 secs] 
114.205: [GC [PSYoungGen: 418976K->146816K(489472K)] 1386260K->1231740K(1887232K), 0.1452655 secs] [Times: user=0.58 sys=0.00, real=0.15 secs] 
114.641: [GC [PSYoungGen: 431488K->146112K(487424K)] 1516412K->1348212K(1885184K), 0.1505266 secs] [Times: user=0.51 sys=0.00, real=0.15 secs] 
115.084: [GC [PSYoungGen: 430784K->194848K(480256K)] 1632884K->1494196K(1878016K), 0.1513316 secs] [Times: user=0.61 sys=0.00, real=0.15 secs] 
115.235: [Full GC [PSYoungGen: 194848K->0K(480256K)] [ParOldGen: 1299348K->168240K(1397760K)] 1494196K->168240K(1878016K) [PSPermGen: 7348K->7348K(21504K)], 0.7576614 secs] [Times: user=2.47 sys=0.00, real=0.76 secs] 
116.312: [GC [PSYoungGen: 279552K->116416K(396288K)] 447792K->284656K(1794048K), 0.0958233 secs] [Times: user=0.20 sys=0.00, real=0.10 secs] 
116.694: [GC [PSYoungGen: 395968K->201696K(464896K)] 564208K->464776K(1862656K), 0.1953029 secs] [Times: user=0.62 sys=0.00, real=0.20 secs] 
117.150: [GC [PSYoungGen: 453600K->163616K(475648K)] 716680K->570088K(1873408K), 0.1860331 secs] [Times: user=0.67 sys=0.00, real=0.19 secs] 
117.616: [GC [PSYoungGen: 415520K->121344K(472576K)] 821992K->661968K(1870336K), 0.1399916 secs] [Times: user=0.55 sys=0.00, real=0.14 secs] 
118.001: [GC [PSYoungGen: 378368K->69088K(326144K)] 918992K->722920K(1723904K), 0.1353896 secs] [Times: user=0.33 sys=0.00, real=0.14 secs] 
118.395: [GC [PSYoungGen: 326112K->95072K(467968K)] 979944K->806128K(1865728K), 0.0812283 secs] [Times: user=0.31 sys=0.00, real=0.08 secs] 
118.726: [GC [PSYoungGen: 334688K->203008K(442880K)] 1045744K->992504K(1840640K), 0.1491423 secs] [Times: user=0.58 sys=0.00, real=0.15 secs] 
119.117: [GC [PSYoungGen: 442624K->155456K(466432K)] 1232120K->1095200K(1864192K), 0.1775542 secs] [Times: user=0.70 sys=0.00, real=0.18 secs] 
119.542: [GC [PSYoungGen: 388928K->152480K(386048K)] 1328672K->1208264K(1783808K), 0.1502074 secs] [Times: user=0.56 sys=0.00, real=0.15 secs] 
119.930: [GC [PSYoungGen: 385952K->171680K(461824K)] 1441736K->1346088K(1859584K), 0.1567783 secs] [Times: user=0.58 sys=0.00, real=0.16 secs] 
120.337: [GC [PSYoungGen: 405152K->152928K(461824K)] 1579560K->1464608K(1859584K), 0.1589948 secs] [Times: user=0.62 sys=0.00, real=0.16 secs] 
120.497: [Full GC [PSYoungGen: 152928K->0K(461824K)] [ParOldGen: 1311680K->168171K(1397760K)] 1464608K->168171K(1859584K) [PSPermGen: 7349K->7349K(21504K)], 0.6728086 secs] [Times: user=2.40 sys=0.00, real=0.67 secs] 
121.409: [GC [PSYoungGen: 233472K->163456K(466944K)] 401643K->331627K(1864704K), 0.0760981 secs] [Times: user=0.31 sys=0.00, real=0.08 secs] 
121.739: [GC [PSYoungGen: 409216K->189216K(463872K)] 577387K->487611K(1861632K), 0.1665856 secs] [Times: user=0.62 sys=0.00, real=0.17 secs] 
122.156: [GC [PSYoungGen: 434976K->163520K(476672K)] 733371K->595675K(1874432K), 0.1657412 secs] [Times: user=0.67 sys=0.00, real=0.17 secs] 
122.590: [GC [PSYoungGen: 416960K->156480K(410112K)] 849115K->700467K(1807872K), 0.1455044 secs] [Times: user=0.48 sys=0.00, real=0.14 secs] 
122.996: [GC [PSYoungGen: 409920K->176544K(468480K)] 953907K->822931K(1866240K), 0.1607652 secs] [Times: user=0.53 sys=0.00, real=0.16 secs] 
123.438: [GC [PSYoungGen: 430496K->109504K(470016K)] 1076883K->898363K(1867776K), 0.1483832 secs] [Times: user=0.56 sys=0.00, real=0.15 secs] 
123.835: [GC [PSYoungGen: 363456K->133696K(480768K)] 1152315K->1020867K(1878528K), 0.1327516 secs] [Times: user=0.44 sys=0.00, real=0.13 secs] 
124.250: [GC [PSYoungGen: 398400K->155136K(419840K)] 1285571K->1153131K(1817600K), 0.1444611 secs] [Times: user=0.51 sys=0.02, real=0.14 secs] 
124.648: [GC [PSYoungGen: 419840K->103776K(475136K)] 1417835K->1235931K(1872896K), 0.1387802 secs] [Times: user=0.53 sys=0.00, real=0.14 secs] 
125.046: [GC [PSYoungGen: 368480K->109056K(477696K)] 1500635K->1326923K(1875456K), 0.1119783 secs] [Times: user=0.45 sys=0.00, real=0.11 secs] 
125.411: [GC [PSYoungGen: 373760K->71648K(475648K)] 1591627K->1390467K(1873408K), 0.0999067 secs] [Times: user=0.36 sys=0.00, real=0.10 secs] 
125.511: [Full GC [PSYoungGen: 71648K->0K(475648K)] [ParOldGen: 1318819K->167555K(1397760K)] 1390467K->167555K(1873408K) [PSPermGen: 7350K->7350K(21504K)], 0.6261855 secs] [Times: user=2.18 sys=0.00, real=0.63 secs] 
126.402: [GC [PSYoungGen: 262144K->139040K(401408K)] 429699K->306595K(1799168K), 0.0646279 secs] [Times: user=0.30 sys=0.00, real=0.06 secs] 
126.736: [GC [PSYoungGen: 401184K->175776K(472064K)] 568739K->460675K(1869824K), 0.1598877 secs] [Times: user=0.58 sys=0.00, real=0.16 secs] 
127.158: [GC [PSYoungGen: 436384K->150656K(478720K)] 721283K->580451K(1876480K), 0.1646597 secs] [Times: user=0.58 sys=0.00, real=0.16 secs] 
127.582: [GC [PSYoungGen: 411264K->73792K(476160K)] 841059K->642827K(1873920K), 0.1248918 secs] [Times: user=0.48 sys=0.00, real=0.13 secs] 
127.963: [GC [PSYoungGen: 335936K->159456K(421888K)] 904971K->787803K(1819648K), 0.1342949 secs] [Times: user=0.45 sys=0.00, real=0.13 secs] 
128.361: [GC [PSYoungGen: 421600K->114912K(484352K)] 1049947K->884531K(1882112K), 0.1689455 secs] [Times: user=0.58 sys=0.00, real=0.17 secs] 
128.788: [GC [PSYoungGen: 380128K->145376K(410624K)] 1149747K->1011739K(1808384K), 0.1283517 secs] [Times: user=0.55 sys=0.00, real=0.13 secs] 
129.184: [GC [PSYoungGen: 410592K->145728K(480256K)] 1276955K->1135843K(1878016K), 0.1937573 secs] [Times: user=0.50 sys=0.00, real=0.19 secs] 
129.644: [GC [PSYoungGen: 415040K->119648K(476160K)] 1405155K->1237595K(1873920K), 0.1353770 secs] [Times: user=0.56 sys=0.00, real=0.13 secs] 
130.056: [GC [PSYoungGen: 388960K->192384K(467968K)] 1506907K->1401563K(1865728K), 0.1456215 secs] [Times: user=0.55 sys=0.00, real=0.15 secs] 
130.480: [GC [PSYoungGen: 457600K->28384K(293888K)] 1666779K->1421579K(1691648K), 0.1763076 secs] [Times: user=0.53 sys=0.02, real=0.18 secs] 
130.656: [Full GC [PSYoungGen: 28384K->0K(293888K)] [ParOldGen: 1393195K->166887K(1397760K)] 1421579K->166887K(1691648K) [PSPermGen: 7350K->7350K(21504K)], 0.6511375 secs] [Times: user=2.29 sys=0.00, real=0.65 secs] 
131.611: [GC [PSYoungGen: 265216K->225568K(462336K)] 432103K->392455K(1860096K), 0.1765209 secs] [Times: user=0.48 sys=0.00, real=0.18 secs] 
132.024: [GC [PSYoungGen: 459040K->153792K(466432K)] 625927K->496351K(1864192K), 0.1949844 secs] [Times: user=0.69 sys=0.00, real=0.19 secs] 
132.467: [GC [PSYoungGen: 387264K->142336K(466432K)] 729823K->609703K(1864192K), 0.1499836 secs] [Times: user=0.59 sys=0.00, real=0.15 secs] 
132.858: [GC [PSYoungGen: 375808K->178272K(466432K)] 843175K->758615K(1864192K), 0.1517854 secs] [Times: user=0.62 sys=0.00, real=0.15 secs] 
133.270: [GC [PSYoungGen: 411744K->166592K(466432K)] 992087K->880239K(1864192K), 0.1696687 secs] [Times: user=0.64 sys=0.00, real=0.17 secs] 
133.667: [GC [PSYoungGen: 400064K->152256K(466432K)] 1113711K->994991K(1864192K), 0.1512639 secs] [Times: user=0.62 sys=0.00, real=0.15 secs] 
134.058: [GC [PSYoungGen: 385728K->174816K(466432K)] 1228463K->1130903K(1864192K), 0.1533813 secs] [Times: user=0.61 sys=0.00, real=0.15 secs] 
134.459: [GC [PSYoungGen: 408288K->151904K(385536K)] 1364375K->1242383K(1783296K), 0.1614900 secs] [Times: user=0.61 sys=0.00, real=0.16 secs] 
134.857: [GC [PSYoungGen: 385376K->165536K(462336K)] 1475855K->1373047K(1860096K), 0.1580651 secs] [Times: user=0.58 sys=0.00, real=0.16 secs] 
135.270: [GC [PSYoungGen: 401056K->166592K(460288K)] 1608567K->1500271K(1858048K), 0.1696447 secs] [Times: user=0.66 sys=0.00, real=0.17 secs] 
135.440: [Full GC [PSYoungGen: 166592K->0K(460288K)] [ParOldGen: 1333679K->170289K(1397760K)] 1500271K->170289K(1858048K) [PSPermGen: 7350K->7350K(21504K)], 0.6734933 secs] [Times: user=2.32 sys=0.00, real=0.67 secs] 
136.350: [GC [PSYoungGen: 235520K->157100K(466944K)] 405809K->327389K(1864704K), 0.0777867 secs] [Times: user=0.31 sys=0.00, real=0.08 secs] 
136.687: [GC [PSYoungGen: 408492K->193664K(468992K)] 578781K->489733K(1866752K), 0.1638294 secs] [Times: user=0.62 sys=0.00, real=0.16 secs] 
137.112: [GC [PSYoungGen: 445056K->167072K(476672K)] 741125K->591165K(1874432K), 0.1597710 secs] [Times: user=0.59 sys=0.00, real=0.16 secs] 
137.535: [GC [PSYoungGen: 417952K->146176K(397312K)] 842045K->682357K(1795072K), 0.1458848 secs] [Times: user=0.53 sys=0.00, real=0.15 secs] 
137.941: [GC [PSYoungGen: 397056K->177952K(467968K)] 933237K->811901K(1865728K), 0.1491327 secs] [Times: user=0.45 sys=0.00, real=0.15 secs] 
138.354: [GC [PSYoungGen: 427296K->145600K(469504K)] 1061245K->903821K(1867264K), 0.1479153 secs] [Times: user=0.50 sys=0.00, real=0.15 secs] 
138.758: [GC [PSYoungGen: 394944K->176192K(475648K)] 1153165K->1036957K(1873408K), 0.1485474 secs] [Times: user=0.59 sys=0.00, real=0.15 secs] 
139.173: [GC [PSYoungGen: 435776K->167008K(476672K)] 1296541K->1141141K(1874432K), 0.1545041 secs] [Times: user=0.58 sys=0.00, real=0.15 secs] 
139.605: [GC [PSYoungGen: 426592K->151872K(477184K)] 1400725K->1229933K(1874944K), 0.1406737 secs] [Times: user=0.53 sys=0.00, real=0.14 secs] 
140.022: [GC [PSYoungGen: 420160K->179424K(478720K)] 1498221K->1351149K(1876480K), 0.1460682 secs] [Times: user=0.55 sys=0.00, real=0.15 secs] 
140.450: [GC [PSYoungGen: 447712K->151264K(484864K)] 1619437K->1425877K(1882624K), 0.1425535 secs] [Times: user=0.51 sys=0.00, real=0.14 secs] 
140.592: [Full GC [PSYoungGen: 151264K->0K(484864K)] [ParOldGen: 1274613K->163215K(1397760K)] 1425877K->163215K(1882624K) [PSPermGen: 7351K->7351K(21504K)], 0.6453004 secs] [Times: user=2.31 sys=0.00, real=0.64 secs] 
141.525: [GC [PSYoungGen: 276480K->201632K(478208K)] 439695K->364847K(1875968K), 0.0955834 secs] [Times: user=0.37 sys=0.00, real=0.10 secs] 
141.907: [GC [PSYoungGen: 478112K->180896K(478720K)] 641327K->488935K(1876480K), 0.1775510 secs] [Times: user=0.72 sys=0.00, real=0.18 secs] 
142.355: [GC [PSYoungGen: 439968K->147424K(406528K)] 748007K->556551K(1804288K), 0.1394922 secs] [Times: user=0.53 sys=0.00, real=0.14 secs] 
142.761: [GC [PSYoungGen: 406496K->175040K(479232K)] 815623K->678335K(1876992K), 0.1412042 secs] [Times: user=0.55 sys=0.00, real=0.14 secs] 
143.173: [GC [PSYoungGen: 436160K->165504K(427008K)] 939455K->770023K(1824768K), 0.1541536 secs] [Times: user=0.58 sys=0.00, real=0.15 secs] 
143.594: [GC [PSYoungGen: 426624K->148832K(477696K)] 1031143K->856527K(1875456K), 0.1402635 secs] [Times: user=0.47 sys=0.00, real=0.14 secs] 
144.004: [GC [PSYoungGen: 415072K->183136K(476160K)] 1122767K->988783K(1873920K), 0.1449736 secs] [Times: user=0.56 sys=0.00, real=0.14 secs] 
144.435: [GC [PSYoungGen: 449376K->152608K(486912K)] 1255023K->1076415K(1884672K), 0.1515474 secs] [Times: user=0.59 sys=0.00, real=0.15 secs] 
144.871: [GC [PSYoungGen: 429600K->179872K(486912K)] 1353407K->1195287K(1884672K), 0.1470435 secs] [Times: user=0.62 sys=0.00, real=0.15 secs] 
145.318: [GC [PSYoungGen: 456864K->159424K(484352K)] 1472279K->1273407K(1882112K), 0.1545750 secs] [Times: user=0.55 sys=0.00, real=0.15 secs] 
145.758: [GC [PSYoungGen: 437952K->168320K(486400K)] 1551935K->1361543K(1884160K), 0.1273186 secs] [Times: user=0.47 sys=0.00, real=0.13 secs] 
146.173: [GC [PSYoungGen: 446848K->167648K(486400K)] 1640071K->1439583K(1884160K), 0.1533033 secs] [Times: user=0.55 sys=0.00, real=0.15 secs] 
146.327: [Full GC [PSYoungGen: 167648K->0K(486400K)] [ParOldGen: 1271935K->167597K(1397760K)] 1439583K->167597K(1884160K) [PSPermGen: 7352K->7352K(21504K)], 0.6802156 secs] [Times: user=2.37 sys=0.00, real=0.68 secs] 
147.308: [GC [PSYoungGen: 286638K->184244K(488448K)] 454236K->351841K(1886208K), 0.0973124 secs] [Times: user=0.33 sys=0.00, real=0.10 secs] 
147.693: [GC [PSYoungGen: 470964K->189920K(485376K)] 638561K->490613K(1883136K), 0.1784972 secs] [Times: user=0.73 sys=0.00, real=0.18 secs] 
148.163: [GC [PSYoungGen: 470496K->172224K(489984K)] 771189K->575333K(1887744K), 0.1558184 secs] [Times: user=0.59 sys=0.00, real=0.16 secs] 
148.602: [GC [PSYoungGen: 452800K->142528K(489984K)] 855909K->637013K(1887744K), 0.1283876 secs] [Times: user=0.53 sys=0.00, real=0.13 secs] 
149.025: [GC [PSYoungGen: 426176K->186560K(470528K)] 920661K->759541K(1868288K), 0.1346445 secs] [Times: user=0.48 sys=0.00, real=0.13 secs] 
149.456: [GC [PSYoungGen: 470208K->151648K(489984K)] 1043189K->822285K(1887744K), 0.1401692 secs] [Times: user=0.53 sys=0.00, real=0.14 secs] 
149.887: [GC [PSYoungGen: 431200K->177408K(457216K)] 1101837K->928717K(1854976K), 0.1351679 secs] [Times: user=0.55 sys=0.00, real=0.14 secs] 
150.318: [GC [PSYoungGen: 456960K->155104K(489984K)] 1208269K->995229K(1887744K), 0.1330348 secs] [Times: user=0.50 sys=0.00, real=0.13 secs] 
150.736: [GC [PSYoungGen: 436192K->173088K(488448K)] 1276317K->1097445K(1886208K), 0.1350057 secs] [Times: user=0.53 sys=0.00, real=0.14 secs] 
151.163: [GC [PSYoungGen: 454176K->173088K(489984K)] 1378533K->1179589K(1887744K), 0.1389932 secs] [Times: user=0.51 sys=0.00, real=0.14 secs] 
151.601: [GC [PSYoungGen: 457760K->152480K(488448K)] 1464261K->1241725K(1886208K), 0.1289938 secs] [Times: user=0.47 sys=0.00, real=0.13 secs] 
152.026: [GC [PSYoungGen: 437152K->176448K(493056K)] 1526397K->1342717K(1890816K), 0.1332760 secs] [Times: user=0.50 sys=0.00, real=0.13 secs] 
152.466: [GC [PSYoungGen: 466752K->155296K(493056K)] 1633021K->1404725K(1890816K), 0.1259710 secs] [Times: user=0.47 sys=0.00, real=0.13 secs] 
152.892: [GC [PSYoungGen: 445600K->172928K(495616K)] 1695029K->1498757K(1893376K), 0.1306391 secs] [Times: user=0.55 sys=0.00, real=0.13 secs] 
153.023: [Full GC [PSYoungGen: 172928K->0K(495616K)] [ParOldGen: 1325829K->168094K(1397760K)] 1498757K->168094K(1893376K) [PSPermGen: 7353K->7353K(21504K)], 0.6930928 secs] [Times: user=2.26 sys=0.00, real=0.69 secs] 
154.025: [GC [PSYoungGen: 294912K->200192K(495104K)] 463006K->412350K(1892864K), 0.1239918 secs] [Times: user=0.47 sys=0.00, real=0.12 secs] 
154.455: [GC [PSYoungGen: 495104K->200768K(442880K)] 707262K->566278K(1840640K), 0.2024677 secs] [Times: user=0.75 sys=0.00, real=0.20 secs] 
154.901: [GC [PSYoungGen: 439360K->152224K(468992K)] 804870K->641230K(1866752K), 0.1545997 secs] [Times: user=0.51 sys=0.00, real=0.15 secs] 
155.321: [GC [PSYoungGen: 390816K->164860K(459776K)] 879822K->761635K(1857536K), 0.1646398 secs] [Times: user=0.61 sys=0.00, real=0.16 secs] 
155.727: [GC [PSYoungGen: 404476K->161504K(464896K)] 1001251K->876422K(1862656K), 0.1517764 secs] [Times: user=0.58 sys=0.00, real=0.15 secs] 
156.127: [GC [PSYoungGen: 401120K->172608K(462848K)] 1116038K->1001742K(1860608K), 0.1603088 secs] [Times: user=0.58 sys=0.00, real=0.16 secs] 
156.555: [GC [PSYoungGen: 424512K->151264K(469504K)] 1253646K->1099830K(1867264K), 0.1488335 secs] [Times: user=0.58 sys=0.00, real=0.15 secs] 
156.961: [GC [PSYoungGen: 403168K->172896K(473600K)] 1351734K->1224774K(1871360K), 0.1454746 secs] [Times: user=0.61 sys=0.00, real=0.15 secs] 
157.386: [GC [PSYoungGen: 438112K->158656K(478208K)] 1489990K->1321822K(1875968K), 0.1519938 secs] [Times: user=0.48 sys=0.00, real=0.15 secs] 
157.804: [GC [PSYoungGen: 423872K->165504K(477184K)] 1587038K->1429302K(1874944K), 0.1416596 secs] [Times: user=0.56 sys=0.00, real=0.14 secs] 
157.946: [Full GC [PSYoungGen: 165504K->0K(477184K)] [ParOldGen: 1263798K->168165K(1397760K)] 1429302K->168165K(1874944K) [PSPermGen: 7353K->7353K(21504K)], 0.6930485 secs] [Times: user=2.40 sys=0.00, real=0.69 secs] 
158.923: [GC [PSYoungGen: 275456K->207360K(482816K)] 443621K->387765K(1880576K), 0.1047381 secs] [Times: user=0.42 sys=0.00, real=0.10 secs] 
159.319: [GC [PSYoungGen: 482816K->179264K(477696K)] 663221K->514029K(1875456K), 0.1957022 secs] [Times: user=0.70 sys=0.00, real=0.20 secs] 
159.779: [GC [PSYoungGen: 440384K->165408K(480256K)] 775149K->610973K(1878016K), 0.1476131 secs] [Times: user=0.53 sys=0.00, real=0.15 secs] 
160.199: [GC [PSYoungGen: 426528K->171328K(472064K)] 872093K->712741K(1869824K), 0.1418476 secs] [Times: user=0.55 sys=0.00, real=0.14 secs] 
160.619: [GC [PSYoungGen: 435008K->147968K(476160K)] 976421K->785613K(1873920K), 0.1320820 secs] [Times: user=0.48 sys=0.00, real=0.13 secs] 
161.019: [GC [PSYoungGen: 411648K->172384K(480256K)] 1049293K->904789K(1878016K), 0.1373710 secs] [Times: user=0.55 sys=0.00, real=0.14 secs] 
161.444: [GC [PSYoungGen: 446304K->168352K(483328K)] 1178709K->1010581K(1881088K), 0.1481430 secs] [Times: user=0.52 sys=0.00, real=0.15 secs] 
161.869: [GC [PSYoungGen: 442272K->168032K(483840K)] 1284501K->1108573K(1881600K), 0.1416227 secs] [Times: user=0.51 sys=0.00, real=0.14 secs] 
162.316: [GC [PSYoungGen: 451680K->167036K(486912K)] 1392221K->1191377K(1884672K), 0.1463495 secs] [Times: user=0.56 sys=0.00, real=0.15 secs] 
162.752: [GC [PSYoungGen: 450684K->165184K(490496K)] 1475025K->1265197K(1888256K), 0.1383338 secs] [Times: user=0.44 sys=0.00, real=0.14 secs] 
163.195: [GC [PSYoungGen: 460608K->169344K(493568K)] 1560621K->1339557K(1891328K), 0.1397302 secs] [Times: user=0.47 sys=0.00, real=0.14 secs] 
163.629: [GC [PSYoungGen: 464768K->126368K(494592K)] 1634981K->1392645K(1892352K), 0.1264328 secs] [Times: user=0.48 sys=0.00, real=0.13 secs] 
163.755: [Full GC [PSYoungGen: 126368K->0K(494592K)] [ParOldGen: 1266277K->164691K(1397760K)] 1392645K->164691K(1892352K) [PSPermGen: 7353K->7353K(21504K)], 0.6515676 secs] [Times: user=2.36 sys=0.00, real=0.65 secs] 
164.714: [GC [PSYoungGen: 299008K->200192K(499200K)] 463699K->401083K(1896960K), 0.1209475 secs] [Times: user=0.44 sys=0.00, real=0.12 secs] 
165.141: [GC [PSYoungGen: 499200K->200192K(433664K)] 700091K->566291K(1831424K), 0.2064450 secs] [Times: user=0.81 sys=0.00, real=0.21 secs] 
165.600: [GC [PSYoungGen: 433664K->134048K(466432K)] 799763K->631979K(1864192K), 0.1488986 secs] [Times: user=0.58 sys=0.00, real=0.15 secs] 
165.988: [GC [PSYoungGen: 367520K->174336K(466432K)] 865451K->775363K(1864192K), 0.1449736 secs] [Times: user=0.51 sys=0.00, real=0.14 secs] 
166.389: [GC [PSYoungGen: 407808K->158752K(466432K)] 1008835K->894371K(1864192K), 0.1589734 secs] [Times: user=0.61 sys=0.00, real=0.16 secs] 
166.787: [GC [PSYoungGen: 392224K->168640K(466432K)] 1127843K->1023547K(1864192K), 0.1710763 secs] [Times: user=0.59 sys=0.00, real=0.17 secs] 
167.202: [GC [PSYoungGen: 402112K->167840K(466432K)] 1257019K->1142323K(1864192K), 0.1598162 secs] [Times: user=0.59 sys=0.00, real=0.16 secs] 
167.608: [GC [PSYoungGen: 401312K->144256K(466432K)] 1375795K->1244875K(1864192K), 0.1508373 secs] [Times: user=0.55 sys=0.00, real=0.15 secs] 
167.998: [GC [PSYoungGen: 377728K->174944K(466432K)] 1478347K->1384307K(1864192K), 0.1527344 secs] [Times: user=0.61 sys=0.00, real=0.15 secs] 
168.403: [GC [PSYoungGen: 408416K->159456K(466432K)] 1617779K->1498459K(1864192K), 0.1573114 secs] [Times: user=0.61 sys=0.00, real=0.16 secs] 
168.561: [Full GC [PSYoungGen: 159456K->0K(466432K)] [ParOldGen: 1339003K->166385K(1397760K)] 1498459K->166385K(1864192K) [PSPermGen: 7354K->7354K(21504K)], 0.6738644 secs] [Times: user=2.12 sys=0.00, real=0.67 secs] 
169.489: [GC [PSYoungGen: 233472K->202016K(466432K)] 399857K->368401K(1864192K), 0.1010495 secs] [Times: user=0.39 sys=0.00, real=0.10 secs] 
169.827: [GC [PSYoungGen: 435488K->163872K(466432K)] 601873K->489153K(1864192K), 0.1750376 secs] [Times: user=0.64 sys=0.00, real=0.18 secs] 
170.243: [GC [PSYoungGen: 397344K->165952K(466432K)] 722625K->610225K(1864192K), 0.1542254 secs] [Times: user=0.61 sys=0.00, real=0.15 secs] 
170.640: [GC [PSYoungGen: 399424K->146336K(466432K)] 843697K->720761K(1864192K), 0.1494861 secs] [Times: user=0.59 sys=0.00, real=0.15 secs] 
171.021: [GC [PSYoungGen: 379808K->166624K(400384K)] 954233K->857553K(1798144K), 0.1695273 secs] [Times: user=0.55 sys=0.00, real=0.17 secs] 
171.437: [GC [PSYoungGen: 400096K->119712K(465408K)] 1091025K->954849K(1863168K), 0.1559175 secs] [Times: user=0.55 sys=0.00, real=0.16 secs] 
171.820: [GC [PSYoungGen: 352672K->163200K(396288K)] 1187809K->1099585K(1794048K), 0.1395057 secs] [Times: user=0.53 sys=0.00, real=0.14 secs] 
172.186: [GC [PSYoungGen: 396160K->155744K(467456K)] 1332545K->1226777K(1865216K), 0.1681341 secs] [Times: user=0.64 sys=0.00, real=0.17 secs] 
172.602: [GC [PSYoungGen: 394336K->145952K(462848K)] 1465369K->1341513K(1860608K), 0.1424646 secs] [Times: user=0.55 sys=0.00, real=0.14 secs] 
172.950: [GC [PSYoungGen: 384544K->90432K(461824K)] 1580105K->1414017K(1859584K), 0.1352629 secs] [Times: user=0.48 sys=0.00, real=0.14 secs] 
173.085: [Full GC [PSYoungGen: 90432K->0K(461824K)] [ParOldGen: 1323585K->167151K(1397760K)] 1414017K->167151K(1859584K) [PSPermGen: 7354K->7354K(21504K)], 0.6762149 secs] [Times: user=2.23 sys=0.00, real=0.68 secs] 
173.995: [GC [PSYoungGen: 240128K->115968K(467968K)] 407279K->283119K(1865728K), 0.0692277 secs] [Times: user=0.23 sys=0.00, real=0.07 secs] 
174.308: [GC [PSYoungGen: 356096K->152486K(456192K)] 523247K->422949K(1853952K), 0.1587896 secs] [Times: user=0.50 sys=0.01, real=0.16 secs] 
174.693: [GC [PSYoungGen: 396198K->142272K(463872K)] 666661K->540351K(1861632K), 0.1780793 secs] [Times: user=0.56 sys=0.00, real=0.18 secs] 
175.101: [GC [PSYoungGen: 385984K->154592K(466432K)] 784063K->668887K(1864192K), 0.1875123 secs] [Times: user=0.48 sys=0.00, real=0.19 secs] 
175.538: [GC [PSYoungGen: 418784K->71104K(474112K)] 933079K->724095K(1871872K), 0.1486577 secs] [Times: user=0.51 sys=0.00, real=0.15 secs] 
175.926: [GC [PSYoungGen: 335296K->138464K(482816K)] 988287K->845247K(1880576K), 0.1220957 secs] [Times: user=0.42 sys=0.00, real=0.12 secs] 
176.316: [GC [PSYoungGen: 408288K->142828K(412672K)] 1115071K->959691K(1810432K), 0.1426455 secs] [Times: user=0.51 sys=0.00, real=0.14 secs] 
176.710: [GC [PSYoungGen: 412652K->146304K(483840K)] 1229515K->1078591K(1881600K), 0.1394374 secs] [Times: user=0.56 sys=0.00, real=0.14 secs] 
177.120: [GC [PSYoungGen: 425856K->172608K(479232K)] 1358143K->1217559K(1876992K), 0.1532841 secs] [Times: user=0.53 sys=0.00, real=0.15 secs] 
177.532: [GC [PSYoungGen: 452160K->92256K(487424K)] 1497111K->1286431K(1885184K), 0.1476965 secs] [Times: user=0.51 sys=0.00, real=0.15 secs] 
177.955: [GC [PSYoungGen: 374880K->189824K(472576K)] 1569055K->1452895K(1870336K), 0.1394867 secs] [Times: user=0.50 sys=0.00, real=0.14 secs] 
178.094: [Full GC [PSYoungGen: 189824K->0K(472576K)] [ParOldGen: 1263071K->166135K(1397760K)] 1452895K->166135K(1870336K) [PSPermGen: 7354K->7354K(21504K)], 0.7352677 secs] [Times: user=2.37 sys=0.00, real=0.73 secs] 
179.109: [GC [PSYoungGen: 282624K->140672K(486400K)] 448759K->306807K(1884160K), 0.0868342 secs] [Times: user=0.30 sys=0.00, real=0.09 secs] 
179.454: [GC [PSYoungGen: 407424K->140864K(408064K)] 573559K->425775K(1805824K), 0.1370567 secs] [Times: user=0.53 sys=0.00, real=0.14 secs] 
179.845: [GC [PSYoungGen: 407616K->162912K(473088K)] 692527K->560767K(1870848K), 0.1666549 secs] [Times: user=0.56 sys=0.00, real=0.17 secs] 
180.268: [GC [PSYoungGen: 429152K->161600K(473600K)] 827007K->682887K(1871360K), 0.1521330 secs] [Times: user=0.61 sys=0.00, real=0.15 secs] 
180.662: [GC [PSYoungGen: 427840K->142080K(482816K)] 949127K->786831K(1880576K), 0.1784327 secs] [Times: user=0.51 sys=0.00, real=0.18 secs] 
181.086: [GC [PSYoungGen: 427264K->117216K(487424K)] 1072015K->884895K(1885184K), 0.1429778 secs] [Times: user=0.50 sys=0.00, real=0.14 secs] 
181.486: [GC [PSYoungGen: 402400K->76800K(485376K)] 1170079K->949383K(1883136K), 0.1108840 secs] [Times: user=0.41 sys=0.02, real=0.11 secs] 
181.861: [GC [PSYoungGen: 360448K->181952K(465920K)] 1233031K->1115759K(1863680K), 0.1447770 secs] [Times: user=0.39 sys=0.00, real=0.14 secs] 
182.300: [GC [PSYoungGen: 465600K->165248K(480256K)] 1399407K->1236951K(1878016K), 0.1603499 secs] [Times: user=0.62 sys=0.00, real=0.16 secs] 
182.716: [GC [PSYoungGen: 428416K->143840K(407040K)] 1500119K->1343759K(1804800K), 0.1487270 secs] [Times: user=0.59 sys=0.00, real=0.15 secs] 
183.113: [GC [PSYoungGen: 407008K->157088K(477184K)] 1606927K->1476583K(1874944K), 0.1950922 secs] [Times: user=0.53 sys=0.00, real=0.19 secs] 
183.308: [Full GC [PSYoungGen: 157088K->0K(477184K)] [ParOldGen: 1319495K->163623K(1397760K)] 1476583K->163623K(1874944K) [PSPermGen: 7354K->7354K(21504K)], 0.6856309 secs] [Times: user=2.26 sys=0.00, real=0.69 secs] 
184.270: [GC [PSYoungGen: 266240K->208896K(475136K)] 429863K->376783K(1872896K), 0.1032964 secs] [Times: user=0.36 sys=0.00, real=0.10 secs] 
184.652: [GC [PSYoungGen: 475136K->170624K(470016K)] 643023K->498807K(1867776K), 0.1849664 secs] [Times: user=0.56 sys=0.00, real=0.18 secs] 
185.090: [GC [PSYoungGen: 416384K->168416K(472576K)] 744567K->604159K(1870336K), 0.1434717 secs] [Times: user=0.55 sys=0.00, real=0.14 secs] 
185.491: [GC [PSYoungGen: 414176K->150432K(460800K)] 849919K->698455K(1858560K), 0.1538887 secs] [Times: user=0.53 sys=0.00, real=0.15 secs] 
185.890: [GC [PSYoungGen: 398240K->161344K(466944K)] 946263K->813831K(1864704K), 0.1378103 secs] [Times: user=0.50 sys=0.00, real=0.14 secs] 
186.300: [GC [PSYoungGen: 409152K->165984K(474112K)] 1061639K->933567K(1871872K), 0.1497142 secs] [Times: user=0.59 sys=0.00, real=0.15 secs] 
186.701: [GC [PSYoungGen: 431200K->156480K(478208K)] 1198783K->1047799K(1875968K), 0.1505888 secs] [Times: user=0.53 sys=0.00, real=0.15 secs] 
187.117: [GC [PSYoungGen: 421696K->177312K(482304K)] 1313015K->1166527K(1880064K), 0.1759785 secs] [Times: user=0.64 sys=0.00, real=0.18 secs] 
187.572: [GC [PSYoungGen: 452256K->149984K(484864K)] 1441471K->1253199K(1882624K), 0.1468264 secs] [Times: user=0.50 sys=0.00, real=0.15 secs] 
187.991: [GC [PSYoungGen: 424928K->174656K(486912K)] 1528143K->1376015K(1884672K), 0.1766617 secs] [Times: user=0.59 sys=0.00, real=0.18 secs] 
188.448: [GC [PSYoungGen: 455232K->139168K(488448K)] 1656591K->1465663K(1886208K), 0.1668727 secs] [Times: user=0.52 sys=0.00, real=0.17 secs] 
188.615: [Full GC [PSYoungGen: 139168K->0K(488448K)] [ParOldGen: 1326495K->160625K(1397760K)] 1465663K->160625K(1886208K) [PSPermGen: 7355K->7355K(21504K)], 0.6285541 secs] [Times: user=2.28 sys=0.00, real=0.63 secs] 
189.536: [GC [PSYoungGen: 280576K->196064K(474624K)] 441201K->356689K(1872384K), 0.0993490 secs] [Times: user=0.33 sys=0.02, real=0.10 secs] 
189.909: [GC [PSYoungGen: 464352K->187520K(456192K)] 624977K->497881K(1853952K), 0.1881053 secs] [Times: user=0.72 sys=0.00, real=0.19 secs] 
190.376: [GC [PSYoungGen: 455808K->144896K(481792K)] 766169K->574945K(1879552K), 0.1420576 secs] [Times: user=0.50 sys=0.00, real=0.14 secs] 
190.774: [GC [PSYoungGen: 406528K->166016K(428032K)] 836577K->694609K(1825792K), 0.1348135 secs] [Times: user=0.51 sys=0.00, real=0.13 secs] 
191.158: [GC [PSYoungGen: 427648K->149568K(477696K)] 956241K->804913K(1875456K), 0.1649670 secs] [Times: user=0.56 sys=0.00, real=0.16 secs] 
191.598: [GC [PSYoungGen: 413760K->160512K(475136K)] 1069105K->927417K(1872896K), 0.1535622 secs] [Times: user=0.56 sys=0.00, real=0.15 secs] 
192.019: [GC [PSYoungGen: 424704K->180640K(477696K)] 1191609K->1058841K(1875456K), 0.1609182 secs] [Times: user=0.62 sys=0.00, real=0.16 secs] 
192.461: [GC [PSYoungGen: 452512K->155776K(480768K)] 1330713K->1146753K(1878528K), 0.1450525 secs] [Times: user=0.53 sys=0.00, real=0.14 secs] 
192.869: [GC [PSYoungGen: 427648K->165856K(484864K)] 1418625K->1256945K(1882624K), 0.1456936 secs] [Times: user=0.55 sys=0.00, real=0.15 secs] 
193.314: [GC [PSYoungGen: 451040K->173446K(487424K)] 1542129K->1361175K(1885184K), 0.1519194 secs] [Times: user=0.52 sys=0.00, real=0.15 secs] 
193.750: [GC [PSYoungGen: 458630K->163680K(489984K)] 1646359K->1444281K(1887744K), 0.1346862 secs] [Times: user=0.50 sys=0.00, real=0.13 secs] 
193.885: [Full GC [PSYoungGen: 163680K->0K(489984K)] [ParOldGen: 1280601K->167941K(1397760K)] 1444281K->167941K(1887744K) [PSPermGen: 7355K->7355K(21504K)], 0.6745760 secs] [Times: user=2.45 sys=0.00, real=0.67 secs] 
194.842: [GC [PSYoungGen: 294912K->170720K(493568K)] 462853K->338661K(1891328K), 0.0888688 secs] [Times: user=0.28 sys=0.00, real=0.09 secs] 
195.220: [GC [PSYoungGen: 465632K->190208K(489472K)] 633573K->489917K(1887232K), 0.1873298 secs] [Times: user=0.67 sys=0.00, real=0.19 secs] 
195.688: [GC [PSYoungGen: 482048K->140064K(432128K)] 781757K->576013K(1829888K), 0.1721767 secs] [Times: user=0.67 sys=0.00, real=0.17 secs] 
196.152: [GC [PSYoungGen: 431904K->188192K(485376K)] 867853K->718341K(1883136K), 0.1540538 secs] [Times: user=0.51 sys=0.00, real=0.15 secs] 
196.595: [GC [PSYoungGen: 468768K->160032K(489984K)] 998917K->810501K(1887744K), 0.1694141 secs] [Times: user=0.64 sys=0.00, real=0.17 secs] 
197.045: [GC [PSYoungGen: 440608K->172480K(485376K)] 1091077K->911773K(1883136K), 0.1449104 secs] [Times: user=0.55 sys=0.00, real=0.14 secs] 
197.491: [GC [PSYoungGen: 456128K->158656K(488448K)] 1195421K->987597K(1886208K), 0.1339607 secs] [Times: user=0.55 sys=0.00, real=0.13 secs] 
197.899: [GC [PSYoungGen: 442304K->157408K(489984K)] 1271245K->1081957K(1887744K), 0.1313995 secs] [Times: user=0.47 sys=0.00, real=0.13 secs] 
198.343: [GC [PSYoungGen: 449760K->181036K(492544K)] 1374309K->1204649K(1890304K), 0.1635930 secs] [Times: user=0.58 sys=0.00, real=0.16 secs] 
198.797: [GC [PSYoungGen: 473388K->163680K(495616K)] 1497001K->1274757K(1893376K), 0.1337314 secs] [Times: user=0.53 sys=0.00, real=0.13 secs] 
199.232: [GC [PSYoungGen: 460128K->160000K(496128K)] 1571205K->1341837K(1893888K), 0.1211833 secs] [Times: user=0.50 sys=0.00, real=0.12 secs] 
199.658: [GC [PSYoungGen: 456448K->156928K(497152K)] 1638285K->1410589K(1894912K), 0.1258138 secs] [Times: user=0.47 sys=0.00, real=0.13 secs] 
200.094: [GC [PSYoungGen: 459008K->174496K(497664K)] 1712669K->1502333K(1895424K), 0.1327356 secs] [Times: user=0.42 sys=0.00, real=0.13 secs] 
200.227: [Full GC [PSYoungGen: 174496K->0K(497664K)] [ParOldGen: 1327837K->163448K(1397760K)] 1502333K->163448K(1895424K) [PSPermGen: 7355K->7355K(21504K)], 0.6557998 secs] [Times: user=2.18 sys=0.00, real=0.66 secs] 
201.187: [GC [PSYoungGen: 302080K->196096K(465408K)] 465528K->387592K(1863168K), 0.1062073 secs] [Times: user=0.42 sys=0.00, real=0.11 secs] 
201.584: [GC [PSYoungGen: 465408K->177664K(484352K)] 656904K->525736K(1882112K), 0.1880575 secs] [Times: user=0.70 sys=0.00, real=0.19 secs] 
202.040: [GC [PSYoungGen: 446976K->172352K(474112K)] 795048K->640824K(1871872K), 0.1556209 secs] [Times: user=0.59 sys=0.00, real=0.16 secs] 
202.468: [GC [PSYoungGen: 443712K->135904K(480256K)] 912184K->728760K(1878016K), 0.1444223 secs] [Times: user=0.55 sys=0.00, real=0.14 secs] 
202.892: [GC [PSYoungGen: 407264K->195072K(476672K)] 1000120K->879416K(1874432K), 0.1505086 secs] [Times: user=0.53 sys=0.00, real=0.15 secs] 
203.320: [GC [PSYoungGen: 460288K->157712K(482304K)] 1144632K->953264K(1880064K), 0.1573335 secs] [Times: user=0.55 sys=0.00, real=0.16 secs] 
203.726: [GC [PSYoungGen: 422928K->146752K(478720K)] 1218480K->1051584K(1876480K), 0.1459611 secs] [Times: user=0.51 sys=0.00, real=0.15 secs] 
204.137: [GC [PSYoungGen: 414528K->171008K(481792K)] 1319360K->1178744K(1879552K), 0.1425192 secs] [Times: user=0.58 sys=0.00, real=0.14 secs] 
204.551: [GC [PSYoungGen: 438784K->149280K(483328K)] 1446520K->1285136K(1881088K), 0.1557434 secs] [Times: user=0.59 sys=0.00, real=0.16 secs] 
204.988: [GC [PSYoungGen: 423712K->192576K(484352K)] 1559568K->1426816K(1882112K), 0.1512523 secs] [Times: user=0.61 sys=0.00, real=0.15 secs] 
205.426: [GC [PSYoungGen: 467008K->151776K(485888K)] 1701248K->1500928K(1883648K), 0.1503380 secs] [Times: user=0.59 sys=0.00, real=0.15 secs] 
205.577: [Full GC [PSYoungGen: 151776K->0K(485888K)] [ParOldGen: 1349152K->166851K(1397760K)] 1500928K->166851K(1883648K) [PSPermGen: 7355K->7355K(21504K)], 0.6680840 secs] [Times: user=2.31 sys=0.00, real=0.67 secs] 
206.529: [GC [PSYoungGen: 270848K->209472K(480768K)] 437699K->376323K(1878528K), 0.0994000 secs] [Times: user=0.36 sys=0.00, real=0.10 secs] 
206.905: [GC [PSYoungGen: 480320K->179296K(473600K)] 647171K->495515K(1871360K), 0.1893667 secs] [Times: user=0.72 sys=0.00, real=0.19 secs] 
207.335: [GC [PSYoungGen: 434272K->132460K(387584K)] 750491K->575807K(1785344K), 0.1522174 secs] [Times: user=0.51 sys=0.00, real=0.15 secs] 
207.733: [GC [PSYoungGen: 387436K->166112K(480768K)] 830783K->697859K(1878528K), 0.1352860 secs] [Times: user=0.53 sys=0.00, real=0.14 secs] 
208.130: [GC [PSYoungGen: 423136K->178816K(436224K)] 954883K->824155K(1833984K), 0.1548986 secs] [Times: user=0.55 sys=0.00, real=0.15 secs] 
208.559: [GC [PSYoungGen: 435840K->155712K(477184K)] 1081179K->918443K(1874944K), 0.1524361 secs] [Times: user=0.59 sys=0.00, real=0.15 secs] 
208.980: [GC [PSYoungGen: 415296K->175392K(474624K)] 1178027K->1027939K(1872384K), 0.1428267 secs] [Times: user=0.51 sys=0.00, real=0.14 secs] 
209.393: [GC [PSYoungGen: 434976K->143328K(479744K)] 1287523K->1109307K(1877504K), 0.1439531 secs] [Times: user=0.61 sys=0.00, real=0.14 secs] 
209.808: [GC [PSYoungGen: 410080K->187072K(479744K)] 1376059K->1244699K(1877504K), 0.1525192 secs] [Times: user=0.61 sys=0.00, real=0.15 secs] 
210.230: [GC [PSYoungGen: 453824K->167584K(480256K)] 1511451K->1331451K(1878016K), 0.1464425 secs] [Times: user=0.56 sys=0.00, real=0.15 secs] 
210.655: [GC [PSYoungGen: 437920K->143360K(481792K)] 1601787K->1412227K(1879552K), 0.1335807 secs] [Times: user=0.56 sys=0.00, real=0.13 secs] 
210.789: [Full GC [PSYoungGen: 143360K->0K(481792K)] [ParOldGen: 1268867K->165564K(1397760K)] 1412227K->165564K(1879552K) [PSPermGen: 7355K->7355K(21504K)], 0.6574871 secs] [Times: user=2.31 sys=0.00, real=0.66 secs] 
211.717: [GC [PSYoungGen: 270336K->183616K(483840K)] 435900K->349180K(1881600K), 0.0842181 secs] [Times: user=0.38 sys=0.00, real=0.09 secs] 
212.079: [GC [PSYoungGen: 456000K->195168K(467968K)] 621564K->494652K(1865728K), 0.1780780 secs] [Times: user=0.61 sys=0.00, real=0.18 secs] 
212.539: [GC [PSYoungGen: 467552K->148256K(481280K)] 767036K->571068K(1879040K), 0.1482007 secs] [Times: user=0.59 sys=0.00, real=0.15 secs] 
212.955: [GC [PSYoungGen: 410400K->173152K(435712K)] 833212K->685900K(1833472K), 0.1379338 secs] [Times: user=0.55 sys=0.00, real=0.14 secs] 
213.365: [GC [PSYoungGen: 435296K->154912K(479744K)] 948044K->776772K(1877504K), 0.1484525 secs] [Times: user=0.59 sys=0.00, real=0.15 secs] 
213.780: [GC [PSYoungGen: 419616K->176640K(477184K)] 1041476K->896028K(1874944K), 0.1496629 secs] [Times: user=0.51 sys=0.00, real=0.15 secs] 
214.200: [GC [PSYoungGen: 441344K->166624K(482304K)] 1160732K->982716K(1880064K), 0.1502777 secs] [Times: user=0.52 sys=0.00, real=0.15 secs] 
214.642: [GC [PSYoungGen: 442080K->154432K(482816K)] 1258172K->1059084K(1880576K), 0.1310659 secs] [Times: user=0.50 sys=0.00, real=0.13 secs] 
215.055: [GC [PSYoungGen: 429888K->169888K(487936K)] 1334540K->1153532K(1885696K), 0.1344710 secs] [Times: user=0.55 sys=0.00, real=0.13 secs] 
215.482: [GC [PSYoungGen: 456096K->156448K(489472K)] 1439740K->1229316K(1887232K), 0.1294803 secs] [Times: user=0.45 sys=0.00, real=0.13 secs] 
215.903: [GC [PSYoungGen: 442656K->174016K(495616K)] 1515524K->1326500K(1893376K), 0.1289816 secs] [Times: user=0.45 sys=0.00, real=0.13 secs] 
216.340: [GC [PSYoungGen: 468928K->162524K(495616K)] 1621412K->1400600K(1893376K), 0.1398456 secs] [Times: user=0.51 sys=0.00, real=0.14 secs] 
216.775: [GC [PSYoungGen: 457436K->170080K(497152K)] 1695512K->1483204K(1894912K), 0.1387671 secs] [Times: user=0.45 sys=0.00, real=0.14 secs] 
216.914: [Full GC [PSYoungGen: 170080K->0K(497152K)] [ParOldGen: 1313124K->168673K(1397760K)] 1483204K->168673K(1894912K) [PSPermGen: 7355K->7355K(21504K)], 0.6883888 secs] [Times: user=2.34 sys=0.00, real=0.69 secs] 
217.919: [GC [PSYoungGen: 299520K->196608K(496128K)] 468193K->414225K(1893888K), 0.1278299 secs] [Times: user=0.48 sys=0.00, real=0.13 secs] 
218.364: [GC [PSYoungGen: 496128K->203264K(436736K)] 713745K->580001K(1834496K), 0.2173838 secs] [Times: user=0.72 sys=0.02, real=0.22 secs] 
218.818: [GC [PSYoungGen: 436736K->150304K(466432K)] 813473K->659697K(1864192K), 0.1553046 secs] [Times: user=0.58 sys=0.00, real=0.16 secs] 
219.212: [GC [PSYoungGen: 383776K->166496K(466432K)] 893169K->778945K(1864192K), 0.1411250 secs] [Times: user=0.55 sys=0.00, real=0.14 secs] 
219.594: [GC [PSYoungGen: 399968K->149152K(466432K)] 1012417K->888681K(1864192K), 0.1583255 secs] [Times: user=0.61 sys=0.01, real=0.16 secs] 
219.994: [GC [PSYoungGen: 382624K->176000K(466432K)] 1122153K->1024953K(1864192K), 0.1640144 secs] [Times: user=0.62 sys=0.00, real=0.16 secs] 
220.402: [GC [PSYoungGen: 409472K->136576K(466432K)] 1258425K->1123529K(1864192K), 0.1646504 secs] [Times: user=0.58 sys=0.00, real=0.16 secs] 
220.805: [GC [PSYoungGen: 370048K->176448K(466432K)] 1357001K->1267409K(1864192K), 0.1482055 secs] [Times: user=0.55 sys=0.00, real=0.15 secs] 
221.190: [GC [PSYoungGen: 409920K->163840K(466432K)] 1500881K->1385329K(1864192K), 0.1654185 secs] [Times: user=0.59 sys=0.00, real=0.17 secs] 
221.617: [GC [PSYoungGen: 397312K->152736K(466432K)] 1618801K->1497969K(1864192K), 0.1583916 secs] [Times: user=0.58 sys=0.00, real=0.16 secs] 
221.775: [Full GC [PSYoungGen: 152736K->0K(466432K)] [ParOldGen: 1345233K->165007K(1397760K)] 1497969K->165007K(1864192K) [PSPermGen: 7355K->7355K(21504K)], 0.6557277 secs] [Times: user=2.31 sys=0.00, real=0.66 secs] 
222.672: [GC [PSYoungGen: 233472K->178080K(466432K)] 398479K->343087K(1864192K), 0.0874997 secs] [Times: user=0.23 sys=0.00, real=0.09 secs] 
223.001: [GC [PSYoungGen: 411552K->178848K(466432K)] 576559K->487895K(1864192K), 0.1714423 secs] [Times: user=0.67 sys=0.00, real=0.17 secs] 
223.402: [GC [PSYoungGen: 412320K->127072K(466432K)] 721367K->583815K(1864192K), 0.1616770 secs] [Times: user=0.61 sys=0.00, real=0.16 secs] 
223.796: [GC [PSYoungGen: 360544K->176640K(466432K)] 817287K->733903K(1864192K), 0.1458024 secs] [Times: user=0.55 sys=0.00, real=0.15 secs] 
224.186: [GC [PSYoungGen: 410112K->174176K(408064K)] 967375K->861759K(1805824K), 0.1684923 secs] [Times: user=0.59 sys=0.00, real=0.17 secs] 
224.600: [GC [PSYoungGen: 407648K->145728K(465408K)] 1095231K->964591K(1863168K), 0.1493065 secs] [Times: user=0.61 sys=0.00, real=0.15 secs] 
224.988: [GC [PSYoungGen: 380736K->174016K(463872K)] 1199599K->1101727K(1861632K), 0.1501953 secs] [Times: user=0.61 sys=0.00, real=0.15 secs] 
225.389: [GC [PSYoungGen: 409024K->152864K(467456K)] 1336735K->1213959K(1865216K), 0.1596369 secs] [Times: user=0.59 sys=0.00, real=0.16 secs] 
225.795: [GC [PSYoungGen: 395552K->175456K(464896K)] 1456647K->1349223K(1862656K), 0.1485163 secs] [Times: user=0.55 sys=0.00, real=0.15 secs] 
226.193: [GC [PSYoungGen: 418144K->165120K(472576K)] 1591911K->1459839K(1870336K), 0.1663666 secs] [Times: user=0.61 sys=0.00, real=0.17 secs] 
226.360: [Full GC [PSYoungGen: 165120K->0K(472576K)] [ParOldGen: 1294719K->163783K(1397760K)] 1459839K->163783K(1870336K) [PSPermGen: 7356K->7356K(21504K)], 0.6548467 secs] [Times: user=2.37 sys=0.00, real=0.66 secs] 
227.284: [GC [PSYoungGen: 257024K->203680K(472064K)] 420807K->367463K(1869824K), 0.0976271 secs] [Times: user=0.44 sys=0.00, real=0.10 secs] 
227.645: [GC [PSYoungGen: 460704K->159104K(478720K)] 624487K->488479K(1876480K), 0.1783333 secs] [Times: user=0.73 sys=0.00, real=0.18 secs] 
228.085: [GC [PSYoungGen: 414080K->183456K(438784K)] 743455K->619887K(1836544K), 0.1613239 secs] [Times: user=0.59 sys=0.00, real=0.16 secs] 
228.515: [GC [PSYoungGen: 438432K->156160K(477184K)] 874863K->708511K(1874944K), 0.1516484 secs] [Times: user=0.62 sys=0.00, real=0.15 secs] 
228.928: [GC [PSYoungGen: 413184K->175104K(475136K)] 965535K->825079K(1872896K), 0.1482507 secs] [Times: user=0.55 sys=0.00, real=0.15 secs] 
229.351: [GC [PSYoungGen: 432128K->159452K(478720K)] 1082103K->916907K(1876480K), 0.1497992 secs] [Times: user=0.56 sys=0.00, real=0.15 secs] 
229.766: [GC [PSYoungGen: 423132K->163456K(476160K)] 1180587K->1020271K(1873920K), 0.1465121 secs] [Times: user=0.59 sys=0.00, real=0.15 secs] 
230.185: [GC [PSYoungGen: 427136K->175872K(482816K)] 1283951K->1135639K(1880576K), 0.1528239 secs] [Times: user=0.61 sys=0.00, real=0.17 secs] 
230.627: [GC [PSYoungGen: 449280K->154592K(481280K)] 1409047K->1216399K(1879040K), 0.1470477 secs] [Times: user=0.50 sys=0.00, real=0.16 secs] 
231.053: [GC [PSYoungGen: 428000K->179904K(488448K)] 1489807K->1333079K(1886208K), 0.1480285 secs] [Times: user=0.53 sys=0.00, real=0.15 secs] 
231.497: [GC [PSYoungGen: 461504K->156704K(488960K)] 1614679K->1405415K(1886720K), 0.1470538 secs] [Times: user=0.55 sys=0.00, real=0.15 secs] 
231.909: [GC [PSYoungGen: 438304K->146144K(491520K)] 1687015K->1492487K(1889280K), 0.1675295 secs] [Times: user=0.45 sys=0.00, real=0.17 secs] 
232.076: [Full GC [PSYoungGen: 146144K->0K(491520K)] [ParOldGen: 1346343K->167649K(1397760K)] 1492487K->167649K(1889280K) [PSPermGen: 7360K->7360K(21504K)], 0.8207325 secs] [Times: user=2.32 sys=0.00, real=0.83 secs] 
233.179: [GC [PSYoungGen: 285696K->171712K(491008K)] 453345K->339361K(1888768K), 0.1042057 secs] [Times: user=0.31 sys=0.00, real=0.10 secs] 
233.556: [GC [PSYoungGen: 457408K->118496K(486400K)] 625057K->433889K(1884160K), 0.1530602 secs] [Times: user=0.59 sys=0.00, real=0.15 secs] 
233.969: [GC [PSYoungGen: 401120K->131904K(491008K)] 716513K->549057K(1888768K), 0.1662765 secs] [Times: user=0.45 sys=0.00, real=0.17 secs] 
234.411: [GC [PSYoungGen: 414528K->151008K(483840K)] 831681K->676953K(1881600K), 0.1953651 secs] [Times: user=0.52 sys=0.00, real=0.20 secs] 
234.875: [GC [PSYoungGen: 433632K->178400K(487424K)] 959577K->816657K(1885184K), 0.2078077 secs] [Times: user=0.55 sys=0.00, real=0.21 secs] 
235.356: [GC [PSYoungGen: 461024K->134694K(492032K)] 1099281K->907775K(1889792K), 0.1535955 secs] [Times: user=0.61 sys=0.00, real=0.15 secs] 
235.768: [GC [PSYoungGen: 418854K->148928K(433152K)] 1191935K->1030257K(1830912K), 0.1358251 secs] [Times: user=0.53 sys=0.00, real=0.14 secs] 
236.170: [GC [PSYoungGen: 433088K->160000K(491520K)] 1314417K->1153729K(1889280K), 0.1999620 secs] [Times: user=0.56 sys=0.00, real=0.20 secs] 
236.647: [GC [PSYoungGen: 447744K->138336K(487936K)] 1441473K->1256897K(1885696K), 0.1427382 secs] [Times: user=0.62 sys=0.00, real=0.14 secs] 
237.082: [GC [PSYoungGen: 426080K->198080K(476672K)] 1544641K->1412961K(1874432K), 0.1659455 secs] [Times: user=0.64 sys=0.00, real=0.17 secs] 
237.538: [GC [PSYoungGen: 475584K->156608K(488448K)] 1690465K->1485353K(1886208K), 0.1568906 secs] [Times: user=0.58 sys=0.00, real=0.16 secs] 
237.695: [Full GC [PSYoungGen: 156608K->0K(488448K)] [ParOldGen: 1328745K->166452K(1397760K)] 1485353K->166452K(1886208K) [PSPermGen: 7362K->7362K(21504K)], 0.6694243 secs] [Times: user=2.40 sys=0.00, real=0.67 secs] 
238.650: [GC [PSYoungGen: 277504K->206336K(454144K)] 443956K->391788K(1851904K), 0.1066175 secs] [Times: user=0.42 sys=0.00, real=0.11 secs] 
239.010: [GC [PSYoungGen: 454144K->181088K(473600K)] 639596K->521468K(1871360K), 0.1865674 secs] [Times: user=0.67 sys=0.00, real=0.19 secs] 
239.450: [GC [PSYoungGen: 428896K->144384K(469504K)] 769276K->617100K(1867264K), 0.1524358 secs] [Times: user=0.61 sys=0.00, real=0.15 secs] 
239.857: [GC [PSYoungGen: 392192K->182336K(471552K)] 864908K->753116K(1869312K), 0.1564188 secs] [Times: user=0.59 sys=0.00, real=0.16 secs] 
240.269: [GC [PSYoungGen: 430144K->166752K(464896K)] 1000924K->853732K(1862656K), 0.1512289 secs] [Times: user=0.56 sys=0.00, real=0.15 secs] 
240.685: [GC [PSYoungGen: 418144K->149344K(470016K)] 1105124K->941756K(1867776K), 0.1405554 secs] [Times: user=0.51 sys=0.00, real=0.14 secs] 
241.082: [GC [PSYoungGen: 400736K->176384K(476672K)] 1193148K->1064628K(1874432K), 0.1415515 secs] [Times: user=0.53 sys=0.00, real=0.14 secs] 
241.504: [GC [PSYoungGen: 440576K->157888K(479744K)] 1328820K->1161092K(1877504K), 0.1481077 secs] [Times: user=0.51 sys=0.00, real=0.15 secs] 
241.922: [GC [PSYoungGen: 422080K->169600K(478208K)] 1425284K->1267052K(1875968K), 0.1492443 secs] [Times: user=0.53 sys=0.00, real=0.15 secs] 
242.361: [GC [PSYoungGen: 441472K->160284K(480768K)] 1538924K->1356336K(1878528K), 0.1475205 secs] [Times: user=0.55 sys=0.00, real=0.15 secs] 
242.780: [GC [PSYoungGen: 432156K->172416K(489472K)] 1628208K->1465148K(1887232K), 0.1478768 secs] [Times: user=0.53 sys=0.00, real=0.15 secs] 
242.928: [Full GC [PSYoungGen: 172416K->0K(489472K)] [ParOldGen: 1292732K->171020K(1397760K)] 1465148K->171020K(1887232K) [PSPermGen: 7362K->7362K(21504K)], 0.7015550 secs] [Times: user=2.53 sys=0.00, real=0.70 secs] 
243.924: [GC [PSYoungGen: 285184K->204288K(489472K)] 456204K->379196K(1887232K), 0.1021486 secs] [Times: user=0.41 sys=0.00, real=0.10 secs] 
244.339: [GC [PSYoungGen: 489472K->184652K(475136K)] 664380K->503760K(1872896K), 0.1922182 secs] [Times: user=0.67 sys=0.00, real=0.19 secs] 
244.793: [GC [PSYoungGen: 449868K->156576K(482304K)] 768976K->577964K(1880064K), 0.1376737 secs] [Times: user=0.50 sys=0.00, real=0.14 secs] 
245.201: [GC [PSYoungGen: 421792K->171520K(472064K)] 843180K->680964K(1869824K), 0.1412055 secs] [Times: user=0.56 sys=0.00, real=0.14 secs] 
245.627: [GC [PSYoungGen: 438784K->148864K(478208K)] 948228K->756468K(1875968K), 0.1307866 secs] [Times: user=0.51 sys=0.00, real=0.13 secs] 
246.026: [GC [PSYoungGen: 416128K->177568K(486912K)] 1023732K->881732K(1884672K), 0.1434919 secs] [Times: user=0.53 sys=0.00, real=0.14 secs] 
246.459: [GC [PSYoungGen: 455584K->160672K(487936K)] 1159748K->974132K(1885696K), 0.1460301 secs] [Times: user=0.59 sys=0.00, real=0.15 secs] 
246.888: [GC [PSYoungGen: 438688K->172352K(485888K)] 1252148K->1077636K(1883648K), 0.1407315 secs] [Times: user=0.39 sys=0.00, real=0.14 secs] 
247.326: [GC [PSYoungGen: 454464K->162304K(486912K)] 1359748K->1163308K(1884672K), 0.1384248 secs] [Times: user=0.53 sys=0.00, real=0.14 secs] 
247.739: [GC [PSYoungGen: 444416K->160672K(492032K)] 1445420K->1248940K(1889792K), 0.1437498 secs] [Times: user=0.50 sys=0.00, real=0.14 secs] 
248.180: [GC [PSYoungGen: 453024K->170784K(492544K)] 1541292K->1342404K(1890304K), 0.1308324 secs] [Times: user=0.50 sys=0.00, real=0.13 secs] 
248.601: [GC [PSYoungGen: 463136K->135904K(495104K)] 1634756K->1404884K(1892864K), 0.1394569 secs] [Times: user=0.48 sys=0.00, real=0.14 secs] 
248.741: [Full GC [PSYoungGen: 135904K->0K(495104K)] [ParOldGen: 1268980K->164091K(1397760K)] 1404884K->164091K(1892864K) [PSPermGen: 7364K->7364K(21504K)], 0.6683348 secs] [Times: user=2.29 sys=0.00, real=0.67 secs] 
249.701: [GC [PSYoungGen: 296960K->200704K(497664K)] 461051K->365083K(1895424K), 0.1126563 secs] [Times: user=0.36 sys=0.00, real=0.11 secs] 
250.101: [GC [PSYoungGen: 497664K->175936K(482304K)] 662043K->493227K(1880064K), 0.1955466 secs] [Times: user=0.67 sys=0.00, real=0.19 secs] 
250.576: [GC [PSYoungGen: 456512K->152064K(489984K)] 773803K->589571K(1887744K), 0.1465653 secs] [Times: user=0.59 sys=0.00, real=0.15 secs] 
251.004: [GC [PSYoungGen: 432640K->177792K(488448K)] 870147K->715947K(1886208K), 0.1606164 secs] [Times: user=0.55 sys=0.00, real=0.16 secs] 
251.465: [GC [PSYoungGen: 459904K->163680K(489984K)] 998059K->802627K(1887744K), 0.1503896 secs] [Times: user=0.58 sys=0.00, real=0.15 secs] 
251.899: [GC [PSYoungGen: 445792K->169888K(486912K)] 1084739K->892747K(1884672K), 0.1373963 secs] [Times: user=0.51 sys=0.00, real=0.14 secs] 
252.346: [GC [PSYoungGen: 456608K->169720K(488448K)] 1179467K->977155K(1886208K), 0.1438626 secs] [Times: user=0.56 sys=0.00, real=0.14 secs] 
252.774: [GC [PSYoungGen: 456440K->162528K(494592K)] 1263875K->1050235K(1892352K), 0.1263308 secs] [Times: user=0.50 sys=0.00, real=0.13 secs] 
253.189: [GC [PSYoungGen: 461024K->164896K(495616K)] 1348731K->1136803K(1893376K), 0.1325913 secs] [Times: user=0.48 sys=0.00, real=0.13 secs] 
253.625: [GC [PSYoungGen: 463392K->159232K(500736K)] 1435299K->1216499K(1898496K), 0.1263440 secs] [Times: user=0.50 sys=0.00, real=0.13 secs] 
254.059: [GC [PSYoungGen: 466944K->175584K(500736K)] 1524211K->1319083K(1898496K), 0.1384765 secs] [Times: user=0.55 sys=0.00, real=0.14 secs] 
254.519: [GC [PSYoungGen: 483296K->156544K(505344K)] 1626795K->1378795K(1903104K), 0.1234020 secs] [Times: user=0.50 sys=0.00, real=0.12 secs] 
254.958: [GC [PSYoungGen: 468864K->165888K(478208K)] 1691115K->1454371K(1875968K), 0.1199459 secs] [Times: user=0.50 sys=0.00, real=0.12 secs] 
255.078: [Full GC [PSYoungGen: 165888K->0K(478208K)] [ParOldGen: 1288483K->162551K(1397760K)] 1454371K->162551K(1875968K) [PSPermGen: 7364K->7364K(21504K)], 0.6809070 secs] [Times: user=2.43 sys=0.00, real=0.68 secs] 
256.076: [GC [PSYoungGen: 312320K->190464K(454656K)] 474871K->407943K(1852416K), 0.1276012 secs] [Times: user=0.47 sys=0.00, real=0.13 secs] 
256.473: [GC [PSYoungGen: 454656K->181184K(481792K)] 672135K->562423K(1879552K), 0.2003212 secs] [Times: user=0.73 sys=0.00, real=0.20 secs] 
256.931: [GC [PSYoungGen: 445376K->170048K(473600K)] 826615K->685511K(1871360K), 0.1810860 secs] [Times: user=0.59 sys=0.00, real=0.18 secs] 
257.388: [GC [PSYoungGen: 436288K->161824K(478720K)] 951751K->795431K(1876480K), 0.1493662 secs] [Times: user=0.59 sys=0.00, real=0.15 secs] 
257.807: [GC [PSYoungGen: 428064K->170336K(478208K)] 1061671K->901383K(1875968K), 0.1396025 secs] [Times: user=0.55 sys=0.00, real=0.14 secs] 
258.227: [GC [PSYoungGen: 446304K->167968K(483328K)] 1177351K->990655K(1881088K), 0.1471507 secs] [Times: user=0.52 sys=0.00, real=0.15 secs] 
258.666: [GC [PSYoungGen: 443936K->158048K(488448K)] 1266623K->1068183K(1886208K), 0.1376958 secs] [Times: user=0.51 sys=0.00, real=0.14 secs] 
259.095: [GC [PSYoungGen: 445280K->171680K(491520K)] 1355415K->1160071K(1889280K), 0.1299736 secs] [Times: user=0.55 sys=0.00, real=0.13 secs] 
259.514: [GC [PSYoungGen: 458912K->154944K(494080K)] 1447303K->1231399K(1891840K), 0.1335428 secs] [Times: user=0.53 sys=0.00, real=0.13 secs] 
259.946: [GC [PSYoungGen: 448832K->176352K(494592K)] 1525287K->1329495K(1892352K), 0.1431991 secs] [Times: user=0.52 sys=0.00, real=0.14 secs] 
260.405: [GC [PSYoungGen: 470240K->157728K(497664K)] 1623383K->1383607K(1895424K), 0.1264232 secs] [Times: user=0.48 sys=0.02, real=0.13 secs] 
260.834: [GC [PSYoungGen: 456224K->168672K(467456K)] 1682103K->1462975K(1865216K), 0.1314165 secs] [Times: user=0.47 sys=0.00, real=0.13 secs] 
260.966: [Full GC [PSYoungGen: 168672K->0K(467456K)] [ParOldGen: 1294303K->163925K(1397760K)] 1462975K->163925K(1865216K) [PSPermGen: 7365K->7365K(21504K)], 0.6541709 secs] [Times: user=2.37 sys=0.00, real=0.65 secs] 
261.937: [GC [PSYoungGen: 298496K->196608K(454656K)] 462421K->405205K(1852416K), 0.1339880 secs] [Times: user=0.42 sys=0.00, real=0.13 secs] 
262.356: [GC [PSYoungGen: 454656K->191064K(449536K)] 663253K->557461K(1847296K), 0.2025678 secs] [Times: user=0.58 sys=0.00, real=0.20 secs] 
262.815: [GC [PSYoungGen: 449112K->161472K(479232K)] 815509K->655917K(1876992K), 0.1632447 secs] [Times: user=0.59 sys=0.00, real=0.16 secs] 
263.233: [GC [PSYoungGen: 419008K->167200K(424960K)] 913453K->770909K(1822720K), 0.1639407 secs] [Times: user=0.58 sys=0.00, real=0.16 secs] 
263.671: [GC [PSYoungGen: 424736K->156896K(475648K)] 1028445K->879925K(1873408K), 0.1484499 secs] [Times: user=0.52 sys=0.00, real=0.15 secs] 
264.081: [GC [PSYoungGen: 415456K->170176K(474624K)] 1138485K->998221K(1872384K), 0.1457539 secs] [Times: user=0.55 sys=0.00, real=0.15 secs] 
264.497: [GC [PSYoungGen: 428736K->160672K(480768K)] 1256781K->1102421K(1878528K), 0.1478537 secs] [Times: user=0.56 sys=0.00, real=0.15 secs] 
264.918: [GC [PSYoungGen: 428960K->174016K(478720K)] 1370709K->1210365K(1876480K), 0.1550997 secs] [Times: user=0.56 sys=0.00, real=0.16 secs] 
265.359: [GC [PSYoungGen: 442304K->158182K(484864K)] 1478653K->1290731K(1882624K), 0.1477889 secs] [Times: user=0.58 sys=0.00, real=0.15 secs] 
265.787: [GC [PSYoungGen: 435686K->169792K(483840K)] 1568235K->1387973K(1881600K), 0.1416686 secs] [Times: user=0.51 sys=0.00, real=0.14 secs] 
266.214: [GC [PSYoungGen: 447296K->165216K(490496K)] 1665477K->1467653K(1888256K), 0.1423543 secs] [Times: user=0.48 sys=0.00, real=0.14 secs] 
266.357: [Full GC [PSYoungGen: 165216K->0K(490496K)] [ParOldGen: 1302437K->162705K(1397760K)] 1467653K->162705K(1888256K) [PSPermGen: 7365K->7365K(21504K)], 0.6559775 secs] [Times: user=2.37 sys=0.00, real=0.66 secs] 
267.300: [GC [PSYoungGen: 287744K->197760K(488448K)] 450449K->360465K(1886208K), 0.1075556 secs] [Times: user=0.31 sys=0.00, real=0.11 secs] 
267.704: [GC [PSYoungGen: 485504K->165632K(494080K)] 648209K->485385K(1891840K), 0.1853298 secs] [Times: user=0.72 sys=0.00, real=0.19 secs] 
268.176: [GC [PSYoungGen: 451840K->178592K(464896K)] 771593K->599537K(1862656K), 0.1553264 secs] [Times: user=0.56 sys=0.00, real=0.16 secs] 
268.632: [GC [PSYoungGen: 464800K->160448K(492032K)] 885745K->676641K(1889792K), 0.1337776 secs] [Times: user=0.50 sys=0.00, real=0.13 secs] 
269.056: [GC [PSYoungGen: 447680K->170048K(491008K)] 963873K->763569K(1888768K), 0.1366019 secs] [Times: user=0.53 sys=0.00, real=0.14 secs] 
269.488: [GC [PSYoungGen: 457280K->156192K(492032K)] 1050801K->831489K(1889792K), 0.1221926 secs] [Times: user=0.50 sys=0.00, real=0.12 secs] 
269.899: [GC [PSYoungGen: 447520K->160544K(491520K)] 1122817K->914745K(1889280K), 0.1459877 secs] [Times: user=0.53 sys=0.00, real=0.15 secs] 
270.361: [GC [PSYoungGen: 451872K->169838K(496128K)] 1206073K->1007895K(1893888K), 0.1375207 secs] [Times: user=0.50 sys=0.00, real=0.14 secs] 
270.799: [GC [PSYoungGen: 470382K->171328K(496640K)] 1308439K->1089113K(1894400K), 0.1446375 secs] [Times: user=0.53 sys=0.00, real=0.14 secs] 
271.249: [GC [PSYoungGen: 471872K->169632K(499200K)] 1389657K->1154433K(1896960K), 0.1305897 secs] [Times: user=0.47 sys=0.00, real=0.13 secs] 
271.714: [GC [PSYoungGen: 478367K->158912K(500736K)] 1463169K->1207489K(1898496K), 0.1131852 secs] [Times: user=0.48 sys=0.00, real=0.11 secs] 
272.134: [GC [PSYoungGen: 467648K->169632K(503808K)] 1516225K->1278217K(1901568K), 0.1200338 secs] [Times: user=0.45 sys=0.00, real=0.12 secs] 
272.586: [GC [PSYoungGen: 485536K->164960K(505856K)] 1594121K->1336417K(1903616K), 0.1240611 secs] [Times: user=0.48 sys=0.00, real=0.12 secs] 
273.031: [GC [PSYoungGen: 480864K->169024K(504832K)] 1652321K->1392561K(1902592K), 0.1295300 secs] [Times: user=0.42 sys=0.00, real=0.13 secs] 
273.488: [GC [PSYoungGen: 490048K->158976K(507392K)] 1713585K->1435977K(1905152K), 0.1110598 secs] [Times: user=0.42 sys=0.00, real=0.11 secs] 
273.600: [Full GC [PSYoungGen: 158976K->0K(507392K)] [ParOldGen: 1277001K->167834K(1397760K)] 1435977K->167834K(1905152K) [PSPermGen: 7365K->7365K(21504K)], 0.6890219 secs] [Times: user=2.42 sys=0.00, real=0.69 secs] 
274.626: [GC [PSYoungGen: 321024K->186368K(442368K)] 488858K->436154K(1840128K), 0.1412517 secs] [Times: user=0.56 sys=0.00, real=0.14 secs] 
275.028: [GC [PSYoungGen: 442368K->210912K(466944K)] 692154K->619090K(1864704K), 0.1997028 secs] [Times: user=0.76 sys=0.00, real=0.20 secs] 
275.493: [GC [PSYoungGen: 466912K->151968K(469504K)] 875090K->714698K(1867264K), 0.1681652 secs] [Times: user=0.59 sys=0.00, real=0.17 secs] 
275.908: [GC [PSYoungGen: 391584K->171008K(410624K)] 954314K->832178K(1808384K), 0.1470801 secs] [Times: user=0.61 sys=0.00, real=0.15 secs] 
276.298: [GC [PSYoungGen: 410624K->160928K(467456K)] 1071794K->937106K(1865216K), 0.1590458 secs] [Times: user=0.55 sys=0.00, real=0.16 secs] 
276.704: [GC [PSYoungGen: 402592K->150048K(465408K)] 1178770K->1049714K(1863168K), 0.1471699 secs] [Times: user=0.61 sys=0.00, real=0.15 secs] 
277.099: [GC [PSYoungGen: 391712K->178976K(473088K)] 1291378K->1186234K(1870848K), 0.1642765 secs] [Times: user=0.55 sys=0.00, real=0.16 secs] 
277.528: [GC [PSYoungGen: 431392K->157792K(473088K)] 1438650K->1289098K(1870848K), 0.1520208 secs] [Times: user=0.62 sys=0.00, real=0.15 secs] 
277.942: [GC [PSYoungGen: 410208K->173248K(472576K)] 1541514K->1404050K(1870336K), 0.1523890 secs] [Times: user=0.38 sys=0.01, real=0.15 secs] 
278.368: [GC [PSYoungGen: 433344K->158716K(474624K)] 1664146K->1492006K(1872384K), 0.1461503 secs] [Times: user=0.51 sys=0.00, real=0.15 secs] 
278.515: [Full GC [PSYoungGen: 158716K->0K(474624K)] [ParOldGen: 1333290K->169491K(1397760K)] 1492006K->169491K(1872384K) [PSPermGen: 7366K->7366K(21504K)], 0.6910062 secs] [Times: user=2.42 sys=0.00, real=0.69 secs] 
279.462: [GC [PSYoungGen: 260096K->179968K(482816K)] 429587K->349459K(1880576K), 0.0873118 secs] [Times: user=0.38 sys=0.00, real=0.09 secs] 
279.830: [GC [PSYoungGen: 452352K->195680K(468480K)] 621843K->499747K(1866240K), 0.1897964 secs] [Times: user=0.69 sys=0.00, real=0.19 secs] 
280.294: [GC [PSYoungGen: 468064K->164384K(485376K)] 772131K->576331K(1883136K), 0.1555429 secs] [Times: user=0.56 sys=0.00, real=0.16 secs] 
280.739: [GC [PSYoungGen: 433184K->160224K(429056K)] 845131K->659227K(1826816K), 0.1290268 secs] [Times: user=0.48 sys=0.00, real=0.13 secs] 
281.141: [GC [PSYoungGen: 429024K->165248K(483328K)] 928027K->747659K(1881088K), 0.1272147 secs] [Times: user=0.48 sys=0.00, real=0.13 secs] 
281.555: [GC [PSYoungGen: 436608K->150848K(480768K)] 1019019K->828771K(1878528K), 0.1304572 secs] [Times: user=0.55 sys=0.00, real=0.13 secs] 
281.965: [GC [PSYoungGen: 422208K->182400K(485888K)] 1100131K->947019K(1883648K), 0.1419306 secs] [Times: user=0.55 sys=0.00, real=0.14 secs] 
282.390: [GC [PSYoungGen: 459392K->159232K(486912K)] 1224011K->1024827K(1884672K), 0.1446612 secs] [Times: user=0.55 sys=0.00, real=0.14 secs] 
282.818: [GC [PSYoungGen: 436224K->172800K(485376K)] 1301819K->1118091K(1883136K), 0.1310675 secs] [Times: user=0.56 sys=0.00, real=0.13 secs] 
283.233: [GC [PSYoungGen: 454400K->159616K(486912K)] 1399691K->1184203K(1884672K), 0.1464188 secs] [Times: user=0.51 sys=0.00, real=0.15 secs] 
283.669: [GC [PSYoungGen: 441216K->149216K(493568K)] 1465803K->1263771K(1891328K), 0.1303199 secs] [Times: user=0.48 sys=0.00, real=0.13 secs] 
284.097: [GC [PSYoungGen: 439520K->181312K(493568K)] 1554075K->1388891K(1891328K), 0.1436381 secs] [Times: user=0.53 sys=0.00, real=0.14 secs] 
284.533: [GC [PSYoungGen: 471616K->149600K(494592K)] 1679195K->1446283K(1892352K), 0.1270826 secs] [Times: user=0.50 sys=0.00, real=0.13 secs] 
284.661: [Full GC [PSYoungGen: 149600K->0K(494592K)] [ParOldGen: 1296683K->165295K(1397760K)] 1446283K->165295K(1892352K) [PSPermGen: 7366K->7366K(21504K)], 0.6639391 secs] [Times: user=2.34 sys=0.00, real=0.66 secs] 
285.621: [GC [PSYoungGen: 289280K->204800K(494080K)] 454575K->386551K(1891840K), 0.1262952 secs] [Times: user=0.42 sys=0.00, real=0.13 secs] 
286.044: [GC [PSYoungGen: 494080K->195744K(454144K)] 675831K->524487K(1851904K), 0.1862740 secs] [Times: user=0.73 sys=0.00, real=0.19 secs] 
286.491: [GC [PSYoungGen: 444576K->138496K(387584K)] 773319K->584855K(1785344K), 0.1382417 secs] [Times: user=0.51 sys=0.00, real=0.14 secs] 
286.888: [GC [PSYoungGen: 387328K->183552K(474112K)] 833687K->716855K(1871872K), 0.1382369 secs] [Times: user=0.56 sys=0.00, real=0.14 secs] 
287.278: [GC [PSYoungGen: 431360K->161088K(409088K)] 964663K->806983K(1806848K), 0.1564583 secs] [Times: user=0.55 sys=0.00, real=0.16 secs] 
287.695: [GC [PSYoungGen: 408896K->152992K(471552K)] 1054791K->905215K(1869312K), 0.1372340 secs] [Times: user=0.55 sys=0.00, real=0.14 secs] 
288.088: [GC [PSYoungGen: 402848K->176576K(469504K)] 1155071K->1030159K(1867264K), 0.1459656 secs] [Times: user=0.56 sys=0.00, real=0.15 secs] 
288.500: [GC [PSYoungGen: 426432K->148512K(476672K)] 1280015K->1123615K(1874432K), 0.1461609 secs] [Times: user=0.56 sys=0.00, real=0.15 secs] 
288.914: [GC [PSYoungGen: 407584K->181504K(475648K)] 1382687K->1249495K(1873408K), 0.1425499 secs] [Times: user=0.53 sys=0.00, real=0.14 secs] 
289.317: [GC [PSYoungGen: 440576K->162016K(476672K)] 1508567K->1338791K(1874432K), 0.1457879 secs] [Times: user=0.56 sys=0.00, real=0.14 secs] 
289.738: [GC [PSYoungGen: 428256K->156704K(479232K)] 1605031K->1434607K(1876992K), 0.1405342 secs] [Times: user=0.53 sys=0.00, real=0.14 secs] 
289.879: [Full GC [PSYoungGen: 156704K->0K(479232K)] [ParOldGen: 1277903K->163247K(1397760K)] 1434607K->163247K(1876992K) [PSPermGen: 7366K->7366K(21504K)], 0.6775918 secs] [Times: user=2.34 sys=0.00, real=0.68 secs] 
290.835: [GC [PSYoungGen: 266240K->210432K(450048K)] 429487K->393815K(1847808K), 0.1162426 secs] [Times: user=0.48 sys=0.00, real=0.12 secs] 
291.197: [GC [PSYoungGen: 450048K->178016K(469504K)] 633431K->522991K(1867264K), 0.1837146 secs] [Times: user=0.75 sys=0.00, real=0.18 secs] 
291.636: [GC [PSYoungGen: 417632K->143360K(465408K)] 762607K->622991K(1863168K), 0.1512299 secs] [Times: user=0.55 sys=0.02, real=0.15 secs] 
292.039: [GC [PSYoungGen: 387072K->180992K(469504K)] 866703K->765407K(1867264K), 0.1529762 secs] [Times: user=0.59 sys=0.00, real=0.15 secs] 
292.448: [GC [PSYoungGen: 424704K->147264K(470016K)] 1009119K->862255K(1867776K), 0.1534650 secs] [Times: user=0.53 sys=0.00, real=0.15 secs] 
292.859: [GC [PSYoungGen: 396608K->181824K(472576K)] 1111599K->996887K(1870336K), 0.1525060 secs] [Times: user=0.62 sys=0.00, real=0.15 secs] 
293.267: [GC [PSYoungGen: 431168K->164160K(466944K)] 1246231K->1090759K(1864704K), 0.1476770 secs] [Times: user=0.51 sys=0.00, real=0.15 secs] 
293.675: [GC [PSYoungGen: 418112K->148576K(472064K)] 1344711K->1189135K(1869824K), 0.1476645 secs] [Times: user=0.48 sys=0.00, real=0.15 secs] 
294.083: [GC [PSYoungGen: 402528K->183136K(480256K)] 1443087K->1326327K(1878016K), 0.1567905 secs] [Times: user=0.62 sys=0.00, real=0.16 secs] 
294.521: [GC [PSYoungGen: 446304K->153312K(416768K)] 1589495K->1415439K(1814528K), 0.1508553 secs] [Times: user=0.59 sys=0.00, real=0.15 secs] 
294.672: [Full GC [PSYoungGen: 153312K->0K(416768K)] [ParOldGen: 1262127K->168092K(1397760K)] 1415439K->168092K(1814528K) [PSPermGen: 7366K->7366K(21504K)], 0.6774118 secs] [Times: user=2.40 sys=0.00, real=0.68 secs] 
295.621: [GC [PSYoungGen: 263168K->194176K(474112K)] 431260K->362268K(1871872K), 0.0928958 secs] [Times: user=0.36 sys=0.00, real=0.09 secs] 
295.981: [GC [PSYoungGen: 452224K->186880K(444928K)] 620316K->498308K(1842688K), 0.1873821 secs] [Times: user=0.66 sys=0.00, real=0.19 secs] 
296.444: [GC [PSYoungGen: 444928K->146944K(478208K)] 756356K->574804K(1875968K), 0.1547594 secs] [Times: user=0.61 sys=0.00, real=0.15 secs] 
296.862: [GC [PSYoungGen: 403456K->173760K(430592K)] 831316K->691036K(1828352K), 0.1381718 secs] [Times: user=0.53 sys=0.00, real=0.14 secs] 
297.261: [GC [PSYoungGen: 430272K->166240K(478208K)] 947548K->787772K(1875968K), 0.1433501 secs] [Times: user=0.55 sys=0.00, real=0.14 secs] 
297.682: [GC [PSYoungGen: 426848K->151904K(474112K)] 1048380K->876860K(1871872K), 0.1427052 secs] [Times: user=0.53 sys=0.00, real=0.14 secs] 
298.092: [GC [PSYoungGen: 412512K->178240K(480768K)] 1137468K->995892K(1878528K), 0.1509448 secs] [Times: user=0.59 sys=0.00, real=0.15 secs] 
298.527: [GC [PSYoungGen: 447040K->151200K(480256K)] 1264692K->1075484K(1878016K), 0.1419088 secs] [Times: user=0.53 sys=0.00, real=0.14 secs] 
298.945: [GC [PSYoungGen: 420000K->174784K(486400K)] 1344284K->1186492K(1884160K), 0.1420442 secs] [Times: user=0.55 sys=0.00, real=0.14 secs] 
299.375: [GC [PSYoungGen: 452288K->156902K(486400K)] 1463996K->1268146K(1884160K), 0.1417828 secs] [Times: user=0.53 sys=0.00, real=0.14 secs] 
299.797: [GC [PSYoungGen: 434406K->167648K(485376K)] 1545650K->1368276K(1883136K), 0.1345647 secs] [Times: user=0.48 sys=0.00, real=0.13 secs] 
300.224: [GC [PSYoungGen: 451296K->168640K(486912K)] 1651924K->1455348K(1884672K), 0.1565452 secs] [Times: user=0.58 sys=0.00, real=0.16 secs] 
300.381: [Full GC [PSYoungGen: 168640K->0K(486912K)] [ParOldGen: 1286708K->164572K(1397760K)] 1455348K->164572K(1884672K) [PSPermGen: 7366K->7366K(21504K)], 0.6608294 secs] [Times: user=2.36 sys=0.00, real=0.66 secs] 
301.328: [GC [PSYoungGen: 283648K->200192K(471552K)] 448220K->378332K(1869312K), 0.1115582 secs] [Times: user=0.41 sys=0.00, real=0.11 secs] 
301.735: [GC [PSYoungGen: 471552K->181440K(485376K)] 649692K->511220K(1883136K), 0.1942034 secs] [Times: user=0.73 sys=0.00, real=0.19 secs] 
302.201: [GC [PSYoungGen: 452800K->167168K(478720K)] 782580K->605292K(1876480K), 0.1526151 secs] [Times: user=0.55 sys=0.00, real=0.15 secs] 
302.633: [GC [PSYoungGen: 439040K->146016K(482304K)] 877164K->691676K(1880064K), 0.1416436 secs] [Times: user=0.56 sys=0.00, real=0.14 secs] 
303.049: [GC [PSYoungGen: 417888K->181120K(488448K)] 963548K->820180K(1886208K), 0.1568861 secs] [Times: user=0.58 sys=0.00, real=0.16 secs] 
303.488: [GC [PSYoungGen: 458624K->154368K(432128K)] 1097684K->910044K(1829888K), 0.1467206 secs] [Times: user=0.62 sys=0.00, real=0.15 secs] 
303.920: [GC [PSYoungGen: 431872K->174752K(489472K)] 1187548K->1024684K(1887232K), 0.1470654 secs] [Times: user=0.53 sys=0.00, real=0.15 secs] 
304.361: [GC [PSYoungGen: 454304K->168312K(448000K)] 1304236K->1109748K(1845760K), 0.1566619 secs] [Times: user=0.53 sys=0.02, real=0.16 secs] 
304.792: [GC [PSYoungGen: 447864K->160192K(487424K)] 1389300K->1190996K(1885184K), 0.1398767 secs] [Times: user=0.55 sys=0.00, real=0.14 secs] 
305.222: [GC [PSYoungGen: 443328K->175456K(485888K)] 1474132K->1287276K(1883648K), 0.1402170 secs] [Times: user=0.53 sys=0.00, real=0.14 secs] 
305.651: [GC [PSYoungGen: 458592K->150432K(494080K)] 1570412K->1349228K(1891840K), 0.1330797 secs] [Times: user=0.47 sys=0.00, real=0.13 secs] 
306.085: [GC [PSYoungGen: 442784K->178528K(494080K)] 1641580K->1452676K(1891840K), 0.1406378 secs] [Times: user=0.55 sys=0.00, real=0.14 secs] 
306.226: [Full GC [PSYoungGen: 178528K->0K(494080K)] [ParOldGen: 1274148K->165854K(1397760K)] 1452676K->165854K(1891840K) [PSPermGen: 7366K->7366K(21504K)], 0.7200749 secs] [Times: user=2.54 sys=0.00, real=0.72 secs] 
307.250: [GC [PSYoungGen: 292352K->202240K(442880K)] 458206K->415838K(1840640K), 0.1311137 secs] [Times: user=0.52 sys=0.00, real=0.13 secs] 
307.637: [GC [PSYoungGen: 442880K->159232K(470016K)] 656478K->540166K(1867776K), 0.1887230 secs] [Times: user=0.72 sys=0.00, real=0.19 secs] 
308.074: [GC [PSYoungGen: 399872K->181664K(462336K)] 780806K->682894K(1860096K), 0.1659384 secs] [Times: user=0.66 sys=0.00, real=0.17 secs] 
308.492: [GC [PSYoungGen: 424864K->152384K(467456K)] 926094K->787246K(1865216K), 0.1645167 secs] [Times: user=0.56 sys=0.00, real=0.16 secs] 
308.906: [GC [PSYoungGen: 395584K->176672K(466944K)] 1030446K->915078K(1864704K), 0.1480182 secs] [Times: user=0.53 sys=0.00, real=0.15 secs] 
309.313: [GC [PSYoungGen: 428576K->163872K(471552K)] 1166982K->1008886K(1869312K), 0.1463072 secs] [Times: user=0.48 sys=0.01, real=0.15 secs] 
309.717: [GC [PSYoungGen: 415776K->151264K(477184K)] 1260790K->1109654K(1874944K), 0.1425881 secs] [Times: user=0.55 sys=0.00, real=0.14 secs] 
310.128: [GC [PSYoungGen: 414432K->181728K(479232K)] 1372822K->1238502K(1876992K), 0.1544438 secs] [Times: user=0.58 sys=0.00, real=0.15 secs] 
310.563: [GC [PSYoungGen: 444896K->153888K(479744K)] 1501670K->1320254K(1877504K), 0.1501747 secs] [Times: user=0.48 sys=0.00, real=0.15 secs] 
310.987: [GC [PSYoungGen: 421664K->176288K(481792K)] 1588030K->1428310K(1879552K), 0.1368697 secs] [Times: user=0.56 sys=0.00, real=0.14 secs] 
311.124: [Full GC [PSYoungGen: 176288K->0K(481792K)] [ParOldGen: 1252022K->165592K(1397760K)] 1428310K->165592K(1879552K) [PSPermGen: 7366K->7366K(21504K)], 0.6897602 secs] [Times: user=2.39 sys=0.00, real=0.69 secs] 
312.097: [GC [PSYoungGen: 267776K->211968K(462848K)] 433368K->379920K(1860608K), 0.0977072 secs] [Times: user=0.36 sys=0.00, real=0.10 secs] 
312.464: [GC [PSYoungGen: 462848K->161696K(475136K)] 630800K->493984K(1872896K), 0.1873060 secs] [Times: user=0.70 sys=0.00, real=0.19 secs] 
312.907: [GC [PSYoungGen: 412576K->170688K(463360K)] 744864K->610104K(1861120K), 0.1454377 secs] [Times: user=0.56 sys=0.00, real=0.14 secs] 
313.312: [GC [PSYoungGen: 424128K->165888K(470528K)] 863544K->705664K(1868288K), 0.1425002 secs] [Times: user=0.51 sys=0.00, real=0.14 secs] 
313.726: [GC [PSYoungGen: 419328K->152608K(478208K)] 959104K->798648K(1875968K), 0.1432251 secs] [Times: user=0.53 sys=0.00, real=0.14 secs] 
314.145: [GC [PSYoungGen: 420896K->182976K(481792K)] 1066936K->923104K(1879552K), 0.1425907 secs] [Times: user=0.58 sys=0.00, real=0.14 secs] 
314.571: [GC [PSYoungGen: 451264K->155552K(483328K)] 1191392K->1000696K(1881088K), 0.1411195 secs] [Times: user=0.55 sys=0.00, real=0.14 secs] 
314.991: [GC [PSYoungGen: 427424K->177440K(484352K)] 1272568K->1105312K(1882112K), 0.1349056 secs] [Times: user=0.50 sys=0.00, real=0.13 secs] 
315.411: [GC [PSYoungGen: 449312K->159488K(483328K)] 1377184K->1180112K(1881088K), 0.1334338 secs] [Times: user=0.48 sys=0.00, real=0.13 secs] 
315.822: [GC [PSYoungGen: 435456K->170208K(484864K)] 1456080K->1275960K(1882624K), 0.1382122 secs] [Times: user=0.55 sys=0.00, real=0.14 secs] 
316.243: [GC [PSYoungGen: 446176K->168768K(485376K)] 1551928K->1355096K(1883136K), 0.1395188 secs] [Times: user=0.56 sys=0.00, real=0.14 secs] 
316.680: [GC [PSYoungGen: 453952K->152192K(486912K)] 1640280K->1417664K(1884672K), 0.1256750 secs] [Times: user=0.48 sys=0.00, real=0.13 secs] 
316.806: [Full GC [PSYoungGen: 152192K->0K(486912K)] [ParOldGen: 1265472K->164397K(1397760K)] 1417664K->164397K(1884672K) [PSPermGen: 7367K->7367K(21504K)], 0.6958205 secs] [Times: user=2.43 sys=0.00, real=0.70 secs] 
317.790: [GC [PSYoungGen: 285184K->201728K(475136K)] 449581K->371629K(1872896K), 0.1030969 secs] [Times: user=0.39 sys=0.00, real=0.10 secs] 
318.164: [GC [PSYoungGen: 475136K->180576K(486400K)] 645037K->502989K(1884160K), 0.1958782 secs] [Times: user=0.73 sys=0.00, real=0.20 secs] 
318.626: [GC [PSYoungGen: 453984K->134752K(482304K)] 776397K->593149K(1880064K), 0.1654410 secs] [Times: user=0.50 sys=0.00, real=0.17 secs] 
319.049: [GC [PSYoungGen: 405088K->168512K(439296K)] 863485K->735477K(1837056K), 0.1467860 secs] [Times: user=0.56 sys=0.00, real=0.15 secs] 
319.478: [GC [PSYoungGen: 438848K->172704K(485376K)] 1005813K->869957K(1883136K), 0.1763689 secs] [Times: user=0.67 sys=0.00, real=0.18 secs] 
319.936: [GC [PSYoungGen: 448160K->176160K(482816K)] 1145413K->984373K(1880576K), 0.1526472 secs] [Times: user=0.56 sys=0.00, real=0.15 secs] 
320.378: [GC [PSYoungGen: 451616K->164102K(489472K)] 1259829K->1065859K(1887232K), 0.1521122 secs] [Times: user=0.58 sys=0.00, real=0.15 secs] 
320.813: [GC [PSYoungGen: 448774K->164192K(488448K)] 1350531K->1146669K(1886208K), 0.1291041 secs] [Times: user=0.50 sys=0.00, real=0.13 secs] 
321.230: [GC [PSYoungGen: 448864K->166848K(492544K)] 1431341K->1231781K(1890304K), 0.1302311 secs] [Times: user=0.50 sys=0.00, real=0.13 secs] 
321.660: [GC [PSYoungGen: 460736K->154016K(492032K)] 1525669K->1304277K(1889792K), 0.1273914 secs] [Times: user=0.47 sys=0.00, real=0.13 secs] 
322.084: [GC [PSYoungGen: 447904K->172480K(500224K)] 1598165K->1403445K(1897984K), 0.1535490 secs] [Times: user=0.51 sys=0.02, real=0.15 secs] 
322.550: [GC [PSYoungGen: 476096K->158496K(500224K)] 1707061K->1472677K(1897984K), 0.1274771 secs] [Times: user=0.47 sys=0.00, real=0.13 secs] 
322.678: [Full GC [PSYoungGen: 158496K->0K(500224K)] [ParOldGen: 1314181K->167675K(1397760K)] 1472677K->167675K(1897984K) [PSPermGen: 7367K->7367K(21504K)], 0.6823198 secs] [Times: user=2.42 sys=0.02, real=0.68 secs] 
323.666: [GC [PSYoungGen: 303616K->195584K(459776K)] 471291K->401835K(1857536K), 0.1159876 secs] [Times: user=0.44 sys=0.00, real=0.12 secs] 
324.053: [GC [PSYoungGen: 459776K->199424K(463872K)] 666027K->561875K(1861632K), 0.1905578 secs] [Times: user=0.75 sys=0.00, real=0.19 secs] 
324.521: [GC [PSYoungGen: 463616K->154880K(477696K)] 826067K->649163K(1875456K), 0.1553765 secs] [Times: user=0.53 sys=0.00, real=0.15 secs] 
324.935: [GC [PSYoungGen: 409856K->164896K(420352K)] 904139K->750515K(1818112K), 0.1427501 secs] [Times: user=0.53 sys=0.00, real=0.14 secs] 
325.330: [GC [PSYoungGen: 419872K->159872K(476160K)] 1005491K->849619K(1873920K), 0.1577549 secs] [Times: user=0.59 sys=0.00, real=0.16 secs] 
325.745: [GC [PSYoungGen: 417408K->144992K(473600K)] 1107155K->956875K(1871360K), 0.1538678 secs] [Times: user=0.58 sys=0.00, real=0.15 secs] 
326.164: [GC [PSYoungGen: 402528K->187424K(478720K)] 1214411K->1105003K(1876480K), 0.1627206 secs] [Times: user=0.58 sys=0.00, real=0.16 secs] 
326.602: [GC [PSYoungGen: 449568K->159616K(421888K)] 1367147K->1190875K(1819648K), 0.1729205 secs] [Times: user=0.53 sys=0.00, real=0.17 secs] 
327.031: [GC [PSYoungGen: 421760K->162656K(482816K)] 1453019K->1294667K(1880576K), 0.1400503 secs] [Times: user=0.51 sys=0.00, real=0.14 secs] 
327.436: [GC [PSYoungGen: 429920K->152672K(479744K)] 1561931K->1390779K(1877504K), 0.1398777 secs] [Times: user=0.51 sys=0.00, real=0.14 secs] 
327.841: [GC [PSYoungGen: 419936K->167680K(482304K)] 1658043K->1506971K(1880064K), 0.1445422 secs] [Times: user=0.61 sys=0.00, real=0.14 secs] 
327.986: [Full GC [PSYoungGen: 167680K->0K(482304K)] [ParOldGen: 1339291K->165430K(1397760K)] 1506971K->165430K(1880064K) [PSPermGen: 7367K->7367K(21504K)], 0.6645792 secs] [Times: user=2.42 sys=0.00, real=0.67 secs] 
328.932: [GC [PSYoungGen: 275968K->206336K(482304K)] 441398K->389926K(1880064K), 0.1046017 secs] [Times: user=0.44 sys=0.00, real=0.11 secs] 
329.319: [GC [PSYoungGen: 482304K->193632K(463872K)] 665894K->527814K(1861632K), 0.1926951 secs] [Times: user=0.70 sys=0.00, real=0.19 secs] 
329.755: [GC [PSYoungGen: 440416K->128832K(375808K)] 774598K->605814K(1773568K), 0.1625940 secs] [Times: user=0.56 sys=0.00, real=0.16 secs] 
330.159: [GC [PSYoungGen: 375616K->171616K(475648K)] 852598K->746446K(1873408K), 0.1588316 secs] [Times: user=0.47 sys=0.00, real=0.16 secs] 
330.583: [GC [PSYoungGen: 418400K->158208K(404992K)] 993230K->856486K(1802752K), 0.1684307 secs] [Times: user=0.59 sys=0.00, real=0.17 secs] 
330.990: [GC [PSYoungGen: 404992K->154304K(470016K)] 1103270K->973686K(1867776K), 0.1510532 secs] [Times: user=0.59 sys=0.00, real=0.15 secs] 
331.397: [GC [PSYoungGen: 403648K->147408K(467456K)] 1223030K->1091102K(1865216K), 0.1539881 secs] [Times: user=0.55 sys=0.00, real=0.15 secs] 
331.797: [GC [PSYoungGen: 396752K->153184K(478208K)] 1340446K->1213422K(1875968K), 0.1505205 secs] [Times: user=0.56 sys=0.00, real=0.15 secs] 
332.197: [GC [PSYoungGen: 416864K->160864K(477184K)] 1477102K->1338774K(1874944K), 0.1526439 secs] [Times: user=0.55 sys=0.00, real=0.15 secs] 
332.619: [GC [PSYoungGen: 424544K->164864K(481792K)] 1602454K->1463238K(1879552K), 0.1717781 secs] [Times: user=0.61 sys=0.00, real=0.17 secs] 
332.791: [Full GC [PSYoungGen: 164864K->0K(481792K)] [ParOldGen: 1298374K->167119K(1397760K)] 1463238K->167119K(1879552K) [PSPermGen: 7367K->7367K(21504K)], 0.6444903 secs] [Times: user=2.37 sys=0.00, real=0.64 secs] 
333.725: [GC [PSYoungGen: 275456K->78848K(480768K)] 442575K->245967K(1878528K), 0.0453478 secs] [Times: user=0.11 sys=0.00, real=0.05 secs] 
334.045: [GC [PSYoungGen: 354304K->215552K(449024K)] 521423K->443991K(1846784K), 0.1525371 secs] [Times: user=0.56 sys=0.00, real=0.15 secs] 
334.434: [GC [PSYoungGen: 449024K->130912K(466432K)] 677463K->524791K(1864192K), 0.1994892 secs] [Times: user=0.66 sys=0.00, real=0.20 secs] 
334.842: [GC [PSYoungGen: 364384K->68224K(466432K)] 758263K->579727K(1864192K), 0.1551090 secs] [Times: user=0.48 sys=0.00, real=0.15 secs] 
335.229: [GC [PSYoungGen: 301696K->159968K(466432K)] 813199K->724087K(1864192K), 0.1068288 secs] [Times: user=0.42 sys=0.00, real=0.11 secs] 
335.582: [GC [PSYoungGen: 393440K->159936K(466432K)] 957559K->861935K(1864192K), 0.1794029 secs] [Times: user=0.64 sys=0.00, real=0.18 secs] 
335.995: [GC [PSYoungGen: 393408K->172192K(466432K)] 1095407K->1001943K(1864192K), 0.1621568 secs] [Times: user=0.61 sys=0.00, real=0.16 secs] 
336.390: [GC [PSYoungGen: 405664K->131174K(466432K)] 1235415K->1103685K(1864192K), 0.1542309 secs] [Times: user=0.59 sys=0.00, real=0.15 secs] 
336.779: [GC [PSYoungGen: 364646K->180192K(466432K)] 1337157K->1250671K(1864192K), 0.1467081 secs] [Times: user=0.61 sys=0.00, real=0.15 secs] 
337.159: [GC [PSYoungGen: 413664K->158752K(461312K)] 1484143K->1365255K(1859072K), 0.1620670 secs] [Times: user=0.61 sys=0.00, real=0.16 secs] 
337.569: [GC [PSYoungGen: 392224K->154432K(463872K)] 1598727K->1484815K(1861632K), 0.1489910 secs] [Times: user=0.56 sys=0.00, real=0.15 secs] 
337.719: [Full GC [PSYoungGen: 154432K->0K(463872K)] [ParOldGen: 1330383K->165953K(1397760K)] 1484815K->165953K(1861632K) [PSPermGen: 7367K->7367K(21504K)], 0.6640163 secs] [Times: user=2.37 sys=0.00, real=0.66 secs] 
338.592: [GC [PSYoungGen: 233472K->87872K(459776K)] 399425K->253825K(1857536K), 0.0593861 secs] [Times: user=0.14 sys=0.00, real=0.06 secs] 
338.873: [GC [PSYoungGen: 323904K->160704K(464896K)] 489857K->398417K(1862656K), 0.1298966 secs] [Times: user=0.44 sys=0.00, real=0.13 secs] 
339.219: [GC [PSYoungGen: 396736K->108896K(469504K)] 634449K->486641K(1867264K), 0.1481099 secs] [Times: user=0.55 sys=0.00, real=0.15 secs] 
339.626: [GC [PSYoungGen: 354656K->143136K(389120K)] 732401K->610241K(1786880K), 0.1261018 secs] [Times: user=0.47 sys=0.00, real=0.13 secs] 
339.985: [GC [PSYoungGen: 388896K->149600K(474112K)] 856001K->734721K(1871872K), 0.1876200 secs] [Times: user=0.56 sys=0.00, real=0.19 secs] 
340.433: [GC [PSYoungGen: 406112K->162240K(468480K)] 991233K->863593K(1866240K), 0.1609714 secs] [Times: user=0.42 sys=0.00, real=0.16 secs] 
340.854: [GC [PSYoungGen: 418752K->180320K(475136K)] 1120105K->995153K(1872896K), 0.1645289 secs] [Times: user=0.58 sys=0.00, real=0.16 secs] 
341.284: [GC [PSYoungGen: 444512K->159264K(480768K)] 1259345K->1085609K(1878528K), 0.1518755 secs] [Times: user=0.56 sys=0.00, real=0.15 secs] 
341.716: [GC [PSYoungGen: 423456K->135648K(474624K)] 1349801K->1183529K(1872384K), 0.1489111 secs] [Times: user=0.51 sys=0.00, real=0.15 secs] 
342.137: [GC [PSYoungGen: 405472K->194112K(464384K)] 1453353K->1342601K(1862144K), 0.1585933 secs] [Times: user=0.59 sys=0.00, real=0.16 secs] 
342.582: [GC [PSYoungGen: 463936K->162112K(483328K)] 1612425K->1433721K(1881088K), 0.1549724 secs] [Times: user=0.59 sys=0.00, real=0.15 secs] 
342.737: [Full GC [PSYoungGen: 162112K->0K(483328K)] [ParOldGen: 1271609K->170532K(1397760K)] 1433721K->170532K(1881088K) [PSPermGen: 7367K->7367K(21504K)], 0.7310525 secs] [Times: user=2.53 sys=0.00, real=0.73 secs] 
343.755: [GC [PSYoungGen: 263168K->193216K(456704K)] 433700K->363748K(1854464K), 0.0890382 secs] [Times: user=0.30 sys=0.00, real=0.09 secs] 
344.104: [GC [PSYoungGen: 456384K->174656K(476160K)] 626916K->497988K(1873920K), 0.2095181 secs] [Times: user=0.69 sys=0.00, real=0.21 secs] 
344.577: [GC [PSYoungGen: 427072K->162688K(415232K)] 750404K->603516K(1812992K), 0.1496936 secs] [Times: user=0.61 sys=0.00, real=0.15 secs] 
344.985: [GC [PSYoungGen: 415104K->172416K(471552K)] 855932K->712948K(1869312K), 0.1466693 secs] [Times: user=0.59 sys=0.00, real=0.15 secs] 
345.393: [GC [PSYoungGen: 426368K->155152K(470016K)] 966900K->806692K(1867776K), 0.1462113 secs] [Times: user=0.59 sys=0.00, real=0.15 secs] 
345.797: [GC [PSYoungGen: 409104K->176320K(477184K)] 1060644K->924572K(1874944K), 0.1506802 secs] [Times: user=0.59 sys=0.00, real=0.15 secs] 
346.214: [GC [PSYoungGen: 441536K->160256K(477696K)] 1189788K->1013812K(1875456K), 0.1796238 secs] [Times: user=0.62 sys=0.00, real=0.18 secs] 
346.677: [GC [PSYoungGen: 425472K->164096K(482816K)] 1279028K->1111028K(1880576K), 0.1410018 secs] [Times: user=0.56 sys=0.00, real=0.14 secs] 
347.100: [GC [PSYoungGen: 443136K->179040K(482816K)] 1390068K->1219812K(1880576K), 0.1474345 secs] [Times: user=0.44 sys=0.00, real=0.15 secs] 
347.533: [GC [PSYoungGen: 458080K->146880K(494592K)] 1498852K->1281028K(1892352K), 0.1280396 secs] [Times: user=0.48 sys=0.00, real=0.13 secs] 
347.954: [GC [PSYoungGen: 435648K->179008K(467968K)] 1569796K->1390532K(1865728K), 0.1321772 secs] [Times: user=0.50 sys=0.00, real=0.13 secs] 
348.392: [GC [PSYoungGen: 467776K->160518K(496128K)] 1679300K->1461714K(1893888K), 0.1383552 secs] [Times: user=0.55 sys=0.00, real=0.14 secs] 
348.531: [Full GC [PSYoungGen: 160518K->0K(496128K)] [ParOldGen: 1301196K->169246K(1397760K)] 1461714K->169246K(1893888K) [PSPermGen: 7367K->7367K(21504K)], 0.6973994 secs] [Times: user=2.45 sys=0.00, real=0.70 secs] 
349.511: [GC [PSYoungGen: 289792K->189324K(479232K)] 459038K->358570K(1876992K), 0.1029051 secs] [Times: user=0.37 sys=0.00, real=0.10 secs] 
349.897: [GC [PSYoungGen: 479116K->181312K(487936K)] 648362K->498778K(1885696K), 0.1916075 secs] [Times: user=0.69 sys=0.00, real=0.19 secs] 
350.384: [GC [PSYoungGen: 460864K->167788K(447488K)] 778330K->591854K(1845248K), 0.1573358 secs] [Times: user=0.59 sys=0.00, real=0.16 secs] 
350.817: [GC [PSYoungGen: 447340K->162816K(489984K)] 871406K->680322K(1887744K), 0.1342876 secs] [Times: user=0.55 sys=0.00, real=0.13 secs] 
351.238: [GC [PSYoungGen: 446976K->166432K(486912K)] 964482K->773130K(1884672K), 0.1379415 secs] [Times: user=0.53 sys=0.00, real=0.14 secs] 
351.677: [GC [PSYoungGen: 450592K->154912K(491520K)] 1057290K->851106K(1889280K), 0.1320339 secs] [Times: user=0.55 sys=0.00, real=0.13 secs] 
352.112: [GC [PSYoungGen: 446752K->178944K(490496K)] 1142946K->959762K(1888256K), 0.1417719 secs] [Times: user=0.53 sys=0.00, real=0.14 secs] 
352.554: [GC [PSYoungGen: 470784K->147328K(499200K)] 1251602K->1019770K(1896960K), 0.1284633 secs] [Times: user=0.50 sys=0.00, real=0.13 secs] 
352.991: [GC [PSYoungGen: 446336K->186656K(485888K)] 1318778K->1140962K(1883648K), 0.1443274 secs] [Times: user=0.55 sys=0.00, real=0.14 secs] 
353.439: [GC [PSYoungGen: 485664K->147840K(495104K)] 1439970K->1191714K(1892864K), 0.1310852 secs] [Times: user=0.53 sys=0.00, real=0.13 secs] 
353.865: [GC [PSYoungGen: 438144K->177504K(494592K)] 1482018K->1299034K(1892352K), 0.1366493 secs] [Times: user=0.47 sys=0.00, real=0.14 secs] 
354.299: [GC [PSYoungGen: 467808K->160384K(490496K)] 1589338K->1357418K(1888256K), 0.1451308 secs] [Times: user=0.56 sys=0.00, real=0.14 secs] 
354.750: [GC [PSYoungGen: 450688K->156704K(492544K)] 1647722K->1424026K(1890304K), 0.1177147 secs] [Times: user=0.50 sys=0.00, real=0.12 secs] 
355.166: [GC [PSYoungGen: 447008K->177504K(496128K)] 1714330K->1523866K(1893888K), 0.1451035 secs] [Times: user=0.51 sys=0.00, real=0.15 secs] 
355.311: [Full GC [PSYoungGen: 177504K->0K(496128K)] [ParOldGen: 1346362K->169477K(1397760K)] 1523866K->169477K(1893888K) [PSPermGen: 7367K->7367K(21504K)], 0.6952868 secs] [Times: user=2.39 sys=0.00, real=0.70 secs] 
356.310: [GC [PSYoungGen: 295936K->201216K(497152K)] 465413K->408797K(1894912K), 0.1253215 secs] [Times: user=0.44 sys=0.00, real=0.13 secs] 
356.747: [GC [PSYoungGen: 497152K->193440K(448000K)] 704733K->551973K(1845760K), 0.1887365 secs] [Times: user=0.70 sys=0.00, real=0.19 secs] 
357.187: [GC [PSYoungGen: 439200K->158560K(472576K)] 797733K->636325K(1870336K), 0.1510448 secs] [Times: user=0.51 sys=0.00, real=0.15 secs] 
357.594: [GC [PSYoungGen: 404320K->138880K(472576K)] 882085K->736645K(1870336K), 0.1422488 secs] [Times: user=0.51 sys=0.00, real=0.14 secs] 
357.992: [GC [PSYoungGen: 386688K->186144K(473600K)] 984453K->884029K(1871360K), 0.1671312 secs] [Times: user=0.62 sys=0.00, real=0.17 secs] 
358.422: [GC [PSYoungGen: 433952K->153504K(469504K)] 1131837K->979181K(1867264K), 0.1695542 secs] [Times: user=0.59 sys=0.00, real=0.17 secs] 
358.846: [GC [PSYoungGen: 401312K->174112K(471552K)] 1226989K->1097389K(1869312K), 0.1488469 secs] [Times: user=0.53 sys=0.00, real=0.15 secs] 
359.251: [GC [PSYoungGen: 421920K->164768K(470528K)] 1345197K->1194317K(1868288K), 0.1450865 secs] [Times: user=0.53 sys=0.00, real=0.15 secs] 
359.662: [GC [PSYoungGen: 420768K->138400K(472064K)] 1450317K->1292341K(1869824K), 0.1473530 secs] [Times: user=0.61 sys=0.00, real=0.15 secs] 
360.073: [GC [PSYoungGen: 394400K->199456K(468480K)] 1548341K->1457413K(1866240K), 0.1648746 secs] [Times: user=0.58 sys=0.00, real=0.17 secs] 
360.238: [Full GC [PSYoungGen: 199456K->0K(468480K)] [ParOldGen: 1257957K->172932K(1397760K)] 1457413K->172932K(1866240K) [PSPermGen: 7367K->7367K(21504K)], 0.7093302 secs] [Times: user=2.57 sys=0.00, real=0.71 secs] 
361.218: [GC [PSYoungGen: 251904K->212736K(464896K)] 424836K->385668K(1862656K), 0.0985568 secs] [Times: user=0.34 sys=0.00, real=0.10 secs] 
361.583: [GC [PSYoungGen: 464640K->147168K(466432K)] 637572K->488900K(1864192K), 0.1815815 secs] [Times: user=0.72 sys=0.00, real=0.18 secs] 
362.006: [GC [PSYoungGen: 380640K->181568K(415232K)] 722372K->631084K(1812992K), 0.1519332 secs] [Times: user=0.62 sys=0.00, real=0.15 secs] 
362.414: [GC [PSYoungGen: 415040K->159740K(467456K)] 864556K->739848K(1865216K), 0.1790084 secs] [Times: user=0.58 sys=0.00, real=0.18 secs] 
362.835: [GC [PSYoungGen: 396796K->167488K(463872K)] 976904K->858196K(1861632K), 0.1513325 secs] [Times: user=0.55 sys=0.00, real=0.15 secs] 
363.228: [GC [PSYoungGen: 404544K->167616K(467968K)] 1095252K->973764K(1865728K), 0.1530766 secs] [Times: user=0.59 sys=0.00, real=0.15 secs] 
363.632: [GC [PSYoungGen: 414400K->133216K(464384K)] 1220548K->1072460K(1862144K), 0.1513107 secs] [Times: user=0.55 sys=0.00, real=0.15 secs] 
364.027: [GC [PSYoungGen: 380000K->173952K(478720K)] 1319244K->1216500K(1876480K), 0.1463662 secs] [Times: user=0.56 sys=0.00, real=0.15 secs] 
364.453: [GC [PSYoungGen: 436608K->164640K(479232K)] 1479156K->1328620K(1876992K), 0.1609663 secs] [Times: user=0.64 sys=0.00, real=0.16 secs] 
364.882: [GC [PSYoungGen: 427296K->176768K(480256K)] 1591276K->1450204K(1878016K), 0.1533402 secs] [Times: user=0.59 sys=0.00, real=0.15 secs] 
365.036: [Full GC [PSYoungGen: 176768K->0K(480256K)] [ParOldGen: 1273436K->166711K(1397760K)] 1450204K->166711K(1878016K) [PSPermGen: 7367K->7367K(21504K)], 0.6893660 secs] [Times: user=2.37 sys=0.00, real=0.69 secs] 
366.010: [GC [PSYoungGen: 267776K->211456K(479232K)] 434487K->392735K(1876992K), 0.1069488 secs] [Times: user=0.44 sys=0.00, real=0.11 secs] 
366.408: [GC [PSYoungGen: 479232K->183718K(465920K)] 660511K->523069K(1863680K), 0.2041223 secs] [Times: user=0.73 sys=0.00, real=0.20 secs] 
366.863: [GC [PSYoungGen: 429478K->163040K(472576K)] 768829K->617759K(1870336K), 0.1536619 secs] [Times: user=0.61 sys=0.00, real=0.15 secs] 
367.269: [GC [PSYoungGen: 408800K->170656K(461312K)] 863519K->728143K(1859072K), 0.1499124 secs] [Times: user=0.55 sys=0.00, real=0.15 secs] 
367.674: [GC [PSYoungGen: 420000K->136128K(468480K)] 977487K->813887K(1866240K), 0.1456850 secs] [Times: user=0.53 sys=0.00, real=0.15 secs] 
368.078: [GC [PSYoungGen: 385472K->188384K(474624K)] 1063231K->960791K(1872384K), 0.1466600 secs] [Times: user=0.53 sys=0.00, real=0.15 secs] 
368.496: [GC [PSYoungGen: 442336K->152000K(476672K)] 1214743K->1050791K(1874432K), 0.1554724 secs] [Times: user=0.53 sys=0.00, real=0.17 secs] 
368.923: [GC [PSYoungGen: 405952K->171840K(466944K)] 1304743K->1163303K(1864704K), 0.1414835 secs] [Times: user=0.56 sys=0.00, real=0.14 secs] 
369.327: [GC [PSYoungGen: 427328K->169184K(472064K)] 1418791K->1266415K(1869824K), 0.1471176 secs] [Times: user=0.55 sys=0.00, real=0.15 secs] 
369.730: [GC [PSYoungGen: 424672K->136384K(481792K)] 1521903K->1351399K(1879552K), 0.1395618 secs] [Times: user=0.56 sys=0.00, real=0.14 secs] 
370.149: [GC [PSYoungGen: 406208K->192704K(462848K)] 1621223K->1502871K(1860608K), 0.1560000 secs] [Times: user=0.59 sys=0.00, real=0.16 secs] 
370.305: [Full GC [PSYoungGen: 192704K->0K(462848K)] [ParOldGen: 1310167K->167692K(1397760K)] 1502871K->167692K(1860608K) [PSPermGen: 7367K->7367K(21504K)], 0.7115252 secs] [Times: user=2.56 sys=0.00, real=0.71 secs] 
371.297: [GC [PSYoungGen: 269824K->218624K(452096K)] 437516K->395836K(1849856K), 0.1094959 secs] [Times: user=0.37 sys=0.00, real=0.11 secs] 
371.643: [GC [PSYoungGen: 452096K->143936K(466432K)] 629308K->499588K(1864192K), 0.1804042 secs] [Times: user=0.72 sys=0.00, real=0.18 secs] 
372.061: [GC [PSYoungGen: 377408K->171904K(457216K)] 733060K->638540K(1854976K), 0.1551241 secs] [Times: user=0.53 sys=0.02, real=0.15 secs] 
372.465: [GC [PSYoungGen: 405376K->157856K(461824K)] 872012K->758956K(1859584K), 0.1807297 secs] [Times: user=0.61 sys=0.00, real=0.18 secs] 
372.885: [GC [PSYoungGen: 391328K->171744K(459264K)] 992428K->887052K(1857024K), 0.1547803 secs] [Times: user=0.59 sys=0.00, real=0.15 secs] 
373.293: [GC [PSYoungGen: 417504K->169280K(465920K)] 1132812K->997380K(1863680K), 0.1586247 secs] [Times: user=0.53 sys=0.00, real=0.16 secs] 
373.705: [GC [PSYoungGen: 415040K->131648K(479232K)] 1243140K->1087540K(1876992K), 0.1420926 secs] [Times: user=0.56 sys=0.00, real=0.14 secs] 
374.118: [GC [PSYoungGen: 395328K->196480K(460288K)] 1351220K->1248268K(1858048K), 0.1529095 secs] [Times: user=0.61 sys=0.00, real=0.15 secs] 
374.551: [GC [PSYoungGen: 460160K->150688K(477696K)] 1511948K->1326116K(1875456K), 0.1554509 secs] [Times: user=0.56 sys=0.00, real=0.16 secs] 
374.964: [GC [PSYoungGen: 404640K->171488K(425472K)] 1580068K->1441596K(1823232K), 0.1377680 secs] [Times: user=0.56 sys=0.00, real=0.14 secs] 
375.102: [Full GC [PSYoungGen: 171488K->0K(425472K)] [ParOldGen: 1270108K->167938K(1397760K)] 1441596K->167938K(1823232K) [PSPermGen: 7367K->7367K(21504K)], 0.7028773 secs] [Times: user=2.53 sys=0.00, real=0.70 secs] 
376.072: [GC [PSYoungGen: 253952K->209760K(461312K)] 421890K->377698K(1859072K), 0.0941790 secs] [Times: user=0.38 sys=0.00, real=0.10 secs] 
376.420: [GC [PSYoungGen: 453472K->162588K(471552K)] 621410K->493462K(1869312K), 0.2016887 secs] [Times: user=0.72 sys=0.00, real=0.20 secs] 
376.869: [GC [PSYoungGen: 406300K->174080K(459776K)] 737174K->620154K(1857536K), 0.1551462 secs] [Times: user=0.58 sys=0.00, real=0.16 secs] 
377.266: [GC [PSYoungGen: 421376K->158336K(467456K)] 867450K->730370K(1865216K), 0.1666863 secs] [Times: user=0.59 sys=0.00, real=0.17 secs] 
377.692: [GC [PSYoungGen: 405632K->146944K(474624K)] 977666K->840890K(1872384K), 0.1438697 secs] [Times: user=0.55 sys=0.00, real=0.14 secs] 
378.105: [GC [PSYoungGen: 408576K->192448K(478208K)] 1102522K->987938K(1875968K), 0.1592546 secs] [Times: user=0.65 sys=0.00, real=0.16 secs] 
378.541: [GC [PSYoungGen: 454080K->158848K(479744K)] 1249570K->1072298K(1877504K), 0.1638387 secs] [Times: user=0.58 sys=0.00, real=0.16 secs] 
378.973: [GC [PSYoungGen: 419968K->170656K(432128K)] 1333418K->1172218K(1829888K), 0.1404800 secs] [Times: user=0.53 sys=0.00, real=0.14 secs] 
379.394: [GC [PSYoungGen: 431776K->162220K(479744K)] 1433338K->1252046K(1877504K), 0.1355057 secs] [Times: user=0.55 sys=0.00, real=0.14 secs] 
379.786: [GC [PSYoungGen: 428460K->150464K(476672K)] 1518286K->1339394K(1874432K), 0.1391096 secs] [Times: user=0.51 sys=0.00, real=0.14 secs] 
380.199: [GC [PSYoungGen: 416704K->180928K(483840K)] 1605634K->1468314K(1881600K), 0.1467369 secs] [Times: user=0.56 sys=0.00, real=0.15 secs] 
380.346: [Full GC [PSYoungGen: 180928K->0K(483840K)] [ParOldGen: 1287386K->164738K(1397760K)] 1468314K->164738K(1881600K) [PSPermGen: 7367K->7367K(21504K)], 0.6743002 secs] [Times: user=2.39 sys=0.00, real=0.67 secs] 
381.300: [GC [PSYoungGen: 274432K->210432K(484864K)] 439170K->378922K(1882624K), 0.1014427 secs] [Times: user=0.41 sys=0.00, real=0.10 secs] 
381.695: [GC [PSYoungGen: 484864K->169216K(476672K)] 653354K->493186K(1874432K), 0.1801764 secs] [Times: user=0.65 sys=0.00, real=0.18 secs] 
382.144: [GC [PSYoungGen: 431360K->174592K(480768K)] 755330K->600738K(1878528K), 0.1467440 secs] [Times: user=0.59 sys=0.00, real=0.15 secs] 
382.572: [GC [PSYoungGen: 436736K->156096K(477184K)] 862882K->685586K(1874944K), 0.1562065 secs] [Times: user=0.56 sys=0.00, real=0.16 secs] 
383.003: [GC [PSYoungGen: 421824K->175456K(479232K)] 951314K->795378K(1876992K), 0.1464563 secs] [Times: user=0.62 sys=0.00, real=0.15 secs] 
383.428: [GC [PSYoungGen: 441184K->155680K(484352K)] 1061106K->869234K(1882112K), 0.1342471 secs] [Times: user=0.48 sys=0.00, real=0.13 secs] 
383.830: [GC [PSYoungGen: 430624K->160416K(484864K)] 1144178K->965746K(1882624K), 0.1286134 secs] [Times: user=0.56 sys=0.00, real=0.13 secs] 
384.237: [GC [PSYoungGen: 435360K->175680K(487936K)] 1240690K->1078722K(1885696K), 0.1446269 secs] [Times: user=0.56 sys=0.00, real=0.14 secs] 
384.677: [GC [PSYoungGen: 457280K->152320K(487424K)] 1360322K->1152866K(1885184K), 0.1315104 secs] [Times: user=0.48 sys=0.00, real=0.13 secs] 
385.097: [GC [PSYoungGen: 433920K->173088K(491520K)] 1434466K->1255634K(1889280K), 0.1377561 secs] [Times: user=0.48 sys=0.00, real=0.14 secs] 
385.532: [GC [PSYoungGen: 461344K->159712K(492032K)] 1543890K->1329226K(1889792K), 0.1311519 secs] [Times: user=0.48 sys=0.00, real=0.13 secs] 
385.947: [GC [PSYoungGen: 447968K->166208K(489984K)] 1617482K->1422530K(1887744K), 0.1334104 secs] [Times: user=0.56 sys=0.00, real=0.13 secs] 
386.371: [GC [PSYoungGen: 460096K->165792K(492032K)] 1716418K->1510538K(1889792K), 0.1410368 secs] [Times: user=0.51 sys=0.00, real=0.14 secs] 
386.512: [Full GC [PSYoungGen: 165792K->0K(492032K)] [ParOldGen: 1344746K->165652K(1397760K)] 1510538K->165652K(1889792K) [PSPermGen: 7367K->7367K(21504K)], 0.7526498 secs] [Times: user=2.25 sys=0.00, real=0.75 secs] 
387.544: [GC [PSYoungGen: 293888K->119584K(493568K)] 459540K->285236K(1891328K), 0.0564553 secs] [Times: user=0.17 sys=0.00, real=0.06 secs] 
387.882: [GC [PSYoungGen: 417568K->185280K(483328K)] 583220K->449764K(1881088K), 0.1426946 secs] [Times: user=0.55 sys=0.00, real=0.14 secs] 
388.327: [GC [PSYoungGen: 483264K->184064K(487936K)] 747748K->570780K(1885696K), 0.1632813 secs] [Times: user=0.59 sys=0.00, real=0.16 secs] 
388.781: [GC [PSYoungGen: 466688K->144480K(491008K)] 853404K->631396K(1888768K), 0.1342019 secs] [Times: user=0.42 sys=0.00, real=0.13 secs] 
389.205: [GC [PSYoungGen: 427104K->176928K(491008K)] 914020K->742644K(1888768K), 0.1311230 secs] [Times: user=0.48 sys=0.00, real=0.13 secs] 
389.637: [GC [PSYoungGen: 459552K->159168K(441856K)] 1025268K->817700K(1839616K), 0.1324604 secs] [Times: user=0.47 sys=0.00, real=0.13 secs] 
390.056: [GC [PSYoungGen: 441792K->172672K(488960K)] 1100324K->915636K(1886720K), 0.1342933 secs] [Times: user=0.47 sys=0.00, real=0.13 secs] 
390.493: [GC [PSYoungGen: 456320K->159168K(487936K)] 1199284K->992812K(1885696K), 0.1312702 secs] [Times: user=0.48 sys=0.00, real=0.13 secs] 
390.906: [GC [PSYoungGen: 442816K->169760K(493056K)] 1276460K->1089324K(1890816K), 0.1487786 secs] [Times: user=0.59 sys=0.00, real=0.15 secs] 
391.351: [GC [PSYoungGen: 461600K->168352K(491520K)] 1381164K->1169324K(1889280K), 0.1371205 secs] [Times: user=0.45 sys=0.00, real=0.14 secs] 
391.801: [GC [PSYoungGen: 460192K->152672K(496128K)] 1461164K->1226924K(1893888K), 0.1363360 secs] [Times: user=0.47 sys=0.00, real=0.14 secs] 
392.243: [GC [PSYoungGen: 451680K->171520K(495616K)] 1525932K->1315700K(1893376K), 0.1313908 secs] [Times: user=0.47 sys=0.00, real=0.13 secs] 
392.695: [GC [PSYoungGen: 470528K->160256K(500224K)] 1614708K->1376572K(1897984K), 0.1191012 secs] [Times: user=0.44 sys=0.00, real=0.12 secs] 
393.119: [GC [PSYoungGen: 467456K->171872K(500736K)] 1683772K->1463596K(1898496K), 0.1316859 secs] [Times: user=0.48 sys=0.00, real=0.13 secs] 
393.251: [Full GC [PSYoungGen: 171872K->0K(500736K)] [ParOldGen: 1291724K->170417K(1397760K)] 1463596K->170417K(1898496K) [PSPermGen: 7367K->7367K(21504K)], 0.7304027 secs] [Times: user=2.51 sys=0.00, real=0.73 secs] 
394.292: [GC [PSYoungGen: 307200K->193536K(474112K)] 477617K->386481K(1871872K), 0.1145251 secs] [Times: user=0.42 sys=0.00, real=0.12 secs] 
394.708: [GC [PSYoungGen: 474112K->185280K(465920K)] 667057K->526785K(1863680K), 0.2137324 secs] [Times: user=0.69 sys=0.00, real=0.21 secs] 
395.209: [GC [PSYoungGen: 465856K->171808K(492544K)] 807361K->616457K(1890304K), 0.1554929 secs] [Times: user=0.58 sys=0.00, real=0.16 secs] 
395.655: [GC [PSYoungGen: 453408K->149568K(488448K)] 898057K->684065K(1886208K), 0.1301997 secs] [Times: user=0.48 sys=0.02, real=0.13 secs] 
396.067: [GC [PSYoungGen: 431168K->174432K(490496K)] 965665K->791697K(1888256K), 0.1327978 secs] [Times: user=0.50 sys=0.00, real=0.13 secs] 
396.499: [GC [PSYoungGen: 458080K->159136K(488960K)] 1075345K->875105K(1886720K), 0.1415531 secs] [Times: user=0.56 sys=0.00, real=0.14 secs] 
396.926: [GC [PSYoungGen: 442784K->174112K(492544K)] 1158753K->974521K(1890304K), 0.1356737 secs] [Times: user=0.51 sys=0.00, real=0.14 secs] 
397.355: [GC [PSYoungGen: 462880K->169440K(491008K)] 1263289K->1050337K(1888768K), 0.1322443 secs] [Times: user=0.55 sys=0.00, real=0.13 secs] 
397.787: [GC [PSYoungGen: 458208K->159680K(494080K)] 1339105K->1112697K(1891840K), 0.1367661 secs] [Times: user=0.47 sys=0.00, real=0.14 secs] 
398.216: [GC [PSYoungGen: 454592K->168160K(492544K)] 1407609K->1196537K(1890304K), 0.1254097 secs] [Times: user=0.50 sys=0.00, real=0.13 secs] 
398.634: [GC [PSYoungGen: 463072K->148064K(497152K)] 1491449K->1266193K(1894912K), 0.1309396 secs] [Times: user=0.53 sys=0.00, real=0.13 secs] 
399.064: [GC [PSYoungGen: 450144K->174048K(497664K)] 1568273K->1369673K(1895424K), 0.1307487 secs] [Times: user=0.47 sys=0.00, real=0.13 secs] 
399.504: [GC [PSYoungGen: 476128K->160224K(500736K)] 1671753K->1439769K(1898496K), 0.1327924 secs] [Times: user=0.55 sys=0.00, real=0.13 secs] 
399.947: [GC [PSYoungGen: 468448K->172736K(502272K)] 1747993K->1523881K(1900032K), 0.1339646 secs] [Times: user=0.47 sys=0.00, real=0.13 secs] 
400.081: [Full GC [PSYoungGen: 172736K->0K(502272K)] [ParOldGen: 1351145K->167160K(1397760K)] 1523881K->167160K(1900032K) [PSPermGen: 7367K->7367K(21504K)], 0.6821861 secs] [Times: user=2.47 sys=0.00, real=0.68 secs] 
401.085: [GC [PSYoungGen: 308224K->193536K(455680K)] 475384K->409128K(1853440K), 0.1263555 secs] [Times: user=0.50 sys=0.00, real=0.13 secs] 
401.493: [GC [PSYoungGen: 455680K->186688K(480768K)] 671272K->557904K(1878528K), 0.1848683 secs] [Times: user=0.73 sys=0.00, real=0.18 secs] 
401.943: [GC [PSYoungGen: 448832K->171808K(473600K)] 820048K->667112K(1871360K), 0.1701815 secs] [Times: user=0.61 sys=0.02, real=0.17 secs] 
402.406: [GC [PSYoungGen: 433952K->165408K(477184K)] 929256K->755480K(1874944K), 0.1364935 secs] [Times: user=0.48 sys=0.00, real=0.14 secs] 
402.798: [GC [PSYoungGen: 427552K->152992K(482816K)] 1017624K->838096K(1880576K), 0.1357321 secs] [Times: user=0.51 sys=0.00, real=0.14 secs] 
403.206: [GC [PSYoungGen: 424352K->170592K(442368K)] 1109456K->944872K(1840128K), 0.1456850 secs] [Times: user=0.53 sys=0.00, real=0.15 secs] 
403.629: [GC [PSYoungGen: 441952K->145888K(482816K)] 1216232K->1034696K(1880576K), 0.1385961 secs] [Times: user=0.56 sys=0.00, real=0.14 secs] 
404.038: [GC [PSYoungGen: 419808K->183392K(483840K)] 1308616K->1172552K(1881600K), 0.1510455 secs] [Times: user=0.59 sys=0.00, real=0.15 secs] 
404.472: [GC [PSYoungGen: 457312K->159136K(486400K)] 1446472K->1262112K(1884160K), 0.1485484 secs] [Times: user=0.55 sys=0.00, real=0.15 secs] 
404.905: [GC [PSYoungGen: 437664K->169632K(487424K)] 1540640K->1356536K(1885184K), 0.1339617 secs] [Times: user=0.52 sys=0.00, real=0.13 secs] 
405.320: [GC [PSYoungGen: 448160K->161312K(488448K)] 1635064K->1431312K(1886208K), 0.1364415 secs] [Times: user=0.47 sys=0.00, real=0.14 secs] 
405.456: [Full GC [PSYoungGen: 161312K->0K(488448K)] [ParOldGen: 1270000K->165850K(1397760K)] 1431312K->165850K(1886208K) [PSPermGen: 7367K->7367K(21504K)], 0.6846553 secs] [Times: user=2.39 sys=0.00, real=0.68 secs] 
406.445: [GC [PSYoungGen: 284672K->203260K(487936K)] 450522K->380654K(1885696K), 0.1007220 secs] [Times: user=0.42 sys=0.00, real=0.10 secs] 
406.832: [GC [PSYoungGen: 487932K->196512K(469504K)] 665326K->520994K(1867264K), 0.1842403 secs] [Times: user=0.75 sys=0.00, real=0.18 secs] 
407.274: [GC [PSYoungGen: 454560K->157632K(478720K)] 779042K->595554K(1876480K), 0.1489451 secs] [Times: user=0.62 sys=0.00, real=0.15 secs] 
407.696: [GC [PSYoungGen: 415680K->150240K(476672K)] 853602K->687578K(1874432K), 0.1328594 secs] [Times: user=0.53 sys=0.00, real=0.13 secs] 
408.093: [GC [PSYoungGen: 409312K->174016K(433152K)] 946650K->807226K(1830912K), 0.1429669 secs] [Times: user=0.53 sys=0.00, real=0.14 secs] 
408.511: [GC [PSYoungGen: 433088K->155776K(479232K)] 1066298K->901242K(1876992K), 0.1435910 secs] [Times: user=0.56 sys=0.00, real=0.14 secs] 
408.925: [GC [PSYoungGen: 419968K->180832K(477696K)] 1165434K->1022330K(1875456K), 0.1562700 secs] [Times: user=0.58 sys=0.00, real=0.16 secs] 
409.349: [GC [PSYoungGen: 445024K->164160K(482816K)] 1286522K->1109914K(1880576K), 0.1494621 secs] [Times: user=0.61 sys=0.00, real=0.15 secs] 
409.793: [GC [PSYoungGen: 437056K->156032K(483328K)] 1382810K->1194002K(1881088K), 0.1386134 secs] [Times: user=0.55 sys=0.00, real=0.14 secs] 
410.208: [GC [PSYoungGen: 428928K->169824K(482816K)] 1466898K->1293458K(1880576K), 0.1468572 secs] [Times: user=0.59 sys=0.00, real=0.15 secs] 
410.644: [GC [PSYoungGen: 449888K->162752K(485376K)] 1573522K->1377482K(1883136K), 0.1356400 secs] [Times: user=0.55 sys=0.00, real=0.13 secs] 
411.060: [GC [PSYoungGen: 442816K->167808K(486912K)] 1657546K->1468890K(1884672K), 0.1370990 secs] [Times: user=0.55 sys=0.00, real=0.14 secs] 
411.198: [Full GC [PSYoungGen: 167808K->0K(486912K)] [ParOldGen: 1301082K->163576K(1397760K)] 1468890K->163576K(1884672K) [PSPermGen: 7368K->7368K(21504K)], 0.6729166 secs] [Times: user=2.47 sys=0.00, real=0.67 secs] 
412.178: [GC [PSYoungGen: 291328K->199168K(490496K)] 454904K->401856K(1888256K), 0.1143295 secs] [Times: user=0.44 sys=0.00, real=0.12 secs] 
412.594: [GC [PSYoungGen: 490496K->197600K(456704K)] 693184K->562152K(1854464K), 0.1929183 secs] [Times: user=0.81 sys=0.00, real=0.19 secs] 
413.036: [GC [PSYoungGen: 445408K->162752K(473600K)] 809960K->660504K(1871360K), 0.1664317 secs] [Times: user=0.58 sys=0.00, real=0.17 secs] 
413.457: [GC [PSYoungGen: 410560K->143264K(473088K)] 908312K->764928K(1870848K), 0.1426186 secs] [Times: user=0.55 sys=0.00, real=0.14 secs] 
413.855: [GC [PSYoungGen: 393632K->184896K(474624K)] 1015296K->915968K(1872384K), 0.1560519 secs] [Times: user=0.58 sys=0.00, real=0.16 secs] 
414.266: [GC [PSYoungGen: 435264K->163936K(468480K)] 1166336K->1016856K(1866240K), 0.1512912 secs] [Times: user=0.56 sys=0.00, real=0.15 secs] 
414.685: [GC [PSYoungGen: 415328K->152512K(472064K)] 1268248K->1110712K(1869824K), 0.1369643 secs] [Times: user=0.51 sys=0.00, real=0.14 secs] 
415.079: [GC [PSYoungGen: 403904K->176000K(471040K)] 1362104K->1234192K(1868800K), 0.1447937 secs] [Times: user=0.56 sys=0.00, real=0.14 secs] 
415.495: [GC [PSYoungGen: 435584K->141920K(475648K)] 1493776K->1322712K(1873408K), 0.1414996 secs] [Times: user=0.56 sys=0.00, real=0.14 secs] 
415.902: [GC [PSYoungGen: 401504K->185152K(480256K)] 1582296K->1464184K(1878016K), 0.1484980 secs] [Times: user=0.58 sys=0.00, real=0.15 secs] 
416.051: [Full GC [PSYoungGen: 185152K->0K(480256K)] [ParOldGen: 1279032K->166172K(1397760K)] 1464184K->166172K(1878016K) [PSPermGen: 7368K->7368K(21504K)], 0.6833933 secs] [Times: user=2.42 sys=0.00, real=0.68 secs] 
417.016: [GC [PSYoungGen: 263168K->218112K(481280K)] 429340K->384692K(1879040K), 0.0991979 secs] [Times: user=0.38 sys=0.00, real=0.10 secs] 
417.386: [GC [PSYoungGen: 481280K->172768K(464896K)] 647860K->492116K(1862656K), 0.1831530 secs] [Times: user=0.64 sys=0.00, real=0.18 secs] 
417.815: [GC [PSYoungGen: 419552K->149024K(473088K)] 738900K->582028K(1870848K), 0.1468572 secs] [Times: user=0.56 sys=0.00, real=0.15 secs] 
418.214: [GC [PSYoungGen: 395808K->175744K(463872K)] 828812K->711404K(1861632K), 0.1466160 secs] [Times: user=0.48 sys=0.00, real=0.15 secs] 
418.622: [GC [PSYoungGen: 423552K->155360K(468992K)] 959212K->810420K(1866752K), 0.1616690 secs] [Times: user=0.56 sys=0.00, real=0.16 secs] 
419.038: [GC [PSYoungGen: 403168K->169440K(467456K)] 1058228K->923452K(1865216K), 0.1521638 secs] [Times: user=0.55 sys=0.00, real=0.15 secs] 
419.463: [GC [PSYoungGen: 428000K->155392K(473600K)] 1182012K->1021132K(1871360K), 0.1558928 secs] [Times: user=0.56 sys=0.00, real=0.16 secs] 
419.878: [GC [PSYoungGen: 413952K->170368K(475136K)] 1279692K->1139628K(1872896K), 0.1508803 secs] [Times: user=0.53 sys=0.00, real=0.15 secs] 
420.305: [GC [PSYoungGen: 441728K->172096K(480768K)] 1410988K->1242148K(1878528K), 0.1451843 secs] [Times: user=0.56 sys=0.00, real=0.15 secs] 
420.731: [GC [PSYoungGen: 443456K->156384K(484352K)] 1513508K->1322940K(1882112K), 0.1421144 secs] [Times: user=0.51 sys=0.00, real=0.14 secs] 
421.161: [GC [PSYoungGen: 440032K->181472K(488448K)] 1606588K->1433964K(1886208K), 0.1382751 secs] [Times: user=0.47 sys=0.00, real=0.14 secs] 
421.300: [Full GC [PSYoungGen: 181472K->0K(488448K)] [ParOldGen: 1252492K->171856K(1397760K)] 1433964K->171856K(1886208K) [PSPermGen: 7368K->7368K(21504K)], 0.7060271 secs] [Times: user=2.56 sys=0.00, real=0.71 secs] 
422.309: [GC [PSYoungGen: 283648K->206336K(454144K)] 455504K->404856K(1851904K), 0.1178837 secs] [Times: user=0.44 sys=0.00, real=0.12 secs] 
422.691: [GC [PSYoungGen: 454144K->167776K(473600K)] 652664K->524680K(1871360K), 0.1884738 secs] [Times: user=0.69 sys=0.00, real=0.19 secs] 
423.128: [GC [PSYoungGen: 415584K->165984K(463872K)] 772488K->643568K(1861632K), 0.1604685 secs] [Times: user=0.61 sys=0.00, real=0.16 secs] 
423.548: [GC [PSYoungGen: 417376K->154368K(470528K)] 894960K->752712K(1868288K), 0.1474470 secs] [Times: user=0.52 sys=0.00, real=0.15 secs] 
423.949: [GC [PSYoungGen: 405760K->170176K(471040K)] 1004104K->878552K(1868800K), 0.1464723 secs] [Times: user=0.62 sys=0.00, real=0.15 secs] 
424.360: [GC [PSYoungGen: 432320K->166976K(476160K)] 1140696K->985296K(1873920K), 0.1476529 secs] [Times: user=0.56 sys=0.00, real=0.15 secs] 
424.786: [GC [PSYoungGen: 429120K->153568K(482816K)] 1247440K->1081616K(1880576K), 0.1434707 secs] [Times: user=0.48 sys=0.00, real=0.14 secs] 
425.208: [GC [PSYoungGen: 428512K->174944K(484864K)] 1356560K->1197800K(1882624K), 0.1448713 secs] [Times: user=0.53 sys=0.00, real=0.14 secs] 
425.649: [GC [PSYoungGen: 449888K->161376K(484352K)] 1472744K->1281536K(1882112K), 0.1363338 secs] [Times: user=0.56 sys=0.00, real=0.14 secs] 
426.070: [GC [PSYoungGen: 442976K->170688K(486912K)] 1563136K->1377488K(1884672K), 0.1466247 secs] [Times: user=0.56 sys=0.00, real=0.15 secs] 
426.517: [GC [PSYoungGen: 452288K->156736K(492544K)] 1659088K->1444312K(1890304K), 0.1228417 secs] [Times: user=0.50 sys=0.00, real=0.12 secs] 
426.640: [Full GC [PSYoungGen: 156736K->0K(492544K)] [ParOldGen: 1287576K->162114K(1397760K)] 1444312K->162114K(1890304K) [PSPermGen: 7368K->7368K(21504K)], 0.6688416 secs] [Times: user=2.31 sys=0.00, real=0.67 secs] 
427.611: [GC [PSYoungGen: 291840K->201216K(493056K)] 453954K->401066K(1890816K), 0.1177121 secs] [Times: user=0.48 sys=0.00, real=0.12 secs] 
428.024: [GC [PSYoungGen: 493056K->206336K(439808K)] 692906K->569482K(1837568K), 0.2191176 secs] [Times: user=0.81 sys=0.00, real=0.22 secs] 
428.494: [GC [PSYoungGen: 439808K->143616K(466432K)] 802954K->644810K(1864192K), 0.1623246 secs] [Times: user=0.55 sys=0.00, real=0.16 secs] 
428.893: [GC [PSYoungGen: 377088K->168992K(466432K)] 878282K->773242K(1864192K), 0.1479307 secs] [Times: user=0.62 sys=0.00, real=0.15 secs] 
429.280: [GC [PSYoungGen: 402464K->164864K(466432K)] 1006714K->889602K(1864192K), 0.1568248 secs] [Times: user=0.61 sys=0.00, real=0.16 secs] 
429.683: [GC [PSYoungGen: 398336K->155680K(466432K)] 1123074K->1003866K(1864192K), 0.1467132 secs] [Times: user=0.56 sys=0.00, real=0.15 secs] 
430.066: [GC [PSYoungGen: 389152K->168928K(466432K)] 1237338K->1131034K(1864192K), 0.1527440 secs] [Times: user=0.58 sys=0.03, real=0.15 secs] 
430.464: [GC [PSYoungGen: 402400K->155168K(466432K)] 1364506K->1249642K(1864192K), 0.1568290 secs] [Times: user=0.61 sys=0.00, real=0.16 secs] 
430.860: [GC [PSYoungGen: 388640K->177024K(466432K)] 1483114K->1387258K(1864192K), 0.1547293 secs] [Times: user=0.62 sys=0.00, real=0.15 secs] 
431.253: [GC [PSYoungGen: 410496K->163520K(466432K)] 1620730K->1498266K(1864192K), 0.1584204 secs] [Times: user=0.59 sys=0.00, real=0.16 secs] 
431.412: [Full GC [PSYoungGen: 163520K->0K(466432K)] [ParOldGen: 1334746K->166310K(1397760K)] 1498266K->166310K(1864192K) [PSPermGen: 7368K->7368K(21504K)], 0.6643496 secs] [Times: user=2.42 sys=0.00, real=0.66 secs] 
432.310: [GC [PSYoungGen: 233472K->121152K(466432K)] 399782K->287462K(1864192K), 0.0584451 secs] [Times: user=0.23 sys=0.00, real=0.06 secs] 
432.615: [GC [PSYoungGen: 354624K->175680K(466432K)] 520934K->443710K(1864192K), 0.1564275 secs] [Times: user=0.56 sys=0.00, real=0.16 secs] 
433.010: [GC [PSYoungGen: 409152K->170432K(466432K)] 677182K->573326K(1864192K), 0.1718095 secs] [Times: user=0.66 sys=0.00, real=0.17 secs] 
433.431: [GC [PSYoungGen: 403904K->156248K(466432K)] 806798K->688518K(1864192K), 0.1676565 secs] [Times: user=0.62 sys=0.00, real=0.17 secs] 
433.830: [GC [PSYoungGen: 389720K->161248K(394752K)] 921990K->814414K(1792512K), 0.1599490 secs] [Times: user=0.56 sys=0.00, real=0.16 secs] 
434.232: [GC [PSYoungGen: 394720K->173888K(466944K)] 1047886K->943574K(1864704K), 0.1572315 secs] [Times: user=0.58 sys=0.00, real=0.16 secs] 
434.639: [GC [PSYoungGen: 411456K->148512K(462848K)] 1181142K->1049894K(1860608K), 0.1622639 secs] [Times: user=0.56 sys=0.00, real=0.16 secs] 
435.045: [GC [PSYoungGen: 386080K->174464K(471040K)] 1287462K->1186302K(1868800K), 0.1587909 secs] [Times: user=0.55 sys=0.00, real=0.16 secs] 
435.468: [GC [PSYoungGen: 422272K->156704K(467968K)] 1434110K->1292862K(1865728K), 0.1554990 secs] [Times: user=0.55 sys=0.00, real=0.16 secs] 
435.875: [GC [PSYoungGen: 404512K->172032K(476160K)] 1540670K->1414110K(1873920K), 0.1550670 secs] [Times: user=0.62 sys=0.00, real=0.15 secs] 
436.291: [GC [PSYoungGen: 431104K->164704K(473088K)] 1673182K->1516014K(1870848K), 0.1566831 secs] [Times: user=0.58 sys=0.00, real=0.16 secs] 
436.448: [Full GC [PSYoungGen: 164704K->0K(473088K)] [ParOldGen: 1351310K->164198K(1397760K)] 1516014K->164198K(1870848K) [PSPermGen: 7368K->7368K(21504K)], 0.6691591 secs] [Times: user=2.40 sys=0.00, real=0.67 secs] 
437.381: [GC [PSYoungGen: 259072K->209440K(466944K)] 423270K->373638K(1864704K), 0.1037284 secs] [Times: user=0.41 sys=0.00, real=0.10 secs] 
437.755: [GC [PSYoungGen: 466464K->166208K(478208K)] 630662K->491662K(1875968K), 0.1818679 secs] [Times: user=0.70 sys=0.00, real=0.18 secs] 
438.197: [GC [PSYoungGen: 423232K->169440K(464896K)] 748686K->604790K(1862656K), 0.1598457 secs] [Times: user=0.56 sys=0.00, real=0.16 secs] 
438.631: [GC [PSYoungGen: 430560K->154912K(473600K)] 865910K->699902K(1871360K), 0.1471555 secs] [Times: user=0.56 sys=0.00, real=0.15 secs] 
439.046: [GC [PSYoungGen: 416032K->176160K(481792K)] 961022K->816878K(1879552K), 0.1601366 secs] [Times: user=0.58 sys=0.00, real=0.16 secs] 
439.488: [GC [PSYoungGen: 451616K->151200K(484864K)] 1092334K->899486K(1882624K), 0.1379370 secs] [Times: user=0.56 sys=0.00, real=0.14 secs] 
439.906: [GC [PSYoungGen: 426656K->175840K(487424K)] 1174942K->1011782K(1885184K), 0.1373777 secs] [Times: user=0.53 sys=0.00, real=0.14 secs] 
440.326: [GC [PSYoungGen: 456928K->163744K(488960K)] 1292870K->1089110K(1886720K), 0.1443014 secs] [Times: user=0.48 sys=0.00, real=0.14 secs] 
440.761: [GC [PSYoungGen: 444832K->155424K(489984K)] 1370198K->1164870K(1887744K), 0.1239870 secs] [Times: user=0.50 sys=0.00, real=0.12 secs] 
441.175: [GC [PSYoungGen: 442144K->172128K(489984K)] 1451590K->1266094K(1887744K), 0.1483742 secs] [Times: user=0.56 sys=0.00, real=0.15 secs] 
441.624: [GC [PSYoungGen: 458848K->161984K(492544K)] 1552814K->1344822K(1890304K), 0.1327965 secs] [Times: user=0.56 sys=0.00, real=0.13 secs] 
442.058: [GC [PSYoungGen: 456384K->177952K(493568K)] 1639222K->1438134K(1891328K), 0.1321904 secs] [Times: user=0.53 sys=0.00, real=0.13 secs] 
442.492: [GC [PSYoungGen: 472352K->145600K(498176K)] 1732534K->1489878K(1895936K), 0.1185454 secs] [Times: user=0.45 sys=0.00, real=0.12 secs] 
442.611: [Full GC [PSYoungGen: 145600K->0K(498176K)] [ParOldGen: 1344278K->163098K(1397760K)] 1489878K->163098K(1895936K) [PSPermGen: 7368K->7368K(21504K)], 0.6898349 secs] [Times: user=2.28 sys=0.00, real=0.69 secs] 
443.605: [GC [PSYoungGen: 297984K->200704K(498688K)] 461082K->389226K(1896448K), 0.1082971 secs] [Times: user=0.44 sys=0.00, real=0.11 secs] 
444.015: [GC [PSYoungGen: 498688K->200704K(434176K)] 687210K->546098K(1831936K), 0.1981088 secs] [Times: user=0.73 sys=0.00, real=0.20 secs] 
444.456: [GC [PSYoungGen: 434176K->139100K(466432K)] 779570K->614734K(1864192K), 0.1591857 secs] [Times: user=0.61 sys=0.00, real=0.16 secs] 
444.852: [GC [PSYoungGen: 372572K->172736K(466432K)] 848206K->753674K(1864192K), 0.1518489 secs] [Times: user=0.58 sys=0.00, real=0.15 secs] 
445.243: [GC [PSYoungGen: 406208K->164768K(466432K)] 987146K->873506K(1864192K), 0.1719837 secs] [Times: user=0.64 sys=0.00, real=0.17 secs] 
445.663: [GC [PSYoungGen: 398240K->150912K(466432K)] 1106978K->990906K(1864192K), 0.1526359 secs] [Times: user=0.62 sys=0.00, real=0.15 secs] 
446.057: [GC [PSYoungGen: 384384K->176160K(466432K)] 1224378K->1127162K(1864192K), 0.1508367 secs] [Times: user=0.62 sys=0.00, real=0.15 secs] 
446.457: [GC [PSYoungGen: 409632K->152582K(466432K)] 1360634K->1240856K(1864192K), 0.1695795 secs] [Times: user=0.64 sys=0.00, real=0.17 secs] 
446.863: [GC [PSYoungGen: 386054K->172896K(466432K)] 1474328K->1374546K(1864192K), 0.1597023 secs] [Times: user=0.58 sys=0.00, real=0.16 secs] 
447.262: [GC [PSYoungGen: 406368K->163456K(466432K)] 1608018K->1488594K(1864192K), 0.1592043 secs] [Times: user=0.59 sys=0.00, real=0.16 secs] 
447.422: [Full GC [PSYoungGen: 163456K->0K(466432K)] [ParOldGen: 1325138K->167115K(1397760K)] 1488594K->167115K(1864192K) [PSPermGen: 7368K->7368K(21504K)], 0.6808602 secs] [Times: user=2.43 sys=0.00, real=0.68 secs] 
448.354: [GC [PSYoungGen: 233472K->169568K(466432K)] 400587K->336683K(1864192K), 0.0820064 secs] [Times: user=0.28 sys=0.00, real=0.08 secs] 
448.690: [GC [PSYoungGen: 403040K->167168K(463360K)] 570155K->475699K(1861120K), 0.1721120 secs] [Times: user=0.67 sys=0.00, real=0.17 secs] 
449.105: [GC [PSYoungGen: 400640K->176736K(464896K)] 709171K->610595K(1862656K), 0.1625080 secs] [Times: user=0.47 sys=0.00, real=0.16 secs] 
449.506: [GC [PSYoungGen: 410208K->139616K(464384K)] 844067K->708835K(1862144K), 0.1555702 secs] [Times: user=0.53 sys=0.00, real=0.16 secs] 
449.910: [GC [PSYoungGen: 377184K->184320K(464896K)] 946403K->857667K(1862656K), 0.1507013 secs] [Times: user=0.62 sys=0.00, real=0.15 secs] 
450.305: [GC [PSYoungGen: 421888K->164768K(462848K)] 1095235K->966091K(1860608K), 0.1678201 secs] [Times: user=0.59 sys=0.00, real=0.17 secs] 
450.729: [GC [PSYoungGen: 410016K->152416K(467456K)] 1211339K->1073619K(1865216K), 0.1499967 secs] [Times: user=0.53 sys=0.01, real=0.15 secs] 
451.132: [GC [PSYoungGen: 397664K->182208K(474624K)] 1318867K->1213907K(1872384K), 0.1747537 secs] [Times: user=0.62 sys=0.00, real=0.17 secs] 
451.577: [GC [PSYoungGen: 438720K->151424K(476672K)] 1470419K->1310531K(1874432K), 0.1584689 secs] [Times: user=0.58 sys=0.00, real=0.16 secs] 
452.000: [GC [PSYoungGen: 407936K->178112K(475648K)] 1567043K->1435827K(1873408K), 0.1513531 secs] [Times: user=0.62 sys=0.00, real=0.15 secs] 
452.152: [Full GC [PSYoungGen: 178112K->0K(475648K)] [ParOldGen: 1257715K->168790K(1397760K)] 1435827K->168790K(1873408K) [PSPermGen: 7368K->7368K(21504K)], 0.6939286 secs] [Times: user=2.45 sys=0.00, real=0.69 secs] 
453.117: [GC [PSYoungGen: 260608K->217024K(477696K)] 429398K->385814K(1875456K), 0.1036576 secs] [Times: user=0.42 sys=0.00, real=0.10 secs] 
453.493: [GC [PSYoungGen: 477632K->164320K(468480K)] 646422K->498246K(1866240K), 0.1922111 secs] [Times: user=0.69 sys=0.00, real=0.19 secs] 
453.940: [GC [PSYoungGen: 411104K->174816K(421888K)] 745030K->615534K(1819648K), 0.1537508 secs] [Times: user=0.61 sys=0.00, real=0.15 secs] 
454.346: [GC [PSYoungGen: 421600K->165472K(475648K)] 862318K->711374K(1873408K), 0.1503710 secs] [Times: user=0.52 sys=0.00, real=0.15 secs] 
454.751: [GC [PSYoungGen: 419936K->132928K(472576K)] 965838K->804654K(1870336K), 0.1490548 secs] [Times: user=0.51 sys=0.00, real=0.15 secs] 
455.156: [GC [PSYoungGen: 387392K->184512K(477184K)] 1059118K->959710K(1874944K), 0.1495041 secs] [Times: user=0.56 sys=0.00, real=0.15 secs] 
455.564: [GC [PSYoungGen: 441536K->138208K(478208K)] 1216734K->1057582K(1875968K), 0.1825392 secs] [Times: user=0.58 sys=0.00, real=0.18 secs] 
455.993: [GC [PSYoungGen: 395232K->162944K(468992K)] 1314606K->1184910K(1866752K), 0.1391112 secs] [Times: user=0.55 sys=0.00, real=0.14 secs] 
456.394: [GC [PSYoungGen: 419968K->177888K(473600K)] 1441934K->1315854K(1871360K), 0.1797111 secs] [Times: user=0.66 sys=0.00, real=0.18 secs] 
456.849: [GC [PSYoungGen: 434912K->158176K(475136K)] 1572878K->1412014K(1872896K), 0.1496821 secs] [Times: user=0.59 sys=0.00, real=0.15 secs] 
456.999: [Full GC [PSYoungGen: 158176K->0K(475136K)] [ParOldGen: 1253838K->170971K(1397760K)] 1412014K->170971K(1872896K) [PSPermGen: 7368K->7368K(21504K)], 0.6935219 secs] [Times: user=2.48 sys=0.00, real=0.69 secs] 
457.976: [GC [PSYoungGen: 266752K->212480K(479232K)] 437723K->387355K(1876992K), 0.0991425 secs] [Times: user=0.38 sys=0.00, real=0.10 secs] 
458.351: [GC [PSYoungGen: 479232K->177184K(473088K)] 654107K->504619K(1870848K), 0.1948584 secs] [Times: user=0.78 sys=0.00, real=0.19 secs] 
458.801: [GC [PSYoungGen: 430112K->138048K(391168K)] 757547K->588067K(1788928K), 0.1416352 secs] [Times: user=0.56 sys=0.00, real=0.14 secs] 
459.203: [GC [PSYoungGen: 390976K->188288K(472576K)] 840995K->740923K(1870336K), 0.1505676 secs] [Times: user=0.61 sys=0.00, real=0.15 secs] 
459.611: [GC [PSYoungGen: 437119K->148288K(474112K)] 989755K->829675K(1871872K), 0.1582751 secs] [Times: user=0.58 sys=0.00, real=0.16 secs] 
460.026: [GC [PSYoungGen: 397120K->177376K(470016K)] 1078507K->953859K(1867776K), 0.1414143 secs] [Times: user=0.53 sys=0.00, real=0.14 secs] 
460.432: [GC [PSYoungGen: 427744K->164448K(472064K)] 1204227K->1049235K(1869824K), 0.1516321 secs] [Times: user=0.61 sys=0.00, real=0.15 secs] 
460.826: [GC [PSYoungGen: 414816K->146944K(476160K)] 1299603K->1143787K(1873920K), 0.1466677 secs] [Times: user=0.59 sys=0.00, real=0.15 secs] 
461.242: [GC [PSYoungGen: 406016K->186144K(475136K)] 1402859K->1284347K(1872896K), 0.1559053 secs] [Times: user=0.58 sys=0.00, real=0.16 secs] 
461.665: [GC [PSYoungGen: 445216K->142016K(481280K)] 1543419K->1362795K(1879040K), 0.1522293 secs] [Times: user=0.61 sys=0.00, real=0.15 secs] 
462.090: [GC [PSYoungGen: 404672K->181952K(480768K)] 1625451K->1488827K(1878528K), 0.1380310 secs] [Times: user=0.56 sys=0.00, real=0.14 secs] 
462.228: [Full GC [PSYoungGen: 181952K->0K(480768K)] [ParOldGen: 1306875K->164137K(1397760K)] 1488827K->164137K(1878528K) [PSPermGen: 7368K->7368K(21504K)], 0.6830305 secs] [Times: user=2.40 sys=0.00, real=0.68 secs] 
463.189: [GC [PSYoungGen: 262656K->218624K(452096K)] 426793K->385825K(1849856K), 0.1214536 secs] [Times: user=0.36 sys=0.00, real=0.12 secs] 
463.554: [GC [PSYoungGen: 452096K->142016K(466432K)] 619297K->492169K(1864192K), 0.1932884 secs] [Times: user=0.67 sys=0.00, real=0.19 secs] 
463.990: [GC [PSYoungGen: 375488K->181664K(462336K)] 725641K->640001K(1860096K), 0.1502363 secs] [Times: user=0.62 sys=0.00, real=0.15 secs] 
464.385: [GC [PSYoungGen: 415136K->169152K(464384K)] 873473K->752241K(1862144K), 0.1618172 secs] [Times: user=0.67 sys=0.00, real=0.16 secs] 
464.789: [GC [PSYoungGen: 402624K->139456K(464896K)] 985713K->847537K(1862656K), 0.1430647 secs] [Times: user=0.42 sys=0.00, real=0.14 secs] 
465.182: [GC [PSYoungGen: 379072K->180992K(464896K)] 1087153K->987321K(1862656K), 0.1480548 secs] [Times: user=0.61 sys=0.00, real=0.15 secs] 
465.581: [GC [PSYoungGen: 420608K->151520K(470016K)] 1226937K->1088769K(1867776K), 0.1556677 secs] [Times: user=0.55 sys=0.00, real=0.16 secs] 
465.988: [GC [PSYoungGen: 401376K->171456K(471552K)] 1338625K->1215009K(1869312K), 0.1466138 secs] [Times: user=0.55 sys=0.00, real=0.15 secs] 
466.392: [GC [PSYoungGen: 421312K->169216K(470528K)] 1464865K->1327017K(1868288K), 0.1516940 secs] [Times: user=0.61 sys=0.00, real=0.15 secs] 
466.816: [GC [PSYoungGen: 428800K->148416K(473088K)] 1586601K->1421217K(1870848K), 0.1420849 secs] [Times: user=0.51 sys=0.00, real=0.14 secs] 
466.959: [Full GC [PSYoungGen: 148416K->0K(473088K)] [ParOldGen: 1272801K->164275K(1397760K)] 1421217K->164275K(1870848K) [PSPermGen: 7368K->7368K(21504K)], 0.6520108 secs] [Times: user=2.35 sys=0.00, real=0.65 secs] 
467.872: [GC [PSYoungGen: 259584K->181600K(484864K)] 423859K->345875K(1882624K), 0.0836350 secs] [Times: user=0.28 sys=0.00, real=0.08 secs] 
468.238: [GC [PSYoungGen: 453984K->192832K(465408K)] 618259K->494715K(1863168K), 0.1770116 secs] [Times: user=0.72 sys=0.00, real=0.18 secs] 
468.694: [GC [PSYoungGen: 465216K->150016K(482304K)] 767099K->569491K(1880064K), 0.1466026 secs] [Times: user=0.56 sys=0.00, real=0.15 secs] 
469.114: [GC [PSYoungGen: 414208K->177536K(441856K)] 833683K->684219K(1839616K), 0.1385201 secs] [Times: user=0.56 sys=0.00, real=0.14 secs] 
469.538: [GC [PSYoungGen: 441728K->154560K(481792K)] 948411K->761587K(1879552K), 0.1684695 secs] [Times: user=0.51 sys=0.00, real=0.17 secs] 
469.979: [GC [PSYoungGen: 420800K->169600K(479744K)] 1027827K->861915K(1877504K), 0.1299768 secs] [Times: user=0.47 sys=0.00, real=0.13 secs] 
470.384: [GC [PSYoungGen: 435840K->172480K(481792K)] 1128155K->957435K(1879552K), 0.1412080 secs] [Times: user=0.56 sys=0.00, real=0.14 secs] 
470.801: [GC [PSYoungGen: 444864K->142528K(479744K)] 1229819K->1028459K(1877504K), 0.1340788 secs] [Times: user=0.50 sys=0.00, real=0.13 secs] 
471.216: [GC [PSYoungGen: 414912K->180384K(489472K)] 1300843K->1149979K(1887232K), 0.1431725 secs] [Times: user=0.53 sys=0.00, real=0.14 secs] 
471.665: [GC [PSYoungGen: 461984K->161088K(442880K)] 1431579K->1231451K(1840640K), 0.1510054 secs] [Times: user=0.56 sys=0.00, real=0.15 secs] 
472.104: [GC [PSYoungGen: 442688K->170880K(490496K)] 1513051K->1320675K(1888256K), 0.1319886 secs] [Times: user=0.53 sys=0.00, real=0.13 secs] 
472.537: [GC [PSYoungGen: 455552K->154656K(488448K)] 1605347K->1382875K(1886208K), 0.1231791 secs] [Times: user=0.48 sys=0.00, real=0.12 secs] 
472.945: [GC [PSYoungGen: 439328K->163968K(492032K)] 1667547K->1469227K(1889792K), 0.1286028 secs] [Times: user=0.47 sys=0.00, real=0.13 secs] 
473.074: [Full GC [PSYoungGen: 163968K->0K(492032K)] [ParOldGen: 1305259K->166819K(1397760K)] 1469227K->166819K(1889792K) [PSPermGen: 7368K->7368K(21504K)], 0.6664240 secs] [Times: user=2.45 sys=0.00, real=0.67 secs] 
474.047: [GC [PSYoungGen: 293376K->198656K(492032K)] 460195K->389611K(1889792K), 0.1083673 secs] [Times: user=0.40 sys=0.00, real=0.11 secs] 
474.478: [GC [PSYoungGen: 492032K->202860K(459264K)] 682987K->542247K(1857024K), 0.2029681 secs] [Times: user=0.76 sys=0.00, real=0.20 secs] 
474.926: [GC [PSYoungGen: 454764K->142080K(394240K)] 794151K->602139K(1792000K), 0.1441490 secs] [Times: user=0.56 sys=0.00, real=0.14 secs] 
475.332: [GC [PSYoungGen: 393984K->178976K(477696K)] 854043K->728419K(1875456K), 0.1392998 secs] [Times: user=0.56 sys=0.00, real=0.14 secs] 
475.738: [GC [PSYoungGen: 432416K->151840K(405504K)] 981859K->820235K(1803264K), 0.1576003 secs] [Times: user=0.56 sys=0.00, real=0.16 secs] 
476.155: [GC [PSYoungGen: 405280K->171776K(477696K)] 1073675K->938827K(1875456K), 0.1509339 secs] [Times: user=0.56 sys=0.00, real=0.15 secs] 
476.577: [GC [PSYoungGen: 429312K->162496K(473600K)] 1196363K->1042187K(1871360K), 0.1745100 secs] [Times: user=0.53 sys=0.00, real=0.17 secs] 
477.010: [GC [PSYoungGen: 420032K->163648K(479744K)] 1299723K->1143179K(1877504K), 0.1378479 secs] [Times: user=0.50 sys=0.00, real=0.14 secs] 
477.424: [GC [PSYoungGen: 430400K->173952K(476160K)] 1409931K->1247043K(1873920K), 0.1488264 secs] [Times: user=0.61 sys=0.00, real=0.15 secs] 
477.854: [GC [PSYoungGen: 440704K->153760K(485376K)] 1513795K->1334955K(1883136K), 0.1450281 secs] [Times: user=0.51 sys=0.00, real=0.15 secs] 
478.286: [GC [PSYoungGen: 431776K->177952K(484352K)] 1612971K->1447163K(1882112K), 0.1442626 secs] [Times: user=0.61 sys=0.00, real=0.14 secs] 
478.430: [Full GC [PSYoungGen: 177952K->0K(484352K)] [ParOldGen: 1269211K->160423K(1397760K)] 1447163K->160423K(1882112K) [PSPermGen: 7368K->7368K(21504K)], 0.6504050 secs] [Times: user=2.34 sys=0.00, real=0.65 secs] 
479.383: [GC [PSYoungGen: 278016K->206336K(452096K)] 438439K->395143K(1849856K), 0.1173904 secs] [Times: user=0.42 sys=0.00, real=0.12 secs] 
479.754: [GC [PSYoungGen: 452096K->152992K(472576K)] 640903K->517583K(1870336K), 0.1839164 secs] [Times: user=0.67 sys=0.00, real=0.18 secs] 
480.186: [GC [PSYoungGen: 398752K->176448K(463872K)] 763343K->660407K(1861632K), 0.1607752 secs] [Times: user=0.53 sys=0.02, real=0.16 secs] 
480.614: [GC [PSYoungGen: 423744K->166464K(468992K)] 907703K->779271K(1866752K), 0.1570368 secs] [Times: user=0.61 sys=0.00, real=0.16 secs] 
481.016: [GC [PSYoungGen: 413760K->157216K(472064K)] 1026567K->887959K(1869824K), 0.1460865 secs] [Times: user=0.62 sys=0.00, real=0.15 secs] 
481.429: [GC [PSYoungGen: 416800K->179136K(475648K)] 1147543K->1012847K(1873408K), 0.1481956 secs] [Times: user=0.53 sys=0.00, real=0.15 secs] 
481.847: [GC [PSYoungGen: 438720K->149568K(480768K)] 1272431K->1100815K(1878528K), 0.1510785 secs] [Times: user=0.53 sys=0.00, real=0.15 secs] 
482.262: [GC [PSYoungGen: 418368K->173184K(482816K)] 1369615K->1225495K(1880576K), 0.1614868 secs] [Times: user=0.61 sys=0.00, real=0.16 secs] 
482.698: [GC [PSYoungGen: 441984K->158112K(482304K)] 1494295K->1326199K(1880064K), 0.1460609 secs] [Times: user=0.59 sys=0.00, real=0.15 secs] 
483.113: [GC [PSYoungGen: 432544K->171552K(483328K)] 1600631K->1443247K(1881088K), 0.1522902 secs] [Times: user=0.58 sys=0.00, real=0.15 secs] 
483.265: [Full GC [PSYoungGen: 171552K->0K(483328K)] [ParOldGen: 1271695K->174818K(1397760K)] 1443247K->174818K(1881088K) [PSPermGen: 7368K->7368K(21504K)], 0.6851787 secs] [Times: user=2.45 sys=0.00, real=0.68 secs] 
484.233: [GC [PSYoungGen: 274432K->196544K(480256K)] 449250K->371362K(1878016K), 0.0934968 secs] [Times: user=0.37 sys=0.00, real=0.09 secs] 
484.618: [GC [PSYoungGen: 470976K->169760K(486912K)] 645794K->491218K(1884672K), 0.1772605 secs] [Times: user=0.73 sys=0.00, real=0.18 secs] 
485.071: [GC [PSYoungGen: 444192K->169600K(476672K)] 765650K->595314K(1874432K), 0.1437629 secs] [Times: user=0.59 sys=0.00, real=0.14 secs] 
485.515: [GC [PSYoungGen: 447616K->168864K(483328K)] 873330K->689370K(1881088K), 0.1461802 secs] [Times: user=0.51 sys=0.00, real=0.15 secs] 
485.945: [GC [PSYoungGen: 446880K->175296K(487424K)] 967386K->782410K(1885184K), 0.1492065 secs] [Times: user=0.59 sys=0.00, real=0.15 secs] 
486.393: [GC [PSYoungGen: 466624K->169504K(492032K)] 1073738K->856738K(1889792K), 0.1358710 secs] [Times: user=0.56 sys=0.00, real=0.14 secs] 
486.844: [GC [PSYoungGen: 460832K->156832K(496640K)] 1148066K->903770K(1894400K), 0.1244854 secs] [Times: user=0.45 sys=0.00, real=0.12 secs] 
487.264: [GC [PSYoungGen: 457376K->161824K(498688K)] 1204314K->979026K(1896448K), 0.1230078 secs] [Times: user=0.45 sys=0.00, real=0.12 secs] 
487.696: [GC [PSYoungGen: 462368K->160896K(498688K)] 1279570K->1063010K(1896448K), 0.1498293 secs] [Times: user=0.48 sys=0.00, real=0.15 secs] 
488.134: [GC [PSYoungGen: 465536K->135008K(500224K)] 1367650K->1150298K(1897984K), 0.1400352 secs] [Times: user=0.51 sys=0.00, real=0.14 secs] 
488.595: [GC [PSYoungGen: 439648K->188320K(490496K)] 1454938K->1296098K(1888256K), 0.1452084 secs] [Times: user=0.61 sys=0.00, real=0.14 secs] 
489.036: [GC [PSYoungGen: 480160K->167712K(495616K)] 1587938K->1379186K(1893376K), 0.1473094 secs] [Times: user=0.55 sys=0.00, real=0.15 secs] 
489.499: [GC [PSYoungGen: 459552K->167760K(487936K)] 1671026K->1461714K(1885696K), 0.1433668 secs] [Times: user=0.55 sys=0.00, real=0.14 secs] 
489.642: [Full GC [PSYoungGen: 167760K->0K(487936K)] [ParOldGen: 1293954K->171886K(1397760K)] 1461714K->171886K(1885696K) [PSPermGen: 7370K->7370K(21504K)], 0.6942166 secs] [Times: user=2.50 sys=0.00, real=0.69 secs] 
490.643: [GC [PSYoungGen: 295424K->158924K(492544K)] 467310K->330810K(1890304K), 0.0808768 secs] [Times: user=0.31 sys=0.00, real=0.08 secs] 
491.016: [GC [PSYoungGen: 454348K->171072K(498688K)] 626234K->478210K(1896448K), 0.1614772 secs] [Times: user=0.58 sys=0.00, real=0.16 secs] 
491.479: [GC [PSYoungGen: 477760K->138336K(501248K)] 784898K->584610K(1899008K), 0.1842303 secs] [Times: user=0.62 sys=0.00, real=0.18 secs] 
491.963: [GC [PSYoungGen: 445024K->170592K(503808K)] 891298K->725594K(1901568K), 0.1532055 secs] [Times: user=0.58 sys=0.00, real=0.15 secs] 
492.414: [GC [PSYoungGen: 477792K->173152K(502784K)] 1032794K->848594K(1900544K), 0.1640173 secs] [Times: user=0.66 sys=0.00, real=0.16 secs] 
492.878: [GC [PSYoungGen: 480352K->149856K(502784K)] 1155794K->935306K(1900544K), 0.1615991 secs] [Times: user=0.50 sys=0.00, real=0.16 secs] 
493.341: [GC [PSYoungGen: 457056K->174880K(502784K)] 1242506K->1047794K(1900544K), 0.1560205 secs] [Times: user=0.53 sys=0.00, real=0.16 secs] 
493.796: [GC [PSYoungGen: 482080K->121312K(494592K)] 1354994K->1125442K(1892352K), 0.1767492 secs] [Times: user=0.55 sys=0.00, real=0.18 secs] 
494.240: [GC [PSYoungGen: 419296K->145152K(498688K)] 1423426K->1246298K(1896448K), 0.1567116 secs] [Times: user=0.48 sys=0.00, real=0.16 secs] 
494.683: [GC [PSYoungGen: 443136K->125056K(496128K)] 1544282K->1350170K(1893888K), 0.1500391 secs] [Times: user=0.50 sys=0.00, real=0.15 secs] 
495.117: [GC [PSYoungGen: 422016K->168384K(498176K)] 1647130K->1491266K(1895936K), 0.1497857 secs] [Times: user=0.56 sys=0.00, real=0.15 secs] 
495.267: [Full GC [PSYoungGen: 168384K->0K(498176K)] [ParOldGen: 1322882K->168841K(1397760K)] 1491266K->168841K(1895936K) [PSPermGen: 7373K->7373K(21504K)], 0.7449124 secs] [Times: user=2.15 sys=0.00, real=0.75 secs] 
496.297: [GC [PSYoungGen: 296960K->146144K(493056K)] 465801K->314985K(1890816K), 0.0704557 secs] [Times: user=0.25 sys=0.00, real=0.07 secs] 
496.663: [GC [PSYoungGen: 443104K->179584K(495616K)] 611945K->469233K(1893376K), 0.1798172 secs] [Times: user=0.62 sys=0.00, real=0.18 secs] 
497.145: [GC [PSYoungGen: 476544K->181824K(487936K)] 766193K->584257K(1885696K), 0.1569397 secs] [Times: user=0.59 sys=0.00, real=0.16 secs] 
497.581: [GC [PSYoungGen: 466496K->131936K(416768K)] 868929K->647337K(1814528K), 0.1395842 secs] [Times: user=0.50 sys=0.00, real=0.14 secs] 
498.000: [GC [PSYoungGen: 416608K->177312K(487424K)] 932009K->780665K(1885184K), 0.1577209 secs] [Times: user=0.55 sys=0.00, real=0.16 secs] 
498.426: [GC [PSYoungGen: 456864K->154240K(434176K)] 1060217K->873105K(1831936K), 0.1527511 secs] [Times: user=0.56 sys=0.00, real=0.15 secs] 
498.853: [GC [PSYoungGen: 433792K->118496K(484864K)] 1152657K->957721K(1882624K), 0.1616036 secs] [Times: user=0.50 sys=0.00, real=0.16 secs] 
499.281: [GC [PSYoungGen: 397536K->167232K(487424K)] 1236761K->1097201K(1885184K), 0.1480532 secs] [Times: user=0.55 sys=0.00, real=0.15 secs] 
499.696: [GC [PSYoungGen: 446272K->89408K(479744K)] 1376241K->1168193K(1877504K), 0.1560096 secs] [Times: user=0.61 sys=0.00, real=0.16 secs] 
500.111: [GC [PSYoungGen: 361792K->156096K(485888K)] 1440577K->1313193K(1883648K), 0.1307481 secs] [Times: user=0.48 sys=0.00, real=0.13 secs] 
500.520: [GC [PSYoungGen: 428480K->160604K(478208K)] 1585577K->1445365K(1875968K), 0.1611366 secs] [Times: user=0.59 sys=0.00, real=0.16 secs] 
500.682: [Full GC [PSYoungGen: 160604K->0K(478208K)] [ParOldGen: 1284761K->164407K(1397760K)] 1445365K->164407K(1875968K) [PSPermGen: 7373K->7373K(21504K)], 0.6683618 secs] [Times: user=2.28 sys=0.00, real=0.67 secs] 
501.651: [GC [PSYoungGen: 275968K->207328K(483328K)] 440375K->386727K(1881088K), 0.1071483 secs] [Times: user=0.44 sys=0.00, real=0.11 secs] 
502.042: [GC [PSYoungGen: 483296K->195584K(449536K)] 662695K->530415K(1847296K), 0.2018779 secs] [Times: user=0.78 sys=0.00, real=0.20 secs] 
502.499: [GC [PSYoungGen: 429056K->147960K(466432K)] 763887K->605695K(1864192K), 0.1557078 secs] [Times: user=0.59 sys=0.00, real=0.16 secs] 
502.883: [GC [PSYoungGen: 381432K->150304K(453632K)] 839167K->718455K(1851392K), 0.1441263 secs] [Times: user=0.48 sys=0.00, real=0.14 secs] 
503.257: [GC [PSYoungGen: 386336K->168672K(461312K)] 954487K->857159K(1859072K), 0.1671620 secs] [Times: user=0.61 sys=0.00, real=0.17 secs] 
503.652: [GC [PSYoungGen: 404704K->101056K(469504K)] 1093191K->940639K(1867264K), 0.1604432 secs] [Times: user=0.55 sys=0.00, real=0.16 secs] 
504.062: [GC [PSYoungGen: 348864K->203328K(451584K)] 1188447K->1127791K(1849344K), 0.1577614 secs] [Times: user=0.56 sys=0.00, real=0.16 secs] 
504.451: [GC [PSYoungGen: 451136K->133120K(466432K)] 1375599K->1221647K(1864192K), 0.1814010 secs] [Times: user=0.64 sys=0.00, real=0.18 secs] 
504.890: [GC [PSYoungGen: 366592K->171968K(405504K)] 1455119K->1369703K(1803264K), 0.1499740 secs] [Times: user=0.53 sys=0.00, real=0.15 secs] 
505.281: [GC [PSYoungGen: 405440K->177088K(465408K)] 1603175K->1510543K(1863168K), 0.1683634 secs] [Times: user=0.65 sys=0.00, real=0.17 secs] 
505.450: [Full GC [PSYoungGen: 177088K->0K(465408K)] [ParOldGen: 1333455K->169006K(1397760K)] 1510543K->169006K(1863168K) [PSPermGen: 7373K->7373K(21504K)], 0.7248867 secs] [Times: user=2.42 sys=0.00, real=0.73 secs] 
506.413: [GC [PSYoungGen: 233984K->176192K(464896K)] 402990K->345198K(1862656K), 0.0833297 secs] [Times: user=0.36 sys=0.00, real=0.08 secs] 
506.735: [GC [PSYoungGen: 410176K->97216K(463360K)] 579182K->426230K(1861120K), 0.1916595 secs] [Times: user=0.55 sys=0.00, real=0.19 secs] 
507.166: [GC [PSYoungGen: 330688K->189952K(466432K)] 659702K->594662K(1864192K), 0.1395522 secs] [Times: user=0.51 sys=0.00, real=0.14 secs] 
507.540: [GC [PSYoungGen: 423424K->100000K(466432K)] 828134K->675710K(1864192K), 0.1639269 secs] [Times: user=0.59 sys=0.00, real=0.16 secs] 
507.931: [GC [PSYoungGen: 333472K->163872K(466432K)] 909182K->823758K(1864192K), 0.1422985 secs] [Times: user=0.51 sys=0.00, real=0.14 secs] 
508.286: [GC [PSYoungGen: 397344K->127072K(466432K)] 1057230K->929398K(1864192K), 0.1785706 secs] [Times: user=0.58 sys=0.00, real=0.18 secs] 
508.697: [GC [PSYoungGen: 360544K->96512K(466432K)] 1162870K->1007918K(1864192K), 0.1273918 secs] [Times: user=0.45 sys=0.00, real=0.13 secs] 
509.061: [GC [PSYoungGen: 329984K->189984K(466432K)] 1241390K->1182110K(1864192K), 0.1368148 secs] [Times: user=0.53 sys=0.02, real=0.14 secs] 
509.431: [GC [PSYoungGen: 423456K->159328K(466432K)] 1415582K->1301310K(1864192K), 0.1904895 secs] [Times: user=0.65 sys=0.00, real=0.19 secs] 
509.840: [GC [PSYoungGen: 392800K->87712K(466432K)] 1534782K->1368958K(1864192K), 0.1368572 secs] [Times: user=0.52 sys=0.00, real=0.14 secs] 
509.978: [Full GC [PSYoungGen: 87712K->0K(466432K)] [ParOldGen: 1281246K->166270K(1397760K)] 1368958K->166270K(1864192K) [PSPermGen: 7373K->7373K(21504K)], 0.8118081 secs] [Times: user=2.28 sys=0.00, real=0.81 secs] 
511.023: [GC [PSYoungGen: 233472K->124448K(358400K)] 399742K->290718K(1756160K), 0.0689656 secs] [Times: user=0.23 sys=0.00, real=0.07 secs] 
511.314: [GC [PSYoungGen: 357920K->145984K(473600K)] 524190K->423606K(1871360K), 0.1455471 secs] [Times: user=0.44 sys=0.00, real=0.15 secs] 
511.690: [GC [PSYoungGen: 387136K->53280K(465920K)] 664758K->466622K(1863680K), 0.1492289 secs] [Times: user=0.41 sys=0.00, real=0.15 secs] 
512.062: [GC [PSYoungGen: 294432K->159808K(467968K)] 707774K->615662K(1865728K), 0.1082102 secs] [Times: user=0.33 sys=0.00, real=0.11 secs] 
512.392: [GC [PSYoungGen: 395840K->146080K(382464K)] 851694K->733894K(1780224K), 0.2410522 secs] [Times: user=0.55 sys=0.00, real=0.24 secs] 
512.905: [GC [PSYoungGen: 382112K->110080K(465408K)] 969926K->825886K(1863168K), 0.1454999 secs] [Times: user=0.52 sys=0.00, real=0.15 secs] 
513.275: [GC [PSYoungGen: 350208K->143840K(461312K)] 1066014K->957110K(1859072K), 0.1335210 secs] [Times: user=0.55 sys=0.00, real=0.13 secs] 
513.648: [GC [PSYoungGen: 383968K->147424K(472576K)] 1197238K->1077166K(1870336K), 0.1496507 secs] [Times: user=0.56 sys=0.00, real=0.15 secs] 
514.040: [GC [PSYoungGen: 403936K->159680K(468992K)] 1333678K->1206118K(1866752K), 0.1979103 secs] [Times: user=0.61 sys=0.00, real=0.20 secs] 
514.483: [GC [PSYoungGen: 416192K->123712K(479232K)] 1462630K->1305230K(1876992K), 0.1531173 secs] [Times: user=0.53 sys=0.00, real=0.15 secs] 
514.889: [GC [PSYoungGen: 397120K->141024K(481792K)] 1578638K->1425454K(1879552K), 0.1629721 secs] [Times: user=0.44 sys=0.00, real=0.16 secs] 
515.052: [Full GC [PSYoungGen: 141024K->0K(481792K)] [ParOldGen: 1284430K->166565K(1397760K)] 1425454K->166565K(1879552K) [PSPermGen: 7373K->7373K(21504K)], 0.6304518 secs] [Times: user=2.25 sys=0.02, real=0.63 secs] 
515.956: [GC [PSYoungGen: 273408K->128800K(483840K)] 439973K->295365K(1881600K), 0.0810988 secs] [Times: user=0.28 sys=0.00, real=0.08 secs] 
516.305: [GC [PSYoungGen: 417056K->183776K(485888K)] 583621K->454149K(1883648K), 0.1545429 secs] [Times: user=0.50 sys=0.00, real=0.15 secs] 
516.749: [GC [PSYoungGen: 472032K->165792K(485376K)] 742405K->566157K(1883136K), 0.1825305 secs] [Times: user=0.64 sys=0.00, real=0.18 secs] 
517.197: [GC [PSYoungGen: 442272K->148032K(424960K)] 842637K->672229K(1822720K), 0.2353200 secs] [Times: user=0.58 sys=0.00, real=0.24 secs] 
517.713: [GC [PSYoungGen: 424512K->158560K(485376K)] 948709K->795805K(1883136K), 0.1484586 secs] [Times: user=0.53 sys=0.00, real=0.15 secs] 
518.126: [GC [PSYoungGen: 438112K->160960K(484864K)] 1075357K->911661K(1882624K), 0.1558325 secs] [Times: user=0.53 sys=0.00, real=0.16 secs] 
518.549: [GC [PSYoungGen: 440512K->120800K(493056K)] 1191213K->1004061K(1890816K), 0.1804728 secs] [Times: user=0.61 sys=0.00, real=0.18 secs] 
518.981: [GC [PSYoungGen: 410080K->125920K(415232K)] 1293341K->1109389K(1812992K), 0.1570577 secs] [Times: user=0.50 sys=0.00, real=0.16 secs] 
519.406: [GC [PSYoungGen: 415200K->163104K(490496K)] 1398669K->1242053K(1888256K), 0.1578643 secs] [Times: user=0.51 sys=0.00, real=0.16 secs] 
519.834: [GC [PSYoungGen: 452896K->107776K(492544K)] 1531845K->1328917K(1890304K), 0.1656001 secs] [Times: user=0.51 sys=0.00, real=0.17 secs] 
520.286: [GC [PSYoungGen: 397568K->202944K(463360K)] 1618709K->1505581K(1861120K), 0.1488771 secs] [Times: user=0.53 sys=0.00, real=0.15 secs] 
520.435: [Full GC [PSYoungGen: 202944K->0K(463360K)] [ParOldGen: 1302637K->159532K(1397760K)] 1505581K->159532K(1861120K) [PSPermGen: 7373K->7373K(21504K)], 0.6657514 secs] [Times: user=2.34 sys=0.00, real=0.66 secs] 
521.342: [GC [PSYoungGen: 260096K->128320K(479744K)] 419628K->287852K(1877504K), 0.0805125 secs] [Times: user=0.27 sys=0.00, real=0.08 secs] 
521.668: [GC [PSYoungGen: 388416K->98976K(477184K)] 547948K->376492K(1874944K), 0.1619503 secs] [Times: user=0.58 sys=0.00, real=0.16 secs] 
522.080: [GC [PSYoungGen: 362656K->176832K(440832K)] 640172K->532516K(1838592K), 0.1474842 secs] [Times: user=0.48 sys=0.00, real=0.15 secs] 
522.468: [GC [PSYoungGen: 440512K->114464K(479744K)] 796196K->618764K(1877504K), 0.1662819 secs] [Times: user=0.55 sys=0.00, real=0.17 secs] 
522.865: [GC [PSYoungGen: 371488K->99840K(356864K)] 875788K->705324K(1754624K), 0.1459181 secs] [Times: user=0.45 sys=0.00, real=0.15 secs] 
523.246: [GC [PSYoungGen: 356864K->148608K(480256K)] 962348K->839284K(1878016K), 0.1536985 secs] [Times: user=0.48 sys=0.00, real=0.15 secs] 
523.633: [GC [PSYoungGen: 409728K->89056K(476160K)] 1100404K->915356K(1873920K), 0.1463171 secs] [Times: user=0.59 sys=0.00, real=0.15 secs] 
524.038: [GC [PSYoungGen: 350176K->194784K(454656K)] 1176476K->1093612K(1852416K), 0.1947342 secs] [Times: user=0.55 sys=0.00, real=0.19 secs] 
524.456: [GC [PSYoungGen: 433376K->119936K(468992K)] 1332204K->1186364K(1866752K), 0.1872307 secs] [Times: user=0.69 sys=0.00, real=0.19 secs] 
524.901: [GC [PSYoungGen: 358528K->158432K(461312K)] 1424956K->1324684K(1859072K), 0.1566622 secs] [Times: user=0.55 sys=0.00, real=0.16 secs] 
525.299: [GC [PSYoungGen: 402656K->168960K(467968K)] 1568908K->1459164K(1865728K), 0.1991788 secs] [Times: user=0.70 sys=0.00, real=0.20 secs] 
525.498: [Full GC [PSYoungGen: 168960K->0K(467968K)] [ParOldGen: 1290204K->164398K(1397760K)] 1459164K->164398K(1865728K) [PSPermGen: 7373K->7373K(21504K)], 0.6794564 secs] [Times: user=2.31 sys=0.00, real=0.68 secs] 
526.403: [GC [PSYoungGen: 244224K->105888K(473600K)] 408622K->270286K(1871360K), 0.0700734 secs] [Times: user=0.19 sys=0.00, real=0.07 secs] 
526.717: [GC [PSYoungGen: 354720K->141504K(390656K)] 519118K->395846K(1788416K), 0.1463954 secs] [Times: user=0.47 sys=0.00, real=0.15 secs] 
527.104: [GC [PSYoungGen: 390336K->157760K(467968K)] 644678K->532774K(1865728K), 0.1606886 secs] [Times: user=0.39 sys=0.00, real=0.16 secs] 
527.509: [GC [PSYoungGen: 409152K->125944K(466944K)] 784166K->639494K(1864704K), 0.1654230 secs] [Times: user=0.55 sys=0.00, real=0.17 secs] 
527.903: [GC [PSYoungGen: 377336K->131392K(478208K)] 890886K->751094K(1875968K), 0.1305977 secs] [Times: user=0.45 sys=0.00, real=0.13 secs] 
528.305: [GC [PSYoungGen: 404288K->194400K(478208K)] 1023990K->918886K(1875968K), 0.1710478 secs] [Times: user=0.59 sys=0.00, real=0.17 secs] 
528.758: [GC [PSYoungGen: 467296K->152192K(484864K)] 1191782K->1015166K(1882624K), 0.1736690 secs] [Times: user=0.59 sys=0.00, real=0.17 secs] 
529.169: [GC [PSYoungGen: 417920K->116768K(382976K)] 1280894K->1102942K(1780736K), 0.1446920 secs] [Times: user=0.55 sys=0.00, real=0.14 secs] 
529.581: [GC [PSYoungGen: 382496K->131104K(483328K)] 1368670K->1215246K(1881088K), 0.1484307 secs] [Times: user=0.42 sys=0.00, real=0.15 secs] 
529.993: [GC [PSYoungGen: 401952K->180864K(478208K)] 1486094K->1370630K(1875968K), 0.1514403 secs] [Times: user=0.62 sys=0.00, real=0.15 secs] 
530.404: [GC [PSYoungGen: 451712K->158496K(485888K)] 1641478K->1483886K(1883648K), 0.1678015 secs] [Times: user=0.66 sys=0.00, real=0.17 secs] 
530.572: [Full GC [PSYoungGen: 158496K->0K(485888K)] [ParOldGen: 1325390K->166356K(1397760K)] 1483886K->166356K(1883648K) [PSPermGen: 7373K->7373K(21504K)], 0.6649872 secs] [Times: user=2.29 sys=0.00, real=0.67 secs] 
531.522: [GC [PSYoungGen: 270336K->137286K(408064K)] 436692K->303642K(1805824K), 0.0743659 secs] [Times: user=0.28 sys=0.00, real=0.08 secs] 
531.864: [GC [PSYoungGen: 407622K->196448K(466432K)] 573978K->475284K(1864192K), 0.1924988 secs] [Times: user=0.59 sys=0.00, real=0.19 secs] 
532.295: [GC [PSYoungGen: 454496K->139328K(478720K)] 733332K->566836K(1876480K), 0.2080678 secs] [Times: user=0.56 sys=0.01, real=0.21 secs] 
532.744: [GC [PSYoungGen: 397376K->89248K(475648K)] 824884K->637948K(1873408K), 0.1190912 secs] [Times: user=0.47 sys=0.00, real=0.12 secs] 
533.103: [GC [PSYoungGen: 349344K->159936K(479744K)] 898044K->783732K(1877504K), 0.1587434 secs] [Times: user=0.47 sys=0.00, real=0.16 secs] 
533.516: [GC [PSYoungGen: 420032K->96344K(479232K)] 1043828K->861660K(1876992K), 0.1431349 secs] [Times: user=0.51 sys=0.00, real=0.14 secs] 
533.897: [GC [PSYoungGen: 357464K->107680K(369152K)] 1122780K->958100K(1766912K), 0.1133516 secs] [Times: user=0.44 sys=0.00, real=0.11 secs] 
534.270: [GC [PSYoungGen: 368800K->195840K(455168K)] 1219220K->1127804K(1852928K), 0.1446856 secs] [Times: user=0.53 sys=0.00, real=0.14 secs] 
534.645: [GC [PSYoungGen: 434432K->112672K(468992K)] 1366396K->1217516K(1866752K), 0.2059607 secs] [Times: user=0.58 sys=0.00, real=0.21 secs] 
535.073: [GC [PSYoungGen: 351264K->136256K(449024K)] 1456108K->1335908K(1846784K), 0.1407113 secs] [Times: user=0.50 sys=0.00, real=0.14 secs] 
535.437: [GC [PSYoungGen: 378432K->131520K(460800K)] 1578084K->1451884K(1858560K), 0.1899526 secs] [Times: user=0.58 sys=0.00, real=0.19 secs] 
535.628: [Full GC [PSYoungGen: 131520K->0K(460800K)] [ParOldGen: 1320364K->162624K(1397760K)] 1451884K->162624K(1858560K) [PSPermGen: 7373K->7373K(21504K)], 0.7325907 secs] [Times: user=2.17 sys=0.00, real=0.73 secs] 
536.617: [GC [PSYoungGen: 242176K->110432K(470016K)] 404800K->273056K(1867776K), 0.0542411 secs] [Times: user=0.16 sys=0.00, real=0.05 secs] 
536.924: [GC [PSYoungGen: 378720K->164832K(478208K)] 541344K->424664K(1875968K), 0.1852352 secs] [Times: user=0.50 sys=0.00, real=0.18 secs] 
537.359: [GC [PSYoungGen: 433120K->149120K(485376K)] 692952K->546880K(1883136K), 0.1724009 secs] [Times: user=0.56 sys=0.00, real=0.17 secs] 
537.818: [GC [PSYoungGen: 425600K->171648K(448512K)] 823360K->682168K(1846272K), 0.1499871 secs] [Times: user=0.56 sys=0.00, real=0.15 secs] 
538.243: [GC [PSYoungGen: 448128K->172992K(477696K)] 958648K->808416K(1875456K), 0.1608245 secs] [Times: user=0.59 sys=0.00, real=0.16 secs] 
538.670: [GC [PSYoungGen: 436160K->143392K(407040K)] 1071584K->895456K(1804800K), 0.1448614 secs] [Times: user=0.61 sys=0.00, real=0.14 secs] 
539.082: [GC [PSYoungGen: 406560K->177120K(473088K)] 1158624K->1025512K(1870848K), 0.1464993 secs] [Times: user=0.55 sys=0.00, real=0.15 secs] 
539.506: [GC [PSYoungGen: 438752K->168248K(478208K)] 1287144K->1131552K(1875968K), 0.1738002 secs] [Times: user=0.61 sys=0.00, real=0.17 secs] 
539.933: [GC [PSYoungGen: 429880K->149984K(470016K)] 1393184K->1223104K(1867776K), 0.1490570 secs] [Times: user=0.62 sys=0.00, real=0.15 secs] 
540.349: [GC [PSYoungGen: 415712K->172704K(476160K)] 1488832K->1352192K(1873920K), 0.1522235 secs] [Times: user=0.59 sys=0.00, real=0.15 secs] 
540.774: [GC [PSYoungGen: 438432K->151360K(479232K)] 1617920K->1457384K(1876992K), 0.1506215 secs] [Times: user=0.61 sys=0.00, real=0.15 secs] 
540.925: [Full GC [PSYoungGen: 151360K->0K(479232K)] [ParOldGen: 1306024K->165901K(1397760K)] 1457384K->165901K(1876992K) [PSPermGen: 7373K->7373K(21504K)], 0.6608547 secs] [Times: user=2.37 sys=0.00, real=0.66 secs] 
541.865: [GC [PSYoungGen: 275968K->164160K(482816K)] 441869K->330061K(1880576K), 0.0813868 secs] [Times: user=0.30 sys=0.00, real=0.08 secs] 
542.223: [GC [PSYoungGen: 440128K->190304K(477184K)] 606029K->488893K(1874944K), 0.1885437 secs] [Times: user=0.67 sys=0.00, real=0.19 secs] 
542.685: [GC [PSYoungGen: 461664K->132160K(485376K)] 760253K->569381K(1883136K), 0.1675032 secs] [Times: user=0.42 sys=0.00, real=0.17 secs] 
543.101: [GC [PSYoungGen: 403520K->152704K(473088K)] 840741K->692181K(1870848K), 0.1452943 secs] [Times: user=0.61 sys=0.00, real=0.14 secs] 
543.534: [GC [PSYoungGen: 425088K->184988K(479744K)] 964565K->837545K(1877504K), 0.1872627 secs] [Times: user=0.59 sys=0.00, real=0.19 secs] 
543.996: [GC [PSYoungGen: 457372K->165888K(488448K)] 1109929K->929453K(1886208K), 0.1515227 secs] [Times: user=0.52 sys=0.00, real=0.15 secs] 
544.428: [GC [PSYoungGen: 440832K->166688K(441856K)] 1204397K->1016349K(1839616K), 0.1496263 secs] [Times: user=0.56 sys=0.00, real=0.15 secs] 
544.862: [GC [PSYoungGen: 441632K->146176K(486912K)] 1291293K->1094869K(1884672K), 0.1334463 secs] [Times: user=0.51 sys=0.00, real=0.13 secs] 
545.280: [GC [PSYoungGen: 424192K->181920K(483840K)] 1372885K->1221645K(1881600K), 0.1427680 secs] [Times: user=0.56 sys=0.00, real=0.14 secs] 
545.704: [GC [PSYoungGen: 459936K->140992K(491008K)] 1499661K->1292685K(1888768K), 0.1408411 secs] [Times: user=0.51 sys=0.00, real=0.14 secs] 
546.128: [GC [PSYoungGen: 422080K->187392K(468480K)] 1573773K->1423109K(1866240K), 0.1416346 secs] [Times: user=0.56 sys=0.00, real=0.14 secs] 
546.564: [GC [PSYoungGen: 468480K->136608K(486400K)] 1704197K->1495293K(1884160K), 0.1705292 secs] [Times: user=0.51 sys=0.00, real=0.17 secs] 
546.734: [Full GC [PSYoungGen: 136608K->0K(486400K)] [ParOldGen: 1358685K->158948K(1397760K)] 1495293K->158948K(1884160K) [PSPermGen: 7374K->7374K(21504K)], 0.6659759 secs] [Times: user=2.26 sys=0.00, real=0.67 secs] 
547.675: [GC [PSYoungGen: 272384K->182912K(455680K)] 431332K->341860K(1853440K), 0.0872579 secs] [Times: user=0.34 sys=0.00, real=0.09 secs] 
548.040: [GC [PSYoungGen: 455296K->188832K(473600K)] 614244K->484036K(1871360K), 0.1741867 secs] [Times: user=0.69 sys=0.00, real=0.17 secs] 
548.480: [GC [PSYoungGen: 445856K->160704K(417792K)] 741060K->567924K(1815552K), 0.1467626 secs] [Times: user=0.58 sys=0.00, real=0.15 secs] 
548.882: [GC [PSYoungGen: 417728K->149152K(480256K)] 824948K->669332K(1878016K), 0.1635754 secs] [Times: user=0.56 sys=0.00, real=0.16 secs] 
549.311: [GC [PSYoungGen: 413344K->178784K(477696K)] 933524K->806100K(1875456K), 0.1554535 secs] [Times: user=0.56 sys=0.00, real=0.15 secs] 
549.732: [GC [PSYoungGen: 442976K->132640K(484352K)] 1070292K->893740K(1882112K), 0.1475410 secs] [Times: user=0.61 sys=0.00, real=0.15 secs] 
550.152: [GC [PSYoungGen: 402464K->189632K(459776K)] 1163564K->1045636K(1857536K), 0.1460512 secs] [Times: user=0.56 sys=0.00, real=0.15 secs] 
550.577: [GC [PSYoungGen: 459456K->154432K(483328K)] 1315460K->1136900K(1881088K), 0.1666940 secs] [Times: user=0.56 sys=0.00, real=0.17 secs] 
551.004: [GC [PSYoungGen: 417600K->164384K(428032K)] 1400068K->1247900K(1825792K), 0.1460246 secs] [Times: user=0.56 sys=0.00, real=0.15 secs] 
551.421: [GC [PSYoungGen: 427552K->176064K(474624K)] 1511068K->1362644K(1872384K), 0.1570272 secs] [Times: user=0.59 sys=0.00, real=0.16 secs] 
551.852: [GC [PSYoungGen: 439232K->152288K(474624K)] 1625812K->1448068K(1872384K), 0.1445836 secs] [Times: user=0.61 sys=0.00, real=0.14 secs] 
551.997: [Full GC [PSYoungGen: 152288K->0K(474624K)] [ParOldGen: 1295780K->168038K(1397760K)] 1448068K->168038K(1872384K) [PSPermGen: 7374K->7374K(21504K)], 0.6836534 secs] [Times: user=2.39 sys=0.00, real=0.68 secs] 
552.951: [GC [PSYoungGen: 263168K->165696K(483328K)] 431206K->333734K(1881088K), 0.0801863 secs] [Times: user=0.26 sys=0.00, real=0.08 secs] 
553.305: [GC [PSYoungGen: 444736K->187168K(484352K)] 612774K->487262K(1882112K), 0.1733868 secs] [Times: user=0.66 sys=0.00, real=0.17 secs] 
553.765: [GC [PSYoungGen: 466208K->156320K(491008K)] 766302K->581014K(1888768K), 0.1553710 secs] [Times: user=0.62 sys=0.00, real=0.15 secs] 
554.205: [GC [PSYoungGen: 438944K->175328K(489472K)] 863638K->691934K(1887232K), 0.1593358 secs] [Times: user=0.51 sys=0.00, real=0.16 secs] 
554.662: [GC [PSYoungGen: 457952K->163232K(486912K)] 974558K->784006K(1884672K), 0.1502145 secs] [Times: user=0.58 sys=0.00, real=0.15 secs] 
555.097: [GC [PSYoungGen: 448928K->168064K(488960K)] 1069702K->874294K(1886720K), 0.1346025 secs] [Times: user=0.55 sys=0.00, real=0.13 secs] 
555.540: [GC [PSYoungGen: 453760K->165756K(491008K)] 1159990K->953338K(1888768K), 0.1398642 secs] [Times: user=0.53 sys=0.00, real=0.14 secs] 
555.972: [GC [PSYoungGen: 461692K->164192K(493056K)] 1249274K->1031910K(1890816K), 0.1325566 secs] [Times: user=0.55 sys=0.00, real=0.13 secs] 
556.402: [GC [PSYoungGen: 460128K->169408K(500224K)] 1327846K->1114990K(1897984K), 0.1383219 secs] [Times: user=0.53 sys=0.00, real=0.14 secs] 
556.859: [GC [PSYoungGen: 477632K->157728K(500736K)] 1423214K->1183710K(1898496K), 0.1300464 secs] [Times: user=0.51 sys=0.00, real=0.13 secs] 
557.303: [GC [PSYoungGen: 465952K->176128K(504832K)] 1491934K->1272646K(1902592K), 0.1380836 secs] [Times: user=0.45 sys=0.00, real=0.14 secs] 
557.767: [GC [PSYoungGen: 489472K->154496K(506368K)] 1585990K->1320446K(1904128K), 0.1261458 secs] [Times: user=0.47 sys=0.00, real=0.13 secs] 
558.208: [GC [PSYoungGen: 467840K->173568K(506368K)] 1633790K->1405678K(1904128K), 0.1310210 secs] [Times: user=0.31 sys=0.00, real=0.13 secs] 
558.660: [GC [PSYoungGen: 487936K->161344K(476160K)] 1720046K->1465254K(1873920K), 0.1193683 secs] [Times: user=0.44 sys=0.00, real=0.12 secs] 
558.780: [Full GC [PSYoungGen: 161344K->0K(476160K)] [ParOldGen: 1303910K->166171K(1397760K)] 1465254K->166171K(1873920K) [PSPermGen: 7374K->7374K(21504K)], 0.6928298 secs] [Times: user=2.34 sys=0.02, real=0.69 secs] 
559.791: [GC [PSYoungGen: 314368K->190976K(467456K)] 480539K->394483K(1865216K), 0.1233003 secs] [Times: user=0.44 sys=0.00, real=0.12 secs] 
560.198: [GC [PSYoungGen: 467456K->207392K(484352K)] 670963K->558779K(1882112K), 0.1956813 secs] [Times: user=0.73 sys=0.00, real=0.20 secs] 
560.675: [GC [PSYoungGen: 483872K->153984K(475136K)] 835259K->639731K(1872896K), 0.1764968 secs] [Times: user=0.59 sys=0.00, real=0.18 secs] 
561.111: [GC [PSYoungGen: 414080K->166368K(479744K)] 899827K->748115K(1877504K), 0.1440647 secs] [Times: user=0.50 sys=0.00, real=0.14 secs] 
561.544: [GC [PSYoungGen: 426464K->163328K(472064K)] 1008211K->843739K(1869824K), 0.1479926 secs] [Times: user=0.51 sys=0.00, real=0.15 secs] 
561.951: [GC [PSYoungGen: 426496K->151360K(476672K)] 1106907K->940739K(1874432K), 0.1397975 secs] [Times: user=0.51 sys=0.00, real=0.14 secs] 
562.361: [GC [PSYoungGen: 414528K->180832K(484352K)] 1203907K->1068147K(1882112K), 0.1527328 secs] [Times: user=0.61 sys=0.00, real=0.15 secs] 
562.787: [GC [PSYoungGen: 453728K->142144K(485376K)] 1341043K->1146107K(1883136K), 0.1452289 secs] [Times: user=0.56 sys=0.00, real=0.15 secs] 
563.207: [GC [PSYoungGen: 415040K->178208K(485888K)] 1419003K->1269211K(1883648K), 0.1456321 secs] [Times: user=0.56 sys=0.00, real=0.15 secs] 
563.642: [GC [PSYoungGen: 451616K->153792K(427520K)] 1542619K->1363643K(1825280K), 0.1465724 secs] [Times: user=0.55 sys=0.00, real=0.15 secs] 
564.061: [GC [PSYoungGen: 427200K->175104K(486912K)] 1637051K->1489715K(1884672K), 0.1554900 secs] [Times: user=0.58 sys=0.00, real=0.16 secs] 
564.217: [Full GC [PSYoungGen: 175104K->0K(486912K)] [ParOldGen: 1314611K->166979K(1397760K)] 1489715K->166979K(1884672K) [PSPermGen: 7374K->7374K(21504K)], 0.6709734 secs] [Times: user=2.43 sys=0.00, real=0.67 secs] 
565.162: [GC [PSYoungGen: 275968K->154432K(485376K)] 442947K->321411K(1883136K), 0.0764968 secs] [Times: user=0.23 sys=0.00, real=0.08 secs] 
565.533: [GC [PSYoungGen: 430400K->201446K(474112K)] 597379K->494433K(1871872K), 0.1816146 secs] [Times: user=0.73 sys=0.00, real=0.18 secs] 
565.969: [GC [PSYoungGen: 467686K->146752K(482816K)] 760673K->576963K(1880576K), 0.1624557 secs] [Times: user=0.66 sys=0.00, real=0.16 secs] 
566.404: [GC [PSYoungGen: 412992K->187904K(478208K)] 843203K->713987K(1875968K), 0.1472950 secs] [Times: user=0.62 sys=0.00, real=0.15 secs] 
566.828: [GC [PSYoungGen: 450048K->156096K(480768K)] 976131K->797267K(1878528K), 0.1653111 secs] [Times: user=0.61 sys=0.00, real=0.16 secs] 
567.255: [GC [PSYoungGen: 418240K->164032K(472576K)] 1059411K->899427K(1870336K), 0.1419271 secs] [Times: user=0.53 sys=0.00, real=0.14 secs] 
567.664: [GC [PSYoungGen: 428736K->158080K(476672K)] 1164131K->1009931K(1874432K), 0.1490727 secs] [Times: user=0.55 sys=0.00, real=0.15 secs] 
568.069: [GC [PSYoungGen: 422784K->162304K(478720K)] 1274635K->1125235K(1876480K), 0.1460586 secs] [Times: user=0.56 sys=0.00, real=0.15 secs] 
568.512: [GC [PSYoungGen: 440320K->178688K(483840K)] 1403251K->1247163K(1881600K), 0.1505987 secs] [Times: user=0.61 sys=0.00, real=0.15 secs] 
568.913: [GC [PSYoungGen: 456704K->135936K(489984K)] 1525179K->1327931K(1887744K), 0.1572642 secs] [Times: user=0.53 sys=0.00, real=0.16 secs] 
569.359: [GC [PSYoungGen: 419584K->194496K(478208K)] 1611579K->1472331K(1875968K), 0.1456025 secs] [Times: user=0.55 sys=0.00, real=0.15 secs] 
569.505: [Full GC [PSYoungGen: 194496K->0K(478208K)] [ParOldGen: 1277835K->164511K(1397760K)] 1472331K->164511K(1875968K) [PSPermGen: 7374K->7374K(21504K)], 0.6538896 secs] [Times: user=2.34 sys=0.00, real=0.65 secs] 
570.458: [GC [PSYoungGen: 283648K->214848K(458752K)] 448159K->379359K(1856512K), 0.0987855 secs] [Times: user=0.37 sys=0.00, real=0.10 secs] 
570.811: [GC [PSYoungGen: 458560K->160224K(471552K)] 623071K->490391K(1869312K), 0.1853445 secs] [Times: user=0.66 sys=0.00, real=0.19 secs] 
571.234: [GC [PSYoungGen: 403936K->153888K(462848K)] 734103K->598527K(1860608K), 0.1503486 secs] [Times: user=0.53 sys=0.00, real=0.15 secs] 
571.653: [GC [PSYoungGen: 401184K->171552K(468992K)] 845823K->731791K(1866752K), 0.1509518 secs] [Times: user=0.50 sys=0.00, real=0.15 secs] 
572.055: [GC [PSYoungGen: 418848K->165472K(467456K)] 979087K->842991K(1865216K), 0.1507495 secs] [Times: user=0.62 sys=0.00, real=0.15 secs] 
572.463: [GC [PSYoungGen: 425568K->156864K(473600K)] 1103087K->946167K(1871360K), 0.1504034 secs] [Times: user=0.50 sys=0.00, real=0.15 secs] 
572.889: [GC [PSYoungGen: 416960K->169568K(476160K)] 1206263K->1067111K(1873920K), 0.1680500 secs] [Times: user=0.66 sys=0.00, real=0.17 secs] 
573.333: [GC [PSYoungGen: 444512K->168800K(482304K)] 1342055K->1170583K(1880064K), 0.1545000 secs] [Times: user=0.56 sys=0.00, real=0.16 secs] 
573.771: [GC [PSYoungGen: 443744K->162720K(484352K)] 1445527K->1268415K(1882112K), 0.1496003 secs] [Times: user=0.47 sys=0.00, real=0.15 secs] 
574.212: [GC [PSYoungGen: 450976K->171584K(489472K)] 1556671K->1366215K(1887232K), 0.1573316 secs] [Times: user=0.53 sys=0.00, real=0.16 secs] 
574.674: [GC [PSYoungGen: 459840K->156704K(494080K)] 1654471K->1434927K(1891840K), 0.1326503 secs] [Times: user=0.55 sys=0.00, real=0.13 secs] 
574.807: [Full GC [PSYoungGen: 156704K->0K(494080K)] [ParOldGen: 1278223K->165198K(1397760K)] 1434927K->165198K(1891840K) [PSPermGen: 7374K->7374K(21504K)], 0.6666873 secs] [Times: user=2.34 sys=0.00, real=0.67 secs] 
575.777: [GC [PSYoungGen: 299008K->198144K(497152K)] 464206K->368990K(1894912K), 0.0974519 secs] [Times: user=0.34 sys=0.00, real=0.10 secs] 
576.177: [GC [PSYoungGen: 497152K->192544K(475648K)] 667998K->504854K(1873408K), 0.1975797 secs] [Times: user=0.64 sys=0.00, real=0.20 secs] 
576.666: [GC [PSYoungGen: 465952K->149248K(486400K)] 778262K->559830K(1884160K), 0.1360073 secs] [Times: user=0.55 sys=0.00, real=0.14 secs] 
577.081: [GC [PSYoungGen: 422656K->177216K(483328K)] 833238K->670902K(1881088K), 0.1319999 secs] [Times: user=0.45 sys=0.00, real=0.13 secs] 
577.483: [GC [PSYoungGen: 450624K->160704K(484864K)] 944310K->755270K(1882624K), 0.1417610 secs] [Times: user=0.53 sys=0.00, real=0.14 secs] 
577.912: [GC [PSYoungGen: 434112K->159776K(484864K)] 1028678K->847006K(1882624K), 0.1522135 secs] [Times: user=0.59 sys=0.00, real=0.15 secs] 
578.344: [GC [PSYoungGen: 438816K->171456K(485888K)] 1126046K->950886K(1883648K), 0.1670314 secs] [Times: user=0.62 sys=0.00, real=0.17 secs] 
578.795: [GC [PSYoungGen: 450496K->140352K(489984K)] 1229926K->1031846K(1887744K), 0.1471401 secs] [Times: user=0.58 sys=0.00, real=0.15 secs] 
579.232: [GC [PSYoungGen: 426048K->188224K(474112K)] 1317542K->1174534K(1871872K), 0.1565513 secs] [Times: user=0.56 sys=0.00, real=0.16 secs] 
579.687: [GC [PSYoungGen: 473920K->148864K(490496K)] 1460230K->1243166K(1888256K), 0.1408213 secs] [Times: user=0.52 sys=0.00, real=0.14 secs] 
580.111: [GC [PSYoungGen: 429440K->175968K(456704K)] 1523742K->1359006K(1854464K), 0.1396692 secs] [Times: user=0.56 sys=0.00, real=0.14 secs] 
580.545: [GC [PSYoungGen: 456544K->160102K(492032K)] 1639582K->1441892K(1889792K), 0.1446436 secs] [Times: user=0.53 sys=0.00, real=0.15 secs] 
580.690: [Full GC [PSYoungGen: 160102K->0K(492032K)] [ParOldGen: 1281790K->168487K(1397760K)] 1441892K->168487K(1889792K) [PSPermGen: 7378K->7378K(21504K)], 0.7044309 secs] [Times: user=2.50 sys=0.00, real=0.70 secs] 
581.682: [GC [PSYoungGen: 283648K->196492K(480256K)] 452135K->364979K(1878016K), 0.1024609 secs] [Times: user=0.34 sys=0.00, real=0.10 secs] 
582.075: [GC [PSYoungGen: 480140K->185248K(483840K)] 648627K->494787K(1881600K), 0.1811611 secs] [Times: user=0.64 sys=0.00, real=0.18 secs] 
582.537: [GC [PSYoungGen: 456608K->154534K(485376K)] 766147K->568625K(1883136K), 0.1503110 secs] [Times: user=0.58 sys=0.00, real=0.15 secs] 
582.964: [GC [PSYoungGen: 425894K->176288K(482304K)] 839985K->682019K(1880064K), 0.1407985 secs] [Times: user=0.52 sys=0.00, real=0.14 secs] 
583.367: [GC [PSYoungGen: 449184K->149760K(483840K)] 954915K->761395K(1881600K), 0.1438399 secs] [Times: user=0.61 sys=0.00, real=0.14 secs] 
583.795: [GC [PSYoungGen: 422656K->156640K(482816K)] 1034291K->870027K(1880576K), 0.1440634 secs] [Times: user=0.56 sys=0.00, real=0.14 secs] 
584.222: [GC [PSYoungGen: 434656K->182400K(485888K)] 1148043K->1001771K(1883648K), 0.1530660 secs] [Times: user=0.58 sys=0.00, real=0.15 secs] 
584.652: [GC [PSYoungGen: 460416K->147392K(489984K)] 1279787K->1081531K(1887744K), 0.1411019 secs] [Times: user=0.55 sys=0.00, real=0.14 secs] 
585.080: [GC [PSYoungGen: 427456K->190784K(471040K)] 1361595K->1215547K(1868800K), 0.1617668 secs] [Times: user=0.61 sys=0.00, real=0.16 secs] 
585.535: [GC [PSYoungGen: 470848K->158616K(487936K)] 1495611K->1282699K(1885696K), 0.1562065 secs] [Times: user=0.56 sys=0.00, real=0.16 secs] 
585.969: [GC [PSYoungGen: 432536K->169632K(443904K)] 1556619K->1376115K(1841664K), 0.1381077 secs] [Times: user=0.55 sys=0.00, real=0.14 secs] 
586.373: [GC [PSYoungGen: 443552K->151520K(482304K)] 1650035K->1455547K(1880064K), 0.1398325 secs] [Times: user=0.51 sys=0.00, real=0.14 secs] 
586.513: [Full GC [PSYoungGen: 151520K->0K(482304K)] [ParOldGen: 1304027K->165661K(1397760K)] 1455547K->165661K(1880064K) [PSPermGen: 7378K->7378K(21504K)], 0.6656334 secs] [Times: user=2.40 sys=0.00, real=0.67 secs] 
587.466: [GC [PSYoungGen: 274944K->196256K(481280K)] 440605K->361917K(1879040K), 0.0957120 secs] [Times: user=0.34 sys=0.00, real=0.10 secs] 
587.857: [GC [PSYoungGen: 471200K->169568K(488960K)] 636861K->488157K(1886720K), 0.1879395 secs] [Times: user=0.70 sys=0.00, real=0.19 secs] 
588.325: [GC [PSYoungGen: 446048K->173952K(450560K)] 764637K->598589K(1848320K), 0.1484935 secs] [Times: user=0.61 sys=0.00, real=0.15 secs] 
588.745: [GC [PSYoungGen: 450432K->132000K(481280K)] 875069K->671477K(1879040K), 0.1403546 secs] [Times: user=0.51 sys=0.00, real=0.14 secs] 
589.169: [GC [PSYoungGen: 406432K->187744K(484352K)] 945909K->817325K(1882112K), 0.1564913 secs] [Times: user=0.47 sys=0.00, real=0.16 secs] 
589.611: [GC [PSYoungGen: 462176K->148480K(486912K)] 1091757K->909741K(1884672K), 0.1613422 secs] [Times: user=0.61 sys=0.00, real=0.16 secs] 
590.052: [GC [PSYoungGen: 421888K->185952K(459776K)] 1183149K->1045349K(1857536K), 0.1553797 secs] [Times: user=0.61 sys=0.00, real=0.15 secs] 
590.484: [GC [PSYoungGen: 459360K->156416K(486912K)] 1318757K->1113133K(1884672K), 0.1403508 secs] [Times: user=0.50 sys=0.00, real=0.14 secs] 
590.904: [GC [PSYoungGen: 428288K->153760K(425984K)] 1385005K->1202997K(1823744K), 0.1333430 secs] [Times: user=0.47 sys=0.00, real=0.13 secs] 
591.312: [GC [PSYoungGen: 425632K->173536K(483328K)] 1474869K->1323685K(1881088K), 0.1461035 secs] [Times: user=0.48 sys=0.00, real=0.15 secs] 
591.739: [GC [PSYoungGen: 446944K->154368K(481792K)] 1597093K->1413013K(1879552K), 0.1425204 secs] [Times: user=0.56 sys=0.00, real=0.14 secs] 
592.163: [GC [PSYoungGen: 427776K->177216K(486912K)] 1686421K->1524797K(1884672K), 0.1542803 secs] [Times: user=0.56 sys=0.00, real=0.15 secs] 
592.318: [Full GC [PSYoungGen: 177216K->0K(486912K)] [ParOldGen: 1347581K->163169K(1397760K)] 1524797K->163169K(1884672K) [PSPermGen: 7378K->7378K(21504K)], 0.6607290 secs] [Times: user=2.39 sys=0.00, real=0.66 secs] 
593.278: [GC [PSYoungGen: 280576K->206848K(487424K)] 443745K->388265K(1885184K), 0.1084937 secs] [Times: user=0.41 sys=0.00, real=0.11 secs] 
593.680: [GC [PSYoungGen: 487424K->174784K(471040K)] 668841K->517569K(1868800K), 0.1869731 secs] [Times: user=0.70 sys=0.00, real=0.19 secs] 
594.131: [GC [PSYoungGen: 433856K->173248K(479232K)] 776641K->634209K(1876992K), 0.1622758 secs] [Times: user=0.59 sys=0.00, real=0.16 secs] 
594.561: [GC [PSYoungGen: 432320K->142534K(477696K)] 893281K->727151K(1875456K), 0.1471083 secs] [Times: user=0.55 sys=0.00, real=0.15 secs] 
594.973: [GC [PSYoungGen: 406214K->183200K(480256K)] 990831K->858993K(1878016K), 0.1573303 secs] [Times: user=0.59 sys=0.00, real=0.16 secs] 
595.397: [GC [PSYoungGen: 446880K->155968K(479232K)] 1122673K->946377K(1876992K), 0.1474409 secs] [Times: user=0.55 sys=0.00, real=0.15 secs] 
595.820: [GC [PSYoungGen: 421696K->157376K(480768K)] 1212105K->1045897K(1878528K), 0.1357597 secs] [Times: user=0.52 sys=0.00, real=0.14 secs] 
596.226: [GC [PSYoungGen: 423104K->174304K(481280K)] 1311625K->1163441K(1879040K), 0.1612511 secs] [Times: user=0.56 sys=0.00, real=0.16 secs] 
596.672: [GC [PSYoungGen: 446176K->159424K(482304K)] 1435313K->1255737K(1880064K), 0.1429447 secs] [Times: user=0.62 sys=0.00, real=0.14 secs] 
597.089: [GC [PSYoungGen: 431296K->171968K(485376K)] 1527609K->1363633K(1883136K), 0.1532636 secs] [Times: user=0.59 sys=0.00, real=0.15 secs] 
597.545: [GC [PSYoungGen: 453056K->166840K(486400K)] 1644721K->1454361K(1884160K), 0.1520718 secs] [Times: user=0.58 sys=0.00, real=0.15 secs] 
597.697: [Full GC [PSYoungGen: 166840K->0K(486400K)] [ParOldGen: 1287521K->172402K(1397760K)] 1454361K->172402K(1884160K) [PSPermGen: 7378K->7378K(21504K)], 0.6999960 secs] [Times: user=2.56 sys=0.00, real=0.70 secs] 
598.667: [GC [PSYoungGen: 281088K->163852K(491520K)] 453490K->336254K(1889280K), 0.0830417 secs] [Times: user=0.36 sys=0.00, real=0.08 secs] 
599.052: [GC [PSYoungGen: 456204K->199168K(491520K)] 628606K->496406K(1889280K), 0.1754651 secs] [Times: user=0.66 sys=0.00, real=0.18 secs] 
599.530: [GC [PSYoungGen: 491520K->158272K(441344K)] 788758K->560862K(1839104K), 0.1489483 secs] [Times: user=0.47 sys=0.00, real=0.15 secs] 
599.904: [GC [PSYoungGen: 391744K->146432K(466432K)] 794334K->651358K(1864192K), 0.1379816 secs] [Times: user=0.47 sys=0.00, real=0.14 secs] 
600.285: [GC [PSYoungGen: 379904K->170208K(466432K)] 884830K->773782K(1864192K), 0.1594750 secs] [Times: user=0.56 sys=0.00, real=0.16 secs] 
600.680: [GC [PSYoungGen: 403680K->136032K(466432K)] 1007254K->874622K(1864192K), 0.1509509 secs] [Times: user=0.61 sys=0.00, real=0.15 secs] 
601.073: [GC [PSYoungGen: 369504K->179040K(466432K)] 1108094K->1021030K(1864192K), 0.1557209 secs] [Times: user=0.56 sys=0.00, real=0.16 secs] 
601.460: [GC [PSYoungGen: 412512K->157984K(466432K)] 1254502K->1135670K(1864192K), 0.1671777 secs] [Times: user=0.62 sys=0.00, real=0.17 secs] 
601.882: [GC [PSYoungGen: 391456K->155520K(464384K)] 1369142K->1256854K(1862144K), 0.1509778 secs] [Times: user=0.61 sys=0.00, real=0.15 secs] 
602.276: [GC [PSYoungGen: 388992K->179552K(465408K)] 1490326K->1394534K(1863168K), 0.1756479 secs] [Times: user=0.58 sys=0.00, real=0.18 secs] 
602.675: [GC [PSYoungGen: 413024K->97056K(462336K)] 1628006K->1470454K(1860096K), 0.1559993 secs] [Times: user=0.62 sys=0.00, real=0.16 secs] 
602.831: [Full GC [PSYoungGen: 97056K->0K(462336K)] [ParOldGen: 1373398K->165389K(1397760K)] 1470454K->165389K(1860096K) [PSPermGen: 7379K->7379K(21504K)], 0.6489220 secs] [Times: user=2.23 sys=0.00, real=0.65 secs] 
Heap
 PSYoungGen      total 462336K, used 52245K [0x00000007d5500000, 0x0000000800000000, 0x0000000800000000)
  eden space 232960K, 22% used [0x00000007d5500000,0x00000007d88057f0,0x00000007e3880000)
  from space 229376K, 0% used [0x00000007f1c00000,0x00000007f1c00000,0x00000007ffc00000)
  to   space 232960K, 0% used [0x00000007e3880000,0x00000007e3880000,0x00000007f1c00000)
 ParOldGen       total 1397760K, used 165389K [0x0000000780000000, 0x00000007d5500000, 0x00000007d5500000)
  object space 1397760K, 11% used [0x0000000780000000,0x000000078a1836a8,0x00000007d5500000)
 PSPermGen       total 21504K, used 7389K [0x000000077ae00000, 0x000000077c300000, 0x0000000780000000)
  object space 21504K, 34% used [0x000000077ae00000,0x000000077b537770,0x000000077c300000)
