0.115: [GC pause (young), 0.0051674 secs]
   [Parallel Time: 4.6 ms, GC Workers: 4]
      [GC Worker Start (ms): Min: 115.5, Avg: 115.5, Max: 115.5, Diff: 0.0]
      [Ext Root Scanning (ms): Min: 0.6, Avg: 0.7, Max: 0.7, Diff: 0.2, Sum: 2.6]
      [Update RS (ms): Min: 0.0, Avg: 0.0, Max: 0.0, Diff: 0.0, Sum: 0.0]
         [Processed Buffers: Min: 0, Avg: 3.5, Max: 14, Diff: 14, Sum: 14]
      [Scan RS (ms): Min: 0.0, Avg: 0.0, Max: 0.0, Diff: 0.0, Sum: 0.0]
      [Object Copy (ms): Min: 3.8, Avg: 3.9, Max: 3.9, Diff: 0.1, Sum: 15.5]
      [Termination (ms): Min: 0.0, Avg: 0.0, Max: 0.0, Diff: 0.0, Sum: 0.0]
      [GC Worker Other (ms): Min: 0.0, Avg: 0.0, Max: 0.1, Diff: 0.1, Sum: 0.2]
      [GC Worker Total (ms): Min: 4.6, Avg: 4.6, Max: 4.6, Diff: 0.0, Sum: 18.3]
      [GC Worker End (ms): Min: 120.1, Avg: 120.1, Max: 120.1, Diff: 0.0]
   [Code Root Fixup: 0.0 ms]
   [Clear CT: 0.2 ms]
   [Other: 0.3 ms]
      [Choose CSet: 0.0 ms]
      [Ref Proc: 0.1 ms]
      [Ref Enq: 0.0 ms]
      [Free CSet: 0.0 ms]
   [Eden: 12.0M(12.0M)->0.0B(10.0M) Survivors: 0.0B->2048.0K Heap: 12.0M(255.0M)->4640.0K(255.0M)]
 [Times: user=0.06 sys=0.00, real=0.00 secs] 
0.131: [GC pause (young), 0.0079696 secs]
   [Parallel Time: 7.7 ms, GC Workers: 4]
      [GC Worker Start (ms): Min: 131.6, Avg: 131.6, Max: 131.6, Diff: 0.0]
      [Ext Root Scanning (ms): Min: 0.5, Avg: 0.5, Max: 0.5, Diff: 0.0, Sum: 1.9]
      [Update RS (ms): Min: 0.7, Avg: 0.8, Max: 0.8, Diff: 0.0, Sum: 3.1]
         [Processed Buffers: Min: 5, Avg: 6.5, Max: 11, Diff: 6, Sum: 26]
      [Scan RS (ms): Min: 0.0, Avg: 0.0, Max: 0.0, Diff: 0.0, Sum: 0.0]
      [Object Copy (ms): Min: 6.4, Avg: 6.4, Max: 6.4, Diff: 0.0, Sum: 25.7]
      [Termination (ms): Min: 0.0, Avg: 0.0, Max: 0.0, Diff: 0.0, Sum: 0.0]
      [GC Worker Other (ms): Min: 0.0, Avg: 0.0, Max: 0.0, Diff: 0.0, Sum: 0.0]
      [GC Worker Total (ms): Min: 7.7, Avg: 7.7, Max: 7.7, Diff: 0.0, Sum: 30.7]
      [GC Worker End (ms): Min: 139.3, Avg: 139.3, Max: 139.3, Diff: 0.0]
   [Code Root Fixup: 0.0 ms]
   [Clear CT: 0.0 ms]
   [Other: 0.3 ms]
      [Choose CSet: 0.0 ms]
      [Ref Proc: 0.1 ms]
      [Ref Enq: 0.0 ms]
      [Free CSet: 0.0 ms]
   [Eden: 10.0M(10.0M)->0.0B(28.0M) Survivors: 2048.0K->2048.0K Heap: 14.5M(255.0M)->11.5M(255.0M)]
 [Times: user=0.06 sys=0.00, real=0.01 secs] 
0.167: [GC pause (young), 0.0226021 secs]
   [Parallel Time: 21.0 ms, GC Workers: 4]
      [GC Worker Start (ms): Min: 166.8, Avg: 166.8, Max: 166.8, Diff: 0.0]
      [Ext Root Scanning (ms): Min: 0.7, Avg: 0.7, Max: 0.7, Diff: 0.0, Sum: 2.7]
      [Update RS (ms): Min: 2.5, Avg: 2.5, Max: 2.6, Diff: 0.1, Sum: 10.2]
         [Processed Buffers: Min: 15, Avg: 25.3, Max: 41, Diff: 26, Sum: 101]
      [Scan RS (ms): Min: 0.0, Avg: 0.0, Max: 0.0, Diff: 0.0, Sum: 0.0]
      [Object Copy (ms): Min: 17.5, Avg: 17.6, Max: 17.6, Diff: 0.1, Sum: 70.4]
      [Termination (ms): Min: 0.0, Avg: 0.0, Max: 0.0, Diff: 0.0, Sum: 0.0]
      [GC Worker Other (ms): Min: 0.0, Avg: 0.0, Max: 0.0, Diff: 0.0, Sum: 0.0]
      [GC Worker Total (ms): Min: 20.8, Avg: 20.8, Max: 20.8, Diff: 0.0, Sum: 83.3]
      [GC Worker End (ms): Min: 187.6, Avg: 187.6, Max: 187.6, Diff: 0.0]
   [Code Root Fixup: 0.0 ms]
   [Clear CT: 0.5 ms]
   [Other: 1.1 ms]
      [Choose CSet: 0.0 ms]
      [Ref Proc: 0.8 ms]
      [Ref Enq: 0.0 ms]
      [Free CSet: 0.0 ms]
   [Eden: 28.0M(28.0M)->0.0B(19.0M) Survivors: 2048.0K->4096.0K Heap: 39.5M(255.0M)->34.0M(255.0M)]
 [Times: user=0.06 sys=0.00, real=0.02 secs] 
0.202: [GC pause (young), 0.0272038 secs]
   [Parallel Time: 23.2 ms, GC Workers: 4]
      [GC Worker Start (ms): Min: 202.1, Avg: 202.1, Max: 202.1, Diff: 0.0]
      [Ext Root Scanning (ms): Min: 0.8, Avg: 0.8, Max: 0.8, Diff: 0.0, Sum: 3.2]
      [Update RS (ms): Min: 7.1, Avg: 7.1, Max: 7.2, Diff: 0.1, Sum: 28.5]
         [Processed Buffers: Min: 39, Avg: 41.5, Max: 43, Diff: 4, Sum: 166]
      [Scan RS (ms): Min: 0.0, Avg: 0.0, Max: 0.0, Diff: 0.0, Sum: 0.0]
      [Object Copy (ms): Min: 14.7, Avg: 14.7, Max: 14.7, Diff: 0.0, Sum: 58.8]
      [Termination (ms): Min: 0.0, Avg: 0.0, Max: 0.0, Diff: 0.0, Sum: 0.0]
      [GC Worker Other (ms): Min: 0.0, Avg: 0.0, Max: 0.0, Diff: 0.0, Sum: 0.1]
      [GC Worker Total (ms): Min: 22.6, Avg: 22.6, Max: 22.6, Diff: 0.0, Sum: 90.6]
      [GC Worker End (ms): Min: 224.7, Avg: 224.7, Max: 224.7, Diff: 0.0]
   [Code Root Fixup: 0.0 ms]
   [Clear CT: 0.3 ms]
   [Other: 3.7 ms]
      [Choose CSet: 0.0 ms]
      [Ref Proc: 2.4 ms]
      [Ref Enq: 0.0 ms]
      [Free CSet: 0.0 ms]
   [Eden: 19.0M(19.0M)->0.0B(25.0M) Survivors: 4096.0K->3072.0K Heap: 53.0M(255.0M)->48.0M(510.0M)]
 [Times: user=0.08 sys=0.00, real=0.03 secs] 
0.271: [GC pause (young), 0.0207413 secs]
   [Parallel Time: 17.9 ms, GC Workers: 4]
      [GC Worker Start (ms): Min: 271.2, Avg: 271.2, Max: 271.2, Diff: 0.0]
      [Ext Root Scanning (ms): Min: 0.8, Avg: 0.8, Max: 0.8, Diff: 0.0, Sum: 3.2]
      [Update RS (ms): Min: 0.4, Avg: 0.4, Max: 0.5, Diff: 0.0, Sum: 1.8]
         [Processed Buffers: Min: 41, Avg: 63.3, Max: 81, Diff: 40, Sum: 253]
      [Scan RS (ms): Min: 1.3, Avg: 1.3, Max: 1.3, Diff: 0.1, Sum: 5.2]
      [Object Copy (ms): Min: 14.9, Avg: 15.0, Max: 15.0, Diff: 0.0, Sum: 59.8]
      [Termination (ms): Min: 0.0, Avg: 0.0, Max: 0.0, Diff: 0.0, Sum: 0.0]
      [GC Worker Other (ms): Min: 0.0, Avg: 0.0, Max: 0.0, Diff: 0.0, Sum: 0.1]
      [GC Worker Total (ms): Min: 17.5, Avg: 17.5, Max: 17.5, Diff: 0.0, Sum: 70.0]
      [GC Worker End (ms): Min: 288.7, Avg: 288.7, Max: 288.7, Diff: 0.0]
   [Code Root Fixup: 0.0 ms]
   [Clear CT: 0.0 ms]
   [Other: 2.8 ms]
      [Choose CSet: 0.0 ms]
      [Ref Proc: 1.3 ms]
      [Ref Enq: 0.0 ms]
      [Free CSet: 0.0 ms]
   [Eden: 25.0M(25.0M)->0.0B(36.0M) Survivors: 3072.0K->4096.0K Heap: 73.0M(510.0M)->65.5M(818.0M)]
 [Times: user=0.09 sys=0.02, real=0.02 secs] 
0.331: [GC pause (young), 0.0291893 secs]
   [Parallel Time: 25.8 ms, GC Workers: 4]
      [GC Worker Start (ms): Min: 331.2, Avg: 331.2, Max: 331.2, Diff: 0.0]
      [Ext Root Scanning (ms): Min: 0.8, Avg: 0.8, Max: 0.8, Diff: 0.0, Sum: 3.2]
      [Update RS (ms): Min: 0.7, Avg: 0.7, Max: 0.7, Diff: 0.0, Sum: 2.7]
         [Processed Buffers: Min: 119, Avg: 194.0, Max: 243, Diff: 124, Sum: 776]
      [Scan RS (ms): Min: 1.2, Avg: 1.2, Max: 1.2, Diff: 0.0, Sum: 4.9]
      [Object Copy (ms): Min: 22.9, Avg: 22.9, Max: 23.0, Diff: 0.0, Sum: 91.8]
      [Termination (ms): Min: 0.0, Avg: 0.0, Max: 0.0, Diff: 0.0, Sum: 0.0]
      [GC Worker Other (ms): Min: 0.0, Avg: 0.0, Max: 0.0, Diff: 0.0, Sum: 0.1]
      [GC Worker Total (ms): Min: 25.6, Avg: 25.7, Max: 25.7, Diff: 0.0, Sum: 102.6]
      [GC Worker End (ms): Min: 356.8, Avg: 356.8, Max: 356.8, Diff: 0.0]
   [Code Root Fixup: 0.0 ms]
   [Clear CT: 0.0 ms]
   [Other: 3.3 ms]
      [Choose CSet: 0.0 ms]
      [Ref Proc: 1.5 ms]
      [Ref Enq: 0.0 ms]
      [Free CSet: 0.0 ms]
   [Eden: 36.0M(36.0M)->0.0B(48.0M) Survivors: 4096.0K->5120.0K Heap: 101.5M(818.0M)->89.5M(1064.0M)]
 [Times: user=0.11 sys=0.01, real=0.03 secs] 
0.421: [GC pause (young), 0.0430739 secs]
   [Parallel Time: 41.6 ms, GC Workers: 4]
      [GC Worker Start (ms): Min: 421.0, Avg: 421.3, Max: 422.2, Diff: 1.1]
      [Ext Root Scanning (ms): Min: 0.4, Avg: 1.4, Max: 2.5, Diff: 2.1, Sum: 5.6]
      [Update RS (ms): Min: 0.0, Avg: 1.8, Max: 5.3, Diff: 5.3, Sum: 7.3]
         [Processed Buffers: Min: 16, Avg: 177.0, Max: 263, Diff: 247, Sum: 708]
      [Scan RS (ms): Min: 0.0, Avg: 0.3, Max: 0.4, Diff: 0.4, Sum: 1.3]
      [Object Copy (ms): Min: 34.9, Avg: 37.8, Max: 38.8, Diff: 3.9, Sum: 151.0]
      [Termination (ms): Min: 0.0, Avg: 0.0, Max: 0.0, Diff: 0.0, Sum: 0.0]
      [GC Worker Other (ms): Min: 0.0, Avg: 0.0, Max: 0.0, Diff: 0.0, Sum: 0.1]
      [GC Worker Total (ms): Min: 40.5, Avg: 41.3, Max: 41.6, Diff: 1.1, Sum: 165.3]
      [GC Worker End (ms): Min: 462.7, Avg: 462.7, Max: 462.7, Diff: 0.0]
   [Code Root Fixup: 0.0 ms]
   [Clear CT: 0.0 ms]
   [Other: 1.4 ms]
      [Choose CSet: 0.0 ms]
      [Ref Proc: 0.1 ms]
      [Ref Enq: 0.0 ms]
      [Free CSet: 0.0 ms]
   [Eden: 48.0M(48.0M)->0.0B(56.0M) Survivors: 5120.0K->7168.0K Heap: 137.5M(1064.0M)->127.5M(1261.0M)]
 [Times: user=0.13 sys=0.03, real=0.04 secs] 
0.541: [GC pause (young), 0.0526285 secs]
   [Parallel Time: 50.9 ms, GC Workers: 4]
      [GC Worker Start (ms): Min: 541.5, Avg: 541.6, Max: 542.0, Diff: 0.5]
      [Ext Root Scanning (ms): Min: 0.5, Avg: 0.9, Max: 1.0, Diff: 0.5, Sum: 3.5]
      [Update RS (ms): Min: 1.1, Avg: 1.7, Max: 3.3, Diff: 2.3, Sum: 6.6]
         [Processed Buffers: Min: 70, Avg: 195.3, Max: 331, Diff: 261, Sum: 781]
      [Scan RS (ms): Min: 0.0, Avg: 0.6, Max: 0.8, Diff: 0.8, Sum: 2.3]
      [Object Copy (ms): Min: 45.6, Avg: 46.9, Max: 47.7, Diff: 2.1, Sum: 187.5]
      [Termination (ms): Min: 0.0, Avg: 0.5, Max: 0.9, Diff: 0.9, Sum: 2.2]
      [GC Worker Other (ms): Min: 0.0, Avg: 0.0, Max: 0.0, Diff: 0.0, Sum: 0.0]
      [GC Worker Total (ms): Min: 50.3, Avg: 50.5, Max: 50.6, Diff: 0.3, Sum: 202.0]
      [GC Worker End (ms): Min: 592.0, Avg: 592.1, Max: 592.3, Diff: 0.3]
   [Code Root Fixup: 0.0 ms]
   [Clear CT: 0.1 ms]
   [Other: 1.7 ms]
      [Choose CSet: 0.0 ms]
      [Ref Proc: 0.1 ms]
      [Ref Enq: 0.0 ms]
      [Free CSet: 0.1 ms]
   [Eden: 56.0M(56.0M)->0.0B(62.0M) Survivors: 7168.0K->8192.0K Heap: 183.5M(1261.0M)->174.0M(1419.0M)]
 [Times: user=0.17 sys=0.00, real=0.05 secs] 
0.672: [GC pause (young), 0.0290912 secs]
   [Parallel Time: 27.9 ms, GC Workers: 4]
      [GC Worker Start (ms): Min: 672.5, Avg: 672.5, Max: 672.5, Diff: 0.0]
      [Ext Root Scanning (ms): Min: 0.8, Avg: 0.8, Max: 0.8, Diff: 0.0, Sum: 3.2]
      [Update RS (ms): Min: 0.7, Avg: 0.7, Max: 0.8, Diff: 0.0, Sum: 3.0]
         [Processed Buffers: Min: 110, Avg: 125.8, Max: 139, Diff: 29, Sum: 503]
      [Scan RS (ms): Min: 1.0, Avg: 1.0, Max: 1.1, Diff: 0.1, Sum: 4.2]
      [Object Copy (ms): Min: 25.0, Avg: 25.1, Max: 25.1, Diff: 0.1, Sum: 100.4]
      [Termination (ms): Min: 0.0, Avg: 0.0, Max: 0.0, Diff: 0.0, Sum: 0.0]
      [GC Worker Other (ms): Min: 0.0, Avg: 0.0, Max: 0.0, Diff: 0.0, Sum: 0.1]
      [GC Worker Total (ms): Min: 27.7, Avg: 27.7, Max: 27.7, Diff: 0.0, Sum: 110.8]
      [GC Worker End (ms): Min: 700.2, Avg: 700.2, Max: 700.2, Diff: 0.0]
   [Code Root Fixup: 0.0 ms]
   [Clear CT: 0.0 ms]
   [Other: 1.2 ms]
      [Choose CSet: 0.0 ms]
      [Ref Proc: 0.1 ms]
      [Ref Enq: 0.0 ms]
      [Free CSet: 0.0 ms]
   [Eden: 62.0M(62.0M)->0.0B(68.0M) Survivors: 8192.0K->9216.0K Heap: 236.0M(1419.0M)->197.0M(1545.0M)]
 [Times: user=0.11 sys=0.00, real=0.03 secs] 
0.780: [GC pause (young), 0.0574021 secs]
   [Parallel Time: 54.1 ms, GC Workers: 4]
      [GC Worker Start (ms): Min: 780.7, Avg: 780.7, Max: 780.7, Diff: 0.0]
      [Ext Root Scanning (ms): Min: 0.8, Avg: 0.9, Max: 0.9, Diff: 0.0, Sum: 3.4]
      [Update RS (ms): Min: 0.9, Avg: 0.9, Max: 0.9, Diff: 0.0, Sum: 3.4]
         [Processed Buffers: Min: 92, Avg: 145.8, Max: 174, Diff: 82, Sum: 583]
      [Scan RS (ms): Min: 1.3, Avg: 1.3, Max: 1.3, Diff: 0.1, Sum: 5.1]
      [Object Copy (ms): Min: 50.7, Avg: 50.7, Max: 50.7, Diff: 0.1, Sum: 202.9]
      [Termination (ms): Min: 0.0, Avg: 0.0, Max: 0.0, Diff: 0.0, Sum: 0.0]
      [GC Worker Other (ms): Min: 0.0, Avg: 0.0, Max: 0.0, Diff: 0.0, Sum: 0.1]
      [GC Worker Total (ms): Min: 53.7, Avg: 53.7, Max: 53.7, Diff: 0.0, Sum: 214.9]
      [GC Worker End (ms): Min: 834.4, Avg: 834.4, Max: 834.4, Diff: 0.0]
   [Code Root Fixup: 0.0 ms]
   [Clear CT: 0.1 ms]
   [Other: 3.2 ms]
      [Choose CSet: 0.0 ms]
      [Ref Proc: 1.9 ms]
      [Ref Enq: 0.0 ms]
      [Free CSet: 0.1 ms]
   [Eden: 68.0M(68.0M)->0.0B(78.0M) Survivors: 9216.0K->10.0M Heap: 265.0M(1545.0M)->250.5M(1646.0M)]
 [Times: user=0.22 sys=0.01, real=0.06 secs] 
0.901: [GC pause (young), 0.0188304 secs]
   [Parallel Time: 17.7 ms, GC Workers: 4]
      [GC Worker Start (ms): Min: 900.9, Avg: 901.0, Max: 901.0, Diff: 0.0]
      [Ext Root Scanning (ms): Min: 1.0, Avg: 1.5, Max: 2.7, Diff: 1.6, Sum: 6.0]
      [Update RS (ms): Min: 0.0, Avg: 0.8, Max: 1.1, Diff: 1.1, Sum: 3.1]
         [Processed Buffers: Min: 0, Avg: 66.0, Max: 98, Diff: 98, Sum: 264]
      [Scan RS (ms): Min: 1.2, Avg: 1.5, Max: 1.6, Diff: 0.4, Sum: 5.8]
      [Object Copy (ms): Min: 13.6, Avg: 13.7, Max: 13.8, Diff: 0.2, Sum: 54.9]
      [Termination (ms): Min: 0.0, Avg: 0.0, Max: 0.0, Diff: 0.0, Sum: 0.0]
      [GC Worker Other (ms): Min: 0.0, Avg: 0.1, Max: 0.2, Diff: 0.2, Sum: 0.3]
      [GC Worker Total (ms): Min: 17.5, Avg: 17.5, Max: 17.7, Diff: 0.2, Sum: 70.2]
      [GC Worker End (ms): Min: 918.4, Avg: 918.5, Max: 918.6, Diff: 0.2]
   [Code Root Fixup: 0.0 ms]
   [Clear CT: 0.1 ms]
   [Other: 1.0 ms]
      [Choose CSet: 0.0 ms]
      [Ref Proc: 0.1 ms]
      [Ref Enq: 0.0 ms]
      [Free CSet: 0.1 ms]
   [Eden: 78.0M(78.0M)->0.0B(166.0M) Survivors: 10.0M->7168.0K Heap: 328.5M(1646.0M)->259.0M(1727.0M)]
 [Times: user=0.06 sys=0.00, real=0.02 secs] 
1.107: [GC pause (young), 0.1468720 secs]
   [Parallel Time: 144.8 ms, GC Workers: 4]
      [GC Worker Start (ms): Min: 1107.0, Avg: 1107.2, Max: 1107.9, Diff: 0.8]
      [Ext Root Scanning (ms): Min: 0.5, Avg: 0.9, Max: 1.1, Diff: 0.6, Sum: 3.8]
      [Update RS (ms): Min: 0.8, Avg: 0.9, Max: 1.0, Diff: 0.2, Sum: 3.7]
         [Processed Buffers: Min: 141, Avg: 155.3, Max: 163, Diff: 22, Sum: 621]
      [Scan RS (ms): Min: 0.1, Avg: 0.1, Max: 0.1, Diff: 0.1, Sum: 0.4]
      [Object Copy (ms): Min: 142.5, Avg: 142.6, Max: 142.6, Diff: 0.1, Sum: 570.2]
      [Termination (ms): Min: 0.0, Avg: 0.0, Max: 0.0, Diff: 0.0, Sum: 0.1]
      [GC Worker Other (ms): Min: 0.0, Avg: 0.0, Max: 0.0, Diff: 0.0, Sum: 0.1]
      [GC Worker Total (ms): Min: 143.9, Avg: 144.6, Max: 144.8, Diff: 0.8, Sum: 578.3]
      [GC Worker End (ms): Min: 1251.8, Avg: 1251.8, Max: 1251.8, Diff: 0.0]
   [Code Root Fixup: 0.0 ms]
   [Clear CT: 0.3 ms]
   [Other: 1.8 ms]
      [Choose CSet: 0.0 ms]
      [Ref Proc: 0.3 ms]
      [Ref Enq: 0.0 ms]
      [Free CSet: 0.1 ms]
   [Eden: 166.0M(166.0M)->0.0B(99.0M) Survivors: 7168.0K->22.0M Heap: 425.0M(1727.0M)->399.5M(1792.0M)]
 [Times: user=0.50 sys=0.01, real=0.15 secs] 
1.447: [GC pause (young), 0.0979170 secs]
   [Parallel Time: 94.5 ms, GC Workers: 4]
      [GC Worker Start (ms): Min: 1447.9, Avg: 1447.9, Max: 1447.9, Diff: 0.0]
      [Ext Root Scanning (ms): Min: 1.0, Avg: 1.0, Max: 1.0, Diff: 0.0, Sum: 4.0]
      [Update RS (ms): Min: 1.3, Avg: 1.3, Max: 1.3, Diff: 0.0, Sum: 5.2]
         [Processed Buffers: Min: 165, Avg: 218.0, Max: 263, Diff: 98, Sum: 872]
      [Scan RS (ms): Min: 9.7, Avg: 9.7, Max: 9.7, Diff: 0.0, Sum: 38.7]
      [Object Copy (ms): Min: 82.5, Avg: 82.5, Max: 82.5, Diff: 0.0, Sum: 329.9]
      [Termination (ms): Min: 0.0, Avg: 0.0, Max: 0.0, Diff: 0.0, Sum: 0.0]
      [GC Worker Other (ms): Min: 0.0, Avg: 0.0, Max: 0.0, Diff: 0.0, Sum: 0.1]
      [GC Worker Total (ms): Min: 94.4, Avg: 94.5, Max: 94.5, Diff: 0.0, Sum: 377.8]
      [GC Worker End (ms): Min: 1542.4, Avg: 1542.4, Max: 1542.4, Diff: 0.0]
   [Code Root Fixup: 0.0 ms]
   [Clear CT: 1.6 ms]
   [Other: 1.8 ms]
      [Choose CSet: 0.0 ms]
      [Ref Proc: 0.3 ms]
      [Ref Enq: 0.0 ms]
      [Free CSet: 0.1 ms]
   [Eden: 99.0M(99.0M)->0.0B(76.0M) Survivors: 22.0M->16.0M Heap: 498.5M(1792.0M)->474.5M(1844.0M)]
 [Times: user=0.31 sys=0.02, real=0.10 secs] 
1.604: [GC pause (young), 0.0415021 secs]
   [Parallel Time: 40.7 ms, GC Workers: 4]
      [GC Worker Start (ms): Min: 1604.7, Avg: 1605.2, Max: 1606.8, Diff: 2.1]
      [Ext Root Scanning (ms): Min: 0.1, Avg: 0.8, Max: 1.1, Diff: 1.1, Sum: 3.4]
      [Update RS (ms): Min: 20.8, Avg: 21.5, Max: 21.8, Diff: 1.0, Sum: 86.1]
         [Processed Buffers: Min: 109, Avg: 117.0, Max: 124, Diff: 15, Sum: 468]
      [Scan RS (ms): Min: 0.0, Avg: 0.1, Max: 0.1, Diff: 0.1, Sum: 0.4]
      [Object Copy (ms): Min: 17.5, Avg: 17.6, Max: 17.6, Diff: 0.1, Sum: 70.4]
      [Termination (ms): Min: 0.0, Avg: 0.0, Max: 0.0, Diff: 0.0, Sum: 0.0]
      [GC Worker Other (ms): Min: 0.0, Avg: 0.0, Max: 0.0, Diff: 0.0, Sum: 0.1]
      [GC Worker Total (ms): Min: 38.5, Avg: 40.1, Max: 40.6, Diff: 2.1, Sum: 160.3]
      [GC Worker End (ms): Min: 1645.3, Avg: 1645.3, Max: 1645.3, Diff: 0.0]
   [Code Root Fixup: 0.0 ms]
   [Clear CT: 0.2 ms]
   [Other: 0.7 ms]
      [Choose CSet: 0.0 ms]
      [Ref Proc: 0.0 ms]
      [Ref Enq: 0.0 ms]
      [Free CSet: 0.1 ms]
   [Eden: 76.0M(76.0M)->0.0B(113.0M) Survivors: 16.0M->3072.0K Heap: 550.5M(1844.0M)->478.0M(1885.0M)]
 [Times: user=0.19 sys=0.00, real=0.04 secs] 
1.772: [GC pause (young), 0.0822688 secs]
   [Parallel Time: 80.7 ms, GC Workers: 4]
      [GC Worker Start (ms): Min: 1772.3, Avg: 1772.9, Max: 1774.9, Diff: 2.6]
      [Ext Root Scanning (ms): Min: 0.1, Avg: 0.9, Max: 1.2, Diff: 1.1, Sum: 3.6]
      [Update RS (ms): Min: 0.3, Avg: 3.1, Max: 8.0, Diff: 7.8, Sum: 12.3]
         [Processed Buffers: Min: 134, Avg: 245.3, Max: 332, Diff: 198, Sum: 981]
      [Scan RS (ms): Min: 0.0, Avg: 0.0, Max: 0.1, Diff: 0.1, Sum: 0.1]
      [Object Copy (ms): Min: 71.4, Avg: 76.0, Max: 77.6, Diff: 6.2, Sum: 303.9]
      [Termination (ms): Min: 0.0, Avg: 0.0, Max: 0.0, Diff: 0.0, Sum: 0.0]
      [GC Worker Other (ms): Min: 0.0, Avg: 0.0, Max: 0.0, Diff: 0.0, Sum: 0.1]
      [GC Worker Total (ms): Min: 78.1, Avg: 80.0, Max: 80.7, Diff: 2.6, Sum: 320.0]
      [GC Worker End (ms): Min: 1852.9, Avg: 1852.9, Max: 1852.9, Diff: 0.0]
   [Code Root Fixup: 0.0 ms]
   [Clear CT: 0.1 ms]
   [Other: 1.5 ms]
      [Choose CSet: 0.0 ms]
      [Ref Proc: 0.2 ms]
      [Ref Enq: 0.0 ms]
      [Free CSet: 0.1 ms]
   [Eden: 113.0M(113.0M)->0.0B(102.0M) Survivors: 3072.0K->15.0M Heap: 591.0M(1885.0M)->559.0M(1918.0M)]
 [Times: user=0.23 sys=0.05, real=0.08 secs] 
1.991: [GC pause (young), 0.0684384 secs]
   [Parallel Time: 63.9 ms, GC Workers: 4]
      [GC Worker Start (ms): Min: 1991.9, Avg: 1991.9, Max: 1992.0, Diff: 0.0]
      [Ext Root Scanning (ms): Min: 1.1, Avg: 1.5, Max: 2.6, Diff: 1.5, Sum: 6.1]
      [Update RS (ms): Min: 0.2, Avg: 1.3, Max: 2.0, Diff: 1.8, Sum: 5.4]
         [Processed Buffers: Min: 110, Avg: 204.5, Max: 270, Diff: 160, Sum: 818]
      [Scan RS (ms): Min: 4.4, Avg: 4.8, Max: 5.0, Diff: 0.5, Sum: 19.3]
      [Object Copy (ms): Min: 56.1, Avg: 56.1, Max: 56.2, Diff: 0.1, Sum: 224.6]
      [Termination (ms): Min: 0.0, Avg: 0.0, Max: 0.0, Diff: 0.0, Sum: 0.0]
      [GC Worker Other (ms): Min: 0.0, Avg: 0.0, Max: 0.0, Diff: 0.0, Sum: 0.1]
      [GC Worker Total (ms): Min: 63.8, Avg: 63.9, Max: 63.9, Diff: 0.0, Sum: 255.4]
      [GC Worker End (ms): Min: 2055.8, Avg: 2055.8, Max: 2055.8, Diff: 0.0]
   [Code Root Fixup: 0.0 ms]
   [Clear CT: 0.2 ms]
   [Other: 4.4 ms]
      [Choose CSet: 0.0 ms]
      [Ref Proc: 3.2 ms]
      [Ref Enq: 0.0 ms]
      [Free CSet: 0.1 ms]
   [Eden: 102.0M(102.0M)->0.0B(122.0M) Survivors: 15.0M->15.0M Heap: 661.0M(1918.0M)->608.0M(1944.0M)]
 [Times: user=0.25 sys=0.00, real=0.07 secs] 
2.216: [GC pause (young), 0.0998455 secs]
   [Parallel Time: 97.8 ms, GC Workers: 4]
      [GC Worker Start (ms): Min: 2216.9, Avg: 2216.9, Max: 2216.9, Diff: 0.0]
      [Ext Root Scanning (ms): Min: 1.0, Avg: 1.0, Max: 1.1, Diff: 0.1, Sum: 4.1]
      [Update RS (ms): Min: 1.3, Avg: 1.3, Max: 1.3, Diff: 0.1, Sum: 5.1]
         [Processed Buffers: Min: 129, Avg: 174.3, Max: 231, Diff: 102, Sum: 697]
      [Scan RS (ms): Min: 2.9, Avg: 2.9, Max: 2.9, Diff: 0.0, Sum: 11.7]
      [Object Copy (ms): Min: 91.4, Avg: 91.5, Max: 91.5, Diff: 0.1, Sum: 365.9]
      [Termination (ms): Min: 0.0, Avg: 0.0, Max: 0.0, Diff: 0.0, Sum: 0.0]
      [GC Worker Other (ms): Min: 0.0, Avg: 0.0, Max: 0.0, Diff: 0.0, Sum: 0.1]
      [GC Worker Total (ms): Min: 96.7, Avg: 96.7, Max: 96.7, Diff: 0.0, Sum: 386.9]
      [GC Worker End (ms): Min: 2313.6, Avg: 2313.6, Max: 2313.6, Diff: 0.0]
   [Code Root Fixup: 0.0 ms]
   [Clear CT: 0.1 ms]
   [Other: 1.9 ms]
      [Choose CSet: 0.0 ms]
      [Ref Proc: 0.7 ms]
      [Ref Enq: 0.0 ms]
      [Free CSet: 0.1 ms]
   [Eden: 122.0M(122.0M)->0.0B(146.0M) Survivors: 15.0M->18.0M Heap: 730.0M(1944.0M)->684.5M(1965.0M)]
 [Times: user=0.34 sys=0.02, real=0.10 secs] 
2.424: [GC pause (young), 0.0593565 secs]
   [Parallel Time: 58.4 ms, GC Workers: 4]
      [GC Worker Start (ms): Min: 2424.9, Avg: 2424.9, Max: 2424.9, Diff: 0.0]
      [Ext Root Scanning (ms): Min: 0.9, Avg: 0.9, Max: 0.9, Diff: 0.0, Sum: 3.5]
      [Update RS (ms): Min: 1.2, Avg: 1.2, Max: 1.2, Diff: 0.0, Sum: 4.8]
         [Processed Buffers: Min: 146, Avg: 183.8, Max: 223, Diff: 77, Sum: 735]
      [Scan RS (ms): Min: 4.4, Avg: 4.5, Max: 4.5, Diff: 0.1, Sum: 17.8]
      [Object Copy (ms): Min: 38.8, Avg: 42.0, Max: 51.6, Diff: 12.8, Sum: 168.1]
      [Termination (ms): Min: 0.0, Avg: 9.6, Max: 13.0, Diff: 13.0, Sum: 38.5]
      [GC Worker Other (ms): Min: 0.0, Avg: 0.0, Max: 0.0, Diff: 0.0, Sum: 0.1]
      [GC Worker Total (ms): Min: 58.1, Avg: 58.2, Max: 58.4, Diff: 0.3, Sum: 232.8]
      [GC Worker End (ms): Min: 2483.1, Avg: 2483.1, Max: 2483.3, Diff: 0.3]
   [Code Root Fixup: 0.0 ms]
   [Clear CT: 0.1 ms]
   [Other: 0.9 ms]
      [Choose CSet: 0.0 ms]
      [Ref Proc: 0.0 ms]
      [Ref Enq: 0.0 ms]
      [Free CSet: 0.1 ms]
   [Eden: 146.0M(146.0M)->0.0B(200.0M) Survivors: 18.0M->20.0M Heap: 830.5M(1965.0M)->705.5M(1982.0M)]
 [Times: user=0.23 sys=0.00, real=0.06 secs] 
2.709: [GC pause (young), 0.1828022 secs]
   [Parallel Time: 178.0 ms, GC Workers: 4]
      [GC Worker Start (ms): Min: 2709.3, Avg: 2709.5, Max: 2709.9, Diff: 0.6]
      [Ext Root Scanning (ms): Min: 0.5, Avg: 0.9, Max: 1.1, Diff: 0.5, Sum: 3.6]
      [Update RS (ms): Min: 0.8, Avg: 0.8, Max: 0.9, Diff: 0.0, Sum: 3.4]
         [Processed Buffers: Min: 5, Avg: 14.5, Max: 30, Diff: 25, Sum: 58]
      [Scan RS (ms): Min: 0.2, Avg: 0.2, Max: 0.3, Diff: 0.0, Sum: 1.0]
      [Object Copy (ms): Min: 175.2, Avg: 175.2, Max: 175.3, Diff: 0.1, Sum: 700.9]
      [Termination (ms): Min: 0.0, Avg: 0.0, Max: 0.0, Diff: 0.0, Sum: 0.0]
      [GC Worker Other (ms): Min: 0.0, Avg: 0.3, Max: 0.7, Diff: 0.7, Sum: 1.3]
      [GC Worker Total (ms): Min: 176.8, Avg: 177.6, Max: 178.0, Diff: 1.2, Sum: 710.3]
      [GC Worker End (ms): Min: 2886.7, Avg: 2887.1, Max: 2887.4, Diff: 0.7]
   [Code Root Fixup: 0.0 ms]
   [Clear CT: 0.1 ms]
   [Other: 4.7 ms]
      [Choose CSet: 0.0 ms]
      [Ref Proc: 3.4 ms]
      [Ref Enq: 0.0 ms]
      [Free CSet: 0.1 ms]
   [Eden: 200.0M(200.0M)->0.0B(158.0M) Survivors: 20.0M->28.0M Heap: 905.5M(1982.0M)->870.5M(1996.0M)]
 [Times: user=0.56 sys=0.05, real=0.18 secs] 
3.165: [GC pause (young), 0.1559217 secs]
   [Parallel Time: 154.0 ms, GC Workers: 4]
      [GC Worker Start (ms): Min: 3165.8, Avg: 3165.8, Max: 3165.8, Diff: 0.0]
      [Ext Root Scanning (ms): Min: 0.9, Avg: 0.9, Max: 0.9, Diff: 0.0, Sum: 3.5]
      [Update RS (ms): Min: 1.4, Avg: 1.5, Max: 1.5, Diff: 0.1, Sum: 5.9]
         [Processed Buffers: Min: 185, Avg: 214.0, Max: 249, Diff: 64, Sum: 856]
      [Scan RS (ms): Min: 14.2, Avg: 14.3, Max: 14.3, Diff: 0.1, Sum: 57.2]
      [Object Copy (ms): Min: 137.3, Avg: 137.3, Max: 137.3, Diff: 0.0, Sum: 549.3]
      [Termination (ms): Min: 0.0, Avg: 0.0, Max: 0.0, Diff: 0.0, Sum: 0.0]
      [GC Worker Other (ms): Min: 0.0, Avg: 0.0, Max: 0.0, Diff: 0.0, Sum: 0.1]
      [GC Worker Total (ms): Min: 154.0, Avg: 154.0, Max: 154.0, Diff: 0.0, Sum: 616.1]
      [GC Worker End (ms): Min: 3319.8, Avg: 3319.8, Max: 3319.8, Diff: 0.0]
   [Code Root Fixup: 0.0 ms]
   [Clear CT: 0.1 ms]
   [Other: 1.8 ms]
      [Choose CSet: 0.0 ms]
      [Ref Proc: 0.1 ms]
      [Ref Enq: 0.0 ms]
      [Free CSet: 0.1 ms]
   [Eden: 158.0M(158.0M)->0.0B(117.0M) Survivors: 28.0M->24.0M Heap: 1028.5M(1996.0M)->997.0M(2007.0M)]
 [Times: user=0.58 sys=0.02, real=0.16 secs] 
3.566: [GC pause (young) (initial-mark), 0.1160094 secs]
   [Parallel Time: 114.0 ms, GC Workers: 4]
      [GC Worker Start (ms): Min: 3566.2, Avg: 3566.2, Max: 3566.2, Diff: 0.0]
      [Ext Root Scanning (ms): Min: 0.8, Avg: 0.9, Max: 0.9, Diff: 0.0, Sum: 3.4]
      [Update RS (ms): Min: 1.6, Avg: 1.6, Max: 1.7, Diff: 0.1, Sum: 6.4]
         [Processed Buffers: Min: 153, Avg: 208.3, Max: 236, Diff: 83, Sum: 833]
      [Scan RS (ms): Min: 8.6, Avg: 8.7, Max: 8.8, Diff: 0.1, Sum: 34.9]
      [Object Copy (ms): Min: 102.7, Avg: 102.8, Max: 102.8, Diff: 0.0, Sum: 411.0]
      [Termination (ms): Min: 0.0, Avg: 0.0, Max: 0.0, Diff: 0.0, Sum: 0.0]
      [GC Worker Other (ms): Min: 0.0, Avg: 0.0, Max: 0.0, Diff: 0.0, Sum: 0.1]
      [GC Worker Total (ms): Min: 113.9, Avg: 113.9, Max: 113.9, Diff: 0.0, Sum: 455.8]
      [GC Worker End (ms): Min: 3680.1, Avg: 3680.1, Max: 3680.1, Diff: 0.0]
   [Code Root Fixup: 0.0 ms]
   [Clear CT: 0.3 ms]
   [Other: 1.8 ms]
      [Choose CSet: 0.0 ms]
      [Ref Proc: 0.2 ms]
      [Ref Enq: 0.0 ms]
      [Free CSet: 0.1 ms]
   [Eden: 117.0M(117.0M)->0.0B(137.0M) Survivors: 24.0M->18.0M Heap: 1114.0M(2007.0M)->1089.0M(2016.0M)]
 [Times: user=0.39 sys=0.03, real=0.12 secs] 
3.682: [GC concurrent-root-region-scan-start]
3.700: [GC concurrent-root-region-scan-end, 0.0186303 secs]
3.700: [GC concurrent-mark-start]
3.923: [GC pause (young), 0.1099526 secs]
   [Parallel Time: 107.1 ms, GC Workers: 4]
      [GC Worker Start (ms): Min: 3923.6, Avg: 3923.6, Max: 3923.7, Diff: 0.0]
      [Ext Root Scanning (ms): Min: 1.1, Avg: 1.2, Max: 1.5, Diff: 0.3, Sum: 5.0]
      [SATB Filtering (ms): Min: 0.0, Avg: 0.7, Max: 2.9, Diff: 2.9, Sum: 2.9]
      [Update RS (ms): Min: 0.0, Avg: 1.6, Max: 2.2, Diff: 2.2, Sum: 6.5]
         [Processed Buffers: Min: 0, Avg: 189.5, Max: 281, Diff: 281, Sum: 758]
      [Scan RS (ms): Min: 3.9, Avg: 4.4, Max: 4.5, Diff: 0.7, Sum: 17.5]
      [Object Copy (ms): Min: 98.8, Avg: 98.9, Max: 98.9, Diff: 0.1, Sum: 395.4]
      [Termination (ms): Min: 0.0, Avg: 0.0, Max: 0.0, Diff: 0.0, Sum: 0.0]
      [GC Worker Other (ms): Min: 0.0, Avg: 0.1, Max: 0.2, Diff: 0.2, Sum: 0.3]
      [GC Worker Total (ms): Min: 106.8, Avg: 106.9, Max: 107.0, Diff: 0.2, Sum: 427.5]
      [GC Worker End (ms): Min: 4030.5, Avg: 4030.5, Max: 4030.7, Diff: 0.2]
   [Code Root Fixup: 0.0 ms]
   [Clear CT: 0.2 ms]
   [Other: 2.7 ms]
      [Choose CSet: 0.0 ms]
      [Ref Proc: 1.4 ms]
      [Ref Enq: 0.0 ms]
      [Free CSet: 0.1 ms]
   [Eden: 137.0M(137.0M)->0.0B(167.0M) Survivors: 18.0M->20.0M Heap: 1226.0M(2016.0M)->1180.0M(2023.0M)]
 [Times: user=0.34 sys=0.05, real=0.11 secs] 
4.268: [GC pause (young), 0.1016752 secs]
   [Parallel Time: 98.9 ms, GC Workers: 4]
      [GC Worker Start (ms): Min: 4268.8, Avg: 4268.8, Max: 4268.8, Diff: 0.0]
      [Ext Root Scanning (ms): Min: 0.9, Avg: 0.9, Max: 0.9, Diff: 0.0, Sum: 3.7]
      [SATB Filtering (ms): Min: 0.0, Avg: 0.8, Max: 3.1, Diff: 3.1, Sum: 3.1]
      [Update RS (ms): Min: 0.0, Avg: 1.6, Max: 2.2, Diff: 2.2, Sum: 6.5]
         [Processed Buffers: Min: 0, Avg: 194.5, Max: 293, Diff: 293, Sum: 778]
      [Scan RS (ms): Min: 4.5, Avg: 5.2, Max: 5.5, Diff: 1.0, Sum: 20.7]
      [Object Copy (ms): Min: 90.1, Avg: 90.2, Max: 90.2, Diff: 0.1, Sum: 360.6]
      [Termination (ms): Min: 0.0, Avg: 0.0, Max: 0.0, Diff: 0.0, Sum: 0.0]
      [GC Worker Other (ms): Min: 0.0, Avg: 0.0, Max: 0.0, Diff: 0.0, Sum: 0.1]
      [GC Worker Total (ms): Min: 98.7, Avg: 98.7, Max: 98.7, Diff: 0.0, Sum: 394.8]
      [GC Worker End (ms): Min: 4367.5, Avg: 4367.5, Max: 4367.5, Diff: 0.0]
   [Code Root Fixup: 0.0 ms]
   [Clear CT: 0.5 ms]
   [Other: 2.3 ms]
      [Choose CSet: 0.0 ms]
      [Ref Proc: 1.0 ms]
      [Ref Enq: 0.0 ms]
      [Free CSet: 0.1 ms]
   [Eden: 167.0M(167.0M)->0.0B(198.0M) Survivors: 20.0M->24.0M Heap: 1347.0M(2023.0M)->1256.0M(2028.0M)]
 [Times: user=0.30 sys=0.03, real=0.10 secs] 
4.507: [GC concurrent-mark-end, 0.8069511 secs]
4.508: [GC remark 4.510: [GC ref-proc, 0.0012652 secs], 0.0042428 secs]
 [Times: user=0.00 sys=0.00, real=0.00 secs] 
4.513: [GC cleanup 1341M->611M(2028M), 0.0023502 secs]
 [Times: user=0.00 sys=0.00, real=0.00 secs] 
4.515: [GC concurrent-cleanup-start]
4.516: [GC concurrent-cleanup-end, 0.0007906 secs]
4.631: [GC pause (young), 0.1417032 secs]
   [Parallel Time: 139.9 ms, GC Workers: 4]
      [GC Worker Start (ms): Min: 4631.9, Avg: 4631.9, Max: 4631.9, Diff: 0.0]
      [Ext Root Scanning (ms): Min: 0.8, Avg: 0.9, Max: 0.9, Diff: 0.1, Sum: 3.5]
      [Update RS (ms): Min: 1.7, Avg: 1.7, Max: 1.7, Diff: 0.0, Sum: 6.7]
         [Processed Buffers: Min: 123, Avg: 174.3, Max: 205, Diff: 82, Sum: 697]
      [Scan RS (ms): Min: 4.0, Avg: 4.0, Max: 4.0, Diff: 0.0, Sum: 16.0]
      [Object Copy (ms): Min: 133.3, Avg: 133.3, Max: 133.3, Diff: 0.0, Sum: 533.1]
      [Termination (ms): Min: 0.0, Avg: 0.0, Max: 0.0, Diff: 0.0, Sum: 0.0]
      [GC Worker Other (ms): Min: 0.0, Avg: 0.0, Max: 0.0, Diff: 0.0, Sum: 0.1]
      [GC Worker Total (ms): Min: 139.9, Avg: 139.9, Max: 139.9, Diff: 0.0, Sum: 559.5]
      [GC Worker End (ms): Min: 4771.7, Avg: 4771.7, Max: 4771.7, Diff: 0.0]
   [Code Root Fixup: 0.0 ms]
   [Clear CT: 0.1 ms]
   [Other: 1.7 ms]
      [Choose CSet: 0.0 ms]
      [Ref Proc: 0.1 ms]
      [Ref Enq: 0.0 ms]
      [Free CSet: 0.2 ms]
   [Eden: 198.0M(198.0M)->0.0B(205.0M) Survivors: 24.0M->28.0M Heap: 724.0M(2028.0M)->654.0M(2032.0M)]
 [Times: user=0.48 sys=0.00, real=0.14 secs] 
5.061: [GC pause (young), 0.1650250 secs]
   [Parallel Time: 163.1 ms, GC Workers: 4]
      [GC Worker Start (ms): Min: 5062.0, Avg: 5062.0, Max: 5062.0, Diff: 0.0]
      [Ext Root Scanning (ms): Min: 0.9, Avg: 0.9, Max: 1.0, Diff: 0.0, Sum: 3.8]
      [Update RS (ms): Min: 1.9, Avg: 2.0, Max: 2.3, Diff: 0.4, Sum: 8.0]
         [Processed Buffers: Min: 111, Avg: 201.8, Max: 257, Diff: 146, Sum: 807]
      [Scan RS (ms): Min: 9.4, Avg: 9.6, Max: 9.7, Diff: 0.3, Sum: 38.3]
      [Object Copy (ms): Min: 150.5, Avg: 150.5, Max: 150.6, Diff: 0.0, Sum: 602.2]
      [Termination (ms): Min: 0.0, Avg: 0.0, Max: 0.0, Diff: 0.0, Sum: 0.0]
      [GC Worker Other (ms): Min: 0.0, Avg: 0.0, Max: 0.0, Diff: 0.0, Sum: 0.1]
      [GC Worker Total (ms): Min: 163.1, Avg: 163.1, Max: 163.1, Diff: 0.0, Sum: 652.4]
      [GC Worker End (ms): Min: 5225.1, Avg: 5225.1, Max: 5225.1, Diff: 0.0]
   [Code Root Fixup: 0.0 ms]
   [Clear CT: 0.1 ms]
   [Other: 1.8 ms]
      [Choose CSet: 0.0 ms]
      [Ref Proc: 0.0 ms]
      [Ref Enq: 0.0 ms]
      [Free CSet: 0.1 ms]
   [Eden: 205.0M(205.0M)->0.0B(176.0M) Survivors: 28.0M->30.0M Heap: 859.0M(2032.0M)->805.0M(2036.0M)]
 [Times: user=0.59 sys=0.03, real=0.16 secs] 
5.527: [GC pause (young), 0.1481295 secs]
   [Parallel Time: 146.3 ms, GC Workers: 4]
      [GC Worker Start (ms): Min: 5527.5, Avg: 5527.5, Max: 5527.5, Diff: 0.0]
      [Ext Root Scanning (ms): Min: 0.9, Avg: 1.0, Max: 1.0, Diff: 0.0, Sum: 3.9]
      [Update RS (ms): Min: 2.1, Avg: 2.1, Max: 2.1, Diff: 0.0, Sum: 8.3]
         [Processed Buffers: Min: 142, Avg: 206.5, Max: 297, Diff: 155, Sum: 826]
      [Scan RS (ms): Min: 10.6, Avg: 10.6, Max: 10.7, Diff: 0.1, Sum: 42.5]
      [Object Copy (ms): Min: 132.6, Avg: 132.6, Max: 132.6, Diff: 0.1, Sum: 530.5]
      [Termination (ms): Min: 0.0, Avg: 0.0, Max: 0.0, Diff: 0.0, Sum: 0.0]
      [GC Worker Other (ms): Min: 0.0, Avg: 0.0, Max: 0.0, Diff: 0.0, Sum: 0.1]
      [GC Worker Total (ms): Min: 146.3, Avg: 146.3, Max: 146.3, Diff: 0.0, Sum: 585.2]
      [GC Worker End (ms): Min: 5673.8, Avg: 5673.8, Max: 5673.8, Diff: 0.0]
   [Code Root Fixup: 0.0 ms]
   [Clear CT: 0.1 ms]
   [Other: 1.7 ms]
      [Choose CSet: 0.0 ms]
      [Ref Proc: 0.0 ms]
      [Ref Enq: 0.0 ms]
      [Free CSet: 0.1 ms]
   [Eden: 168.0M(137.0M)->0.0B(217.0M) Survivors: 30.0M->21.0M Heap: 973.0M(2036.0M)->936.0M(2039.0M)]
 [Times: user=0.59 sys=0.00, real=0.15 secs] 
6.009: [GC pause (young), 0.1358950 secs]
   [Parallel Time: 134.3 ms, GC Workers: 4]
      [GC Worker Start (ms): Min: 6009.8, Avg: 6009.8, Max: 6009.8, Diff: 0.0]
      [Ext Root Scanning (ms): Min: 0.4, Avg: 0.9, Max: 1.1, Diff: 0.7, Sum: 3.7]
      [Update RS (ms): Min: 2.1, Avg: 2.1, Max: 2.2, Diff: 0.0, Sum: 8.6]
         [Processed Buffers: Min: 188, Avg: 209.5, Max: 228, Diff: 40, Sum: 838]
      [Scan RS (ms): Min: 8.7, Avg: 8.7, Max: 8.8, Diff: 0.0, Sum: 35.0]
      [Object Copy (ms): Min: 120.6, Avg: 121.2, Max: 122.2, Diff: 1.6, Sum: 484.9]
      [Termination (ms): Min: 0.0, Avg: 1.2, Max: 1.6, Diff: 1.6, Sum: 4.8]
      [GC Worker Other (ms): Min: 0.0, Avg: 0.0, Max: 0.0, Diff: 0.0, Sum: 0.0]
      [GC Worker Total (ms): Min: 134.2, Avg: 134.3, Max: 134.3, Diff: 0.0, Sum: 537.0]
      [GC Worker End (ms): Min: 6144.1, Avg: 6144.1, Max: 6144.1, Diff: 0.0]
   [Code Root Fixup: 0.0 ms]
   [Clear CT: 0.1 ms]
   [Other: 1.5 ms]
      [Choose CSet: 0.0 ms]
      [Ref Proc: 0.0 ms]
      [Ref Enq: 0.0 ms]
      [Free CSet: 0.2 ms]
   [Eden: 217.0M(217.0M)->0.0B(216.0M) Survivors: 21.0M->30.0M Heap: 1153.0M(2039.0M)->1039.5M(2041.0M)]
 [Times: user=0.44 sys=0.00, real=0.14 secs] 
6.436: [GC pause (young) (initial-mark), 0.1790482 secs]
   [Parallel Time: 176.6 ms, GC Workers: 4]
      [GC Worker Start (ms): Min: 6436.4, Avg: 6436.4, Max: 6436.4, Diff: 0.0]
      [Ext Root Scanning (ms): Min: 1.1, Avg: 1.9, Max: 4.3, Diff: 3.2, Sum: 7.7]
      [Update RS (ms): Min: 0.3, Avg: 2.7, Max: 4.1, Diff: 3.8, Sum: 10.9]
         [Processed Buffers: Min: 87, Avg: 177.0, Max: 245, Diff: 158, Sum: 708]
      [Scan RS (ms): Min: 5.6, Avg: 6.3, Max: 6.7, Diff: 1.0, Sum: 25.3]
      [Object Copy (ms): Min: 165.2, Avg: 165.5, Max: 165.7, Diff: 0.4, Sum: 662.1]
      [Termination (ms): Min: 0.0, Avg: 0.0, Max: 0.0, Diff: 0.0, Sum: 0.0]
      [GC Worker Other (ms): Min: 0.0, Avg: 0.0, Max: 0.0, Diff: 0.0, Sum: 0.1]
      [GC Worker Total (ms): Min: 176.5, Avg: 176.5, Max: 176.5, Diff: 0.0, Sum: 706.1]
      [GC Worker End (ms): Min: 6612.9, Avg: 6613.0, Max: 6613.0, Diff: 0.0]
   [Code Root Fixup: 0.0 ms]
   [Clear CT: 0.3 ms]
   [Other: 2.1 ms]
      [Choose CSet: 0.0 ms]
      [Ref Proc: 0.2 ms]
      [Ref Enq: 0.0 ms]
      [Free CSet: 0.2 ms]
   [Eden: 216.0M(216.0M)->0.0B(193.0M) Survivors: 30.0M->31.0M Heap: 1255.5M(2041.0M)->1195.0M(2043.0M)]
 [Times: user=0.59 sys=0.00, real=0.18 secs] 
6.616: [GC concurrent-root-region-scan-start]
6.674: [GC concurrent-root-region-scan-end, 0.0581407 secs]
6.674: [GC concurrent-mark-start]
6.917: [GC pause (young), 0.0543912 secs]
   [Parallel Time: 52.4 ms, GC Workers: 4]
      [GC Worker Start (ms): Min: 6917.7, Avg: 6918.1, Max: 6919.5, Diff: 1.8]
      [Ext Root Scanning (ms): Min: 0.0, Avg: 1.2, Max: 1.7, Diff: 1.7, Sum: 5.0]
      [SATB Filtering (ms): Min: 0.0, Avg: 0.0, Max: 0.2, Diff: 0.2, Sum: 0.2]
      [Update RS (ms): Min: 1.9, Avg: 2.0, Max: 2.1, Diff: 0.1, Sum: 8.0]
         [Processed Buffers: Min: 15, Avg: 31.8, Max: 48, Diff: 33, Sum: 127]
      [Scan RS (ms): Min: 12.1, Avg: 12.2, Max: 12.2, Diff: 0.1, Sum: 48.7]
      [Object Copy (ms): Min: 36.4, Avg: 36.5, Max: 36.6, Diff: 0.2, Sum: 146.0]
      [Termination (ms): Min: 0.0, Avg: 0.0, Max: 0.0, Diff: 0.0, Sum: 0.0]
      [GC Worker Other (ms): Min: 0.0, Avg: 0.0, Max: 0.0, Diff: 0.0, Sum: 0.1]
      [GC Worker Total (ms): Min: 50.7, Avg: 52.0, Max: 52.4, Diff: 1.8, Sum: 207.9]
      [GC Worker End (ms): Min: 6970.1, Avg: 6970.1, Max: 6970.1, Diff: 0.0]
   [Code Root Fixup: 0.0 ms]
   [Clear CT: 0.7 ms]
   [Other: 1.3 ms]
      [Choose CSet: 0.0 ms]
      [Ref Proc: 0.4 ms]
      [Ref Enq: 0.0 ms]
      [Free CSet: 0.1 ms]
   [Eden: 171.0M(153.0M)->0.0B(323.0M) Survivors: 31.0M->13.0M Heap: 1366.0M(2043.0M)->1208.0M(2044.0M)]
 [Times: user=0.22 sys=0.00, real=0.05 secs] 
7.243: [GC concurrent-mark-end, 0.5694403 secs]
7.244: [GC remark 7.245: [GC ref-proc, 0.0012729 secs], 0.0032694 secs]
 [Times: user=0.02 sys=0.00, real=0.00 secs] 
7.248: [GC cleanup 1466M->659M(2044M), 0.0021822 secs]
 [Times: user=0.00 sys=0.00, real=0.00 secs] 
7.250: [GC concurrent-cleanup-start]
7.251: [GC concurrent-cleanup-end, 0.0009157 secs]
7.308: [GC pause (young), 0.0652167 secs]
   [Parallel Time: 63.1 ms, GC Workers: 4]
      [GC Worker Start (ms): Min: 7308.7, Avg: 7308.8, Max: 7308.8, Diff: 0.1]
      [Ext Root Scanning (ms): Min: 0.9, Avg: 0.9, Max: 0.9, Diff: 0.1, Sum: 3.6]
      [Update RS (ms): Min: 2.1, Avg: 2.3, Max: 2.7, Diff: 0.7, Sum: 9.0]
         [Processed Buffers: Min: 90, Avg: 130.5, Max: 157, Diff: 67, Sum: 522]
      [Scan RS (ms): Min: 0.0, Avg: 0.1, Max: 0.2, Diff: 0.2, Sum: 0.5]
      [Object Copy (ms): Min: 59.3, Avg: 59.7, Max: 59.8, Diff: 0.5, Sum: 238.7]
      [Termination (ms): Min: 0.0, Avg: 0.0, Max: 0.0, Diff: 0.0, Sum: 0.0]
      [GC Worker Other (ms): Min: 0.0, Avg: 0.1, Max: 0.1, Diff: 0.1, Sum: 0.2]
      [GC Worker Total (ms): Min: 62.9, Avg: 63.0, Max: 63.0, Diff: 0.1, Sum: 252.0]
      [GC Worker End (ms): Min: 7371.7, Avg: 7371.8, Max: 7371.8, Diff: 0.0]
   [Code Root Fixup: 0.0 ms]
   [Clear CT: 1.2 ms]
   [Other: 0.9 ms]
      [Choose CSet: 0.0 ms]
      [Ref Proc: 0.0 ms]
      [Ref Enq: 0.0 ms]
      [Free CSet: 0.2 ms]
   [Eden: 323.0M(323.0M)->0.0B(239.0M) Survivors: 13.0M->42.0M Heap: 724.0M(2044.0M)->462.5M(2045.0M)]
 [Times: user=0.26 sys=0.00, real=0.07 secs] 
7.593: [GC pause (young), 0.2080059 secs]
   [Parallel Time: 205.8 ms, GC Workers: 4]
      [GC Worker Start (ms): Min: 7594.2, Avg: 7595.9, Max: 7600.1, Diff: 5.9]
      [Ext Root Scanning (ms): Min: 0.1, Avg: 9.0, Max: 33.3, Diff: 33.2, Sum: 36.2]
      [Update RS (ms): Min: 0.0, Avg: 2.6, Max: 4.8, Diff: 4.8, Sum: 10.5]
         [Processed Buffers: Min: 0, Avg: 169.5, Max: 264, Diff: 264, Sum: 678]
      [Scan RS (ms): Min: 0.0, Avg: 7.1, Max: 9.5, Diff: 9.4, Sum: 28.3]
      [Object Copy (ms): Min: 172.1, Avg: 184.9, Max: 189.3, Diff: 17.1, Sum: 739.8]
      [Termination (ms): Min: 0.0, Avg: 0.0, Max: 0.0, Diff: 0.0, Sum: 0.0]
      [GC Worker Other (ms): Min: 0.0, Avg: 0.0, Max: 0.0, Diff: 0.0, Sum: 0.1]
      [GC Worker Total (ms): Min: 199.5, Avg: 203.7, Max: 205.4, Diff: 5.9, Sum: 814.8]
      [GC Worker End (ms): Min: 7799.6, Avg: 7799.6, Max: 7799.6, Diff: 0.0]
   [Code Root Fixup: 0.0 ms]
   [Clear CT: 0.2 ms]
   [Other: 1.9 ms]
      [Choose CSet: 0.0 ms]
      [Ref Proc: 0.0 ms]
      [Ref Enq: 0.0 ms]
      [Free CSet: 0.2 ms]
   [Eden: 239.0M(239.0M)->0.0B(215.0M) Survivors: 42.0M->36.0M Heap: 701.5M(2045.0M)->616.0M(2046.0M)]
 [Times: user=0.69 sys=0.00, real=0.21 secs] 
8.121: [GC pause (young), 0.1007454 secs]
   [Parallel Time: 97.5 ms, GC Workers: 4]
      [GC Worker Start (ms): Min: 8121.6, Avg: 8122.4, Max: 8124.5, Diff: 2.9]
      [Ext Root Scanning (ms): Min: 0.1, Avg: 0.9, Max: 1.2, Diff: 1.1, Sum: 3.5]
      [Update RS (ms): Min: 1.6, Avg: 2.9, Max: 3.3, Diff: 1.7, Sum: 11.5]
         [Processed Buffers: Min: 145, Avg: 180.0, Max: 196, Diff: 51, Sum: 720]
      [Scan RS (ms): Min: 11.7, Avg: 11.8, Max: 11.8, Diff: 0.1, Sum: 47.0]
      [Object Copy (ms): Min: 81.2, Avg: 81.3, Max: 81.3, Diff: 0.1, Sum: 325.2]
      [Termination (ms): Min: 0.0, Avg: 0.0, Max: 0.0, Diff: 0.0, Sum: 0.0]
      [GC Worker Other (ms): Min: 0.0, Avg: 0.0, Max: 0.0, Diff: 0.0, Sum: 0.1]
      [GC Worker Total (ms): Min: 94.7, Avg: 96.8, Max: 97.5, Diff: 2.9, Sum: 387.3]
      [GC Worker End (ms): Min: 8219.2, Avg: 8219.2, Max: 8219.2, Diff: 0.0]
   [Code Root Fixup: 0.0 ms]
   [Clear CT: 1.3 ms]
   [Other: 1.8 ms]
      [Choose CSet: 0.0 ms]
      [Ref Proc: 0.5 ms]
      [Ref Enq: 0.0 ms]
      [Free CSet: 0.2 ms]
   [Eden: 215.0M(215.0M)->0.0B(236.0M) Survivors: 36.0M->32.0M Heap: 831.0M(2046.0M)->677.5M(2047.0M)]
 [Times: user=0.38 sys=0.00, real=0.10 secs] 
8.510: [GC pause (young), 0.1726748 secs]
   [Parallel Time: 169.9 ms, GC Workers: 4]
      [GC Worker Start (ms): Min: 8510.9, Avg: 8510.9, Max: 8510.9, Diff: 0.0]
      [Ext Root Scanning (ms): Min: 0.9, Avg: 0.9, Max: 0.9, Diff: 0.0, Sum: 3.7]
      [Update RS (ms): Min: 3.3, Avg: 3.4, Max: 3.9, Diff: 0.7, Sum: 13.8]
         [Processed Buffers: Min: 86, Avg: 132.3, Max: 182, Diff: 96, Sum: 529]
      [Scan RS (ms): Min: 5.0, Avg: 5.5, Max: 5.7, Diff: 0.7, Sum: 21.9]
      [Object Copy (ms): Min: 159.9, Avg: 160.0, Max: 160.0, Diff: 0.1, Sum: 640.0]
      [Termination (ms): Min: 0.0, Avg: 0.0, Max: 0.0, Diff: 0.0, Sum: 0.0]
      [GC Worker Other (ms): Min: 0.0, Avg: 0.0, Max: 0.0, Diff: 0.0, Sum: 0.1]
      [GC Worker Total (ms): Min: 169.8, Avg: 169.9, Max: 169.9, Diff: 0.0, Sum: 679.4]
      [GC Worker End (ms): Min: 8680.7, Avg: 8680.7, Max: 8680.7, Diff: 0.0]
   [Code Root Fixup: 0.0 ms]
   [Clear CT: 0.7 ms]
   [Other: 2.1 ms]
      [Choose CSet: 0.0 ms]
      [Ref Proc: 0.3 ms]
      [Ref Enq: 0.0 ms]
      [Free CSet: 0.3 ms]
   [Eden: 236.0M(236.0M)->0.0B(213.0M) Survivors: 32.0M->34.0M Heap: 913.5M(2047.0M)->830.5M(2048.0M)]
 [Times: user=0.61 sys=0.00, real=0.17 secs] 
8.985: [GC pause (young), 0.1679211 secs]
   [Parallel Time: 166.0 ms, GC Workers: 4]
      [GC Worker Start (ms): Min: 8985.2, Avg: 8985.2, Max: 8985.2, Diff: 0.0]
      [Ext Root Scanning (ms): Min: 0.9, Avg: 0.9, Max: 0.9, Diff: 0.0, Sum: 3.5]
      [Update RS (ms): Min: 3.6, Avg: 3.6, Max: 3.6, Diff: 0.0, Sum: 14.6]
         [Processed Buffers: Min: 155, Avg: 203.8, Max: 225, Diff: 70, Sum: 815]
      [Scan RS (ms): Min: 10.9, Avg: 10.9, Max: 11.0, Diff: 0.1, Sum: 43.8]
      [Object Copy (ms): Min: 150.4, Avg: 150.4, Max: 150.5, Diff: 0.1, Sum: 601.8]
      [Termination (ms): Min: 0.0, Avg: 0.0, Max: 0.0, Diff: 0.0, Sum: 0.0]
      [GC Worker Other (ms): Min: 0.0, Avg: 0.0, Max: 0.0, Diff: 0.0, Sum: 0.1]
      [GC Worker Total (ms): Min: 165.9, Avg: 165.9, Max: 165.9, Diff: 0.0, Sum: 663.7]
      [GC Worker End (ms): Min: 9151.1, Avg: 9151.1, Max: 9151.1, Diff: 0.0]
   [Code Root Fixup: 0.0 ms]
   [Clear CT: 0.1 ms]
   [Other: 1.8 ms]
      [Choose CSet: 0.0 ms]
      [Ref Proc: 0.0 ms]
      [Ref Enq: 0.0 ms]
      [Free CSet: 0.2 ms]
   [Eden: 189.0M(152.0M)->0.0B(236.0M) Survivors: 34.0M->24.0M Heap: 1019.5M(2048.0M)->980.5M(2048.0M)]
 [Times: user=0.64 sys=0.00, real=0.17 secs] 
9.506: [GC pause (young) (initial-mark), 0.1798615 secs]
   [Parallel Time: 176.5 ms, GC Workers: 4]
      [GC Worker Start (ms): Min: 9506.5, Avg: 9506.5, Max: 9506.5, Diff: 0.0]
      [Ext Root Scanning (ms): Min: 0.9, Avg: 0.9, Max: 0.9, Diff: 0.1, Sum: 3.7]
      [Update RS (ms): Min: 4.2, Avg: 4.3, Max: 4.3, Diff: 0.1, Sum: 17.1]
         [Processed Buffers: Min: 44, Avg: 211.8, Max: 288, Diff: 244, Sum: 847]
      [Scan RS (ms): Min: 10.2, Avg: 10.3, Max: 10.3, Diff: 0.1, Sum: 41.1]
      [Object Copy (ms): Min: 160.9, Avg: 160.9, Max: 161.0, Diff: 0.1, Sum: 643.7]
      [Termination (ms): Min: 0.0, Avg: 0.0, Max: 0.0, Diff: 0.0, Sum: 0.0]
      [GC Worker Other (ms): Min: 0.0, Avg: 0.0, Max: 0.0, Diff: 0.0, Sum: 0.1]
      [GC Worker Total (ms): Min: 176.4, Avg: 176.4, Max: 176.4, Diff: 0.0, Sum: 705.8]
      [GC Worker End (ms): Min: 9683.0, Avg: 9683.0, Max: 9683.0, Diff: 0.0]
   [Code Root Fixup: 0.0 ms]
   [Clear CT: 0.4 ms]
   [Other: 3.0 ms]
      [Choose CSet: 0.0 ms]
      [Ref Proc: 0.6 ms]
      [Ref Enq: 0.0 ms]
      [Free CSet: 0.2 ms]
   [Eden: 236.0M(236.0M)->0.0B(191.0M) Survivors: 24.0M->33.0M Heap: 1216.5M(2048.0M)->1146.0M(2048.0M)]
 [Times: user=0.73 sys=0.00, real=0.18 secs] 
9.686: [GC concurrent-root-region-scan-start]
9.765: [GC concurrent-root-region-scan-end, 0.0788322 secs]
9.765: [GC concurrent-mark-start]
9.966: [GC pause (young), 0.0791347 secs]
   [Parallel Time: 77.0 ms, GC Workers: 4]
      [GC Worker Start (ms): Min: 9966.9, Avg: 9966.9, Max: 9966.9, Diff: 0.0]
      [Ext Root Scanning (ms): Min: 0.9, Avg: 0.9, Max: 0.9, Diff: 0.1, Sum: 3.6]
      [SATB Filtering (ms): Min: 0.0, Avg: 0.5, Max: 1.9, Diff: 1.9, Sum: 1.9]
      [Update RS (ms): Min: 2.6, Avg: 4.0, Max: 4.5, Diff: 1.9, Sum: 15.9]
         [Processed Buffers: Min: 181, Avg: 206.8, Max: 245, Diff: 64, Sum: 827]
      [Scan RS (ms): Min: 11.5, Avg: 11.5, Max: 11.5, Diff: 0.0, Sum: 46.1]
      [Object Copy (ms): Min: 60.0, Avg: 60.1, Max: 60.3, Diff: 0.3, Sum: 240.4]
      [Termination (ms): Min: 0.0, Avg: 0.0, Max: 0.0, Diff: 0.0, Sum: 0.0]
      [GC Worker Other (ms): Min: 0.0, Avg: 0.0, Max: 0.0, Diff: 0.0, Sum: 0.1]
      [GC Worker Total (ms): Min: 77.0, Avg: 77.0, Max: 77.0, Diff: 0.0, Sum: 308.0]
      [GC Worker End (ms): Min: 10043.9, Avg: 10043.9, Max: 10043.9, Diff: 0.0]
   [Code Root Fixup: 0.0 ms]
   [Clear CT: 0.6 ms]
   [Other: 1.5 ms]
      [Choose CSet: 0.0 ms]
      [Ref Proc: 0.3 ms]
      [Ref Enq: 0.0 ms]
      [Free CSet: 0.1 ms]
   [Eden: 191.0M(191.0M)->0.0B(272.0M) Survivors: 33.0M->28.0M Heap: 1337.0M(2048.0M)->1185.0M(2048.0M)]
 [Times: user=0.31 sys=0.00, real=0.08 secs] 
10.310: [GC concurrent-mark-end, 0.5448735 secs]
10.310: [GC remark 10.311: [GC ref-proc, 0.0012941 secs], 0.0033926 secs]
 [Times: user=0.00 sys=0.00, real=0.00 secs] 
10.314: [GC cleanup 1421M->660M(2048M), 0.0014500 secs]
 [Times: user=0.00 sys=0.00, real=0.00 secs] 
10.316: [GC concurrent-cleanup-start]
10.316: [GC concurrent-cleanup-end, 0.0009557 secs]
10.348: [GC pause (young), 0.1566709 secs]
   [Parallel Time: 153.7 ms, GC Workers: 4]
      [GC Worker Start (ms): Min: 10348.4, Avg: 10348.4, Max: 10348.5, Diff: 0.0]
      [Ext Root Scanning (ms): Min: 1.0, Avg: 1.1, Max: 1.1, Diff: 0.1, Sum: 4.2]
      [Update RS (ms): Min: 4.5, Avg: 4.8, Max: 5.8, Diff: 1.3, Sum: 19.2]
         [Processed Buffers: Min: 17, Avg: 41.3, Max: 50, Diff: 33, Sum: 165]
      [Scan RS (ms): Min: 0.0, Avg: 0.4, Max: 0.6, Diff: 0.5, Sum: 1.7]
      [Object Copy (ms): Min: 146.8, Avg: 147.4, Max: 147.6, Diff: 0.7, Sum: 589.5]
      [Termination (ms): Min: 0.0, Avg: 0.0, Max: 0.0, Diff: 0.0, Sum: 0.0]
      [GC Worker Other (ms): Min: 0.0, Avg: 0.0, Max: 0.0, Diff: 0.0, Sum: 0.1]
      [GC Worker Total (ms): Min: 153.6, Avg: 153.7, Max: 153.7, Diff: 0.0, Sum: 614.6]
      [GC Worker End (ms): Min: 10502.1, Avg: 10502.1, Max: 10502.1, Diff: 0.0]
   [Code Root Fixup: 0.0 ms]
   [Clear CT: 1.0 ms]
   [Other: 1.9 ms]
      [Choose CSet: 0.0 ms]
      [Ref Proc: 0.4 ms]
      [Ref Enq: 0.0 ms]
      [Free CSet: 0.2 ms]
   [Eden: 272.0M(272.0M)->0.0B(227.0M) Survivors: 28.0M->38.0M Heap: 696.0M(2048.0M)->571.0M(2048.0M)]
 [Times: user=0.62 sys=0.00, real=0.16 secs] 
10.806: [GC pause (young), 0.1878631 secs]
   [Parallel Time: 185.9 ms, GC Workers: 4]
      [GC Worker Start (ms): Min: 10806.1, Avg: 10806.1, Max: 10806.1, Diff: 0.0]
      [Ext Root Scanning (ms): Min: 0.9, Avg: 0.9, Max: 0.9, Diff: 0.0, Sum: 3.5]
      [Update RS (ms): Min: 4.8, Avg: 4.8, Max: 4.8, Diff: 0.0, Sum: 19.2]
         [Processed Buffers: Min: 150, Avg: 198.8, Max: 222, Diff: 72, Sum: 795]
      [Scan RS (ms): Min: 10.3, Avg: 10.3, Max: 10.3, Diff: 0.1, Sum: 41.2]
      [Object Copy (ms): Min: 169.8, Avg: 169.8, Max: 169.9, Diff: 0.0, Sum: 679.4]
      [Termination (ms): Min: 0.0, Avg: 0.0, Max: 0.0, Diff: 0.0, Sum: 0.0]
      [GC Worker Other (ms): Min: 0.0, Avg: 0.0, Max: 0.0, Diff: 0.0, Sum: 0.1]
      [GC Worker Total (ms): Min: 185.8, Avg: 185.8, Max: 185.8, Diff: 0.0, Sum: 743.3]
      [GC Worker End (ms): Min: 10991.9, Avg: 10991.9, Max: 10992.0, Diff: 0.0]
   [Code Root Fixup: 0.0 ms]
   [Clear CT: 0.1 ms]
   [Other: 1.9 ms]
      [Choose CSet: 0.0 ms]
      [Ref Proc: 0.1 ms]
      [Ref Enq: 0.0 ms]
      [Free CSet: 0.2 ms]
   [Eden: 219.0M(169.0M)->0.0B(235.0M) Survivors: 38.0M->26.0M Heap: 790.0M(2048.0M)->724.0M(2048.0M)]
 [Times: user=0.67 sys=0.00, real=0.19 secs] 
11.373: [GC pause (young), 0.1950303 secs]
   [Parallel Time: 192.8 ms, GC Workers: 4]
      [GC Worker Start (ms): Min: 11373.5, Avg: 11373.5, Max: 11373.6, Diff: 0.0]
      [Ext Root Scanning (ms): Min: 0.8, Avg: 0.9, Max: 0.9, Diff: 0.0, Sum: 3.5]
      [Update RS (ms): Min: 5.2, Avg: 5.2, Max: 5.2, Diff: 0.0, Sum: 20.7]
         [Processed Buffers: Min: 168, Avg: 205.0, Max: 249, Diff: 81, Sum: 820]
      [Scan RS (ms): Min: 8.7, Avg: 8.7, Max: 8.8, Diff: 0.1, Sum: 34.9]
      [Object Copy (ms): Min: 177.9, Avg: 178.0, Max: 178.0, Diff: 0.1, Sum: 711.9]
      [Termination (ms): Min: 0.0, Avg: 0.0, Max: 0.0, Diff: 0.0, Sum: 0.0]
      [GC Worker Other (ms): Min: 0.0, Avg: 0.0, Max: 0.0, Diff: 0.0, Sum: 0.1]
      [GC Worker Total (ms): Min: 192.8, Avg: 192.8, Max: 192.8, Diff: 0.0, Sum: 771.1]
      [GC Worker End (ms): Min: 11566.3, Avg: 11566.3, Max: 11566.3, Diff: 0.0]
   [Code Root Fixup: 0.0 ms]
   [Clear CT: 0.1 ms]
   [Other: 2.1 ms]
      [Choose CSet: 0.0 ms]
      [Ref Proc: 0.1 ms]
      [Ref Enq: 0.0 ms]
      [Free CSet: 0.2 ms]
   [Eden: 235.0M(235.0M)->0.0B(194.0M) Survivors: 26.0M->33.0M Heap: 959.0M(2048.0M)->908.0M(2048.0M)]
 [Times: user=0.70 sys=0.00, real=0.20 secs] 
11.869: [GC pause (young), 0.1373524 secs]
   [Parallel Time: 135.0 ms, GC Workers: 4]
      [GC Worker Start (ms): Min: 11869.6, Avg: 11869.8, Max: 11869.8, Diff: 0.2]
      [Ext Root Scanning (ms): Min: 0.9, Avg: 1.0, Max: 1.1, Diff: 0.2, Sum: 3.9]
      [Update RS (ms): Min: 6.1, Avg: 6.3, Max: 6.5, Diff: 0.3, Sum: 25.2]
         [Processed Buffers: Min: 77, Avg: 208.0, Max: 338, Diff: 261, Sum: 832]
      [Scan RS (ms): Min: 13.4, Avg: 13.5, Max: 13.5, Diff: 0.1, Sum: 53.8]
      [Object Copy (ms): Min: 107.8, Avg: 109.4, Max: 114.0, Diff: 6.2, Sum: 437.6]
      [Termination (ms): Min: 0.0, Avg: 4.6, Max: 6.1, Diff: 6.1, Sum: 18.4]
      [GC Worker Other (ms): Min: 0.0, Avg: 0.0, Max: 0.0, Diff: 0.0, Sum: 0.1]
      [GC Worker Total (ms): Min: 134.7, Avg: 134.7, Max: 134.8, Diff: 0.2, Sum: 538.9]
      [GC Worker End (ms): Min: 12004.5, Avg: 12004.5, Max: 12004.5, Diff: 0.0]
   [Code Root Fixup: 0.0 ms]
   [Clear CT: 0.3 ms]
   [Other: 2.0 ms]
      [Choose CSet: 0.0 ms]
      [Ref Proc: 0.3 ms]
      [Ref Enq: 0.0 ms]
      [Free CSet: 0.2 ms]
   [Eden: 172.0M(152.0M)->0.0B(236.0M) Survivors: 33.0M->24.0M Heap: 1080.0M(2048.0M)->993.0M(2048.0M)]
 [Times: user=0.45 sys=0.00, real=0.14 secs] 
12.323: [GC pause (young) (initial-mark), 0.1826261 secs]
   [Parallel Time: 180.6 ms, GC Workers: 4]
      [GC Worker Start (ms): Min: 12323.1, Avg: 12323.1, Max: 12323.1, Diff: 0.0]
      [Ext Root Scanning (ms): Min: 0.9, Avg: 0.9, Max: 0.9, Diff: 0.0, Sum: 3.5]
      [Update RS (ms): Min: 6.0, Avg: 6.0, Max: 6.0, Diff: 0.0, Sum: 24.0]
         [Processed Buffers: Min: 165, Avg: 174.5, Max: 197, Diff: 32, Sum: 698]
      [Scan RS (ms): Min: 2.8, Avg: 2.8, Max: 2.8, Diff: 0.1, Sum: 11.2]
      [Object Copy (ms): Min: 167.4, Avg: 168.3, Max: 170.8, Diff: 3.3, Sum: 673.1]
      [Termination (ms): Min: 0.0, Avg: 2.6, Max: 3.4, Diff: 3.4, Sum: 10.2]
      [GC Worker Other (ms): Min: 0.0, Avg: 0.0, Max: 0.0, Diff: 0.0, Sum: 0.0]
      [GC Worker Total (ms): Min: 180.5, Avg: 180.5, Max: 180.5, Diff: 0.0, Sum: 722.1]
      [GC Worker End (ms): Min: 12503.6, Avg: 12503.6, Max: 12503.6, Diff: 0.0]
   [Code Root Fixup: 0.0 ms]
   [Clear CT: 0.1 ms]
   [Other: 2.0 ms]
      [Choose CSet: 0.0 ms]
      [Ref Proc: 0.0 ms]
      [Ref Enq: 0.0 ms]
      [Free CSet: 0.2 ms]
   [Eden: 236.0M(236.0M)->0.0B(203.0M) Survivors: 24.0M->33.0M Heap: 1229.0M(2048.0M)->1162.5M(2048.0M)]
 [Times: user=0.72 sys=0.00, real=0.18 secs] 
12.506: [GC concurrent-root-region-scan-start]
12.573: [GC concurrent-root-region-scan-end, 0.0679243 secs]
12.573: [GC concurrent-mark-start]
12.788: [GC pause (young), 0.0916716 secs]
   [Parallel Time: 88.4 ms, GC Workers: 4]
      [GC Worker Start (ms): Min: 12788.6, Avg: 12788.6, Max: 12788.6, Diff: 0.0]
      [Ext Root Scanning (ms): Min: 0.9, Avg: 0.9, Max: 0.9, Diff: 0.0, Sum: 3.5]
      [SATB Filtering (ms): Min: 0.0, Avg: 0.6, Max: 2.4, Diff: 2.4, Sum: 2.4]
      [Update RS (ms): Min: 4.8, Avg: 6.6, Max: 7.2, Diff: 2.4, Sum: 26.4]
         [Processed Buffers: Min: 142, Avg: 209.5, Max: 259, Diff: 117, Sum: 838]
      [Scan RS (ms): Min: 10.3, Avg: 10.3, Max: 10.3, Diff: 0.1, Sum: 41.1]
      [Object Copy (ms): Min: 70.0, Avg: 70.0, Max: 70.1, Diff: 0.1, Sum: 280.2]
      [Termination (ms): Min: 0.0, Avg: 0.0, Max: 0.0, Diff: 0.0, Sum: 0.0]
      [GC Worker Other (ms): Min: 0.0, Avg: 0.0, Max: 0.0, Diff: 0.0, Sum: 0.1]
      [GC Worker Total (ms): Min: 88.4, Avg: 88.4, Max: 88.4, Diff: 0.0, Sum: 353.7]
      [GC Worker End (ms): Min: 12877.0, Avg: 12877.0, Max: 12877.0, Diff: 0.0]
   [Code Root Fixup: 0.0 ms]
   [Clear CT: 0.8 ms]
   [Other: 2.5 ms]
      [Choose CSet: 0.0 ms]
      [Ref Proc: 1.1 ms]
      [Ref Enq: 0.0 ms]
      [Free CSet: 0.2 ms]
   [Eden: 203.0M(203.0M)->0.0B(267.0M) Survivors: 33.0M->30.0M Heap: 1365.5M(2048.0M)->1212.0M(2048.0M)]
 [Times: user=0.31 sys=0.00, real=0.09 secs] 
13.113: [GC concurrent-mark-end, 0.5392048 secs]
13.113: [GC remark 13.114: [GC ref-proc, 0.0012883 secs], 0.0033884 secs]
 [Times: user=0.00 sys=0.00, real=0.00 secs] 
13.117: [GC cleanup 1430M->627M(2048M), 0.0013220 secs]
 [Times: user=0.00 sys=0.00, real=0.00 secs] 
13.118: [GC concurrent-cleanup-start]
13.119: [GC concurrent-cleanup-end, 0.0008557 secs]
13.169: [GC pause (young), 0.1595243 secs]
   [Parallel Time: 156.7 ms, GC Workers: 4]
      [GC Worker Start (ms): Min: 13169.3, Avg: 13169.3, Max: 13169.3, Diff: 0.0]
      [Ext Root Scanning (ms): Min: 0.9, Avg: 0.9, Max: 0.9, Diff: 0.0, Sum: 3.6]
      [Update RS (ms): Min: 6.8, Avg: 6.9, Max: 6.9, Diff: 0.0, Sum: 27.5]
         [Processed Buffers: Min: 58, Avg: 75.8, Max: 100, Diff: 42, Sum: 303]
      [Scan RS (ms): Min: 0.4, Avg: 0.4, Max: 0.4, Diff: 0.0, Sum: 1.5]
      [Object Copy (ms): Min: 148.5, Avg: 148.5, Max: 148.5, Diff: 0.0, Sum: 594.1]
      [Termination (ms): Min: 0.0, Avg: 0.0, Max: 0.0, Diff: 0.0, Sum: 0.0]
      [GC Worker Other (ms): Min: 0.0, Avg: 0.0, Max: 0.0, Diff: 0.0, Sum: 0.1]
      [GC Worker Total (ms): Min: 156.7, Avg: 156.7, Max: 156.7, Diff: 0.0, Sum: 626.7]
      [GC Worker End (ms): Min: 13326.0, Avg: 13326.0, Max: 13326.0, Diff: 0.0]
   [Code Root Fixup: 0.0 ms]
   [Clear CT: 0.2 ms]
   [Other: 2.6 ms]
      [Choose CSet: 0.0 ms]
      [Ref Proc: 1.1 ms]
      [Ref Enq: 0.0 ms]
      [Free CSet: 0.2 ms]
   [Eden: 267.0M(267.0M)->0.0B(210.0M) Survivors: 30.0M->38.0M Heap: 676.0M(2048.0M)->547.5M(2048.0M)]
 [Times: user=0.58 sys=0.00, real=0.16 secs] 
13.491: [GC pause (young), 0.0586728 secs]
   [Parallel Time: 57.5 ms, GC Workers: 4]
      [GC Worker Start (ms): Min: 13491.2, Avg: 13491.3, Max: 13491.4, Diff: 0.2]
      [Ext Root Scanning (ms): Min: 0.9, Avg: 1.0, Max: 1.2, Diff: 0.2, Sum: 4.0]
      [Update RS (ms): Min: 7.8, Avg: 7.8, Max: 7.8, Diff: 0.0, Sum: 31.3]
         [Processed Buffers: Min: 68, Avg: 90.3, Max: 105, Diff: 37, Sum: 361]
      [Scan RS (ms): Min: 5.4, Avg: 5.4, Max: 5.4, Diff: 0.0, Sum: 21.7]
      [Object Copy (ms): Min: 43.1, Avg: 43.1, Max: 43.1, Diff: 0.0, Sum: 172.4]
      [Termination (ms): Min: 0.0, Avg: 0.0, Max: 0.0, Diff: 0.0, Sum: 0.0]
      [GC Worker Other (ms): Min: 0.0, Avg: 0.0, Max: 0.0, Diff: 0.0, Sum: 0.1]
      [GC Worker Total (ms): Min: 57.3, Avg: 57.3, Max: 57.5, Diff: 0.2, Sum: 229.4]
      [GC Worker End (ms): Min: 13548.7, Avg: 13548.7, Max: 13548.7, Diff: 0.0]
   [Code Root Fixup: 0.0 ms]
   [Clear CT: 0.1 ms]
   [Other: 1.0 ms]
      [Choose CSet: 0.0 ms]
      [Ref Proc: 0.1 ms]
      [Ref Enq: 0.0 ms]
      [Free CSet: 0.2 ms]
   [Eden: 210.0M(210.0M)->0.0B(412.0M) Survivors: 38.0M->14.0M Heap: 757.5M(2048.0M)->562.5M(2048.0M)]
 [Times: user=0.23 sys=0.00, real=0.06 secs] 
13.993: [GC pause (young), 0.3034143 secs]
   [Parallel Time: 289.1 ms, GC Workers: 4]
      [GC Worker Start (ms): Min: 13993.7, Avg: 13993.7, Max: 13993.7, Diff: 0.0]
      [Ext Root Scanning (ms): Min: 1.1, Avg: 3.6, Max: 11.0, Diff: 9.8, Sum: 14.4]
      [Update RS (ms): Min: 1.6, Avg: 9.3, Max: 14.8, Diff: 13.2, Sum: 37.4]
         [Processed Buffers: Min: 30, Avg: 161.8, Max: 417, Diff: 387, Sum: 647]
      [Scan RS (ms): Min: 0.0, Avg: 0.1, Max: 0.5, Diff: 0.5, Sum: 0.6]
      [Object Copy (ms): Min: 263.2, Avg: 266.8, Max: 273.1, Diff: 9.9, Sum: 1067.3]
      [Termination (ms): Min: 0.0, Avg: 9.2, Max: 13.3, Diff: 13.3, Sum: 36.8]
      [GC Worker Other (ms): Min: 0.0, Avg: 0.0, Max: 0.0, Diff: 0.0, Sum: 0.0]
      [GC Worker Total (ms): Min: 289.1, Avg: 289.1, Max: 289.1, Diff: 0.0, Sum: 1156.4]
      [GC Worker End (ms): Min: 14282.8, Avg: 14282.8, Max: 14282.8, Diff: 0.0]
   [Code Root Fixup: 0.0 ms]
   [Clear CT: 0.2 ms]
   [Other: 14.1 ms]
      [Choose CSet: 0.0 ms]
      [Ref Proc: 12.1 ms]
      [Ref Enq: 0.0 ms]
      [Free CSet: 0.3 ms]
   [Eden: 412.0M(412.0M)->0.0B(192.0M) Survivors: 14.0M->54.0M Heap: 974.5M(2048.0M)->848.0M(2048.0M)]
 [Times: user=1.11 sys=0.00, real=0.30 secs] 
14.458: [GC pause (young), 0.1479586 secs]
   [Parallel Time: 145.3 ms, GC Workers: 4]
      [GC Worker Start (ms): Min: 14458.2, Avg: 14458.2, Max: 14458.2, Diff: 0.0]
      [Ext Root Scanning (ms): Min: 0.9, Avg: 0.9, Max: 0.9, Diff: 0.0, Sum: 3.5]
      [Update RS (ms): Min: 33.6, Avg: 34.0, Max: 34.8, Diff: 1.1, Sum: 135.9]
         [Processed Buffers: Min: 167, Avg: 172.8, Max: 178, Diff: 11, Sum: 691]
      [Scan RS (ms): Min: 23.3, Avg: 24.1, Max: 24.5, Diff: 1.2, Sum: 96.6]
      [Object Copy (ms): Min: 66.4, Avg: 71.0, Max: 84.7, Diff: 18.3, Sum: 284.1]
      [Termination (ms): Min: 0.0, Avg: 14.3, Max: 19.7, Diff: 19.7, Sum: 57.3]
      [GC Worker Other (ms): Min: 0.0, Avg: 0.0, Max: 0.0, Diff: 0.0, Sum: 0.1]
      [GC Worker Total (ms): Min: 143.8, Avg: 144.4, Max: 145.1, Diff: 1.4, Sum: 577.4]
      [GC Worker End (ms): Min: 14602.0, Avg: 14602.5, Max: 14603.3, Diff: 1.4]
   [Code Root Fixup: 0.0 ms]
   [Clear CT: 0.3 ms]
   [Other: 2.3 ms]
      [Choose CSet: 0.0 ms]
      [Ref Proc: 0.5 ms]
      [Ref Enq: 0.0 ms]
      [Free CSet: 0.3 ms]
   [Eden: 192.0M(192.0M)->0.0B(193.0M) Survivors: 54.0M->2048.0K Heap: 1040.0M(2048.0M)->851.0M(2048.0M)]
 [Times: user=0.45 sys=0.02, real=0.15 secs] 
14.899: [GC pause (young), 0.1013795 secs]
   [Parallel Time: 98.1 ms, GC Workers: 4]
      [GC Worker Start (ms): Min: 14899.3, Avg: 14899.3, Max: 14899.3, Diff: 0.0]
      [Ext Root Scanning (ms): Min: 0.9, Avg: 0.9, Max: 0.9, Diff: 0.0, Sum: 3.5]
      [Update RS (ms): Min: 7.7, Avg: 7.7, Max: 7.7, Diff: 0.0, Sum: 30.9]
         [Processed Buffers: Min: 169, Avg: 270.0, Max: 318, Diff: 149, Sum: 1080]
      [Scan RS (ms): Min: 0.0, Avg: 0.0, Max: 0.0, Diff: 0.0, Sum: 0.2]
      [Object Copy (ms): Min: 89.4, Avg: 89.4, Max: 89.4, Diff: 0.0, Sum: 357.6]
      [Termination (ms): Min: 0.0, Avg: 0.0, Max: 0.0, Diff: 0.0, Sum: 0.0]
      [GC Worker Other (ms): Min: 0.0, Avg: 0.0, Max: 0.0, Diff: 0.0, Sum: 0.1]
      [GC Worker Total (ms): Min: 98.0, Avg: 98.0, Max: 98.1, Diff: 0.0, Sum: 392.2]
      [GC Worker End (ms): Min: 14997.4, Avg: 14997.4, Max: 14997.4, Diff: 0.0]
   [Code Root Fixup: 0.0 ms]
   [Clear CT: 0.2 ms]
   [Other: 3.1 ms]
      [Choose CSet: 0.0 ms]
      [Ref Proc: 1.7 ms]
      [Ref Enq: 0.0 ms]
      [Free CSet: 0.2 ms]
   [Eden: 193.0M(193.0M)->0.0B(171.0M) Survivors: 2048.0K->25.0M Heap: 1044.0M(2048.0M)->961.5M(2048.0M)]
 [Times: user=0.33 sys=0.00, real=0.10 secs] 
15.131: [GC pause (young) (initial-mark), 0.0695756 secs]
   [Parallel Time: 67.7 ms, GC Workers: 4]
      [GC Worker Start (ms): Min: 15131.1, Avg: 15131.1, Max: 15131.2, Diff: 0.0]
      [Ext Root Scanning (ms): Min: 1.1, Avg: 4.2, Max: 13.4, Diff: 12.3, Sum: 16.8]
      [Update RS (ms): Min: 0.1, Avg: 14.0, Max: 31.3, Diff: 31.1, Sum: 55.8]
         [Processed Buffers: Min: 46, Avg: 169.8, Max: 260, Diff: 214, Sum: 679]
      [Scan RS (ms): Min: 0.0, Avg: 1.0, Max: 1.3, Diff: 1.3, Sum: 3.9]
      [Object Copy (ms): Min: 35.3, Avg: 48.6, Max: 53.1, Diff: 17.8, Sum: 194.3]
      [Termination (ms): Min: 0.0, Avg: 0.0, Max: 0.0, Diff: 0.0, Sum: 0.0]
      [GC Worker Other (ms): Min: 0.0, Avg: 0.0, Max: 0.0, Diff: 0.0, Sum: 0.0]
      [GC Worker Total (ms): Min: 67.7, Avg: 67.7, Max: 67.7, Diff: 0.0, Sum: 270.8]
      [GC Worker End (ms): Min: 15198.8, Avg: 15198.8, Max: 15198.8, Diff: 0.0]
   [Code Root Fixup: 0.0 ms]
   [Clear CT: 0.1 ms]
   [Other: 1.7 ms]
      [Choose CSet: 0.0 ms]
      [Ref Proc: 0.4 ms]
      [Ref Enq: 0.0 ms]
      [Free CSet: 0.2 ms]
   [Eden: 171.0M(171.0M)->0.0B(256.0M) Survivors: 25.0M->25.0M Heap: 1132.5M(2048.0M)->994.5M(2048.0M)]
 [Times: user=0.20 sys=0.00, real=0.07 secs] 
15.200: [GC concurrent-root-region-scan-start]
15.227: [GC concurrent-root-region-scan-end, 0.0268301 secs]
15.227: [GC concurrent-mark-start]
15.420: [GC pause (young), 0.1209597 secs]
   [Parallel Time: 119.5 ms, GC Workers: 4]
      [GC Worker Start (ms): Min: 15420.4, Avg: 15420.5, Max: 15420.5, Diff: 0.1]
      [Ext Root Scanning (ms): Min: 0.9, Avg: 0.9, Max: 0.9, Diff: 0.1, Sum: 3.6]
      [SATB Filtering (ms): Min: 0.0, Avg: 0.7, Max: 2.7, Diff: 2.7, Sum: 2.7]
      [Update RS (ms): Min: 6.9, Avg: 8.9, Max: 9.9, Diff: 3.0, Sum: 35.4]
         [Processed Buffers: Min: 55, Avg: 65.5, Max: 85, Diff: 30, Sum: 262]
      [Scan RS (ms): Min: 0.0, Avg: 0.2, Max: 0.3, Diff: 0.3, Sum: 0.8]
      [Object Copy (ms): Min: 108.7, Avg: 108.8, Max: 108.9, Diff: 0.2, Sum: 435.4]
      [Termination (ms): Min: 0.0, Avg: 0.0, Max: 0.0, Diff: 0.0, Sum: 0.0]
      [GC Worker Other (ms): Min: 0.0, Avg: 0.0, Max: 0.0, Diff: 0.0, Sum: 0.1]
      [GC Worker Total (ms): Min: 119.4, Avg: 119.5, Max: 119.5, Diff: 0.1, Sum: 477.9]
      [GC Worker End (ms): Min: 15540.0, Avg: 15540.0, Max: 15540.0, Diff: 0.0]
   [Code Root Fixup: 0.0 ms]
   [Clear CT: 0.1 ms]
   [Other: 1.3 ms]
      [Choose CSet: 0.0 ms]
      [Ref Proc: 0.0 ms]
      [Ref Enq: 0.0 ms]
      [Free CSet: 0.2 ms]
   [Eden: 256.0M(256.0M)->0.0B(229.0M) Survivors: 25.0M->36.0M Heap: 1250.5M(2048.0M)->1108.5M(2048.0M)]
 [Times: user=0.42 sys=0.00, real=0.12 secs] 
15.781: [GC pause (young), 0.1176647 secs]
   [Parallel Time: 113.6 ms, GC Workers: 4]
      [GC Worker Start (ms): Min: 15781.9, Avg: 15781.9, Max: 15781.9, Diff: 0.0]
      [Ext Root Scanning (ms): Min: 1.1, Avg: 1.1, Max: 1.2, Diff: 0.1, Sum: 4.5]
      [SATB Filtering (ms): Min: 0.0, Avg: 0.8, Max: 3.0, Diff: 3.0, Sum: 3.0]
      [Update RS (ms): Min: 9.9, Avg: 11.8, Max: 12.9, Diff: 3.0, Sum: 47.3]
         [Processed Buffers: Min: 79, Avg: 169.0, Max: 210, Diff: 131, Sum: 676]
      [Scan RS (ms): Min: 2.4, Avg: 2.8, Max: 3.2, Diff: 0.8, Sum: 11.1]
      [Object Copy (ms): Min: 97.0, Avg: 97.1, Max: 97.1, Diff: 0.1, Sum: 388.4]
      [Termination (ms): Min: 0.0, Avg: 0.0, Max: 0.0, Diff: 0.0, Sum: 0.0]
      [GC Worker Other (ms): Min: 0.0, Avg: 0.0, Max: 0.0, Diff: 0.0, Sum: 0.1]
      [GC Worker Total (ms): Min: 113.6, Avg: 113.6, Max: 113.6, Diff: 0.0, Sum: 454.3]
      [GC Worker End (ms): Min: 15895.5, Avg: 15895.5, Max: 15895.5, Diff: 0.0]
   [Code Root Fixup: 0.0 ms]
   [Clear CT: 1.5 ms]
   [Other: 2.6 ms]
      [Choose CSet: 0.0 ms]
      [Ref Proc: 1.2 ms]
      [Ref Enq: 0.0 ms]
      [Free CSet: 0.2 ms]
   [Eden: 229.0M(229.0M)->0.0B(289.0M) Survivors: 36.0M->34.0M Heap: 1337.5M(2048.0M)->1192.5M(2048.0M)]
 [Times: user=0.41 sys=0.00, real=0.12 secs] 
15.981: [GC concurrent-mark-end, 0.7535241 secs]
15.981: [GC remark 15.982: [GC ref-proc, 0.0013823 secs], 0.0052653 secs]
 [Times: user=0.00 sys=0.00, real=0.01 secs] 
15.987: [GC cleanup 1293M->660M(2048M), 0.0026838 secs]
 [Times: user=0.00 sys=0.00, real=0.00 secs] 
15.990: [GC concurrent-cleanup-start]
15.991: [GC concurrent-cleanup-end, 0.0008127 secs]
16.168: [GC pause (young), 0.1749362 secs]
   [Parallel Time: 172.8 ms, GC Workers: 4]
      [GC Worker Start (ms): Min: 16168.3, Avg: 16169.7, Max: 16173.2, Diff: 4.9]
      [Ext Root Scanning (ms): Min: 0.1, Avg: 0.9, Max: 1.3, Diff: 1.2, Sum: 3.5]
      [Update RS (ms): Min: 14.1, Avg: 15.8, Max: 16.4, Diff: 2.3, Sum: 63.3]
         [Processed Buffers: Min: 123, Avg: 154.3, Max: 173, Diff: 50, Sum: 617]
      [Scan RS (ms): Min: 1.6, Avg: 2.5, Max: 2.9, Diff: 1.3, Sum: 10.2]
      [Object Copy (ms): Min: 151.8, Avg: 151.9, Max: 152.0, Diff: 0.2, Sum: 607.6]
      [Termination (ms): Min: 0.0, Avg: 0.0, Max: 0.1, Diff: 0.1, Sum: 0.1]
      [GC Worker Other (ms): Min: 0.0, Avg: 0.0, Max: 0.0, Diff: 0.0, Sum: 0.1]
      [GC Worker Total (ms): Min: 167.6, Avg: 171.2, Max: 172.5, Diff: 4.9, Sum: 684.8]
      [GC Worker End (ms): Min: 16340.8, Avg: 16340.9, Max: 16340.9, Diff: 0.1]
   [Code Root Fixup: 0.0 ms]
   [Clear CT: 0.2 ms]
   [Other: 1.9 ms]
      [Choose CSet: 0.0 ms]
      [Ref Proc: 0.1 ms]
      [Ref Enq: 0.0 ms]
      [Free CSet: 0.3 ms]
   [Eden: 289.0M(289.0M)->0.0B(230.0M) Survivors: 34.0M->41.0M Heap: 848.5M(2048.0M)->708.0M(2048.0M)]
 [Times: user=0.70 sys=0.00, real=0.18 secs] 
16.630: [GC pause (young), 0.2185836 secs]
   [Parallel Time: 210.7 ms, GC Workers: 4]
      [GC Worker Start (ms): Min: 16630.4, Avg: 16630.5, Max: 16630.6, Diff: 0.2]
      [Ext Root Scanning (ms): Min: 0.2, Avg: 0.9, Max: 1.2, Diff: 1.0, Sum: 3.6]
      [Update RS (ms): Min: 11.7, Avg: 18.1, Max: 32.9, Diff: 21.2, Sum: 72.4]
         [Processed Buffers: Min: 138, Avg: 167.3, Max: 191, Diff: 53, Sum: 669]
      [Scan RS (ms): Min: 0.0, Avg: 2.3, Max: 3.1, Diff: 3.0, Sum: 9.1]
      [Object Copy (ms): Min: 176.6, Avg: 189.4, Max: 195.7, Diff: 19.1, Sum: 757.6]
      [Termination (ms): Min: 0.0, Avg: 0.0, Max: 0.0, Diff: 0.0, Sum: 0.0]
      [GC Worker Other (ms): Min: 0.0, Avg: 0.0, Max: 0.0, Diff: 0.0, Sum: 0.1]
      [GC Worker Total (ms): Min: 210.6, Avg: 210.7, Max: 210.7, Diff: 0.2, Sum: 842.7]
      [GC Worker End (ms): Min: 16841.2, Avg: 16841.2, Max: 16841.2, Diff: 0.0]
   [Code Root Fixup: 0.0 ms]
   [Clear CT: 4.5 ms]
   [Other: 3.3 ms]
      [Choose CSet: 0.0 ms]
      [Ref Proc: 1.0 ms]
      [Ref Enq: 0.0 ms]
      [Free CSet: 0.2 ms]
   [Eden: 230.0M(230.0M)->0.0B(181.0M) Survivors: 41.0M->34.0M Heap: 938.0M(2048.0M)->862.5M(2048.0M)]
 [Times: user=0.69 sys=0.00, real=0.22 secs] 
17.117: [GC pause (young), 0.1288296 secs]
   [Parallel Time: 127.2 ms, GC Workers: 4]
      [GC Worker Start (ms): Min: 17117.3, Avg: 17117.3, Max: 17117.3, Diff: 0.0]
      [Ext Root Scanning (ms): Min: 0.9, Avg: 0.9, Max: 1.0, Diff: 0.1, Sum: 3.7]
      [Update RS (ms): Min: 14.7, Avg: 15.0, Max: 15.8, Diff: 1.1, Sum: 60.0]
         [Processed Buffers: Min: 150, Avg: 195.8, Max: 243, Diff: 93, Sum: 783]
      [Scan RS (ms): Min: 2.2, Avg: 3.0, Max: 3.3, Diff: 1.1, Sum: 11.8]
      [Object Copy (ms): Min: 108.2, Avg: 108.3, Max: 108.3, Diff: 0.1, Sum: 433.1]
      [Termination (ms): Min: 0.0, Avg: 0.0, Max: 0.0, Diff: 0.0, Sum: 0.0]
      [GC Worker Other (ms): Min: 0.0, Avg: 0.0, Max: 0.0, Diff: 0.0, Sum: 0.1]
      [GC Worker Total (ms): Min: 127.2, Avg: 127.2, Max: 127.2, Diff: 0.0, Sum: 508.7]
      [GC Worker End (ms): Min: 17244.5, Avg: 17244.5, Max: 17244.5, Diff: 0.0]
   [Code Root Fixup: 0.0 ms]
   [Clear CT: 0.1 ms]
   [Other: 1.5 ms]
      [Choose CSet: 0.0 ms]
      [Ref Proc: 0.0 ms]
      [Ref Enq: 0.0 ms]
      [Free CSet: 0.2 ms]
   [Eden: 181.0M(181.0M)->0.0B(250.0M) Survivors: 34.0M->27.0M Heap: 1043.5M(2048.0M)->956.5M(2048.0M)]
 [Times: user=0.47 sys=0.00, real=0.13 secs] 
17.529: [GC pause (young) (initial-mark), 0.1663082 secs]
   [Parallel Time: 163.3 ms, GC Workers: 4]
      [GC Worker Start (ms): Min: 17529.4, Avg: 17529.4, Max: 17529.4, Diff: 0.0]
      [Ext Root Scanning (ms): Min: 0.9, Avg: 0.9, Max: 0.9, Diff: 0.0, Sum: 3.5]
      [Update RS (ms): Min: 15.5, Avg: 15.5, Max: 15.5, Diff: 0.0, Sum: 62.1]
         [Processed Buffers: Min: 166, Avg: 177.8, Max: 189, Diff: 23, Sum: 711]
      [Scan RS (ms): Min: 0.2, Avg: 0.2, Max: 0.2, Diff: 0.0, Sum: 0.8]
      [Object Copy (ms): Min: 146.7, Avg: 146.7, Max: 146.7, Diff: 0.0, Sum: 586.9]
      [Termination (ms): Min: 0.0, Avg: 0.0, Max: 0.0, Diff: 0.0, Sum: 0.0]
      [GC Worker Other (ms): Min: 0.0, Avg: 0.0, Max: 0.0, Diff: 0.0, Sum: 0.1]
      [GC Worker Total (ms): Min: 163.3, Avg: 163.3, Max: 163.3, Diff: 0.0, Sum: 653.3]
      [GC Worker End (ms): Min: 17692.8, Avg: 17692.8, Max: 17692.8, Diff: 0.0]
   [Code Root Fixup: 0.0 ms]
   [Clear CT: 0.1 ms]
   [Other: 2.8 ms]
      [Choose CSet: 0.0 ms]
      [Ref Proc: 1.1 ms]
      [Ref Enq: 0.0 ms]
      [Free CSet: 0.3 ms]
   [Eden: 250.0M(250.0M)->0.0B(207.0M) Survivors: 27.0M->35.0M Heap: 1206.5M(2048.0M)->1101.0M(2048.0M)]
 [Times: user=0.58 sys=0.00, real=0.17 secs] 
17.695: [GC concurrent-root-region-scan-start]
17.767: [GC concurrent-root-region-scan-end, 0.0711526 secs]
17.767: [GC concurrent-mark-start]
17.886: [GC pause (young), 0.0705663 secs]
   [Parallel Time: 68.1 ms, GC Workers: 4]
      [GC Worker Start (ms): Min: 17886.5, Avg: 17888.2, Max: 17893.3, Diff: 6.8]
      [Ext Root Scanning (ms): Min: 0.1, Avg: 1.0, Max: 1.3, Diff: 1.2, Sum: 3.9]
      [SATB Filtering (ms): Min: 0.0, Avg: 0.0, Max: 0.1, Diff: 0.1, Sum: 0.1]
      [Update RS (ms): Min: 22.1, Avg: 22.2, Max: 22.2, Diff: 0.1, Sum: 88.6]
         [Processed Buffers: Min: 19, Avg: 96.0, Max: 122, Diff: 103, Sum: 384]
      [Scan RS (ms): Min: 0.0, Avg: 0.2, Max: 0.3, Diff: 0.3, Sum: 0.9]
      [Object Copy (ms): Min: 36.6, Avg: 40.5, Max: 41.9, Diff: 5.3, Sum: 162.0]
      [Termination (ms): Min: 0.0, Avg: 0.8, Max: 2.5, Diff: 2.5, Sum: 3.4]
      [GC Worker Other (ms): Min: 0.0, Avg: 0.3, Max: 1.0, Diff: 1.0, Sum: 1.0]
      [GC Worker Total (ms): Min: 59.2, Avg: 65.0, Max: 68.1, Diff: 8.9, Sum: 259.9]
      [GC Worker End (ms): Min: 17952.3, Avg: 17953.2, Max: 17954.6, Diff: 2.3]
   [Code Root Fixup: 0.0 ms]
   [Clear CT: 0.5 ms]
   [Other: 2.0 ms]
      [Choose CSet: 0.0 ms]
      [Ref Proc: 0.9 ms]
      [Ref Enq: 0.0 ms]
      [Free CSet: 0.2 ms]
   [Eden: 207.0M(207.0M)->0.0B(384.0M) Survivors: 35.0M->7168.0K Heap: 1308.0M(2048.0M)->1108.5M(2048.0M)]
 [Times: user=0.20 sys=0.00, real=0.07 secs] 
18.292: [GC pause (young), 0.1603284 secs]
   [Parallel Time: 157.3 ms, GC Workers: 4]
      [GC Worker Start (ms): Min: 18292.2, Avg: 18292.5, Max: 18293.3, Diff: 1.0]
      [Ext Root Scanning (ms): Min: 0.2, Avg: 0.9, Max: 1.1, Diff: 0.9, Sum: 3.5]
      [SATB Filtering (ms): Min: 0.0, Avg: 0.7, Max: 2.8, Diff: 2.8, Sum: 2.8]
      [Update RS (ms): Min: 11.4, Avg: 13.5, Max: 14.2, Diff: 2.7, Sum: 53.9]
         [Processed Buffers: Min: 221, Avg: 243.5, Max: 270, Diff: 49, Sum: 974]
      [Scan RS (ms): Min: 0.1, Avg: 0.2, Max: 0.2, Diff: 0.2, Sum: 0.7]
      [Object Copy (ms): Min: 140.9, Avg: 141.0, Max: 141.1, Diff: 0.1, Sum: 564.0]
      [Termination (ms): Min: 0.0, Avg: 0.0, Max: 0.0, Diff: 0.0, Sum: 0.0]
      [GC Worker Other (ms): Min: 0.0, Avg: 0.2, Max: 0.3, Diff: 0.3, Sum: 0.6]
      [GC Worker Total (ms): Min: 155.5, Avg: 156.4, Max: 156.8, Diff: 1.4, Sum: 625.5]
      [GC Worker End (ms): Min: 18448.7, Avg: 18448.9, Max: 18449.0, Diff: 0.3]
   [Code Root Fixup: 0.0 ms]
   [Clear CT: 0.2 ms]
   [Other: 2.9 ms]
      [Choose CSet: 0.0 ms]
      [Ref Proc: 1.5 ms]
      [Ref Enq: 0.0 ms]
      [Free CSet: 0.3 ms]
   [Eden: 384.0M(384.0M)->0.0B(53.0M) Survivors: 7168.0K->49.0M Heap: 1492.5M(2048.0M)->1259.5M(2048.0M)]
 [Times: user=0.56 sys=0.02, real=0.16 secs] 
18.496: [GC pause (young), 0.0789140 secs]
   [Parallel Time: 75.8 ms, GC Workers: 4]
      [GC Worker Start (ms): Min: 18496.0, Avg: 18496.0, Max: 18496.1, Diff: 0.1]
      [Ext Root Scanning (ms): Min: 0.9, Avg: 0.9, Max: 0.9, Diff: 0.0, Sum: 3.5]
      [SATB Filtering (ms): Min: 0.0, Avg: 0.0, Max: 0.0, Diff: 0.0, Sum: 0.0]
      [Update RS (ms): Min: 26.7, Avg: 26.7, Max: 26.8, Diff: 0.1, Sum: 106.9]
         [Processed Buffers: Min: 141, Avg: 144.3, Max: 147, Diff: 6, Sum: 577]
      [Scan RS (ms): Min: 0.1, Avg: 0.1, Max: 0.2, Diff: 0.1, Sum: 0.5]
      [Object Copy (ms): Min: 47.6, Avg: 47.6, Max: 47.6, Diff: 0.0, Sum: 190.4]
      [Termination (ms): Min: 0.0, Avg: 0.0, Max: 0.0, Diff: 0.0, Sum: 0.0]
      [GC Worker Other (ms): Min: 0.0, Avg: 0.2, Max: 0.4, Diff: 0.4, Sum: 0.7]
      [GC Worker Total (ms): Min: 75.4, Avg: 75.5, Max: 75.8, Diff: 0.4, Sum: 302.2]
      [GC Worker End (ms): Min: 18571.4, Avg: 18571.6, Max: 18571.8, Diff: 0.3]
   [Code Root Fixup: 0.0 ms]
   [Clear CT: 0.1 ms]
   [Other: 3.0 ms]
      [Choose CSet: 0.0 ms]
      [Ref Proc: 2.0 ms]
      [Ref Enq: 0.0 ms]
      [Free CSet: 0.1 ms]
   [Eden: 53.0M(53.0M)->0.0B(196.0M) Survivors: 49.0M->1024.0K Heap: 1312.5M(2048.0M)->1261.5M(2048.0M)]
 [Times: user=0.31 sys=0.00, real=0.08 secs] 
18.670: [GC concurrent-mark-end, 0.9005705 secs]
18.677: [GC remark 18.677: [GC ref-proc, 0.0012925 secs], 0.0027636 secs]
 [Times: user=0.00 sys=0.00, real=0.00 secs] 
18.684: [GC cleanup 1390M->791M(2048M), 0.0014192 secs]
 [Times: user=0.00 sys=0.00, real=0.00 secs] 
18.685: [GC concurrent-cleanup-start]
18.686: [GC concurrent-cleanup-end, 0.0007428 secs]
18.740: [GC pause (young), 0.0489803 secs]
   [Parallel Time: 48.1 ms, GC Workers: 4]
      [GC Worker Start (ms): Min: 18740.9, Avg: 18740.9, Max: 18740.9, Diff: 0.0]
      [Ext Root Scanning (ms): Min: 0.9, Avg: 0.9, Max: 0.9, Diff: 0.0, Sum: 3.5]
      [Update RS (ms): Min: 13.9, Avg: 13.9, Max: 13.9, Diff: 0.0, Sum: 55.5]
         [Processed Buffers: Min: 169, Avg: 260.8, Max: 335, Diff: 166, Sum: 1043]
      [Scan RS (ms): Min: 0.0, Avg: 0.0, Max: 0.1, Diff: 0.0, Sum: 0.2]
      [Object Copy (ms): Min: 33.2, Avg: 33.2, Max: 33.2, Diff: 0.0, Sum: 133.0]
      [Termination (ms): Min: 0.0, Avg: 0.0, Max: 0.0, Diff: 0.0, Sum: 0.0]
      [GC Worker Other (ms): Min: 0.0, Avg: 0.0, Max: 0.0, Diff: 0.0, Sum: 0.0]
      [GC Worker Total (ms): Min: 48.0, Avg: 48.1, Max: 48.1, Diff: 0.0, Sum: 192.2]
      [GC Worker End (ms): Min: 18788.9, Avg: 18788.9, Max: 18788.9, Diff: 0.0]
   [Code Root Fixup: 0.0 ms]
   [Clear CT: 0.1 ms]
   [Other: 0.8 ms]
      [Choose CSet: 0.0 ms]
      [Ref Proc: 0.0 ms]
      [Ref Enq: 0.0 ms]
      [Free CSet: 0.1 ms]
   [Eden: 196.0M(196.0M)->0.0B(77.0M) Survivors: 1024.0K->25.0M Heap: 858.5M(2048.0M)->705.5M(2048.0M)]
 [Times: user=0.17 sys=0.00, real=0.05 secs] 
18.858: [GC pause (mixed), 0.0764092 secs]
   [Parallel Time: 75.0 ms, GC Workers: 4]
      [GC Worker Start (ms): Min: 18858.2, Avg: 18858.2, Max: 18858.2, Diff: 0.0]
      [Ext Root Scanning (ms): Min: 0.9, Avg: 0.9, Max: 0.9, Diff: 0.0, Sum: 3.5]
      [Update RS (ms): Min: 7.2, Avg: 7.3, Max: 7.3, Diff: 0.1, Sum: 29.1]
         [Processed Buffers: Min: 37, Avg: 38.0, Max: 39, Diff: 2, Sum: 152]
      [Scan RS (ms): Min: 0.2, Avg: 0.3, Max: 0.3, Diff: 0.1, Sum: 1.1]
      [Object Copy (ms): Min: 66.4, Avg: 66.5, Max: 66.6, Diff: 0.1, Sum: 266.1]
      [Termination (ms): Min: 0.0, Avg: 0.0, Max: 0.0, Diff: 0.0, Sum: 0.0]
      [GC Worker Other (ms): Min: 0.0, Avg: 0.0, Max: 0.0, Diff: 0.0, Sum: 0.0]
      [GC Worker Total (ms): Min: 74.9, Avg: 74.9, Max: 75.0, Diff: 0.0, Sum: 299.8]
      [GC Worker End (ms): Min: 18933.1, Avg: 18933.1, Max: 18933.1, Diff: 0.0]
   [Code Root Fixup: 0.0 ms]
   [Clear CT: 0.1 ms]
   [Other: 1.3 ms]
      [Choose CSet: 0.0 ms]
      [Ref Proc: 0.2 ms]
      [Ref Enq: 0.0 ms]
      [Free CSet: 0.3 ms]
   [Eden: 77.0M(77.0M)->0.0B(369.0M) Survivors: 25.0M->13.0M Heap: 782.5M(2048.0M)->732.5M(2048.0M)]
 [Times: user=0.31 sys=0.00, real=0.08 secs] 
19.296: [GC pause (young), 0.2588814 secs]
   [Parallel Time: 256.8 ms, GC Workers: 4]
      [GC Worker Start (ms): Min: 19296.6, Avg: 19296.6, Max: 19296.6, Diff: 0.0]
      [Ext Root Scanning (ms): Min: 0.8, Avg: 0.8, Max: 0.9, Diff: 0.0, Sum: 3.4]
      [Update RS (ms): Min: 18.4, Avg: 18.8, Max: 19.7, Diff: 1.3, Sum: 75.2]
         [Processed Buffers: Min: 88, Avg: 99.5, Max: 107, Diff: 19, Sum: 398]
      [Scan RS (ms): Min: 0.0, Avg: 0.2, Max: 0.4, Diff: 0.4, Sum: 1.0]
      [Object Copy (ms): Min: 236.2, Avg: 236.8, Max: 237.0, Diff: 0.9, Sum: 947.3]
      [Termination (ms): Min: 0.0, Avg: 0.0, Max: 0.0, Diff: 0.0, Sum: 0.0]
      [GC Worker Other (ms): Min: 0.0, Avg: 0.0, Max: 0.0, Diff: 0.0, Sum: 0.1]
      [GC Worker Total (ms): Min: 256.7, Avg: 256.7, Max: 256.7, Diff: 0.0, Sum: 1026.9]
      [GC Worker End (ms): Min: 19553.3, Avg: 19553.3, Max: 19553.3, Diff: 0.0]
   [Code Root Fixup: 0.0 ms]
   [Clear CT: 0.1 ms]
   [Other: 2.0 ms]
      [Choose CSet: 0.0 ms]
      [Ref Proc: 0.0 ms]
      [Ref Enq: 0.0 ms]
      [Free CSet: 0.3 ms]
   [Eden: 369.0M(369.0M)->0.0B(196.0M) Survivors: 13.0M->48.0M Heap: 1101.5M(2048.0M)->1013.5M(2048.0M)]
 [Times: user=0.98 sys=0.00, real=0.26 secs] 
19.855: [GC pause (young) (initial-mark), 0.1460230 secs]
   [Parallel Time: 143.7 ms, GC Workers: 4]
      [GC Worker Start (ms): Min: 19855.3, Avg: 19855.3, Max: 19855.3, Diff: 0.0]
      [Ext Root Scanning (ms): Min: 0.9, Avg: 0.9, Max: 0.9, Diff: 0.0, Sum: 3.4]
      [Update RS (ms): Min: 19.4, Avg: 20.0, Max: 21.7, Diff: 2.4, Sum: 79.9]
         [Processed Buffers: Min: 130, Avg: 253.0, Max: 461, Diff: 331, Sum: 1012]
      [Scan RS (ms): Min: 22.5, Avg: 24.2, Max: 24.9, Diff: 2.4, Sum: 96.9]
      [Object Copy (ms): Min: 98.5, Avg: 98.5, Max: 98.6, Diff: 0.1, Sum: 394.2]
      [Termination (ms): Min: 0.0, Avg: 0.0, Max: 0.0, Diff: 0.0, Sum: 0.0]
      [GC Worker Other (ms): Min: 0.0, Avg: 0.0, Max: 0.0, Diff: 0.0, Sum: 0.1]
      [GC Worker Total (ms): Min: 143.6, Avg: 143.6, Max: 143.6, Diff: 0.0, Sum: 574.5]
      [GC Worker End (ms): Min: 19998.9, Avg: 19998.9, Max: 19998.9, Diff: 0.0]
   [Code Root Fixup: 0.0 ms]
   [Clear CT: 0.1 ms]
   [Other: 2.3 ms]
      [Choose CSet: 0.0 ms]
      [Ref Proc: 0.0 ms]
      [Ref Enq: 0.0 ms]
      [Free CSet: 0.2 ms]
   [Eden: 196.0M(196.0M)->0.0B(71.0M) Survivors: 48.0M->31.0M Heap: 1209.5M(2048.0M)->1078.0M(2048.0M)]
 [Times: user=0.51 sys=0.00, real=0.15 secs] 
20.001: [GC concurrent-root-region-scan-start]
20.069: [GC concurrent-root-region-scan-end, 0.0683107 secs]
20.069: [GC concurrent-mark-start]
20.139: [GC pause (young), 0.0574059 secs]
   [Parallel Time: 56.4 ms, GC Workers: 4]
      [GC Worker Start (ms): Min: 20138.8, Avg: 20138.8, Max: 20138.9, Diff: 0.0]
      [Ext Root Scanning (ms): Min: 0.9, Avg: 0.9, Max: 1.0, Diff: 0.0, Sum: 3.7]
      [SATB Filtering (ms): Min: 0.0, Avg: 0.0, Max: 0.0, Diff: 0.0, Sum: 0.0]
      [Update RS (ms): Min: 26.3, Avg: 26.3, Max: 26.4, Diff: 0.0, Sum: 105.4]
         [Processed Buffers: Min: 149, Avg: 153.8, Max: 156, Diff: 7, Sum: 615]
      [Scan RS (ms): Min: 0.2, Avg: 0.2, Max: 0.2, Diff: 0.0, Sum: 0.9]
      [Object Copy (ms): Min: 28.9, Avg: 28.9, Max: 28.9, Diff: 0.0, Sum: 115.4]
      [Termination (ms): Min: 0.0, Avg: 0.0, Max: 0.0, Diff: 0.0, Sum: 0.0]
      [GC Worker Other (ms): Min: 0.0, Avg: 0.0, Max: 0.0, Diff: 0.0, Sum: 0.1]
      [GC Worker Total (ms): Min: 56.4, Avg: 56.4, Max: 56.4, Diff: 0.0, Sum: 225.5]
      [GC Worker End (ms): Min: 20195.2, Avg: 20195.2, Max: 20195.2, Diff: 0.0]
   [Code Root Fixup: 0.0 ms]
   [Clear CT: 0.1 ms]
   [Other: 0.9 ms]
      [Choose CSet: 0.0 ms]
      [Ref Proc: 0.3 ms]
      [Ref Enq: 0.0 ms]
      [Free CSet: 0.1 ms]
   [Eden: 71.0M(71.0M)->0.0B(99.0M) Survivors: 31.0M->3072.0K Heap: 1149.0M(2048.0M)->1081.5M(2048.0M)]
 [Times: user=0.23 sys=0.00, real=0.06 secs] 
20.280: [GC pause (young), 0.0633364 secs]
   [Parallel Time: 61.0 ms, GC Workers: 4]
      [GC Worker Start (ms): Min: 20279.9, Avg: 20279.9, Max: 20279.9, Diff: 0.0]
      [Ext Root Scanning (ms): Min: 0.9, Avg: 0.9, Max: 0.9, Diff: 0.0, Sum: 3.6]
      [SATB Filtering (ms): Min: 0.0, Avg: 0.7, Max: 2.7, Diff: 2.7, Sum: 2.7]
      [Update RS (ms): Min: 14.7, Avg: 16.7, Max: 17.4, Diff: 2.7, Sum: 66.9]
         [Processed Buffers: Min: 126, Avg: 183.0, Max: 217, Diff: 91, Sum: 732]
      [Scan RS (ms): Min: 0.0, Avg: 0.0, Max: 0.0, Diff: 0.0, Sum: 0.1]
      [Object Copy (ms): Min: 42.6, Avg: 42.6, Max: 42.7, Diff: 0.0, Sum: 170.6]
      [Termination (ms): Min: 0.0, Avg: 0.0, Max: 0.0, Diff: 0.0, Sum: 0.0]
      [GC Worker Other (ms): Min: 0.0, Avg: 0.0, Max: 0.0, Diff: 0.0, Sum: 0.1]
      [GC Worker Total (ms): Min: 61.0, Avg: 61.0, Max: 61.0, Diff: 0.0, Sum: 244.0]
      [GC Worker End (ms): Min: 20340.9, Avg: 20340.9, Max: 20340.9, Diff: 0.0]
   [Code Root Fixup: 0.0 ms]
   [Clear CT: 0.1 ms]
   [Other: 2.2 ms]
      [Choose CSet: 0.0 ms]
      [Ref Proc: 1.6 ms]
      [Ref Enq: 0.0 ms]
      [Free CSet: 0.1 ms]
   [Eden: 99.0M(99.0M)->0.0B(89.0M) Survivors: 3072.0K->13.0M Heap: 1180.5M(2048.0M)->1133.5M(2048.0M)]
 [Times: user=0.23 sys=0.00, real=0.06 secs] 
20.416: [GC pause (young), 0.0815048 secs]
   [Parallel Time: 80.4 ms, GC Workers: 4]
      [GC Worker Start (ms): Min: 20416.0, Avg: 20416.0, Max: 20416.0, Diff: 0.0]
      [Ext Root Scanning (ms): Min: 0.9, Avg: 0.9, Max: 0.9, Diff: 0.0, Sum: 3.5]
      [SATB Filtering (ms): Min: 0.0, Avg: 0.6, Max: 2.5, Diff: 2.5, Sum: 2.5]
      [Update RS (ms): Min: 13.8, Avg: 15.7, Max: 16.4, Diff: 2.6, Sum: 63.0]
         [Processed Buffers: Min: 76, Avg: 83.8, Max: 88, Diff: 12, Sum: 335]
      [Scan RS (ms): Min: 0.0, Avg: 0.0, Max: 0.1, Diff: 0.0, Sum: 0.1]
      [Object Copy (ms): Min: 53.0, Avg: 55.5, Max: 63.0, Diff: 10.0, Sum: 222.0]
      [Termination (ms): Min: 0.0, Avg: 7.5, Max: 10.0, Diff: 10.0, Sum: 30.1]
      [GC Worker Other (ms): Min: 0.0, Avg: 0.0, Max: 0.0, Diff: 0.0, Sum: 0.0]
      [GC Worker Total (ms): Min: 80.3, Avg: 80.3, Max: 80.3, Diff: 0.0, Sum: 321.3]
      [GC Worker End (ms): Min: 20496.4, Avg: 20496.4, Max: 20496.4, Diff: 0.0]
   [Code Root Fixup: 0.0 ms]
   [Clear CT: 0.1 ms]
   [Other: 1.1 ms]
      [Choose CSet: 0.0 ms]
      [Ref Proc: 0.3 ms]
      [Ref Enq: 0.0 ms]
      [Free CSet: 0.1 ms]
   [Eden: 89.0M(89.0M)->0.0B(89.0M) Survivors: 13.0M->13.0M Heap: 1222.5M(2048.0M)->1186.0M(2048.0M)]
 [Times: user=0.30 sys=0.00, real=0.08 secs] 
20.571: [GC pause (young), 0.0886139 secs]
   [Parallel Time: 86.8 ms, GC Workers: 4]
      [GC Worker Start (ms): Min: 20571.7, Avg: 20571.7, Max: 20571.7, Diff: 0.0]
      [Ext Root Scanning (ms): Min: 0.9, Avg: 0.9, Max: 1.0, Diff: 0.0, Sum: 3.8]
      [SATB Filtering (ms): Min: 0.0, Avg: 0.7, Max: 2.9, Diff: 2.9, Sum: 2.9]
      [Update RS (ms): Min: 21.2, Avg: 23.4, Max: 24.1, Diff: 2.9, Sum: 93.4]
         [Processed Buffers: Min: 114, Avg: 127.3, Max: 133, Diff: 19, Sum: 509]
      [Scan RS (ms): Min: 0.0, Avg: 0.0, Max: 0.0, Diff: 0.0, Sum: 0.1]
      [Object Copy (ms): Min: 61.7, Avg: 61.7, Max: 61.7, Diff: 0.0, Sum: 246.9]
      [Termination (ms): Min: 0.0, Avg: 0.0, Max: 0.0, Diff: 0.0, Sum: 0.0]
      [GC Worker Other (ms): Min: 0.0, Avg: 0.0, Max: 0.0, Diff: 0.0, Sum: 0.0]
      [GC Worker Total (ms): Min: 86.8, Avg: 86.8, Max: 86.8, Diff: 0.0, Sum: 347.1]
      [GC Worker End (ms): Min: 20658.4, Avg: 20658.4, Max: 20658.4, Diff: 0.0]
   [Code Root Fixup: 0.0 ms]
   [Clear CT: 0.4 ms]
   [Other: 1.4 ms]
      [Choose CSet: 0.0 ms]
      [Ref Proc: 0.5 ms]
      [Ref Enq: 0.0 ms]
      [Free CSet: 0.1 ms]
   [Eden: 89.0M(89.0M)->0.0B(94.0M) Survivors: 13.0M->13.0M Heap: 1275.0M(2048.0M)->1248.5M(2048.0M)]
 [Times: user=0.31 sys=0.00, real=0.09 secs] 
20.743: [GC pause (young), 0.0383831 secs]
   [Parallel Time: 37.8 ms, GC Workers: 4]
      [GC Worker Start (ms): Min: 20743.4, Avg: 20743.4, Max: 20743.4, Diff: 0.0]
      [Ext Root Scanning (ms): Min: 0.9, Avg: 0.9, Max: 0.9, Diff: 0.0, Sum: 3.7]
      [SATB Filtering (ms): Min: 0.0, Avg: 0.0, Max: 0.1, Diff: 0.1, Sum: 0.1]
      [Update RS (ms): Min: 18.9, Avg: 19.0, Max: 19.0, Diff: 0.2, Sum: 75.8]
         [Processed Buffers: Min: 97, Avg: 98.0, Max: 99, Diff: 2, Sum: 392]
      [Scan RS (ms): Min: 0.1, Avg: 0.1, Max: 0.1, Diff: 0.0, Sum: 0.5]
      [Object Copy (ms): Min: 17.3, Avg: 17.4, Max: 17.6, Diff: 0.3, Sum: 69.7]
      [Termination (ms): Min: 0.0, Avg: 0.2, Max: 0.3, Diff: 0.3, Sum: 0.8]
      [GC Worker Other (ms): Min: 0.0, Avg: 0.0, Max: 0.0, Diff: 0.0, Sum: 0.0]
      [GC Worker Total (ms): Min: 37.6, Avg: 37.7, Max: 37.7, Diff: 0.1, Sum: 150.6]
      [GC Worker End (ms): Min: 20781.0, Avg: 20781.1, Max: 20781.1, Diff: 0.1]
   [Code Root Fixup: 0.0 ms]
   [Clear CT: 0.0 ms]
   [Other: 0.6 ms]
      [Choose CSet: 0.0 ms]
      [Ref Proc: 0.1 ms]
      [Ref Enq: 0.0 ms]
      [Free CSet: 0.1 ms]
   [Eden: 94.0M(94.0M)->0.0B(206.0M) Survivors: 13.0M->7168.0K Heap: 1342.5M(2048.0M)->1255.5M(2048.0M)]
 [Times: user=0.13 sys=0.00, real=0.04 secs] 
20.838: [GC concurrent-mark-end, 0.7691066 secs]
20.839: [GC remark 20.839: [GC ref-proc, 0.0012239 secs], 0.0028320 secs]
 [Times: user=0.00 sys=0.00, real=0.00 secs] 
20.842: [GC cleanup 1328M->624M(2048M), 0.0014169 secs]
 [Times: user=0.00 sys=0.00, real=0.00 secs] 
20.844: [GC concurrent-cleanup-start]
20.845: [GC concurrent-cleanup-end, 0.0009096 secs]
20.979: [GC pause (young), 0.1276570 secs]
   [Parallel Time: 125.1 ms, GC Workers: 4]
      [GC Worker Start (ms): Min: 20979.7, Avg: 20979.7, Max: 20979.7, Diff: 0.0]
      [Ext Root Scanning (ms): Min: 1.2, Avg: 1.2, Max: 1.2, Diff: 0.1, Sum: 4.8]
      [Update RS (ms): Min: 9.7, Avg: 9.8, Max: 9.8, Diff: 0.0, Sum: 39.1]
         [Processed Buffers: Min: 165, Avg: 197.3, Max: 233, Diff: 68, Sum: 789]
      [Scan RS (ms): Min: 0.0, Avg: 0.0, Max: 0.0, Diff: 0.0, Sum: 0.2]
      [Object Copy (ms): Min: 114.0, Avg: 114.1, Max: 114.1, Diff: 0.1, Sum: 456.3]
      [Termination (ms): Min: 0.0, Avg: 0.0, Max: 0.0, Diff: 0.0, Sum: 0.0]
      [GC Worker Other (ms): Min: 0.0, Avg: 0.0, Max: 0.0, Diff: 0.0, Sum: 0.1]
      [GC Worker Total (ms): Min: 125.1, Avg: 125.1, Max: 125.1, Diff: 0.0, Sum: 500.4]
      [GC Worker End (ms): Min: 21104.8, Avg: 21104.8, Max: 21104.8, Diff: 0.0]
   [Code Root Fixup: 0.0 ms]
   [Clear CT: 0.9 ms]
   [Other: 1.7 ms]
      [Choose CSet: 0.0 ms]
      [Ref Proc: 0.3 ms]
      [Ref Enq: 0.0 ms]
      [Free CSet: 0.2 ms]
   [Eden: 206.0M(206.0M)->0.0B(185.0M) Survivors: 7168.0K->27.0M Heap: 757.5M(2048.0M)->687.5M(2048.0M)]
 [Times: user=0.48 sys=0.00, real=0.13 secs] 
21.265: [GC pause (young), 0.1221374 secs]
   [Parallel Time: 120.1 ms, GC Workers: 4]
      [GC Worker Start (ms): Min: 21265.3, Avg: 21265.3, Max: 21265.3, Diff: 0.0]
      [Ext Root Scanning (ms): Min: 0.9, Avg: 0.9, Max: 0.9, Diff: 0.0, Sum: 3.5]
      [Update RS (ms): Min: 22.0, Avg: 22.1, Max: 22.4, Diff: 0.4, Sum: 88.4]
         [Processed Buffers: Min: 158, Avg: 170.5, Max: 185, Diff: 27, Sum: 682]
      [Scan RS (ms): Min: 0.0, Avg: 0.2, Max: 0.2, Diff: 0.2, Sum: 0.7]
      [Object Copy (ms): Min: 96.8, Avg: 96.9, Max: 96.9, Diff: 0.1, Sum: 387.6]
      [Termination (ms): Min: 0.0, Avg: 0.0, Max: 0.0, Diff: 0.0, Sum: 0.0]
      [GC Worker Other (ms): Min: 0.0, Avg: 0.0, Max: 0.0, Diff: 0.0, Sum: 0.1]
      [GC Worker Total (ms): Min: 120.0, Avg: 120.0, Max: 120.1, Diff: 0.0, Sum: 480.2]
      [GC Worker End (ms): Min: 21385.4, Avg: 21385.4, Max: 21385.4, Diff: 0.0]
   [Code Root Fixup: 0.0 ms]
   [Clear CT: 0.2 ms]
   [Other: 1.9 ms]
      [Choose CSet: 0.0 ms]
      [Ref Proc: 0.5 ms]
      [Ref Enq: 0.0 ms]
      [Free CSet: 0.2 ms]
   [Eden: 185.0M(185.0M)->0.0B(224.0M) Survivors: 27.0M->27.0M Heap: 872.5M(2048.0M)->775.0M(2048.0M)]
 [Times: user=0.48 sys=0.00, real=0.12 secs] 
21.578: [GC pause (young), 0.1148167 secs]
   [Parallel Time: 113.1 ms, GC Workers: 4]
      [GC Worker Start (ms): Min: 21578.1, Avg: 21578.1, Max: 21578.1, Diff: 0.1]
      [Ext Root Scanning (ms): Min: 0.9, Avg: 0.9, Max: 0.9, Diff: 0.0, Sum: 3.6]
      [Update RS (ms): Min: 19.4, Avg: 19.5, Max: 19.5, Diff: 0.2, Sum: 77.8]
         [Processed Buffers: Min: 125, Avg: 170.8, Max: 211, Diff: 86, Sum: 683]
      [Scan RS (ms): Min: 0.3, Avg: 0.4, Max: 0.5, Diff: 0.3, Sum: 1.5]
      [Object Copy (ms): Min: 92.3, Avg: 92.3, Max: 92.4, Diff: 0.1, Sum: 369.3]
      [Termination (ms): Min: 0.0, Avg: 0.0, Max: 0.0, Diff: 0.0, Sum: 0.0]
      [GC Worker Other (ms): Min: 0.0, Avg: 0.0, Max: 0.0, Diff: 0.0, Sum: 0.1]
      [GC Worker Total (ms): Min: 113.0, Avg: 113.1, Max: 113.1, Diff: 0.1, Sum: 452.3]
      [GC Worker End (ms): Min: 21691.2, Avg: 21691.2, Max: 21691.2, Diff: 0.0]
   [Code Root Fixup: 0.0 ms]
   [Clear CT: 0.1 ms]
   [Other: 1.6 ms]
      [Choose CSet: 0.0 ms]
      [Ref Proc: 0.2 ms]
      [Ref Enq: 0.0 ms]
      [Free CSet: 0.2 ms]
   [Eden: 224.0M(224.0M)->0.0B(260.0M) Survivors: 27.0M->32.0M Heap: 999.0M(2048.0M)->863.5M(2048.0M)]
 [Times: user=0.47 sys=0.00, real=0.12 secs] 
21.911: [GC pause (young), 0.1130598 secs]
   [Parallel Time: 111.5 ms, GC Workers: 4]
      [GC Worker Start (ms): Min: 21911.7, Avg: 21911.7, Max: 21911.8, Diff: 0.0]
      [Ext Root Scanning (ms): Min: 1.0, Avg: 1.0, Max: 1.1, Diff: 0.0, Sum: 4.1]
      [Update RS (ms): Min: 21.9, Avg: 22.1, Max: 22.6, Diff: 0.7, Sum: 88.5]
         [Processed Buffers: Min: 128, Avg: 142.3, Max: 161, Diff: 33, Sum: 569]
      [Scan RS (ms): Min: 0.0, Avg: 0.3, Max: 0.4, Diff: 0.4, Sum: 1.0]
      [Object Copy (ms): Min: 87.7, Avg: 88.0, Max: 88.1, Diff: 0.4, Sum: 352.0]
      [Termination (ms): Min: 0.0, Avg: 0.0, Max: 0.0, Diff: 0.0, Sum: 0.0]
      [GC Worker Other (ms): Min: 0.0, Avg: 0.0, Max: 0.0, Diff: 0.0, Sum: 0.2]
      [GC Worker Total (ms): Min: 111.4, Avg: 111.4, Max: 111.4, Diff: 0.0, Sum: 445.7]
      [GC Worker End (ms): Min: 22023.2, Avg: 22023.2, Max: 22023.2, Diff: 0.0]
   [Code Root Fixup: 0.0 ms]
   [Clear CT: 0.2 ms]
   [Other: 1.4 ms]
      [Choose CSet: 0.0 ms]
      [Ref Proc: 0.0 ms]
      [Ref Enq: 0.0 ms]
      [Free CSet: 0.3 ms]
   [Eden: 260.0M(260.0M)->0.0B(287.0M) Survivors: 32.0M->37.0M Heap: 1123.5M(2048.0M)->940.5M(2048.0M)]
 [Times: user=0.44 sys=0.00, real=0.11 secs] 
22.295: [GC pause (young), 0.2192363 secs]
   [Parallel Time: 217.2 ms, GC Workers: 4]
      [GC Worker Start (ms): Min: 22295.6, Avg: 22295.6, Max: 22295.6, Diff: 0.0]
      [Ext Root Scanning (ms): Min: 1.1, Avg: 1.1, Max: 1.2, Diff: 0.1, Sum: 4.4]
      [Update RS (ms): Min: 18.9, Avg: 19.0, Max: 19.0, Diff: 0.0, Sum: 75.8]
         [Processed Buffers: Min: 116, Avg: 119.5, Max: 125, Diff: 9, Sum: 478]
      [Scan RS (ms): Min: 0.4, Avg: 0.4, Max: 0.5, Diff: 0.1, Sum: 1.8]
      [Object Copy (ms): Min: 196.6, Avg: 196.7, Max: 196.7, Diff: 0.1, Sum: 786.7]
      [Termination (ms): Min: 0.0, Avg: 0.0, Max: 0.0, Diff: 0.0, Sum: 0.0]
      [GC Worker Other (ms): Min: 0.0, Avg: 0.0, Max: 0.0, Diff: 0.0, Sum: 0.1]
      [GC Worker Total (ms): Min: 217.2, Avg: 217.2, Max: 217.2, Diff: 0.0, Sum: 868.7]
      [GC Worker End (ms): Min: 22512.8, Avg: 22512.8, Max: 22512.8, Diff: 0.0]
   [Code Root Fixup: 0.0 ms]
   [Clear CT: 0.1 ms]
   [Other: 1.9 ms]
      [Choose CSet: 0.0 ms]
      [Ref Proc: 0.0 ms]
      [Ref Enq: 0.0 ms]
      [Free CSet: 0.3 ms]
   [Eden: 287.0M(287.0M)->0.0B(226.0M) Survivors: 37.0M->41.0M Heap: 1227.5M(2048.0M)->1133.5M(2048.0M)]
 [Times: user=0.75 sys=0.00, real=0.22 secs] 
22.683: [GC pause (young) (initial-mark), 0.0768152 secs]
   [Parallel Time: 75.4 ms, GC Workers: 4]
      [GC Worker Start (ms): Min: 22683.7, Avg: 22683.7, Max: 22683.7, Diff: 0.0]
      [Ext Root Scanning (ms): Min: 0.9, Avg: 0.9, Max: 0.9, Diff: 0.0, Sum: 3.5]
      [Update RS (ms): Min: 28.2, Avg: 28.2, Max: 28.2, Diff: 0.1, Sum: 112.8]
         [Processed Buffers: Min: 152, Avg: 153.5, Max: 156, Diff: 4, Sum: 614]
      [Scan RS (ms): Min: 0.3, Avg: 0.3, Max: 0.4, Diff: 0.1, Sum: 1.4]
      [Object Copy (ms): Min: 45.9, Avg: 45.9, Max: 46.0, Diff: 0.0, Sum: 183.8]
      [Termination (ms): Min: 0.0, Avg: 0.0, Max: 0.0, Diff: 0.0, Sum: 0.0]
      [GC Worker Other (ms): Min: 0.0, Avg: 0.0, Max: 0.1, Diff: 0.0, Sum: 0.1]
      [GC Worker Total (ms): Min: 75.4, Avg: 75.4, Max: 75.4, Diff: 0.0, Sum: 301.6]
      [GC Worker End (ms): Min: 22759.1, Avg: 22759.1, Max: 22759.1, Diff: 0.0]
   [Code Root Fixup: 0.0 ms]
   [Clear CT: 0.1 ms]
   [Other: 1.3 ms]
      [Choose CSet: 0.0 ms]
      [Ref Proc: 0.0 ms]
      [Ref Enq: 0.0 ms]
      [Free CSet: 0.2 ms]
   [Eden: 226.0M(226.0M)->0.0B(360.0M) Survivors: 41.0M->5120.0K Heap: 1359.5M(2048.0M)->1139.5M(2048.0M)]
 [Times: user=0.26 sys=0.00, real=0.08 secs] 
22.760: [GC concurrent-root-region-scan-start]
22.765: [GC concurrent-root-region-scan-end, 0.0041293 secs]
22.765: [GC concurrent-mark-start]
23.073: [GC pause (young), 0.1502190 secs]
   [Parallel Time: 148.8 ms, GC Workers: 4]
      [GC Worker Start (ms): Min: 23073.9, Avg: 23073.9, Max: 23073.9, Diff: 0.0]
      [Ext Root Scanning (ms): Min: 0.9, Avg: 0.9, Max: 1.0, Diff: 0.0, Sum: 3.8]
      [SATB Filtering (ms): Min: 0.0, Avg: 0.7, Max: 2.8, Diff: 2.8, Sum: 2.8]
      [Update RS (ms): Min: 15.2, Avg: 16.7, Max: 17.1, Diff: 1.9, Sum: 66.6]
         [Processed Buffers: Min: 105, Avg: 257.0, Max: 335, Diff: 230, Sum: 1028]
      [Scan RS (ms): Min: 0.0, Avg: 0.1, Max: 0.2, Diff: 0.2, Sum: 0.5]
      [Object Copy (ms): Min: 121.5, Avg: 123.7, Max: 129.7, Diff: 8.3, Sum: 494.8]
      [Termination (ms): Min: 0.0, Avg: 6.6, Max: 9.0, Diff: 9.0, Sum: 26.3]
      [GC Worker Other (ms): Min: 0.0, Avg: 0.0, Max: 0.0, Diff: 0.0, Sum: 0.1]
      [GC Worker Total (ms): Min: 148.7, Avg: 148.7, Max: 148.8, Diff: 0.1, Sum: 594.9]
      [GC Worker End (ms): Min: 23222.6, Avg: 23222.6, Max: 23222.6, Diff: 0.1]
   [Code Root Fixup: 0.0 ms]
   [Clear CT: 0.1 ms]
   [Other: 1.3 ms]
      [Choose CSet: 0.0 ms]
      [Ref Proc: 0.0 ms]
      [Ref Enq: 0.0 ms]
      [Free CSet: 0.2 ms]
   [Eden: 360.0M(360.0M)->0.0B(175.0M) Survivors: 5120.0K->46.0M Heap: 1499.5M(2048.0M)->1281.5M(2048.0M)]
 [Times: user=0.59 sys=0.00, real=0.15 secs] 
23.315: [GC concurrent-mark-end, 0.5505861 secs]
23.316: [GC remark 23.316: [GC ref-proc, 0.0012235 secs], 0.0023804 secs]
 [Times: user=0.00 sys=0.00, real=0.00 secs] 
23.318: [GC cleanup 1394M->676M(2048M), 0.0013695 secs]
 [Times: user=0.00 sys=0.00, real=0.00 secs] 
23.320: [GC concurrent-cleanup-start]
23.321: [GC concurrent-cleanup-end, 0.0008089 secs]
23.375: [GC pause (young), 0.1227061 secs]
   [Parallel Time: 121.2 ms, GC Workers: 4]
      [GC Worker Start (ms): Min: 23375.7, Avg: 23375.7, Max: 23375.7, Diff: 0.0]
      [Ext Root Scanning (ms): Min: 0.9, Avg: 0.9, Max: 0.9, Diff: 0.0, Sum: 3.7]
      [Update RS (ms): Min: 27.0, Avg: 27.0, Max: 27.1, Diff: 0.0, Sum: 108.2]
         [Processed Buffers: Min: 177, Avg: 195.0, Max: 208, Diff: 31, Sum: 780]
      [Scan RS (ms): Min: 1.6, Avg: 1.6, Max: 1.6, Diff: 0.0, Sum: 6.3]
      [Object Copy (ms): Min: 91.6, Avg: 91.6, Max: 91.6, Diff: 0.1, Sum: 366.5]
      [Termination (ms): Min: 0.0, Avg: 0.0, Max: 0.0, Diff: 0.0, Sum: 0.0]
      [GC Worker Other (ms): Min: 0.0, Avg: 0.0, Max: 0.0, Diff: 0.0, Sum: 0.1]
      [GC Worker Total (ms): Min: 121.2, Avg: 121.2, Max: 121.2, Diff: 0.0, Sum: 484.7]
      [GC Worker End (ms): Min: 23496.9, Avg: 23496.9, Max: 23496.9, Diff: 0.0]
   [Code Root Fixup: 0.0 ms]
   [Clear CT: 0.1 ms]
   [Other: 1.4 ms]
      [Choose CSet: 0.0 ms]
      [Ref Proc: 0.0 ms]
      [Ref Enq: 0.0 ms]
      [Free CSet: 0.2 ms]
   [Eden: 175.0M(175.0M)->0.0B(74.0M) Survivors: 46.0M->28.0M Heap: 738.5M(2048.0M)->625.0M(2048.0M)]
 [Times: user=0.48 sys=0.00, real=0.12 secs] 
23.555: [GC pause (mixed), 0.0553844 secs]
   [Parallel Time: 54.5 ms, GC Workers: 4]
      [GC Worker Start (ms): Min: 23555.3, Avg: 23555.3, Max: 23555.4, Diff: 0.1]
      [Ext Root Scanning (ms): Min: 1.1, Avg: 1.6, Max: 2.8, Diff: 1.7, Sum: 6.3]
      [Update RS (ms): Min: 23.8, Avg: 25.0, Max: 25.4, Diff: 1.6, Sum: 99.9]
         [Processed Buffers: Min: 142, Avg: 145.8, Max: 152, Diff: 10, Sum: 583]
      [Scan RS (ms): Min: 0.9, Avg: 0.9, Max: 1.0, Diff: 0.1, Sum: 3.7]
      [Object Copy (ms): Min: 26.8, Avg: 26.9, Max: 27.0, Diff: 0.1, Sum: 107.6]
      [Termination (ms): Min: 0.0, Avg: 0.0, Max: 0.0, Diff: 0.0, Sum: 0.0]
      [GC Worker Other (ms): Min: 0.0, Avg: 0.0, Max: 0.0, Diff: 0.0, Sum: 0.0]
      [GC Worker Total (ms): Min: 54.4, Avg: 54.4, Max: 54.4, Diff: 0.1, Sum: 217.5]
      [GC Worker End (ms): Min: 23609.7, Avg: 23609.7, Max: 23609.7, Diff: 0.0]
   [Code Root Fixup: 0.0 ms]
   [Clear CT: 0.1 ms]
   [Other: 0.8 ms]
      [Choose CSet: 0.0 ms]
      [Ref Proc: 0.0 ms]
      [Ref Enq: 0.0 ms]
      [Free CSet: 0.3 ms]
   [Eden: 74.0M(74.0M)->0.0B(363.0M) Survivors: 28.0M->3072.0K Heap: 699.0M(2048.0M)->584.0M(2048.0M)]
 [Times: user=0.17 sys=0.00, real=0.06 secs] 
23.979: [GC pause (young), 0.2629167 secs]
   [Parallel Time: 259.1 ms, GC Workers: 4]
      [GC Worker Start (ms): Min: 23979.2, Avg: 23979.2, Max: 23979.2, Diff: 0.0]
      [Ext Root Scanning (ms): Min: 0.9, Avg: 0.9, Max: 0.9, Diff: 0.0, Sum: 3.7]
      [Update RS (ms): Min: 15.3, Avg: 15.3, Max: 15.3, Diff: 0.0, Sum: 61.2]
         [Processed Buffers: Min: 153, Avg: 169.8, Max: 189, Diff: 36, Sum: 679]
      [Scan RS (ms): Min: 0.1, Avg: 0.1, Max: 0.1, Diff: 0.0, Sum: 0.3]
      [Object Copy (ms): Min: 242.8, Avg: 242.8, Max: 242.8, Diff: 0.0, Sum: 971.1]
      [Termination (ms): Min: 0.0, Avg: 0.0, Max: 0.0, Diff: 0.0, Sum: 0.0]
      [GC Worker Other (ms): Min: 0.0, Avg: 0.0, Max: 0.0, Diff: 0.0, Sum: 0.1]
      [GC Worker Total (ms): Min: 259.1, Avg: 259.1, Max: 259.1, Diff: 0.0, Sum: 1036.3]
      [GC Worker End (ms): Min: 24238.3, Avg: 24238.3, Max: 24238.3, Diff: 0.0]
   [Code Root Fixup: 0.0 ms]
   [Clear CT: 0.4 ms]
   [Other: 3.4 ms]
      [Choose CSet: 0.0 ms]
      [Ref Proc: 1.5 ms]
      [Ref Enq: 0.0 ms]
      [Free CSet: 0.2 ms]
   [Eden: 363.0M(363.0M)->0.0B(198.0M) Survivors: 3072.0K->46.0M Heap: 947.0M(2048.0M)->869.5M(2048.0M)]
 [Times: user=1.03 sys=0.00, real=0.26 secs] 
24.533: [GC pause (young), 0.1910264 secs]
   [Parallel Time: 188.4 ms, GC Workers: 4]
      [GC Worker Start (ms): Min: 24533.5, Avg: 24533.5, Max: 24533.5, Diff: 0.0]
      [Ext Root Scanning (ms): Min: 0.8, Avg: 0.9, Max: 0.9, Diff: 0.0, Sum: 3.5]
      [Update RS (ms): Min: 19.5, Avg: 19.9, Max: 20.6, Diff: 1.1, Sum: 79.7]
         [Processed Buffers: Min: 155, Avg: 233.8, Max: 362, Diff: 207, Sum: 935]
      [Scan RS (ms): Min: 27.1, Avg: 27.7, Max: 28.2, Diff: 1.1, Sum: 110.9]
      [Object Copy (ms): Min: 139.6, Avg: 139.6, Max: 139.7, Diff: 0.1, Sum: 558.6]
      [Termination (ms): Min: 0.0, Avg: 0.0, Max: 0.0, Diff: 0.0, Sum: 0.0]
      [GC Worker Other (ms): Min: 0.0, Avg: 0.0, Max: 0.0, Diff: 0.0, Sum: 0.0]
      [GC Worker Total (ms): Min: 188.2, Avg: 188.2, Max: 188.2, Diff: 0.0, Sum: 752.7]
      [GC Worker End (ms): Min: 24721.6, Avg: 24721.6, Max: 24721.6, Diff: 0.0]
   [Code Root Fixup: 0.0 ms]
   [Clear CT: 0.1 ms]
   [Other: 2.5 ms]
      [Choose CSet: 0.0 ms]
      [Ref Proc: 0.0 ms]
      [Ref Enq: 0.0 ms]
      [Free CSet: 0.3 ms]
   [Eden: 198.0M(198.0M)->0.0B(71.0M) Survivors: 46.0M->31.0M Heap: 1067.5M(2048.0M)->984.0M(2048.0M)]
 [Times: user=0.73 sys=0.00, real=0.19 secs] 
24.908: [GC pause (young) (initial-mark), 0.0612821 secs]
   [Parallel Time: 60.3 ms, GC Workers: 4]
      [GC Worker Start (ms): Min: 24908.7, Avg: 24911.0, Max: 24913.6, Diff: 4.9]
      [Ext Root Scanning (ms): Min: 0.0, Avg: 0.9, Max: 2.3, Diff: 2.2, Sum: 3.4]
      [Update RS (ms): Min: 22.5, Avg: 24.2, Max: 24.8, Diff: 2.3, Sum: 96.7]
         [Processed Buffers: Min: 129, Avg: 142.0, Max: 148, Diff: 19, Sum: 568]
      [Scan RS (ms): Min: 1.2, Avg: 1.3, Max: 1.5, Diff: 0.2, Sum: 5.3]
      [Object Copy (ms): Min: 31.3, Avg: 31.6, Max: 31.9, Diff: 0.6, Sum: 126.4]
      [Termination (ms): Min: 0.0, Avg: 0.0, Max: 0.0, Diff: 0.0, Sum: 0.0]
      [GC Worker Other (ms): Min: 0.0, Avg: 0.0, Max: 0.0, Diff: 0.0, Sum: 0.1]
      [GC Worker Total (ms): Min: 55.4, Avg: 58.0, Max: 60.3, Diff: 4.9, Sum: 231.9]
      [GC Worker End (ms): Min: 24969.0, Avg: 24969.0, Max: 24969.0, Diff: 0.0]
   [Code Root Fixup: 0.0 ms]
   [Clear CT: 0.1 ms]
   [Other: 0.9 ms]
      [Choose CSet: 0.0 ms]
      [Ref Proc: 0.0 ms]
      [Ref Enq: 0.0 ms]
      [Free CSet: 0.1 ms]
   [Eden: 71.0M(71.0M)->0.0B(93.0M) Survivors: 31.0M->9216.0K Heap: 1055.0M(2048.0M)->993.5M(2048.0M)]
 [Times: user=0.25 sys=0.00, real=0.06 secs] 
24.970: [GC concurrent-root-region-scan-start]
24.979: [GC concurrent-root-region-scan-end, 0.0085834 secs]
24.979: [GC concurrent-mark-start]
25.052: [GC pause (young), 0.0565102 secs]
   [Parallel Time: 52.9 ms, GC Workers: 4]
      [GC Worker Start (ms): Min: 25052.5, Avg: 25052.6, Max: 25052.6, Diff: 0.0]
      [Ext Root Scanning (ms): Min: 0.9, Avg: 0.9, Max: 0.9, Diff: 0.0, Sum: 3.7]
      [SATB Filtering (ms): Min: 0.0, Avg: 0.4, Max: 1.5, Diff: 1.5, Sum: 1.5]
      [Update RS (ms): Min: 19.3, Avg: 20.4, Max: 20.8, Diff: 1.5, Sum: 81.7]
         [Processed Buffers: Min: 158, Avg: 225.0, Max: 265, Diff: 107, Sum: 900]
      [Scan RS (ms): Min: 0.0, Avg: 0.0, Max: 0.0, Diff: 0.0, Sum: 0.1]
      [Object Copy (ms): Min: 31.2, Avg: 31.2, Max: 31.2, Diff: 0.0, Sum: 124.7]
      [Termination (ms): Min: 0.0, Avg: 0.0, Max: 0.0, Diff: 0.0, Sum: 0.0]
      [GC Worker Other (ms): Min: 0.0, Avg: 0.0, Max: 0.0, Diff: 0.0, Sum: 0.0]
      [GC Worker Total (ms): Min: 52.9, Avg: 52.9, Max: 52.9, Diff: 0.0, Sum: 211.7]
      [GC Worker End (ms): Min: 25105.5, Avg: 25105.5, Max: 25105.5, Diff: 0.0]
   [Code Root Fixup: 0.0 ms]
   [Clear CT: 0.6 ms]
   [Other: 2.9 ms]
      [Choose CSet: 0.0 ms]
      [Ref Proc: 2.1 ms]
      [Ref Enq: 0.0 ms]
      [Free CSet: 0.1 ms]
   [Eden: 93.0M(93.0M)->0.0B(89.0M) Survivors: 9216.0K->13.0M Heap: 1086.5M(2048.0M)->1026.0M(2048.0M)]
 [Times: user=0.20 sys=0.00, real=0.06 secs] 
25.182: [GC pause (young), 0.0653694 secs]
   [Parallel Time: 64.5 ms, GC Workers: 4]
      [GC Worker Start (ms): Min: 25181.8, Avg: 25181.8, Max: 25181.8, Diff: 0.0]
      [Ext Root Scanning (ms): Min: 0.9, Avg: 0.9, Max: 0.9, Diff: 0.0, Sum: 3.5]
      [SATB Filtering (ms): Min: 0.0, Avg: 0.6, Max: 2.5, Diff: 2.5, Sum: 2.5]
      [Update RS (ms): Min: 8.5, Avg: 10.3, Max: 10.9, Diff: 2.4, Sum: 41.2]
         [Processed Buffers: Min: 44, Avg: 63.0, Max: 91, Diff: 47, Sum: 252]
      [Scan RS (ms): Min: 0.0, Avg: 0.0, Max: 0.0, Diff: 0.0, Sum: 0.1]
      [Object Copy (ms): Min: 52.6, Avg: 52.6, Max: 52.6, Diff: 0.0, Sum: 210.5]
      [Termination (ms): Min: 0.0, Avg: 0.0, Max: 0.0, Diff: 0.0, Sum: 0.0]
      [GC Worker Other (ms): Min: 0.0, Avg: 0.0, Max: 0.0, Diff: 0.0, Sum: 0.1]
      [GC Worker Total (ms): Min: 64.4, Avg: 64.5, Max: 64.5, Diff: 0.0, Sum: 257.8]
      [GC Worker End (ms): Min: 25246.2, Avg: 25246.2, Max: 25246.2, Diff: 0.0]
   [Code Root Fixup: 0.0 ms]
   [Clear CT: 0.1 ms]
   [Other: 0.8 ms]
      [Choose CSet: 0.0 ms]
      [Ref Proc: 0.0 ms]
      [Ref Enq: 0.0 ms]
      [Free CSet: 0.1 ms]
   [Eden: 89.0M(89.0M)->0.0B(89.0M) Survivors: 13.0M->13.0M Heap: 1115.0M(2048.0M)->1080.0M(2048.0M)]
 [Times: user=0.23 sys=0.00, real=0.07 secs] 
25.319: [GC pause (young), 0.0629108 secs]
   [Parallel Time: 60.4 ms, GC Workers: 4]
      [GC Worker Start (ms): Min: 25319.7, Avg: 25319.7, Max: 25319.7, Diff: 0.0]
      [Ext Root Scanning (ms): Min: 1.1, Avg: 1.6, Max: 2.9, Diff: 1.8, Sum: 6.4]
      [SATB Filtering (ms): Min: 0.0, Avg: 0.4, Max: 1.6, Diff: 1.6, Sum: 1.6]
      [Update RS (ms): Min: 22.0, Avg: 22.8, Max: 23.6, Diff: 1.6, Sum: 91.2]
         [Processed Buffers: Min: 115, Avg: 121.8, Max: 127, Diff: 12, Sum: 487]
      [Scan RS (ms): Min: 0.0, Avg: 0.0, Max: 0.1, Diff: 0.0, Sum: 0.1]
      [Object Copy (ms): Min: 35.4, Avg: 35.5, Max: 35.5, Diff: 0.1, Sum: 142.0]
      [Termination (ms): Min: 0.0, Avg: 0.0, Max: 0.0, Diff: 0.0, Sum: 0.0]
      [GC Worker Other (ms): Min: 0.0, Avg: 0.0, Max: 0.0, Diff: 0.0, Sum: 0.1]
      [GC Worker Total (ms): Min: 60.3, Avg: 60.3, Max: 60.3, Diff: 0.0, Sum: 241.3]
      [GC Worker End (ms): Min: 25380.0, Avg: 25380.1, Max: 25380.1, Diff: 0.0]
   [Code Root Fixup: 0.0 ms]
   [Clear CT: 1.6 ms]
   [Other: 0.9 ms]
      [Choose CSet: 0.0 ms]
      [Ref Proc: 0.2 ms]
      [Ref Enq: 0.0 ms]
      [Free CSet: 0.2 ms]
   [Eden: 89.0M(89.0M)->0.0B(104.0M) Survivors: 13.0M->13.0M Heap: 1169.0M(2048.0M)->1112.5M(2048.0M)]
 [Times: user=0.23 sys=0.00, real=0.06 secs] 
25.469: [GC pause (young), 0.0817344 secs]
   [Parallel Time: 80.7 ms, GC Workers: 4]
      [GC Worker Start (ms): Min: 25469.0, Avg: 25469.0, Max: 25469.1, Diff: 0.0]
      [Ext Root Scanning (ms): Min: 0.9, Avg: 0.9, Max: 0.9, Diff: 0.0, Sum: 3.6]
      [SATB Filtering (ms): Min: 0.0, Avg: 0.7, Max: 2.8, Diff: 2.8, Sum: 2.8]
      [Update RS (ms): Min: 13.8, Avg: 15.8, Max: 16.5, Diff: 2.8, Sum: 63.4]
         [Processed Buffers: Min: 76, Avg: 86.5, Max: 92, Diff: 16, Sum: 346]
      [Scan RS (ms): Min: 0.0, Avg: 0.0, Max: 0.0, Diff: 0.0, Sum: 0.1]
      [Object Copy (ms): Min: 61.7, Avg: 62.0, Max: 62.9, Diff: 1.2, Sum: 248.0]
      [Termination (ms): Min: 0.0, Avg: 1.0, Max: 1.5, Diff: 1.5, Sum: 4.1]
      [GC Worker Other (ms): Min: 0.0, Avg: 0.0, Max: 0.0, Diff: 0.0, Sum: 0.0]
      [GC Worker Total (ms): Min: 80.4, Avg: 80.5, Max: 80.7, Diff: 0.3, Sum: 322.0]
      [GC Worker End (ms): Min: 25549.4, Avg: 25549.5, Max: 25549.7, Diff: 0.3]
   [Code Root Fixup: 0.0 ms]
   [Clear CT: 0.1 ms]
   [Other: 0.9 ms]
      [Choose CSet: 0.0 ms]
      [Ref Proc: 0.1 ms]
      [Ref Enq: 0.0 ms]
      [Free CSet: 0.1 ms]
   [Eden: 104.0M(104.0M)->0.0B(134.0M) Survivors: 13.0M->15.0M Heap: 1216.5M(2048.0M)->1173.5M(2048.0M)]
 [Times: user=0.30 sys=0.00, real=0.08 secs] 
25.627: [GC concurrent-mark-end, 0.6483303 secs]
25.627: [GC remark 25.628: [GC ref-proc, 0.0012126 secs], 0.0031469 secs]
 [Times: user=0.00 sys=0.00, real=0.00 secs] 
25.631: [GC cleanup 1268M->580M(2048M), 0.0012627 secs]
 [Times: user=0.00 sys=0.00, real=0.00 secs] 
25.632: [GC concurrent-cleanup-start]
25.633: [GC concurrent-cleanup-end, 0.0007790 secs]
25.673: [GC pause (young), 0.1063250 secs]
   [Parallel Time: 104.9 ms, GC Workers: 4]
      [GC Worker Start (ms): Min: 25673.1, Avg: 25673.1, Max: 25673.2, Diff: 0.0]
      [Ext Root Scanning (ms): Min: 0.9, Avg: 0.9, Max: 0.9, Diff: 0.0, Sum: 3.7]
      [Update RS (ms): Min: 26.0, Avg: 26.0, Max: 26.1, Diff: 0.1, Sum: 104.2]
         [Processed Buffers: Min: 123, Avg: 131.0, Max: 135, Diff: 12, Sum: 524]
      [Scan RS (ms): Min: 0.0, Avg: 0.0, Max: 0.1, Diff: 0.1, Sum: 0.1]
      [Object Copy (ms): Min: 76.6, Avg: 76.9, Max: 77.9, Diff: 1.3, Sum: 307.6]
      [Termination (ms): Min: 0.0, Avg: 1.0, Max: 1.3, Diff: 1.3, Sum: 3.9]
      [GC Worker Other (ms): Min: 0.0, Avg: 0.0, Max: 0.0, Diff: 0.0, Sum: 0.0]
      [GC Worker Total (ms): Min: 104.9, Avg: 104.9, Max: 104.9, Diff: 0.0, Sum: 419.6]
      [GC Worker End (ms): Min: 25778.0, Avg: 25778.0, Max: 25778.1, Diff: 0.0]
   [Code Root Fixup: 0.0 ms]
   [Clear CT: 0.5 ms]
   [Other: 0.9 ms]
      [Choose CSet: 0.0 ms]
      [Ref Proc: 0.1 ms]
      [Ref Enq: 0.0 ms]
      [Free CSet: 0.1 ms]
   [Eden: 134.0M(134.0M)->0.0B(152.0M) Survivors: 15.0M->19.0M Heap: 619.5M(2048.0M)->561.5M(2048.0M)]
 [Times: user=0.37 sys=0.02, real=0.11 secs] 
25.903: [GC pause (young), 0.0777091 secs]
   [Parallel Time: 76.3 ms, GC Workers: 4]
      [GC Worker Start (ms): Min: 25903.0, Avg: 25903.0, Max: 25903.0, Diff: 0.0]
      [Ext Root Scanning (ms): Min: 0.9, Avg: 0.9, Max: 0.9, Diff: 0.0, Sum: 3.5]
      [Update RS (ms): Min: 15.6, Avg: 15.7, Max: 15.8, Diff: 0.1, Sum: 62.8]
         [Processed Buffers: Min: 142, Avg: 167.5, Max: 183, Diff: 41, Sum: 670]
      [Scan RS (ms): Min: 0.0, Avg: 0.1, Max: 0.2, Diff: 0.1, Sum: 0.5]
      [Object Copy (ms): Min: 58.6, Avg: 58.8, Max: 59.4, Diff: 0.9, Sum: 235.3]
      [Termination (ms): Min: 0.0, Avg: 0.6, Max: 0.9, Diff: 0.9, Sum: 2.5]
      [GC Worker Other (ms): Min: 0.0, Avg: 0.0, Max: 0.1, Diff: 0.1, Sum: 0.1]
      [GC Worker Total (ms): Min: 76.2, Avg: 76.2, Max: 76.3, Diff: 0.1, Sum: 304.8]
      [GC Worker End (ms): Min: 25979.2, Avg: 25979.2, Max: 25979.3, Diff: 0.1]
   [Code Root Fixup: 0.0 ms]
   [Clear CT: 0.1 ms]
   [Other: 1.3 ms]
      [Choose CSet: 0.0 ms]
      [Ref Proc: 0.4 ms]
      [Ref Enq: 0.0 ms]
      [Free CSet: 0.2 ms]
   [Eden: 152.0M(152.0M)->0.0B(218.0M) Survivors: 19.0M->22.0M Heap: 713.5M(2048.0M)->613.0M(2048.0M)]
 [Times: user=0.31 sys=0.00, real=0.08 secs] 
26.188: [GC pause (young), 0.1790356 secs]
   [Parallel Time: 177.1 ms, GC Workers: 4]
      [GC Worker Start (ms): Min: 26188.5, Avg: 26188.5, Max: 26188.5, Diff: 0.0]
      [Ext Root Scanning (ms): Min: 0.9, Avg: 0.9, Max: 0.9, Diff: 0.0, Sum: 3.7]
      [Update RS (ms): Min: 15.8, Avg: 15.8, Max: 15.8, Diff: 0.0, Sum: 63.2]
         [Processed Buffers: Min: 96, Avg: 102.8, Max: 108, Diff: 12, Sum: 411]
      [Scan RS (ms): Min: 0.2, Avg: 0.2, Max: 0.2, Diff: 0.0, Sum: 0.7]
      [Object Copy (ms): Min: 160.2, Avg: 160.2, Max: 160.2, Diff: 0.0, Sum: 640.8]
      [Termination (ms): Min: 0.0, Avg: 0.0, Max: 0.0, Diff: 0.0, Sum: 0.0]
      [GC Worker Other (ms): Min: 0.0, Avg: 0.0, Max: 0.0, Diff: 0.0, Sum: 0.1]
      [GC Worker Total (ms): Min: 177.1, Avg: 177.1, Max: 177.1, Diff: 0.0, Sum: 708.4]
      [GC Worker End (ms): Min: 26365.6, Avg: 26365.6, Max: 26365.6, Diff: 0.0]
   [Code Root Fixup: 0.0 ms]
   [Clear CT: 0.1 ms]
   [Other: 1.8 ms]
      [Choose CSet: 0.0 ms]
      [Ref Proc: 0.3 ms]
      [Ref Enq: 0.0 ms]
      [Free CSet: 0.2 ms]
   [Eden: 218.0M(218.0M)->0.0B(205.0M) Survivors: 22.0M->30.0M Heap: 831.0M(2048.0M)->781.0M(2048.0M)]
 [Times: user=0.64 sys=0.00, real=0.18 secs] 
26.611: [GC pause (young), 0.1414845 secs]
   [Parallel Time: 138.4 ms, GC Workers: 4]
      [GC Worker Start (ms): Min: 26611.4, Avg: 26611.4, Max: 26611.4, Diff: 0.0]
      [Ext Root Scanning (ms): Min: 0.9, Avg: 0.9, Max: 0.9, Diff: 0.0, Sum: 3.5]
      [Update RS (ms): Min: 18.2, Avg: 18.3, Max: 18.3, Diff: 0.0, Sum: 73.0]
         [Processed Buffers: Min: 158, Avg: 200.5, Max: 233, Diff: 75, Sum: 802]
      [Scan RS (ms): Min: 2.0, Avg: 2.0, Max: 2.0, Diff: 0.0, Sum: 8.1]
      [Object Copy (ms): Min: 117.2, Avg: 117.2, Max: 117.3, Diff: 0.0, Sum: 469.0]
      [Termination (ms): Min: 0.0, Avg: 0.0, Max: 0.0, Diff: 0.0, Sum: 0.0]
      [GC Worker Other (ms): Min: 0.0, Avg: 0.0, Max: 0.0, Diff: 0.0, Sum: 0.0]
      [GC Worker Total (ms): Min: 138.4, Avg: 138.4, Max: 138.4, Diff: 0.0, Sum: 553.7]
      [GC Worker End (ms): Min: 26749.8, Avg: 26749.8, Max: 26749.8, Diff: 0.0]
   [Code Root Fixup: 0.0 ms]
   [Clear CT: 1.0 ms]
   [Other: 2.1 ms]
      [Choose CSet: 0.0 ms]
      [Ref Proc: 0.3 ms]
      [Ref Enq: 0.0 ms]
      [Free CSet: 0.3 ms]
   [Eden: 205.0M(205.0M)->0.0B(213.0M) Survivors: 30.0M->30.0M Heap: 986.0M(2048.0M)->886.5M(2048.0M)]
 [Times: user=0.48 sys=0.00, real=0.14 secs] 
26.966: [GC pause (young), 0.1224261 secs]
   [Parallel Time: 120.2 ms, GC Workers: 4]
      [GC Worker Start (ms): Min: 26965.9, Avg: 26965.9, Max: 26965.9, Diff: 0.0]
      [Ext Root Scanning (ms): Min: 0.9, Avg: 0.9, Max: 0.9, Diff: 0.0, Sum: 3.5]
      [Update RS (ms): Min: 19.3, Avg: 19.3, Max: 19.3, Diff: 0.0, Sum: 77.3]
         [Processed Buffers: Min: 162, Avg: 195.3, Max: 230, Diff: 68, Sum: 781]
      [Scan RS (ms): Min: 0.3, Avg: 0.3, Max: 0.3, Diff: 0.0, Sum: 1.2]
      [Object Copy (ms): Min: 99.6, Avg: 99.6, Max: 99.6, Diff: 0.0, Sum: 398.6]
      [Termination (ms): Min: 0.0, Avg: 0.0, Max: 0.0, Diff: 0.0, Sum: 0.0]
      [GC Worker Other (ms): Min: 0.0, Avg: 0.0, Max: 0.0, Diff: 0.0, Sum: 0.1]
      [GC Worker Total (ms): Min: 120.2, Avg: 120.2, Max: 120.2, Diff: 0.0, Sum: 480.6]
      [GC Worker End (ms): Min: 27086.0, Avg: 27086.0, Max: 27086.0, Diff: 0.0]
   [Code Root Fixup: 0.0 ms]
   [Clear CT: 0.5 ms]
   [Other: 1.7 ms]
      [Choose CSet: 0.0 ms]
      [Ref Proc: 0.4 ms]
      [Ref Enq: 0.0 ms]
      [Free CSet: 0.2 ms]
   [Eden: 213.0M(213.0M)->0.0B(253.0M) Survivors: 30.0M->31.0M Heap: 1099.5M(2048.0M)->977.5M(2048.0M)]
 [Times: user=0.44 sys=0.00, real=0.12 secs] 
27.321: [GC pause (young) (initial-mark), 0.1857785 secs]
   [Parallel Time: 183.8 ms, GC Workers: 4]
      [GC Worker Start (ms): Min: 27321.2, Avg: 27321.2, Max: 27321.2, Diff: 0.0]
      [Ext Root Scanning (ms): Min: 0.9, Avg: 0.9, Max: 0.9, Diff: 0.0, Sum: 3.5]
      [Update RS (ms): Min: 21.1, Avg: 21.1, Max: 21.1, Diff: 0.0, Sum: 84.4]
         [Processed Buffers: Min: 138, Avg: 144.5, Max: 156, Diff: 18, Sum: 578]
      [Scan RS (ms): Min: 0.3, Avg: 0.3, Max: 0.3, Diff: 0.0, Sum: 1.1]
      [Object Copy (ms): Min: 161.5, Avg: 161.5, Max: 161.5, Diff: 0.0, Sum: 646.1]
      [Termination (ms): Min: 0.0, Avg: 0.0, Max: 0.0, Diff: 0.0, Sum: 0.0]
      [GC Worker Other (ms): Min: 0.0, Avg: 0.0, Max: 0.0, Diff: 0.0, Sum: 0.1]
      [GC Worker Total (ms): Min: 183.8, Avg: 183.8, Max: 183.8, Diff: 0.0, Sum: 735.0]
      [GC Worker End (ms): Min: 27504.9, Avg: 27504.9, Max: 27504.9, Diff: 0.0]
   [Code Root Fixup: 0.0 ms]
   [Clear CT: 0.1 ms]
   [Other: 1.9 ms]
      [Choose CSet: 0.0 ms]
      [Ref Proc: 0.1 ms]
      [Ref Enq: 0.0 ms]
      [Free CSet: 0.3 ms]
   [Eden: 253.0M(253.0M)->0.0B(227.0M) Survivors: 31.0M->36.0M Heap: 1230.5M(2048.0M)->1137.0M(2048.0M)]
 [Times: user=0.67 sys=0.00, real=0.19 secs] 
27.507: [GC concurrent-root-region-scan-start]
27.594: [GC concurrent-root-region-scan-end, 0.0873788 secs]
27.594: [GC concurrent-mark-start]
27.740: [GC pause (young), 0.1033493 secs]
   [Parallel Time: 101.3 ms, GC Workers: 4]
      [GC Worker Start (ms): Min: 27740.9, Avg: 27740.9, Max: 27740.9, Diff: 0.0]
      [Ext Root Scanning (ms): Min: 0.9, Avg: 0.9, Max: 0.9, Diff: 0.0, Sum: 3.5]
      [SATB Filtering (ms): Min: 0.0, Avg: 0.5, Max: 1.8, Diff: 1.8, Sum: 1.8]
      [Update RS (ms): Min: 18.1, Avg: 19.6, Max: 20.4, Diff: 2.3, Sum: 78.3]
         [Processed Buffers: Min: 176, Avg: 207.5, Max: 239, Diff: 63, Sum: 830]
      [Scan RS (ms): Min: 0.8, Avg: 1.1, Max: 1.3, Diff: 0.5, Sum: 4.5]
      [Object Copy (ms): Min: 65.6, Avg: 69.0, Max: 79.1, Diff: 13.5, Sum: 276.1]
      [Termination (ms): Min: 0.0, Avg: 10.2, Max: 13.6, Diff: 13.6, Sum: 40.8]
      [GC Worker Other (ms): Min: 0.0, Avg: 0.0, Max: 0.0, Diff: 0.0, Sum: 0.0]
      [GC Worker Total (ms): Min: 101.2, Avg: 101.2, Max: 101.3, Diff: 0.1, Sum: 405.0]
      [GC Worker End (ms): Min: 27842.1, Avg: 27842.1, Max: 27842.2, Diff: 0.1]
   [Code Root Fixup: 0.0 ms]
   [Clear CT: 0.1 ms]
   [Other: 1.9 ms]
      [Choose CSet: 0.0 ms]
      [Ref Proc: 0.7 ms]
      [Ref Enq: 0.0 ms]
      [Free CSet: 0.2 ms]
   [Eden: 227.0M(227.0M)->0.0B(283.0M) Survivors: 36.0M->33.0M Heap: 1364.0M(2048.0M)->1174.0M(2048.0M)]
 [Times: user=0.39 sys=0.00, real=0.10 secs] 
28.100: [GC pause (young), 0.1459239 secs]
   [Parallel Time: 143.7 ms, GC Workers: 4]
      [GC Worker Start (ms): Min: 28099.9, Avg: 28099.9, Max: 28099.9, Diff: 0.0]
      [Ext Root Scanning (ms): Min: 0.9, Avg: 0.9, Max: 0.9, Diff: 0.0, Sum: 3.5]
      [SATB Filtering (ms): Min: 0.0, Avg: 0.7, Max: 2.8, Diff: 2.8, Sum: 2.8]
      [Update RS (ms): Min: 16.5, Avg: 18.5, Max: 19.2, Diff: 2.7, Sum: 74.0]
         [Processed Buffers: Min: 118, Avg: 128.0, Max: 134, Diff: 16, Sum: 512]
      [Scan RS (ms): Min: 0.1, Avg: 0.1, Max: 0.1, Diff: 0.0, Sum: 0.5]
      [Object Copy (ms): Min: 123.4, Avg: 123.5, Max: 123.5, Diff: 0.0, Sum: 493.8]
      [Termination (ms): Min: 0.0, Avg: 0.0, Max: 0.0, Diff: 0.0, Sum: 0.0]
      [GC Worker Other (ms): Min: 0.0, Avg: 0.0, Max: 0.0, Diff: 0.0, Sum: 0.1]
      [GC Worker Total (ms): Min: 143.7, Avg: 143.7, Max: 143.7, Diff: 0.0, Sum: 574.7]
      [GC Worker End (ms): Min: 28243.6, Avg: 28243.6, Max: 28243.6, Diff: 0.0]
   [Code Root Fixup: 0.0 ms]
   [Clear CT: 0.3 ms]
   [Other: 1.9 ms]
      [Choose CSet: 0.0 ms]
      [Ref Proc: 0.4 ms]
      [Ref Enq: 0.0 ms]
      [Free CSet: 0.3 ms]
   [Eden: 283.0M(283.0M)->0.0B(281.0M) Survivors: 33.0M->40.0M Heap: 1457.0M(2048.0M)->1294.0M(2048.0M)]
 [Times: user=0.59 sys=0.00, real=0.15 secs] 
28.403: [GC concurrent-mark-end, 0.8084306 secs]
28.403: [GC remark 28.404: [GC ref-proc, 0.0012357 secs], 0.0034750 secs]
 [Times: user=0.00 sys=0.00, real=0.00 secs] 
28.407: [GC cleanup 1491M->882M(2048M), 0.0013839 secs]
 [Times: user=0.00 sys=0.00, real=0.00 secs] 
28.408: [GC concurrent-cleanup-start]
28.409: [GC concurrent-cleanup-end, 0.0006802 secs]
28.496: [GC pause (young), 0.1591238 secs]
   [Parallel Time: 157.5 ms, GC Workers: 4]
      [GC Worker Start (ms): Min: 28496.8, Avg: 28496.8, Max: 28496.8, Diff: 0.0]
      [Ext Root Scanning (ms): Min: 0.7, Avg: 0.9, Max: 0.9, Diff: 0.2, Sum: 3.5]
      [Update RS (ms): Min: 24.3, Avg: 24.4, Max: 24.7, Diff: 0.4, Sum: 97.8]
         [Processed Buffers: Min: 173, Avg: 188.3, Max: 199, Diff: 26, Sum: 753]
      [Scan RS (ms): Min: 0.0, Avg: 0.2, Max: 0.3, Diff: 0.3, Sum: 0.8]
      [Object Copy (ms): Min: 131.9, Avg: 131.9, Max: 132.1, Diff: 0.3, Sum: 527.8]
      [Termination (ms): Min: 0.0, Avg: 0.0, Max: 0.0, Diff: 0.0, Sum: 0.0]
      [GC Worker Other (ms): Min: 0.0, Avg: 0.0, Max: 0.0, Diff: 0.0, Sum: 0.1]
      [GC Worker Total (ms): Min: 157.5, Avg: 157.5, Max: 157.5, Diff: 0.0, Sum: 629.9]
      [GC Worker End (ms): Min: 28654.3, Avg: 28654.3, Max: 28654.3, Diff: 0.0]
   [Code Root Fixup: 0.0 ms]
   [Clear CT: 0.1 ms]
   [Other: 1.5 ms]
      [Choose CSet: 0.0 ms]
      [Ref Proc: 0.0 ms]
      [Ref Enq: 0.0 ms]
      [Free CSet: 0.2 ms]
   [Eden: 281.0M(281.0M)->0.0B(61.0M) Survivors: 40.0M->41.0M Heap: 966.0M(2048.0M)->798.5M(2048.0M)]
 [Times: user=0.59 sys=0.00, real=0.16 secs] 
28.705: [GC pause (mixed), 0.0785972 secs]
   [Parallel Time: 77.2 ms, GC Workers: 4]
      [GC Worker Start (ms): Min: 28704.9, Avg: 28705.0, Max: 28705.4, Diff: 0.5]
      [Ext Root Scanning (ms): Min: 0.6, Avg: 0.9, Max: 1.1, Diff: 0.5, Sum: 3.7]
      [Update RS (ms): Min: 37.7, Avg: 37.8, Max: 37.8, Diff: 0.1, Sum: 151.1]
         [Processed Buffers: Min: 196, Avg: 203.0, Max: 215, Diff: 19, Sum: 812]
      [Scan RS (ms): Min: 0.9, Avg: 0.9, Max: 1.0, Diff: 0.1, Sum: 3.7]
      [Object Copy (ms): Min: 37.3, Avg: 37.4, Max: 37.5, Diff: 0.2, Sum: 149.7]
      [Termination (ms): Min: 0.0, Avg: 0.0, Max: 0.0, Diff: 0.0, Sum: 0.0]
      [GC Worker Other (ms): Min: 0.0, Avg: 0.0, Max: 0.0, Diff: 0.0, Sum: 0.1]
      [GC Worker Total (ms): Min: 76.7, Avg: 77.1, Max: 77.2, Diff: 0.5, Sum: 308.3]
      [GC Worker End (ms): Min: 28782.1, Avg: 28782.1, Max: 28782.1, Diff: 0.0]
   [Code Root Fixup: 0.0 ms]
   [Clear CT: 0.2 ms]
   [Other: 1.1 ms]
      [Choose CSet: 0.0 ms]
      [Ref Proc: 0.0 ms]
      [Ref Enq: 0.0 ms]
      [Free CSet: 0.3 ms]
   [Eden: 61.0M(61.0M)->0.0B(390.0M) Survivors: 41.0M->2048.0K Heap: 859.5M(2048.0M)->761.0M(2048.0M)]
 [Times: user=0.28 sys=0.00, real=0.08 secs] 
29.169: [GC pause (young), 0.2532460 secs]
   [Parallel Time: 250.9 ms, GC Workers: 4]
      [GC Worker Start (ms): Min: 29169.9, Avg: 29169.9, Max: 29169.9, Diff: 0.0]
      [Ext Root Scanning (ms): Min: 0.9, Avg: 0.9, Max: 0.9, Diff: 0.0, Sum: 3.5]
      [Update RS (ms): Min: 18.1, Avg: 18.2, Max: 18.3, Diff: 0.2, Sum: 72.9]
         [Processed Buffers: Min: 178, Avg: 214.8, Max: 261, Diff: 83, Sum: 859]
      [Scan RS (ms): Min: 0.1, Avg: 0.1, Max: 0.2, Diff: 0.1, Sum: 0.5]
      [Object Copy (ms): Min: 231.6, Avg: 231.6, Max: 231.6, Diff: 0.0, Sum: 926.4]
      [Termination (ms): Min: 0.0, Avg: 0.0, Max: 0.0, Diff: 0.0, Sum: 0.0]
      [GC Worker Other (ms): Min: 0.0, Avg: 0.0, Max: 0.0, Diff: 0.0, Sum: 0.1]
      [GC Worker Total (ms): Min: 250.9, Avg: 250.9, Max: 250.9, Diff: 0.0, Sum: 1003.4]
      [GC Worker End (ms): Min: 29420.7, Avg: 29420.7, Max: 29420.7, Diff: 0.0]
   [Code Root Fixup: 0.0 ms]
   [Clear CT: 0.1 ms]
   [Other: 2.2 ms]
      [Choose CSet: 0.0 ms]
      [Ref Proc: 0.0 ms]
      [Ref Enq: 0.0 ms]
      [Free CSet: 0.3 ms]
   [Eden: 390.0M(390.0M)->0.0B(209.0M) Survivors: 2048.0K->49.0M Heap: 1151.0M(2048.0M)->1049.0M(2048.0M)]
 [Times: user=0.97 sys=0.00, real=0.25 secs] 
29.707: [GC pause (young) (initial-mark), 0.1852040 secs]
   [Parallel Time: 182.8 ms, GC Workers: 4]
      [GC Worker Start (ms): Min: 29707.8, Avg: 29707.8, Max: 29707.8, Diff: 0.0]
      [Ext Root Scanning (ms): Min: 0.9, Avg: 0.9, Max: 0.9, Diff: 0.0, Sum: 3.6]
      [Update RS (ms): Min: 21.0, Avg: 21.0, Max: 21.0, Diff: 0.0, Sum: 84.1]
         [Processed Buffers: Min: 170, Avg: 229.0, Max: 334, Diff: 164, Sum: 916]
      [Scan RS (ms): Min: 25.6, Avg: 25.6, Max: 25.7, Diff: 0.1, Sum: 102.5]
      [Object Copy (ms): Min: 129.2, Avg: 130.7, Max: 135.3, Diff: 6.1, Sum: 522.9]
      [Termination (ms): Min: 0.0, Avg: 4.5, Max: 6.0, Diff: 6.0, Sum: 18.1]
      [GC Worker Other (ms): Min: 0.0, Avg: 0.0, Max: 0.0, Diff: 0.0, Sum: 0.1]
      [GC Worker Total (ms): Min: 182.8, Avg: 182.8, Max: 182.8, Diff: 0.0, Sum: 731.2]
      [GC Worker End (ms): Min: 29890.6, Avg: 29890.6, Max: 29890.6, Diff: 0.0]
   [Code Root Fixup: 0.0 ms]
   [Clear CT: 0.1 ms]
   [Other: 2.2 ms]
      [Choose CSet: 0.0 ms]
      [Ref Proc: 0.0 ms]
      [Ref Enq: 0.0 ms]
      [Free CSet: 0.2 ms]
   [Eden: 209.0M(209.0M)->0.0B(69.0M) Survivors: 49.0M->33.0M Heap: 1258.0M(2048.0M)->1146.0M(2048.0M)]
 [Times: user=0.73 sys=0.00, real=0.19 secs] 
29.893: [GC concurrent-root-region-scan-start]
29.956: [GC concurrent-root-region-scan-end, 0.0635920 secs]
29.956: [GC concurrent-mark-start]
30.080: [GC pause (young), 0.0570592 secs]
   [Parallel Time: 56.2 ms, GC Workers: 4]
      [GC Worker Start (ms): Min: 30079.9, Avg: 30079.9, Max: 30079.9, Diff: 0.0]
      [Ext Root Scanning (ms): Min: 0.9, Avg: 0.9, Max: 0.9, Diff: 0.0, Sum: 3.6]
      [SATB Filtering (ms): Min: 0.0, Avg: 0.0, Max: 0.0, Diff: 0.0, Sum: 0.0]
      [Update RS (ms): Min: 22.5, Avg: 22.5, Max: 22.6, Diff: 0.0, Sum: 90.1]
         [Processed Buffers: Min: 130, Avg: 132.3, Max: 135, Diff: 5, Sum: 529]
      [Scan RS (ms): Min: 0.1, Avg: 0.2, Max: 0.2, Diff: 0.0, Sum: 0.6]
      [Object Copy (ms): Min: 32.5, Avg: 32.5, Max: 32.5, Diff: 0.0, Sum: 130.1]
      [Termination (ms): Min: 0.0, Avg: 0.0, Max: 0.0, Diff: 0.0, Sum: 0.0]
      [GC Worker Other (ms): Min: 0.0, Avg: 0.0, Max: 0.0, Diff: 0.0, Sum: 0.0]
      [GC Worker Total (ms): Min: 56.1, Avg: 56.1, Max: 56.1, Diff: 0.0, Sum: 224.5]
      [GC Worker End (ms): Min: 30136.0, Avg: 30136.0, Max: 30136.0, Diff: 0.0]
   [Code Root Fixup: 0.0 ms]
   [Clear CT: 0.1 ms]
   [Other: 0.8 ms]
      [Choose CSet: 0.0 ms]
      [Ref Proc: 0.1 ms]
      [Ref Enq: 0.0 ms]
      [Free CSet: 0.1 ms]
   [Eden: 69.0M(69.0M)->0.0B(204.0M) Survivors: 33.0M->2048.0K Heap: 1215.0M(2048.0M)->1149.0M(2048.0M)]
 [Times: user=0.22 sys=0.00, real=0.06 secs] 
30.323: [GC pause (young), 0.1297580 secs]
   [Parallel Time: 128.3 ms, GC Workers: 4]
      [GC Worker Start (ms): Min: 30323.3, Avg: 30323.4, Max: 30323.4, Diff: 0.0]
      [Ext Root Scanning (ms): Min: 0.9, Avg: 0.9, Max: 1.0, Diff: 0.0, Sum: 3.7]
      [SATB Filtering (ms): Min: 0.0, Avg: 0.7, Max: 2.7, Diff: 2.7, Sum: 2.7]
      [Update RS (ms): Min: 17.3, Avg: 19.4, Max: 20.2, Diff: 2.9, Sum: 77.4]
         [Processed Buffers: Min: 201, Avg: 224.0, Max: 236, Diff: 35, Sum: 896]
      [Scan RS (ms): Min: 0.0, Avg: 0.0, Max: 0.1, Diff: 0.1, Sum: 0.2]
      [Object Copy (ms): Min: 107.2, Avg: 107.3, Max: 107.3, Diff: 0.2, Sum: 429.1]
      [Termination (ms): Min: 0.0, Avg: 0.0, Max: 0.0, Diff: 0.0, Sum: 0.0]
      [GC Worker Other (ms): Min: 0.0, Avg: 0.0, Max: 0.0, Diff: 0.0, Sum: 0.0]
      [GC Worker Total (ms): Min: 128.3, Avg: 128.3, Max: 128.3, Diff: 0.0, Sum: 513.3]
      [GC Worker End (ms): Min: 30451.7, Avg: 30451.7, Max: 30451.7, Diff: 0.0]
   [Code Root Fixup: 0.0 ms]
   [Clear CT: 0.1 ms]
   [Other: 1.3 ms]
      [Choose CSet: 0.0 ms]
      [Ref Proc: 0.0 ms]
      [Ref Enq: 0.0 ms]
      [Free CSet: 0.2 ms]
   [Eden: 204.0M(204.0M)->0.0B(176.0M) Survivors: 2048.0K->26.0M Heap: 1353.0M(2048.0M)->1277.5M(2048.0M)]
 [Times: user=0.40 sys=0.00, real=0.13 secs] 
30.596: [GC concurrent-mark-end, 0.6399399 secs]
30.597: [GC remark 30.598: [GC ref-proc, 0.0012001 secs], 0.0029936 secs]
 [Times: user=0.02 sys=0.00, real=0.00 secs] 
30.600: [GC cleanup 1449M->646M(2048M), 0.0012434 secs]
 [Times: user=0.00 sys=0.00, real=0.00 secs] 
30.601: [GC concurrent-cleanup-start]
30.602: [GC concurrent-cleanup-end, 0.0008906 secs]
30.606: [GC pause (young), 0.0907229 secs]
   [Parallel Time: 89.5 ms, GC Workers: 4]
      [GC Worker Start (ms): Min: 30606.8, Avg: 30606.8, Max: 30606.8, Diff: 0.0]
      [Ext Root Scanning (ms): Min: 0.9, Avg: 1.0, Max: 1.0, Diff: 0.0, Sum: 3.8]
      [Update RS (ms): Min: 18.9, Avg: 20.3, Max: 24.2, Diff: 5.3, Sum: 81.3]
         [Processed Buffers: Min: 165, Avg: 194.8, Max: 228, Diff: 63, Sum: 779]
      [Scan RS (ms): Min: 0.0, Avg: 0.2, Max: 0.3, Diff: 0.3, Sum: 0.6]
      [Object Copy (ms): Min: 54.9, Avg: 57.1, Max: 63.8, Diff: 8.9, Sum: 228.5]
      [Termination (ms): Min: 0.0, Avg: 10.6, Max: 14.4, Diff: 14.4, Sum: 42.2]
      [GC Worker Other (ms): Min: 0.0, Avg: 0.0, Max: 0.0, Diff: 0.0, Sum: 0.0]
      [GC Worker Total (ms): Min: 89.0, Avg: 89.1, Max: 89.5, Diff: 0.5, Sum: 356.5]
      [GC Worker End (ms): Min: 30695.8, Avg: 30695.9, Max: 30696.3, Diff: 0.5]
   [Code Root Fixup: 0.0 ms]
   [Clear CT: 0.1 ms]
   [Other: 1.1 ms]
      [Choose CSet: 0.0 ms]
      [Ref Proc: 0.0 ms]
      [Ref Enq: 0.0 ms]
      [Free CSet: 0.2 ms]
   [Eden: 176.0M(176.0M)->0.0B(244.0M) Survivors: 26.0M->26.0M Heap: 650.5M(2048.0M)->509.0M(2048.0M)]
 [Times: user=0.31 sys=0.00, real=0.09 secs] 
30.926: [GC pause (young), 0.1815979 secs]
   [Parallel Time: 180.0 ms, GC Workers: 4]
      [GC Worker Start (ms): Min: 30926.0, Avg: 30926.0, Max: 30926.0, Diff: 0.0]
      [Ext Root Scanning (ms): Min: 0.9, Avg: 0.9, Max: 0.9, Diff: 0.0, Sum: 3.5]
      [Update RS (ms): Min: 14.3, Avg: 14.3, Max: 14.3, Diff: 0.0, Sum: 57.1]
         [Processed Buffers: Min: 94, Avg: 102.8, Max: 112, Diff: 18, Sum: 411]
      [Scan RS (ms): Min: 0.2, Avg: 0.2, Max: 0.2, Diff: 0.0, Sum: 0.8]
      [Object Copy (ms): Min: 164.6, Avg: 164.6, Max: 164.6, Diff: 0.0, Sum: 658.4]
      [Termination (ms): Min: 0.0, Avg: 0.0, Max: 0.0, Diff: 0.0, Sum: 0.0]
      [GC Worker Other (ms): Min: 0.0, Avg: 0.0, Max: 0.0, Diff: 0.0, Sum: 0.1]
      [GC Worker Total (ms): Min: 179.9, Avg: 179.9, Max: 179.9, Diff: 0.0, Sum: 719.8]
      [GC Worker End (ms): Min: 31106.0, Avg: 31106.0, Max: 31106.0, Diff: 0.0]
   [Code Root Fixup: 0.0 ms]
   [Clear CT: 0.1 ms]
   [Other: 1.5 ms]
      [Choose CSet: 0.0 ms]
      [Ref Proc: 0.0 ms]
      [Ref Enq: 0.0 ms]
      [Free CSet: 0.2 ms]
   [Eden: 244.0M(244.0M)->0.0B(216.0M) Survivors: 26.0M->34.0M Heap: 753.0M(2048.0M)->678.5M(2048.0M)]
 [Times: user=0.69 sys=0.00, real=0.18 secs] 
31.345: [GC pause (young), 0.1571885 secs]
   [Parallel Time: 154.1 ms, GC Workers: 4]
      [GC Worker Start (ms): Min: 31345.9, Avg: 31346.4, Max: 31347.8, Diff: 1.9]
      [Ext Root Scanning (ms): Min: 0.1, Avg: 0.9, Max: 1.1, Diff: 1.1, Sum: 3.4]
      [Update RS (ms): Min: 18.0, Avg: 19.0, Max: 19.7, Diff: 1.7, Sum: 76.0]
         [Processed Buffers: Min: 146, Avg: 182.3, Max: 215, Diff: 69, Sum: 729]
      [Scan RS (ms): Min: 1.6, Avg: 2.1, Max: 2.6, Diff: 1.0, Sum: 8.4]
      [Object Copy (ms): Min: 131.6, Avg: 131.6, Max: 131.7, Diff: 0.1, Sum: 526.6]
      [Termination (ms): Min: 0.0, Avg: 0.0, Max: 0.0, Diff: 0.0, Sum: 0.0]
      [GC Worker Other (ms): Min: 0.0, Avg: 0.0, Max: 0.0, Diff: 0.0, Sum: 0.1]
      [GC Worker Total (ms): Min: 152.2, Avg: 153.6, Max: 154.1, Diff: 1.9, Sum: 614.4]
      [GC Worker End (ms): Min: 31500.0, Avg: 31500.0, Max: 31500.0, Diff: 0.0]
   [Code Root Fixup: 0.0 ms]
   [Clear CT: 0.2 ms]
   [Other: 2.9 ms]
      [Choose CSet: 0.0 ms]
      [Ref Proc: 1.1 ms]
      [Ref Enq: 0.0 ms]
      [Free CSet: 0.2 ms]
   [Eden: 216.0M(216.0M)->0.0B(223.0M) Survivors: 34.0M->32.0M Heap: 894.5M(2048.0M)->800.0M(2048.0M)]
 [Times: user=0.56 sys=0.00, real=0.16 secs] 
31.768: [GC pause (young), 0.1548669 secs]
   [Parallel Time: 153.1 ms, GC Workers: 4]
      [GC Worker Start (ms): Min: 31768.3, Avg: 31768.3, Max: 31768.3, Diff: 0.0]
      [Ext Root Scanning (ms): Min: 0.9, Avg: 0.9, Max: 0.9, Diff: 0.1, Sum: 3.5]
      [Update RS (ms): Min: 19.8, Avg: 19.8, Max: 19.9, Diff: 0.1, Sum: 79.4]
         [Processed Buffers: Min: 169, Avg: 191.8, Max: 226, Diff: 57, Sum: 767]
      [Scan RS (ms): Min: 2.0, Avg: 2.0, Max: 2.0, Diff: 0.0, Sum: 8.0]
      [Object Copy (ms): Min: 130.3, Avg: 130.3, Max: 130.3, Diff: 0.0, Sum: 521.2]
      [Termination (ms): Min: 0.0, Avg: 0.0, Max: 0.0, Diff: 0.0, Sum: 0.0]
      [GC Worker Other (ms): Min: 0.0, Avg: 0.0, Max: 0.0, Diff: 0.0, Sum: 0.1]
      [GC Worker Total (ms): Min: 153.0, Avg: 153.0, Max: 153.0, Diff: 0.0, Sum: 612.2]
      [GC Worker End (ms): Min: 31921.4, Avg: 31921.4, Max: 31921.4, Diff: 0.0]
   [Code Root Fixup: 0.0 ms]
   [Clear CT: 0.2 ms]
   [Other: 1.6 ms]
      [Choose CSet: 0.0 ms]
      [Ref Proc: 0.1 ms]
      [Ref Enq: 0.0 ms]
      [Free CSet: 0.2 ms]
   [Eden: 223.0M(223.0M)->0.0B(233.0M) Survivors: 32.0M->32.0M Heap: 1023.0M(2048.0M)->935.0M(2048.0M)]
 [Times: user=0.61 sys=0.00, real=0.15 secs] 
32.192: [GC pause (young), 0.1663624 secs]
   [Parallel Time: 163.4 ms, GC Workers: 4]
      [GC Worker Start (ms): Min: 32192.2, Avg: 32192.2, Max: 32192.2, Diff: 0.0]
      [Ext Root Scanning (ms): Min: 0.9, Avg: 0.9, Max: 0.9, Diff: 0.0, Sum: 3.7]
      [Update RS (ms): Min: 22.0, Avg: 22.0, Max: 22.1, Diff: 0.1, Sum: 88.1]
         [Processed Buffers: Min: 143, Avg: 194.5, Max: 229, Diff: 86, Sum: 778]
      [Scan RS (ms): Min: 0.2, Avg: 0.2, Max: 0.2, Diff: 0.0, Sum: 0.8]
      [Object Copy (ms): Min: 140.2, Avg: 140.2, Max: 140.3, Diff: 0.0, Sum: 560.9]
      [Termination (ms): Min: 0.0, Avg: 0.0, Max: 0.0, Diff: 0.0, Sum: 0.0]
      [GC Worker Other (ms): Min: 0.0, Avg: 0.0, Max: 0.0, Diff: 0.0, Sum: 0.1]
      [GC Worker Total (ms): Min: 163.4, Avg: 163.4, Max: 163.4, Diff: 0.0, Sum: 653.5]
      [GC Worker End (ms): Min: 32355.6, Avg: 32355.6, Max: 32355.6, Diff: 0.0]
   [Code Root Fixup: 0.0 ms]
   [Clear CT: 0.5 ms]
   [Other: 2.5 ms]
      [Choose CSet: 0.0 ms]
      [Ref Proc: 0.7 ms]
      [Ref Enq: 0.0 ms]
      [Free CSet: 0.2 ms]
   [Eden: 233.0M(233.0M)->0.0B(228.0M) Survivors: 32.0M->34.0M Heap: 1168.0M(2048.0M)->1076.5M(2048.0M)]
 [Times: user=0.61 sys=0.00, real=0.17 secs] 
32.600: [GC pause (young) (initial-mark), 0.1661353 secs]
   [Parallel Time: 161.7 ms, GC Workers: 4]
      [GC Worker Start (ms): Min: 32600.4, Avg: 32600.5, Max: 32600.5, Diff: 0.0]
      [Ext Root Scanning (ms): Min: 0.9, Avg: 0.9, Max: 0.9, Diff: 0.0, Sum: 3.5]
      [Update RS (ms): Min: 19.7, Avg: 19.8, Max: 20.0, Diff: 0.3, Sum: 79.3]
         [Processed Buffers: Min: 161, Avg: 190.0, Max: 213, Diff: 52, Sum: 760]
      [Scan RS (ms): Min: 0.0, Avg: 0.2, Max: 0.3, Diff: 0.3, Sum: 0.9]
      [Object Copy (ms): Min: 140.7, Avg: 140.7, Max: 140.7, Diff: 0.0, Sum: 562.9]
      [Termination (ms): Min: 0.0, Avg: 0.0, Max: 0.0, Diff: 0.0, Sum: 0.0]
      [GC Worker Other (ms): Min: 0.0, Avg: 0.0, Max: 0.0, Diff: 0.0, Sum: 0.1]
      [GC Worker Total (ms): Min: 161.7, Avg: 161.7, Max: 161.7, Diff: 0.0, Sum: 646.6]
      [GC Worker End (ms): Min: 32762.1, Avg: 32762.1, Max: 32762.1, Diff: 0.0]
   [Code Root Fixup: 0.0 ms]
   [Clear CT: 0.5 ms]
   [Other: 3.9 ms]
      [Choose CSet: 0.0 ms]
      [Ref Proc: 2.2 ms]
      [Ref Enq: 0.0 ms]
      [Free CSet: 0.2 ms]
   [Eden: 228.0M(228.0M)->0.0B(233.0M) Survivors: 34.0M->33.0M Heap: 1304.5M(2048.0M)->1195.0M(2048.0M)]
 [Times: user=0.53 sys=0.00, real=0.17 secs] 
32.766: [GC concurrent-root-region-scan-start]
32.812: [GC concurrent-root-region-scan-end, 0.0453135 secs]
32.812: [GC concurrent-mark-start]
33.020: [GC pause (young), 0.1039917 secs]
   [Parallel Time: 101.5 ms, GC Workers: 4]
      [GC Worker Start (ms): Min: 33020.5, Avg: 33020.5, Max: 33020.5, Diff: 0.0]
      [Ext Root Scanning (ms): Min: 0.9, Avg: 0.9, Max: 0.9, Diff: 0.0, Sum: 3.5]
      [SATB Filtering (ms): Min: 0.0, Avg: 0.7, Max: 2.7, Diff: 2.7, Sum: 2.7]
      [Update RS (ms): Min: 19.2, Avg: 21.2, Max: 21.9, Diff: 2.6, Sum: 84.9]
         [Processed Buffers: Min: 162, Avg: 207.5, Max: 255, Diff: 93, Sum: 830]
      [Scan RS (ms): Min: 0.7, Avg: 0.7, Max: 0.7, Diff: 0.0, Sum: 2.8]
      [Object Copy (ms): Min: 77.9, Avg: 78.0, Max: 78.0, Diff: 0.0, Sum: 311.9]
      [Termination (ms): Min: 0.0, Avg: 0.0, Max: 0.0, Diff: 0.0, Sum: 0.0]
      [GC Worker Other (ms): Min: 0.0, Avg: 0.0, Max: 0.0, Diff: 0.0, Sum: 0.1]
      [GC Worker Total (ms): Min: 101.4, Avg: 101.4, Max: 101.4, Diff: 0.0, Sum: 405.8]
      [GC Worker End (ms): Min: 33122.0, Avg: 33122.0, Max: 33122.0, Diff: 0.0]
   [Code Root Fixup: 0.0 ms]
   [Clear CT: 0.2 ms]
   [Other: 2.3 ms]
      [Choose CSet: 0.0 ms]
      [Ref Proc: 0.9 ms]
      [Ref Enq: 0.0 ms]
      [Free CSet: 0.3 ms]
   [Eden: 233.0M(233.0M)->0.0B(318.0M) Survivors: 33.0M->34.0M Heap: 1428.0M(2048.0M)->1256.0M(2048.0M)]
 [Times: user=0.36 sys=0.00, real=0.10 secs] 
33.399: [GC pause (young), 0.1735122 secs]
   [Parallel Time: 170.9 ms, GC Workers: 4]
      [GC Worker Start (ms): Min: 33399.5, Avg: 33399.5, Max: 33399.5, Diff: 0.0]
      [Ext Root Scanning (ms): Min: 0.9, Avg: 0.9, Max: 0.9, Diff: 0.0, Sum: 3.7]
      [SATB Filtering (ms): Min: 0.0, Avg: 0.7, Max: 2.8, Diff: 2.8, Sum: 2.8]
      [Update RS (ms): Min: 16.3, Avg: 18.3, Max: 19.0, Diff: 2.6, Sum: 73.2]
         [Processed Buffers: Min: 105, Avg: 122.0, Max: 134, Diff: 29, Sum: 488]
      [Scan RS (ms): Min: 0.1, Avg: 0.2, Max: 0.2, Diff: 0.2, Sum: 0.7]
      [Object Copy (ms): Min: 149.6, Avg: 149.9, Max: 150.6, Diff: 1.0, Sum: 599.5]
      [Termination (ms): Min: 0.0, Avg: 0.8, Max: 1.1, Diff: 1.1, Sum: 3.2]
      [GC Worker Other (ms): Min: 0.0, Avg: 0.0, Max: 0.0, Diff: 0.0, Sum: 0.0]
      [GC Worker Total (ms): Min: 170.7, Avg: 170.8, Max: 170.8, Diff: 0.1, Sum: 683.0]
      [GC Worker End (ms): Min: 33570.2, Avg: 33570.2, Max: 33570.3, Diff: 0.1]
   [Code Root Fixup: 0.0 ms]
   [Clear CT: 0.1 ms]
   [Other: 2.5 ms]
      [Choose CSet: 0.0 ms]
      [Ref Proc: 1.1 ms]
      [Ref Enq: 0.0 ms]
      [Free CSet: 0.3 ms]
   [Eden: 318.0M(318.0M)->0.0B(256.0M) Survivors: 34.0M->44.0M Heap: 1574.0M(2048.0M)->1397.0M(2048.0M)]
 [Times: user=0.56 sys=0.03, real=0.17 secs] 
33.589: [GC concurrent-mark-end, 0.7775059 secs]
33.615: [GC remark 33.617: [GC ref-proc, 0.0012409 secs], 0.0047078 secs]
 [Times: user=0.00 sys=0.00, real=0.01 secs] 
33.653: [GC cleanup 1449M->717M(2048M), 0.0015728 secs]
 [Times: user=0.00 sys=0.00, real=0.00 secs] 
33.655: [GC concurrent-cleanup-start]
33.656: [GC concurrent-cleanup-end, 0.0008807 secs]
33.858: [GC pause (young), 0.2283219 secs]
   [Parallel Time: 225.6 ms, GC Workers: 4]
      [GC Worker Start (ms): Min: 33858.2, Avg: 33858.2, Max: 33858.2, Diff: 0.0]
      [Ext Root Scanning (ms): Min: 0.9, Avg: 0.9, Max: 0.9, Diff: 0.0, Sum: 3.5]
      [Update RS (ms): Min: 32.7, Avg: 33.0, Max: 33.8, Diff: 1.1, Sum: 132.0]
         [Processed Buffers: Min: 169, Avg: 230.3, Max: 318, Diff: 149, Sum: 921]
      [Scan RS (ms): Min: 0.0, Avg: 0.2, Max: 0.3, Diff: 0.3, Sum: 0.8]
      [Object Copy (ms): Min: 188.7, Avg: 189.9, Max: 191.6, Diff: 2.8, Sum: 759.6]
      [Termination (ms): Min: 0.0, Avg: 1.5, Max: 2.1, Diff: 2.1, Sum: 6.1]
      [GC Worker Other (ms): Min: 0.0, Avg: 0.0, Max: 0.0, Diff: 0.0, Sum: 0.1]
      [GC Worker Total (ms): Min: 225.5, Avg: 225.5, Max: 225.6, Diff: 0.2, Sum: 902.1]
      [GC Worker End (ms): Min: 34083.7, Avg: 34083.7, Max: 34083.8, Diff: 0.1]
   [Code Root Fixup: 0.0 ms]
   [Clear CT: 0.1 ms]
   [Other: 2.6 ms]
      [Choose CSet: 0.0 ms]
      [Ref Proc: 0.1 ms]
      [Ref Enq: 0.0 ms]
      [Free CSet: 0.2 ms]
   [Eden: 256.0M(256.0M)->0.0B(64.0M) Survivors: 44.0M->38.0M Heap: 921.0M(2048.0M)->848.0M(2048.0M)]
 [Times: user=0.86 sys=0.00, real=0.23 secs] 
34.255: [GC pause (mixed), 0.0776793 secs]
   [Parallel Time: 76.6 ms, GC Workers: 4]
      [GC Worker Start (ms): Min: 34255.5, Avg: 34255.5, Max: 34255.5, Diff: 0.0]
      [Ext Root Scanning (ms): Min: 0.9, Avg: 1.0, Max: 1.0, Diff: 0.1, Sum: 3.8]
      [Update RS (ms): Min: 24.8, Avg: 24.8, Max: 24.9, Diff: 0.0, Sum: 99.4]
         [Processed Buffers: Min: 128, Avg: 146.8, Max: 160, Diff: 32, Sum: 587]
      [Scan RS (ms): Min: 3.7, Avg: 3.7, Max: 3.8, Diff: 0.1, Sum: 14.9]
      [Object Copy (ms): Min: 47.0, Avg: 47.0, Max: 47.0, Diff: 0.1, Sum: 188.0]
      [Termination (ms): Min: 0.0, Avg: 0.0, Max: 0.0, Diff: 0.0, Sum: 0.0]
      [GC Worker Other (ms): Min: 0.0, Avg: 0.0, Max: 0.0, Diff: 0.0, Sum: 0.1]
      [GC Worker Total (ms): Min: 76.5, Avg: 76.5, Max: 76.5, Diff: 0.0, Sum: 306.1]
      [GC Worker End (ms): Min: 34332.0, Avg: 34332.0, Max: 34332.0, Diff: 0.0]
   [Code Root Fixup: 0.0 ms]
   [Clear CT: 0.1 ms]
   [Other: 1.1 ms]
      [Choose CSet: 0.0 ms]
      [Ref Proc: 0.0 ms]
      [Ref Enq: 0.0 ms]
      [Free CSet: 0.1 ms]
   [Eden: 64.0M(64.0M)->0.0B(270.0M) Survivors: 38.0M->10.0M Heap: 912.0M(2048.0M)->856.5M(2048.0M)]
 [Times: user=0.28 sys=0.00, real=0.08 secs] 
34.585: [GC pause (young), 0.1772983 secs]
   [Parallel Time: 175.5 ms, GC Workers: 4]
      [GC Worker Start (ms): Min: 34585.6, Avg: 34585.6, Max: 34585.6, Diff: 0.0]
      [Ext Root Scanning (ms): Min: 0.9, Avg: 0.9, Max: 0.9, Diff: 0.0, Sum: 3.7]
      [Update RS (ms): Min: 15.6, Avg: 15.7, Max: 16.0, Diff: 0.4, Sum: 63.0]
         [Processed Buffers: Min: 195, Avg: 244.5, Max: 319, Diff: 124, Sum: 978]
      [Scan RS (ms): Min: 0.0, Avg: 0.1, Max: 0.2, Diff: 0.2, Sum: 0.5]
      [Object Copy (ms): Min: 158.5, Avg: 158.6, Max: 158.7, Diff: 0.2, Sum: 634.5]
      [Termination (ms): Min: 0.0, Avg: 0.0, Max: 0.0, Diff: 0.0, Sum: 0.0]
      [GC Worker Other (ms): Min: 0.0, Avg: 0.0, Max: 0.0, Diff: 0.0, Sum: 0.1]
      [GC Worker Total (ms): Min: 175.4, Avg: 175.4, Max: 175.5, Diff: 0.0, Sum: 701.8]
      [GC Worker End (ms): Min: 34761.0, Avg: 34761.0, Max: 34761.0, Diff: 0.0]
   [Code Root Fixup: 0.0 ms]
   [Clear CT: 0.1 ms]
   [Other: 1.7 ms]
      [Choose CSet: 0.0 ms]
      [Ref Proc: 0.0 ms]
      [Ref Enq: 0.0 ms]
      [Free CSet: 0.2 ms]
   [Eden: 270.0M(270.0M)->0.0B(171.0M) Survivors: 10.0M->35.0M Heap: 1126.5M(2048.0M)->1032.0M(2048.0M)]
 [Times: user=0.61 sys=0.00, real=0.18 secs] 
34.966: [GC pause (young) (initial-mark), 0.1489390 secs]
   [Parallel Time: 146.7 ms, GC Workers: 4]
      [GC Worker Start (ms): Min: 34966.7, Avg: 34966.7, Max: 34966.7, Diff: 0.0]
      [Ext Root Scanning (ms): Min: 1.6, Avg: 2.0, Max: 2.9, Diff: 1.2, Sum: 8.0]
      [Update RS (ms): Min: 18.9, Avg: 19.6, Max: 19.9, Diff: 1.0, Sum: 78.5]
         [Processed Buffers: Min: 118, Avg: 178.0, Max: 222, Diff: 104, Sum: 712]
      [Scan RS (ms): Min: 2.6, Avg: 2.7, Max: 2.8, Diff: 0.2, Sum: 10.9]
      [Object Copy (ms): Min: 122.2, Avg: 122.3, Max: 122.5, Diff: 0.3, Sum: 489.4]
      [Termination (ms): Min: 0.0, Avg: 0.0, Max: 0.0, Diff: 0.0, Sum: 0.0]
      [GC Worker Other (ms): Min: 0.0, Avg: 0.0, Max: 0.0, Diff: 0.0, Sum: 0.1]
      [GC Worker Total (ms): Min: 146.7, Avg: 146.7, Max: 146.7, Diff: 0.0, Sum: 586.8]
      [GC Worker End (ms): Min: 35113.4, Avg: 35113.4, Max: 35113.4, Diff: 0.0]
   [Code Root Fixup: 0.0 ms]
   [Clear CT: 0.1 ms]
   [Other: 2.1 ms]
      [Choose CSet: 0.0 ms]
      [Ref Proc: 0.0 ms]
      [Ref Enq: 0.0 ms]
      [Free CSet: 0.2 ms]
   [Eden: 171.0M(171.0M)->0.0B(189.0M) Survivors: 35.0M->26.0M Heap: 1203.0M(2048.0M)->1138.5M(2048.0M)]
 [Times: user=0.58 sys=0.00, real=0.15 secs] 
35.115: [GC concurrent-root-region-scan-start]
35.152: [GC concurrent-root-region-scan-end, 0.0372667 secs]
35.152: [GC concurrent-mark-start]
35.364: [GC pause (young), 0.1013657 secs]
   [Parallel Time: 97.4 ms, GC Workers: 4]
      [GC Worker Start (ms): Min: 35364.6, Avg: 35364.6, Max: 35364.6, Diff: 0.0]
      [Ext Root Scanning (ms): Min: 1.1, Avg: 1.2, Max: 1.3, Diff: 0.1, Sum: 4.8]
      [SATB Filtering (ms): Min: 0.0, Avg: 0.8, Max: 3.0, Diff: 3.0, Sum: 3.0]
      [Update RS (ms): Min: 20.4, Avg: 21.6, Max: 22.1, Diff: 1.7, Sum: 86.3]
         [Processed Buffers: Min: 116, Avg: 208.0, Max: 293, Diff: 177, Sum: 832]
      [Scan RS (ms): Min: 0.0, Avg: 0.2, Max: 0.3, Diff: 0.3, Sum: 0.7]
      [Object Copy (ms): Min: 72.8, Avg: 73.7, Max: 74.0, Diff: 1.2, Sum: 294.7]
      [Termination (ms): Min: 0.0, Avg: 0.0, Max: 0.0, Diff: 0.0, Sum: 0.0]
      [GC Worker Other (ms): Min: 0.0, Avg: 0.0, Max: 0.0, Diff: 0.0, Sum: 0.1]
      [GC Worker Total (ms): Min: 97.4, Avg: 97.4, Max: 97.4, Diff: 0.0, Sum: 389.6]
      [GC Worker End (ms): Min: 35462.0, Avg: 35462.0, Max: 35462.0, Diff: 0.0]
   [Code Root Fixup: 0.0 ms]
   [Clear CT: 0.6 ms]
   [Other: 3.4 ms]
      [Choose CSet: 0.0 ms]
      [Ref Proc: 2.1 ms]
      [Ref Enq: 0.0 ms]
      [Free CSet: 0.2 ms]
   [Eden: 189.0M(189.0M)->0.0B(257.0M) Survivors: 26.0M->27.0M Heap: 1327.5M(2048.0M)->1204.5M(2048.0M)]
 [Times: user=0.36 sys=0.00, real=0.10 secs] 
35.677: [GC pause (young), 0.0955969 secs]
   [Parallel Time: 94.2 ms, GC Workers: 4]
      [GC Worker Start (ms): Min: 35677.3, Avg: 35677.4, Max: 35677.5, Diff: 0.2]
      [Ext Root Scanning (ms): Min: 0.8, Avg: 0.9, Max: 1.0, Diff: 0.2, Sum: 3.7]
      [SATB Filtering (ms): Min: 0.0, Avg: 0.6, Max: 2.5, Diff: 2.5, Sum: 2.5]
      [Update RS (ms): Min: 17.4, Avg: 19.3, Max: 20.0, Diff: 2.5, Sum: 77.2]
         [Processed Buffers: Min: 104, Avg: 132.8, Max: 168, Diff: 64, Sum: 531]
      [Scan RS (ms): Min: 0.4, Avg: 0.4, Max: 0.5, Diff: 0.1, Sum: 1.8]
      [Object Copy (ms): Min: 72.8, Avg: 72.9, Max: 72.9, Diff: 0.1, Sum: 291.4]
      [Termination (ms): Min: 0.0, Avg: 0.0, Max: 0.0, Diff: 0.0, Sum: 0.0]
      [GC Worker Other (ms): Min: 0.0, Avg: 0.0, Max: 0.0, Diff: 0.0, Sum: 0.1]
      [GC Worker Total (ms): Min: 94.0, Avg: 94.2, Max: 94.2, Diff: 0.2, Sum: 376.7]
      [GC Worker End (ms): Min: 35771.5, Avg: 35771.5, Max: 35771.6, Diff: 0.0]
   [Code Root Fixup: 0.0 ms]
   [Clear CT: 0.3 ms]
   [Other: 1.1 ms]
      [Choose CSet: 0.0 ms]
      [Ref Proc: 0.1 ms]
      [Ref Enq: 0.0 ms]
      [Free CSet: 0.2 ms]
   [Eden: 257.0M(257.0M)->0.0B(305.0M) Survivors: 27.0M->36.0M Heap: 1461.5M(2048.0M)->1263.5M(2048.0M)]
 [Times: user=0.34 sys=0.00, real=0.10 secs] 
35.837: [GC concurrent-mark-end, 0.6843048 secs]
35.838: [GC remark 35.839: [GC ref-proc, 0.0012065 secs], 0.0031572 secs]
 [Times: user=0.06 sys=0.00, real=0.00 secs] 
35.841: [GC cleanup 1349M->633M(2048M), 0.0012803 secs]
 [Times: user=0.00 sys=0.00, real=0.00 secs] 
35.843: [GC concurrent-cleanup-start]
35.844: [GC concurrent-cleanup-end, 0.0008778 secs]
36.072: [GC pause (young), 0.2440263 secs]
   [Parallel Time: 241.8 ms, GC Workers: 4]
      [GC Worker Start (ms): Min: 36072.1, Avg: 36072.2, Max: 36072.2, Diff: 0.0]
      [Ext Root Scanning (ms): Min: 0.9, Avg: 0.9, Max: 0.9, Diff: 0.0, Sum: 3.5]
      [Update RS (ms): Min: 23.9, Avg: 23.9, Max: 23.9, Diff: 0.1, Sum: 95.6]
         [Processed Buffers: Min: 125, Avg: 131.0, Max: 136, Diff: 11, Sum: 524]
      [Scan RS (ms): Min: 0.1, Avg: 0.1, Max: 0.3, Diff: 0.2, Sum: 0.6]
      [Object Copy (ms): Min: 216.7, Avg: 216.8, Max: 216.9, Diff: 0.2, Sum: 867.3]
      [Termination (ms): Min: 0.0, Avg: 0.0, Max: 0.0, Diff: 0.0, Sum: 0.0]
      [GC Worker Other (ms): Min: 0.0, Avg: 0.0, Max: 0.0, Diff: 0.0, Sum: 0.1]
      [GC Worker Total (ms): Min: 241.8, Avg: 241.8, Max: 241.8, Diff: 0.0, Sum: 967.2]
      [GC Worker End (ms): Min: 36313.9, Avg: 36313.9, Max: 36313.9, Diff: 0.0]
   [Code Root Fixup: 0.0 ms]
   [Clear CT: 0.1 ms]
   [Other: 2.1 ms]
      [Choose CSet: 0.0 ms]
      [Ref Proc: 0.0 ms]
      [Ref Enq: 0.0 ms]
      [Free CSet: 0.3 ms]
   [Eden: 305.0M(305.0M)->0.0B(204.0M) Survivors: 36.0M->43.0M Heap: 852.5M(2048.0M)->771.5M(2048.0M)]
 [Times: user=0.90 sys=0.00, real=0.24 secs] 
36.590: [GC pause (young), 0.1422007 secs]
   [Parallel Time: 140.3 ms, GC Workers: 4]
      [GC Worker Start (ms): Min: 36590.6, Avg: 36590.6, Max: 36590.6, Diff: 0.0]
      [Ext Root Scanning (ms): Min: 0.9, Avg: 0.9, Max: 0.9, Diff: 0.0, Sum: 3.5]
      [Update RS (ms): Min: 19.0, Avg: 19.1, Max: 19.2, Diff: 0.2, Sum: 76.3]
         [Processed Buffers: Min: 144, Avg: 202.0, Max: 259, Diff: 115, Sum: 808]
      [Scan RS (ms): Min: 9.5, Avg: 9.7, Max: 9.8, Diff: 0.3, Sum: 38.8]
      [Object Copy (ms): Min: 108.3, Avg: 108.8, Max: 110.3, Diff: 2.0, Sum: 435.4]
      [Termination (ms): Min: 0.0, Avg: 1.6, Max: 2.3, Diff: 2.3, Sum: 6.6]
      [GC Worker Other (ms): Min: 0.0, Avg: 0.0, Max: 0.0, Diff: 0.0, Sum: 0.1]
      [GC Worker Total (ms): Min: 140.0, Avg: 140.2, Max: 140.3, Diff: 0.3, Sum: 560.6]
      [GC Worker End (ms): Min: 36730.7, Avg: 36730.8, Max: 36730.9, Diff: 0.3]
   [Code Root Fixup: 0.0 ms]
   [Clear CT: 0.1 ms]
   [Other: 1.7 ms]
      [Choose CSet: 0.0 ms]
      [Ref Proc: 0.1 ms]
      [Ref Enq: 0.0 ms]
      [Free CSet: 0.2 ms]
   [Eden: 204.0M(204.0M)->0.0B(201.0M) Survivors: 43.0M->31.0M Heap: 975.5M(2048.0M)->853.0M(2048.0M)]
 [Times: user=0.44 sys=0.00, real=0.14 secs] 
36.887: [GC pause (young), 0.0728265 secs]
   [Parallel Time: 71.8 ms, GC Workers: 4]
      [GC Worker Start (ms): Min: 36887.1, Avg: 36893.8, Max: 36913.8, Diff: 26.7]
      [Ext Root Scanning (ms): Min: 0.1, Avg: 0.9, Max: 1.2, Diff: 1.0, Sum: 3.5]
      [Update RS (ms): Min: 1.7, Avg: 21.9, Max: 31.2, Diff: 29.4, Sum: 87.5]
         [Processed Buffers: Min: 14, Avg: 130.3, Max: 172, Diff: 158, Sum: 521]
      [Scan RS (ms): Min: 0.0, Avg: 1.2, Max: 1.6, Diff: 1.6, Sum: 4.7]
      [Object Copy (ms): Min: 39.4, Avg: 41.1, Max: 41.7, Diff: 2.4, Sum: 164.4]
      [Termination (ms): Min: 0.0, Avg: 0.0, Max: 0.0, Diff: 0.0, Sum: 0.0]
      [GC Worker Other (ms): Min: 0.0, Avg: 0.0, Max: 0.0, Diff: 0.0, Sum: 0.1]
      [GC Worker Total (ms): Min: 45.0, Avg: 65.1, Max: 71.7, Diff: 26.7, Sum: 260.2]
      [GC Worker End (ms): Min: 36958.8, Avg: 36958.8, Max: 36958.8, Diff: 0.0]
   [Code Root Fixup: 0.0 ms]
   [Clear CT: 0.2 ms]
   [Other: 0.9 ms]
      [Choose CSet: 0.0 ms]
      [Ref Proc: 0.0 ms]
      [Ref Enq: 0.0 ms]
      [Free CSet: 0.3 ms]
   [Eden: 201.0M(201.0M)->0.0B(330.0M) Survivors: 31.0M->14.0M Heap: 1054.0M(2048.0M)->868.0M(2048.0M)]
 [Times: user=0.20 sys=0.00, real=0.07 secs] 
37.288: [GC pause (young), 0.2528932 secs]
   [Parallel Time: 250.6 ms, GC Workers: 4]
      [GC Worker Start (ms): Min: 37287.9, Avg: 37287.9, Max: 37287.9, Diff: 0.0]
      [Ext Root Scanning (ms): Min: 0.9, Avg: 1.0, Max: 1.0, Diff: 0.0, Sum: 3.9]
      [Update RS (ms): Min: 17.4, Avg: 17.7, Max: 17.9, Diff: 0.5, Sum: 70.9]
         [Processed Buffers: Min: 122, Avg: 196.8, Max: 327, Diff: 205, Sum: 787]
      [Scan RS (ms): Min: 0.0, Avg: 0.1, Max: 0.3, Diff: 0.2, Sum: 0.3]
      [Object Copy (ms): Min: 231.6, Avg: 231.7, Max: 231.9, Diff: 0.3, Sum: 927.0]
      [Termination (ms): Min: 0.0, Avg: 0.0, Max: 0.0, Diff: 0.0, Sum: 0.0]
      [GC Worker Other (ms): Min: 0.0, Avg: 0.0, Max: 0.0, Diff: 0.0, Sum: 0.1]
      [GC Worker Total (ms): Min: 250.5, Avg: 250.6, Max: 250.6, Diff: 0.0, Sum: 1002.2]
      [GC Worker End (ms): Min: 37538.5, Avg: 37538.5, Max: 37538.5, Diff: 0.0]
   [Code Root Fixup: 0.0 ms]
   [Clear CT: 0.1 ms]
   [Other: 2.2 ms]
      [Choose CSet: 0.0 ms]
      [Ref Proc: 0.1 ms]
      [Ref Enq: 0.0 ms]
      [Free CSet: 0.3 ms]
   [Eden: 330.0M(330.0M)->0.0B(213.0M) Survivors: 14.0M->43.0M Heap: 1198.0M(2048.0M)->1127.5M(2048.0M)]
 [Times: user=0.84 sys=0.02, real=0.25 secs] 
37.840: [GC pause (young) (initial-mark), 0.1843118 secs]
   [Parallel Time: 181.4 ms, GC Workers: 4]
      [GC Worker Start (ms): Min: 37840.1, Avg: 37840.1, Max: 37840.1, Diff: 0.0]
      [Ext Root Scanning (ms): Min: 1.1, Avg: 1.1, Max: 1.3, Diff: 0.2, Sum: 4.5]
      [Update RS (ms): Min: 20.7, Avg: 22.2, Max: 26.0, Diff: 5.3, Sum: 88.8]
         [Processed Buffers: Min: 149, Avg: 232.0, Max: 319, Diff: 170, Sum: 928]
      [Scan RS (ms): Min: 15.9, Avg: 19.7, Max: 21.2, Diff: 5.3, Sum: 79.0]
      [Object Copy (ms): Min: 138.2, Avg: 138.3, Max: 138.4, Diff: 0.2, Sum: 553.2]
      [Termination (ms): Min: 0.0, Avg: 0.0, Max: 0.0, Diff: 0.0, Sum: 0.0]
      [GC Worker Other (ms): Min: 0.0, Avg: 0.0, Max: 0.0, Diff: 0.0, Sum: 0.1]
      [GC Worker Total (ms): Min: 181.4, Avg: 181.4, Max: 181.4, Diff: 0.0, Sum: 725.5]
      [GC Worker End (ms): Min: 38021.5, Avg: 38021.5, Max: 38021.5, Diff: 0.0]
   [Code Root Fixup: 0.0 ms]
   [Clear CT: 0.2 ms]
   [Other: 2.7 ms]
      [Choose CSet: 0.0 ms]
      [Ref Proc: 0.0 ms]
      [Ref Enq: 0.0 ms]
      [Free CSet: 0.2 ms]
   [Eden: 213.0M(213.0M)->0.0B(157.0M) Survivors: 43.0M->32.0M Heap: 1340.5M(2048.0M)->1245.5M(2048.0M)]
 [Times: user=0.67 sys=0.00, real=0.18 secs] 
38.024: [GC concurrent-root-region-scan-start]
38.057: [GC concurrent-root-region-scan-end, 0.0323641 secs]
38.057: [GC concurrent-mark-start]
38.285: [GC pause (young), 0.0710570 secs]
   [Parallel Time: 69.8 ms, GC Workers: 4]
      [GC Worker Start (ms): Min: 38285.2, Avg: 38285.3, Max: 38285.3, Diff: 0.0]
      [Ext Root Scanning (ms): Min: 0.9, Avg: 0.9, Max: 0.9, Diff: 0.0, Sum: 3.5]
      [SATB Filtering (ms): Min: 0.0, Avg: 0.2, Max: 0.8, Diff: 0.8, Sum: 0.8]
      [Update RS (ms): Min: 16.9, Avg: 20.9, Max: 31.3, Diff: 14.5, Sum: 83.6]
         [Processed Buffers: Min: 122, Avg: 155.5, Max: 197, Diff: 75, Sum: 622]
      [Scan RS (ms): Min: 0.0, Avg: 1.9, Max: 2.6, Diff: 2.5, Sum: 7.6]
      [Object Copy (ms): Min: 37.5, Avg: 45.8, Max: 48.6, Diff: 11.2, Sum: 183.3]
      [Termination (ms): Min: 0.0, Avg: 0.0, Max: 0.0, Diff: 0.0, Sum: 0.0]
      [GC Worker Other (ms): Min: 0.0, Avg: 0.0, Max: 0.0, Diff: 0.0, Sum: 0.1]
      [GC Worker Total (ms): Min: 69.7, Avg: 69.7, Max: 69.7, Diff: 0.0, Sum: 279.0]
      [GC Worker End (ms): Min: 38355.0, Avg: 38355.0, Max: 38355.0, Diff: 0.0]
   [Code Root Fixup: 0.0 ms]
   [Clear CT: 0.1 ms]
   [Other: 1.2 ms]
      [Choose CSet: 0.0 ms]
      [Ref Proc: 0.0 ms]
      [Ref Enq: 0.0 ms]
      [Free CSet: 0.2 ms]
   [Eden: 157.0M(157.0M)->0.0B(254.0M) Survivors: 32.0M->22.0M Heap: 1402.5M(2048.0M)->1268.5M(2048.0M)]
 [Times: user=0.23 sys=0.00, real=0.07 secs] 
38.575: [GC pause (young), 0.1355233 secs]
   [Parallel Time: 134.1 ms, GC Workers: 4]
      [GC Worker Start (ms): Min: 38575.8, Avg: 38575.8, Max: 38575.8, Diff: 0.0]
      [Ext Root Scanning (ms): Min: 0.2, Avg: 0.9, Max: 1.2, Diff: 1.0, Sum: 3.6]
      [SATB Filtering (ms): Min: 0.0, Avg: 0.7, Max: 2.8, Diff: 2.8, Sum: 2.8]
      [Update RS (ms): Min: 13.4, Avg: 16.3, Max: 19.1, Diff: 5.7, Sum: 65.3]
         [Processed Buffers: Min: 150, Avg: 162.8, Max: 176, Diff: 26, Sum: 651]
      [Scan RS (ms): Min: 0.0, Avg: 0.1, Max: 0.2, Diff: 0.2, Sum: 0.4]
      [Object Copy (ms): Min: 113.8, Avg: 116.0, Max: 117.2, Diff: 3.4, Sum: 464.1]
      [Termination (ms): Min: 0.0, Avg: 0.0, Max: 0.0, Diff: 0.0, Sum: 0.0]
      [GC Worker Other (ms): Min: 0.0, Avg: 0.0, Max: 0.0, Diff: 0.0, Sum: 0.1]
      [GC Worker Total (ms): Min: 134.1, Avg: 134.1, Max: 134.1, Diff: 0.0, Sum: 536.3]
      [GC Worker End (ms): Min: 38709.8, Avg: 38709.8, Max: 38709.8, Diff: 0.0]
   [Code Root Fixup: 0.0 ms]
   [Clear CT: 0.1 ms]
   [Other: 1.3 ms]
      [Choose CSet: 0.0 ms]
      [Ref Proc: 0.0 ms]
      [Ref Enq: 0.0 ms]
      [Free CSet: 0.3 ms]
   [Eden: 254.0M(254.0M)->0.0B(194.0M) Survivors: 22.0M->35.0M Heap: 1522.5M(2048.0M)->1384.0M(2048.0M)]
 [Times: user=0.48 sys=0.00, real=0.14 secs] 
38.756: [GC concurrent-mark-end, 0.6998988 secs]
38.764: [GC remark 38.764: [GC ref-proc, 0.0011969 secs], 0.0022890 secs]
 [Times: user=0.00 sys=0.00, real=0.00 secs] 
38.767: [GC cleanup 1414M->503M(2048M), 0.0013756 secs]
 [Times: user=0.00 sys=0.00, real=0.00 secs] 
38.768: [GC concurrent-cleanup-start]
38.769: [GC concurrent-cleanup-end, 0.0009904 secs]
38.927: [GC pause (young), 0.1769927 secs]
   [Parallel Time: 175.1 ms, GC Workers: 4]
      [GC Worker Start (ms): Min: 38927.8, Avg: 38927.8, Max: 38927.8, Diff: 0.0]
      [Ext Root Scanning (ms): Min: 0.9, Avg: 0.9, Max: 0.9, Diff: 0.0, Sum: 3.7]
      [Update RS (ms): Min: 26.1, Avg: 26.1, Max: 26.1, Diff: 0.1, Sum: 104.3]
         [Processed Buffers: Min: 165, Avg: 186.5, Max: 205, Diff: 40, Sum: 746]
      [Scan RS (ms): Min: 0.1, Avg: 0.2, Max: 0.2, Diff: 0.1, Sum: 0.7]
      [Object Copy (ms): Min: 147.9, Avg: 147.9, Max: 147.9, Diff: 0.0, Sum: 591.6]
      [Termination (ms): Min: 0.0, Avg: 0.0, Max: 0.0, Diff: 0.0, Sum: 0.0]
      [GC Worker Other (ms): Min: 0.0, Avg: 0.0, Max: 0.0, Diff: 0.0, Sum: 0.1]
      [GC Worker Total (ms): Min: 175.1, Avg: 175.1, Max: 175.1, Diff: 0.0, Sum: 700.3]
      [GC Worker End (ms): Min: 39102.9, Avg: 39102.9, Max: 39102.9, Diff: 0.0]
   [Code Root Fixup: 0.0 ms]
   [Clear CT: 0.1 ms]
   [Other: 1.8 ms]
      [Choose CSet: 0.0 ms]
      [Ref Proc: 0.0 ms]
      [Ref Enq: 0.0 ms]
      [Free CSet: 0.2 ms]
   [Eden: 194.0M(194.0M)->0.0B(197.0M) Survivors: 35.0M->29.0M Heap: 667.0M(2048.0M)->618.5M(2048.0M)]
 [Times: user=0.73 sys=0.00, real=0.18 secs] 
39.332: [GC pause (young), 0.1135594 secs]
   [Parallel Time: 111.6 ms, GC Workers: 4]
      [GC Worker Start (ms): Min: 39332.7, Avg: 39332.7, Max: 39332.7, Diff: 0.0]
      [Ext Root Scanning (ms): Min: 0.9, Avg: 0.9, Max: 0.9, Diff: 0.0, Sum: 3.5]
      [Update RS (ms): Min: 16.2, Avg: 16.3, Max: 16.7, Diff: 0.5, Sum: 65.3]
         [Processed Buffers: Min: 181, Avg: 186.3, Max: 193, Diff: 12, Sum: 745]
      [Scan RS (ms): Min: 0.0, Avg: 0.2, Max: 0.2, Diff: 0.2, Sum: 0.6]
      [Object Copy (ms): Min: 94.0, Avg: 94.2, Max: 94.3, Diff: 0.3, Sum: 376.8]
      [Termination (ms): Min: 0.0, Avg: 0.0, Max: 0.0, Diff: 0.0, Sum: 0.0]
      [GC Worker Other (ms): Min: 0.0, Avg: 0.0, Max: 0.0, Diff: 0.0, Sum: 0.1]
      [GC Worker Total (ms): Min: 111.5, Avg: 111.6, Max: 111.6, Diff: 0.0, Sum: 446.2]
      [GC Worker End (ms): Min: 39444.3, Avg: 39444.3, Max: 39444.3, Diff: 0.0]
   [Code Root Fixup: 0.0 ms]
   [Clear CT: 0.1 ms]
   [Other: 1.9 ms]
      [Choose CSet: 0.0 ms]
      [Ref Proc: 0.5 ms]
      [Ref Enq: 0.0 ms]
      [Free CSet: 0.2 ms]
   [Eden: 197.0M(197.0M)->0.0B(259.0M) Survivors: 29.0M->29.0M Heap: 815.5M(2048.0M)->703.5M(2048.0M)]
 [Times: user=0.50 sys=0.00, real=0.11 secs] 
39.693: [GC pause (young), 0.1662380 secs]
   [Parallel Time: 164.5 ms, GC Workers: 4]
      [GC Worker Start (ms): Min: 39693.6, Avg: 39693.6, Max: 39693.6, Diff: 0.0]
      [Ext Root Scanning (ms): Min: 0.8, Avg: 0.9, Max: 0.9, Diff: 0.0, Sum: 3.4]
      [Update RS (ms): Min: 17.6, Avg: 17.6, Max: 17.6, Diff: 0.0, Sum: 70.5]
         [Processed Buffers: Min: 140, Avg: 159.8, Max: 196, Diff: 56, Sum: 639]
      [Scan RS (ms): Min: 0.2, Avg: 0.3, Max: 0.3, Diff: 0.0, Sum: 1.0]
      [Object Copy (ms): Min: 145.7, Avg: 145.7, Max: 145.7, Diff: 0.0, Sum: 582.8]
      [Termination (ms): Min: 0.0, Avg: 0.0, Max: 0.0, Diff: 0.0, Sum: 0.0]
      [GC Worker Other (ms): Min: 0.0, Avg: 0.0, Max: 0.0, Diff: 0.0, Sum: 0.1]
      [GC Worker Total (ms): Min: 164.4, Avg: 164.5, Max: 164.5, Diff: 0.0, Sum: 657.8]
      [GC Worker End (ms): Min: 39858.0, Avg: 39858.0, Max: 39858.0, Diff: 0.0]
   [Code Root Fixup: 0.0 ms]
   [Clear CT: 0.1 ms]
   [Other: 1.6 ms]
      [Choose CSet: 0.0 ms]
      [Ref Proc: 0.0 ms]
      [Ref Enq: 0.0 ms]
      [Free CSet: 0.3 ms]
   [Eden: 259.0M(259.0M)->0.0B(238.0M) Survivors: 29.0M->36.0M Heap: 962.5M(2048.0M)->850.0M(2048.0M)]
 [Times: user=0.61 sys=0.02, real=0.17 secs] 
40.140: [GC pause (young), 0.2006194 secs]
   [Parallel Time: 196.5 ms, GC Workers: 4]
      [GC Worker Start (ms): Min: 40140.5, Avg: 40140.5, Max: 40140.5, Diff: 0.0]
      [Ext Root Scanning (ms): Min: 0.9, Avg: 0.9, Max: 0.9, Diff: 0.0, Sum: 3.6]
      [Update RS (ms): Min: 19.6, Avg: 19.6, Max: 19.6, Diff: 0.0, Sum: 78.5]
         [Processed Buffers: Min: 153, Avg: 184.0, Max: 220, Diff: 67, Sum: 736]
      [Scan RS (ms): Min: 0.2, Avg: 0.2, Max: 0.2, Diff: 0.0, Sum: 0.8]
      [Object Copy (ms): Min: 175.3, Avg: 175.3, Max: 175.3, Diff: 0.0, Sum: 701.2]
      [Termination (ms): Min: 0.0, Avg: 0.0, Max: 0.0, Diff: 0.0, Sum: 0.0]
      [GC Worker Other (ms): Min: 0.0, Avg: 0.0, Max: 0.0, Diff: 0.0, Sum: 0.1]
      [GC Worker Total (ms): Min: 196.0, Avg: 196.1, Max: 196.1, Diff: 0.0, Sum: 784.2]
      [GC Worker End (ms): Min: 40336.5, Avg: 40336.5, Max: 40336.5, Diff: 0.0]
   [Code Root Fixup: 0.0 ms]
   [Clear CT: 1.0 ms]
   [Other: 3.1 ms]
      [Choose CSet: 0.0 ms]
      [Ref Proc: 1.2 ms]
      [Ref Enq: 0.0 ms]
      [Free CSet: 0.2 ms]
   [Eden: 238.0M(238.0M)->0.0B(197.0M) Survivors: 36.0M->35.0M Heap: 1088.0M(2048.0M)->1016.0M(2048.0M)]
 [Times: user=0.80 sys=0.00, real=0.20 secs] 
40.581: [GC pause (young) (initial-mark), 0.1497735 secs]
   [Parallel Time: 146.3 ms, GC Workers: 4]
      [GC Worker Start (ms): Min: 40582.0, Avg: 40582.0, Max: 40582.0, Diff: 0.1]
      [Ext Root Scanning (ms): Min: 1.2, Avg: 2.9, Max: 8.1, Diff: 6.9, Sum: 11.7]
      [Update RS (ms): Min: 23.1, Avg: 23.2, Max: 23.5, Diff: 0.4, Sum: 93.0]
         [Processed Buffers: Min: 167, Avg: 198.8, Max: 243, Diff: 76, Sum: 795]
      [Scan RS (ms): Min: 0.0, Avg: 1.2, Max: 1.7, Diff: 1.6, Sum: 4.9]
      [Object Copy (ms): Min: 114.6, Avg: 118.8, Max: 120.3, Diff: 5.7, Sum: 475.4]
      [Termination (ms): Min: 0.0, Avg: 0.0, Max: 0.0, Diff: 0.0, Sum: 0.0]
      [GC Worker Other (ms): Min: 0.0, Avg: 0.0, Max: 0.0, Diff: 0.0, Sum: 0.1]
      [GC Worker Total (ms): Min: 146.2, Avg: 146.3, Max: 146.3, Diff: 0.1, Sum: 585.1]
      [GC Worker End (ms): Min: 40728.3, Avg: 40728.3, Max: 40728.3, Diff: 0.0]
   [Code Root Fixup: 0.0 ms]
   [Clear CT: 1.2 ms]
   [Other: 2.2 ms]
      [Choose CSet: 0.0 ms]
      [Ref Proc: 0.0 ms]
      [Ref Enq: 0.0 ms]
      [Free CSet: 0.3 ms]
   [Eden: 197.0M(197.0M)->0.0B(267.0M) Survivors: 35.0M->29.0M Heap: 1213.0M(2048.0M)->1123.0M(2048.0M)]
 [Times: user=0.61 sys=0.00, real=0.15 secs] 
40.731: [GC concurrent-root-region-scan-start]
40.782: [GC concurrent-root-region-scan-end, 0.0508588 secs]
40.782: [GC concurrent-mark-start]
41.030: [GC pause (young), 0.1267494 secs]
   [Parallel Time: 125.1 ms, GC Workers: 4]
      [GC Worker Start (ms): Min: 41030.1, Avg: 41030.1, Max: 41030.1, Diff: 0.0]
      [Ext Root Scanning (ms): Min: 0.7, Avg: 1.0, Max: 1.1, Diff: 0.4, Sum: 4.1]
      [SATB Filtering (ms): Min: 0.0, Avg: 0.7, Max: 3.0, Diff: 3.0, Sum: 3.0]
      [Update RS (ms): Min: 17.4, Avg: 19.8, Max: 21.1, Diff: 3.6, Sum: 79.3]
         [Processed Buffers: Min: 160, Avg: 195.5, Max: 235, Diff: 75, Sum: 782]
      [Scan RS (ms): Min: 0.0, Avg: 0.3, Max: 0.5, Diff: 0.5, Sum: 1.2]
      [Object Copy (ms): Min: 103.1, Avg: 103.2, Max: 103.4, Diff: 0.2, Sum: 412.8]
      [Termination (ms): Min: 0.0, Avg: 0.0, Max: 0.0, Diff: 0.0, Sum: 0.0]
      [GC Worker Other (ms): Min: 0.0, Avg: 0.0, Max: 0.0, Diff: 0.0, Sum: 0.1]
      [GC Worker Total (ms): Min: 125.1, Avg: 125.1, Max: 125.1, Diff: 0.0, Sum: 500.5]
      [GC Worker End (ms): Min: 41155.2, Avg: 41155.2, Max: 41155.2, Diff: 0.0]
   [Code Root Fixup: 0.0 ms]
   [Clear CT: 0.1 ms]
   [Other: 1.5 ms]
      [Choose CSet: 0.0 ms]
      [Ref Proc: 0.0 ms]
      [Ref Enq: 0.0 ms]
      [Free CSet: 0.3 ms]
   [Eden: 267.0M(267.0M)->0.0B(305.0M) Survivors: 29.0M->37.0M Heap: 1390.0M(2048.0M)->1219.0M(2048.0M)]
 [Times: user=0.45 sys=0.00, real=0.13 secs] 
41.406: [GC concurrent-mark-end, 0.6241317 secs]
41.407: [GC remark 41.408: [GC ref-proc, 0.0012065 secs], 0.0033781 secs]
 [Times: user=0.06 sys=0.00, real=0.00 secs] 
41.410: [GC cleanup 1507M->858M(2048M), 0.0012463 secs]
 [Times: user=0.00 sys=0.00, real=0.00 secs] 
41.412: [GC concurrent-cleanup-start]
41.413: [GC concurrent-cleanup-end, 0.0007665 secs]
41.429: [GC pause (young), 0.1645122 secs]
   [Parallel Time: 161.2 ms, GC Workers: 4]
      [GC Worker Start (ms): Min: 41429.3, Avg: 41429.3, Max: 41429.3, Diff: 0.0]
      [Ext Root Scanning (ms): Min: 0.9, Avg: 0.9, Max: 0.9, Diff: 0.0, Sum: 3.5]
      [Update RS (ms): Min: 21.0, Avg: 21.1, Max: 21.3, Diff: 0.3, Sum: 84.2]
         [Processed Buffers: Min: 149, Avg: 173.8, Max: 195, Diff: 46, Sum: 695]
      [Scan RS (ms): Min: 0.6, Avg: 0.8, Max: 1.0, Diff: 0.4, Sum: 3.3]
      [Object Copy (ms): Min: 138.4, Avg: 138.4, Max: 138.5, Diff: 0.1, Sum: 553.8]
      [Termination (ms): Min: 0.0, Avg: 0.0, Max: 0.0, Diff: 0.0, Sum: 0.0]
      [GC Worker Other (ms): Min: 0.0, Avg: 0.0, Max: 0.0, Diff: 0.0, Sum: 0.0]
      [GC Worker Total (ms): Min: 161.2, Avg: 161.2, Max: 161.2, Diff: 0.0, Sum: 644.8]
      [GC Worker End (ms): Min: 41590.5, Avg: 41590.5, Max: 41590.5, Diff: 0.0]
   [Code Root Fixup: 0.0 ms]
   [Clear CT: 0.2 ms]
   [Other: 3.1 ms]
      [Choose CSet: 0.0 ms]
      [Ref Proc: 1.6 ms]
      [Ref Enq: 0.0 ms]
      [Free CSet: 0.2 ms]
   [Eden: 305.0M(305.0M)->0.0B(59.0M) Survivors: 37.0M->43.0M Heap: 875.0M(2048.0M)->692.5M(2048.0M)]
 [Times: user=0.58 sys=0.00, real=0.16 secs] 
41.662: [GC pause (mixed), 0.0726408 secs]
   [Parallel Time: 70.8 ms, GC Workers: 4]
      [GC Worker Start (ms): Min: 41662.5, Avg: 41662.5, Max: 41662.5, Diff: 0.1]
      [Ext Root Scanning (ms): Min: 1.0, Avg: 1.0, Max: 1.0, Diff: 0.0, Sum: 4.0]
      [Update RS (ms): Min: 27.6, Avg: 27.6, Max: 27.7, Diff: 0.1, Sum: 110.6]
         [Processed Buffers: Min: 151, Avg: 154.3, Max: 156, Diff: 5, Sum: 617]
      [Scan RS (ms): Min: 0.9, Avg: 1.0, Max: 1.0, Diff: 0.1, Sum: 3.8]
      [Object Copy (ms): Min: 41.1, Avg: 41.2, Max: 41.2, Diff: 0.1, Sum: 164.6]
      [Termination (ms): Min: 0.0, Avg: 0.0, Max: 0.0, Diff: 0.0, Sum: 0.0]
      [GC Worker Other (ms): Min: 0.0, Avg: 0.0, Max: 0.0, Diff: 0.0, Sum: 0.1]
      [GC Worker Total (ms): Min: 70.7, Avg: 70.8, Max: 70.8, Diff: 0.1, Sum: 283.1]
      [GC Worker End (ms): Min: 41733.3, Avg: 41733.3, Max: 41733.3, Diff: 0.0]
   [Code Root Fixup: 0.0 ms]
   [Clear CT: 0.2 ms]
   [Other: 1.6 ms]
      [Choose CSet: 0.0 ms]
      [Ref Proc: 0.5 ms]
      [Ref Enq: 0.0 ms]
      [Free CSet: 0.2 ms]
   [Eden: 59.0M(59.0M)->0.0B(476.0M) Survivors: 43.0M->5120.0K Heap: 751.5M(2048.0M)->680.0M(2048.0M)]
 [Times: user=0.25 sys=0.00, real=0.07 secs] 
42.210: [GC pause (young), 0.2980464 secs]
   [Parallel Time: 295.2 ms, GC Workers: 4]
      [GC Worker Start (ms): Min: 42210.1, Avg: 42210.1, Max: 42210.1, Diff: 0.0]
      [Ext Root Scanning (ms): Min: 1.1, Avg: 1.1, Max: 1.2, Diff: 0.1, Sum: 4.6]
      [Update RS (ms): Min: 16.0, Avg: 16.1, Max: 16.1, Diff: 0.0, Sum: 64.2]
         [Processed Buffers: Min: 110, Avg: 211.3, Max: 294, Diff: 184, Sum: 845]
      [Scan RS (ms): Min: 0.1, Avg: 0.2, Max: 0.2, Diff: 0.0, Sum: 0.6]
      [Object Copy (ms): Min: 264.2, Avg: 267.2, Max: 276.3, Diff: 12.2, Sum: 1068.9]
      [Termination (ms): Min: 0.0, Avg: 9.4, Max: 13.1, Diff: 13.1, Sum: 37.7]
      [GC Worker Other (ms): Min: 0.0, Avg: 0.0, Max: 0.1, Diff: 0.1, Sum: 0.1]
      [GC Worker Total (ms): Min: 293.7, Avg: 294.0, Max: 294.8, Diff: 1.1, Sum: 1176.1]
      [GC Worker End (ms): Min: 42503.8, Avg: 42504.2, Max: 42504.9, Diff: 1.1]
   [Code Root Fixup: 0.0 ms]
   [Clear CT: 0.3 ms]
   [Other: 2.6 ms]
      [Choose CSet: 0.0 ms]
      [Ref Proc: 0.3 ms]
      [Ref Enq: 0.0 ms]
      [Free CSet: 0.3 ms]
   [Eden: 476.0M(476.0M)->0.0B(187.0M) Survivors: 5120.0K->61.0M Heap: 1156.0M(2048.0M)->989.0M(2048.0M)]
 [Times: user=1.09 sys=0.00, real=0.30 secs] 
42.788: [GC pause (young) (initial-mark), 0.2109726 secs]
   [Parallel Time: 207.3 ms, GC Workers: 4]
      [GC Worker Start (ms): Min: 42788.5, Avg: 42788.5, Max: 42788.5, Diff: 0.0]
      [Ext Root Scanning (ms): Min: 0.9, Avg: 0.9, Max: 0.9, Diff: 0.0, Sum: 3.5]
      [Update RS (ms): Min: 18.9, Avg: 18.9, Max: 19.0, Diff: 0.1, Sum: 75.7]
         [Processed Buffers: Min: 157, Avg: 247.8, Max: 332, Diff: 175, Sum: 991]
      [Scan RS (ms): Min: 36.8, Avg: 36.9, Max: 36.9, Diff: 0.0, Sum: 147.4]
      [Object Copy (ms): Min: 150.4, Avg: 150.4, Max: 150.5, Diff: 0.1, Sum: 601.7]
      [Termination (ms): Min: 0.0, Avg: 0.1, Max: 0.2, Diff: 0.2, Sum: 0.4]
      [GC Worker Other (ms): Min: 0.0, Avg: 0.0, Max: 0.0, Diff: 0.0, Sum: 0.0]
      [GC Worker Total (ms): Min: 207.1, Avg: 207.2, Max: 207.2, Diff: 0.1, Sum: 828.7]
      [GC Worker End (ms): Min: 42995.7, Avg: 42995.7, Max: 42995.8, Diff: 0.1]
   [Code Root Fixup: 0.0 ms]
   [Clear CT: 0.2 ms]
   [Other: 3.5 ms]
      [Choose CSet: 0.0 ms]
      [Ref Proc: 0.7 ms]
      [Ref Enq: 0.0 ms]
      [Free CSet: 0.3 ms]
   [Eden: 187.0M(187.0M)->0.0B(71.0M) Survivors: 61.0M->31.0M Heap: 1176.0M(2048.0M)->1086.5M(2048.0M)]
 [Times: user=0.67 sys=0.00, real=0.21 secs] 
42.999: [GC concurrent-root-region-scan-start]
43.032: [GC concurrent-root-region-scan-end, 0.0329267 secs]
43.032: [GC concurrent-mark-start]
43.065: [GC pause (young), 0.1058477 secs]
   [Parallel Time: 104.8 ms, GC Workers: 4]
      [GC Worker Start (ms): Min: 43065.3, Avg: 43065.5, Max: 43065.7, Diff: 0.4]
      [Ext Root Scanning (ms): Min: 0.8, Avg: 0.9, Max: 1.1, Diff: 0.4, Sum: 3.7]
      [SATB Filtering (ms): Min: 0.0, Avg: 0.0, Max: 0.0, Diff: 0.0, Sum: 0.0]
      [Update RS (ms): Min: 76.8, Avg: 76.9, Max: 76.9, Diff: 0.1, Sum: 307.4]
         [Processed Buffers: Min: 404, Avg: 428.8, Max: 441, Diff: 37, Sum: 1715]
      [Scan RS (ms): Min: 0.1, Avg: 0.1, Max: 0.2, Diff: 0.1, Sum: 0.5]
      [Object Copy (ms): Min: 26.3, Avg: 26.3, Max: 26.4, Diff: 0.1, Sum: 105.3]
      [Termination (ms): Min: 0.0, Avg: 0.0, Max: 0.0, Diff: 0.0, Sum: 0.0]
      [GC Worker Other (ms): Min: 0.0, Avg: 0.0, Max: 0.0, Diff: 0.0, Sum: 0.1]
      [GC Worker Total (ms): Min: 104.1, Avg: 104.2, Max: 104.5, Diff: 0.4, Sum: 417.0]
      [GC Worker End (ms): Min: 43169.8, Avg: 43169.8, Max: 43169.8, Diff: 0.0]
   [Code Root Fixup: 0.0 ms]
   [Clear CT: 0.1 ms]
   [Other: 1.0 ms]
      [Choose CSet: 0.0 ms]
      [Ref Proc: 0.3 ms]
      [Ref Enq: 0.0 ms]
      [Free CSet: 0.1 ms]
   [Eden: 71.0M(71.0M)->0.0B(136.0M) Survivors: 31.0M->2048.0K Heap: 1157.5M(2048.0M)->1089.0M(2048.0M)]
 [Times: user=0.37 sys=0.00, real=0.11 secs] 
43.287: [GC pause (young), 0.0486897 secs]
   [Parallel Time: 46.6 ms, GC Workers: 4]
      [GC Worker Start (ms): Min: 43287.1, Avg: 43287.1, Max: 43287.1, Diff: 0.0]
      [Ext Root Scanning (ms): Min: 0.9, Avg: 0.9, Max: 0.9, Diff: 0.0, Sum: 3.5]
      [SATB Filtering (ms): Min: 0.0, Avg: 0.4, Max: 1.6, Diff: 1.6, Sum: 1.6]
      [Update RS (ms): Min: 16.2, Avg: 17.4, Max: 17.8, Diff: 1.6, Sum: 69.4]
         [Processed Buffers: Min: 233, Avg: 234.5, Max: 238, Diff: 5, Sum: 938]
      [Scan RS (ms): Min: 0.0, Avg: 0.0, Max: 0.0, Diff: 0.0, Sum: 0.1]
      [Object Copy (ms): Min: 27.9, Avg: 27.9, Max: 27.9, Diff: 0.0, Sum: 111.7]
      [Termination (ms): Min: 0.0, Avg: 0.0, Max: 0.0, Diff: 0.0, Sum: 0.0]
      [GC Worker Other (ms): Min: 0.0, Avg: 0.0, Max: 0.0, Diff: 0.0, Sum: 0.0]
      [GC Worker Total (ms): Min: 46.6, Avg: 46.6, Max: 46.6, Diff: 0.0, Sum: 186.4]
      [GC Worker End (ms): Min: 43333.7, Avg: 43333.7, Max: 43333.7, Diff: 0.0]
   [Code Root Fixup: 0.0 ms]
   [Clear CT: 0.8 ms]
   [Other: 1.2 ms]
      [Choose CSet: 0.0 ms]
      [Ref Proc: 0.4 ms]
      [Ref Enq: 0.0 ms]
      [Free CSet: 0.2 ms]
   [Eden: 136.0M(136.0M)->0.0B(191.0M) Survivors: 2048.0K->18.0M Heap: 1225.0M(2048.0M)->1123.0M(2048.0M)]
 [Times: user=0.19 sys=0.00, real=0.05 secs] 
43.506: [GC pause (young), 0.1277734 secs]
   [Parallel Time: 126.5 ms, GC Workers: 4]
      [GC Worker Start (ms): Min: 43506.7, Avg: 43506.7, Max: 43506.7, Diff: 0.0]
      [Ext Root Scanning (ms): Min: 0.9, Avg: 0.9, Max: 1.0, Diff: 0.0, Sum: 3.8]
      [SATB Filtering (ms): Min: 0.0, Avg: 0.7, Max: 2.6, Diff: 2.6, Sum: 2.6]
      [Update RS (ms): Min: 4.6, Avg: 6.5, Max: 7.2, Diff: 2.6, Sum: 26.2]
         [Processed Buffers: Min: 26, Avg: 35.5, Max: 39, Diff: 13, Sum: 142]
      [Scan RS (ms): Min: 0.0, Avg: 0.1, Max: 0.1, Diff: 0.0, Sum: 0.2]
      [Object Copy (ms): Min: 118.2, Avg: 118.3, Max: 118.3, Diff: 0.0, Sum: 473.0]
      [Termination (ms): Min: 0.0, Avg: 0.0, Max: 0.0, Diff: 0.0, Sum: 0.0]
      [GC Worker Other (ms): Min: 0.0, Avg: 0.0, Max: 0.0, Diff: 0.0, Sum: 0.1]
      [GC Worker Total (ms): Min: 126.5, Avg: 126.5, Max: 126.5, Diff: 0.0, Sum: 505.9]
      [GC Worker End (ms): Min: 43633.2, Avg: 43633.2, Max: 43633.2, Diff: 0.0]
   [Code Root Fixup: 0.0 ms]
   [Clear CT: 0.1 ms]
   [Other: 1.2 ms]
      [Choose CSet: 0.0 ms]
      [Ref Proc: 0.0 ms]
      [Ref Enq: 0.0 ms]
      [Free CSet: 0.2 ms]
   [Eden: 191.0M(191.0M)->0.0B(189.0M) Survivors: 18.0M->27.0M Heap: 1314.0M(2048.0M)->1244.5M(2048.0M)]
 [Times: user=0.41 sys=0.00, real=0.13 secs] 
43.785: [GC concurrent-mark-end, 0.7529538 secs]
43.785: [GC remark 43.786: [GC ref-proc, 0.0011918 secs], 0.0024574 secs]
 [Times: user=0.00 sys=0.00, real=0.00 secs] 
43.788: [GC cleanup 1401M->598M(2048M), 0.0011960 secs]
 [Times: user=0.00 sys=0.00, real=0.00 secs] 
43.789: [GC concurrent-cleanup-start]
43.790: [GC concurrent-cleanup-end, 0.0009307 secs]
43.819: [GC pause (young), 0.0852476 secs]
   [Parallel Time: 84.1 ms, GC Workers: 4]
      [GC Worker Start (ms): Min: 43819.5, Avg: 43819.5, Max: 43819.5, Diff: 0.0]
      [Ext Root Scanning (ms): Min: 0.9, Avg: 0.9, Max: 0.9, Diff: 0.0, Sum: 3.5]
      [Update RS (ms): Min: 21.6, Avg: 21.6, Max: 21.6, Diff: 0.0, Sum: 86.4]
         [Processed Buffers: Min: 160, Avg: 201.8, Max: 233, Diff: 73, Sum: 807]
      [Scan RS (ms): Min: 2.7, Avg: 2.7, Max: 2.7, Diff: 0.1, Sum: 10.8]
      [Object Copy (ms): Min: 58.8, Avg: 58.8, Max: 58.9, Diff: 0.1, Sum: 235.4]
      [Termination (ms): Min: 0.0, Avg: 0.0, Max: 0.0, Diff: 0.0, Sum: 0.0]
      [GC Worker Other (ms): Min: 0.0, Avg: 0.0, Max: 0.0, Diff: 0.0, Sum: 0.1]
      [GC Worker Total (ms): Min: 84.0, Avg: 84.0, Max: 84.0, Diff: 0.0, Sum: 336.1]
      [GC Worker End (ms): Min: 43903.5, Avg: 43903.5, Max: 43903.5, Diff: 0.0]
   [Code Root Fixup: 0.0 ms]
   [Clear CT: 0.1 ms]
   [Other: 1.1 ms]
      [Choose CSet: 0.0 ms]
      [Ref Proc: 0.0 ms]
      [Ref Enq: 0.0 ms]
      [Free CSet: 0.2 ms]
   [Eden: 189.0M(189.0M)->0.0B(259.0M) Survivors: 27.0M->27.0M Heap: 630.5M(2048.0M)->485.0M(2048.0M)]
 [Times: user=0.28 sys=0.00, real=0.09 secs] 
44.153: [GC pause (young), 0.2023696 secs]
   [Parallel Time: 198.8 ms, GC Workers: 4]
      [GC Worker Start (ms): Min: 44153.5, Avg: 44153.5, Max: 44153.5, Diff: 0.0]
      [Ext Root Scanning (ms): Min: 0.8, Avg: 0.9, Max: 0.9, Diff: 0.0, Sum: 3.5]
      [Update RS (ms): Min: 17.5, Avg: 17.5, Max: 17.6, Diff: 0.0, Sum: 70.2]
         [Processed Buffers: Min: 104, Avg: 108.0, Max: 111, Diff: 7, Sum: 432]
      [Scan RS (ms): Min: 0.1, Avg: 0.1, Max: 0.2, Diff: 0.0, Sum: 0.6]
      [Object Copy (ms): Min: 180.2, Avg: 180.2, Max: 180.2, Diff: 0.0, Sum: 720.9]
      [Termination (ms): Min: 0.0, Avg: 0.0, Max: 0.0, Diff: 0.0, Sum: 0.0]
      [GC Worker Other (ms): Min: 0.0, Avg: 0.0, Max: 0.0, Diff: 0.0, Sum: 0.1]
      [GC Worker Total (ms): Min: 198.8, Avg: 198.8, Max: 198.8, Diff: 0.0, Sum: 795.2]
      [GC Worker End (ms): Min: 44352.3, Avg: 44352.3, Max: 44352.3, Diff: 0.0]
   [Code Root Fixup: 0.0 ms]
   [Clear CT: 0.2 ms]
   [Other: 3.4 ms]
      [Choose CSet: 0.0 ms]
      [Ref Proc: 1.7 ms]
      [Ref Enq: 0.0 ms]
      [Free CSet: 0.2 ms]
   [Eden: 259.0M(259.0M)->0.0B(190.0M) Survivors: 27.0M->36.0M Heap: 744.0M(2048.0M)->677.0M(2048.0M)]
 [Times: user=0.78 sys=0.00, real=0.20 secs] 
44.602: [GC pause (young), 0.1456478 secs]
   [Parallel Time: 143.8 ms, GC Workers: 4]
      [GC Worker Start (ms): Min: 44602.7, Avg: 44602.7, Max: 44602.7, Diff: 0.0]
      [Ext Root Scanning (ms): Min: 1.1, Avg: 1.2, Max: 1.2, Diff: 0.1, Sum: 4.6]
      [Update RS (ms): Min: 20.3, Avg: 20.3, Max: 20.3, Diff: 0.0, Sum: 81.3]
         [Processed Buffers: Min: 174, Avg: 187.0, Max: 198, Diff: 24, Sum: 748]
      [Scan RS (ms): Min: 3.1, Avg: 3.2, Max: 3.2, Diff: 0.1, Sum: 12.6]
      [Object Copy (ms): Min: 108.8, Avg: 111.4, Max: 119.2, Diff: 10.4, Sum: 445.8]
      [Termination (ms): Min: 0.0, Avg: 7.7, Max: 10.3, Diff: 10.3, Sum: 30.7]
      [GC Worker Other (ms): Min: 0.0, Avg: 0.0, Max: 0.0, Diff: 0.0, Sum: 0.1]
      [GC Worker Total (ms): Min: 143.8, Avg: 143.8, Max: 143.8, Diff: 0.0, Sum: 575.2]
      [GC Worker End (ms): Min: 44746.5, Avg: 44746.5, Max: 44746.5, Diff: 0.0]
   [Code Root Fixup: 0.0 ms]
   [Clear CT: 0.1 ms]
   [Other: 1.7 ms]
      [Choose CSet: 0.0 ms]
      [Ref Proc: 0.1 ms]
      [Ref Enq: 0.0 ms]
      [Free CSet: 0.2 ms]
   [Eden: 190.0M(190.0M)->0.0B(222.0M) Survivors: 36.0M->29.0M Heap: 867.0M(2048.0M)->771.5M(2048.0M)]
 [Times: user=0.55 sys=0.00, real=0.15 secs] 
45.011: [GC pause (young), 0.1644301 secs]
   [Parallel Time: 161.1 ms, GC Workers: 4]
      [GC Worker Start (ms): Min: 45011.5, Avg: 45011.5, Max: 45011.5, Diff: 0.0]
      [Ext Root Scanning (ms): Min: 0.9, Avg: 0.9, Max: 0.9, Diff: 0.0, Sum: 3.7]
      [Update RS (ms): Min: 17.6, Avg: 17.6, Max: 17.6, Diff: 0.0, Sum: 70.4]
         [Processed Buffers: Min: 154, Avg: 173.0, Max: 202, Diff: 48, Sum: 692]
      [Scan RS (ms): Min: 0.2, Avg: 0.3, Max: 0.3, Diff: 0.0, Sum: 1.0]
      [Object Copy (ms): Min: 142.3, Avg: 142.3, Max: 142.3, Diff: 0.0, Sum: 569.1]
      [Termination (ms): Min: 0.0, Avg: 0.0, Max: 0.0, Diff: 0.0, Sum: 0.0]
      [GC Worker Other (ms): Min: 0.0, Avg: 0.0, Max: 0.0, Diff: 0.0, Sum: 0.1]
      [GC Worker Total (ms): Min: 161.1, Avg: 161.1, Max: 161.1, Diff: 0.0, Sum: 644.3]
      [GC Worker End (ms): Min: 45172.6, Avg: 45172.6, Max: 45172.6, Diff: 0.0]
   [Code Root Fixup: 0.0 ms]
   [Clear CT: 1.4 ms]
   [Other: 2.0 ms]
      [Choose CSet: 0.0 ms]
      [Ref Proc: 0.1 ms]
      [Ref Enq: 0.0 ms]
      [Free CSet: 0.3 ms]
   [Eden: 222.0M(222.0M)->0.0B(211.0M) Survivors: 29.0M->32.0M Heap: 993.5M(2048.0M)->907.5M(2048.0M)]
 [Times: user=0.66 sys=0.00, real=0.16 secs] 
45.394: [GC pause (young), 0.1297503 secs]
   [Parallel Time: 128.1 ms, GC Workers: 4]
      [GC Worker Start (ms): Min: 45394.6, Avg: 45395.0, Max: 45396.2, Diff: 1.6]
      [Ext Root Scanning (ms): Min: 0.0, Avg: 0.9, Max: 1.5, Diff: 1.5, Sum: 3.7]
      [Update RS (ms): Min: 20.1, Avg: 20.9, Max: 22.1, Diff: 1.9, Sum: 83.5]
         [Processed Buffers: Min: 143, Avg: 192.3, Max: 316, Diff: 173, Sum: 769]
      [Scan RS (ms): Min: 0.0, Avg: 0.2, Max: 0.4, Diff: 0.4, Sum: 0.8]
      [Object Copy (ms): Min: 104.5, Avg: 105.6, Max: 106.1, Diff: 1.7, Sum: 422.4]
      [Termination (ms): Min: 0.0, Avg: 0.0, Max: 0.0, Diff: 0.0, Sum: 0.0]
      [GC Worker Other (ms): Min: 0.0, Avg: 0.0, Max: 0.0, Diff: 0.0, Sum: 0.1]
      [GC Worker Total (ms): Min: 126.4, Avg: 127.6, Max: 128.1, Diff: 1.6, Sum: 510.5]
      [GC Worker End (ms): Min: 45522.6, Avg: 45522.6, Max: 45522.7, Diff: 0.0]
   [Code Root Fixup: 0.0 ms]
   [Clear CT: 0.1 ms]
   [Other: 1.6 ms]
      [Choose CSet: 0.0 ms]
      [Ref Proc: 0.0 ms]
      [Ref Enq: 0.0 ms]
      [Free CSet: 0.2 ms]
   [Eden: 211.0M(211.0M)->0.0B(251.0M) Survivors: 32.0M->31.0M Heap: 1118.5M(2048.0M)->1006.0M(2048.0M)]
 [Times: user=0.48 sys=0.00, real=0.13 secs] 
45.804: [GC pause (young) (initial-mark), 0.2006993 secs]
   [Parallel Time: 196.9 ms, GC Workers: 4]
      [GC Worker Start (ms): Min: 45804.2, Avg: 45804.2, Max: 45804.2, Diff: 0.0]
      [Ext Root Scanning (ms): Min: 0.9, Avg: 0.9, Max: 1.0, Diff: 0.0, Sum: 3.7]
      [Update RS (ms): Min: 17.6, Avg: 17.7, Max: 17.9, Diff: 0.3, Sum: 70.8]
         [Processed Buffers: Min: 110, Avg: 160.5, Max: 186, Diff: 76, Sum: 642]
      [Scan RS (ms): Min: 2.6, Avg: 2.8, Max: 2.8, Diff: 0.2, Sum: 11.0]
      [Object Copy (ms): Min: 175.4, Avg: 175.4, Max: 175.5, Diff: 0.0, Sum: 701.8]
      [Termination (ms): Min: 0.0, Avg: 0.0, Max: 0.0, Diff: 0.0, Sum: 0.0]
      [GC Worker Other (ms): Min: 0.0, Avg: 0.0, Max: 0.0, Diff: 0.0, Sum: 0.1]
      [GC Worker Total (ms): Min: 196.9, Avg: 196.9, Max: 196.9, Diff: 0.0, Sum: 787.4]
      [GC Worker End (ms): Min: 46001.0, Avg: 46001.0, Max: 46001.0, Diff: 0.0]
   [Code Root Fixup: 0.0 ms]
   [Clear CT: 0.6 ms]
   [Other: 3.2 ms]
      [Choose CSet: 0.0 ms]
      [Ref Proc: 1.2 ms]
      [Ref Enq: 0.0 ms]
      [Free CSet: 0.3 ms]
   [Eden: 251.0M(251.0M)->0.0B(194.0M) Survivors: 31.0M->36.0M Heap: 1257.0M(2048.0M)->1169.0M(2048.0M)]
 [Times: user=0.58 sys=0.00, real=0.20 secs] 
46.005: [GC concurrent-root-region-scan-start]
46.065: [GC concurrent-root-region-scan-end, 0.0601943 secs]
46.065: [GC concurrent-mark-start]
46.246: [GC pause (young), 0.0955389 secs]
   [Parallel Time: 94.1 ms, GC Workers: 4]
      [GC Worker Start (ms): Min: 46246.4, Avg: 46246.4, Max: 46246.4, Diff: 0.0]
      [Ext Root Scanning (ms): Min: 0.9, Avg: 0.9, Max: 1.0, Diff: 0.0, Sum: 3.8]
      [SATB Filtering (ms): Min: 0.0, Avg: 0.6, Max: 2.3, Diff: 2.3, Sum: 2.3]
      [Update RS (ms): Min: 17.9, Avg: 19.8, Max: 20.5, Diff: 2.6, Sum: 79.1]
         [Processed Buffers: Min: 174, Avg: 202.8, Max: 224, Diff: 50, Sum: 811]
      [Scan RS (ms): Min: 0.6, Avg: 0.8, Max: 0.9, Diff: 0.3, Sum: 3.1]
      [Object Copy (ms): Min: 71.9, Avg: 71.9, Max: 72.0, Diff: 0.0, Sum: 287.8]
      [Termination (ms): Min: 0.0, Avg: 0.0, Max: 0.0, Diff: 0.0, Sum: 0.0]
      [GC Worker Other (ms): Min: 0.0, Avg: 0.0, Max: 0.0, Diff: 0.0, Sum: 0.1]
      [GC Worker Total (ms): Min: 94.0, Avg: 94.0, Max: 94.1, Diff: 0.0, Sum: 376.2]
      [GC Worker End (ms): Min: 46340.4, Avg: 46340.4, Max: 46340.4, Diff: 0.0]
   [Code Root Fixup: 0.0 ms]
   [Clear CT: 0.1 ms]
   [Other: 1.4 ms]
      [Choose CSet: 0.0 ms]
      [Ref Proc: 0.0 ms]
      [Ref Enq: 0.0 ms]
      [Free CSet: 0.2 ms]
   [Eden: 194.0M(194.0M)->0.0B(296.0M) Survivors: 36.0M->29.0M Heap: 1363.0M(2048.0M)->1219.0M(2048.0M)]
 [Times: user=0.31 sys=0.00, real=0.09 secs] 
46.595: [GC pause (young), 0.1187974 secs]
   [Parallel Time: 115.5 ms, GC Workers: 4]
      [GC Worker Start (ms): Min: 46595.3, Avg: 46595.4, Max: 46595.5, Diff: 0.2]
      [Ext Root Scanning (ms): Min: 0.3, Avg: 0.9, Max: 1.1, Diff: 0.8, Sum: 3.5]
      [SATB Filtering (ms): Min: 0.0, Avg: 0.8, Max: 3.1, Diff: 3.1, Sum: 3.1]
      [Update RS (ms): Min: 17.0, Avg: 19.3, Max: 20.0, Diff: 3.1, Sum: 77.0]
         [Processed Buffers: Min: 104, Avg: 134.3, Max: 147, Diff: 43, Sum: 537]
      [Scan RS (ms): Min: 0.2, Avg: 0.2, Max: 0.2, Diff: 0.0, Sum: 0.9]
      [Object Copy (ms): Min: 94.1, Avg: 94.3, Max: 94.9, Diff: 0.8, Sum: 377.3]
      [Termination (ms): Min: 0.0, Avg: 0.0, Max: 0.0, Diff: 0.0, Sum: 0.0]
      [GC Worker Other (ms): Min: 0.0, Avg: 0.0, Max: 0.0, Diff: 0.0, Sum: 0.1]
      [GC Worker Total (ms): Min: 115.3, Avg: 115.5, Max: 115.5, Diff: 0.1, Sum: 461.8]
      [GC Worker End (ms): Min: 46710.8, Avg: 46710.8, Max: 46710.8, Diff: 0.0]
   [Code Root Fixup: 0.0 ms]
   [Clear CT: 0.2 ms]
   [Other: 3.1 ms]
      [Choose CSet: 0.0 ms]
      [Ref Proc: 2.1 ms]
      [Ref Enq: 0.0 ms]
      [Free CSet: 0.2 ms]
   [Eden: 296.0M(296.0M)->0.0B(311.0M) Survivors: 29.0M->41.0M Heap: 1515.0M(2048.0M)->1303.0M(2048.0M)]
 [Times: user=0.41 sys=0.00, real=0.12 secs] 
46.777: [GC concurrent-mark-end, 0.7117436 secs]
46.778: [GC remark 46.779: [GC ref-proc, 0.0012229 secs], 0.0032332 secs]
 [Times: user=0.00 sys=0.00, real=0.00 secs] 
46.782: [GC cleanup 1384M->718M(2048M), 0.0014683 secs]
 [Times: user=0.00 sys=0.00, real=0.00 secs] 
46.783: [GC concurrent-cleanup-start]
46.784: [GC concurrent-cleanup-end, 0.0008473 secs]
47.021: [GC pause (young), 0.2571511 secs]
   [Parallel Time: 254.9 ms, GC Workers: 4]
      [GC Worker Start (ms): Min: 47021.6, Avg: 47021.6, Max: 47021.6, Diff: 0.0]
      [Ext Root Scanning (ms): Min: 0.8, Avg: 0.9, Max: 0.9, Diff: 0.0, Sum: 3.4]
      [Update RS (ms): Min: 30.8, Avg: 30.8, Max: 30.9, Diff: 0.0, Sum: 123.4]
         [Processed Buffers: Min: 160, Avg: 163.8, Max: 167, Diff: 7, Sum: 655]
      [Scan RS (ms): Min: 0.1, Avg: 0.1, Max: 0.1, Diff: 0.0, Sum: 0.3]
      [Object Copy (ms): Min: 223.1, Avg: 223.1, Max: 223.1, Diff: 0.0, Sum: 892.4]
      [Termination (ms): Min: 0.0, Avg: 0.0, Max: 0.0, Diff: 0.0, Sum: 0.0]
      [GC Worker Other (ms): Min: 0.0, Avg: 0.0, Max: 0.0, Diff: 0.0, Sum: 0.1]
      [GC Worker Total (ms): Min: 254.9, Avg: 254.9, Max: 254.9, Diff: 0.0, Sum: 1019.6]
      [GC Worker End (ms): Min: 47276.5, Avg: 47276.5, Max: 47276.5, Diff: 0.0]
   [Code Root Fixup: 0.0 ms]
   [Clear CT: 0.1 ms]
   [Other: 2.1 ms]
      [Choose CSet: 0.0 ms]
      [Ref Proc: 0.0 ms]
      [Ref Enq: 0.0 ms]
      [Free CSet: 0.3 ms]
   [Eden: 311.0M(311.0M)->0.0B(58.0M) Survivors: 41.0M->44.0M Heap: 948.0M(2048.0M)->863.5M(2048.0M)]
 [Times: user=1.00 sys=0.00, real=0.26 secs] 
47.418: [GC pause (mixed), 0.0988609 secs]
   [Parallel Time: 95.1 ms, GC Workers: 4]
      [GC Worker Start (ms): Min: 47418.3, Avg: 47421.8, Max: 47429.3, Diff: 11.0]
      [Ext Root Scanning (ms): Min: 0.1, Avg: 0.9, Max: 1.8, Diff: 1.7, Sum: 3.6]
      [Update RS (ms): Min: 32.6, Avg: 39.3, Max: 41.7, Diff: 9.1, Sum: 157.2]
         [Processed Buffers: Min: 165, Avg: 196.0, Max: 216, Diff: 51, Sum: 784]
      [Scan RS (ms): Min: 1.5, Avg: 1.5, Max: 1.5, Diff: 0.0, Sum: 6.1]
      [Object Copy (ms): Min: 49.6, Avg: 49.8, Max: 49.9, Diff: 0.2, Sum: 199.1]
      [Termination (ms): Min: 0.0, Avg: 0.0, Max: 0.0, Diff: 0.0, Sum: 0.0]
      [GC Worker Other (ms): Min: 0.0, Avg: 0.0, Max: 0.0, Diff: 0.0, Sum: 0.1]
      [GC Worker Total (ms): Min: 84.0, Avg: 91.5, Max: 94.9, Diff: 10.9, Sum: 366.0]
      [GC Worker End (ms): Min: 47513.3, Avg: 47513.3, Max: 47513.3, Diff: 0.0]
   [Code Root Fixup: 0.0 ms]
   [Clear CT: 2.0 ms]
   [Other: 1.8 ms]
      [Choose CSet: 0.0 ms]
      [Ref Proc: 0.3 ms]
      [Ref Enq: 0.0 ms]
      [Free CSet: 0.3 ms]
   [Eden: 58.0M(58.0M)->0.0B(266.0M) Survivors: 44.0M->2048.0K Heap: 921.5M(2048.0M)->817.0M(2048.0M)]
 [Times: user=0.36 sys=0.00, real=0.10 secs] 
47.743: [GC pause (young), 0.1257090 secs]
   [Parallel Time: 124.4 ms, GC Workers: 4]
      [GC Worker Start (ms): Min: 47743.3, Avg: 47743.3, Max: 47743.3, Diff: 0.0]
      [Ext Root Scanning (ms): Min: 1.0, Avg: 1.0, Max: 1.1, Diff: 0.1, Sum: 4.1]
      [Update RS (ms): Min: 19.0, Avg: 19.0, Max: 19.0, Diff: 0.0, Sum: 76.2]
         [Processed Buffers: Min: 238, Avg: 299.0, Max: 367, Diff: 129, Sum: 1196]
      [Scan RS (ms): Min: 0.1, Avg: 0.1, Max: 0.1, Diff: 0.0, Sum: 0.3]
      [Object Copy (ms): Min: 93.4, Avg: 96.3, Max: 104.2, Diff: 10.8, Sum: 385.4]
      [Termination (ms): Min: 0.0, Avg: 7.9, Max: 10.8, Diff: 10.8, Sum: 31.5]
      [GC Worker Other (ms): Min: 0.0, Avg: 0.0, Max: 0.0, Diff: 0.0, Sum: 0.1]
      [GC Worker Total (ms): Min: 124.4, Avg: 124.4, Max: 124.4, Diff: 0.0, Sum: 497.5]
      [GC Worker End (ms): Min: 47867.7, Avg: 47867.7, Max: 47867.7, Diff: 0.0]
   [Code Root Fixup: 0.0 ms]
   [Clear CT: 0.1 ms]
   [Other: 1.2 ms]
      [Choose CSet: 0.0 ms]
      [Ref Proc: 0.1 ms]
      [Ref Enq: 0.0 ms]
      [Free CSet: 0.2 ms]
   [Eden: 266.0M(266.0M)->0.0B(194.0M) Survivors: 2048.0K->34.0M Heap: 1083.0M(2048.0M)->927.0M(2048.0M)]
 [Times: user=0.44 sys=0.00, real=0.13 secs] 
48.049: [GC pause (young), 0.1707614 secs]
   [Parallel Time: 169.0 ms, GC Workers: 4]
      [GC Worker Start (ms): Min: 48049.1, Avg: 48049.2, Max: 48049.7, Diff: 0.6]
      [Ext Root Scanning (ms): Min: 0.5, Avg: 0.9, Max: 1.1, Diff: 0.6, Sum: 3.8]
      [Update RS (ms): Min: 21.5, Avg: 21.6, Max: 21.6, Diff: 0.1, Sum: 86.4]
         [Processed Buffers: Min: 117, Avg: 130.0, Max: 137, Diff: 20, Sum: 520]
      [Scan RS (ms): Min: 0.2, Avg: 0.2, Max: 0.3, Diff: 0.1, Sum: 1.0]
      [Object Copy (ms): Min: 146.0, Avg: 146.0, Max: 146.1, Diff: 0.1, Sum: 584.1]
      [Termination (ms): Min: 0.0, Avg: 0.0, Max: 0.0, Diff: 0.0, Sum: 0.0]
      [GC Worker Other (ms): Min: 0.0, Avg: 0.0, Max: 0.0, Diff: 0.0, Sum: 0.1]
      [GC Worker Total (ms): Min: 168.4, Avg: 168.8, Max: 169.0, Diff: 0.6, Sum: 675.3]
      [GC Worker End (ms): Min: 48218.0, Avg: 48218.0, Max: 48218.0, Diff: 0.0]
   [Code Root Fixup: 0.0 ms]
   [Clear CT: 0.1 ms]
   [Other: 1.7 ms]
      [Choose CSet: 0.0 ms]
      [Ref Proc: 0.0 ms]
      [Ref Enq: 0.0 ms]
      [Free CSet: 0.2 ms]
   [Eden: 194.0M(194.0M)->0.0B(200.0M) Survivors: 34.0M->29.0M Heap: 1121.0M(2048.0M)->1077.5M(2048.0M)]
 [Times: user=0.64 sys=0.00, real=0.17 secs] 
48.379: [GC pause (young) (initial-mark), 0.0636417 secs]
   [Parallel Time: 60.5 ms, GC Workers: 4]
      [GC Worker Start (ms): Min: 48379.7, Avg: 48379.8, Max: 48379.9, Diff: 0.1]
      [Ext Root Scanning (ms): Min: 0.9, Avg: 1.0, Max: 1.1, Diff: 0.2, Sum: 3.8]
      [Update RS (ms): Min: 24.0, Avg: 24.2, Max: 24.3, Diff: 0.2, Sum: 96.8]
         [Processed Buffers: Min: 107, Avg: 127.0, Max: 138, Diff: 31, Sum: 508]
      [Scan RS (ms): Min: 0.9, Avg: 1.0, Max: 1.0, Diff: 0.1, Sum: 3.9]
      [Object Copy (ms): Min: 34.0, Avg: 34.1, Max: 34.2, Diff: 0.1, Sum: 136.4]
      [Termination (ms): Min: 0.0, Avg: 0.0, Max: 0.0, Diff: 0.0, Sum: 0.0]
      [GC Worker Other (ms): Min: 0.0, Avg: 0.0, Max: 0.0, Diff: 0.0, Sum: 0.0]
      [GC Worker Total (ms): Min: 60.2, Avg: 60.2, Max: 60.3, Diff: 0.1, Sum: 241.0]
      [GC Worker End (ms): Min: 48440.1, Avg: 48440.1, Max: 48440.1, Diff: 0.0]
   [Code Root Fixup: 0.0 ms]
   [Clear CT: 1.9 ms]
   [Other: 1.3 ms]
      [Choose CSet: 0.0 ms]
      [Ref Proc: 0.2 ms]
      [Ref Enq: 0.0 ms]
      [Free CSet: 0.2 ms]
   [Eden: 200.0M(200.0M)->0.0B(293.0M) Survivors: 29.0M->6144.0K Heap: 1277.5M(2048.0M)->1085.0M(2048.0M)]
 [Times: user=0.23 sys=0.00, real=0.06 secs] 
48.443: [GC concurrent-root-region-scan-start]
48.449: [GC concurrent-root-region-scan-end, 0.0059968 secs]
48.449: [GC concurrent-mark-start]
48.692: [GC pause (young), 0.0952929 secs]
   [Parallel Time: 94.0 ms, GC Workers: 4]
      [GC Worker Start (ms): Min: 48692.2, Avg: 48692.2, Max: 48692.2, Diff: 0.0]
      [Ext Root Scanning (ms): Min: 0.9, Avg: 0.9, Max: 0.9, Diff: 0.0, Sum: 3.6]
      [SATB Filtering (ms): Min: 0.0, Avg: 0.8, Max: 3.1, Diff: 3.1, Sum: 3.1]
      [Update RS (ms): Min: 12.7, Avg: 15.0, Max: 15.8, Diff: 3.1, Sum: 60.1]
         [Processed Buffers: Min: 155, Avg: 239.3, Max: 321, Diff: 166, Sum: 957]
      [Scan RS (ms): Min: 0.1, Avg: 0.1, Max: 0.1, Diff: 0.0, Sum: 0.3]
      [Object Copy (ms): Min: 77.1, Avg: 77.1, Max: 77.1, Diff: 0.0, Sum: 308.6]
      [Termination (ms): Min: 0.0, Avg: 0.0, Max: 0.0, Diff: 0.0, Sum: 0.0]
      [GC Worker Other (ms): Min: 0.0, Avg: 0.0, Max: 0.0, Diff: 0.0, Sum: 0.1]
      [GC Worker Total (ms): Min: 93.9, Avg: 93.9, Max: 93.9, Diff: 0.0, Sum: 375.8]
      [GC Worker End (ms): Min: 48786.2, Avg: 48786.2, Max: 48786.2, Diff: 0.0]
   [Code Root Fixup: 0.0 ms]
   [Clear CT: 0.1 ms]
   [Other: 1.2 ms]
      [Choose CSet: 0.0 ms]
      [Ref Proc: 0.1 ms]
      [Ref Enq: 0.0 ms]
      [Free CSet: 0.2 ms]
   [Eden: 293.0M(293.0M)->0.0B(281.0M) Survivors: 6144.0K->38.0M Heap: 1378.0M(2048.0M)->1170.5M(2048.0M)]
 [Times: user=0.33 sys=0.00, real=0.10 secs] 
48.948: [GC concurrent-mark-end, 0.4984403 secs]
48.948: [GC remark 48.949: [GC ref-proc, 0.0012393 secs], 0.0034153 secs]
 [Times: user=0.00 sys=0.00, real=0.00 secs] 
48.952: [GC cleanup 1356M->634M(2048M), 0.0012309 secs]
 [Times: user=0.00 sys=0.00, real=0.00 secs] 
48.953: [GC concurrent-cleanup-start]
48.954: [GC concurrent-cleanup-end, 0.0008101 secs]
49.050: [GC pause (young), 0.2078558 secs]
   [Parallel Time: 204.1 ms, GC Workers: 4]
      [GC Worker Start (ms): Min: 49050.5, Avg: 49050.5, Max: 49050.5, Diff: 0.0]
      [Ext Root Scanning (ms): Min: 0.9, Avg: 0.9, Max: 0.9, Diff: 0.0, Sum: 3.5]
      [Update RS (ms): Min: 19.2, Avg: 21.8, Max: 29.5, Diff: 10.3, Sum: 87.3]
         [Processed Buffers: Min: 104, Avg: 114.5, Max: 123, Diff: 19, Sum: 458]
      [Scan RS (ms): Min: 0.0, Avg: 0.3, Max: 0.3, Diff: 0.3, Sum: 1.0]
      [Object Copy (ms): Min: 173.5, Avg: 181.0, Max: 183.5, Diff: 10.0, Sum: 724.1]
      [Termination (ms): Min: 0.0, Avg: 0.0, Max: 0.0, Diff: 0.0, Sum: 0.0]
      [GC Worker Other (ms): Min: 0.0, Avg: 0.0, Max: 0.0, Diff: 0.0, Sum: 0.2]
      [GC Worker Total (ms): Min: 204.0, Avg: 204.0, Max: 204.0, Diff: 0.0, Sum: 816.1]
      [GC Worker End (ms): Min: 49254.5, Avg: 49254.5, Max: 49254.5, Diff: 0.0]
   [Code Root Fixup: 0.0 ms]
   [Clear CT: 0.5 ms]
   [Other: 3.3 ms]
      [Choose CSet: 0.0 ms]
      [Ref Proc: 1.4 ms]
      [Ref Enq: 0.0 ms]
      [Free CSet: 0.3 ms]
   [Eden: 281.0M(281.0M)->0.0B(245.0M) Survivors: 38.0M->40.0M Heap: 729.5M(2048.0M)->627.5M(2048.0M)]
 [Times: user=0.65 sys=0.01, real=0.21 secs] 
49.559: [GC pause (young), 0.1672806 secs]
   [Parallel Time: 164.6 ms, GC Workers: 4]
      [GC Worker Start (ms): Min: 49559.0, Avg: 49559.0, Max: 49559.1, Diff: 0.0]
      [Ext Root Scanning (ms): Min: 0.2, Avg: 0.9, Max: 1.2, Diff: 1.0, Sum: 3.6]
      [Update RS (ms): Min: 17.0, Avg: 17.2, Max: 17.3, Diff: 0.3, Sum: 68.7]
         [Processed Buffers: Min: 130, Avg: 197.8, Max: 234, Diff: 104, Sum: 791]
      [Scan RS (ms): Min: 3.9, Avg: 4.5, Max: 4.7, Diff: 0.8, Sum: 17.9]
      [Object Copy (ms): Min: 141.5, Avg: 142.0, Max: 143.5, Diff: 2.0, Sum: 568.2]
      [Termination (ms): Min: 0.0, Avg: 0.0, Max: 0.0, Diff: 0.0, Sum: 0.0]
      [GC Worker Other (ms): Min: 0.0, Avg: 0.0, Max: 0.0, Diff: 0.0, Sum: 0.1]
      [GC Worker Total (ms): Min: 164.6, Avg: 164.6, Max: 164.6, Diff: 0.0, Sum: 658.4]
      [GC Worker End (ms): Min: 49723.6, Avg: 49723.6, Max: 49723.6, Diff: 0.0]
   [Code Root Fixup: 0.0 ms]
   [Clear CT: 0.8 ms]
   [Other: 1.9 ms]
      [Choose CSet: 0.0 ms]
      [Ref Proc: 0.0 ms]
      [Ref Enq: 0.0 ms]
      [Free CSet: 0.2 ms]
   [Eden: 243.0M(140.0M)->0.0B(261.0M) Survivors: 40.0M->23.0M Heap: 870.5M(2048.0M)->750.5M(2048.0M)]
 [Times: user=0.56 sys=0.00, real=0.17 secs] 
50.019: [GC pause (young), 0.1456125 secs]
   [Parallel Time: 143.6 ms, GC Workers: 4]
      [GC Worker Start (ms): Min: 50019.2, Avg: 50019.2, Max: 50019.3, Diff: 0.0]
      [Ext Root Scanning (ms): Min: 0.9, Avg: 0.9, Max: 0.9, Diff: 0.0, Sum: 3.7]
      [Update RS (ms): Min: 18.6, Avg: 18.7, Max: 18.8, Diff: 0.2, Sum: 74.8]
         [Processed Buffers: Min: 170, Avg: 207.8, Max: 240, Diff: 70, Sum: 831]
      [Scan RS (ms): Min: 1.2, Avg: 1.3, Max: 1.3, Diff: 0.1, Sum: 5.2]
      [Object Copy (ms): Min: 122.6, Avg: 122.6, Max: 122.7, Diff: 0.1, Sum: 490.6]
      [Termination (ms): Min: 0.0, Avg: 0.0, Max: 0.0, Diff: 0.0, Sum: 0.0]
      [GC Worker Other (ms): Min: 0.0, Avg: 0.0, Max: 0.0, Diff: 0.0, Sum: 0.1]
      [GC Worker Total (ms): Min: 143.5, Avg: 143.6, Max: 143.6, Diff: 0.0, Sum: 574.2]
      [GC Worker End (ms): Min: 50162.8, Avg: 50162.8, Max: 50162.8, Diff: 0.0]
   [Code Root Fixup: 0.0 ms]
   [Clear CT: 0.1 ms]
   [Other: 1.9 ms]
      [Choose CSet: 0.0 ms]
      [Ref Proc: 0.1 ms]
      [Ref Enq: 0.0 ms]
      [Free CSet: 0.2 ms]
   [Eden: 261.0M(261.0M)->0.0B(251.0M) Survivors: 23.0M->36.0M Heap: 1011.5M(2048.0M)->873.0M(2048.0M)]
 [Times: user=0.59 sys=0.00, real=0.15 secs] 
50.396: [GC pause (young), 0.1789859 secs]
   [Parallel Time: 177.1 ms, GC Workers: 4]
      [GC Worker Start (ms): Min: 50396.3, Avg: 50396.3, Max: 50396.4, Diff: 0.0]
      [Ext Root Scanning (ms): Min: 1.2, Avg: 1.4, Max: 1.8, Diff: 0.6, Sum: 5.5]
      [Update RS (ms): Min: 20.5, Avg: 21.3, Max: 22.3, Diff: 1.8, Sum: 85.2]
         [Processed Buffers: Min: 117, Avg: 162.8, Max: 207, Diff: 90, Sum: 651]
      [Scan RS (ms): Min: 0.0, Avg: 0.7, Max: 1.2, Diff: 1.2, Sum: 3.0]
      [Object Copy (ms): Min: 153.5, Avg: 153.6, Max: 153.7, Diff: 0.2, Sum: 614.5]
      [Termination (ms): Min: 0.0, Avg: 0.0, Max: 0.0, Diff: 0.0, Sum: 0.0]
      [GC Worker Other (ms): Min: 0.0, Avg: 0.0, Max: 0.0, Diff: 0.0, Sum: 0.1]
      [GC Worker Total (ms): Min: 177.0, Avg: 177.1, Max: 177.1, Diff: 0.0, Sum: 708.2]
      [GC Worker End (ms): Min: 50573.4, Avg: 50573.4, Max: 50573.4, Diff: 0.0]
   [Code Root Fixup: 0.0 ms]
   [Clear CT: 0.1 ms]
   [Other: 1.8 ms]
      [Choose CSet: 0.0 ms]
      [Ref Proc: 0.0 ms]
      [Ref Enq: 0.0 ms]
      [Free CSet: 0.2 ms]
   [Eden: 251.0M(251.0M)->0.0B(245.0M) Survivors: 36.0M->36.0M Heap: 1124.0M(2048.0M)->1016.5M(2048.0M)]
 [Times: user=0.61 sys=0.00, real=0.18 secs] 
50.869: [GC pause (young) (initial-mark), 0.1959475 secs]
   [Parallel Time: 193.8 ms, GC Workers: 4]
      [GC Worker Start (ms): Min: 50869.5, Avg: 50869.5, Max: 50869.5, Diff: 0.0]
      [Ext Root Scanning (ms): Min: 0.8, Avg: 0.9, Max: 0.9, Diff: 0.1, Sum: 3.5]
      [Update RS (ms): Min: 17.8, Avg: 17.9, Max: 17.9, Diff: 0.1, Sum: 71.4]
         [Processed Buffers: Min: 174, Avg: 208.5, Max: 238, Diff: 64, Sum: 834]
      [Scan RS (ms): Min: 5.5, Avg: 5.6, Max: 5.7, Diff: 0.2, Sum: 22.5]
      [Object Copy (ms): Min: 169.4, Avg: 169.4, Max: 169.4, Diff: 0.1, Sum: 677.6]
      [Termination (ms): Min: 0.0, Avg: 0.0, Max: 0.0, Diff: 0.0, Sum: 0.0]
      [GC Worker Other (ms): Min: 0.0, Avg: 0.0, Max: 0.0, Diff: 0.0, Sum: 0.1]
      [GC Worker Total (ms): Min: 193.8, Avg: 193.8, Max: 193.8, Diff: 0.0, Sum: 775.1]
      [GC Worker End (ms): Min: 51063.2, Avg: 51063.2, Max: 51063.2, Diff: 0.0]
   [Code Root Fixup: 0.0 ms]
   [Clear CT: 0.1 ms]
   [Other: 2.0 ms]
      [Choose CSet: 0.0 ms]
      [Ref Proc: 0.0 ms]
      [Ref Enq: 0.0 ms]
      [Free CSet: 0.2 ms]
   [Eden: 245.0M(245.0M)->0.0B(179.0M) Survivors: 36.0M->36.0M Heap: 1261.5M(2048.0M)->1168.5M(2048.0M)]
 [Times: user=0.67 sys=0.00, real=0.20 secs] 
51.065: [GC concurrent-root-region-scan-start]
51.147: [GC concurrent-root-region-scan-end, 0.0814105 secs]
51.147: [GC concurrent-mark-start]
51.214: [GC pause (young), 0.0647697 secs]
   [Parallel Time: 63.6 ms, GC Workers: 4]
      [GC Worker Start (ms): Min: 51214.8, Avg: 51214.8, Max: 51214.9, Diff: 0.1]
      [Ext Root Scanning (ms): Min: 0.8, Avg: 0.9, Max: 0.9, Diff: 0.1, Sum: 3.6]
      [SATB Filtering (ms): Min: 0.0, Avg: 0.0, Max: 0.0, Diff: 0.0, Sum: 0.0]
      [Update RS (ms): Min: 26.1, Avg: 26.1, Max: 26.1, Diff: 0.0, Sum: 104.4]
         [Processed Buffers: Min: 140, Avg: 144.3, Max: 147, Diff: 7, Sum: 577]
      [Scan RS (ms): Min: 0.2, Avg: 0.2, Max: 0.2, Diff: 0.0, Sum: 0.7]
      [Object Copy (ms): Min: 36.3, Avg: 36.3, Max: 36.4, Diff: 0.0, Sum: 145.4]
      [Termination (ms): Min: 0.0, Avg: 0.0, Max: 0.0, Diff: 0.0, Sum: 0.0]
      [GC Worker Other (ms): Min: 0.0, Avg: 0.0, Max: 0.0, Diff: 0.0, Sum: 0.1]
      [GC Worker Total (ms): Min: 63.5, Avg: 63.5, Max: 63.6, Diff: 0.1, Sum: 254.1]
      [GC Worker End (ms): Min: 51278.3, Avg: 51278.4, Max: 51278.4, Diff: 0.0]
   [Code Root Fixup: 0.0 ms]
   [Clear CT: 0.1 ms]
   [Other: 1.1 ms]
      [Choose CSet: 0.0 ms]
      [Ref Proc: 0.0 ms]
      [Ref Enq: 0.0 ms]
      [Free CSet: 0.2 ms]
   [Eden: 179.0M(179.0M)->0.0B(383.0M) Survivors: 36.0M->2048.0K Heap: 1347.5M(2048.0M)->1171.5M(2048.0M)]
 [Times: user=0.23 sys=0.00, real=0.07 secs] 
51.600: [GC pause (young), 0.0922566 secs]
   [Parallel Time: 89.8 ms, GC Workers: 4]
      [GC Worker Start (ms): Min: 51600.3, Avg: 51600.6, Max: 51601.7, Diff: 1.5]
      [Ext Root Scanning (ms): Min: 0.0, Avg: 0.9, Max: 1.2, Diff: 1.2, Sum: 3.7]
      [SATB Filtering (ms): Min: 0.0, Avg: 0.7, Max: 3.0, Diff: 3.0, Sum: 3.0]
      [Update RS (ms): Min: 13.1, Avg: 15.3, Max: 16.2, Diff: 3.1, Sum: 61.1]
         [Processed Buffers: Min: 170, Avg: 244.8, Max: 298, Diff: 128, Sum: 979]
      [Scan RS (ms): Min: 0.0, Avg: 0.1, Max: 0.1, Diff: 0.1, Sum: 0.3]
      [Object Copy (ms): Min: 72.3, Avg: 72.3, Max: 72.4, Diff: 0.1, Sum: 289.3]
      [Termination (ms): Min: 0.0, Avg: 0.0, Max: 0.0, Diff: 0.0, Sum: 0.0]
      [GC Worker Other (ms): Min: 0.0, Avg: 0.0, Max: 0.0, Diff: 0.0, Sum: 0.1]
      [GC Worker Total (ms): Min: 88.3, Avg: 89.4, Max: 89.7, Diff: 1.5, Sum: 357.5]
      [GC Worker End (ms): Min: 51690.0, Avg: 51690.0, Max: 51690.0, Diff: 0.0]
   [Code Root Fixup: 0.0 ms]
   [Clear CT: 0.5 ms]
   [Other: 2.0 ms]
      [Choose CSet: 0.0 ms]
      [Ref Proc: 0.9 ms]
      [Ref Enq: 0.0 ms]
      [Free CSet: 0.3 ms]
   [Eden: 383.0M(383.0M)->0.0B(300.0M) Survivors: 2048.0K->49.0M Heap: 1554.5M(2048.0M)->1261.0M(2048.0M)]
 [Times: user=0.37 sys=0.00, real=0.09 secs] 
51.795: [GC concurrent-mark-end, 0.6486571 secs]
51.796: [GC remark 51.796: [GC ref-proc, 0.0011995 secs], 0.0028983 secs]
 [Times: user=0.00 sys=0.00, real=0.00 secs] 
51.799: [GC cleanup 1392M->711M(2048M), 0.0017184 secs]
 [Times: user=0.05 sys=0.00, real=0.00 secs] 
51.801: [GC concurrent-cleanup-start]
51.802: [GC concurrent-cleanup-end, 0.0008268 secs]
51.973: [GC pause (young), 0.2099033 secs]
   [Parallel Time: 207.9 ms, GC Workers: 4]
      [GC Worker Start (ms): Min: 51972.9, Avg: 51972.9, Max: 51972.9, Diff: 0.0]
      [Ext Root Scanning (ms): Min: 0.9, Avg: 0.9, Max: 0.9, Diff: 0.0, Sum: 3.5]
      [Update RS (ms): Min: 16.2, Avg: 16.3, Max: 16.4, Diff: 0.2, Sum: 65.1]
         [Processed Buffers: Min: 84, Avg: 86.3, Max: 89, Diff: 5, Sum: 345]
      [Scan RS (ms): Min: 0.0, Avg: 0.1, Max: 0.1, Diff: 0.1, Sum: 0.3]
      [Object Copy (ms): Min: 190.6, Avg: 190.6, Max: 190.6, Diff: 0.0, Sum: 762.5]
      [Termination (ms): Min: 0.0, Avg: 0.0, Max: 0.0, Diff: 0.0, Sum: 0.0]
      [GC Worker Other (ms): Min: 0.0, Avg: 0.0, Max: 0.0, Diff: 0.0, Sum: 0.1]
      [GC Worker Total (ms): Min: 207.9, Avg: 207.9, Max: 207.9, Diff: 0.0, Sum: 831.6]
      [GC Worker End (ms): Min: 52180.8, Avg: 52180.8, Max: 52180.8, Diff: 0.0]
   [Code Root Fixup: 0.0 ms]
   [Clear CT: 0.2 ms]
   [Other: 1.8 ms]
      [Choose CSet: 0.0 ms]
      [Ref Proc: 0.0 ms]
      [Ref Enq: 0.0 ms]
      [Free CSet: 0.2 ms]
   [Eden: 300.0M(300.0M)->0.0B(58.0M) Survivors: 49.0M->44.0M Heap: 880.0M(2048.0M)->755.0M(2048.0M)]
 [Times: user=0.72 sys=0.00, real=0.21 secs] 
52.322: [GC pause (mixed), 0.0983278 secs]
   [Parallel Time: 81.9 ms, GC Workers: 4]
      [GC Worker Start (ms): Min: 52322.5, Avg: 52325.0, Max: 52332.4, Diff: 9.8]
      [Ext Root Scanning (ms): Min: 0.1, Avg: 0.9, Max: 1.2, Diff: 1.1, Sum: 3.5]
      [Update RS (ms): Min: 20.8, Avg: 27.3, Max: 29.5, Diff: 8.7, Sum: 109.2]
         [Processed Buffers: Min: 116, Avg: 146.8, Max: 160, Diff: 44, Sum: 587]
      [Scan RS (ms): Min: 3.1, Avg: 3.4, Max: 4.2, Diff: 1.0, Sum: 13.6]
      [Object Copy (ms): Min: 47.0, Avg: 47.7, Max: 48.0, Diff: 1.0, Sum: 190.8]
      [Termination (ms): Min: 0.0, Avg: 0.0, Max: 0.0, Diff: 0.0, Sum: 0.0]
      [GC Worker Other (ms): Min: 0.0, Avg: 0.0, Max: 0.0, Diff: 0.0, Sum: 0.1]
      [GC Worker Total (ms): Min: 71.9, Avg: 79.3, Max: 81.8, Diff: 9.8, Sum: 317.2]
      [GC Worker End (ms): Min: 52404.3, Avg: 52404.3, Max: 52404.3, Diff: 0.0]
   [Code Root Fixup: 0.0 ms]
   [Clear CT: 0.3 ms]
   [Other: 16.1 ms]
      [Choose CSet: 0.0 ms]
      [Ref Proc: 14.7 ms]
      [Ref Enq: 0.0 ms]
      [Free CSet: 0.3 ms]
   [Eden: 58.0M(58.0M)->0.0B(351.0M) Survivors: 44.0M->4096.0K Heap: 813.0M(2048.0M)->716.0M(2048.0M)]
 [Times: user=0.30 sys=0.00, real=0.10 secs] 
52.708: [GC pause (young), 0.0884234 secs]
   [Parallel Time: 87.0 ms, GC Workers: 4]
      [GC Worker Start (ms): Min: 52708.8, Avg: 52708.8, Max: 52708.8, Diff: 0.0]
      [Ext Root Scanning (ms): Min: 0.2, Avg: 1.0, Max: 1.3, Diff: 1.1, Sum: 3.9]
      [Update RS (ms): Min: 17.3, Avg: 17.6, Max: 18.6, Diff: 1.4, Sum: 70.5]
         [Processed Buffers: Min: 259, Avg: 275.3, Max: 289, Diff: 30, Sum: 1101]
      [Scan RS (ms): Min: 0.0, Avg: 0.1, Max: 0.1, Diff: 0.1, Sum: 0.4]
      [Object Copy (ms): Min: 68.1, Avg: 68.2, Max: 68.3, Diff: 0.2, Sum: 272.9]
      [Termination (ms): Min: 0.0, Avg: 0.0, Max: 0.0, Diff: 0.0, Sum: 0.0]
      [GC Worker Other (ms): Min: 0.0, Avg: 0.0, Max: 0.0, Diff: 0.0, Sum: 0.1]
      [GC Worker Total (ms): Min: 86.9, Avg: 86.9, Max: 87.0, Diff: 0.0, Sum: 347.8]
      [GC Worker End (ms): Min: 52795.7, Avg: 52795.7, Max: 52795.7, Diff: 0.0]
   [Code Root Fixup: 0.0 ms]
   [Clear CT: 0.1 ms]
   [Other: 1.3 ms]
      [Choose CSet: 0.0 ms]
      [Ref Proc: 0.0 ms]
      [Ref Enq: 0.0 ms]
      [Free CSet: 0.3 ms]
   [Eden: 351.0M(351.0M)->0.0B(192.0M) Survivors: 4096.0K->45.0M Heap: 1067.0M(2048.0M)->797.0M(2048.0M)]
 [Times: user=0.28 sys=0.00, real=0.09 secs] 
52.981: [GC pause (young), 0.1899969 secs]
   [Parallel Time: 188.2 ms, GC Workers: 4]
      [GC Worker Start (ms): Min: 52981.5, Avg: 52981.5, Max: 52981.5, Diff: 0.0]
      [Ext Root Scanning (ms): Min: 0.9, Avg: 0.9, Max: 0.9, Diff: 0.0, Sum: 3.6]
      [Update RS (ms): Min: 15.7, Avg: 15.8, Max: 15.8, Diff: 0.1, Sum: 63.1]
         [Processed Buffers: Min: 77, Avg: 81.0, Max: 84, Diff: 7, Sum: 324]
      [Scan RS (ms): Min: 0.0, Avg: 0.1, Max: 0.1, Diff: 0.1, Sum: 0.2]
      [Object Copy (ms): Min: 171.4, Avg: 171.4, Max: 171.4, Diff: 0.0, Sum: 685.5]
      [Termination (ms): Min: 0.0, Avg: 0.0, Max: 0.0, Diff: 0.0, Sum: 0.0]
      [GC Worker Other (ms): Min: 0.0, Avg: 0.0, Max: 0.0, Diff: 0.0, Sum: 0.0]
      [GC Worker Total (ms): Min: 188.1, Avg: 188.1, Max: 188.1, Diff: 0.0, Sum: 752.5]
      [GC Worker End (ms): Min: 53169.6, Avg: 53169.6, Max: 53169.6, Diff: 0.0]
   [Code Root Fixup: 0.0 ms]
   [Clear CT: 0.1 ms]
   [Other: 1.8 ms]
      [Choose CSet: 0.0 ms]
      [Ref Proc: 0.0 ms]
      [Ref Enq: 0.0 ms]
      [Free CSet: 0.2 ms]
   [Eden: 192.0M(192.0M)->0.0B(194.0M) Survivors: 45.0M->30.0M Heap: 989.0M(2048.0M)->959.0M(2048.0M)]
 [Times: user=0.64 sys=0.00, real=0.19 secs] 
53.433: [GC pause (young) (initial-mark), 0.1473588 secs]
   [Parallel Time: 144.7 ms, GC Workers: 4]
      [GC Worker Start (ms): Min: 53432.9, Avg: 53432.9, Max: 53433.0, Diff: 0.0]
      [Ext Root Scanning (ms): Min: 0.7, Avg: 0.9, Max: 0.9, Diff: 0.2, Sum: 3.5]
      [Update RS (ms): Min: 19.9, Avg: 20.2, Max: 21.0, Diff: 1.1, Sum: 80.6]
         [Processed Buffers: Min: 135, Avg: 181.8, Max: 229, Diff: 94, Sum: 727]
      [Scan RS (ms): Min: 0.0, Avg: 0.1, Max: 0.2, Diff: 0.2, Sum: 0.6]
      [Object Copy (ms): Min: 122.8, Avg: 123.5, Max: 123.9, Diff: 1.1, Sum: 494.0]
      [Termination (ms): Min: 0.0, Avg: 0.0, Max: 0.0, Diff: 0.0, Sum: 0.0]
      [GC Worker Other (ms): Min: 0.0, Avg: 0.0, Max: 0.0, Diff: 0.0, Sum: 0.0]
      [GC Worker Total (ms): Min: 144.7, Avg: 144.7, Max: 144.7, Diff: 0.0, Sum: 578.7]
      [GC Worker End (ms): Min: 53577.6, Avg: 53577.6, Max: 53577.6, Diff: 0.0]
   [Code Root Fixup: 0.0 ms]
   [Clear CT: 0.6 ms]
   [Other: 2.1 ms]
      [Choose CSet: 0.0 ms]
      [Ref Proc: 0.4 ms]
      [Ref Enq: 0.0 ms]
      [Free CSet: 0.2 ms]
   [Eden: 194.0M(194.0M)->0.0B(212.0M) Survivors: 30.0M->28.0M Heap: 1153.0M(2048.0M)->1066.5M(2048.0M)]
 [Times: user=0.56 sys=0.00, real=0.15 secs] 
53.580: [GC concurrent-root-region-scan-start]
53.643: [GC concurrent-root-region-scan-end, 0.0630458 secs]
53.643: [GC concurrent-mark-start]
53.758: [GC pause (young), 0.0487369 secs]
   [Parallel Time: 47.8 ms, GC Workers: 4]
      [GC Worker Start (ms): Min: 53758.0, Avg: 53758.1, Max: 53758.4, Diff: 0.4]
      [Ext Root Scanning (ms): Min: 0.7, Avg: 0.9, Max: 1.1, Diff: 0.4, Sum: 3.7]
      [SATB Filtering (ms): Min: 0.0, Avg: 0.0, Max: 0.1, Diff: 0.1, Sum: 0.1]
      [Update RS (ms): Min: 17.3, Avg: 17.3, Max: 17.4, Diff: 0.1, Sum: 69.3]
         [Processed Buffers: Min: 100, Avg: 102.0, Max: 106, Diff: 6, Sum: 408]
      [Scan RS (ms): Min: 1.5, Avg: 1.6, Max: 1.6, Diff: 0.1, Sum: 6.2]
      [Object Copy (ms): Min: 27.7, Avg: 27.7, Max: 27.7, Diff: 0.0, Sum: 110.7]
      [Termination (ms): Min: 0.0, Avg: 0.0, Max: 0.0, Diff: 0.0, Sum: 0.0]
      [GC Worker Other (ms): Min: 0.0, Avg: 0.0, Max: 0.0, Diff: 0.0, Sum: 0.1]
      [GC Worker Total (ms): Min: 47.3, Avg: 47.5, Max: 47.7, Diff: 0.4, Sum: 190.1]
      [GC Worker End (ms): Min: 53805.6, Avg: 53805.6, Max: 53805.6, Diff: 0.0]
   [Code Root Fixup: 0.0 ms]
   [Clear CT: 0.1 ms]
   [Other: 0.8 ms]
      [Choose CSet: 0.0 ms]
      [Ref Proc: 0.0 ms]
      [Ref Enq: 0.0 ms]
      [Free CSet: 0.2 ms]
   [Eden: 212.0M(212.0M)->0.0B(321.0M) Survivors: 28.0M->6144.0K Heap: 1278.5M(2048.0M)->1073.0M(2048.0M)]
 [Times: user=0.19 sys=0.00, real=0.05 secs] 
54.092: [GC pause (young), 0.1672816 secs]
   [Parallel Time: 165.7 ms, GC Workers: 4]
      [GC Worker Start (ms): Min: 54092.1, Avg: 54092.6, Max: 54094.0, Diff: 1.9]
      [Ext Root Scanning (ms): Min: 0.1, Avg: 0.9, Max: 1.2, Diff: 1.1, Sum: 3.6]
      [SATB Filtering (ms): Min: 0.0, Avg: 0.7, Max: 2.9, Diff: 2.9, Sum: 2.9]
      [Update RS (ms): Min: 16.5, Avg: 18.3, Max: 19.1, Diff: 2.6, Sum: 73.3]
         [Processed Buffers: Min: 129, Avg: 224.0, Max: 300, Diff: 171, Sum: 896]
      [Scan RS (ms): Min: 0.0, Avg: 0.1, Max: 0.1, Diff: 0.1, Sum: 0.3]
      [Object Copy (ms): Min: 145.1, Avg: 145.1, Max: 145.2, Diff: 0.1, Sum: 580.5]
      [Termination (ms): Min: 0.0, Avg: 0.0, Max: 0.0, Diff: 0.0, Sum: 0.0]
      [GC Worker Other (ms): Min: 0.0, Avg: 0.0, Max: 0.0, Diff: 0.0, Sum: 0.1]
      [GC Worker Total (ms): Min: 163.8, Avg: 165.2, Max: 165.6, Diff: 1.9, Sum: 660.7]
      [GC Worker End (ms): Min: 54257.8, Avg: 54257.8, Max: 54257.8, Diff: 0.0]
   [Code Root Fixup: 0.0 ms]
   [Clear CT: 0.1 ms]
   [Other: 1.5 ms]
      [Choose CSet: 0.0 ms]
      [Ref Proc: 0.0 ms]
      [Ref Enq: 0.0 ms]
      [Free CSet: 0.2 ms]
   [Eden: 321.0M(321.0M)->0.0B(260.0M) Survivors: 6144.0K->41.0M Heap: 1394.0M(2048.0M)->1235.5M(2048.0M)]
 [Times: user=0.61 sys=0.00, real=0.17 secs] 
54.329: [GC concurrent-mark-end, 0.6854330 secs]
54.333: [GC remark 54.333: [GC ref-proc, 0.0012694 secs], 0.0031556 secs]
 [Times: user=0.00 sys=0.00, real=0.00 secs] 
54.337: [GC cleanup 1328M->695M(2048M), 0.0022316 secs]
 [Times: user=0.00 sys=0.00, real=0.00 secs] 
54.339: [GC concurrent-cleanup-start]
54.340: [GC concurrent-cleanup-end, 0.0009743 secs]
54.500: [GC pause (young), 0.2016400 secs]
   [Parallel Time: 199.6 ms, GC Workers: 4]
      [GC Worker Start (ms): Min: 54500.3, Avg: 54500.3, Max: 54500.3, Diff: 0.0]
      [Ext Root Scanning (ms): Min: 1.1, Avg: 1.2, Max: 1.6, Diff: 0.4, Sum: 4.9]
      [Update RS (ms): Min: 28.7, Avg: 28.9, Max: 29.0, Diff: 0.3, Sum: 115.6]
         [Processed Buffers: Min: 180, Avg: 205.0, Max: 220, Diff: 40, Sum: 820]
      [Scan RS (ms): Min: 0.2, Avg: 0.2, Max: 0.2, Diff: 0.0, Sum: 0.9]
      [Object Copy (ms): Min: 167.1, Avg: 167.7, Max: 169.2, Diff: 2.1, Sum: 670.7]
      [Termination (ms): Min: 0.0, Avg: 1.5, Max: 2.0, Diff: 2.0, Sum: 6.0]
      [GC Worker Other (ms): Min: 0.0, Avg: 0.0, Max: 0.0, Diff: 0.0, Sum: 0.1]
      [GC Worker Total (ms): Min: 199.5, Avg: 199.5, Max: 199.5, Diff: 0.0, Sum: 798.1]
      [GC Worker End (ms): Min: 54699.8, Avg: 54699.9, Max: 54699.9, Diff: 0.0]
   [Code Root Fixup: 0.0 ms]
   [Clear CT: 0.1 ms]
   [Other: 2.0 ms]
      [Choose CSet: 0.0 ms]
      [Ref Proc: 0.0 ms]
      [Ref Enq: 0.0 ms]
      [Free CSet: 0.3 ms]
   [Eden: 260.0M(260.0M)->0.0B(64.0M) Survivors: 41.0M->38.0M Heap: 862.5M(2048.0M)->751.0M(2048.0M)]
 [Times: user=0.72 sys=0.00, real=0.20 secs] 
54.825: [GC pause (mixed), 0.0700811 secs]
   [Parallel Time: 68.9 ms, GC Workers: 4]
      [GC Worker Start (ms): Min: 54825.6, Avg: 54825.7, Max: 54826.0, Diff: 0.4]
      [Ext Root Scanning (ms): Min: 0.8, Avg: 1.1, Max: 1.2, Diff: 0.4, Sum: 4.3]
      [Update RS (ms): Min: 26.5, Avg: 26.6, Max: 26.6, Diff: 0.1, Sum: 106.3]
         [Processed Buffers: Min: 142, Avg: 145.0, Max: 148, Diff: 6, Sum: 580]
      [Scan RS (ms): Min: 0.3, Avg: 0.3, Max: 0.4, Diff: 0.0, Sum: 1.4]
      [Object Copy (ms): Min: 40.7, Avg: 40.7, Max: 40.7, Diff: 0.1, Sum: 162.9]
      [Termination (ms): Min: 0.0, Avg: 0.0, Max: 0.0, Diff: 0.0, Sum: 0.0]
      [GC Worker Other (ms): Min: 0.0, Avg: 0.0, Max: 0.0, Diff: 0.0, Sum: 0.1]
      [GC Worker Total (ms): Min: 68.4, Avg: 68.7, Max: 68.8, Diff: 0.4, Sum: 274.9]
      [GC Worker End (ms): Min: 54894.5, Avg: 54894.5, Max: 54894.5, Diff: 0.0]
   [Code Root Fixup: 0.0 ms]
   [Clear CT: 0.2 ms]
   [Other: 1.0 ms]
      [Choose CSet: 0.0 ms]
      [Ref Proc: 0.0 ms]
      [Ref Enq: 0.0 ms]
      [Free CSet: 0.2 ms]
   [Eden: 64.0M(64.0M)->0.0B(296.0M) Survivors: 38.0M->5120.0K Heap: 815.0M(2048.0M)->746.0M(2048.0M)]
 [Times: user=0.25 sys=0.00, real=0.07 secs] 
55.172: [GC pause (young), 0.1896155 secs]
   [Parallel Time: 187.8 ms, GC Workers: 4]
      [GC Worker Start (ms): Min: 55172.6, Avg: 55172.6, Max: 55172.6, Diff: 0.0]
      [Ext Root Scanning (ms): Min: 0.9, Avg: 0.9, Max: 0.9, Diff: 0.1, Sum: 3.5]
      [Update RS (ms): Min: 16.0, Avg: 16.1, Max: 16.4, Diff: 0.3, Sum: 64.5]
         [Processed Buffers: Min: 93, Avg: 246.3, Max: 314, Diff: 221, Sum: 985]
      [Scan RS (ms): Min: 0.0, Avg: 0.1, Max: 0.2, Diff: 0.1, Sum: 0.5]
      [Object Copy (ms): Min: 170.5, Avg: 170.6, Max: 170.7, Diff: 0.1, Sum: 682.6]
      [Termination (ms): Min: 0.0, Avg: 0.0, Max: 0.0, Diff: 0.0, Sum: 0.0]
      [GC Worker Other (ms): Min: 0.0, Avg: 0.0, Max: 0.0, Diff: 0.0, Sum: 0.1]
      [GC Worker Total (ms): Min: 187.8, Avg: 187.8, Max: 187.8, Diff: 0.0, Sum: 751.1]
      [GC Worker End (ms): Min: 55360.4, Avg: 55360.4, Max: 55360.4, Diff: 0.0]
   [Code Root Fixup: 0.0 ms]
   [Clear CT: 0.1 ms]
   [Other: 1.7 ms]
      [Choose CSet: 0.0 ms]
      [Ref Proc: 0.0 ms]
      [Ref Enq: 0.0 ms]
      [Free CSet: 0.2 ms]
   [Eden: 296.0M(296.0M)->0.0B(216.0M) Survivors: 5120.0K->38.0M Heap: 1042.0M(2048.0M)->945.5M(2048.0M)]
 [Times: user=0.73 sys=0.00, real=0.19 secs] 
55.603: [GC pause (young), 0.1638393 secs]
   [Parallel Time: 161.9 ms, GC Workers: 4]
      [GC Worker Start (ms): Min: 55603.2, Avg: 55603.7, Max: 55605.1, Diff: 1.9]
      [Ext Root Scanning (ms): Min: 0.1, Avg: 1.0, Max: 1.3, Diff: 1.2, Sum: 3.9]
      [Update RS (ms): Min: 21.1, Avg: 21.5, Max: 21.6, Diff: 0.5, Sum: 86.0]
         [Processed Buffers: Min: 123, Avg: 204.8, Max: 280, Diff: 157, Sum: 819]
      [Scan RS (ms): Min: 7.4, Avg: 7.5, Max: 7.6, Diff: 0.2, Sum: 30.1]
      [Object Copy (ms): Min: 121.2, Avg: 123.8, Max: 131.3, Diff: 10.1, Sum: 495.3]
      [Termination (ms): Min: 0.0, Avg: 7.5, Max: 10.0, Diff: 10.0, Sum: 30.1]
      [GC Worker Other (ms): Min: 0.0, Avg: 0.0, Max: 0.0, Diff: 0.0, Sum: 0.0]
      [GC Worker Total (ms): Min: 159.9, Avg: 161.3, Max: 161.9, Diff: 2.0, Sum: 645.3]
      [GC Worker End (ms): Min: 55765.1, Avg: 55765.1, Max: 55765.1, Diff: 0.0]
   [Code Root Fixup: 0.0 ms]
   [Clear CT: 0.1 ms]
   [Other: 1.9 ms]
      [Choose CSet: 0.0 ms]
      [Ref Proc: 0.1 ms]
      [Ref Enq: 0.0 ms]
      [Free CSet: 0.2 ms]
   [Eden: 194.0M(194.0M)->0.0B(148.0M) Survivors: 38.0M->29.0M Heap: 1139.5M(2048.0M)->1048.5M(2048.0M)]
 [Times: user=0.62 sys=0.00, real=0.16 secs] 
55.948: [GC pause (young) (initial-mark), 0.0759724 secs]
   [Parallel Time: 72.8 ms, GC Workers: 4]
      [GC Worker Start (ms): Min: 55948.1, Avg: 55948.1, Max: 55948.1, Diff: 0.0]
      [Ext Root Scanning (ms): Min: 0.9, Avg: 0.9, Max: 0.9, Diff: 0.0, Sum: 3.5]
      [Update RS (ms): Min: 16.5, Avg: 16.7, Max: 16.9, Diff: 0.4, Sum: 66.7]
         [Processed Buffers: Min: 158, Avg: 180.8, Max: 211, Diff: 53, Sum: 723]
      [Scan RS (ms): Min: 0.3, Avg: 0.6, Max: 0.8, Diff: 0.4, Sum: 2.3]
      [Object Copy (ms): Min: 54.6, Avg: 54.7, Max: 54.7, Diff: 0.1, Sum: 218.6]
      [Termination (ms): Min: 0.0, Avg: 0.0, Max: 0.0, Diff: 0.0, Sum: 0.0]
      [GC Worker Other (ms): Min: 0.0, Avg: 0.0, Max: 0.0, Diff: 0.0, Sum: 0.1]
      [GC Worker Total (ms): Min: 72.8, Avg: 72.8, Max: 72.8, Diff: 0.0, Sum: 291.3]
      [GC Worker End (ms): Min: 56021.0, Avg: 56021.0, Max: 56021.0, Diff: 0.0]
   [Code Root Fixup: 0.0 ms]
   [Clear CT: 0.9 ms]
   [Other: 2.3 ms]
      [Choose CSet: 0.0 ms]
      [Ref Proc: 1.0 ms]
      [Ref Enq: 0.0 ms]
      [Free CSet: 0.2 ms]
   [Eden: 148.0M(148.0M)->0.0B(241.0M) Survivors: 29.0M->23.0M Heap: 1196.5M(2048.0M)->1087.5M(2048.0M)]
 [Times: user=0.31 sys=0.00, real=0.08 secs] 
56.024: [GC concurrent-root-region-scan-start]
56.048: [GC concurrent-root-region-scan-end, 0.0244873 secs]
56.048: [GC concurrent-mark-start]
56.227: [GC pause (young), 0.1095941 secs]
   [Parallel Time: 108.3 ms, GC Workers: 4]
      [GC Worker Start (ms): Min: 56227.3, Avg: 56229.1, Max: 56234.4, Diff: 7.1]
      [Ext Root Scanning (ms): Min: 0.1, Avg: 0.9, Max: 1.2, Diff: 1.1, Sum: 3.5]
      [SATB Filtering (ms): Min: 0.0, Avg: 0.7, Max: 3.0, Diff: 3.0, Sum: 3.0]
      [Update RS (ms): Min: 13.8, Avg: 17.5, Max: 19.6, Diff: 5.9, Sum: 69.8]
         [Processed Buffers: Min: 97, Avg: 111.5, Max: 130, Diff: 33, Sum: 446]
      [Scan RS (ms): Min: 0.1, Avg: 0.1, Max: 0.2, Diff: 0.0, Sum: 0.6]
      [Object Copy (ms): Min: 87.2, Avg: 87.2, Max: 87.3, Diff: 0.1, Sum: 349.0]
      [Termination (ms): Min: 0.0, Avg: 0.0, Max: 0.0, Diff: 0.0, Sum: 0.0]
      [GC Worker Other (ms): Min: 0.0, Avg: 0.0, Max: 0.0, Diff: 0.0, Sum: 0.1]
      [GC Worker Total (ms): Min: 101.2, Avg: 106.5, Max: 108.3, Diff: 7.1, Sum: 425.9]
      [GC Worker End (ms): Min: 56335.6, Avg: 56335.6, Max: 56335.6, Diff: 0.0]
   [Code Root Fixup: 0.0 ms]
   [Clear CT: 0.1 ms]
   [Other: 1.1 ms]
      [Choose CSet: 0.0 ms]
      [Ref Proc: 0.1 ms]
      [Ref Enq: 0.0 ms]
      [Free CSet: 0.2 ms]
   [Eden: 241.0M(241.0M)->0.0B(275.0M) Survivors: 23.0M->33.0M Heap: 1328.5M(2048.0M)->1171.5M(2048.0M)]
 [Times: user=0.42 sys=0.00, real=0.11 secs] 
56.568: [GC pause (young), 0.1421548 secs]
   [Parallel Time: 140.8 ms, GC Workers: 4]
      [GC Worker Start (ms): Min: 56568.0, Avg: 56568.0, Max: 56568.0, Diff: 0.0]
      [Ext Root Scanning (ms): Min: 1.1, Avg: 1.2, Max: 1.2, Diff: 0.1, Sum: 4.7]
      [SATB Filtering (ms): Min: 0.0, Avg: 0.7, Max: 2.8, Diff: 2.8, Sum: 2.8]
      [Update RS (ms): Min: 31.3, Avg: 33.4, Max: 34.1, Diff: 2.8, Sum: 133.5]
         [Processed Buffers: Min: 152, Avg: 165.0, Max: 172, Diff: 20, Sum: 660]
      [Scan RS (ms): Min: 0.0, Avg: 0.1, Max: 0.1, Diff: 0.1, Sum: 0.3]
      [Object Copy (ms): Min: 105.4, Avg: 105.5, Max: 105.5, Diff: 0.1, Sum: 421.9]
      [Termination (ms): Min: 0.0, Avg: 0.0, Max: 0.0, Diff: 0.0, Sum: 0.0]
      [GC Worker Other (ms): Min: 0.0, Avg: 0.0, Max: 0.0, Diff: 0.0, Sum: 0.1]
      [GC Worker Total (ms): Min: 140.8, Avg: 140.8, Max: 140.8, Diff: 0.0, Sum: 563.2]
      [GC Worker End (ms): Min: 56708.8, Avg: 56708.8, Max: 56708.8, Diff: 0.0]
   [Code Root Fixup: 0.0 ms]
   [Clear CT: 0.1 ms]
   [Other: 1.2 ms]
      [Choose CSet: 0.0 ms]
      [Ref Proc: 0.0 ms]
      [Ref Enq: 0.0 ms]
      [Free CSet: 0.2 ms]
   [Eden: 275.0M(275.0M)->0.0B(270.0M) Survivors: 33.0M->39.0M Heap: 1446.5M(2048.0M)->1260.0M(2048.0M)]
 [Times: user=0.53 sys=0.00, real=0.14 secs] 
56.729: [GC concurrent-mark-end, 0.6808301 secs]
56.742: [GC remark 56.742: [GC ref-proc, 0.0012370 secs], 0.0027896 secs]
 [Times: user=0.05 sys=0.00, real=0.00 secs] 
56.750: [GC cleanup 1293M->588M(2048M), 0.0017162 secs]
 [Times: user=0.00 sys=0.00, real=0.00 secs] 
56.752: [GC concurrent-cleanup-start]
56.753: [GC concurrent-cleanup-end, 0.0008797 secs]
56.975: [GC pause (young), 0.2279460 secs]
   [Parallel Time: 225.7 ms, GC Workers: 4]
      [GC Worker Start (ms): Min: 56975.7, Avg: 56975.7, Max: 56975.7, Diff: 0.0]
      [Ext Root Scanning (ms): Min: 0.9, Avg: 0.9, Max: 1.0, Diff: 0.1, Sum: 3.7]
      [Update RS (ms): Min: 31.5, Avg: 33.5, Max: 35.5, Diff: 4.0, Sum: 134.1]
         [Processed Buffers: Min: 159, Avg: 166.5, Max: 175, Diff: 16, Sum: 666]
      [Scan RS (ms): Min: 0.0, Avg: 0.2, Max: 0.3, Diff: 0.3, Sum: 0.7]
      [Object Copy (ms): Min: 189.2, Avg: 191.0, Max: 192.8, Diff: 3.7, Sum: 764.0]
      [Termination (ms): Min: 0.0, Avg: 0.0, Max: 0.0, Diff: 0.0, Sum: 0.0]
      [GC Worker Other (ms): Min: 0.0, Avg: 0.0, Max: 0.0, Diff: 0.0, Sum: 0.1]
      [GC Worker Total (ms): Min: 225.7, Avg: 225.7, Max: 225.7, Diff: 0.0, Sum: 902.6]
      [GC Worker End (ms): Min: 57201.4, Avg: 57201.4, Max: 57201.4, Diff: 0.0]
   [Code Root Fixup: 0.0 ms]
   [Clear CT: 0.2 ms]
   [Other: 2.1 ms]
      [Choose CSet: 0.0 ms]
      [Ref Proc: 0.0 ms]
      [Ref Enq: 0.0 ms]
      [Free CSet: 0.4 ms]
   [Eden: 270.0M(270.0M)->0.0B(213.0M) Survivors: 39.0M->39.0M Heap: 825.0M(2048.0M)->734.0M(2048.0M)]
 [Times: user=0.80 sys=0.00, real=0.23 secs] 
57.467: [GC pause (young), 0.1337728 secs]
   [Parallel Time: 131.9 ms, GC Workers: 4]
      [GC Worker Start (ms): Min: 57467.5, Avg: 57467.6, Max: 57467.7, Diff: 0.2]
      [Ext Root Scanning (ms): Min: 0.8, Avg: 0.9, Max: 0.9, Diff: 0.2, Sum: 3.5]
      [Update RS (ms): Min: 17.0, Avg: 18.4, Max: 21.3, Diff: 4.3, Sum: 73.6]
         [Processed Buffers: Min: 164, Avg: 199.3, Max: 267, Diff: 103, Sum: 797]
      [Scan RS (ms): Min: 2.2, Avg: 5.0, Max: 6.5, Diff: 4.3, Sum: 20.1]
      [Object Copy (ms): Min: 107.4, Avg: 107.5, Max: 107.5, Diff: 0.1, Sum: 429.9]
      [Termination (ms): Min: 0.0, Avg: 0.0, Max: 0.0, Diff: 0.0, Sum: 0.0]
      [GC Worker Other (ms): Min: 0.0, Avg: 0.0, Max: 0.0, Diff: 0.0, Sum: 0.1]
      [GC Worker Total (ms): Min: 131.7, Avg: 131.8, Max: 131.8, Diff: 0.2, Sum: 527.1]
      [GC Worker End (ms): Min: 57599.4, Avg: 57599.4, Max: 57599.4, Diff: 0.0]
   [Code Root Fixup: 0.0 ms]
   [Clear CT: 0.1 ms]
   [Other: 1.8 ms]
      [Choose CSet: 0.0 ms]
      [Ref Proc: 0.1 ms]
      [Ref Enq: 0.0 ms]
      [Free CSet: 0.2 ms]
   [Eden: 213.0M(213.0M)->0.0B(222.0M) Survivors: 39.0M->32.0M Heap: 947.0M(2048.0M)->823.0M(2048.0M)]
 [Times: user=0.45 sys=0.00, real=0.13 secs] 
57.839: [GC pause (young), 0.1538511 secs]
   [Parallel Time: 152.2 ms, GC Workers: 4]
      [GC Worker Start (ms): Min: 57839.1, Avg: 57847.6, Max: 57872.2, Diff: 33.1]
      [Ext Root Scanning (ms): Min: 0.1, Avg: 0.9, Max: 1.5, Diff: 1.4, Sum: 3.6]
      [Update RS (ms): Min: 0.0, Avg: 17.7, Max: 24.0, Diff: 24.0, Sum: 70.8]
         [Processed Buffers: Min: 0, Avg: 179.0, Max: 259, Diff: 259, Sum: 716]
      [Scan RS (ms): Min: 0.0, Avg: 1.2, Max: 1.9, Diff: 1.8, Sum: 4.9]
      [Object Copy (ms): Min: 118.8, Avg: 123.7, Max: 125.4, Diff: 6.6, Sum: 494.8]
      [Termination (ms): Min: 0.0, Avg: 0.0, Max: 0.0, Diff: 0.0, Sum: 0.0]
      [GC Worker Other (ms): Min: 0.0, Avg: 0.0, Max: 0.0, Diff: 0.0, Sum: 0.1]
      [GC Worker Total (ms): Min: 119.0, Avg: 143.6, Max: 152.1, Diff: 33.1, Sum: 574.3]
      [GC Worker End (ms): Min: 57991.2, Avg: 57991.2, Max: 57991.2, Diff: 0.0]
   [Code Root Fixup: 0.0 ms]
   [Clear CT: 0.1 ms]
   [Other: 1.6 ms]
      [Choose CSet: 0.0 ms]
      [Ref Proc: 0.0 ms]
      [Ref Enq: 0.0 ms]
      [Free CSet: 0.3 ms]
   [Eden: 222.0M(222.0M)->0.0B(222.0M) Survivors: 32.0M->32.0M Heap: 1045.0M(2048.0M)->915.0M(2048.0M)]
 [Times: user=0.45 sys=0.00, real=0.15 secs] 
58.238: [GC pause (young), 0.1460705 secs]
   [Parallel Time: 144.4 ms, GC Workers: 4]
      [GC Worker Start (ms): Min: 58238.7, Avg: 58247.4, Max: 58269.9, Diff: 31.2]
      [Ext Root Scanning (ms): Min: 0.1, Avg: 0.9, Max: 1.7, Diff: 1.6, Sum: 3.4]
      [Update RS (ms): Min: 0.0, Avg: 20.3, Max: 28.3, Diff: 28.3, Sum: 81.2]
         [Processed Buffers: Min: 0, Avg: 176.3, Max: 288, Diff: 288, Sum: 705]
      [Scan RS (ms): Min: 0.0, Avg: 0.7, Max: 1.4, Diff: 1.3, Sum: 2.7]
      [Object Copy (ms): Min: 112.1, Avg: 113.3, Max: 114.9, Diff: 2.8, Sum: 453.4]
      [Termination (ms): Min: 0.0, Avg: 0.6, Max: 0.8, Diff: 0.8, Sum: 2.4]
      [GC Worker Other (ms): Min: 0.0, Avg: 0.0, Max: 0.0, Diff: 0.0, Sum: 0.1]
      [GC Worker Total (ms): Min: 113.3, Avg: 135.8, Max: 144.4, Diff: 31.2, Sum: 543.2]
      [GC Worker End (ms): Min: 58383.2, Avg: 58383.2, Max: 58383.2, Diff: 0.0]
   [Code Root Fixup: 0.0 ms]
   [Clear CT: 0.3 ms]
   [Other: 1.4 ms]
      [Choose CSet: 0.0 ms]
      [Ref Proc: 0.0 ms]
      [Ref Enq: 0.0 ms]
      [Free CSet: 0.2 ms]
   [Eden: 222.0M(222.0M)->0.0B(255.0M) Survivors: 32.0M->32.0M Heap: 1137.0M(2048.0M)->1015.5M(2048.0M)]
 [Times: user=0.53 sys=0.00, real=0.15 secs] 
58.615: [GC pause (young) (initial-mark), 0.1433838 secs]
   [Parallel Time: 139.6 ms, GC Workers: 4]
      [GC Worker Start (ms): Min: 58615.8, Avg: 58615.8, Max: 58615.8, Diff: 0.0]
      [Ext Root Scanning (ms): Min: 1.1, Avg: 3.4, Max: 10.3, Diff: 9.1, Sum: 13.7]
      [Update RS (ms): Min: 11.9, Avg: 18.3, Max: 20.8, Diff: 8.9, Sum: 73.3]
         [Processed Buffers: Min: 105, Avg: 178.0, Max: 232, Diff: 127, Sum: 712]
      [Scan RS (ms): Min: 2.0, Avg: 2.2, Max: 2.5, Diff: 0.5, Sum: 8.9]
      [Object Copy (ms): Min: 115.4, Avg: 115.5, Max: 115.6, Diff: 0.2, Sum: 462.1]
      [Termination (ms): Min: 0.0, Avg: 0.0, Max: 0.0, Diff: 0.0, Sum: 0.0]
      [GC Worker Other (ms): Min: 0.0, Avg: 0.0, Max: 0.0, Diff: 0.0, Sum: 0.1]
      [GC Worker Total (ms): Min: 139.5, Avg: 139.5, Max: 139.6, Diff: 0.0, Sum: 558.2]
      [GC Worker End (ms): Min: 58755.3, Avg: 58755.3, Max: 58755.3, Diff: 0.0]
   [Code Root Fixup: 0.0 ms]
   [Clear CT: 0.1 ms]
   [Other: 3.7 ms]
      [Choose CSet: 0.0 ms]
      [Ref Proc: 2.1 ms]
      [Ref Enq: 0.0 ms]
      [Free CSet: 0.3 ms]
   [Eden: 255.0M(255.0M)->0.0B(267.0M) Survivors: 32.0M->36.0M Heap: 1270.5M(2048.0M)->1118.5M(2048.0M)]
 [Times: user=0.48 sys=0.02, real=0.14 secs] 
58.759: [GC concurrent-root-region-scan-start]
58.799: [GC concurrent-root-region-scan-end, 0.0395954 secs]
58.799: [GC concurrent-mark-start]
59.044: [GC pause (young), 0.1445653 secs]
   [Parallel Time: 142.9 ms, GC Workers: 4]
      [GC Worker Start (ms): Min: 59044.0, Avg: 59046.5, Max: 59051.9, Diff: 7.9]
      [Ext Root Scanning (ms): Min: 0.1, Avg: 1.0, Max: 1.9, Diff: 1.8, Sum: 3.8]
      [SATB Filtering (ms): Min: 0.0, Avg: 0.7, Max: 2.9, Diff: 2.9, Sum: 2.9]
      [Update RS (ms): Min: 16.6, Avg: 21.6, Max: 27.7, Diff: 11.1, Sum: 86.4]
         [Processed Buffers: Min: 156, Avg: 173.8, Max: 208, Diff: 52, Sum: 695]
      [Scan RS (ms): Min: 0.0, Avg: 1.0, Max: 1.3, Diff: 1.3, Sum: 4.0]
      [Object Copy (ms): Min: 112.9, Avg: 115.8, Max: 116.8, Diff: 3.9, Sum: 463.0]
      [Termination (ms): Min: 0.0, Avg: 0.2, Max: 0.3, Diff: 0.3, Sum: 0.7]
      [GC Worker Other (ms): Min: 0.0, Avg: 0.0, Max: 0.0, Diff: 0.0, Sum: 0.1]
      [GC Worker Total (ms): Min: 134.8, Avg: 140.2, Max: 142.9, Diff: 8.1, Sum: 560.9]
      [GC Worker End (ms): Min: 59186.7, Avg: 59186.7, Max: 59186.9, Diff: 0.2]
   [Code Root Fixup: 0.0 ms]
   [Clear CT: 0.1 ms]
   [Other: 1.6 ms]
      [Choose CSet: 0.0 ms]
      [Ref Proc: 0.1 ms]
      [Ref Enq: 0.0 ms]
      [Free CSet: 0.3 ms]
   [Eden: 267.0M(267.0M)->0.0B(291.0M) Survivors: 36.0M->38.0M Heap: 1385.5M(2048.0M)->1219.0M(2048.0M)]
 [Times: user=0.55 sys=0.00, real=0.14 secs] 
59.440: [GC concurrent-mark-end, 0.6417388 secs]
59.441: [GC remark 59.442: [GC ref-proc, 0.0012024 secs], 0.0033878 secs]
 [Times: user=0.06 sys=0.00, real=0.00 secs] 
59.445: [GC cleanup 1483M->841M(2048M), 0.0012922 secs]
 [Times: user=0.00 sys=0.00, real=0.00 secs] 
59.446: [GC concurrent-cleanup-start]
59.447: [GC concurrent-cleanup-end, 0.0008073 secs]
59.474: [GC pause (young), 0.1497658 secs]
   [Parallel Time: 145.6 ms, GC Workers: 4]
      [GC Worker Start (ms): Min: 59474.9, Avg: 59474.9, Max: 59474.9, Diff: 0.0]
      [Ext Root Scanning (ms): Min: 1.1, Avg: 1.5, Max: 2.6, Diff: 1.5, Sum: 6.0]
      [Update RS (ms): Min: 16.6, Avg: 17.6, Max: 17.9, Diff: 1.3, Sum: 70.2]
         [Processed Buffers: Min: 106, Avg: 161.0, Max: 190, Diff: 84, Sum: 644]
      [Scan RS (ms): Min: 0.8, Avg: 0.8, Max: 0.9, Diff: 0.0, Sum: 3.3]
      [Object Copy (ms): Min: 125.4, Avg: 125.6, Max: 125.6, Diff: 0.2, Sum: 502.3]
      [Termination (ms): Min: 0.0, Avg: 0.0, Max: 0.0, Diff: 0.0, Sum: 0.0]
      [GC Worker Other (ms): Min: 0.1, Avg: 0.1, Max: 0.1, Diff: 0.0, Sum: 0.3]
      [GC Worker Total (ms): Min: 145.5, Avg: 145.6, Max: 145.6, Diff: 0.1, Sum: 582.2]
      [GC Worker End (ms): Min: 59620.4, Avg: 59620.4, Max: 59620.4, Diff: 0.0]
   [Code Root Fixup: 0.0 ms]
   [Clear CT: 0.1 ms]
   [Other: 4.0 ms]
      [Choose CSet: 0.0 ms]
      [Ref Proc: 2.6 ms]
      [Ref Enq: 0.0 ms]
      [Free CSet: 0.2 ms]
   [Eden: 291.0M(291.0M)->0.0B(60.0M) Survivors: 38.0M->42.0M Heap: 868.0M(2048.0M)->692.5M(2048.0M)]
 [Times: user=0.56 sys=0.00, real=0.15 secs] 
59.674: [GC pause (mixed), 0.0817146 secs]
   [Parallel Time: 80.6 ms, GC Workers: 4]
      [GC Worker Start (ms): Min: 59673.9, Avg: 59675.8, Max: 59677.8, Diff: 3.9]
      [Ext Root Scanning (ms): Min: 0.1, Avg: 0.9, Max: 1.6, Diff: 1.6, Sum: 3.4]
      [Update RS (ms): Min: 35.5, Avg: 37.0, Max: 39.4, Diff: 3.9, Sum: 148.1]
         [Processed Buffers: Min: 165, Avg: 189.8, Max: 201, Diff: 36, Sum: 759]
      [Scan RS (ms): Min: 0.0, Avg: 1.0, Max: 1.3, Diff: 1.3, Sum: 3.8]
      [Object Copy (ms): Min: 39.6, Avg: 39.8, Max: 40.0, Diff: 0.4, Sum: 159.3]
      [Termination (ms): Min: 0.0, Avg: 0.0, Max: 0.0, Diff: 0.0, Sum: 0.0]
      [GC Worker Other (ms): Min: 0.0, Avg: 0.0, Max: 0.0, Diff: 0.0, Sum: 0.1]
      [GC Worker Total (ms): Min: 76.8, Avg: 78.7, Max: 80.6, Diff: 3.9, Sum: 314.7]
      [GC Worker End (ms): Min: 59754.5, Avg: 59754.5, Max: 59754.5, Diff: 0.0]
   [Code Root Fixup: 0.0 ms]
   [Clear CT: 0.1 ms]
   [Other: 1.0 ms]
      [Choose CSet: 0.0 ms]
      [Ref Proc: 0.0 ms]
      [Ref Enq: 0.0 ms]
      [Free CSet: 0.2 ms]
   [Eden: 60.0M(60.0M)->0.0B(460.0M) Survivors: 42.0M->3072.0K Heap: 752.5M(2048.0M)->659.5M(2048.0M)]
 [Times: user=0.33 sys=0.00, real=0.08 secs] 
60.193: [GC pause (young), 0.2773192 secs]
   [Parallel Time: 274.9 ms, GC Workers: 4]
      [GC Worker Start (ms): Min: 60193.7, Avg: 60193.7, Max: 60193.7, Diff: 0.0]
      [Ext Root Scanning (ms): Min: 0.9, Avg: 0.9, Max: 0.9, Diff: 0.0, Sum: 3.5]
      [Update RS (ms): Min: 16.8, Avg: 16.9, Max: 17.2, Diff: 0.4, Sum: 67.6]
         [Processed Buffers: Min: 131, Avg: 216.5, Max: 274, Diff: 143, Sum: 866]
      [Scan RS (ms): Min: 0.0, Avg: 0.1, Max: 0.2, Diff: 0.2, Sum: 0.5]
      [Object Copy (ms): Min: 256.8, Avg: 257.0, Max: 257.1, Diff: 0.3, Sum: 1027.9]
      [Termination (ms): Min: 0.0, Avg: 0.0, Max: 0.0, Diff: 0.0, Sum: 0.0]
      [GC Worker Other (ms): Min: 0.0, Avg: 0.0, Max: 0.0, Diff: 0.0, Sum: 0.1]
      [GC Worker Total (ms): Min: 274.9, Avg: 274.9, Max: 274.9, Diff: 0.0, Sum: 1099.6]
      [GC Worker End (ms): Min: 60468.6, Avg: 60468.6, Max: 60468.6, Diff: 0.0]
   [Code Root Fixup: 0.0 ms]
   [Clear CT: 0.3 ms]
   [Other: 2.1 ms]
      [Choose CSet: 0.0 ms]
      [Ref Proc: 0.0 ms]
      [Ref Enq: 0.0 ms]
      [Free CSet: 0.3 ms]
   [Eden: 460.0M(460.0M)->0.0B(188.0M) Survivors: 3072.0K->58.0M Heap: 1119.5M(2048.0M)->950.0M(2048.0M)]
 [Times: user=0.98 sys=0.00, real=0.28 secs] 
60.726: [GC pause (young), 0.1185941 secs]
   [Parallel Time: 116.1 ms, GC Workers: 4]
      [GC Worker Start (ms): Min: 60726.1, Avg: 60729.6, Max: 60735.9, Diff: 9.8]
      [Ext Root Scanning (ms): Min: 0.1, Avg: 0.9, Max: 2.1, Diff: 2.0, Sum: 3.7]
      [Update RS (ms): Min: 13.6, Avg: 19.0, Max: 21.3, Diff: 7.7, Sum: 76.2]
         [Processed Buffers: Min: 86, Avg: 109.5, Max: 126, Diff: 40, Sum: 438]
      [Scan RS (ms): Min: 32.1, Avg: 32.1, Max: 32.2, Diff: 0.1, Sum: 128.5]
      [Object Copy (ms): Min: 60.4, Avg: 60.5, Max: 60.6, Diff: 0.2, Sum: 241.8]
      [Termination (ms): Min: 0.0, Avg: 0.0, Max: 0.0, Diff: 0.0, Sum: 0.0]
      [GC Worker Other (ms): Min: 0.0, Avg: 0.0, Max: 0.0, Diff: 0.0, Sum: 0.1]
      [GC Worker Total (ms): Min: 106.3, Avg: 112.6, Max: 116.1, Diff: 9.7, Sum: 450.3]
      [GC Worker End (ms): Min: 60842.2, Avg: 60842.2, Max: 60842.2, Diff: 0.0]
   [Code Root Fixup: 0.0 ms]
   [Clear CT: 0.5 ms]
   [Other: 2.0 ms]
      [Choose CSet: 0.0 ms]
      [Ref Proc: 0.2 ms]
      [Ref Enq: 0.0 ms]
      [Free CSet: 0.2 ms]
   [Eden: 188.0M(188.0M)->0.0B(155.0M) Survivors: 58.0M->10.0M Heap: 1138.0M(2048.0M)->961.5M(2048.0M)]
 [Times: user=0.42 sys=0.00, real=0.12 secs] 
61.029: [GC pause (young) (initial-mark), 0.0426798 secs]
   [Parallel Time: 40.5 ms, GC Workers: 4]
      [GC Worker Start (ms): Min: 61029.8, Avg: 61029.8, Max: 61029.8, Diff: 0.0]
      [Ext Root Scanning (ms): Min: 0.9, Avg: 0.9, Max: 0.9, Diff: 0.0, Sum: 3.7]
      [Update RS (ms): Min: 18.2, Avg: 20.8, Max: 28.6, Diff: 10.4, Sum: 83.1]
         [Processed Buffers: Min: 140, Avg: 168.5, Max: 205, Diff: 65, Sum: 674]
      [Scan RS (ms): Min: 0.0, Avg: 0.1, Max: 0.1, Diff: 0.1, Sum: 0.2]
      [Object Copy (ms): Min: 10.9, Avg: 18.7, Max: 21.3, Diff: 10.3, Sum: 74.7]
      [Termination (ms): Min: 0.0, Avg: 0.0, Max: 0.0, Diff: 0.0, Sum: 0.0]
      [GC Worker Other (ms): Min: 0.0, Avg: 0.0, Max: 0.0, Diff: 0.0, Sum: 0.1]
      [GC Worker Total (ms): Min: 40.4, Avg: 40.4, Max: 40.5, Diff: 0.0, Sum: 161.8]
      [GC Worker End (ms): Min: 61070.3, Avg: 61070.3, Max: 61070.3, Diff: 0.0]
   [Code Root Fixup: 0.0 ms]
   [Clear CT: 0.3 ms]
   [Other: 1.8 ms]
      [Choose CSet: 0.0 ms]
      [Ref Proc: 1.2 ms]
      [Ref Enq: 0.0 ms]
      [Free CSet: 0.1 ms]
   [Eden: 155.0M(155.0M)->0.0B(81.0M) Survivors: 10.0M->21.0M Heap: 1116.5M(2048.0M)->977.0M(2048.0M)]
 [Times: user=0.17 sys=0.00, real=0.04 secs] 
61.073: [GC concurrent-root-region-scan-start]
61.095: [GC concurrent-root-region-scan-end, 0.0221723 secs]
61.095: [GC concurrent-mark-start]
61.160: [GC pause (young), 0.0351448 secs]
   [Parallel Time: 29.9 ms, GC Workers: 4]
      [GC Worker Start (ms): Min: 61160.0, Avg: 61160.3, Max: 61161.2, Diff: 1.2]
      [Ext Root Scanning (ms): Min: 0.0, Avg: 0.9, Max: 1.2, Diff: 1.1, Sum: 3.5]
      [SATB Filtering (ms): Min: 0.0, Avg: 0.2, Max: 0.6, Diff: 0.6, Sum: 0.6]
      [Update RS (ms): Min: 1.0, Avg: 2.6, Max: 3.9, Diff: 2.9, Sum: 10.2]
         [Processed Buffers: Min: 23, Avg: 50.0, Max: 77, Diff: 54, Sum: 200]
      [Scan RS (ms): Min: 0.0, Avg: 0.0, Max: 0.1, Diff: 0.0, Sum: 0.1]
      [Object Copy (ms): Min: 23.3, Avg: 24.5, Max: 25.6, Diff: 2.3, Sum: 97.8]
      [Termination (ms): Min: 0.0, Avg: 0.0, Max: 0.0, Diff: 0.0, Sum: 0.0]
      [GC Worker Other (ms): Min: 0.0, Avg: 0.0, Max: 0.0, Diff: 0.0, Sum: 0.0]
      [GC Worker Total (ms): Min: 27.2, Avg: 28.1, Max: 28.4, Diff: 1.2, Sum: 112.3]
      [GC Worker End (ms): Min: 61188.4, Avg: 61188.4, Max: 61188.4, Diff: 0.0]
   [Code Root Fixup: 0.0 ms]
   [Clear CT: 0.1 ms]
   [Other: 5.1 ms]
      [Choose CSet: 0.0 ms]
      [Ref Proc: 4.6 ms]
      [Ref Enq: 0.0 ms]
      [Free CSet: 0.1 ms]
   [Eden: 81.0M(81.0M)->0.0B(131.0M) Survivors: 21.0M->13.0M Heap: 1058.0M(2048.0M)->990.0M(2048.0M)]
 [Times: user=0.06 sys=0.00, real=0.04 secs] 
61.310: [GC pause (young), 0.0585724 secs]
   [Parallel Time: 57.6 ms, GC Workers: 4]
      [GC Worker Start (ms): Min: 61310.0, Avg: 61310.0, Max: 61310.0, Diff: 0.0]
      [Ext Root Scanning (ms): Min: 0.9, Avg: 0.9, Max: 0.9, Diff: 0.0, Sum: 3.7]
      [SATB Filtering (ms): Min: 0.0, Avg: 0.6, Max: 2.4, Diff: 2.4, Sum: 2.4]
      [Update RS (ms): Min: 8.0, Avg: 9.7, Max: 10.4, Diff: 2.4, Sum: 38.7]
         [Processed Buffers: Min: 69, Avg: 163.3, Max: 268, Diff: 199, Sum: 653]
      [Scan RS (ms): Min: 0.0, Avg: 0.0, Max: 0.1, Diff: 0.1, Sum: 0.2]
      [Object Copy (ms): Min: 46.3, Avg: 46.3, Max: 46.4, Diff: 0.1, Sum: 185.3]
      [Termination (ms): Min: 0.0, Avg: 0.0, Max: 0.0, Diff: 0.0, Sum: 0.0]
      [GC Worker Other (ms): Min: 0.0, Avg: 0.0, Max: 0.0, Diff: 0.0, Sum: 0.1]
      [GC Worker Total (ms): Min: 57.6, Avg: 57.6, Max: 57.6, Diff: 0.0, Sum: 230.4]
      [GC Worker End (ms): Min: 61367.6, Avg: 61367.6, Max: 61367.6, Diff: 0.0]
   [Code Root Fixup: 0.0 ms]
   [Clear CT: 0.1 ms]
   [Other: 0.9 ms]
      [Choose CSet: 0.0 ms]
      [Ref Proc: 0.0 ms]
      [Ref Enq: 0.0 ms]
      [Free CSet: 0.1 ms]
   [Eden: 131.0M(131.0M)->0.0B(181.0M) Survivors: 13.0M->18.0M Heap: 1121.0M(2048.0M)->1037.5M(2048.0M)]
 [Times: user=0.17 sys=0.00, real=0.06 secs] 
61.528: [GC pause (young), 0.1313498 secs]
   [Parallel Time: 129.2 ms, GC Workers: 4]
      [GC Worker Start (ms): Min: 61528.0, Avg: 61528.0, Max: 61528.0, Diff: 0.0]
      [Ext Root Scanning (ms): Min: 0.9, Avg: 0.9, Max: 0.9, Diff: 0.0, Sum: 3.7]
      [SATB Filtering (ms): Min: 0.0, Avg: 0.6, Max: 2.6, Diff: 2.6, Sum: 2.6]
      [Update RS (ms): Min: 14.3, Avg: 16.7, Max: 18.4, Diff: 4.0, Sum: 66.6]
         [Processed Buffers: Min: 75, Avg: 83.3, Max: 87, Diff: 12, Sum: 333]
      [Scan RS (ms): Min: 0.0, Avg: 0.0, Max: 0.1, Diff: 0.1, Sum: 0.2]
      [Object Copy (ms): Min: 109.8, Avg: 110.9, Max: 111.3, Diff: 1.4, Sum: 443.6]
      [Termination (ms): Min: 0.0, Avg: 0.0, Max: 0.0, Diff: 0.0, Sum: 0.0]
      [GC Worker Other (ms): Min: 0.0, Avg: 0.0, Max: 0.0, Diff: 0.0, Sum: 0.1]
      [GC Worker Total (ms): Min: 129.2, Avg: 129.2, Max: 129.2, Diff: 0.0, Sum: 516.8]
      [GC Worker End (ms): Min: 61657.2, Avg: 61657.2, Max: 61657.2, Diff: 0.0]
   [Code Root Fixup: 0.0 ms]
   [Clear CT: 0.1 ms]
   [Other: 2.0 ms]
      [Choose CSet: 0.0 ms]
      [Ref Proc: 0.7 ms]
      [Ref Enq: 0.0 ms]
      [Free CSet: 0.2 ms]
   [Eden: 181.0M(181.0M)->0.0B(185.0M) Survivors: 18.0M->25.0M Heap: 1218.5M(2048.0M)->1156.0M(2048.0M)]
 [Times: user=0.45 sys=0.01, real=0.13 secs] 
61.728: [GC concurrent-mark-end, 0.6314450 secs]
61.729: [GC remark 61.730: [GC ref-proc, 0.0012377 secs], 0.0041998 secs]
 [Times: user=0.00 sys=0.00, real=0.00 secs] 
61.733: [GC cleanup 1197M->551M(2048M), 0.0022938 secs]
 [Times: user=0.00 sys=0.00, real=0.00 secs] 
61.736: [GC concurrent-cleanup-start]
61.736: [GC concurrent-cleanup-end, 0.0008089 secs]
61.867: [GC pause (young), 0.1480006 secs]
   [Parallel Time: 146.0 ms, GC Workers: 4]
      [GC Worker Start (ms): Min: 61867.6, Avg: 61867.6, Max: 61867.6, Diff: 0.0]
      [Ext Root Scanning (ms): Min: 0.9, Avg: 0.9, Max: 0.9, Diff: 0.0, Sum: 3.5]
      [Update RS (ms): Min: 29.7, Avg: 30.0, Max: 30.9, Diff: 1.2, Sum: 120.1]
         [Processed Buffers: Min: 184, Avg: 209.5, Max: 218, Diff: 34, Sum: 838]
      [Scan RS (ms): Min: 0.0, Avg: 0.5, Max: 0.7, Diff: 0.7, Sum: 2.1]
      [Object Copy (ms): Min: 114.2, Avg: 114.5, Max: 114.7, Diff: 0.5, Sum: 458.2]
      [Termination (ms): Min: 0.0, Avg: 0.0, Max: 0.0, Diff: 0.0, Sum: 0.0]
      [GC Worker Other (ms): Min: 0.0, Avg: 0.0, Max: 0.0, Diff: 0.0, Sum: 0.1]
      [GC Worker Total (ms): Min: 146.0, Avg: 146.0, Max: 146.0, Diff: 0.0, Sum: 584.0]
      [GC Worker End (ms): Min: 62013.6, Avg: 62013.6, Max: 62013.6, Diff: 0.0]
   [Code Root Fixup: 0.0 ms]
   [Clear CT: 0.3 ms]
   [Other: 1.7 ms]
      [Choose CSet: 0.0 ms]
      [Ref Proc: 0.4 ms]
      [Ref Enq: 0.0 ms]
      [Free CSet: 0.2 ms]
   [Eden: 185.0M(185.0M)->0.0B(197.0M) Survivors: 25.0M->27.0M Heap: 695.0M(2048.0M)->619.0M(2048.0M)]
 [Times: user=0.51 sys=0.00, real=0.15 secs] 
62.218: [GC pause (young), 0.1308494 secs]
   [Parallel Time: 129.2 ms, GC Workers: 4]
      [GC Worker Start (ms): Min: 62218.7, Avg: 62218.7, Max: 62218.7, Diff: 0.0]
      [Ext Root Scanning (ms): Min: 1.0, Avg: 1.1, Max: 1.1, Diff: 0.1, Sum: 4.3]
      [Update RS (ms): Min: 18.7, Avg: 18.8, Max: 18.9, Diff: 0.1, Sum: 75.2]
         [Processed Buffers: Min: 121, Avg: 180.3, Max: 230, Diff: 109, Sum: 721]
      [Scan RS (ms): Min: 0.1, Avg: 0.2, Max: 0.2, Diff: 0.2, Sum: 0.7]
      [Object Copy (ms): Min: 105.5, Avg: 106.3, Max: 108.8, Diff: 3.3, Sum: 425.3]
      [Termination (ms): Min: 0.0, Avg: 2.5, Max: 3.6, Diff: 3.6, Sum: 10.2]
      [GC Worker Other (ms): Min: 0.0, Avg: 0.0, Max: 0.0, Diff: 0.0, Sum: 0.0]
      [GC Worker Total (ms): Min: 128.8, Avg: 128.9, Max: 129.1, Diff: 0.3, Sum: 515.6]
      [GC Worker End (ms): Min: 62347.5, Avg: 62347.6, Max: 62347.8, Diff: 0.3]
   [Code Root Fixup: 0.0 ms]
   [Clear CT: 0.1 ms]
   [Other: 1.6 ms]
      [Choose CSet: 0.0 ms]
      [Ref Proc: 0.2 ms]
      [Ref Enq: 0.0 ms]
      [Free CSet: 0.2 ms]
   [Eden: 197.0M(197.0M)->0.0B(234.0M) Survivors: 27.0M->28.0M Heap: 816.0M(2048.0M)->717.5M(2048.0M)]
 [Times: user=0.51 sys=0.00, real=0.13 secs] 
62.559: [GC pause (young), 0.1532633 secs]
   [Parallel Time: 151.3 ms, GC Workers: 4]
      [GC Worker Start (ms): Min: 62558.9, Avg: 62559.0, Max: 62559.0, Diff: 0.0]
      [Ext Root Scanning (ms): Min: 0.9, Avg: 0.9, Max: 0.9, Diff: 0.0, Sum: 3.4]
      [Update RS (ms): Min: 20.3, Avg: 20.3, Max: 20.3, Diff: 0.0, Sum: 81.2]
         [Processed Buffers: Min: 142, Avg: 161.8, Max: 172, Diff: 30, Sum: 647]
      [Scan RS (ms): Min: 0.2, Avg: 0.2, Max: 0.3, Diff: 0.1, Sum: 1.0]
      [Object Copy (ms): Min: 129.8, Avg: 129.8, Max: 129.9, Diff: 0.1, Sum: 519.3]
      [Termination (ms): Min: 0.0, Avg: 0.0, Max: 0.0, Diff: 0.0, Sum: 0.0]
      [GC Worker Other (ms): Min: 0.0, Avg: 0.0, Max: 0.0, Diff: 0.0, Sum: 0.1]
      [GC Worker Total (ms): Min: 151.2, Avg: 151.3, Max: 151.3, Diff: 0.0, Sum: 605.0]
      [GC Worker End (ms): Min: 62710.2, Avg: 62710.2, Max: 62710.2, Diff: 0.0]
   [Code Root Fixup: 0.0 ms]
   [Clear CT: 0.1 ms]
   [Other: 1.8 ms]
      [Choose CSet: 0.0 ms]
      [Ref Proc: 0.1 ms]
      [Ref Enq: 0.0 ms]
      [Free CSet: 0.4 ms]
   [Eden: 234.0M(234.0M)->0.0B(237.0M) Survivors: 28.0M->33.0M Heap: 951.5M(2048.0M)->840.5M(2048.0M)]
 [Times: user=0.58 sys=0.00, real=0.15 secs] 
62.954: [GC pause (young), 0.1710626 secs]
   [Parallel Time: 167.6 ms, GC Workers: 4]
      [GC Worker Start (ms): Min: 62954.6, Avg: 62954.6, Max: 62954.6, Diff: 0.0]
      [Ext Root Scanning (ms): Min: 0.9, Avg: 0.9, Max: 0.9, Diff: 0.0, Sum: 3.6]
      [Update RS (ms): Min: 18.7, Avg: 18.8, Max: 18.9, Diff: 0.1, Sum: 75.1]
         [Processed Buffers: Min: 172, Avg: 182.8, Max: 199, Diff: 27, Sum: 731]
      [Scan RS (ms): Min: 0.1, Avg: 0.2, Max: 0.2, Diff: 0.1, Sum: 0.8]
      [Object Copy (ms): Min: 147.7, Avg: 147.7, Max: 147.7, Diff: 0.0, Sum: 590.7]
      [Termination (ms): Min: 0.0, Avg: 0.0, Max: 0.0, Diff: 0.0, Sum: 0.0]
      [GC Worker Other (ms): Min: 0.0, Avg: 0.0, Max: 0.0, Diff: 0.0, Sum: 0.1]
      [GC Worker Total (ms): Min: 167.5, Avg: 167.5, Max: 167.5, Diff: 0.0, Sum: 670.2]
      [GC Worker End (ms): Min: 63122.1, Avg: 63122.1, Max: 63122.1, Diff: 0.0]
   [Code Root Fixup: 0.0 ms]
   [Clear CT: 0.1 ms]
   [Other: 3.3 ms]
      [Choose CSet: 0.0 ms]
      [Ref Proc: 1.7 ms]
      [Ref Enq: 0.0 ms]
      [Free CSet: 0.2 ms]
   [Eden: 237.0M(237.0M)->0.0B(239.0M) Survivors: 33.0M->34.0M Heap: 1077.5M(2048.0M)->975.5M(2048.0M)]
 [Times: user=0.58 sys=0.00, real=0.17 secs] 
63.361: [GC pause (young) (initial-mark), 0.1441859 secs]
   [Parallel Time: 141.9 ms, GC Workers: 4]
      [GC Worker Start (ms): Min: 63361.8, Avg: 63362.2, Max: 63363.1, Diff: 1.3]
      [Ext Root Scanning (ms): Min: 0.0, Avg: 0.9, Max: 1.2, Diff: 1.2, Sum: 3.5]
      [Update RS (ms): Min: 20.4, Avg: 20.7, Max: 21.4, Diff: 0.9, Sum: 82.8]
         [Processed Buffers: Min: 152, Avg: 184.5, Max: 196, Diff: 44, Sum: 738]
      [Scan RS (ms): Min: 0.0, Avg: 0.2, Max: 0.4, Diff: 0.4, Sum: 1.0]
      [Object Copy (ms): Min: 119.2, Avg: 119.7, Max: 120.0, Diff: 0.8, Sum: 479.0]
      [Termination (ms): Min: 0.0, Avg: 0.0, Max: 0.0, Diff: 0.0, Sum: 0.0]
      [GC Worker Other (ms): Min: 0.0, Avg: 0.0, Max: 0.0, Diff: 0.0, Sum: 0.1]
      [GC Worker Total (ms): Min: 140.6, Avg: 141.6, Max: 141.9, Diff: 1.3, Sum: 566.4]
      [GC Worker End (ms): Min: 63503.7, Avg: 63503.8, Max: 63503.8, Diff: 0.0]
   [Code Root Fixup: 0.0 ms]
   [Clear CT: 0.2 ms]
   [Other: 2.0 ms]
      [Choose CSet: 0.0 ms]
      [Ref Proc: 0.1 ms]
      [Ref Enq: 0.0 ms]
      [Free CSet: 0.2 ms]
   [Eden: 239.0M(239.0M)->0.0B(265.0M) Survivors: 34.0M->35.0M Heap: 1214.5M(2048.0M)->1085.0M(2048.0M)]
 [Times: user=0.53 sys=0.00, real=0.14 secs] 
63.506: [GC concurrent-root-region-scan-start]
63.558: [GC concurrent-root-region-scan-end, 0.0526371 secs]
63.558: [GC concurrent-mark-start]
63.786: [GC pause (young), 0.1544951 secs]
   [Parallel Time: 152.7 ms, GC Workers: 4]
      [GC Worker Start (ms): Min: 63786.6, Avg: 63786.7, Max: 63786.7, Diff: 0.1]
      [Ext Root Scanning (ms): Min: 0.8, Avg: 0.9, Max: 1.0, Diff: 0.1, Sum: 3.7]
      [SATB Filtering (ms): Min: 0.0, Avg: 0.7, Max: 2.7, Diff: 2.7, Sum: 2.7]
      [Update RS (ms): Min: 16.0, Avg: 18.0, Max: 18.8, Diff: 2.8, Sum: 72.1]
         [Processed Buffers: Min: 164, Avg: 189.3, Max: 214, Diff: 50, Sum: 757]
      [Scan RS (ms): Min: 0.7, Avg: 0.8, Max: 0.8, Diff: 0.1, Sum: 3.2]
      [Object Copy (ms): Min: 132.2, Avg: 132.2, Max: 132.2, Diff: 0.0, Sum: 528.8]
      [Termination (ms): Min: 0.0, Avg: 0.0, Max: 0.0, Diff: 0.0, Sum: 0.0]
      [GC Worker Other (ms): Min: 0.0, Avg: 0.0, Max: 0.0, Diff: 0.0, Sum: 0.1]
      [GC Worker Total (ms): Min: 152.6, Avg: 152.7, Max: 152.7, Diff: 0.1, Sum: 610.6]
      [GC Worker End (ms): Min: 63939.3, Avg: 63939.3, Max: 63939.3, Diff: 0.0]
   [Code Root Fixup: 0.0 ms]
   [Clear CT: 0.2 ms]
   [Other: 1.6 ms]
      [Choose CSet: 0.0 ms]
      [Ref Proc: 0.0 ms]
      [Ref Enq: 0.0 ms]
      [Free CSet: 0.2 ms]
   [Eden: 265.0M(265.0M)->0.0B(275.0M) Survivors: 35.0M->38.0M Heap: 1350.0M(2048.0M)->1199.0M(2048.0M)]
 [Times: user=0.53 sys=0.00, real=0.15 secs] 
64.167: [GC pause (young), 0.1090286 secs]
   [Parallel Time: 106.5 ms, GC Workers: 4]
      [GC Worker Start (ms): Min: 64167.5, Avg: 64167.5, Max: 64167.5, Diff: 0.0]
      [Ext Root Scanning (ms): Min: 1.2, Avg: 1.2, Max: 1.4, Diff: 0.2, Sum: 4.9]
      [SATB Filtering (ms): Min: 0.0, Avg: 0.7, Max: 2.9, Diff: 2.9, Sum: 2.9]
      [Update RS (ms): Min: 18.3, Avg: 20.5, Max: 21.3, Diff: 3.0, Sum: 82.1]
         [Processed Buffers: Min: 159, Avg: 186.8, Max: 214, Diff: 55, Sum: 747]
      [Scan RS (ms): Min: 0.7, Avg: 0.9, Max: 1.0, Diff: 0.3, Sum: 3.7]
      [Object Copy (ms): Min: 82.2, Avg: 82.4, Max: 82.6, Diff: 0.4, Sum: 329.5]
      [Termination (ms): Min: 0.0, Avg: 0.0, Max: 0.0, Diff: 0.0, Sum: 0.0]
      [GC Worker Other (ms): Min: 0.0, Avg: 0.0, Max: 0.2, Diff: 0.1, Sum: 0.2]
      [GC Worker Total (ms): Min: 105.7, Avg: 105.8, Max: 106.0, Diff: 0.4, Sum: 423.3]
      [GC Worker End (ms): Min: 64273.2, Avg: 64273.3, Max: 64273.5, Diff: 0.4]
   [Code Root Fixup: 0.0 ms]
   [Clear CT: 0.2 ms]
   [Other: 2.3 ms]
      [Choose CSet: 0.0 ms]
      [Ref Proc: 1.1 ms]
      [Ref Enq: 0.0 ms]
      [Free CSet: 0.2 ms]
   [Eden: 275.0M(275.0M)->0.0B(335.0M) Survivors: 38.0M->40.0M Heap: 1474.0M(2048.0M)->1263.0M(2048.0M)]
 [Times: user=0.42 sys=0.00, real=0.11 secs] 
64.351: [GC concurrent-mark-end, 0.7921647 secs]
64.351: [GC remark 64.351: [GC ref-proc, 0.0012303 secs], 0.0023736 secs]
 [Times: user=0.00 sys=0.00, real=0.00 secs] 
64.354: [GC cleanup 1353M->750M(2048M), 0.0012486 secs]
 [Times: user=0.00 sys=0.00, real=0.00 secs] 
64.355: [GC concurrent-cleanup-start]
64.356: [GC concurrent-cleanup-end, 0.0006594 secs]
64.597: [GC pause (young), 0.2321138 secs]
   [Parallel Time: 228.1 ms, GC Workers: 4]
      [GC Worker Start (ms): Min: 64597.3, Avg: 64597.3, Max: 64597.4, Diff: 0.0]
      [Ext Root Scanning (ms): Min: 0.9, Avg: 0.9, Max: 0.9, Diff: 0.0, Sum: 3.7]
      [Update RS (ms): Min: 19.0, Avg: 19.0, Max: 19.1, Diff: 0.1, Sum: 76.1]
         [Processed Buffers: Min: 123, Avg: 124.8, Max: 127, Diff: 4, Sum: 499]
      [Scan RS (ms): Min: 0.2, Avg: 0.2, Max: 0.2, Diff: 0.0, Sum: 0.8]
      [Object Copy (ms): Min: 207.9, Avg: 207.9, Max: 207.9, Diff: 0.0, Sum: 831.6]
      [Termination (ms): Min: 0.0, Avg: 0.0, Max: 0.0, Diff: 0.0, Sum: 0.0]
      [GC Worker Other (ms): Min: 0.0, Avg: 0.0, Max: 0.0, Diff: 0.0, Sum: 0.1]
      [GC Worker Total (ms): Min: 228.0, Avg: 228.1, Max: 228.1, Diff: 0.0, Sum: 912.2]
      [GC Worker End (ms): Min: 64825.4, Avg: 64825.4, Max: 64825.4, Diff: 0.0]
   [Code Root Fixup: 0.0 ms]
   [Clear CT: 1.0 ms]
   [Other: 3.0 ms]
      [Choose CSet: 0.0 ms]
      [Ref Proc: 0.7 ms]
      [Ref Enq: 0.0 ms]
      [Free CSet: 0.3 ms]
   [Eden: 335.0M(335.0M)->0.0B(55.0M) Survivors: 40.0M->47.0M Heap: 995.0M(2048.0M)->871.0M(2048.0M)]
 [Times: user=0.87 sys=0.00, real=0.23 secs] 
64.948: [GC pause (mixed), 0.0905699 secs]
   [Parallel Time: 89.2 ms, GC Workers: 4]
      [GC Worker Start (ms): Min: 64948.5, Avg: 64948.6, Max: 64948.6, Diff: 0.1]
      [Ext Root Scanning (ms): Min: 0.9, Avg: 0.9, Max: 0.9, Diff: 0.1, Sum: 3.7]
      [Update RS (ms): Min: 31.7, Avg: 31.9, Max: 32.3, Diff: 0.6, Sum: 127.4]
         [Processed Buffers: Min: 164, Avg: 169.5, Max: 174, Diff: 10, Sum: 678]
      [Scan RS (ms): Min: 1.0, Avg: 1.4, Max: 1.6, Diff: 0.6, Sum: 5.7]
      [Object Copy (ms): Min: 54.9, Avg: 55.0, Max: 55.0, Diff: 0.1, Sum: 219.8]
      [Termination (ms): Min: 0.0, Avg: 0.0, Max: 0.0, Diff: 0.0, Sum: 0.0]
      [GC Worker Other (ms): Min: 0.0, Avg: 0.0, Max: 0.0, Diff: 0.0, Sum: 0.1]
      [GC Worker Total (ms): Min: 89.1, Avg: 89.2, Max: 89.2, Diff: 0.1, Sum: 356.6]
      [GC Worker End (ms): Min: 65037.7, Avg: 65037.7, Max: 65037.7, Diff: 0.0]
   [Code Root Fixup: 0.0 ms]
   [Clear CT: 0.1 ms]
   [Other: 1.3 ms]
      [Choose CSet: 0.0 ms]
      [Ref Proc: 0.0 ms]
      [Ref Enq: 0.0 ms]
      [Free CSet: 0.2 ms]
   [Eden: 55.0M(55.0M)->0.0B(287.0M) Survivors: 47.0M->3072.0K Heap: 926.0M(2048.0M)->852.5M(2048.0M)]
 [Times: user=0.34 sys=0.00, real=0.09 secs] 
65.325: [GC pause (young), 0.1841101 secs]
   [Parallel Time: 181.4 ms, GC Workers: 4]
      [GC Worker Start (ms): Min: 65325.4, Avg: 65325.4, Max: 65325.4, Diff: 0.0]
      [Ext Root Scanning (ms): Min: 0.9, Avg: 0.9, Max: 1.1, Diff: 0.2, Sum: 3.8]
      [Update RS (ms): Min: 16.2, Avg: 16.3, Max: 16.3, Diff: 0.2, Sum: 65.0]
         [Processed Buffers: Min: 222, Avg: 267.3, Max: 310, Diff: 88, Sum: 1069]
      [Scan RS (ms): Min: 0.1, Avg: 0.1, Max: 0.1, Diff: 0.0, Sum: 0.4]
      [Object Copy (ms): Min: 163.7, Avg: 163.7, Max: 163.7, Diff: 0.0, Sum: 655.0]
      [Termination (ms): Min: 0.0, Avg: 0.0, Max: 0.0, Diff: 0.0, Sum: 0.0]
      [GC Worker Other (ms): Min: 0.0, Avg: 0.0, Max: 0.0, Diff: 0.0, Sum: 0.1]
      [GC Worker Total (ms): Min: 181.0, Avg: 181.0, Max: 181.1, Diff: 0.0, Sum: 724.2]
      [GC Worker End (ms): Min: 65506.5, Avg: 65506.5, Max: 65506.5, Diff: 0.0]
   [Code Root Fixup: 0.0 ms]
   [Clear CT: 0.1 ms]
   [Other: 2.6 ms]
      [Choose CSet: 0.0 ms]
      [Ref Proc: 0.9 ms]
      [Ref Enq: 0.0 ms]
      [Free CSet: 0.3 ms]
   [Eden: 287.0M(287.0M)->0.0B(177.0M) Survivors: 3072.0K->37.0M Heap: 1139.5M(2048.0M)->1039.0M(2048.0M)]
 [Times: user=0.64 sys=0.00, real=0.18 secs] 
65.682: [GC pause (young) (initial-mark), 0.1155283 secs]
   [Parallel Time: 113.3 ms, GC Workers: 4]
      [GC Worker Start (ms): Min: 65682.9, Avg: 65682.9, Max: 65682.9, Diff: 0.0]
      [Ext Root Scanning (ms): Min: 0.8, Avg: 0.9, Max: 0.9, Diff: 0.1, Sum: 3.5]
      [Update RS (ms): Min: 20.1, Avg: 20.1, Max: 20.1, Diff: 0.1, Sum: 80.3]
         [Processed Buffers: Min: 165, Avg: 175.3, Max: 193, Diff: 28, Sum: 701]
      [Scan RS (ms): Min: 1.8, Avg: 1.9, Max: 1.9, Diff: 0.1, Sum: 7.4]
      [Object Copy (ms): Min: 90.4, Avg: 90.4, Max: 90.5, Diff: 0.1, Sum: 361.8]
      [Termination (ms): Min: 0.0, Avg: 0.0, Max: 0.0, Diff: 0.0, Sum: 0.0]
      [GC Worker Other (ms): Min: 0.0, Avg: 0.0, Max: 0.0, Diff: 0.0, Sum: 0.1]
      [GC Worker Total (ms): Min: 113.3, Avg: 113.3, Max: 113.3, Diff: 0.0, Sum: 453.0]
      [GC Worker End (ms): Min: 65796.2, Avg: 65796.2, Max: 65796.2, Diff: 0.0]
   [Code Root Fixup: 0.0 ms]
   [Clear CT: 0.6 ms]
   [Other: 1.7 ms]
      [Choose CSet: 0.0 ms]
      [Ref Proc: 0.0 ms]
      [Ref Enq: 0.0 ms]
      [Free CSet: 0.2 ms]
   [Eden: 177.0M(177.0M)->0.0B(222.0M) Survivors: 37.0M->27.0M Heap: 1216.0M(2048.0M)->1110.5M(2048.0M)]
 [Times: user=0.44 sys=0.00, real=0.12 secs] 
65.798: [GC concurrent-root-region-scan-start]
65.832: [GC concurrent-root-region-scan-end, 0.0333738 secs]
65.832: [GC concurrent-mark-start]
66.048: [GC pause (young), 0.1274347 secs]
   [Parallel Time: 126.0 ms, GC Workers: 4]
      [GC Worker Start (ms): Min: 66048.6, Avg: 66048.6, Max: 66048.6, Diff: 0.0]
      [Ext Root Scanning (ms): Min: 0.9, Avg: 1.1, Max: 1.5, Diff: 0.6, Sum: 4.2]
      [SATB Filtering (ms): Min: 0.0, Avg: 0.7, Max: 2.8, Diff: 2.8, Sum: 2.8]
      [Update RS (ms): Min: 15.3, Avg: 17.3, Max: 18.1, Diff: 2.8, Sum: 69.0]
         [Processed Buffers: Min: 147, Avg: 165.3, Max: 194, Diff: 47, Sum: 661]
      [Scan RS (ms): Min: 0.3, Avg: 0.3, Max: 0.3, Diff: 0.0, Sum: 1.1]
      [Object Copy (ms): Min: 106.7, Avg: 106.7, Max: 106.7, Diff: 0.0, Sum: 426.8]
      [Termination (ms): Min: 0.0, Avg: 0.0, Max: 0.0, Diff: 0.0, Sum: 0.0]
      [GC Worker Other (ms): Min: 0.0, Avg: 0.0, Max: 0.0, Diff: 0.0, Sum: 0.1]
      [GC Worker Total (ms): Min: 126.0, Avg: 126.0, Max: 126.0, Diff: 0.0, Sum: 503.9]
      [GC Worker End (ms): Min: 66174.6, Avg: 66174.6, Max: 66174.6, Diff: 0.0]
   [Code Root Fixup: 0.0 ms]
   [Clear CT: 0.1 ms]
   [Other: 1.3 ms]
      [Choose CSet: 0.0 ms]
      [Ref Proc: 0.0 ms]
      [Ref Enq: 0.0 ms]
      [Free CSet: 0.2 ms]
   [Eden: 222.0M(222.0M)->0.0B(262.0M) Survivors: 27.0M->32.0M Heap: 1332.5M(2048.0M)->1211.5M(2048.0M)]
 [Times: user=0.47 sys=0.00, real=0.13 secs] 
66.435: [GC concurrent-mark-end, 0.6035119 secs]
66.436: [GC remark 66.437: [GC ref-proc, 0.0012261 secs], 0.0041873 secs]
 [Times: user=0.00 sys=0.00, real=0.00 secs] 
66.440: [GC cleanup 1443M->703M(2048M), 0.0016373 secs]
 [Times: user=0.00 sys=0.00, real=0.00 secs] 
66.442: [GC concurrent-cleanup-start]
66.443: [GC concurrent-cleanup-end, 0.0011722 secs]
66.473: [GC pause (young), 0.1515519 secs]
   [Parallel Time: 149.8 ms, GC Workers: 4]
      [GC Worker Start (ms): Min: 66473.1, Avg: 66473.1, Max: 66473.1, Diff: 0.0]
      [Ext Root Scanning (ms): Min: 0.9, Avg: 0.9, Max: 0.9, Diff: 0.0, Sum: 3.5]
      [Update RS (ms): Min: 19.5, Avg: 19.6, Max: 19.7, Diff: 0.2, Sum: 78.2]
         [Processed Buffers: Min: 147, Avg: 188.8, Max: 223, Diff: 76, Sum: 755]
      [Scan RS (ms): Min: 0.0, Avg: 0.2, Max: 0.3, Diff: 0.3, Sum: 0.8]
      [Object Copy (ms): Min: 129.0, Avg: 129.1, Max: 129.1, Diff: 0.1, Sum: 516.4]
      [Termination (ms): Min: 0.0, Avg: 0.0, Max: 0.0, Diff: 0.0, Sum: 0.0]
      [GC Worker Other (ms): Min: 0.0, Avg: 0.0, Max: 0.0, Diff: 0.0, Sum: 0.1]
      [GC Worker Total (ms): Min: 149.8, Avg: 149.8, Max: 149.8, Diff: 0.0, Sum: 599.0]
      [GC Worker End (ms): Min: 66622.9, Avg: 66622.9, Max: 66622.9, Diff: 0.0]
   [Code Root Fixup: 0.0 ms]
   [Clear CT: 0.1 ms]
   [Other: 1.7 ms]
      [Choose CSet: 0.0 ms]
      [Ref Proc: 0.0 ms]
      [Ref Enq: 0.0 ms]
      [Free CSet: 0.3 ms]
   [Eden: 262.0M(262.0M)->0.0B(267.0M) Survivors: 32.0M->37.0M Heap: 733.5M(2048.0M)->595.5M(2048.0M)]
 [Times: user=0.58 sys=0.00, real=0.15 secs] 
66.859: [GC pause (young), 0.1662178 secs]
   [Parallel Time: 164.3 ms, GC Workers: 4]
      [GC Worker Start (ms): Min: 66859.2, Avg: 66859.2, Max: 66859.2, Diff: 0.0]
      [Ext Root Scanning (ms): Min: 0.9, Avg: 0.9, Max: 0.9, Diff: 0.0, Sum: 3.7]
      [Update RS (ms): Min: 21.4, Avg: 21.6, Max: 22.2, Diff: 0.9, Sum: 86.4]
         [Processed Buffers: Min: 127, Avg: 175.5, Max: 214, Diff: 87, Sum: 702]
      [Scan RS (ms): Min: 1.1, Avg: 1.7, Max: 1.9, Diff: 0.8, Sum: 6.8]
      [Object Copy (ms): Min: 140.0, Avg: 140.0, Max: 140.0, Diff: 0.0, Sum: 560.0]
      [Termination (ms): Min: 0.0, Avg: 0.0, Max: 0.0, Diff: 0.0, Sum: 0.0]
      [GC Worker Other (ms): Min: 0.0, Avg: 0.0, Max: 0.0, Diff: 0.0, Sum: 0.1]
      [GC Worker Total (ms): Min: 164.2, Avg: 164.2, Max: 164.3, Diff: 0.0, Sum: 657.0]
      [GC Worker End (ms): Min: 67023.4, Avg: 67023.4, Max: 67023.4, Diff: 0.0]
   [Code Root Fixup: 0.0 ms]
   [Clear CT: 0.2 ms]
   [Other: 1.7 ms]
      [Choose CSet: 0.0 ms]
      [Ref Proc: 0.1 ms]
      [Ref Enq: 0.0 ms]
      [Free CSet: 0.3 ms]
   [Eden: 267.0M(267.0M)->0.0B(256.0M) Survivors: 37.0M->38.0M Heap: 862.5M(2048.0M)->718.0M(2048.0M)]
 [Times: user=0.61 sys=0.02, real=0.17 secs] 
67.292: [GC pause (young), 0.1884382 secs]
   [Parallel Time: 186.0 ms, GC Workers: 4]
      [GC Worker Start (ms): Min: 67292.0, Avg: 67292.0, Max: 67292.1, Diff: 0.0]
      [Ext Root Scanning (ms): Min: 1.0, Avg: 1.0, Max: 1.0, Diff: 0.1, Sum: 4.0]
      [Update RS (ms): Min: 19.2, Avg: 19.9, Max: 20.5, Diff: 1.4, Sum: 79.8]
         [Processed Buffers: Min: 136, Avg: 173.0, Max: 228, Diff: 92, Sum: 692]
      [Scan RS (ms): Min: 0.1, Avg: 0.7, Max: 1.5, Diff: 1.3, Sum: 3.0]
      [Object Copy (ms): Min: 164.2, Avg: 164.2, Max: 164.3, Diff: 0.1, Sum: 657.0]
      [Termination (ms): Min: 0.0, Avg: 0.0, Max: 0.0, Diff: 0.0, Sum: 0.1]
      [GC Worker Other (ms): Min: 0.0, Avg: 0.0, Max: 0.0, Diff: 0.0, Sum: 0.0]
      [GC Worker Total (ms): Min: 185.9, Avg: 186.0, Max: 186.0, Diff: 0.0, Sum: 743.9]
      [GC Worker End (ms): Min: 67478.0, Avg: 67478.0, Max: 67478.0, Diff: 0.0]
   [Code Root Fixup: 0.0 ms]
   [Clear CT: 0.1 ms]
   [Other: 2.3 ms]
      [Choose CSet: 0.0 ms]
      [Ref Proc: 0.0 ms]
      [Ref Enq: 0.0 ms]
      [Free CSet: 0.2 ms]
   [Eden: 256.0M(256.0M)->0.0B(224.0M) Survivors: 38.0M->37.0M Heap: 974.0M(2048.0M)->880.0M(2048.0M)]
 [Times: user=0.73 sys=0.00, real=0.19 secs] 
67.731: [GC pause (young), 0.1410926 secs]
   [Parallel Time: 138.3 ms, GC Workers: 4]
      [GC Worker Start (ms): Min: 67731.2, Avg: 67731.2, Max: 67731.2, Diff: 0.0]
      [Ext Root Scanning (ms): Min: 0.5, Avg: 0.9, Max: 1.1, Diff: 0.6, Sum: 3.8]
      [Update RS (ms): Min: 21.5, Avg: 22.2, Max: 23.0, Diff: 1.5, Sum: 88.9]
         [Processed Buffers: Min: 121, Avg: 212.3, Max: 297, Diff: 176, Sum: 849]
      [Scan RS (ms): Min: 1.7, Avg: 2.4, Max: 3.2, Diff: 1.5, Sum: 9.6]
      [Object Copy (ms): Min: 112.3, Avg: 112.5, Max: 112.9, Diff: 0.6, Sum: 450.0]
      [Termination (ms): Min: 0.0, Avg: 0.0, Max: 0.0, Diff: 0.0, Sum: 0.0]
      [GC Worker Other (ms): Min: 0.0, Avg: 0.0, Max: 0.1, Diff: 0.1, Sum: 0.2]
      [GC Worker Total (ms): Min: 138.1, Avg: 138.1, Max: 138.2, Diff: 0.1, Sum: 552.5]
      [GC Worker End (ms): Min: 67869.3, Avg: 67869.3, Max: 67869.4, Diff: 0.1]
   [Code Root Fixup: 0.0 ms]
   [Clear CT: 0.2 ms]
   [Other: 2.6 ms]
      [Choose CSet: 0.0 ms]
      [Ref Proc: 0.9 ms]
      [Ref Enq: 0.0 ms]
      [Free CSet: 0.3 ms]
   [Eden: 224.0M(224.0M)->0.0B(285.0M) Survivors: 37.0M->33.0M Heap: 1104.0M(2048.0M)->974.5M(2048.0M)]
 [Times: user=0.55 sys=0.00, real=0.14 secs] 
68.164: [GC pause (young) (initial-mark), 0.2084100 secs]
   [Parallel Time: 206.1 ms, GC Workers: 4]
      [GC Worker Start (ms): Min: 68164.4, Avg: 68164.4, Max: 68164.4, Diff: 0.0]
      [Ext Root Scanning (ms): Min: 0.9, Avg: 0.9, Max: 0.9, Diff: 0.0, Sum: 3.5]
      [Update RS (ms): Min: 18.4, Avg: 18.4, Max: 18.5, Diff: 0.1, Sum: 73.8]
         [Processed Buffers: Min: 144, Avg: 159.3, Max: 174, Diff: 30, Sum: 637]
      [Scan RS (ms): Min: 3.6, Avg: 3.7, Max: 3.7, Diff: 0.1, Sum: 14.7]
      [Object Copy (ms): Min: 183.0, Avg: 183.0, Max: 183.0, Diff: 0.0, Sum: 732.1]
      [Termination (ms): Min: 0.0, Avg: 0.0, Max: 0.0, Diff: 0.0, Sum: 0.0]
      [GC Worker Other (ms): Min: 0.0, Avg: 0.0, Max: 0.0, Diff: 0.0, Sum: 0.1]
      [GC Worker Total (ms): Min: 206.0, Avg: 206.1, Max: 206.1, Diff: 0.0, Sum: 824.2]
      [GC Worker End (ms): Min: 68370.5, Avg: 68370.5, Max: 68370.5, Diff: 0.0]
   [Code Root Fixup: 0.0 ms]
   [Clear CT: 0.3 ms]
   [Other: 2.0 ms]
      [Choose CSet: 0.0 ms]
      [Ref Proc: 0.0 ms]
      [Ref Enq: 0.0 ms]
      [Free CSet: 0.3 ms]
   [Eden: 285.0M(285.0M)->0.0B(188.0M) Survivors: 33.0M->40.0M Heap: 1259.5M(2048.0M)->1155.0M(2048.0M)]
 [Times: user=0.73 sys=0.00, real=0.21 secs] 
68.373: [GC concurrent-root-region-scan-start]
68.415: [GC concurrent-root-region-scan-end, 0.0423972 secs]
68.415: [GC concurrent-mark-start]
68.616: [GC pause (young), 0.0729628 secs]
   [Parallel Time: 71.3 ms, GC Workers: 4]
      [GC Worker Start (ms): Min: 68615.9, Avg: 68615.9, Max: 68615.9, Diff: 0.0]
      [Ext Root Scanning (ms): Min: 0.9, Avg: 1.0, Max: 1.0, Diff: 0.0, Sum: 3.8]
      [SATB Filtering (ms): Min: 0.0, Avg: 0.1, Max: 0.3, Diff: 0.3, Sum: 0.3]
      [Update RS (ms): Min: 21.0, Avg: 21.2, Max: 21.3, Diff: 0.2, Sum: 84.8]
         [Processed Buffers: Min: 119, Avg: 123.8, Max: 130, Diff: 11, Sum: 495]
      [Scan RS (ms): Min: 1.2, Avg: 1.2, Max: 1.3, Diff: 0.1, Sum: 4.9]
      [Object Copy (ms): Min: 47.8, Avg: 47.8, Max: 47.8, Diff: 0.1, Sum: 191.2]
      [Termination (ms): Min: 0.0, Avg: 0.0, Max: 0.0, Diff: 0.0, Sum: 0.0]
      [GC Worker Other (ms): Min: 0.0, Avg: 0.0, Max: 0.0, Diff: 0.0, Sum: 0.1]
      [GC Worker Total (ms): Min: 71.3, Avg: 71.3, Max: 71.3, Diff: 0.0, Sum: 285.1]
      [GC Worker End (ms): Min: 68687.1, Avg: 68687.1, Max: 68687.2, Diff: 0.0]
   [Code Root Fixup: 0.0 ms]
   [Clear CT: 0.2 ms]
   [Other: 1.5 ms]
      [Choose CSet: 0.0 ms]
      [Ref Proc: 0.0 ms]
      [Ref Enq: 0.0 ms]
      [Free CSet: 0.3 ms]
   [Eden: 188.0M(188.0M)->0.0B(437.0M) Survivors: 40.0M->17.0M Heap: 1343.0M(2048.0M)->1172.5M(2048.0M)]
 [Times: user=0.23 sys=0.02, real=0.07 secs] 
68.992: [GC concurrent-mark-end, 0.5767671 secs]
68.992: [GC remark 68.993: [GC ref-proc, 0.0012040 secs], 0.0032168 secs]
 [Times: user=0.00 sys=0.00, real=0.00 secs] 
68.996: [GC cleanup 1532M->849M(2048M), 0.0013326 secs]
 [Times: user=0.00 sys=0.00, real=0.00 secs] 
68.997: [GC concurrent-cleanup-start]
68.998: [GC concurrent-cleanup-end, 0.0007704 secs]
69.076: [GC pause (young), 0.1506263 secs]
   [Parallel Time: 149.0 ms, GC Workers: 4]
      [GC Worker Start (ms): Min: 69076.7, Avg: 69076.7, Max: 69076.7, Diff: 0.0]
      [Ext Root Scanning (ms): Min: 0.9, Avg: 0.9, Max: 0.9, Diff: 0.0, Sum: 3.5]
      [Update RS (ms): Min: 16.4, Avg: 16.5, Max: 16.5, Diff: 0.0, Sum: 65.8]
         [Processed Buffers: Min: 175, Avg: 234.8, Max: 298, Diff: 123, Sum: 939]
      [Scan RS (ms): Min: 0.1, Avg: 0.2, Max: 0.2, Diff: 0.0, Sum: 0.6]
      [Object Copy (ms): Min: 131.4, Avg: 131.5, Max: 131.5, Diff: 0.0, Sum: 525.8]
      [Termination (ms): Min: 0.0, Avg: 0.0, Max: 0.0, Diff: 0.0, Sum: 0.0]
      [GC Worker Other (ms): Min: 0.0, Avg: 0.0, Max: 0.0, Diff: 0.0, Sum: 0.1]
      [GC Worker Total (ms): Min: 149.0, Avg: 149.0, Max: 149.0, Diff: 0.0, Sum: 595.9]
      [GC Worker End (ms): Min: 69225.7, Avg: 69225.7, Max: 69225.7, Diff: 0.0]
   [Code Root Fixup: 0.0 ms]
   [Clear CT: 0.1 ms]
   [Other: 1.5 ms]
      [Choose CSet: 0.0 ms]
      [Ref Proc: 0.0 ms]
      [Ref Enq: 0.0 ms]
      [Free CSet: 0.3 ms]
   [Eden: 437.0M(437.0M)->0.0B(45.0M) Survivors: 17.0M->57.0M Heap: 926.5M(2048.0M)->631.0M(2048.0M)]
 [Times: user=0.58 sys=0.00, real=0.15 secs] 
69.265: [GC pause (mixed), 0.0905244 secs]
   [Parallel Time: 88.7 ms, GC Workers: 4]
      [GC Worker Start (ms): Min: 69265.1, Avg: 69265.1, Max: 69265.1, Diff: 0.0]
      [Ext Root Scanning (ms): Min: 0.9, Avg: 0.9, Max: 0.9, Diff: 0.0, Sum: 3.5]
      [Update RS (ms): Min: 28.7, Avg: 28.7, Max: 28.8, Diff: 0.0, Sum: 115.0]
         [Processed Buffers: Min: 161, Avg: 166.3, Max: 170, Diff: 9, Sum: 665]
      [Scan RS (ms): Min: 1.1, Avg: 1.1, Max: 1.2, Diff: 0.1, Sum: 4.4]
      [Object Copy (ms): Min: 57.9, Avg: 58.0, Max: 58.0, Diff: 0.1, Sum: 231.9]
      [Termination (ms): Min: 0.0, Avg: 0.0, Max: 0.0, Diff: 0.0, Sum: 0.0]
      [GC Worker Other (ms): Min: 0.0, Avg: 0.0, Max: 0.0, Diff: 0.0, Sum: 0.0]
      [GC Worker Total (ms): Min: 88.7, Avg: 88.7, Max: 88.7, Diff: 0.0, Sum: 354.9]
      [GC Worker End (ms): Min: 69353.8, Avg: 69353.8, Max: 69353.8, Diff: 0.0]
   [Code Root Fixup: 0.0 ms]
   [Clear CT: 0.4 ms]
   [Other: 1.4 ms]
      [Choose CSet: 0.0 ms]
      [Ref Proc: 0.1 ms]
      [Ref Enq: 0.0 ms]
      [Free CSet: 0.2 ms]
   [Eden: 45.0M(45.0M)->0.0B(401.0M) Survivors: 57.0M->7168.0K Heap: 676.0M(2048.0M)->613.5M(2048.0M)]
 [Times: user=0.34 sys=0.00, real=0.09 secs] 
69.733: [GC pause (young), 0.2183498 secs]
   [Parallel Time: 216.2 ms, GC Workers: 4]
      [GC Worker Start (ms): Min: 69733.8, Avg: 69733.8, Max: 69733.8, Diff: 0.0]
      [Ext Root Scanning (ms): Min: 1.0, Avg: 1.0, Max: 1.0, Diff: 0.1, Sum: 4.1]
      [Update RS (ms): Min: 16.5, Avg: 17.1, Max: 18.2, Diff: 1.7, Sum: 68.5]
         [Processed Buffers: Min: 140, Avg: 222.0, Max: 320, Diff: 180, Sum: 888]
      [Scan RS (ms): Min: 0.0, Avg: 0.1, Max: 0.3, Diff: 0.3, Sum: 0.6]
      [Object Copy (ms): Min: 196.9, Avg: 197.9, Max: 198.4, Diff: 1.4, Sum: 791.5]
      [Termination (ms): Min: 0.0, Avg: 0.0, Max: 0.0, Diff: 0.0, Sum: 0.0]
      [GC Worker Other (ms): Min: 0.0, Avg: 0.0, Max: 0.0, Diff: 0.0, Sum: 0.2]
      [GC Worker Total (ms): Min: 216.2, Avg: 216.2, Max: 216.2, Diff: 0.0, Sum: 864.7]
      [GC Worker End (ms): Min: 69950.0, Avg: 69950.0, Max: 69950.0, Diff: 0.0]
   [Code Root Fixup: 0.0 ms]
   [Clear CT: 0.1 ms]
   [Other: 2.0 ms]
      [Choose CSet: 0.0 ms]
      [Ref Proc: 0.0 ms]
      [Ref Enq: 0.0 ms]
      [Free CSet: 0.3 ms]
   [Eden: 401.0M(401.0M)->0.0B(194.0M) Survivors: 7168.0K->51.0M Heap: 1014.5M(2048.0M)->857.5M(2048.0M)]
 [Times: user=0.84 sys=0.00, real=0.22 secs] 
70.155: [GC pause (young), 0.1382741 secs]
   [Parallel Time: 136.1 ms, GC Workers: 4]
      [GC Worker Start (ms): Min: 70155.9, Avg: 70155.9, Max: 70155.9, Diff: 0.0]
      [Ext Root Scanning (ms): Min: 0.9, Avg: 0.9, Max: 1.0, Diff: 0.0, Sum: 3.7]
      [Update RS (ms): Min: 20.5, Avg: 20.6, Max: 21.0, Diff: 0.4, Sum: 82.6]
         [Processed Buffers: Min: 191, Avg: 213.0, Max: 240, Diff: 49, Sum: 852]
      [Scan RS (ms): Min: 13.9, Avg: 14.2, Max: 14.3, Diff: 0.4, Sum: 56.9]
      [Object Copy (ms): Min: 99.1, Avg: 99.4, Max: 100.2, Diff: 1.2, Sum: 397.6]
      [Termination (ms): Min: 0.0, Avg: 0.8, Max: 1.1, Diff: 1.1, Sum: 3.3]
      [GC Worker Other (ms): Min: 0.0, Avg: 0.0, Max: 0.0, Diff: 0.0, Sum: 0.0]
      [GC Worker Total (ms): Min: 136.0, Avg: 136.0, Max: 136.1, Diff: 0.0, Sum: 544.1]
      [GC Worker End (ms): Min: 70291.9, Avg: 70291.9, Max: 70291.9, Diff: 0.1]
   [Code Root Fixup: 0.0 ms]
   [Clear CT: 0.1 ms]
   [Other: 2.1 ms]
      [Choose CSet: 0.0 ms]
      [Ref Proc: 0.2 ms]
      [Ref Enq: 0.0 ms]
      [Free CSet: 0.2 ms]
   [Eden: 170.0M(170.0M)->0.0B(131.0M) Survivors: 51.0M->28.0M Heap: 1027.5M(2048.0M)->923.5M(2048.0M)]
 [Times: user=0.53 sys=0.00, real=0.14 secs] 
70.444: [GC pause (young), 0.0669153 secs]
   [Parallel Time: 64.3 ms, GC Workers: 4]
      [GC Worker Start (ms): Min: 70444.1, Avg: 70444.1, Max: 70444.1, Diff: 0.0]
      [Ext Root Scanning (ms): Min: 0.9, Avg: 0.9, Max: 0.9, Diff: 0.0, Sum: 3.5]
      [Update RS (ms): Min: 18.5, Avg: 18.5, Max: 18.5, Diff: 0.0, Sum: 74.1]
         [Processed Buffers: Min: 155, Avg: 169.3, Max: 196, Diff: 41, Sum: 677]
      [Scan RS (ms): Min: 0.6, Avg: 0.6, Max: 0.6, Diff: 0.1, Sum: 2.3]
      [Object Copy (ms): Min: 44.2, Avg: 44.2, Max: 44.3, Diff: 0.1, Sum: 176.9]
      [Termination (ms): Min: 0.0, Avg: 0.0, Max: 0.0, Diff: 0.0, Sum: 0.0]
      [GC Worker Other (ms): Min: 0.0, Avg: 0.0, Max: 0.0, Diff: 0.0, Sum: 0.1]
      [GC Worker Total (ms): Min: 64.2, Avg: 64.2, Max: 64.2, Diff: 0.0, Sum: 256.9]
      [GC Worker End (ms): Min: 70508.3, Avg: 70508.3, Max: 70508.3, Diff: 0.0]
   [Code Root Fixup: 0.0 ms]
   [Clear CT: 0.5 ms]
   [Other: 2.1 ms]
      [Choose CSet: 0.0 ms]
      [Ref Proc: 1.1 ms]
      [Ref Enq: 0.0 ms]
      [Free CSet: 0.2 ms]
   [Eden: 131.0M(131.0M)->0.0B(244.0M) Survivors: 28.0M->20.0M Heap: 1054.5M(2048.0M)->946.0M(2048.0M)]
 [Times: user=0.23 sys=0.00, real=0.07 secs] 
70.755: [GC pause (young) (initial-mark), 0.2109745 secs]
   [Parallel Time: 208.8 ms, GC Workers: 4]
      [GC Worker Start (ms): Min: 70755.5, Avg: 70755.5, Max: 70755.5, Diff: 0.0]
      [Ext Root Scanning (ms): Min: 0.9, Avg: 1.0, Max: 1.0, Diff: 0.1, Sum: 3.9]
      [Update RS (ms): Min: 15.0, Avg: 15.1, Max: 15.1, Diff: 0.1, Sum: 60.3]
         [Processed Buffers: Min: 84, Avg: 86.8, Max: 91, Diff: 7, Sum: 347]
      [Scan RS (ms): Min: 0.0, Avg: 0.1, Max: 0.1, Diff: 0.0, Sum: 0.3]
      [Object Copy (ms): Min: 192.7, Avg: 192.7, Max: 192.7, Diff: 0.0, Sum: 770.8]
      [Termination (ms): Min: 0.0, Avg: 0.0, Max: 0.0, Diff: 0.0, Sum: 0.0]
      [GC Worker Other (ms): Min: 0.0, Avg: 0.0, Max: 0.0, Diff: 0.0, Sum: 0.1]
      [GC Worker Total (ms): Min: 208.8, Avg: 208.8, Max: 208.8, Diff: 0.0, Sum: 835.2]
      [GC Worker End (ms): Min: 70964.3, Avg: 70964.3, Max: 70964.3, Diff: 0.0]
   [Code Root Fixup: 0.0 ms]
   [Clear CT: 0.2 ms]
   [Other: 2.0 ms]
      [Choose CSet: 0.0 ms]
      [Ref Proc: 0.0 ms]
      [Ref Enq: 0.0 ms]
      [Free CSet: 0.2 ms]
   [Eden: 244.0M(244.0M)->0.0B(189.0M) Survivors: 20.0M->33.0M Heap: 1190.0M(2048.0M)->1157.0M(2048.0M)]
 [Times: user=0.76 sys=0.00, real=0.21 secs] 
70.967: [GC concurrent-root-region-scan-start]
71.047: [GC concurrent-root-region-scan-end, 0.0808056 secs]
71.047: [GC concurrent-mark-start]
71.209: [GC pause (young), 0.0715535 secs]
   [Parallel Time: 70.3 ms, GC Workers: 4]
      [GC Worker Start (ms): Min: 71209.1, Avg: 71209.1, Max: 71209.1, Diff: 0.0]
      [Ext Root Scanning (ms): Min: 0.9, Avg: 0.9, Max: 0.9, Diff: 0.0, Sum: 3.5]
      [SATB Filtering (ms): Min: 0.0, Avg: 0.1, Max: 0.4, Diff: 0.4, Sum: 0.4]
      [Update RS (ms): Min: 19.8, Avg: 20.1, Max: 20.2, Diff: 0.4, Sum: 80.5]
         [Processed Buffers: Min: 122, Avg: 143.0, Max: 152, Diff: 30, Sum: 572]
      [Scan RS (ms): Min: 6.3, Avg: 6.3, Max: 6.3, Diff: 0.1, Sum: 25.3]
      [Object Copy (ms): Min: 42.8, Avg: 42.8, Max: 42.8, Diff: 0.1, Sum: 171.3]
      [Termination (ms): Min: 0.0, Avg: 0.0, Max: 0.0, Diff: 0.0, Sum: 0.0]
      [GC Worker Other (ms): Min: 0.0, Avg: 0.0, Max: 0.0, Diff: 0.0, Sum: 0.1]
      [GC Worker Total (ms): Min: 70.2, Avg: 70.3, Max: 70.3, Diff: 0.0, Sum: 281.0]
      [GC Worker End (ms): Min: 71279.3, Avg: 71279.3, Max: 71279.3, Diff: 0.0]
   [Code Root Fixup: 0.0 ms]
   [Clear CT: 0.1 ms]
   [Other: 1.2 ms]
      [Choose CSet: 0.0 ms]
      [Ref Proc: 0.0 ms]
      [Ref Enq: 0.0 ms]
      [Free CSet: 0.2 ms]
   [Eden: 189.0M(189.0M)->0.0B(258.0M) Survivors: 33.0M->16.0M Heap: 1346.0M(2048.0M)->1173.5M(2048.0M)]
 [Times: user=0.25 sys=0.00, real=0.07 secs] 
71.491: [GC pause (young), 0.0950661 secs]
   [Parallel Time: 92.5 ms, GC Workers: 4]
      [GC Worker Start (ms): Min: 71491.4, Avg: 71491.4, Max: 71491.4, Diff: 0.0]
      [Ext Root Scanning (ms): Min: 1.1, Avg: 4.7, Max: 15.4, Diff: 14.3, Sum: 18.8]
      [SATB Filtering (ms): Min: 0.0, Avg: 0.8, Max: 3.2, Diff: 3.2, Sum: 3.2]
      [Update RS (ms): Min: 5.2, Avg: 16.9, Max: 26.7, Diff: 21.4, Sum: 67.6]
         [Processed Buffers: Min: 122, Avg: 221.0, Max: 290, Diff: 168, Sum: 884]
      [Scan RS (ms): Min: 0.0, Avg: 0.1, Max: 0.2, Diff: 0.2, Sum: 0.6]
      [Object Copy (ms): Min: 64.6, Avg: 69.9, Max: 71.7, Diff: 7.2, Sum: 279.5]
      [Termination (ms): Min: 0.0, Avg: 0.0, Max: 0.0, Diff: 0.0, Sum: 0.0]
      [GC Worker Other (ms): Min: 0.0, Avg: 0.0, Max: 0.0, Diff: 0.0, Sum: 0.1]
      [GC Worker Total (ms): Min: 92.4, Avg: 92.4, Max: 92.4, Diff: 0.0, Sum: 369.7]
      [GC Worker End (ms): Min: 71583.8, Avg: 71583.8, Max: 71583.8, Diff: 0.0]
   [Code Root Fixup: 0.0 ms]
   [Clear CT: 1.2 ms]
   [Other: 1.4 ms]
      [Choose CSet: 0.0 ms]
      [Ref Proc: 0.2 ms]
      [Ref Enq: 0.0 ms]
      [Free CSet: 0.3 ms]
   [Eden: 258.0M(258.0M)->0.0B(266.0M) Survivors: 16.0M->35.0M Heap: 1431.5M(2048.0M)->1246.5M(2048.0M)]
 [Times: user=0.33 sys=0.00, real=0.10 secs] 
71.630: [GC concurrent-mark-end, 0.5822813 secs]
71.630: [GC remark 71.631: [GC ref-proc, 0.0011995 secs], 0.0030058 secs]
 [Times: user=0.00 sys=0.00, real=0.00 secs] 
71.633: [GC cleanup 1302M->567M(2048M), 0.0012268 secs]
 [Times: user=0.00 sys=0.00, real=0.00 secs] 
71.635: [GC concurrent-cleanup-start]
71.636: [GC concurrent-cleanup-end, 0.0009035 secs]
71.847: [GC pause (young), 0.2342309 secs]
   [Parallel Time: 230.7 ms, GC Workers: 4]
      [GC Worker Start (ms): Min: 71847.0, Avg: 71849.4, Max: 71856.5, Diff: 9.5]
      [Ext Root Scanning (ms): Min: 0.1, Avg: 0.9, Max: 1.1, Diff: 1.0, Sum: 3.4]
      [Update RS (ms): Min: 14.1, Avg: 20.3, Max: 22.4, Diff: 8.3, Sum: 81.3]
         [Processed Buffers: Min: 74, Avg: 114.3, Max: 135, Diff: 61, Sum: 457]
      [Scan RS (ms): Min: 0.1, Avg: 0.1, Max: 0.1, Diff: 0.0, Sum: 0.5]
      [Object Copy (ms): Min: 206.8, Avg: 206.9, Max: 207.0, Diff: 0.1, Sum: 827.7]
      [Termination (ms): Min: 0.0, Avg: 0.0, Max: 0.0, Diff: 0.0, Sum: 0.0]
      [GC Worker Other (ms): Min: 0.0, Avg: 0.0, Max: 0.0, Diff: 0.0, Sum: 0.1]
      [GC Worker Total (ms): Min: 221.2, Avg: 228.3, Max: 230.6, Diff: 9.5, Sum: 913.1]
      [GC Worker End (ms): Min: 72077.7, Avg: 72077.7, Max: 72077.7, Diff: 0.0]
   [Code Root Fixup: 0.0 ms]
   [Clear CT: 1.7 ms]
   [Other: 1.9 ms]
      [Choose CSet: 0.0 ms]
      [Ref Proc: 0.1 ms]
      [Ref Enq: 0.0 ms]
      [Free CSet: 0.2 ms]
   [Eden: 266.0M(266.0M)->0.0B(64.0M) Survivors: 35.0M->38.0M Heap: 777.5M(2048.0M)->723.5M(2048.0M)]
 [Times: user=0.83 sys=0.00, real=0.23 secs] 
72.235: [GC pause (mixed), 0.0800879 secs]
   [Parallel Time: 78.9 ms, GC Workers: 4]
      [GC Worker Start (ms): Min: 72234.9, Avg: 72234.9, Max: 72234.9, Diff: 0.0]
      [Ext Root Scanning (ms): Min: 1.2, Avg: 6.8, Max: 22.7, Diff: 21.6, Sum: 27.3]
      [Update RS (ms): Min: 8.5, Avg: 24.4, Max: 30.0, Diff: 21.5, Sum: 97.5]
         [Processed Buffers: Min: 51, Avg: 134.3, Max: 166, Diff: 115, Sum: 537]
      [Scan RS (ms): Min: 4.7, Avg: 4.8, Max: 4.9, Diff: 0.2, Sum: 19.3]
      [Object Copy (ms): Min: 42.8, Avg: 42.8, Max: 42.9, Diff: 0.1, Sum: 171.4]
      [Termination (ms): Min: 0.0, Avg: 0.0, Max: 0.0, Diff: 0.0, Sum: 0.0]
      [GC Worker Other (ms): Min: 0.0, Avg: 0.0, Max: 0.0, Diff: 0.0, Sum: 0.1]
      [GC Worker Total (ms): Min: 78.9, Avg: 78.9, Max: 78.9, Diff: 0.0, Sum: 315.5]
      [GC Worker End (ms): Min: 72313.8, Avg: 72313.8, Max: 72313.8, Diff: 0.0]
   [Code Root Fixup: 0.0 ms]
   [Clear CT: 0.1 ms]
   [Other: 1.1 ms]
      [Choose CSet: 0.0 ms]
      [Ref Proc: 0.0 ms]
      [Ref Enq: 0.0 ms]
      [Free CSet: 0.1 ms]
   [Eden: 64.0M(64.0M)->0.0B(243.0M) Survivors: 38.0M->5120.0K Heap: 787.5M(2048.0M)->718.0M(2048.0M)]
 [Times: user=0.31 sys=0.00, real=0.08 secs] 
72.531: [GC pause (young), 0.1263597 secs]
   [Parallel Time: 125.0 ms, GC Workers: 4]
      [GC Worker Start (ms): Min: 72531.9, Avg: 72531.9, Max: 72531.9, Diff: 0.0]
      [Ext Root Scanning (ms): Min: 0.9, Avg: 1.1, Max: 1.5, Diff: 0.5, Sum: 4.3]
      [Update RS (ms): Min: 15.3, Avg: 15.3, Max: 15.4, Diff: 0.0, Sum: 61.4]
         [Processed Buffers: Min: 130, Avg: 260.0, Max: 345, Diff: 215, Sum: 1040]
      [Scan RS (ms): Min: 0.0, Avg: 0.1, Max: 0.2, Diff: 0.2, Sum: 0.4]
      [Object Copy (ms): Min: 108.1, Avg: 108.4, Max: 108.5, Diff: 0.4, Sum: 433.7]
      [Termination (ms): Min: 0.0, Avg: 0.0, Max: 0.0, Diff: 0.0, Sum: 0.0]
      [GC Worker Other (ms): Min: 0.0, Avg: 0.0, Max: 0.0, Diff: 0.0, Sum: 0.0]
      [GC Worker Total (ms): Min: 124.9, Avg: 125.0, Max: 125.0, Diff: 0.0, Sum: 499.8]
      [GC Worker End (ms): Min: 72656.9, Avg: 72656.9, Max: 72656.9, Diff: 0.0]
   [Code Root Fixup: 0.0 ms]
   [Clear CT: 0.1 ms]
   [Other: 1.3 ms]
      [Choose CSet: 0.0 ms]
      [Ref Proc: 0.0 ms]
      [Ref Enq: 0.0 ms]
      [Free CSet: 0.2 ms]
   [Eden: 243.0M(243.0M)->0.0B(194.0M) Survivors: 5120.0K->31.0M Heap: 961.0M(2048.0M)->845.5M(2048.0M)]
 [Times: user=0.48 sys=0.00, real=0.13 secs] 
72.829: [GC pause (young), 0.1328405 secs]
   [Parallel Time: 129.6 ms, GC Workers: 4]
      [GC Worker Start (ms): Min: 72829.2, Avg: 72829.2, Max: 72829.2, Diff: 0.0]
      [Ext Root Scanning (ms): Min: 0.9, Avg: 0.9, Max: 0.9, Diff: 0.0, Sum: 3.5]
      [Update RS (ms): Min: 18.4, Avg: 18.4, Max: 18.4, Diff: 0.0, Sum: 73.5]
         [Processed Buffers: Min: 152, Avg: 165.5, Max: 186, Diff: 34, Sum: 662]
      [Scan RS (ms): Min: 1.5, Avg: 1.5, Max: 1.5, Diff: 0.1, Sum: 6.0]
      [Object Copy (ms): Min: 108.7, Avg: 108.8, Max: 108.8, Diff: 0.1, Sum: 435.1]
      [Termination (ms): Min: 0.0, Avg: 0.0, Max: 0.0, Diff: 0.0, Sum: 0.0]
      [GC Worker Other (ms): Min: 0.0, Avg: 0.0, Max: 0.0, Diff: 0.0, Sum: 0.0]
      [GC Worker Total (ms): Min: 129.5, Avg: 129.6, Max: 129.6, Diff: 0.0, Sum: 518.2]
      [GC Worker End (ms): Min: 72958.8, Avg: 72958.8, Max: 72958.8, Diff: 0.0]
   [Code Root Fixup: 0.0 ms]
   [Clear CT: 0.3 ms]
   [Other: 3.0 ms]
      [Choose CSet: 0.0 ms]
      [Ref Proc: 1.6 ms]
      [Ref Enq: 0.0 ms]
      [Free CSet: 0.2 ms]
   [Eden: 194.0M(194.0M)->0.0B(235.0M) Survivors: 31.0M->29.0M Heap: 1039.5M(2048.0M)->947.0M(2048.0M)]
 [Times: user=0.48 sys=0.00, real=0.13 secs] 
73.169: [GC pause (young), 0.1495246 secs]
   [Parallel Time: 147.9 ms, GC Workers: 4]
      [GC Worker Start (ms): Min: 73169.2, Avg: 73169.2, Max: 73169.2, Diff: 0.0]
      [Ext Root Scanning (ms): Min: 0.9, Avg: 0.9, Max: 0.9, Diff: 0.0, Sum: 3.5]
      [Update RS (ms): Min: 19.1, Avg: 19.2, Max: 19.2, Diff: 0.1, Sum: 76.7]
         [Processed Buffers: Min: 134, Avg: 162.3, Max: 187, Diff: 53, Sum: 649]
      [Scan RS (ms): Min: 0.2, Avg: 0.2, Max: 0.2, Diff: 0.1, Sum: 0.8]
      [Object Copy (ms): Min: 124.6, Avg: 125.5, Max: 127.7, Diff: 3.1, Sum: 501.9]
      [Termination (ms): Min: 0.0, Avg: 2.2, Max: 3.1, Diff: 3.1, Sum: 8.7]
      [GC Worker Other (ms): Min: 0.0, Avg: 0.0, Max: 0.0, Diff: 0.0, Sum: 0.1]
      [GC Worker Total (ms): Min: 147.9, Avg: 147.9, Max: 147.9, Diff: 0.0, Sum: 591.7]
      [GC Worker End (ms): Min: 73317.1, Avg: 73317.1, Max: 73317.1, Diff: 0.0]
   [Code Root Fixup: 0.0 ms]
   [Clear CT: 0.1 ms]
   [Other: 1.5 ms]
      [Choose CSet: 0.0 ms]
      [Ref Proc: 0.0 ms]
      [Ref Enq: 0.0 ms]
      [Free CSet: 0.2 ms]
   [Eden: 235.0M(235.0M)->0.0B(252.0M) Survivors: 29.0M->33.0M Heap: 1182.0M(2048.0M)->1063.5M(2048.0M)]
 [Times: user=0.58 sys=0.00, real=0.15 secs] 
73.543: [GC pause (young) (initial-mark), 0.1441673 secs]
   [Parallel Time: 142.3 ms, GC Workers: 4]
      [GC Worker Start (ms): Min: 73543.4, Avg: 73543.4, Max: 73543.4, Diff: 0.0]
      [Ext Root Scanning (ms): Min: 0.8, Avg: 0.9, Max: 0.9, Diff: 0.0, Sum: 3.4]
      [Update RS (ms): Min: 21.3, Avg: 21.5, Max: 22.2, Diff: 0.9, Sum: 86.1]
         [Processed Buffers: Min: 157, Avg: 177.8, Max: 203, Diff: 46, Sum: 711]
      [Scan RS (ms): Min: 0.0, Avg: 0.3, Max: 0.5, Diff: 0.5, Sum: 1.1]
      [Object Copy (ms): Min: 119.2, Avg: 119.6, Max: 119.8, Diff: 0.6, Sum: 478.5]
      [Termination (ms): Min: 0.0, Avg: 0.0, Max: 0.0, Diff: 0.0, Sum: 0.0]
      [GC Worker Other (ms): Min: 0.0, Avg: 0.0, Max: 0.0, Diff: 0.0, Sum: 0.0]
      [GC Worker Total (ms): Min: 142.3, Avg: 142.3, Max: 142.3, Diff: 0.0, Sum: 569.2]
      [GC Worker End (ms): Min: 73685.7, Avg: 73685.7, Max: 73685.7, Diff: 0.0]
   [Code Root Fixup: 0.0 ms]
   [Clear CT: 0.2 ms]
   [Other: 1.7 ms]
      [Choose CSet: 0.0 ms]
      [Ref Proc: 0.0 ms]
      [Ref Enq: 0.0 ms]
      [Free CSet: 0.3 ms]
   [Eden: 252.0M(252.0M)->0.0B(270.0M) Survivors: 33.0M->36.0M Heap: 1315.5M(2048.0M)->1176.0M(2048.0M)]
 [Times: user=0.61 sys=0.00, real=0.14 secs] 
73.687: [GC concurrent-root-region-scan-start]
73.727: [GC concurrent-root-region-scan-end, 0.0398590 secs]
73.727: [GC concurrent-mark-start]
73.965: [GC pause (young), 0.1512892 secs]
   [Parallel Time: 149.5 ms, GC Workers: 4]
      [GC Worker Start (ms): Min: 73964.9, Avg: 73965.6, Max: 73967.6, Diff: 2.7]
      [Ext Root Scanning (ms): Min: 0.1, Avg: 0.9, Max: 1.2, Diff: 1.1, Sum: 3.6]
      [SATB Filtering (ms): Min: 0.0, Avg: 0.7, Max: 2.7, Diff: 2.7, Sum: 2.7]
      [Update RS (ms): Min: 17.1, Avg: 18.9, Max: 20.0, Diff: 2.9, Sum: 75.5]
         [Processed Buffers: Min: 168, Avg: 189.5, Max: 206, Diff: 38, Sum: 758]
      [Scan RS (ms): Min: 0.9, Avg: 1.0, Max: 1.1, Diff: 0.2, Sum: 4.2]
      [Object Copy (ms): Min: 127.2, Avg: 127.3, Max: 127.4, Diff: 0.1, Sum: 509.3]
      [Termination (ms): Min: 0.0, Avg: 0.0, Max: 0.0, Diff: 0.0, Sum: 0.0]
      [GC Worker Other (ms): Min: 0.0, Avg: 0.0, Max: 0.0, Diff: 0.0, Sum: 0.1]
      [GC Worker Total (ms): Min: 146.8, Avg: 148.8, Max: 149.5, Diff: 2.7, Sum: 595.3]
      [GC Worker End (ms): Min: 74114.4, Avg: 74114.4, Max: 74114.4, Diff: 0.0]
   [Code Root Fixup: 0.0 ms]
   [Clear CT: 0.1 ms]
   [Other: 1.7 ms]
      [Choose CSet: 0.0 ms]
      [Ref Proc: 0.1 ms]
      [Ref Enq: 0.0 ms]
      [Free CSet: 0.2 ms]
   [Eden: 270.0M(270.0M)->0.0B(287.0M) Survivors: 36.0M->39.0M Heap: 1446.0M(2048.0M)->1295.5M(2048.0M)]
 [Times: user=0.61 sys=0.00, real=0.15 secs] 
74.348: [GC pause (young), 0.1131473 secs]
   [Parallel Time: 111.2 ms, GC Workers: 4]
      [GC Worker Start (ms): Min: 74348.2, Avg: 74348.3, Max: 74348.3, Diff: 0.0]
      [Ext Root Scanning (ms): Min: 0.9, Avg: 0.9, Max: 0.9, Diff: 0.0, Sum: 3.5]
      [SATB Filtering (ms): Min: 0.0, Avg: 0.7, Max: 3.0, Diff: 3.0, Sum: 3.0]
      [Update RS (ms): Min: 18.7, Avg: 21.0, Max: 21.9, Diff: 3.2, Sum: 84.0]
         [Processed Buffers: Min: 141, Avg: 184.5, Max: 229, Diff: 88, Sum: 738]
      [Scan RS (ms): Min: 0.0, Avg: 0.2, Max: 0.3, Diff: 0.2, Sum: 0.8]
      [Object Copy (ms): Min: 88.3, Avg: 88.3, Max: 88.3, Diff: 0.0, Sum: 353.3]
      [Termination (ms): Min: 0.0, Avg: 0.0, Max: 0.0, Diff: 0.0, Sum: 0.0]
      [GC Worker Other (ms): Min: 0.0, Avg: 0.0, Max: 0.0, Diff: 0.0, Sum: 0.1]
      [GC Worker Total (ms): Min: 111.2, Avg: 111.2, Max: 111.2, Diff: 0.0, Sum: 444.7]
      [GC Worker End (ms): Min: 74459.4, Avg: 74459.4, Max: 74459.4, Diff: 0.0]
   [Code Root Fixup: 0.0 ms]
   [Clear CT: 0.2 ms]
   [Other: 1.7 ms]
      [Choose CSet: 0.0 ms]
      [Ref Proc: 0.3 ms]
      [Ref Enq: 0.0 ms]
      [Free CSet: 0.3 ms]
   [Eden: 287.0M(287.0M)->0.0B(332.0M) Survivors: 39.0M->41.0M Heap: 1582.5M(2048.0M)->1361.0M(2048.0M)]
 [Times: user=0.39 sys=0.00, real=0.11 secs] 
74.529: [GC concurrent-mark-end, 0.8004065 secs]
74.531: [GC remark 74.532: [GC ref-proc, 0.0012332 secs], 0.0035433 secs]
 [Times: user=0.00 sys=0.00, real=0.00 secs] 
74.534: [GC cleanup 1437M->761M(2048M), 0.0016273 secs]
 [Times: user=0.00 sys=0.00, real=0.00 secs] 
74.536: [GC concurrent-cleanup-start]
74.537: [GC concurrent-cleanup-end, 0.0009327 secs]
74.794: [GC pause (young), 0.2351119 secs]
   [Parallel Time: 232.8 ms, GC Workers: 4]
      [GC Worker Start (ms): Min: 74794.6, Avg: 74794.6, Max: 74794.6, Diff: 0.0]
      [Ext Root Scanning (ms): Min: 1.1, Avg: 1.1, Max: 1.2, Diff: 0.1, Sum: 4.5]
      [Update RS (ms): Min: 21.5, Avg: 21.5, Max: 21.6, Diff: 0.2, Sum: 86.0]
         [Processed Buffers: Min: 125, Avg: 131.3, Max: 136, Diff: 11, Sum: 525]
      [Scan RS (ms): Min: 0.1, Avg: 0.2, Max: 0.2, Diff: 0.2, Sum: 0.7]
      [Object Copy (ms): Min: 209.9, Avg: 210.0, Max: 210.0, Diff: 0.1, Sum: 839.9]
      [Termination (ms): Min: 0.0, Avg: 0.0, Max: 0.0, Diff: 0.0, Sum: 0.0]
      [GC Worker Other (ms): Min: 0.0, Avg: 0.0, Max: 0.0, Diff: 0.0, Sum: 0.1]
      [GC Worker Total (ms): Min: 232.8, Avg: 232.8, Max: 232.8, Diff: 0.0, Sum: 931.2]
      [GC Worker End (ms): Min: 75027.4, Avg: 75027.4, Max: 75027.4, Diff: 0.0]
   [Code Root Fixup: 0.0 ms]
   [Clear CT: 0.1 ms]
   [Other: 2.2 ms]
      [Choose CSet: 0.0 ms]
      [Ref Proc: 0.0 ms]
      [Ref Enq: 0.0 ms]
      [Free CSet: 0.3 ms]
   [Eden: 332.0M(332.0M)->0.0B(55.0M) Survivors: 41.0M->47.0M Heap: 1017.0M(2048.0M)->903.0M(2048.0M)]
 [Times: user=0.90 sys=0.00, real=0.24 secs] 
75.179: [GC pause (mixed), 0.0872656 secs]
   [Parallel Time: 85.4 ms, GC Workers: 4]
      [GC Worker Start (ms): Min: 75179.4, Avg: 75179.5, Max: 75179.9, Diff: 0.6]
      [Ext Root Scanning (ms): Min: 0.6, Avg: 1.0, Max: 1.1, Diff: 0.5, Sum: 3.9]
      [Update RS (ms): Min: 24.3, Avg: 24.3, Max: 24.3, Diff: 0.0, Sum: 97.1]
         [Processed Buffers: Min: 139, Avg: 153.0, Max: 162, Diff: 23, Sum: 612]
      [Scan RS (ms): Min: 6.7, Avg: 6.7, Max: 6.7, Diff: 0.0, Sum: 26.7]
      [Object Copy (ms): Min: 53.3, Avg: 53.3, Max: 53.4, Diff: 0.1, Sum: 213.3]
      [Termination (ms): Min: 0.0, Avg: 0.0, Max: 0.0, Diff: 0.0, Sum: 0.0]
      [GC Worker Other (ms): Min: 0.0, Avg: 0.0, Max: 0.0, Diff: 0.0, Sum: 0.1]
      [GC Worker Total (ms): Min: 84.8, Avg: 85.3, Max: 85.4, Diff: 0.6, Sum: 341.1]
      [GC Worker End (ms): Min: 75264.8, Avg: 75264.8, Max: 75264.8, Diff: 0.0]
   [Code Root Fixup: 0.0 ms]
   [Clear CT: 0.2 ms]
   [Other: 1.6 ms]
      [Choose CSet: 0.0 ms]
      [Ref Proc: 0.1 ms]
      [Ref Enq: 0.0 ms]
      [Free CSet: 0.3 ms]
   [Eden: 55.0M(55.0M)->0.0B(248.0M) Survivors: 47.0M->7168.0K Heap: 958.0M(2048.0M)->876.5M(2048.0M)]
 [Times: user=0.34 sys=0.00, real=0.09 secs] 
75.509: [GC pause (young), 0.1322635 secs]
   [Parallel Time: 129.2 ms, GC Workers: 4]
      [GC Worker Start (ms): Min: 75509.8, Avg: 75509.8, Max: 75509.8, Diff: 0.0]
      [Ext Root Scanning (ms): Min: 1.1, Avg: 6.1, Max: 21.0, Diff: 19.8, Sum: 24.4]
      [Update RS (ms): Min: 0.2, Avg: 18.1, Max: 29.0, Diff: 28.7, Sum: 72.6]
         [Processed Buffers: Min: 116, Avg: 251.8, Max: 418, Diff: 302, Sum: 1007]
      [Scan RS (ms): Min: 0.0, Avg: 0.1, Max: 0.2, Diff: 0.2, Sum: 0.4]
      [Object Copy (ms): Min: 97.6, Avg: 103.9, Max: 107.0, Diff: 9.3, Sum: 415.5]
      [Termination (ms): Min: 0.0, Avg: 0.8, Max: 1.3, Diff: 1.3, Sum: 3.2]
      [GC Worker Other (ms): Min: 0.1, Avg: 0.1, Max: 0.2, Diff: 0.0, Sum: 0.5]
      [GC Worker Total (ms): Min: 129.1, Avg: 129.2, Max: 129.2, Diff: 0.1, Sum: 516.6]
      [GC Worker End (ms): Min: 75638.9, Avg: 75639.0, Max: 75639.0, Diff: 0.0]
   [Code Root Fixup: 0.0 ms]
   [Clear CT: 0.3 ms]
   [Other: 2.7 ms]
      [Choose CSet: 0.0 ms]
      [Ref Proc: 1.6 ms]
      [Ref Enq: 0.0 ms]
      [Free CSet: 0.2 ms]
   [Eden: 248.0M(248.0M)->0.0B(213.0M) Survivors: 7168.0K->32.0M Heap: 1124.5M(2048.0M)->989.0M(2048.0M)]
 [Times: user=0.50 sys=0.00, real=0.13 secs] 
75.824: [GC pause (young) (initial-mark), 0.0942528 secs]
   [Parallel Time: 92.3 ms, GC Workers: 4]
      [GC Worker Start (ms): Min: 75824.2, Avg: 75824.3, Max: 75824.3, Diff: 0.0]
      [Ext Root Scanning (ms): Min: 0.9, Avg: 0.9, Max: 0.9, Diff: 0.0, Sum: 3.5]
      [Update RS (ms): Min: 17.6, Avg: 17.7, Max: 17.7, Diff: 0.1, Sum: 70.6]
         [Processed Buffers: Min: 122, Avg: 147.8, Max: 170, Diff: 48, Sum: 591]
      [Scan RS (ms): Min: 0.1, Avg: 0.2, Max: 0.2, Diff: 0.1, Sum: 0.7]
      [Object Copy (ms): Min: 71.8, Avg: 72.0, Max: 72.6, Diff: 0.8, Sum: 287.9]
      [Termination (ms): Min: 0.0, Avg: 0.8, Max: 1.4, Diff: 1.4, Sum: 3.0]
      [GC Worker Other (ms): Min: 0.0, Avg: 0.0, Max: 0.0, Diff: 0.0, Sum: 0.0]
      [GC Worker Total (ms): Min: 91.3, Avg: 91.5, Max: 91.9, Diff: 0.6, Sum: 365.8]
      [GC Worker End (ms): Min: 75915.6, Avg: 75915.7, Max: 75916.2, Diff: 0.6]
   [Code Root Fixup: 0.0 ms]
   [Clear CT: 0.4 ms]
   [Other: 1.6 ms]
      [Choose CSet: 0.0 ms]
      [Ref Proc: 0.1 ms]
      [Ref Enq: 0.0 ms]
      [Free CSet: 0.2 ms]
   [Eden: 213.0M(213.0M)->0.0B(315.0M) Survivors: 32.0M->31.0M Heap: 1202.0M(2048.0M)->1038.5M(2048.0M)]
 [Times: user=0.30 sys=0.00, real=0.09 secs] 
75.918: [GC concurrent-root-region-scan-start]
75.951: [GC concurrent-root-region-scan-end, 0.0331685 secs]
75.952: [GC concurrent-mark-start]
76.183: [GC pause (young), 0.1249646 secs]
   [Parallel Time: 121.8 ms, GC Workers: 4]
      [GC Worker Start (ms): Min: 76182.9, Avg: 76182.9, Max: 76182.9, Diff: 0.0]
      [Ext Root Scanning (ms): Min: 0.8, Avg: 0.9, Max: 0.9, Diff: 0.0, Sum: 3.5]
      [SATB Filtering (ms): Min: 0.0, Avg: 0.7, Max: 3.0, Diff: 3.0, Sum: 3.0]
      [Update RS (ms): Min: 15.2, Avg: 17.4, Max: 18.2, Diff: 2.9, Sum: 69.7]
         [Processed Buffers: Min: 108, Avg: 115.3, Max: 124, Diff: 16, Sum: 461]
      [Scan RS (ms): Min: 0.2, Avg: 0.2, Max: 0.2, Diff: 0.0, Sum: 0.9]
      [Object Copy (ms): Min: 102.5, Avg: 102.5, Max: 102.5, Diff: 0.0, Sum: 409.9]
      [Termination (ms): Min: 0.0, Avg: 0.0, Max: 0.0, Diff: 0.0, Sum: 0.0]
      [GC Worker Other (ms): Min: 0.0, Avg: 0.0, Max: 0.0, Diff: 0.0, Sum: 0.1]
      [GC Worker Total (ms): Min: 121.7, Avg: 121.7, Max: 121.7, Diff: 0.0, Sum: 486.9]
      [GC Worker End (ms): Min: 76304.6, Avg: 76304.6, Max: 76304.6, Diff: 0.0]
   [Code Root Fixup: 0.0 ms]
   [Clear CT: 1.2 ms]
   [Other: 2.0 ms]
      [Choose CSet: 0.0 ms]
      [Ref Proc: 0.9 ms]
      [Ref Enq: 0.0 ms]
      [Free CSet: 0.3 ms]
   [Eden: 315.0M(315.0M)->0.0B(324.0M) Survivors: 31.0M->44.0M Heap: 1353.5M(2048.0M)->1133.0M(2048.0M)]
 [Times: user=0.42 sys=0.00, real=0.13 secs] 
76.494: [GC concurrent-mark-end, 0.5422401 secs]
76.494: [GC remark 76.496: [GC ref-proc, 0.0012328 secs], 0.0036216 secs]
 [Times: user=0.00 sys=0.00, real=0.00 secs] 
76.498: [GC cleanup 1362M->699M(2048M), 0.0013785 secs]
 [Times: user=0.00 sys=0.00, real=0.00 secs] 
76.500: [GC concurrent-cleanup-start]
76.501: [GC concurrent-cleanup-end, 0.0007598 secs]
76.594: [GC pause (young), 0.1831999 secs]
   [Parallel Time: 178.9 ms, GC Workers: 4]
      [GC Worker Start (ms): Min: 76594.3, Avg: 76594.3, Max: 76594.4, Diff: 0.0]
      [Ext Root Scanning (ms): Min: 0.9, Avg: 0.9, Max: 0.9, Diff: 0.0, Sum: 3.5]
      [Update RS (ms): Min: 21.4, Avg: 21.4, Max: 21.5, Diff: 0.1, Sum: 85.6]
         [Processed Buffers: Min: 137, Avg: 145.8, Max: 155, Diff: 18, Sum: 583]
      [Scan RS (ms): Min: 0.2, Avg: 0.3, Max: 0.4, Diff: 0.2, Sum: 1.1]
      [Object Copy (ms): Min: 156.3, Avg: 156.3, Max: 156.3, Diff: 0.1, Sum: 625.2]
      [Termination (ms): Min: 0.0, Avg: 0.0, Max: 0.0, Diff: 0.0, Sum: 0.0]
      [GC Worker Other (ms): Min: 0.0, Avg: 0.0, Max: 0.0, Diff: 0.0, Sum: 0.1]
      [GC Worker Total (ms): Min: 178.9, Avg: 178.9, Max: 178.9, Diff: 0.0, Sum: 715.5]
      [GC Worker End (ms): Min: 76773.2, Avg: 76773.2, Max: 76773.2, Diff: 0.0]
   [Code Root Fixup: 0.0 ms]
   [Clear CT: 1.4 ms]
   [Other: 2.9 ms]
      [Choose CSet: 0.0 ms]
      [Ref Proc: 1.4 ms]
      [Ref Enq: 0.0 ms]
      [Free CSet: 0.3 ms]
   [Eden: 324.0M(324.0M)->0.0B(246.0M) Survivors: 44.0M->46.0M Heap: 794.0M(2048.0M)->592.5M(2048.0M)]
 [Times: user=0.61 sys=0.00, real=0.18 secs] 
77.031: [GC pause (young), 0.1487841 secs]
   [Parallel Time: 147.2 ms, GC Workers: 4]
      [GC Worker Start (ms): Min: 77031.6, Avg: 77031.6, Max: 77031.6, Diff: 0.0]
      [Ext Root Scanning (ms): Min: 0.9, Avg: 0.9, Max: 0.9, Diff: 0.0, Sum: 3.5]
      [Update RS (ms): Min: 18.2, Avg: 18.3, Max: 18.7, Diff: 0.6, Sum: 73.4]
         [Processed Buffers: Min: 138, Avg: 175.3, Max: 193, Diff: 55, Sum: 701]
      [Scan RS (ms): Min: 1.8, Avg: 2.2, Max: 2.4, Diff: 0.6, Sum: 9.0]
      [Object Copy (ms): Min: 125.7, Avg: 125.7, Max: 125.7, Diff: 0.1, Sum: 502.9]
      [Termination (ms): Min: 0.0, Avg: 0.0, Max: 0.0, Diff: 0.0, Sum: 0.0]
      [GC Worker Other (ms): Min: 0.0, Avg: 0.0, Max: 0.0, Diff: 0.0, Sum: 0.1]
      [GC Worker Total (ms): Min: 147.2, Avg: 147.2, Max: 147.2, Diff: 0.0, Sum: 588.8]
      [GC Worker End (ms): Min: 77178.8, Avg: 77178.8, Max: 77178.8, Diff: 0.0]
   [Code Root Fixup: 0.0 ms]
   [Clear CT: 0.2 ms]
   [Other: 1.4 ms]
      [Choose CSet: 0.0 ms]
      [Ref Proc: 0.0 ms]
      [Ref Enq: 0.0 ms]
      [Free CSet: 0.2 ms]
   [Eden: 246.0M(246.0M)->0.0B(292.0M) Survivors: 46.0M->37.0M Heap: 838.5M(2048.0M)->684.0M(2048.0M)]
 [Times: user=0.47 sys=0.00, real=0.15 secs] 
77.430: [GC pause (young), 0.2042356 secs]
   [Parallel Time: 202.5 ms, GC Workers: 4]
      [GC Worker Start (ms): Min: 77430.5, Avg: 77430.5, Max: 77430.5, Diff: 0.0]
      [Ext Root Scanning (ms): Min: 0.9, Avg: 0.9, Max: 0.9, Diff: 0.0, Sum: 3.5]
      [Update RS (ms): Min: 20.0, Avg: 20.0, Max: 20.0, Diff: 0.0, Sum: 79.9]
         [Processed Buffers: Min: 142, Avg: 146.5, Max: 157, Diff: 15, Sum: 586]
      [Scan RS (ms): Min: 1.7, Avg: 1.7, Max: 1.7, Diff: 0.0, Sum: 6.9]
      [Object Copy (ms): Min: 179.8, Avg: 179.8, Max: 179.8, Diff: 0.0, Sum: 719.3]
      [Termination (ms): Min: 0.0, Avg: 0.0, Max: 0.0, Diff: 0.0, Sum: 0.0]
      [GC Worker Other (ms): Min: 0.0, Avg: 0.0, Max: 0.1, Diff: 0.0, Sum: 0.1]
      [GC Worker Total (ms): Min: 202.4, Avg: 202.4, Max: 202.4, Diff: 0.0, Sum: 809.6]
      [GC Worker End (ms): Min: 77632.9, Avg: 77632.9, Max: 77632.9, Diff: 0.0]
   [Code Root Fixup: 0.0 ms]
   [Clear CT: 0.1 ms]
   [Other: 1.6 ms]
      [Choose CSet: 0.0 ms]
      [Ref Proc: 0.1 ms]
      [Ref Enq: 0.0 ms]
      [Free CSet: 0.3 ms]
   [Eden: 292.0M(292.0M)->0.0B(186.0M) Survivors: 37.0M->42.0M Heap: 976.0M(2048.0M)->821.0M(2048.0M)]
 [Times: user=0.64 sys=0.00, real=0.20 secs] 
77.781: [GC pause (young), 0.0847425 secs]
   [Parallel Time: 83.2 ms, GC Workers: 4]
      [GC Worker Start (ms): Min: 77781.1, Avg: 77781.6, Max: 77782.9, Diff: 1.7]
      [Ext Root Scanning (ms): Min: 0.0, Avg: 1.0, Max: 1.4, Diff: 1.4, Sum: 4.0]
      [Update RS (ms): Min: 24.1, Avg: 24.7, Max: 26.5, Diff: 2.3, Sum: 98.9]
         [Processed Buffers: Min: 129, Avg: 185.5, Max: 207, Diff: 78, Sum: 742]
      [Scan RS (ms): Min: 0.0, Avg: 0.2, Max: 0.2, Diff: 0.2, Sum: 0.7]
      [Object Copy (ms): Min: 54.9, Avg: 56.8, Max: 57.4, Diff: 2.6, Sum: 227.0]
      [Termination (ms): Min: 0.0, Avg: 0.0, Max: 0.0, Diff: 0.0, Sum: 0.0]
      [GC Worker Other (ms): Min: 0.0, Avg: 0.0, Max: 0.0, Diff: 0.0, Sum: 0.1]
      [GC Worker Total (ms): Min: 81.4, Avg: 82.7, Max: 83.1, Diff: 1.7, Sum: 330.8]
      [GC Worker End (ms): Min: 77864.3, Avg: 77864.3, Max: 77864.3, Diff: 0.0]
   [Code Root Fixup: 0.0 ms]
   [Clear CT: 0.2 ms]
   [Other: 1.3 ms]
      [Choose CSet: 0.0 ms]
      [Ref Proc: 0.0 ms]
      [Ref Enq: 0.0 ms]
      [Free CSet: 0.2 ms]
   [Eden: 186.0M(186.0M)->0.0B(374.0M) Survivors: 42.0M->29.0M Heap: 1007.0M(2048.0M)->851.5M(2048.0M)]
 [Times: user=0.31 sys=0.00, real=0.08 secs] 
78.222: [GC pause (young), 0.2478871 secs]
   [Parallel Time: 245.9 ms, GC Workers: 4]
      [GC Worker Start (ms): Min: 78222.4, Avg: 78222.4, Max: 78222.4, Diff: 0.0]
      [Ext Root Scanning (ms): Min: 0.8, Avg: 0.9, Max: 0.9, Diff: 0.0, Sum: 3.4]
      [Update RS (ms): Min: 18.5, Avg: 18.5, Max: 18.5, Diff: 0.0, Sum: 73.9]
         [Processed Buffers: Min: 109, Avg: 118.5, Max: 132, Diff: 23, Sum: 474]
      [Scan RS (ms): Min: 0.2, Avg: 0.2, Max: 0.2, Diff: 0.0, Sum: 0.7]
      [Object Copy (ms): Min: 226.1, Avg: 226.1, Max: 226.3, Diff: 0.2, Sum: 904.6]
      [Termination (ms): Min: 0.0, Avg: 0.1, Max: 0.2, Diff: 0.2, Sum: 0.4]
      [GC Worker Other (ms): Min: 0.0, Avg: 0.0, Max: 0.0, Diff: 0.0, Sum: 0.0]
      [GC Worker Total (ms): Min: 245.7, Avg: 245.8, Max: 245.8, Diff: 0.1, Sum: 983.1]
      [GC Worker End (ms): Min: 78468.2, Avg: 78468.2, Max: 78468.3, Diff: 0.1]
   [Code Root Fixup: 0.0 ms]
   [Clear CT: 0.1 ms]
   [Other: 1.9 ms]
      [Choose CSet: 0.0 ms]
      [Ref Proc: 0.1 ms]
      [Ref Enq: 0.0 ms]
      [Free CSet: 0.3 ms]
   [Eden: 374.0M(374.0M)->0.0B(195.0M) Survivors: 29.0M->51.0M Heap: 1225.5M(2048.0M)->1091.5M(2048.0M)]
 [Times: user=0.83 sys=0.00, real=0.25 secs] 
78.727: [GC pause (young) (initial-mark), 0.1492318 secs]
   [Parallel Time: 144.0 ms, GC Workers: 4]
      [GC Worker Start (ms): Min: 78727.3, Avg: 78727.3, Max: 78727.3, Diff: 0.0]
      [Ext Root Scanning (ms): Min: 1.1, Avg: 1.5, Max: 2.5, Diff: 1.4, Sum: 6.0]
      [Update RS (ms): Min: 21.9, Avg: 24.9, Max: 31.3, Diff: 9.4, Sum: 99.5]
         [Processed Buffers: Min: 163, Avg: 229.0, Max: 269, Diff: 106, Sum: 916]
      [Scan RS (ms): Min: 9.0, Avg: 15.1, Max: 17.5, Diff: 8.5, Sum: 60.6]
      [Object Copy (ms): Min: 102.3, Avg: 102.5, Max: 102.6, Diff: 0.2, Sum: 410.0]
      [Termination (ms): Min: 0.0, Avg: 0.0, Max: 0.0, Diff: 0.0, Sum: 0.0]
      [GC Worker Other (ms): Min: 0.0, Avg: 0.0, Max: 0.0, Diff: 0.0, Sum: 0.1]
      [GC Worker Total (ms): Min: 144.0, Avg: 144.0, Max: 144.0, Diff: 0.0, Sum: 576.1]
      [GC Worker End (ms): Min: 78871.3, Avg: 78871.3, Max: 78871.3, Diff: 0.0]
   [Code Root Fixup: 0.0 ms]
   [Clear CT: 0.2 ms]
   [Other: 5.0 ms]
      [Choose CSet: 0.0 ms]
      [Ref Proc: 2.9 ms]
      [Ref Enq: 0.0 ms]
      [Free CSet: 0.3 ms]
   [Eden: 195.0M(195.0M)->0.0B(177.0M) Survivors: 51.0M->31.0M Heap: 1286.5M(2048.0M)->1156.5M(2048.0M)]
 [Times: user=0.50 sys=0.00, real=0.15 secs] 
78.876: [GC concurrent-root-region-scan-start]
78.940: [GC concurrent-root-region-scan-end, 0.0640022 secs]
78.940: [GC concurrent-mark-start]
79.084: [GC pause (young), 0.0649313 secs]
   [Parallel Time: 63.8 ms, GC Workers: 4]
      [GC Worker Start (ms): Min: 79084.1, Avg: 79084.3, Max: 79085.2, Diff: 1.1]
      [Ext Root Scanning (ms): Min: 0.2, Avg: 1.0, Max: 1.3, Diff: 1.0, Sum: 4.0]
      [SATB Filtering (ms): Min: 0.0, Avg: 0.3, Max: 1.1, Diff: 1.1, Sum: 1.1]
      [Update RS (ms): Min: 18.2, Avg: 18.9, Max: 19.3, Diff: 1.1, Sum: 75.5]
         [Processed Buffers: Min: 156, Avg: 176.3, Max: 204, Diff: 48, Sum: 705]
      [Scan RS (ms): Min: 0.9, Avg: 1.1, Max: 1.2, Diff: 0.3, Sum: 4.3]
      [Object Copy (ms): Min: 42.3, Avg: 42.3, Max: 42.3, Diff: 0.1, Sum: 169.2]
      [Termination (ms): Min: 0.0, Avg: 0.0, Max: 0.0, Diff: 0.0, Sum: 0.0]
      [GC Worker Other (ms): Min: 0.0, Avg: 0.0, Max: 0.0, Diff: 0.0, Sum: 0.1]
      [GC Worker Total (ms): Min: 62.7, Avg: 63.5, Max: 63.8, Diff: 1.1, Sum: 254.1]
      [GC Worker End (ms): Min: 79147.9, Avg: 79147.9, Max: 79147.9, Diff: 0.0]
   [Code Root Fixup: 0.0 ms]
   [Clear CT: 0.1 ms]
   [Other: 1.0 ms]
      [Choose CSet: 0.0 ms]
      [Ref Proc: 0.1 ms]
      [Ref Enq: 0.0 ms]
      [Free CSet: 0.2 ms]
   [Eden: 177.0M(177.0M)->0.0B(303.0M) Survivors: 31.0M->22.0M Heap: 1333.5M(2048.0M)->1179.5M(2048.0M)]
 [Times: user=0.25 sys=0.00, real=0.06 secs] 
79.442: [GC pause (young), 0.0995495 secs]
   [Parallel Time: 98.6 ms, GC Workers: 4]
      [GC Worker Start (ms): Min: 79442.5, Avg: 79442.5, Max: 79442.5, Diff: 0.0]
      [Ext Root Scanning (ms): Min: 0.9, Avg: 0.9, Max: 0.9, Diff: 0.0, Sum: 3.5]
      [SATB Filtering (ms): Min: 0.0, Avg: 0.7, Max: 2.8, Diff: 2.8, Sum: 2.8]
      [Update RS (ms): Min: 13.9, Avg: 16.0, Max: 16.7, Diff: 2.8, Sum: 64.0]
         [Processed Buffers: Min: 85, Avg: 91.3, Max: 94, Diff: 9, Sum: 365]
      [Scan RS (ms): Min: 0.0, Avg: 0.1, Max: 0.1, Diff: 0.1, Sum: 0.3]
      [Object Copy (ms): Min: 80.9, Avg: 80.9, Max: 80.9, Diff: 0.0, Sum: 323.6]
      [Termination (ms): Min: 0.0, Avg: 0.0, Max: 0.0, Diff: 0.0, Sum: 0.0]
      [GC Worker Other (ms): Min: 0.0, Avg: 0.0, Max: 0.0, Diff: 0.0, Sum: 0.1]
      [GC Worker Total (ms): Min: 98.5, Avg: 98.6, Max: 98.6, Diff: 0.0, Sum: 394.2]
      [GC Worker End (ms): Min: 79541.1, Avg: 79541.1, Max: 79541.1, Diff: 0.0]
   [Code Root Fixup: 0.0 ms]
   [Clear CT: 0.1 ms]
   [Other: 0.9 ms]
      [Choose CSet: 0.0 ms]
      [Ref Proc: 0.0 ms]
      [Ref Enq: 0.0 ms]
      [Free CSet: 0.2 ms]
   [Eden: 303.0M(303.0M)->0.0B(313.0M) Survivors: 22.0M->41.0M Heap: 1482.5M(2048.0M)->1257.5M(2048.0M)]
 [Times: user=0.37 sys=0.00, real=0.10 secs] 
79.578: [GC concurrent-mark-end, 0.6377581 secs]
79.602: [GC remark 79.613: [GC ref-proc, 0.0012473 secs], 0.0134423 secs]
 [Times: user=0.05 sys=0.00, real=0.01 secs] 
79.616: [GC cleanup 1328M->549M(2048M), 0.0018579 secs]
 [Times: user=0.00 sys=0.00, real=0.00 secs] 
79.618: [GC concurrent-cleanup-start]
79.619: [GC concurrent-cleanup-end, 0.0009211 secs]
79.857: [GC pause (young), 0.2414945 secs]
   [Parallel Time: 236.2 ms, GC Workers: 4]
      [GC Worker Start (ms): Min: 79857.1, Avg: 79857.1, Max: 79857.1, Diff: 0.0]
      [Ext Root Scanning (ms): Min: 0.9, Avg: 0.9, Max: 0.9, Diff: 0.0, Sum: 3.5]
      [Update RS (ms): Min: 22.7, Avg: 22.7, Max: 22.7, Diff: 0.0, Sum: 90.9]
         [Processed Buffers: Min: 115, Avg: 117.3, Max: 118, Diff: 3, Sum: 469]
      [Scan RS (ms): Min: 0.1, Avg: 0.1, Max: 0.1, Diff: 0.0, Sum: 0.3]
      [Object Copy (ms): Min: 212.5, Avg: 212.5, Max: 212.5, Diff: 0.0, Sum: 850.0]
      [Termination (ms): Min: 0.0, Avg: 0.0, Max: 0.0, Diff: 0.0, Sum: 0.0]
      [GC Worker Other (ms): Min: 0.0, Avg: 0.0, Max: 0.0, Diff: 0.0, Sum: 0.1]
      [GC Worker Total (ms): Min: 236.2, Avg: 236.2, Max: 236.2, Diff: 0.0, Sum: 944.9]
      [GC Worker End (ms): Min: 80093.3, Avg: 80093.3, Max: 80093.3, Diff: 0.0]
   [Code Root Fixup: 0.0 ms]
   [Clear CT: 2.8 ms]
   [Other: 2.5 ms]
      [Choose CSet: 0.0 ms]
      [Ref Proc: 0.5 ms]
      [Ref Enq: 0.0 ms]
      [Free CSet: 0.4 ms]
   [Eden: 313.0M(313.0M)->0.0B(217.0M) Survivors: 41.0M->45.0M Heap: 791.5M(2048.0M)->693.0M(2048.0M)]
 [Times: user=0.92 sys=0.00, real=0.24 secs] 
80.385: [GC pause (young), 0.1646600 secs]
   [Parallel Time: 162.7 ms, GC Workers: 4]
      [GC Worker Start (ms): Min: 80385.7, Avg: 80385.7, Max: 80385.7, Diff: 0.0]
      [Ext Root Scanning (ms): Min: 1.2, Avg: 2.7, Max: 7.0, Diff: 5.8, Sum: 10.6]
      [Update RS (ms): Min: 16.0, Avg: 20.4, Max: 22.4, Diff: 6.4, Sum: 81.8]
         [Processed Buffers: Min: 172, Avg: 180.8, Max: 187, Diff: 15, Sum: 723]
      [Scan RS (ms): Min: 5.8, Avg: 6.4, Max: 6.6, Diff: 0.7, Sum: 25.4]
      [Object Copy (ms): Min: 133.1, Avg: 133.2, Max: 133.2, Diff: 0.1, Sum: 532.8]
      [Termination (ms): Min: 0.0, Avg: 0.0, Max: 0.0, Diff: 0.0, Sum: 0.0]
      [GC Worker Other (ms): Min: 0.0, Avg: 0.0, Max: 0.0, Diff: 0.0, Sum: 0.1]
      [GC Worker Total (ms): Min: 162.7, Avg: 162.7, Max: 162.7, Diff: 0.0, Sum: 650.7]
      [GC Worker End (ms): Min: 80548.3, Avg: 80548.4, Max: 80548.4, Diff: 0.0]
   [Code Root Fixup: 0.0 ms]
   [Clear CT: 0.1 ms]
   [Other: 1.8 ms]
      [Choose CSet: 0.0 ms]
      [Ref Proc: 0.0 ms]
      [Ref Enq: 0.0 ms]
      [Free CSet: 0.2 ms]
   [Eden: 217.0M(217.0M)->0.0B(229.0M) Survivors: 45.0M->33.0M Heap: 910.0M(2048.0M)->805.0M(2048.0M)]
 [Times: user=0.62 sys=0.00, real=0.17 secs] 
80.835: [GC pause (young), 0.1503559 secs]
   [Parallel Time: 147.6 ms, GC Workers: 4]
      [GC Worker Start (ms): Min: 80835.7, Avg: 80835.9, Max: 80836.4, Diff: 0.7]
      [Ext Root Scanning (ms): Min: 0.5, Avg: 0.9, Max: 1.1, Diff: 0.6, Sum: 3.7]
      [Update RS (ms): Min: 17.5, Avg: 17.9, Max: 18.7, Diff: 1.2, Sum: 71.6]
         [Processed Buffers: Min: 120, Avg: 174.8, Max: 210, Diff: 90, Sum: 699]
      [Scan RS (ms): Min: 0.0, Avg: 0.2, Max: 0.4, Diff: 0.4, Sum: 0.8]
      [Object Copy (ms): Min: 127.6, Avg: 128.1, Max: 128.3, Diff: 0.7, Sum: 512.5]
      [Termination (ms): Min: 0.0, Avg: 0.1, Max: 0.1, Diff: 0.1, Sum: 0.2]
      [GC Worker Other (ms): Min: 0.0, Avg: 0.0, Max: 0.0, Diff: 0.0, Sum: 0.0]
      [GC Worker Total (ms): Min: 146.7, Avg: 147.2, Max: 147.4, Diff: 0.7, Sum: 588.8]
      [GC Worker End (ms): Min: 80983.0, Avg: 80983.1, Max: 80983.1, Diff: 0.0]
   [Code Root Fixup: 0.0 ms]
   [Clear CT: 0.1 ms]
   [Other: 2.6 ms]
      [Choose CSet: 0.0 ms]
      [Ref Proc: 0.9 ms]
      [Ref Enq: 0.0 ms]
      [Free CSet: 0.2 ms]
   [Eden: 229.0M(229.0M)->0.0B(243.0M) Survivors: 33.0M->33.0M Heap: 1034.0M(2048.0M)->926.0M(2048.0M)]
 [Times: user=0.55 sys=0.00, real=0.15 secs] 
81.224: [GC pause (young), 0.1670664 secs]
   [Parallel Time: 165.1 ms, GC Workers: 4]
      [GC Worker Start (ms): Min: 81224.8, Avg: 81224.8, Max: 81224.8, Diff: 0.0]
      [Ext Root Scanning (ms): Min: 0.9, Avg: 1.0, Max: 1.1, Diff: 0.2, Sum: 3.8]
      [Update RS (ms): Min: 18.8, Avg: 19.0, Max: 19.3, Diff: 0.4, Sum: 76.2]
         [Processed Buffers: Min: 153, Avg: 192.8, Max: 230, Diff: 77, Sum: 771]
      [Scan RS (ms): Min: 1.8, Avg: 2.0, Max: 2.1, Diff: 0.3, Sum: 8.0]
      [Object Copy (ms): Min: 134.8, Avg: 136.9, Max: 143.0, Diff: 8.2, Sum: 547.4]
      [Termination (ms): Min: 0.0, Avg: 6.1, Max: 8.2, Diff: 8.2, Sum: 24.5]
      [GC Worker Other (ms): Min: 0.0, Avg: 0.0, Max: 0.0, Diff: 0.0, Sum: 0.0]
      [GC Worker Total (ms): Min: 165.0, Avg: 165.0, Max: 165.0, Diff: 0.1, Sum: 660.0]
      [GC Worker End (ms): Min: 81389.8, Avg: 81389.8, Max: 81389.9, Diff: 0.1]
   [Code Root Fixup: 0.0 ms]
   [Clear CT: 0.1 ms]
   [Other: 1.8 ms]
      [Choose CSet: 0.0 ms]
      [Ref Proc: 0.3 ms]
      [Ref Enq: 0.0 ms]
      [Free CSet: 0.2 ms]
   [Eden: 243.0M(243.0M)->0.0B(250.0M) Survivors: 33.0M->35.0M Heap: 1169.0M(2048.0M)->1050.0M(2048.0M)]
 [Times: user=0.58 sys=0.00, real=0.17 secs] 
81.606: [GC pause (young) (initial-mark), 0.1600818 secs]
   [Parallel Time: 155.4 ms, GC Workers: 4]
      [GC Worker Start (ms): Min: 81606.5, Avg: 81606.5, Max: 81606.6, Diff: 0.0]
      [Ext Root Scanning (ms): Min: 0.2, Avg: 0.9, Max: 1.2, Diff: 0.9, Sum: 3.6]
      [Update RS (ms): Min: 17.2, Avg: 21.0, Max: 22.3, Diff: 5.1, Sum: 84.1]
         [Processed Buffers: Min: 151, Avg: 172.3, Max: 200, Diff: 49, Sum: 689]
      [Scan RS (ms): Min: 0.2, Avg: 0.2, Max: 0.2, Diff: 0.0, Sum: 0.8]
      [Object Copy (ms): Min: 131.7, Avg: 133.2, Max: 137.7, Diff: 6.0, Sum: 533.0]
      [Termination (ms): Min: 0.0, Avg: 0.0, Max: 0.0, Diff: 0.0, Sum: 0.0]
      [GC Worker Other (ms): Min: 0.0, Avg: 0.0, Max: 0.0, Diff: 0.0, Sum: 0.1]
      [GC Worker Total (ms): Min: 155.4, Avg: 155.4, Max: 155.4, Diff: 0.0, Sum: 621.5]
      [GC Worker End (ms): Min: 81761.9, Avg: 81761.9, Max: 81761.9, Diff: 0.0]
   [Code Root Fixup: 0.0 ms]
   [Clear CT: 1.8 ms]
   [Other: 2.9 ms]
      [Choose CSet: 0.0 ms]
      [Ref Proc: 1.2 ms]
      [Ref Enq: 0.0 ms]
      [Free CSet: 0.2 ms]
   [Eden: 250.0M(250.0M)->0.0B(264.0M) Survivors: 35.0M->36.0M Heap: 1300.0M(2048.0M)->1170.5M(2048.0M)]
 [Times: user=0.58 sys=0.00, real=0.16 secs] 
81.766: [GC concurrent-root-region-scan-start]
81.805: [GC concurrent-root-region-scan-end, 0.0383786 secs]
81.805: [GC concurrent-mark-start]
82.027: [GC pause (young), 0.1280101 secs]
   [Parallel Time: 124.4 ms, GC Workers: 4]
      [GC Worker Start (ms): Min: 82027.8, Avg: 82027.8, Max: 82027.8, Diff: 0.0]
      [Ext Root Scanning (ms): Min: 0.9, Avg: 0.9, Max: 0.9, Diff: 0.0, Sum: 3.5]
      [SATB Filtering (ms): Min: 0.0, Avg: 0.7, Max: 3.0, Diff: 3.0, Sum: 3.0]
      [Update RS (ms): Min: 16.8, Avg: 19.0, Max: 19.8, Diff: 3.0, Sum: 76.1]
         [Processed Buffers: Min: 165, Avg: 186.0, Max: 206, Diff: 41, Sum: 744]
      [Scan RS (ms): Min: 0.2, Avg: 0.2, Max: 0.3, Diff: 0.1, Sum: 0.9]
      [Object Copy (ms): Min: 103.5, Avg: 103.5, Max: 103.5, Diff: 0.1, Sum: 414.0]
      [Termination (ms): Min: 0.0, Avg: 0.0, Max: 0.0, Diff: 0.0, Sum: 0.0]
      [GC Worker Other (ms): Min: 0.0, Avg: 0.0, Max: 0.0, Diff: 0.0, Sum: 0.1]
      [GC Worker Total (ms): Min: 124.4, Avg: 124.4, Max: 124.4, Diff: 0.0, Sum: 497.6]
      [GC Worker End (ms): Min: 82152.2, Avg: 82152.2, Max: 82152.2, Diff: 0.0]
   [Code Root Fixup: 0.0 ms]
   [Clear CT: 0.2 ms]
   [Other: 3.4 ms]
      [Choose CSet: 0.0 ms]
      [Ref Proc: 1.8 ms]
      [Ref Enq: 0.0 ms]
      [Free CSet: 0.2 ms]
   [Eden: 264.0M(264.0M)->0.0B(323.0M) Survivors: 36.0M->38.0M Heap: 1434.5M(2048.0M)->1261.5M(2048.0M)]
 [Times: user=0.48 sys=0.00, real=0.13 secs] 
82.429: [GC pause (young), 0.1423594 secs]
   [Parallel Time: 139.9 ms, GC Workers: 4]
      [GC Worker Start (ms): Min: 82429.1, Avg: 82429.1, Max: 82429.1, Diff: 0.0]
      [Ext Root Scanning (ms): Min: 0.9, Avg: 0.9, Max: 0.9, Diff: 0.0, Sum: 3.7]
      [SATB Filtering (ms): Min: 0.0, Avg: 0.7, Max: 2.8, Diff: 2.8, Sum: 2.8]
      [Update RS (ms): Min: 19.2, Avg: 20.5, Max: 21.0, Diff: 1.8, Sum: 82.1]
         [Processed Buffers: Min: 138, Avg: 157.8, Max: 179, Diff: 41, Sum: 631]
      [Scan RS (ms): Min: 0.0, Avg: 0.3, Max: 0.4, Diff: 0.3, Sum: 1.1]
      [Object Copy (ms): Min: 117.0, Avg: 117.4, Max: 117.6, Diff: 0.6, Sum: 469.6]
      [Termination (ms): Min: 0.0, Avg: 0.0, Max: 0.0, Diff: 0.0, Sum: 0.0]
      [GC Worker Other (ms): Min: 0.0, Avg: 0.0, Max: 0.0, Diff: 0.0, Sum: 0.1]
      [GC Worker Total (ms): Min: 139.8, Avg: 139.8, Max: 139.9, Diff: 0.0, Sum: 559.4]
      [GC Worker End (ms): Min: 82569.0, Avg: 82569.0, Max: 82569.0, Diff: 0.0]
   [Code Root Fixup: 0.0 ms]
   [Clear CT: 0.2 ms]
   [Other: 2.3 ms]
      [Choose CSet: 0.0 ms]
      [Ref Proc: 0.7 ms]
      [Ref Enq: 0.0 ms]
      [Free CSet: 0.3 ms]
   [Eden: 323.0M(323.0M)->0.0B(326.0M) Survivors: 38.0M->46.0M Heap: 1584.5M(2048.0M)->1365.0M(2048.0M)]
 [Times: user=0.50 sys=0.00, real=0.14 secs] 
82.627: [GC concurrent-mark-end, 0.8174589 secs]
82.627: [GC remark 82.628: [GC ref-proc, 0.0013582 secs], 0.0026761 secs]
 [Times: user=0.00 sys=0.00, real=0.00 secs] 
82.630: [GC cleanup 1433M->769M(2048M), 0.0018214 secs]
 [Times: user=0.00 sys=0.00, real=0.00 secs] 
82.632: [GC concurrent-cleanup-start]
82.633: [GC concurrent-cleanup-end, 0.0009650 secs]
82.886: [GC pause (young), 0.2459307 secs]
   [Parallel Time: 243.4 ms, GC Workers: 4]
      [GC Worker Start (ms): Min: 82886.0, Avg: 82886.0, Max: 82886.1, Diff: 0.1]
      [Ext Root Scanning (ms): Min: 1.0, Avg: 1.0, Max: 1.1, Diff: 0.1, Sum: 4.2]
      [Update RS (ms): Min: 26.0, Avg: 26.0, Max: 26.1, Diff: 0.0, Sum: 104.2]
         [Processed Buffers: Min: 149, Avg: 165.3, Max: 176, Diff: 27, Sum: 661]
      [Scan RS (ms): Min: 0.5, Avg: 0.5, Max: 0.6, Diff: 0.1, Sum: 2.1]
      [Object Copy (ms): Min: 215.7, Avg: 215.7, Max: 215.8, Diff: 0.1, Sum: 862.9]
      [Termination (ms): Min: 0.0, Avg: 0.0, Max: 0.0, Diff: 0.0, Sum: 0.0]
      [GC Worker Other (ms): Min: 0.0, Avg: 0.0, Max: 0.0, Diff: 0.0, Sum: 0.1]
      [GC Worker Total (ms): Min: 243.3, Avg: 243.4, Max: 243.4, Diff: 0.1, Sum: 973.4]
      [GC Worker End (ms): Min: 83129.4, Avg: 83129.4, Max: 83129.4, Diff: 0.0]
   [Code Root Fixup: 0.0 ms]
   [Clear CT: 0.1 ms]
   [Other: 2.4 ms]
      [Choose CSet: 0.0 ms]
      [Ref Proc: 0.1 ms]
      [Ref Enq: 0.0 ms]
      [Free CSet: 0.4 ms]
   [Eden: 326.0M(326.0M)->0.0B(55.0M) Survivors: 46.0M->47.0M Heap: 1027.0M(2048.0M)->911.0M(2048.0M)]
 [Times: user=0.89 sys=0.00, real=0.25 secs] 
83.211: [GC pause (mixed), 0.1091685 secs]
   [Parallel Time: 107.4 ms, GC Workers: 4]
      [GC Worker Start (ms): Min: 83210.9, Avg: 83211.1, Max: 83211.6, Diff: 0.7]
      [Ext Root Scanning (ms): Min: 0.6, Avg: 1.0, Max: 1.2, Diff: 0.6, Sum: 4.0]
      [Update RS (ms): Min: 57.6, Avg: 57.6, Max: 57.7, Diff: 0.1, Sum: 230.5]
         [Processed Buffers: Min: 289, Avg: 304.5, Max: 317, Diff: 28, Sum: 1218]
      [Scan RS (ms): Min: 1.0, Avg: 1.2, Max: 1.4, Diff: 0.4, Sum: 4.7]
      [Object Copy (ms): Min: 47.1, Avg: 47.4, Max: 47.5, Diff: 0.5, Sum: 189.5]
      [Termination (ms): Min: 0.0, Avg: 0.0, Max: 0.0, Diff: 0.0, Sum: 0.0]
      [GC Worker Other (ms): Min: 0.0, Avg: 0.0, Max: 0.0, Diff: 0.0, Sum: 0.1]
      [GC Worker Total (ms): Min: 106.7, Avg: 107.2, Max: 107.4, Diff: 0.7, Sum: 428.8]
      [GC Worker End (ms): Min: 83318.3, Avg: 83318.3, Max: 83318.3, Diff: 0.0]
   [Code Root Fixup: 0.0 ms]
   [Clear CT: 0.1 ms]
   [Other: 1.7 ms]
      [Choose CSet: 0.0 ms]
      [Ref Proc: 0.0 ms]
      [Ref Enq: 0.0 ms]
      [Free CSet: 0.3 ms]
   [Eden: 55.0M(55.0M)->0.0B(290.0M) Survivors: 47.0M->2048.0K Heap: 966.0M(2048.0M)->874.0M(2048.0M)]
 [Times: user=0.44 sys=0.00, real=0.11 secs] 
83.615: [GC pause (young), 0.1788490 secs]
   [Parallel Time: 177.0 ms, GC Workers: 4]
      [GC Worker Start (ms): Min: 83615.6, Avg: 83615.6, Max: 83615.6, Diff: 0.0]
      [Ext Root Scanning (ms): Min: 1.1, Avg: 1.1, Max: 1.2, Diff: 0.1, Sum: 4.5]
      [Update RS (ms): Min: 13.6, Avg: 13.8, Max: 14.2, Diff: 0.6, Sum: 55.1]
         [Processed Buffers: Min: 136, Avg: 267.8, Max: 330, Diff: 194, Sum: 1071]
      [Scan RS (ms): Min: 0.0, Avg: 0.1, Max: 0.1, Diff: 0.1, Sum: 0.4]
      [Object Copy (ms): Min: 158.9, Avg: 159.6, Max: 161.6, Diff: 2.6, Sum: 638.6]
      [Termination (ms): Min: 0.0, Avg: 2.3, Max: 3.1, Diff: 3.1, Sum: 9.0]
      [GC Worker Other (ms): Min: 0.0, Avg: 0.0, Max: 0.0, Diff: 0.0, Sum: 0.0]
      [GC Worker Total (ms): Min: 176.9, Avg: 176.9, Max: 177.0, Diff: 0.1, Sum: 707.6]
      [GC Worker End (ms): Min: 83792.5, Avg: 83792.5, Max: 83792.6, Diff: 0.1]
   [Code Root Fixup: 0.0 ms]
   [Clear CT: 0.1 ms]
   [Other: 1.7 ms]
      [Choose CSet: 0.0 ms]
      [Ref Proc: 0.1 ms]
      [Ref Enq: 0.0 ms]
      [Free CSet: 0.2 ms]
   [Eden: 290.0M(290.0M)->0.0B(135.0M) Survivors: 2048.0K->37.0M Heap: 1164.0M(2048.0M)->1052.5M(2048.0M)]
 [Times: user=0.64 sys=0.00, real=0.18 secs] 
83.933: [GC pause (young) (initial-mark), 0.0706420 secs]
   [Parallel Time: 68.8 ms, GC Workers: 4]
      [GC Worker Start (ms): Min: 83933.8, Avg: 83933.8, Max: 83933.8, Diff: 0.0]
      [Ext Root Scanning (ms): Min: 0.9, Avg: 0.9, Max: 1.0, Diff: 0.1, Sum: 3.7]
      [Update RS (ms): Min: 17.0, Avg: 17.0, Max: 17.1, Diff: 0.1, Sum: 68.2]
         [Processed Buffers: Min: 114, Avg: 125.5, Max: 132, Diff: 18, Sum: 502]
      [Scan RS (ms): Min: 3.7, Avg: 3.9, Max: 4.1, Diff: 0.3, Sum: 15.4]
      [Object Copy (ms): Min: 46.6, Avg: 46.8, Max: 46.9, Diff: 0.3, Sum: 187.1]
      [Termination (ms): Min: 0.0, Avg: 0.1, Max: 0.2, Diff: 0.2, Sum: 0.2]
      [GC Worker Other (ms): Min: 0.0, Avg: 0.0, Max: 0.0, Diff: 0.0, Sum: 0.1]
      [GC Worker Total (ms): Min: 68.6, Avg: 68.7, Max: 68.8, Diff: 0.1, Sum: 274.7]
      [GC Worker End (ms): Min: 84002.4, Avg: 84002.4, Max: 84002.5, Diff: 0.1]
   [Code Root Fixup: 0.0 ms]
   [Clear CT: 0.1 ms]
   [Other: 1.7 ms]
      [Choose CSet: 0.0 ms]
      [Ref Proc: 0.5 ms]
      [Ref Enq: 0.0 ms]
      [Free CSet: 0.2 ms]
   [Eden: 135.0M(135.0M)->0.0B(140.0M) Survivors: 37.0M->17.0M Heap: 1187.5M(2048.0M)->1070.5M(2048.0M)]
 [Times: user=0.30 sys=0.00, real=0.07 secs] 
84.004: [GC concurrent-root-region-scan-start]
84.021: [GC concurrent-root-region-scan-end, 0.0171829 secs]
84.021: [GC concurrent-mark-start]
84.123: [GC pause (young), 0.0406740 secs]
   [Parallel Time: 40.0 ms, GC Workers: 4]
      [GC Worker Start (ms): Min: 84122.7, Avg: 84122.7, Max: 84122.8, Diff: 0.0]
      [Ext Root Scanning (ms): Min: 0.9, Avg: 0.9, Max: 0.9, Diff: 0.0, Sum: 3.6]
      [SATB Filtering (ms): Min: 0.0, Avg: 0.1, Max: 0.3, Diff: 0.3, Sum: 0.3]
      [Update RS (ms): Min: 15.4, Avg: 15.6, Max: 15.7, Diff: 0.3, Sum: 62.4]
         [Processed Buffers: Min: 118, Avg: 131.3, Max: 145, Diff: 27, Sum: 525]
      [Scan RS (ms): Min: 0.1, Avg: 0.1, Max: 0.1, Diff: 0.0, Sum: 0.4]
      [Object Copy (ms): Min: 23.3, Avg: 23.3, Max: 23.3, Diff: 0.0, Sum: 93.3]
      [Termination (ms): Min: 0.0, Avg: 0.0, Max: 0.0, Diff: 0.0, Sum: 0.0]
      [GC Worker Other (ms): Min: 0.0, Avg: 0.0, Max: 0.0, Diff: 0.0, Sum: 0.1]
      [GC Worker Total (ms): Min: 40.0, Avg: 40.0, Max: 40.0, Diff: 0.0, Sum: 160.1]
      [GC Worker End (ms): Min: 84162.8, Avg: 84162.8, Max: 84162.8, Diff: 0.0]
   [Code Root Fixup: 0.0 ms]
   [Clear CT: 0.1 ms]
   [Other: 0.6 ms]
      [Choose CSet: 0.0 ms]
      [Ref Proc: 0.1 ms]
      [Ref Enq: 0.0 ms]
      [Free CSet: 0.1 ms]
   [Eden: 140.0M(140.0M)->0.0B(330.0M) Survivors: 17.0M->14.0M Heap: 1210.5M(2048.0M)->1084.0M(2048.0M)]
 [Times: user=0.13 sys=0.00, real=0.04 secs] 
84.445: [GC pause (young), 0.1335031 secs]
   [Parallel Time: 132.2 ms, GC Workers: 4]
      [GC Worker Start (ms): Min: 84445.5, Avg: 84445.6, Max: 84445.7, Diff: 0.1]
      [Ext Root Scanning (ms): Min: 1.0, Avg: 1.0, Max: 1.1, Diff: 0.1, Sum: 4.2]
      [SATB Filtering (ms): Min: 0.0, Avg: 0.7, Max: 2.8, Diff: 2.8, Sum: 2.8]
      [Update RS (ms): Min: 5.0, Avg: 7.1, Max: 8.0, Diff: 3.0, Sum: 28.4]
         [Processed Buffers: Min: 97, Avg: 147.5, Max: 209, Diff: 112, Sum: 590]
      [Scan RS (ms): Min: 0.0, Avg: 0.1, Max: 0.1, Diff: 0.1, Sum: 0.3]
      [Object Copy (ms): Min: 123.0, Avg: 123.1, Max: 123.2, Diff: 0.2, Sum: 492.5]
      [Termination (ms): Min: 0.0, Avg: 0.0, Max: 0.0, Diff: 0.0, Sum: 0.0]
      [GC Worker Other (ms): Min: 0.0, Avg: 0.0, Max: 0.0, Diff: 0.0, Sum: 0.1]
      [GC Worker Total (ms): Min: 132.0, Avg: 132.1, Max: 132.1, Diff: 0.1, Sum: 528.3]
      [GC Worker End (ms): Min: 84577.7, Avg: 84577.7, Max: 84577.7, Diff: 0.0]
   [Code Root Fixup: 0.0 ms]
   [Clear CT: 0.1 ms]
   [Other: 1.3 ms]
      [Choose CSet: 0.0 ms]
      [Ref Proc: 0.0 ms]
      [Ref Enq: 0.0 ms]
      [Free CSet: 0.3 ms]
   [Eden: 330.0M(330.0M)->0.0B(254.0M) Survivors: 14.0M->43.0M Heap: 1414.0M(2048.0M)->1199.0M(2048.0M)]
 [Times: user=0.45 sys=0.00, real=0.13 secs] 
84.594: [GC concurrent-mark-end, 0.5725660 secs]
84.594: [GC remark 84.595: [GC ref-proc, 0.0012316 secs], 0.0023438 secs]
 [Times: user=0.00 sys=0.00, real=0.00 secs] 
84.597: [GC cleanup 1218M->476M(2048M), 0.0012072 secs]
 [Times: user=0.00 sys=0.00, real=0.00 secs] 
84.598: [GC concurrent-cleanup-start]
84.599: [GC concurrent-cleanup-end, 0.0009471 secs]
84.831: [GC pause (young), 0.2453736 secs]
   [Parallel Time: 243.1 ms, GC Workers: 4]
      [GC Worker Start (ms): Min: 84831.0, Avg: 84831.0, Max: 84831.0, Diff: 0.0]
      [Ext Root Scanning (ms): Min: 0.8, Avg: 0.9, Max: 0.9, Diff: 0.0, Sum: 3.4]
      [Update RS (ms): Min: 34.0, Avg: 34.6, Max: 35.7, Diff: 1.7, Sum: 138.5]
         [Processed Buffers: Min: 165, Avg: 171.0, Max: 178, Diff: 13, Sum: 684]
      [Scan RS (ms): Min: 0.0, Avg: 0.1, Max: 0.2, Diff: 0.2, Sum: 0.3]
      [Object Copy (ms): Min: 206.5, Avg: 207.5, Max: 208.0, Diff: 1.5, Sum: 829.9]
      [Termination (ms): Min: 0.0, Avg: 0.0, Max: 0.0, Diff: 0.0, Sum: 0.0]
      [GC Worker Other (ms): Min: 0.0, Avg: 0.0, Max: 0.0, Diff: 0.0, Sum: 0.1]
      [GC Worker Total (ms): Min: 243.1, Avg: 243.1, Max: 243.1, Diff: 0.0, Sum: 972.2]
      [GC Worker End (ms): Min: 85074.1, Avg: 85074.1, Max: 85074.1, Diff: 0.0]
   [Code Root Fixup: 0.0 ms]
   [Clear CT: 0.1 ms]
   [Other: 2.2 ms]
      [Choose CSet: 0.0 ms]
      [Ref Proc: 0.1 ms]
      [Ref Enq: 0.0 ms]
      [Free CSet: 0.3 ms]
   [Eden: 254.0M(254.0M)->0.0B(195.0M) Survivors: 43.0M->38.0M Heap: 711.0M(2048.0M)->661.0M(2048.0M)]
 [Times: user=0.95 sys=0.00, real=0.25 secs] 
85.260: [GC pause (young), 0.0713261 secs]
   [Parallel Time: 69.8 ms, GC Workers: 4]
      [GC Worker Start (ms): Min: 85260.7, Avg: 85261.0, Max: 85261.5, Diff: 0.9]
      [Ext Root Scanning (ms): Min: 0.4, Avg: 0.9, Max: 1.2, Diff: 0.8, Sum: 3.6]
      [Update RS (ms): Min: 27.1, Avg: 27.1, Max: 27.2, Diff: 0.0, Sum: 108.6]
         [Processed Buffers: Min: 165, Avg: 171.8, Max: 182, Diff: 17, Sum: 687]
      [Scan RS (ms): Min: 1.1, Avg: 1.2, Max: 1.2, Diff: 0.1, Sum: 4.7]
      [Object Copy (ms): Min: 40.2, Avg: 40.3, Max: 40.3, Diff: 0.1, Sum: 161.1]
      [Termination (ms): Min: 0.0, Avg: 0.0, Max: 0.0, Diff: 0.0, Sum: 0.0]
      [GC Worker Other (ms): Min: 0.0, Avg: 0.0, Max: 0.0, Diff: 0.0, Sum: 0.1]
      [GC Worker Total (ms): Min: 69.0, Avg: 69.5, Max: 69.8, Diff: 0.9, Sum: 278.0]
      [GC Worker End (ms): Min: 85330.5, Avg: 85330.5, Max: 85330.5, Diff: 0.0]
   [Code Root Fixup: 0.0 ms]
   [Clear CT: 0.1 ms]
   [Other: 1.4 ms]
      [Choose CSet: 0.0 ms]
      [Ref Proc: 0.0 ms]
      [Ref Enq: 0.0 ms]
      [Free CSet: 0.3 ms]
   [Eden: 195.0M(195.0M)->0.0B(323.0M) Survivors: 38.0M->10.0M Heap: 856.0M(2048.0M)->672.0M(2048.0M)]
 [Times: user=0.25 sys=0.00, real=0.07 secs] 
85.630: [GC pause (young), 0.1932143 secs]
   [Parallel Time: 191.3 ms, GC Workers: 4]
      [GC Worker Start (ms): Min: 85630.9, Avg: 85632.1, Max: 85635.3, Diff: 4.4]
      [Ext Root Scanning (ms): Min: 0.1, Avg: 0.9, Max: 1.2, Diff: 1.1, Sum: 3.5]
      [Update RS (ms): Min: 12.5, Avg: 14.9, Max: 15.7, Diff: 3.2, Sum: 59.5]
         [Processed Buffers: Min: 165, Avg: 206.8, Max: 257, Diff: 92, Sum: 827]
      [Scan RS (ms): Min: 0.1, Avg: 0.2, Max: 0.2, Diff: 0.1, Sum: 0.8]
      [Object Copy (ms): Min: 174.1, Avg: 174.2, Max: 174.2, Diff: 0.1, Sum: 696.7]
      [Termination (ms): Min: 0.0, Avg: 0.0, Max: 0.0, Diff: 0.0, Sum: 0.0]
      [GC Worker Other (ms): Min: 0.0, Avg: 0.0, Max: 0.0, Diff: 0.0, Sum: 0.1]
      [GC Worker Total (ms): Min: 186.9, Avg: 190.1, Max: 191.2, Diff: 4.4, Sum: 760.5]
      [GC Worker End (ms): Min: 85822.2, Avg: 85822.2, Max: 85822.2, Diff: 0.0]
   [Code Root Fixup: 0.0 ms]
   [Clear CT: 0.1 ms]
   [Other: 1.8 ms]
      [Choose CSet: 0.0 ms]
      [Ref Proc: 0.0 ms]
      [Ref Enq: 0.0 ms]
      [Free CSet: 0.3 ms]
   [Eden: 323.0M(323.0M)->0.0B(217.0M) Survivors: 10.0M->42.0M Heap: 995.0M(2048.0M)->861.5M(2048.0M)]
 [Times: user=0.70 sys=0.00, real=0.19 secs] 
86.053: [GC pause (young), 0.1205527 secs]
   [Parallel Time: 118.3 ms, GC Workers: 4]
      [GC Worker Start (ms): Min: 86053.2, Avg: 86053.9, Max: 86055.1, Diff: 1.9]
      [Ext Root Scanning (ms): Min: 0.1, Avg: 0.9, Max: 1.5, Diff: 1.4, Sum: 3.5]
      [Update RS (ms): Min: 19.6, Avg: 19.9, Max: 20.5, Diff: 0.8, Sum: 79.7]
         [Processed Buffers: Min: 138, Avg: 155.3, Max: 172, Diff: 34, Sum: 621]
      [Scan RS (ms): Min: 3.4, Avg: 4.2, Max: 4.7, Diff: 1.3, Sum: 16.9]
      [Object Copy (ms): Min: 91.1, Avg: 91.3, Max: 91.7, Diff: 0.6, Sum: 365.2]
      [Termination (ms): Min: 0.0, Avg: 0.5, Max: 0.9, Diff: 0.9, Sum: 2.1]
      [GC Worker Other (ms): Min: 0.0, Avg: 0.0, Max: 0.0, Diff: 0.0, Sum: 0.0]
      [GC Worker Total (ms): Min: 115.6, Avg: 116.9, Max: 117.7, Diff: 2.0, Sum: 467.5]
      [GC Worker End (ms): Min: 86170.8, Avg: 86170.8, Max: 86171.0, Diff: 0.2]
   [Code Root Fixup: 0.0 ms]
   [Clear CT: 0.2 ms]
   [Other: 2.1 ms]
      [Choose CSet: 0.0 ms]
      [Ref Proc: 0.7 ms]
      [Ref Enq: 0.0 ms]
      [Free CSet: 0.2 ms]
   [Eden: 217.0M(217.0M)->0.0B(185.0M) Survivors: 42.0M->33.0M Heap: 1078.5M(2048.0M)->900.0M(2048.0M)]
 [Times: user=0.39 sys=0.00, real=0.12 secs] 
86.355: [GC pause (young), 0.1430519 secs]
   [Parallel Time: 141.0 ms, GC Workers: 4]
      [GC Worker Start (ms): Min: 86355.2, Avg: 86355.2, Max: 86355.2, Diff: 0.0]
      [Ext Root Scanning (ms): Min: 0.9, Avg: 1.0, Max: 1.0, Diff: 0.1, Sum: 3.8]
      [Update RS (ms): Min: 18.6, Avg: 18.8, Max: 19.5, Diff: 0.9, Sum: 75.4]
         [Processed Buffers: Min: 177, Avg: 198.3, Max: 213, Diff: 36, Sum: 793]
      [Scan RS (ms): Min: 0.0, Avg: 0.1, Max: 0.2, Diff: 0.1, Sum: 0.5]
      [Object Copy (ms): Min: 120.4, Avg: 121.0, Max: 121.2, Diff: 0.8, Sum: 484.0]
      [Termination (ms): Min: 0.0, Avg: 0.0, Max: 0.0, Diff: 0.0, Sum: 0.0]
      [GC Worker Other (ms): Min: 0.0, Avg: 0.0, Max: 0.0, Diff: 0.0, Sum: 0.1]
      [GC Worker Total (ms): Min: 140.9, Avg: 140.9, Max: 140.9, Diff: 0.0, Sum: 563.8]
      [GC Worker End (ms): Min: 86496.2, Avg: 86496.2, Max: 86496.2, Diff: 0.0]
   [Code Root Fixup: 0.0 ms]
   [Clear CT: 0.2 ms]
   [Other: 1.9 ms]
      [Choose CSet: 0.0 ms]
      [Ref Proc: 0.5 ms]
      [Ref Enq: 0.0 ms]
      [Free CSet: 0.2 ms]
   [Eden: 185.0M(185.0M)->0.0B(224.0M) Survivors: 33.0M->28.0M Heap: 1085.0M(2048.0M)->1008.5M(2048.0M)]
 [Times: user=0.52 sys=0.00, real=0.14 secs] 
86.701: [GC pause (young) (initial-mark), 0.1788827 secs]
   [Parallel Time: 176.4 ms, GC Workers: 4]
      [GC Worker Start (ms): Min: 86701.6, Avg: 86701.6, Max: 86701.6, Diff: 0.0]
      [Ext Root Scanning (ms): Min: 0.5, Avg: 1.0, Max: 1.1, Diff: 0.6, Sum: 3.9]
      [Update RS (ms): Min: 24.4, Avg: 24.4, Max: 24.5, Diff: 0.0, Sum: 97.8]
         [Processed Buffers: Min: 138, Avg: 143.0, Max: 147, Diff: 9, Sum: 572]
      [Scan RS (ms): Min: 0.2, Avg: 0.2, Max: 0.2, Diff: 0.0, Sum: 0.9]
      [Object Copy (ms): Min: 150.6, Avg: 150.7, Max: 151.2, Diff: 0.6, Sum: 603.0]
      [Termination (ms): Min: 0.0, Avg: 0.0, Max: 0.0, Diff: 0.0, Sum: 0.0]
      [GC Worker Other (ms): Min: 0.0, Avg: 0.0, Max: 0.0, Diff: 0.0, Sum: 0.1]
      [GC Worker Total (ms): Min: 176.4, Avg: 176.4, Max: 176.4, Diff: 0.0, Sum: 705.6]
      [GC Worker End (ms): Min: 86878.0, Avg: 86878.0, Max: 86878.0, Diff: 0.0]
   [Code Root Fixup: 0.0 ms]
   [Clear CT: 0.6 ms]
   [Other: 1.9 ms]
      [Choose CSet: 0.0 ms]
      [Ref Proc: 0.1 ms]
      [Ref Enq: 0.0 ms]
      [Free CSet: 0.2 ms]
   [Eden: 224.0M(224.0M)->0.0B(207.0M) Survivors: 28.0M->32.0M Heap: 1232.5M(2048.0M)->1156.0M(2048.0M)]
 [Times: user=0.64 sys=0.00, real=0.18 secs] 
86.881: [GC concurrent-root-region-scan-start]
86.945: [GC concurrent-root-region-scan-end, 0.0645015 secs]
86.945: [GC concurrent-mark-start]
87.129: [GC pause (young), 0.1090472 secs]
   [Parallel Time: 106.6 ms, GC Workers: 4]
      [GC Worker Start (ms): Min: 87129.7, Avg: 87129.7, Max: 87129.7, Diff: 0.0]
      [Ext Root Scanning (ms): Min: 0.9, Avg: 0.9, Max: 0.9, Diff: 0.1, Sum: 3.6]
      [SATB Filtering (ms): Min: 0.0, Avg: 0.7, Max: 2.9, Diff: 2.9, Sum: 2.9]
      [Update RS (ms): Min: 19.4, Avg: 21.5, Max: 22.3, Diff: 2.9, Sum: 86.1]
         [Processed Buffers: Min: 152, Avg: 206.0, Max: 240, Diff: 88, Sum: 824]
      [Scan RS (ms): Min: 0.1, Avg: 0.2, Max: 0.2, Diff: 0.1, Sum: 0.7]
      [Object Copy (ms): Min: 83.3, Avg: 83.3, Max: 83.3, Diff: 0.0, Sum: 333.0]
      [Termination (ms): Min: 0.0, Avg: 0.0, Max: 0.0, Diff: 0.0, Sum: 0.0]
      [GC Worker Other (ms): Min: 0.0, Avg: 0.0, Max: 0.0, Diff: 0.0, Sum: 0.0]
      [GC Worker Total (ms): Min: 106.6, Avg: 106.6, Max: 106.6, Diff: 0.0, Sum: 426.3]
      [GC Worker End (ms): Min: 87236.2, Avg: 87236.2, Max: 87236.2, Diff: 0.0]
   [Code Root Fixup: 0.0 ms]
   [Clear CT: 0.2 ms]
   [Other: 2.2 ms]
      [Choose CSet: 0.0 ms]
      [Ref Proc: 0.7 ms]
      [Ref Enq: 0.0 ms]
      [Free CSet: 0.3 ms]
   [Eden: 207.0M(207.0M)->0.0B(253.0M) Survivors: 32.0M->30.0M Heap: 1363.0M(2048.0M)->1224.0M(2048.0M)]
 [Times: user=0.37 sys=0.00, real=0.11 secs] 
87.446: [GC pause (young), 0.1126476 secs]
   [Parallel Time: 111.5 ms, GC Workers: 4]
      [GC Worker Start (ms): Min: 87445.9, Avg: 87445.9, Max: 87445.9, Diff: 0.0]
      [Ext Root Scanning (ms): Min: 0.8, Avg: 0.9, Max: 0.9, Diff: 0.0, Sum: 3.4]
      [SATB Filtering (ms): Min: 0.0, Avg: 0.9, Max: 3.6, Diff: 3.6, Sum: 3.6]
      [Update RS (ms): Min: 15.9, Avg: 18.5, Max: 19.4, Diff: 3.5, Sum: 74.1]
         [Processed Buffers: Min: 112, Avg: 140.0, Max: 158, Diff: 46, Sum: 560]
      [Scan RS (ms): Min: 0.2, Avg: 0.3, Max: 0.3, Diff: 0.0, Sum: 1.1]
      [Object Copy (ms): Min: 80.3, Avg: 83.0, Max: 90.9, Diff: 10.5, Sum: 331.9]
      [Termination (ms): Min: 0.0, Avg: 7.9, Max: 10.5, Diff: 10.5, Sum: 31.6]
      [GC Worker Other (ms): Min: 0.0, Avg: 0.0, Max: 0.0, Diff: 0.0, Sum: 0.0]
      [GC Worker Total (ms): Min: 111.4, Avg: 111.4, Max: 111.4, Diff: 0.0, Sum: 445.7]
      [GC Worker End (ms): Min: 87557.3, Avg: 87557.3, Max: 87557.3, Diff: 0.0]
   [Code Root Fixup: 0.0 ms]
   [Clear CT: 0.1 ms]
   [Other: 1.1 ms]
      [Choose CSet: 0.0 ms]
      [Ref Proc: 0.0 ms]
      [Ref Enq: 0.0 ms]
      [Free CSet: 0.2 ms]
   [Eden: 253.0M(253.0M)->0.0B(288.0M) Survivors: 30.0M->36.0M Heap: 1477.0M(2048.0M)->1292.5M(2048.0M)]
 [Times: user=0.41 sys=0.00, real=0.11 secs] 
87.650: [GC concurrent-mark-end, 0.7044094 secs]
87.650: [GC remark 87.651: [GC ref-proc, 0.0012065 secs], 0.0033823 secs]
 [Times: user=0.00 sys=0.00, real=0.00 secs] 
87.654: [GC cleanup 1401M->723M(2048M), 0.0012104 secs]
 [Times: user=0.00 sys=0.00, real=0.00 secs] 
87.655: [GC concurrent-cleanup-start]
87.656: [GC concurrent-cleanup-end, 0.0008409 secs]
87.839: [GC pause (young), 0.2407912 secs]
   [Parallel Time: 238.1 ms, GC Workers: 4]
      [GC Worker Start (ms): Min: 87838.8, Avg: 87838.8, Max: 87838.8, Diff: 0.0]
      [Ext Root Scanning (ms): Min: 0.8, Avg: 0.9, Max: 0.9, Diff: 0.0, Sum: 3.5]
      [Update RS (ms): Min: 29.0, Avg: 29.0, Max: 29.1, Diff: 0.1, Sum: 116.1]
         [Processed Buffers: Min: 157, Avg: 158.3, Max: 162, Diff: 5, Sum: 633]
      [Scan RS (ms): Min: 0.0, Avg: 0.1, Max: 0.1, Diff: 0.1, Sum: 0.3]
      [Object Copy (ms): Min: 208.0, Avg: 208.1, Max: 208.1, Diff: 0.0, Sum: 832.2]
      [Termination (ms): Min: 0.0, Avg: 0.0, Max: 0.0, Diff: 0.0, Sum: 0.0]
      [GC Worker Other (ms): Min: 0.0, Avg: 0.0, Max: 0.0, Diff: 0.0, Sum: 0.1]
      [GC Worker Total (ms): Min: 238.0, Avg: 238.0, Max: 238.0, Diff: 0.0, Sum: 952.1]
      [GC Worker End (ms): Min: 88076.8, Avg: 88076.8, Max: 88076.8, Diff: 0.0]
   [Code Root Fixup: 0.0 ms]
   [Clear CT: 0.2 ms]
   [Other: 2.5 ms]
      [Choose CSet: 0.0 ms]
      [Ref Proc: 0.8 ms]
      [Ref Enq: 0.0 ms]
      [Free CSet: 0.2 ms]
   [Eden: 288.0M(288.0M)->0.0B(61.0M) Survivors: 36.0M->41.0M Heap: 902.5M(2048.0M)->830.0M(2048.0M)]
 [Times: user=0.91 sys=0.00, real=0.24 secs] 
88.237: [GC pause (mixed), 0.0813085 secs]
   [Parallel Time: 79.7 ms, GC Workers: 4]
      [GC Worker Start (ms): Min: 88237.4, Avg: 88237.4, Max: 88237.4, Diff: 0.0]
      [Ext Root Scanning (ms): Min: 0.9, Avg: 0.9, Max: 0.9, Diff: 0.0, Sum: 3.7]
      [Update RS (ms): Min: 25.1, Avg: 25.2, Max: 25.3, Diff: 0.2, Sum: 100.7]
         [Processed Buffers: Min: 153, Avg: 163.0, Max: 169, Diff: 16, Sum: 652]
      [Scan RS (ms): Min: 2.7, Avg: 2.9, Max: 2.9, Diff: 0.3, Sum: 11.4]
      [Object Copy (ms): Min: 50.7, Avg: 50.7, Max: 50.8, Diff: 0.1, Sum: 203.0]
      [Termination (ms): Min: 0.0, Avg: 0.0, Max: 0.0, Diff: 0.0, Sum: 0.0]
      [GC Worker Other (ms): Min: 0.0, Avg: 0.0, Max: 0.0, Diff: 0.0, Sum: 0.0]
      [GC Worker Total (ms): Min: 79.7, Avg: 79.7, Max: 79.7, Diff: 0.0, Sum: 318.8]
      [GC Worker End (ms): Min: 88317.1, Avg: 88317.1, Max: 88317.1, Diff: 0.0]
   [Code Root Fixup: 0.0 ms]
   [Clear CT: 0.1 ms]
   [Other: 1.5 ms]
      [Choose CSet: 0.0 ms]
      [Ref Proc: 0.0 ms]
      [Ref Enq: 0.0 ms]
      [Free CSet: 0.2 ms]
   [Eden: 61.0M(61.0M)->0.0B(268.0M) Survivors: 41.0M->9216.0K Heap: 891.0M(2048.0M)->811.5M(2048.0M)]
 [Times: user=0.31 sys=0.00, real=0.08 secs] 
88.540: [GC pause (young), 0.1034417 secs]
   [Parallel Time: 98.2 ms, GC Workers: 4]
      [GC Worker Start (ms): Min: 88540.9, Avg: 88540.9, Max: 88540.9, Diff: 0.0]
      [Ext Root Scanning (ms): Min: 1.1, Avg: 1.1, Max: 1.2, Diff: 0.1, Sum: 4.6]
      [Update RS (ms): Min: 15.1, Avg: 15.1, Max: 15.1, Diff: 0.0, Sum: 60.4]
         [Processed Buffers: Min: 189, Avg: 204.0, Max: 229, Diff: 40, Sum: 816]
      [Scan RS (ms): Min: 0.1, Avg: 0.2, Max: 0.2, Diff: 0.0, Sum: 0.6]
      [Object Copy (ms): Min: 81.7, Avg: 81.8, Max: 81.8, Diff: 0.1, Sum: 327.2]
      [Termination (ms): Min: 0.0, Avg: 0.0, Max: 0.0, Diff: 0.0, Sum: 0.0]
      [GC Worker Other (ms): Min: 0.0, Avg: 0.0, Max: 0.0, Diff: 0.0, Sum: 0.1]
      [GC Worker Total (ms): Min: 98.2, Avg: 98.2, Max: 98.2, Diff: 0.0, Sum: 392.8]
      [GC Worker End (ms): Min: 88639.1, Avg: 88639.1, Max: 88639.1, Diff: 0.0]
   [Code Root Fixup: 0.0 ms]
   [Clear CT: 3.8 ms]
   [Other: 1.4 ms]
      [Choose CSet: 0.0 ms]
      [Ref Proc: 0.3 ms]
      [Ref Enq: 0.0 ms]
      [Free CSet: 0.2 ms]
   [Eden: 268.0M(268.0M)->0.0B(257.0M) Survivors: 9216.0K->35.0M Heap: 1079.5M(2048.0M)->896.0M(2048.0M)]
 [Times: user=0.33 sys=0.00, real=0.10 secs] 
88.893: [GC pause (young), 0.2165691 secs]
   [Parallel Time: 213.7 ms, GC Workers: 4]
      [GC Worker Start (ms): Min: 88893.1, Avg: 88893.1, Max: 88893.1, Diff: 0.0]
      [Ext Root Scanning (ms): Min: 0.8, Avg: 0.9, Max: 0.9, Diff: 0.0, Sum: 3.4]
      [Update RS (ms): Min: 19.1, Avg: 19.2, Max: 19.3, Diff: 0.2, Sum: 76.9]
         [Processed Buffers: Min: 128, Avg: 132.0, Max: 134, Diff: 6, Sum: 528]
      [Scan RS (ms): Min: 0.1, Avg: 0.2, Max: 0.3, Diff: 0.2, Sum: 0.7]
      [Object Copy (ms): Min: 193.4, Avg: 193.4, Max: 193.4, Diff: 0.0, Sum: 773.4]
      [Termination (ms): Min: 0.0, Avg: 0.0, Max: 0.0, Diff: 0.0, Sum: 0.0]
      [GC Worker Other (ms): Min: 0.0, Avg: 0.0, Max: 0.0, Diff: 0.0, Sum: 0.0]
      [GC Worker Total (ms): Min: 213.6, Avg: 213.7, Max: 213.7, Diff: 0.0, Sum: 854.6]
      [GC Worker End (ms): Min: 89106.8, Avg: 89106.8, Max: 89106.8, Diff: 0.0]
   [Code Root Fixup: 0.0 ms]
   [Clear CT: 0.5 ms]
   [Other: 2.4 ms]
      [Choose CSet: 0.0 ms]
      [Ref Proc: 0.6 ms]
      [Ref Enq: 0.0 ms]
      [Free CSet: 0.2 ms]
   [Eden: 257.0M(257.0M)->0.0B(206.0M) Survivors: 35.0M->37.0M Heap: 1153.0M(2048.0M)->1103.5M(2048.0M)]
 [Times: user=0.84 sys=0.00, real=0.22 secs] 
89.267: [GC pause (young) (initial-mark), 0.0830696 secs]
   [Parallel Time: 81.0 ms, GC Workers: 4]
      [GC Worker Start (ms): Min: 89267.7, Avg: 89268.2, Max: 89269.6, Diff: 1.8]
      [Ext Root Scanning (ms): Min: 0.1, Avg: 1.0, Max: 1.3, Diff: 1.2, Sum: 3.8]
      [Update RS (ms): Min: 30.8, Avg: 31.4, Max: 32.1, Diff: 1.3, Sum: 125.8]
         [Processed Buffers: Min: 158, Avg: 166.5, Max: 172, Diff: 14, Sum: 666]
      [Scan RS (ms): Min: 0.3, Avg: 0.8, Max: 1.0, Diff: 0.8, Sum: 3.1]
      [Object Copy (ms): Min: 44.8, Avg: 45.1, Max: 45.7, Diff: 1.0, Sum: 180.3]
      [Termination (ms): Min: 0.0, Avg: 1.1, Max: 2.5, Diff: 2.5, Sum: 4.5]
      [GC Worker Other (ms): Min: 0.0, Avg: 0.0, Max: 0.0, Diff: 0.0, Sum: 0.0]
      [GC Worker Total (ms): Min: 77.8, Avg: 79.4, Max: 81.0, Diff: 3.2, Sum: 317.5]
      [GC Worker End (ms): Min: 89347.1, Avg: 89347.6, Max: 89348.8, Diff: 1.7]
   [Code Root Fixup: 0.0 ms]
   [Clear CT: 0.1 ms]
   [Other: 1.9 ms]
      [Choose CSet: 0.0 ms]
      [Ref Proc: 0.6 ms]
      [Ref Enq: 0.0 ms]
      [Free CSet: 0.2 ms]
   [Eden: 206.0M(206.0M)->0.0B(318.0M) Survivors: 37.0M->3072.0K Heap: 1309.5M(2048.0M)->1108.0M(2048.0M)]
 [Times: user=0.28 sys=0.00, real=0.08 secs] 
89.351: [GC concurrent-root-region-scan-start]
89.373: [GC concurrent-root-region-scan-end, 0.0219850 secs]
89.373: [GC concurrent-mark-start]
89.633: [GC pause (young), 0.1238956 secs]
   [Parallel Time: 122.5 ms, GC Workers: 4]
      [GC Worker Start (ms): Min: 89633.4, Avg: 89633.4, Max: 89633.4, Diff: 0.0]
      [Ext Root Scanning (ms): Min: 0.9, Avg: 0.9, Max: 0.9, Diff: 0.0, Sum: 3.5]
      [SATB Filtering (ms): Min: 0.0, Avg: 0.7, Max: 2.6, Diff: 2.6, Sum: 2.6]
      [Update RS (ms): Min: 16.0, Avg: 18.2, Max: 19.6, Diff: 3.6, Sum: 72.7]
         [Processed Buffers: Min: 199, Avg: 297.0, Max: 421, Diff: 222, Sum: 1188]
      [Scan RS (ms): Min: 0.0, Avg: 0.1, Max: 0.1, Diff: 0.1, Sum: 0.3]
      [Object Copy (ms): Min: 102.0, Avg: 102.7, Max: 103.0, Diff: 1.0, Sum: 410.8]
      [Termination (ms): Min: 0.0, Avg: 0.0, Max: 0.0, Diff: 0.0, Sum: 0.1]
      [GC Worker Other (ms): Min: 0.0, Avg: 0.0, Max: 0.0, Diff: 0.0, Sum: 0.0]
      [GC Worker Total (ms): Min: 122.5, Avg: 122.5, Max: 122.5, Diff: 0.0, Sum: 490.1]
      [GC Worker End (ms): Min: 89755.9, Avg: 89755.9, Max: 89755.9, Diff: 0.0]
   [Code Root Fixup: 0.0 ms]
   [Clear CT: 0.1 ms]
   [Other: 1.3 ms]
      [Choose CSet: 0.0 ms]
      [Ref Proc: 0.0 ms]
      [Ref Enq: 0.0 ms]
      [Free CSet: 0.2 ms]
   [Eden: 318.0M(318.0M)->0.0B(242.0M) Survivors: 3072.0K->41.0M Heap: 1426.0M(2048.0M)->1227.0M(2048.0M)]
 [Times: user=0.45 sys=0.00, real=0.12 secs] 
89.898: [GC concurrent-mark-end, 0.5250232 secs]
89.898: [GC remark 89.900: [GC ref-proc, 0.0012049 secs], 0.0031081 secs]
 [Times: user=0.00 sys=0.00, real=0.00 secs] 
89.902: [GC cleanup 1401M->677M(2048M), 0.0012114 secs]
 [Times: user=0.00 sys=0.00, real=0.00 secs] 
89.903: [GC concurrent-cleanup-start]
89.904: [GC concurrent-cleanup-end, 0.0009080 secs]
89.974: [GC pause (young), 0.1490865 secs]
   [Parallel Time: 147.3 ms, GC Workers: 4]
      [GC Worker Start (ms): Min: 89974.0, Avg: 89974.0, Max: 89974.0, Diff: 0.0]
      [Ext Root Scanning (ms): Min: 0.9, Avg: 0.9, Max: 0.9, Diff: 0.0, Sum: 3.5]
      [Update RS (ms): Min: 20.6, Avg: 21.1, Max: 22.3, Diff: 1.7, Sum: 84.3]
         [Processed Buffers: Min: 140, Avg: 157.0, Max: 180, Diff: 40, Sum: 628]
      [Scan RS (ms): Min: 0.0, Avg: 0.3, Max: 0.4, Diff: 0.4, Sum: 1.1]
      [Object Copy (ms): Min: 124.0, Avg: 125.0, Max: 125.4, Diff: 1.3, Sum: 500.1]
      [Termination (ms): Min: 0.0, Avg: 0.0, Max: 0.0, Diff: 0.0, Sum: 0.0]
      [GC Worker Other (ms): Min: 0.0, Avg: 0.0, Max: 0.0, Diff: 0.0, Sum: 0.1]
      [GC Worker Total (ms): Min: 147.3, Avg: 147.3, Max: 147.3, Diff: 0.0, Sum: 589.0]
      [GC Worker End (ms): Min: 90121.3, Avg: 90121.3, Max: 90121.3, Diff: 0.0]
   [Code Root Fixup: 0.0 ms]
   [Clear CT: 0.1 ms]
   [Other: 1.7 ms]
      [Choose CSet: 0.0 ms]
      [Ref Proc: 0.1 ms]
      [Ref Enq: 0.0 ms]
      [Free CSet: 0.2 ms]
   [Eden: 242.0M(242.0M)->0.0B(66.0M) Survivors: 41.0M->36.0M Heap: 745.0M(2048.0M)->613.5M(2048.0M)]
 [Times: user=0.50 sys=0.00, real=0.15 secs] 
90.223: [GC pause (mixed), 0.0647812 secs]
   [Parallel Time: 62.2 ms, GC Workers: 4]
      [GC Worker Start (ms): Min: 90223.1, Avg: 90223.1, Max: 90223.1, Diff: 0.0]
      [Ext Root Scanning (ms): Min: 0.9, Avg: 0.9, Max: 1.0, Diff: 0.0, Sum: 3.7]
      [Update RS (ms): Min: 23.5, Avg: 23.5, Max: 23.5, Diff: 0.0, Sum: 94.0]
         [Processed Buffers: Min: 136, Avg: 137.5, Max: 140, Diff: 4, Sum: 550]
      [Scan RS (ms): Min: 0.4, Avg: 0.4, Max: 0.4, Diff: 0.0, Sum: 1.5]
      [Object Copy (ms): Min: 37.2, Avg: 37.2, Max: 37.3, Diff: 0.0, Sum: 149.0]
      [Termination (ms): Min: 0.0, Avg: 0.0, Max: 0.0, Diff: 0.0, Sum: 0.0]
      [GC Worker Other (ms): Min: 0.0, Avg: 0.0, Max: 0.0, Diff: 0.0, Sum: 0.1]
      [GC Worker Total (ms): Min: 62.0, Avg: 62.1, Max: 62.1, Diff: 0.0, Sum: 248.2]
      [GC Worker End (ms): Min: 90285.1, Avg: 90285.1, Max: 90285.1, Diff: 0.0]
   [Code Root Fixup: 0.0 ms]
   [Clear CT: 0.7 ms]
   [Other: 1.9 ms]
      [Choose CSet: 0.0 ms]
      [Ref Proc: 1.1 ms]
      [Ref Enq: 0.0 ms]
      [Free CSet: 0.1 ms]
   [Eden: 66.0M(66.0M)->0.0B(353.0M) Survivors: 36.0M->8192.0K Heap: 679.5M(2048.0M)->612.5M(2048.0M)]
 [Times: user=0.25 sys=0.00, real=0.07 secs] 
90.644: [GC pause (young), 0.2623477 secs]
   [Parallel Time: 259.3 ms, GC Workers: 4]
      [GC Worker Start (ms): Min: 90644.2, Avg: 90644.2, Max: 90644.2, Diff: 0.0]
      [Ext Root Scanning (ms): Min: 0.9, Avg: 1.0, Max: 1.0, Diff: 0.1, Sum: 3.8]
      [Update RS (ms): Min: 22.5, Avg: 22.8, Max: 23.3, Diff: 0.7, Sum: 91.0]
         [Processed Buffers: Min: 166, Avg: 221.0, Max: 261, Diff: 95, Sum: 884]
      [Scan RS (ms): Min: 0.0, Avg: 0.1, Max: 0.1, Diff: 0.1, Sum: 0.3]
      [Object Copy (ms): Min: 235.0, Avg: 235.4, Max: 235.6, Diff: 0.6, Sum: 941.8]
      [Termination (ms): Min: 0.0, Avg: 0.0, Max: 0.0, Diff: 0.0, Sum: 0.0]
      [GC Worker Other (ms): Min: 0.0, Avg: 0.0, Max: 0.0, Diff: 0.0, Sum: 0.1]
      [GC Worker Total (ms): Min: 259.2, Avg: 259.3, Max: 259.3, Diff: 0.0, Sum: 1037.0]
      [GC Worker End (ms): Min: 90903.4, Avg: 90903.4, Max: 90903.5, Diff: 0.0]
   [Code Root Fixup: 0.0 ms]
   [Clear CT: 0.6 ms]
   [Other: 2.4 ms]
      [Choose CSet: 0.0 ms]
      [Ref Proc: 0.3 ms]
      [Ref Enq: 0.0 ms]
      [Free CSet: 0.2 ms]
   [Eden: 353.0M(353.0M)->0.0B(228.0M) Survivors: 8192.0K->46.0M Heap: 965.5M(2048.0M)->896.5M(2048.0M)]
 [Times: user=0.95 sys=0.00, real=0.26 secs] 
91.213: [GC pause (young), 0.1651042 secs]
   [Parallel Time: 161.4 ms, GC Workers: 4]
      [GC Worker Start (ms): Min: 91213.6, Avg: 91213.7, Max: 91213.8, Diff: 0.2]
      [Ext Root Scanning (ms): Min: 0.8, Avg: 0.9, Max: 1.0, Diff: 0.2, Sum: 3.6]
      [Update RS (ms): Min: 14.9, Avg: 16.5, Max: 19.0, Diff: 4.1, Sum: 65.9]
         [Processed Buffers: Min: 86, Avg: 179.5, Max: 251, Diff: 165, Sum: 718]
      [Scan RS (ms): Min: 31.8, Avg: 34.5, Max: 38.0, Diff: 6.3, Sum: 137.9]
      [Object Copy (ms): Min: 107.2, Avg: 109.3, Max: 110.3, Diff: 3.0, Sum: 437.1]
      [Termination (ms): Min: 0.0, Avg: 0.0, Max: 0.0, Diff: 0.0, Sum: 0.0]
      [GC Worker Other (ms): Min: 0.0, Avg: 0.0, Max: 0.0, Diff: 0.0, Sum: 0.1]
      [GC Worker Total (ms): Min: 161.1, Avg: 161.1, Max: 161.2, Diff: 0.2, Sum: 644.6]
      [GC Worker End (ms): Min: 91374.9, Avg: 91374.9, Max: 91374.9, Diff: 0.0]
   [Code Root Fixup: 0.0 ms]
   [Clear CT: 0.1 ms]
   [Other: 3.6 ms]
      [Choose CSet: 0.0 ms]
      [Ref Proc: 1.6 ms]
      [Ref Enq: 0.0 ms]
      [Free CSet: 0.2 ms]
   [Eden: 228.0M(228.0M)->0.0B(85.0M) Survivors: 46.0M->35.0M Heap: 1124.5M(2048.0M)->943.0M(2048.0M)]
 [Times: user=0.47 sys=0.00, real=0.16 secs] 
91.513: [GC pause (young), 0.0675638 secs]
   [Parallel Time: 66.0 ms, GC Workers: 4]
      [GC Worker Start (ms): Min: 91512.8, Avg: 91512.9, Max: 91512.9, Diff: 0.0]
      [Ext Root Scanning (ms): Min: 0.9, Avg: 0.9, Max: 0.9, Diff: 0.0, Sum: 3.6]
      [Update RS (ms): Min: 18.5, Avg: 18.8, Max: 19.5, Diff: 1.0, Sum: 75.0]
         [Processed Buffers: Min: 199, Avg: 208.3, Max: 225, Diff: 26, Sum: 833]
      [Scan RS (ms): Min: 0.7, Avg: 1.5, Max: 1.8, Diff: 1.1, Sum: 5.8]
      [Object Copy (ms): Min: 43.4, Avg: 43.5, Max: 43.8, Diff: 0.4, Sum: 174.0]
      [Termination (ms): Min: 0.0, Avg: 0.7, Max: 1.5, Diff: 1.5, Sum: 2.6]
      [GC Worker Other (ms): Min: 0.0, Avg: 0.0, Max: 0.0, Diff: 0.0, Sum: 0.0]
      [GC Worker Total (ms): Min: 64.9, Avg: 65.3, Max: 66.0, Diff: 1.1, Sum: 261.1]
      [GC Worker End (ms): Min: 91577.7, Avg: 91578.1, Max: 91578.9, Diff: 1.1]
   [Code Root Fixup: 0.0 ms]
   [Clear CT: 0.1 ms]
   [Other: 1.4 ms]
      [Choose CSet: 0.0 ms]
      [Ref Proc: 0.7 ms]
      [Ref Enq: 0.0 ms]
      [Free CSet: 0.1 ms]
   [Eden: 85.0M(85.0M)->0.0B(216.0M) Survivors: 35.0M->15.0M Heap: 1028.0M(2048.0M)->964.5M(2048.0M)]
 [Times: user=0.23 sys=0.02, real=0.07 secs] 
91.796: [GC pause (young) (initial-mark), 0.1958369 secs]
   [Parallel Time: 192.6 ms, GC Workers: 4]
      [GC Worker Start (ms): Min: 91796.4, Avg: 91796.4, Max: 91796.4, Diff: 0.0]
      [Ext Root Scanning (ms): Min: 0.8, Avg: 0.9, Max: 0.9, Diff: 0.1, Sum: 3.5]
      [Update RS (ms): Min: 17.6, Avg: 17.6, Max: 17.6, Diff: 0.1, Sum: 70.5]
         [Processed Buffers: Min: 95, Avg: 106.3, Max: 123, Diff: 28, Sum: 425]
      [Scan RS (ms): Min: 0.0, Avg: 0.1, Max: 0.1, Diff: 0.0, Sum: 0.2]
      [Object Copy (ms): Min: 174.0, Avg: 174.0, Max: 174.0, Diff: 0.0, Sum: 696.2]
      [Termination (ms): Min: 0.0, Avg: 0.0, Max: 0.0, Diff: 0.0, Sum: 0.0]
      [GC Worker Other (ms): Min: 0.0, Avg: 0.0, Max: 0.0, Diff: 0.0, Sum: 0.1]
      [GC Worker Total (ms): Min: 192.6, Avg: 192.6, Max: 192.6, Diff: 0.0, Sum: 770.4]
      [GC Worker End (ms): Min: 91989.0, Avg: 91989.0, Max: 91989.0, Diff: 0.0]
   [Code Root Fixup: 0.0 ms]
   [Clear CT: 0.3 ms]
   [Other: 3.0 ms]
      [Choose CSet: 0.0 ms]
      [Ref Proc: 1.3 ms]
      [Ref Enq: 0.0 ms]
      [Free CSet: 0.2 ms]
   [Eden: 216.0M(216.0M)->0.0B(165.0M) Survivors: 15.0M->29.0M Heap: 1180.5M(2048.0M)->1159.0M(2048.0M)]
 [Times: user=0.70 sys=0.00, real=0.20 secs] 
91.992: [GC concurrent-root-region-scan-start]
92.025: [GC concurrent-root-region-scan-end, 0.0324899 secs]
92.025: [GC concurrent-mark-start]
92.189: [GC pause (young), 0.0590814 secs]
   [Parallel Time: 57.7 ms, GC Workers: 4]
      [GC Worker Start (ms): Min: 92189.6, Avg: 92190.2, Max: 92190.9, Diff: 1.3]
      [Ext Root Scanning (ms): Min: 0.5, Avg: 1.0, Max: 1.7, Diff: 1.3, Sum: 4.0]
      [SATB Filtering (ms): Min: 0.0, Avg: 0.0, Max: 0.1, Diff: 0.1, Sum: 0.1]
      [Update RS (ms): Min: 19.6, Avg: 19.7, Max: 19.7, Diff: 0.1, Sum: 78.7]
         [Processed Buffers: Min: 100, Avg: 107.0, Max: 117, Diff: 17, Sum: 428]
      [Scan RS (ms): Min: 6.0, Avg: 6.0, Max: 6.0, Diff: 0.0, Sum: 24.1]
      [Object Copy (ms): Min: 30.1, Avg: 30.1, Max: 30.1, Diff: 0.1, Sum: 120.4]
      [Termination (ms): Min: 0.0, Avg: 0.0, Max: 0.0, Diff: 0.0, Sum: 0.0]
      [GC Worker Other (ms): Min: 0.0, Avg: 0.1, Max: 0.5, Diff: 0.5, Sum: 0.6]
      [GC Worker Total (ms): Min: 56.3, Avg: 57.0, Max: 57.6, Diff: 1.3, Sum: 227.9]
      [GC Worker End (ms): Min: 92247.2, Avg: 92247.2, Max: 92247.2, Diff: 0.0]
   [Code Root Fixup: 0.0 ms]
   [Clear CT: 0.1 ms]
   [Other: 1.3 ms]
      [Choose CSet: 0.0 ms]
      [Ref Proc: 0.0 ms]
      [Ref Enq: 0.0 ms]
      [Free CSet: 0.3 ms]
   [Eden: 165.0M(165.0M)->0.0B(262.0M) Survivors: 29.0M->5120.0K Heap: 1324.0M(2048.0M)->1165.0M(2048.0M)]
 [Times: user=0.20 sys=0.00, real=0.06 secs] 
92.471: [GC pause (young), 0.0970921 secs]
   [Parallel Time: 95.9 ms, GC Workers: 4]
      [GC Worker Start (ms): Min: 92471.5, Avg: 92471.5, Max: 92471.5, Diff: 0.0]
      [Ext Root Scanning (ms): Min: 0.9, Avg: 0.9, Max: 0.9, Diff: 0.1, Sum: 3.6]
      [SATB Filtering (ms): Min: 0.0, Avg: 0.7, Max: 3.0, Diff: 3.0, Sum: 3.0]
      [Update RS (ms): Min: 16.6, Avg: 18.8, Max: 19.5, Diff: 3.0, Sum: 75.1]
         [Processed Buffers: Min: 220, Avg: 266.3, Max: 296, Diff: 76, Sum: 1065]
      [Scan RS (ms): Min: 0.1, Avg: 0.1, Max: 0.1, Diff: 0.0, Sum: 0.3]
      [Object Copy (ms): Min: 75.3, Avg: 75.3, Max: 75.3, Diff: 0.0, Sum: 301.2]
      [Termination (ms): Min: 0.0, Avg: 0.0, Max: 0.0, Diff: 0.0, Sum: 0.0]
      [GC Worker Other (ms): Min: 0.0, Avg: 0.0, Max: 0.0, Diff: 0.0, Sum: 0.1]
      [GC Worker Total (ms): Min: 95.8, Avg: 95.8, Max: 95.8, Diff: 0.0, Sum: 383.2]
      [GC Worker End (ms): Min: 92567.3, Avg: 92567.3, Max: 92567.3, Diff: 0.0]
   [Code Root Fixup: 0.0 ms]
   [Clear CT: 0.1 ms]
   [Other: 1.1 ms]
      [Choose CSet: 0.0 ms]
      [Ref Proc: 0.1 ms]
      [Ref Enq: 0.0 ms]
      [Free CSet: 0.2 ms]
   [Eden: 262.0M(262.0M)->0.0B(68.0M) Survivors: 5120.0K->34.0M Heap: 1427.0M(2048.0M)->1259.5M(2048.0M)]
 [Times: user=0.28 sys=0.00, real=0.10 secs] 
92.622: [GC pause (young), 0.0675051 secs]
   [Parallel Time: 65.1 ms, GC Workers: 4]
      [GC Worker Start (ms): Min: 92622.1, Avg: 92622.2, Max: 92622.2, Diff: 0.0]
      [Ext Root Scanning (ms): Min: 0.9, Avg: 0.9, Max: 0.9, Diff: 0.0, Sum: 3.5]
      [SATB Filtering (ms): Min: 0.0, Avg: 0.2, Max: 0.7, Diff: 0.7, Sum: 0.7]
      [Update RS (ms): Min: 23.6, Avg: 24.1, Max: 24.3, Diff: 0.6, Sum: 96.4]
         [Processed Buffers: Min: 133, Avg: 139.8, Max: 148, Diff: 15, Sum: 559]
      [Scan RS (ms): Min: 0.1, Avg: 0.1, Max: 0.1, Diff: 0.0, Sum: 0.5]
      [Object Copy (ms): Min: 38.9, Avg: 38.9, Max: 39.0, Diff: 0.1, Sum: 155.7]
      [Termination (ms): Min: 0.0, Avg: 0.2, Max: 0.4, Diff: 0.4, Sum: 0.7]
      [GC Worker Other (ms): Min: 0.0, Avg: 0.0, Max: 0.0, Diff: 0.0, Sum: 0.0]
      [GC Worker Total (ms): Min: 64.3, Avg: 64.4, Max: 64.6, Diff: 0.3, Sum: 257.6]
      [GC Worker End (ms): Min: 92686.5, Avg: 92686.5, Max: 92686.7, Diff: 0.3]
   [Code Root Fixup: 0.0 ms]
   [Clear CT: 0.1 ms]
   [Other: 2.2 ms]
      [Choose CSet: 0.0 ms]
      [Ref Proc: 1.2 ms]
      [Ref Enq: 0.0 ms]
      [Free CSet: 0.1 ms]
   [Eden: 68.0M(68.0M)->0.0B(178.0M) Survivors: 34.0M->13.0M Heap: 1327.5M(2048.0M)->1274.5M(2048.0M)]
 [Times: user=0.28 sys=0.00, real=0.07 secs] 
92.722: [GC concurrent-mark-end, 0.6974719 secs]
92.723: [GC remark 92.723: [GC ref-proc, 0.0012572 secs], 0.0029599 secs]
 [Times: user=0.00 sys=0.00, real=0.00 secs] 
92.726: [GC cleanup 1322M->579M(2048M), 0.0014577 secs]
 [Times: user=0.00 sys=0.00, real=0.00 secs] 
92.728: [GC concurrent-cleanup-start]
92.729: [GC concurrent-cleanup-end, 0.0010629 secs]
92.866: [GC pause (young), 0.1536218 secs]
   [Parallel Time: 151.5 ms, GC Workers: 4]
      [GC Worker Start (ms): Min: 92866.6, Avg: 92866.6, Max: 92866.7, Diff: 0.0]
      [Ext Root Scanning (ms): Min: 0.8, Avg: 0.9, Max: 0.9, Diff: 0.0, Sum: 3.5]
      [Update RS (ms): Min: 22.7, Avg: 22.7, Max: 22.7, Diff: 0.1, Sum: 90.8]
         [Processed Buffers: Min: 129, Avg: 152.5, Max: 179, Diff: 50, Sum: 610]
      [Scan RS (ms): Min: 0.0, Avg: 0.0, Max: 0.1, Diff: 0.1, Sum: 0.2]
      [Object Copy (ms): Min: 127.9, Avg: 127.9, Max: 127.9, Diff: 0.0, Sum: 511.4]
      [Termination (ms): Min: 0.0, Avg: 0.0, Max: 0.0, Diff: 0.0, Sum: 0.0]
      [GC Worker Other (ms): Min: 0.0, Avg: 0.0, Max: 0.0, Diff: 0.0, Sum: 0.1]
      [GC Worker Total (ms): Min: 151.5, Avg: 151.5, Max: 151.5, Diff: 0.0, Sum: 605.9]
      [GC Worker End (ms): Min: 93018.1, Avg: 93018.1, Max: 93018.1, Diff: 0.0]
   [Code Root Fixup: 0.0 ms]
   [Clear CT: 0.6 ms]
   [Other: 1.5 ms]
      [Choose CSet: 0.0 ms]
      [Ref Proc: 0.3 ms]
      [Ref Enq: 0.0 ms]
      [Free CSet: 0.2 ms]
   [Eden: 178.0M(178.0M)->0.0B(78.0M) Survivors: 13.0M->24.0M Heap: 709.5M(2048.0M)->675.5M(2048.0M)]
 [Times: user=0.58 sys=0.00, real=0.15 secs] 
93.085: [GC pause (mixed), 0.0683508 secs]
   [Parallel Time: 65.7 ms, GC Workers: 4]
      [GC Worker Start (ms): Min: 93085.3, Avg: 93086.5, Max: 93089.8, Diff: 4.5]
      [Ext Root Scanning (ms): Min: 0.1, Avg: 0.9, Max: 1.3, Diff: 1.2, Sum: 3.6]
      [Update RS (ms): Min: 27.9, Avg: 31.2, Max: 34.9, Diff: 7.0, Sum: 124.9]
         [Processed Buffers: Min: 151, Avg: 158.3, Max: 162, Diff: 11, Sum: 633]
      [Scan RS (ms): Min: 0.0, Avg: 0.1, Max: 0.2, Diff: 0.2, Sum: 0.6]
      [Object Copy (ms): Min: 29.5, Avg: 32.2, Max: 33.1, Diff: 3.7, Sum: 128.6]
      [Termination (ms): Min: 0.0, Avg: 0.0, Max: 0.0, Diff: 0.0, Sum: 0.0]
      [GC Worker Other (ms): Min: 0.0, Avg: 0.0, Max: 0.0, Diff: 0.0, Sum: 0.0]
      [GC Worker Total (ms): Min: 61.2, Avg: 64.4, Max: 65.7, Diff: 4.5, Sum: 257.7]
      [GC Worker End (ms): Min: 93150.9, Avg: 93150.9, Max: 93150.9, Diff: 0.0]
   [Code Root Fixup: 0.0 ms]
   [Clear CT: 1.2 ms]
   [Other: 1.4 ms]
      [Choose CSet: 0.0 ms]
      [Ref Proc: 0.6 ms]
      [Ref Enq: 0.0 ms]
      [Free CSet: 0.1 ms]
   [Eden: 78.0M(78.0M)->0.0B(210.0M) Survivors: 24.0M->4096.0K Heap: 753.5M(2048.0M)->677.0M(2048.0M)]
 [Times: user=0.22 sys=0.00, real=0.07 secs] 
93.355: [GC pause (young), 0.1615173 secs]
   [Parallel Time: 159.3 ms, GC Workers: 4]
      [GC Worker Start (ms): Min: 93355.3, Avg: 93355.4, Max: 93355.4, Diff: 0.0]
      [Ext Root Scanning (ms): Min: 1.1, Avg: 1.1, Max: 1.1, Diff: 0.1, Sum: 4.5]
      [Update RS (ms): Min: 16.2, Avg: 16.2, Max: 16.2, Diff: 0.0, Sum: 64.9]
         [Processed Buffers: Min: 137, Avg: 233.5, Max: 308, Diff: 171, Sum: 934]
      [Scan RS (ms): Min: 0.1, Avg: 0.1, Max: 0.1, Diff: 0.0, Sum: 0.4]
      [Object Copy (ms): Min: 141.8, Avg: 141.8, Max: 141.8, Diff: 0.1, Sum: 567.2]
      [Termination (ms): Min: 0.0, Avg: 0.0, Max: 0.0, Diff: 0.0, Sum: 0.0]
      [GC Worker Other (ms): Min: 0.0, Avg: 0.0, Max: 0.0, Diff: 0.0, Sum: 0.1]
      [GC Worker Total (ms): Min: 159.2, Avg: 159.2, Max: 159.2, Diff: 0.0, Sum: 636.9]
      [GC Worker End (ms): Min: 93514.6, Avg: 93514.6, Max: 93514.6, Diff: 0.0]
   [Code Root Fixup: 0.0 ms]
   [Clear CT: 0.2 ms]
   [Other: 2.1 ms]
      [Choose CSet: 0.0 ms]
      [Ref Proc: 0.3 ms]
      [Ref Enq: 0.0 ms]
      [Free CSet: 0.2 ms]
   [Eden: 210.0M(210.0M)->0.0B(172.0M) Survivors: 4096.0K->27.0M Heap: 887.0M(2048.0M)->844.5M(2048.0M)]
 [Times: user=0.64 sys=0.00, real=0.16 secs] 
93.646: [GC pause (young), 0.0691340 secs]
   [Parallel Time: 67.9 ms, GC Workers: 4]
      [GC Worker Start (ms): Min: 93645.9, Avg: 93646.0, Max: 93646.4, Diff: 0.6]
      [Ext Root Scanning (ms): Min: 0.6, Avg: 0.9, Max: 1.2, Diff: 0.5, Sum: 3.5]
      [Update RS (ms): Min: 22.8, Avg: 23.0, Max: 23.7, Diff: 0.9, Sum: 92.1]
         [Processed Buffers: Min: 178, Avg: 180.8, Max: 184, Diff: 6, Sum: 723]
      [Scan RS (ms): Min: 0.2, Avg: 0.9, Max: 1.1, Diff: 0.9, Sum: 3.4]
      [Object Copy (ms): Min: 42.8, Avg: 42.9, Max: 43.2, Diff: 0.4, Sum: 171.8]
      [Termination (ms): Min: 0.0, Avg: 0.0, Max: 0.0, Diff: 0.0, Sum: 0.0]
      [GC Worker Other (ms): Min: 0.0, Avg: 0.0, Max: 0.0, Diff: 0.0, Sum: 0.1]
      [GC Worker Total (ms): Min: 67.3, Avg: 67.7, Max: 67.9, Diff: 0.6, Sum: 270.9]
      [GC Worker End (ms): Min: 93713.8, Avg: 93713.8, Max: 93713.8, Diff: 0.0]
   [Code Root Fixup: 0.0 ms]
   [Clear CT: 0.1 ms]
   [Other: 1.1 ms]
      [Choose CSet: 0.0 ms]
      [Ref Proc: 0.0 ms]
      [Ref Enq: 0.0 ms]
      [Free CSet: 0.2 ms]
   [Eden: 172.0M(172.0M)->0.0B(248.0M) Survivors: 27.0M->23.0M Heap: 1016.5M(2048.0M)->867.5M(2048.0M)]
 [Times: user=0.23 sys=0.00, real=0.07 secs] 
93.951: [GC pause (young), 0.1866976 secs]
   [Parallel Time: 185.0 ms, GC Workers: 4]
      [GC Worker Start (ms): Min: 93951.2, Avg: 93951.2, Max: 93951.2, Diff: 0.0]
      [Ext Root Scanning (ms): Min: 1.2, Avg: 1.2, Max: 1.3, Diff: 0.1, Sum: 4.8]
      [Update RS (ms): Min: 14.0, Avg: 14.2, Max: 14.5, Diff: 0.5, Sum: 56.7]
         [Processed Buffers: Min: 113, Avg: 129.3, Max: 150, Diff: 37, Sum: 517]
      [Scan RS (ms): Min: 0.0, Avg: 0.2, Max: 0.3, Diff: 0.3, Sum: 1.0]
      [Object Copy (ms): Min: 169.1, Avg: 169.3, Max: 169.4, Diff: 0.3, Sum: 677.2]
      [Termination (ms): Min: 0.0, Avg: 0.0, Max: 0.1, Diff: 0.1, Sum: 0.1]
      [GC Worker Other (ms): Min: 0.0, Avg: 0.0, Max: 0.0, Diff: 0.0, Sum: 0.1]
      [GC Worker Total (ms): Min: 184.9, Avg: 185.0, Max: 185.0, Diff: 0.0, Sum: 739.8]
      [GC Worker End (ms): Min: 94136.2, Avg: 94136.2, Max: 94136.2, Diff: 0.0]
   [Code Root Fixup: 0.0 ms]
   [Clear CT: 0.2 ms]
   [Other: 1.6 ms]
      [Choose CSet: 0.0 ms]
      [Ref Proc: 0.0 ms]
      [Ref Enq: 0.0 ms]
      [Free CSet: 0.2 ms]
   [Eden: 248.0M(248.0M)->0.0B(217.0M) Survivors: 23.0M->34.0M Heap: 1115.5M(2048.0M)->1053.5M(2048.0M)]
 [Times: user=0.67 sys=0.00, real=0.19 secs] 
94.418: [GC pause (young) (initial-mark), 0.1930921 secs]
   [Parallel Time: 189.2 ms, GC Workers: 4]
      [GC Worker Start (ms): Min: 94418.0, Avg: 94418.0, Max: 94418.0, Diff: 0.0]
      [Ext Root Scanning (ms): Min: 0.9, Avg: 0.9, Max: 0.9, Diff: 0.0, Sum: 3.5]
      [Update RS (ms): Min: 19.0, Avg: 19.0, Max: 19.1, Diff: 0.1, Sum: 76.1]
         [Processed Buffers: Min: 134, Avg: 193.3, Max: 228, Diff: 94, Sum: 773]
      [Scan RS (ms): Min: 5.8, Avg: 5.8, Max: 5.8, Diff: 0.0, Sum: 23.2]
      [Object Copy (ms): Min: 162.6, Avg: 162.6, Max: 162.7, Diff: 0.1, Sum: 650.5]
      [Termination (ms): Min: 0.0, Avg: 0.3, Max: 0.8, Diff: 0.8, Sum: 1.0]
      [GC Worker Other (ms): Min: 0.0, Avg: 0.0, Max: 0.0, Diff: 0.0, Sum: 0.0]
      [GC Worker Total (ms): Min: 188.4, Avg: 188.6, Max: 189.1, Diff: 0.8, Sum: 754.4]
      [GC Worker End (ms): Min: 94606.4, Avg: 94606.6, Max: 94607.1, Diff: 0.8]
   [Code Root Fixup: 0.0 ms]
   [Clear CT: 0.1 ms]
   [Other: 3.7 ms]
      [Choose CSet: 0.0 ms]
      [Ref Proc: 1.8 ms]
      [Ref Enq: 0.0 ms]
      [Free CSet: 0.2 ms]
   [Eden: 217.0M(217.0M)->0.0B(162.0M) Survivors: 34.0M->32.0M Heap: 1270.5M(2048.0M)->1203.5M(2048.0M)]
 [Times: user=0.62 sys=0.00, real=0.19 secs] 
94.611: [GC concurrent-root-region-scan-start]
94.677: [GC concurrent-root-region-scan-end, 0.0663383 secs]
94.677: [GC concurrent-mark-start]
94.827: [GC pause (young), 0.0665586 secs]
   [Parallel Time: 63.7 ms, GC Workers: 4]
      [GC Worker Start (ms): Min: 94827.7, Avg: 94827.7, Max: 94827.8, Diff: 0.0]
      [Ext Root Scanning (ms): Min: 0.9, Avg: 0.9, Max: 0.9, Diff: 0.0, Sum: 3.5]
      [SATB Filtering (ms): Min: 0.0, Avg: 0.2, Max: 0.9, Diff: 0.9, Sum: 0.9]
      [Update RS (ms): Min: 20.0, Avg: 20.7, Max: 21.0, Diff: 1.0, Sum: 82.8]
         [Processed Buffers: Min: 157, Avg: 182.8, Max: 196, Diff: 39, Sum: 731]
      [Scan RS (ms): Min: 0.6, Avg: 0.7, Max: 0.8, Diff: 0.2, Sum: 2.9]
      [Object Copy (ms): Min: 40.9, Avg: 40.9, Max: 41.0, Diff: 0.1, Sum: 163.7]
      [Termination (ms): Min: 0.0, Avg: 0.0, Max: 0.0, Diff: 0.0, Sum: 0.0]
      [GC Worker Other (ms): Min: 0.0, Avg: 0.0, Max: 0.0, Diff: 0.0, Sum: 0.0]
      [GC Worker Total (ms): Min: 63.5, Avg: 63.5, Max: 63.5, Diff: 0.0, Sum: 253.9]
      [GC Worker End (ms): Min: 94891.2, Avg: 94891.2, Max: 94891.2, Diff: 0.0]
   [Code Root Fixup: 0.0 ms]
   [Clear CT: 0.1 ms]
   [Other: 2.8 ms]
      [Choose CSet: 0.0 ms]
      [Ref Proc: 1.7 ms]
      [Ref Enq: 0.0 ms]
      [Free CSet: 0.2 ms]
   [Eden: 162.0M(162.0M)->0.0B(280.0M) Survivors: 32.0M->18.0M Heap: 1365.5M(2048.0M)->1222.5M(2048.0M)]
 [Times: user=0.22 sys=0.00, real=0.07 secs] 
95.139: [GC pause (young), 0.1435249 secs]
   [Parallel Time: 142.1 ms, GC Workers: 4]
      [GC Worker Start (ms): Min: 95139.2, Avg: 95139.2, Max: 95139.2, Diff: 0.0]
      [Ext Root Scanning (ms): Min: 1.1, Avg: 4.2, Max: 13.4, Diff: 12.3, Sum: 16.8]
      [SATB Filtering (ms): Min: 0.0, Avg: 0.7, Max: 2.6, Diff: 2.6, Sum: 2.6]
      [Update RS (ms): Min: 7.9, Avg: 16.3, Max: 20.0, Diff: 12.0, Sum: 65.2]
         [Processed Buffers: Min: 101, Avg: 142.0, Max: 170, Diff: 69, Sum: 568]
      [Scan RS (ms): Min: 0.0, Avg: 0.1, Max: 0.2, Diff: 0.2, Sum: 0.6]
      [Object Copy (ms): Min: 119.9, Avg: 120.1, Max: 120.8, Diff: 0.9, Sum: 480.5]
      [Termination (ms): Min: 0.0, Avg: 0.6, Max: 0.9, Diff: 0.9, Sum: 2.6]
      [GC Worker Other (ms): Min: 0.0, Avg: 0.0, Max: 0.0, Diff: 0.0, Sum: 0.0]
      [GC Worker Total (ms): Min: 142.1, Avg: 142.1, Max: 142.1, Diff: 0.0, Sum: 568.4]
      [GC Worker End (ms): Min: 95281.3, Avg: 95281.3, Max: 95281.3, Diff: 0.0]
   [Code Root Fixup: 0.0 ms]
   [Clear CT: 0.1 ms]
   [Other: 1.3 ms]
      [Choose CSet: 0.0 ms]
      [Ref Proc: 0.1 ms]
      [Ref Enq: 0.0 ms]
      [Free CSet: 0.2 ms]
   [Eden: 280.0M(280.0M)->0.0B(245.0M) Survivors: 18.0M->38.0M Heap: 1502.5M(2048.0M)->1348.5M(2048.0M)]
 [Times: user=0.47 sys=0.00, real=0.14 secs] 
95.391: [GC concurrent-mark-end, 0.7129094 secs]
95.391: [GC remark 95.391: [GC ref-proc, 0.0012120 secs], 0.0025770 secs]
 [Times: user=0.00 sys=0.00, real=0.00 secs] 
95.394: [GC cleanup 1476M->729M(2048M), 0.0019843 secs]
 [Times: user=0.00 sys=0.00, real=0.00 secs] 
95.396: [GC concurrent-cleanup-start]
95.397: [GC concurrent-cleanup-end, 0.0008538 secs]
95.509: [GC pause (young), 0.1498983 secs]
   [Parallel Time: 148.2 ms, GC Workers: 4]
      [GC Worker Start (ms): Min: 95509.5, Avg: 95510.9, Max: 95515.2, Diff: 5.7]
      [Ext Root Scanning (ms): Min: 0.1, Avg: 0.9, Max: 1.1, Diff: 1.0, Sum: 3.5]
      [Update RS (ms): Min: 17.5, Avg: 21.0, Max: 22.2, Diff: 4.7, Sum: 84.1]
         [Processed Buffers: Min: 129, Avg: 190.8, Max: 227, Diff: 98, Sum: 763]
      [Scan RS (ms): Min: 1.1, Avg: 1.2, Max: 1.3, Diff: 0.2, Sum: 4.8]
      [Object Copy (ms): Min: 123.2, Avg: 123.4, Max: 123.6, Diff: 0.4, Sum: 493.6]
      [Termination (ms): Min: 0.0, Avg: 0.2, Max: 0.3, Diff: 0.3, Sum: 0.8]
      [GC Worker Other (ms): Min: 0.0, Avg: 0.0, Max: 0.0, Diff: 0.0, Sum: 0.0]
      [GC Worker Total (ms): Min: 142.4, Avg: 146.7, Max: 148.2, Diff: 5.8, Sum: 586.8]
      [GC Worker End (ms): Min: 95657.6, Avg: 95657.6, Max: 95657.6, Diff: 0.1]
   [Code Root Fixup: 0.0 ms]
   [Clear CT: 0.1 ms]
   [Other: 1.6 ms]
      [Choose CSet: 0.0 ms]
      [Ref Proc: 0.0 ms]
      [Ref Enq: 0.0 ms]
      [Free CSet: 0.2 ms]
   [Eden: 245.0M(245.0M)->0.0B(66.0M) Survivors: 38.0M->36.0M Heap: 846.5M(2048.0M)->709.0M(2048.0M)]
 [Times: user=0.59 sys=0.00, real=0.15 secs] 
95.762: [GC pause (mixed), 0.0699743 secs]
   [Parallel Time: 68.6 ms, GC Workers: 4]
      [GC Worker Start (ms): Min: 95762.7, Avg: 95762.7, Max: 95762.7, Diff: 0.0]
      [Ext Root Scanning (ms): Min: 0.9, Avg: 1.0, Max: 1.0, Diff: 0.0, Sum: 3.8]
      [Update RS (ms): Min: 22.7, Avg: 22.8, Max: 23.0, Diff: 0.3, Sum: 91.2]
         [Processed Buffers: Min: 151, Avg: 177.3, Max: 192, Diff: 41, Sum: 709]
      [Scan RS (ms): Min: 0.4, Avg: 0.6, Max: 0.7, Diff: 0.3, Sum: 2.3]
      [Object Copy (ms): Min: 43.7, Avg: 43.8, Max: 43.8, Diff: 0.1, Sum: 175.0]
      [Termination (ms): Min: 0.0, Avg: 0.0, Max: 0.0, Diff: 0.0, Sum: 0.0]
      [GC Worker Other (ms): Min: 0.0, Avg: 0.1, Max: 0.4, Diff: 0.4, Sum: 0.5]
      [GC Worker Total (ms): Min: 68.1, Avg: 68.2, Max: 68.5, Diff: 0.4, Sum: 272.9]
      [GC Worker End (ms): Min: 95830.9, Avg: 95831.0, Max: 95831.3, Diff: 0.4]
   [Code Root Fixup: 0.0 ms]
   [Clear CT: 0.2 ms]
   [Other: 1.1 ms]
      [Choose CSet: 0.0 ms]
      [Ref Proc: 0.1 ms]
      [Ref Enq: 0.0 ms]
      [Free CSet: 0.2 ms]
   [Eden: 66.0M(66.0M)->0.0B(350.0M) Survivors: 36.0M->13.0M Heap: 775.0M(2048.0M)->716.0M(2048.0M)]
 [Times: user=0.20 sys=0.02, real=0.07 secs] 
96.173: [GC pause (young), 0.2410173 secs]
   [Parallel Time: 238.5 ms, GC Workers: 4]
      [GC Worker Start (ms): Min: 96173.5, Avg: 96173.5, Max: 96173.5, Diff: 0.0]
      [Ext Root Scanning (ms): Min: 0.8, Avg: 0.9, Max: 0.9, Diff: 0.0, Sum: 3.4]
      [Update RS (ms): Min: 15.1, Avg: 15.2, Max: 15.3, Diff: 0.1, Sum: 60.7]
         [Processed Buffers: Min: 111, Avg: 118.8, Max: 126, Diff: 15, Sum: 475]
      [Scan RS (ms): Min: 0.0, Avg: 0.1, Max: 0.2, Diff: 0.1, Sum: 0.6]
      [Object Copy (ms): Min: 222.2, Avg: 222.2, Max: 222.3, Diff: 0.0, Sum: 889.0]
      [Termination (ms): Min: 0.0, Avg: 0.0, Max: 0.0, Diff: 0.0, Sum: 0.0]
      [GC Worker Other (ms): Min: 0.0, Avg: 0.0, Max: 0.0, Diff: 0.0, Sum: 0.1]
      [GC Worker Total (ms): Min: 238.4, Avg: 238.4, Max: 238.5, Diff: 0.0, Sum: 953.8]
      [GC Worker End (ms): Min: 96411.9, Avg: 96411.9, Max: 96411.9, Diff: 0.0]
   [Code Root Fixup: 0.0 ms]
   [Clear CT: 0.4 ms]
   [Other: 2.2 ms]
      [Choose CSet: 0.0 ms]
      [Ref Proc: 0.2 ms]
      [Ref Enq: 0.0 ms]
      [Free CSet: 0.3 ms]
   [Eden: 350.0M(350.0M)->0.0B(209.0M) Survivors: 13.0M->46.0M Heap: 1066.0M(2048.0M)->975.5M(2048.0M)]
 [Times: user=0.87 sys=0.00, real=0.24 secs] 
96.685: [GC pause (young) (initial-mark), 0.1579268 secs]
   [Parallel Time: 155.5 ms, GC Workers: 4]
      [GC Worker Start (ms): Min: 96685.9, Avg: 96685.9, Max: 96685.9, Diff: 0.0]
      [Ext Root Scanning (ms): Min: 0.9, Avg: 0.9, Max: 0.9, Diff: 0.0, Sum: 3.6]
      [Update RS (ms): Min: 18.0, Avg: 18.0, Max: 18.0, Diff: 0.0, Sum: 72.1]
         [Processed Buffers: Min: 175, Avg: 228.5, Max: 254, Diff: 79, Sum: 914]
      [Scan RS (ms): Min: 22.7, Avg: 22.7, Max: 22.7, Diff: 0.1, Sum: 90.8]
      [Object Copy (ms): Min: 113.8, Avg: 113.8, Max: 113.8, Diff: 0.0, Sum: 455.3]
      [Termination (ms): Min: 0.0, Avg: 0.0, Max: 0.0, Diff: 0.0, Sum: 0.0]
      [GC Worker Other (ms): Min: 0.0, Avg: 0.0, Max: 0.0, Diff: 0.0, Sum: 0.1]
      [GC Worker Total (ms): Min: 155.5, Avg: 155.5, Max: 155.5, Diff: 0.0, Sum: 621.9]
      [GC Worker End (ms): Min: 96841.3, Avg: 96841.3, Max: 96841.3, Diff: 0.0]
   [Code Root Fixup: 0.0 ms]
   [Clear CT: 0.1 ms]
   [Other: 2.3 ms]
      [Choose CSet: 0.0 ms]
      [Ref Proc: 0.0 ms]
      [Ref Enq: 0.0 ms]
      [Free CSet: 0.2 ms]
   [Eden: 209.0M(209.0M)->0.0B(109.0M) Survivors: 46.0M->32.0M Heap: 1184.5M(2048.0M)->1064.0M(2048.0M)]
 [Times: user=0.56 sys=0.00, real=0.16 secs] 
96.843: [GC concurrent-root-region-scan-start]
96.880: [GC concurrent-root-region-scan-end, 0.0366156 secs]
96.880: [GC concurrent-mark-start]
97.070: [GC pause (young), 0.0536949 secs]
   [Parallel Time: 52.8 ms, GC Workers: 4]
      [GC Worker Start (ms): Min: 97070.6, Avg: 97070.6, Max: 97070.6, Diff: 0.0]
      [Ext Root Scanning (ms): Min: 0.9, Avg: 0.9, Max: 0.9, Diff: 0.0, Sum: 3.5]
      [SATB Filtering (ms): Min: 0.0, Avg: 0.0, Max: 0.2, Diff: 0.2, Sum: 0.2]
      [Update RS (ms): Min: 18.5, Avg: 18.6, Max: 18.7, Diff: 0.2, Sum: 74.4]
         [Processed Buffers: Min: 112, Avg: 115.5, Max: 120, Diff: 8, Sum: 462]
      [Scan RS (ms): Min: 0.2, Avg: 0.2, Max: 0.2, Diff: 0.0, Sum: 0.7]
      [Object Copy (ms): Min: 33.1, Avg: 33.1, Max: 33.1, Diff: 0.0, Sum: 132.2]
      [Termination (ms): Min: 0.0, Avg: 0.0, Max: 0.0, Diff: 0.0, Sum: 0.0]
      [GC Worker Other (ms): Min: 0.0, Avg: 0.0, Max: 0.0, Diff: 0.0, Sum: 0.1]
      [GC Worker Total (ms): Min: 52.8, Avg: 52.8, Max: 52.8, Diff: 0.0, Sum: 211.2]
      [GC Worker End (ms): Min: 97123.4, Avg: 97123.4, Max: 97123.4, Diff: 0.0]
   [Code Root Fixup: 0.0 ms]
   [Clear CT: 0.1 ms]
   [Other: 0.8 ms]
      [Choose CSet: 0.0 ms]
      [Ref Proc: 0.0 ms]
      [Ref Enq: 0.0 ms]
      [Free CSet: 0.2 ms]
   [Eden: 109.0M(109.0M)->0.0B(239.0M) Survivors: 32.0M->9216.0K Heap: 1173.0M(2048.0M)->1073.5M(2048.0M)]
 [Times: user=0.17 sys=0.00, real=0.05 secs] 
97.334: [GC pause (young), 0.1365550 secs]
   [Parallel Time: 133.0 ms, GC Workers: 4]
      [GC Worker Start (ms): Min: 97334.6, Avg: 97334.6, Max: 97334.7, Diff: 0.0]
      [Ext Root Scanning (ms): Min: 0.9, Avg: 1.1, Max: 1.5, Diff: 0.6, Sum: 4.3]
      [SATB Filtering (ms): Min: 0.0, Avg: 0.7, Max: 2.8, Diff: 2.8, Sum: 2.8]
      [Update RS (ms): Min: 16.5, Avg: 18.5, Max: 19.6, Diff: 3.1, Sum: 74.1]
         [Processed Buffers: Min: 152, Avg: 214.5, Max: 254, Diff: 102, Sum: 858]
      [Scan RS (ms): Min: 0.0, Avg: 0.1, Max: 0.1, Diff: 0.1, Sum: 0.2]
      [Object Copy (ms): Min: 112.0, Avg: 112.1, Max: 112.2, Diff: 0.2, Sum: 448.6]
      [Termination (ms): Min: 0.0, Avg: 0.0, Max: 0.0, Diff: 0.0, Sum: 0.0]
      [GC Worker Other (ms): Min: 0.0, Avg: 0.1, Max: 0.3, Diff: 0.2, Sum: 0.3]
      [GC Worker Total (ms): Min: 132.5, Avg: 132.6, Max: 132.8, Diff: 0.2, Sum: 530.3]
      [GC Worker End (ms): Min: 97467.2, Avg: 97467.2, Max: 97467.4, Diff: 0.2]
   [Code Root Fixup: 0.0 ms]
   [Clear CT: 0.5 ms]
   [Other: 3.1 ms]
      [Choose CSet: 0.0 ms]
      [Ref Proc: 1.9 ms]
      [Ref Enq: 0.0 ms]
      [Free CSet: 0.2 ms]
   [Eden: 239.0M(239.0M)->0.0B(213.0M) Survivors: 9216.0K->31.0M Heap: 1312.5M(2048.0M)->1205.5M(2048.0M)]
 [Times: user=0.51 sys=0.00, real=0.14 secs] 
97.499: [GC concurrent-mark-end, 0.6186682 secs]
97.500: [GC remark 97.500: [GC ref-proc, 0.0012341 secs], 0.0023117 secs]
 [Times: user=0.00 sys=0.00, real=0.00 secs] 
97.503: [GC cleanup 1239M->510M(2048M), 0.0014169 secs]
 [Times: user=0.00 sys=0.00, real=0.00 secs] 
97.505: [GC concurrent-cleanup-start]
97.506: [GC concurrent-cleanup-end, 0.0008711 secs]
97.678: [GC pause (young), 0.2024963 secs]
   [Parallel Time: 200.2 ms, GC Workers: 4]
      [GC Worker Start (ms): Min: 97677.8, Avg: 97677.9, Max: 97677.9, Diff: 0.0]
      [Ext Root Scanning (ms): Min: 0.8, Avg: 0.9, Max: 0.9, Diff: 0.0, Sum: 3.4]
      [Update RS (ms): Min: 39.8, Avg: 39.8, Max: 39.8, Diff: 0.0, Sum: 159.2]
         [Processed Buffers: Min: 206, Avg: 216.3, Max: 240, Diff: 34, Sum: 865]
      [Scan RS (ms): Min: 0.2, Avg: 0.2, Max: 0.2, Diff: 0.0, Sum: 0.7]
      [Object Copy (ms): Min: 159.3, Avg: 159.3, Max: 159.3, Diff: 0.0, Sum: 637.1]
      [Termination (ms): Min: 0.0, Avg: 0.0, Max: 0.0, Diff: 0.0, Sum: 0.0]
      [GC Worker Other (ms): Min: 0.0, Avg: 0.0, Max: 0.0, Diff: 0.0, Sum: 0.1]
      [GC Worker Total (ms): Min: 200.1, Avg: 200.1, Max: 200.1, Diff: 0.0, Sum: 800.5]
      [GC Worker End (ms): Min: 97878.0, Avg: 97878.0, Max: 97878.0, Diff: 0.0]
   [Code Root Fixup: 0.0 ms]
   [Clear CT: 0.3 ms]
   [Other: 2.0 ms]
      [Choose CSet: 0.0 ms]
      [Ref Proc: 0.2 ms]
      [Ref Enq: 0.0 ms]
      [Free CSet: 0.2 ms]
   [Eden: 213.0M(213.0M)->0.0B(174.0M) Survivors: 31.0M->31.0M Heap: 689.5M(2048.0M)->632.5M(2048.0M)]
 [Times: user=0.72 sys=0.00, real=0.20 secs] 
98.085: [GC pause (young), 0.1221948 secs]
   [Parallel Time: 120.2 ms, GC Workers: 4]
      [GC Worker Start (ms): Min: 98085.4, Avg: 98085.4, Max: 98085.4, Diff: 0.0]
      [Ext Root Scanning (ms): Min: 0.9, Avg: 0.9, Max: 0.9, Diff: 0.0, Sum: 3.5]
      [Update RS (ms): Min: 21.5, Avg: 21.6, Max: 21.9, Diff: 0.3, Sum: 86.4]
         [Processed Buffers: Min: 122, Avg: 190.8, Max: 229, Diff: 107, Sum: 763]
      [Scan RS (ms): Min: 0.0, Avg: 0.2, Max: 0.2, Diff: 0.2, Sum: 0.7]
      [Object Copy (ms): Min: 97.4, Avg: 97.5, Max: 97.6, Diff: 0.1, Sum: 390.1]
      [Termination (ms): Min: 0.0, Avg: 0.0, Max: 0.0, Diff: 0.0, Sum: 0.0]
      [GC Worker Other (ms): Min: 0.0, Avg: 0.0, Max: 0.0, Diff: 0.0, Sum: 0.0]
      [GC Worker Total (ms): Min: 120.2, Avg: 120.2, Max: 120.2, Diff: 0.0, Sum: 480.8]
      [GC Worker End (ms): Min: 98205.6, Avg: 98205.6, Max: 98205.6, Diff: 0.0]
   [Code Root Fixup: 0.0 ms]
   [Clear CT: 0.3 ms]
   [Other: 1.7 ms]
      [Choose CSet: 0.0 ms]
      [Ref Proc: 0.2 ms]
      [Ref Enq: 0.0 ms]
      [Free CSet: 0.2 ms]
   [Eden: 174.0M(174.0M)->0.0B(223.0M) Survivors: 31.0M->26.0M Heap: 806.5M(2048.0M)->718.0M(2048.0M)]
 [Times: user=0.44 sys=0.00, real=0.12 secs] 
98.442: [GC pause (young), 0.1573932 secs]
   [Parallel Time: 155.1 ms, GC Workers: 4]
      [GC Worker Start (ms): Min: 98442.2, Avg: 98442.2, Max: 98442.2, Diff: 0.0]
      [Ext Root Scanning (ms): Min: 0.8, Avg: 0.9, Max: 0.9, Diff: 0.0, Sum: 3.5]
      [Update RS (ms): Min: 19.0, Avg: 19.3, Max: 19.9, Diff: 0.8, Sum: 77.1]
         [Processed Buffers: Min: 110, Avg: 165.0, Max: 220, Diff: 110, Sum: 660]
      [Scan RS (ms): Min: 0.0, Avg: 0.3, Max: 0.4, Diff: 0.4, Sum: 1.3]
      [Object Copy (ms): Min: 134.3, Avg: 134.6, Max: 134.7, Diff: 0.4, Sum: 538.3]
      [Termination (ms): Min: 0.0, Avg: 0.0, Max: 0.0, Diff: 0.0, Sum: 0.0]
      [GC Worker Other (ms): Min: 0.0, Avg: 0.0, Max: 0.0, Diff: 0.0, Sum: 0.1]
      [GC Worker Total (ms): Min: 155.0, Avg: 155.0, Max: 155.0, Diff: 0.0, Sum: 620.2]
      [GC Worker End (ms): Min: 98597.3, Avg: 98597.3, Max: 98597.3, Diff: 0.0]
   [Code Root Fixup: 0.0 ms]
   [Clear CT: 0.2 ms]
   [Other: 2.1 ms]
      [Choose CSet: 0.0 ms]
      [Ref Proc: 0.5 ms]
      [Ref Enq: 0.0 ms]
      [Free CSet: 0.3 ms]
   [Eden: 223.0M(223.0M)->0.0B(219.0M) Survivors: 26.0M->32.0M Heap: 941.0M(2048.0M)->846.5M(2048.0M)]
 [Times: user=0.51 sys=0.00, real=0.16 secs] 
98.781: [GC pause (young), 0.1160842 secs]
   [Parallel Time: 114.6 ms, GC Workers: 4]
      [GC Worker Start (ms): Min: 98781.1, Avg: 98781.1, Max: 98781.1, Diff: 0.0]
      [Ext Root Scanning (ms): Min: 0.8, Avg: 0.9, Max: 0.9, Diff: 0.0, Sum: 3.4]
      [Update RS (ms): Min: 21.1, Avg: 21.2, Max: 21.4, Diff: 0.3, Sum: 84.9]
         [Processed Buffers: Min: 143, Avg: 185.8, Max: 223, Diff: 80, Sum: 743]
      [Scan RS (ms): Min: 0.0, Avg: 0.2, Max: 0.2, Diff: 0.2, Sum: 0.7]
      [Object Copy (ms): Min: 92.0, Avg: 92.0, Max: 92.1, Diff: 0.1, Sum: 368.2]
      [Termination (ms): Min: 0.0, Avg: 0.1, Max: 0.2, Diff: 0.2, Sum: 0.5]
      [GC Worker Other (ms): Min: 0.0, Avg: 0.0, Max: 0.1, Diff: 0.1, Sum: 0.2]
      [GC Worker Total (ms): Min: 114.4, Avg: 114.5, Max: 114.6, Diff: 0.2, Sum: 457.9]
      [GC Worker End (ms): Min: 98895.5, Avg: 98895.5, Max: 98895.6, Diff: 0.2]
   [Code Root Fixup: 0.0 ms]
   [Clear CT: 0.1 ms]
   [Other: 1.4 ms]
      [Choose CSet: 0.0 ms]
      [Ref Proc: 0.1 ms]
      [Ref Enq: 0.0 ms]
      [Free CSet: 0.2 ms]
   [Eden: 219.0M(219.0M)->0.0B(284.0M) Survivors: 32.0M->32.0M Heap: 1065.5M(2048.0M)->923.5M(2048.0M)]
 [Times: user=0.47 sys=0.00, real=0.12 secs] 
99.157: [GC pause (young), 0.1995790 secs]
   [Parallel Time: 197.5 ms, GC Workers: 4]
      [GC Worker Start (ms): Min: 99157.0, Avg: 99157.0, Max: 99157.0, Diff: 0.0]
      [Ext Root Scanning (ms): Min: 1.1, Avg: 1.2, Max: 1.3, Diff: 0.2, Sum: 4.7]
      [Update RS (ms): Min: 18.5, Avg: 18.8, Max: 19.4, Diff: 0.9, Sum: 75.1]
         [Processed Buffers: Min: 116, Avg: 121.5, Max: 126, Diff: 10, Sum: 486]
      [Scan RS (ms): Min: 0.0, Avg: 0.7, Max: 0.9, Diff: 0.9, Sum: 2.6]
      [Object Copy (ms): Min: 176.8, Avg: 176.8, Max: 176.9, Diff: 0.1, Sum: 707.3]
      [Termination (ms): Min: 0.0, Avg: 0.0, Max: 0.0, Diff: 0.0, Sum: 0.0]
      [GC Worker Other (ms): Min: 0.0, Avg: 0.0, Max: 0.0, Diff: 0.0, Sum: 0.1]
      [GC Worker Total (ms): Min: 197.4, Avg: 197.4, Max: 197.5, Diff: 0.0, Sum: 789.8]
      [GC Worker End (ms): Min: 99354.4, Avg: 99354.4, Max: 99354.4, Diff: 0.0]
   [Code Root Fixup: 0.0 ms]
   [Clear CT: 0.2 ms]
   [Other: 1.9 ms]
      [Choose CSet: 0.0 ms]
      [Ref Proc: 0.1 ms]
      [Ref Enq: 0.0 ms]
      [Free CSet: 0.3 ms]
   [Eden: 284.0M(284.0M)->0.0B(210.0M) Survivors: 32.0M->40.0M Heap: 1207.5M(2048.0M)->1104.0M(2048.0M)]
 [Times: user=0.72 sys=0.00, real=0.20 secs] 
99.524: [GC pause (young) (initial-mark), 0.0869256 secs]
   [Parallel Time: 84.6 ms, GC Workers: 4]
      [GC Worker Start (ms): Min: 99524.6, Avg: 99524.6, Max: 99524.6, Diff: 0.0]
      [Ext Root Scanning (ms): Min: 1.2, Avg: 1.4, Max: 1.9, Diff: 0.7, Sum: 5.6]
      [Update RS (ms): Min: 24.2, Avg: 24.7, Max: 25.3, Diff: 1.1, Sum: 98.6]
         [Processed Buffers: Min: 150, Avg: 177.8, Max: 219, Diff: 69, Sum: 711]
      [Scan RS (ms): Min: 0.8, Avg: 1.3, Max: 1.5, Diff: 0.8, Sum: 5.3]
      [Object Copy (ms): Min: 57.0, Avg: 57.2, Max: 57.3, Diff: 0.2, Sum: 228.8]
      [Termination (ms): Min: 0.0, Avg: 0.0, Max: 0.0, Diff: 0.0, Sum: 0.0]
      [GC Worker Other (ms): Min: 0.0, Avg: 0.0, Max: 0.0, Diff: 0.0, Sum: 0.1]
      [GC Worker Total (ms): Min: 84.6, Avg: 84.6, Max: 84.6, Diff: 0.0, Sum: 338.4]
      [GC Worker End (ms): Min: 99609.2, Avg: 99609.2, Max: 99609.2, Diff: 0.0]
   [Code Root Fixup: 0.0 ms]
   [Clear CT: 0.2 ms]
   [Other: 2.1 ms]
      [Choose CSet: 0.0 ms]
      [Ref Proc: 0.6 ms]
      [Ref Enq: 0.0 ms]
      [Free CSet: 0.2 ms]
   [Eden: 210.0M(210.0M)->0.0B(363.0M) Survivors: 40.0M->19.0M Heap: 1314.0M(2048.0M)->1124.0M(2048.0M)]
 [Times: user=0.26 sys=0.00, real=0.09 secs] 
99.611: [GC concurrent-root-region-scan-start]
99.631: [GC concurrent-root-region-scan-end, 0.0193689 secs]
99.631: [GC concurrent-mark-start]
99.928: [GC pause (young), 0.1528826 secs]
   [Parallel Time: 151.2 ms, GC Workers: 4]
      [GC Worker Start (ms): Min: 99928.0, Avg: 99928.0, Max: 99928.0, Diff: 0.0]
      [Ext Root Scanning (ms): Min: 1.1, Avg: 1.1, Max: 1.1, Diff: 0.1, Sum: 4.3]
      [SATB Filtering (ms): Min: 0.0, Avg: 0.8, Max: 3.4, Diff: 3.4, Sum: 3.4]
      [Update RS (ms): Min: 14.0, Avg: 16.6, Max: 17.6, Diff: 3.5, Sum: 66.4]
         [Processed Buffers: Min: 146, Avg: 179.0, Max: 214, Diff: 68, Sum: 716]
      [Scan RS (ms): Min: 0.0, Avg: 0.1, Max: 0.2, Diff: 0.2, Sum: 0.6]
      [Object Copy (ms): Min: 132.4, Avg: 132.4, Max: 132.5, Diff: 0.1, Sum: 529.7]
      [Termination (ms): Min: 0.0, Avg: 0.0, Max: 0.0, Diff: 0.0, Sum: 0.0]
      [GC Worker Other (ms): Min: 0.0, Avg: 0.0, Max: 0.0, Diff: 0.0, Sum: 0.1]
      [GC Worker Total (ms): Min: 151.1, Avg: 151.1, Max: 151.1, Diff: 0.0, Sum: 604.5]
      [GC Worker End (ms): Min: 100079.1, Avg: 100079.1, Max: 100079.1, Diff: 0.0]
   [Code Root Fixup: 0.0 ms]
   [Clear CT: 0.1 ms]
   [Other: 1.6 ms]
      [Choose CSet: 0.0 ms]
      [Ref Proc: 0.2 ms]
      [Ref Enq: 0.0 ms]
      [Free CSet: 0.3 ms]
   [Eden: 363.0M(363.0M)->0.0B(231.0M) Survivors: 19.0M->48.0M Heap: 1487.0M(2048.0M)->1264.0M(2048.0M)]
 [Times: user=0.55 sys=0.00, real=0.15 secs] 
100.183: [GC concurrent-mark-end, 0.5522629 secs]
100.185: [GC remark 100.185: [GC ref-proc, 0.0012280 secs], 0.0024814 secs]
 [Times: user=0.00 sys=0.00, real=0.00 secs] 
100.187: [GC cleanup 1384M->633M(2048M), 0.0014747 secs]
 [Times: user=0.06 sys=0.00, real=0.00 secs] 
100.189: [GC concurrent-cleanup-start]
100.190: [GC concurrent-cleanup-end, 0.0008246 secs]
100.291: [GC pause (young), 0.1543017 secs]
   [Parallel Time: 152.5 ms, GC Workers: 4]
      [GC Worker Start (ms): Min: 100291.3, Avg: 100291.3, Max: 100291.3, Diff: 0.0]
      [Ext Root Scanning (ms): Min: 0.9, Avg: 0.9, Max: 0.9, Diff: 0.0, Sum: 3.5]
      [Update RS (ms): Min: 23.5, Avg: 23.5, Max: 23.6, Diff: 0.2, Sum: 94.1]
         [Processed Buffers: Min: 123, Avg: 188.3, Max: 236, Diff: 113, Sum: 753]
      [Scan RS (ms): Min: 1.1, Avg: 1.2, Max: 1.2, Diff: 0.1, Sum: 4.7]
      [Object Copy (ms): Min: 126.8, Avg: 126.9, Max: 126.9, Diff: 0.1, Sum: 507.5]
      [Termination (ms): Min: 0.0, Avg: 0.0, Max: 0.0, Diff: 0.0, Sum: 0.0]
      [GC Worker Other (ms): Min: 0.0, Avg: 0.0, Max: 0.0, Diff: 0.0, Sum: 0.1]
      [GC Worker Total (ms): Min: 152.5, Avg: 152.5, Max: 152.5, Diff: 0.0, Sum: 609.9]
      [GC Worker End (ms): Min: 100443.7, Avg: 100443.7, Max: 100443.7, Diff: 0.0]
   [Code Root Fixup: 0.0 ms]
   [Clear CT: 0.1 ms]
   [Other: 1.7 ms]
      [Choose CSet: 0.0 ms]
      [Ref Proc: 0.0 ms]
      [Ref Enq: 0.0 ms]
      [Free CSet: 0.2 ms]
   [Eden: 231.0M(231.0M)->0.0B(302.0M) Survivors: 48.0M->35.0M Heap: 744.0M(2048.0M)->613.5M(2048.0M)]
 [Times: user=0.59 sys=0.00, real=0.15 secs] 
100.766: [GC pause (young), 0.2044434 secs]
   [Parallel Time: 199.8 ms, GC Workers: 4]
      [GC Worker Start (ms): Min: 100766.0, Avg: 100766.0, Max: 100766.0, Diff: 0.0]
      [Ext Root Scanning (ms): Min: 0.9, Avg: 0.9, Max: 0.9, Diff: 0.0, Sum: 3.6]
      [Update RS (ms): Min: 18.4, Avg: 20.3, Max: 22.3, Diff: 3.9, Sum: 81.3]
         [Processed Buffers: Min: 121, Avg: 173.3, Max: 263, Diff: 142, Sum: 693]
      [Scan RS (ms): Min: 0.0, Avg: 0.4, Max: 0.8, Diff: 0.8, Sum: 1.4]
      [Object Copy (ms): Min: 176.5, Avg: 178.0, Max: 179.6, Diff: 3.1, Sum: 712.1]
      [Termination (ms): Min: 0.0, Avg: 0.1, Max: 0.3, Diff: 0.2, Sum: 0.6]
      [GC Worker Other (ms): Min: 0.0, Avg: 0.0, Max: 0.0, Diff: 0.0, Sum: 0.0]
      [GC Worker Total (ms): Min: 199.7, Avg: 199.8, Max: 199.8, Diff: 0.1, Sum: 799.1]
      [GC Worker End (ms): Min: 100965.7, Avg: 100965.8, Max: 100965.8, Diff: 0.1]
   [Code Root Fixup: 0.0 ms]
   [Clear CT: 0.3 ms]
   [Other: 4.3 ms]
      [Choose CSet: 0.0 ms]
      [Ref Proc: 1.9 ms]
      [Ref Enq: 0.0 ms]
      [Free CSet: 0.4 ms]
   [Eden: 302.0M(302.0M)->0.0B(212.0M) Survivors: 35.0M->43.0M Heap: 915.5M(2048.0M)->784.0M(2048.0M)]
 [Times: user=0.80 sys=0.00, real=0.21 secs] 
101.135: [GC pause (young), 0.0876533 secs]
   [Parallel Time: 85.5 ms, GC Workers: 4]
      [GC Worker Start (ms): Min: 101135.0, Avg: 101135.0, Max: 101135.1, Diff: 0.0]
      [Ext Root Scanning (ms): Min: 0.7, Avg: 0.9, Max: 1.0, Diff: 0.2, Sum: 3.6]
      [Update RS (ms): Min: 20.1, Avg: 20.1, Max: 20.1, Diff: 0.0, Sum: 80.4]
         [Processed Buffers: Min: 158, Avg: 186.0, Max: 242, Diff: 84, Sum: 744]
      [Scan RS (ms): Min: 7.0, Avg: 7.0, Max: 7.1, Diff: 0.1, Sum: 28.2]
      [Object Copy (ms): Min: 57.1, Avg: 57.1, Max: 57.3, Diff: 0.3, Sum: 228.6]
      [Termination (ms): Min: 0.0, Avg: 0.0, Max: 0.1, Diff: 0.1, Sum: 0.1]
      [GC Worker Other (ms): Min: 0.0, Avg: 0.0, Max: 0.1, Diff: 0.1, Sum: 0.1]
      [GC Worker Total (ms): Min: 85.2, Avg: 85.2, Max: 85.3, Diff: 0.1, Sum: 341.0]
      [GC Worker End (ms): Min: 101220.3, Avg: 101220.3, Max: 101220.3, Diff: 0.1]
   [Code Root Fixup: 0.0 ms]
   [Clear CT: 0.4 ms]
   [Other: 1.8 ms]
      [Choose CSet: 0.0 ms]
      [Ref Proc: 0.6 ms]
      [Ref Enq: 0.0 ms]
      [Free CSet: 0.2 ms]
   [Eden: 212.0M(212.0M)->0.0B(359.0M) Survivors: 43.0M->18.0M Heap: 996.0M(2048.0M)->803.0M(2048.0M)]
 [Times: user=0.34 sys=0.00, real=0.09 secs] 
101.559: [GC pause (young), 0.2326552 secs]
   [Parallel Time: 229.9 ms, GC Workers: 4]
      [GC Worker Start (ms): Min: 101559.5, Avg: 101559.6, Max: 101559.6, Diff: 0.0]
      [Ext Root Scanning (ms): Min: 0.9, Avg: 0.9, Max: 0.9, Diff: 0.0, Sum: 3.7]
      [Update RS (ms): Min: 13.6, Avg: 15.3, Max: 20.3, Diff: 6.7, Sum: 61.2]
         [Processed Buffers: Min: 133, Avg: 140.8, Max: 147, Diff: 14, Sum: 563]
      [Scan RS (ms): Min: 0.0, Avg: 0.2, Max: 0.2, Diff: 0.2, Sum: 0.6]
      [Object Copy (ms): Min: 208.3, Avg: 213.1, Max: 214.6, Diff: 6.3, Sum: 852.2]
      [Termination (ms): Min: 0.0, Avg: 0.3, Max: 0.5, Diff: 0.5, Sum: 1.1]
      [GC Worker Other (ms): Min: 0.0, Avg: 0.0, Max: 0.0, Diff: 0.0, Sum: 0.0]
      [GC Worker Total (ms): Min: 229.6, Avg: 229.7, Max: 229.9, Diff: 0.2, Sum: 918.9]
      [GC Worker End (ms): Min: 101789.2, Avg: 101789.3, Max: 101789.4, Diff: 0.2]
   [Code Root Fixup: 0.0 ms]
   [Clear CT: 0.1 ms]
   [Other: 2.6 ms]
      [Choose CSet: 0.0 ms]
      [Ref Proc: 0.8 ms]
      [Ref Enq: 0.0 ms]
      [Free CSet: 0.3 ms]
   [Eden: 359.0M(359.0M)->0.0B(191.0M) Survivors: 18.0M->48.0M Heap: 1162.0M(2048.0M)->1031.5M(2048.0M)]
 [Times: user=0.84 sys=0.00, real=0.23 secs] 
102.051: [GC pause (young) (initial-mark), 0.1807460 secs]
   [Parallel Time: 174.5 ms, GC Workers: 4]
      [GC Worker Start (ms): Min: 102051.9, Avg: 102051.9, Max: 102052.0, Diff: 0.0]
      [Ext Root Scanning (ms): Min: 0.9, Avg: 1.0, Max: 1.0, Diff: 0.1, Sum: 3.8]
      [Update RS (ms): Min: 16.6, Avg: 16.7, Max: 17.0, Diff: 0.3, Sum: 66.9]
         [Processed Buffers: Min: 206, Avg: 212.8, Max: 230, Diff: 24, Sum: 851]
      [Scan RS (ms): Min: 17.4, Avg: 18.9, Max: 22.8, Diff: 5.5, Sum: 75.6]
      [Object Copy (ms): Min: 133.6, Avg: 137.6, Max: 139.1, Diff: 5.5, Sum: 550.3]
      [Termination (ms): Min: 0.0, Avg: 0.3, Max: 0.4, Diff: 0.4, Sum: 1.2]
      [GC Worker Other (ms): Min: 0.0, Avg: 0.0, Max: 0.0, Diff: 0.0, Sum: 0.1]
      [GC Worker Total (ms): Min: 174.4, Avg: 174.5, Max: 174.5, Diff: 0.0, Sum: 697.8]
      [GC Worker End (ms): Min: 102226.4, Avg: 102226.4, Max: 102226.4, Diff: 0.0]
   [Code Root Fixup: 0.0 ms]
   [Clear CT: 0.1 ms]
   [Other: 6.1 ms]
      [Choose CSet: 0.0 ms]
      [Ref Proc: 3.8 ms]
      [Ref Enq: 0.0 ms]
      [Free CSet: 0.2 ms]
   [Eden: 191.0M(191.0M)->0.0B(146.0M) Survivors: 48.0M->30.0M Heap: 1222.5M(2048.0M)->1141.5M(2048.0M)]
 [Times: user=0.61 sys=0.00, real=0.18 secs] 
102.232: [GC concurrent-root-region-scan-start]
102.271: [GC concurrent-root-region-scan-end, 0.0384443 secs]
102.271: [GC concurrent-mark-start]
102.473: [GC pause (young), 0.0628745 secs]
   [Parallel Time: 61.3 ms, GC Workers: 4]
      [GC Worker Start (ms): Min: 102473.3, Avg: 102473.3, Max: 102473.3, Diff: 0.0]
      [Ext Root Scanning (ms): Min: 0.9, Avg: 1.0, Max: 1.0, Diff: 0.0, Sum: 3.8]
      [SATB Filtering (ms): Min: 0.0, Avg: 0.2, Max: 1.0, Diff: 1.0, Sum: 1.0]
      [Update RS (ms): Min: 16.8, Avg: 17.5, Max: 17.7, Diff: 0.9, Sum: 70.0]
         [Processed Buffers: Min: 167, Avg: 194.3, Max: 206, Diff: 39, Sum: 777]
      [Scan RS (ms): Min: 1.9, Avg: 1.9, Max: 1.9, Diff: 0.1, Sum: 7.5]
      [Object Copy (ms): Min: 40.6, Avg: 40.7, Max: 40.7, Diff: 0.1, Sum: 162.7]
      [Termination (ms): Min: 0.0, Avg: 0.0, Max: 0.0, Diff: 0.0, Sum: 0.0]
      [GC Worker Other (ms): Min: 0.0, Avg: 0.0, Max: 0.0, Diff: 0.0, Sum: 0.1]
      [GC Worker Total (ms): Min: 61.3, Avg: 61.3, Max: 61.3, Diff: 0.0, Sum: 245.1]
      [GC Worker End (ms): Min: 102534.5, Avg: 102534.5, Max: 102534.5, Diff: 0.0]
   [Code Root Fixup: 0.0 ms]
   [Clear CT: 0.4 ms]
   [Other: 1.2 ms]
      [Choose CSet: 0.0 ms]
      [Ref Proc: 0.1 ms]
      [Ref Enq: 0.0 ms]
      [Free CSet: 0.2 ms]
   [Eden: 146.0M(146.0M)->0.0B(274.0M) Survivors: 30.0M->19.0M Heap: 1287.5M(2048.0M)->1161.0M(2048.0M)]
 [Times: user=0.23 sys=0.00, real=0.06 secs] 
102.778: [GC pause (young), 0.1411343 secs]
   [Parallel Time: 139.6 ms, GC Workers: 4]
      [GC Worker Start (ms): Min: 102777.8, Avg: 102777.8, Max: 102777.8, Diff: 0.0]
      [Ext Root Scanning (ms): Min: 0.9, Avg: 0.9, Max: 0.9, Diff: 0.0, Sum: 3.7]
      [SATB Filtering (ms): Min: 0.0, Avg: 0.7, Max: 2.6, Diff: 2.6, Sum: 2.6]
      [Update RS (ms): Min: 16.3, Avg: 18.2, Max: 18.9, Diff: 2.6, Sum: 73.0]
         [Processed Buffers: Min: 106, Avg: 120.5, Max: 132, Diff: 26, Sum: 482]
      [Scan RS (ms): Min: 0.0, Avg: 0.1, Max: 0.1, Diff: 0.0, Sum: 0.3]
      [Object Copy (ms): Min: 119.7, Avg: 119.7, Max: 119.7, Diff: 0.0, Sum: 478.7]
      [Termination (ms): Min: 0.0, Avg: 0.0, Max: 0.0, Diff: 0.0, Sum: 0.0]
      [GC Worker Other (ms): Min: 0.0, Avg: 0.0, Max: 0.0, Diff: 0.0, Sum: 0.1]
      [GC Worker Total (ms): Min: 139.6, Avg: 139.6, Max: 139.6, Diff: 0.0, Sum: 558.3]
      [GC Worker End (ms): Min: 102917.4, Avg: 102917.4, Max: 102917.4, Diff: 0.0]
   [Code Root Fixup: 0.0 ms]
   [Clear CT: 0.2 ms]
   [Other: 1.4 ms]
      [Choose CSet: 0.0 ms]
      [Ref Proc: 0.1 ms]
      [Ref Enq: 0.0 ms]
      [Free CSet: 0.2 ms]
   [Eden: 274.0M(274.0M)->0.0B(244.0M) Survivors: 19.0M->37.0M Heap: 1435.0M(2048.0M)->1286.5M(2048.0M)]
 [Times: user=0.55 sys=0.02, real=0.14 secs] 
102.948: [GC concurrent-mark-end, 0.6766614 secs]
102.957: [GC remark 102.958: [GC ref-proc, 0.0012152 secs], 0.0025067 secs]
 [Times: user=0.00 sys=0.00, real=0.00 secs] 
102.960: [GC cleanup 1327M->520M(2048M), 0.0014230 secs]
 [Times: user=0.00 sys=0.00, real=0.00 secs] 
102.962: [GC concurrent-cleanup-start]
102.963: [GC concurrent-cleanup-end, 0.0008932 secs]
103.161: [GC pause (young), 0.2173738 secs]
   [Parallel Time: 215.1 ms, GC Workers: 4]
      [GC Worker Start (ms): Min: 103161.4, Avg: 103161.4, Max: 103161.4, Diff: 0.0]
      [Ext Root Scanning (ms): Min: 0.8, Avg: 0.9, Max: 0.9, Diff: 0.0, Sum: 3.5]
      [Update RS (ms): Min: 30.5, Avg: 30.5, Max: 30.5, Diff: 0.0, Sum: 121.9]
         [Processed Buffers: Min: 189, Avg: 200.3, Max: 219, Diff: 30, Sum: 801]
      [Scan RS (ms): Min: 0.2, Avg: 0.2, Max: 0.2, Diff: 0.0, Sum: 0.7]
      [Object Copy (ms): Min: 183.6, Avg: 183.6, Max: 183.6, Diff: 0.0, Sum: 734.3]
      [Termination (ms): Min: 0.0, Avg: 0.0, Max: 0.0, Diff: 0.0, Sum: 0.0]
      [GC Worker Other (ms): Min: 0.0, Avg: 0.0, Max: 0.0, Diff: 0.0, Sum: 0.1]
      [GC Worker Total (ms): Min: 215.1, Avg: 215.1, Max: 215.1, Diff: 0.0, Sum: 860.5]
      [GC Worker End (ms): Min: 103376.5, Avg: 103376.5, Max: 103376.5, Diff: 0.0]
   [Code Root Fixup: 0.0 ms]
   [Clear CT: 0.1 ms]
   [Other: 2.1 ms]
      [Choose CSet: 0.0 ms]
      [Ref Proc: 0.0 ms]
      [Ref Enq: 0.0 ms]
      [Free CSet: 0.2 ms]
   [Eden: 244.0M(244.0M)->0.0B(193.0M) Survivors: 37.0M->36.0M Heap: 723.5M(2048.0M)->655.0M(2048.0M)]
 [Times: user=0.80 sys=0.00, real=0.22 secs] 
103.623: [GC pause (young), 0.1104578 secs]
   [Parallel Time: 108.4 ms, GC Workers: 4]
      [GC Worker Start (ms): Min: 103623.4, Avg: 103623.9, Max: 103624.7, Diff: 1.3]
      [Ext Root Scanning (ms): Min: 0.2, Avg: 0.9, Max: 1.4, Diff: 1.2, Sum: 3.7]
      [Update RS (ms): Min: 19.7, Avg: 19.8, Max: 20.1, Diff: 0.4, Sum: 79.3]
         [Processed Buffers: Min: 171, Avg: 200.5, Max: 226, Diff: 55, Sum: 802]
      [Scan RS (ms): Min: 0.0, Avg: 0.2, Max: 0.3, Diff: 0.3, Sum: 0.9]
      [Object Copy (ms): Min: 86.9, Avg: 86.9, Max: 87.0, Diff: 0.1, Sum: 347.7]
      [Termination (ms): Min: 0.0, Avg: 0.0, Max: 0.0, Diff: 0.0, Sum: 0.0]
      [GC Worker Other (ms): Min: 0.0, Avg: 0.0, Max: 0.0, Diff: 0.0, Sum: 0.1]
      [GC Worker Total (ms): Min: 107.1, Avg: 107.9, Max: 108.4, Diff: 1.3, Sum: 431.7]
      [GC Worker End (ms): Min: 103731.8, Avg: 103731.8, Max: 103731.8, Diff: 0.0]
   [Code Root Fixup: 0.0 ms]
   [Clear CT: 0.1 ms]
   [Other: 1.9 ms]
      [Choose CSet: 0.0 ms]
      [Ref Proc: 0.0 ms]
      [Ref Enq: 0.0 ms]
      [Free CSet: 0.3 ms]
   [Eden: 193.0M(193.0M)->0.0B(265.0M) Survivors: 36.0M->29.0M Heap: 848.0M(2048.0M)->726.0M(2048.0M)]
 [Times: user=0.44 sys=0.00, real=0.11 secs] 
103.974: [GC pause (young), 0.1635170 secs]
   [Parallel Time: 161.2 ms, GC Workers: 4]
      [GC Worker Start (ms): Min: 103974.7, Avg: 103974.7, Max: 103974.7, Diff: 0.0]
      [Ext Root Scanning (ms): Min: 0.9, Avg: 1.0, Max: 1.0, Diff: 0.0, Sum: 3.9]
      [Update RS (ms): Min: 20.9, Avg: 21.0, Max: 21.0, Diff: 0.1, Sum: 83.9]
         [Processed Buffers: Min: 124, Avg: 143.5, Max: 154, Diff: 30, Sum: 574]
      [Scan RS (ms): Min: 0.2, Avg: 0.3, Max: 0.3, Diff: 0.1, Sum: 1.1]
      [Object Copy (ms): Min: 138.9, Avg: 138.9, Max: 138.9, Diff: 0.0, Sum: 555.7]
      [Termination (ms): Min: 0.0, Avg: 0.0, Max: 0.0, Diff: 0.0, Sum: 0.0]
      [GC Worker Other (ms): Min: 0.0, Avg: 0.0, Max: 0.0, Diff: 0.0, Sum: 0.1]
      [GC Worker Total (ms): Min: 161.1, Avg: 161.2, Max: 161.2, Diff: 0.0, Sum: 644.6]
      [GC Worker End (ms): Min: 104135.8, Avg: 104135.8, Max: 104135.8, Diff: 0.0]
   [Code Root Fixup: 0.0 ms]
   [Clear CT: 0.7 ms]
   [Other: 1.6 ms]
      [Choose CSet: 0.0 ms]
      [Ref Proc: 0.0 ms]
      [Ref Enq: 0.0 ms]
      [Free CSet: 0.3 ms]
   [Eden: 265.0M(265.0M)->0.0B(240.0M) Survivors: 29.0M->37.0M Heap: 991.0M(2048.0M)->866.0M(2048.0M)]
 [Times: user=0.64 sys=0.02, real=0.16 secs] 
104.400: [GC pause (young), 0.1930777 secs]
   [Parallel Time: 190.2 ms, GC Workers: 4]
      [GC Worker Start (ms): Min: 104400.6, Avg: 104400.7, Max: 104400.7, Diff: 0.0]
      [Ext Root Scanning (ms): Min: 1.0, Avg: 1.1, Max: 1.1, Diff: 0.1, Sum: 4.2]
      [Update RS (ms): Min: 20.1, Avg: 20.2, Max: 20.8, Diff: 0.7, Sum: 81.0]
         [Processed Buffers: Min: 160, Avg: 185.0, Max: 209, Diff: 49, Sum: 740]
      [Scan RS (ms): Min: 0.7, Avg: 1.2, Max: 1.4, Diff: 0.7, Sum: 4.8]
      [Object Copy (ms): Min: 167.7, Avg: 167.7, Max: 167.7, Diff: 0.0, Sum: 670.7]
      [Termination (ms): Min: 0.0, Avg: 0.0, Max: 0.0, Diff: 0.0, Sum: 0.0]
      [GC Worker Other (ms): Min: 0.0, Avg: 0.0, Max: 0.0, Diff: 0.0, Sum: 0.0]
      [GC Worker Total (ms): Min: 190.2, Avg: 190.2, Max: 190.2, Diff: 0.0, Sum: 760.8]
      [GC Worker End (ms): Min: 104590.9, Avg: 104590.9, Max: 104590.9, Diff: 0.0]
   [Code Root Fixup: 0.0 ms]
   [Clear CT: 0.8 ms]
   [Other: 2.0 ms]
      [Choose CSet: 0.0 ms]
      [Ref Proc: 0.3 ms]
      [Ref Enq: 0.0 ms]
      [Free CSet: 0.2 ms]
   [Eden: 240.0M(240.0M)->0.0B(217.0M) Survivors: 37.0M->35.0M Heap: 1106.0M(2048.0M)->1021.5M(2048.0M)]
 [Times: user=0.72 sys=0.00, real=0.19 secs] 
104.883: [GC pause (young) (initial-mark), 0.1625956 secs]
   [Parallel Time: 160.5 ms, GC Workers: 4]
      [GC Worker Start (ms): Min: 104883.5, Avg: 104883.5, Max: 104883.5, Diff: 0.0]
      [Ext Root Scanning (ms): Min: 0.9, Avg: 0.9, Max: 0.9, Diff: 0.0, Sum: 3.5]
      [Update RS (ms): Min: 17.9, Avg: 19.9, Max: 21.8, Diff: 3.8, Sum: 79.8]
         [Processed Buffers: Min: 150, Avg: 193.5, Max: 241, Diff: 91, Sum: 774]
      [Scan RS (ms): Min: 0.0, Avg: 1.4, Max: 3.3, Diff: 3.3, Sum: 5.8]
      [Object Copy (ms): Min: 137.8, Avg: 138.2, Max: 138.4, Diff: 0.5, Sum: 552.9]
      [Termination (ms): Min: 0.0, Avg: 0.0, Max: 0.0, Diff: 0.0, Sum: 0.0]
      [GC Worker Other (ms): Min: 0.0, Avg: 0.0, Max: 0.0, Diff: 0.0, Sum: 0.1]
      [GC Worker Total (ms): Min: 160.5, Avg: 160.5, Max: 160.5, Diff: 0.0, Sum: 642.0]
      [GC Worker End (ms): Min: 105044.0, Avg: 105044.0, Max: 105044.0, Diff: 0.0]
   [Code Root Fixup: 0.0 ms]
   [Clear CT: 0.1 ms]
   [Other: 2.0 ms]
      [Choose CSet: 0.0 ms]
      [Ref Proc: 0.1 ms]
      [Ref Enq: 0.0 ms]
      [Free CSet: 0.2 ms]
   [Eden: 217.0M(217.0M)->0.0B(243.0M) Survivors: 35.0M->32.0M Heap: 1238.5M(2048.0M)->1155.5M(2048.0M)]
 [Times: user=0.69 sys=0.00, real=0.16 secs] 
105.046: [GC concurrent-root-region-scan-start]
105.121: [GC concurrent-root-region-scan-end, 0.0749817 secs]
105.121: [GC concurrent-mark-start]
105.337: [GC pause (young), 0.1106233 secs]
   [Parallel Time: 109.2 ms, GC Workers: 4]
      [GC Worker Start (ms): Min: 105338.0, Avg: 105338.2, Max: 105338.6, Diff: 0.6]
      [Ext Root Scanning (ms): Min: 0.6, Avg: 1.0, Max: 1.2, Diff: 0.6, Sum: 3.8]
      [SATB Filtering (ms): Min: 0.0, Avg: 0.7, Max: 2.7, Diff: 2.7, Sum: 2.7]
      [Update RS (ms): Min: 17.3, Avg: 19.3, Max: 20.1, Diff: 2.8, Sum: 77.3]
         [Processed Buffers: Min: 170, Avg: 208.0, Max: 265, Diff: 95, Sum: 832]
      [Scan RS (ms): Min: 1.6, Avg: 1.7, Max: 1.7, Diff: 0.0, Sum: 6.7]
      [Object Copy (ms): Min: 85.5, Avg: 85.7, Max: 86.1, Diff: 0.5, Sum: 342.7]
      [Termination (ms): Min: 0.0, Avg: 0.5, Max: 0.7, Diff: 0.7, Sum: 1.9]
      [GC Worker Other (ms): Min: 0.0, Avg: 0.0, Max: 0.0, Diff: 0.0, Sum: 0.0]
      [GC Worker Total (ms): Min: 108.3, Avg: 108.8, Max: 109.1, Diff: 0.8, Sum: 435.0]
      [GC Worker End (ms): Min: 105446.9, Avg: 105447.0, Max: 105447.1, Diff: 0.2]
   [Code Root Fixup: 0.0 ms]
   [Clear CT: 0.1 ms]
   [Other: 1.4 ms]
      [Choose CSet: 0.0 ms]
      [Ref Proc: 0.0 ms]
      [Ref Enq: 0.0 ms]
      [Free CSet: 0.2 ms]
   [Eden: 243.0M(243.0M)->0.0B(291.0M) Survivors: 32.0M->35.0M Heap: 1398.5M(2048.0M)->1221.5M(2048.0M)]
 [Times: user=0.34 sys=0.03, real=0.11 secs] 
105.683: [GC pause (young), 0.1220595 secs]
   [Parallel Time: 120.8 ms, GC Workers: 4]
      [GC Worker Start (ms): Min: 105683.6, Avg: 105683.6, Max: 105683.6, Diff: 0.0]
      [Ext Root Scanning (ms): Min: 0.9, Avg: 0.9, Max: 0.9, Diff: 0.0, Sum: 3.5]
      [SATB Filtering (ms): Min: 0.0, Avg: 0.7, Max: 3.0, Diff: 3.0, Sum: 3.0]
      [Update RS (ms): Min: 17.4, Avg: 19.7, Max: 20.6, Diff: 3.1, Sum: 78.8]
         [Processed Buffers: Min: 112, Avg: 130.5, Max: 139, Diff: 27, Sum: 522]
      [Scan RS (ms): Min: 0.1, Avg: 0.3, Max: 0.3, Diff: 0.2, Sum: 1.1]
      [Object Copy (ms): Min: 98.5, Avg: 98.7, Max: 99.1, Diff: 0.6, Sum: 394.8]
      [Termination (ms): Min: 0.0, Avg: 0.4, Max: 0.6, Diff: 0.6, Sum: 1.8]
      [GC Worker Other (ms): Min: 0.0, Avg: 0.0, Max: 0.0, Diff: 0.0, Sum: 0.0]
      [GC Worker Total (ms): Min: 120.7, Avg: 120.7, Max: 120.7, Diff: 0.0, Sum: 482.9]
      [GC Worker End (ms): Min: 105804.4, Avg: 105804.4, Max: 105804.4, Diff: 0.0]
   [Code Root Fixup: 0.0 ms]
   [Clear CT: 0.1 ms]
   [Other: 1.2 ms]
      [Choose CSet: 0.0 ms]
      [Ref Proc: 0.0 ms]
      [Ref Enq: 0.0 ms]
      [Free CSet: 0.3 ms]
   [Eden: 291.0M(291.0M)->0.0B(314.0M) Survivors: 35.0M->41.0M Heap: 1512.5M(2048.0M)->1298.5M(2048.0M)]
 [Times: user=0.41 sys=0.00, real=0.12 secs] 
105.870: [GC concurrent-mark-end, 0.7488457 secs]
105.870: [GC remark 105.871: [GC ref-proc, 0.0012001 secs], 0.0032502 secs]
 [Times: user=0.00 sys=0.00, real=0.00 secs] 
105.874: [GC cleanup 1378M->724M(2048M), 0.0014580 secs]
 [Times: user=0.00 sys=0.00, real=0.00 secs] 
105.876: [GC concurrent-cleanup-start]
105.876: [GC concurrent-cleanup-end, 0.0007460 secs]
106.119: [GC pause (young), 0.2766380 secs]
   [Parallel Time: 274.2 ms, GC Workers: 4]
      [GC Worker Start (ms): Min: 106118.9, Avg: 106118.9, Max: 106118.9, Diff: 0.0]
      [Ext Root Scanning (ms): Min: 0.8, Avg: 0.9, Max: 0.9, Diff: 0.0, Sum: 3.4]
      [Update RS (ms): Min: 33.0, Avg: 33.5, Max: 35.0, Diff: 2.0, Sum: 134.0]
         [Processed Buffers: Min: 168, Avg: 176.5, Max: 182, Diff: 14, Sum: 706]
      [Scan RS (ms): Min: 0.0, Avg: 0.1, Max: 0.1, Diff: 0.1, Sum: 0.3]
      [Object Copy (ms): Min: 238.3, Avg: 239.7, Max: 240.2, Diff: 1.9, Sum: 958.8]
      [Termination (ms): Min: 0.0, Avg: 0.0, Max: 0.0, Diff: 0.0, Sum: 0.0]
      [GC Worker Other (ms): Min: 0.0, Avg: 0.0, Max: 0.0, Diff: 0.0, Sum: 0.1]
      [GC Worker Total (ms): Min: 274.2, Avg: 274.2, Max: 274.2, Diff: 0.0, Sum: 1096.7]
      [GC Worker End (ms): Min: 106393.1, Avg: 106393.1, Max: 106393.1, Diff: 0.0]
   [Code Root Fixup: 0.0 ms]
   [Clear CT: 0.1 ms]
   [Other: 2.3 ms]
      [Choose CSet: 0.0 ms]
      [Ref Proc: 0.2 ms]
      [Ref Enq: 0.0 ms]
      [Free CSet: 0.3 ms]
   [Eden: 314.0M(314.0M)->0.0B(57.0M) Survivors: 41.0M->45.0M Heap: 958.5M(2048.0M)->891.5M(2048.0M)]
 [Times: user=1.01 sys=0.00, real=0.28 secs] 
106.559: [GC pause (mixed), 0.0946027 secs]
   [Parallel Time: 92.8 ms, GC Workers: 4]
      [GC Worker Start (ms): Min: 106559.7, Avg: 106559.8, Max: 106559.9, Diff: 0.2]
      [Ext Root Scanning (ms): Min: 0.2, Avg: 0.9, Max: 1.1, Diff: 0.9, Sum: 3.5]
      [Update RS (ms): Min: 28.2, Avg: 30.7, Max: 31.6, Diff: 3.4, Sum: 123.0]
         [Processed Buffers: Min: 156, Avg: 164.5, Max: 174, Diff: 18, Sum: 658]
      [Scan RS (ms): Min: 7.7, Avg: 7.7, Max: 7.8, Diff: 0.1, Sum: 30.9]
      [Object Copy (ms): Min: 52.2, Avg: 53.4, Max: 56.6, Diff: 4.4, Sum: 213.5]
      [Termination (ms): Min: 0.0, Avg: 0.0, Max: 0.0, Diff: 0.0, Sum: 0.0]
      [GC Worker Other (ms): Min: 0.0, Avg: 0.0, Max: 0.0, Diff: 0.0, Sum: 0.1]
      [GC Worker Total (ms): Min: 92.6, Avg: 92.7, Max: 92.8, Diff: 0.2, Sum: 371.0]
      [GC Worker End (ms): Min: 106652.5, Avg: 106652.5, Max: 106652.5, Diff: 0.0]
   [Code Root Fixup: 0.0 ms]
   [Clear CT: 0.1 ms]
   [Other: 1.7 ms]
      [Choose CSet: 0.0 ms]
      [Ref Proc: 0.0 ms]
      [Ref Enq: 0.0 ms]
      [Free CSet: 0.3 ms]
   [Eden: 57.0M(57.0M)->0.0B(236.0M) Survivors: 45.0M->3072.0K Heap: 948.5M(2048.0M)->858.5M(2048.0M)]
 [Times: user=0.38 sys=0.00, real=0.10 secs] 
106.882: [GC pause (young), 0.1009154 secs]
   [Parallel Time: 96.9 ms, GC Workers: 4]
      [GC Worker Start (ms): Min: 106882.3, Avg: 106882.3, Max: 106882.3, Diff: 0.0]
      [Ext Root Scanning (ms): Min: 0.9, Avg: 0.9, Max: 0.9, Diff: 0.0, Sum: 3.6]
      [Update RS (ms): Min: 17.3, Avg: 17.3, Max: 17.3, Diff: 0.0, Sum: 69.3]
         [Processed Buffers: Min: 184, Avg: 283.8, Max: 400, Diff: 216, Sum: 1135]
      [Scan RS (ms): Min: 0.1, Avg: 0.1, Max: 0.1, Diff: 0.0, Sum: 0.3]
      [Object Copy (ms): Min: 78.5, Avg: 78.6, Max: 78.6, Diff: 0.0, Sum: 314.2]
      [Termination (ms): Min: 0.0, Avg: 0.0, Max: 0.0, Diff: 0.0, Sum: 0.0]
      [GC Worker Other (ms): Min: 0.0, Avg: 0.0, Max: 0.0, Diff: 0.0, Sum: 0.1]
      [GC Worker Total (ms): Min: 96.9, Avg: 96.9, Max: 96.9, Diff: 0.0, Sum: 387.5]
      [GC Worker End (ms): Min: 106979.2, Avg: 106979.2, Max: 106979.2, Diff: 0.0]
   [Code Root Fixup: 0.0 ms]
   [Clear CT: 0.2 ms]
   [Other: 3.8 ms]
      [Choose CSet: 0.0 ms]
      [Ref Proc: 2.8 ms]
      [Ref Enq: 0.0 ms]
      [Free CSet: 0.2 ms]
   [Eden: 236.0M(236.0M)->0.0B(182.0M) Survivors: 3072.0K->30.0M Heap: 1094.5M(2048.0M)->952.0M(2048.0M)]
 [Times: user=0.36 sys=0.00, real=0.10 secs] 
107.153: [GC pause (young) (initial-mark), 0.1627755 secs]
   [Parallel Time: 159.2 ms, GC Workers: 4]
      [GC Worker Start (ms): Min: 107153.6, Avg: 107153.6, Max: 107153.6, Diff: 0.0]
      [Ext Root Scanning (ms): Min: 0.9, Avg: 0.9, Max: 0.9, Diff: 0.0, Sum: 3.5]
      [Update RS (ms): Min: 21.1, Avg: 21.1, Max: 21.1, Diff: 0.0, Sum: 84.4]
         [Processed Buffers: Min: 115, Avg: 138.3, Max: 150, Diff: 35, Sum: 553]
      [Scan RS (ms): Min: 0.1, Avg: 0.1, Max: 0.1, Diff: 0.0, Sum: 0.5]
      [Object Copy (ms): Min: 137.1, Avg: 137.1, Max: 137.1, Diff: 0.0, Sum: 548.3]
      [Termination (ms): Min: 0.0, Avg: 0.0, Max: 0.0, Diff: 0.0, Sum: 0.0]
      [GC Worker Other (ms): Min: 0.0, Avg: 0.0, Max: 0.0, Diff: 0.0, Sum: 0.1]
      [GC Worker Total (ms): Min: 159.2, Avg: 159.2, Max: 159.2, Diff: 0.0, Sum: 636.8]
      [GC Worker End (ms): Min: 107312.8, Avg: 107312.8, Max: 107312.8, Diff: 0.0]
   [Code Root Fixup: 0.0 ms]
   [Clear CT: 0.2 ms]
   [Other: 3.4 ms]
      [Choose CSet: 0.0 ms]
      [Ref Proc: 1.7 ms]
      [Ref Enq: 0.0 ms]
      [Free CSet: 0.2 ms]
   [Eden: 182.0M(182.0M)->0.0B(198.0M) Survivors: 30.0M->27.0M Heap: 1134.0M(2048.0M)->1092.0M(2048.0M)]
 [Times: user=0.59 sys=0.00, real=0.16 secs] 
107.319: [GC concurrent-root-region-scan-start]
107.379: [GC concurrent-root-region-scan-end, 0.0606423 secs]
107.379: [GC concurrent-mark-start]
107.555: [GC pause (young), 0.0712415 secs]
   [Parallel Time: 70.0 ms, GC Workers: 4]
      [GC Worker Start (ms): Min: 107555.4, Avg: 107555.5, Max: 107555.6, Diff: 0.2]
      [Ext Root Scanning (ms): Min: 0.8, Avg: 0.9, Max: 1.0, Diff: 0.2, Sum: 3.6]
      [SATB Filtering (ms): Min: 0.0, Avg: 0.1, Max: 0.3, Diff: 0.3, Sum: 0.3]
      [Update RS (ms): Min: 18.2, Avg: 18.4, Max: 18.5, Diff: 0.3, Sum: 73.6]
         [Processed Buffers: Min: 101, Avg: 120.3, Max: 128, Diff: 27, Sum: 481]
      [Scan RS (ms): Min: 0.2, Avg: 0.2, Max: 0.3, Diff: 0.1, Sum: 0.9]
      [Object Copy (ms): Min: 47.3, Avg: 48.0, Max: 49.5, Diff: 2.2, Sum: 191.8]
      [Termination (ms): Min: 0.0, Avg: 1.8, Max: 2.6, Diff: 2.6, Sum: 7.2]
      [GC Worker Other (ms): Min: 0.0, Avg: 0.0, Max: 0.0, Diff: 0.0, Sum: 0.0]
      [GC Worker Total (ms): Min: 69.1, Avg: 69.4, Max: 69.8, Diff: 0.7, Sum: 277.5]
      [GC Worker End (ms): Min: 107624.5, Avg: 107624.9, Max: 107625.4, Diff: 0.8]
   [Code Root Fixup: 0.0 ms]
   [Clear CT: 0.1 ms]
   [Other: 1.1 ms]
      [Choose CSet: 0.0 ms]
      [Ref Proc: 0.1 ms]
      [Ref Enq: 0.0 ms]
      [Free CSet: 0.2 ms]
   [Eden: 198.0M(198.0M)->0.0B(272.0M) Survivors: 27.0M->23.0M Heap: 1290.0M(2048.0M)->1116.0M(2048.0M)]
 [Times: user=0.23 sys=0.00, real=0.07 secs] 
107.856: [GC pause (young), 0.1333674 secs]
   [Parallel Time: 131.9 ms, GC Workers: 4]
      [GC Worker Start (ms): Min: 107856.6, Avg: 107856.6, Max: 107856.6, Diff: 0.0]
      [Ext Root Scanning (ms): Min: 0.9, Avg: 0.9, Max: 0.9, Diff: 0.0, Sum: 3.5]
      [SATB Filtering (ms): Min: 0.0, Avg: 0.7, Max: 2.8, Diff: 2.8, Sum: 2.8]
      [Update RS (ms): Min: 19.1, Avg: 21.2, Max: 21.9, Diff: 2.8, Sum: 84.8]
         [Processed Buffers: Min: 207, Avg: 228.3, Max: 257, Diff: 50, Sum: 913]
      [Scan RS (ms): Min: 0.1, Avg: 0.1, Max: 0.1, Diff: 0.0, Sum: 0.3]
      [Object Copy (ms): Min: 109.0, Avg: 109.0, Max: 109.0, Diff: 0.0, Sum: 436.2]
      [Termination (ms): Min: 0.0, Avg: 0.0, Max: 0.0, Diff: 0.0, Sum: 0.0]
      [GC Worker Other (ms): Min: 0.0, Avg: 0.0, Max: 0.0, Diff: 0.0, Sum: 0.1]
      [GC Worker Total (ms): Min: 131.9, Avg: 131.9, Max: 131.9, Diff: 0.0, Sum: 527.6]
      [GC Worker End (ms): Min: 107988.5, Avg: 107988.5, Max: 107988.5, Diff: 0.0]
   [Code Root Fixup: 0.0 ms]
   [Clear CT: 0.2 ms]
   [Other: 1.3 ms]
      [Choose CSet: 0.0 ms]
      [Ref Proc: 0.0 ms]
      [Ref Enq: 0.0 ms]
      [Free CSet: 0.2 ms]
   [Eden: 272.0M(272.0M)->0.0B(268.0M) Survivors: 23.0M->37.0M Heap: 1388.0M(2048.0M)->1225.0M(2048.0M)]
 [Times: user=0.45 sys=0.00, real=0.13 secs] 
108.026: [GC concurrent-mark-end, 0.6447696 secs]
108.027: [GC remark 108.030: [GC ref-proc, 0.0012514 secs], 0.0053063 secs]
 [Times: user=0.00 sys=0.00, real=0.01 secs] 
108.033: [GC cleanup 1261M->566M(2048M), 0.0018044 secs]
 [Times: user=0.00 sys=0.00, real=0.00 secs] 
108.035: [GC concurrent-cleanup-start]
108.036: [GC concurrent-cleanup-end, 0.0009981 secs]
108.263: [GC pause (young), 0.2376180 secs]
   [Parallel Time: 235.4 ms, GC Workers: 4]
      [GC Worker Start (ms): Min: 108263.4, Avg: 108263.4, Max: 108263.5, Diff: 0.0]
      [Ext Root Scanning (ms): Min: 1.0, Avg: 1.1, Max: 1.1, Diff: 0.1, Sum: 4.3]
      [Update RS (ms): Min: 28.0, Avg: 28.1, Max: 28.1, Diff: 0.0, Sum: 112.2]
         [Processed Buffers: Min: 151, Avg: 176.8, Max: 192, Diff: 41, Sum: 707]
      [Scan RS (ms): Min: 0.2, Avg: 0.2, Max: 0.2, Diff: 0.0, Sum: 0.9]
      [Object Copy (ms): Min: 205.9, Avg: 206.0, Max: 206.0, Diff: 0.1, Sum: 823.9]
      [Termination (ms): Min: 0.0, Avg: 0.0, Max: 0.0, Diff: 0.0, Sum: 0.0]
      [GC Worker Other (ms): Min: 0.0, Avg: 0.0, Max: 0.0, Diff: 0.0, Sum: 0.1]
      [GC Worker Total (ms): Min: 235.3, Avg: 235.4, Max: 235.4, Diff: 0.0, Sum: 941.4]
      [GC Worker End (ms): Min: 108498.8, Avg: 108498.8, Max: 108498.8, Diff: 0.0]
   [Code Root Fixup: 0.0 ms]
   [Clear CT: 0.1 ms]
   [Other: 2.1 ms]
      [Choose CSet: 0.0 ms]
      [Ref Proc: 0.0 ms]
      [Ref Enq: 0.0 ms]
      [Free CSet: 0.2 ms]
   [Eden: 268.0M(268.0M)->0.0B(200.0M) Survivors: 37.0M->39.0M Heap: 798.0M(2048.0M)->731.5M(2048.0M)]
 [Times: user=0.78 sys=0.00, real=0.24 secs] 
108.801: [GC pause (young), 0.1349531 secs]
   [Parallel Time: 132.7 ms, GC Workers: 4]
      [GC Worker Start (ms): Min: 108801.3, Avg: 108801.3, Max: 108801.3, Diff: 0.0]
      [Ext Root Scanning (ms): Min: 0.9, Avg: 0.9, Max: 1.0, Diff: 0.0, Sum: 3.8]
      [Update RS (ms): Min: 17.2, Avg: 19.4, Max: 25.1, Diff: 7.9, Sum: 77.4]
         [Processed Buffers: Min: 114, Avg: 220.0, Max: 285, Diff: 171, Sum: 880]
      [Scan RS (ms): Min: 1.5, Avg: 7.3, Max: 9.4, Diff: 7.9, Sum: 29.2]
      [Object Copy (ms): Min: 105.0, Avg: 105.1, Max: 105.1, Diff: 0.1, Sum: 420.3]
      [Termination (ms): Min: 0.0, Avg: 0.0, Max: 0.0, Diff: 0.0, Sum: 0.1]
      [GC Worker Other (ms): Min: 0.0, Avg: 0.0, Max: 0.0, Diff: 0.0, Sum: 0.1]
      [GC Worker Total (ms): Min: 132.7, Avg: 132.7, Max: 132.7, Diff: 0.0, Sum: 530.8]
      [GC Worker End (ms): Min: 108934.0, Avg: 108934.0, Max: 108934.0, Diff: 0.0]
   [Code Root Fixup: 0.0 ms]
   [Clear CT: 0.2 ms]
   [Other: 2.0 ms]
      [Choose CSet: 0.0 ms]
      [Ref Proc: 0.2 ms]
      [Ref Enq: 0.0 ms]
      [Free CSet: 0.2 ms]
   [Eden: 200.0M(200.0M)->0.0B(194.0M) Survivors: 39.0M->30.0M Heap: 931.5M(2048.0M)->812.5M(2048.0M)]
 [Times: user=0.45 sys=0.00, real=0.14 secs] 
109.088: [GC pause (young), 0.0721497 secs]
   [Parallel Time: 70.6 ms, GC Workers: 4]
      [GC Worker Start (ms): Min: 109087.8, Avg: 109087.8, Max: 109087.8, Diff: 0.0]
      [Ext Root Scanning (ms): Min: 0.9, Avg: 0.9, Max: 0.9, Diff: 0.0, Sum: 3.5]
      [Update RS (ms): Min: 19.2, Avg: 19.2, Max: 19.2, Diff: 0.0, Sum: 76.7]
         [Processed Buffers: Min: 143, Avg: 159.0, Max: 172, Diff: 29, Sum: 636]
      [Scan RS (ms): Min: 0.8, Avg: 0.8, Max: 0.9, Diff: 0.0, Sum: 3.4]
      [Object Copy (ms): Min: 49.2, Avg: 49.3, Max: 49.6, Diff: 0.4, Sum: 197.2]
      [Termination (ms): Min: 0.0, Avg: 0.3, Max: 0.5, Diff: 0.5, Sum: 1.3]
      [GC Worker Other (ms): Min: 0.0, Avg: 0.0, Max: 0.0, Diff: 0.0, Sum: 0.0]
      [GC Worker Total (ms): Min: 70.5, Avg: 70.5, Max: 70.6, Diff: 0.1, Sum: 282.2]
      [GC Worker End (ms): Min: 109158.3, Avg: 109158.4, Max: 109158.5, Diff: 0.1]
   [Code Root Fixup: 0.0 ms]
   [Clear CT: 0.1 ms]
   [Other: 1.4 ms]
      [Choose CSet: 0.0 ms]
      [Ref Proc: 0.4 ms]
      [Ref Enq: 0.0 ms]
      [Free CSet: 0.2 ms]
   [Eden: 194.0M(194.0M)->0.0B(280.0M) Survivors: 30.0M->28.0M Heap: 1006.5M(2048.0M)->842.5M(2048.0M)]
 [Times: user=0.23 sys=0.02, real=0.07 secs] 
109.436: [GC pause (young), 0.2405000 secs]
   [Parallel Time: 234.1 ms, GC Workers: 4]
      [GC Worker Start (ms): Min: 109436.8, Avg: 109436.8, Max: 109436.8, Diff: 0.0]
      [Ext Root Scanning (ms): Min: 1.0, Avg: 1.1, Max: 1.1, Diff: 0.1, Sum: 4.2]
      [Update RS (ms): Min: 17.5, Avg: 17.5, Max: 17.6, Diff: 0.1, Sum: 70.2]
         [Processed Buffers: Min: 93, Avg: 103.5, Max: 119, Diff: 26, Sum: 414]
      [Scan RS (ms): Min: 0.0, Avg: 0.1, Max: 0.1, Diff: 0.1, Sum: 0.3]
      [Object Copy (ms): Min: 215.3, Avg: 215.4, Max: 215.4, Diff: 0.0, Sum: 861.4]
      [Termination (ms): Min: 0.0, Avg: 0.0, Max: 0.0, Diff: 0.0, Sum: 0.0]
      [GC Worker Other (ms): Min: 0.0, Avg: 0.0, Max: 0.0, Diff: 0.0, Sum: 0.0]
      [GC Worker Total (ms): Min: 234.0, Avg: 234.0, Max: 234.1, Diff: 0.0, Sum: 936.2]
      [GC Worker End (ms): Min: 109670.8, Avg: 109670.8, Max: 109670.8, Diff: 0.0]
   [Code Root Fixup: 0.0 ms]
   [Clear CT: 4.4 ms]
   [Other: 2.1 ms]
      [Choose CSet: 0.0 ms]
      [Ref Proc: 0.0 ms]
      [Ref Enq: 0.0 ms]
      [Free CSet: 0.3 ms]
   [Eden: 280.0M(280.0M)->0.0B(209.0M) Survivors: 28.0M->39.0M Heap: 1122.5M(2048.0M)->1066.5M(2048.0M)]
 [Times: user=0.84 sys=0.00, real=0.24 secs] 
109.960: [GC pause (young) (initial-mark), 0.1706479 secs]
   [Parallel Time: 168.5 ms, GC Workers: 4]
      [GC Worker Start (ms): Min: 109960.3, Avg: 109960.3, Max: 109960.3, Diff: 0.0]
      [Ext Root Scanning (ms): Min: 0.2, Avg: 0.9, Max: 1.2, Diff: 1.0, Sum: 3.6]
      [Update RS (ms): Min: 20.7, Avg: 20.9, Max: 21.2, Diff: 0.5, Sum: 83.7]
         [Processed Buffers: Min: 176, Avg: 207.3, Max: 249, Diff: 73, Sum: 829]
      [Scan RS (ms): Min: 11.9, Avg: 13.8, Max: 15.4, Diff: 3.5, Sum: 55.1]
      [Object Copy (ms): Min: 131.1, Avg: 132.8, Max: 135.6, Diff: 4.5, Sum: 531.2]
      [Termination (ms): Min: 0.0, Avg: 0.0, Max: 0.0, Diff: 0.0, Sum: 0.0]
      [GC Worker Other (ms): Min: 0.0, Avg: 0.0, Max: 0.0, Diff: 0.0, Sum: 0.1]
      [GC Worker Total (ms): Min: 168.4, Avg: 168.4, Max: 168.4, Diff: 0.0, Sum: 673.7]
      [GC Worker End (ms): Min: 110128.7, Avg: 110128.7, Max: 110128.7, Diff: 0.0]
   [Code Root Fixup: 0.0 ms]
   [Clear CT: 0.1 ms]
   [Other: 2.1 ms]
      [Choose CSet: 0.0 ms]
      [Ref Proc: 0.0 ms]
      [Ref Enq: 0.0 ms]
      [Free CSet: 0.2 ms]
   [Eden: 209.0M(209.0M)->0.0B(173.0M) Survivors: 39.0M->31.0M Heap: 1275.5M(2048.0M)->1183.5M(2048.0M)]
 [Times: user=0.64 sys=0.00, real=0.17 secs] 
110.131: [GC concurrent-root-region-scan-start]
110.196: [GC concurrent-root-region-scan-end, 0.0657042 secs]
110.196: [GC concurrent-mark-start]
110.272: [GC pause (young), 0.0874044 secs]
   [Parallel Time: 86.6 ms, GC Workers: 4]
      [GC Worker Start (ms): Min: 110272.5, Avg: 110278.7, Max: 110285.8, Diff: 13.3]
      [Ext Root Scanning (ms): Min: 0.1, Avg: 0.9, Max: 2.2, Diff: 2.1, Sum: 3.5]
      [SATB Filtering (ms): Min: 0.0, Avg: 0.3, Max: 1.1, Diff: 1.1, Sum: 1.1]
      [Update RS (ms): Min: 37.7, Avg: 45.6, Max: 54.2, Diff: 16.5, Sum: 182.3]
         [Processed Buffers: Min: 179, Avg: 224.0, Max: 266, Diff: 87, Sum: 896]
      [Scan RS (ms): Min: 0.0, Avg: 0.2, Max: 0.2, Diff: 0.2, Sum: 0.6]
      [Object Copy (ms): Min: 17.8, Avg: 28.3, Max: 31.9, Diff: 14.2, Sum: 113.3]
      [Termination (ms): Min: 0.0, Avg: 4.3, Max: 6.3, Diff: 6.3, Sum: 17.1]
      [GC Worker Other (ms): Min: 0.0, Avg: 0.0, Max: 0.0, Diff: 0.0, Sum: 0.1]
      [GC Worker Total (ms): Min: 72.1, Avg: 79.5, Max: 86.3, Diff: 14.2, Sum: 317.9]
      [GC Worker End (ms): Min: 110357.9, Avg: 110358.2, Max: 110358.9, Diff: 1.0]
   [Code Root Fixup: 0.0 ms]
   [Clear CT: 0.1 ms]
   [Other: 0.7 ms]
      [Choose CSet: 0.0 ms]
      [Ref Proc: 0.0 ms]
      [Ref Enq: 0.0 ms]
      [Free CSet: 0.2 ms]
   [Eden: 173.0M(173.0M)->0.0B(295.0M) Survivors: 31.0M->2048.0K Heap: 1356.5M(2048.0M)->1186.0M(2048.0M)]
 [Times: user=0.27 sys=0.00, real=0.09 secs] 
110.610: [GC pause (young), 0.0284344 secs]
   [Parallel Time: 27.3 ms, GC Workers: 4]
      [GC Worker Start (ms): Min: 110610.6, Avg: 110610.9, Max: 110611.3, Diff: 0.7]
      [Ext Root Scanning (ms): Min: 0.6, Avg: 0.9, Max: 1.3, Diff: 0.7, Sum: 3.8]
      [SATB Filtering (ms): Min: 0.0, Avg: 0.0, Max: 0.2, Diff: 0.2, Sum: 0.2]
      [Update RS (ms): Min: 14.1, Avg: 14.2, Max: 14.2, Diff: 0.2, Sum: 56.7]
         [Processed Buffers: Min: 93, Avg: 96.5, Max: 99, Diff: 6, Sum: 386]
      [Scan RS (ms): Min: 0.1, Avg: 0.1, Max: 0.1, Diff: 0.0, Sum: 0.3]
      [Object Copy (ms): Min: 11.5, Avg: 11.5, Max: 11.6, Diff: 0.1, Sum: 46.1]
      [Termination (ms): Min: 0.0, Avg: 0.0, Max: 0.0, Diff: 0.0, Sum: 0.0]
      [GC Worker Other (ms): Min: 0.0, Avg: 0.0, Max: 0.1, Diff: 0.1, Sum: 0.2]
      [GC Worker Total (ms): Min: 26.4, Avg: 26.8, Max: 27.1, Diff: 0.7, Sum: 107.2]
      [GC Worker End (ms): Min: 110637.7, Avg: 110637.7, Max: 110637.8, Diff: 0.1]
   [Code Root Fixup: 0.0 ms]
   [Clear CT: 0.3 ms]
   [Other: 0.8 ms]
      [Choose CSet: 0.0 ms]
      [Ref Proc: 0.3 ms]
      [Ref Enq: 0.0 ms]
      [Free CSet: 0.3 ms]
   [Eden: 295.0M(295.0M)->0.0B(387.0M) Survivors: 2048.0K->16.0M Heap: 1481.0M(2048.0M)->1200.5M(2048.0M)]
 [Times: user=0.03 sys=0.00, real=0.03 secs] 
110.857: [GC concurrent-mark-end, 0.6608534 secs]
110.858: [GC remark 110.858: [GC ref-proc, 0.0012415 secs], 0.0039304 secs]
 [Times: user=0.02 sys=0.00, real=0.00 secs] 
110.862: [GC cleanup 1455M->685M(2048M), 0.0028842 secs]
 [Times: user=0.00 sys=0.00, real=0.00 secs] 
110.866: [GC concurrent-cleanup-start]
110.868: [GC concurrent-cleanup-end, 0.0023538 secs]
110.988: [GC pause (young), 0.1011980 secs]
   [Parallel Time: 99.8 ms, GC Workers: 4]
      [GC Worker Start (ms): Min: 110988.0, Avg: 110988.1, Max: 110988.1, Diff: 0.0]
      [Ext Root Scanning (ms): Min: 0.9, Avg: 0.9, Max: 0.9, Diff: 0.0, Sum: 3.5]
      [Update RS (ms): Min: 0.5, Avg: 0.5, Max: 0.6, Diff: 0.0, Sum: 2.1]
         [Processed Buffers: Min: 195, Avg: 231.3, Max: 259, Diff: 64, Sum: 925]
      [Scan RS (ms): Min: 0.1, Avg: 0.1, Max: 0.1, Diff: 0.0, Sum: 0.4]
      [Object Copy (ms): Min: 98.2, Avg: 98.2, Max: 98.2, Diff: 0.0, Sum: 393.0]
      [Termination (ms): Min: 0.0, Avg: 0.0, Max: 0.0, Diff: 0.0, Sum: 0.0]
      [GC Worker Other (ms): Min: 0.0, Avg: 0.0, Max: 0.0, Diff: 0.0, Sum: 0.1]
      [GC Worker Total (ms): Min: 99.8, Avg: 99.8, Max: 99.8, Diff: 0.0, Sum: 399.1]
      [GC Worker End (ms): Min: 111087.8, Avg: 111087.8, Max: 111087.8, Diff: 0.0]
   [Code Root Fixup: 0.0 ms]
   [Clear CT: 0.2 ms]
   [Other: 1.3 ms]
      [Choose CSet: 0.0 ms]
      [Ref Proc: 0.0 ms]
      [Ref Enq: 0.0 ms]
      [Free CSet: 0.3 ms]
   [Eden: 387.0M(387.0M)->0.0B(342.0M) Survivors: 16.0M->51.0M Heap: 817.5M(2048.0M)->536.5M(2048.0M)]
 [Times: user=0.34 sys=0.02, real=0.10 secs] 
111.426: [GC pause (young), 0.3011949 secs]
   [Parallel Time: 298.6 ms, GC Workers: 4]
      [GC Worker Start (ms): Min: 111426.1, Avg: 111426.1, Max: 111426.1, Diff: 0.0]
      [Ext Root Scanning (ms): Min: 0.9, Avg: 0.9, Max: 0.9, Diff: 0.0, Sum: 3.5]
      [Update RS (ms): Min: 19.4, Avg: 19.4, Max: 19.4, Diff: 0.0, Sum: 77.6]
         [Processed Buffers: Min: 107, Avg: 120.3, Max: 135, Diff: 28, Sum: 481]
      [Scan RS (ms): Min: 0.3, Avg: 0.3, Max: 0.3, Diff: 0.0, Sum: 1.3]
      [Object Copy (ms): Min: 274.4, Avg: 275.4, Max: 278.0, Diff: 3.5, Sum: 1101.4]
      [Termination (ms): Min: 0.0, Avg: 2.6, Max: 3.5, Diff: 3.5, Sum: 10.5]
      [GC Worker Other (ms): Min: 0.0, Avg: 0.0, Max: 0.0, Diff: 0.0, Sum: 0.1]
      [GC Worker Total (ms): Min: 298.6, Avg: 298.6, Max: 298.6, Diff: 0.0, Sum: 1194.4]
      [GC Worker End (ms): Min: 111724.7, Avg: 111724.7, Max: 111724.7, Diff: 0.0]
   [Code Root Fixup: 0.0 ms]
   [Clear CT: 0.2 ms]
   [Other: 2.4 ms]
      [Choose CSet: 0.0 ms]
      [Ref Proc: 0.0 ms]
      [Ref Enq: 0.0 ms]
      [Free CSet: 0.3 ms]
   [Eden: 342.0M(342.0M)->0.0B(210.0M) Survivors: 51.0M->50.0M Heap: 878.5M(2048.0M)->801.5M(2048.0M)]
 [Times: user=1.03 sys=0.00, real=0.30 secs] 
112.028: [GC pause (young), 0.1590192 secs]
   [Parallel Time: 156.7 ms, GC Workers: 4]
      [GC Worker Start (ms): Min: 112028.7, Avg: 112028.7, Max: 112028.7, Diff: 0.0]
      [Ext Root Scanning (ms): Min: 0.8, Avg: 0.9, Max: 0.9, Diff: 0.0, Sum: 3.5]
      [Update RS (ms): Min: 21.5, Avg: 21.7, Max: 22.4, Diff: 0.8, Sum: 86.9]
         [Processed Buffers: Min: 180, Avg: 232.5, Max: 304, Diff: 124, Sum: 930]
      [Scan RS (ms): Min: 20.2, Avg: 20.2, Max: 20.3, Diff: 0.1, Sum: 80.9]
      [Object Copy (ms): Min: 113.2, Avg: 113.9, Max: 114.1, Diff: 0.9, Sum: 455.5]
      [Termination (ms): Min: 0.0, Avg: 0.0, Max: 0.0, Diff: 0.0, Sum: 0.0]
      [GC Worker Other (ms): Min: 0.0, Avg: 0.0, Max: 0.0, Diff: 0.0, Sum: 0.0]
      [GC Worker Total (ms): Min: 156.7, Avg: 156.7, Max: 156.7, Diff: 0.0, Sum: 626.9]
      [GC Worker End (ms): Min: 112185.4, Avg: 112185.4, Max: 112185.4, Diff: 0.0]
   [Code Root Fixup: 0.0 ms]
   [Clear CT: 0.1 ms]
   [Other: 2.2 ms]
      [Choose CSet: 0.0 ms]
      [Ref Proc: 0.0 ms]
      [Ref Enq: 0.0 ms]
      [Free CSet: 0.2 ms]
   [Eden: 161.0M(52.0M)->0.0B(260.0M) Survivors: 50.0M->13.0M Heap: 962.5M(2048.0M)->879.5M(2048.0M)]
 [Times: user=0.66 sys=0.00, real=0.16 secs] 
112.518: [GC pause (young), 0.1674423 secs]
   [Parallel Time: 165.5 ms, GC Workers: 4]
      [GC Worker Start (ms): Min: 112518.4, Avg: 112518.4, Max: 112518.4, Diff: 0.0]
      [Ext Root Scanning (ms): Min: 0.9, Avg: 0.9, Max: 0.9, Diff: 0.0, Sum: 3.5]
      [Update RS (ms): Min: 17.9, Avg: 19.5, Max: 22.2, Diff: 4.3, Sum: 78.1]
         [Processed Buffers: Min: 174, Avg: 222.3, Max: 276, Diff: 102, Sum: 889]
      [Scan RS (ms): Min: 0.0, Avg: 1.2, Max: 2.3, Diff: 2.3, Sum: 4.9]
      [Object Copy (ms): Min: 142.3, Avg: 143.8, Max: 144.3, Diff: 2.0, Sum: 575.3]
      [Termination (ms): Min: 0.0, Avg: 0.0, Max: 0.0, Diff: 0.0, Sum: 0.0]
      [GC Worker Other (ms): Min: 0.0, Avg: 0.0, Max: 0.0, Diff: 0.0, Sum: 0.1]
      [GC Worker Total (ms): Min: 165.5, Avg: 165.5, Max: 165.5, Diff: 0.0, Sum: 661.8]
      [GC Worker End (ms): Min: 112683.9, Avg: 112683.9, Max: 112683.9, Diff: 0.0]
   [Code Root Fixup: 0.0 ms]
   [Clear CT: 0.1 ms]
   [Other: 1.9 ms]
      [Choose CSet: 0.0 ms]
      [Ref Proc: 0.0 ms]
      [Ref Enq: 0.0 ms]
      [Free CSet: 0.2 ms]
   [Eden: 260.0M(260.0M)->0.0B(199.0M) Survivors: 13.0M->35.0M Heap: 1139.5M(2048.0M)->1045.0M(2048.0M)]
 [Times: user=0.59 sys=0.00, real=0.17 secs] 
112.848: [GC pause (young) (initial-mark), 0.1029536 secs]
   [Parallel Time: 101.4 ms, GC Workers: 4]
      [GC Worker Start (ms): Min: 112848.4, Avg: 112848.4, Max: 112848.4, Diff: 0.0]
      [Ext Root Scanning (ms): Min: 0.9, Avg: 0.9, Max: 0.9, Diff: 0.0, Sum: 3.5]
      [Update RS (ms): Min: 22.3, Avg: 22.4, Max: 22.6, Diff: 0.3, Sum: 89.5]
         [Processed Buffers: Min: 143, Avg: 195.3, Max: 231, Diff: 88, Sum: 781]
      [Scan RS (ms): Min: 2.2, Avg: 2.4, Max: 2.5, Diff: 0.3, Sum: 9.7]
      [Object Copy (ms): Min: 75.6, Avg: 75.7, Max: 75.7, Diff: 0.0, Sum: 302.6]
      [Termination (ms): Min: 0.0, Avg: 0.0, Max: 0.0, Diff: 0.0, Sum: 0.0]
      [GC Worker Other (ms): Min: 0.0, Avg: 0.0, Max: 0.0, Diff: 0.0, Sum: 0.1]
      [GC Worker Total (ms): Min: 101.4, Avg: 101.4, Max: 101.4, Diff: 0.0, Sum: 405.4]
      [GC Worker End (ms): Min: 112949.7, Avg: 112949.7, Max: 112949.7, Diff: 0.0]
   [Code Root Fixup: 0.0 ms]
   [Clear CT: 0.1 ms]
   [Other: 1.5 ms]
      [Choose CSet: 0.0 ms]
      [Ref Proc: 0.0 ms]
      [Ref Enq: 0.0 ms]
      [Free CSet: 0.2 ms]
   [Eden: 199.0M(199.0M)->0.0B(267.0M) Survivors: 35.0M->30.0M Heap: 1244.0M(2048.0M)->1096.5M(2048.0M)]
 [Times: user=0.33 sys=0.00, real=0.10 secs] 
112.951: [GC concurrent-root-region-scan-start]
112.987: [GC concurrent-root-region-scan-end, 0.0356733 secs]
112.987: [GC concurrent-mark-start]
113.234: [GC pause (young), 0.1584121 secs]
   [Parallel Time: 156.8 ms, GC Workers: 4]
      [GC Worker Start (ms): Min: 113234.7, Avg: 113234.7, Max: 113234.7, Diff: 0.0]
      [Ext Root Scanning (ms): Min: 1.0, Avg: 1.2, Max: 1.3, Diff: 0.3, Sum: 4.8]
      [SATB Filtering (ms): Min: 0.0, Avg: 0.7, Max: 2.8, Diff: 2.8, Sum: 2.8]
      [Update RS (ms): Min: 15.9, Avg: 17.9, Max: 18.6, Diff: 2.8, Sum: 71.7]
         [Processed Buffers: Min: 104, Avg: 121.5, Max: 131, Diff: 27, Sum: 486]
      [Scan RS (ms): Min: 0.2, Avg: 0.3, Max: 0.4, Diff: 0.2, Sum: 1.1]
      [Object Copy (ms): Min: 136.6, Avg: 136.6, Max: 136.6, Diff: 0.1, Sum: 546.5]
      [Termination (ms): Min: 0.0, Avg: 0.0, Max: 0.0, Diff: 0.0, Sum: 0.0]
      [GC Worker Other (ms): Min: 0.0, Avg: 0.0, Max: 0.0, Diff: 0.0, Sum: 0.1]
      [GC Worker Total (ms): Min: 156.7, Avg: 156.7, Max: 156.7, Diff: 0.0, Sum: 627.0]
      [GC Worker End (ms): Min: 113391.4, Avg: 113391.4, Max: 113391.4, Diff: 0.0]
   [Code Root Fixup: 0.0 ms]
   [Clear CT: 0.2 ms]
   [Other: 1.5 ms]
      [Choose CSet: 0.0 ms]
      [Ref Proc: 0.0 ms]
      [Ref Enq: 0.0 ms]
      [Free CSet: 0.2 ms]
   [Eden: 267.0M(267.0M)->0.0B(233.0M) Survivors: 30.0M->38.0M Heap: 1363.5M(2048.0M)->1233.5M(2048.0M)]
 [Times: user=0.61 sys=0.00, real=0.16 secs] 
113.581: [GC pause (young), 0.0716408 secs]
   [Parallel Time: 69.9 ms, GC Workers: 4]
      [GC Worker Start (ms): Min: 113581.6, Avg: 113581.6, Max: 113581.6, Diff: 0.0]
      [Ext Root Scanning (ms): Min: 0.9, Avg: 0.9, Max: 0.9, Diff: 0.0, Sum: 3.5]
      [SATB Filtering (ms): Min: 0.0, Avg: 0.1, Max: 0.2, Diff: 0.2, Sum: 0.2]
      [Update RS (ms): Min: 21.1, Avg: 21.3, Max: 21.3, Diff: 0.2, Sum: 85.1]
         [Processed Buffers: Min: 113, Avg: 121.5, Max: 129, Diff: 16, Sum: 486]
      [Scan RS (ms): Min: 0.2, Avg: 0.2, Max: 0.2, Diff: 0.0, Sum: 0.8]
      [Object Copy (ms): Min: 47.3, Avg: 47.3, Max: 47.3, Diff: 0.0, Sum: 189.2]
      [Termination (ms): Min: 0.0, Avg: 0.0, Max: 0.0, Diff: 0.0, Sum: 0.0]
      [GC Worker Other (ms): Min: 0.0, Avg: 0.0, Max: 0.1, Diff: 0.1, Sum: 0.2]
      [GC Worker Total (ms): Min: 69.7, Avg: 69.8, Max: 69.8, Diff: 0.1, Sum: 279.1]
      [GC Worker End (ms): Min: 113651.3, Avg: 113651.4, Max: 113651.5, Diff: 0.1]
   [Code Root Fixup: 0.0 ms]
   [Clear CT: 0.1 ms]
   [Other: 1.7 ms]
      [Choose CSet: 0.0 ms]
      [Ref Proc: 0.8 ms]
      [Ref Enq: 0.0 ms]
      [Free CSet: 0.2 ms]
   [Eden: 233.0M(233.0M)->0.0B(384.0M) Survivors: 38.0M->17.0M Heap: 1466.5M(2048.0M)->1251.0M(2048.0M)]
 [Times: user=0.28 sys=0.00, real=0.07 secs] 
113.696: [GC concurrent-mark-end, 0.7092340 secs]
113.697: [GC remark 113.697: [GC ref-proc, 0.0012351 secs], 0.0028355 secs]
 [Times: user=0.00 sys=0.02, real=0.00 secs] 
113.701: [GC cleanup 1303M->642M(2048M), 0.0014506 secs]
 [Times: user=0.00 sys=0.00, real=0.00 secs] 
113.703: [GC concurrent-cleanup-start]
113.703: [GC concurrent-cleanup-end, 0.0008037 secs]
114.033: [GC pause (young), 0.2654311 secs]
   [Parallel Time: 263.2 ms, GC Workers: 4]
      [GC Worker Start (ms): Min: 114033.2, Avg: 114033.5, Max: 114034.3, Diff: 1.2]
      [Ext Root Scanning (ms): Min: 0.1, Avg: 0.9, Max: 1.2, Diff: 1.1, Sum: 3.5]
      [Update RS (ms): Min: 22.3, Avg: 22.8, Max: 23.5, Diff: 1.2, Sum: 91.3]
         [Processed Buffers: Min: 191, Avg: 254.0, Max: 311, Diff: 120, Sum: 1016]
      [Scan RS (ms): Min: 0.0, Avg: 0.1, Max: 0.2, Diff: 0.2, Sum: 0.4]
      [Object Copy (ms): Min: 238.4, Avg: 239.0, Max: 239.5, Diff: 1.1, Sum: 956.1]
      [Termination (ms): Min: 0.0, Avg: 0.0, Max: 0.0, Diff: 0.0, Sum: 0.0]
      [GC Worker Other (ms): Min: 0.0, Avg: 0.0, Max: 0.0, Diff: 0.0, Sum: 0.2]
      [GC Worker Total (ms): Min: 261.9, Avg: 262.8, Max: 263.2, Diff: 1.2, Sum: 1051.4]
      [GC Worker End (ms): Min: 114296.3, Avg: 114296.3, Max: 114296.3, Diff: 0.0]
   [Code Root Fixup: 0.0 ms]
   [Clear CT: 0.1 ms]
   [Other: 2.2 ms]
      [Choose CSet: 0.0 ms]
      [Ref Proc: 0.1 ms]
      [Ref Enq: 0.0 ms]
      [Free CSet: 0.3 ms]
   [Eden: 384.0M(384.0M)->0.0B(51.0M) Survivors: 17.0M->51.0M Heap: 974.0M(2048.0M)->848.5M(2048.0M)]
 [Times: user=0.94 sys=0.00, real=0.27 secs] 
114.434: [GC pause (mixed), 0.1113160 secs]
   [Parallel Time: 109.5 ms, GC Workers: 4]
      [GC Worker Start (ms): Min: 114434.2, Avg: 114436.8, Max: 114439.5, Diff: 5.3]
      [Ext Root Scanning (ms): Min: 0.1, Avg: 0.9, Max: 1.7, Diff: 1.6, Sum: 3.5]
      [Update RS (ms): Min: 24.6, Avg: 26.4, Max: 28.2, Diff: 3.6, Sum: 105.5]
         [Processed Buffers: Min: 129, Avg: 143.0, Max: 154, Diff: 25, Sum: 572]
      [Scan RS (ms): Min: 22.7, Avg: 22.9, Max: 23.5, Diff: 0.8, Sum: 91.5]
      [Object Copy (ms): Min: 56.0, Avg: 56.7, Max: 57.0, Diff: 0.9, Sum: 226.7]
      [Termination (ms): Min: 0.0, Avg: 0.0, Max: 0.0, Diff: 0.0, Sum: 0.0]
      [GC Worker Other (ms): Min: 0.0, Avg: 0.0, Max: 0.0, Diff: 0.0, Sum: 0.1]
      [GC Worker Total (ms): Min: 104.2, Avg: 106.8, Max: 109.5, Diff: 5.3, Sum: 427.3]
      [GC Worker End (ms): Min: 114543.6, Avg: 114543.6, Max: 114543.6, Diff: 0.0]
   [Code Root Fixup: 0.0 ms]
   [Clear CT: 0.2 ms]
   [Other: 1.6 ms]
      [Choose CSet: 0.0 ms]
      [Ref Proc: 0.0 ms]
      [Ref Enq: 0.0 ms]
      [Free CSet: 0.2 ms]
   [Eden: 51.0M(51.0M)->0.0B(99.0M) Survivors: 51.0M->3072.0K Heap: 899.5M(2048.0M)->839.0M(2048.0M)]
 [Times: user=0.37 sys=0.00, real=0.11 secs] 
114.696: [GC pause (young), 0.0344498 secs]
   [Parallel Time: 31.0 ms, GC Workers: 4]
      [GC Worker Start (ms): Min: 114696.5, Avg: 114696.5, Max: 114696.5, Diff: 0.0]
      [Ext Root Scanning (ms): Min: 0.9, Avg: 0.9, Max: 0.9, Diff: 0.0, Sum: 3.5]
      [Update RS (ms): Min: 14.7, Avg: 15.6, Max: 16.5, Diff: 1.8, Sum: 62.4]
         [Processed Buffers: Min: 141, Avg: 218.8, Max: 299, Diff: 158, Sum: 875]
      [Scan RS (ms): Min: 0.0, Avg: 0.0, Max: 0.1, Diff: 0.1, Sum: 0.1]
      [Object Copy (ms): Min: 13.0, Avg: 13.9, Max: 14.8, Diff: 1.8, Sum: 55.7]
      [Termination (ms): Min: 0.0, Avg: 0.0, Max: 0.0, Diff: 0.0, Sum: 0.0]
      [GC Worker Other (ms): Min: 0.0, Avg: 0.0, Max: 0.1, Diff: 0.1, Sum: 0.2]
      [GC Worker Total (ms): Min: 30.4, Avg: 30.5, Max: 30.5, Diff: 0.1, Sum: 121.9]
      [GC Worker End (ms): Min: 114726.9, Avg: 114726.9, Max: 114727.0, Diff: 0.1]
   [Code Root Fixup: 0.0 ms]
   [Clear CT: 0.1 ms]
   [Other: 3.3 ms]
      [Choose CSet: 0.0 ms]
      [Ref Proc: 2.8 ms]
      [Ref Enq: 0.0 ms]
      [Free CSet: 0.1 ms]
   [Eden: 99.0M(99.0M)->0.0B(89.0M) Survivors: 3072.0K->13.0M Heap: 938.0M(2048.0M)->855.0M(2048.0M)]
 [Times: user=0.13 sys=0.00, real=0.04 secs] 
114.809: [GC pause (young), 0.0714483 secs]
   [Parallel Time: 69.7 ms, GC Workers: 4]
      [GC Worker Start (ms): Min: 114809.4, Avg: 114809.4, Max: 114809.4, Diff: 0.0]
      [Ext Root Scanning (ms): Min: 0.9, Avg: 0.9, Max: 0.9, Diff: 0.0, Sum: 3.6]
      [Update RS (ms): Min: 2.3, Avg: 2.5, Max: 3.1, Diff: 0.8, Sum: 10.2]
         [Processed Buffers: Min: 71, Avg: 114.5, Max: 180, Diff: 109, Sum: 458]
      [Scan RS (ms): Min: 0.0, Avg: 0.0, Max: 0.0, Diff: 0.0, Sum: 0.1]
      [Object Copy (ms): Min: 65.6, Avg: 66.2, Max: 66.4, Diff: 0.8, Sum: 264.7]
      [Termination (ms): Min: 0.0, Avg: 0.0, Max: 0.0, Diff: 0.0, Sum: 0.0]
      [GC Worker Other (ms): Min: 0.0, Avg: 0.0, Max: 0.1, Diff: 0.1, Sum: 0.1]
      [GC Worker Total (ms): Min: 69.6, Avg: 69.7, Max: 69.7, Diff: 0.1, Sum: 278.6]
      [GC Worker End (ms): Min: 114879.0, Avg: 114879.1, Max: 114879.1, Diff: 0.1]
   [Code Root Fixup: 0.0 ms]
   [Clear CT: 0.1 ms]
   [Other: 1.6 ms]
      [Choose CSet: 0.0 ms]
      [Ref Proc: 0.6 ms]
      [Ref Enq: 0.0 ms]
      [Free CSet: 0.1 ms]
   [Eden: 89.0M(89.0M)->0.0B(89.0M) Survivors: 13.0M->13.0M Heap: 944.0M(2048.0M)->921.0M(2048.0M)]
 [Times: user=0.25 sys=0.00, real=0.07 secs] 
114.956: [GC pause (young), 0.0955501 secs]
   [Parallel Time: 93.5 ms, GC Workers: 4]
      [GC Worker Start (ms): Min: 114956.3, Avg: 114956.3, Max: 114956.3, Diff: 0.0]
      [Ext Root Scanning (ms): Min: 0.9, Avg: 0.9, Max: 0.9, Diff: 0.0, Sum: 3.5]
      [Update RS (ms): Min: 26.9, Avg: 27.0, Max: 27.0, Diff: 0.1, Sum: 107.9]
         [Processed Buffers: Min: 131, Avg: 136.5, Max: 142, Diff: 11, Sum: 546]
      [Scan RS (ms): Min: 0.0, Avg: 0.0, Max: 0.0, Diff: 0.0, Sum: 0.1]
      [Object Copy (ms): Min: 65.5, Avg: 65.6, Max: 65.6, Diff: 0.1, Sum: 262.4]
      [Termination (ms): Min: 0.0, Avg: 0.0, Max: 0.0, Diff: 0.0, Sum: 0.0]
      [GC Worker Other (ms): Min: 0.0, Avg: 0.0, Max: 0.0, Diff: 0.0, Sum: 0.1]
      [GC Worker Total (ms): Min: 93.5, Avg: 93.5, Max: 93.5, Diff: 0.0, Sum: 373.9]
      [GC Worker End (ms): Min: 115049.8, Avg: 115049.8, Max: 115049.8, Diff: 0.0]
   [Code Root Fixup: 0.0 ms]
   [Clear CT: 1.0 ms]
   [Other: 1.1 ms]
      [Choose CSet: 0.0 ms]
      [Ref Proc: 0.3 ms]
      [Ref Enq: 0.0 ms]
      [Free CSet: 0.1 ms]
   [Eden: 89.0M(89.0M)->0.0B(90.0M) Survivors: 13.0M->13.0M Heap: 1010.0M(2048.0M)->986.0M(2048.0M)]
 [Times: user=0.34 sys=0.00, real=0.10 secs] 
115.126: [GC pause (young) (initial-mark), 0.0832399 secs]
   [Parallel Time: 82.1 ms, GC Workers: 4]
      [GC Worker Start (ms): Min: 115126.4, Avg: 115126.4, Max: 115126.4, Diff: 0.0]
      [Ext Root Scanning (ms): Min: 0.9, Avg: 0.9, Max: 0.9, Diff: 0.0, Sum: 3.5]
      [Update RS (ms): Min: 19.0, Avg: 19.0, Max: 19.0, Diff: 0.1, Sum: 76.1]
         [Processed Buffers: Min: 103, Avg: 107.0, Max: 111, Diff: 8, Sum: 428]
      [Scan RS (ms): Min: 0.1, Avg: 0.2, Max: 0.2, Diff: 0.0, Sum: 0.6]
      [Object Copy (ms): Min: 62.0, Avg: 62.0, Max: 62.0, Diff: 0.1, Sum: 248.1]
      [Termination (ms): Min: 0.0, Avg: 0.0, Max: 0.0, Diff: 0.0, Sum: 0.0]
      [GC Worker Other (ms): Min: 0.0, Avg: 0.0, Max: 0.0, Diff: 0.0, Sum: 0.0]
      [GC Worker Total (ms): Min: 82.1, Avg: 82.1, Max: 82.1, Diff: 0.0, Sum: 328.3]
      [GC Worker End (ms): Min: 115208.5, Avg: 115208.5, Max: 115208.5, Diff: 0.0]
   [Code Root Fixup: 0.0 ms]
   [Clear CT: 0.1 ms]
   [Other: 1.1 ms]
      [Choose CSet: 0.0 ms]
      [Ref Proc: 0.0 ms]
      [Ref Enq: 0.0 ms]
      [Free CSet: 0.1 ms]
   [Eden: 90.0M(90.0M)->0.0B(157.0M) Survivors: 13.0M->13.0M Heap: 1076.0M(2048.0M)->1046.0M(2048.0M)]
 [Times: user=0.28 sys=0.00, real=0.08 secs] 
115.210: [GC concurrent-root-region-scan-start]
115.224: [GC concurrent-root-region-scan-end, 0.0145241 secs]
115.224: [GC concurrent-mark-start]
115.348: [GC pause (young), 0.1232519 secs]
   [Parallel Time: 121.0 ms, GC Workers: 4]
      [GC Worker Start (ms): Min: 115347.9, Avg: 115347.9, Max: 115347.9, Diff: 0.0]
      [Ext Root Scanning (ms): Min: 0.9, Avg: 0.9, Max: 1.0, Diff: 0.0, Sum: 3.7]
      [SATB Filtering (ms): Min: 0.0, Avg: 0.7, Max: 2.8, Diff: 2.8, Sum: 2.8]
      [Update RS (ms): Min: 23.4, Avg: 25.5, Max: 26.3, Diff: 2.8, Sum: 102.1]
         [Processed Buffers: Min: 130, Avg: 139.8, Max: 145, Diff: 15, Sum: 559]
      [Scan RS (ms): Min: 0.0, Avg: 0.0, Max: 0.1, Diff: 0.1, Sum: 0.2]
      [Object Copy (ms): Min: 93.7, Avg: 93.7, Max: 93.7, Diff: 0.0, Sum: 375.0]
      [Termination (ms): Min: 0.0, Avg: 0.0, Max: 0.0, Diff: 0.0, Sum: 0.0]
      [GC Worker Other (ms): Min: 0.0, Avg: 0.0, Max: 0.0, Diff: 0.0, Sum: 0.1]
      [GC Worker Total (ms): Min: 121.0, Avg: 121.0, Max: 121.0, Diff: 0.0, Sum: 483.9]
      [GC Worker End (ms): Min: 115468.9, Avg: 115468.9, Max: 115468.9, Diff: 0.0]
   [Code Root Fixup: 0.0 ms]
   [Clear CT: 0.8 ms]
   [Other: 1.4 ms]
      [Choose CSet: 0.0 ms]
      [Ref Proc: 0.3 ms]
      [Ref Enq: 0.0 ms]
      [Free CSet: 0.2 ms]
   [Eden: 157.0M(157.0M)->0.0B(163.0M) Survivors: 13.0M->22.0M Heap: 1203.0M(2048.0M)->1146.0M(2048.0M)]
 [Times: user=0.47 sys=0.00, real=0.12 secs] 
115.610: [GC pause (young), 0.0578902 secs]
   [Parallel Time: 55.9 ms, GC Workers: 4]
      [GC Worker Start (ms): Min: 115610.5, Avg: 115610.5, Max: 115610.5, Diff: 0.0]
      [Ext Root Scanning (ms): Min: 0.9, Avg: 0.9, Max: 0.9, Diff: 0.0, Sum: 3.6]
      [SATB Filtering (ms): Min: 0.0, Avg: 0.2, Max: 1.0, Diff: 1.0, Sum: 1.0]
      [Update RS (ms): Min: 17.0, Avg: 17.8, Max: 18.4, Diff: 1.4, Sum: 71.2]
         [Processed Buffers: Min: 117, Avg: 169.5, Max: 224, Diff: 107, Sum: 678]
      [Scan RS (ms): Min: 0.0, Avg: 0.1, Max: 0.2, Diff: 0.2, Sum: 0.6]
      [Object Copy (ms): Min: 36.6, Avg: 36.8, Max: 36.9, Diff: 0.3, Sum: 147.2]
      [Termination (ms): Min: 0.0, Avg: 0.0, Max: 0.0, Diff: 0.0, Sum: 0.0]
      [GC Worker Other (ms): Min: 0.0, Avg: 0.0, Max: 0.0, Diff: 0.0, Sum: 0.0]
      [GC Worker Total (ms): Min: 55.9, Avg: 55.9, Max: 55.9, Diff: 0.0, Sum: 223.6]
      [GC Worker End (ms): Min: 115666.4, Avg: 115666.4, Max: 115666.4, Diff: 0.0]
   [Code Root Fixup: 0.0 ms]
   [Clear CT: 0.7 ms]
   [Other: 1.2 ms]
      [Choose CSet: 0.0 ms]
      [Ref Proc: 0.2 ms]
      [Ref Enq: 0.0 ms]
      [Free CSet: 0.2 ms]
   [Eden: 163.0M(163.0M)->0.0B(249.0M) Survivors: 22.0M->23.0M Heap: 1309.0M(2048.0M)->1169.5M(2048.0M)]
 [Times: user=0.25 sys=0.00, real=0.06 secs] 
115.839: [GC concurrent-mark-end, 0.6143208 secs]
115.839: [GC remark 115.840: [GC ref-proc, 0.0012531 secs], 0.0033271 secs]
 [Times: user=0.00 sys=0.00, real=0.00 secs] 
115.843: [GC cleanup 1367M->680M(2048M), 0.0012505 secs]
 [Times: user=0.00 sys=0.00, real=0.00 secs] 
115.844: [GC concurrent-cleanup-start]
115.845: [GC concurrent-cleanup-end, 0.0007944 secs]
115.895: [GC pause (young), 0.1641324 secs]
   [Parallel Time: 160.1 ms, GC Workers: 4]
      [GC Worker Start (ms): Min: 115895.5, Avg: 115895.5, Max: 115895.5, Diff: 0.0]
      [Ext Root Scanning (ms): Min: 1.1, Avg: 1.4, Max: 2.3, Diff: 1.2, Sum: 5.6]
      [Update RS (ms): Min: 15.4, Avg: 16.1, Max: 16.4, Diff: 1.0, Sum: 64.6]
         [Processed Buffers: Min: 104, Avg: 112.5, Max: 120, Diff: 16, Sum: 450]
      [Scan RS (ms): Min: 0.1, Avg: 0.1, Max: 0.1, Diff: 0.0, Sum: 0.3]
      [Object Copy (ms): Min: 142.4, Avg: 142.4, Max: 142.5, Diff: 0.1, Sum: 569.8]
      [Termination (ms): Min: 0.0, Avg: 0.0, Max: 0.0, Diff: 0.0, Sum: 0.0]
      [GC Worker Other (ms): Min: 0.0, Avg: 0.0, Max: 0.0, Diff: 0.0, Sum: 0.1]
      [GC Worker Total (ms): Min: 160.1, Avg: 160.1, Max: 160.1, Diff: 0.0, Sum: 640.3]
      [GC Worker End (ms): Min: 116055.6, Avg: 116055.6, Max: 116055.6, Diff: 0.0]
   [Code Root Fixup: 0.0 ms]
   [Clear CT: 2.8 ms]
   [Other: 1.2 ms]
      [Choose CSet: 0.0 ms]
      [Ref Proc: 0.0 ms]
      [Ref Enq: 0.0 ms]
      [Free CSet: 0.2 ms]
   [Eden: 249.0M(249.0M)->0.0B(218.0M) Survivors: 23.0M->34.0M Heap: 731.5M(2048.0M)->624.0M(2048.0M)]
 [Times: user=0.61 sys=0.00, real=0.16 secs] 
116.240: [GC pause (young), 0.1040495 secs]
   [Parallel Time: 100.9 ms, GC Workers: 4]
      [GC Worker Start (ms): Min: 116240.8, Avg: 116241.3, Max: 116243.1, Diff: 2.3]
      [Ext Root Scanning (ms): Min: 0.1, Avg: 0.9, Max: 1.2, Diff: 1.1, Sum: 3.5]
      [Update RS (ms): Min: 19.1, Avg: 20.1, Max: 20.6, Diff: 1.4, Sum: 80.3]
         [Processed Buffers: Min: 167, Avg: 191.0, Max: 231, Diff: 64, Sum: 764]
      [Scan RS (ms): Min: 0.3, Avg: 0.6, Max: 0.7, Diff: 0.4, Sum: 2.2]
      [Object Copy (ms): Min: 78.7, Avg: 78.8, Max: 78.8, Diff: 0.1, Sum: 315.0]
      [Termination (ms): Min: 0.0, Avg: 0.0, Max: 0.0, Diff: 0.0, Sum: 0.0]
      [GC Worker Other (ms): Min: 0.0, Avg: 0.0, Max: 0.0, Diff: 0.0, Sum: 0.1]
      [GC Worker Total (ms): Min: 98.6, Avg: 100.3, Max: 100.9, Diff: 2.3, Sum: 401.1]
      [GC Worker End (ms): Min: 116341.6, Avg: 116341.6, Max: 116341.6, Diff: 0.0]
   [Code Root Fixup: 0.0 ms]
   [Clear CT: 0.6 ms]
   [Other: 2.5 ms]
      [Choose CSet: 0.0 ms]
      [Ref Proc: 1.2 ms]
      [Ref Enq: 0.0 ms]
      [Free CSet: 0.2 ms]
   [Eden: 218.0M(218.0M)->0.0B(271.0M) Survivors: 34.0M->32.0M Heap: 842.0M(2048.0M)->684.5M(2048.0M)]
 [Times: user=0.41 sys=0.00, real=0.10 secs] 
116.593: [GC pause (young), 0.2057577 secs]
   [Parallel Time: 197.2 ms, GC Workers: 4]
      [GC Worker Start (ms): Min: 116593.7, Avg: 116593.7, Max: 116593.7, Diff: 0.0]
      [Ext Root Scanning (ms): Min: 1.2, Avg: 1.2, Max: 1.2, Diff: 0.1, Sum: 4.8]
      [Update RS (ms): Min: 16.6, Avg: 16.7, Max: 16.7, Diff: 0.1, Sum: 66.7]
         [Processed Buffers: Min: 107, Avg: 115.8, Max: 125, Diff: 18, Sum: 463]
      [Scan RS (ms): Min: 0.4, Avg: 0.5, Max: 0.6, Diff: 0.1, Sum: 2.0]
      [Object Copy (ms): Min: 173.1, Avg: 174.4, Max: 178.3, Diff: 5.2, Sum: 697.7]
      [Termination (ms): Min: 0.0, Avg: 4.1, Max: 5.7, Diff: 5.7, Sum: 16.3]
      [GC Worker Other (ms): Min: 0.0, Avg: 0.0, Max: 0.0, Diff: 0.0, Sum: 0.0]
      [GC Worker Total (ms): Min: 196.7, Avg: 196.9, Max: 197.2, Diff: 0.5, Sum: 787.4]
      [GC Worker End (ms): Min: 116790.4, Avg: 116790.6, Max: 116790.9, Diff: 0.5]
   [Code Root Fixup: 0.0 ms]
   [Clear CT: 0.1 ms]
   [Other: 8.4 ms]
      [Choose CSet: 0.0 ms]
      [Ref Proc: 6.8 ms]
      [Ref Enq: 0.0 ms]
      [Free CSet: 0.3 ms]
   [Eden: 271.0M(271.0M)->0.0B(215.0M) Survivors: 32.0M->38.0M Heap: 955.5M(2048.0M)->853.0M(2048.0M)]
 [Times: user=0.66 sys=0.00, real=0.21 secs] 
117.001: [GC pause (young), 0.0770057 secs]
   [Parallel Time: 75.6 ms, GC Workers: 4]
      [GC Worker Start (ms): Min: 117001.7, Avg: 117003.0, Max: 117004.3, Diff: 2.5]
      [Ext Root Scanning (ms): Min: 0.0, Avg: 0.8, Max: 1.7, Diff: 1.7, Sum: 3.4]
      [Update RS (ms): Min: 19.2, Avg: 19.8, Max: 20.1, Diff: 0.9, Sum: 79.1]
         [Processed Buffers: Min: 170, Avg: 197.0, Max: 223, Diff: 53, Sum: 788]
      [Scan RS (ms): Min: 0.0, Avg: 0.2, Max: 0.3, Diff: 0.3, Sum: 1.0]
      [Object Copy (ms): Min: 53.2, Avg: 53.5, Max: 53.6, Diff: 0.4, Sum: 213.9]
      [Termination (ms): Min: 0.0, Avg: 0.0, Max: 0.0, Diff: 0.0, Sum: 0.1]
      [GC Worker Other (ms): Min: 0.0, Avg: 0.0, Max: 0.0, Diff: 0.0, Sum: 0.0]
      [GC Worker Total (ms): Min: 73.1, Avg: 74.4, Max: 75.6, Diff: 2.5, Sum: 297.5]
      [GC Worker End (ms): Min: 117077.3, Avg: 117077.3, Max: 117077.3, Diff: 0.0]
   [Code Root Fixup: 0.0 ms]
   [Clear CT: 0.1 ms]
   [Other: 1.3 ms]
      [Choose CSet: 0.0 ms]
      [Ref Proc: 0.0 ms]
      [Ref Enq: 0.0 ms]
      [Free CSet: 0.2 ms]
   [Eden: 215.0M(215.0M)->0.0B(356.0M) Survivors: 38.0M->25.0M Heap: 1068.0M(2048.0M)->879.0M(2048.0M)]
 [Times: user=0.31 sys=0.00, real=0.08 secs] 
117.402: [GC pause (young), 0.2093087 secs]
   [Parallel Time: 207.5 ms, GC Workers: 4]
      [GC Worker Start (ms): Min: 117402.5, Avg: 117402.8, Max: 117403.4, Diff: 1.0]
      [Ext Root Scanning (ms): Min: 0.3, Avg: 0.9, Max: 1.2, Diff: 0.8, Sum: 3.6]
      [Update RS (ms): Min: 18.6, Avg: 18.6, Max: 18.8, Diff: 0.2, Sum: 74.6]
         [Processed Buffers: Min: 120, Avg: 125.8, Max: 136, Diff: 16, Sum: 503]
      [Scan RS (ms): Min: 0.1, Avg: 0.2, Max: 0.2, Diff: 0.1, Sum: 0.7]
      [Object Copy (ms): Min: 187.3, Avg: 187.4, Max: 187.5, Diff: 0.1, Sum: 749.7]
      [Termination (ms): Min: 0.0, Avg: 0.0, Max: 0.0, Diff: 0.0, Sum: 0.0]
      [GC Worker Other (ms): Min: 0.0, Avg: 0.0, Max: 0.0, Diff: 0.0, Sum: 0.1]
      [GC Worker Total (ms): Min: 206.5, Avg: 207.2, Max: 207.5, Diff: 1.0, Sum: 828.7]
      [GC Worker End (ms): Min: 117610.0, Avg: 117610.0, Max: 117610.0, Diff: 0.0]
   [Code Root Fixup: 0.0 ms]
   [Clear CT: 0.1 ms]
   [Other: 1.6 ms]
      [Choose CSet: 0.0 ms]
      [Ref Proc: 0.0 ms]
      [Ref Enq: 0.0 ms]
      [Free CSet: 0.3 ms]
   [Eden: 356.0M(356.0M)->0.0B(230.0M) Survivors: 25.0M->48.0M Heap: 1235.0M(2048.0M)->1073.5M(2048.0M)]
 [Times: user=0.75 sys=0.00, real=0.21 secs] 
117.844: [GC pause (young) (initial-mark), 0.1754061 secs]
   [Parallel Time: 173.0 ms, GC Workers: 4]
      [GC Worker Start (ms): Min: 117844.2, Avg: 117844.2, Max: 117844.2, Diff: 0.0]
      [Ext Root Scanning (ms): Min: 1.0, Avg: 1.0, Max: 1.1, Diff: 0.1, Sum: 4.1]
      [Update RS (ms): Min: 24.0, Avg: 24.1, Max: 24.2, Diff: 0.2, Sum: 96.3]
         [Processed Buffers: Min: 184, Avg: 199.8, Max: 224, Diff: 40, Sum: 799]
      [Scan RS (ms): Min: 6.6, Avg: 6.7, Max: 6.8, Diff: 0.2, Sum: 26.8]
      [Object Copy (ms): Min: 141.0, Avg: 141.0, Max: 141.1, Diff: 0.1, Sum: 564.0]
      [Termination (ms): Min: 0.0, Avg: 0.1, Max: 0.2, Diff: 0.2, Sum: 0.5]
      [GC Worker Other (ms): Min: 0.0, Avg: 0.0, Max: 0.0, Diff: 0.0, Sum: 0.0]
      [GC Worker Total (ms): Min: 172.9, Avg: 172.9, Max: 172.9, Diff: 0.0, Sum: 691.7]
      [GC Worker End (ms): Min: 118017.1, Avg: 118017.2, Max: 118017.2, Diff: 0.0]
   [Code Root Fixup: 0.0 ms]
   [Clear CT: 0.2 ms]
   [Other: 2.3 ms]
      [Choose CSet: 0.0 ms]
      [Ref Proc: 0.0 ms]
      [Ref Enq: 0.0 ms]
      [Free CSet: 0.2 ms]
   [Eden: 230.0M(230.0M)->0.0B(189.0M) Survivors: 48.0M->35.0M Heap: 1303.5M(2048.0M)->1168.5M(2048.0M)]
 [Times: user=0.55 sys=0.00, real=0.18 secs] 
118.019: [GC concurrent-root-region-scan-start]
118.083: [GC concurrent-root-region-scan-end, 0.0639377 secs]
118.083: [GC concurrent-mark-start]
118.254: [GC pause (young), 0.0937557 secs]
   [Parallel Time: 92.5 ms, GC Workers: 4]
      [GC Worker Start (ms): Min: 118254.6, Avg: 118254.6, Max: 118254.6, Diff: 0.0]
      [Ext Root Scanning (ms): Min: 0.8, Avg: 0.9, Max: 1.0, Diff: 0.2, Sum: 3.6]
      [SATB Filtering (ms): Min: 0.0, Avg: 0.6, Max: 2.5, Diff: 2.5, Sum: 2.5]
      [Update RS (ms): Min: 18.3, Avg: 20.1, Max: 20.9, Diff: 2.7, Sum: 80.6]
         [Processed Buffers: Min: 169, Avg: 185.3, Max: 201, Diff: 32, Sum: 741]
      [Scan RS (ms): Min: 0.1, Avg: 0.5, Max: 1.0, Diff: 0.9, Sum: 1.9]
      [Object Copy (ms): Min: 69.8, Avg: 70.3, Max: 70.6, Diff: 0.8, Sum: 281.3]
      [Termination (ms): Min: 0.0, Avg: 0.0, Max: 0.0, Diff: 0.0, Sum: 0.0]
      [GC Worker Other (ms): Min: 0.0, Avg: 0.0, Max: 0.0, Diff: 0.0, Sum: 0.1]
      [GC Worker Total (ms): Min: 92.5, Avg: 92.5, Max: 92.5, Diff: 0.0, Sum: 370.0]
      [GC Worker End (ms): Min: 118347.1, Avg: 118347.1, Max: 118347.1, Diff: 0.0]
   [Code Root Fixup: 0.0 ms]
   [Clear CT: 0.1 ms]
   [Other: 1.1 ms]
      [Choose CSet: 0.0 ms]
      [Ref Proc: 0.0 ms]
      [Ref Enq: 0.0 ms]
      [Free CSet: 0.2 ms]
   [Eden: 189.0M(189.0M)->0.0B(273.0M) Survivors: 35.0M->28.0M Heap: 1357.5M(2048.0M)->1212.0M(2048.0M)]
 [Times: user=0.31 sys=0.00, real=0.09 secs] 
118.587: [GC pause (young), 0.1576472 secs]
   [Parallel Time: 156.1 ms, GC Workers: 4]
      [GC Worker Start (ms): Min: 118586.8, Avg: 118586.8, Max: 118586.8, Diff: 0.0]
      [Ext Root Scanning (ms): Min: 0.9, Avg: 0.9, Max: 0.9, Diff: 0.0, Sum: 3.5]
      [SATB Filtering (ms): Min: 0.0, Avg: 0.7, Max: 2.8, Diff: 2.8, Sum: 2.8]
      [Update RS (ms): Min: 16.2, Avg: 18.2, Max: 18.9, Diff: 2.8, Sum: 72.9]
         [Processed Buffers: Min: 96, Avg: 110.8, Max: 120, Diff: 24, Sum: 443]
      [Scan RS (ms): Min: 0.1, Avg: 0.1, Max: 0.2, Diff: 0.0, Sum: 0.5]
      [Object Copy (ms): Min: 136.1, Avg: 136.1, Max: 136.1, Diff: 0.0, Sum: 544.5]
      [Termination (ms): Min: 0.0, Avg: 0.0, Max: 0.0, Diff: 0.0, Sum: 0.0]
      [GC Worker Other (ms): Min: 0.0, Avg: 0.0, Max: 0.0, Diff: 0.0, Sum: 0.1]
      [GC Worker Total (ms): Min: 156.1, Avg: 156.1, Max: 156.1, Diff: 0.0, Sum: 624.3]
      [GC Worker End (ms): Min: 118742.9, Avg: 118742.9, Max: 118742.9, Diff: 0.0]
   [Code Root Fixup: 0.0 ms]
   [Clear CT: 0.1 ms]
   [Other: 1.4 ms]
      [Choose CSet: 0.0 ms]
      [Ref Proc: 0.0 ms]
      [Ref Enq: 0.0 ms]
      [Free CSet: 0.3 ms]
   [Eden: 273.0M(273.0M)->0.0B(234.0M) Survivors: 28.0M->38.0M Heap: 1485.0M(2048.0M)->1350.5M(2048.0M)]
 [Times: user=0.62 sys=0.00, real=0.16 secs] 
118.846: [GC concurrent-mark-end, 0.7617611 secs]
118.846: [GC remark 118.847: [GC ref-proc, 0.0012447 secs], 0.0049144 secs]
 [Times: user=0.01 sys=0.00, real=0.00 secs] 
118.852: [GC cleanup 1466M->729M(2048M), 0.0024628 secs]
 [Times: user=0.00 sys=0.00, real=0.00 secs] 
118.855: [GC concurrent-cleanup-start]
118.856: [GC concurrent-cleanup-end, 0.0009198 secs]
118.956: [GC pause (young), 0.1330736 secs]
   [Parallel Time: 131.4 ms, GC Workers: 4]
      [GC Worker Start (ms): Min: 118956.2, Avg: 118956.2, Max: 118956.2, Diff: 0.0]
      [Ext Root Scanning (ms): Min: 1.1, Avg: 4.6, Max: 14.8, Diff: 13.7, Sum: 18.3]
      [Update RS (ms): Min: 17.3, Avg: 26.9, Max: 30.1, Diff: 12.8, Sum: 107.5]
         [Processed Buffers: Min: 159, Avg: 202.5, Max: 226, Diff: 67, Sum: 810]
      [Scan RS (ms): Min: 0.0, Avg: 0.2, Max: 0.3, Diff: 0.3, Sum: 0.8]
      [Object Copy (ms): Min: 99.2, Avg: 99.7, Max: 99.9, Diff: 0.6, Sum: 398.8]
      [Termination (ms): Min: 0.0, Avg: 0.0, Max: 0.0, Diff: 0.0, Sum: 0.0]
      [GC Worker Other (ms): Min: 0.0, Avg: 0.0, Max: 0.0, Diff: 0.0, Sum: 0.1]
      [GC Worker Total (ms): Min: 131.3, Avg: 131.4, Max: 131.4, Diff: 0.0, Sum: 525.4]
      [GC Worker End (ms): Min: 119087.6, Avg: 119087.6, Max: 119087.6, Diff: 0.0]
   [Code Root Fixup: 0.0 ms]
   [Clear CT: 0.1 ms]
   [Other: 1.6 ms]
      [Choose CSet: 0.0 ms]
      [Ref Proc: 0.2 ms]
      [Ref Enq: 0.0 ms]
      [Free CSet: 0.2 ms]
   [Eden: 234.0M(234.0M)->0.0B(288.0M) Survivors: 38.0M->34.0M Heap: 847.5M(2048.0M)->688.0M(2048.0M)]
 [Times: user=0.48 sys=0.00, real=0.13 secs] 
119.347: [GC pause (young), 0.1919125 secs]
   [Parallel Time: 190.1 ms, GC Workers: 4]
      [GC Worker Start (ms): Min: 119347.4, Avg: 119348.0, Max: 119350.0, Diff: 2.6]
      [Ext Root Scanning (ms): Min: 0.1, Avg: 1.0, Max: 1.4, Diff: 1.3, Sum: 4.1]
      [Update RS (ms): Min: 18.9, Avg: 19.8, Max: 20.1, Diff: 1.2, Sum: 79.2]
         [Processed Buffers: Min: 104, Avg: 120.5, Max: 138, Diff: 34, Sum: 482]
      [Scan RS (ms): Min: 0.3, Avg: 0.3, Max: 0.3, Diff: 0.0, Sum: 1.2]
      [Object Copy (ms): Min: 168.2, Avg: 168.3, Max: 168.3, Diff: 0.2, Sum: 673.0]
      [Termination (ms): Min: 0.0, Avg: 0.0, Max: 0.0, Diff: 0.0, Sum: 0.0]
      [GC Worker Other (ms): Min: 0.0, Avg: 0.0, Max: 0.0, Diff: 0.0, Sum: 0.1]
      [GC Worker Total (ms): Min: 187.4, Avg: 189.4, Max: 190.0, Diff: 2.6, Sum: 757.5]
      [GC Worker End (ms): Min: 119537.4, Avg: 119537.4, Max: 119537.4, Diff: 0.0]
   [Code Root Fixup: 0.0 ms]
   [Clear CT: 0.3 ms]
   [Other: 1.6 ms]
      [Choose CSet: 0.0 ms]
      [Ref Proc: 0.0 ms]
      [Ref Enq: 0.0 ms]
      [Free CSet: 0.3 ms]
   [Eden: 288.0M(288.0M)->0.0B(215.0M) Survivors: 34.0M->41.0M Heap: 976.0M(2048.0M)->840.0M(2048.0M)]
 [Times: user=0.69 sys=0.00, real=0.19 secs] 
119.707: [GC pause (young), 0.0989869 secs]
   [Parallel Time: 97.5 ms, GC Workers: 4]
      [GC Worker Start (ms): Min: 119707.5, Avg: 119707.5, Max: 119707.6, Diff: 0.0]
      [Ext Root Scanning (ms): Min: 1.1, Avg: 5.6, Max: 19.1, Diff: 18.1, Sum: 22.5]
      [Update RS (ms): Min: 7.2, Avg: 20.8, Max: 26.1, Diff: 18.8, Sum: 83.3]
         [Processed Buffers: Min: 121, Avg: 194.0, Max: 253, Diff: 132, Sum: 776]
      [Scan RS (ms): Min: 0.0, Avg: 0.2, Max: 0.3, Diff: 0.3, Sum: 0.8]
      [Object Copy (ms): Min: 70.2, Avg: 70.8, Max: 71.0, Diff: 0.8, Sum: 283.1]
      [Termination (ms): Min: 0.0, Avg: 0.0, Max: 0.0, Diff: 0.0, Sum: 0.0]
      [GC Worker Other (ms): Min: 0.0, Avg: 0.0, Max: 0.0, Diff: 0.0, Sum: 0.0]
      [GC Worker Total (ms): Min: 97.5, Avg: 97.5, Max: 97.5, Diff: 0.0, Sum: 389.8]
      [GC Worker End (ms): Min: 119805.0, Avg: 119805.0, Max: 119805.0, Diff: 0.0]
   [Code Root Fixup: 0.0 ms]
   [Clear CT: 0.2 ms]
   [Other: 1.3 ms]
      [Choose CSet: 0.0 ms]
      [Ref Proc: 0.0 ms]
      [Ref Enq: 0.0 ms]
      [Free CSet: 0.2 ms]
   [Eden: 215.0M(215.0M)->0.0B(354.0M) Survivors: 41.0M->32.0M Heap: 1055.0M(2048.0M)->882.5M(2048.0M)]
 [Times: user=0.34 sys=0.00, real=0.10 secs] 
120.126: [GC pause (young), 0.2232411 secs]
   [Parallel Time: 221.5 ms, GC Workers: 4]
      [GC Worker Start (ms): Min: 120126.5, Avg: 120126.5, Max: 120126.5, Diff: 0.0]
      [Ext Root Scanning (ms): Min: 1.2, Avg: 10.5, Max: 38.3, Diff: 37.1, Sum: 41.9]
      [Update RS (ms): Min: 0.0, Avg: 17.1, Max: 22.8, Diff: 22.8, Sum: 68.5]
         [Processed Buffers: Min: 0, Avg: 114.5, Max: 185, Diff: 185, Sum: 458]
      [Scan RS (ms): Min: 0.0, Avg: 0.3, Max: 0.3, Diff: 0.3, Sum: 1.1]
      [Object Copy (ms): Min: 183.1, Avg: 193.5, Max: 197.0, Diff: 13.9, Sum: 774.2]
      [Termination (ms): Min: 0.0, Avg: 0.0, Max: 0.0, Diff: 0.0, Sum: 0.0]
      [GC Worker Other (ms): Min: 0.0, Avg: 0.0, Max: 0.0, Diff: 0.0, Sum: 0.1]
      [GC Worker Total (ms): Min: 221.4, Avg: 221.4, Max: 221.5, Diff: 0.0, Sum: 885.8]
      [GC Worker End (ms): Min: 120347.9, Avg: 120347.9, Max: 120347.9, Diff: 0.0]
   [Code Root Fixup: 0.0 ms]
   [Clear CT: 0.1 ms]
   [Other: 1.6 ms]
      [Choose CSet: 0.0 ms]
      [Ref Proc: 0.0 ms]
      [Ref Enq: 0.0 ms]
      [Free CSet: 0.3 ms]
   [Eden: 354.0M(354.0M)->0.0B(213.0M) Survivors: 32.0M->49.0M Heap: 1236.5M(2048.0M)->1062.5M(2048.0M)]
 [Times: user=0.73 sys=0.00, real=0.22 secs] 
120.579: [GC pause (young) (initial-mark), 0.1590388 secs]
   [Parallel Time: 155.7 ms, GC Workers: 4]
      [GC Worker Start (ms): Min: 120579.5, Avg: 120579.5, Max: 120579.5, Diff: 0.0]
      [Ext Root Scanning (ms): Min: 0.9, Avg: 0.9, Max: 0.9, Diff: 0.0, Sum: 3.6]
      [Update RS (ms): Min: 20.9, Avg: 20.9, Max: 20.9, Diff: 0.0, Sum: 83.5]
         [Processed Buffers: Min: 198, Avg: 213.3, Max: 223, Diff: 25, Sum: 853]
      [Scan RS (ms): Min: 6.5, Avg: 6.6, Max: 6.6, Diff: 0.1, Sum: 26.3]
      [Object Copy (ms): Min: 127.0, Avg: 127.0, Max: 127.1, Diff: 0.1, Sum: 508.1]
      [Termination (ms): Min: 0.0, Avg: 0.1, Max: 0.2, Diff: 0.2, Sum: 0.5]
      [GC Worker Other (ms): Min: 0.0, Avg: 0.0, Max: 0.0, Diff: 0.0, Sum: 0.0]
      [GC Worker Total (ms): Min: 155.5, Avg: 155.5, Max: 155.6, Diff: 0.1, Sum: 622.1]
      [GC Worker End (ms): Min: 120735.0, Avg: 120735.0, Max: 120735.1, Diff: 0.1]
   [Code Root Fixup: 0.0 ms]
   [Clear CT: 0.1 ms]
   [Other: 3.2 ms]
      [Choose CSet: 0.0 ms]
      [Ref Proc: 1.3 ms]
      [Ref Enq: 0.0 ms]
      [Free CSet: 0.2 ms]
   [Eden: 213.0M(213.0M)->0.0B(227.0M) Survivors: 49.0M->33.0M Heap: 1275.5M(2048.0M)->1163.0M(2048.0M)]
 [Times: user=0.61 sys=0.00, real=0.16 secs] 
120.738: [GC concurrent-root-region-scan-start]
120.778: [GC concurrent-root-region-scan-end, 0.0396310 secs]
120.778: [GC concurrent-mark-start]
121.011: [GC pause (young), 0.0869548 secs]
   [Parallel Time: 85.5 ms, GC Workers: 4]
      [GC Worker Start (ms): Min: 121011.7, Avg: 121011.7, Max: 121011.7, Diff: 0.0]
      [Ext Root Scanning (ms): Min: 1.0, Avg: 1.0, Max: 1.0, Diff: 0.1, Sum: 3.9]
      [SATB Filtering (ms): Min: 0.0, Avg: 0.6, Max: 2.4, Diff: 2.4, Sum: 2.4]
      [Update RS (ms): Min: 16.8, Avg: 18.6, Max: 19.2, Diff: 2.4, Sum: 74.3]
         [Processed Buffers: Min: 112, Avg: 182.3, Max: 233, Diff: 121, Sum: 729]
      [Scan RS (ms): Min: 0.2, Avg: 0.2, Max: 0.2, Diff: 0.0, Sum: 0.8]
      [Object Copy (ms): Min: 65.1, Avg: 65.1, Max: 65.1, Diff: 0.0, Sum: 260.4]
      [Termination (ms): Min: 0.0, Avg: 0.0, Max: 0.0, Diff: 0.0, Sum: 0.0]
      [GC Worker Other (ms): Min: 0.0, Avg: 0.0, Max: 0.0, Diff: 0.0, Sum: 0.1]
      [GC Worker Total (ms): Min: 85.4, Avg: 85.5, Max: 85.5, Diff: 0.0, Sum: 341.8]
      [GC Worker End (ms): Min: 121097.1, Avg: 121097.1, Max: 121097.1, Diff: 0.0]
   [Code Root Fixup: 0.0 ms]
   [Clear CT: 0.2 ms]
   [Other: 1.2 ms]
      [Choose CSet: 0.0 ms]
      [Ref Proc: 0.0 ms]
      [Ref Enq: 0.0 ms]
      [Free CSet: 0.2 ms]
   [Eden: 227.0M(227.0M)->0.0B(311.0M) Survivors: 33.0M->33.0M Heap: 1390.0M(2048.0M)->1211.0M(2048.0M)]
 [Times: user=0.36 sys=0.00, real=0.09 secs] 
121.333: [GC concurrent-mark-end, 0.5543928 secs]
121.333: [GC remark 121.333: [GC ref-proc, 0.0012005 secs], 0.0025597 secs]
 [Times: user=0.00 sys=0.00, real=0.00 secs] 
121.337: [GC cleanup 1476M->803M(2048M), 0.0014942 secs]
 [Times: user=0.00 sys=0.00, real=0.00 secs] 
121.338: [GC concurrent-cleanup-start]
121.339: [GC concurrent-cleanup-end, 0.0008133 secs]
121.373: [GC pause (young), 0.0971623 secs]
   [Parallel Time: 96.0 ms, GC Workers: 4]
      [GC Worker Start (ms): Min: 121373.0, Avg: 121373.2, Max: 121373.8, Diff: 0.8]
      [Ext Root Scanning (ms): Min: 0.6, Avg: 7.5, Max: 26.5, Diff: 25.9, Sum: 29.9]
      [Update RS (ms): Min: 0.0, Avg: 18.8, Max: 25.1, Diff: 25.1, Sum: 75.0]
         [Processed Buffers: Min: 0, Avg: 116.8, Max: 161, Diff: 161, Sum: 467]
      [Scan RS (ms): Min: 0.0, Avg: 0.1, Max: 0.2, Diff: 0.1, Sum: 0.5]
      [Object Copy (ms): Min: 69.3, Avg: 69.4, Max: 69.4, Diff: 0.1, Sum: 277.6]
      [Termination (ms): Min: 0.0, Avg: 0.0, Max: 0.0, Diff: 0.0, Sum: 0.0]
      [GC Worker Other (ms): Min: 0.0, Avg: 0.0, Max: 0.0, Diff: 0.0, Sum: 0.1]
      [GC Worker Total (ms): Min: 95.2, Avg: 95.8, Max: 96.0, Diff: 0.8, Sum: 383.1]
      [GC Worker End (ms): Min: 121469.0, Avg: 121469.0, Max: 121469.0, Diff: 0.0]
   [Code Root Fixup: 0.0 ms]
   [Clear CT: 0.2 ms]
   [Other: 1.0 ms]
      [Choose CSet: 0.0 ms]
      [Ref Proc: 0.0 ms]
      [Ref Enq: 0.0 ms]
      [Free CSet: 0.3 ms]
   [Eden: 311.0M(311.0M)->0.0B(59.0M) Survivors: 33.0M->43.0M Heap: 849.0M(2048.0M)->591.5M(2048.0M)]
 [Times: user=0.39 sys=0.00, real=0.10 secs] 
121.518: [GC pause (mixed), 0.0950135 secs]
   [Parallel Time: 92.5 ms, GC Workers: 4]
      [GC Worker Start (ms): Min: 121518.7, Avg: 121518.7, Max: 121518.7, Diff: 0.0]
      [Ext Root Scanning (ms): Min: 0.8, Avg: 0.9, Max: 0.9, Diff: 0.1, Sum: 3.5]
      [Update RS (ms): Min: 20.1, Avg: 20.2, Max: 20.2, Diff: 0.0, Sum: 80.6]
         [Processed Buffers: Min: 107, Avg: 109.0, Max: 112, Diff: 5, Sum: 436]
      [Scan RS (ms): Min: 0.5, Avg: 0.6, Max: 0.7, Diff: 0.1, Sum: 2.4]
      [Object Copy (ms): Min: 70.8, Avg: 70.9, Max: 70.9, Diff: 0.2, Sum: 283.5]
      [Termination (ms): Min: 0.0, Avg: 0.0, Max: 0.0, Diff: 0.0, Sum: 0.0]
      [GC Worker Other (ms): Min: 0.0, Avg: 0.0, Max: 0.0, Diff: 0.0, Sum: 0.0]
      [GC Worker Total (ms): Min: 92.5, Avg: 92.5, Max: 92.5, Diff: 0.0, Sum: 370.1]
      [GC Worker End (ms): Min: 121611.2, Avg: 121611.2, Max: 121611.2, Diff: 0.0]
   [Code Root Fixup: 0.0 ms]
   [Clear CT: 1.1 ms]
   [Other: 1.4 ms]
      [Choose CSet: 0.0 ms]
      [Ref Proc: 0.3 ms]
      [Ref Enq: 0.0 ms]
      [Free CSet: 0.3 ms]
   [Eden: 59.0M(59.0M)->0.0B(438.0M) Survivors: 43.0M->13.0M Heap: 650.5M(2048.0M)->580.5M(2048.0M)]
 [Times: user=0.36 sys=0.00, real=0.10 secs] 
121.981: [GC pause (young), 0.1998972 secs]
   [Parallel Time: 198.3 ms, GC Workers: 4]
      [GC Worker Start (ms): Min: 121981.1, Avg: 121986.1, Max: 121991.2, Diff: 10.2]
      [Ext Root Scanning (ms): Min: 0.1, Avg: 0.9, Max: 1.6, Diff: 1.5, Sum: 3.4]
      [Update RS (ms): Min: 27.3, Avg: 31.6, Max: 35.8, Diff: 8.5, Sum: 126.3]
         [Processed Buffers: Min: 134, Avg: 159.0, Max: 184, Diff: 50, Sum: 636]
      [Scan RS (ms): Min: 0.1, Avg: 0.1, Max: 0.1, Diff: 0.0, Sum: 0.4]
      [Object Copy (ms): Min: 156.8, Avg: 157.3, Max: 158.9, Diff: 2.2, Sum: 629.4]
      [Termination (ms): Min: 0.0, Avg: 2.0, Max: 3.6, Diff: 3.6, Sum: 7.8]
      [GC Worker Other (ms): Min: 0.0, Avg: 0.0, Max: 0.0, Diff: 0.0, Sum: 0.1]
      [GC Worker Total (ms): Min: 186.3, Avg: 191.8, Max: 196.7, Diff: 10.4, Sum: 767.4]
      [GC Worker End (ms): Min: 122177.5, Avg: 122178.0, Max: 122179.1, Diff: 1.5]
   [Code Root Fixup: 0.0 ms]
   [Clear CT: 0.1 ms]
   [Other: 1.5 ms]
      [Choose CSet: 0.0 ms]
      [Ref Proc: 0.2 ms]
      [Ref Enq: 0.0 ms]
      [Free CSet: 0.3 ms]
   [Eden: 438.0M(438.0M)->0.0B(257.0M) Survivors: 13.0M->57.0M Heap: 1018.5M(2048.0M)->748.0M(2048.0M)]
 [Times: user=0.69 sys=0.00, real=0.20 secs] 
122.410: [GC pause (young), 0.1354720 secs]
   [Parallel Time: 133.6 ms, GC Workers: 4]
      [GC Worker Start (ms): Min: 122410.1, Avg: 122410.1, Max: 122410.1, Diff: 0.0]
      [Ext Root Scanning (ms): Min: 0.9, Avg: 0.9, Max: 0.9, Diff: 0.0, Sum: 3.6]
      [Update RS (ms): Min: 18.0, Avg: 18.0, Max: 18.2, Diff: 0.3, Sum: 72.2]
         [Processed Buffers: Min: 151, Avg: 178.8, Max: 213, Diff: 62, Sum: 715]
      [Scan RS (ms): Min: 4.1, Avg: 4.3, Max: 4.4, Diff: 0.3, Sum: 17.3]
      [Object Copy (ms): Min: 110.2, Avg: 110.3, Max: 110.3, Diff: 0.1, Sum: 441.1]
      [Termination (ms): Min: 0.0, Avg: 0.0, Max: 0.0, Diff: 0.0, Sum: 0.0]
      [GC Worker Other (ms): Min: 0.0, Avg: 0.0, Max: 0.0, Diff: 0.0, Sum: 0.1]
      [GC Worker Total (ms): Min: 133.5, Avg: 133.6, Max: 133.6, Diff: 0.0, Sum: 534.3]
      [GC Worker End (ms): Min: 122543.6, Avg: 122543.6, Max: 122543.6, Diff: 0.0]
   [Code Root Fixup: 0.0 ms]
   [Clear CT: 0.2 ms]
   [Other: 1.7 ms]
      [Choose CSet: 0.0 ms]
      [Ref Proc: 0.0 ms]
      [Ref Enq: 0.0 ms]
      [Free CSet: 0.2 ms]
   [Eden: 257.0M(257.0M)->0.0B(325.0M) Survivors: 57.0M->40.0M Heap: 1005.0M(2048.0M)->822.0M(2048.0M)]
 [Times: user=0.56 sys=0.00, real=0.13 secs] 
122.838: [GC pause (young), 0.1062297 secs]
   [Parallel Time: 103.7 ms, GC Workers: 4]
      [GC Worker Start (ms): Min: 122837.9, Avg: 122837.9, Max: 122837.9, Diff: 0.0]
      [Ext Root Scanning (ms): Min: 0.9, Avg: 0.9, Max: 0.9, Diff: 0.0, Sum: 3.6]
      [Update RS (ms): Min: 18.2, Avg: 18.2, Max: 18.2, Diff: 0.0, Sum: 72.8]
         [Processed Buffers: Min: 145, Avg: 156.8, Max: 167, Diff: 22, Sum: 627]
      [Scan RS (ms): Min: 1.0, Avg: 1.0, Max: 1.0, Diff: 0.1, Sum: 4.0]
      [Object Copy (ms): Min: 79.9, Avg: 80.9, Max: 83.5, Diff: 3.6, Sum: 323.5]
      [Termination (ms): Min: 0.0, Avg: 2.7, Max: 3.6, Diff: 3.6, Sum: 10.6]
      [GC Worker Other (ms): Min: 0.0, Avg: 0.0, Max: 0.0, Diff: 0.0, Sum: 0.0]
      [GC Worker Total (ms): Min: 103.6, Avg: 103.6, Max: 103.6, Diff: 0.0, Sum: 414.5]
      [GC Worker End (ms): Min: 122941.5, Avg: 122941.5, Max: 122941.5, Diff: 0.0]
   [Code Root Fixup: 0.0 ms]
   [Clear CT: 1.1 ms]
   [Other: 1.5 ms]
      [Choose CSet: 0.0 ms]
      [Ref Proc: 0.3 ms]
      [Ref Enq: 0.0 ms]
      [Free CSet: 0.3 ms]
   [Eden: 325.0M(325.0M)->0.0B(388.0M) Survivors: 40.0M->46.0M Heap: 1147.0M(2048.0M)->880.5M(2048.0M)]
 [Times: user=0.42 sys=0.00, real=0.11 secs] 
123.295: [GC pause (young), 0.2349175 secs]
   [Parallel Time: 232.8 ms, GC Workers: 4]
      [GC Worker Start (ms): Min: 123295.2, Avg: 123295.2, Max: 123295.2, Diff: 0.0]
      [Ext Root Scanning (ms): Min: 0.9, Avg: 0.9, Max: 0.9, Diff: 0.1, Sum: 3.6]
      [Update RS (ms): Min: 23.5, Avg: 23.5, Max: 23.6, Diff: 0.1, Sum: 94.1]
         [Processed Buffers: Min: 129, Avg: 130.8, Max: 133, Diff: 4, Sum: 523]
      [Scan RS (ms): Min: 0.1, Avg: 0.1, Max: 0.2, Diff: 0.1, Sum: 0.4]
      [Object Copy (ms): Min: 207.2, Avg: 207.4, Max: 207.8, Diff: 0.6, Sum: 829.5]
      [Termination (ms): Min: 0.0, Avg: 0.6, Max: 1.1, Diff: 1.1, Sum: 2.3]
      [GC Worker Other (ms): Min: 0.0, Avg: 0.0, Max: 0.0, Diff: 0.0, Sum: 0.0]
      [GC Worker Total (ms): Min: 232.4, Avg: 232.5, Max: 232.8, Diff: 0.4, Sum: 930.0]
      [GC Worker End (ms): Min: 123527.6, Avg: 123527.7, Max: 123528.0, Diff: 0.4]
   [Code Root Fixup: 0.0 ms]
   [Clear CT: 0.2 ms]
   [Other: 1.9 ms]
      [Choose CSet: 0.0 ms]
      [Ref Proc: 0.2 ms]
      [Ref Enq: 0.0 ms]
      [Free CSet: 0.3 ms]
   [Eden: 388.0M(388.0M)->0.0B(272.0M) Survivors: 46.0M->55.0M Heap: 1268.5M(2048.0M)->1075.0M(2048.0M)]
 [Times: user=0.86 sys=0.00, real=0.23 secs] 
123.845: [GC pause (young) (initial-mark), 0.1239873 secs]
   [Parallel Time: 121.5 ms, GC Workers: 4]
      [GC Worker Start (ms): Min: 123845.1, Avg: 123845.1, Max: 123845.1, Diff: 0.0]
      [Ext Root Scanning (ms): Min: 0.9, Avg: 0.9, Max: 1.0, Diff: 0.1, Sum: 3.7]
      [Update RS (ms): Min: 19.6, Avg: 19.6, Max: 19.6, Diff: 0.0, Sum: 78.4]
         [Processed Buffers: Min: 164, Avg: 210.8, Max: 244, Diff: 80, Sum: 843]
      [Scan RS (ms): Min: 8.6, Avg: 8.6, Max: 8.6, Diff: 0.0, Sum: 34.3]
      [Object Copy (ms): Min: 92.3, Avg: 92.3, Max: 92.4, Diff: 0.1, Sum: 369.3]
      [Termination (ms): Min: 0.0, Avg: 0.0, Max: 0.0, Diff: 0.0, Sum: 0.0]
      [GC Worker Other (ms): Min: 0.0, Avg: 0.0, Max: 0.0, Diff: 0.0, Sum: 0.1]
      [GC Worker Total (ms): Min: 121.4, Avg: 121.5, Max: 121.5, Diff: 0.0, Sum: 485.9]
      [GC Worker End (ms): Min: 123966.6, Avg: 123966.6, Max: 123966.6, Diff: 0.0]
   [Code Root Fixup: 0.0 ms]
   [Clear CT: 0.1 ms]
   [Other: 2.4 ms]
      [Choose CSet: 0.0 ms]
      [Ref Proc: 0.4 ms]
      [Ref Enq: 0.0 ms]
      [Free CSet: 0.3 ms]
   [Eden: 269.0M(144.0M)->0.0B(364.0M) Survivors: 55.0M->25.0M Heap: 1344.0M(2048.0M)->1127.5M(2048.0M)]
 [Times: user=0.48 sys=0.00, real=0.12 secs] 
123.969: [GC concurrent-root-region-scan-start]
124.001: [GC concurrent-root-region-scan-end, 0.0317060 secs]
124.001: [GC concurrent-mark-start]
124.313: [GC pause (young), 0.0626895 secs]
   [Parallel Time: 60.5 ms, GC Workers: 4]
      [GC Worker Start (ms): Min: 124313.7, Avg: 124313.7, Max: 124313.7, Diff: 0.0]
      [Ext Root Scanning (ms): Min: 0.9, Avg: 1.0, Max: 1.0, Diff: 0.1, Sum: 3.8]
      [SATB Filtering (ms): Min: 0.0, Avg: 0.1, Max: 0.2, Diff: 0.2, Sum: 0.2]
      [Update RS (ms): Min: 19.3, Avg: 19.4, Max: 19.5, Diff: 0.2, Sum: 77.8]
         [Processed Buffers: Min: 122, Avg: 125.0, Max: 130, Diff: 8, Sum: 500]
      [Scan RS (ms): Min: 0.4, Avg: 0.4, Max: 0.5, Diff: 0.2, Sum: 1.7]
      [Object Copy (ms): Min: 39.3, Avg: 39.4, Max: 39.4, Diff: 0.1, Sum: 157.4]
      [Termination (ms): Min: 0.0, Avg: 0.0, Max: 0.0, Diff: 0.0, Sum: 0.0]
      [GC Worker Other (ms): Min: 0.0, Avg: 0.0, Max: 0.0, Diff: 0.0, Sum: 0.1]
      [GC Worker Total (ms): Min: 60.2, Avg: 60.3, Max: 60.3, Diff: 0.0, Sum: 241.0]
      [GC Worker End (ms): Min: 124373.9, Avg: 124373.9, Max: 124373.9, Diff: 0.0]
   [Code Root Fixup: 0.0 ms]
   [Clear CT: 0.2 ms]
   [Other: 2.0 ms]
      [Choose CSet: 0.0 ms]
      [Ref Proc: 1.0 ms]
      [Ref Enq: 0.0 ms]
      [Free CSet: 0.4 ms]
   [Eden: 364.0M(364.0M)->0.0B(517.0M) Survivors: 25.0M->23.0M Heap: 1491.5M(2048.0M)->1150.5M(2048.0M)]
 [Times: user=0.25 sys=0.00, real=0.06 secs] 
124.531: [GC concurrent-mark-end, 0.5306893 secs]
124.531: [GC remark 124.533: [GC ref-proc, 0.0012582 secs], 0.0044346 secs]
 [Times: user=0.00 sys=0.00, real=0.01 secs] 
124.536: [GC cleanup 1328M->677M(2048M), 0.0017219 secs]
 [Times: user=0.00 sys=0.00, real=0.00 secs] 
124.538: [GC concurrent-cleanup-start]
124.539: [GC concurrent-cleanup-end, 0.0010350 secs]
124.865: [GC pause (young), 0.2592014 secs]
   [Parallel Time: 257.2 ms, GC Workers: 4]
      [GC Worker Start (ms): Min: 124864.9, Avg: 124864.9, Max: 124864.9, Diff: 0.0]
      [Ext Root Scanning (ms): Min: 0.8, Avg: 0.9, Max: 0.9, Diff: 0.0, Sum: 3.5]
      [Update RS (ms): Min: 15.4, Avg: 15.5, Max: 15.6, Diff: 0.1, Sum: 61.9]
         [Processed Buffers: Min: 93, Avg: 133.8, Max: 179, Diff: 86, Sum: 535]
      [Scan RS (ms): Min: 0.0, Avg: 0.4, Max: 1.1, Diff: 1.0, Sum: 1.5]
      [Object Copy (ms): Min: 234.4, Avg: 235.8, Max: 239.8, Diff: 5.3, Sum: 943.1]
      [Termination (ms): Min: 0.0, Avg: 4.7, Max: 6.2, Diff: 6.2, Sum: 18.7]
      [GC Worker Other (ms): Min: 0.0, Avg: 0.0, Max: 0.0, Diff: 0.0, Sum: 0.1]
      [GC Worker Total (ms): Min: 257.2, Avg: 257.2, Max: 257.2, Diff: 0.0, Sum: 1028.7]
      [GC Worker End (ms): Min: 125122.1, Avg: 125122.1, Max: 125122.1, Diff: 0.0]
   [Code Root Fixup: 0.0 ms]
   [Clear CT: 0.2 ms]
   [Other: 1.8 ms]
      [Choose CSet: 0.0 ms]
      [Ref Proc: 0.0 ms]
      [Ref Enq: 0.0 ms]
      [Free CSet: 0.3 ms]
   [Eden: 517.0M(517.0M)->0.0B(34.0M) Survivors: 23.0M->68.0M Heap: 1016.5M(2048.0M)->758.0M(2048.0M)]
 [Times: user=0.94 sys=0.00, real=0.26 secs] 
125.156: [GC pause (mixed), 0.1557245 secs]
   [Parallel Time: 151.7 ms, GC Workers: 4]
      [GC Worker Start (ms): Min: 125159.4, Avg: 125159.4, Max: 125159.4, Diff: 0.0]
      [Ext Root Scanning (ms): Min: 2.0, Avg: 2.1, Max: 2.2, Diff: 0.1, Sum: 8.5]
      [Update RS (ms): Min: 72.3, Avg: 72.3, Max: 72.4, Diff: 0.1, Sum: 289.3]
         [Processed Buffers: Min: 341, Avg: 363.0, Max: 376, Diff: 35, Sum: 1452]
      [Scan RS (ms): Min: 1.6, Avg: 1.6, Max: 1.7, Diff: 0.1, Sum: 6.6]
      [Object Copy (ms): Min: 72.4, Avg: 72.5, Max: 72.5, Diff: 0.1, Sum: 289.9]
      [Termination (ms): Min: 0.0, Avg: 0.0, Max: 0.0, Diff: 0.0, Sum: 0.0]
      [GC Worker Other (ms): Min: 0.0, Avg: 0.0, Max: 0.0, Diff: 0.0, Sum: 0.1]
      [GC Worker Total (ms): Min: 148.6, Avg: 148.6, Max: 148.6, Diff: 0.0, Sum: 594.5]
      [GC Worker End (ms): Min: 125308.0, Avg: 125308.0, Max: 125308.0, Diff: 0.0]
   [Code Root Fixup: 0.0 ms]
   [Clear CT: 1.7 ms]
   [Other: 2.3 ms]
      [Choose CSet: 0.0 ms]
      [Ref Proc: 0.3 ms]
      [Ref Enq: 0.0 ms]
      [Free CSet: 0.4 ms]
   [Eden: 34.0M(34.0M)->0.0B(323.0M) Survivors: 68.0M->2048.0K Heap: 792.0M(2048.0M)->695.0M(2048.0M)]
 [Times: user=0.53 sys=0.00, real=0.16 secs] 
125.639: [GC pause (young), 0.1521112 secs]
   [Parallel Time: 150.4 ms, GC Workers: 4]
      [GC Worker Start (ms): Min: 125639.5, Avg: 125639.5, Max: 125639.5, Diff: 0.0]
      [Ext Root Scanning (ms): Min: 0.9, Avg: 0.9, Max: 0.9, Diff: 0.0, Sum: 3.6]
      [Update RS (ms): Min: 20.7, Avg: 23.5, Max: 32.1, Diff: 11.5, Sum: 94.1]
         [Processed Buffers: Min: 240, Avg: 299.8, Max: 354, Diff: 114, Sum: 1199]
      [Scan RS (ms): Min: 0.0, Avg: 0.1, Max: 0.1, Diff: 0.1, Sum: 0.3]
      [Object Copy (ms): Min: 117.3, Avg: 125.8, Max: 128.7, Diff: 11.4, Sum: 503.3]
      [Termination (ms): Min: 0.0, Avg: 0.0, Max: 0.0, Diff: 0.0, Sum: 0.0]
      [GC Worker Other (ms): Min: 0.0, Avg: 0.0, Max: 0.0, Diff: 0.0, Sum: 0.1]
      [GC Worker Total (ms): Min: 150.4, Avg: 150.4, Max: 150.4, Diff: 0.0, Sum: 601.4]
      [GC Worker End (ms): Min: 125789.8, Avg: 125789.8, Max: 125789.8, Diff: 0.0]
   [Code Root Fixup: 0.0 ms]
   [Clear CT: 0.2 ms]
   [Other: 1.6 ms]
      [Choose CSet: 0.0 ms]
      [Ref Proc: 0.0 ms]
      [Ref Enq: 0.0 ms]
      [Free CSet: 0.3 ms]
   [Eden: 323.0M(323.0M)->0.0B(191.0M) Survivors: 2048.0K->41.0M Heap: 1018.0M(2048.0M)->837.5M(2048.0M)]
 [Times: user=0.53 sys=0.00, real=0.15 secs] 
125.960: [GC pause (young), 0.1577995 secs]
   [Parallel Time: 154.5 ms, GC Workers: 4]
      [GC Worker Start (ms): Min: 125960.2, Avg: 125960.2, Max: 125960.2, Diff: 0.0]
      [Ext Root Scanning (ms): Min: 0.9, Avg: 0.9, Max: 0.9, Diff: 0.0, Sum: 3.6]
      [Update RS (ms): Min: 21.0, Avg: 21.0, Max: 21.1, Diff: 0.1, Sum: 84.2]
         [Processed Buffers: Min: 152, Avg: 163.3, Max: 170, Diff: 18, Sum: 653]
      [Scan RS (ms): Min: 0.1, Avg: 0.2, Max: 0.2, Diff: 0.1, Sum: 0.8]
      [Object Copy (ms): Min: 132.3, Avg: 132.3, Max: 132.3, Diff: 0.0, Sum: 529.3]
      [Termination (ms): Min: 0.0, Avg: 0.0, Max: 0.0, Diff: 0.0, Sum: 0.0]
      [GC Worker Other (ms): Min: 0.0, Avg: 0.0, Max: 0.0, Diff: 0.0, Sum: 0.1]
      [GC Worker Total (ms): Min: 154.5, Avg: 154.5, Max: 154.5, Diff: 0.0, Sum: 617.9]
      [GC Worker End (ms): Min: 126114.6, Avg: 126114.6, Max: 126114.6, Diff: 0.0]
   [Code Root Fixup: 0.0 ms]
   [Clear CT: 1.6 ms]
   [Other: 1.7 ms]
      [Choose CSet: 0.0 ms]
      [Ref Proc: 0.0 ms]
      [Ref Enq: 0.0 ms]
      [Free CSet: 0.2 ms]
   [Eden: 191.0M(191.0M)->0.0B(225.0M) Survivors: 41.0M->29.0M Heap: 1028.5M(2048.0M)->947.0M(2048.0M)]
 [Times: user=0.53 sys=0.00, real=0.16 secs] 
126.287: [GC pause (young), 0.0652514 secs]
   [Parallel Time: 64.1 ms, GC Workers: 4]
      [GC Worker Start (ms): Min: 126287.4, Avg: 126287.4, Max: 126287.4, Diff: 0.0]
      [Ext Root Scanning (ms): Min: 0.9, Avg: 1.0, Max: 1.0, Diff: 0.1, Sum: 3.9]
      [Update RS (ms): Min: 20.3, Avg: 20.4, Max: 20.9, Diff: 0.7, Sum: 81.8]
         [Processed Buffers: Min: 160, Avg: 170.8, Max: 181, Diff: 21, Sum: 683]
      [Scan RS (ms): Min: 0.0, Avg: 0.3, Max: 0.3, Diff: 0.3, Sum: 1.0]
      [Object Copy (ms): Min: 42.2, Avg: 42.4, Max: 42.5, Diff: 0.3, Sum: 169.5]
      [Termination (ms): Min: 0.0, Avg: 0.0, Max: 0.0, Diff: 0.0, Sum: 0.0]
      [GC Worker Other (ms): Min: 0.0, Avg: 0.0, Max: 0.0, Diff: 0.0, Sum: 0.0]
      [GC Worker Total (ms): Min: 64.0, Avg: 64.1, Max: 64.1, Diff: 0.0, Sum: 256.3]
      [GC Worker End (ms): Min: 126351.4, Avg: 126351.4, Max: 126351.4, Diff: 0.0]
   [Code Root Fixup: 0.0 ms]
   [Clear CT: 0.1 ms]
   [Other: 1.1 ms]
      [Choose CSet: 0.0 ms]
      [Ref Proc: 0.0 ms]
      [Ref Enq: 0.0 ms]
      [Free CSet: 0.2 ms]
   [Eden: 225.0M(225.0M)->0.0B(336.0M) Survivors: 29.0M->24.0M Heap: 1172.0M(2048.0M)->971.5M(2048.0M)]
 [Times: user=0.28 sys=0.00, real=0.06 secs] 
126.677: [GC pause (young) (initial-mark), 0.2661200 secs]
   [Parallel Time: 263.5 ms, GC Workers: 4]
      [GC Worker Start (ms): Min: 126677.3, Avg: 126677.3, Max: 126677.3, Diff: 0.0]
      [Ext Root Scanning (ms): Min: 1.1, Avg: 1.8, Max: 3.8, Diff: 2.7, Sum: 7.2]
      [Update RS (ms): Min: 13.6, Avg: 15.4, Max: 16.1, Diff: 2.4, Sum: 61.8]
         [Processed Buffers: Min: 101, Avg: 128.3, Max: 166, Diff: 65, Sum: 513]
      [Scan RS (ms): Min: 0.1, Avg: 0.1, Max: 0.1, Diff: 0.0, Sum: 0.5]
      [Object Copy (ms): Min: 242.0, Avg: 243.1, Max: 246.0, Diff: 4.0, Sum: 972.4]
      [Termination (ms): Min: 0.0, Avg: 2.9, Max: 4.0, Diff: 4.0, Sum: 11.7]
      [GC Worker Other (ms): Min: 0.0, Avg: 0.0, Max: 0.0, Diff: 0.0, Sum: 0.1]
      [GC Worker Total (ms): Min: 263.4, Avg: 263.4, Max: 263.5, Diff: 0.1, Sum: 1053.6]
      [GC Worker End (ms): Min: 126940.7, Avg: 126940.7, Max: 126940.8, Diff: 0.1]
   [Code Root Fixup: 0.0 ms]
   [Clear CT: 0.1 ms]
   [Other: 2.5 ms]
      [Choose CSet: 0.0 ms]
      [Ref Proc: 0.5 ms]
      [Ref Enq: 0.0 ms]
      [Free CSet: 0.3 ms]
   [Eden: 336.0M(336.0M)->0.0B(225.0M) Survivors: 24.0M->45.0M Heap: 1307.5M(2048.0M)->1212.0M(2048.0M)]
 [Times: user=0.94 sys=0.00, real=0.27 secs] 
126.943: [GC concurrent-root-region-scan-start]
127.043: [GC concurrent-root-region-scan-end, 0.0993477 secs]
127.043: [GC concurrent-mark-start]
127.247: [GC pause (young), 0.1100854 secs]
   [Parallel Time: 108.3 ms, GC Workers: 4]
      [GC Worker Start (ms): Min: 127247.8, Avg: 127247.8, Max: 127247.8, Diff: 0.0]
      [Ext Root Scanning (ms): Min: 0.9, Avg: 0.9, Max: 0.9, Diff: 0.0, Sum: 3.6]
      [SATB Filtering (ms): Min: 0.0, Avg: 0.4, Max: 1.5, Diff: 1.5, Sum: 1.5]
      [Update RS (ms): Min: 17.9, Avg: 19.0, Max: 19.4, Diff: 1.5, Sum: 75.9]
         [Processed Buffers: Min: 190, Avg: 241.0, Max: 259, Diff: 69, Sum: 964]
      [Scan RS (ms): Min: 18.7, Avg: 18.7, Max: 18.8, Diff: 0.1, Sum: 74.9]
      [Object Copy (ms): Min: 68.8, Avg: 68.9, Max: 69.3, Diff: 0.5, Sum: 275.8]
      [Termination (ms): Min: 0.0, Avg: 0.3, Max: 0.5, Diff: 0.5, Sum: 1.3]
      [GC Worker Other (ms): Min: 0.0, Avg: 0.0, Max: 0.0, Diff: 0.0, Sum: 0.0]
      [GC Worker Total (ms): Min: 108.2, Avg: 108.2, Max: 108.3, Diff: 0.1, Sum: 433.0]
      [GC Worker End (ms): Min: 127356.0, Avg: 127356.0, Max: 127356.1, Diff: 0.1]
   [Code Root Fixup: 0.0 ms]
   [Clear CT: 0.1 ms]
   [Other: 1.7 ms]
      [Choose CSet: 0.0 ms]
      [Ref Proc: 0.0 ms]
      [Ref Enq: 0.0 ms]
      [Free CSet: 0.2 ms]
   [Eden: 200.0M(57.0M)->0.0B(235.0M) Survivors: 45.0M->13.0M Heap: 1412.0M(2048.0M)->1244.5M(2048.0M)]
 [Times: user=0.36 sys=0.00, real=0.11 secs] 
127.623: [GC concurrent-mark-end, 0.5802736 secs]
127.623: [GC remark 127.624: [GC ref-proc, 0.0012296 secs], 0.0033063 secs]
 [Times: user=0.00 sys=0.00, real=0.00 secs] 
127.627: [GC cleanup 1478M->697M(2048M), 0.0012646 secs]
 [Times: user=0.00 sys=0.00, real=0.00 secs] 
127.628: [GC concurrent-cleanup-start]
127.629: [GC concurrent-cleanup-end, 0.0008852 secs]
127.630: [GC pause (young), 0.1244963 secs]
   [Parallel Time: 123.3 ms, GC Workers: 4]
      [GC Worker Start (ms): Min: 127630.4, Avg: 127630.4, Max: 127630.4, Diff: 0.0]
      [Ext Root Scanning (ms): Min: 0.9, Avg: 0.9, Max: 0.9, Diff: 0.0, Sum: 3.6]
      [Update RS (ms): Min: 19.4, Avg: 19.5, Max: 19.7, Diff: 0.4, Sum: 78.0]
         [Processed Buffers: Min: 145, Avg: 152.3, Max: 160, Diff: 15, Sum: 609]
      [Scan RS (ms): Min: 0.0, Avg: 0.2, Max: 0.4, Diff: 0.3, Sum: 1.0]
      [Object Copy (ms): Min: 102.1, Avg: 102.2, Max: 102.6, Diff: 0.5, Sum: 408.9]
      [Termination (ms): Min: 0.0, Avg: 0.3, Max: 0.4, Diff: 0.4, Sum: 1.2]
      [GC Worker Other (ms): Min: 0.0, Avg: 0.0, Max: 0.0, Diff: 0.0, Sum: 0.0]
      [GC Worker Total (ms): Min: 123.1, Avg: 123.2, Max: 123.2, Diff: 0.1, Sum: 492.7]
      [GC Worker End (ms): Min: 127753.6, Avg: 127753.6, Max: 127753.7, Diff: 0.1]
   [Code Root Fixup: 0.0 ms]
   [Clear CT: 0.1 ms]
   [Other: 1.1 ms]
      [Choose CSet: 0.0 ms]
      [Ref Proc: 0.0 ms]
      [Ref Enq: 0.0 ms]
      [Free CSet: 0.2 ms]
   [Eden: 235.0M(235.0M)->0.0B(235.0M) Survivors: 13.0M->31.0M Heap: 698.5M(2048.0M)->564.5M(2048.0M)]
 [Times: user=0.37 sys=0.00, real=0.13 secs] 
127.963: [GC pause (young), 0.1150248 secs]
   [Parallel Time: 113.2 ms, GC Workers: 4]
      [GC Worker Start (ms): Min: 127963.4, Avg: 127963.4, Max: 127963.4, Diff: 0.0]
      [Ext Root Scanning (ms): Min: 0.9, Avg: 1.0, Max: 1.1, Diff: 0.2, Sum: 3.9]
      [Update RS (ms): Min: 22.4, Avg: 22.6, Max: 22.7, Diff: 0.3, Sum: 90.3]
         [Processed Buffers: Min: 156, Avg: 170.3, Max: 196, Diff: 40, Sum: 681]
      [Scan RS (ms): Min: 0.1, Avg: 0.1, Max: 0.2, Diff: 0.1, Sum: 0.5]
      [Object Copy (ms): Min: 89.5, Avg: 89.5, Max: 89.5, Diff: 0.0, Sum: 358.0]
      [Termination (ms): Min: 0.0, Avg: 0.0, Max: 0.0, Diff: 0.0, Sum: 0.0]
      [GC Worker Other (ms): Min: 0.0, Avg: 0.0, Max: 0.0, Diff: 0.0, Sum: 0.1]
      [GC Worker Total (ms): Min: 113.2, Avg: 113.2, Max: 113.2, Diff: 0.0, Sum: 452.8]
      [GC Worker End (ms): Min: 128076.6, Avg: 128076.6, Max: 128076.6, Diff: 0.0]
   [Code Root Fixup: 0.0 ms]
   [Clear CT: 0.3 ms]
   [Other: 1.5 ms]
      [Choose CSet: 0.0 ms]
      [Ref Proc: 0.0 ms]
      [Ref Enq: 0.0 ms]
      [Free CSet: 0.3 ms]
   [Eden: 235.0M(235.0M)->0.0B(268.0M) Survivors: 31.0M->34.0M Heap: 799.5M(2048.0M)->643.0M(2048.0M)]
 [Times: user=0.40 sys=0.00, real=0.12 secs] 
128.327: [GC pause (young), 0.1740366 secs]
   [Parallel Time: 172.4 ms, GC Workers: 4]
      [GC Worker Start (ms): Min: 128327.7, Avg: 128327.9, Max: 128328.3, Diff: 0.6]
      [Ext Root Scanning (ms): Min: 0.6, Avg: 1.0, Max: 1.2, Diff: 0.6, Sum: 3.8]
      [Update RS (ms): Min: 19.9, Avg: 19.9, Max: 19.9, Diff: 0.0, Sum: 79.6]
         [Processed Buffers: Min: 116, Avg: 120.3, Max: 122, Diff: 6, Sum: 481]
      [Scan RS (ms): Min: 0.3, Avg: 0.3, Max: 0.3, Diff: 0.0, Sum: 1.1]
      [Object Copy (ms): Min: 149.0, Avg: 149.6, Max: 151.0, Diff: 2.0, Sum: 598.2]
      [Termination (ms): Min: 0.0, Avg: 1.5, Max: 1.9, Diff: 1.9, Sum: 5.8]
      [GC Worker Other (ms): Min: 0.0, Avg: 0.0, Max: 0.0, Diff: 0.0, Sum: 0.0]
      [GC Worker Total (ms): Min: 171.7, Avg: 172.2, Max: 172.4, Diff: 0.6, Sum: 688.6]
      [GC Worker End (ms): Min: 128500.0, Avg: 128500.0, Max: 128500.0, Diff: 0.0]
   [Code Root Fixup: 0.0 ms]
   [Clear CT: 0.1 ms]
   [Other: 1.5 ms]
      [Choose CSet: 0.0 ms]
      [Ref Proc: 0.0 ms]
      [Ref Enq: 0.0 ms]
      [Free CSet: 0.2 ms]
   [Eden: 268.0M(268.0M)->0.0B(245.0M) Survivors: 34.0M->38.0M Heap: 911.0M(2048.0M)->802.0M(2048.0M)]
 [Times: user=0.69 sys=0.00, real=0.17 secs] 
128.748: [GC pause (young), 0.1471186 secs]
   [Parallel Time: 145.4 ms, GC Workers: 4]
      [GC Worker Start (ms): Min: 128748.3, Avg: 128748.3, Max: 128748.3, Diff: 0.0]
      [Ext Root Scanning (ms): Min: 0.9, Avg: 0.9, Max: 0.9, Diff: 0.0, Sum: 3.6]
      [Update RS (ms): Min: 21.9, Avg: 21.9, Max: 22.1, Diff: 0.2, Sum: 87.7]
         [Processed Buffers: Min: 171, Avg: 195.8, Max: 221, Diff: 50, Sum: 783]
      [Scan RS (ms): Min: 0.0, Avg: 0.2, Max: 0.2, Diff: 0.2, Sum: 0.8]
      [Object Copy (ms): Min: 122.3, Avg: 122.3, Max: 122.3, Diff: 0.0, Sum: 489.3]
      [Termination (ms): Min: 0.0, Avg: 0.0, Max: 0.0, Diff: 0.0, Sum: 0.0]
      [GC Worker Other (ms): Min: 0.0, Avg: 0.0, Max: 0.0, Diff: 0.0, Sum: 0.1]
      [GC Worker Total (ms): Min: 145.4, Avg: 145.4, Max: 145.4, Diff: 0.0, Sum: 581.5]
      [GC Worker End (ms): Min: 128893.6, Avg: 128893.6, Max: 128893.6, Diff: 0.0]
   [Code Root Fixup: 0.0 ms]
   [Clear CT: 0.1 ms]
   [Other: 1.6 ms]
      [Choose CSet: 0.0 ms]
      [Ref Proc: 0.0 ms]
      [Ref Enq: 0.0 ms]
      [Free CSet: 0.2 ms]
   [Eden: 245.0M(245.0M)->0.0B(272.0M) Survivors: 38.0M->36.0M Heap: 1047.0M(2048.0M)->907.5M(2048.0M)]
 [Times: user=0.59 sys=0.00, real=0.15 secs] 
129.181: [GC pause (young), 0.1623021 secs]
   [Parallel Time: 159.6 ms, GC Workers: 4]
      [GC Worker Start (ms): Min: 129181.7, Avg: 129182.6, Max: 129183.4, Diff: 1.7]
      [Ext Root Scanning (ms): Min: 0.1, Avg: 0.9, Max: 1.6, Diff: 1.5, Sum: 3.4]
      [Update RS (ms): Min: 20.4, Avg: 20.4, Max: 20.5, Diff: 0.1, Sum: 81.7]
         [Processed Buffers: Min: 145, Avg: 182.8, Max: 201, Diff: 56, Sum: 731]
      [Scan RS (ms): Min: 0.3, Avg: 0.4, Max: 0.4, Diff: 0.1, Sum: 1.4]
      [Object Copy (ms): Min: 137.0, Avg: 137.1, Max: 137.2, Diff: 0.2, Sum: 548.4]
      [Termination (ms): Min: 0.0, Avg: 0.0, Max: 0.0, Diff: 0.0, Sum: 0.0]
      [GC Worker Other (ms): Min: 0.0, Avg: 0.0, Max: 0.0, Diff: 0.0, Sum: 0.1]
      [GC Worker Total (ms): Min: 157.9, Avg: 158.8, Max: 159.6, Diff: 1.7, Sum: 635.1]
      [GC Worker End (ms): Min: 129341.3, Avg: 129341.3, Max: 129341.3, Diff: 0.0]
   [Code Root Fixup: 0.0 ms]
   [Clear CT: 0.4 ms]
   [Other: 2.2 ms]
      [Choose CSet: 0.0 ms]
      [Ref Proc: 0.2 ms]
      [Ref Enq: 0.0 ms]
      [Free CSet: 0.3 ms]
   [Eden: 272.0M(272.0M)->0.0B(273.0M) Survivors: 36.0M->39.0M Heap: 1179.5M(2048.0M)->1041.5M(2048.0M)]
 [Times: user=0.59 sys=0.00, real=0.16 secs] 
129.665: [GC pause (young) (initial-mark), 0.2159566 secs]
   [Parallel Time: 213.0 ms, GC Workers: 4]
      [GC Worker Start (ms): Min: 129665.6, Avg: 129666.5, Max: 129669.2, Diff: 3.6]
      [Ext Root Scanning (ms): Min: 0.1, Avg: 0.9, Max: 1.2, Diff: 1.1, Sum: 3.6]
      [Update RS (ms): Min: 16.3, Avg: 18.0, Max: 18.7, Diff: 2.4, Sum: 72.2]
         [Processed Buffers: Min: 153, Avg: 174.0, Max: 198, Diff: 45, Sum: 696]
      [Scan RS (ms): Min: 0.5, Avg: 0.6, Max: 0.6, Diff: 0.2, Sum: 2.3]
      [Object Copy (ms): Min: 192.4, Avg: 192.5, Max: 192.6, Diff: 0.2, Sum: 770.0]
      [Termination (ms): Min: 0.0, Avg: 0.0, Max: 0.0, Diff: 0.0, Sum: 0.0]
      [GC Worker Other (ms): Min: 0.0, Avg: 0.0, Max: 0.0, Diff: 0.0, Sum: 0.1]
      [GC Worker Total (ms): Min: 209.3, Avg: 212.0, Max: 212.9, Diff: 3.6, Sum: 848.1]
      [GC Worker End (ms): Min: 129878.6, Avg: 129878.6, Max: 129878.6, Diff: 0.0]
   [Code Root Fixup: 0.0 ms]
   [Clear CT: 0.1 ms]
   [Other: 2.9 ms]
      [Choose CSet: 0.0 ms]
      [Ref Proc: 0.1 ms]
      [Ref Enq: 0.0 ms]
      [Free CSet: 0.3 ms]
   [Eden: 273.0M(273.0M)->0.0B(221.0M) Survivors: 39.0M->39.0M Heap: 1314.5M(2048.0M)->1237.5M(2048.0M)]
 [Times: user=0.78 sys=0.00, real=0.22 secs] 
129.881: [GC concurrent-root-region-scan-start]
129.961: [GC concurrent-root-region-scan-end, 0.0792213 secs]
129.961: [GC concurrent-mark-start]
130.179: [GC pause (young), 0.1002518 secs]
   [Parallel Time: 98.7 ms, GC Workers: 4]
      [GC Worker Start (ms): Min: 130179.4, Avg: 130179.4, Max: 130179.4, Diff: 0.0]
      [Ext Root Scanning (ms): Min: 0.9, Avg: 0.9, Max: 0.9, Diff: 0.0, Sum: 3.5]
      [SATB Filtering (ms): Min: 0.0, Avg: 0.5, Max: 1.8, Diff: 1.8, Sum: 1.8]
      [Update RS (ms): Min: 18.2, Avg: 19.6, Max: 20.0, Diff: 1.8, Sum: 78.3]
         [Processed Buffers: Min: 156, Avg: 220.8, Max: 260, Diff: 104, Sum: 883]
      [Scan RS (ms): Min: 3.5, Avg: 3.6, Max: 3.6, Diff: 0.1, Sum: 14.2]
      [Object Copy (ms): Min: 74.2, Avg: 74.2, Max: 74.2, Diff: 0.0, Sum: 296.7]
      [Termination (ms): Min: 0.0, Avg: 0.0, Max: 0.0, Diff: 0.0, Sum: 0.0]
      [GC Worker Other (ms): Min: 0.0, Avg: 0.0, Max: 0.0, Diff: 0.0, Sum: 0.1]
      [GC Worker Total (ms): Min: 98.7, Avg: 98.7, Max: 98.7, Diff: 0.0, Sum: 394.6]
      [GC Worker End (ms): Min: 130278.1, Avg: 130278.1, Max: 130278.1, Diff: 0.0]
   [Code Root Fixup: 0.0 ms]
   [Clear CT: 0.1 ms]
   [Other: 1.5 ms]
      [Choose CSet: 0.0 ms]
      [Ref Proc: 0.0 ms]
      [Ref Enq: 0.0 ms]
      [Free CSet: 0.2 ms]
   [Eden: 221.0M(221.0M)->0.0B(279.0M) Survivors: 39.0M->33.0M Heap: 1458.5M(2048.0M)->1279.5M(2048.0M)]
 [Times: user=0.33 sys=0.00, real=0.10 secs] 
130.552: [GC pause (young), 0.1420628 secs]
   [Parallel Time: 140.5 ms, GC Workers: 4]
      [GC Worker Start (ms): Min: 130552.1, Avg: 130552.1, Max: 130552.1, Diff: 0.0]
      [Ext Root Scanning (ms): Min: 0.9, Avg: 0.9, Max: 0.9, Diff: 0.0, Sum: 3.5]
      [SATB Filtering (ms): Min: 0.0, Avg: 0.7, Max: 2.8, Diff: 2.8, Sum: 2.8]
      [Update RS (ms): Min: 16.0, Avg: 18.1, Max: 18.9, Diff: 2.9, Sum: 72.4]
         [Processed Buffers: Min: 123, Avg: 134.0, Max: 142, Diff: 19, Sum: 536]
      [Scan RS (ms): Min: 0.1, Avg: 0.2, Max: 0.3, Diff: 0.2, Sum: 0.9]
      [Object Copy (ms): Min: 119.9, Avg: 120.1, Max: 120.4, Diff: 0.6, Sum: 480.2]
      [Termination (ms): Min: 0.0, Avg: 0.4, Max: 0.5, Diff: 0.5, Sum: 1.6]
      [GC Worker Other (ms): Min: 0.0, Avg: 0.0, Max: 0.0, Diff: 0.0, Sum: 0.0]
      [GC Worker Total (ms): Min: 140.3, Avg: 140.4, Max: 140.4, Diff: 0.1, Sum: 561.4]
      [GC Worker End (ms): Min: 130692.4, Avg: 130692.4, Max: 130692.5, Diff: 0.1]
   [Code Root Fixup: 0.0 ms]
   [Clear CT: 0.1 ms]
   [Other: 1.5 ms]
      [Choose CSet: 0.0 ms]
      [Ref Proc: 0.0 ms]
      [Ref Enq: 0.0 ms]
      [Free CSet: 0.3 ms]
   [Eden: 279.0M(279.0M)->0.0B(282.0M) Survivors: 33.0M->39.0M Heap: 1558.5M(2048.0M)->1392.5M(2048.0M)]
 [Times: user=0.53 sys=0.00, real=0.14 secs] 
130.827: [GC concurrent-mark-end, 0.8663924 secs]
130.832: [GC remark 130.832: [GC ref-proc, 0.0012280 secs], 0.0028599 secs]
 [Times: user=0.00 sys=0.00, real=0.00 secs] 
130.836: [GC cleanup 1561M->885M(2048M), 0.0016735 secs]
 [Times: user=0.00 sys=0.00, real=0.00 secs] 
130.838: [GC concurrent-cleanup-start]
130.839: [GC concurrent-cleanup-end, 0.0007726 secs]
130.936: [GC pause (young), 0.1247160 secs]
   [Parallel Time: 121.9 ms, GC Workers: 4]
      [GC Worker Start (ms): Min: 130936.7, Avg: 130936.7, Max: 130936.7, Diff: 0.0]
      [Ext Root Scanning (ms): Min: 1.1, Avg: 3.1, Max: 8.8, Diff: 7.6, Sum: 12.2]
      [Update RS (ms): Min: 20.5, Avg: 27.8, Max: 30.7, Diff: 10.2, Sum: 111.1]
         [Processed Buffers: Min: 168, Avg: 189.3, Max: 203, Diff: 35, Sum: 757]
      [Scan RS (ms): Min: 0.0, Avg: 0.2, Max: 0.8, Diff: 0.8, Sum: 0.8]
      [Object Copy (ms): Min: 89.9, Avg: 90.8, Max: 91.8, Diff: 1.8, Sum: 363.1]
      [Termination (ms): Min: 0.0, Avg: 0.0, Max: 0.0, Diff: 0.0, Sum: 0.0]
      [GC Worker Other (ms): Min: 0.0, Avg: 0.0, Max: 0.0, Diff: 0.0, Sum: 0.1]
      [GC Worker Total (ms): Min: 121.8, Avg: 121.8, Max: 121.8, Diff: 0.0, Sum: 487.3]
      [GC Worker End (ms): Min: 131058.5, Avg: 131058.5, Max: 131058.5, Diff: 0.0]
   [Code Root Fixup: 0.0 ms]
   [Clear CT: 0.3 ms]
   [Other: 2.6 ms]
      [Choose CSet: 0.0 ms]
      [Ref Proc: 1.3 ms]
      [Ref Enq: 0.0 ms]
      [Free CSet: 0.2 ms]
   [Eden: 282.0M(282.0M)->0.0B(61.0M) Survivors: 39.0M->41.0M Heap: 998.5M(2048.0M)->785.0M(2048.0M)]
 [Times: user=0.40 sys=0.00, real=0.13 secs] 
131.109: [GC pause (mixed), 0.1056418 secs]
   [Parallel Time: 104.2 ms, GC Workers: 4]
      [GC Worker Start (ms): Min: 131109.3, Avg: 131109.3, Max: 131109.3, Diff: 0.0]
      [Ext Root Scanning (ms): Min: 0.8, Avg: 0.9, Max: 0.9, Diff: 0.0, Sum: 3.5]
      [Update RS (ms): Min: 30.3, Avg: 30.3, Max: 30.3, Diff: 0.0, Sum: 121.2]
         [Processed Buffers: Min: 165, Avg: 174.5, Max: 185, Diff: 20, Sum: 698]
      [Scan RS (ms): Min: 1.6, Avg: 2.6, Max: 5.2, Diff: 3.6, Sum: 10.3]
      [Object Copy (ms): Min: 67.9, Avg: 69.0, Max: 69.5, Diff: 1.6, Sum: 275.9]
      [Termination (ms): Min: 0.0, Avg: 1.5, Max: 2.0, Diff: 2.0, Sum: 5.9]
      [GC Worker Other (ms): Min: 0.0, Avg: 0.0, Max: 0.0, Diff: 0.0, Sum: 0.0]
      [GC Worker Total (ms): Min: 104.2, Avg: 104.2, Max: 104.2, Diff: 0.0, Sum: 416.7]
      [GC Worker End (ms): Min: 131213.5, Avg: 131213.5, Max: 131213.5, Diff: 0.0]
   [Code Root Fixup: 0.0 ms]
   [Clear CT: 0.1 ms]
   [Other: 1.3 ms]
      [Choose CSet: 0.0 ms]
      [Ref Proc: 0.0 ms]
      [Ref Enq: 0.0 ms]
      [Free CSet: 0.4 ms]
   [Eden: 61.0M(61.0M)->0.0B(402.0M) Survivors: 41.0M->13.0M Heap: 846.0M(2048.0M)->758.0M(2048.0M)]
 [Times: user=0.38 sys=0.00, real=0.11 secs] 
131.596: [GC pause (young), 0.2566322 secs]
   [Parallel Time: 254.3 ms, GC Workers: 4]
      [GC Worker Start (ms): Min: 131596.7, Avg: 131596.7, Max: 131596.7, Diff: 0.0]
      [Ext Root Scanning (ms): Min: 0.9, Avg: 1.1, Max: 1.6, Diff: 0.7, Sum: 4.5]
      [Update RS (ms): Min: 19.6, Avg: 20.1, Max: 20.3, Diff: 0.7, Sum: 80.3]
         [Processed Buffers: Min: 124, Avg: 133.0, Max: 143, Diff: 19, Sum: 532]
      [Scan RS (ms): Min: 0.2, Avg: 0.2, Max: 0.2, Diff: 0.0, Sum: 1.0]
      [Object Copy (ms): Min: 232.8, Avg: 232.9, Max: 232.9, Diff: 0.0, Sum: 931.4]
      [Termination (ms): Min: 0.0, Avg: 0.0, Max: 0.0, Diff: 0.0, Sum: 0.0]
      [GC Worker Other (ms): Min: 0.0, Avg: 0.0, Max: 0.0, Diff: 0.0, Sum: 0.1]
      [GC Worker Total (ms): Min: 254.3, Avg: 254.3, Max: 254.3, Diff: 0.0, Sum: 1017.2]
      [GC Worker End (ms): Min: 131851.0, Avg: 131851.0, Max: 131851.0, Diff: 0.0]
   [Code Root Fixup: 0.0 ms]
   [Clear CT: 0.3 ms]
   [Other: 2.0 ms]
      [Choose CSet: 0.0 ms]
      [Ref Proc: 0.1 ms]
      [Ref Enq: 0.0 ms]
      [Free CSet: 0.3 ms]
   [Eden: 402.0M(402.0M)->0.0B(192.0M) Survivors: 13.0M->52.0M Heap: 1160.0M(2048.0M)->1021.0M(2048.0M)]
 [Times: user=0.95 sys=0.00, real=0.26 secs] 
132.141: [GC pause (young) (initial-mark), 0.1548220 secs]
   [Parallel Time: 152.4 ms, GC Workers: 4]
      [GC Worker Start (ms): Min: 132141.2, Avg: 132141.2, Max: 132141.2, Diff: 0.0]
      [Ext Root Scanning (ms): Min: 0.9, Avg: 0.9, Max: 0.9, Diff: 0.0, Sum: 3.5]
      [Update RS (ms): Min: 17.8, Avg: 19.4, Max: 24.1, Diff: 6.3, Sum: 77.6]
         [Processed Buffers: Min: 183, Avg: 246.8, Max: 334, Diff: 151, Sum: 987]
      [Scan RS (ms): Min: 15.1, Avg: 19.8, Max: 21.5, Diff: 6.4, Sum: 79.3]
      [Object Copy (ms): Min: 112.3, Avg: 112.3, Max: 112.3, Diff: 0.1, Sum: 449.2]
      [Termination (ms): Min: 0.0, Avg: 0.0, Max: 0.0, Diff: 0.0, Sum: 0.0]
      [GC Worker Other (ms): Min: 0.0, Avg: 0.0, Max: 0.0, Diff: 0.0, Sum: 0.1]
      [GC Worker Total (ms): Min: 152.4, Avg: 152.4, Max: 152.4, Diff: 0.0, Sum: 609.6]
      [GC Worker End (ms): Min: 132293.6, Avg: 132293.6, Max: 132293.6, Diff: 0.0]
   [Code Root Fixup: 0.0 ms]
   [Clear CT: 0.2 ms]
   [Other: 2.2 ms]
      [Choose CSet: 0.0 ms]
      [Ref Proc: 0.0 ms]
      [Ref Enq: 0.0 ms]
      [Free CSet: 0.2 ms]
   [Eden: 192.0M(192.0M)->0.0B(151.0M) Survivors: 52.0M->31.0M Heap: 1213.0M(2048.0M)->1097.5M(2048.0M)]
 [Times: user=0.56 sys=0.00, real=0.15 secs] 
132.296: [GC concurrent-root-region-scan-start]
132.342: [GC concurrent-root-region-scan-end, 0.0466509 secs]
132.342: [GC concurrent-mark-start]
132.497: [GC pause (young), 0.0525214 secs]
   [Parallel Time: 50.4 ms, GC Workers: 4]
      [GC Worker Start (ms): Min: 132496.9, Avg: 132496.9, Max: 132497.0, Diff: 0.0]
      [Ext Root Scanning (ms): Min: 0.9, Avg: 0.9, Max: 0.9, Diff: 0.0, Sum: 3.7]
      [SATB Filtering (ms): Min: 0.0, Avg: 0.0, Max: 0.1, Diff: 0.1, Sum: 0.1]
      [Update RS (ms): Min: 17.3, Avg: 17.3, Max: 17.4, Diff: 0.1, Sum: 69.3]
         [Processed Buffers: Min: 99, Avg: 104.5, Max: 109, Diff: 10, Sum: 418]
      [Scan RS (ms): Min: 0.9, Avg: 1.0, Max: 1.0, Diff: 0.1, Sum: 3.9]
      [Object Copy (ms): Min: 29.9, Avg: 30.0, Max: 30.4, Diff: 0.5, Sum: 120.1]
      [Termination (ms): Min: 0.0, Avg: 0.4, Max: 0.8, Diff: 0.8, Sum: 1.8]
      [GC Worker Other (ms): Min: 0.0, Avg: 0.0, Max: 0.0, Diff: 0.0, Sum: 0.1]
      [GC Worker Total (ms): Min: 49.7, Avg: 49.7, Max: 50.0, Diff: 0.3, Sum: 199.0]
      [GC Worker End (ms): Min: 132546.6, Avg: 132546.7, Max: 132546.9, Diff: 0.3]
   [Code Root Fixup: 0.0 ms]
   [Clear CT: 0.3 ms]
   [Other: 1.7 ms]
      [Choose CSet: 0.0 ms]
      [Ref Proc: 1.0 ms]
      [Ref Enq: 0.0 ms]
      [Free CSet: 0.2 ms]
   [Eden: 151.0M(151.0M)->0.0B(367.0M) Survivors: 31.0M->9216.0K Heap: 1248.5M(2048.0M)->1107.0M(2048.0M)]
 [Times: user=0.19 sys=0.00, real=0.05 secs] 
132.864: [GC concurrent-mark-end, 0.5214622 secs]
132.864: [GC remark 132.866: [GC ref-proc, 0.0012790 secs], 0.0038111 secs]
 [Times: user=0.00 sys=0.00, real=0.00 secs] 
132.870: [GC cleanup 1468M->791M(2048M), 0.0017624 secs]
 [Times: user=0.05 sys=0.00, real=0.00 secs] 
132.872: [GC concurrent-cleanup-start]
132.873: [GC concurrent-cleanup-end, 0.0008021 secs]
132.877: [GC pause (young), 0.1760716 secs]
   [Parallel Time: 171.5 ms, GC Workers: 4]
      [GC Worker Start (ms): Min: 132877.6, Avg: 132877.6, Max: 132877.6, Diff: 0.0]
      [Ext Root Scanning (ms): Min: 1.2, Avg: 6.5, Max: 22.4, Diff: 21.3, Sum: 26.0]
      [Update RS (ms): Min: 1.0, Avg: 17.5, Max: 25.6, Diff: 24.6, Sum: 69.9]
         [Processed Buffers: Min: 81, Avg: 192.8, Max: 302, Diff: 221, Sum: 771]
      [Scan RS (ms): Min: 0.0, Avg: 0.1, Max: 0.3, Diff: 0.3, Sum: 0.3]
      [Object Copy (ms): Min: 144.7, Avg: 147.5, Max: 148.7, Diff: 4.0, Sum: 589.8]
      [Termination (ms): Min: 0.0, Avg: 0.0, Max: 0.0, Diff: 0.0, Sum: 0.0]
      [GC Worker Other (ms): Min: 0.0, Avg: 0.0, Max: 0.0, Diff: 0.0, Sum: 0.1]
      [GC Worker Total (ms): Min: 171.5, Avg: 171.5, Max: 171.5, Diff: 0.0, Sum: 686.1]
      [GC Worker End (ms): Min: 133049.1, Avg: 133049.1, Max: 133049.1, Diff: 0.0]
   [Code Root Fixup: 0.0 ms]
   [Clear CT: 1.3 ms]
   [Other: 3.2 ms]
      [Choose CSet: 0.0 ms]
      [Ref Proc: 1.6 ms]
      [Ref Enq: 0.0 ms]
      [Free CSet: 0.3 ms]
   [Eden: 367.0M(367.0M)->0.0B(55.0M) Survivors: 9216.0K->47.0M Heap: 797.0M(2048.0M)->593.5M(2048.0M)]
 [Times: user=0.62 sys=0.00, real=0.18 secs] 
133.098: [GC pause (mixed), 0.0895555 secs]
   [Parallel Time: 88.4 ms, GC Workers: 4]
      [GC Worker Start (ms): Min: 133098.7, Avg: 133098.8, Max: 133099.0, Diff: 0.3]
      [Ext Root Scanning (ms): Min: 0.7, Avg: 0.9, Max: 1.0, Diff: 0.3, Sum: 3.6]
      [Update RS (ms): Min: 38.5, Avg: 38.6, Max: 38.6, Diff: 0.1, Sum: 154.3]
         [Processed Buffers: Min: 177, Avg: 192.5, Max: 205, Diff: 28, Sum: 770]
      [Scan RS (ms): Min: 2.2, Avg: 2.3, Max: 2.4, Diff: 0.1, Sum: 9.4]
      [Object Copy (ms): Min: 46.4, Avg: 46.5, Max: 46.5, Diff: 0.1, Sum: 185.9]
      [Termination (ms): Min: 0.0, Avg: 0.0, Max: 0.0, Diff: 0.0, Sum: 0.0]
      [GC Worker Other (ms): Min: 0.0, Avg: 0.0, Max: 0.0, Diff: 0.0, Sum: 0.1]
      [GC Worker Total (ms): Min: 88.1, Avg: 88.3, Max: 88.4, Diff: 0.3, Sum: 353.2]
      [GC Worker End (ms): Min: 133187.1, Avg: 133187.1, Max: 133187.1, Diff: 0.0]
   [Code Root Fixup: 0.0 ms]
   [Clear CT: 0.1 ms]
   [Other: 1.0 ms]
      [Choose CSet: 0.0 ms]
      [Ref Proc: 0.0 ms]
      [Ref Enq: 0.0 ms]
      [Free CSet: 0.1 ms]
   [Eden: 55.0M(55.0M)->0.0B(329.0M) Survivors: 47.0M->4096.0K Heap: 648.5M(2048.0M)->593.5M(2048.0M)]
 [Times: user=0.33 sys=0.00, real=0.09 secs] 
133.495: [GC pause (young), 0.2018491 secs]
   [Parallel Time: 198.6 ms, GC Workers: 4]
      [GC Worker Start (ms): Min: 133495.5, Avg: 133495.5, Max: 133495.6, Diff: 0.0]
      [Ext Root Scanning (ms): Min: 1.0, Avg: 1.1, Max: 1.2, Diff: 0.2, Sum: 4.5]
      [Update RS (ms): Min: 20.5, Avg: 20.5, Max: 20.7, Diff: 0.2, Sum: 82.1]
         [Processed Buffers: Min: 162, Avg: 258.5, Max: 318, Diff: 156, Sum: 1034]
      [Scan RS (ms): Min: 0.0, Avg: 0.1, Max: 0.1, Diff: 0.1, Sum: 0.4]
      [Object Copy (ms): Min: 176.7, Avg: 176.8, Max: 176.9, Diff: 0.2, Sum: 707.3]
      [Termination (ms): Min: 0.0, Avg: 0.0, Max: 0.0, Diff: 0.0, Sum: 0.0]
      [GC Worker Other (ms): Min: 0.0, Avg: 0.0, Max: 0.0, Diff: 0.0, Sum: 0.1]
      [GC Worker Total (ms): Min: 198.6, Avg: 198.6, Max: 198.6, Diff: 0.0, Sum: 794.4]
      [GC Worker End (ms): Min: 133694.1, Avg: 133694.1, Max: 133694.1, Diff: 0.0]
   [Code Root Fixup: 0.0 ms]
   [Clear CT: 0.2 ms]
   [Other: 3.0 ms]
      [Choose CSet: 0.0 ms]
      [Ref Proc: 1.2 ms]
      [Ref Enq: 0.0 ms]
      [Free CSet: 0.3 ms]
   [Eden: 329.0M(329.0M)->0.0B(189.0M) Survivors: 4096.0K->42.0M Heap: 922.5M(2048.0M)->787.0M(2048.0M)]
 [Times: user=0.69 sys=0.00, real=0.20 secs] 
133.846: [GC pause (young), 0.0827723 secs]
   [Parallel Time: 81.3 ms, GC Workers: 4]
      [GC Worker Start (ms): Min: 133846.0, Avg: 133846.0, Max: 133846.0, Diff: 0.0]
      [Ext Root Scanning (ms): Min: 1.0, Avg: 1.0, Max: 1.0, Diff: 0.0, Sum: 3.9]
      [Update RS (ms): Min: 22.8, Avg: 24.3, Max: 28.2, Diff: 5.3, Sum: 97.1]
         [Processed Buffers: Min: 125, Avg: 142.0, Max: 152, Diff: 27, Sum: 568]
      [Scan RS (ms): Min: 0.0, Avg: 3.5, Max: 4.9, Diff: 4.8, Sum: 14.1]
      [Object Copy (ms): Min: 52.0, Avg: 52.4, Max: 52.6, Diff: 0.6, Sum: 209.8]
      [Termination (ms): Min: 0.0, Avg: 0.0, Max: 0.0, Diff: 0.0, Sum: 0.0]
      [GC Worker Other (ms): Min: 0.0, Avg: 0.0, Max: 0.0, Diff: 0.0, Sum: 0.1]
      [GC Worker Total (ms): Min: 81.2, Avg: 81.2, Max: 81.2, Diff: 0.0, Sum: 324.9]
      [GC Worker End (ms): Min: 133927.2, Avg: 133927.2, Max: 133927.2, Diff: 0.0]
   [Code Root Fixup: 0.0 ms]
   [Clear CT: 0.3 ms]
   [Other: 1.3 ms]
      [Choose CSet: 0.0 ms]
      [Ref Proc: 0.0 ms]
      [Ref Enq: 0.0 ms]
      [Free CSet: 0.2 ms]
   [Eden: 189.0M(189.0M)->0.0B(305.0M) Survivors: 42.0M->13.0M Heap: 976.0M(2048.0M)->801.5M(2048.0M)]
 [Times: user=0.28 sys=0.00, real=0.08 secs] 
134.202: [GC pause (young), 0.1632014 secs]
   [Parallel Time: 161.3 ms, GC Workers: 4]
      [GC Worker Start (ms): Min: 134202.8, Avg: 134202.8, Max: 134202.9, Diff: 0.0]
      [Ext Root Scanning (ms): Min: 0.9, Avg: 0.9, Max: 0.9, Diff: 0.0, Sum: 3.6]
      [Update RS (ms): Min: 15.4, Avg: 15.6, Max: 15.9, Diff: 0.4, Sum: 62.6]
         [Processed Buffers: Min: 157, Avg: 229.3, Max: 342, Diff: 185, Sum: 917]
      [Scan RS (ms): Min: 0.0, Avg: 0.1, Max: 0.3, Diff: 0.3, Sum: 0.5]
      [Object Copy (ms): Min: 144.5, Avg: 144.6, Max: 144.6, Diff: 0.2, Sum: 578.3]
      [Termination (ms): Min: 0.0, Avg: 0.0, Max: 0.0, Diff: 0.0, Sum: 0.0]
      [GC Worker Other (ms): Min: 0.0, Avg: 0.0, Max: 0.0, Diff: 0.0, Sum: 0.1]
      [GC Worker Total (ms): Min: 161.3, Avg: 161.3, Max: 161.3, Diff: 0.0, Sum: 645.1]
      [GC Worker End (ms): Min: 134364.1, Avg: 134364.1, Max: 134364.1, Diff: 0.0]
   [Code Root Fixup: 0.0 ms]
   [Clear CT: 0.3 ms]
   [Other: 1.6 ms]
      [Choose CSet: 0.0 ms]
      [Ref Proc: 0.0 ms]
      [Ref Enq: 0.0 ms]
      [Free CSet: 0.2 ms]
   [Eden: 305.0M(305.0M)->0.0B(216.0M) Survivors: 13.0M->40.0M Heap: 1106.5M(2048.0M)->971.5M(2048.0M)]
 [Times: user=0.59 sys=0.00, real=0.16 secs] 
134.579: [GC pause (young) (initial-mark), 0.1225816 secs]
   [Parallel Time: 120.6 ms, GC Workers: 4]
      [GC Worker Start (ms): Min: 134579.4, Avg: 134579.4, Max: 134579.4, Diff: 0.0]
      [Ext Root Scanning (ms): Min: 0.9, Avg: 0.9, Max: 0.9, Diff: 0.0, Sum: 3.7]
      [Update RS (ms): Min: 18.3, Avg: 18.5, Max: 18.8, Diff: 0.4, Sum: 74.0]
         [Processed Buffers: Min: 163, Avg: 198.0, Max: 236, Diff: 73, Sum: 792]
      [Scan RS (ms): Min: 4.8, Avg: 5.0, Max: 5.1, Diff: 0.4, Sum: 19.9]
      [Object Copy (ms): Min: 96.1, Avg: 96.2, Max: 96.2, Diff: 0.1, Sum: 384.7]
      [Termination (ms): Min: 0.0, Avg: 0.0, Max: 0.0, Diff: 0.0, Sum: 0.0]
      [GC Worker Other (ms): Min: 0.0, Avg: 0.0, Max: 0.0, Diff: 0.0, Sum: 0.1]
      [GC Worker Total (ms): Min: 120.6, Avg: 120.6, Max: 120.6, Diff: 0.0, Sum: 482.4]
      [GC Worker End (ms): Min: 134700.0, Avg: 134700.0, Max: 134700.0, Diff: 0.0]
   [Code Root Fixup: 0.0 ms]
   [Clear CT: 0.1 ms]
   [Other: 1.8 ms]
      [Choose CSet: 0.0 ms]
      [Ref Proc: 0.0 ms]
      [Ref Enq: 0.0 ms]
      [Free CSet: 0.2 ms]
   [Eden: 216.0M(216.0M)->0.0B(254.0M) Survivors: 40.0M->32.0M Heap: 1187.5M(2048.0M)->1048.5M(2048.0M)]
 [Times: user=0.48 sys=0.00, real=0.12 secs] 
134.702: [GC concurrent-root-region-scan-start]
134.735: [GC concurrent-root-region-scan-end, 0.0332708 secs]
134.735: [GC concurrent-mark-start]
134.992: [GC pause (young), 0.1481016 secs]
   [Parallel Time: 145.7 ms, GC Workers: 4]
      [GC Worker Start (ms): Min: 134992.5, Avg: 134992.5, Max: 134992.5, Diff: 0.0]
      [Ext Root Scanning (ms): Min: 0.9, Avg: 0.9, Max: 0.9, Diff: 0.0, Sum: 3.6]
      [SATB Filtering (ms): Min: 0.0, Avg: 0.7, Max: 2.7, Diff: 2.7, Sum: 2.7]
      [Update RS (ms): Min: 17.3, Avg: 20.2, Max: 23.1, Diff: 5.8, Sum: 80.8]
         [Processed Buffers: Min: 145, Avg: 165.5, Max: 186, Diff: 41, Sum: 662]
      [Scan RS (ms): Min: 0.0, Avg: 0.3, Max: 0.6, Diff: 0.6, Sum: 1.3]
      [Object Copy (ms): Min: 121.7, Avg: 123.6, Max: 124.2, Diff: 2.5, Sum: 494.4]
      [Termination (ms): Min: 0.0, Avg: 0.0, Max: 0.0, Diff: 0.0, Sum: 0.0]
      [GC Worker Other (ms): Min: 0.0, Avg: 0.0, Max: 0.0, Diff: 0.0, Sum: 0.1]
      [GC Worker Total (ms): Min: 145.7, Avg: 145.7, Max: 145.7, Diff: 0.0, Sum: 582.9]
      [GC Worker End (ms): Min: 135138.2, Avg: 135138.2, Max: 135138.2, Diff: 0.0]
   [Code Root Fixup: 0.0 ms]
   [Clear CT: 0.1 ms]
   [Other: 2.2 ms]
      [Choose CSet: 0.0 ms]
      [Ref Proc: 0.8 ms]
      [Ref Enq: 0.0 ms]
      [Free CSet: 0.3 ms]
   [Eden: 254.0M(254.0M)->0.0B(255.0M) Survivors: 32.0M->36.0M Heap: 1302.5M(2048.0M)->1154.5M(2048.0M)]
 [Times: user=0.50 sys=0.00, real=0.15 secs] 
135.344: [GC pause (young), 0.0889843 secs]
   [Parallel Time: 87.6 ms, GC Workers: 4]
      [GC Worker Start (ms): Min: 135344.2, Avg: 135344.2, Max: 135344.3, Diff: 0.1]
      [Ext Root Scanning (ms): Min: 0.9, Avg: 0.9, Max: 1.0, Diff: 0.1, Sum: 3.7]
      [SATB Filtering (ms): Min: 0.0, Avg: 0.5, Max: 2.0, Diff: 2.0, Sum: 2.0]
      [Update RS (ms): Min: 16.4, Avg: 18.0, Max: 18.5, Diff: 2.0, Sum: 71.8]
         [Processed Buffers: Min: 156, Avg: 181.0, Max: 203, Diff: 47, Sum: 724]
      [Scan RS (ms): Min: 2.0, Avg: 2.0, Max: 2.0, Diff: 0.1, Sum: 7.9]
      [Object Copy (ms): Min: 64.2, Avg: 64.3, Max: 64.3, Diff: 0.1, Sum: 257.1]
      [Termination (ms): Min: 0.0, Avg: 0.0, Max: 0.0, Diff: 0.0, Sum: 0.0]
      [GC Worker Other (ms): Min: 0.0, Avg: 0.0, Max: 0.0, Diff: 0.0, Sum: 0.1]
      [GC Worker Total (ms): Min: 85.6, Avg: 85.7, Max: 85.7, Diff: 0.1, Sum: 342.6]
      [GC Worker End (ms): Min: 135429.9, Avg: 135429.9, Max: 135429.9, Diff: 0.0]
   [Code Root Fixup: 0.0 ms]
   [Clear CT: 0.2 ms]
   [Other: 1.2 ms]
      [Choose CSet: 0.0 ms]
      [Ref Proc: 0.1 ms]
      [Ref Enq: 0.0 ms]
      [Free CSet: 0.2 ms]
   [Eden: 255.0M(255.0M)->0.0B(345.0M) Survivors: 36.0M->37.0M Heap: 1409.5M(2048.0M)->1197.0M(2048.0M)]
 [Times: user=0.34 sys=0.00, real=0.09 secs] 
135.495: [GC concurrent-mark-end, 0.7603009 secs]
135.496: [GC remark 135.496: [GC ref-proc, 0.0012460 secs], 0.0027341 secs]
 [Times: user=0.00 sys=0.00, real=0.00 secs] 
135.499: [GC cleanup 1273M->647M(2048M), 0.0017210 secs]
 [Times: user=0.00 sys=0.00, real=0.00 secs] 
135.501: [GC concurrent-cleanup-start]
135.502: [GC concurrent-cleanup-end, 0.0007085 secs]
135.744: [GC pause (young), 0.1943263 secs]
   [Parallel Time: 192.5 ms, GC Workers: 4]
      [GC Worker Start (ms): Min: 135744.6, Avg: 135744.6, Max: 135744.6, Diff: 0.0]
      [Ext Root Scanning (ms): Min: 0.9, Avg: 0.9, Max: 0.9, Diff: 0.0, Sum: 3.5]
      [Update RS (ms): Min: 18.8, Avg: 18.8, Max: 18.9, Diff: 0.1, Sum: 75.3]
         [Processed Buffers: Min: 104, Avg: 113.0, Max: 123, Diff: 19, Sum: 452]
      [Scan RS (ms): Min: 0.1, Avg: 0.1, Max: 0.2, Diff: 0.1, Sum: 0.5]
      [Object Copy (ms): Min: 172.6, Avg: 172.6, Max: 172.6, Diff: 0.0, Sum: 690.5]
      [Termination (ms): Min: 0.0, Avg: 0.0, Max: 0.0, Diff: 0.0, Sum: 0.0]
      [GC Worker Other (ms): Min: 0.0, Avg: 0.0, Max: 0.0, Diff: 0.0, Sum: 0.1]
      [GC Worker Total (ms): Min: 192.5, Avg: 192.5, Max: 192.5, Diff: 0.0, Sum: 769.9]
      [GC Worker End (ms): Min: 135937.1, Avg: 135937.1, Max: 135937.1, Diff: 0.0]
   [Code Root Fixup: 0.0 ms]
   [Clear CT: 0.2 ms]
   [Other: 1.6 ms]
      [Choose CSet: 0.0 ms]
      [Ref Proc: 0.0 ms]
      [Ref Enq: 0.0 ms]
      [Free CSet: 0.3 ms]
   [Eden: 345.0M(345.0M)->0.0B(242.0M) Survivors: 37.0M->48.0M Heap: 916.0M(2048.0M)->740.0M(2048.0M)]
 [Times: user=0.73 sys=0.00, real=0.19 secs] 
136.209: [GC pause (young), 0.1935216 secs]
   [Parallel Time: 189.4 ms, GC Workers: 4]
      [GC Worker Start (ms): Min: 136209.7, Avg: 136209.7, Max: 136209.7, Diff: 0.0]
      [Ext Root Scanning (ms): Min: 0.9, Avg: 0.9, Max: 0.9, Diff: 0.0, Sum: 3.5]
      [Update RS (ms): Min: 22.0, Avg: 22.0, Max: 22.1, Diff: 0.1, Sum: 88.1]
         [Processed Buffers: Min: 169, Avg: 179.8, Max: 192, Diff: 23, Sum: 719]
      [Scan RS (ms): Min: 3.4, Avg: 3.5, Max: 3.6, Diff: 0.2, Sum: 14.0]
      [Object Copy (ms): Min: 162.9, Avg: 163.0, Max: 163.0, Diff: 0.1, Sum: 651.9]
      [Termination (ms): Min: 0.0, Avg: 0.0, Max: 0.0, Diff: 0.0, Sum: 0.0]
      [GC Worker Other (ms): Min: 0.0, Avg: 0.0, Max: 0.0, Diff: 0.0, Sum: 0.1]
      [GC Worker Total (ms): Min: 189.4, Avg: 189.4, Max: 189.4, Diff: 0.0, Sum: 757.6]
      [GC Worker End (ms): Min: 136399.1, Avg: 136399.1, Max: 136399.1, Diff: 0.0]
   [Code Root Fixup: 0.0 ms]
   [Clear CT: 1.9 ms]
   [Other: 2.2 ms]
      [Choose CSet: 0.0 ms]
      [Ref Proc: 0.1 ms]
      [Ref Enq: 0.0 ms]
      [Free CSet: 0.2 ms]
   [Eden: 242.0M(242.0M)->0.0B(230.0M) Survivors: 48.0M->37.0M Heap: 982.0M(2048.0M)->883.0M(2048.0M)]
 [Times: user=0.73 sys=0.00, real=0.19 secs] 
136.715: [GC pause (young), 0.1869549 secs]
   [Parallel Time: 184.8 ms, GC Workers: 4]
      [GC Worker Start (ms): Min: 136715.3, Avg: 136715.3, Max: 136715.3, Diff: 0.0]
      [Ext Root Scanning (ms): Min: 1.1, Avg: 1.2, Max: 1.4, Diff: 0.2, Sum: 4.8]
      [Update RS (ms): Min: 19.0, Avg: 19.2, Max: 19.4, Diff: 0.4, Sum: 76.7]
         [Processed Buffers: Min: 168, Avg: 188.8, Max: 208, Diff: 40, Sum: 755]
      [Scan RS (ms): Min: 0.0, Avg: 0.2, Max: 0.3, Diff: 0.3, Sum: 0.8]
      [Object Copy (ms): Min: 164.1, Avg: 164.2, Max: 164.3, Diff: 0.1, Sum: 656.8]
      [Termination (ms): Min: 0.0, Avg: 0.0, Max: 0.0, Diff: 0.0, Sum: 0.1]
      [GC Worker Other (ms): Min: 0.0, Avg: 0.0, Max: 0.0, Diff: 0.0, Sum: 0.0]
      [GC Worker Total (ms): Min: 184.8, Avg: 184.8, Max: 184.8, Diff: 0.0, Sum: 739.1]
      [GC Worker End (ms): Min: 136900.1, Avg: 136900.1, Max: 136900.1, Diff: 0.0]
   [Code Root Fixup: 0.0 ms]
   [Clear CT: 0.1 ms]
   [Other: 2.0 ms]
      [Choose CSet: 0.0 ms]
      [Ref Proc: 0.0 ms]
      [Ref Enq: 0.0 ms]
      [Free CSet: 0.3 ms]
   [Eden: 230.0M(230.0M)->0.0B(224.0M) Survivors: 37.0M->34.0M Heap: 1113.0M(2048.0M)->1038.0M(2048.0M)]
 [Times: user=0.69 sys=0.00, real=0.19 secs] 
137.154: [GC pause (young) (initial-mark), 0.1184886 secs]
   [Parallel Time: 116.3 ms, GC Workers: 4]
      [GC Worker Start (ms): Min: 137154.7, Avg: 137154.7, Max: 137154.7, Diff: 0.0]
      [Ext Root Scanning (ms): Min: 1.1, Avg: 1.9, Max: 4.4, Diff: 3.2, Sum: 7.8]
      [Update RS (ms): Min: 19.9, Avg: 22.0, Max: 22.7, Diff: 2.8, Sum: 87.8]
         [Processed Buffers: Min: 166, Avg: 214.5, Max: 264, Diff: 98, Sum: 858]
      [Scan RS (ms): Min: 0.5, Avg: 0.7, Max: 0.8, Diff: 0.3, Sum: 2.6]
      [Object Copy (ms): Min: 91.6, Avg: 91.7, Max: 91.8, Diff: 0.2, Sum: 366.7]
      [Termination (ms): Min: 0.0, Avg: 0.0, Max: 0.0, Diff: 0.0, Sum: 0.0]
      [GC Worker Other (ms): Min: 0.0, Avg: 0.0, Max: 0.0, Diff: 0.0, Sum: 0.1]
      [GC Worker Total (ms): Min: 116.2, Avg: 116.3, Max: 116.3, Diff: 0.0, Sum: 465.1]
      [GC Worker End (ms): Min: 137270.9, Avg: 137270.9, Max: 137270.9, Diff: 0.0]
   [Code Root Fixup: 0.0 ms]
   [Clear CT: 0.4 ms]
   [Other: 1.8 ms]
      [Choose CSet: 0.0 ms]
      [Ref Proc: 0.0 ms]
      [Ref Enq: 0.0 ms]
      [Free CSet: 0.3 ms]
   [Eden: 224.0M(224.0M)->0.0B(283.0M) Survivors: 34.0M->33.0M Heap: 1262.0M(2048.0M)->1113.0M(2048.0M)]
 [Times: user=0.41 sys=0.00, real=0.12 secs] 
137.273: [GC concurrent-root-region-scan-start]
137.312: [GC concurrent-root-region-scan-end, 0.0388250 secs]
137.312: [GC concurrent-mark-start]
137.508: [GC pause (young), 0.1013323 secs]
   [Parallel Time: 98.3 ms, GC Workers: 4]
      [GC Worker Start (ms): Min: 137508.9, Avg: 137508.9, Max: 137508.9, Diff: 0.0]
      [Ext Root Scanning (ms): Min: 1.2, Avg: 1.5, Max: 2.6, Diff: 1.4, Sum: 6.2]
      [SATB Filtering (ms): Min: 0.0, Avg: 0.6, Max: 2.5, Diff: 2.5, Sum: 2.5]
      [Update RS (ms): Min: 17.3, Avg: 18.8, Max: 19.7, Diff: 2.5, Sum: 75.1]
         [Processed Buffers: Min: 139, Avg: 157.8, Max: 179, Diff: 40, Sum: 631]
      [Scan RS (ms): Min: 0.4, Avg: 0.4, Max: 0.4, Diff: 0.0, Sum: 1.5]
      [Object Copy (ms): Min: 76.9, Avg: 76.9, Max: 77.0, Diff: 0.1, Sum: 307.7]
      [Termination (ms): Min: 0.0, Avg: 0.0, Max: 0.0, Diff: 0.0, Sum: 0.0]
      [GC Worker Other (ms): Min: 0.0, Avg: 0.0, Max: 0.0, Diff: 0.0, Sum: 0.1]
      [GC Worker Total (ms): Min: 98.3, Avg: 98.3, Max: 98.3, Diff: 0.0, Sum: 393.1]
      [GC Worker End (ms): Min: 137607.2, Avg: 137607.2, Max: 137607.2, Diff: 0.0]
   [Code Root Fixup: 0.0 ms]
   [Clear CT: 1.5 ms]
   [Other: 1.6 ms]
      [Choose CSet: 0.0 ms]
      [Ref Proc: 0.3 ms]
      [Ref Enq: 0.0 ms]
      [Free CSet: 0.3 ms]
   [Eden: 283.0M(283.0M)->0.0B(346.0M) Survivors: 33.0M->40.0M Heap: 1396.0M(2048.0M)->1172.0M(2048.0M)]
 [Times: user=0.36 sys=0.00, real=0.10 secs] 
137.881: [GC concurrent-mark-end, 0.5695012 secs]
137.881: [GC remark 137.883: [GC ref-proc, 0.0012027 secs], 0.0033345 secs]
 [Times: user=0.00 sys=0.00, real=0.00 secs] 
137.885: [GC cleanup 1479M->825M(2048M), 0.0012123 secs]
 [Times: user=0.00 sys=0.00, real=0.00 secs] 
137.887: [GC concurrent-cleanup-start]
137.887: [GC concurrent-cleanup-end, 0.0008082 secs]
137.925: [GC pause (young), 0.1969866 secs]
   [Parallel Time: 195.1 ms, GC Workers: 4]
      [GC Worker Start (ms): Min: 137925.7, Avg: 137925.8, Max: 137925.8, Diff: 0.0]
      [Ext Root Scanning (ms): Min: 0.9, Avg: 0.9, Max: 0.9, Diff: 0.0, Sum: 3.7]
      [Update RS (ms): Min: 21.0, Avg: 21.0, Max: 21.0, Diff: 0.0, Sum: 84.0]
         [Processed Buffers: Min: 117, Avg: 122.5, Max: 129, Diff: 12, Sum: 490]
      [Scan RS (ms): Min: 0.1, Avg: 0.1, Max: 0.2, Diff: 0.0, Sum: 0.6]
      [Object Copy (ms): Min: 173.0, Avg: 173.0, Max: 173.0, Diff: 0.0, Sum: 691.9]
      [Termination (ms): Min: 0.0, Avg: 0.0, Max: 0.0, Diff: 0.0, Sum: 0.0]
      [GC Worker Other (ms): Min: 0.0, Avg: 0.0, Max: 0.0, Diff: 0.0, Sum: 0.1]
      [GC Worker Total (ms): Min: 195.1, Avg: 195.1, Max: 195.1, Diff: 0.0, Sum: 780.2]
      [GC Worker End (ms): Min: 138120.8, Avg: 138120.8, Max: 138120.8, Diff: 0.0]
   [Code Root Fixup: 0.0 ms]
   [Clear CT: 0.1 ms]
   [Other: 1.8 ms]
      [Choose CSet: 0.0 ms]
      [Ref Proc: 0.0 ms]
      [Ref Enq: 0.0 ms]
      [Free CSet: 0.3 ms]
   [Eden: 346.0M(346.0M)->0.0B(53.0M) Survivors: 40.0M->49.0M Heap: 864.0M(2048.0M)->702.5M(2048.0M)]
 [Times: user=0.75 sys=0.00, real=0.20 secs] 
138.255: [GC pause (mixed), 0.0953910 secs]
   [Parallel Time: 92.3 ms, GC Workers: 4]
      [GC Worker Start (ms): Min: 138255.5, Avg: 138255.5, Max: 138255.5, Diff: 0.0]
      [Ext Root Scanning (ms): Min: 1.0, Avg: 1.0, Max: 1.0, Diff: 0.0, Sum: 3.9]
      [Update RS (ms): Min: 27.0, Avg: 27.0, Max: 27.0, Diff: 0.0, Sum: 107.9]
         [Processed Buffers: Min: 134, Avg: 140.8, Max: 148, Diff: 14, Sum: 563]
      [Scan RS (ms): Min: 0.4, Avg: 0.5, Max: 0.6, Diff: 0.2, Sum: 2.0]
      [Object Copy (ms): Min: 63.7, Avg: 63.8, Max: 63.8, Diff: 0.1, Sum: 255.1]
      [Termination (ms): Min: 0.0, Avg: 0.0, Max: 0.0, Diff: 0.0, Sum: 0.0]
      [GC Worker Other (ms): Min: 0.0, Avg: 0.0, Max: 0.0, Diff: 0.0, Sum: 0.0]
      [GC Worker Total (ms): Min: 92.2, Avg: 92.3, Max: 92.3, Diff: 0.0, Sum: 369.0]
      [GC Worker End (ms): Min: 138347.7, Avg: 138347.7, Max: 138347.7, Diff: 0.0]
   [Code Root Fixup: 0.0 ms]
   [Clear CT: 2.1 ms]
   [Other: 1.1 ms]
      [Choose CSet: 0.0 ms]
      [Ref Proc: 0.0 ms]
      [Ref Enq: 0.0 ms]
      [Free CSet: 0.2 ms]
   [Eden: 53.0M(53.0M)->0.0B(306.0M) Survivors: 49.0M->7168.0K Heap: 755.5M(2048.0M)->694.5M(2048.0M)]
 [Times: user=0.36 sys=0.00, real=0.10 secs] 
138.639: [GC pause (young), 0.1636722 secs]
   [Parallel Time: 162.1 ms, GC Workers: 4]
      [GC Worker Start (ms): Min: 138639.8, Avg: 138639.8, Max: 138639.8, Diff: 0.0]
      [Ext Root Scanning (ms): Min: 0.9, Avg: 0.9, Max: 0.9, Diff: 0.0, Sum: 3.5]
      [Update RS (ms): Min: 15.7, Avg: 15.8, Max: 15.8, Diff: 0.1, Sum: 63.1]
         [Processed Buffers: Min: 216, Avg: 258.3, Max: 290, Diff: 74, Sum: 1033]
      [Scan RS (ms): Min: 0.0, Avg: 0.1, Max: 0.1, Diff: 0.1, Sum: 0.3]
      [Object Copy (ms): Min: 145.3, Avg: 145.3, Max: 145.3, Diff: 0.0, Sum: 581.1]
      [Termination (ms): Min: 0.0, Avg: 0.0, Max: 0.0, Diff: 0.0, Sum: 0.0]
      [GC Worker Other (ms): Min: 0.0, Avg: 0.0, Max: 0.0, Diff: 0.0, Sum: 0.1]
      [GC Worker Total (ms): Min: 162.0, Avg: 162.0, Max: 162.0, Diff: 0.0, Sum: 648.1]
      [GC Worker End (ms): Min: 138801.8, Avg: 138801.8, Max: 138801.8, Diff: 0.0]
   [Code Root Fixup: 0.0 ms]
   [Clear CT: 0.1 ms]
   [Other: 1.5 ms]
      [Choose CSet: 0.0 ms]
      [Ref Proc: 0.0 ms]
      [Ref Enq: 0.0 ms]
      [Free CSet: 0.2 ms]
   [Eden: 306.0M(306.0M)->0.0B(205.0M) Survivors: 7168.0K->40.0M Heap: 1000.5M(2048.0M)->861.0M(2048.0M)]
 [Times: user=0.61 sys=0.00, real=0.16 secs] 
138.966: [GC pause (young), 0.1152580 secs]
   [Parallel Time: 113.6 ms, GC Workers: 4]
      [GC Worker Start (ms): Min: 138966.3, Avg: 138966.3, Max: 138966.4, Diff: 0.0]
      [Ext Root Scanning (ms): Min: 0.9, Avg: 0.9, Max: 0.9, Diff: 0.0, Sum: 3.5]
      [Update RS (ms): Min: 19.1, Avg: 19.1, Max: 19.2, Diff: 0.0, Sum: 76.5]
         [Processed Buffers: Min: 155, Avg: 173.3, Max: 202, Diff: 47, Sum: 693]
      [Scan RS (ms): Min: 1.3, Avg: 1.3, Max: 1.4, Diff: 0.1, Sum: 5.2]
      [Object Copy (ms): Min: 92.2, Avg: 92.3, Max: 92.3, Diff: 0.1, Sum: 369.1]
      [Termination (ms): Min: 0.0, Avg: 0.0, Max: 0.0, Diff: 0.0, Sum: 0.0]
      [GC Worker Other (ms): Min: 0.0, Avg: 0.0, Max: 0.0, Diff: 0.0, Sum: 0.1]
      [GC Worker Total (ms): Min: 113.6, Avg: 113.6, Max: 113.6, Diff: 0.0, Sum: 454.4]
      [GC Worker End (ms): Min: 139080.0, Avg: 139080.0, Max: 139080.0, Diff: 0.0]
   [Code Root Fixup: 0.0 ms]
   [Clear CT: 0.1 ms]
   [Other: 1.5 ms]
      [Choose CSet: 0.0 ms]
      [Ref Proc: 0.0 ms]
      [Ref Enq: 0.0 ms]
      [Free CSet: 0.2 ms]
   [Eden: 205.0M(205.0M)->0.0B(248.0M) Survivors: 40.0M->31.0M Heap: 1066.0M(2048.0M)->929.0M(2048.0M)]
 [Times: user=0.47 sys=0.00, real=0.12 secs] 
139.295: [GC pause (young), 0.1499390 secs]
   [Parallel Time: 148.3 ms, GC Workers: 4]
      [GC Worker Start (ms): Min: 139295.4, Avg: 139295.9, Max: 139297.1, Diff: 1.6]
      [Ext Root Scanning (ms): Min: 0.0, Avg: 0.9, Max: 1.1, Diff: 1.1, Sum: 3.4]
      [Update RS (ms): Min: 19.2, Avg: 20.1, Max: 22.0, Diff: 2.8, Sum: 80.6]
         [Processed Buffers: Min: 121, Avg: 131.0, Max: 139, Diff: 18, Sum: 524]
      [Scan RS (ms): Min: 0.0, Avg: 0.3, Max: 0.4, Diff: 0.4, Sum: 1.2]
      [Object Copy (ms): Min: 125.1, Avg: 126.5, Max: 127.1, Diff: 2.0, Sum: 506.2]
      [Termination (ms): Min: 0.0, Avg: 0.0, Max: 0.0, Diff: 0.0, Sum: 0.0]
      [GC Worker Other (ms): Min: 0.0, Avg: 0.0, Max: 0.0, Diff: 0.0, Sum: 0.1]
      [GC Worker Total (ms): Min: 146.6, Avg: 147.9, Max: 148.3, Diff: 1.7, Sum: 591.5]
      [GC Worker End (ms): Min: 139443.7, Avg: 139443.7, Max: 139443.7, Diff: 0.0]
   [Code Root Fixup: 0.0 ms]
   [Clear CT: 0.1 ms]
   [Other: 1.5 ms]
      [Choose CSet: 0.0 ms]
      [Ref Proc: 0.1 ms]
      [Ref Enq: 0.0 ms]
      [Free CSet: 0.3 ms]
   [Eden: 248.0M(248.0M)->0.0B(251.0M) Survivors: 31.0M->35.0M Heap: 1177.0M(2048.0M)->1046.5M(2048.0M)]
 [Times: user=0.50 sys=0.02, real=0.15 secs] 
139.658: [GC pause (young) (initial-mark), 0.1457010 secs]
   [Parallel Time: 144.0 ms, GC Workers: 4]
      [GC Worker Start (ms): Min: 139658.6, Avg: 139658.6, Max: 139658.6, Diff: 0.0]
      [Ext Root Scanning (ms): Min: 1.1, Avg: 1.2, Max: 1.3, Diff: 0.2, Sum: 4.8]
      [Update RS (ms): Min: 18.6, Avg: 19.5, Max: 20.4, Diff: 1.8, Sum: 77.8]
         [Processed Buffers: Min: 147, Avg: 173.8, Max: 244, Diff: 97, Sum: 695]
      [Scan RS (ms): Min: 1.3, Avg: 2.2, Max: 3.1, Diff: 1.8, Sum: 8.8]
      [Object Copy (ms): Min: 118.2, Avg: 119.0, Max: 121.1, Diff: 2.9, Sum: 476.0]
      [Termination (ms): Min: 0.0, Avg: 2.1, Max: 2.8, Diff: 2.8, Sum: 8.3]
      [GC Worker Other (ms): Min: 0.0, Avg: 0.0, Max: 0.0, Diff: 0.0, Sum: 0.0]
      [GC Worker Total (ms): Min: 143.9, Avg: 143.9, Max: 143.9, Diff: 0.0, Sum: 575.7]
      [GC Worker End (ms): Min: 139802.5, Avg: 139802.5, Max: 139802.5, Diff: 0.0]
   [Code Root Fixup: 0.0 ms]
   [Clear CT: 0.1 ms]
   [Other: 1.6 ms]
      [Choose CSet: 0.0 ms]
      [Ref Proc: 0.0 ms]
      [Ref Enq: 0.0 ms]
      [Free CSet: 0.2 ms]
   [Eden: 251.0M(251.0M)->0.0B(260.0M) Survivors: 35.0M->36.0M Heap: 1297.5M(2048.0M)->1153.0M(2048.0M)]
 [Times: user=0.51 sys=0.00, real=0.14 secs] 
139.804: [GC concurrent-root-region-scan-start]
139.843: [GC concurrent-root-region-scan-end, 0.0388209 secs]
139.843: [GC concurrent-mark-start]
140.067: [GC pause (young), 0.1310339 secs]
   [Parallel Time: 127.8 ms, GC Workers: 4]
      [GC Worker Start (ms): Min: 140067.8, Avg: 140067.8, Max: 140067.8, Diff: 0.0]
      [Ext Root Scanning (ms): Min: 0.9, Avg: 0.9, Max: 0.9, Diff: 0.0, Sum: 3.5]
      [SATB Filtering (ms): Min: 0.0, Avg: 0.7, Max: 2.7, Diff: 2.7, Sum: 2.7]
      [Update RS (ms): Min: 18.5, Avg: 21.1, Max: 23.5, Diff: 4.9, Sum: 84.4]
         [Processed Buffers: Min: 134, Avg: 173.3, Max: 218, Diff: 84, Sum: 693]
      [Scan RS (ms): Min: 0.0, Avg: 0.7, Max: 1.0, Diff: 0.9, Sum: 2.8]
      [Object Copy (ms): Min: 101.8, Avg: 102.8, Max: 103.2, Diff: 1.4, Sum: 411.3]
      [Termination (ms): Min: 0.0, Avg: 0.3, Max: 0.8, Diff: 0.8, Sum: 1.3]
      [GC Worker Other (ms): Min: 0.0, Avg: 0.0, Max: 0.0, Diff: 0.0, Sum: 0.0]
      [GC Worker Total (ms): Min: 126.2, Avg: 126.5, Max: 127.0, Diff: 0.8, Sum: 506.1]
      [GC Worker End (ms): Min: 140194.0, Avg: 140194.3, Max: 140194.8, Diff: 0.8]
   [Code Root Fixup: 0.0 ms]
   [Clear CT: 0.2 ms]
   [Other: 3.0 ms]
      [Choose CSet: 0.0 ms]
      [Ref Proc: 1.6 ms]
      [Ref Enq: 0.0 ms]
      [Free CSet: 0.2 ms]
   [Eden: 260.0M(260.0M)->0.0B(293.0M) Survivors: 36.0M->37.0M Heap: 1413.0M(2048.0M)->1236.5M(2048.0M)]
 [Times: user=0.44 sys=0.00, real=0.13 secs] 
140.447: [GC concurrent-mark-end, 0.6036553 secs]
140.447: [GC remark 140.448: [GC ref-proc, 0.0013050 secs], 0.0037733 secs]
 [Times: user=0.00 sys=0.00, real=0.00 secs] 
140.451: [GC cleanup 1527M->837M(2048M), 0.0016347 secs]
 [Times: user=0.05 sys=0.00, real=0.00 secs] 
140.453: [GC concurrent-cleanup-start]
140.454: [GC concurrent-cleanup-end, 0.0007919 secs]
140.455: [GC pause (young), 0.1343783 secs]
   [Parallel Time: 130.5 ms, GC Workers: 4]
      [GC Worker Start (ms): Min: 140455.1, Avg: 140455.1, Max: 140455.1, Diff: 0.0]
      [Ext Root Scanning (ms): Min: 0.9, Avg: 0.9, Max: 0.9, Diff: 0.0, Sum: 3.6]
      [Update RS (ms): Min: 18.1, Avg: 18.1, Max: 18.2, Diff: 0.1, Sum: 72.5]
         [Processed Buffers: Min: 120, Avg: 147.0, Max: 176, Diff: 56, Sum: 588]
      [Scan RS (ms): Min: 1.0, Avg: 1.0, Max: 1.0, Diff: 0.1, Sum: 3.9]
      [Object Copy (ms): Min: 110.4, Avg: 110.4, Max: 110.4, Diff: 0.0, Sum: 441.6]
      [Termination (ms): Min: 0.0, Avg: 0.0, Max: 0.0, Diff: 0.0, Sum: 0.0]
      [GC Worker Other (ms): Min: 0.0, Avg: 0.0, Max: 0.0, Diff: 0.0, Sum: 0.1]
      [GC Worker Total (ms): Min: 130.4, Avg: 130.4, Max: 130.4, Diff: 0.0, Sum: 521.8]
      [GC Worker End (ms): Min: 140585.5, Avg: 140585.5, Max: 140585.5, Diff: 0.0]
   [Code Root Fixup: 0.0 ms]
   [Clear CT: 2.0 ms]
   [Other: 1.9 ms]
      [Choose CSet: 0.0 ms]
      [Ref Proc: 0.5 ms]
      [Ref Enq: 0.0 ms]
      [Free CSet: 0.4 ms]
   [Eden: 293.0M(293.0M)->0.0B(60.0M) Survivors: 37.0M->42.0M Heap: 839.5M(2048.0M)->629.5M(2048.0M)]
 [Times: user=0.44 sys=0.00, real=0.13 secs] 
140.636: [GC pause (mixed), 0.1086835 secs]
   [Parallel Time: 107.6 ms, GC Workers: 4]
      [GC Worker Start (ms): Min: 140636.0, Avg: 140636.0, Max: 140636.1, Diff: 0.0]
      [Ext Root Scanning (ms): Min: 1.2, Avg: 6.9, Max: 24.0, Diff: 22.8, Sum: 27.6]
      [Update RS (ms): Min: 13.7, Avg: 30.7, Max: 36.4, Diff: 22.7, Sum: 123.0]
         [Processed Buffers: Min: 81, Avg: 167.5, Max: 203, Diff: 122, Sum: 670]
      [Scan RS (ms): Min: 0.5, Avg: 0.5, Max: 0.5, Diff: 0.1, Sum: 2.0]
      [Object Copy (ms): Min: 65.4, Avg: 66.5, Max: 69.4, Diff: 3.9, Sum: 265.9]
      [Termination (ms): Min: 0.0, Avg: 2.9, Max: 3.9, Diff: 3.9, Sum: 11.6]
      [GC Worker Other (ms): Min: 0.0, Avg: 0.0, Max: 0.0, Diff: 0.0, Sum: 0.0]
      [GC Worker Total (ms): Min: 107.5, Avg: 107.5, Max: 107.5, Diff: 0.0, Sum: 430.1]
      [GC Worker End (ms): Min: 140743.6, Avg: 140743.6, Max: 140743.6, Diff: 0.0]
   [Code Root Fixup: 0.0 ms]
   [Clear CT: 0.1 ms]
   [Other: 1.1 ms]
      [Choose CSet: 0.0 ms]
      [Ref Proc: 0.0 ms]
      [Ref Enq: 0.0 ms]
      [Free CSet: 0.2 ms]
   [Eden: 60.0M(60.0M)->0.0B(391.0M) Survivors: 42.0M->13.0M Heap: 689.5M(2048.0M)->652.0M(2048.0M)]
 [Times: user=0.39 sys=0.00, real=0.11 secs] 
141.125: [GC pause (young), 0.2889960 secs]
   [Parallel Time: 286.9 ms, GC Workers: 4]
      [GC Worker Start (ms): Min: 141125.7, Avg: 141126.3, Max: 141128.2, Diff: 2.5]
      [Ext Root Scanning (ms): Min: 0.1, Avg: 0.9, Max: 1.1, Diff: 1.1, Sum: 3.5]
      [Update RS (ms): Min: 18.7, Avg: 19.7, Max: 20.0, Diff: 1.4, Sum: 78.7]
         [Processed Buffers: Min: 107, Avg: 113.5, Max: 120, Diff: 13, Sum: 454]
      [Scan RS (ms): Min: 0.2, Avg: 0.2, Max: 0.2, Diff: 0.0, Sum: 0.9]
      [Object Copy (ms): Min: 251.8, Avg: 255.3, Max: 265.6, Diff: 13.8, Sum: 1021.2]
      [Termination (ms): Min: 0.0, Avg: 10.2, Max: 13.6, Diff: 13.6, Sum: 40.9]
      [GC Worker Other (ms): Min: 0.0, Avg: 0.0, Max: 0.0, Diff: 0.0, Sum: 0.0]
      [GC Worker Total (ms): Min: 284.4, Avg: 286.3, Max: 286.9, Diff: 2.5, Sum: 1145.1]
      [GC Worker End (ms): Min: 141412.6, Avg: 141412.6, Max: 141412.6, Diff: 0.0]
   [Code Root Fixup: 0.0 ms]
   [Clear CT: 0.1 ms]
   [Other: 2.0 ms]
      [Choose CSet: 0.0 ms]
      [Ref Proc: 0.0 ms]
      [Ref Enq: 0.0 ms]
      [Free CSet: 0.3 ms]
   [Eden: 391.0M(391.0M)->0.0B(189.0M) Survivors: 13.0M->51.0M Heap: 1043.0M(2048.0M)->929.0M(2048.0M)]
 [Times: user=0.97 sys=0.00, real=0.29 secs] 
141.700: [GC pause (young), 0.1597559 secs]
   [Parallel Time: 156.3 ms, GC Workers: 4]
      [GC Worker Start (ms): Min: 141700.4, Avg: 141700.4, Max: 141700.4, Diff: 0.0]
      [Ext Root Scanning (ms): Min: 0.8, Avg: 0.9, Max: 0.9, Diff: 0.0, Sum: 3.5]
      [Update RS (ms): Min: 20.5, Avg: 20.6, Max: 20.7, Diff: 0.2, Sum: 82.3]
         [Processed Buffers: Min: 212, Avg: 249.8, Max: 288, Diff: 76, Sum: 999]
      [Scan RS (ms): Min: 21.6, Avg: 21.7, Max: 21.7, Diff: 0.2, Sum: 86.7]
      [Object Copy (ms): Min: 113.2, Avg: 113.2, Max: 113.2, Diff: 0.0, Sum: 452.8]
      [Termination (ms): Min: 0.0, Avg: 0.0, Max: 0.0, Diff: 0.0, Sum: 0.0]
      [GC Worker Other (ms): Min: 0.0, Avg: 0.0, Max: 0.0, Diff: 0.0, Sum: 0.1]
      [GC Worker Total (ms): Min: 156.3, Avg: 156.3, Max: 156.3, Diff: 0.0, Sum: 625.3]
      [GC Worker End (ms): Min: 141856.7, Avg: 141856.7, Max: 141856.7, Diff: 0.0]
   [Code Root Fixup: 0.0 ms]
   [Clear CT: 0.2 ms]
   [Other: 3.2 ms]
      [Choose CSet: 0.0 ms]
      [Ref Proc: 1.0 ms]
      [Ref Enq: 0.0 ms]
      [Free CSet: 0.2 ms]
   [Eden: 189.0M(189.0M)->0.0B(143.0M) Survivors: 51.0M->30.0M Heap: 1118.0M(2048.0M)->1010.0M(2048.0M)]
 [Times: user=0.61 sys=0.00, real=0.16 secs] 
142.055: [GC pause (young) (initial-mark), 0.0838188 secs]
   [Parallel Time: 81.2 ms, GC Workers: 4]
      [GC Worker Start (ms): Min: 142055.0, Avg: 142055.0, Max: 142055.0, Diff: 0.0]
      [Ext Root Scanning (ms): Min: 0.9, Avg: 0.9, Max: 0.9, Diff: 0.0, Sum: 3.6]
      [Update RS (ms): Min: 16.9, Avg: 16.9, Max: 16.9, Diff: 0.0, Sum: 67.7]
         [Processed Buffers: Min: 160, Avg: 165.5, Max: 173, Diff: 13, Sum: 662]
      [Scan RS (ms): Min: 0.9, Avg: 0.9, Max: 1.0, Diff: 0.1, Sum: 3.7]
      [Object Copy (ms): Min: 62.4, Avg: 62.5, Max: 62.5, Diff: 0.1, Sum: 249.8]
      [Termination (ms): Min: 0.0, Avg: 0.0, Max: 0.0, Diff: 0.0, Sum: 0.0]
      [GC Worker Other (ms): Min: 0.0, Avg: 0.0, Max: 0.0, Diff: 0.0, Sum: 0.0]
      [GC Worker Total (ms): Min: 81.2, Avg: 81.2, Max: 81.2, Diff: 0.0, Sum: 324.9]
      [GC Worker End (ms): Min: 142136.2, Avg: 142136.2, Max: 142136.2, Diff: 0.0]
   [Code Root Fixup: 0.0 ms]
   [Clear CT: 1.1 ms]
   [Other: 1.5 ms]
      [Choose CSet: 0.0 ms]
      [Ref Proc: 0.2 ms]
      [Ref Enq: 0.0 ms]
      [Free CSet: 0.2 ms]
   [Eden: 143.0M(143.0M)->0.0B(242.0M) Survivors: 30.0M->22.0M Heap: 1153.0M(2048.0M)->1063.0M(2048.0M)]
 [Times: user=0.30 sys=0.00, real=0.08 secs] 
142.139: [GC concurrent-root-region-scan-start]
142.165: [GC concurrent-root-region-scan-end, 0.0260883 secs]
142.165: [GC concurrent-mark-start]
142.338: [GC pause (young), 0.1096422 secs]
   [Parallel Time: 108.6 ms, GC Workers: 4]
      [GC Worker Start (ms): Min: 142338.5, Avg: 142338.5, Max: 142338.5, Diff: 0.0]
      [Ext Root Scanning (ms): Min: 0.9, Avg: 0.9, Max: 0.9, Diff: 0.0, Sum: 3.5]
      [SATB Filtering (ms): Min: 0.0, Avg: 0.7, Max: 2.9, Diff: 2.9, Sum: 2.9]
      [Update RS (ms): Min: 17.3, Avg: 19.5, Max: 20.3, Diff: 2.9, Sum: 78.1]
         [Processed Buffers: Min: 94, Avg: 112.8, Max: 121, Diff: 27, Sum: 451]
      [Scan RS (ms): Min: 0.1, Avg: 0.1, Max: 0.1, Diff: 0.0, Sum: 0.5]
      [Object Copy (ms): Min: 86.5, Avg: 86.6, Max: 87.1, Diff: 0.6, Sum: 346.5]
      [Termination (ms): Min: 0.0, Avg: 0.5, Max: 0.7, Diff: 0.7, Sum: 1.9]
      [GC Worker Other (ms): Min: 0.0, Avg: 0.0, Max: 0.0, Diff: 0.0, Sum: 0.0]
      [GC Worker Total (ms): Min: 108.3, Avg: 108.4, Max: 108.5, Diff: 0.2, Sum: 433.6]
      [GC Worker End (ms): Min: 142446.8, Avg: 142446.9, Max: 142447.0, Diff: 0.2]
   [Code Root Fixup: 0.0 ms]
   [Clear CT: 0.1 ms]
   [Other: 1.0 ms]
      [Choose CSet: 0.0 ms]
      [Ref Proc: 0.0 ms]
      [Ref Enq: 0.0 ms]
      [Free CSet: 0.2 ms]
   [Eden: 242.0M(242.0M)->0.0B(244.0M) Survivors: 22.0M->33.0M Heap: 1305.0M(2048.0M)->1144.5M(2048.0M)]
 [Times: user=0.41 sys=0.00, real=0.11 secs] 
142.659: [GC pause (young), 0.1598415 secs]
   [Parallel Time: 156.5 ms, GC Workers: 4]
      [GC Worker Start (ms): Min: 142659.1, Avg: 142659.3, Max: 142659.9, Diff: 0.9]
      [Ext Root Scanning (ms): Min: 0.3, Avg: 0.9, Max: 1.1, Diff: 0.8, Sum: 3.6]
      [SATB Filtering (ms): Min: 0.0, Avg: 0.7, Max: 2.8, Diff: 2.8, Sum: 2.8]
      [Update RS (ms): Min: 29.8, Avg: 32.4, Max: 34.8, Diff: 5.0, Sum: 129.6]
         [Processed Buffers: Min: 146, Avg: 160.0, Max: 173, Diff: 27, Sum: 640]
      [Scan RS (ms): Min: 0.0, Avg: 0.1, Max: 0.2, Diff: 0.1, Sum: 0.3]
      [Object Copy (ms): Min: 118.8, Avg: 120.5, Max: 121.1, Diff: 2.3, Sum: 482.1]
      [Termination (ms): Min: 0.0, Avg: 0.0, Max: 0.0, Diff: 0.0, Sum: 0.0]
      [GC Worker Other (ms): Min: 0.1, Avg: 1.1, Max: 1.7, Diff: 1.6, Sum: 4.5]
      [GC Worker Total (ms): Min: 154.9, Avg: 155.7, Max: 156.5, Diff: 1.6, Sum: 622.9]
      [GC Worker End (ms): Min: 142814.0, Avg: 142815.0, Max: 142815.6, Diff: 1.6]
   [Code Root Fixup: 0.0 ms]
   [Clear CT: 0.1 ms]
   [Other: 3.2 ms]
      [Choose CSet: 0.0 ms]
      [Ref Proc: 1.9 ms]
      [Ref Enq: 0.0 ms]
      [Free CSet: 0.2 ms]
   [Eden: 244.0M(244.0M)->0.0B(230.0M) Survivors: 33.0M->35.0M Heap: 1388.5M(2048.0M)->1257.5M(2048.0M)]
 [Times: user=0.59 sys=0.00, real=0.16 secs] 
142.851: [GC concurrent-mark-end, 0.6854888 secs]
142.870: [GC remark 142.870: [GC ref-proc, 0.0012194 secs], 0.0023352 secs]
 [Times: user=0.02 sys=0.00, real=0.00 secs] 
142.873: [GC cleanup 1280M->566M(2048M), 0.0015314 secs]
 [Times: user=0.00 sys=0.00, real=0.00 secs] 
142.875: [GC concurrent-cleanup-start]
142.875: [GC concurrent-cleanup-end, 0.0008647 secs]
143.079: [GC pause (young), 0.2234377 secs]
   [Parallel Time: 218.3 ms, GC Workers: 4]
      [GC Worker Start (ms): Min: 143079.2, Avg: 143079.2, Max: 143079.2, Diff: 0.0]
      [Ext Root Scanning (ms): Min: 0.8, Avg: 0.9, Max: 0.9, Diff: 0.0, Sum: 3.4]
      [Update RS (ms): Min: 35.3, Avg: 35.3, Max: 35.4, Diff: 0.0, Sum: 141.4]
         [Processed Buffers: Min: 205, Avg: 207.5, Max: 210, Diff: 5, Sum: 830]
      [Scan RS (ms): Min: 0.2, Avg: 0.2, Max: 0.2, Diff: 0.0, Sum: 0.8]
      [Object Copy (ms): Min: 181.8, Avg: 181.8, Max: 181.9, Diff: 0.0, Sum: 727.4]
      [Termination (ms): Min: 0.0, Avg: 0.0, Max: 0.0, Diff: 0.0, Sum: 0.0]
      [GC Worker Other (ms): Min: 0.0, Avg: 0.0, Max: 0.0, Diff: 0.0, Sum: 0.1]
      [GC Worker Total (ms): Min: 218.3, Avg: 218.3, Max: 218.3, Diff: 0.0, Sum: 873.0]
      [GC Worker End (ms): Min: 143297.5, Avg: 143297.5, Max: 143297.5, Diff: 0.0]
   [Code Root Fixup: 0.0 ms]
   [Clear CT: 3.4 ms]
   [Other: 1.8 ms]
      [Choose CSet: 0.0 ms]
      [Ref Proc: 0.0 ms]
      [Ref Enq: 0.0 ms]
      [Free CSet: 0.2 ms]
   [Eden: 230.0M(230.0M)->0.0B(188.0M) Survivors: 35.0M->34.0M Heap: 773.5M(2048.0M)->728.5M(2048.0M)]
 [Times: user=0.83 sys=0.00, real=0.22 secs] 
143.562: [GC pause (young), 0.1167843 secs]
   [Parallel Time: 114.7 ms, GC Workers: 4]
      [GC Worker Start (ms): Min: 143562.0, Avg: 143562.1, Max: 143562.1, Diff: 0.0]
      [Ext Root Scanning (ms): Min: 1.2, Avg: 1.7, Max: 3.1, Diff: 1.9, Sum: 6.7]
      [Update RS (ms): Min: 16.2, Avg: 17.6, Max: 18.0, Diff: 1.8, Sum: 70.3]
         [Processed Buffers: Min: 99, Avg: 172.5, Max: 201, Diff: 102, Sum: 690]
      [Scan RS (ms): Min: 3.2, Avg: 3.2, Max: 3.3, Diff: 0.1, Sum: 13.0]
      [Object Copy (ms): Min: 92.1, Avg: 92.1, Max: 92.2, Diff: 0.1, Sum: 368.6]
      [Termination (ms): Min: 0.0, Avg: 0.0, Max: 0.0, Diff: 0.0, Sum: 0.0]
      [GC Worker Other (ms): Min: 0.0, Avg: 0.0, Max: 0.0, Diff: 0.0, Sum: 0.1]
      [GC Worker Total (ms): Min: 114.6, Avg: 114.7, Max: 114.7, Diff: 0.0, Sum: 458.7]
      [GC Worker End (ms): Min: 143676.7, Avg: 143676.7, Max: 143676.7, Diff: 0.0]
   [Code Root Fixup: 0.0 ms]
   [Clear CT: 0.5 ms]
   [Other: 1.6 ms]
      [Choose CSet: 0.0 ms]
      [Ref Proc: 0.0 ms]
      [Ref Enq: 0.0 ms]
      [Free CSet: 0.2 ms]
   [Eden: 188.0M(188.0M)->0.0B(241.0M) Survivors: 34.0M->28.0M Heap: 916.5M(2048.0M)->808.0M(2048.0M)]
 [Times: user=0.44 sys=0.00, real=0.12 secs] 
143.954: [GC pause (young), 0.1985444 secs]
   [Parallel Time: 196.6 ms, GC Workers: 4]
      [GC Worker Start (ms): Min: 143954.2, Avg: 143954.8, Max: 143956.6, Diff: 2.4]
      [Ext Root Scanning (ms): Min: 0.1, Avg: 0.9, Max: 1.2, Diff: 1.1, Sum: 3.5]
      [Update RS (ms): Min: 17.7, Avg: 18.8, Max: 20.0, Diff: 2.3, Sum: 75.4]
         [Processed Buffers: Min: 121, Avg: 153.8, Max: 177, Diff: 56, Sum: 615]
      [Scan RS (ms): Min: 0.0, Avg: 0.4, Max: 0.5, Diff: 0.5, Sum: 1.6]
      [Object Copy (ms): Min: 175.4, Avg: 175.8, Max: 176.0, Diff: 0.6, Sum: 703.3]
      [Termination (ms): Min: 0.0, Avg: 0.0, Max: 0.0, Diff: 0.0, Sum: 0.0]
      [GC Worker Other (ms): Min: 0.0, Avg: 0.0, Max: 0.0, Diff: 0.0, Sum: 0.1]
      [GC Worker Total (ms): Min: 194.2, Avg: 195.9, Max: 196.6, Diff: 2.4, Sum: 783.8]
      [GC Worker End (ms): Min: 144150.7, Avg: 144150.7, Max: 144150.8, Diff: 0.0]
   [Code Root Fixup: 0.0 ms]
   [Clear CT: 0.1 ms]
   [Other: 1.8 ms]
      [Choose CSet: 0.0 ms]
      [Ref Proc: 0.0 ms]
      [Ref Enq: 0.0 ms]
      [Free CSet: 0.2 ms]
   [Eden: 241.0M(241.0M)->0.0B(193.0M) Survivors: 28.0M->34.0M Heap: 1049.0M(2048.0M)->984.5M(2048.0M)]
 [Times: user=0.73 sys=0.00, real=0.20 secs] 
144.350: [GC pause (young) (initial-mark), 0.1192814 secs]
   [Parallel Time: 114.1 ms, GC Workers: 4]
      [GC Worker Start (ms): Min: 144350.9, Avg: 144350.9, Max: 144350.9, Diff: 0.0]
      [Ext Root Scanning (ms): Min: 0.9, Avg: 0.9, Max: 0.9, Diff: 0.0, Sum: 3.5]
      [Update RS (ms): Min: 21.4, Avg: 21.4, Max: 21.4, Diff: 0.0, Sum: 85.4]
         [Processed Buffers: Min: 163, Avg: 204.8, Max: 293, Diff: 130, Sum: 819]
      [Scan RS (ms): Min: 2.1, Avg: 2.1, Max: 2.2, Diff: 0.0, Sum: 8.6]
      [Object Copy (ms): Min: 75.2, Avg: 78.3, Max: 87.5, Diff: 12.3, Sum: 313.2]
      [Termination (ms): Min: 0.0, Avg: 9.9, Max: 13.3, Diff: 13.3, Sum: 39.8]
      [GC Worker Other (ms): Min: 0.0, Avg: 0.0, Max: 0.0, Diff: 0.0, Sum: 0.0]
      [GC Worker Total (ms): Min: 111.9, Avg: 112.6, Max: 113.0, Diff: 1.1, Sum: 450.6]
      [GC Worker End (ms): Min: 144462.8, Avg: 144463.5, Max: 144463.8, Diff: 1.1]
   [Code Root Fixup: 0.0 ms]
   [Clear CT: 0.3 ms]
   [Other: 4.9 ms]
      [Choose CSet: 0.0 ms]
      [Ref Proc: 3.4 ms]
      [Ref Enq: 0.0 ms]
      [Free CSet: 0.2 ms]
   [Eden: 193.0M(193.0M)->0.0B(267.0M) Survivors: 34.0M->29.0M Heap: 1177.5M(2048.0M)->1039.5M(2048.0M)]
 [Times: user=0.45 sys=0.00, real=0.12 secs] 
144.470: [GC concurrent-root-region-scan-start]
144.501: [GC concurrent-root-region-scan-end, 0.0308189 secs]
144.501: [GC concurrent-mark-start]
144.695: [GC pause (young), 0.0772601 secs]
   [Parallel Time: 75.7 ms, GC Workers: 4]
      [GC Worker Start (ms): Min: 144695.3, Avg: 144695.7, Max: 144696.9, Diff: 1.6]
      [Ext Root Scanning (ms): Min: 0.0, Avg: 0.9, Max: 1.2, Diff: 1.1, Sum: 3.5]
      [SATB Filtering (ms): Min: 0.0, Avg: 0.2, Max: 0.8, Diff: 0.8, Sum: 0.8]
      [Update RS (ms): Min: 17.4, Avg: 17.9, Max: 18.2, Diff: 0.8, Sum: 71.7]
         [Processed Buffers: Min: 116, Avg: 118.8, Max: 123, Diff: 7, Sum: 475]
      [Scan RS (ms): Min: 0.3, Avg: 0.3, Max: 0.3, Diff: 0.0, Sum: 1.3]
      [Object Copy (ms): Min: 52.0, Avg: 53.0, Max: 56.0, Diff: 4.0, Sum: 212.1]
      [Termination (ms): Min: 0.0, Avg: 3.0, Max: 3.9, Diff: 3.9, Sum: 11.8]
      [GC Worker Other (ms): Min: 0.0, Avg: 0.0, Max: 0.0, Diff: 0.0, Sum: 0.0]
      [GC Worker Total (ms): Min: 74.1, Avg: 75.3, Max: 75.7, Diff: 1.6, Sum: 301.2]
      [GC Worker End (ms): Min: 144771.0, Avg: 144771.0, Max: 144771.0, Diff: 0.0]
   [Code Root Fixup: 0.0 ms]
   [Clear CT: 0.2 ms]
   [Other: 1.3 ms]
      [Choose CSet: 0.0 ms]
      [Ref Proc: 0.5 ms]
      [Ref Enq: 0.0 ms]
      [Free CSet: 0.3 ms]
   [Eden: 267.0M(267.0M)->0.0B(383.0M) Survivors: 29.0M->27.0M Heap: 1306.5M(2048.0M)->1067.5M(2048.0M)]
 [Times: user=0.26 sys=0.00, real=0.08 secs] 
145.043: [GC concurrent-mark-end, 0.5426993 secs]
145.044: [GC remark 145.045: [GC ref-proc, 0.0012607 secs], 0.0037515 secs]
 [Times: user=0.00 sys=0.00, real=0.00 secs] 
145.048: [GC cleanup 1381M->724M(2048M), 0.0012175 secs]
 [Times: user=0.00 sys=0.00, real=0.00 secs] 
145.049: [GC concurrent-cleanup-start]
145.050: [GC concurrent-cleanup-end, 0.0007579 secs]
145.115: [GC pause (young), 0.1611844 secs]
   [Parallel Time: 159.6 ms, GC Workers: 4]
      [GC Worker Start (ms): Min: 145115.3, Avg: 145115.5, Max: 145116.1, Diff: 0.8]
      [Ext Root Scanning (ms): Min: 0.4, Avg: 0.9, Max: 1.2, Diff: 0.7, Sum: 3.8]
      [Update RS (ms): Min: 15.1, Avg: 15.1, Max: 15.2, Diff: 0.1, Sum: 60.5]
         [Processed Buffers: Min: 89, Avg: 112.3, Max: 157, Diff: 68, Sum: 449]
      [Scan RS (ms): Min: 0.1, Avg: 0.1, Max: 0.1, Diff: 0.0, Sum: 0.4]
      [Object Copy (ms): Min: 143.2, Avg: 143.2, Max: 143.3, Diff: 0.1, Sum: 572.9]
      [Termination (ms): Min: 0.0, Avg: 0.0, Max: 0.0, Diff: 0.0, Sum: 0.0]
      [GC Worker Other (ms): Min: 0.0, Avg: 0.0, Max: 0.0, Diff: 0.0, Sum: 0.1]
      [GC Worker Total (ms): Min: 158.8, Avg: 159.4, Max: 159.6, Diff: 0.8, Sum: 637.6]
      [GC Worker End (ms): Min: 145274.9, Avg: 145274.9, Max: 145274.9, Diff: 0.0]
   [Code Root Fixup: 0.0 ms]
   [Clear CT: 0.2 ms]
   [Other: 1.3 ms]
      [Choose CSet: 0.0 ms]
      [Ref Proc: 0.0 ms]
      [Ref Enq: 0.0 ms]
      [Free CSet: 0.3 ms]
   [Eden: 383.0M(383.0M)->0.0B(276.0M) Survivors: 27.0M->52.0M Heap: 793.5M(2048.0M)->553.5M(2048.0M)]
 [Times: user=0.64 sys=0.00, real=0.16 secs] 
145.528: [GC pause (young), 0.1803256 secs]
   [Parallel Time: 178.3 ms, GC Workers: 4]
      [GC Worker Start (ms): Min: 145528.2, Avg: 145528.3, Max: 145528.3, Diff: 0.0]
      [Ext Root Scanning (ms): Min: 0.9, Avg: 0.9, Max: 0.9, Diff: 0.1, Sum: 3.7]
      [Update RS (ms): Min: 20.8, Avg: 21.2, Max: 22.3, Diff: 1.5, Sum: 84.8]
         [Processed Buffers: Min: 157, Avg: 165.3, Max: 179, Diff: 22, Sum: 661]
      [Scan RS (ms): Min: 0.0, Avg: 1.1, Max: 1.5, Diff: 1.5, Sum: 4.4]
      [Object Copy (ms): Min: 155.0, Avg: 155.0, Max: 155.0, Diff: 0.1, Sum: 620.0]
      [Termination (ms): Min: 0.0, Avg: 0.0, Max: 0.0, Diff: 0.0, Sum: 0.0]
      [GC Worker Other (ms): Min: 0.0, Avg: 0.0, Max: 0.0, Diff: 0.0, Sum: 0.1]
      [GC Worker Total (ms): Min: 178.2, Avg: 178.2, Max: 178.3, Diff: 0.0, Sum: 713.0]
      [GC Worker End (ms): Min: 145706.5, Avg: 145706.5, Max: 145706.5, Diff: 0.0]
   [Code Root Fixup: 0.0 ms]
   [Clear CT: 0.2 ms]
   [Other: 1.9 ms]
      [Choose CSet: 0.0 ms]
      [Ref Proc: 0.0 ms]
      [Ref Enq: 0.0 ms]
      [Free CSet: 0.3 ms]
   [Eden: 276.0M(276.0M)->0.0B(281.0M) Survivors: 52.0M->41.0M Heap: 829.5M(2048.0M)->689.0M(2048.0M)]
 [Times: user=0.65 sys=0.00, real=0.18 secs] 
146.075: [GC pause (young), 0.2260211 secs]
   [Parallel Time: 223.2 ms, GC Workers: 4]
      [GC Worker Start (ms): Min: 146075.9, Avg: 146075.9, Max: 146075.9, Diff: 0.0]
      [Ext Root Scanning (ms): Min: 1.2, Avg: 3.4, Max: 10.0, Diff: 8.9, Sum: 13.5]
      [Update RS (ms): Min: 12.0, Avg: 18.6, Max: 20.8, Diff: 8.7, Sum: 74.3]
         [Processed Buffers: Min: 154, Avg: 183.3, Max: 199, Diff: 45, Sum: 733]
      [Scan RS (ms): Min: 0.6, Avg: 0.6, Max: 0.6, Diff: 0.1, Sum: 2.3]
      [Object Copy (ms): Min: 200.5, Avg: 200.6, Max: 200.6, Diff: 0.1, Sum: 802.3]
      [Termination (ms): Min: 0.0, Avg: 0.0, Max: 0.0, Diff: 0.0, Sum: 0.0]
      [GC Worker Other (ms): Min: 0.0, Avg: 0.0, Max: 0.0, Diff: 0.0, Sum: 0.1]
      [GC Worker Total (ms): Min: 223.1, Avg: 223.1, Max: 223.1, Diff: 0.0, Sum: 892.5]
      [GC Worker End (ms): Min: 146299.0, Avg: 146299.0, Max: 146299.0, Diff: 0.0]
   [Code Root Fixup: 0.0 ms]
   [Clear CT: 0.5 ms]
   [Other: 2.4 ms]
      [Choose CSet: 0.0 ms]
      [Ref Proc: 0.0 ms]
      [Ref Enq: 0.0 ms]
      [Free CSet: 0.3 ms]
   [Eden: 281.0M(281.0M)->0.0B(221.0M) Survivors: 41.0M->41.0M Heap: 970.0M(2048.0M)->869.5M(2048.0M)]
 [Times: user=0.76 sys=0.00, real=0.23 secs] 
146.574: [GC pause (young), 0.1284566 secs]
   [Parallel Time: 125.7 ms, GC Workers: 4]
      [GC Worker Start (ms): Min: 146574.7, Avg: 146580.1, Max: 146595.8, Diff: 21.1]
      [Ext Root Scanning (ms): Min: 0.1, Avg: 0.9, Max: 1.3, Diff: 1.2, Sum: 3.5]
      [Update RS (ms): Min: 6.0, Avg: 22.2, Max: 30.4, Diff: 24.4, Sum: 88.9]
         [Processed Buffers: Min: 141, Avg: 213.8, Max: 304, Diff: 163, Sum: 855]
      [Scan RS (ms): Min: 0.3, Avg: 3.4, Max: 4.8, Diff: 4.5, Sum: 13.8]
      [Object Copy (ms): Min: 93.5, Avg: 93.6, Max: 93.7, Diff: 0.2, Sum: 374.2]
      [Termination (ms): Min: 0.0, Avg: 0.0, Max: 0.0, Diff: 0.0, Sum: 0.0]
      [GC Worker Other (ms): Min: 0.0, Avg: 0.1, Max: 0.3, Diff: 0.2, Sum: 0.3]
      [GC Worker Total (ms): Min: 104.7, Avg: 120.2, Max: 125.5, Diff: 20.8, Sum: 480.7]
      [GC Worker End (ms): Min: 146700.2, Avg: 146700.3, Max: 146700.4, Diff: 0.2]
   [Code Root Fixup: 0.0 ms]
   [Clear CT: 0.2 ms]
   [Other: 2.5 ms]
      [Choose CSet: 0.0 ms]
      [Ref Proc: 0.7 ms]
      [Ref Enq: 0.0 ms]
      [Free CSet: 0.3 ms]
   [Eden: 221.0M(221.0M)->0.0B(266.0M) Survivors: 41.0M->33.0M Heap: 1090.5M(2048.0M)->943.5M(2048.0M)]
 [Times: user=0.47 sys=0.00, real=0.13 secs] 
146.987: [GC pause (young), 0.1511690 secs]
   [Parallel Time: 149.0 ms, GC Workers: 4]
      [GC Worker Start (ms): Min: 146987.1, Avg: 146987.1, Max: 146987.1, Diff: 0.0]
      [Ext Root Scanning (ms): Min: 0.2, Avg: 0.9, Max: 1.2, Diff: 0.9, Sum: 3.6]
      [Update RS (ms): Min: 15.0, Avg: 20.2, Max: 23.8, Diff: 8.8, Sum: 80.9]
         [Processed Buffers: Min: 135, Avg: 148.8, Max: 166, Diff: 31, Sum: 595]
      [Scan RS (ms): Min: 0.0, Avg: 1.6, Max: 2.4, Diff: 2.4, Sum: 6.5]
      [Object Copy (ms): Min: 124.1, Avg: 126.2, Max: 131.4, Diff: 7.3, Sum: 504.9]
      [Termination (ms): Min: 0.0, Avg: 0.0, Max: 0.0, Diff: 0.0, Sum: 0.0]
      [GC Worker Other (ms): Min: 0.0, Avg: 0.0, Max: 0.0, Diff: 0.0, Sum: 0.1]
      [GC Worker Total (ms): Min: 149.0, Avg: 149.0, Max: 149.0, Diff: 0.0, Sum: 596.0]
      [GC Worker End (ms): Min: 147136.1, Avg: 147136.1, Max: 147136.1, Diff: 0.0]
   [Code Root Fixup: 0.0 ms]
   [Clear CT: 0.2 ms]
   [Other: 1.9 ms]
      [Choose CSet: 0.0 ms]
      [Ref Proc: 0.0 ms]
      [Ref Enq: 0.0 ms]
      [Free CSet: 0.3 ms]
   [Eden: 266.0M(266.0M)->0.0B(261.0M) Survivors: 33.0M->38.0M Heap: 1209.5M(2048.0M)->1068.5M(2048.0M)]
 [Times: user=0.59 sys=0.00, real=0.15 secs] 
147.414: [GC pause (young) (initial-mark), 0.1924590 secs]
   [Parallel Time: 190.3 ms, GC Workers: 4]
      [GC Worker Start (ms): Min: 147415.0, Avg: 147415.0, Max: 147415.0, Diff: 0.0]
      [Ext Root Scanning (ms): Min: 0.9, Avg: 0.9, Max: 0.9, Diff: 0.0, Sum: 3.5]
      [Update RS (ms): Min: 16.6, Avg: 16.6, Max: 16.8, Diff: 0.3, Sum: 66.6]
         [Processed Buffers: Min: 126, Avg: 167.5, Max: 187, Diff: 61, Sum: 670]
      [Scan RS (ms): Min: 1.2, Avg: 1.3, Max: 1.4, Diff: 0.3, Sum: 5.4]
      [Object Copy (ms): Min: 170.5, Avg: 170.6, Max: 170.6, Diff: 0.1, Sum: 682.3]
      [Termination (ms): Min: 0.0, Avg: 0.2, Max: 0.4, Diff: 0.4, Sum: 0.6]
      [GC Worker Other (ms): Min: 0.0, Avg: 0.0, Max: 0.0, Diff: 0.0, Sum: 0.0]
      [GC Worker Total (ms): Min: 189.5, Avg: 189.6, Max: 189.8, Diff: 0.3, Sum: 758.4]
      [GC Worker End (ms): Min: 147604.5, Avg: 147604.6, Max: 147604.8, Diff: 0.3]
   [Code Root Fixup: 0.0 ms]
   [Clear CT: 0.1 ms]
   [Other: 2.1 ms]
      [Choose CSet: 0.0 ms]
      [Ref Proc: 0.1 ms]
      [Ref Enq: 0.0 ms]
      [Free CSet: 0.3 ms]
   [Eden: 261.0M(261.0M)->0.0B(228.0M) Survivors: 38.0M->38.0M Heap: 1329.5M(2048.0M)->1218.5M(2048.0M)]
 [Times: user=0.62 sys=0.00, real=0.19 secs] 
147.607: [GC concurrent-root-region-scan-start]
147.686: [GC concurrent-root-region-scan-end, 0.0791241 secs]
147.686: [GC concurrent-mark-start]
147.900: [GC pause (young), 0.1103972 secs]
   [Parallel Time: 108.9 ms, GC Workers: 4]
      [GC Worker Start (ms): Min: 147900.7, Avg: 147900.7, Max: 147900.7, Diff: 0.0]
      [Ext Root Scanning (ms): Min: 0.9, Avg: 0.9, Max: 0.9, Diff: 0.0, Sum: 3.5]
      [SATB Filtering (ms): Min: 0.0, Avg: 0.7, Max: 2.9, Diff: 2.9, Sum: 2.9]
      [Update RS (ms): Min: 16.2, Avg: 18.4, Max: 19.2, Diff: 3.1, Sum: 73.6]
         [Processed Buffers: Min: 160, Avg: 195.0, Max: 226, Diff: 66, Sum: 780]
      [Scan RS (ms): Min: 2.6, Avg: 2.6, Max: 2.7, Diff: 0.1, Sum: 10.6]
      [Object Copy (ms): Min: 86.1, Avg: 86.1, Max: 86.2, Diff: 0.0, Sum: 344.5]
      [Termination (ms): Min: 0.0, Avg: 0.0, Max: 0.0, Diff: 0.0, Sum: 0.0]
      [GC Worker Other (ms): Min: 0.0, Avg: 0.0, Max: 0.0, Diff: 0.0, Sum: 0.1]
      [GC Worker Total (ms): Min: 108.8, Avg: 108.8, Max: 108.8, Diff: 0.0, Sum: 435.3]
      [GC Worker End (ms): Min: 148009.6, Avg: 148009.6, Max: 148009.6, Diff: 0.0]
   [Code Root Fixup: 0.0 ms]
   [Clear CT: 0.1 ms]
   [Other: 1.4 ms]
      [Choose CSet: 0.0 ms]
      [Ref Proc: 0.0 ms]
      [Ref Enq: 0.0 ms]
      [Free CSet: 0.2 ms]
   [Eden: 228.0M(228.0M)->0.0B(324.0M) Survivors: 38.0M->34.0M Heap: 1446.5M(2048.0M)->1284.5M(2048.0M)]
 [Times: user=0.42 sys=0.00, real=0.11 secs] 
148.273: [GC concurrent-mark-end, 0.5865937 secs]
148.273: [GC remark 148.275: [GC ref-proc, 0.0012207 secs], 0.0035645 secs]
 [Times: user=0.00 sys=0.00, real=0.00 secs] 
148.277: [GC cleanup 1599M->877M(2048M), 0.0012845 secs]
 [Times: user=0.00 sys=0.00, real=0.00 secs] 
148.279: [GC concurrent-cleanup-start]
148.279: [GC concurrent-cleanup-end, 0.0008307 secs]
148.289: [GC pause (young), 0.1413206 secs]
   [Parallel Time: 139.9 ms, GC Workers: 4]
      [GC Worker Start (ms): Min: 148289.1, Avg: 148289.1, Max: 148289.1, Diff: 0.0]
      [Ext Root Scanning (ms): Min: 1.0, Avg: 2.8, Max: 7.9, Diff: 6.9, Sum: 11.1]
      [Update RS (ms): Min: 17.7, Avg: 20.9, Max: 23.5, Diff: 5.8, Sum: 83.6]
         [Processed Buffers: Min: 89, Avg: 129.3, Max: 151, Diff: 62, Sum: 517]
      [Scan RS (ms): Min: 0.0, Avg: 0.3, Max: 0.7, Diff: 0.6, Sum: 1.3]
      [Object Copy (ms): Min: 111.1, Avg: 113.4, Max: 115.7, Diff: 4.6, Sum: 453.7]
      [Termination (ms): Min: 0.0, Avg: 2.4, Max: 4.2, Diff: 4.2, Sum: 9.7]
      [GC Worker Other (ms): Min: 0.0, Avg: 0.0, Max: 0.0, Diff: 0.0, Sum: 0.1]
      [GC Worker Total (ms): Min: 139.9, Avg: 139.9, Max: 139.9, Diff: 0.0, Sum: 559.6]
      [GC Worker End (ms): Min: 148429.0, Avg: 148429.0, Max: 148429.0, Diff: 0.0]
   [Code Root Fixup: 0.0 ms]
   [Clear CT: 0.2 ms]
   [Other: 1.2 ms]
      [Choose CSet: 0.0 ms]
      [Ref Proc: 0.0 ms]
      [Ref Enq: 0.0 ms]
      [Free CSet: 0.3 ms]
   [Eden: 324.0M(324.0M)->0.0B(57.0M) Survivors: 34.0M->45.0M Heap: 886.5M(2048.0M)->654.5M(2048.0M)]
 [Times: user=0.50 sys=0.00, real=0.14 secs] 
148.476: [GC pause (mixed), 0.0758723 secs]
   [Parallel Time: 74.6 ms, GC Workers: 4]
      [GC Worker Start (ms): Min: 148476.1, Avg: 148476.1, Max: 148476.1, Diff: 0.0]
      [Ext Root Scanning (ms): Min: 0.9, Avg: 0.9, Max: 0.9, Diff: 0.0, Sum: 3.6]
      [Update RS (ms): Min: 25.4, Avg: 25.4, Max: 25.4, Diff: 0.0, Sum: 101.5]
         [Processed Buffers: Min: 136, Avg: 138.0, Max: 141, Diff: 5, Sum: 552]
      [Scan RS (ms): Min: 1.1, Avg: 1.1, Max: 1.2, Diff: 0.1, Sum: 4.4]
      [Object Copy (ms): Min: 47.1, Avg: 47.2, Max: 47.2, Diff: 0.1, Sum: 188.8]
      [Termination (ms): Min: 0.0, Avg: 0.0, Max: 0.0, Diff: 0.0, Sum: 0.0]
      [GC Worker Other (ms): Min: 0.0, Avg: 0.0, Max: 0.0, Diff: 0.0, Sum: 0.1]
      [GC Worker Total (ms): Min: 74.6, Avg: 74.6, Max: 74.6, Diff: 0.0, Sum: 298.4]
      [GC Worker End (ms): Min: 148550.7, Avg: 148550.7, Max: 148550.7, Diff: 0.0]
   [Code Root Fixup: 0.0 ms]
   [Clear CT: 0.2 ms]
   [Other: 1.1 ms]
      [Choose CSet: 0.0 ms]
      [Ref Proc: 0.0 ms]
      [Ref Enq: 0.0 ms]
      [Free CSet: 0.3 ms]
   [Eden: 57.0M(57.0M)->0.0B(451.0M) Survivors: 45.0M->6144.0K Heap: 711.5M(2048.0M)->610.5M(2048.0M)]
 [Times: user=0.31 sys=0.00, real=0.08 secs] 
148.988: [GC pause (young), 0.2772243 secs]
   [Parallel Time: 274.2 ms, GC Workers: 4]
      [GC Worker Start (ms): Min: 148988.0, Avg: 148988.0, Max: 148988.0, Diff: 0.0]
      [Ext Root Scanning (ms): Min: 0.8, Avg: 0.9, Max: 0.9, Diff: 0.0, Sum: 3.4]
      [Update RS (ms): Min: 15.7, Avg: 16.0, Max: 16.7, Diff: 1.0, Sum: 64.1]
         [Processed Buffers: Min: 94, Avg: 191.3, Max: 232, Diff: 138, Sum: 765]
      [Scan RS (ms): Min: 0.0, Avg: 0.3, Max: 0.7, Diff: 0.7, Sum: 1.3]
      [Object Copy (ms): Min: 253.1, Avg: 254.4, Max: 257.2, Diff: 4.0, Sum: 1017.5]
      [Termination (ms): Min: 0.0, Avg: 2.6, Max: 3.5, Diff: 3.5, Sum: 10.3]
      [GC Worker Other (ms): Min: 0.0, Avg: 0.0, Max: 0.0, Diff: 0.0, Sum: 0.1]
      [GC Worker Total (ms): Min: 274.2, Avg: 274.2, Max: 274.2, Diff: 0.0, Sum: 1096.7]
      [GC Worker End (ms): Min: 149262.1, Avg: 149262.1, Max: 149262.1, Diff: 0.0]
   [Code Root Fixup: 0.0 ms]
   [Clear CT: 0.2 ms]
   [Other: 2.9 ms]
      [Choose CSet: 0.0 ms]
      [Ref Proc: 0.3 ms]
      [Ref Enq: 0.0 ms]
      [Free CSet: 0.4 ms]
   [Eden: 451.0M(451.0M)->0.0B(186.0M) Survivors: 6144.0K->58.0M Heap: 1061.5M(2048.0M)->900.0M(2048.0M)]
 [Times: user=0.98 sys=0.00, real=0.28 secs] 
149.544: [GC pause (young), 0.1875588 secs]
   [Parallel Time: 184.3 ms, GC Workers: 4]
      [GC Worker Start (ms): Min: 149544.4, Avg: 149544.6, Max: 149545.2, Diff: 0.8]
      [Ext Root Scanning (ms): Min: 0.5, Avg: 1.0, Max: 1.2, Diff: 0.7, Sum: 4.0]
      [Update RS (ms): Min: 18.3, Avg: 18.3, Max: 18.3, Diff: 0.0, Sum: 73.2]
         [Processed Buffers: Min: 187, Avg: 239.8, Max: 298, Diff: 111, Sum: 959]
      [Scan RS (ms): Min: 28.6, Avg: 28.6, Max: 28.6, Diff: 0.1, Sum: 114.3]
      [Object Copy (ms): Min: 134.8, Avg: 134.9, Max: 135.3, Diff: 0.6, Sum: 539.6]
      [Termination (ms): Min: 0.0, Avg: 0.7, Max: 1.4, Diff: 1.4, Sum: 3.0]
      [GC Worker Other (ms): Min: 0.0, Avg: 0.0, Max: 0.0, Diff: 0.0, Sum: 0.0]
      [GC Worker Total (ms): Min: 182.8, Avg: 183.5, Max: 184.2, Diff: 1.5, Sum: 734.2]
      [GC Worker End (ms): Min: 149728.0, Avg: 149728.1, Max: 149728.6, Diff: 0.7]
   [Code Root Fixup: 0.0 ms]
   [Clear CT: 1.0 ms]
   [Other: 2.3 ms]
      [Choose CSet: 0.0 ms]
      [Ref Proc: 0.1 ms]
      [Ref Enq: 0.0 ms]
      [Free CSet: 0.3 ms]
   [Eden: 186.0M(186.0M)->0.0B(71.0M) Survivors: 58.0M->31.0M Heap: 1086.0M(2048.0M)->987.5M(2048.0M)]
 [Times: user=0.66 sys=0.00, real=0.19 secs] 
149.897: [GC pause (young) (initial-mark), 0.0562735 secs]
   [Parallel Time: 55.4 ms, GC Workers: 4]
      [GC Worker Start (ms): Min: 149897.2, Avg: 149897.2, Max: 149897.2, Diff: 0.0]
      [Ext Root Scanning (ms): Min: 0.9, Avg: 0.9, Max: 0.9, Diff: 0.0, Sum: 3.6]
      [Update RS (ms): Min: 24.7, Avg: 24.8, Max: 24.8, Diff: 0.0, Sum: 99.1]
         [Processed Buffers: Min: 144, Avg: 147.8, Max: 151, Diff: 7, Sum: 591]
      [Scan RS (ms): Min: 0.1, Avg: 0.2, Max: 0.2, Diff: 0.0, Sum: 0.6]
      [Object Copy (ms): Min: 29.5, Avg: 29.5, Max: 29.5, Diff: 0.0, Sum: 118.1]
      [Termination (ms): Min: 0.0, Avg: 0.0, Max: 0.0, Diff: 0.0, Sum: 0.0]
      [GC Worker Other (ms): Min: 0.0, Avg: 0.0, Max: 0.0, Diff: 0.0, Sum: 0.0]
      [GC Worker Total (ms): Min: 55.3, Avg: 55.4, Max: 55.4, Diff: 0.0, Sum: 221.4]
      [GC Worker End (ms): Min: 149952.5, Avg: 149952.5, Max: 149952.5, Diff: 0.0]
   [Code Root Fixup: 0.0 ms]
   [Clear CT: 0.1 ms]
   [Other: 0.8 ms]
      [Choose CSet: 0.0 ms]
      [Ref Proc: 0.0 ms]
      [Ref Enq: 0.0 ms]
      [Free CSet: 0.1 ms]
   [Eden: 71.0M(71.0M)->0.0B(128.0M) Survivors: 31.0M->8192.0K Heap: 1058.5M(2048.0M)->996.0M(2048.0M)]
 [Times: user=0.25 sys=0.00, real=0.06 secs] 
149.954: [GC concurrent-root-region-scan-start]
149.961: [GC concurrent-root-region-scan-end, 0.0072633 secs]
149.961: [GC concurrent-mark-start]
150.063: [GC pause (young), 0.0831042 secs]
   [Parallel Time: 81.8 ms, GC Workers: 4]
      [GC Worker Start (ms): Min: 150063.8, Avg: 150063.8, Max: 150063.8, Diff: 0.0]
      [Ext Root Scanning (ms): Min: 1.0, Avg: 1.0, Max: 1.0, Diff: 0.1, Sum: 4.0]
      [SATB Filtering (ms): Min: 0.0, Avg: 0.8, Max: 3.1, Diff: 3.1, Sum: 3.1]
      [Update RS (ms): Min: 14.8, Avg: 17.1, Max: 17.8, Diff: 3.0, Sum: 68.3]
         [Processed Buffers: Min: 150, Avg: 215.3, Max: 278, Diff: 128, Sum: 861]
      [Scan RS (ms): Min: 0.0, Avg: 0.0, Max: 0.1, Diff: 0.0, Sum: 0.1]
      [Object Copy (ms): Min: 62.8, Avg: 62.8, Max: 62.8, Diff: 0.0, Sum: 251.3]
      [Termination (ms): Min: 0.0, Avg: 0.0, Max: 0.0, Diff: 0.0, Sum: 0.0]
      [GC Worker Other (ms): Min: 0.0, Avg: 0.0, Max: 0.0, Diff: 0.0, Sum: 0.1]
      [GC Worker Total (ms): Min: 81.7, Avg: 81.7, Max: 81.7, Diff: 0.0, Sum: 326.9]
      [GC Worker End (ms): Min: 150145.5, Avg: 150145.5, Max: 150145.5, Diff: 0.0]
   [Code Root Fixup: 0.0 ms]
   [Clear CT: 0.1 ms]
   [Other: 1.3 ms]
      [Choose CSet: 0.0 ms]
      [Ref Proc: 0.2 ms]
      [Ref Enq: 0.0 ms]
      [Free CSet: 0.2 ms]
   [Eden: 128.0M(128.0M)->0.0B(169.0M) Survivors: 8192.0K->17.0M Heap: 1124.0M(2048.0M)->1068.0M(2048.0M)]
 [Times: user=0.31 sys=0.00, real=0.08 secs] 
150.286: [GC pause (young), 0.0973198 secs]
   [Parallel Time: 96.1 ms, GC Workers: 4]
      [GC Worker Start (ms): Min: 150286.5, Avg: 150286.5, Max: 150286.5, Diff: 0.0]
      [Ext Root Scanning (ms): Min: 0.9, Avg: 0.9, Max: 0.9, Diff: 0.0, Sum: 3.5]
      [SATB Filtering (ms): Min: 0.0, Avg: 0.8, Max: 3.0, Diff: 3.0, Sum: 3.0]
      [Update RS (ms): Min: 16.7, Avg: 19.0, Max: 19.9, Diff: 3.2, Sum: 76.0]
         [Processed Buffers: Min: 122, Avg: 137.0, Max: 150, Diff: 28, Sum: 548]
      [Scan RS (ms): Min: 0.0, Avg: 0.2, Max: 0.3, Diff: 0.2, Sum: 0.6]
      [Object Copy (ms): Min: 75.2, Avg: 75.3, Max: 75.3, Diff: 0.1, Sum: 301.1]
      [Termination (ms): Min: 0.0, Avg: 0.0, Max: 0.0, Diff: 0.0, Sum: 0.0]
      [GC Worker Other (ms): Min: 0.0, Avg: 0.0, Max: 0.0, Diff: 0.0, Sum: 0.0]
      [GC Worker Total (ms): Min: 96.1, Avg: 96.1, Max: 96.1, Diff: 0.0, Sum: 384.3]
      [GC Worker End (ms): Min: 150382.5, Avg: 150382.5, Max: 150382.5, Diff: 0.0]
   [Code Root Fixup: 0.0 ms]
   [Clear CT: 0.1 ms]
   [Other: 1.1 ms]
      [Choose CSet: 0.0 ms]
      [Ref Proc: 0.0 ms]
      [Ref Enq: 0.0 ms]
      [Free CSet: 0.2 ms]
   [Eden: 169.0M(169.0M)->0.0B(200.0M) Survivors: 17.0M->24.0M Heap: 1237.0M(2048.0M)->1138.0M(2048.0M)]
 [Times: user=0.34 sys=0.00, real=0.10 secs] 
150.545: [GC concurrent-mark-end, 0.5836030 secs]
150.545: [GC remark 150.546: [GC ref-proc, 0.0012120 secs], 0.0040937 secs]
 [Times: user=0.05 sys=0.00, real=0.00 secs] 
150.549: [GC cleanup 1323M->615M(2048M), 0.0019461 secs]
 [Times: user=0.00 sys=0.00, real=0.00 secs] 
150.551: [GC concurrent-cleanup-start]
150.552: [GC concurrent-cleanup-end, 0.0008441 secs]
150.564: [GC pause (young), 0.1477822 secs]
   [Parallel Time: 146.1 ms, GC Workers: 4]
      [GC Worker Start (ms): Min: 150564.2, Avg: 150564.3, Max: 150564.3, Diff: 0.0]
      [Ext Root Scanning (ms): Min: 0.9, Avg: 0.9, Max: 0.9, Diff: 0.0, Sum: 3.6]
      [Update RS (ms): Min: 29.8, Avg: 29.8, Max: 29.8, Diff: 0.0, Sum: 119.3]
         [Processed Buffers: Min: 161, Avg: 163.3, Max: 166, Diff: 5, Sum: 653]
      [Scan RS (ms): Min: 0.0, Avg: 0.1, Max: 0.1, Diff: 0.0, Sum: 0.2]
      [Object Copy (ms): Min: 115.2, Avg: 115.2, Max: 115.2, Diff: 0.0, Sum: 460.9]
      [Termination (ms): Min: 0.0, Avg: 0.0, Max: 0.0, Diff: 0.0, Sum: 0.0]
      [GC Worker Other (ms): Min: 0.0, Avg: 0.0, Max: 0.0, Diff: 0.0, Sum: 0.1]
      [GC Worker Total (ms): Min: 146.0, Avg: 146.0, Max: 146.0, Diff: 0.0, Sum: 584.1]
      [GC Worker End (ms): Min: 150710.3, Avg: 150710.3, Max: 150710.3, Diff: 0.0]
   [Code Root Fixup: 0.0 ms]
   [Clear CT: 0.2 ms]
   [Other: 1.6 ms]
      [Choose CSet: 0.0 ms]
      [Ref Proc: 0.0 ms]
      [Ref Enq: 0.0 ms]
      [Free CSet: 0.2 ms]
   [Eden: 200.0M(200.0M)->0.0B(197.0M) Survivors: 24.0M->28.0M Heap: 630.0M(2048.0M)->538.5M(2048.0M)]
 [Times: user=0.53 sys=0.00, real=0.15 secs] 
150.875: [GC pause (young), 0.0984221 secs]
   [Parallel Time: 95.2 ms, GC Workers: 4]
      [GC Worker Start (ms): Min: 150875.8, Avg: 150875.8, Max: 150875.9, Diff: 0.0]
      [Ext Root Scanning (ms): Min: 0.9, Avg: 0.9, Max: 0.9, Diff: 0.0, Sum: 3.5]
      [Update RS (ms): Min: 19.9, Avg: 19.9, Max: 20.0, Diff: 0.0, Sum: 79.7]
         [Processed Buffers: Min: 163, Avg: 182.3, Max: 199, Diff: 36, Sum: 729]
      [Scan RS (ms): Min: 0.2, Avg: 0.2, Max: 0.2, Diff: 0.0, Sum: 0.7]
      [Object Copy (ms): Min: 74.2, Avg: 74.2, Max: 74.2, Diff: 0.0, Sum: 296.6]
      [Termination (ms): Min: 0.0, Avg: 0.0, Max: 0.0, Diff: 0.0, Sum: 0.0]
      [GC Worker Other (ms): Min: 0.0, Avg: 0.0, Max: 0.0, Diff: 0.0, Sum: 0.1]
      [GC Worker Total (ms): Min: 95.1, Avg: 95.1, Max: 95.1, Diff: 0.0, Sum: 380.6]
      [GC Worker End (ms): Min: 150971.0, Avg: 150971.0, Max: 150971.0, Diff: 0.0]
   [Code Root Fixup: 0.0 ms]
   [Clear CT: 1.5 ms]
   [Other: 1.8 ms]
      [Choose CSet: 0.0 ms]
      [Ref Proc: 0.3 ms]
      [Ref Enq: 0.0 ms]
      [Free CSet: 0.3 ms]
   [Eden: 197.0M(197.0M)->0.0B(248.0M) Survivors: 28.0M->29.0M Heap: 735.5M(2048.0M)->603.0M(2048.0M)]
 [Times: user=0.37 sys=0.00, real=0.10 secs] 
151.206: [GC pause (young), 0.1984543 secs]
   [Parallel Time: 196.5 ms, GC Workers: 4]
      [GC Worker Start (ms): Min: 151205.9, Avg: 151205.9, Max: 151206.0, Diff: 0.0]
      [Ext Root Scanning (ms): Min: 0.8, Avg: 0.9, Max: 0.9, Diff: 0.0, Sum: 3.5]
      [Update RS (ms): Min: 20.4, Avg: 20.5, Max: 20.5, Diff: 0.1, Sum: 81.8]
         [Processed Buffers: Min: 124, Avg: 130.0, Max: 134, Diff: 10, Sum: 520]
      [Scan RS (ms): Min: 0.2, Avg: 0.3, Max: 0.3, Diff: 0.1, Sum: 1.1]
      [Object Copy (ms): Min: 174.8, Avg: 174.9, Max: 174.9, Diff: 0.0, Sum: 699.4]
      [Termination (ms): Min: 0.0, Avg: 0.0, Max: 0.0, Diff: 0.0, Sum: 0.0]
      [GC Worker Other (ms): Min: 0.0, Avg: 0.0, Max: 0.0, Diff: 0.0, Sum: 0.1]
      [GC Worker Total (ms): Min: 196.5, Avg: 196.5, Max: 196.5, Diff: 0.0, Sum: 785.8]
      [GC Worker End (ms): Min: 151402.4, Avg: 151402.4, Max: 151402.4, Diff: 0.0]
   [Code Root Fixup: 0.0 ms]
   [Clear CT: 0.2 ms]
   [Other: 1.8 ms]
      [Choose CSet: 0.0 ms]
      [Ref Proc: 0.1 ms]
      [Ref Enq: 0.0 ms]
      [Free CSet: 0.2 ms]
   [Eden: 248.0M(248.0M)->0.0B(214.0M) Survivors: 29.0M->35.0M Heap: 851.0M(2048.0M)->783.0M(2048.0M)]
 [Times: user=0.73 sys=0.00, real=0.20 secs] 
151.637: [GC pause (young), 0.1290425 secs]
   [Parallel Time: 127.2 ms, GC Workers: 4]
      [GC Worker Start (ms): Min: 151637.2, Avg: 151637.2, Max: 151637.2, Diff: 0.0]
      [Ext Root Scanning (ms): Min: 0.9, Avg: 0.9, Max: 0.9, Diff: 0.0, Sum: 3.5]
      [Update RS (ms): Min: 19.1, Avg: 19.2, Max: 19.3, Diff: 0.1, Sum: 76.8]
         [Processed Buffers: Min: 188, Avg: 199.8, Max: 213, Diff: 25, Sum: 799]
      [Scan RS (ms): Min: 1.6, Avg: 1.9, Max: 2.7, Diff: 1.1, Sum: 7.6]
      [Object Copy (ms): Min: 104.3, Avg: 105.1, Max: 105.4, Diff: 1.1, Sum: 420.5]
      [Termination (ms): Min: 0.0, Avg: 0.0, Max: 0.0, Diff: 0.0, Sum: 0.0]
      [GC Worker Other (ms): Min: 0.0, Avg: 0.0, Max: 0.0, Diff: 0.0, Sum: 0.1]
      [GC Worker Total (ms): Min: 127.1, Avg: 127.1, Max: 127.1, Diff: 0.0, Sum: 508.5]
      [GC Worker End (ms): Min: 151764.3, Avg: 151764.3, Max: 151764.3, Diff: 0.0]
   [Code Root Fixup: 0.0 ms]
   [Clear CT: 0.4 ms]
   [Other: 1.5 ms]
      [Choose CSet: 0.0 ms]
      [Ref Proc: 0.0 ms]
      [Ref Enq: 0.0 ms]
      [Free CSet: 0.2 ms]
   [Eden: 214.0M(214.0M)->0.0B(243.0M) Survivors: 35.0M->32.0M Heap: 997.0M(2048.0M)->861.5M(2048.0M)]
 [Times: user=0.50 sys=0.00, real=0.13 secs] 
151.985: [GC pause (young), 0.1390291 secs]
   [Parallel Time: 137.2 ms, GC Workers: 4]
      [GC Worker Start (ms): Min: 151985.6, Avg: 151985.6, Max: 151985.6, Diff: 0.0]
      [Ext Root Scanning (ms): Min: 0.9, Avg: 0.9, Max: 0.9, Diff: 0.0, Sum: 3.5]
      [Update RS (ms): Min: 20.1, Avg: 20.2, Max: 20.3, Diff: 0.2, Sum: 80.9]
         [Processed Buffers: Min: 123, Avg: 157.5, Max: 176, Diff: 53, Sum: 630]
      [Scan RS (ms): Min: 0.2, Avg: 0.3, Max: 0.4, Diff: 0.2, Sum: 1.2]
      [Object Copy (ms): Min: 115.7, Avg: 115.7, Max: 115.8, Diff: 0.1, Sum: 462.9]
      [Termination (ms): Min: 0.0, Avg: 0.0, Max: 0.0, Diff: 0.0, Sum: 0.0]
      [GC Worker Other (ms): Min: 0.0, Avg: 0.0, Max: 0.0, Diff: 0.0, Sum: 0.1]
      [GC Worker Total (ms): Min: 137.1, Avg: 137.1, Max: 137.2, Diff: 0.0, Sum: 548.6]
      [GC Worker End (ms): Min: 152122.7, Avg: 152122.7, Max: 152122.7, Diff: 0.0]
   [Code Root Fixup: 0.0 ms]
   [Clear CT: 0.4 ms]
   [Other: 1.5 ms]
      [Choose CSet: 0.0 ms]
      [Ref Proc: 0.0 ms]
      [Ref Enq: 0.0 ms]
      [Free CSet: 0.2 ms]
   [Eden: 243.0M(243.0M)->0.0B(267.0M) Survivors: 32.0M->35.0M Heap: 1104.5M(2048.0M)->968.0M(2048.0M)]
 [Times: user=0.56 sys=0.00, real=0.14 secs] 
152.363: [GC pause (young) (initial-mark), 0.1847310 secs]
   [Parallel Time: 182.7 ms, GC Workers: 4]
      [GC Worker Start (ms): Min: 152363.6, Avg: 152364.1, Max: 152365.3, Diff: 1.7]
      [Ext Root Scanning (ms): Min: 0.0, Avg: 0.9, Max: 1.3, Diff: 1.3, Sum: 3.7]
      [Update RS (ms): Min: 18.7, Avg: 19.0, Max: 19.8, Diff: 1.1, Sum: 76.0]
         [Processed Buffers: Min: 110, Avg: 147.8, Max: 169, Diff: 59, Sum: 591]
      [Scan RS (ms): Min: 0.0, Avg: 0.3, Max: 0.5, Diff: 0.5, Sum: 1.1]
      [Object Copy (ms): Min: 161.5, Avg: 161.9, Max: 162.2, Diff: 0.7, Sum: 647.7]
      [Termination (ms): Min: 0.0, Avg: 0.0, Max: 0.0, Diff: 0.0, Sum: 0.0]
      [GC Worker Other (ms): Min: 0.0, Avg: 0.0, Max: 0.0, Diff: 0.0, Sum: 0.1]
      [GC Worker Total (ms): Min: 180.9, Avg: 182.1, Max: 182.6, Diff: 1.7, Sum: 728.6]
      [GC Worker End (ms): Min: 152546.2, Avg: 152546.2, Max: 152546.2, Diff: 0.0]
   [Code Root Fixup: 0.0 ms]
   [Clear CT: 0.1 ms]
   [Other: 1.9 ms]
      [Choose CSet: 0.0 ms]
      [Ref Proc: 0.0 ms]
      [Ref Enq: 0.0 ms]
      [Free CSet: 0.3 ms]
   [Eden: 267.0M(267.0M)->0.0B(231.0M) Survivors: 35.0M->38.0M Heap: 1235.0M(2048.0M)->1118.0M(2048.0M)]
 [Times: user=0.67 sys=0.00, real=0.18 secs] 
152.548: [GC concurrent-root-region-scan-start]
152.590: [GC concurrent-root-region-scan-end, 0.0417622 secs]
152.590: [GC concurrent-mark-start]
152.808: [GC pause (young), 0.1277452 secs]
   [Parallel Time: 121.9 ms, GC Workers: 4]
      [GC Worker Start (ms): Min: 152808.2, Avg: 152808.2, Max: 152808.2, Diff: 0.0]
      [Ext Root Scanning (ms): Min: 0.9, Avg: 0.9, Max: 0.9, Diff: 0.0, Sum: 3.6]
      [SATB Filtering (ms): Min: 0.0, Avg: 0.8, Max: 3.0, Diff: 3.0, Sum: 3.0]
      [Update RS (ms): Min: 18.6, Avg: 20.9, Max: 21.8, Diff: 3.2, Sum: 83.6]
         [Processed Buffers: Min: 179, Avg: 208.3, Max: 262, Diff: 83, Sum: 833]
      [Scan RS (ms): Min: 2.0, Avg: 2.3, Max: 2.4, Diff: 0.3, Sum: 9.0]
      [Object Copy (ms): Min: 96.6, Avg: 96.6, Max: 96.6, Diff: 0.1, Sum: 386.5]
      [Termination (ms): Min: 0.0, Avg: 0.0, Max: 0.0, Diff: 0.0, Sum: 0.0]
      [GC Worker Other (ms): Min: 0.0, Avg: 0.2, Max: 0.3, Diff: 0.3, Sum: 0.7]
      [GC Worker Total (ms): Min: 121.4, Avg: 121.6, Max: 121.8, Diff: 0.3, Sum: 486.4]
      [GC Worker End (ms): Min: 152929.6, Avg: 152929.7, Max: 152929.9, Diff: 0.3]
   [Code Root Fixup: 0.0 ms]
   [Clear CT: 0.2 ms]
   [Other: 5.7 ms]
      [Choose CSet: 0.0 ms]
      [Ref Proc: 4.3 ms]
      [Ref Enq: 0.0 ms]
      [Free CSet: 0.2 ms]
   [Eden: 231.0M(231.0M)->0.0B(275.0M) Survivors: 38.0M->34.0M Heap: 1349.0M(2048.0M)->1182.5M(2048.0M)]
 [Times: user=0.42 sys=0.00, real=0.13 secs] 
153.192: [GC pause (young), 0.1373427 secs]
   [Parallel Time: 135.8 ms, GC Workers: 4]
      [GC Worker Start (ms): Min: 153192.5, Avg: 153192.6, Max: 153192.6, Diff: 0.0]
      [Ext Root Scanning (ms): Min: 0.8, Avg: 0.9, Max: 0.9, Diff: 0.0, Sum: 3.5]
      [SATB Filtering (ms): Min: 0.0, Avg: 0.7, Max: 2.8, Diff: 2.8, Sum: 2.8]
      [Update RS (ms): Min: 15.9, Avg: 18.0, Max: 18.7, Diff: 2.8, Sum: 71.9]
         [Processed Buffers: Min: 112, Avg: 122.3, Max: 132, Diff: 20, Sum: 489]
      [Scan RS (ms): Min: 0.3, Avg: 0.3, Max: 0.3, Diff: 0.0, Sum: 1.2]
      [Object Copy (ms): Min: 115.9, Avg: 115.9, Max: 115.9, Diff: 0.0, Sum: 463.7]
      [Termination (ms): Min: 0.0, Avg: 0.0, Max: 0.0, Diff: 0.0, Sum: 0.0]
      [GC Worker Other (ms): Min: 0.0, Avg: 0.0, Max: 0.0, Diff: 0.0, Sum: 0.1]
      [GC Worker Total (ms): Min: 135.8, Avg: 135.8, Max: 135.8, Diff: 0.0, Sum: 543.2]
      [GC Worker End (ms): Min: 153328.3, Avg: 153328.4, Max: 153328.4, Diff: 0.0]
   [Code Root Fixup: 0.0 ms]
   [Clear CT: 0.1 ms]
   [Other: 1.4 ms]
      [Choose CSet: 0.0 ms]
      [Ref Proc: 0.0 ms]
      [Ref Enq: 0.0 ms]
      [Free CSet: 0.3 ms]
   [Eden: 275.0M(275.0M)->0.0B(289.0M) Survivors: 34.0M->39.0M Heap: 1457.5M(2048.0M)->1287.0M(2048.0M)]
 [Times: user=0.51 sys=0.00, real=0.14 secs] 
153.371: [GC concurrent-mark-end, 0.7801018 secs]
153.374: [GC remark 153.374: [GC ref-proc, 0.0012014 secs], 0.0024984 secs]
 [Times: user=0.00 sys=0.00, real=0.00 secs] 
153.377: [GC cleanup 1324M->725M(2048M), 0.0014173 secs]
 [Times: user=0.00 sys=0.00, real=0.00 secs] 
153.379: [GC concurrent-cleanup-start]
153.380: [GC concurrent-cleanup-end, 0.0007335 secs]
153.610: [GC pause (young), 0.2124328 secs]
   [Parallel Time: 210.7 ms, GC Workers: 4]
      [GC Worker Start (ms): Min: 153610.2, Avg: 153610.2, Max: 153610.2, Diff: 0.0]
      [Ext Root Scanning (ms): Min: 0.9, Avg: 0.9, Max: 0.9, Diff: 0.0, Sum: 3.5]
      [Update RS (ms): Min: 33.2, Avg: 34.1, Max: 36.4, Diff: 3.2, Sum: 136.2]
         [Processed Buffers: Min: 165, Avg: 181.0, Max: 200, Diff: 35, Sum: 724]
      [Scan RS (ms): Min: 0.0, Avg: 0.2, Max: 0.3, Diff: 0.3, Sum: 0.8]
      [Object Copy (ms): Min: 173.0, Avg: 173.8, Max: 175.8, Diff: 2.8, Sum: 695.0]
      [Termination (ms): Min: 0.0, Avg: 1.5, Max: 2.9, Diff: 2.9, Sum: 6.1]
      [GC Worker Other (ms): Min: 0.0, Avg: 0.0, Max: 0.0, Diff: 0.0, Sum: 0.0]
      [GC Worker Total (ms): Min: 210.4, Avg: 210.4, Max: 210.6, Diff: 0.2, Sum: 841.7]
      [GC Worker End (ms): Min: 153820.6, Avg: 153820.7, Max: 153820.8, Diff: 0.2]
   [Code Root Fixup: 0.0 ms]
   [Clear CT: 0.1 ms]
   [Other: 1.7 ms]
      [Choose CSet: 0.0 ms]
      [Ref Proc: 0.0 ms]
      [Ref Enq: 0.0 ms]
      [Free CSet: 0.3 ms]
   [Eden: 289.0M(289.0M)->0.0B(61.0M) Survivors: 39.0M->41.0M Heap: 977.0M(2048.0M)->856.0M(2048.0M)]
 [Times: user=0.81 sys=0.00, real=0.21 secs] 
153.958: [GC pause (mixed), 0.0899615 secs]
   [Parallel Time: 88.4 ms, GC Workers: 4]
      [GC Worker Start (ms): Min: 153958.6, Avg: 153958.6, Max: 153958.6, Diff: 0.0]
      [Ext Root Scanning (ms): Min: 0.9, Avg: 0.9, Max: 0.9, Diff: 0.0, Sum: 3.5]
      [Update RS (ms): Min: 23.5, Avg: 23.5, Max: 23.5, Diff: 0.0, Sum: 94.0]
         [Processed Buffers: Min: 128, Avg: 129.0, Max: 130, Diff: 2, Sum: 516]
      [Scan RS (ms): Min: 3.7, Avg: 3.8, Max: 3.8, Diff: 0.1, Sum: 15.1]
      [Object Copy (ms): Min: 43.8, Avg: 47.9, Max: 60.2, Diff: 16.4, Sum: 191.7]
      [Termination (ms): Min: 0.0, Avg: 12.3, Max: 16.4, Diff: 16.4, Sum: 49.2]
      [GC Worker Other (ms): Min: 0.0, Avg: 0.0, Max: 0.0, Diff: 0.0, Sum: 0.0]
      [GC Worker Total (ms): Min: 88.4, Avg: 88.4, Max: 88.4, Diff: 0.0, Sum: 353.6]
      [GC Worker End (ms): Min: 154047.0, Avg: 154047.0, Max: 154047.0, Diff: 0.0]
   [Code Root Fixup: 0.0 ms]
   [Clear CT: 0.1 ms]
   [Other: 1.4 ms]
      [Choose CSet: 0.0 ms]
      [Ref Proc: 0.1 ms]
      [Ref Enq: 0.0 ms]
      [Free CSet: 0.4 ms]
   [Eden: 61.0M(61.0M)->0.0B(323.0M) Survivors: 41.0M->3072.0K Heap: 917.0M(2048.0M)->805.0M(2048.0M)]
 [Times: user=0.31 sys=0.00, real=0.09 secs] 
154.343: [GC pause (young), 0.1764263 secs]
   [Parallel Time: 174.1 ms, GC Workers: 4]
      [GC Worker Start (ms): Min: 154343.8, Avg: 154343.8, Max: 154343.8, Diff: 0.0]
      [Ext Root Scanning (ms): Min: 1.1, Avg: 1.6, Max: 2.9, Diff: 1.7, Sum: 6.3]
      [Update RS (ms): Min: 15.8, Avg: 16.7, Max: 17.4, Diff: 1.6, Sum: 66.9]
         [Processed Buffers: Min: 132, Avg: 272.3, Max: 555, Diff: 423, Sum: 1089]
      [Scan RS (ms): Min: 0.0, Avg: 0.1, Max: 0.3, Diff: 0.3, Sum: 0.3]
      [Object Copy (ms): Min: 155.4, Avg: 155.6, Max: 155.9, Diff: 0.5, Sum: 622.6]
      [Termination (ms): Min: 0.0, Avg: 0.0, Max: 0.0, Diff: 0.0, Sum: 0.0]
      [GC Worker Other (ms): Min: 0.0, Avg: 0.0, Max: 0.0, Diff: 0.0, Sum: 0.1]
      [GC Worker Total (ms): Min: 174.0, Avg: 174.0, Max: 174.1, Diff: 0.0, Sum: 696.2]
      [GC Worker End (ms): Min: 154517.8, Avg: 154517.8, Max: 154517.8, Diff: 0.0]
   [Code Root Fixup: 0.0 ms]
   [Clear CT: 0.2 ms]
   [Other: 2.1 ms]
      [Choose CSet: 0.0 ms]
      [Ref Proc: 0.3 ms]
      [Ref Enq: 0.0 ms]
      [Free CSet: 0.3 ms]
   [Eden: 323.0M(323.0M)->0.0B(181.0M) Survivors: 3072.0K->41.0M Heap: 1128.0M(2048.0M)->979.5M(2048.0M)]
 [Times: user=0.62 sys=0.00, real=0.18 secs] 
154.688: [GC pause (young) (initial-mark), 0.1167529 secs]
   [Parallel Time: 112.5 ms, GC Workers: 4]
      [GC Worker Start (ms): Min: 154688.3, Avg: 154688.3, Max: 154688.3, Diff: 0.0]
      [Ext Root Scanning (ms): Min: 0.8, Avg: 0.9, Max: 0.9, Diff: 0.0, Sum: 3.5]
      [Update RS (ms): Min: 18.9, Avg: 19.1, Max: 19.9, Diff: 1.0, Sum: 76.5]
         [Processed Buffers: Min: 161, Avg: 209.5, Max: 267, Diff: 106, Sum: 838]
      [Scan RS (ms): Min: 6.3, Avg: 7.1, Max: 7.5, Diff: 1.1, Sum: 28.6]
      [Object Copy (ms): Min: 84.2, Avg: 84.4, Max: 84.9, Diff: 0.7, Sum: 337.7]
      [Termination (ms): Min: 0.0, Avg: 0.5, Max: 0.7, Diff: 0.7, Sum: 2.0]
      [GC Worker Other (ms): Min: 0.0, Avg: 0.0, Max: 0.0, Diff: 0.0, Sum: 0.0]
      [GC Worker Total (ms): Min: 112.1, Avg: 112.1, Max: 112.1, Diff: 0.1, Sum: 448.3]
      [GC Worker End (ms): Min: 154800.4, Avg: 154800.4, Max: 154800.4, Diff: 0.1]
   [Code Root Fixup: 0.0 ms]
   [Clear CT: 0.5 ms]
   [Other: 3.8 ms]
      [Choose CSet: 0.0 ms]
      [Ref Proc: 2.2 ms]
      [Ref Enq: 0.0 ms]
      [Free CSet: 0.2 ms]
   [Eden: 181.0M(181.0M)->0.0B(212.0M) Survivors: 41.0M->28.0M Heap: 1160.5M(2048.0M)->1032.5M(2048.0M)]
 [Times: user=0.33 sys=0.00, real=0.12 secs] 
154.805: [GC concurrent-root-region-scan-start]
154.838: [GC concurrent-root-region-scan-end, 0.0327413 secs]
154.838: [GC concurrent-mark-start]
154.984: [GC pause (young), 0.0824936 secs]
   [Parallel Time: 75.0 ms, GC Workers: 4]
      [GC Worker Start (ms): Min: 154984.2, Avg: 154986.1, Max: 154988.1, Diff: 3.8]
      [Ext Root Scanning (ms): Min: 0.1, Avg: 0.9, Max: 1.7, Diff: 1.6, Sum: 3.5]
      [SATB Filtering (ms): Min: 0.0, Avg: 0.1, Max: 0.6, Diff: 0.6, Sum: 0.6]
      [Update RS (ms): Min: 17.8, Avg: 18.7, Max: 19.9, Diff: 2.1, Sum: 74.7]
         [Processed Buffers: Min: 111, Avg: 121.5, Max: 133, Diff: 22, Sum: 486]
      [Scan RS (ms): Min: 0.3, Avg: 0.3, Max: 0.3, Diff: 0.0, Sum: 1.1]
      [Object Copy (ms): Min: 50.5, Avg: 50.7, Max: 51.0, Diff: 0.5, Sum: 202.8]
      [Termination (ms): Min: 0.0, Avg: 1.0, Max: 2.2, Diff: 2.2, Sum: 4.1]
      [GC Worker Other (ms): Min: 0.0, Avg: 0.0, Max: 0.0, Diff: 0.0, Sum: 0.0]
      [GC Worker Total (ms): Min: 69.1, Avg: 71.7, Max: 73.8, Diff: 4.7, Sum: 286.8]
      [GC Worker End (ms): Min: 155057.2, Avg: 155057.8, Max: 155058.9, Diff: 1.7]
   [Code Root Fixup: 0.0 ms]
   [Clear CT: 0.2 ms]
   [Other: 7.3 ms]
      [Choose CSet: 0.0 ms]
      [Ref Proc: 6.5 ms]
      [Ref Enq: 0.0 ms]
      [Free CSet: 0.2 ms]
   [Eden: 212.0M(212.0M)->0.0B(303.0M) Survivors: 28.0M->16.0M Heap: 1244.5M(2048.0M)->1049.5M(2048.0M)]
 [Times: user=0.22 sys=0.00, real=0.08 secs] 
155.378: [GC pause (young), 0.0580717 secs]
   [Parallel Time: 57.5 ms, GC Workers: 4]
      [GC Worker Start (ms): Min: 155377.7, Avg: 155379.5, Max: 155384.5, Diff: 6.8]
      [Ext Root Scanning (ms): Min: 0.1, Avg: 0.9, Max: 1.2, Diff: 1.1, Sum: 3.6]
      [SATB Filtering (ms): Min: 0.0, Avg: 0.1, Max: 0.3, Diff: 0.3, Sum: 0.3]
      [Update RS (ms): Min: 12.1, Avg: 16.3, Max: 17.8, Diff: 5.7, Sum: 65.1]
         [Processed Buffers: Min: 75, Avg: 89.3, Max: 100, Diff: 25, Sum: 357]
      [Scan RS (ms): Min: 0.0, Avg: 0.1, Max: 0.1, Diff: 0.1, Sum: 0.3]
      [Object Copy (ms): Min: 38.3, Avg: 38.4, Max: 38.4, Diff: 0.1, Sum: 153.5]
      [Termination (ms): Min: 0.0, Avg: 0.0, Max: 0.0, Diff: 0.0, Sum: 0.0]
      [GC Worker Other (ms): Min: 0.0, Avg: 0.0, Max: 0.0, Diff: 0.0, Sum: 0.1]
      [GC Worker Total (ms): Min: 50.7, Avg: 55.7, Max: 57.5, Diff: 6.8, Sum: 222.9]
      [GC Worker End (ms): Min: 155435.2, Avg: 155435.2, Max: 155435.2, Diff: 0.0]
   [Code Root Fixup: 0.0 ms]
   [Clear CT: 0.1 ms]
   [Other: 0.5 ms]
      [Choose CSet: 0.0 ms]
      [Ref Proc: 0.0 ms]
      [Ref Enq: 0.0 ms]
      [Free CSet: 0.2 ms]
   [Eden: 303.0M(303.0M)->0.0B(345.0M) Survivors: 16.0M->40.0M Heap: 1352.5M(2048.0M)->1076.0M(2048.0M)]
 [Times: user=0.19 sys=0.00, real=0.06 secs] 
155.492: [GC concurrent-mark-end, 0.6533627 secs]
155.497: [GC remark 155.497: [GC ref-proc, 0.0012117 secs], 0.0023502 secs]
 [Times: user=0.00 sys=0.00, real=0.00 secs] 
155.500: [GC cleanup 1128M->488M(2048M), 0.0013938 secs]
 [Times: user=0.00 sys=0.00, real=0.00 secs] 
155.501: [GC concurrent-cleanup-start]
155.502: [GC concurrent-cleanup-end, 0.0008675 secs]
155.757: [GC pause (young), 0.0995398 secs]
   [Parallel Time: 98.2 ms, GC Workers: 4]
      [GC Worker Start (ms): Min: 155757.7, Avg: 155759.0, Max: 155760.0, Diff: 2.2]
      [Ext Root Scanning (ms): Min: 0.0, Avg: 0.9, Max: 2.0, Diff: 2.0, Sum: 3.5]
      [Update RS (ms): Min: 1.4, Avg: 6.0, Max: 17.6, Diff: 16.2, Sum: 23.8]
         [Processed Buffers: Min: 1, Avg: 164.5, Max: 443, Diff: 442, Sum: 658]
      [Scan RS (ms): Min: 0.0, Avg: 0.1, Max: 0.3, Diff: 0.3, Sum: 0.3]
      [Object Copy (ms): Min: 77.5, Avg: 89.3, Max: 93.5, Diff: 16.0, Sum: 357.3]
      [Termination (ms): Min: 0.0, Avg: 0.6, Max: 0.9, Diff: 0.9, Sum: 2.6]
      [GC Worker Other (ms): Min: 0.0, Avg: 0.0, Max: 0.1, Diff: 0.1, Sum: 0.1]
      [GC Worker Total (ms): Min: 96.0, Avg: 96.9, Max: 98.2, Diff: 2.2, Sum: 387.6]
      [GC Worker End (ms): Min: 155855.9, Avg: 155855.9, Max: 155855.9, Diff: 0.0]
   [Code Root Fixup: 0.0 ms]
   [Clear CT: 0.1 ms]
   [Other: 1.2 ms]
      [Choose CSet: 0.0 ms]
      [Ref Proc: 0.0 ms]
      [Ref Enq: 0.0 ms]
      [Free CSet: 0.3 ms]
   [Eden: 345.0M(345.0M)->0.0B(128.0M) Survivors: 40.0M->49.0M Heap: 781.0M(2048.0M)->501.0M(2048.0M)]
 [Times: user=0.31 sys=0.00, real=0.10 secs] 
155.958: [GC pause (young), 0.1297414 secs]
   [Parallel Time: 126.1 ms, GC Workers: 4]
      [GC Worker Start (ms): Min: 155958.0, Avg: 155963.1, Max: 155975.0, Diff: 17.0]
      [Ext Root Scanning (ms): Min: 0.0, Avg: 0.9, Max: 2.1, Diff: 2.0, Sum: 3.4]
      [Update RS (ms): Min: 11.0, Avg: 22.1, Max: 25.9, Diff: 14.9, Sum: 88.4]
         [Processed Buffers: Min: 60, Avg: 113.5, Max: 133, Diff: 73, Sum: 454]
      [Scan RS (ms): Min: 0.0, Avg: 0.0, Max: 0.1, Diff: 0.0, Sum: 0.2]
      [Object Copy (ms): Min: 83.5, Avg: 86.8, Max: 96.7, Diff: 13.2, Sum: 347.4]
      [Termination (ms): Min: 0.0, Avg: 10.1, Max: 14.4, Diff: 14.4, Sum: 40.4]
      [GC Worker Other (ms): Min: 0.0, Avg: 0.0, Max: 0.0, Diff: 0.0, Sum: 0.0]
      [GC Worker Total (ms): Min: 107.7, Avg: 119.9, Max: 124.7, Diff: 17.0, Sum: 479.8]
      [GC Worker End (ms): Min: 156082.7, Avg: 156083.0, Max: 156084.1, Diff: 1.4]
   [Code Root Fixup: 0.0 ms]
   [Clear CT: 0.0 ms]
   [Other: 3.6 ms]
      [Choose CSet: 0.0 ms]
      [Ref Proc: 2.7 ms]
      [Ref Enq: 0.0 ms]
      [Free CSet: 0.1 ms]
   [Eden: 128.0M(128.0M)->0.0B(189.0M) Survivors: 49.0M->23.0M Heap: 629.0M(2048.0M)->542.0M(2048.0M)]
 [Times: user=0.42 sys=0.00, real=0.13 secs] 
156.270: [GC pause (young), 0.1889052 secs]
   [Parallel Time: 186.5 ms, GC Workers: 4]
      [GC Worker Start (ms): Min: 156270.6, Avg: 156270.6, Max: 156270.6, Diff: 0.0]
      [Ext Root Scanning (ms): Min: 0.8, Avg: 0.9, Max: 0.9, Diff: 0.0, Sum: 3.4]
      [Update RS (ms): Min: 30.9, Avg: 30.9, Max: 31.0, Diff: 0.1, Sum: 123.7]
         [Processed Buffers: Min: 167, Avg: 177.5, Max: 189, Diff: 22, Sum: 710]
      [Scan RS (ms): Min: 0.0, Avg: 0.1, Max: 0.1, Diff: 0.1, Sum: 0.2]
      [Object Copy (ms): Min: 154.6, Avg: 154.6, Max: 154.7, Diff: 0.0, Sum: 618.6]
      [Termination (ms): Min: 0.0, Avg: 0.0, Max: 0.0, Diff: 0.0, Sum: 0.0]
      [GC Worker Other (ms): Min: 0.0, Avg: 0.0, Max: 0.0, Diff: 0.0, Sum: 0.0]
      [GC Worker Total (ms): Min: 186.5, Avg: 186.5, Max: 186.5, Diff: 0.0, Sum: 746.0]
      [GC Worker End (ms): Min: 156457.1, Avg: 156457.1, Max: 156457.1, Diff: 0.0]
   [Code Root Fixup: 0.0 ms]
   [Clear CT: 0.2 ms]
   [Other: 2.2 ms]
      [Choose CSet: 0.0 ms]
      [Ref Proc: 0.8 ms]
      [Ref Enq: 0.0 ms]
      [Free CSet: 0.2 ms]
   [Eden: 189.0M(189.0M)->0.0B(133.0M) Survivors: 23.0M->27.0M Heap: 731.0M(2048.0M)->697.0M(2048.0M)]
 [Times: user=0.72 sys=0.00, real=0.19 secs] 
156.623: [GC pause (young), 0.0729637 secs]
   [Parallel Time: 71.5 ms, GC Workers: 4]
      [GC Worker Start (ms): Min: 156623.6, Avg: 156623.8, Max: 156624.5, Diff: 0.9]
      [Ext Root Scanning (ms): Min: 0.3, Avg: 0.9, Max: 1.2, Diff: 0.8, Sum: 3.8]
      [Update RS (ms): Min: 19.8, Avg: 21.1, Max: 22.8, Diff: 3.0, Sum: 84.2]
         [Processed Buffers: Min: 137, Avg: 159.3, Max: 180, Diff: 43, Sum: 637]
      [Scan RS (ms): Min: 0.0, Avg: 1.4, Max: 2.5, Diff: 2.5, Sum: 5.4]
      [Object Copy (ms): Min: 46.6, Avg: 47.0, Max: 47.2, Diff: 0.6, Sum: 188.1]
      [Termination (ms): Min: 0.0, Avg: 0.0, Max: 0.0, Diff: 0.0, Sum: 0.0]
      [GC Worker Other (ms): Min: 0.0, Avg: 0.1, Max: 0.3, Diff: 0.3, Sum: 0.4]
      [GC Worker Total (ms): Min: 70.0, Avg: 70.5, Max: 70.6, Diff: 0.6, Sum: 281.9]
      [GC Worker End (ms): Min: 156694.2, Avg: 156694.3, Max: 156694.5, Diff: 0.3]
   [Code Root Fixup: 0.0 ms]
   [Clear CT: 0.1 ms]
   [Other: 1.4 ms]
      [Choose CSet: 0.0 ms]
      [Ref Proc: 0.4 ms]
      [Ref Enq: 0.0 ms]
      [Free CSet: 0.1 ms]
   [Eden: 133.0M(133.0M)->0.0B(201.0M) Survivors: 27.0M->20.0M Heap: 830.0M(2048.0M)->718.5M(2048.0M)]
 [Times: user=0.23 sys=0.00, real=0.07 secs] 
156.877: [GC pause (young), 0.1350518 secs]
   [Parallel Time: 132.6 ms, GC Workers: 4]
      [GC Worker Start (ms): Min: 156877.7, Avg: 156878.5, Max: 156880.7, Diff: 3.0]
      [Ext Root Scanning (ms): Min: 0.1, Avg: 0.9, Max: 1.2, Diff: 1.2, Sum: 3.7]
      [Update RS (ms): Min: 14.9, Avg: 16.2, Max: 16.7, Diff: 1.7, Sum: 64.8]
         [Processed Buffers: Min: 136, Avg: 154.8, Max: 165, Diff: 29, Sum: 619]
      [Scan RS (ms): Min: 0.1, Avg: 0.1, Max: 0.1, Diff: 0.0, Sum: 0.5]
      [Object Copy (ms): Min: 114.1, Avg: 114.2, Max: 114.3, Diff: 0.2, Sum: 456.8]
      [Termination (ms): Min: 0.0, Avg: 0.0, Max: 0.0, Diff: 0.0, Sum: 0.0]
      [GC Worker Other (ms): Min: 0.0, Avg: 0.0, Max: 0.0, Diff: 0.0, Sum: 0.1]
      [GC Worker Total (ms): Min: 129.3, Avg: 131.5, Max: 132.2, Diff: 3.0, Sum: 526.0]
      [GC Worker End (ms): Min: 157010.0, Avg: 157010.0, Max: 157010.0, Diff: 0.0]
   [Code Root Fixup: 0.0 ms]
   [Clear CT: 0.1 ms]
   [Other: 2.3 ms]
      [Choose CSet: 0.0 ms]
      [Ref Proc: 1.1 ms]
      [Ref Enq: 0.0 ms]
      [Free CSet: 0.2 ms]
   [Eden: 201.0M(201.0M)->0.0B(201.0M) Survivors: 20.0M->28.0M Heap: 919.5M(2048.0M)->833.5M(2048.0M)]
 [Times: user=0.50 sys=0.00, real=0.13 secs] 
157.186: [GC pause (young), 0.1134793 secs]
   [Parallel Time: 111.6 ms, GC Workers: 4]
      [GC Worker Start (ms): Min: 157186.4, Avg: 157186.4, Max: 157186.5, Diff: 0.0]
      [Ext Root Scanning (ms): Min: 0.9, Avg: 0.9, Max: 0.9, Diff: 0.0, Sum: 3.5]
      [Update RS (ms): Min: 20.1, Avg: 20.5, Max: 21.3, Diff: 1.2, Sum: 82.0]
         [Processed Buffers: Min: 148, Avg: 181.8, Max: 223, Diff: 75, Sum: 727]
      [Scan RS (ms): Min: 0.0, Avg: 0.1, Max: 0.3, Diff: 0.3, Sum: 0.6]
      [Object Copy (ms): Min: 89.4, Avg: 90.0, Max: 90.3, Diff: 0.9, Sum: 360.2]
      [Termination (ms): Min: 0.0, Avg: 0.0, Max: 0.0, Diff: 0.0, Sum: 0.0]
      [GC Worker Other (ms): Min: 0.0, Avg: 0.0, Max: 0.0, Diff: 0.0, Sum: 0.1]
      [GC Worker Total (ms): Min: 111.6, Avg: 111.6, Max: 111.6, Diff: 0.0, Sum: 446.2]
      [GC Worker End (ms): Min: 157298.0, Avg: 157298.0, Max: 157298.0, Diff: 0.0]
   [Code Root Fixup: 0.0 ms]
   [Clear CT: 0.2 ms]
   [Other: 1.7 ms]
      [Choose CSet: 0.0 ms]
      [Ref Proc: 0.2 ms]
      [Ref Enq: 0.0 ms]
      [Free CSet: 0.2 ms]
   [Eden: 201.0M(201.0M)->0.0B(230.0M) Survivors: 28.0M->29.0M Heap: 1034.5M(2048.0M)->918.0M(2048.0M)]
 [Times: user=0.41 sys=0.02, real=0.11 secs] 
157.491: [GC pause (young), 0.1010616 secs]
   [Parallel Time: 99.7 ms, GC Workers: 4]
      [GC Worker Start (ms): Min: 157491.8, Avg: 157491.8, Max: 157491.9, Diff: 0.0]
      [Ext Root Scanning (ms): Min: 0.9, Avg: 0.9, Max: 0.9, Diff: 0.0, Sum: 3.6]
      [Update RS (ms): Min: 16.9, Avg: 16.9, Max: 16.9, Diff: 0.0, Sum: 67.6]
         [Processed Buffers: Min: 146, Avg: 159.5, Max: 176, Diff: 30, Sum: 638]
      [Scan RS (ms): Min: 0.2, Avg: 0.2, Max: 0.2, Diff: 0.0, Sum: 0.8]
      [Object Copy (ms): Min: 81.6, Avg: 81.6, Max: 81.7, Diff: 0.0, Sum: 326.6]
      [Termination (ms): Min: 0.0, Avg: 0.0, Max: 0.0, Diff: 0.0, Sum: 0.0]
      [GC Worker Other (ms): Min: 0.0, Avg: 0.0, Max: 0.0, Diff: 0.0, Sum: 0.1]
      [GC Worker Total (ms): Min: 99.7, Avg: 99.7, Max: 99.7, Diff: 0.0, Sum: 398.7]
      [GC Worker End (ms): Min: 157591.5, Avg: 157591.5, Max: 157591.5, Diff: 0.0]
   [Code Root Fixup: 0.0 ms]
   [Clear CT: 0.1 ms]
   [Other: 1.3 ms]
      [Choose CSet: 0.0 ms]
      [Ref Proc: 0.0 ms]
      [Ref Enq: 0.0 ms]
      [Free CSet: 0.2 ms]
   [Eden: 230.0M(230.0M)->0.0B(273.0M) Survivors: 29.0M->33.0M Heap: 1148.0M(2048.0M)->989.5M(2048.0M)]
 [Times: user=0.36 sys=0.00, real=0.10 secs] 
157.823: [GC pause (young) (initial-mark), 0.1056005 secs]
   [Parallel Time: 103.4 ms, GC Workers: 4]
      [GC Worker Start (ms): Min: 157823.5, Avg: 157823.5, Max: 157823.5, Diff: 0.0]
      [Ext Root Scanning (ms): Min: 1.1, Avg: 1.2, Max: 1.3, Diff: 0.2, Sum: 4.6]
      [Update RS (ms): Min: 18.9, Avg: 18.9, Max: 18.9, Diff: 0.1, Sum: 75.6]
         [Processed Buffers: Min: 103, Avg: 125.5, Max: 138, Diff: 35, Sum: 502]
      [Scan RS (ms): Min: 0.2, Avg: 0.2, Max: 0.3, Diff: 0.1, Sum: 0.9]
      [Object Copy (ms): Min: 82.9, Avg: 83.1, Max: 83.1, Diff: 0.2, Sum: 332.3]
      [Termination (ms): Min: 0.0, Avg: 0.0, Max: 0.0, Diff: 0.0, Sum: 0.0]
      [GC Worker Other (ms): Min: 0.0, Avg: 0.0, Max: 0.0, Diff: 0.0, Sum: 0.1]
      [GC Worker Total (ms): Min: 103.4, Avg: 103.4, Max: 103.4, Diff: 0.0, Sum: 413.6]
      [GC Worker End (ms): Min: 157926.9, Avg: 157926.9, Max: 157926.9, Diff: 0.0]
   [Code Root Fixup: 0.0 ms]
   [Clear CT: 0.7 ms]
   [Other: 1.5 ms]
      [Choose CSet: 0.0 ms]
      [Ref Proc: 0.2 ms]
      [Ref Enq: 0.0 ms]
      [Free CSet: 0.3 ms]
   [Eden: 273.0M(273.0M)->0.0B(313.0M) Survivors: 33.0M->39.0M Heap: 1262.5M(2048.0M)->1055.5M(2048.0M)]
 [Times: user=0.34 sys=0.00, real=0.11 secs] 
157.929: [GC concurrent-root-region-scan-start]
157.971: [GC concurrent-root-region-scan-end, 0.0420066 secs]
157.971: [GC concurrent-mark-start]
158.188: [GC pause (young), 0.1075793 secs]
   [Parallel Time: 106.4 ms, GC Workers: 4]
      [GC Worker Start (ms): Min: 158188.3, Avg: 158192.0, Max: 158201.6, Diff: 13.3]
      [Ext Root Scanning (ms): Min: 0.1, Avg: 0.9, Max: 1.5, Diff: 1.5, Sum: 3.4]
      [SATB Filtering (ms): Min: 0.0, Avg: 0.3, Max: 1.1, Diff: 1.1, Sum: 1.1]
      [Update RS (ms): Min: 19.9, Avg: 28.4, Max: 31.7, Diff: 11.8, Sum: 113.5]
         [Processed Buffers: Min: 107, Avg: 152.3, Max: 171, Diff: 64, Sum: 609]
      [Scan RS (ms): Min: 0.0, Avg: 0.1, Max: 0.2, Diff: 0.2, Sum: 0.5]
      [Object Copy (ms): Min: 68.4, Avg: 70.6, Max: 72.9, Diff: 4.5, Sum: 282.2]
      [Termination (ms): Min: 0.0, Avg: 2.4, Max: 4.7, Diff: 4.7, Sum: 9.7]
      [GC Worker Other (ms): Min: 0.0, Avg: 0.0, Max: 0.0, Diff: 0.0, Sum: 0.1]
      [GC Worker Total (ms): Min: 93.0, Avg: 102.6, Max: 106.3, Diff: 13.4, Sum: 410.5]
      [GC Worker End (ms): Min: 158294.5, Avg: 158294.6, Max: 158294.6, Diff: 0.0]
   [Code Root Fixup: 0.0 ms]
   [Clear CT: 0.1 ms]
   [Other: 1.0 ms]
      [Choose CSet: 0.0 ms]
      [Ref Proc: 0.1 ms]
      [Ref Enq: 0.0 ms]
      [Free CSet: 0.3 ms]
   [Eden: 313.0M(313.0M)->0.0B(343.0M) Survivors: 39.0M->43.0M Heap: 1368.5M(2048.0M)->1099.5M(2048.0M)]
 [Times: user=0.38 sys=0.00, real=0.11 secs] 
158.529: [GC concurrent-mark-end, 0.5584483 secs]
158.530: [GC remark 158.532: [GC ref-proc, 0.0012130 secs], 0.0039436 secs]
 [Times: user=0.03 sys=0.00, real=0.00 secs] 
158.534: [GC cleanup 1375M->754M(2048M), 0.0015837 secs]
 [Times: user=0.00 sys=0.00, real=0.00 secs] 
158.536: [GC concurrent-cleanup-start]
158.537: [GC concurrent-cleanup-end, 0.0007171 secs]
158.599: [GC pause (young), 0.1345130 secs]
   [Parallel Time: 132.9 ms, GC Workers: 4]
      [GC Worker Start (ms): Min: 158599.4, Avg: 158599.9, Max: 158600.4, Diff: 1.0]
      [Ext Root Scanning (ms): Min: 0.5, Avg: 0.9, Max: 1.4, Diff: 0.9, Sum: 3.7]
      [Update RS (ms): Min: 20.9, Avg: 20.9, Max: 21.0, Diff: 0.1, Sum: 83.8]
         [Processed Buffers: Min: 117, Avg: 128.5, Max: 141, Diff: 24, Sum: 514]
      [Scan RS (ms): Min: 0.0, Avg: 0.1, Max: 0.1, Diff: 0.1, Sum: 0.3]
      [Object Copy (ms): Min: 110.3, Avg: 110.4, Max: 110.4, Diff: 0.1, Sum: 441.6]
      [Termination (ms): Min: 0.0, Avg: 0.0, Max: 0.0, Diff: 0.0, Sum: 0.0]
      [GC Worker Other (ms): Min: 0.0, Avg: 0.0, Max: 0.0, Diff: 0.0, Sum: 0.1]
      [GC Worker Total (ms): Min: 131.9, Avg: 132.3, Max: 132.9, Diff: 1.0, Sum: 529.4]
      [GC Worker End (ms): Min: 158732.3, Avg: 158732.3, Max: 158732.3, Diff: 0.0]
   [Code Root Fixup: 0.0 ms]
   [Clear CT: 0.1 ms]
   [Other: 1.5 ms]
      [Choose CSet: 0.0 ms]
      [Ref Proc: 0.0 ms]
      [Ref Enq: 0.0 ms]
      [Free CSet: 0.3 ms]
   [Eden: 343.0M(343.0M)->0.0B(346.0M) Survivors: 43.0M->49.0M Heap: 821.5M(2048.0M)->571.0M(2048.0M)]
 [Times: user=0.47 sys=0.00, real=0.13 secs] 
159.050: [GC pause (young), 0.1677803 secs]
   [Parallel Time: 164.3 ms, GC Workers: 4]
      [GC Worker Start (ms): Min: 159050.8, Avg: 159050.8, Max: 159050.9, Diff: 0.2]
      [Ext Root Scanning (ms): Min: 0.8, Avg: 0.9, Max: 1.0, Diff: 0.2, Sum: 3.7]
      [Update RS (ms): Min: 17.3, Avg: 17.3, Max: 17.5, Diff: 0.2, Sum: 69.4]
         [Processed Buffers: Min: 120, Avg: 134.3, Max: 149, Diff: 29, Sum: 537]
      [Scan RS (ms): Min: 1.1, Avg: 1.3, Max: 1.4, Diff: 0.2, Sum: 5.1]
      [Object Copy (ms): Min: 144.3, Avg: 144.4, Max: 144.6, Diff: 0.3, Sum: 577.5]
      [Termination (ms): Min: 0.0, Avg: 0.0, Max: 0.0, Diff: 0.0, Sum: 0.0]
      [GC Worker Other (ms): Min: 0.0, Avg: 0.0, Max: 0.0, Diff: 0.0, Sum: 0.1]
      [GC Worker Total (ms): Min: 163.8, Avg: 163.9, Max: 164.0, Diff: 0.2, Sum: 655.7]
      [GC Worker End (ms): Min: 159214.7, Avg: 159214.7, Max: 159214.8, Diff: 0.0]
   [Code Root Fixup: 0.0 ms]
   [Clear CT: 0.3 ms]
   [Other: 3.2 ms]
      [Choose CSet: 0.0 ms]
      [Ref Proc: 1.4 ms]
      [Ref Enq: 0.0 ms]
      [Free CSet: 0.3 ms]
   [Eden: 331.0M(331.0M)->0.0B(326.0M) Survivors: 49.0M->48.0M Heap: 902.0M(2048.0M)->707.0M(2048.0M)]
 [Times: user=0.62 sys=0.00, real=0.17 secs] 
159.556: [GC pause (young), 0.2164251 secs]
   [Parallel Time: 211.9 ms, GC Workers: 4]
      [GC Worker Start (ms): Min: 159556.0, Avg: 159556.0, Max: 159556.1, Diff: 0.2]
      [Ext Root Scanning (ms): Min: 0.2, Avg: 0.9, Max: 1.1, Diff: 0.9, Sum: 3.5]
      [Update RS (ms): Min: 1.5, Avg: 20.3, Max: 31.2, Diff: 29.7, Sum: 81.1]
         [Processed Buffers: Min: 75, Avg: 185.8, Max: 277, Diff: 202, Sum: 743]
      [Scan RS (ms): Min: 0.0, Avg: 1.1, Max: 1.6, Diff: 1.5, Sum: 4.5]
      [Object Copy (ms): Min: 179.5, Avg: 189.5, Max: 208.8, Diff: 29.3, Sum: 758.0]
      [Termination (ms): Min: 0.0, Avg: 0.0, Max: 0.0, Diff: 0.0, Sum: 0.0]
      [GC Worker Other (ms): Min: 0.0, Avg: 0.0, Max: 0.0, Diff: 0.0, Sum: 0.1]
      [GC Worker Total (ms): Min: 211.7, Avg: 211.8, Max: 211.8, Diff: 0.2, Sum: 847.2]
      [GC Worker End (ms): Min: 159767.8, Avg: 159767.8, Max: 159767.8, Diff: 0.0]
   [Code Root Fixup: 0.0 ms]
   [Clear CT: 0.4 ms]
   [Other: 4.2 ms]
      [Choose CSet: 0.0 ms]
      [Ref Proc: 2.3 ms]
      [Ref Enq: 0.0 ms]
      [Free CSet: 0.3 ms]
   [Eden: 318.0M(318.0M)->0.0B(256.0M) Survivors: 48.0M->46.0M Heap: 1025.0M(2048.0M)->860.0M(2048.0M)]
 [Times: user=0.76 sys=0.00, real=0.22 secs] 
159.958: [GC pause (young), 0.0742274 secs]
   [Parallel Time: 72.5 ms, GC Workers: 4]
      [GC Worker Start (ms): Min: 159958.6, Avg: 159958.6, Max: 159958.6, Diff: 0.0]
      [Ext Root Scanning (ms): Min: 0.9, Avg: 0.9, Max: 0.9, Diff: 0.0, Sum: 3.6]
      [Update RS (ms): Min: 20.0, Avg: 20.1, Max: 20.1, Diff: 0.0, Sum: 80.2]
         [Processed Buffers: Min: 132, Avg: 140.0, Max: 160, Diff: 28, Sum: 560]
      [Scan RS (ms): Min: 3.5, Avg: 3.5, Max: 3.6, Diff: 0.1, Sum: 14.2]
      [Object Copy (ms): Min: 45.4, Avg: 46.1, Max: 47.9, Diff: 2.5, Sum: 184.4]
      [Termination (ms): Min: 0.0, Avg: 1.8, Max: 2.4, Diff: 2.4, Sum: 7.1]
      [GC Worker Other (ms): Min: 0.0, Avg: 0.0, Max: 0.0, Diff: 0.0, Sum: 0.0]
      [GC Worker Total (ms): Min: 72.4, Avg: 72.4, Max: 72.4, Diff: 0.1, Sum: 289.5]
      [GC Worker End (ms): Min: 160030.9, Avg: 160030.9, Max: 160031.0, Diff: 0.1]
   [Code Root Fixup: 0.0 ms]
   [Clear CT: 0.4 ms]
   [Other: 1.3 ms]
      [Choose CSet: 0.0 ms]
      [Ref Proc: 0.1 ms]
      [Ref Enq: 0.0 ms]
      [Free CSet: 0.3 ms]
   [Eden: 247.0M(247.0M)->0.0B(459.0M) Survivors: 46.0M->9216.0K Heap: 1107.0M(2048.0M)->869.0M(2048.0M)]
 [Times: user=0.27 sys=0.00, real=0.07 secs] 
160.451: [GC pause (young), 0.2252857 secs]
   [Parallel Time: 223.1 ms, GC Workers: 4]
      [GC Worker Start (ms): Min: 160451.3, Avg: 160451.3, Max: 160451.3, Diff: 0.0]
      [Ext Root Scanning (ms): Min: 1.1, Avg: 1.2, Max: 1.4, Diff: 0.2, Sum: 4.8]
      [Update RS (ms): Min: 12.5, Avg: 12.6, Max: 12.7, Diff: 0.1, Sum: 50.5]
         [Processed Buffers: Min: 182, Avg: 211.8, Max: 229, Diff: 47, Sum: 847]
      [Scan RS (ms): Min: 0.1, Avg: 0.2, Max: 0.2, Diff: 0.0, Sum: 0.6]
      [Object Copy (ms): Min: 209.0, Avg: 209.0, Max: 209.1, Diff: 0.1, Sum: 836.2]
      [Termination (ms): Min: 0.0, Avg: 0.0, Max: 0.0, Diff: 0.0, Sum: 0.0]
      [GC Worker Other (ms): Min: 0.0, Avg: 0.0, Max: 0.0, Diff: 0.0, Sum: 0.1]
      [GC Worker Total (ms): Min: 223.0, Avg: 223.0, Max: 223.1, Diff: 0.0, Sum: 892.2]
      [GC Worker End (ms): Min: 160674.3, Avg: 160674.3, Max: 160674.3, Diff: 0.0]
   [Code Root Fixup: 0.0 ms]
   [Clear CT: 0.2 ms]
   [Other: 2.0 ms]
      [Choose CSet: 0.0 ms]
      [Ref Proc: 0.0 ms]
      [Ref Enq: 0.0 ms]
      [Free CSet: 0.4 ms]
   [Eden: 459.0M(459.0M)->0.0B(233.0M) Survivors: 9216.0K->59.0M Heap: 1328.0M(2048.0M)->1120.5M(2048.0M)]
 [Times: user=0.83 sys=0.02, real=0.22 secs] 
160.973: [GC pause (young) (initial-mark), 0.1876848 secs]
   [Parallel Time: 185.1 ms, GC Workers: 4]
      [GC Worker Start (ms): Min: 160973.6, Avg: 160974.0, Max: 160975.1, Diff: 1.5]
      [Ext Root Scanning (ms): Min: 0.0, Avg: 0.9, Max: 1.2, Diff: 1.1, Sum: 3.5]
      [Update RS (ms): Min: 16.9, Avg: 17.6, Max: 19.2, Diff: 2.3, Sum: 70.4]
         [Processed Buffers: Min: 168, Avg: 245.5, Max: 318, Diff: 150, Sum: 982]
      [Scan RS (ms): Min: 24.2, Avg: 29.1, Max: 38.9, Diff: 14.8, Sum: 116.4]
      [Object Copy (ms): Min: 127.4, Avg: 137.1, Max: 140.4, Diff: 13.0, Sum: 548.4]
      [Termination (ms): Min: 0.0, Avg: 0.0, Max: 0.0, Diff: 0.0, Sum: 0.0]
      [GC Worker Other (ms): Min: 0.0, Avg: 0.0, Max: 0.0, Diff: 0.0, Sum: 0.1]
      [GC Worker Total (ms): Min: 183.6, Avg: 184.7, Max: 185.1, Diff: 1.5, Sum: 738.7]
      [GC Worker End (ms): Min: 161158.6, Avg: 161158.6, Max: 161158.6, Diff: 0.0]
   [Code Root Fixup: 0.0 ms]
   [Clear CT: 0.2 ms]
   [Other: 2.4 ms]
      [Choose CSet: 0.0 ms]
      [Ref Proc: 0.0 ms]
      [Ref Enq: 0.0 ms]
      [Free CSet: 0.3 ms]
   [Eden: 233.0M(233.0M)->0.0B(123.0M) Survivors: 59.0M->37.0M Heap: 1353.5M(2048.0M)->1214.5M(2048.0M)]
 [Times: user=0.64 sys=0.00, real=0.19 secs] 
161.168: [GC concurrent-root-region-scan-start]
161.269: [GC concurrent-root-region-scan-end, 0.1011595 secs]
161.269: [GC concurrent-mark-start]
161.386: [GC pause (young), 0.0917694 secs]
   [Parallel Time: 89.4 ms, GC Workers: 4]
      [GC Worker Start (ms): Min: 161386.5, Avg: 161394.3, Max: 161412.9, Diff: 26.4]
      [Ext Root Scanning (ms): Min: 0.0, Avg: 0.9, Max: 2.5, Diff: 2.4, Sum: 3.6]
      [SATB Filtering (ms): Min: 0.0, Avg: 0.0, Max: 0.1, Diff: 0.1, Sum: 0.1]
      [Update RS (ms): Min: 0.1, Avg: 20.6, Max: 34.5, Diff: 34.4, Sum: 82.3]
         [Processed Buffers: Min: 6, Avg: 101.3, Max: 141, Diff: 135, Sum: 405]
      [Scan RS (ms): Min: 0.0, Avg: 1.8, Max: 2.4, Diff: 2.4, Sum: 7.3]
      [Object Copy (ms): Min: 49.7, Avg: 56.2, Max: 58.4, Diff: 8.7, Sum: 224.7]
      [Termination (ms): Min: 0.0, Avg: 0.3, Max: 0.7, Diff: 0.7, Sum: 1.1]
      [GC Worker Other (ms): Min: 0.0, Avg: 0.0, Max: 0.0, Diff: 0.0, Sum: 0.0]
      [GC Worker Total (ms): Min: 61.6, Avg: 79.8, Max: 87.3, Diff: 25.7, Sum: 319.2]
      [GC Worker End (ms): Min: 161473.8, Avg: 161474.0, Max: 161474.5, Diff: 0.7]
   [Code Root Fixup: 0.0 ms]
   [Clear CT: 0.2 ms]
   [Other: 2.2 ms]
      [Choose CSet: 0.0 ms]
      [Ref Proc: 1.2 ms]
      [Ref Enq: 0.0 ms]
      [Free CSet: 0.3 ms]
   [Eden: 123.0M(123.0M)->0.0B(222.0M) Survivors: 37.0M->8192.0K Heap: 1337.5M(2048.0M)->1223.5M(2048.0M)]
 [Times: user=0.22 sys=0.00, real=0.09 secs] 
161.726: [GC pause (young), 0.0802492 secs]
   [Parallel Time: 79.3 ms, GC Workers: 4]
      [GC Worker Start (ms): Min: 161726.2, Avg: 161730.0, Max: 161738.4, Diff: 12.2]
      [Ext Root Scanning (ms): Min: 0.1, Avg: 0.9, Max: 1.9, Diff: 1.9, Sum: 3.7]
      [SATB Filtering (ms): Min: 0.0, Avg: 0.4, Max: 1.7, Diff: 1.7, Sum: 1.7]
      [Update RS (ms): Min: 15.7, Avg: 23.0, Max: 26.8, Diff: 11.0, Sum: 91.9]
         [Processed Buffers: Min: 134, Avg: 217.3, Max: 281, Diff: 147, Sum: 869]
      [Scan RS (ms): Min: 0.0, Avg: 0.1, Max: 0.1, Diff: 0.1, Sum: 0.2]
      [Object Copy (ms): Min: 50.6, Avg: 51.2, Max: 51.4, Diff: 0.8, Sum: 204.6]
      [Termination (ms): Min: 0.0, Avg: 0.0, Max: 0.0, Diff: 0.0, Sum: 0.0]
      [GC Worker Other (ms): Min: 0.0, Avg: 0.0, Max: 0.0, Diff: 0.0, Sum: 0.1]
      [GC Worker Total (ms): Min: 67.1, Avg: 75.5, Max: 79.3, Diff: 12.2, Sum: 302.2]
      [GC Worker End (ms): Min: 161805.5, Avg: 161805.6, Max: 161805.6, Diff: 0.0]
   [Code Root Fixup: 0.0 ms]
   [Clear CT: 0.1 ms]
   [Other: 0.8 ms]
      [Choose CSet: 0.0 ms]
      [Ref Proc: 0.0 ms]
      [Ref Enq: 0.0 ms]
      [Free CSet: 0.2 ms]
   [Eden: 222.0M(222.0M)->0.0B(234.0M) Survivors: 8192.0K->29.0M Heap: 1445.5M(2048.0M)->1275.5M(2048.0M)]
 [Times: user=0.30 sys=0.00, real=0.08 secs] 
161.918: [GC concurrent-mark-end, 0.6489964 secs]
161.919: [GC remark 161.919: [GC ref-proc, 0.0012322 secs], 0.0026565 secs]
 [Times: user=0.00 sys=0.00, real=0.00 secs] 
161.922: [GC cleanup 1401M->570M(2048M), 0.0016867 secs]
 [Times: user=0.00 sys=0.00, real=0.00 secs] 
161.924: [GC concurrent-cleanup-start]
161.925: [GC concurrent-cleanup-end, 0.0010039 secs]
162.023: [GC pause (young), 0.1416109 secs]
   [Parallel Time: 140.2 ms, GC Workers: 4]
      [GC Worker Start (ms): Min: 162023.4, Avg: 162023.4, Max: 162023.4, Diff: 0.0]
      [Ext Root Scanning (ms): Min: 0.9, Avg: 0.9, Max: 0.9, Diff: 0.0, Sum: 3.7]
      [Update RS (ms): Min: 12.8, Avg: 12.8, Max: 12.9, Diff: 0.1, Sum: 51.2]
         [Processed Buffers: Min: 58, Avg: 62.8, Max: 69, Diff: 11, Sum: 251]
      [Scan RS (ms): Min: 0.0, Avg: 0.1, Max: 0.1, Diff: 0.1, Sum: 0.2]
      [Object Copy (ms): Min: 126.3, Avg: 126.3, Max: 126.3, Diff: 0.0, Sum: 505.3]
      [Termination (ms): Min: 0.0, Avg: 0.0, Max: 0.0, Diff: 0.0, Sum: 0.0]
      [GC Worker Other (ms): Min: 0.0, Avg: 0.0, Max: 0.0, Diff: 0.0, Sum: 0.1]
      [GC Worker Total (ms): Min: 140.1, Avg: 140.1, Max: 140.1, Diff: 0.0, Sum: 560.5]
      [GC Worker End (ms): Min: 162163.5, Avg: 162163.5, Max: 162163.5, Diff: 0.0]
   [Code Root Fixup: 0.0 ms]
   [Clear CT: 0.1 ms]
   [Other: 1.4 ms]
      [Choose CSet: 0.0 ms]
      [Ref Proc: 0.0 ms]
      [Ref Enq: 0.0 ms]
      [Free CSet: 0.2 ms]
   [Eden: 234.0M(234.0M)->0.0B(231.0M) Survivors: 29.0M->33.0M Heap: 678.5M(2048.0M)->556.5M(2048.0M)]
 [Times: user=0.51 sys=0.00, real=0.14 secs] 
162.398: [GC pause (young), 0.1500836 secs]
   [Parallel Time: 145.7 ms, GC Workers: 4]
      [GC Worker Start (ms): Min: 162398.7, Avg: 162398.7, Max: 162398.7, Diff: 0.0]
      [Ext Root Scanning (ms): Min: 1.1, Avg: 1.1, Max: 1.3, Diff: 0.2, Sum: 4.6]
      [Update RS (ms): Min: 16.3, Avg: 16.4, Max: 16.5, Diff: 0.2, Sum: 65.5]
         [Processed Buffers: Min: 138, Avg: 171.8, Max: 212, Diff: 74, Sum: 687]
      [Scan RS (ms): Min: 1.9, Avg: 2.0, Max: 2.1, Diff: 0.2, Sum: 7.9]
      [Object Copy (ms): Min: 126.1, Avg: 126.1, Max: 126.2, Diff: 0.1, Sum: 504.6]
      [Termination (ms): Min: 0.0, Avg: 0.0, Max: 0.0, Diff: 0.0, Sum: 0.0]
      [GC Worker Other (ms): Min: 0.0, Avg: 0.0, Max: 0.0, Diff: 0.0, Sum: 0.1]
      [GC Worker Total (ms): Min: 145.6, Avg: 145.7, Max: 145.7, Diff: 0.0, Sum: 582.7]
      [GC Worker End (ms): Min: 162544.4, Avg: 162544.4, Max: 162544.4, Diff: 0.0]
   [Code Root Fixup: 0.0 ms]
   [Clear CT: 1.6 ms]
   [Other: 2.8 ms]
      [Choose CSet: 0.0 ms]
      [Ref Proc: 0.9 ms]
      [Ref Enq: 0.0 ms]
      [Free CSet: 0.2 ms]
   [Eden: 231.0M(231.0M)->0.0B(236.0M) Survivors: 33.0M->33.0M Heap: 787.5M(2048.0M)->675.5M(2048.0M)]
 [Times: user=0.56 sys=0.00, real=0.15 secs] 
162.769: [GC pause (young), 0.1373902 secs]
   [Parallel Time: 135.9 ms, GC Workers: 4]
      [GC Worker Start (ms): Min: 162769.7, Avg: 162777.8, Max: 162801.9, Diff: 32.1]
      [Ext Root Scanning (ms): Min: 0.1, Avg: 0.9, Max: 1.2, Diff: 1.1, Sum: 3.6]
      [Update RS (ms): Min: 0.0, Avg: 15.6, Max: 20.8, Diff: 20.8, Sum: 62.3]
         [Processed Buffers: Min: 0, Avg: 180.5, Max: 247, Diff: 247, Sum: 722]
      [Scan RS (ms): Min: 0.0, Avg: 0.2, Max: 0.2, Diff: 0.2, Sum: 0.7]
      [Object Copy (ms): Min: 103.6, Avg: 111.1, Max: 113.7, Diff: 10.1, Sum: 444.6]
      [Termination (ms): Min: 0.0, Avg: 0.0, Max: 0.0, Diff: 0.0, Sum: 0.0]
      [GC Worker Other (ms): Min: 0.0, Avg: 0.0, Max: 0.0, Diff: 0.0, Sum: 0.1]
      [GC Worker Total (ms): Min: 103.7, Avg: 127.8, Max: 135.8, Diff: 32.1, Sum: 511.2]
      [GC Worker End (ms): Min: 162905.6, Avg: 162905.6, Max: 162905.6, Diff: 0.0]
   [Code Root Fixup: 0.0 ms]
   [Clear CT: 0.1 ms]
   [Other: 1.4 ms]
      [Choose CSet: 0.0 ms]
      [Ref Proc: 0.0 ms]
      [Ref Enq: 0.0 ms]
      [Free CSet: 0.3 ms]
   [Eden: 236.0M(236.0M)->0.0B(250.0M) Survivors: 33.0M->34.0M Heap: 911.5M(2048.0M)->757.5M(2048.0M)]
 [Times: user=0.45 sys=0.00, real=0.14 secs] 
163.114: [GC pause (young), 0.1348588 secs]
   [Parallel Time: 132.9 ms, GC Workers: 4]
      [GC Worker Start (ms): Min: 163114.0, Avg: 163118.5, Max: 163131.6, Diff: 17.5]
      [Ext Root Scanning (ms): Min: 0.1, Avg: 0.9, Max: 1.3, Diff: 1.2, Sum: 3.6]
      [Update RS (ms): Min: 4.9, Avg: 17.1, Max: 21.2, Diff: 16.3, Sum: 68.3]
         [Processed Buffers: Min: 88, Avg: 154.5, Max: 201, Diff: 113, Sum: 618]
      [Scan RS (ms): Min: 0.8, Avg: 0.8, Max: 0.8, Diff: 0.0, Sum: 3.3]
      [Object Copy (ms): Min: 109.5, Avg: 109.6, Max: 109.6, Diff: 0.1, Sum: 438.4]
      [Termination (ms): Min: 0.0, Avg: 0.0, Max: 0.0, Diff: 0.0, Sum: 0.0]
      [GC Worker Other (ms): Min: 0.0, Avg: 0.0, Max: 0.0, Diff: 0.0, Sum: 0.1]
      [GC Worker Total (ms): Min: 115.3, Avg: 128.4, Max: 132.9, Diff: 17.5, Sum: 513.7]
      [GC Worker End (ms): Min: 163246.9, Avg: 163246.9, Max: 163246.9, Diff: 0.0]
   [Code Root Fixup: 0.0 ms]
   [Clear CT: 0.1 ms]
   [Other: 1.8 ms]
      [Choose CSet: 0.0 ms]
      [Ref Proc: 0.3 ms]
      [Ref Enq: 0.0 ms]
      [Free CSet: 0.3 ms]
   [Eden: 250.0M(250.0M)->0.0B(278.0M) Survivors: 34.0M->36.0M Heap: 1007.5M(2048.0M)->863.0M(2048.0M)]
 [Times: user=0.50 sys=0.00, real=0.13 secs] 
163.474: [GC pause (young), 0.1279530 secs]
   [Parallel Time: 126.2 ms, GC Workers: 4]
      [GC Worker Start (ms): Min: 163474.3, Avg: 163475.2, Max: 163477.9, Diff: 3.6]
      [Ext Root Scanning (ms): Min: 0.1, Avg: 0.9, Max: 1.2, Diff: 1.1, Sum: 3.6]
      [Update RS (ms): Min: 18.0, Avg: 20.3, Max: 22.7, Diff: 4.6, Sum: 81.3]
         [Processed Buffers: Min: 127, Avg: 182.5, Max: 223, Diff: 96, Sum: 730]
      [Scan RS (ms): Min: 0.0, Avg: 0.4, Max: 0.5, Diff: 0.5, Sum: 1.4]
      [Object Copy (ms): Min: 102.3, Avg: 103.7, Max: 104.2, Diff: 1.9, Sum: 414.8]
      [Termination (ms): Min: 0.0, Avg: 0.0, Max: 0.0, Diff: 0.0, Sum: 0.0]
      [GC Worker Other (ms): Min: 0.0, Avg: 0.0, Max: 0.0, Diff: 0.0, Sum: 0.1]
      [GC Worker Total (ms): Min: 122.6, Avg: 125.3, Max: 126.2, Diff: 3.6, Sum: 501.2]
      [GC Worker End (ms): Min: 163600.5, Avg: 163600.5, Max: 163600.5, Diff: 0.0]
   [Code Root Fixup: 0.0 ms]
   [Clear CT: 0.1 ms]
   [Other: 1.6 ms]
      [Choose CSet: 0.0 ms]
      [Ref Proc: 0.2 ms]
      [Ref Enq: 0.0 ms]
      [Free CSet: 0.3 ms]
   [Eden: 278.0M(278.0M)->0.0B(305.0M) Survivors: 36.0M->40.0M Heap: 1141.0M(2048.0M)->954.5M(2048.0M)]
 [Times: user=0.48 sys=0.00, real=0.13 secs] 
163.868: [GC pause (young), 0.1403370 secs]
   [Parallel Time: 138.5 ms, GC Workers: 4]
      [GC Worker Start (ms): Min: 163868.6, Avg: 163870.7, Max: 163876.8, Diff: 8.2]
      [Ext Root Scanning (ms): Min: 0.2, Avg: 1.0, Max: 1.3, Diff: 1.1, Sum: 4.1]
      [Update RS (ms): Min: 12.4, Avg: 18.2, Max: 21.1, Diff: 8.6, Sum: 73.0]
         [Processed Buffers: Min: 112, Avg: 143.0, Max: 157, Diff: 45, Sum: 572]
      [Scan RS (ms): Min: 0.0, Avg: 1.1, Max: 1.7, Diff: 1.7, Sum: 4.4]
      [Object Copy (ms): Min: 115.9, Avg: 116.0, Max: 116.0, Diff: 0.1, Sum: 464.0]
      [Termination (ms): Min: 0.0, Avg: 0.0, Max: 0.0, Diff: 0.0, Sum: 0.0]
      [GC Worker Other (ms): Min: 0.0, Avg: 0.0, Max: 0.0, Diff: 0.0, Sum: 0.1]
      [GC Worker Total (ms): Min: 130.2, Avg: 136.4, Max: 138.4, Diff: 8.2, Sum: 545.5]
      [GC Worker End (ms): Min: 164007.1, Avg: 164007.1, Max: 164007.1, Diff: 0.0]
   [Code Root Fixup: 0.0 ms]
   [Clear CT: 0.1 ms]
   [Other: 1.8 ms]
      [Choose CSet: 0.0 ms]
      [Ref Proc: 0.0 ms]
      [Ref Enq: 0.0 ms]
      [Free CSet: 0.4 ms]
   [Eden: 305.0M(305.0M)->0.0B(330.0M) Survivors: 40.0M->44.0M Heap: 1259.5M(2048.0M)->1060.5M(2048.0M)]
 [Times: user=0.50 sys=0.00, real=0.14 secs] 
164.296: [GC pause (young) (initial-mark), 0.1747069 secs]
   [Parallel Time: 172.5 ms, GC Workers: 4]
      [GC Worker Start (ms): Min: 164296.2, Avg: 164296.2, Max: 164296.2, Diff: 0.0]
      [Ext Root Scanning (ms): Min: 1.1, Avg: 1.3, Max: 1.9, Diff: 0.7, Sum: 5.3]
      [Update RS (ms): Min: 18.6, Avg: 19.7, Max: 22.0, Diff: 3.4, Sum: 78.8]
         [Processed Buffers: Min: 137, Avg: 152.3, Max: 166, Diff: 29, Sum: 609]
      [Scan RS (ms): Min: 0.0, Avg: 0.6, Max: 0.8, Diff: 0.7, Sum: 2.2]
      [Object Copy (ms): Min: 149.3, Avg: 150.9, Max: 151.5, Diff: 2.2, Sum: 603.5]
      [Termination (ms): Min: 0.0, Avg: 0.0, Max: 0.0, Diff: 0.0, Sum: 0.0]
      [GC Worker Other (ms): Min: 0.0, Avg: 0.0, Max: 0.0, Diff: 0.0, Sum: 0.1]
      [GC Worker Total (ms): Min: 172.5, Avg: 172.5, Max: 172.5, Diff: 0.0, Sum: 689.9]
      [GC Worker End (ms): Min: 164468.7, Avg: 164468.7, Max: 164468.7, Diff: 0.0]
   [Code Root Fixup: 0.0 ms]
   [Clear CT: 0.1 ms]
   [Other: 2.1 ms]
      [Choose CSet: 0.0 ms]
      [Ref Proc: 0.2 ms]
      [Ref Enq: 0.0 ms]
      [Free CSet: 0.3 ms]
   [Eden: 330.0M(330.0M)->0.0B(284.0M) Survivors: 44.0M->47.0M Heap: 1390.5M(2048.0M)->1209.5M(2048.0M)]
 [Times: user=0.66 sys=0.02, real=0.17 secs] 
164.471: [GC concurrent-root-region-scan-start]
164.521: [GC concurrent-root-region-scan-end, 0.0506086 secs]
164.521: [GC concurrent-mark-start]
164.789: [GC pause (young), 0.0882075 secs]
   [Parallel Time: 85.5 ms, GC Workers: 4]
      [GC Worker Start (ms): Min: 164789.0, Avg: 164789.0, Max: 164789.0, Diff: 0.0]
      [Ext Root Scanning (ms): Min: 1.0, Avg: 1.1, Max: 1.2, Diff: 0.2, Sum: 4.2]
      [SATB Filtering (ms): Min: 0.0, Avg: 0.1, Max: 0.4, Diff: 0.4, Sum: 0.4]
      [Update RS (ms): Min: 22.3, Avg: 22.4, Max: 22.6, Diff: 0.3, Sum: 89.8]
         [Processed Buffers: Min: 112, Avg: 126.5, Max: 143, Diff: 31, Sum: 506]
      [Scan RS (ms): Min: 1.5, Avg: 1.5, Max: 1.6, Diff: 0.1, Sum: 6.1]
      [Object Copy (ms): Min: 60.3, Avg: 60.3, Max: 60.4, Diff: 0.1, Sum: 241.3]
      [Termination (ms): Min: 0.0, Avg: 0.0, Max: 0.0, Diff: 0.0, Sum: 0.0]
      [GC Worker Other (ms): Min: 0.0, Avg: 0.0, Max: 0.0, Diff: 0.0, Sum: 0.1]
      [GC Worker Total (ms): Min: 85.5, Avg: 85.5, Max: 85.5, Diff: 0.0, Sum: 341.9]
      [GC Worker End (ms): Min: 164874.5, Avg: 164874.5, Max: 164874.5, Diff: 0.0]
   [Code Root Fixup: 0.0 ms]
   [Clear CT: 0.8 ms]
   [Other: 1.9 ms]
      [Choose CSet: 0.0 ms]
      [Ref Proc: 0.3 ms]
      [Ref Enq: 0.0 ms]
      [Free CSet: 0.4 ms]
   [Eden: 284.0M(284.0M)->0.0B(443.0M) Survivors: 47.0M->29.0M Heap: 1493.5M(2048.0M)->1239.0M(2048.0M)]
 [Times: user=0.31 sys=0.00, real=0.09 secs] 
165.140: [GC concurrent-mark-end, 0.6185508 secs]
165.141: [GC remark 165.143: [GC ref-proc, 0.0014994 secs], 0.0051427 secs]
 [Times: user=0.00 sys=0.02, real=0.01 secs] 
165.146: [GC cleanup 1549M->942M(2048M), 0.0025683 secs]
 [Times: user=0.00 sys=0.00, real=0.00 secs] 
165.149: [GC concurrent-cleanup-start]
165.150: [GC concurrent-cleanup-end, 0.0010548 secs]
165.275: [GC pause (young), 0.1558111 secs]
   [Parallel Time: 154.1 ms, GC Workers: 4]
      [GC Worker Start (ms): Min: 165275.8, Avg: 165275.8, Max: 165275.9, Diff: 0.1]
      [Ext Root Scanning (ms): Min: 0.8, Avg: 0.9, Max: 0.9, Diff: 0.1, Sum: 3.6]
      [Update RS (ms): Min: 16.7, Avg: 19.2, Max: 26.3, Diff: 9.5, Sum: 76.6]
         [Processed Buffers: Min: 183, Avg: 232.0, Max: 284, Diff: 101, Sum: 928]
      [Scan RS (ms): Min: 0.0, Avg: 0.1, Max: 0.2, Diff: 0.2, Sum: 0.5]
      [Object Copy (ms): Min: 126.8, Avg: 133.8, Max: 136.2, Diff: 9.4, Sum: 535.4]
      [Termination (ms): Min: 0.0, Avg: 0.0, Max: 0.0, Diff: 0.0, Sum: 0.0]
      [GC Worker Other (ms): Min: 0.0, Avg: 0.0, Max: 0.0, Diff: 0.0, Sum: 0.1]
      [GC Worker Total (ms): Min: 154.0, Avg: 154.1, Max: 154.1, Diff: 0.1, Sum: 616.2]
      [GC Worker End (ms): Min: 165429.9, Avg: 165429.9, Max: 165429.9, Diff: 0.0]
   [Code Root Fixup: 0.0 ms]
   [Clear CT: 0.1 ms]
   [Other: 1.6 ms]
      [Choose CSet: 0.0 ms]
      [Ref Proc: 0.0 ms]
      [Ref Enq: 0.0 ms]
      [Free CSet: 0.3 ms]
   [Eden: 443.0M(443.0M)->0.0B(43.0M) Survivors: 29.0M->59.0M Heap: 1075.0M(2048.0M)->772.5M(2048.0M)]
 [Times: user=0.56 sys=0.00, real=0.16 secs] 
165.468: [GC pause (mixed), 0.1039125 secs]
   [Parallel Time: 101.9 ms, GC Workers: 4]
      [GC Worker Start (ms): Min: 165468.0, Avg: 165470.8, Max: 165479.1, Diff: 11.1]
      [Ext Root Scanning (ms): Min: 0.1, Avg: 0.9, Max: 1.2, Diff: 1.1, Sum: 3.6]
      [Update RS (ms): Min: 25.4, Avg: 32.8, Max: 35.4, Diff: 9.9, Sum: 131.3]
         [Processed Buffers: Min: 134, Avg: 172.5, Max: 191, Diff: 57, Sum: 690]
      [Scan RS (ms): Min: 2.1, Avg: 2.1, Max: 2.2, Diff: 0.1, Sum: 8.5]
      [Object Copy (ms): Min: 63.2, Avg: 63.2, Max: 63.3, Diff: 0.1, Sum: 252.9]
      [Termination (ms): Min: 0.0, Avg: 0.0, Max: 0.0, Diff: 0.0, Sum: 0.0]
      [GC Worker Other (ms): Min: 0.0, Avg: 0.0, Max: 0.0, Diff: 0.0, Sum: 0.1]
      [GC Worker Total (ms): Min: 90.8, Avg: 99.1, Max: 101.9, Diff: 11.1, Sum: 396.4]
      [GC Worker End (ms): Min: 165569.9, Avg: 165569.9, Max: 165569.9, Diff: 0.0]
   [Code Root Fixup: 0.0 ms]
   [Clear CT: 0.2 ms]
   [Other: 1.8 ms]
      [Choose CSet: 0.1 ms]
      [Ref Proc: 0.1 ms]
      [Ref Enq: 0.0 ms]
      [Free CSet: 0.6 ms]
   [Eden: 43.0M(43.0M)->0.0B(480.0M) Survivors: 59.0M->5120.0K Heap: 815.5M(2048.0M)->650.0M(2048.0M)]
 [Times: user=0.38 sys=0.00, real=0.10 secs] 
166.017: [GC pause (young), 0.2750027 secs]
   [Parallel Time: 270.9 ms, GC Workers: 4]
      [GC Worker Start (ms): Min: 166018.0, Avg: 166018.0, Max: 166018.0, Diff: 0.0]
      [Ext Root Scanning (ms): Min: 1.2, Avg: 2.1, Max: 4.6, Diff: 3.4, Sum: 8.2]
      [Update RS (ms): Min: 17.8, Avg: 21.9, Max: 29.2, Diff: 11.4, Sum: 87.7]
         [Processed Buffers: Min: 104, Avg: 267.3, Max: 370, Diff: 266, Sum: 1069]
      [Scan RS (ms): Min: 0.0, Avg: 0.1, Max: 0.5, Diff: 0.5, Sum: 0.6]
      [Object Copy (ms): Min: 240.4, Avg: 246.7, Max: 249.2, Diff: 8.8, Sum: 986.9]
      [Termination (ms): Min: 0.0, Avg: 0.0, Max: 0.0, Diff: 0.0, Sum: 0.0]
      [GC Worker Other (ms): Min: 0.0, Avg: 0.0, Max: 0.0, Diff: 0.0, Sum: 0.1]
      [GC Worker Total (ms): Min: 270.9, Avg: 270.9, Max: 270.9, Diff: 0.0, Sum: 1083.5]
      [GC Worker End (ms): Min: 166288.9, Avg: 166288.9, Max: 166288.9, Diff: 0.0]
   [Code Root Fixup: 0.0 ms]
   [Clear CT: 2.1 ms]
   [Other: 2.0 ms]
      [Choose CSet: 0.0 ms]
      [Ref Proc: 0.0 ms]
      [Ref Enq: 0.0 ms]
      [Free CSet: 0.3 ms]
   [Eden: 480.0M(480.0M)->0.0B(187.0M) Survivors: 5120.0K->61.0M Heap: 1130.0M(2048.0M)->920.0M(2048.0M)]
 [Times: user=0.98 sys=0.00, real=0.28 secs] 
166.473: [GC pause (young), 0.1633483 secs]
   [Parallel Time: 161.7 ms, GC Workers: 4]
      [GC Worker Start (ms): Min: 166473.0, Avg: 166473.2, Max: 166474.0, Diff: 1.0]
      [Ext Root Scanning (ms): Min: 0.2, Avg: 0.9, Max: 1.2, Diff: 1.0, Sum: 3.7]
      [Update RS (ms): Min: 18.8, Avg: 18.8, Max: 18.8, Diff: 0.0, Sum: 75.1]
         [Processed Buffers: Min: 104, Avg: 105.5, Max: 110, Diff: 6, Sum: 422]
      [Scan RS (ms): Min: 34.3, Avg: 40.9, Max: 50.3, Diff: 16.0, Sum: 163.5]
      [Object Copy (ms): Min: 91.4, Avg: 100.3, Max: 106.7, Diff: 15.2, Sum: 401.2]
      [Termination (ms): Min: 0.0, Avg: 0.5, Max: 0.7, Diff: 0.7, Sum: 2.2]
      [GC Worker Other (ms): Min: 0.0, Avg: 0.0, Max: 0.0, Diff: 0.0, Sum: 0.1]
      [GC Worker Total (ms): Min: 160.7, Avg: 161.4, Max: 161.7, Diff: 1.0, Sum: 645.7]
      [GC Worker End (ms): Min: 166634.7, Avg: 166634.7, Max: 166634.7, Diff: 0.0]
   [Code Root Fixup: 0.0 ms]
   [Clear CT: 0.1 ms]
   [Other: 1.5 ms]
      [Choose CSet: 0.0 ms]
      [Ref Proc: 0.0 ms]
      [Ref Enq: 0.0 ms]
      [Free CSet: 0.2 ms]
   [Eden: 91.0M(91.0M)->0.0B(94.0M) Survivors: 61.0M->8192.0K Heap: 1011.0M(2048.0M)->928.5M(2048.0M)]
 [Times: user=0.38 sys=0.00, real=0.16 secs] 
166.775: [GC pause (young), 0.0402923 secs]
   [Parallel Time: 37.2 ms, GC Workers: 4]
      [GC Worker Start (ms): Min: 166775.4, Avg: 166776.6, Max: 166778.6, Diff: 3.2]
      [Ext Root Scanning (ms): Min: 0.1, Avg: 1.1, Max: 1.9, Diff: 1.9, Sum: 4.5]
      [Update RS (ms): Min: 19.5, Avg: 20.5, Max: 20.8, Diff: 1.3, Sum: 81.9]
         [Processed Buffers: Min: 120, Avg: 130.8, Max: 141, Diff: 21, Sum: 523]
      [Scan RS (ms): Min: 0.0, Avg: 0.0, Max: 0.0, Diff: 0.0, Sum: 0.1]
      [Object Copy (ms): Min: 9.3, Avg: 9.4, Max: 9.4, Diff: 0.1, Sum: 37.4]
      [Termination (ms): Min: 0.0, Avg: 0.0, Max: 0.0, Diff: 0.0, Sum: 0.0]
      [GC Worker Other (ms): Min: 0.0, Avg: 0.1, Max: 0.4, Diff: 0.4, Sum: 0.5]
      [GC Worker Total (ms): Min: 29.0, Avg: 31.1, Max: 32.2, Diff: 3.2, Sum: 124.5]
      [GC Worker End (ms): Min: 166807.6, Avg: 166807.7, Max: 166808.0, Diff: 0.4]
   [Code Root Fixup: 0.0 ms]
   [Clear CT: 0.3 ms]
   [Other: 2.8 ms]
      [Choose CSet: 0.0 ms]
      [Ref Proc: 2.4 ms]
      [Ref Enq: 0.0 ms]
      [Free CSet: 0.1 ms]
   [Eden: 94.0M(94.0M)->0.0B(96.0M) Survivors: 8192.0K->6144.0K Heap: 1022.5M(2048.0M)->934.0M(2048.0M)]
 [Times: user=0.13 sys=0.00, real=0.04 secs] 
166.907: [GC pause (young) (initial-mark), 0.0342869 secs]
   [Parallel Time: 32.3 ms, GC Workers: 4]
      [GC Worker Start (ms): Min: 166907.3, Avg: 166914.6, Max: 166934.1, Diff: 26.8]
      [Ext Root Scanning (ms): Min: 0.1, Avg: 0.9, Max: 1.7, Diff: 1.6, Sum: 3.5]
      [Update RS (ms): Min: 0.0, Avg: 2.7, Max: 3.8, Diff: 3.8, Sum: 10.7]
         [Processed Buffers: Min: 0, Avg: 31.0, Max: 56, Diff: 56, Sum: 124]
      [Scan RS (ms): Min: 0.0, Avg: 0.0, Max: 0.0, Diff: 0.0, Sum: 0.1]
      [Object Copy (ms): Min: 0.0, Avg: 14.2, Max: 19.0, Diff: 19.0, Sum: 56.8]
      [Termination (ms): Min: 0.0, Avg: 3.2, Max: 7.7, Diff: 7.7, Sum: 13.0]
      [GC Worker Other (ms): Min: 0.0, Avg: 0.0, Max: 0.0, Diff: 0.0, Sum: 0.0]
      [GC Worker Total (ms): Min: 0.1, Avg: 21.0, Max: 32.2, Diff: 32.1, Sum: 84.1]
      [GC Worker End (ms): Min: 166934.2, Avg: 166935.6, Max: 166939.4, Diff: 5.2]
   [Code Root Fixup: 0.0 ms]
   [Clear CT: 0.1 ms]
   [Other: 1.9 ms]
      [Choose CSet: 0.0 ms]
      [Ref Proc: 1.4 ms]
      [Ref Enq: 0.0 ms]
      [Free CSet: 0.1 ms]
   [Eden: 96.0M(96.0M)->0.0B(96.0M) Survivors: 6144.0K->13.0M Heap: 1030.0M(2048.0M)->947.5M(2048.0M)]
 [Times: user=0.08 sys=0.00, real=0.03 secs] 
166.942: [GC concurrent-root-region-scan-start]
166.956: [GC concurrent-root-region-scan-end, 0.0142335 secs]
166.956: [GC concurrent-mark-start]
167.023: [GC pause (young), 0.0254725 secs]
   [Parallel Time: 23.7 ms, GC Workers: 4]
      [GC Worker Start (ms): Min: 167022.7, Avg: 167022.7, Max: 167022.7, Diff: 0.0]
      [Ext Root Scanning (ms): Min: 0.9, Avg: 0.9, Max: 1.0, Diff: 0.0, Sum: 3.8]
      [SATB Filtering (ms): Min: 0.0, Avg: 0.1, Max: 0.2, Diff: 0.2, Sum: 0.2]
      [Update RS (ms): Min: 2.0, Avg: 2.1, Max: 2.2, Diff: 0.2, Sum: 8.6]
         [Processed Buffers: Min: 20, Avg: 29.5, Max: 43, Diff: 23, Sum: 118]
      [Scan RS (ms): Min: 0.0, Avg: 0.0, Max: 0.0, Diff: 0.0, Sum: 0.1]
      [Object Copy (ms): Min: 20.5, Avg: 20.5, Max: 20.5, Diff: 0.0, Sum: 81.9]
      [Termination (ms): Min: 0.0, Avg: 0.0, Max: 0.0, Diff: 0.0, Sum: 0.0]
      [GC Worker Other (ms): Min: 0.0, Avg: 0.0, Max: 0.0, Diff: 0.0, Sum: 0.0]
      [GC Worker Total (ms): Min: 23.7, Avg: 23.7, Max: 23.7, Diff: 0.0, Sum: 94.6]
      [GC Worker End (ms): Min: 167046.3, Avg: 167046.3, Max: 167046.3, Diff: 0.0]
   [Code Root Fixup: 0.0 ms]
   [Clear CT: 0.1 ms]
   [Other: 1.7 ms]
      [Choose CSet: 0.0 ms]
      [Ref Proc: 1.3 ms]
      [Ref Enq: 0.0 ms]
      [Free CSet: 0.1 ms]
   [Eden: 96.0M(96.0M)->0.0B(209.0M) Survivors: 13.0M->14.0M Heap: 1043.5M(2048.0M)->963.5M(2048.0M)]
 [Times: user=0.06 sys=0.00, real=0.03 secs] 
167.232: [GC pause (young), 0.0488366 secs]
   [Parallel Time: 48.0 ms, GC Workers: 4]
      [GC Worker Start (ms): Min: 167232.0, Avg: 167232.5, Max: 167232.9, Diff: 1.0]
      [Ext Root Scanning (ms): Min: 0.5, Avg: 0.9, Max: 1.4, Diff: 0.9, Sum: 3.8]
      [SATB Filtering (ms): Min: 0.0, Avg: 0.2, Max: 1.0, Diff: 1.0, Sum: 1.0]
      [Update RS (ms): Min: 6.6, Avg: 7.3, Max: 7.6, Diff: 1.0, Sum: 29.3]
         [Processed Buffers: Min: 102, Avg: 172.0, Max: 229, Diff: 127, Sum: 688]
      [Scan RS (ms): Min: 0.1, Avg: 0.1, Max: 0.1, Diff: 0.0, Sum: 0.2]
      [Object Copy (ms): Min: 38.8, Avg: 38.9, Max: 38.9, Diff: 0.1, Sum: 155.5]
      [Termination (ms): Min: 0.0, Avg: 0.0, Max: 0.0, Diff: 0.0, Sum: 0.0]
      [GC Worker Other (ms): Min: 0.0, Avg: 0.0, Max: 0.0, Diff: 0.0, Sum: 0.1]
      [GC Worker Total (ms): Min: 47.0, Avg: 47.5, Max: 48.0, Diff: 1.0, Sum: 189.8]
      [GC Worker End (ms): Min: 167279.9, Avg: 167279.9, Max: 167279.9, Diff: 0.0]
   [Code Root Fixup: 0.0 ms]
   [Clear CT: 0.1 ms]
   [Other: 0.8 ms]
      [Choose CSet: 0.0 ms]
      [Ref Proc: 0.0 ms]
      [Ref Enq: 0.0 ms]
      [Free CSet: 0.2 ms]
   [Eden: 209.0M(209.0M)->0.0B(286.0M) Survivors: 14.0M->28.0M Heap: 1172.5M(2048.0M)->1000.0M(2048.0M)]
 [Times: user=0.19 sys=0.00, real=0.05 secs] 
167.479: [GC concurrent-mark-end, 0.5234513 secs]
167.480: [GC remark 167.481: [GC ref-proc, 0.0012268 secs], 0.0041585 secs]
 [Times: user=0.00 sys=0.00, real=0.00 secs] 
167.484: [GC cleanup 1233M->678M(2048M), 0.0016703 secs]
 [Times: user=0.00 sys=0.00, real=0.00 secs] 
167.486: [GC concurrent-cleanup-start]
167.487: [GC concurrent-cleanup-end, 0.0006745 secs]
167.537: [GC pause (young), 0.1401949 secs]
   [Parallel Time: 138.2 ms, GC Workers: 4]
      [GC Worker Start (ms): Min: 167537.5, Avg: 167537.5, Max: 167537.5, Diff: 0.0]
      [Ext Root Scanning (ms): Min: 1.3, Avg: 2.6, Max: 6.2, Diff: 4.9, Sum: 10.2]
      [Update RS (ms): Min: 6.1, Avg: 9.6, Max: 11.1, Diff: 5.0, Sum: 38.2]
         [Processed Buffers: Min: 56, Avg: 139.5, Max: 218, Diff: 162, Sum: 558]
      [Scan RS (ms): Min: 0.0, Avg: 0.1, Max: 0.2, Diff: 0.2, Sum: 0.4]
      [Object Copy (ms): Min: 125.8, Avg: 126.0, Max: 126.2, Diff: 0.4, Sum: 503.9]
      [Termination (ms): Min: 0.0, Avg: 0.0, Max: 0.0, Diff: 0.0, Sum: 0.0]
      [GC Worker Other (ms): Min: 0.0, Avg: 0.0, Max: 0.0, Diff: 0.0, Sum: 0.1]
      [GC Worker Total (ms): Min: 138.2, Avg: 138.2, Max: 138.2, Diff: 0.0, Sum: 552.9]
      [GC Worker End (ms): Min: 167675.7, Avg: 167675.7, Max: 167675.7, Diff: 0.0]
   [Code Root Fixup: 0.0 ms]
   [Clear CT: 0.1 ms]
   [Other: 1.8 ms]
      [Choose CSet: 0.0 ms]
      [Ref Proc: 0.0 ms]
      [Ref Enq: 0.0 ms]
      [Free CSet: 0.3 ms]
   [Eden: 286.0M(286.0M)->0.0B(250.0M) Survivors: 28.0M->40.0M Heap: 731.0M(2048.0M)->567.5M(2048.0M)]
 [Times: user=0.56 sys=0.00, real=0.14 secs] 
167.898: [GC pause (young), 0.1405977 secs]
   [Parallel Time: 138.4 ms, GC Workers: 4]
      [GC Worker Start (ms): Min: 167898.6, Avg: 167898.6, Max: 167898.6, Diff: 0.0]
      [Ext Root Scanning (ms): Min: 1.1, Avg: 1.2, Max: 1.3, Diff: 0.2, Sum: 4.6]
      [Update RS (ms): Min: 21.1, Avg: 21.4, Max: 22.1, Diff: 0.9, Sum: 85.4]
         [Processed Buffers: Min: 144, Avg: 189.8, Max: 255, Diff: 111, Sum: 759]
      [Scan RS (ms): Min: 3.2, Avg: 3.9, Max: 4.1, Diff: 0.9, Sum: 15.6]
      [Object Copy (ms): Min: 111.8, Avg: 111.9, Max: 112.0, Diff: 0.1, Sum: 447.6]
      [Termination (ms): Min: 0.0, Avg: 0.0, Max: 0.0, Diff: 0.0, Sum: 0.0]
      [GC Worker Other (ms): Min: 0.0, Avg: 0.1, Max: 0.1, Diff: 0.1, Sum: 0.2]
      [GC Worker Total (ms): Min: 138.3, Avg: 138.4, Max: 138.4, Diff: 0.1, Sum: 553.5]
      [GC Worker End (ms): Min: 168036.9, Avg: 168036.9, Max: 168037.0, Diff: 0.1]
   [Code Root Fixup: 0.0 ms]
   [Clear CT: 0.2 ms]
   [Other: 1.9 ms]
      [Choose CSet: 0.0 ms]
      [Ref Proc: 0.2 ms]
      [Ref Enq: 0.0 ms]
      [Free CSet: 0.3 ms]
   [Eden: 250.0M(250.0M)->0.0B(216.0M) Survivors: 40.0M->37.0M Heap: 817.5M(2048.0M)->659.5M(2048.0M)]
 [Times: user=0.48 sys=0.00, real=0.14 secs] 
168.238: [GC pause (young), 0.1121367 secs]
   [Parallel Time: 110.6 ms, GC Workers: 4]
      [GC Worker Start (ms): Min: 168238.2, Avg: 168238.3, Max: 168238.4, Diff: 0.2]
      [Ext Root Scanning (ms): Min: 0.7, Avg: 1.0, Max: 1.1, Diff: 0.4, Sum: 3.9]
      [Update RS (ms): Min: 18.2, Avg: 18.3, Max: 18.3, Diff: 0.1, Sum: 73.0]
         [Processed Buffers: Min: 121, Avg: 159.5, Max: 193, Diff: 72, Sum: 638]
      [Scan RS (ms): Min: 1.3, Avg: 1.4, Max: 1.5, Diff: 0.2, Sum: 5.7]
      [Object Copy (ms): Min: 89.7, Avg: 89.8, Max: 90.1, Diff: 0.4, Sum: 359.4]
      [Termination (ms): Min: 0.0, Avg: 0.0, Max: 0.0, Diff: 0.0, Sum: 0.0]
      [GC Worker Other (ms): Min: 0.0, Avg: 0.0, Max: 0.0, Diff: 0.0, Sum: 0.1]
      [GC Worker Total (ms): Min: 110.4, Avg: 110.5, Max: 110.6, Diff: 0.2, Sum: 442.0]
      [GC Worker End (ms): Min: 168348.8, Avg: 168348.8, Max: 168348.8, Diff: 0.0]
   [Code Root Fixup: 0.0 ms]
   [Clear CT: 0.1 ms]
   [Other: 1.4 ms]
      [Choose CSet: 0.0 ms]
      [Ref Proc: 0.1 ms]
      [Ref Enq: 0.0 ms]
      [Free CSet: 0.2 ms]
   [Eden: 216.0M(216.0M)->0.0B(314.0M) Survivors: 37.0M->32.0M Heap: 875.5M(2048.0M)->735.0M(2048.0M)]
 [Times: user=0.44 sys=0.00, real=0.11 secs] 
168.642: [GC pause (young), 0.2242597 secs]
   [Parallel Time: 221.4 ms, GC Workers: 4]
      [GC Worker Start (ms): Min: 168642.8, Avg: 168642.8, Max: 168642.8, Diff: 0.0]
      [Ext Root Scanning (ms): Min: 1.2, Avg: 4.3, Max: 13.6, Diff: 12.4, Sum: 17.3]
      [Update RS (ms): Min: 11.3, Avg: 20.6, Max: 23.7, Diff: 12.4, Sum: 82.4]
         [Processed Buffers: Min: 76, Avg: 128.3, Max: 150, Diff: 74, Sum: 513]
      [Scan RS (ms): Min: 0.3, Avg: 0.3, Max: 0.3, Diff: 0.0, Sum: 1.1]
      [Object Copy (ms): Min: 196.1, Avg: 196.1, Max: 196.1, Diff: 0.0, Sum: 784.5]
      [Termination (ms): Min: 0.0, Avg: 0.0, Max: 0.0, Diff: 0.0, Sum: 0.0]
      [GC Worker Other (ms): Min: 0.0, Avg: 0.0, Max: 0.0, Diff: 0.0, Sum: 0.1]
      [GC Worker Total (ms): Min: 221.3, Avg: 221.3, Max: 221.4, Diff: 0.0, Sum: 885.3]
      [GC Worker End (ms): Min: 168864.1, Avg: 168864.1, Max: 168864.1, Diff: 0.0]
   [Code Root Fixup: 0.0 ms]
   [Clear CT: 0.2 ms]
   [Other: 2.7 ms]
      [Choose CSet: 0.0 ms]
      [Ref Proc: 1.0 ms]
      [Ref Enq: 0.0 ms]
      [Free CSet: 0.3 ms]
   [Eden: 314.0M(314.0M)->0.0B(195.0M) Survivors: 32.0M->44.0M Heap: 1049.0M(2048.0M)->938.5M(2048.0M)]
 [Times: user=0.84 sys=0.00, real=0.22 secs] 
169.102: [GC pause (young), 0.1279540 secs]
   [Parallel Time: 126.3 ms, GC Workers: 4]
      [GC Worker Start (ms): Min: 169102.8, Avg: 169102.9, Max: 169102.9, Diff: 0.0]
      [Ext Root Scanning (ms): Min: 0.8, Avg: 0.9, Max: 1.0, Diff: 0.2, Sum: 3.8]
      [Update RS (ms): Min: 18.1, Avg: 18.3, Max: 18.7, Diff: 0.7, Sum: 73.2]
         [Processed Buffers: Min: 177, Avg: 198.3, Max: 216, Diff: 39, Sum: 793]
      [Scan RS (ms): Min: 7.2, Avg: 7.6, Max: 7.9, Diff: 0.7, Sum: 30.5]
      [Object Copy (ms): Min: 86.1, Avg: 89.3, Max: 98.7, Diff: 12.6, Sum: 357.3]
      [Termination (ms): Min: 0.0, Avg: 9.7, Max: 13.2, Diff: 13.2, Sum: 38.9]
      [GC Worker Other (ms): Min: 0.0, Avg: 0.0, Max: 0.0, Diff: 0.0, Sum: 0.0]
      [GC Worker Total (ms): Min: 125.6, Avg: 125.9, Max: 126.3, Diff: 0.7, Sum: 503.8]
      [GC Worker End (ms): Min: 169228.4, Avg: 169228.8, Max: 169229.2, Diff: 0.7]
   [Code Root Fixup: 0.0 ms]
   [Clear CT: 0.1 ms]
   [Other: 1.5 ms]
      [Choose CSet: 0.0 ms]
      [Ref Proc: 0.1 ms]
      [Ref Enq: 0.0 ms]
      [Free CSet: 0.2 ms]
   [Eden: 195.0M(195.0M)->0.0B(207.0M) Survivors: 44.0M->30.0M Heap: 1133.5M(2048.0M)->993.5M(2048.0M)]
 [Times: user=0.45 sys=0.00, real=0.13 secs] 
169.442: [GC pause (young) (initial-mark), 0.1070639 secs]
   [Parallel Time: 105.1 ms, GC Workers: 4]
      [GC Worker Start (ms): Min: 169442.2, Avg: 169442.2, Max: 169442.2, Diff: 0.0]
      [Ext Root Scanning (ms): Min: 1.0, Avg: 1.0, Max: 1.1, Diff: 0.1, Sum: 4.0]
      [Update RS (ms): Min: 17.9, Avg: 17.9, Max: 18.0, Diff: 0.1, Sum: 71.7]
         [Processed Buffers: Min: 117, Avg: 125.3, Max: 133, Diff: 16, Sum: 501]
      [Scan RS (ms): Min: 0.3, Avg: 0.3, Max: 0.3, Diff: 0.0, Sum: 1.1]
      [Object Copy (ms): Min: 85.8, Avg: 85.8, Max: 85.9, Diff: 0.0, Sum: 343.4]
      [Termination (ms): Min: 0.0, Avg: 0.0, Max: 0.0, Diff: 0.0, Sum: 0.0]
      [GC Worker Other (ms): Min: 0.0, Avg: 0.0, Max: 0.0, Diff: 0.0, Sum: 0.1]
      [GC Worker Total (ms): Min: 105.1, Avg: 105.1, Max: 105.1, Diff: 0.0, Sum: 420.2]
      [GC Worker End (ms): Min: 169547.3, Avg: 169547.3, Max: 169547.3, Diff: 0.0]
   [Code Root Fixup: 0.0 ms]
   [Clear CT: 0.5 ms]
   [Other: 1.5 ms]
      [Choose CSet: 0.0 ms]
      [Ref Proc: 0.3 ms]
      [Ref Enq: 0.0 ms]
      [Free CSet: 0.2 ms]
   [Eden: 207.0M(207.0M)->0.0B(284.0M) Survivors: 30.0M->30.0M Heap: 1200.5M(2048.0M)->1058.5M(2048.0M)]
 [Times: user=0.37 sys=0.00, real=0.11 secs] 
169.550: [GC concurrent-root-region-scan-start]
169.582: [GC concurrent-root-region-scan-end, 0.0328301 secs]
169.582: [GC concurrent-mark-start]
169.799: [GC pause (young), 0.1787669 secs]
   [Parallel Time: 176.9 ms, GC Workers: 4]
      [GC Worker Start (ms): Min: 169799.6, Avg: 169799.6, Max: 169799.6, Diff: 0.0]
      [Ext Root Scanning (ms): Min: 0.9, Avg: 0.9, Max: 0.9, Diff: 0.0, Sum: 3.7]
      [SATB Filtering (ms): Min: 0.0, Avg: 0.8, Max: 3.0, Diff: 3.0, Sum: 3.0]
      [Update RS (ms): Min: 27.0, Avg: 29.2, Max: 30.0, Diff: 3.0, Sum: 116.7]
         [Processed Buffers: Min: 144, Avg: 155.3, Max: 161, Diff: 17, Sum: 621]
      [Scan RS (ms): Min: 0.0, Avg: 0.1, Max: 0.1, Diff: 0.1, Sum: 0.3]
      [Object Copy (ms): Min: 146.0, Avg: 146.0, Max: 146.0, Diff: 0.0, Sum: 583.9]
      [Termination (ms): Min: 0.0, Avg: 0.0, Max: 0.0, Diff: 0.0, Sum: 0.0]
      [GC Worker Other (ms): Min: 0.0, Avg: 0.0, Max: 0.0, Diff: 0.0, Sum: 0.1]
      [GC Worker Total (ms): Min: 176.9, Avg: 176.9, Max: 176.9, Diff: 0.0, Sum: 707.7]
      [GC Worker End (ms): Min: 169976.5, Avg: 169976.5, Max: 169976.5, Diff: 0.0]
   [Code Root Fixup: 0.0 ms]
   [Clear CT: 0.3 ms]
   [Other: 1.6 ms]
      [Choose CSet: 0.0 ms]
      [Ref Proc: 0.0 ms]
      [Ref Enq: 0.0 ms]
      [Free CSet: 0.3 ms]
   [Eden: 284.0M(284.0M)->0.0B(225.0M) Survivors: 30.0M->40.0M Heap: 1342.5M(2048.0M)->1201.5M(2048.0M)]
 [Times: user=0.67 sys=0.00, real=0.18 secs] 
170.250: [GC concurrent-mark-end, 0.6673451 secs]
170.250: [GC pause (young), 0.0985636 secs]
   [Parallel Time: 96.0 ms, GC Workers: 4]
      [GC Worker Start (ms): Min: 170250.4, Avg: 170252.6, Max: 170256.7, Diff: 6.3]
      [Ext Root Scanning (ms): Min: 0.1, Avg: 0.9, Max: 1.9, Diff: 1.9, Sum: 3.4]
      [SATB Filtering (ms): Min: 0.0, Avg: 0.1, Max: 0.2, Diff: 0.2, Sum: 0.2]
      [Update RS (ms): Min: 16.4, Avg: 19.6, Max: 20.8, Diff: 4.4, Sum: 78.4]
         [Processed Buffers: Min: 107, Avg: 112.3, Max: 121, Diff: 14, Sum: 449]
      [Scan RS (ms): Min: 0.6, Avg: 0.7, Max: 0.7, Diff: 0.1, Sum: 2.8]
      [Object Copy (ms): Min: 72.4, Avg: 72.4, Max: 72.5, Diff: 0.2, Sum: 289.7]
      [Termination (ms): Min: 0.0, Avg: 0.0, Max: 0.0, Diff: 0.0, Sum: 0.0]
      [GC Worker Other (ms): Min: 0.0, Avg: 0.0, Max: 0.0, Diff: 0.0, Sum: 0.1]
      [GC Worker Total (ms): Min: 89.6, Avg: 93.7, Max: 95.9, Diff: 6.3, Sum: 374.6]
      [GC Worker End (ms): Min: 170346.3, Avg: 170346.3, Max: 170346.3, Diff: 0.0]
   [Code Root Fixup: 0.0 ms]
   [Clear CT: 0.6 ms]
   [Other: 1.9 ms]
      [Choose CSet: 0.0 ms]
      [Ref Proc: 1.0 ms]
      [Ref Enq: 0.0 ms]
      [Free CSet: 0.2 ms]
   [Eden: 225.0M(225.0M)->0.0B(307.0M) Survivors: 40.0M->15.0M Heap: 1426.5M(2048.0M)->1217.0M(2048.0M)]
 [Times: user=0.27 sys=0.00, real=0.10 secs] 
170.349: [GC remark 170.350: [GC ref-proc, 0.0012386 secs], 0.0056735 secs]
 [Times: user=0.00 sys=0.00, real=0.01 secs] 
170.358: [GC cleanup 1218M->620M(2048M), 0.0079718 secs]
 [Times: user=0.00 sys=0.00, real=0.01 secs] 
170.366: [GC concurrent-cleanup-start]
170.367: [GC concurrent-cleanup-end, 0.0007239 secs]
170.636: [GC pause (young), 0.1286124 secs]
   [Parallel Time: 127.4 ms, GC Workers: 4]
      [GC Worker Start (ms): Min: 170635.9, Avg: 170635.9, Max: 170635.9, Diff: 0.0]
      [Ext Root Scanning (ms): Min: 0.9, Avg: 0.9, Max: 0.9, Diff: 0.0, Sum: 3.6]
      [Update RS (ms): Min: 29.4, Avg: 30.1, Max: 32.3, Diff: 2.9, Sum: 120.4]
         [Processed Buffers: Min: 197, Avg: 255.5, Max: 285, Diff: 88, Sum: 1022]
      [Scan RS (ms): Min: 0.0, Avg: 0.1, Max: 0.1, Diff: 0.1, Sum: 0.3]
      [Object Copy (ms): Min: 94.2, Avg: 96.3, Max: 97.0, Diff: 2.8, Sum: 385.1]
      [Termination (ms): Min: 0.0, Avg: 0.0, Max: 0.0, Diff: 0.0, Sum: 0.0]
      [GC Worker Other (ms): Min: 0.0, Avg: 0.0, Max: 0.0, Diff: 0.0, Sum: 0.1]
      [GC Worker Total (ms): Min: 127.4, Avg: 127.4, Max: 127.4, Diff: 0.0, Sum: 509.5]
      [GC Worker End (ms): Min: 170763.3, Avg: 170763.3, Max: 170763.3, Diff: 0.0]
   [Code Root Fixup: 0.0 ms]
   [Clear CT: 0.1 ms]
   [Other: 1.1 ms]
      [Choose CSet: 0.0 ms]
      [Ref Proc: 0.0 ms]
      [Ref Enq: 0.0 ms]
      [Free CSet: 0.2 ms]
   [Eden: 307.0M(307.0M)->0.0B(61.0M) Survivors: 15.0M->41.0M Heap: 926.0M(2048.0M)->723.5M(2048.0M)]
 [Times: user=0.53 sys=0.00, real=0.13 secs] 
170.815: [GC pause (mixed), 0.0741985 secs]
   [Parallel Time: 72.9 ms, GC Workers: 4]
      [GC Worker Start (ms): Min: 170814.9, Avg: 170814.9, Max: 170814.9, Diff: 0.0]
      [Ext Root Scanning (ms): Min: 0.8, Avg: 0.9, Max: 0.9, Diff: 0.1, Sum: 3.5]
      [Update RS (ms): Min: 22.9, Avg: 22.9, Max: 22.9, Diff: 0.1, Sum: 91.5]
         [Processed Buffers: Min: 121, Avg: 128.3, Max: 133, Diff: 12, Sum: 513]
      [Scan RS (ms): Min: 0.7, Avg: 0.8, Max: 0.8, Diff: 0.1, Sum: 3.1]
      [Object Copy (ms): Min: 48.3, Avg: 48.3, Max: 48.4, Diff: 0.1, Sum: 193.2]
      [Termination (ms): Min: 0.0, Avg: 0.0, Max: 0.0, Diff: 0.0, Sum: 0.0]
      [GC Worker Other (ms): Min: 0.0, Avg: 0.0, Max: 0.0, Diff: 0.0, Sum: 0.1]
      [GC Worker Total (ms): Min: 72.8, Avg: 72.8, Max: 72.9, Diff: 0.0, Sum: 291.4]
      [GC Worker End (ms): Min: 170887.7, Avg: 170887.7, Max: 170887.7, Diff: 0.0]
   [Code Root Fixup: 0.0 ms]
   [Clear CT: 0.1 ms]
   [Other: 1.2 ms]
      [Choose CSet: 0.0 ms]
      [Ref Proc: 0.0 ms]
      [Ref Enq: 0.0 ms]
      [Free CSet: 0.3 ms]
   [Eden: 61.0M(61.0M)->0.0B(366.0M) Survivors: 41.0M->13.0M Heap: 784.5M(2048.0M)->715.5M(2048.0M)]
 [Times: user=0.31 sys=0.00, real=0.07 secs] 
171.238: [GC pause (young), 0.2271234 secs]
   [Parallel Time: 225.2 ms, GC Workers: 4]
      [GC Worker Start (ms): Min: 171238.7, Avg: 171238.7, Max: 171238.7, Diff: 0.0]
      [Ext Root Scanning (ms): Min: 0.9, Avg: 0.9, Max: 0.9, Diff: 0.0, Sum: 3.5]
      [Update RS (ms): Min: 15.6, Avg: 15.6, Max: 15.6, Diff: 0.1, Sum: 62.3]
         [Processed Buffers: Min: 129, Avg: 202.8, Max: 266, Diff: 137, Sum: 811]
      [Scan RS (ms): Min: 0.1, Avg: 0.1, Max: 0.2, Diff: 0.0, Sum: 0.6]
      [Object Copy (ms): Min: 208.5, Avg: 208.5, Max: 208.5, Diff: 0.0, Sum: 834.1]
      [Termination (ms): Min: 0.0, Avg: 0.0, Max: 0.0, Diff: 0.0, Sum: 0.0]
      [GC Worker Other (ms): Min: 0.0, Avg: 0.0, Max: 0.0, Diff: 0.0, Sum: 0.1]
      [GC Worker Total (ms): Min: 225.2, Avg: 225.2, Max: 225.2, Diff: 0.0, Sum: 900.6]
      [GC Worker End (ms): Min: 171463.9, Avg: 171463.9, Max: 171463.9, Diff: 0.0]
   [Code Root Fixup: 0.0 ms]
   [Clear CT: 0.1 ms]
   [Other: 1.8 ms]
      [Choose CSet: 0.0 ms]
      [Ref Proc: 0.0 ms]
      [Ref Enq: 0.0 ms]
      [Free CSet: 0.3 ms]
   [Eden: 366.0M(366.0M)->0.0B(200.0M) Survivors: 13.0M->48.0M Heap: 1081.5M(2048.0M)->941.5M(2048.0M)]
 [Times: user=0.73 sys=0.00, real=0.23 secs] 
171.695: [GC pause (young), 0.1430015 secs]
   [Parallel Time: 137.2 ms, GC Workers: 4]
      [GC Worker Start (ms): Min: 171695.4, Avg: 171695.4, Max: 171695.4, Diff: 0.0]
      [Ext Root Scanning (ms): Min: 0.9, Avg: 0.9, Max: 0.9, Diff: 0.0, Sum: 3.5]
      [Update RS (ms): Min: 19.0, Avg: 19.2, Max: 19.7, Diff: 0.7, Sum: 76.8]
         [Processed Buffers: Min: 122, Avg: 211.5, Max: 247, Diff: 125, Sum: 846]
      [Scan RS (ms): Min: 13.9, Avg: 15.4, Max: 18.0, Diff: 4.1, Sum: 61.7]
      [Object Copy (ms): Min: 99.2, Avg: 101.7, Max: 102.6, Diff: 3.4, Sum: 406.7]
      [Termination (ms): Min: 0.0, Avg: 0.0, Max: 0.0, Diff: 0.0, Sum: 0.0]
      [GC Worker Other (ms): Min: 0.0, Avg: 0.0, Max: 0.0, Diff: 0.0, Sum: 0.1]
      [GC Worker Total (ms): Min: 137.2, Avg: 137.2, Max: 137.2, Diff: 0.0, Sum: 548.8]
      [GC Worker End (ms): Min: 171832.6, Avg: 171832.6, Max: 171832.6, Diff: 0.0]
   [Code Root Fixup: 0.0 ms]
   [Clear CT: 0.2 ms]
   [Other: 5.6 ms]
      [Choose CSet: 0.0 ms]
      [Ref Proc: 3.7 ms]
      [Ref Enq: 0.0 ms]
      [Free CSet: 0.2 ms]
   [Eden: 200.0M(200.0M)->0.0B(170.0M) Survivors: 48.0M->31.0M Heap: 1141.5M(2048.0M)->1013.5M(2048.0M)]
 [Times: user=0.53 sys=0.00, real=0.14 secs] 
171.965: [GC pause (young) (initial-mark), 0.0664105 secs]
   [Parallel Time: 64.4 ms, GC Workers: 4]
      [GC Worker Start (ms): Min: 171965.3, Avg: 171965.3, Max: 171965.3, Diff: 0.0]
      [Ext Root Scanning (ms): Min: 0.9, Avg: 0.9, Max: 0.9, Diff: 0.0, Sum: 3.6]
      [Update RS (ms): Min: 26.6, Avg: 26.6, Max: 26.7, Diff: 0.1, Sum: 106.5]
         [Processed Buffers: Min: 164, Avg: 170.8, Max: 181, Diff: 17, Sum: 683]
      [Scan RS (ms): Min: 1.0, Avg: 1.0, Max: 1.1, Diff: 0.1, Sum: 4.1]
      [Object Copy (ms): Min: 35.8, Avg: 35.8, Max: 35.9, Diff: 0.1, Sum: 143.3]
      [Termination (ms): Min: 0.0, Avg: 0.0, Max: 0.0, Diff: 0.0, Sum: 0.0]
      [GC Worker Other (ms): Min: 0.0, Avg: 0.0, Max: 0.0, Diff: 0.0, Sum: 0.0]
      [GC Worker Total (ms): Min: 64.4, Avg: 64.4, Max: 64.4, Diff: 0.0, Sum: 257.6]
      [GC Worker End (ms): Min: 172029.7, Avg: 172029.7, Max: 172029.7, Diff: 0.0]
   [Code Root Fixup: 0.0 ms]
   [Clear CT: 0.1 ms]
   [Other: 1.9 ms]
      [Choose CSet: 0.0 ms]
      [Ref Proc: 0.0 ms]
      [Ref Enq: 0.0 ms]
      [Free CSet: 1.0 ms]
   [Eden: 170.0M(170.0M)->0.0B(295.0M) Survivors: 31.0M->10.0M Heap: 1183.5M(2048.0M)->1024.0M(2048.0M)]
 [Times: user=0.23 sys=0.00, real=0.07 secs] 
172.032: [GC concurrent-root-region-scan-start]
172.042: [GC concurrent-root-region-scan-end, 0.0099013 secs]
172.042: [GC concurrent-mark-start]
172.292: [GC pause (young), 0.1553149 secs]
   [Parallel Time: 153.2 ms, GC Workers: 4]
      [GC Worker Start (ms): Min: 172292.4, Avg: 172292.5, Max: 172292.6, Diff: 0.2]
      [Ext Root Scanning (ms): Min: 0.8, Avg: 0.9, Max: 1.0, Diff: 0.2, Sum: 3.7]
      [SATB Filtering (ms): Min: 0.0, Avg: 0.7, Max: 2.9, Diff: 2.9, Sum: 2.9]
      [Update RS (ms): Min: 15.5, Avg: 17.5, Max: 18.3, Diff: 2.8, Sum: 70.2]
         [Processed Buffers: Min: 95, Avg: 153.8, Max: 216, Diff: 121, Sum: 615]
      [Scan RS (ms): Min: 0.0, Avg: 0.1, Max: 0.1, Diff: 0.1, Sum: 0.3]
      [Object Copy (ms): Min: 133.8, Avg: 133.8, Max: 133.8, Diff: 0.0, Sum: 535.3]
      [Termination (ms): Min: 0.0, Avg: 0.0, Max: 0.0, Diff: 0.0, Sum: 0.0]
      [GC Worker Other (ms): Min: 0.0, Avg: 0.0, Max: 0.0, Diff: 0.0, Sum: 0.1]
      [GC Worker Total (ms): Min: 153.0, Avg: 153.1, Max: 153.2, Diff: 0.2, Sum: 612.5]
      [GC Worker End (ms): Min: 172445.6, Avg: 172445.6, Max: 172445.6, Diff: 0.0]
   [Code Root Fixup: 0.0 ms]
   [Clear CT: 0.1 ms]
   [Other: 1.9 ms]
      [Choose CSet: 0.0 ms]
      [Ref Proc: 0.6 ms]
      [Ref Enq: 0.0 ms]
      [Free CSet: 0.3 ms]
   [Eden: 295.0M(295.0M)->0.0B(241.0M) Survivors: 10.0M->39.0M Heap: 1319.0M(2048.0M)->1180.0M(2048.0M)]
 [Times: user=0.55 sys=0.00, real=0.16 secs] 
172.622: [GC concurrent-mark-end, 0.5801296 secs]
172.622: [GC remark 172.622: [GC ref-proc, 0.0012165 secs], 0.0026918 secs]
 [Times: user=0.00 sys=0.00, real=0.00 secs] 
172.625: [GC cleanup 1351M->722M(2048M), 0.0013643 secs]
 [Times: user=0.00 sys=0.00, real=0.00 secs] 
172.627: [GC concurrent-cleanup-start]
172.627: [GC concurrent-cleanup-end, 0.0007640 secs]
172.695: [GC pause (young), 0.1291407 secs]
   [Parallel Time: 125.8 ms, GC Workers: 4]
      [GC Worker Start (ms): Min: 172695.1, Avg: 172695.1, Max: 172695.1, Diff: 0.0]
      [Ext Root Scanning (ms): Min: 1.0, Avg: 1.0, Max: 1.1, Diff: 0.0, Sum: 4.1]
      [Update RS (ms): Min: 20.5, Avg: 23.6, Max: 32.0, Diff: 11.5, Sum: 94.5]
         [Processed Buffers: Min: 152, Avg: 185.3, Max: 217, Diff: 65, Sum: 741]
      [Scan RS (ms): Min: 0.0, Avg: 0.7, Max: 1.4, Diff: 1.3, Sum: 3.0]
      [Object Copy (ms): Min: 92.7, Avg: 100.3, Max: 102.9, Diff: 10.2, Sum: 401.3]
      [Termination (ms): Min: 0.0, Avg: 0.0, Max: 0.0, Diff: 0.0, Sum: 0.0]
      [GC Worker Other (ms): Min: 0.0, Avg: 0.0, Max: 0.0, Diff: 0.0, Sum: 0.1]
      [GC Worker Total (ms): Min: 125.7, Avg: 125.8, Max: 125.8, Diff: 0.0, Sum: 503.0]
      [GC Worker End (ms): Min: 172820.9, Avg: 172820.9, Max: 172820.9, Diff: 0.0]
   [Code Root Fixup: 0.0 ms]
   [Clear CT: 0.1 ms]
   [Other: 3.2 ms]
      [Choose CSet: 0.0 ms]
      [Ref Proc: 1.6 ms]
      [Ref Enq: 0.0 ms]
      [Free CSet: 0.2 ms]
   [Eden: 241.0M(241.0M)->0.0B(267.0M) Survivors: 39.0M->35.0M Heap: 792.0M(2048.0M)->630.5M(2048.0M)]
 [Times: user=0.45 sys=0.00, real=0.13 secs] 
173.083: [GC pause (young), 0.1716309 secs]
   [Parallel Time: 169.7 ms, GC Workers: 4]
      [GC Worker Start (ms): Min: 173083.7, Avg: 173083.7, Max: 173083.7, Diff: 0.0]
      [Ext Root Scanning (ms): Min: 1.2, Avg: 2.6, Max: 6.7, Diff: 5.5, Sum: 10.3]
      [Update RS (ms): Min: 13.4, Avg: 17.9, Max: 20.6, Diff: 7.2, Sum: 71.8]
         [Processed Buffers: Min: 126, Avg: 148.0, Max: 179, Diff: 53, Sum: 592]
      [Scan RS (ms): Min: 0.4, Avg: 1.7, Max: 2.2, Diff: 1.8, Sum: 6.7]
      [Object Copy (ms): Min: 147.3, Avg: 147.4, Max: 147.4, Diff: 0.1, Sum: 589.5]
      [Termination (ms): Min: 0.0, Avg: 0.1, Max: 0.2, Diff: 0.2, Sum: 0.4]
      [GC Worker Other (ms): Min: 0.0, Avg: 0.0, Max: 0.0, Diff: 0.0, Sum: 0.1]
      [GC Worker Total (ms): Min: 169.6, Avg: 169.7, Max: 169.7, Diff: 0.1, Sum: 678.7]
      [GC Worker End (ms): Min: 173253.4, Avg: 173253.4, Max: 173253.4, Diff: 0.1]
   [Code Root Fixup: 0.0 ms]
   [Clear CT: 0.2 ms]
   [Other: 1.7 ms]
      [Choose CSet: 0.0 ms]
      [Ref Proc: 0.1 ms]
      [Ref Enq: 0.0 ms]
      [Free CSet: 0.3 ms]
   [Eden: 267.0M(267.0M)->0.0B(246.0M) Survivors: 35.0M->38.0M Heap: 897.5M(2048.0M)->778.0M(2048.0M)]
 [Times: user=0.61 sys=0.00, real=0.17 secs] 
173.496: [GC pause (young), 0.1616956 secs]
   [Parallel Time: 158.9 ms, GC Workers: 4]
      [GC Worker Start (ms): Min: 173496.8, Avg: 173496.8, Max: 173496.8, Diff: 0.0]
      [Ext Root Scanning (ms): Min: 0.9, Avg: 0.9, Max: 0.9, Diff: 0.0, Sum: 3.5]
      [Update RS (ms): Min: 21.0, Avg: 21.6, Max: 22.8, Diff: 1.8, Sum: 86.3]
         [Processed Buffers: Min: 164, Avg: 202.0, Max: 226, Diff: 62, Sum: 808]
      [Scan RS (ms): Min: 4.2, Avg: 5.4, Max: 6.0, Diff: 1.9, Sum: 21.7]
      [Object Copy (ms): Min: 130.9, Avg: 131.0, Max: 131.0, Diff: 0.1, Sum: 523.9]
      [Termination (ms): Min: 0.0, Avg: 0.0, Max: 0.0, Diff: 0.0, Sum: 0.0]
      [GC Worker Other (ms): Min: 0.0, Avg: 0.0, Max: 0.0, Diff: 0.0, Sum: 0.1]
      [GC Worker Total (ms): Min: 158.8, Avg: 158.8, Max: 158.9, Diff: 0.0, Sum: 635.4]
      [GC Worker End (ms): Min: 173655.6, Avg: 173655.6, Max: 173655.6, Diff: 0.0]
   [Code Root Fixup: 0.0 ms]
   [Clear CT: 0.3 ms]
   [Other: 2.5 ms]
      [Choose CSet: 0.0 ms]
      [Ref Proc: 0.5 ms]
      [Ref Enq: 0.0 ms]
      [Free CSet: 0.3 ms]
   [Eden: 246.0M(246.0M)->0.0B(246.0M) Survivors: 38.0M->36.0M Heap: 1024.0M(2048.0M)->897.5M(2048.0M)]
 [Times: user=0.58 sys=0.00, real=0.16 secs] 
173.942: [GC pause (young), 0.1744250 secs]
   [Parallel Time: 172.5 ms, GC Workers: 4]
      [GC Worker Start (ms): Min: 173941.9, Avg: 173941.9, Max: 173941.9, Diff: 0.0]
      [Ext Root Scanning (ms): Min: 0.9, Avg: 0.9, Max: 0.9, Diff: 0.0, Sum: 3.5]
      [Update RS (ms): Min: 18.2, Avg: 18.2, Max: 18.2, Diff: 0.0, Sum: 72.8]
         [Processed Buffers: Min: 164, Avg: 185.3, Max: 205, Diff: 41, Sum: 741]
      [Scan RS (ms): Min: 1.5, Avg: 1.6, Max: 1.6, Diff: 0.1, Sum: 6.2]
      [Object Copy (ms): Min: 149.3, Avg: 150.3, Max: 151.9, Diff: 2.5, Sum: 601.2]
      [Termination (ms): Min: 0.0, Avg: 1.5, Max: 2.5, Diff: 2.5, Sum: 6.1]
      [GC Worker Other (ms): Min: 0.0, Avg: 0.0, Max: 0.0, Diff: 0.0, Sum: 0.0]
      [GC Worker Total (ms): Min: 172.5, Avg: 172.5, Max: 172.5, Diff: 0.0, Sum: 689.9]
      [GC Worker End (ms): Min: 174114.4, Avg: 174114.4, Max: 174114.4, Diff: 0.0]
   [Code Root Fixup: 0.0 ms]
   [Clear CT: 0.1 ms]
   [Other: 1.8 ms]
      [Choose CSet: 0.0 ms]
      [Ref Proc: 0.0 ms]
      [Ref Enq: 0.0 ms]
      [Free CSet: 0.2 ms]
   [Eden: 246.0M(246.0M)->0.0B(246.0M) Survivors: 36.0M->36.0M Heap: 1143.5M(2048.0M)->1038.5M(2048.0M)]
 [Times: user=0.64 sys=0.00, real=0.17 secs] 
174.381: [GC pause (young) (initial-mark), 0.1622617 secs]
   [Parallel Time: 160.2 ms, GC Workers: 4]
      [GC Worker Start (ms): Min: 174381.6, Avg: 174381.6, Max: 174381.6, Diff: 0.0]
      [Ext Root Scanning (ms): Min: 0.9, Avg: 0.9, Max: 0.9, Diff: 0.0, Sum: 3.5]
      [Update RS (ms): Min: 19.8, Avg: 19.8, Max: 19.9, Diff: 0.1, Sum: 79.4]
         [Processed Buffers: Min: 145, Avg: 180.3, Max: 219, Diff: 74, Sum: 721]
      [Scan RS (ms): Min: 0.1, Avg: 0.2, Max: 0.2, Diff: 0.1, Sum: 0.8]
      [Object Copy (ms): Min: 139.3, Avg: 139.3, Max: 139.3, Diff: 0.0, Sum: 557.1]
      [Termination (ms): Min: 0.0, Avg: 0.0, Max: 0.0, Diff: 0.0, Sum: 0.0]
      [GC Worker Other (ms): Min: 0.0, Avg: 0.0, Max: 0.0, Diff: 0.0, Sum: 0.1]
      [GC Worker Total (ms): Min: 160.2, Avg: 160.2, Max: 160.2, Diff: 0.0, Sum: 640.9]
      [GC Worker End (ms): Min: 174541.8, Avg: 174541.8, Max: 174541.8, Diff: 0.0]
   [Code Root Fixup: 0.0 ms]
   [Clear CT: 0.1 ms]
   [Other: 1.9 ms]
      [Choose CSet: 0.0 ms]
      [Ref Proc: 0.0 ms]
      [Ref Enq: 0.0 ms]
      [Free CSet: 0.3 ms]
   [Eden: 246.0M(246.0M)->0.0B(255.0M) Survivors: 36.0M->36.0M Heap: 1284.5M(2048.0M)->1173.0M(2048.0M)]
 [Times: user=0.64 sys=0.00, real=0.16 secs] 
174.544: [GC concurrent-root-region-scan-start]
174.618: [GC concurrent-root-region-scan-end, 0.0744538 secs]
174.618: [GC concurrent-mark-start]
174.761: [GC pause (young), 0.0642915 secs]
   [Parallel Time: 62.5 ms, GC Workers: 4]
      [GC Worker Start (ms): Min: 174761.2, Avg: 174761.2, Max: 174761.2, Diff: 0.0]
      [Ext Root Scanning (ms): Min: 0.9, Avg: 0.9, Max: 0.9, Diff: 0.0, Sum: 3.6]
      [SATB Filtering (ms): Min: 0.0, Avg: 0.0, Max: 0.1, Diff: 0.1, Sum: 0.1]
      [Update RS (ms): Min: 21.5, Avg: 21.6, Max: 21.6, Diff: 0.1, Sum: 86.3]
         [Processed Buffers: Min: 120, Avg: 124.8, Max: 128, Diff: 8, Sum: 499]
      [Scan RS (ms): Min: 0.2, Avg: 0.2, Max: 0.3, Diff: 0.1, Sum: 1.0]
      [Object Copy (ms): Min: 39.7, Avg: 39.8, Max: 39.8, Diff: 0.1, Sum: 159.0]
      [Termination (ms): Min: 0.0, Avg: 0.0, Max: 0.0, Diff: 0.0, Sum: 0.0]
      [GC Worker Other (ms): Min: 0.0, Avg: 0.0, Max: 0.0, Diff: 0.0, Sum: 0.1]
      [GC Worker Total (ms): Min: 62.5, Avg: 62.5, Max: 62.5, Diff: 0.0, Sum: 250.1]
      [GC Worker End (ms): Min: 174823.7, Avg: 174823.7, Max: 174823.7, Diff: 0.0]
   [Code Root Fixup: 0.0 ms]
   [Clear CT: 0.6 ms]
   [Other: 1.1 ms]
      [Choose CSet: 0.0 ms]
      [Ref Proc: 0.2 ms]
      [Ref Enq: 0.0 ms]
      [Free CSet: 0.2 ms]
   [Eden: 255.0M(255.0M)->0.0B(482.0M) Survivors: 36.0M->12.0M Heap: 1428.0M(2048.0M)->1186.0M(2048.0M)]
 [Times: user=0.25 sys=0.00, real=0.07 secs] 
175.192: [GC concurrent-mark-end, 0.5738649 secs]
175.192: [GC remark 175.194: [GC ref-proc, 0.0012630 secs], 0.0042486 secs]
 [Times: user=0.01 sys=0.00, real=0.00 secs] 
175.197: [GC cleanup 1585M->917M(2048M), 0.0014776 secs]
 [Times: user=0.00 sys=0.00, real=0.00 secs] 
175.199: [GC concurrent-cleanup-start]
175.199: [GC concurrent-cleanup-end, 0.0008047 secs]
175.285: [GC pause (young), 0.2666521 secs]
   [Parallel Time: 263.1 ms, GC Workers: 4]
      [GC Worker Start (ms): Min: 175285.5, Avg: 175285.5, Max: 175285.5, Diff: 0.0]
      [Ext Root Scanning (ms): Min: 0.9, Avg: 0.9, Max: 0.9, Diff: 0.0, Sum: 3.5]
      [Update RS (ms): Min: 25.2, Avg: 26.1, Max: 28.0, Diff: 2.8, Sum: 104.2]
         [Processed Buffers: Min: 179, Avg: 258.0, Max: 397, Diff: 218, Sum: 1032]
      [Scan RS (ms): Min: 0.0, Avg: 0.1, Max: 0.2, Diff: 0.2, Sum: 0.4]
      [Object Copy (ms): Min: 229.9, Avg: 232.0, Max: 233.0, Diff: 3.0, Sum: 928.0]
      [Termination (ms): Min: 0.0, Avg: 2.2, Max: 4.2, Diff: 4.2, Sum: 9.0]
      [GC Worker Other (ms): Min: 0.0, Avg: 0.0, Max: 0.0, Diff: 0.0, Sum: 0.0]
      [GC Worker Total (ms): Min: 259.6, Avg: 261.3, Max: 263.1, Diff: 3.5, Sum: 1045.2]
      [GC Worker End (ms): Min: 175545.1, Avg: 175546.8, Max: 175548.6, Diff: 3.5]
   [Code Root Fixup: 0.0 ms]
   [Clear CT: 0.3 ms]
   [Other: 3.2 ms]
      [Choose CSet: 0.0 ms]
      [Ref Proc: 0.9 ms]
      [Ref Enq: 0.0 ms]
      [Free CSet: 0.4 ms]
   [Eden: 482.0M(482.0M)->0.0B(40.0M) Survivors: 12.0M->62.0M Heap: 1000.0M(2048.0M)->790.0M(2048.0M)]
 [Times: user=1.01 sys=0.00, real=0.27 secs] 
175.678: [GC pause (mixed), 0.1218424 secs]
   [Parallel Time: 119.3 ms, GC Workers: 4]
      [GC Worker Start (ms): Min: 175678.3, Avg: 175678.3, Max: 175678.3, Diff: 0.0]
      [Ext Root Scanning (ms): Min: 1.2, Avg: 1.4, Max: 2.2, Diff: 1.0, Sum: 5.8]
      [Update RS (ms): Min: 28.1, Avg: 28.8, Max: 29.0, Diff: 1.0, Sum: 115.1]
         [Processed Buffers: Min: 156, Avg: 157.8, Max: 161, Diff: 5, Sum: 631]
      [Scan RS (ms): Min: 17.9, Avg: 18.0, Max: 18.0, Diff: 0.1, Sum: 71.8]
      [Object Copy (ms): Min: 70.9, Avg: 71.0, Max: 71.1, Diff: 0.2, Sum: 284.2]
      [Termination (ms): Min: 0.0, Avg: 0.0, Max: 0.0, Diff: 0.0, Sum: 0.0]
      [GC Worker Other (ms): Min: 0.0, Avg: 0.0, Max: 0.0, Diff: 0.0, Sum: 0.1]
      [GC Worker Total (ms): Min: 119.2, Avg: 119.2, Max: 119.2, Diff: 0.0, Sum: 476.9]
      [GC Worker End (ms): Min: 175797.5, Avg: 175797.5, Max: 175797.5, Diff: 0.0]
   [Code Root Fixup: 0.0 ms]
   [Clear CT: 0.5 ms]
   [Other: 2.1 ms]
      [Choose CSet: 0.0 ms]
      [Ref Proc: 0.3 ms]
      [Ref Enq: 0.0 ms]
      [Free CSet: 0.3 ms]
   [Eden: 40.0M(40.0M)->0.0B(235.0M) Survivors: 62.0M->3072.0K Heap: 830.0M(2048.0M)->762.0M(2048.0M)]
 [Times: user=0.42 sys=0.00, real=0.12 secs] 
176.082: [GC pause (young), 0.1253542 secs]
   [Parallel Time: 124.0 ms, GC Workers: 4]
      [GC Worker Start (ms): Min: 176082.9, Avg: 176082.9, Max: 176083.0, Diff: 0.1]
      [Ext Root Scanning (ms): Min: 1.0, Avg: 1.0, Max: 1.0, Diff: 0.0, Sum: 4.1]
      [Update RS (ms): Min: 16.5, Avg: 16.5, Max: 16.6, Diff: 0.0, Sum: 66.2]
         [Processed Buffers: Min: 208, Avg: 313.8, Max: 458, Diff: 250, Sum: 1255]
      [Scan RS (ms): Min: 0.1, Avg: 0.1, Max: 0.1, Diff: 0.0, Sum: 0.3]
      [Object Copy (ms): Min: 100.5, Avg: 102.0, Max: 106.2, Diff: 5.7, Sum: 407.9]
      [Termination (ms): Min: 0.0, Avg: 4.3, Max: 5.8, Diff: 5.7, Sum: 17.1]
      [GC Worker Other (ms): Min: 0.0, Avg: 0.0, Max: 0.0, Diff: 0.0, Sum: 0.0]
      [GC Worker Total (ms): Min: 123.9, Avg: 123.9, Max: 123.9, Diff: 0.0, Sum: 495.5]
      [GC Worker End (ms): Min: 176206.8, Avg: 176206.8, Max: 176206.9, Diff: 0.1]
   [Code Root Fixup: 0.0 ms]
   [Clear CT: 0.1 ms]
   [Other: 1.3 ms]
      [Choose CSet: 0.0 ms]
      [Ref Proc: 0.0 ms]
      [Ref Enq: 0.0 ms]
      [Free CSet: 0.2 ms]
   [Eden: 235.0M(235.0M)->0.0B(72.0M) Survivors: 3072.0K->30.0M Heap: 997.0M(2048.0M)->875.0M(2048.0M)]
 [Times: user=0.45 sys=0.02, real=0.13 secs] 
176.258: [GC pause (young), 0.0689384 secs]
   [Parallel Time: 66.8 ms, GC Workers: 4]
      [GC Worker Start (ms): Min: 176258.2, Avg: 176258.3, Max: 176258.3, Diff: 0.0]
      [Ext Root Scanning (ms): Min: 0.9, Avg: 0.9, Max: 0.9, Diff: 0.0, Sum: 3.5]
      [Update RS (ms): Min: 22.6, Avg: 22.8, Max: 23.3, Diff: 0.6, Sum: 91.2]
         [Processed Buffers: Min: 116, Avg: 167.5, Max: 209, Diff: 93, Sum: 670]
      [Scan RS (ms): Min: 0.3, Avg: 0.8, Max: 0.9, Diff: 0.6, Sum: 3.0]
      [Object Copy (ms): Min: 42.3, Avg: 42.4, Max: 42.4, Diff: 0.0, Sum: 169.4]
      [Termination (ms): Min: 0.0, Avg: 0.0, Max: 0.0, Diff: 0.0, Sum: 0.0]
      [GC Worker Other (ms): Min: 0.0, Avg: 0.0, Max: 0.0, Diff: 0.0, Sum: 0.1]
      [GC Worker Total (ms): Min: 66.8, Avg: 66.8, Max: 66.8, Diff: 0.0, Sum: 267.3]
      [GC Worker End (ms): Min: 176325.1, Avg: 176325.1, Max: 176325.1, Diff: 0.0]
   [Code Root Fixup: 0.0 ms]
   [Clear CT: 0.4 ms]
   [Other: 1.7 ms]
      [Choose CSet: 0.0 ms]
      [Ref Proc: 0.8 ms]
      [Ref Enq: 0.0 ms]
      [Free CSet: 0.1 ms]
   [Eden: 72.0M(72.0M)->0.0B(114.0M) Survivors: 30.0M->13.0M Heap: 947.0M(2048.0M)->893.5M(2048.0M)]
 [Times: user=0.23 sys=0.00, real=0.07 secs] 
176.417: [GC pause (young), 0.0589608 secs]
   [Parallel Time: 58.1 ms, GC Workers: 4]
      [GC Worker Start (ms): Min: 176417.4, Avg: 176417.5, Max: 176417.6, Diff: 0.2]
      [Ext Root Scanning (ms): Min: 0.2, Avg: 0.9, Max: 1.2, Diff: 1.0, Sum: 3.7]
      [Update RS (ms): Min: 12.2, Avg: 14.8, Max: 15.7, Diff: 3.5, Sum: 59.1]
         [Processed Buffers: Min: 84, Avg: 102.3, Max: 128, Diff: 44, Sum: 409]
      [Scan RS (ms): Min: 0.1, Avg: 0.1, Max: 0.1, Diff: 0.0, Sum: 0.4]
      [Object Copy (ms): Min: 41.1, Avg: 42.2, Max: 45.6, Diff: 4.5, Sum: 168.8]
      [Termination (ms): Min: 0.0, Avg: 0.0, Max: 0.0, Diff: 0.0, Sum: 0.0]
      [GC Worker Other (ms): Min: 0.0, Avg: 0.0, Max: 0.0, Diff: 0.0, Sum: 0.1]
      [GC Worker Total (ms): Min: 57.9, Avg: 58.0, Max: 58.1, Diff: 0.2, Sum: 232.1]
      [GC Worker End (ms): Min: 176475.5, Avg: 176475.5, Max: 176475.5, Diff: 0.0]
   [Code Root Fixup: 0.0 ms]
   [Clear CT: 0.1 ms]
   [Other: 0.7 ms]
      [Choose CSet: 0.0 ms]
      [Ref Proc: 0.0 ms]
      [Ref Enq: 0.0 ms]
      [Free CSet: 0.1 ms]
   [Eden: 114.0M(114.0M)->0.0B(198.0M) Survivors: 13.0M->16.0M Heap: 1007.5M(2048.0M)->931.0M(2048.0M)]
 [Times: user=0.22 sys=0.00, real=0.06 secs] 
176.653: [GC pause (young), 0.1472430 secs]
   [Parallel Time: 145.9 ms, GC Workers: 4]
      [GC Worker Start (ms): Min: 176652.8, Avg: 176652.8, Max: 176652.8, Diff: 0.0]
      [Ext Root Scanning (ms): Min: 1.2, Avg: 3.4, Max: 10.2, Diff: 9.0, Sum: 13.8]
      [Update RS (ms): Min: 8.4, Avg: 15.0, Max: 17.3, Diff: 8.9, Sum: 60.0]
         [Processed Buffers: Min: 41, Avg: 67.0, Max: 87, Diff: 46, Sum: 268]
      [Scan RS (ms): Min: 0.0, Avg: 0.1, Max: 0.1, Diff: 0.1, Sum: 0.2]
      [Object Copy (ms): Min: 127.3, Avg: 127.3, Max: 127.4, Diff: 0.1, Sum: 509.4]
      [Termination (ms): Min: 0.0, Avg: 0.0, Max: 0.0, Diff: 0.0, Sum: 0.0]
      [GC Worker Other (ms): Min: 0.0, Avg: 0.0, Max: 0.0, Diff: 0.0, Sum: 0.1]
      [GC Worker Total (ms): Min: 145.8, Avg: 145.9, Max: 145.9, Diff: 0.0, Sum: 583.4]
      [GC Worker End (ms): Min: 176798.7, Avg: 176798.7, Max: 176798.7, Diff: 0.0]
   [Code Root Fixup: 0.0 ms]
   [Clear CT: 0.1 ms]
   [Other: 1.3 ms]
      [Choose CSet: 0.0 ms]
      [Ref Proc: 0.0 ms]
      [Ref Enq: 0.0 ms]
      [Free CSet: 0.2 ms]
   [Eden: 198.0M(198.0M)->0.0B(182.0M) Survivors: 16.0M->27.0M Heap: 1129.0M(2048.0M)->1065.0M(2048.0M)]
 [Times: user=0.47 sys=0.00, real=0.15 secs] 
176.972: [GC pause (young) (initial-mark), 0.0862252 secs]
   [Parallel Time: 84.4 ms, GC Workers: 4]
      [GC Worker Start (ms): Min: 176972.7, Avg: 176979.1, Max: 176998.2, Diff: 25.5]
      [Ext Root Scanning (ms): Min: 0.1, Avg: 1.1, Max: 1.5, Diff: 1.4, Sum: 4.4]
      [Update RS (ms): Min: 0.5, Avg: 18.3, Max: 24.3, Diff: 23.8, Sum: 73.4]
         [Processed Buffers: Min: 115, Avg: 203.8, Max: 254, Diff: 139, Sum: 815]
      [Scan RS (ms): Min: 4.1, Avg: 4.1, Max: 4.2, Diff: 0.1, Sum: 16.4]
      [Object Copy (ms): Min: 54.2, Avg: 54.3, Max: 54.4, Diff: 0.3, Sum: 217.3]
      [Termination (ms): Min: 0.0, Avg: 0.0, Max: 0.0, Diff: 0.0, Sum: 0.0]
      [GC Worker Other (ms): Min: 0.0, Avg: 0.0, Max: 0.0, Diff: 0.0, Sum: 0.1]
      [GC Worker Total (ms): Min: 58.9, Avg: 77.9, Max: 84.3, Diff: 25.5, Sum: 311.6]
      [GC Worker End (ms): Min: 177057.0, Avg: 177057.0, Max: 177057.1, Diff: 0.0]
   [Code Root Fixup: 0.0 ms]
   [Clear CT: 0.3 ms]
   [Other: 1.5 ms]
      [Choose CSet: 0.0 ms]
      [Ref Proc: 0.2 ms]
      [Ref Enq: 0.0 ms]
      [Free CSet: 0.2 ms]
   [Eden: 182.0M(182.0M)->0.0B(217.0M) Survivors: 27.0M->27.0M Heap: 1247.0M(2048.0M)->1101.5M(2048.0M)]
 [Times: user=0.23 sys=0.00, real=0.09 secs] 
177.059: [GC concurrent-root-region-scan-start]
177.090: [GC concurrent-root-region-scan-end, 0.0312384 secs]
177.090: [GC concurrent-mark-start]
177.243: [GC pause (young), 0.0622738 secs]
   [Parallel Time: 61.3 ms, GC Workers: 4]
      [GC Worker Start (ms): Min: 177243.1, Avg: 177243.1, Max: 177243.1, Diff: 0.0]
      [Ext Root Scanning (ms): Min: 0.9, Avg: 0.9, Max: 0.9, Diff: 0.0, Sum: 3.7]
      [SATB Filtering (ms): Min: 0.0, Avg: 0.2, Max: 0.6, Diff: 0.6, Sum: 0.6]
      [Update RS (ms): Min: 17.0, Avg: 17.4, Max: 17.6, Diff: 0.6, Sum: 69.7]
         [Processed Buffers: Min: 102, Avg: 107.8, Max: 112, Diff: 10, Sum: 431]
      [Scan RS (ms): Min: 0.1, Avg: 0.1, Max: 0.1, Diff: 0.0, Sum: 0.5]
      [Object Copy (ms): Min: 42.6, Avg: 42.6, Max: 42.7, Diff: 0.0, Sum: 170.6]
      [Termination (ms): Min: 0.0, Avg: 0.0, Max: 0.0, Diff: 0.0, Sum: 0.0]
      [GC Worker Other (ms): Min: 0.0, Avg: 0.0, Max: 0.0, Diff: 0.0, Sum: 0.0]
      [GC Worker Total (ms): Min: 61.3, Avg: 61.3, Max: 61.3, Diff: 0.0, Sum: 245.1]
      [GC Worker End (ms): Min: 177304.4, Avg: 177304.4, Max: 177304.4, Diff: 0.0]
   [Code Root Fixup: 0.0 ms]
   [Clear CT: 0.2 ms]
   [Other: 0.8 ms]
      [Choose CSet: 0.0 ms]
      [Ref Proc: 0.0 ms]
      [Ref Enq: 0.0 ms]
      [Free CSet: 0.2 ms]
   [Eden: 217.0M(217.0M)->0.0B(302.0M) Survivors: 27.0M->25.0M Heap: 1318.5M(2048.0M)->1127.5M(2048.0M)]
 [Times: user=0.23 sys=0.00, real=0.06 secs] 
177.552: [GC pause (young), 0.0945196 secs]
   [Parallel Time: 90.6 ms, GC Workers: 4]
      [GC Worker Start (ms): Min: 177552.1, Avg: 177552.1, Max: 177552.1, Diff: 0.0]
      [Ext Root Scanning (ms): Min: 0.9, Avg: 0.9, Max: 1.0, Diff: 0.1, Sum: 3.8]
      [SATB Filtering (ms): Min: 0.0, Avg: 0.7, Max: 2.7, Diff: 2.7, Sum: 2.7]
      [Update RS (ms): Min: 11.0, Avg: 12.9, Max: 13.6, Diff: 2.7, Sum: 51.8]
         [Processed Buffers: Min: 57, Avg: 78.8, Max: 105, Diff: 48, Sum: 315]
      [Scan RS (ms): Min: 0.1, Avg: 0.1, Max: 0.1, Diff: 0.0, Sum: 0.4]
      [Object Copy (ms): Min: 75.2, Avg: 75.2, Max: 75.2, Diff: 0.0, Sum: 300.7]
      [Termination (ms): Min: 0.0, Avg: 0.0, Max: 0.0, Diff: 0.0, Sum: 0.0]
      [GC Worker Other (ms): Min: 0.0, Avg: 0.0, Max: 0.0, Diff: 0.0, Sum: 0.1]
      [GC Worker Total (ms): Min: 89.9, Avg: 89.9, Max: 89.9, Diff: 0.0, Sum: 359.4]
      [GC Worker End (ms): Min: 177642.0, Avg: 177642.0, Max: 177642.0, Diff: 0.0]
   [Code Root Fixup: 0.0 ms]
   [Clear CT: 0.1 ms]
   [Other: 3.8 ms]
      [Choose CSet: 0.0 ms]
      [Ref Proc: 2.9 ms]
      [Ref Enq: 0.0 ms]
      [Free CSet: 0.2 ms]
   [Eden: 302.0M(302.0M)->0.0B(321.0M) Survivors: 25.0M->41.0M Heap: 1429.5M(2048.0M)->1198.5M(2048.0M)]
 [Times: user=0.37 sys=0.00, real=0.10 secs] 
177.664: [GC concurrent-mark-end, 0.5742764 secs]
177.665: [GC remark 177.665: [GC ref-proc, 0.0012630 secs], 0.0025151 secs]
 [Times: user=0.00 sys=0.00, real=0.00 secs] 
177.668: [GC cleanup 1217M->575M(2048M), 0.0018047 secs]
 [Times: user=0.00 sys=0.00, real=0.00 secs] 
177.670: [GC concurrent-cleanup-start]
177.672: [GC concurrent-cleanup-end, 0.0018493 secs]
177.949: [GC pause (young), 0.2301802 secs]
   [Parallel Time: 227.0 ms, GC Workers: 4]
      [GC Worker Start (ms): Min: 177948.9, Avg: 177948.9, Max: 177948.9, Diff: 0.0]
      [Ext Root Scanning (ms): Min: 1.1, Avg: 3.0, Max: 8.8, Diff: 7.7, Sum: 12.2]
      [Update RS (ms): Min: 14.8, Avg: 20.5, Max: 22.4, Diff: 7.7, Sum: 81.9]
         [Processed Buffers: Min: 78, Avg: 106.3, Max: 117, Diff: 39, Sum: 425]
      [Scan RS (ms): Min: 0.0, Avg: 0.1, Max: 0.1, Diff: 0.1, Sum: 0.3]
      [Object Copy (ms): Min: 202.9, Avg: 203.0, Max: 203.1, Diff: 0.2, Sum: 812.0]
      [Termination (ms): Min: 0.0, Avg: 0.1, Max: 0.2, Diff: 0.2, Sum: 0.5]
      [GC Worker Other (ms): Min: 0.0, Avg: 0.0, Max: 0.0, Diff: 0.0, Sum: 0.0]
      [GC Worker Total (ms): Min: 226.7, Avg: 226.7, Max: 226.8, Diff: 0.1, Sum: 907.0]
      [GC Worker End (ms): Min: 178175.6, Avg: 178175.7, Max: 178175.7, Diff: 0.1]
   [Code Root Fixup: 0.0 ms]
   [Clear CT: 0.1 ms]
   [Other: 3.1 ms]
      [Choose CSet: 0.0 ms]
      [Ref Proc: 1.1 ms]
      [Ref Enq: 0.0 ms]
      [Free CSet: 0.3 ms]
   [Eden: 321.0M(321.0M)->0.0B(56.0M) Survivors: 41.0M->46.0M Heap: 877.5M(2048.0M)->763.0M(2048.0M)]
 [Times: user=0.89 sys=0.00, real=0.23 secs] 
178.335: [GC pause (mixed), 0.0929372 secs]
   [Parallel Time: 91.2 ms, GC Workers: 4]
      [GC Worker Start (ms): Min: 178335.7, Avg: 178336.4, Max: 178337.2, Diff: 1.5]
      [Ext Root Scanning (ms): Min: 0.2, Avg: 0.8, Max: 1.5, Diff: 1.4, Sum: 3.4]
      [Update RS (ms): Min: 25.6, Avg: 25.6, Max: 25.7, Diff: 0.2, Sum: 102.5]
         [Processed Buffers: Min: 133, Avg: 137.0, Max: 140, Diff: 7, Sum: 548]
      [Scan RS (ms): Min: 8.8, Avg: 9.6, Max: 11.3, Diff: 2.5, Sum: 38.4]
      [Object Copy (ms): Min: 52.5, Avg: 54.3, Max: 55.2, Diff: 2.8, Sum: 217.2]
      [Termination (ms): Min: 0.0, Avg: 0.0, Max: 0.0, Diff: 0.0, Sum: 0.0]
      [GC Worker Other (ms): Min: 0.0, Avg: 0.0, Max: 0.0, Diff: 0.0, Sum: 0.1]
      [GC Worker Total (ms): Min: 89.6, Avg: 90.4, Max: 91.1, Diff: 1.5, Sum: 361.6]
      [GC Worker End (ms): Min: 178426.8, Avg: 178426.8, Max: 178426.8, Diff: 0.0]
   [Code Root Fixup: 0.0 ms]
   [Clear CT: 0.1 ms]
   [Other: 1.7 ms]
      [Choose CSet: 0.0 ms]
      [Ref Proc: 0.3 ms]
      [Ref Enq: 0.0 ms]
      [Free CSet: 0.4 ms]
   [Eden: 56.0M(56.0M)->0.0B(263.0M) Survivors: 46.0M->6144.0K Heap: 819.0M(2048.0M)->715.5M(2048.0M)]
 [Times: user=0.34 sys=0.00, real=0.09 secs] 
178.668: [GC pause (young), 0.1308158 secs]
   [Parallel Time: 129.2 ms, GC Workers: 4]
      [GC Worker Start (ms): Min: 178668.8, Avg: 178668.8, Max: 178668.8, Diff: 0.0]
      [Ext Root Scanning (ms): Min: 0.9, Avg: 0.9, Max: 0.9, Diff: 0.0, Sum: 3.6]
      [Update RS (ms): Min: 16.6, Avg: 16.8, Max: 17.2, Diff: 0.6, Sum: 67.3]
         [Processed Buffers: Min: 112, Avg: 276.5, Max: 389, Diff: 277, Sum: 1106]
      [Scan RS (ms): Min: 0.0, Avg: 0.1, Max: 0.2, Diff: 0.2, Sum: 0.3]
      [Object Copy (ms): Min: 111.1, Avg: 111.4, Max: 111.5, Diff: 0.5, Sum: 445.6]
      [Termination (ms): Min: 0.0, Avg: 0.0, Max: 0.0, Diff: 0.0, Sum: 0.0]
      [GC Worker Other (ms): Min: 0.0, Avg: 0.0, Max: 0.0, Diff: 0.0, Sum: 0.1]
      [GC Worker Total (ms): Min: 129.2, Avg: 129.2, Max: 129.2, Diff: 0.0, Sum: 516.9]
      [GC Worker End (ms): Min: 178798.0, Avg: 178798.0, Max: 178798.0, Diff: 0.0]
   [Code Root Fixup: 0.0 ms]
   [Clear CT: 0.1 ms]
   [Other: 1.5 ms]
      [Choose CSet: 0.0 ms]
      [Ref Proc: 0.0 ms]
      [Ref Enq: 0.0 ms]
      [Free CSet: 0.2 ms]
   [Eden: 263.0M(263.0M)->0.0B(177.0M) Survivors: 6144.0K->34.0M Heap: 978.5M(2048.0M)->845.5M(2048.0M)]
 [Times: user=0.53 sys=0.00, real=0.13 secs] 
178.948: [GC pause (young), 0.1212779 secs]
   [Parallel Time: 119.2 ms, GC Workers: 4]
      [GC Worker Start (ms): Min: 178948.3, Avg: 178948.3, Max: 178948.3, Diff: 0.0]
      [Ext Root Scanning (ms): Min: 0.9, Avg: 0.9, Max: 0.9, Diff: 0.0, Sum: 3.5]
      [Update RS (ms): Min: 19.0, Avg: 19.0, Max: 19.0, Diff: 0.0, Sum: 75.9]
         [Processed Buffers: Min: 154, Avg: 172.5, Max: 190, Diff: 36, Sum: 690]
      [Scan RS (ms): Min: 3.2, Avg: 3.2, Max: 3.2, Diff: 0.1, Sum: 12.7]
      [Object Copy (ms): Min: 96.1, Avg: 96.1, Max: 96.2, Diff: 0.1, Sum: 384.5]
      [Termination (ms): Min: 0.0, Avg: 0.0, Max: 0.0, Diff: 0.0, Sum: 0.0]
      [GC Worker Other (ms): Min: 0.0, Avg: 0.0, Max: 0.0, Diff: 0.0, Sum: 0.1]
      [GC Worker Total (ms): Min: 119.2, Avg: 119.2, Max: 119.2, Diff: 0.0, Sum: 476.6]
      [GC Worker End (ms): Min: 179067.5, Avg: 179067.5, Max: 179067.5, Diff: 0.0]
   [Code Root Fixup: 0.0 ms]
   [Clear CT: 0.2 ms]
   [Other: 1.9 ms]
      [Choose CSet: 0.0 ms]
      [Ref Proc: 0.5 ms]
      [Ref Enq: 0.0 ms]
      [Free CSet: 0.2 ms]
   [Eden: 177.0M(177.0M)->0.0B(218.0M) Survivors: 34.0M->27.0M Heap: 1022.5M(2048.0M)->922.0M(2048.0M)]
 [Times: user=0.47 sys=0.00, real=0.12 secs] 
179.254: [GC pause (young), 0.1100748 secs]
   [Parallel Time: 107.1 ms, GC Workers: 4]
      [GC Worker Start (ms): Min: 179254.3, Avg: 179254.3, Max: 179254.3, Diff: 0.0]
      [Ext Root Scanning (ms): Min: 0.3, Avg: 1.0, Max: 1.3, Diff: 1.0, Sum: 3.9]
      [Update RS (ms): Min: 20.1, Avg: 20.3, Max: 20.7, Diff: 0.6, Sum: 81.0]
         [Processed Buffers: Min: 136, Avg: 151.3, Max: 173, Diff: 37, Sum: 605]
      [Scan RS (ms): Min: 0.0, Avg: 0.2, Max: 0.3, Diff: 0.3, Sum: 0.9]
      [Object Copy (ms): Min: 85.1, Avg: 85.6, Max: 86.4, Diff: 1.2, Sum: 342.3]
      [Termination (ms): Min: 0.0, Avg: 0.0, Max: 0.0, Diff: 0.0, Sum: 0.0]
      [GC Worker Other (ms): Min: 0.0, Avg: 0.0, Max: 0.0, Diff: 0.0, Sum: 0.1]
      [GC Worker Total (ms): Min: 107.0, Avg: 107.0, Max: 107.0, Diff: 0.0, Sum: 428.2]
      [GC Worker End (ms): Min: 179361.4, Avg: 179361.4, Max: 179361.4, Diff: 0.0]
   [Code Root Fixup: 0.0 ms]
   [Clear CT: 1.7 ms]
   [Other: 1.3 ms]
      [Choose CSet: 0.0 ms]
      [Ref Proc: 0.1 ms]
      [Ref Enq: 0.0 ms]
      [Free CSet: 0.2 ms]
   [Eden: 218.0M(218.0M)->0.0B(276.0M) Survivors: 27.0M->31.0M Heap: 1140.0M(2048.0M)->1002.5M(2048.0M)]
 [Times: user=0.44 sys=0.00, real=0.11 secs] 
179.619: [GC pause (young) (initial-mark), 0.1938943 secs]
   [Parallel Time: 191.3 ms, GC Workers: 4]
      [GC Worker Start (ms): Min: 179619.0, Avg: 179619.0, Max: 179619.0, Diff: 0.0]
      [Ext Root Scanning (ms): Min: 0.9, Avg: 0.9, Max: 1.0, Diff: 0.1, Sum: 3.7]
      [Update RS (ms): Min: 18.6, Avg: 18.6, Max: 18.7, Diff: 0.1, Sum: 74.6]
         [Processed Buffers: Min: 115, Avg: 128.8, Max: 135, Diff: 20, Sum: 515]
      [Scan RS (ms): Min: 0.2, Avg: 0.2, Max: 0.2, Diff: 0.0, Sum: 1.0]
      [Object Copy (ms): Min: 169.1, Avg: 169.2, Max: 169.7, Diff: 0.6, Sum: 676.9]
      [Termination (ms): Min: 0.0, Avg: 1.0, Max: 2.4, Diff: 2.4, Sum: 4.0]
      [GC Worker Other (ms): Min: 0.0, Avg: 0.0, Max: 0.0, Diff: 0.0, Sum: 0.0]
      [GC Worker Total (ms): Min: 189.5, Avg: 190.1, Max: 191.3, Diff: 1.8, Sum: 760.2]
      [GC Worker End (ms): Min: 179808.5, Avg: 179809.0, Max: 179810.3, Diff: 1.8]
   [Code Root Fixup: 0.0 ms]
   [Clear CT: 0.2 ms]
   [Other: 2.4 ms]
      [Choose CSet: 0.0 ms]
      [Ref Proc: 0.4 ms]
      [Ref Enq: 0.0 ms]
      [Free CSet: 0.3 ms]
   [Eden: 276.0M(276.0M)->0.0B(220.0M) Survivors: 31.0M->39.0M Heap: 1278.5M(2048.0M)->1173.5M(2048.0M)]
 [Times: user=0.69 sys=0.00, real=0.19 secs] 
179.813: [GC concurrent-root-region-scan-start]
179.853: [GC concurrent-root-region-scan-end, 0.0402179 secs]
179.853: [GC concurrent-mark-start]
180.070: [GC pause (young), 0.0901867 secs]
   [Parallel Time: 88.8 ms, GC Workers: 4]
      [GC Worker Start (ms): Min: 180070.7, Avg: 180070.7, Max: 180070.7, Diff: 0.0]
      [Ext Root Scanning (ms): Min: 1.1, Avg: 2.7, Max: 7.4, Diff: 6.3, Sum: 10.9]
      [SATB Filtering (ms): Min: 0.0, Avg: 0.3, Max: 1.4, Diff: 1.4, Sum: 1.4]
      [Update RS (ms): Min: 16.9, Avg: 21.1, Max: 22.8, Diff: 5.9, Sum: 84.4]
         [Processed Buffers: Min: 156, Avg: 199.3, Max: 254, Diff: 98, Sum: 797]
      [Scan RS (ms): Min: 0.2, Avg: 0.5, Max: 0.7, Diff: 0.5, Sum: 1.9]
      [Object Copy (ms): Min: 64.0, Avg: 64.1, Max: 64.1, Diff: 0.1, Sum: 256.3]
      [Termination (ms): Min: 0.0, Avg: 0.0, Max: 0.0, Diff: 0.0, Sum: 0.0]
      [GC Worker Other (ms): Min: 0.0, Avg: 0.0, Max: 0.0, Diff: 0.0, Sum: 0.1]
      [GC Worker Total (ms): Min: 88.7, Avg: 88.7, Max: 88.7, Diff: 0.0, Sum: 354.9]
      [GC Worker End (ms): Min: 180159.4, Avg: 180159.4, Max: 180159.4, Diff: 0.0]
   [Code Root Fixup: 0.0 ms]
   [Clear CT: 0.1 ms]
   [Other: 1.3 ms]
      [Choose CSet: 0.0 ms]
      [Ref Proc: 0.0 ms]
      [Ref Enq: 0.0 ms]
      [Free CSet: 0.2 ms]
   [Eden: 220.0M(220.0M)->0.0B(328.0M) Survivors: 39.0M->33.0M Heap: 1393.5M(2048.0M)->1208.5M(2048.0M)]
 [Times: user=0.31 sys=0.00, real=0.09 secs] 
180.441: [GC pause (young), 0.0917678 secs]
   [Parallel Time: 90.6 ms, GC Workers: 4]
      [GC Worker Start (ms): Min: 180441.2, Avg: 180441.2, Max: 180441.2, Diff: 0.0]
      [Ext Root Scanning (ms): Min: 0.9, Avg: 0.9, Max: 0.9, Diff: 0.0, Sum: 3.5]
      [SATB Filtering (ms): Min: 0.0, Avg: 0.6, Max: 2.5, Diff: 2.5, Sum: 2.5]
      [Update RS (ms): Min: 13.4, Avg: 15.3, Max: 15.9, Diff: 2.5, Sum: 61.0]
         [Processed Buffers: Min: 108, Avg: 116.3, Max: 124, Diff: 16, Sum: 465]
      [Scan RS (ms): Min: 0.2, Avg: 0.2, Max: 0.2, Diff: 0.0, Sum: 0.9]
      [Object Copy (ms): Min: 73.6, Avg: 73.6, Max: 73.6, Diff: 0.0, Sum: 294.4]
      [Termination (ms): Min: 0.0, Avg: 0.0, Max: 0.0, Diff: 0.0, Sum: 0.1]
      [GC Worker Other (ms): Min: 0.0, Avg: 0.0, Max: 0.0, Diff: 0.0, Sum: 0.0]
      [GC Worker Total (ms): Min: 90.6, Avg: 90.6, Max: 90.6, Diff: 0.0, Sum: 362.4]
      [GC Worker End (ms): Min: 180531.8, Avg: 180531.8, Max: 180531.8, Diff: 0.0]
   [Code Root Fixup: 0.0 ms]
   [Clear CT: 0.2 ms]
   [Other: 0.9 ms]
      [Choose CSet: 0.0 ms]
      [Ref Proc: 0.0 ms]
      [Ref Enq: 0.0 ms]
      [Free CSet: 0.3 ms]
   [Eden: 328.0M(328.0M)->0.0B(369.0M) Survivors: 33.0M->46.0M Heap: 1536.5M(2048.0M)->1268.0M(2048.0M)]
 [Times: user=0.36 sys=0.00, real=0.09 secs] 
180.567: [GC concurrent-mark-end, 0.7136570 secs]
180.567: [GC remark 180.567: [GC ref-proc, 0.0012319 secs], 0.0025532 secs]
 [Times: user=0.00 sys=0.00, real=0.00 secs] 
180.570: [GC cleanup 1312M->677M(2048M), 0.0014788 secs]
 [Times: user=0.00 sys=0.00, real=0.00 secs] 
180.572: [GC concurrent-cleanup-start]
180.572: [GC concurrent-cleanup-end, 0.0007264 secs]
180.892: [GC pause (young), 0.2686460 secs]
   [Parallel Time: 264.5 ms, GC Workers: 4]
      [GC Worker Start (ms): Min: 180892.2, Avg: 180892.2, Max: 180892.2, Diff: 0.0]
      [Ext Root Scanning (ms): Min: 0.9, Avg: 1.0, Max: 1.0, Diff: 0.0, Sum: 3.8]
      [Update RS (ms): Min: 17.9, Avg: 18.0, Max: 18.0, Diff: 0.1, Sum: 71.9]
         [Processed Buffers: Min: 90, Avg: 92.5, Max: 94, Diff: 4, Sum: 370]
      [Scan RS (ms): Min: 0.1, Avg: 0.1, Max: 0.1, Diff: 0.1, Sum: 0.4]
      [Object Copy (ms): Min: 245.5, Avg: 245.5, Max: 245.5, Diff: 0.0, Sum: 981.9]
      [Termination (ms): Min: 0.0, Avg: 0.0, Max: 0.0, Diff: 0.0, Sum: 0.0]
      [GC Worker Other (ms): Min: 0.0, Avg: 0.0, Max: 0.0, Diff: 0.0, Sum: 0.1]
      [GC Worker Total (ms): Min: 264.5, Avg: 264.5, Max: 264.5, Diff: 0.0, Sum: 1058.1]
      [GC Worker End (ms): Min: 181156.7, Avg: 181156.7, Max: 181156.7, Diff: 0.0]
   [Code Root Fixup: 0.0 ms]
   [Clear CT: 0.1 ms]
   [Other: 4.0 ms]
      [Choose CSet: 0.0 ms]
      [Ref Proc: 2.0 ms]
      [Ref Enq: 0.0 ms]
      [Free CSet: 0.3 ms]
   [Eden: 369.0M(369.0M)->0.0B(50.0M) Survivors: 46.0M->52.0M Heap: 1002.0M(2048.0M)->880.0M(2048.0M)]
 [Times: user=1.00 sys=0.00, real=0.27 secs] 
181.307: [GC pause (mixed), 0.0997627 secs]
   [Parallel Time: 97.2 ms, GC Workers: 4]
      [GC Worker Start (ms): Min: 181307.2, Avg: 181307.2, Max: 181307.3, Diff: 0.0]
      [Ext Root Scanning (ms): Min: 0.9, Avg: 0.9, Max: 0.9, Diff: 0.0, Sum: 3.6]
      [Update RS (ms): Min: 31.1, Avg: 31.2, Max: 31.2, Diff: 0.1, Sum: 124.6]
         [Processed Buffers: Min: 166, Avg: 170.5, Max: 177, Diff: 11, Sum: 682]
      [Scan RS (ms): Min: 8.8, Avg: 8.8, Max: 8.9, Diff: 0.2, Sum: 35.4]
      [Object Copy (ms): Min: 56.3, Avg: 56.3, Max: 56.3, Diff: 0.1, Sum: 225.2]
      [Termination (ms): Min: 0.0, Avg: 0.0, Max: 0.0, Diff: 0.0, Sum: 0.0]
      [GC Worker Other (ms): Min: 0.0, Avg: 0.0, Max: 0.0, Diff: 0.0, Sum: 0.1]
      [GC Worker Total (ms): Min: 97.2, Avg: 97.2, Max: 97.2, Diff: 0.0, Sum: 388.9]
      [GC Worker End (ms): Min: 181404.4, Avg: 181404.5, Max: 181404.5, Diff: 0.0]
   [Code Root Fixup: 0.0 ms]
   [Clear CT: 0.6 ms]
   [Other: 2.0 ms]
      [Choose CSet: 0.0 ms]
      [Ref Proc: 0.4 ms]
      [Ref Enq: 0.0 ms]
      [Free CSet: 0.4 ms]
   [Eden: 50.0M(50.0M)->0.0B(280.0M) Survivors: 52.0M->2048.0K Heap: 930.0M(2048.0M)->810.5M(2048.0M)]
 [Times: user=0.44 sys=0.00, real=0.10 secs] 
181.635: [GC pause (young), 0.0822328 secs]
   [Parallel Time: 80.8 ms, GC Workers: 4]
      [GC Worker Start (ms): Min: 181635.8, Avg: 181635.8, Max: 181635.8, Diff: 0.0]
      [Ext Root Scanning (ms): Min: 0.9, Avg: 0.9, Max: 0.9, Diff: 0.0, Sum: 3.5]
      [Update RS (ms): Min: 18.9, Avg: 20.3, Max: 21.4, Diff: 2.5, Sum: 81.3]
         [Processed Buffers: Min: 176, Avg: 313.0, Max: 516, Diff: 340, Sum: 1252]
      [Scan RS (ms): Min: 0.0, Avg: 0.1, Max: 0.2, Diff: 0.2, Sum: 0.3]
      [Object Copy (ms): Min: 57.4, Avg: 58.4, Max: 59.7, Diff: 2.3, Sum: 233.7]
      [Termination (ms): Min: 0.0, Avg: 0.0, Max: 0.0, Diff: 0.0, Sum: 0.0]
      [GC Worker Other (ms): Min: 0.0, Avg: 0.4, Max: 1.0, Diff: 1.0, Sum: 1.5]
      [GC Worker Total (ms): Min: 79.7, Avg: 80.1, Max: 80.7, Diff: 1.0, Sum: 320.3]
      [GC Worker End (ms): Min: 181715.5, Avg: 181715.9, Max: 181716.5, Diff: 1.0]
   [Code Root Fixup: 0.0 ms]
   [Clear CT: 0.1 ms]
   [Other: 1.4 ms]
      [Choose CSet: 0.0 ms]
      [Ref Proc: 0.3 ms]
      [Ref Enq: 0.0 ms]
      [Free CSet: 0.3 ms]
   [Eden: 280.0M(280.0M)->0.0B(142.0M) Survivors: 2048.0K->36.0M Heap: 1090.5M(2048.0M)->877.0M(2048.0M)]
 [Times: user=0.33 sys=0.00, real=0.08 secs] 
181.849: [GC pause (young), 0.1418072 secs]
   [Parallel Time: 140.1 ms, GC Workers: 4]
      [GC Worker Start (ms): Min: 181848.9, Avg: 181848.9, Max: 181849.0, Diff: 0.0]
      [Ext Root Scanning (ms): Min: 1.2, Avg: 1.7, Max: 3.4, Diff: 2.2, Sum: 6.9]
      [Update RS (ms): Min: 13.2, Avg: 14.8, Max: 15.3, Diff: 2.2, Sum: 59.0]
         [Processed Buffers: Min: 26, Avg: 65.0, Max: 83, Diff: 57, Sum: 260]
      [Scan RS (ms): Min: 0.0, Avg: 0.0, Max: 0.1, Diff: 0.1, Sum: 0.2]
      [Object Copy (ms): Min: 123.5, Avg: 123.6, Max: 123.6, Diff: 0.1, Sum: 494.3]
      [Termination (ms): Min: 0.0, Avg: 0.0, Max: 0.0, Diff: 0.0, Sum: 0.0]
      [GC Worker Other (ms): Min: 0.0, Avg: 0.0, Max: 0.0, Diff: 0.0, Sum: 0.1]
      [GC Worker Total (ms): Min: 140.1, Avg: 140.1, Max: 140.1, Diff: 0.0, Sum: 560.4]
      [GC Worker End (ms): Min: 181989.0, Avg: 181989.0, Max: 181989.1, Diff: 0.0]
   [Code Root Fixup: 0.0 ms]
   [Clear CT: 0.1 ms]
   [Other: 1.5 ms]
      [Choose CSet: 0.0 ms]
      [Ref Proc: 0.0 ms]
      [Ref Enq: 0.0 ms]
      [Free CSet: 0.2 ms]
   [Eden: 142.0M(142.0M)->0.0B(166.0M) Survivors: 36.0M->23.0M Heap: 1019.0M(2048.0M)->992.5M(2048.0M)]
 [Times: user=0.51 sys=0.00, real=0.14 secs] 
182.193: [GC pause (young) (initial-mark), 0.1253873 secs]
   [Parallel Time: 123.3 ms, GC Workers: 4]
      [GC Worker Start (ms): Min: 182193.4, Avg: 182193.4, Max: 182193.4, Diff: 0.0]
      [Ext Root Scanning (ms): Min: 0.9, Avg: 0.9, Max: 0.9, Diff: 0.0, Sum: 3.5]
      [Update RS (ms): Min: 17.4, Avg: 17.4, Max: 17.4, Diff: 0.0, Sum: 69.7]
         [Processed Buffers: Min: 177, Avg: 196.0, Max: 214, Diff: 37, Sum: 784]
      [Scan RS (ms): Min: 2.2, Avg: 2.2, Max: 2.2, Diff: 0.0, Sum: 8.7]
      [Object Copy (ms): Min: 102.7, Avg: 102.7, Max: 102.7, Diff: 0.0, Sum: 411.0]
      [Termination (ms): Min: 0.0, Avg: 0.0, Max: 0.0, Diff: 0.0, Sum: 0.0]
      [GC Worker Other (ms): Min: 0.0, Avg: 0.0, Max: 0.0, Diff: 0.0, Sum: 0.1]
      [GC Worker Total (ms): Min: 123.2, Avg: 123.2, Max: 123.2, Diff: 0.0, Sum: 493.0]
      [GC Worker End (ms): Min: 182316.7, Avg: 182316.7, Max: 182316.7, Diff: 0.0]
   [Code Root Fixup: 0.0 ms]
   [Clear CT: 0.1 ms]
   [Other: 2.0 ms]
      [Choose CSet: 0.0 ms]
      [Ref Proc: 0.2 ms]
      [Ref Enq: 0.0 ms]
      [Free CSet: 0.2 ms]
   [Eden: 166.0M(166.0M)->0.0B(186.0M) Survivors: 23.0M->24.0M Heap: 1158.5M(2048.0M)->1090.5M(2048.0M)]
 [Times: user=0.47 sys=0.00, real=0.13 secs] 
182.319: [GC concurrent-root-region-scan-start]
182.343: [GC concurrent-root-region-scan-end, 0.0246855 secs]
182.343: [GC concurrent-mark-start]
182.513: [GC pause (young), 0.0825985 secs]
   [Parallel Time: 80.6 ms, GC Workers: 4]
      [GC Worker Start (ms): Min: 182513.8, Avg: 182513.8, Max: 182513.8, Diff: 0.0]
      [Ext Root Scanning (ms): Min: 0.6, Avg: 0.9, Max: 1.1, Diff: 0.5, Sum: 3.8]
      [SATB Filtering (ms): Min: 0.0, Avg: 0.6, Max: 2.6, Diff: 2.6, Sum: 2.6]
      [Update RS (ms): Min: 16.0, Avg: 17.7, Max: 18.3, Diff: 2.2, Sum: 70.7]
         [Processed Buffers: Min: 115, Avg: 187.5, Max: 275, Diff: 160, Sum: 750]
      [Scan RS (ms): Min: 0.0, Avg: 0.1, Max: 0.2, Diff: 0.2, Sum: 0.6]
      [Object Copy (ms): Min: 61.1, Avg: 61.2, Max: 61.5, Diff: 0.4, Sum: 244.8]
      [Termination (ms): Min: 0.0, Avg: 0.0, Max: 0.0, Diff: 0.0, Sum: 0.0]
      [GC Worker Other (ms): Min: 0.0, Avg: 0.0, Max: 0.0, Diff: 0.0, Sum: 0.1]
      [GC Worker Total (ms): Min: 80.6, Avg: 80.6, Max: 80.6, Diff: 0.0, Sum: 322.4]
      [GC Worker End (ms): Min: 182594.4, Avg: 182594.4, Max: 182594.4, Diff: 0.0]
   [Code Root Fixup: 0.0 ms]
   [Clear CT: 0.3 ms]
   [Other: 1.7 ms]
      [Choose CSet: 0.0 ms]
      [Ref Proc: 0.1 ms]
      [Ref Enq: 0.0 ms]
      [Free CSet: 0.2 ms]
   [Eden: 186.0M(186.0M)->0.0B(260.0M) Survivors: 24.0M->27.0M Heap: 1276.5M(2048.0M)->1143.0M(2048.0M)]
 [Times: user=0.31 sys=0.00, real=0.08 secs] 
182.815: [GC pause (young), 0.1216753 secs]
   [Parallel Time: 119.6 ms, GC Workers: 4]
      [GC Worker Start (ms): Min: 182815.2, Avg: 182815.2, Max: 182815.2, Diff: 0.0]
      [Ext Root Scanning (ms): Min: 1.1, Avg: 1.6, Max: 2.9, Diff: 1.7, Sum: 6.3]
      [SATB Filtering (ms): Min: 0.0, Avg: 0.7, Max: 2.9, Diff: 2.9, Sum: 2.9]
      [Update RS (ms): Min: 17.1, Avg: 18.9, Max: 20.0, Diff: 2.9, Sum: 75.7]
         [Processed Buffers: Min: 101, Avg: 111.5, Max: 123, Diff: 22, Sum: 446]
      [Scan RS (ms): Min: 0.1, Avg: 0.1, Max: 0.2, Diff: 0.1, Sum: 0.5]
      [Object Copy (ms): Min: 98.1, Avg: 98.2, Max: 98.2, Diff: 0.1, Sum: 392.8]
      [Termination (ms): Min: 0.0, Avg: 0.0, Max: 0.0, Diff: 0.0, Sum: 0.0]
      [GC Worker Other (ms): Min: 0.0, Avg: 0.0, Max: 0.0, Diff: 0.0, Sum: 0.1]
      [GC Worker Total (ms): Min: 119.6, Avg: 119.6, Max: 119.6, Diff: 0.0, Sum: 478.3]
      [GC Worker End (ms): Min: 182934.8, Avg: 182934.8, Max: 182934.8, Diff: 0.0]
   [Code Root Fixup: 0.0 ms]
   [Clear CT: 0.2 ms]
   [Other: 1.9 ms]
      [Choose CSet: 0.0 ms]
      [Ref Proc: 0.4 ms]
      [Ref Enq: 0.0 ms]
      [Free CSet: 0.2 ms]
   [Eden: 260.0M(260.0M)->0.0B(274.0M) Survivors: 27.0M->36.0M Heap: 1403.0M(2048.0M)->1234.0M(2048.0M)]
 [Times: user=0.42 sys=0.00, real=0.12 secs] 
182.974: [GC concurrent-mark-end, 0.6298613 secs]
182.974: [GC remark 182.974: [GC ref-proc, 0.0012691 secs], 0.0026366 secs]
 [Times: user=0.05 sys=0.00, real=0.00 secs] 
182.977: [GC cleanup 1278M->597M(2048M), 0.0017146 secs]
 [Times: user=0.00 sys=0.00, real=0.00 secs] 
182.979: [GC concurrent-cleanup-start]
182.980: [GC concurrent-cleanup-end, 0.0008429 secs]
183.199: [GC pause (young), 0.2120258 secs]
   [Parallel Time: 210.1 ms, GC Workers: 4]
      [GC Worker Start (ms): Min: 183199.0, Avg: 183200.6, Max: 183205.3, Diff: 6.3]
      [Ext Root Scanning (ms): Min: 0.1, Avg: 0.9, Max: 1.1, Diff: 1.0, Sum: 3.5]
      [Update RS (ms): Min: 28.6, Avg: 32.8, Max: 34.8, Diff: 6.2, Sum: 131.0]
         [Processed Buffers: Min: 145, Avg: 164.0, Max: 177, Diff: 32, Sum: 656]
      [Scan RS (ms): Min: 0.0, Avg: 0.2, Max: 0.2, Diff: 0.2, Sum: 0.7]
      [Object Copy (ms): Min: 174.1, Avg: 174.7, Max: 175.0, Diff: 0.8, Sum: 698.9]
      [Termination (ms): Min: 0.0, Avg: 0.0, Max: 0.0, Diff: 0.0, Sum: 0.0]
      [GC Worker Other (ms): Min: 0.0, Avg: 0.0, Max: 0.0, Diff: 0.0, Sum: 0.1]
      [GC Worker Total (ms): Min: 203.8, Avg: 208.6, Max: 210.1, Diff: 6.3, Sum: 834.2]
      [GC Worker End (ms): Min: 183409.1, Avg: 183409.1, Max: 183409.1, Diff: 0.0]
   [Code Root Fixup: 0.0 ms]
   [Clear CT: 0.1 ms]
   [Other: 1.8 ms]
      [Choose CSet: 0.0 ms]
      [Ref Proc: 0.0 ms]
      [Ref Enq: 0.0 ms]
      [Free CSet: 0.2 ms]
   [Eden: 274.0M(274.0M)->0.0B(215.0M) Survivors: 36.0M->39.0M Heap: 827.0M(2048.0M)->734.0M(2048.0M)]
 [Times: user=0.78 sys=0.00, real=0.21 secs] 
183.652: [GC pause (young), 0.1130181 secs]
   [Parallel Time: 110.8 ms, GC Workers: 4]
      [GC Worker Start (ms): Min: 183652.5, Avg: 183652.5, Max: 183652.5, Diff: 0.0]
      [Ext Root Scanning (ms): Min: 0.9, Avg: 0.9, Max: 1.0, Diff: 0.1, Sum: 3.8]
      [Update RS (ms): Min: 19.9, Avg: 20.0, Max: 20.1, Diff: 0.1, Sum: 79.9]
         [Processed Buffers: Min: 184, Avg: 199.5, Max: 233, Diff: 49, Sum: 798]
      [Scan RS (ms): Min: 3.0, Avg: 3.1, Max: 3.1, Diff: 0.1, Sum: 12.2]
      [Object Copy (ms): Min: 86.8, Avg: 86.8, Max: 86.8, Diff: 0.0, Sum: 347.3]
      [Termination (ms): Min: 0.0, Avg: 0.0, Max: 0.0, Diff: 0.0, Sum: 0.0]
      [GC Worker Other (ms): Min: 0.0, Avg: 0.0, Max: 0.0, Diff: 0.0, Sum: 0.0]
      [GC Worker Total (ms): Min: 110.8, Avg: 110.8, Max: 110.8, Diff: 0.0, Sum: 443.3]
      [GC Worker End (ms): Min: 183763.4, Avg: 183763.4, Max: 183763.4, Diff: 0.0]
   [Code Root Fixup: 0.0 ms]
   [Clear CT: 0.7 ms]
   [Other: 1.5 ms]
      [Choose CSet: 0.0 ms]
      [Ref Proc: 0.1 ms]
      [Ref Enq: 0.0 ms]
      [Free CSet: 0.2 ms]
   [Eden: 215.0M(215.0M)->0.0B(263.0M) Survivors: 39.0M->32.0M Heap: 949.0M(2048.0M)->796.5M(2048.0M)]
 [Times: user=0.41 sys=0.00, real=0.11 secs] 
184.014: [GC pause (young), 0.1872740 secs]
   [Parallel Time: 185.1 ms, GC Workers: 4]
      [GC Worker Start (ms): Min: 184014.3, Avg: 184014.3, Max: 184014.3, Diff: 0.0]
      [Ext Root Scanning (ms): Min: 0.9, Avg: 0.9, Max: 0.9, Diff: 0.0, Sum: 3.5]
      [Update RS (ms): Min: 19.7, Avg: 19.8, Max: 19.8, Diff: 0.0, Sum: 79.0]
         [Processed Buffers: Min: 127, Avg: 134.0, Max: 147, Diff: 20, Sum: 536]
      [Scan RS (ms): Min: 0.3, Avg: 0.3, Max: 0.3, Diff: 0.0, Sum: 1.1]
      [Object Copy (ms): Min: 164.1, Avg: 164.1, Max: 164.2, Diff: 0.0, Sum: 656.6]
      [Termination (ms): Min: 0.0, Avg: 0.0, Max: 0.0, Diff: 0.0, Sum: 0.0]
      [GC Worker Other (ms): Min: 0.0, Avg: 0.0, Max: 0.0, Diff: 0.0, Sum: 0.1]
      [GC Worker Total (ms): Min: 185.1, Avg: 185.1, Max: 185.1, Diff: 0.0, Sum: 740.3]
      [GC Worker End (ms): Min: 184199.4, Avg: 184199.4, Max: 184199.4, Diff: 0.0]
   [Code Root Fixup: 0.0 ms]
   [Clear CT: 0.1 ms]
   [Other: 2.0 ms]
      [Choose CSet: 0.0 ms]
      [Ref Proc: 0.0 ms]
      [Ref Enq: 0.0 ms]
      [Free CSet: 0.3 ms]
   [Eden: 263.0M(263.0M)->0.0B(217.0M) Survivors: 32.0M->37.0M Heap: 1059.5M(2048.0M)->952.5M(2048.0M)]
 [Times: user=0.64 sys=0.00, real=0.19 secs] 
184.365: [GC pause (young), 0.0872899 secs]
   [Parallel Time: 85.9 ms, GC Workers: 4]
      [GC Worker Start (ms): Min: 184365.3, Avg: 184365.3, Max: 184365.3, Diff: 0.0]
      [Ext Root Scanning (ms): Min: 0.9, Avg: 0.9, Max: 0.9, Diff: 0.0, Sum: 3.5]
      [Update RS (ms): Min: 23.6, Avg: 23.7, Max: 23.7, Diff: 0.0, Sum: 94.7]
         [Processed Buffers: Min: 184, Avg: 211.8, Max: 230, Diff: 46, Sum: 847]
      [Scan RS (ms): Min: 0.2, Avg: 0.2, Max: 0.2, Diff: 0.0, Sum: 0.7]
      [Object Copy (ms): Min: 61.1, Avg: 61.1, Max: 61.1, Diff: 0.0, Sum: 244.4]
      [Termination (ms): Min: 0.0, Avg: 0.0, Max: 0.0, Diff: 0.0, Sum: 0.0]
      [GC Worker Other (ms): Min: 0.0, Avg: 0.0, Max: 0.0, Diff: 0.0, Sum: 0.1]
      [GC Worker Total (ms): Min: 85.8, Avg: 85.8, Max: 85.8, Diff: 0.0, Sum: 343.3]
      [GC Worker End (ms): Min: 184451.1, Avg: 184451.1, Max: 184451.1, Diff: 0.0]
   [Code Root Fixup: 0.0 ms]
   [Clear CT: 0.2 ms]
   [Other: 1.2 ms]
      [Choose CSet: 0.0 ms]
      [Ref Proc: 0.0 ms]
      [Ref Enq: 0.0 ms]
      [Free CSet: 0.2 ms]
   [Eden: 217.0M(217.0M)->0.0B(332.0M) Survivors: 37.0M->32.0M Heap: 1169.5M(2048.0M)->989.5M(2048.0M)]
 [Times: user=0.38 sys=0.00, real=0.09 secs] 
184.760: [GC pause (young) (initial-mark), 0.2180945 secs]
   [Parallel Time: 215.5 ms, GC Workers: 4]
      [GC Worker Start (ms): Min: 184759.8, Avg: 184762.0, Max: 184767.1, Diff: 7.3]
      [Ext Root Scanning (ms): Min: 0.1, Avg: 1.1, Max: 1.9, Diff: 1.8, Sum: 4.5]
      [Update RS (ms): Min: 14.5, Avg: 18.3, Max: 19.6, Diff: 5.2, Sum: 73.1]
         [Processed Buffers: Min: 109, Avg: 123.3, Max: 132, Diff: 23, Sum: 493]
      [Scan RS (ms): Min: 0.1, Avg: 0.1, Max: 0.2, Diff: 0.1, Sum: 0.6]
      [Object Copy (ms): Min: 193.5, Avg: 193.7, Max: 193.9, Diff: 0.4, Sum: 774.9]
      [Termination (ms): Min: 0.0, Avg: 0.0, Max: 0.0, Diff: 0.0, Sum: 0.0]
      [GC Worker Other (ms): Min: 0.0, Avg: 0.0, Max: 0.0, Diff: 0.0, Sum: 0.1]
      [GC Worker Total (ms): Min: 208.3, Avg: 213.3, Max: 215.5, Diff: 7.3, Sum: 853.2]
      [GC Worker End (ms): Min: 184975.4, Avg: 184975.4, Max: 184975.4, Diff: 0.0]
   [Code Root Fixup: 0.0 ms]
   [Clear CT: 0.1 ms]
   [Other: 2.5 ms]
      [Choose CSet: 0.0 ms]
      [Ref Proc: 0.5 ms]
      [Ref Enq: 0.0 ms]
      [Free CSet: 0.3 ms]
   [Eden: 332.0M(332.0M)->0.0B(241.0M) Survivors: 32.0M->46.0M Heap: 1321.5M(2048.0M)->1184.5M(2048.0M)]
 [Times: user=0.76 sys=0.00, real=0.22 secs] 
184.978: [GC concurrent-root-region-scan-start]
185.039: [GC concurrent-root-region-scan-end, 0.0609666 secs]
185.039: [GC concurrent-mark-start]
185.278: [GC pause (young), 0.1342115 secs]
   [Parallel Time: 131.0 ms, GC Workers: 4]
      [GC Worker Start (ms): Min: 185278.7, Avg: 185278.7, Max: 185278.8, Diff: 0.0]
      [Ext Root Scanning (ms): Min: 0.9, Avg: 0.9, Max: 0.9, Diff: 0.0, Sum: 3.5]
      [SATB Filtering (ms): Min: 0.0, Avg: 0.7, Max: 2.8, Diff: 2.8, Sum: 2.8]
      [Update RS (ms): Min: 21.4, Avg: 23.4, Max: 24.1, Diff: 2.8, Sum: 93.6]
         [Processed Buffers: Min: 180, Avg: 209.0, Max: 275, Diff: 95, Sum: 836]
      [Scan RS (ms): Min: 5.0, Avg: 5.1, Max: 5.1, Diff: 0.1, Sum: 20.3]
      [Object Copy (ms): Min: 100.9, Avg: 100.9, Max: 101.0, Diff: 0.1, Sum: 403.7]
      [Termination (ms): Min: 0.0, Avg: 0.0, Max: 0.0, Diff: 0.0, Sum: 0.0]
      [GC Worker Other (ms): Min: 0.0, Avg: 0.0, Max: 0.0, Diff: 0.0, Sum: 0.1]
      [GC Worker Total (ms): Min: 131.0, Avg: 131.0, Max: 131.0, Diff: 0.0, Sum: 524.0]
      [GC Worker End (ms): Min: 185409.7, Avg: 185409.7, Max: 185409.8, Diff: 0.0]
   [Code Root Fixup: 0.0 ms]
   [Clear CT: 1.4 ms]
   [Other: 1.8 ms]
      [Choose CSet: 0.0 ms]
      [Ref Proc: 0.2 ms]
      [Ref Enq: 0.0 ms]
      [Free CSet: 0.2 ms]
   [Eden: 234.0M(137.0M)->0.0B(304.0M) Survivors: 46.0M->23.0M Heap: 1418.5M(2048.0M)->1251.5M(2048.0M)]
 [Times: user=0.47 sys=0.00, real=0.13 secs] 
185.635: [GC concurrent-mark-end, 0.5962454 secs]
185.636: [GC remark 185.637: [GC ref-proc, 0.0012646 secs], 0.0034904 secs]
 [Times: user=0.00 sys=0.00, real=0.00 secs] 
185.639: [GC cleanup 1458M->729M(2048M), 0.0017207 secs]
 [Times: user=0.00 sys=0.00, real=0.00 secs] 
185.641: [GC concurrent-cleanup-start]
185.642: [GC concurrent-cleanup-end, 0.0008768 secs]
185.734: [GC pause (young), 0.1230547 secs]
   [Parallel Time: 121.4 ms, GC Workers: 4]
      [GC Worker Start (ms): Min: 185734.8, Avg: 185734.9, Max: 185735.0, Diff: 0.2]
      [Ext Root Scanning (ms): Min: 1.0, Avg: 1.3, Max: 1.9, Diff: 1.0, Sum: 5.0]
      [Update RS (ms): Min: 19.9, Avg: 21.4, Max: 23.2, Diff: 3.3, Sum: 85.4]
         [Processed Buffers: Min: 141, Avg: 184.5, Max: 242, Diff: 101, Sum: 738]
      [Scan RS (ms): Min: 0.0, Avg: 0.3, Max: 0.6, Diff: 0.6, Sum: 1.1]
      [Object Copy (ms): Min: 97.0, Avg: 98.4, Max: 99.1, Diff: 2.0, Sum: 393.6]
      [Termination (ms): Min: 0.0, Avg: 0.0, Max: 0.0, Diff: 0.0, Sum: 0.0]
      [GC Worker Other (ms): Min: 0.0, Avg: 0.0, Max: 0.0, Diff: 0.0, Sum: 0.1]
      [GC Worker Total (ms): Min: 121.2, Avg: 121.3, Max: 121.4, Diff: 0.2, Sum: 485.2]
      [GC Worker End (ms): Min: 185856.2, Avg: 185856.2, Max: 185856.2, Diff: 0.0]
   [Code Root Fixup: 0.0 ms]
   [Clear CT: 0.1 ms]
   [Other: 1.5 ms]
      [Choose CSet: 0.0 ms]
      [Ref Proc: 0.0 ms]
      [Ref Enq: 0.0 ms]
      [Free CSet: 0.3 ms]
   [Eden: 304.0M(304.0M)->0.0B(61.0M) Survivors: 23.0M->41.0M Heap: 826.5M(2048.0M)->625.5M(2048.0M)]
 [Times: user=0.39 sys=0.00, real=0.12 secs] 
185.909: [GC pause (mixed), 0.0765699 secs]
   [Parallel Time: 75.4 ms, GC Workers: 4]
      [GC Worker Start (ms): Min: 185908.9, Avg: 185912.2, Max: 185918.7, Diff: 9.8]
      [Ext Root Scanning (ms): Min: 0.1, Avg: 0.9, Max: 1.7, Diff: 1.6, Sum: 3.5]
      [Update RS (ms): Min: 20.2, Avg: 25.7, Max: 28.2, Diff: 8.0, Sum: 102.9]
         [Processed Buffers: Min: 111, Avg: 138.3, Max: 154, Diff: 43, Sum: 553]
      [Scan RS (ms): Min: 0.9, Avg: 1.0, Max: 1.0, Diff: 0.1, Sum: 3.9]
      [Object Copy (ms): Min: 44.4, Avg: 44.5, Max: 44.5, Diff: 0.1, Sum: 177.8]
      [Termination (ms): Min: 0.0, Avg: 0.0, Max: 0.0, Diff: 0.0, Sum: 0.0]
      [GC Worker Other (ms): Min: 0.0, Avg: 0.0, Max: 0.0, Diff: 0.0, Sum: 0.1]
      [GC Worker Total (ms): Min: 65.6, Avg: 72.0, Max: 75.4, Diff: 9.8, Sum: 288.1]
      [GC Worker End (ms): Min: 185984.3, Avg: 185984.3, Max: 185984.3, Diff: 0.0]
   [Code Root Fixup: 0.0 ms]
   [Clear CT: 0.1 ms]
   [Other: 1.1 ms]
      [Choose CSet: 0.0 ms]
      [Ref Proc: 0.2 ms]
      [Ref Enq: 0.0 ms]
      [Free CSet: 0.2 ms]
   [Eden: 61.0M(61.0M)->0.0B(390.0M) Survivors: 41.0M->3072.0K Heap: 686.5M(2048.0M)->605.0M(2048.0M)]
 [Times: user=0.19 sys=0.00, real=0.08 secs] 
186.357: [GC pause (young), 0.2484990 secs]
   [Parallel Time: 246.1 ms, GC Workers: 4]
      [GC Worker Start (ms): Min: 186357.7, Avg: 186360.9, Max: 186369.1, Diff: 11.4]
      [Ext Root Scanning (ms): Min: 0.1, Avg: 1.0, Max: 1.6, Diff: 1.5, Sum: 3.8]
      [Update RS (ms): Min: 16.5, Avg: 17.7, Max: 18.1, Diff: 1.6, Sum: 70.9]
         [Processed Buffers: Min: 154, Avg: 198.3, Max: 238, Diff: 84, Sum: 793]
      [Scan RS (ms): Min: 0.0, Avg: 0.2, Max: 0.2, Diff: 0.2, Sum: 0.6]
      [Object Copy (ms): Min: 218.0, Avg: 224.0, Max: 226.1, Diff: 8.1, Sum: 896.1]
      [Termination (ms): Min: 0.0, Avg: 0.0, Max: 0.0, Diff: 0.0, Sum: 0.0]
      [GC Worker Other (ms): Min: 0.0, Avg: 0.0, Max: 0.0, Diff: 0.0, Sum: 0.1]
      [GC Worker Total (ms): Min: 234.7, Avg: 242.9, Max: 246.0, Diff: 11.4, Sum: 971.6]
      [GC Worker End (ms): Min: 186603.8, Avg: 186603.8, Max: 186603.8, Diff: 0.0]
   [Code Root Fixup: 0.0 ms]
   [Clear CT: 0.1 ms]
   [Other: 2.3 ms]
      [Choose CSet: 0.0 ms]
      [Ref Proc: 0.0 ms]
      [Ref Enq: 0.0 ms]
      [Free CSet: 0.3 ms]
   [Eden: 390.0M(390.0M)->0.0B(211.0M) Survivors: 3072.0K->50.0M Heap: 995.0M(2048.0M)->868.5M(2048.0M)]
 [Times: user=0.91 sys=0.00, real=0.25 secs] 
186.865: [GC pause (young), 0.1533989 secs]
   [Parallel Time: 151.0 ms, GC Workers: 4]
      [GC Worker Start (ms): Min: 186865.5, Avg: 186865.5, Max: 186865.5, Diff: 0.0]
      [Ext Root Scanning (ms): Min: 0.9, Avg: 0.9, Max: 0.9, Diff: 0.0, Sum: 3.7]
      [Update RS (ms): Min: 18.7, Avg: 22.9, Max: 30.1, Diff: 11.4, Sum: 91.5]
         [Processed Buffers: Min: 195, Avg: 240.8, Max: 306, Diff: 111, Sum: 963]
      [Scan RS (ms): Min: 12.9, Avg: 20.1, Max: 24.3, Diff: 11.4, Sum: 80.4]
      [Object Copy (ms): Min: 105.0, Avg: 105.5, Max: 107.0, Diff: 2.0, Sum: 421.9]
      [Termination (ms): Min: 0.0, Avg: 1.5, Max: 2.1, Diff: 2.1, Sum: 6.1]
      [GC Worker Other (ms): Min: 0.0, Avg: 0.0, Max: 0.0, Diff: 0.0, Sum: 0.0]
      [GC Worker Total (ms): Min: 150.9, Avg: 150.9, Max: 150.9, Diff: 0.1, Sum: 603.6]
      [GC Worker End (ms): Min: 187016.4, Avg: 187016.4, Max: 187016.4, Diff: 0.1]
   [Code Root Fixup: 0.0 ms]
   [Clear CT: 0.1 ms]
   [Other: 2.3 ms]
      [Choose CSet: 0.0 ms]
      [Ref Proc: 0.4 ms]
      [Ref Enq: 0.0 ms]
      [Free CSet: 0.2 ms]
   [Eden: 211.0M(211.0M)->0.0B(86.0M) Survivors: 50.0M->33.0M Heap: 1079.5M(2048.0M)->929.5M(2048.0M)]
 [Times: user=0.50 sys=0.00, real=0.15 secs] 
187.152: [GC pause (young), 0.0557385 secs]
   [Parallel Time: 54.6 ms, GC Workers: 4]
      [GC Worker Start (ms): Min: 187152.0, Avg: 187152.1, Max: 187152.1, Diff: 0.0]
      [Ext Root Scanning (ms): Min: 1.0, Avg: 1.0, Max: 1.0, Diff: 0.0, Sum: 4.0]
      [Update RS (ms): Min: 18.6, Avg: 18.6, Max: 18.6, Diff: 0.0, Sum: 74.4]
         [Processed Buffers: Min: 105, Avg: 112.3, Max: 130, Diff: 25, Sum: 449]
      [Scan RS (ms): Min: 2.6, Avg: 2.6, Max: 2.7, Diff: 0.0, Sum: 10.6]
      [Object Copy (ms): Min: 32.3, Avg: 32.4, Max: 32.4, Diff: 0.0, Sum: 129.4]
      [Termination (ms): Min: 0.0, Avg: 0.0, Max: 0.0, Diff: 0.0, Sum: 0.0]
      [GC Worker Other (ms): Min: 0.0, Avg: 0.0, Max: 0.0, Diff: 0.0, Sum: 0.1]
      [GC Worker Total (ms): Min: 54.6, Avg: 54.6, Max: 54.6, Diff: 0.0, Sum: 218.4]
      [GC Worker End (ms): Min: 187206.6, Avg: 187206.6, Max: 187206.7, Diff: 0.0]
   [Code Root Fixup: 0.0 ms]
   [Clear CT: 0.3 ms]
   [Other: 0.8 ms]
      [Choose CSet: 0.0 ms]
      [Ref Proc: 0.0 ms]
      [Ref Enq: 0.0 ms]
      [Free CSet: 0.2 ms]
   [Eden: 86.0M(86.0M)->0.0B(227.0M) Survivors: 33.0M->7168.0K Heap: 1015.5M(2048.0M)->938.0M(2048.0M)]
 [Times: user=0.25 sys=0.00, real=0.06 secs] 
187.423: [GC pause (young) (initial-mark), 0.1596921 secs]
   [Parallel Time: 157.9 ms, GC Workers: 4]
      [GC Worker Start (ms): Min: 187423.7, Avg: 187423.7, Max: 187423.7, Diff: 0.0]
      [Ext Root Scanning (ms): Min: 0.9, Avg: 0.9, Max: 0.9, Diff: 0.0, Sum: 3.5]
      [Update RS (ms): Min: 16.4, Avg: 16.4, Max: 16.4, Diff: 0.0, Sum: 65.6]
         [Processed Buffers: Min: 117, Avg: 151.8, Max: 166, Diff: 49, Sum: 607]
      [Scan RS (ms): Min: 0.1, Avg: 0.1, Max: 0.1, Diff: 0.0, Sum: 0.2]
      [Object Copy (ms): Min: 140.5, Avg: 140.5, Max: 140.5, Diff: 0.0, Sum: 561.9]
      [Termination (ms): Min: 0.0, Avg: 0.0, Max: 0.0, Diff: 0.0, Sum: 0.0]
      [GC Worker Other (ms): Min: 0.0, Avg: 0.0, Max: 0.0, Diff: 0.0, Sum: 0.1]
      [GC Worker Total (ms): Min: 157.8, Avg: 157.8, Max: 157.8, Diff: 0.0, Sum: 631.3]
      [GC Worker End (ms): Min: 187581.5, Avg: 187581.5, Max: 187581.5, Diff: 0.0]
   [Code Root Fixup: 0.0 ms]
   [Clear CT: 0.1 ms]
   [Other: 1.7 ms]
      [Choose CSet: 0.0 ms]
      [Ref Proc: 0.0 ms]
      [Ref Enq: 0.0 ms]
      [Free CSet: 0.2 ms]
   [Eden: 227.0M(227.0M)->0.0B(182.0M) Survivors: 7168.0K->30.0M Heap: 1165.0M(2048.0M)->1113.0M(2048.0M)]
 [Times: user=0.62 sys=0.00, real=0.16 secs] 
187.583: [GC concurrent-root-region-scan-start]
187.617: [GC concurrent-root-region-scan-end, 0.0334719 secs]
187.617: [GC concurrent-mark-start]
187.798: [GC pause (young), 0.0643386 secs]
   [Parallel Time: 61.7 ms, GC Workers: 4]
      [GC Worker Start (ms): Min: 187798.3, Avg: 187802.2, Max: 187813.8, Diff: 15.5]
      [Ext Root Scanning (ms): Min: 0.1, Avg: 0.9, Max: 1.2, Diff: 1.2, Sum: 3.5]
      [SATB Filtering (ms): Min: 0.0, Avg: 0.0, Max: 0.1, Diff: 0.1, Sum: 0.1]
      [Update RS (ms): Min: 8.8, Avg: 19.4, Max: 23.1, Diff: 14.3, Sum: 77.8]
         [Processed Buffers: Min: 56, Avg: 109.3, Max: 129, Diff: 73, Sum: 437]
      [Scan RS (ms): Min: 2.1, Avg: 2.2, Max: 2.2, Diff: 0.1, Sum: 8.7]
      [Object Copy (ms): Min: 34.5, Avg: 34.6, Max: 34.6, Diff: 0.1, Sum: 138.3]
      [Termination (ms): Min: 0.0, Avg: 0.0, Max: 0.0, Diff: 0.0, Sum: 0.0]
      [GC Worker Other (ms): Min: 0.0, Avg: 0.0, Max: 0.0, Diff: 0.0, Sum: 0.1]
      [GC Worker Total (ms): Min: 45.6, Avg: 57.1, Max: 61.1, Diff: 15.5, Sum: 228.6]
      [GC Worker End (ms): Min: 187859.4, Avg: 187859.4, Max: 187859.4, Diff: 0.0]
   [Code Root Fixup: 0.0 ms]
   [Clear CT: 0.1 ms]
   [Other: 2.5 ms]
      [Choose CSet: 0.0 ms]
      [Ref Proc: 1.3 ms]
      [Ref Enq: 0.0 ms]
      [Free CSet: 0.3 ms]
   [Eden: 182.0M(182.0M)->0.0B(288.0M) Survivors: 30.0M->10.0M Heap: 1295.0M(2048.0M)->1124.0M(2048.0M)]
 [Times: user=0.17 sys=0.00, real=0.07 secs] 
188.152: [GC pause (young), 0.0554001 secs]
   [Parallel Time: 54.8 ms, GC Workers: 4]
      [GC Worker Start (ms): Min: 188152.6, Avg: 188152.6, Max: 188152.6, Diff: 0.0]
      [Ext Root Scanning (ms): Min: 0.9, Avg: 0.9, Max: 0.9, Diff: 0.0, Sum: 3.5]
      [SATB Filtering (ms): Min: 0.0, Avg: 0.1, Max: 0.5, Diff: 0.5, Sum: 0.5]
      [Update RS (ms): Min: 17.8, Avg: 18.6, Max: 20.0, Diff: 2.1, Sum: 74.5]
         [Processed Buffers: Min: 133, Avg: 149.3, Max: 167, Diff: 34, Sum: 597]
      [Scan RS (ms): Min: 0.0, Avg: 0.1, Max: 0.1, Diff: 0.1, Sum: 0.3]
      [Object Copy (ms): Min: 33.9, Avg: 35.0, Max: 35.4, Diff: 1.5, Sum: 140.1]
      [Termination (ms): Min: 0.0, Avg: 0.0, Max: 0.0, Diff: 0.0, Sum: 0.0]
      [GC Worker Other (ms): Min: 0.0, Avg: 0.0, Max: 0.0, Diff: 0.0, Sum: 0.1]
      [GC Worker Total (ms): Min: 54.7, Avg: 54.7, Max: 54.8, Diff: 0.0, Sum: 219.0]
      [GC Worker End (ms): Min: 188207.3, Avg: 188207.3, Max: 188207.4, Diff: 0.0]
   [Code Root Fixup: 0.0 ms]
   [Clear CT: 0.1 ms]
   [Other: 0.5 ms]
      [Choose CSet: 0.0 ms]
      [Ref Proc: 0.0 ms]
      [Ref Enq: 0.0 ms]
      [Free CSet: 0.2 ms]
   [Eden: 288.0M(288.0M)->0.0B(64.0M) Survivors: 10.0M->38.0M Heap: 1412.0M(2048.0M)->1156.0M(2048.0M)]
 [Times: user=0.23 sys=0.00, real=0.06 secs] 
188.259: [GC pause (young), 0.0510980 secs]
   [Parallel Time: 50.3 ms, GC Workers: 4]
      [GC Worker Start (ms): Min: 188258.7, Avg: 188258.7, Max: 188258.8, Diff: 0.0]
      [Ext Root Scanning (ms): Min: 1.2, Avg: 1.5, Max: 2.4, Diff: 1.2, Sum: 6.0]
      [SATB Filtering (ms): Min: 0.0, Avg: 0.1, Max: 0.5, Diff: 0.5, Sum: 0.5]
      [Update RS (ms): Min: 0.5, Avg: 1.2, Max: 1.6, Diff: 1.1, Sum: 5.0]
         [Processed Buffers: Min: 18, Avg: 43.5, Max: 60, Diff: 42, Sum: 174]
      [Scan RS (ms): Min: 0.0, Avg: 0.0, Max: 0.0, Diff: 0.0, Sum: 0.1]
      [Object Copy (ms): Min: 47.3, Avg: 47.4, Max: 47.4, Diff: 0.1, Sum: 189.6]
      [Termination (ms): Min: 0.0, Avg: 0.0, Max: 0.0, Diff: 0.0, Sum: 0.0]
      [GC Worker Other (ms): Min: 0.0, Avg: 0.0, Max: 0.0, Diff: 0.0, Sum: 0.1]
      [GC Worker Total (ms): Min: 50.3, Avg: 50.3, Max: 50.3, Diff: 0.0, Sum: 201.2]
      [GC Worker End (ms): Min: 188309.1, Avg: 188309.1, Max: 188309.1, Diff: 0.0]
   [Code Root Fixup: 0.0 ms]
   [Clear CT: 0.1 ms]
   [Other: 0.7 ms]
      [Choose CSet: 0.0 ms]
      [Ref Proc: 0.0 ms]
      [Ref Enq: 0.0 ms]
      [Free CSet: 0.1 ms]
   [Eden: 64.0M(64.0M)->0.0B(159.0M) Survivors: 38.0M->13.0M Heap: 1220.0M(2048.0M)->1178.5M(2048.0M)]
 [Times: user=0.17 sys=0.00, real=0.05 secs] 
188.334: [GC concurrent-mark-end, 0.7173527 secs]
188.334: [GC remark 188.335: [GC ref-proc, 0.0012370 secs], 0.0029987 secs]
 [Times: user=0.00 sys=0.00, real=0.00 secs] 
188.338: [GC cleanup 1213M->531M(2048M), 0.0012566 secs]
 [Times: user=0.00 sys=0.00, real=0.00 secs] 
188.339: [GC concurrent-cleanup-start]
188.340: [GC concurrent-cleanup-end, 0.0008031 secs]
188.462: [GC pause (young), 0.1383033 secs]
   [Parallel Time: 136.8 ms, GC Workers: 4]
      [GC Worker Start (ms): Min: 188462.1, Avg: 188462.1, Max: 188462.1, Diff: 0.0]
      [Ext Root Scanning (ms): Min: 1.2, Avg: 1.9, Max: 4.0, Diff: 2.9, Sum: 7.6]
      [Update RS (ms): Min: 17.0, Avg: 20.7, Max: 25.7, Diff: 8.7, Sum: 82.6]
         [Processed Buffers: Min: 166, Avg: 248.8, Max: 376, Diff: 210, Sum: 995]
      [Scan RS (ms): Min: 0.0, Avg: 0.0, Max: 0.1, Diff: 0.1, Sum: 0.2]
      [Object Copy (ms): Min: 109.8, Avg: 114.2, Max: 115.8, Diff: 6.0, Sum: 456.7]
      [Termination (ms): Min: 0.0, Avg: 0.0, Max: 0.0, Diff: 0.0, Sum: 0.0]
      [GC Worker Other (ms): Min: 0.0, Avg: 0.0, Max: 0.0, Diff: 0.0, Sum: 0.0]
      [GC Worker Total (ms): Min: 136.8, Avg: 136.8, Max: 136.8, Diff: 0.0, Sum: 547.2]
      [GC Worker End (ms): Min: 188598.9, Avg: 188598.9, Max: 188598.9, Diff: 0.0]
   [Code Root Fixup: 0.0 ms]
   [Clear CT: 0.1 ms]
   [Other: 1.4 ms]
      [Choose CSet: 0.0 ms]
      [Ref Proc: 0.1 ms]
      [Ref Enq: 0.0 ms]
      [Free CSet: 0.2 ms]
   [Eden: 159.0M(159.0M)->0.0B(80.0M) Survivors: 13.0M->22.0M Heap: 655.5M(2048.0M)->622.5M(2048.0M)]
 [Times: user=0.48 sys=0.00, real=0.14 secs] 
188.662: [GC pause (mixed), 0.0633421 secs]
   [Parallel Time: 62.1 ms, GC Workers: 4]
      [GC Worker Start (ms): Min: 188662.3, Avg: 188664.4, Max: 188669.5, Diff: 7.2]
      [Ext Root Scanning (ms): Min: 0.1, Avg: 1.0, Max: 1.6, Diff: 1.5, Sum: 3.9]
      [Update RS (ms): Min: 28.9, Avg: 33.1, Max: 34.5, Diff: 5.6, Sum: 132.4]
         [Processed Buffers: Min: 144, Avg: 168.0, Max: 187, Diff: 43, Sum: 672]
      [Scan RS (ms): Min: 0.4, Avg: 0.4, Max: 0.5, Diff: 0.2, Sum: 1.7]
      [Object Copy (ms): Min: 25.4, Avg: 25.5, Max: 25.6, Diff: 0.1, Sum: 101.9]
      [Termination (ms): Min: 0.0, Avg: 0.0, Max: 0.0, Diff: 0.0, Sum: 0.0]
      [GC Worker Other (ms): Min: 0.0, Avg: 0.0, Max: 0.0, Diff: 0.0, Sum: 0.1]
      [GC Worker Total (ms): Min: 54.9, Avg: 60.0, Max: 62.1, Diff: 7.2, Sum: 239.9]
      [GC Worker End (ms): Min: 188724.4, Avg: 188724.4, Max: 188724.4, Diff: 0.0]
   [Code Root Fixup: 0.0 ms]
   [Clear CT: 0.2 ms]
   [Other: 1.0 ms]
      [Choose CSet: 0.0 ms]
      [Ref Proc: 0.4 ms]
      [Ref Enq: 0.0 ms]
      [Free CSet: 0.2 ms]
   [Eden: 80.0M(80.0M)->0.0B(198.0M) Survivors: 22.0M->4096.0K Heap: 702.5M(2048.0M)->613.0M(2048.0M)]
 [Times: user=0.23 sys=0.00, real=0.06 secs] 
188.918: [GC pause (young), 0.0610095 secs]
   [Parallel Time: 59.6 ms, GC Workers: 4]
      [GC Worker Start (ms): Min: 188918.8, Avg: 188918.9, Max: 188919.1, Diff: 0.4]
      [Ext Root Scanning (ms): Min: 0.7, Avg: 0.9, Max: 1.0, Diff: 0.3, Sum: 3.6]
      [Update RS (ms): Min: 19.1, Avg: 19.1, Max: 19.2, Diff: 0.1, Sum: 76.5]
         [Processed Buffers: Min: 123, Avg: 171.5, Max: 222, Diff: 99, Sum: 686]
      [Scan RS (ms): Min: 0.0, Avg: 0.0, Max: 0.1, Diff: 0.1, Sum: 0.2]
      [Object Copy (ms): Min: 39.3, Avg: 39.4, Max: 39.4, Diff: 0.0, Sum: 157.4]
      [Termination (ms): Min: 0.0, Avg: 0.0, Max: 0.0, Diff: 0.0, Sum: 0.0]
      [GC Worker Other (ms): Min: 0.0, Avg: 0.0, Max: 0.0, Diff: 0.0, Sum: 0.1]
      [GC Worker Total (ms): Min: 59.2, Avg: 59.4, Max: 59.6, Diff: 0.4, Sum: 237.8]
      [GC Worker End (ms): Min: 188978.3, Avg: 188978.3, Max: 188978.3, Diff: 0.0]
   [Code Root Fixup: 0.0 ms]
   [Clear CT: 0.5 ms]
   [Other: 0.9 ms]
      [Choose CSet: 0.0 ms]
      [Ref Proc: 0.2 ms]
      [Ref Enq: 0.0 ms]
      [Free CSet: 0.2 ms]
   [Eden: 198.0M(198.0M)->0.0B(216.0M) Survivors: 4096.0K->26.0M Heap: 811.0M(2048.0M)->651.5M(2048.0M)]
 [Times: user=0.22 sys=0.00, real=0.06 secs] 
189.185: [GC pause (young), 0.1592476 secs]
   [Parallel Time: 157.5 ms, GC Workers: 4]
      [GC Worker Start (ms): Min: 189185.7, Avg: 189185.8, Max: 189185.9, Diff: 0.1]
      [Ext Root Scanning (ms): Min: 0.8, Avg: 0.9, Max: 0.9, Diff: 0.1, Sum: 3.5]
      [Update RS (ms): Min: 6.5, Avg: 6.5, Max: 6.5, Diff: 0.0, Sum: 25.9]
         [Processed Buffers: Min: 114, Avg: 136.8, Max: 153, Diff: 39, Sum: 547]
      [Scan RS (ms): Min: 0.1, Avg: 0.1, Max: 0.1, Diff: 0.0, Sum: 0.2]
      [Object Copy (ms): Min: 150.0, Avg: 150.0, Max: 150.0, Diff: 0.0, Sum: 600.0]
      [Termination (ms): Min: 0.0, Avg: 0.0, Max: 0.0, Diff: 0.0, Sum: 0.0]
      [GC Worker Other (ms): Min: 0.0, Avg: 0.0, Max: 0.0, Diff: 0.0, Sum: 0.1]
      [GC Worker Total (ms): Min: 157.3, Avg: 157.4, Max: 157.5, Diff: 0.1, Sum: 629.7]
      [GC Worker End (ms): Min: 189343.2, Avg: 189343.2, Max: 189343.2, Diff: 0.0]
   [Code Root Fixup: 0.0 ms]
   [Clear CT: 0.1 ms]
   [Other: 1.6 ms]
      [Choose CSet: 0.0 ms]
      [Ref Proc: 0.0 ms]
      [Ref Enq: 0.0 ms]
      [Free CSet: 0.2 ms]
   [Eden: 216.0M(216.0M)->0.0B(198.0M) Survivors: 26.0M->31.0M Heap: 867.5M(2048.0M)->808.5M(2048.0M)]
 [Times: user=0.65 sys=0.00, real=0.16 secs] 
189.554: [GC pause (young), 0.0908179 secs]
   [Parallel Time: 88.1 ms, GC Workers: 4]
      [GC Worker Start (ms): Min: 189554.0, Avg: 189560.2, Max: 189578.9, Diff: 24.9]
      [Ext Root Scanning (ms): Min: 0.1, Avg: 0.9, Max: 1.2, Diff: 1.1, Sum: 3.5]
      [Update RS (ms): Min: 6.2, Avg: 24.0, Max: 29.9, Diff: 23.7, Sum: 95.8]
         [Processed Buffers: Min: 77, Avg: 143.8, Max: 176, Diff: 99, Sum: 575]
      [Scan RS (ms): Min: 1.3, Avg: 1.4, Max: 1.4, Diff: 0.1, Sum: 5.4]
      [Object Copy (ms): Min: 54.4, Avg: 54.5, Max: 54.5, Diff: 0.1, Sum: 217.9]
      [Termination (ms): Min: 0.0, Avg: 0.1, Max: 0.1, Diff: 0.1, Sum: 0.3]
      [GC Worker Other (ms): Min: 0.0, Avg: 0.0, Max: 0.0, Diff: 0.0, Sum: 0.0]
      [GC Worker Total (ms): Min: 62.1, Avg: 80.7, Max: 87.0, Diff: 24.8, Sum: 323.0]
      [GC Worker End (ms): Min: 189641.0, Avg: 189641.0, Max: 189641.0, Diff: 0.0]
   [Code Root Fixup: 0.0 ms]
   [Clear CT: 1.5 ms]
   [Other: 1.2 ms]
      [Choose CSet: 0.0 ms]
      [Ref Proc: 0.3 ms]
      [Ref Enq: 0.0 ms]
      [Free CSet: 0.2 ms]
   [Eden: 198.0M(198.0M)->0.0B(241.0M) Survivors: 31.0M->29.0M Heap: 1006.5M(2048.0M)->838.5M(2048.0M)]
 [Times: user=0.34 sys=0.00, real=0.09 secs] 
189.866: [GC pause (young), 0.1356958 secs]
   [Parallel Time: 134.4 ms, GC Workers: 4]
      [GC Worker Start (ms): Min: 189866.7, Avg: 189866.8, Max: 189867.0, Diff: 0.3]
      [Ext Root Scanning (ms): Min: 0.8, Avg: 1.0, Max: 1.1, Diff: 0.3, Sum: 4.0]
      [Update RS (ms): Min: 25.9, Avg: 27.8, Max: 32.9, Diff: 7.0, Sum: 111.2]
         [Processed Buffers: Min: 180, Avg: 257.0, Max: 356, Diff: 176, Sum: 1028]
      [Scan RS (ms): Min: 0.0, Avg: 0.1, Max: 0.1, Diff: 0.1, Sum: 0.2]
      [Object Copy (ms): Min: 100.3, Avg: 105.3, Max: 107.0, Diff: 6.7, Sum: 421.3]
      [Termination (ms): Min: 0.0, Avg: 0.0, Max: 0.0, Diff: 0.0, Sum: 0.0]
      [GC Worker Other (ms): Min: 0.0, Avg: 0.0, Max: 0.0, Diff: 0.0, Sum: 0.1]
      [GC Worker Total (ms): Min: 134.1, Avg: 134.2, Max: 134.3, Diff: 0.3, Sum: 536.8]
      [GC Worker End (ms): Min: 190001.0, Avg: 190001.0, Max: 190001.0, Diff: 0.0]
   [Code Root Fixup: 0.0 ms]
   [Clear CT: 0.1 ms]
   [Other: 1.3 ms]
      [Choose CSet: 0.0 ms]
      [Ref Proc: 0.0 ms]
      [Ref Enq: 0.0 ms]
      [Free CSet: 0.2 ms]
   [Eden: 241.0M(241.0M)->0.0B(245.0M) Survivors: 29.0M->34.0M Heap: 1079.5M(2048.0M)->922.5M(2048.0M)]
 [Times: user=0.47 sys=0.00, real=0.14 secs] 
190.225: [GC pause (young), 0.1727790 secs]
   [Parallel Time: 170.0 ms, GC Workers: 4]
      [GC Worker Start (ms): Min: 190224.9, Avg: 190224.9, Max: 190225.1, Diff: 0.2]
      [Ext Root Scanning (ms): Min: 0.8, Avg: 0.9, Max: 0.9, Diff: 0.1, Sum: 3.5]
      [Update RS (ms): Min: 19.5, Avg: 19.5, Max: 19.6, Diff: 0.0, Sum: 78.2]
         [Processed Buffers: Min: 128, Avg: 132.8, Max: 141, Diff: 13, Sum: 531]
      [Scan RS (ms): Min: 0.2, Avg: 0.3, Max: 0.3, Diff: 0.1, Sum: 1.1]
      [Object Copy (ms): Min: 147.3, Avg: 147.3, Max: 147.4, Diff: 0.1, Sum: 589.2]
      [Termination (ms): Min: 0.0, Avg: 0.5, Max: 1.7, Diff: 1.7, Sum: 1.9]
      [GC Worker Other (ms): Min: 0.0, Avg: 0.0, Max: 0.0, Diff: 0.0, Sum: 0.1]
      [GC Worker Total (ms): Min: 168.1, Avg: 168.5, Max: 169.6, Diff: 1.5, Sum: 674.0]
      [GC Worker End (ms): Min: 190393.0, Avg: 190393.4, Max: 190394.7, Diff: 1.7]
   [Code Root Fixup: 0.0 ms]
   [Clear CT: 0.1 ms]
   [Other: 2.6 ms]
      [Choose CSet: 0.0 ms]
      [Ref Proc: 1.2 ms]
      [Ref Enq: 0.0 ms]
      [Free CSet: 0.2 ms]
   [Eden: 245.0M(245.0M)->0.0B(240.0M) Survivors: 34.0M->35.0M Heap: 1167.5M(2048.0M)->1061.0M(2048.0M)]
 [Times: user=0.66 sys=0.00, real=0.17 secs] 
190.586: [GC pause (young) (initial-mark), 0.0918159 secs]
   [Parallel Time: 90.2 ms, GC Workers: 4]
      [GC Worker Start (ms): Min: 190586.2, Avg: 190586.2, Max: 190586.2, Diff: 0.0]
      [Ext Root Scanning (ms): Min: 1.2, Avg: 2.5, Max: 6.3, Diff: 5.1, Sum: 9.9]
      [Update RS (ms): Min: 18.7, Avg: 21.2, Max: 22.1, Diff: 3.4, Sum: 84.9]
         [Processed Buffers: Min: 118, Avg: 179.3, Max: 246, Diff: 128, Sum: 717]
      [Scan RS (ms): Min: 0.0, Avg: 0.2, Max: 0.3, Diff: 0.3, Sum: 0.9]
      [Object Copy (ms): Min: 65.2, Avg: 65.6, Max: 65.7, Diff: 0.5, Sum: 262.2]
      [Termination (ms): Min: 0.0, Avg: 0.7, Max: 1.0, Diff: 1.0, Sum: 2.9]
      [GC Worker Other (ms): Min: 0.0, Avg: 0.0, Max: 0.0, Diff: 0.0, Sum: 0.1]
      [GC Worker Total (ms): Min: 90.2, Avg: 90.2, Max: 90.2, Diff: 0.0, Sum: 360.8]
      [GC Worker End (ms): Min: 190676.4, Avg: 190676.4, Max: 190676.4, Diff: 0.0]
   [Code Root Fixup: 0.0 ms]
   [Clear CT: 0.1 ms]
   [Other: 1.5 ms]
      [Choose CSet: 0.0 ms]
      [Ref Proc: 0.0 ms]
      [Ref Enq: 0.0 ms]
      [Free CSet: 0.2 ms]
   [Eden: 240.0M(240.0M)->0.0B(304.0M) Survivors: 35.0M->35.0M Heap: 1301.0M(2048.0M)->1101.5M(2048.0M)]
 [Times: user=0.33 sys=0.00, real=0.09 secs] 
190.678: [GC concurrent-root-region-scan-start]
190.717: [GC concurrent-root-region-scan-end, 0.0392044 secs]
190.717: [GC concurrent-mark-start]
190.930: [GC pause (young), 0.0890100 secs]
   [Parallel Time: 87.8 ms, GC Workers: 4]
      [GC Worker Start (ms): Min: 190930.4, Avg: 190930.6, Max: 190930.7, Diff: 0.3]
      [Ext Root Scanning (ms): Min: 0.8, Avg: 0.9, Max: 1.0, Diff: 0.2, Sum: 3.6]
      [SATB Filtering (ms): Min: 0.0, Avg: 0.5, Max: 2.1, Diff: 2.1, Sum: 2.1]
      [Update RS (ms): Min: 15.3, Avg: 16.8, Max: 17.3, Diff: 2.1, Sum: 67.2]
         [Processed Buffers: Min: 104, Avg: 111.0, Max: 122, Diff: 18, Sum: 444]
      [Scan RS (ms): Min: 0.2, Avg: 0.2, Max: 0.2, Diff: 0.0, Sum: 0.7]
      [Object Copy (ms): Min: 69.2, Avg: 69.2, Max: 69.3, Diff: 0.1, Sum: 276.9]
      [Termination (ms): Min: 0.0, Avg: 0.0, Max: 0.0, Diff: 0.0, Sum: 0.0]
      [GC Worker Other (ms): Min: 0.0, Avg: 0.0, Max: 0.0, Diff: 0.0, Sum: 0.1]
      [GC Worker Total (ms): Min: 87.5, Avg: 87.6, Max: 87.8, Diff: 0.3, Sum: 350.5]
      [GC Worker End (ms): Min: 191018.2, Avg: 191018.2, Max: 191018.2, Diff: 0.0]
   [Code Root Fixup: 0.0 ms]
   [Clear CT: 0.1 ms]
   [Other: 1.1 ms]
      [Choose CSet: 0.0 ms]
      [Ref Proc: 0.2 ms]
      [Ref Enq: 0.0 ms]
      [Free CSet: 0.2 ms]
   [Eden: 304.0M(304.0M)->0.0B(353.0M) Survivors: 35.0M->43.0M Heap: 1405.5M(2048.0M)->1160.5M(2048.0M)]
 [Times: user=0.37 sys=0.00, real=0.09 secs] 
191.217: [GC concurrent-mark-end, 0.5002678 secs]
191.217: [GC remark 191.219: [GC ref-proc, 0.0012033 secs], 0.0031944 secs]
 [Times: user=0.00 sys=0.00, real=0.00 secs] 
191.221: [GC cleanup 1386M->789M(2048M), 0.0016491 secs]
 [Times: user=0.00 sys=0.00, real=0.00 secs] 
191.223: [GC concurrent-cleanup-start]
191.224: [GC concurrent-cleanup-end, 0.0006995 secs]
191.356: [GC pause (young), 0.2281686 secs]
   [Parallel Time: 226.3 ms, GC Workers: 4]
      [GC Worker Start (ms): Min: 191356.7, Avg: 191356.7, Max: 191356.7, Diff: 0.0]
      [Ext Root Scanning (ms): Min: 0.6, Avg: 1.0, Max: 1.1, Diff: 0.6, Sum: 3.9]
      [Update RS (ms): Min: 20.0, Avg: 20.0, Max: 20.1, Diff: 0.1, Sum: 80.1]
         [Processed Buffers: Min: 103, Avg: 106.3, Max: 109, Diff: 6, Sum: 425]
      [Scan RS (ms): Min: 0.0, Avg: 0.1, Max: 0.1, Diff: 0.1, Sum: 0.4]
      [Object Copy (ms): Min: 205.0, Avg: 205.1, Max: 205.6, Diff: 0.6, Sum: 820.6]
      [Termination (ms): Min: 0.0, Avg: 0.0, Max: 0.0, Diff: 0.0, Sum: 0.0]
      [GC Worker Other (ms): Min: 0.0, Avg: 0.0, Max: 0.0, Diff: 0.0, Sum: 0.1]
      [GC Worker Total (ms): Min: 226.2, Avg: 226.2, Max: 226.3, Diff: 0.0, Sum: 905.0]
      [GC Worker End (ms): Min: 191582.9, Avg: 191582.9, Max: 191582.9, Diff: 0.0]
   [Code Root Fixup: 0.0 ms]
   [Clear CT: 0.1 ms]
   [Other: 1.8 ms]
      [Choose CSet: 0.0 ms]
      [Ref Proc: 0.0 ms]
      [Ref Enq: 0.0 ms]
      [Free CSet: 0.3 ms]
   [Eden: 353.0M(353.0M)->0.0B(52.0M) Survivors: 43.0M->50.0M Heap: 916.5M(2048.0M)->772.5M(2048.0M)]
 [Times: user=0.81 sys=0.00, real=0.23 secs] 
191.711: [GC pause (mixed), 0.0960552 secs]
   [Parallel Time: 94.2 ms, GC Workers: 4]
      [GC Worker Start (ms): Min: 191710.9, Avg: 191710.9, Max: 191710.9, Diff: 0.0]
      [Ext Root Scanning (ms): Min: 0.9, Avg: 0.9, Max: 1.0, Diff: 0.0, Sum: 3.7]
      [Update RS (ms): Min: 28.9, Avg: 29.0, Max: 29.0, Diff: 0.0, Sum: 115.9]
         [Processed Buffers: Min: 150, Avg: 154.8, Max: 159, Diff: 9, Sum: 619]
      [Scan RS (ms): Min: 6.0, Avg: 6.0, Max: 6.0, Diff: 0.0, Sum: 24.1]
      [Object Copy (ms): Min: 57.1, Avg: 57.2, Max: 57.2, Diff: 0.1, Sum: 228.6]
      [Termination (ms): Min: 0.0, Avg: 0.4, Max: 0.9, Diff: 0.9, Sum: 1.6]
      [GC Worker Other (ms): Min: 0.0, Avg: 0.0, Max: 0.0, Diff: 0.0, Sum: 0.0]
      [GC Worker Total (ms): Min: 93.2, Avg: 93.5, Max: 94.0, Diff: 0.8, Sum: 374.0]
      [GC Worker End (ms): Min: 191804.0, Avg: 191804.4, Max: 191804.8, Diff: 0.8]
   [Code Root Fixup: 0.0 ms]
   [Clear CT: 0.2 ms]
   [Other: 1.6 ms]
      [Choose CSet: 0.1 ms]
      [Ref Proc: 0.1 ms]
      [Ref Enq: 0.0 ms]
      [Free CSet: 0.5 ms]
   [Eden: 52.0M(52.0M)->0.0B(331.0M) Survivors: 50.0M->4096.0K Heap: 824.5M(2048.0M)->680.5M(2048.0M)]
 [Times: user=0.36 sys=0.00, real=0.10 secs] 
192.178: [GC pause (young), 0.1736597 secs]
   [Parallel Time: 171.4 ms, GC Workers: 4]
      [GC Worker Start (ms): Min: 192178.9, Avg: 192178.9, Max: 192178.9, Diff: 0.0]
      [Ext Root Scanning (ms): Min: 1.3, Avg: 4.1, Max: 12.7, Diff: 11.4, Sum: 16.5]
      [Update RS (ms): Min: 9.2, Avg: 17.6, Max: 20.4, Diff: 11.3, Sum: 70.4]
         [Processed Buffers: Min: 173, Avg: 296.8, Max: 411, Diff: 238, Sum: 1187]
      [Scan RS (ms): Min: 0.1, Avg: 0.1, Max: 0.1, Diff: 0.0, Sum: 0.4]
      [Object Copy (ms): Min: 149.4, Avg: 149.5, Max: 149.6, Diff: 0.1, Sum: 598.1]
      [Termination (ms): Min: 0.0, Avg: 0.0, Max: 0.0, Diff: 0.0, Sum: 0.0]
      [GC Worker Other (ms): Min: 0.0, Avg: 0.0, Max: 0.0, Diff: 0.0, Sum: 0.1]
      [GC Worker Total (ms): Min: 171.4, Avg: 171.4, Max: 171.4, Diff: 0.0, Sum: 685.5]
      [GC Worker End (ms): Min: 192350.3, Avg: 192350.3, Max: 192350.3, Diff: 0.0]
   [Code Root Fixup: 0.0 ms]
   [Clear CT: 0.2 ms]
   [Other: 2.1 ms]
      [Choose CSet: 0.0 ms]
      [Ref Proc: 0.0 ms]
      [Ref Enq: 0.0 ms]
      [Free CSet: 0.4 ms]
   [Eden: 331.0M(331.0M)->0.0B(219.0M) Survivors: 4096.0K->42.0M Heap: 1011.5M(2048.0M)->850.0M(2048.0M)]
 [Times: user=0.62 sys=0.00, real=0.17 secs] 
192.554: [GC pause (young), 0.1258311 secs]
   [Parallel Time: 124.1 ms, GC Workers: 4]
      [GC Worker Start (ms): Min: 192554.5, Avg: 192554.5, Max: 192554.5, Diff: 0.0]
      [Ext Root Scanning (ms): Min: 1.1, Avg: 7.3, Max: 26.0, Diff: 24.8, Sum: 29.4]
      [Update RS (ms): Min: 0.0, Avg: 18.5, Max: 24.7, Diff: 24.7, Sum: 74.0]
         [Processed Buffers: Min: 0, Avg: 214.8, Max: 298, Diff: 298, Sum: 859]
      [Scan RS (ms): Min: 7.9, Avg: 8.4, Max: 9.6, Diff: 1.6, Sum: 33.5]
      [Object Copy (ms): Min: 88.7, Avg: 89.9, Max: 90.3, Diff: 1.6, Sum: 359.5]
      [Termination (ms): Min: 0.0, Avg: 0.0, Max: 0.0, Diff: 0.0, Sum: 0.0]
      [GC Worker Other (ms): Min: 0.0, Avg: 0.0, Max: 0.0, Diff: 0.0, Sum: 0.1]
      [GC Worker Total (ms): Min: 124.1, Avg: 124.1, Max: 124.1, Diff: 0.0, Sum: 496.3]
      [GC Worker End (ms): Min: 192678.6, Avg: 192678.6, Max: 192678.6, Diff: 0.0]
   [Code Root Fixup: 0.0 ms]
   [Clear CT: 0.1 ms]
   [Other: 1.6 ms]
      [Choose CSet: 0.0 ms]
      [Ref Proc: 0.0 ms]
      [Ref Enq: 0.0 ms]
      [Free CSet: 0.2 ms]
   [Eden: 219.0M(219.0M)->0.0B(153.0M) Survivors: 42.0M->33.0M Heap: 1069.0M(2048.0M)->916.5M(2048.0M)]
 [Times: user=0.44 sys=0.00, real=0.13 secs] 
192.799: [GC pause (young), 0.0578989 secs]
   [Parallel Time: 56.7 ms, GC Workers: 4]
      [GC Worker Start (ms): Min: 192799.1, Avg: 192799.1, Max: 192799.1, Diff: 0.0]
      [Ext Root Scanning (ms): Min: 0.9, Avg: 0.9, Max: 0.9, Diff: 0.0, Sum: 3.6]
      [Update RS (ms): Min: 19.8, Avg: 19.9, Max: 19.9, Diff: 0.0, Sum: 79.4]
         [Processed Buffers: Min: 123, Avg: 131.8, Max: 145, Diff: 22, Sum: 527]
      [Scan RS (ms): Min: 0.3, Avg: 0.3, Max: 0.3, Diff: 0.0, Sum: 1.2]
      [Object Copy (ms): Min: 35.6, Avg: 35.6, Max: 35.7, Diff: 0.0, Sum: 142.6]
      [Termination (ms): Min: 0.0, Avg: 0.0, Max: 0.0, Diff: 0.0, Sum: 0.0]
      [GC Worker Other (ms): Min: 0.0, Avg: 0.0, Max: 0.0, Diff: 0.0, Sum: 0.0]
      [GC Worker Total (ms): Min: 56.7, Avg: 56.7, Max: 56.7, Diff: 0.0, Sum: 226.9]
      [GC Worker End (ms): Min: 192855.8, Avg: 192855.8, Max: 192855.9, Diff: 0.0]
   [Code Root Fixup: 0.0 ms]
   [Clear CT: 0.1 ms]
   [Other: 1.0 ms]
      [Choose CSet: 0.0 ms]
      [Ref Proc: 0.0 ms]
      [Ref Enq: 0.0 ms]
      [Free CSet: 0.3 ms]
   [Eden: 153.0M(153.0M)->0.0B(369.0M) Survivors: 33.0M->14.0M Heap: 1069.5M(2048.0M)->930.5M(2048.0M)]
 [Times: user=0.25 sys=0.00, real=0.06 secs] 
193.210: [GC pause (young), 0.2225198 secs]
   [Parallel Time: 220.1 ms, GC Workers: 4]
      [GC Worker Start (ms): Min: 193210.4, Avg: 193210.4, Max: 193210.4, Diff: 0.0]
      [Ext Root Scanning (ms): Min: 0.9, Avg: 0.9, Max: 1.0, Diff: 0.1, Sum: 3.7]
      [Update RS (ms): Min: 16.3, Avg: 16.3, Max: 16.3, Diff: 0.1, Sum: 65.1]
         [Processed Buffers: Min: 143, Avg: 152.5, Max: 164, Diff: 21, Sum: 610]
      [Scan RS (ms): Min: 0.1, Avg: 0.1, Max: 0.1, Diff: 0.0, Sum: 0.4]
      [Object Copy (ms): Min: 202.7, Avg: 202.7, Max: 202.7, Diff: 0.0, Sum: 810.9]
      [Termination (ms): Min: 0.0, Avg: 0.0, Max: 0.0, Diff: 0.0, Sum: 0.0]
      [GC Worker Other (ms): Min: 0.0, Avg: 0.0, Max: 0.0, Diff: 0.0, Sum: 0.1]
      [GC Worker Total (ms): Min: 220.0, Avg: 220.1, Max: 220.1, Diff: 0.0, Sum: 880.2]
      [GC Worker End (ms): Min: 193430.5, Avg: 193430.5, Max: 193430.5, Diff: 0.0]
   [Code Root Fixup: 0.0 ms]
   [Clear CT: 0.1 ms]
   [Other: 2.3 ms]
      [Choose CSet: 0.0 ms]
      [Ref Proc: 0.0 ms]
      [Ref Enq: 0.0 ms]
      [Free CSet: 0.3 ms]
   [Eden: 369.0M(369.0M)->0.0B(227.0M) Survivors: 14.0M->48.0M Heap: 1299.5M(2048.0M)->1181.0M(2048.0M)]
 [Times: user=0.87 sys=0.00, real=0.22 secs] 
193.701: [GC pause (young) (initial-mark), 0.1984870 secs]
   [Parallel Time: 195.6 ms, GC Workers: 4]
      [GC Worker Start (ms): Min: 193702.1, Avg: 193702.1, Max: 193702.1, Diff: 0.0]
      [Ext Root Scanning (ms): Min: 1.2, Avg: 1.8, Max: 3.3, Diff: 2.1, Sum: 7.1]
      [Update RS (ms): Min: 23.0, Avg: 24.4, Max: 25.0, Diff: 2.0, Sum: 97.7]
         [Processed Buffers: Min: 198, Avg: 211.0, Max: 229, Diff: 31, Sum: 844]
      [Scan RS (ms): Min: 16.0, Avg: 16.2, Max: 16.2, Diff: 0.2, Sum: 64.7]
      [Object Copy (ms): Min: 153.0, Avg: 153.2, Max: 153.2, Diff: 0.2, Sum: 612.7]
      [Termination (ms): Min: 0.0, Avg: 0.0, Max: 0.0, Diff: 0.0, Sum: 0.0]
      [GC Worker Other (ms): Min: 0.0, Avg: 0.0, Max: 0.0, Diff: 0.0, Sum: 0.1]
      [GC Worker Total (ms): Min: 195.5, Avg: 195.6, Max: 195.6, Diff: 0.0, Sum: 782.3]
      [GC Worker End (ms): Min: 193897.7, Avg: 193897.7, Max: 193897.7, Diff: 0.0]
   [Code Root Fixup: 0.0 ms]
   [Clear CT: 0.2 ms]
   [Other: 2.7 ms]
      [Choose CSet: 0.0 ms]
      [Ref Proc: 0.0 ms]
      [Ref Enq: 0.0 ms]
      [Free CSet: 0.2 ms]
   [Eden: 227.0M(227.0M)->0.0B(85.0M) Survivors: 48.0M->35.0M Heap: 1408.0M(2048.0M)->1308.0M(2048.0M)]
 [Times: user=0.73 sys=0.00, real=0.20 secs] 
193.900: [GC concurrent-root-region-scan-start]
193.974: [GC concurrent-root-region-scan-end, 0.0740837 secs]
193.974: [GC concurrent-mark-start]
194.082: [GC pause (young), 0.0615227 secs]
   [Parallel Time: 60.4 ms, GC Workers: 4]
      [GC Worker Start (ms): Min: 194081.7, Avg: 194081.7, Max: 194081.7, Diff: 0.0]
      [Ext Root Scanning (ms): Min: 0.9, Avg: 0.9, Max: 1.0, Diff: 0.0, Sum: 3.8]
      [SATB Filtering (ms): Min: 0.0, Avg: 0.0, Max: 0.0, Diff: 0.0, Sum: 0.0]
      [Update RS (ms): Min: 27.3, Avg: 27.3, Max: 27.3, Diff: 0.1, Sum: 109.2]
         [Processed Buffers: Min: 150, Avg: 155.0, Max: 158, Diff: 8, Sum: 620]
      [Scan RS (ms): Min: 0.4, Avg: 0.4, Max: 0.4, Diff: 0.0, Sum: 1.7]
      [Object Copy (ms): Min: 31.6, Avg: 31.7, Max: 31.7, Diff: 0.1, Sum: 126.9]
      [Termination (ms): Min: 0.0, Avg: 0.0, Max: 0.0, Diff: 0.0, Sum: 0.0]
      [GC Worker Other (ms): Min: 0.0, Avg: 0.0, Max: 0.0, Diff: 0.0, Sum: 0.1]
      [GC Worker Total (ms): Min: 60.4, Avg: 60.4, Max: 60.4, Diff: 0.0, Sum: 241.7]
      [GC Worker End (ms): Min: 194142.1, Avg: 194142.1, Max: 194142.1, Diff: 0.0]
   [Code Root Fixup: 0.0 ms]
   [Clear CT: 0.2 ms]
   [Other: 0.9 ms]
      [Choose CSet: 0.0 ms]
      [Ref Proc: 0.0 ms]
      [Ref Enq: 0.0 ms]
      [Free CSet: 0.2 ms]
   [Eden: 85.0M(85.0M)->0.0B(263.0M) Survivors: 35.0M->3072.0K Heap: 1393.0M(2048.0M)->1312.0M(2048.0M)]
 [Times: user=0.23 sys=0.00, real=0.06 secs] 
194.363: [GC pause (young), 0.1006842 secs]
   [Parallel Time: 99.2 ms, GC Workers: 4]
      [GC Worker Start (ms): Min: 194363.7, Avg: 194363.7, Max: 194363.7, Diff: 0.0]
      [Ext Root Scanning (ms): Min: 1.0, Avg: 1.0, Max: 1.0, Diff: 0.0, Sum: 3.9]
      [SATB Filtering (ms): Min: 0.0, Avg: 0.8, Max: 3.0, Diff: 3.0, Sum: 3.0]
      [Update RS (ms): Min: 21.1, Avg: 23.4, Max: 24.1, Diff: 3.0, Sum: 93.4]
         [Processed Buffers: Min: 213, Avg: 253.3, Max: 283, Diff: 70, Sum: 1013]
      [Scan RS (ms): Min: 0.1, Avg: 0.1, Max: 0.1, Diff: 0.0, Sum: 0.3]
      [Object Copy (ms): Min: 74.0, Avg: 74.0, Max: 74.0, Diff: 0.0, Sum: 296.2]
      [Termination (ms): Min: 0.0, Avg: 0.0, Max: 0.0, Diff: 0.0, Sum: 0.0]
      [GC Worker Other (ms): Min: 0.0, Avg: 0.0, Max: 0.0, Diff: 0.0, Sum: 0.1]
      [GC Worker Total (ms): Min: 99.2, Avg: 99.2, Max: 99.2, Diff: 0.0, Sum: 396.9]
      [GC Worker End (ms): Min: 194462.9, Avg: 194462.9, Max: 194462.9, Diff: 0.0]
   [Code Root Fixup: 0.0 ms]
   [Clear CT: 0.2 ms]
   [Other: 1.3 ms]
      [Choose CSet: 0.0 ms]
      [Ref Proc: 0.2 ms]
      [Ref Enq: 0.0 ms]
      [Free CSet: 0.2 ms]
   [Eden: 263.0M(263.0M)->0.0B(250.0M) Survivors: 3072.0K->34.0M Heap: 1575.0M(2048.0M)->1399.5M(2048.0M)]
 [Times: user=0.42 sys=0.00, real=0.10 secs] 
194.668: [GC concurrent-mark-end, 0.6933362 secs]
194.668: [GC remark 194.669: [GC ref-proc, 0.0012742 secs], 0.0036726 secs]
 [Times: user=0.00 sys=0.00, real=0.00 secs] 
194.672: [GC cleanup 1632M->787M(2048M), 0.0015731 secs]
 [Times: user=0.00 sys=0.00, real=0.00 secs] 
194.674: [GC concurrent-cleanup-start]
194.675: [GC concurrent-cleanup-end, 0.0010674 secs]
194.692: [GC pause (young), 0.1617126 secs]
   [Parallel Time: 159.5 ms, GC Workers: 4]
      [GC Worker Start (ms): Min: 194692.0, Avg: 194692.0, Max: 194692.0, Diff: 0.0]
      [Ext Root Scanning (ms): Min: 0.9, Avg: 0.9, Max: 0.9, Diff: 0.0, Sum: 3.7]
      [Update RS (ms): Min: 17.4, Avg: 17.9, Max: 19.7, Diff: 2.3, Sum: 71.8]
         [Processed Buffers: Min: 106, Avg: 116.8, Max: 132, Diff: 26, Sum: 467]
      [Scan RS (ms): Min: 0.0, Avg: 0.2, Max: 0.3, Diff: 0.3, Sum: 1.0]
      [Object Copy (ms): Min: 138.9, Avg: 140.4, Max: 140.9, Diff: 2.0, Sum: 561.5]
      [Termination (ms): Min: 0.0, Avg: 0.0, Max: 0.0, Diff: 0.0, Sum: 0.0]
      [GC Worker Other (ms): Min: 0.0, Avg: 0.0, Max: 0.0, Diff: 0.0, Sum: 0.1]
      [GC Worker Total (ms): Min: 159.5, Avg: 159.5, Max: 159.5, Diff: 0.0, Sum: 638.0]
      [GC Worker End (ms): Min: 194851.5, Avg: 194851.5, Max: 194851.5, Diff: 0.0]
   [Code Root Fixup: 0.0 ms]
   [Clear CT: 0.2 ms]
   [Other: 2.0 ms]
      [Choose CSet: 0.0 ms]
      [Ref Proc: 0.5 ms]
      [Ref Enq: 0.0 ms]
      [Free CSet: 0.2 ms]
   [Eden: 250.0M(250.0M)->0.0B(66.0M) Survivors: 34.0M->36.0M Heap: 804.5M(2048.0M)->699.5M(2048.0M)]
 [Times: user=0.64 sys=0.00, real=0.16 secs] 
194.961: [GC pause (mixed), 0.0710365 secs]
   [Parallel Time: 70.0 ms, GC Workers: 4]
      [GC Worker Start (ms): Min: 194961.1, Avg: 194961.2, Max: 194961.2, Diff: 0.1]
      [Ext Root Scanning (ms): Min: 0.8, Avg: 0.9, Max: 1.0, Diff: 0.1, Sum: 3.6]
      [Update RS (ms): Min: 27.3, Avg: 27.3, Max: 27.3, Diff: 0.0, Sum: 109.1]
         [Processed Buffers: Min: 128, Avg: 156.3, Max: 171, Diff: 43, Sum: 625]
      [Scan RS (ms): Min: 0.6, Avg: 0.6, Max: 0.7, Diff: 0.1, Sum: 2.5]
      [Object Copy (ms): Min: 41.0, Avg: 41.0, Max: 41.0, Diff: 0.0, Sum: 164.0]
      [Termination (ms): Min: 0.0, Avg: 0.0, Max: 0.1, Diff: 0.1, Sum: 0.2]
      [GC Worker Other (ms): Min: 0.0, Avg: 0.0, Max: 0.0, Diff: 0.0, Sum: 0.0]
      [GC Worker Total (ms): Min: 69.8, Avg: 69.9, Max: 70.0, Diff: 0.2, Sum: 279.6]
      [GC Worker End (ms): Min: 195031.0, Avg: 195031.0, Max: 195031.1, Diff: 0.0]
   [Code Root Fixup: 0.0 ms]
   [Clear CT: 0.1 ms]
   [Other: 1.0 ms]
      [Choose CSet: 0.0 ms]
      [Ref Proc: 0.0 ms]
      [Ref Enq: 0.0 ms]
      [Free CSet: 0.1 ms]
   [Eden: 66.0M(66.0M)->0.0B(329.0M) Survivors: 36.0M->12.0M Heap: 765.5M(2048.0M)->700.0M(2048.0M)]
 [Times: user=0.23 sys=0.00, real=0.07 secs] 
195.343: [GC pause (young), 0.2147388 secs]
   [Parallel Time: 212.6 ms, GC Workers: 4]
      [GC Worker Start (ms): Min: 195343.0, Avg: 195343.0, Max: 195343.0, Diff: 0.0]
      [Ext Root Scanning (ms): Min: 0.8, Avg: 0.9, Max: 0.9, Diff: 0.0, Sum: 3.5]
      [Update RS (ms): Min: 15.5, Avg: 15.5, Max: 15.6, Diff: 0.1, Sum: 62.1]
         [Processed Buffers: Min: 184, Avg: 205.0, Max: 215, Diff: 31, Sum: 820]
      [Scan RS (ms): Min: 0.1, Avg: 0.1, Max: 0.2, Diff: 0.0, Sum: 0.5]
      [Object Copy (ms): Min: 196.0, Avg: 196.0, Max: 196.1, Diff: 0.0, Sum: 784.2]
      [Termination (ms): Min: 0.0, Avg: 0.0, Max: 0.0, Diff: 0.0, Sum: 0.0]
      [GC Worker Other (ms): Min: 0.0, Avg: 0.0, Max: 0.0, Diff: 0.0, Sum: 0.1]
      [GC Worker Total (ms): Min: 212.6, Avg: 212.6, Max: 212.6, Diff: 0.0, Sum: 850.4]
      [GC Worker End (ms): Min: 195555.6, Avg: 195555.6, Max: 195555.6, Diff: 0.0]
   [Code Root Fixup: 0.0 ms]
   [Clear CT: 0.1 ms]
   [Other: 2.0 ms]
      [Choose CSet: 0.0 ms]
      [Ref Proc: 0.0 ms]
      [Ref Enq: 0.0 ms]
      [Free CSet: 0.4 ms]
   [Eden: 329.0M(329.0M)->0.0B(218.0M) Survivors: 12.0M->43.0M Heap: 1029.0M(2048.0M)->930.5M(2048.0M)]
 [Times: user=0.84 sys=0.00, real=0.21 secs] 
195.825: [GC pause (young), 0.1713249 secs]
   [Parallel Time: 168.4 ms, GC Workers: 4]
      [GC Worker Start (ms): Min: 195825.5, Avg: 195825.5, Max: 195825.5, Diff: 0.0]
      [Ext Root Scanning (ms): Min: 0.9, Avg: 0.9, Max: 0.9, Diff: 0.0, Sum: 3.6]
      [Update RS (ms): Min: 19.8, Avg: 20.4, Max: 21.7, Diff: 1.9, Sum: 81.6]
         [Processed Buffers: Min: 158, Avg: 195.0, Max: 244, Diff: 86, Sum: 780]
      [Scan RS (ms): Min: 11.6, Avg: 12.9, Max: 13.5, Diff: 1.9, Sum: 51.5]
      [Object Copy (ms): Min: 134.2, Avg: 134.2, Max: 134.2, Diff: 0.0, Sum: 536.7]
      [Termination (ms): Min: 0.0, Avg: 0.0, Max: 0.0, Diff: 0.0, Sum: 0.0]
      [GC Worker Other (ms): Min: 0.0, Avg: 0.0, Max: 0.0, Diff: 0.0, Sum: 0.1]
      [GC Worker Total (ms): Min: 168.4, Avg: 168.4, Max: 168.4, Diff: 0.0, Sum: 673.5]
      [GC Worker End (ms): Min: 195993.9, Avg: 195993.9, Max: 195993.9, Diff: 0.0]
   [Code Root Fixup: 0.0 ms]
   [Clear CT: 0.5 ms]
   [Other: 2.4 ms]
      [Choose CSet: 0.0 ms]
      [Ref Proc: 0.1 ms]
      [Ref Enq: 0.0 ms]
      [Free CSet: 0.2 ms]
   [Eden: 218.0M(218.0M)->0.0B(153.0M) Survivors: 43.0M->33.0M Heap: 1148.5M(2048.0M)->1051.0M(2048.0M)]
 [Times: user=0.64 sys=0.00, real=0.17 secs] 
196.202: [GC pause (young) (initial-mark), 0.0837476 secs]
   [Parallel Time: 82.3 ms, GC Workers: 4]
      [GC Worker Start (ms): Min: 196202.7, Avg: 196202.7, Max: 196202.7, Diff: 0.0]
      [Ext Root Scanning (ms): Min: 0.9, Avg: 0.9, Max: 0.9, Diff: 0.0, Sum: 3.5]
      [Update RS (ms): Min: 16.7, Avg: 17.3, Max: 18.8, Diff: 2.1, Sum: 69.0]
         [Processed Buffers: Min: 181, Avg: 212.0, Max: 268, Diff: 87, Sum: 848]
      [Scan RS (ms): Min: 1.9, Avg: 3.4, Max: 3.9, Diff: 2.0, Sum: 13.7]
      [Object Copy (ms): Min: 60.7, Avg: 60.7, Max: 60.7, Diff: 0.0, Sum: 242.9]
      [Termination (ms): Min: 0.0, Avg: 0.0, Max: 0.0, Diff: 0.0, Sum: 0.0]
      [GC Worker Other (ms): Min: 0.0, Avg: 0.0, Max: 0.0, Diff: 0.0, Sum: 0.0]
      [GC Worker Total (ms): Min: 82.3, Avg: 82.3, Max: 82.3, Diff: 0.0, Sum: 329.2]
      [GC Worker End (ms): Min: 196285.0, Avg: 196285.0, Max: 196285.0, Diff: 0.0]
   [Code Root Fixup: 0.0 ms]
   [Clear CT: 0.1 ms]
   [Other: 1.3 ms]
      [Choose CSet: 0.0 ms]
      [Ref Proc: 0.0 ms]
      [Ref Enq: 0.0 ms]
      [Free CSet: 0.2 ms]
   [Eden: 153.0M(153.0M)->0.0B(236.0M) Survivors: 33.0M->24.0M Heap: 1204.0M(2048.0M)->1087.0M(2048.0M)]
 [Times: user=0.36 sys=0.00, real=0.08 secs] 
196.286: [GC concurrent-root-region-scan-start]
196.311: [GC concurrent-root-region-scan-end, 0.0249687 secs]
196.311: [GC concurrent-mark-start]
196.490: [GC pause (young), 0.1372658 secs]
   [Parallel Time: 135.7 ms, GC Workers: 4]
      [GC Worker Start (ms): Min: 196490.3, Avg: 196490.3, Max: 196490.3, Diff: 0.0]
      [Ext Root Scanning (ms): Min: 0.9, Avg: 0.9, Max: 0.9, Diff: 0.0, Sum: 3.5]
      [SATB Filtering (ms): Min: 0.0, Avg: 0.7, Max: 2.7, Diff: 2.7, Sum: 2.7]
      [Update RS (ms): Min: 16.0, Avg: 18.0, Max: 18.7, Diff: 2.7, Sum: 72.0]
         [Processed Buffers: Min: 97, Avg: 109.8, Max: 118, Diff: 21, Sum: 439]
      [Scan RS (ms): Min: 0.1, Avg: 0.1, Max: 0.2, Diff: 0.1, Sum: 0.5]
      [Object Copy (ms): Min: 115.9, Avg: 116.0, Max: 116.0, Diff: 0.0, Sum: 463.8]
      [Termination (ms): Min: 0.0, Avg: 0.0, Max: 0.0, Diff: 0.0, Sum: 0.0]
      [GC Worker Other (ms): Min: 0.0, Avg: 0.0, Max: 0.0, Diff: 0.0, Sum: 0.1]
      [GC Worker Total (ms): Min: 135.6, Avg: 135.6, Max: 135.6, Diff: 0.0, Sum: 542.5]
      [GC Worker End (ms): Min: 196625.9, Avg: 196625.9, Max: 196625.9, Diff: 0.0]
   [Code Root Fixup: 0.0 ms]
   [Clear CT: 0.2 ms]
   [Other: 1.4 ms]
      [Choose CSet: 0.0 ms]
      [Ref Proc: 0.0 ms]
      [Ref Enq: 0.0 ms]
      [Free CSet: 0.2 ms]
   [Eden: 236.0M(236.0M)->0.0B(237.0M) Survivors: 24.0M->33.0M Heap: 1323.0M(2048.0M)->1205.0M(2048.0M)]
 [Times: user=0.50 sys=0.00, real=0.14 secs] 
196.819: [GC pause (young), 0.0607372 secs]
   [Parallel Time: 58.4 ms, GC Workers: 4]
      [GC Worker Start (ms): Min: 196818.9, Avg: 196818.9, Max: 196818.9, Diff: 0.0]
      [Ext Root Scanning (ms): Min: 0.9, Avg: 0.9, Max: 0.9, Diff: 0.0, Sum: 3.6]
      [SATB Filtering (ms): Min: 0.0, Avg: 0.0, Max: 0.2, Diff: 0.2, Sum: 0.2]
      [Update RS (ms): Min: 21.3, Avg: 21.4, Max: 21.4, Diff: 0.2, Sum: 85.6]
         [Processed Buffers: Min: 117, Avg: 119.5, Max: 124, Diff: 7, Sum: 478]
      [Scan RS (ms): Min: 0.5, Avg: 0.5, Max: 0.5, Diff: 0.1, Sum: 1.9]
      [Object Copy (ms): Min: 35.3, Avg: 35.4, Max: 35.4, Diff: 0.1, Sum: 141.4]
      [Termination (ms): Min: 0.0, Avg: 0.0, Max: 0.0, Diff: 0.0, Sum: 0.0]
      [GC Worker Other (ms): Min: 0.0, Avg: 0.1, Max: 0.2, Diff: 0.2, Sum: 0.2]
      [GC Worker Total (ms): Min: 58.2, Avg: 58.2, Max: 58.4, Diff: 0.2, Sum: 232.9]
      [GC Worker End (ms): Min: 196877.1, Avg: 196877.1, Max: 196877.3, Diff: 0.2]
   [Code Root Fixup: 0.0 ms]
   [Clear CT: 0.1 ms]
   [Other: 2.2 ms]
      [Choose CSet: 0.0 ms]
      [Ref Proc: 1.4 ms]
      [Ref Enq: 0.0 ms]
      [Free CSet: 0.2 ms]
   [Eden: 237.0M(237.0M)->0.0B(429.0M) Survivors: 33.0M->11.0M Heap: 1442.0M(2048.0M)->1217.0M(2048.0M)]
 [Times: user=0.25 sys=0.00, real=0.06 secs] 
196.901: [GC concurrent-mark-end, 0.5902803 secs]
196.902: [GC remark 196.902: [GC ref-proc, 0.0011969 secs], 0.0025908 secs]
 [Times: user=0.00 sys=0.00, real=0.00 secs] 
196.905: [GC cleanup 1248M->531M(2048M), 0.0012832 secs]
 [Times: user=0.00 sys=0.00, real=0.00 secs] 
196.906: [GC concurrent-cleanup-start]
196.907: [GC concurrent-cleanup-end, 0.0010513 secs]
197.304: [GC pause (young), 0.2788885 secs]
   [Parallel Time: 276.5 ms, GC Workers: 4]
      [GC Worker Start (ms): Min: 197304.7, Avg: 197304.7, Max: 197304.7, Diff: 0.0]
      [Ext Root Scanning (ms): Min: 0.9, Avg: 0.9, Max: 0.9, Diff: 0.0, Sum: 3.5]
      [Update RS (ms): Min: 22.0, Avg: 22.0, Max: 22.0, Diff: 0.0, Sum: 87.9]
         [Processed Buffers: Min: 203, Avg: 230.5, Max: 258, Diff: 55, Sum: 922]
      [Scan RS (ms): Min: 0.1, Avg: 0.1, Max: 0.1, Diff: 0.0, Sum: 0.4]
      [Object Copy (ms): Min: 253.5, Avg: 253.5, Max: 253.5, Diff: 0.0, Sum: 1014.1]
      [Termination (ms): Min: 0.0, Avg: 0.0, Max: 0.0, Diff: 0.0, Sum: 0.0]
      [GC Worker Other (ms): Min: 0.0, Avg: 0.0, Max: 0.0, Diff: 0.0, Sum: 0.1]
      [GC Worker Total (ms): Min: 276.5, Avg: 276.5, Max: 276.5, Diff: 0.0, Sum: 1105.9]
      [GC Worker End (ms): Min: 197581.1, Avg: 197581.1, Max: 197581.1, Diff: 0.0]
   [Code Root Fixup: 0.0 ms]
   [Clear CT: 0.1 ms]
   [Other: 2.3 ms]
      [Choose CSet: 0.0 ms]
      [Ref Proc: 0.0 ms]
      [Ref Enq: 0.0 ms]
      [Free CSet: 0.3 ms]
   [Eden: 429.0M(429.0M)->0.0B(245.0M) Survivors: 11.0M->55.0M Heap: 929.0M(2048.0M)->797.0M(2048.0M)]
 [Times: user=1.11 sys=0.00, real=0.28 secs] 
197.917: [GC pause (young), 0.2349589 secs]
   [Parallel Time: 230.9 ms, GC Workers: 4]
      [GC Worker Start (ms): Min: 197917.2, Avg: 197917.2, Max: 197917.2, Diff: 0.0]
      [Ext Root Scanning (ms): Min: 0.9, Avg: 0.9, Max: 0.9, Diff: 0.0, Sum: 3.5]
      [Update RS (ms): Min: 18.1, Avg: 19.5, Max: 23.7, Diff: 5.7, Sum: 78.2]
         [Processed Buffers: Min: 129, Avg: 239.8, Max: 443, Diff: 314, Sum: 959]
      [Scan RS (ms): Min: 27.0, Avg: 31.2, Max: 32.7, Diff: 5.7, Sum: 124.8]
      [Object Copy (ms): Min: 179.2, Avg: 179.2, Max: 179.2, Diff: 0.1, Sum: 716.9]
      [Termination (ms): Min: 0.0, Avg: 0.0, Max: 0.0, Diff: 0.0, Sum: 0.0]
      [GC Worker Other (ms): Min: 0.0, Avg: 0.0, Max: 0.0, Diff: 0.0, Sum: 0.1]
      [GC Worker Total (ms): Min: 230.9, Avg: 230.9, Max: 230.9, Diff: 0.0, Sum: 923.4]
      [GC Worker End (ms): Min: 198148.1, Avg: 198148.1, Max: 198148.1, Diff: 0.0]
   [Code Root Fixup: 0.0 ms]
   [Clear CT: 0.2 ms]
   [Other: 3.9 ms]
      [Choose CSet: 0.0 ms]
      [Ref Proc: 1.2 ms]
      [Ref Enq: 0.0 ms]
      [Free CSet: 0.3 ms]
   [Eden: 229.0M(47.0M)->0.0B(199.0M) Survivors: 55.0M->13.0M Heap: 1026.0M(2048.0M)->950.0M(2048.0M)]
 [Times: user=0.89 sys=0.00, real=0.24 secs] 
198.480: [GC pause (young) (initial-mark), 0.0744182 secs]
   [Parallel Time: 73.0 ms, GC Workers: 4]
      [GC Worker Start (ms): Min: 198480.4, Avg: 198480.4, Max: 198480.4, Diff: 0.0]
      [Ext Root Scanning (ms): Min: 0.8, Avg: 0.9, Max: 0.9, Diff: 0.0, Sum: 3.5]
      [Update RS (ms): Min: 17.9, Avg: 18.0, Max: 18.0, Diff: 0.1, Sum: 71.9]
         [Processed Buffers: Min: 220, Avg: 237.0, Max: 256, Diff: 36, Sum: 948]
      [Scan RS (ms): Min: 3.2, Avg: 3.2, Max: 3.2, Diff: 0.1, Sum: 12.7]
      [Object Copy (ms): Min: 50.8, Avg: 50.9, Max: 50.9, Diff: 0.1, Sum: 203.5]
      [Termination (ms): Min: 0.0, Avg: 0.0, Max: 0.0, Diff: 0.0, Sum: 0.0]
      [GC Worker Other (ms): Min: 0.0, Avg: 0.0, Max: 0.0, Diff: 0.0, Sum: 0.0]
      [GC Worker Total (ms): Min: 72.9, Avg: 72.9, Max: 72.9, Diff: 0.0, Sum: 291.6]
      [GC Worker End (ms): Min: 198553.3, Avg: 198553.3, Max: 198553.3, Diff: 0.0]
   [Code Root Fixup: 0.0 ms]
   [Clear CT: 0.1 ms]
   [Other: 1.3 ms]
      [Choose CSet: 0.0 ms]
      [Ref Proc: 0.0 ms]
      [Ref Enq: 0.0 ms]
      [Free CSet: 0.2 ms]
   [Eden: 199.0M(199.0M)->0.0B(240.0M) Survivors: 13.0M->27.0M Heap: 1149.0M(2048.0M)->1000.5M(2048.0M)]
 [Times: user=0.30 sys=0.00, real=0.08 secs] 
198.555: [GC concurrent-root-region-scan-start]
198.584: [GC concurrent-root-region-scan-end, 0.0290915 secs]
198.584: [GC concurrent-mark-start]
198.753: [GC pause (young), 0.1178728 secs]
   [Parallel Time: 116.4 ms, GC Workers: 4]
      [GC Worker Start (ms): Min: 198753.2, Avg: 198753.2, Max: 198753.2, Diff: 0.0]
      [Ext Root Scanning (ms): Min: 0.9, Avg: 1.0, Max: 1.0, Diff: 0.1, Sum: 3.8]
      [SATB Filtering (ms): Min: 0.0, Avg: 0.7, Max: 2.8, Diff: 2.8, Sum: 2.8]
      [Update RS (ms): Min: 16.9, Avg: 19.0, Max: 19.7, Diff: 2.8, Sum: 76.1]
         [Processed Buffers: Min: 108, Avg: 117.5, Max: 126, Diff: 18, Sum: 470]
      [Scan RS (ms): Min: 0.1, Avg: 0.1, Max: 0.1, Diff: 0.0, Sum: 0.4]
      [Object Copy (ms): Min: 82.5, Avg: 85.6, Max: 94.5, Diff: 12.0, Sum: 342.2]
      [Termination (ms): Min: 0.0, Avg: 9.5, Max: 13.0, Diff: 13.0, Sum: 38.0]
      [GC Worker Other (ms): Min: 0.0, Avg: 0.0, Max: 0.0, Diff: 0.0, Sum: 0.0]
      [GC Worker Total (ms): Min: 115.4, Avg: 115.9, Max: 116.4, Diff: 1.1, Sum: 463.4]
      [GC Worker End (ms): Min: 198868.5, Avg: 198869.0, Max: 198869.6, Diff: 1.0]
   [Code Root Fixup: 0.0 ms]
   [Clear CT: 0.1 ms]
   [Other: 1.3 ms]
      [Choose CSet: 0.0 ms]
      [Ref Proc: 0.4 ms]
      [Ref Enq: 0.0 ms]
      [Free CSet: 0.2 ms]
   [Eden: 240.0M(240.0M)->0.0B(238.0M) Survivors: 27.0M->34.0M Heap: 1240.5M(2048.0M)->1074.5M(2048.0M)]
 [Times: user=0.37 sys=0.02, real=0.12 secs] 
199.058: [GC pause (young), 0.1041418 secs]
   [Parallel Time: 101.5 ms, GC Workers: 4]
      [GC Worker Start (ms): Min: 199058.4, Avg: 199061.9, Max: 199072.0, Diff: 13.6]
      [Ext Root Scanning (ms): Min: 0.1, Avg: 0.9, Max: 1.2, Diff: 1.1, Sum: 3.6]
      [SATB Filtering (ms): Min: 0.0, Avg: 0.3, Max: 1.4, Diff: 1.4, Sum: 1.4]
      [Update RS (ms): Min: 21.2, Avg: 30.2, Max: 33.6, Diff: 12.4, Sum: 120.7]
         [Processed Buffers: Min: 109, Avg: 154.5, Max: 172, Diff: 63, Sum: 618]
      [Scan RS (ms): Min: 0.0, Avg: 0.1, Max: 0.1, Diff: 0.1, Sum: 0.3]
      [Object Copy (ms): Min: 60.3, Avg: 61.9, Max: 66.5, Diff: 6.2, Sum: 247.6]
      [Termination (ms): Min: 0.0, Avg: 4.6, Max: 6.2, Diff: 6.2, Sum: 18.4]
      [GC Worker Other (ms): Min: 0.0, Avg: 0.0, Max: 0.0, Diff: 0.0, Sum: 0.0]
      [GC Worker Total (ms): Min: 87.9, Avg: 98.0, Max: 101.4, Diff: 13.6, Sum: 392.0]
      [GC Worker End (ms): Min: 199159.9, Avg: 199159.9, Max: 199159.9, Diff: 0.0]
   [Code Root Fixup: 0.0 ms]
   [Clear CT: 0.1 ms]
   [Other: 2.5 ms]
      [Choose CSet: 0.0 ms]
      [Ref Proc: 1.6 ms]
      [Ref Enq: 0.0 ms]
      [Free CSet: 0.2 ms]
   [Eden: 238.0M(238.0M)->0.0B(287.0M) Survivors: 34.0M->34.0M Heap: 1312.5M(2048.0M)->1110.0M(2048.0M)]
 [Times: user=0.34 sys=0.00, real=0.10 secs] 
199.242: [GC concurrent-mark-end, 0.6584291 secs]
199.242: [GC remark 199.243: [GC ref-proc, 0.0012152 secs], 0.0028085 secs]
 [Times: user=0.00 sys=0.00, real=0.00 secs] 
199.245: [GC cleanup 1216M->593M(2048M), 0.0012893 secs]
 [Times: user=0.00 sys=0.00, real=0.00 secs] 
199.247: [GC concurrent-cleanup-start]
199.248: [GC concurrent-cleanup-end, 0.0007174 secs]
199.420: [GC pause (young), 0.1676681 secs]
   [Parallel Time: 164.7 ms, GC Workers: 4]
      [GC Worker Start (ms): Min: 199420.6, Avg: 199420.6, Max: 199420.6, Diff: 0.0]
      [Ext Root Scanning (ms): Min: 1.2, Avg: 1.2, Max: 1.3, Diff: 0.1, Sum: 4.9]
      [Update RS (ms): Min: 19.5, Avg: 19.5, Max: 19.6, Diff: 0.1, Sum: 78.2]
         [Processed Buffers: Min: 111, Avg: 114.5, Max: 120, Diff: 9, Sum: 458]
      [Scan RS (ms): Min: 0.0, Avg: 0.1, Max: 0.1, Diff: 0.0, Sum: 0.3]
      [Object Copy (ms): Min: 143.7, Avg: 143.8, Max: 143.8, Diff: 0.1, Sum: 575.1]
      [Termination (ms): Min: 0.0, Avg: 0.0, Max: 0.0, Diff: 0.0, Sum: 0.0]
      [GC Worker Other (ms): Min: 0.0, Avg: 0.0, Max: 0.0, Diff: 0.0, Sum: 0.1]
      [GC Worker Total (ms): Min: 164.6, Avg: 164.6, Max: 164.7, Diff: 0.0, Sum: 658.6]
      [GC Worker End (ms): Min: 199585.2, Avg: 199585.2, Max: 199585.2, Diff: 0.0]
   [Code Root Fixup: 0.0 ms]
   [Clear CT: 0.2 ms]
   [Other: 2.7 ms]
      [Choose CSet: 0.0 ms]
      [Ref Proc: 1.3 ms]
      [Ref Enq: 0.0 ms]
      [Free CSet: 0.3 ms]
   [Eden: 287.0M(287.0M)->0.0B(267.0M) Survivors: 34.0M->41.0M Heap: 774.0M(2048.0M)->630.0M(2048.0M)]
 [Times: user=0.61 sys=0.00, real=0.17 secs] 
199.849: [GC pause (young), 0.1586680 secs]
   [Parallel Time: 156.9 ms, GC Workers: 4]
      [GC Worker Start (ms): Min: 199849.6, Avg: 199849.6, Max: 199849.6, Diff: 0.0]
      [Ext Root Scanning (ms): Min: 1.1, Avg: 1.4, Max: 2.1, Diff: 1.0, Sum: 5.5]
      [Update RS (ms): Min: 22.6, Avg: 23.2, Max: 24.4, Diff: 1.8, Sum: 92.7]
         [Processed Buffers: Min: 170, Avg: 186.8, Max: 209, Diff: 39, Sum: 747]
      [Scan RS (ms): Min: 0.0, Avg: 0.9, Max: 1.3, Diff: 1.3, Sum: 3.4]
      [Object Copy (ms): Min: 131.2, Avg: 131.4, Max: 131.5, Diff: 0.2, Sum: 525.5]
      [Termination (ms): Min: 0.0, Avg: 0.0, Max: 0.0, Diff: 0.0, Sum: 0.0]
      [GC Worker Other (ms): Min: 0.0, Avg: 0.0, Max: 0.1, Diff: 0.1, Sum: 0.1]
      [GC Worker Total (ms): Min: 156.8, Avg: 156.8, Max: 156.9, Diff: 0.0, Sum: 627.3]
      [GC Worker End (ms): Min: 200006.4, Avg: 200006.5, Max: 200006.5, Diff: 0.1]
   [Code Root Fixup: 0.0 ms]
   [Clear CT: 0.1 ms]
   [Other: 1.7 ms]
      [Choose CSet: 0.0 ms]
      [Ref Proc: 0.0 ms]
      [Ref Enq: 0.0 ms]
      [Free CSet: 0.2 ms]
   [Eden: 267.0M(267.0M)->0.0B(278.0M) Survivors: 41.0M->39.0M Heap: 897.0M(2048.0M)->743.5M(2048.0M)]
 [Times: user=0.61 sys=0.00, real=0.16 secs] 
200.275: [GC pause (young), 0.1516539 secs]
   [Parallel Time: 150.0 ms, GC Workers: 4]
      [GC Worker Start (ms): Min: 200275.6, Avg: 200275.6, Max: 200275.6, Diff: 0.0]
      [Ext Root Scanning (ms): Min: 1.1, Avg: 3.9, Max: 12.1, Diff: 11.0, Sum: 15.5]
      [Update RS (ms): Min: 11.2, Avg: 21.6, Max: 31.2, Diff: 20.1, Sum: 86.5]
         [Processed Buffers: Min: 97, Avg: 184.0, Max: 279, Diff: 182, Sum: 736]
      [Scan RS (ms): Min: 0.0, Avg: 1.9, Max: 2.5, Diff: 2.5, Sum: 7.6]
      [Object Copy (ms): Min: 117.5, Avg: 122.5, Max: 124.3, Diff: 6.8, Sum: 490.1]
      [Termination (ms): Min: 0.0, Avg: 0.0, Max: 0.0, Diff: 0.0, Sum: 0.0]
      [GC Worker Other (ms): Min: 0.0, Avg: 0.0, Max: 0.0, Diff: 0.0, Sum: 0.1]
      [GC Worker Total (ms): Min: 149.9, Avg: 149.9, Max: 149.9, Diff: 0.0, Sum: 599.7]
      [GC Worker End (ms): Min: 200425.6, Avg: 200425.6, Max: 200425.6, Diff: 0.0]
   [Code Root Fixup: 0.0 ms]
   [Clear CT: 0.2 ms]
   [Other: 1.5 ms]
      [Choose CSet: 0.0 ms]
      [Ref Proc: 0.0 ms]
      [Ref Enq: 0.0 ms]
      [Free CSet: 0.3 ms]
   [Eden: 278.0M(278.0M)->0.0B(289.0M) Survivors: 39.0M->40.0M Heap: 1021.5M(2048.0M)->850.0M(2048.0M)]
 [Times: user=0.56 sys=0.00, real=0.15 secs] 
200.707: [GC pause (young), 0.1647085 secs]
   [Parallel Time: 162.9 ms, GC Workers: 4]
      [GC Worker Start (ms): Min: 200707.1, Avg: 200707.1, Max: 200707.1, Diff: 0.0]
      [Ext Root Scanning (ms): Min: 1.2, Avg: 7.1, Max: 25.0, Diff: 23.8, Sum: 28.5]
      [Update RS (ms): Min: 0.4, Avg: 21.6, Max: 30.1, Diff: 29.8, Sum: 86.2]
         [Processed Buffers: Min: 52, Avg: 167.8, Max: 270, Diff: 218, Sum: 671]
      [Scan RS (ms): Min: 0.0, Avg: 1.3, Max: 4.3, Diff: 4.3, Sum: 5.4]
      [Object Copy (ms): Min: 131.5, Avg: 132.8, Max: 133.3, Diff: 1.8, Sum: 531.2]
      [Termination (ms): Min: 0.0, Avg: 0.0, Max: 0.0, Diff: 0.0, Sum: 0.0]
      [GC Worker Other (ms): Min: 0.0, Avg: 0.0, Max: 0.0, Diff: 0.0, Sum: 0.1]
      [GC Worker Total (ms): Min: 162.8, Avg: 162.8, Max: 162.9, Diff: 0.0, Sum: 651.4]
      [GC Worker End (ms): Min: 200870.0, Avg: 200870.0, Max: 200870.0, Diff: 0.0]
   [Code Root Fixup: 0.0 ms]
   [Clear CT: 0.3 ms]
   [Other: 1.6 ms]
      [Choose CSet: 0.0 ms]
      [Ref Proc: 0.0 ms]
      [Ref Enq: 0.0 ms]
      [Free CSet: 0.3 ms]
   [Eden: 289.0M(289.0M)->0.0B(279.0M) Survivors: 40.0M->42.0M Heap: 1139.0M(2048.0M)->972.0M(2048.0M)]
 [Times: user=0.59 sys=0.00, real=0.17 secs] 
201.167: [GC pause (young) (initial-mark), 0.1619708 secs]
   [Parallel Time: 148.5 ms, GC Workers: 4]
      [GC Worker Start (ms): Min: 201167.0, Avg: 201167.0, Max: 201167.0, Diff: 0.0]
      [Ext Root Scanning (ms): Min: 0.9, Avg: 0.9, Max: 0.9, Diff: 0.0, Sum: 3.5]
      [Update RS (ms): Min: 15.9, Avg: 15.9, Max: 15.9, Diff: 0.0, Sum: 63.5]
         [Processed Buffers: Min: 152, Avg: 174.0, Max: 186, Diff: 34, Sum: 696]
      [Scan RS (ms): Min: 1.2, Avg: 1.2, Max: 1.3, Diff: 0.1, Sum: 4.9]
      [Object Copy (ms): Min: 121.5, Avg: 123.7, Max: 130.2, Diff: 8.7, Sum: 494.9]
      [Termination (ms): Min: 0.0, Avg: 6.6, Max: 9.0, Diff: 9.0, Sum: 26.3]
      [GC Worker Other (ms): Min: 0.0, Avg: 0.0, Max: 0.0, Diff: 0.0, Sum: 0.0]
      [GC Worker Total (ms): Min: 148.2, Avg: 148.3, Max: 148.5, Diff: 0.3, Sum: 593.1]
      [GC Worker End (ms): Min: 201315.2, Avg: 201315.3, Max: 201315.5, Diff: 0.3]
   [Code Root Fixup: 0.0 ms]
   [Clear CT: 0.1 ms]
   [Other: 13.4 ms]
      [Choose CSet: 0.0 ms]
      [Ref Proc: 11.7 ms]
      [Ref Enq: 0.0 ms]
      [Free CSet: 0.2 ms]
   [Eden: 279.0M(279.0M)->0.0B(299.0M) Survivors: 42.0M->41.0M Heap: 1251.0M(2048.0M)->1084.5M(2048.0M)]
 [Times: user=0.58 sys=0.00, real=0.16 secs] 
201.329: [GC concurrent-root-region-scan-start]
201.457: [GC concurrent-root-region-scan-end, 0.1279700 secs]
201.457: [GC concurrent-mark-start]
201.710: [GC pause (young), 0.1320877 secs]
   [Parallel Time: 130.2 ms, GC Workers: 4]
      [GC Worker Start (ms): Min: 201710.9, Avg: 201710.9, Max: 201710.9, Diff: 0.0]
      [Ext Root Scanning (ms): Min: 1.2, Avg: 3.7, Max: 11.2, Diff: 10.0, Sum: 14.7]
      [SATB Filtering (ms): Min: 0.0, Avg: 0.8, Max: 3.2, Diff: 3.2, Sum: 3.2]
      [Update RS (ms): Min: 11.0, Avg: 17.9, Max: 22.0, Diff: 11.0, Sum: 71.7]
         [Processed Buffers: Min: 163, Avg: 172.5, Max: 180, Diff: 17, Sum: 690]
      [Scan RS (ms): Min: 0.0, Avg: 0.3, Max: 0.4, Diff: 0.4, Sum: 1.0]
      [Object Copy (ms): Min: 106.9, Avg: 107.4, Max: 107.6, Diff: 0.7, Sum: 429.5]
      [Termination (ms): Min: 0.0, Avg: 0.1, Max: 0.2, Diff: 0.2, Sum: 0.4]
      [GC Worker Other (ms): Min: 0.0, Avg: 0.0, Max: 0.0, Diff: 0.0, Sum: 0.0]
      [GC Worker Total (ms): Min: 130.1, Avg: 130.1, Max: 130.2, Diff: 0.1, Sum: 520.5]
      [GC Worker End (ms): Min: 201841.0, Avg: 201841.0, Max: 201841.0, Diff: 0.1]
   [Code Root Fixup: 0.0 ms]
   [Clear CT: 0.1 ms]
   [Other: 1.7 ms]
      [Choose CSet: 0.0 ms]
      [Ref Proc: 0.0 ms]
      [Ref Enq: 0.0 ms]
      [Free CSet: 0.4 ms]
   [Eden: 299.0M(299.0M)->0.0B(338.0M) Survivors: 41.0M->43.0M Heap: 1383.5M(2048.0M)->1170.5M(2048.0M)]
 [Times: user=0.52 sys=0.00, real=0.13 secs] 
202.097: [GC concurrent-mark-end, 0.6403838 secs]
202.102: [GC remark 202.103: [GC ref-proc, 0.0013207 secs], 0.0030927 secs]
 [Times: user=0.02 sys=0.00, real=0.00 secs] 
202.105: [GC cleanup 1470M->914M(2048M), 0.0016956 secs]
 [Times: user=0.00 sys=0.00, real=0.00 secs] 
202.107: [GC concurrent-cleanup-start]
202.108: [GC concurrent-cleanup-end, 0.0007338 secs]
202.137: [GC pause (young), 0.1225011 secs]
   [Parallel Time: 121.0 ms, GC Workers: 4]
      [GC Worker Start (ms): Min: 202137.3, Avg: 202138.7, Max: 202142.7, Diff: 5.4]
      [Ext Root Scanning (ms): Min: 0.1, Avg: 7.0, Max: 24.8, Diff: 24.7, Sum: 28.2]
      [Update RS (ms): Min: 3.6, Avg: 21.3, Max: 30.8, Diff: 27.2, Sum: 85.2]
         [Processed Buffers: Min: 64, Avg: 135.8, Max: 191, Diff: 127, Sum: 543]
      [Scan RS (ms): Min: 0.0, Avg: 0.6, Max: 1.5, Diff: 1.5, Sum: 2.6]
      [Object Copy (ms): Min: 88.5, Avg: 90.7, Max: 91.6, Diff: 3.1, Sum: 362.6]
      [Termination (ms): Min: 0.0, Avg: 0.0, Max: 0.0, Diff: 0.0, Sum: 0.0]
      [GC Worker Other (ms): Min: 0.0, Avg: 0.0, Max: 0.0, Diff: 0.0, Sum: 0.1]
      [GC Worker Total (ms): Min: 115.6, Avg: 119.7, Max: 121.0, Diff: 5.4, Sum: 478.6]
      [GC Worker End (ms): Min: 202258.3, Avg: 202258.3, Max: 202258.3, Diff: 0.0]
   [Code Root Fixup: 0.0 ms]
   [Clear CT: 0.1 ms]
   [Other: 1.4 ms]
      [Choose CSet: 0.0 ms]
      [Ref Proc: 0.1 ms]
      [Ref Enq: 0.0 ms]
      [Free CSet: 0.3 ms]
   [Eden: 338.0M(338.0M)->0.0B(54.0M) Survivors: 43.0M->48.0M Heap: 952.5M(2048.0M)->665.5M(2048.0M)]
 [Times: user=0.39 sys=0.00, real=0.12 secs] 
202.303: [GC pause (mixed), 0.1055203 secs]
   [Parallel Time: 104.1 ms, GC Workers: 4]
      [GC Worker Start (ms): Min: 202303.5, Avg: 202303.6, Max: 202303.6, Diff: 0.0]
      [Ext Root Scanning (ms): Min: 1.1, Avg: 9.3, Max: 33.8, Diff: 32.7, Sum: 37.2]
      [Update RS (ms): Min: 1.0, Avg: 33.4, Max: 65.6, Diff: 64.6, Sum: 133.6]
         [Processed Buffers: Min: 6, Avg: 139.3, Max: 188, Diff: 182, Sum: 557]
      [Scan RS (ms): Min: 0.0, Avg: 1.2, Max: 1.7, Diff: 1.7, Sum: 4.8]
      [Object Copy (ms): Min: 37.2, Avg: 60.0, Max: 67.7, Diff: 30.5, Sum: 240.0]
      [Termination (ms): Min: 0.0, Avg: 0.1, Max: 0.1, Diff: 0.1, Sum: 0.3]
      [GC Worker Other (ms): Min: 0.0, Avg: 0.0, Max: 0.0, Diff: 0.0, Sum: 0.0]
      [GC Worker Total (ms): Min: 104.0, Avg: 104.0, Max: 104.0, Diff: 0.1, Sum: 416.0]
      [GC Worker End (ms): Min: 202407.5, Avg: 202407.5, Max: 202407.6, Diff: 0.1]
   [Code Root Fixup: 0.0 ms]
   [Clear CT: 0.2 ms]
   [Other: 1.2 ms]
      [Choose CSet: 0.0 ms]
      [Ref Proc: 0.4 ms]
      [Ref Enq: 0.0 ms]
      [Free CSet: 0.3 ms]
   [Eden: 54.0M(54.0M)->0.0B(469.0M) Survivors: 48.0M->13.0M Heap: 719.5M(2048.0M)->620.0M(2048.0M)]
 [Times: user=0.31 sys=0.00, real=0.11 secs] 
202.850: [GC pause (young), 0.2600116 secs]
   [Parallel Time: 257.6 ms, GC Workers: 4]
      [GC Worker Start (ms): Min: 202850.1, Avg: 202850.1, Max: 202850.1, Diff: 0.0]
      [Ext Root Scanning (ms): Min: 1.1, Avg: 3.9, Max: 12.3, Diff: 11.1, Sum: 15.7]
      [Update RS (ms): Min: 13.0, Avg: 21.2, Max: 24.0, Diff: 11.0, Sum: 84.7]
         [Processed Buffers: Min: 67, Avg: 108.8, Max: 126, Diff: 59, Sum: 435]
      [Scan RS (ms): Min: 0.1, Avg: 0.1, Max: 0.2, Diff: 0.1, Sum: 0.5]
      [Object Copy (ms): Min: 232.3, Avg: 232.4, Max: 232.4, Diff: 0.1, Sum: 929.4]
      [Termination (ms): Min: 0.0, Avg: 0.0, Max: 0.0, Diff: 0.0, Sum: 0.0]
      [GC Worker Other (ms): Min: 0.0, Avg: 0.0, Max: 0.0, Diff: 0.0, Sum: 0.1]
      [GC Worker Total (ms): Min: 257.6, Avg: 257.6, Max: 257.6, Diff: 0.0, Sum: 1030.4]
      [GC Worker End (ms): Min: 203107.7, Avg: 203107.7, Max: 203107.7, Diff: 0.0]
   [Code Root Fixup: 0.0 ms]
   [Clear CT: 0.2 ms]
   [Other: 2.2 ms]
      [Choose CSet: 0.0 ms]
      [Ref Proc: 0.3 ms]
      [Ref Enq: 0.0 ms]
      [Free CSet: 0.3 ms]
   [Eden: 469.0M(469.0M)->0.0B(223.0M) Survivors: 13.0M->61.0M Heap: 1089.0M(2048.0M)->905.5M(2048.0M)]
 [Times: user=1.00 sys=0.00, real=0.26 secs] 
203.410: [GC pause (young), 0.1925598 secs]
   [Parallel Time: 190.1 ms, GC Workers: 4]
      [GC Worker Start (ms): Min: 203410.5, Avg: 203410.5, Max: 203410.5, Diff: 0.0]
      [Ext Root Scanning (ms): Min: 0.2, Avg: 0.9, Max: 1.2, Diff: 1.0, Sum: 3.7]
      [Update RS (ms): Min: 7.7, Avg: 20.5, Max: 40.5, Diff: 32.8, Sum: 82.0]
         [Processed Buffers: Min: 110, Avg: 255.5, Max: 400, Diff: 290, Sum: 1022]
      [Scan RS (ms): Min: 42.9, Avg: 43.0, Max: 43.1, Diff: 0.3, Sum: 172.0]
      [Object Copy (ms): Min: 105.4, Avg: 125.5, Max: 138.8, Diff: 33.4, Sum: 502.1]
      [Termination (ms): Min: 0.0, Avg: 0.1, Max: 0.2, Diff: 0.2, Sum: 0.5]
      [GC Worker Other (ms): Min: 0.0, Avg: 0.0, Max: 0.0, Diff: 0.0, Sum: 0.0]
      [GC Worker Total (ms): Min: 190.0, Avg: 190.1, Max: 190.1, Diff: 0.1, Sum: 760.2]
      [GC Worker End (ms): Min: 203600.5, Avg: 203600.6, Max: 203600.6, Diff: 0.1]
   [Code Root Fixup: 0.0 ms]
   [Clear CT: 0.1 ms]
   [Other: 2.3 ms]
      [Choose CSet: 0.0 ms]
      [Ref Proc: 0.0 ms]
      [Ref Enq: 0.0 ms]
      [Free CSet: 0.2 ms]
   [Eden: 211.0M(41.0M)->0.0B(217.0M) Survivors: 61.0M->13.0M Heap: 1116.5M(2048.0M)->975.0M(2048.0M)]
 [Times: user=0.61 sys=0.00, real=0.19 secs] 
203.953: [GC pause (young) (initial-mark), 0.1250848 secs]
   [Parallel Time: 121.8 ms, GC Workers: 4]
      [GC Worker Start (ms): Min: 203954.0, Avg: 203954.4, Max: 203955.1, Diff: 1.1]
      [Ext Root Scanning (ms): Min: 0.4, Avg: 1.0, Max: 1.3, Diff: 0.9, Sum: 3.9]
      [Update RS (ms): Min: 12.6, Avg: 12.7, Max: 12.9, Diff: 0.3, Sum: 50.9]
         [Processed Buffers: Min: 77, Avg: 229.5, Max: 286, Diff: 209, Sum: 918]
      [Scan RS (ms): Min: 2.9, Avg: 3.2, Max: 3.3, Diff: 0.4, Sum: 12.7]
      [Object Copy (ms): Min: 104.4, Avg: 104.5, Max: 104.6, Diff: 0.2, Sum: 418.1]
      [Termination (ms): Min: 0.0, Avg: 0.0, Max: 0.0, Diff: 0.0, Sum: 0.0]
      [GC Worker Other (ms): Min: 0.0, Avg: 0.0, Max: 0.0, Diff: 0.0, Sum: 0.1]
      [GC Worker Total (ms): Min: 120.7, Avg: 121.4, Max: 121.8, Diff: 1.1, Sum: 485.6]
      [GC Worker End (ms): Min: 204075.8, Avg: 204075.8, Max: 204075.8, Diff: 0.0]
   [Code Root Fixup: 0.0 ms]
   [Clear CT: 0.1 ms]
   [Other: 3.2 ms]
      [Choose CSet: 0.0 ms]
      [Ref Proc: 1.4 ms]
      [Ref Enq: 0.0 ms]
      [Free CSet: 0.2 ms]
   [Eden: 217.0M(217.0M)->0.0B(209.0M) Survivors: 13.0M->29.0M Heap: 1192.0M(2048.0M)->1080.5M(2048.0M)]
 [Times: user=0.45 sys=0.00, real=0.13 secs] 
204.078: [GC concurrent-root-region-scan-start]
204.138: [GC concurrent-root-region-scan-end, 0.0593806 secs]
204.138: [GC concurrent-mark-start]
204.310: [GC pause (young), 0.0749044 secs]
   [Parallel Time: 73.8 ms, GC Workers: 4]
      [GC Worker Start (ms): Min: 204310.6, Avg: 204319.1, Max: 204344.3, Diff: 33.7]
      [Ext Root Scanning (ms): Min: 0.1, Avg: 0.9, Max: 1.2, Diff: 1.2, Sum: 3.8]
      [SATB Filtering (ms): Min: 0.0, Avg: 0.1, Max: 0.3, Diff: 0.3, Sum: 0.3]
      [Update RS (ms): Min: 0.0, Avg: 14.9, Max: 19.9, Diff: 19.9, Sum: 59.5]
         [Processed Buffers: Min: 0, Avg: 92.0, Max: 130, Diff: 130, Sum: 368]
      [Scan RS (ms): Min: 0.0, Avg: 2.8, Max: 3.8, Diff: 3.8, Sum: 11.4]
      [Object Copy (ms): Min: 40.0, Avg: 46.6, Max: 48.9, Diff: 8.9, Sum: 186.6]
      [Termination (ms): Min: 0.0, Avg: 0.0, Max: 0.0, Diff: 0.0, Sum: 0.0]
      [GC Worker Other (ms): Min: 0.0, Avg: 0.0, Max: 0.0, Diff: 0.0, Sum: 0.1]
      [GC Worker Total (ms): Min: 40.1, Avg: 65.4, Max: 73.8, Diff: 33.7, Sum: 261.5]
      [GC Worker End (ms): Min: 204384.4, Avg: 204384.4, Max: 204384.4, Diff: 0.0]
   [Code Root Fixup: 0.0 ms]
   [Clear CT: 0.1 ms]
   [Other: 1.0 ms]
      [Choose CSet: 0.0 ms]
      [Ref Proc: 0.0 ms]
      [Ref Enq: 0.0 ms]
      [Free CSet: 0.2 ms]
   [Eden: 209.0M(209.0M)->0.0B(343.0M) Survivors: 29.0M->18.0M Heap: 1289.5M(2048.0M)->1099.5M(2048.0M)]
 [Times: user=0.23 sys=0.00, real=0.08 secs] 
204.637: [GC concurrent-mark-end, 0.4989968 secs]
204.637: [GC remark 204.638: [GC ref-proc, 0.0011992 secs], 0.0028281 secs]
 [Times: user=0.00 sys=0.00, real=0.00 secs] 
204.641: [GC cleanup 1418M->723M(2048M), 0.0012370 secs]
 [Times: user=0.00 sys=0.00, real=0.00 secs] 
204.642: [GC concurrent-cleanup-start]
204.643: [GC concurrent-cleanup-end, 0.0007983 secs]
204.668: [GC pause (young), 0.0852056 secs]
   [Parallel Time: 84.1 ms, GC Workers: 4]
      [GC Worker Start (ms): Min: 204668.1, Avg: 204669.0, Max: 204671.5, Diff: 3.4]
      [Ext Root Scanning (ms): Min: 0.1, Avg: 0.9, Max: 1.1, Diff: 1.1, Sum: 3.5]
      [Update RS (ms): Min: 18.3, Avg: 20.1, Max: 20.7, Diff: 2.3, Sum: 80.2]
         [Processed Buffers: Min: 188, Avg: 222.3, Max: 241, Diff: 53, Sum: 889]
      [Scan RS (ms): Min: 0.1, Avg: 0.1, Max: 0.1, Diff: 0.0, Sum: 0.4]
      [Object Copy (ms): Min: 62.1, Avg: 62.2, Max: 62.2, Diff: 0.1, Sum: 248.9]
      [Termination (ms): Min: 0.0, Avg: 0.0, Max: 0.0, Diff: 0.0, Sum: 0.1]
      [GC Worker Other (ms): Min: 0.0, Avg: 0.0, Max: 0.0, Diff: 0.0, Sum: 0.0]
      [GC Worker Total (ms): Min: 80.7, Avg: 83.3, Max: 84.1, Diff: 3.4, Sum: 333.0]
      [GC Worker End (ms): Min: 204752.2, Avg: 204752.2, Max: 204752.2, Diff: 0.0]
   [Code Root Fixup: 0.0 ms]
   [Clear CT: 0.2 ms]
   [Other: 0.9 ms]
      [Choose CSet: 0.0 ms]
      [Ref Proc: 0.0 ms]
      [Ref Enq: 0.0 ms]
      [Free CSet: 0.3 ms]
   [Eden: 343.0M(343.0M)->0.0B(337.0M) Survivors: 18.0M->46.0M Heap: 747.5M(2048.0M)->467.0M(2048.0M)]
 [Times: user=0.31 sys=0.00, real=0.08 secs] 
205.071: [GC pause (young), 0.2770771 secs]
   [Parallel Time: 274.5 ms, GC Workers: 4]
      [GC Worker Start (ms): Min: 205071.5, Avg: 205071.5, Max: 205071.5, Diff: 0.0]
      [Ext Root Scanning (ms): Min: 0.2, Avg: 1.1, Max: 1.5, Diff: 1.2, Sum: 4.5]
      [Update RS (ms): Min: 0.0, Avg: 12.9, Max: 17.2, Diff: 17.2, Sum: 51.5]
         [Processed Buffers: Min: 0, Avg: 68.5, Max: 92, Diff: 92, Sum: 274]
      [Scan RS (ms): Min: 0.0, Avg: 0.1, Max: 0.2, Diff: 0.1, Sum: 0.4]
      [Object Copy (ms): Min: 240.2, Avg: 248.8, Max: 274.0, Diff: 33.7, Sum: 995.3]
      [Termination (ms): Min: 0.0, Avg: 11.3, Max: 15.3, Diff: 15.3, Sum: 45.2]
      [GC Worker Other (ms): Min: 0.0, Avg: 0.0, Max: 0.0, Diff: 0.0, Sum: 0.0]
      [GC Worker Total (ms): Min: 274.2, Avg: 274.2, Max: 274.3, Diff: 0.0, Sum: 1097.0]
      [GC Worker End (ms): Min: 205345.8, Avg: 205345.8, Max: 205345.8, Diff: 0.0]
   [Code Root Fixup: 0.0 ms]
   [Clear CT: 0.1 ms]
   [Other: 2.5 ms]
      [Choose CSet: 0.0 ms]
      [Ref Proc: 0.4 ms]
      [Ref Enq: 0.0 ms]
      [Free CSet: 0.3 ms]
   [Eden: 337.0M(337.0M)->0.0B(229.0M) Survivors: 46.0M->48.0M Heap: 804.0M(2048.0M)->712.5M(2048.0M)]
 [Times: user=0.97 sys=0.00, real=0.28 secs] 
205.687: [GC pause (young), 0.1215207 secs]
   [Parallel Time: 118.9 ms, GC Workers: 4]
      [GC Worker Start (ms): Min: 205687.0, Avg: 205688.5, Max: 205692.9, Diff: 5.9]
      [Ext Root Scanning (ms): Min: 0.1, Avg: 1.2, Max: 1.6, Diff: 1.5, Sum: 4.7]
      [Update RS (ms): Min: 10.5, Avg: 13.7, Max: 14.8, Diff: 4.3, Sum: 55.0]
         [Processed Buffers: Min: 129, Avg: 159.3, Max: 183, Diff: 54, Sum: 637]
      [Scan RS (ms): Min: 17.2, Avg: 18.2, Max: 21.0, Diff: 3.9, Sum: 72.6]
      [Object Copy (ms): Min: 80.7, Avg: 83.6, Max: 84.6, Diff: 3.9, Sum: 334.3]
      [Termination (ms): Min: 0.0, Avg: 0.0, Max: 0.0, Diff: 0.0, Sum: 0.0]
      [GC Worker Other (ms): Min: 0.0, Avg: 0.1, Max: 0.1, Diff: 0.1, Sum: 0.2]
      [GC Worker Total (ms): Min: 112.3, Avg: 116.7, Max: 118.3, Diff: 6.0, Sum: 466.8]
      [GC Worker End (ms): Min: 205805.2, Avg: 205805.2, Max: 205805.3, Diff: 0.1]
   [Code Root Fixup: 0.0 ms]
   [Clear CT: 0.1 ms]
   [Other: 2.5 ms]
      [Choose CSet: 0.0 ms]
      [Ref Proc: 0.8 ms]
      [Ref Enq: 0.0 ms]
      [Free CSet: 0.3 ms]
   [Eden: 205.0M(86.0M)->0.0B(305.0M) Survivors: 48.0M->17.0M Heap: 917.5M(2048.0M)->746.5M(2048.0M)]
 [Times: user=0.37 sys=0.00, real=0.12 secs] 
206.159: [GC pause (young), 0.2110640 secs]
   [Parallel Time: 208.6 ms, GC Workers: 4]
      [GC Worker Start (ms): Min: 206159.5, Avg: 206159.5, Max: 206159.6, Diff: 0.0]
      [Ext Root Scanning (ms): Min: 0.9, Avg: 0.9, Max: 0.9, Diff: 0.0, Sum: 3.5]
      [Update RS (ms): Min: 14.7, Avg: 14.7, Max: 14.7, Diff: 0.0, Sum: 58.9]
         [Processed Buffers: Min: 158, Avg: 171.0, Max: 192, Diff: 34, Sum: 684]
      [Scan RS (ms): Min: 0.4, Avg: 0.4, Max: 0.5, Diff: 0.0, Sum: 1.7]
      [Object Copy (ms): Min: 189.7, Avg: 190.4, Max: 192.3, Diff: 2.5, Sum: 761.5]
      [Termination (ms): Min: 0.0, Avg: 1.9, Max: 2.5, Diff: 2.5, Sum: 7.5]
      [GC Worker Other (ms): Min: 0.0, Avg: 0.0, Max: 0.1, Diff: 0.1, Sum: 0.1]
      [GC Worker Total (ms): Min: 208.3, Avg: 208.3, Max: 208.4, Diff: 0.1, Sum: 833.3]
      [GC Worker End (ms): Min: 206367.8, Avg: 206367.9, Max: 206367.9, Diff: 0.1]
   [Code Root Fixup: 0.0 ms]
   [Clear CT: 0.3 ms]
   [Other: 2.1 ms]
      [Choose CSet: 0.0 ms]
      [Ref Proc: 0.1 ms]
      [Ref Enq: 0.0 ms]
      [Free CSet: 0.2 ms]
   [Eden: 305.0M(305.0M)->0.0B(202.0M) Survivors: 17.0M->41.0M Heap: 1051.5M(2048.0M)->950.5M(2048.0M)]
 [Times: user=0.75 sys=0.00, real=0.21 secs] 
206.632: [GC pause (young), 0.1471744 secs]
   [Parallel Time: 144.4 ms, GC Workers: 4]
      [GC Worker Start (ms): Min: 206632.1, Avg: 206632.4, Max: 206633.0, Diff: 0.8]
      [Ext Root Scanning (ms): Min: 0.6, Avg: 1.0, Max: 1.3, Diff: 0.7, Sum: 4.1]
      [Update RS (ms): Min: 17.6, Avg: 17.8, Max: 18.3, Diff: 0.7, Sum: 71.1]
         [Processed Buffers: Min: 104, Avg: 192.0, Max: 245, Diff: 141, Sum: 768]
      [Scan RS (ms): Min: 7.5, Avg: 8.0, Max: 8.3, Diff: 0.8, Sum: 32.2]
      [Object Copy (ms): Min: 117.2, Avg: 117.2, Max: 117.3, Diff: 0.1, Sum: 469.0]
      [Termination (ms): Min: 0.0, Avg: 0.0, Max: 0.0, Diff: 0.0, Sum: 0.0]
      [GC Worker Other (ms): Min: 0.0, Avg: 0.0, Max: 0.0, Diff: 0.0, Sum: 0.1]
      [GC Worker Total (ms): Min: 143.6, Avg: 144.1, Max: 144.4, Diff: 0.8, Sum: 576.4]
      [GC Worker End (ms): Min: 206776.6, Avg: 206776.6, Max: 206776.6, Diff: 0.0]
   [Code Root Fixup: 0.0 ms]
   [Clear CT: 0.2 ms]
   [Other: 2.6 ms]
      [Choose CSet: 0.0 ms]
      [Ref Proc: 0.8 ms]
      [Ref Enq: 0.0 ms]
      [Free CSet: 0.2 ms]
   [Eden: 202.0M(202.0M)->0.0B(221.0M) Survivors: 41.0M->31.0M Heap: 1152.5M(2048.0M)->1049.0M(2048.0M)]
 [Times: user=0.56 sys=0.00, real=0.15 secs] 
207.069: [GC pause (young) (initial-mark), 0.1686767 secs]
   [Parallel Time: 166.5 ms, GC Workers: 4]
      [GC Worker Start (ms): Min: 207069.0, Avg: 207076.1, Max: 207097.5, Diff: 28.5]
      [Ext Root Scanning (ms): Min: 0.1, Avg: 0.9, Max: 1.2, Diff: 1.1, Sum: 3.6]
      [Update RS (ms): Min: 0.0, Avg: 17.8, Max: 23.7, Diff: 23.7, Sum: 71.2]
         [Processed Buffers: Min: 0, Avg: 185.5, Max: 252, Diff: 252, Sum: 742]
      [Scan RS (ms): Min: 0.0, Avg: 0.2, Max: 0.3, Diff: 0.3, Sum: 1.0]
      [Object Copy (ms): Min: 137.9, Avg: 140.4, Max: 141.3, Diff: 3.4, Sum: 561.6]
      [Termination (ms): Min: 0.0, Avg: 0.0, Max: 0.0, Diff: 0.0, Sum: 0.0]
      [GC Worker Other (ms): Min: 0.0, Avg: 0.0, Max: 0.0, Diff: 0.0, Sum: 0.2]
      [GC Worker Total (ms): Min: 138.0, Avg: 159.4, Max: 166.5, Diff: 28.5, Sum: 637.5]
      [GC Worker End (ms): Min: 207235.5, Avg: 207235.5, Max: 207235.5, Diff: 0.0]
   [Code Root Fixup: 0.0 ms]
   [Clear CT: 0.1 ms]
   [Other: 2.0 ms]
      [Choose CSet: 0.0 ms]
      [Ref Proc: 0.1 ms]
      [Ref Enq: 0.0 ms]
      [Free CSet: 0.3 ms]
   [Eden: 221.0M(221.0M)->0.0B(207.0M) Survivors: 31.0M->32.0M Heap: 1270.0M(2048.0M)->1185.0M(2048.0M)]
 [Times: user=0.61 sys=0.00, real=0.17 secs] 
207.237: [GC concurrent-root-region-scan-start]
207.281: [GC concurrent-root-region-scan-end, 0.0433206 secs]
207.281: [GC concurrent-mark-start]
207.427: [GC pause (young), 0.0669839 secs]
   [Parallel Time: 64.6 ms, GC Workers: 4]
      [GC Worker Start (ms): Min: 207427.0, Avg: 207427.6, Max: 207428.7, Diff: 1.7]
      [Ext Root Scanning (ms): Min: 0.0, Avg: 0.9, Max: 1.4, Diff: 1.3, Sum: 3.6]
      [SATB Filtering (ms): Min: 0.0, Avg: 0.0, Max: 0.2, Diff: 0.2, Sum: 0.2]
      [Update RS (ms): Min: 19.9, Avg: 20.0, Max: 20.1, Diff: 0.3, Sum: 80.2]
         [Processed Buffers: Min: 96, Avg: 115.5, Max: 123, Diff: 27, Sum: 462]
      [Scan RS (ms): Min: 2.9, Avg: 2.9, Max: 3.0, Diff: 0.1, Sum: 11.7]
      [Object Copy (ms): Min: 39.5, Avg: 39.6, Max: 39.6, Diff: 0.1, Sum: 158.3]
      [Termination (ms): Min: 0.0, Avg: 0.0, Max: 0.0, Diff: 0.0, Sum: 0.0]
      [GC Worker Other (ms): Min: 0.0, Avg: 0.0, Max: 0.1, Diff: 0.1, Sum: 0.2]
      [GC Worker Total (ms): Min: 62.3, Avg: 63.5, Max: 64.1, Diff: 1.8, Sum: 254.1]
      [GC Worker End (ms): Min: 207491.1, Avg: 207491.1, Max: 207491.2, Diff: 0.1]
   [Code Root Fixup: 0.0 ms]
   [Clear CT: 0.1 ms]
   [Other: 2.3 ms]
      [Choose CSet: 0.0 ms]
      [Ref Proc: 1.5 ms]
      [Ref Enq: 0.0 ms]
      [Free CSet: 0.2 ms]
   [Eden: 207.0M(207.0M)->0.0B(368.0M) Survivors: 32.0M->13.0M Heap: 1392.0M(2048.0M)->1199.0M(2048.0M)]
 [Times: user=0.23 sys=0.00, real=0.07 secs] 
207.815: [GC concurrent-mark-end, 0.5341182 secs]
207.815: [GC remark 207.816: [GC ref-proc, 0.0012085 secs], 0.0032989 secs]
 [Times: user=0.00 sys=0.00, real=0.00 secs] 
207.819: [GC cleanup 1565M->892M(2048M), 0.0011956 secs]
 [Times: user=0.00 sys=0.00, real=0.00 secs] 
207.820: [GC concurrent-cleanup-start]
207.821: [GC concurrent-cleanup-end, 0.0007415 secs]
207.822: [GC pause (young), 0.1756492 secs]
   [Parallel Time: 174.0 ms, GC Workers: 4]
      [GC Worker Start (ms): Min: 207821.9, Avg: 207821.9, Max: 207821.9, Diff: 0.0]
      [Ext Root Scanning (ms): Min: 0.9, Avg: 0.9, Max: 1.0, Diff: 0.1, Sum: 3.8]
      [Update RS (ms): Min: 22.7, Avg: 22.7, Max: 22.7, Diff: 0.0, Sum: 90.8]
         [Processed Buffers: Min: 195, Avg: 247.0, Max: 322, Diff: 127, Sum: 988]
      [Scan RS (ms): Min: 0.1, Avg: 0.1, Max: 0.1, Diff: 0.0, Sum: 0.4]
      [Object Copy (ms): Min: 150.2, Avg: 150.2, Max: 150.2, Diff: 0.1, Sum: 600.7]
      [Termination (ms): Min: 0.0, Avg: 0.0, Max: 0.0, Diff: 0.0, Sum: 0.0]
      [GC Worker Other (ms): Min: 0.0, Avg: 0.0, Max: 0.0, Diff: 0.0, Sum: 0.1]
      [GC Worker Total (ms): Min: 173.9, Avg: 173.9, Max: 173.9, Diff: 0.0, Sum: 695.8]
      [GC Worker End (ms): Min: 207995.9, Avg: 207995.9, Max: 207995.9, Diff: 0.0]
   [Code Root Fixup: 0.0 ms]
   [Clear CT: 0.1 ms]
   [Other: 1.6 ms]
      [Choose CSet: 0.0 ms]
      [Ref Proc: 0.2 ms]
      [Ref Enq: 0.0 ms]
      [Free CSet: 0.3 ms]
   [Eden: 368.0M(368.0M)->0.0B(54.0M) Survivors: 13.0M->48.0M Heap: 894.0M(2048.0M)->685.5M(2048.0M)]
 [Times: user=0.56 sys=0.00, real=0.18 secs] 
208.065: [GC pause (mixed), 0.0784666 secs]
   [Parallel Time: 76.8 ms, GC Workers: 4]
      [GC Worker Start (ms): Min: 208065.7, Avg: 208066.1, Max: 208066.6, Diff: 0.9]
      [Ext Root Scanning (ms): Min: 0.5, Avg: 0.9, Max: 1.3, Diff: 0.8, Sum: 3.7]
      [Update RS (ms): Min: 22.7, Avg: 22.7, Max: 22.8, Diff: 0.1, Sum: 90.8]
         [Processed Buffers: Min: 119, Avg: 122.8, Max: 127, Diff: 8, Sum: 491]
      [Scan RS (ms): Min: 3.2, Avg: 3.3, Max: 3.3, Diff: 0.1, Sum: 13.2]
      [Object Copy (ms): Min: 49.3, Avg: 49.3, Max: 49.4, Diff: 0.1, Sum: 197.4]
      [Termination (ms): Min: 0.0, Avg: 0.0, Max: 0.0, Diff: 0.0, Sum: 0.0]
      [GC Worker Other (ms): Min: 0.0, Avg: 0.0, Max: 0.0, Diff: 0.0, Sum: 0.1]
      [GC Worker Total (ms): Min: 75.8, Avg: 76.3, Max: 76.7, Diff: 0.9, Sum: 305.1]
      [GC Worker End (ms): Min: 208142.4, Avg: 208142.4, Max: 208142.4, Diff: 0.0]
   [Code Root Fixup: 0.0 ms]
   [Clear CT: 0.2 ms]
   [Other: 1.5 ms]
      [Choose CSet: 0.0 ms]
      [Ref Proc: 0.2 ms]
      [Ref Enq: 0.0 ms]
      [Free CSet: 0.4 ms]
   [Eden: 54.0M(54.0M)->0.0B(381.0M) Survivors: 48.0M->2048.0K Heap: 739.5M(2048.0M)->619.5M(2048.0M)]
 [Times: user=0.31 sys=0.00, real=0.08 secs] 
208.493: [GC pause (young), 0.1786338 secs]
   [Parallel Time: 176.7 ms, GC Workers: 4]
      [GC Worker Start (ms): Min: 208493.8, Avg: 208497.9, Max: 208510.2, Diff: 16.4]
      [Ext Root Scanning (ms): Min: 0.1, Avg: 0.9, Max: 1.2, Diff: 1.1, Sum: 3.6]
      [Update RS (ms): Min: 5.2, Avg: 16.6, Max: 20.5, Diff: 15.2, Sum: 66.5]
         [Processed Buffers: Min: 181, Avg: 273.0, Max: 350, Diff: 169, Sum: 1092]
      [Scan RS (ms): Min: 0.1, Avg: 0.1, Max: 0.1, Diff: 0.1, Sum: 0.4]
      [Object Copy (ms): Min: 154.8, Avg: 154.9, Max: 155.0, Diff: 0.1, Sum: 619.7]
      [Termination (ms): Min: 0.0, Avg: 0.0, Max: 0.0, Diff: 0.0, Sum: 0.0]
      [GC Worker Other (ms): Min: 0.0, Avg: 0.0, Max: 0.0, Diff: 0.0, Sum: 0.1]
      [GC Worker Total (ms): Min: 160.3, Avg: 172.5, Max: 176.7, Diff: 16.4, Sum: 690.1]
      [GC Worker End (ms): Min: 208670.5, Avg: 208670.5, Max: 208670.5, Diff: 0.0]
   [Code Root Fixup: 0.0 ms]
   [Clear CT: 0.1 ms]
   [Other: 1.8 ms]
      [Choose CSet: 0.0 ms]
      [Ref Proc: 0.1 ms]
      [Ref Enq: 0.0 ms]
      [Free CSet: 0.3 ms]
   [Eden: 381.0M(381.0M)->0.0B(145.0M) Survivors: 2048.0K->48.0M Heap: 1000.5M(2048.0M)->814.0M(2048.0M)]
 [Times: user=0.67 sys=0.00, real=0.18 secs] 
208.843: [GC pause (young), 0.0997861 secs]
   [Parallel Time: 98.1 ms, GC Workers: 4]
      [GC Worker Start (ms): Min: 208843.2, Avg: 208843.2, Max: 208843.2, Diff: 0.0]
      [Ext Root Scanning (ms): Min: 1.1, Avg: 2.0, Max: 4.7, Diff: 3.6, Sum: 8.1]
      [Update RS (ms): Min: 15.1, Avg: 16.5, Max: 17.1, Diff: 2.0, Sum: 66.2]
         [Processed Buffers: Min: 115, Avg: 212.0, Max: 291, Diff: 176, Sum: 848]
      [Scan RS (ms): Min: 7.1, Avg: 8.2, Max: 8.6, Diff: 1.5, Sum: 32.9]
      [Object Copy (ms): Min: 71.1, Avg: 71.2, Max: 71.2, Diff: 0.1, Sum: 284.8]
      [Termination (ms): Min: 0.0, Avg: 0.0, Max: 0.0, Diff: 0.0, Sum: 0.0]
      [GC Worker Other (ms): Min: 0.0, Avg: 0.0, Max: 0.0, Diff: 0.0, Sum: 0.1]
      [GC Worker Total (ms): Min: 98.0, Avg: 98.0, Max: 98.0, Diff: 0.0, Sum: 392.1]
      [GC Worker End (ms): Min: 208941.2, Avg: 208941.2, Max: 208941.2, Diff: 0.0]
   [Code Root Fixup: 0.0 ms]
   [Clear CT: 0.1 ms]
   [Other: 1.6 ms]
      [Choose CSet: 0.0 ms]
      [Ref Proc: 0.0 ms]
      [Ref Enq: 0.0 ms]
      [Free CSet: 0.2 ms]
   [Eden: 145.0M(145.0M)->0.0B(135.0M) Survivors: 48.0M->25.0M Heap: 959.0M(2048.0M)->847.5M(2048.0M)]
 [Times: user=0.38 sys=0.00, real=0.10 secs] 
209.077: [GC pause (young), 0.0593963 secs]
   [Parallel Time: 58.4 ms, GC Workers: 4]
      [GC Worker Start (ms): Min: 209077.0, Avg: 209077.0, Max: 209077.0, Diff: 0.0]
      [Ext Root Scanning (ms): Min: 0.9, Avg: 1.0, Max: 1.0, Diff: 0.0, Sum: 3.8]
      [Update RS (ms): Min: 17.2, Avg: 18.8, Max: 22.5, Diff: 5.3, Sum: 75.1]
         [Processed Buffers: Min: 71, Avg: 110.5, Max: 139, Diff: 68, Sum: 442]
      [Scan RS (ms): Min: 0.0, Avg: 0.2, Max: 0.3, Diff: 0.3, Sum: 0.7]
      [Object Copy (ms): Min: 34.9, Avg: 38.5, Max: 39.9, Diff: 5.0, Sum: 153.9]
      [Termination (ms): Min: 0.0, Avg: 0.0, Max: 0.0, Diff: 0.0, Sum: 0.0]
      [GC Worker Other (ms): Min: 0.0, Avg: 0.0, Max: 0.0, Diff: 0.0, Sum: 0.1]
      [GC Worker Total (ms): Min: 58.4, Avg: 58.4, Max: 58.4, Diff: 0.0, Sum: 233.6]
      [GC Worker End (ms): Min: 209135.4, Avg: 209135.4, Max: 209135.4, Diff: 0.0]
   [Code Root Fixup: 0.0 ms]
   [Clear CT: 0.1 ms]
   [Other: 0.9 ms]
      [Choose CSet: 0.0 ms]
      [Ref Proc: 0.2 ms]
      [Ref Enq: 0.0 ms]
      [Free CSet: 0.2 ms]
   [Eden: 135.0M(135.0M)->0.0B(303.0M) Survivors: 25.0M->20.0M Heap: 982.5M(2048.0M)->875.5M(2048.0M)]
 [Times: user=0.19 sys=0.00, real=0.06 secs] 
209.403: [GC pause (young), 0.1859330 secs]
   [Parallel Time: 184.4 ms, GC Workers: 4]
      [GC Worker Start (ms): Min: 209403.5, Avg: 209407.6, Max: 209419.9, Diff: 16.4]
      [Ext Root Scanning (ms): Min: 0.1, Avg: 1.0, Max: 1.3, Diff: 1.2, Sum: 3.9]
      [Update RS (ms): Min: 1.0, Avg: 12.3, Max: 16.1, Diff: 15.2, Sum: 49.1]
         [Processed Buffers: Min: 6, Avg: 63.3, Max: 83, Diff: 77, Sum: 253]
      [Scan RS (ms): Min: 0.0, Avg: 0.1, Max: 0.1, Diff: 0.1, Sum: 0.3]
      [Object Copy (ms): Min: 166.9, Avg: 167.0, Max: 167.0, Diff: 0.1, Sum: 667.9]
      [Termination (ms): Min: 0.0, Avg: 0.0, Max: 0.0, Diff: 0.0, Sum: 0.0]
      [GC Worker Other (ms): Min: 0.0, Avg: 0.0, Max: 0.0, Diff: 0.0, Sum: 0.1]
      [GC Worker Total (ms): Min: 168.1, Avg: 180.3, Max: 184.4, Diff: 16.4, Sum: 721.3]
      [GC Worker End (ms): Min: 209587.9, Avg: 209587.9, Max: 209587.9, Diff: 0.0]
   [Code Root Fixup: 0.0 ms]
   [Clear CT: 0.1 ms]
   [Other: 1.4 ms]
      [Choose CSet: 0.0 ms]
      [Ref Proc: 0.0 ms]
      [Ref Enq: 0.0 ms]
      [Free CSet: 0.2 ms]
   [Eden: 303.0M(303.0M)->0.0B(221.0M) Survivors: 20.0M->41.0M Heap: 1178.5M(2048.0M)->1054.0M(2048.0M)]
 [Times: user=0.62 sys=0.00, real=0.19 secs] 
209.806: [GC pause (young) (initial-mark), 0.1015469 secs]
   [Parallel Time: 98.3 ms, GC Workers: 4]
      [GC Worker Start (ms): Min: 209806.8, Avg: 209814.9, Max: 209835.4, Diff: 28.7]
      [Ext Root Scanning (ms): Min: 0.1, Avg: 0.9, Max: 1.7, Diff: 1.7, Sum: 3.7]
      [Update RS (ms): Min: 0.0, Avg: 20.4, Max: 29.8, Diff: 29.8, Sum: 81.6]
         [Processed Buffers: Min: 0, Avg: 182.3, Max: 290, Diff: 290, Sum: 729]
      [Scan RS (ms): Min: 2.6, Avg: 4.9, Max: 5.8, Diff: 3.2, Sum: 19.4]
      [Object Copy (ms): Min: 63.6, Avg: 63.8, Max: 64.0, Diff: 0.4, Sum: 255.1]
      [Termination (ms): Min: 0.0, Avg: 0.0, Max: 0.0, Diff: 0.0, Sum: 0.0]
      [GC Worker Other (ms): Min: 0.0, Avg: 0.0, Max: 0.1, Diff: 0.1, Sum: 0.1]
      [GC Worker Total (ms): Min: 69.4, Avg: 90.0, Max: 98.1, Diff: 28.7, Sum: 359.9]
      [GC Worker End (ms): Min: 209904.8, Avg: 209904.9, Max: 209904.9, Diff: 0.1]
   [Code Root Fixup: 0.0 ms]
   [Clear CT: 1.4 ms]
   [Other: 1.8 ms]
      [Choose CSet: 0.0 ms]
      [Ref Proc: 0.1 ms]
      [Ref Enq: 0.0 ms]
      [Free CSet: 0.3 ms]
   [Eden: 221.0M(221.0M)->0.0B(272.0M) Survivors: 41.0M->28.0M Heap: 1275.0M(2048.0M)->1082.0M(2048.0M)]
 [Times: user=0.36 sys=0.00, real=0.10 secs] 
209.908: [GC concurrent-root-region-scan-start]
209.940: [GC concurrent-root-region-scan-end, 0.0319610 secs]
209.940: [GC concurrent-mark-start]
210.288: [GC pause (young), 0.0855138 secs]
   [Parallel Time: 72.5 ms, GC Workers: 4]
      [GC Worker Start (ms): Min: 210288.1, Avg: 210290.8, Max: 210298.2, Diff: 10.1]
      [Ext Root Scanning (ms): Min: 0.1, Avg: 0.9, Max: 1.3, Diff: 1.2, Sum: 3.5]
      [SATB Filtering (ms): Min: 0.0, Avg: 0.1, Max: 0.3, Diff: 0.3, Sum: 0.3]
      [Update RS (ms): Min: 8.6, Avg: 15.1, Max: 17.4, Diff: 8.8, Sum: 60.6]
         [Processed Buffers: Min: 61, Avg: 101.8, Max: 122, Diff: 61, Sum: 407]
      [Scan RS (ms): Min: 0.2, Avg: 0.2, Max: 0.2, Diff: 0.0, Sum: 0.8]
      [Object Copy (ms): Min: 40.5, Avg: 43.5, Max: 52.4, Diff: 11.9, Sum: 174.1]
      [Termination (ms): Min: 0.0, Avg: 9.4, Max: 12.9, Diff: 12.9, Sum: 37.5]
      [GC Worker Other (ms): Min: 0.0, Avg: 0.0, Max: 0.0, Diff: 0.0, Sum: 0.0]
      [GC Worker Total (ms): Min: 61.4, Avg: 69.2, Max: 72.1, Diff: 10.7, Sum: 276.8]
      [GC Worker End (ms): Min: 210359.6, Avg: 210360.0, Max: 210360.5, Diff: 0.9]
   [Code Root Fixup: 0.0 ms]
   [Clear CT: 0.4 ms]
   [Other: 12.5 ms]
      [Choose CSet: 0.0 ms]
      [Ref Proc: 11.9 ms]
      [Ref Enq: 0.0 ms]
      [Free CSet: 0.3 ms]
   [Eden: 272.0M(272.0M)->0.0B(376.0M) Survivors: 28.0M->23.0M Heap: 1354.0M(2048.0M)->1104.5M(2048.0M)]
 [Times: user=0.27 sys=0.00, real=0.09 secs] 
210.449: [GC concurrent-mark-end, 0.5088153 secs]
210.449: [GC remark 210.449: [GC ref-proc, 0.0012187 secs], 0.0025905 secs]
 [Times: user=0.00 sys=0.00, real=0.00 secs] 
210.452: [GC cleanup 1189M->521M(2048M), 0.0012999 secs]
 [Times: user=0.00 sys=0.00, real=0.00 secs] 
210.454: [GC concurrent-cleanup-start]
210.455: [GC concurrent-cleanup-end, 0.0013974 secs]
210.728: [GC pause (young), 0.2000505 secs]
   [Parallel Time: 198.2 ms, GC Workers: 4]
      [GC Worker Start (ms): Min: 210728.2, Avg: 210728.2, Max: 210728.2, Diff: 0.0]
      [Ext Root Scanning (ms): Min: 0.9, Avg: 0.9, Max: 0.9, Diff: 0.0, Sum: 3.6]
      [Update RS (ms): Min: 10.6, Avg: 10.6, Max: 10.6, Diff: 0.0, Sum: 42.4]
         [Processed Buffers: Min: 78, Avg: 113.0, Max: 143, Diff: 65, Sum: 452]
      [Scan RS (ms): Min: 0.1, Avg: 0.1, Max: 0.1, Diff: 0.0, Sum: 0.4]
      [Object Copy (ms): Min: 186.6, Avg: 186.6, Max: 186.6, Diff: 0.0, Sum: 746.3]
      [Termination (ms): Min: 0.0, Avg: 0.0, Max: 0.0, Diff: 0.0, Sum: 0.0]
      [GC Worker Other (ms): Min: 0.0, Avg: 0.0, Max: 0.0, Diff: 0.0, Sum: 0.1]
      [GC Worker Total (ms): Min: 198.2, Avg: 198.2, Max: 198.2, Diff: 0.0, Sum: 792.7]
      [GC Worker End (ms): Min: 210926.4, Avg: 210926.4, Max: 210926.4, Diff: 0.0]
   [Code Root Fixup: 0.0 ms]
   [Clear CT: 0.1 ms]
   [Other: 1.7 ms]
      [Choose CSet: 0.0 ms]
      [Ref Proc: 0.0 ms]
      [Ref Enq: 0.0 ms]
      [Free CSet: 0.3 ms]
   [Eden: 376.0M(376.0M)->0.0B(52.0M) Survivors: 23.0M->50.0M Heap: 812.5M(2048.0M)->636.0M(2048.0M)]
 [Times: user=0.81 sys=0.00, real=0.20 secs] 
211.010: [GC pause (mixed), 0.0964019 secs]
   [Parallel Time: 89.9 ms, GC Workers: 4]
      [GC Worker Start (ms): Min: 211010.2, Avg: 211010.3, Max: 211010.3, Diff: 0.1]
      [Ext Root Scanning (ms): Min: 0.9, Avg: 0.9, Max: 0.9, Diff: 0.1, Sum: 3.6]
      [Update RS (ms): Min: 33.2, Avg: 33.2, Max: 33.2, Diff: 0.0, Sum: 132.7]
         [Processed Buffers: Min: 165, Avg: 176.3, Max: 186, Diff: 21, Sum: 705]
      [Scan RS (ms): Min: 3.5, Avg: 3.6, Max: 3.9, Diff: 0.4, Sum: 14.4]
      [Object Copy (ms): Min: 51.8, Avg: 52.1, Max: 52.2, Diff: 0.4, Sum: 208.2]
      [Termination (ms): Min: 0.0, Avg: 0.0, Max: 0.0, Diff: 0.0, Sum: 0.0]
      [GC Worker Other (ms): Min: 0.0, Avg: 0.0, Max: 0.0, Diff: 0.0, Sum: 0.1]
      [GC Worker Total (ms): Min: 89.7, Avg: 89.8, Max: 89.8, Diff: 0.1, Sum: 359.0]
      [GC Worker End (ms): Min: 211100.0, Avg: 211100.0, Max: 211100.0, Diff: 0.0]
   [Code Root Fixup: 0.0 ms]
   [Clear CT: 0.2 ms]
   [Other: 6.3 ms]
      [Choose CSet: 0.0 ms]
      [Ref Proc: 5.0 ms]
      [Ref Enq: 0.0 ms]
      [Free CSet: 0.2 ms]
   [Eden: 52.0M(52.0M)->0.0B(304.0M) Survivors: 50.0M->2048.0K Heap: 688.0M(2048.0M)->620.5M(2048.0M)]
 [Times: user=0.36 sys=0.00, real=0.10 secs] 
211.435: [GC pause (young), 0.2025033 secs]
   [Parallel Time: 200.4 ms, GC Workers: 4]
      [GC Worker Start (ms): Min: 211435.2, Avg: 211435.2, Max: 211435.2, Diff: 0.0]
      [Ext Root Scanning (ms): Min: 0.9, Avg: 0.9, Max: 0.9, Diff: 0.0, Sum: 3.6]
      [Update RS (ms): Min: 18.0, Avg: 18.0, Max: 18.1, Diff: 0.0, Sum: 72.2]
         [Processed Buffers: Min: 211, Avg: 272.0, Max: 340, Diff: 129, Sum: 1088]
      [Scan RS (ms): Min: 0.1, Avg: 0.1, Max: 0.1, Diff: 0.0, Sum: 0.4]
      [Object Copy (ms): Min: 181.3, Avg: 181.3, Max: 181.3, Diff: 0.0, Sum: 725.1]
      [Termination (ms): Min: 0.0, Avg: 0.0, Max: 0.0, Diff: 0.0, Sum: 0.0]
      [GC Worker Other (ms): Min: 0.0, Avg: 0.0, Max: 0.0, Diff: 0.0, Sum: 0.0]
      [GC Worker Total (ms): Min: 200.3, Avg: 200.3, Max: 200.3, Diff: 0.0, Sum: 801.4]
      [GC Worker End (ms): Min: 211635.6, Avg: 211635.6, Max: 211635.6, Diff: 0.0]
   [Code Root Fixup: 0.0 ms]
   [Clear CT: 0.1 ms]
   [Other: 2.0 ms]
      [Choose CSet: 0.0 ms]
      [Ref Proc: 0.0 ms]
      [Ref Enq: 0.0 ms]
      [Free CSet: 0.3 ms]
   [Eden: 304.0M(304.0M)->0.0B(200.0M) Survivors: 2048.0K->39.0M Heap: 924.5M(2048.0M)->845.0M(2048.0M)]
 [Times: user=0.80 sys=0.00, real=0.20 secs] 
211.904: [GC pause (young), 0.1921595 secs]
   [Parallel Time: 188.6 ms, GC Workers: 4]
      [GC Worker Start (ms): Min: 211904.4, Avg: 211904.4, Max: 211904.4, Diff: 0.0]
      [Ext Root Scanning (ms): Min: 0.8, Avg: 0.9, Max: 0.9, Diff: 0.0, Sum: 3.5]
      [Update RS (ms): Min: 21.3, Avg: 21.4, Max: 21.6, Diff: 0.3, Sum: 85.6]
         [Processed Buffers: Min: 157, Avg: 196.8, Max: 238, Diff: 81, Sum: 787]
      [Scan RS (ms): Min: 9.5, Avg: 9.6, Max: 9.7, Diff: 0.3, Sum: 38.5]
      [Object Copy (ms): Min: 156.6, Avg: 156.7, Max: 156.7, Diff: 0.0, Sum: 626.7]
      [Termination (ms): Min: 0.0, Avg: 0.0, Max: 0.0, Diff: 0.0, Sum: 0.0]
      [GC Worker Other (ms): Min: 0.0, Avg: 0.0, Max: 0.0, Diff: 0.0, Sum: 0.1]
      [GC Worker Total (ms): Min: 188.6, Avg: 188.6, Max: 188.6, Diff: 0.0, Sum: 754.4]
      [GC Worker End (ms): Min: 212093.0, Avg: 212093.0, Max: 212093.0, Diff: 0.0]
   [Code Root Fixup: 0.0 ms]
   [Clear CT: 1.3 ms]
   [Other: 2.3 ms]
      [Choose CSet: 0.0 ms]
      [Ref Proc: 0.0 ms]
      [Ref Enq: 0.0 ms]
      [Free CSet: 0.2 ms]
   [Eden: 200.0M(200.0M)->0.0B(137.0M) Survivors: 39.0M->30.0M Heap: 1045.0M(2048.0M)->985.0M(2048.0M)]
 [Times: user=0.69 sys=0.00, real=0.19 secs] 
212.288: [GC pause (young) (initial-mark), 0.0633983 secs]
   [Parallel Time: 62.1 ms, GC Workers: 4]
      [GC Worker Start (ms): Min: 212288.8, Avg: 212288.8, Max: 212288.8, Diff: 0.0]
      [Ext Root Scanning (ms): Min: 1.0, Avg: 1.0, Max: 1.0, Diff: 0.1, Sum: 4.0]
      [Update RS (ms): Min: 18.5, Avg: 21.6, Max: 30.6, Diff: 12.1, Sum: 86.3]
         [Processed Buffers: Min: 147, Avg: 163.0, Max: 185, Diff: 38, Sum: 652]
      [Scan RS (ms): Min: 0.0, Avg: 0.8, Max: 1.2, Diff: 1.2, Sum: 3.3]
      [Object Copy (ms): Min: 30.4, Avg: 38.6, Max: 41.4, Diff: 11.0, Sum: 154.4]
      [Termination (ms): Min: 0.0, Avg: 0.0, Max: 0.0, Diff: 0.0, Sum: 0.0]
      [GC Worker Other (ms): Min: 0.0, Avg: 0.0, Max: 0.0, Diff: 0.0, Sum: 0.1]
      [GC Worker Total (ms): Min: 62.0, Avg: 62.0, Max: 62.0, Diff: 0.0, Sum: 248.1]
      [GC Worker End (ms): Min: 212350.8, Avg: 212350.8, Max: 212350.8, Diff: 0.0]
   [Code Root Fixup: 0.0 ms]
   [Clear CT: 0.1 ms]
   [Other: 1.3 ms]
      [Choose CSet: 0.0 ms]
      [Ref Proc: 0.1 ms]
      [Ref Enq: 0.0 ms]
      [Free CSet: 0.2 ms]
   [Eden: 137.0M(137.0M)->0.0B(236.0M) Survivors: 30.0M->17.0M Heap: 1122.0M(2048.0M)->1002.5M(2048.0M)]
 [Times: user=0.20 sys=0.00, real=0.06 secs] 
212.352: [GC concurrent-root-region-scan-start]
212.368: [GC concurrent-root-region-scan-end, 0.0164670 secs]
212.368: [GC concurrent-mark-start]
212.563: [GC pause (young), 0.1261663 secs]
   [Parallel Time: 124.2 ms, GC Workers: 4]
      [GC Worker Start (ms): Min: 212563.2, Avg: 212563.6, Max: 212564.7, Diff: 1.5]
      [Ext Root Scanning (ms): Min: 0.0, Avg: 0.9, Max: 1.2, Diff: 1.1, Sum: 3.5]
      [SATB Filtering (ms): Min: 0.0, Avg: 0.6, Max: 2.6, Diff: 2.6, Sum: 2.6]
      [Update RS (ms): Min: 13.2, Avg: 15.0, Max: 15.7, Diff: 2.4, Sum: 60.1]
         [Processed Buffers: Min: 87, Avg: 167.3, Max: 238, Diff: 151, Sum: 669]
      [Scan RS (ms): Min: 0.0, Avg: 0.1, Max: 0.2, Diff: 0.1, Sum: 0.5]
      [Object Copy (ms): Min: 107.0, Avg: 107.1, Max: 107.1, Diff: 0.1, Sum: 428.4]
      [Termination (ms): Min: 0.0, Avg: 0.0, Max: 0.0, Diff: 0.0, Sum: 0.0]
      [GC Worker Other (ms): Min: 0.0, Avg: 0.0, Max: 0.0, Diff: 0.0, Sum: 0.1]
      [GC Worker Total (ms): Min: 122.7, Avg: 123.8, Max: 124.2, Diff: 1.5, Sum: 495.2]
      [GC Worker End (ms): Min: 212687.4, Avg: 212687.4, Max: 212687.4, Diff: 0.0]
   [Code Root Fixup: 0.0 ms]
   [Clear CT: 0.3 ms]
   [Other: 1.7 ms]
      [Choose CSet: 0.0 ms]
      [Ref Proc: 0.3 ms]
      [Ref Enq: 0.0 ms]
      [Free CSet: 0.3 ms]
   [Eden: 236.0M(236.0M)->0.0B(234.0M) Survivors: 17.0M->32.0M Heap: 1238.5M(2048.0M)->1119.5M(2048.0M)]
 [Times: user=0.50 sys=0.00, real=0.13 secs] 
212.874: [GC concurrent-mark-end, 0.5056145 secs]
212.874: [GC remark 212.876: [GC ref-proc, 0.0012075 secs], 0.0033393 secs]
 [Times: user=0.00 sys=0.00, real=0.00 secs] 
212.878: [GC cleanup 1345M->682M(2048M), 0.0011219 secs]
 [Times: user=0.00 sys=0.00, real=0.00 secs] 
212.879: [GC concurrent-cleanup-start]
212.880: [GC concurrent-cleanup-end, 0.0007470 secs]
212.887: [GC pause (young), 0.1188218 secs]
   [Parallel Time: 117.4 ms, GC Workers: 4]
      [GC Worker Start (ms): Min: 212887.3, Avg: 212887.3, Max: 212887.3, Diff: 0.0]
      [Ext Root Scanning (ms): Min: 0.9, Avg: 0.9, Max: 0.9, Diff: 0.0, Sum: 3.5]
      [Update RS (ms): Min: 18.5, Avg: 18.6, Max: 18.6, Diff: 0.0, Sum: 74.2]
         [Processed Buffers: Min: 132, Avg: 181.8, Max: 220, Diff: 88, Sum: 727]
      [Scan RS (ms): Min: 0.1, Avg: 0.2, Max: 0.2, Diff: 0.0, Sum: 0.7]
      [Object Copy (ms): Min: 90.1, Avg: 92.0, Max: 97.8, Diff: 7.7, Sum: 368.0]
      [Termination (ms): Min: 0.0, Avg: 5.8, Max: 7.7, Diff: 7.7, Sum: 23.1]
      [GC Worker Other (ms): Min: 0.0, Avg: 0.0, Max: 0.0, Diff: 0.0, Sum: 0.0]
      [GC Worker Total (ms): Min: 117.4, Avg: 117.4, Max: 117.4, Diff: 0.0, Sum: 469.6]
      [GC Worker End (ms): Min: 213004.7, Avg: 213004.7, Max: 213004.7, Diff: 0.0]
   [Code Root Fixup: 0.0 ms]
   [Clear CT: 0.1 ms]
   [Other: 1.3 ms]
      [Choose CSet: 0.0 ms]
      [Ref Proc: 0.1 ms]
      [Ref Enq: 0.0 ms]
      [Free CSet: 0.2 ms]
   [Eden: 234.0M(234.0M)->0.0B(269.0M) Survivors: 32.0M->34.0M Heap: 690.5M(2048.0M)->534.0M(2048.0M)]
 [Times: user=0.42 sys=0.00, real=0.12 secs] 
213.235: [GC pause (young), 0.1439900 secs]
   [Parallel Time: 142.3 ms, GC Workers: 4]
      [GC Worker Start (ms): Min: 213235.5, Avg: 213235.5, Max: 213235.5, Diff: 0.0]
      [Ext Root Scanning (ms): Min: 1.1, Avg: 6.9, Max: 24.2, Diff: 23.0, Sum: 27.7]
      [Update RS (ms): Min: 2.4, Avg: 19.6, Max: 25.3, Diff: 22.9, Sum: 78.3]
         [Processed Buffers: Min: 36, Avg: 128.8, Max: 168, Diff: 132, Sum: 515]
      [Scan RS (ms): Min: 0.3, Avg: 0.3, Max: 0.3, Diff: 0.0, Sum: 1.1]
      [Object Copy (ms): Min: 115.4, Avg: 115.5, Max: 115.5, Diff: 0.1, Sum: 461.9]
      [Termination (ms): Min: 0.0, Avg: 0.0, Max: 0.0, Diff: 0.0, Sum: 0.0]
      [GC Worker Other (ms): Min: 0.0, Avg: 0.0, Max: 0.0, Diff: 0.0, Sum: 0.1]
      [GC Worker Total (ms): Min: 142.3, Avg: 142.3, Max: 142.3, Diff: 0.0, Sum: 569.1]
      [GC Worker End (ms): Min: 213377.8, Avg: 213377.8, Max: 213377.8, Diff: 0.0]
   [Code Root Fixup: 0.0 ms]
   [Clear CT: 0.2 ms]
   [Other: 1.5 ms]
      [Choose CSet: 0.0 ms]
      [Ref Proc: 0.2 ms]
      [Ref Enq: 0.0 ms]
      [Free CSet: 0.2 ms]
   [Eden: 269.0M(269.0M)->0.0B(277.0M) Survivors: 34.0M->38.0M Heap: 803.0M(2048.0M)->643.0M(2048.0M)]
 [Times: user=0.45 sys=0.00, real=0.14 secs] 
213.625: [GC pause (young), 0.1612857 secs]
   [Parallel Time: 159.6 ms, GC Workers: 4]
      [GC Worker Start (ms): Min: 213625.6, Avg: 213625.6, Max: 213625.6, Diff: 0.0]
      [Ext Root Scanning (ms): Min: 0.8, Avg: 0.9, Max: 0.9, Diff: 0.0, Sum: 3.5]
      [Update RS (ms): Min: 21.7, Avg: 21.7, Max: 21.7, Diff: 0.0, Sum: 86.7]
         [Processed Buffers: Min: 165, Avg: 176.0, Max: 181, Diff: 16, Sum: 704]
      [Scan RS (ms): Min: 0.6, Avg: 0.6, Max: 0.6, Diff: 0.0, Sum: 2.5]
      [Object Copy (ms): Min: 136.4, Avg: 136.4, Max: 136.4, Diff: 0.0, Sum: 545.4]
      [Termination (ms): Min: 0.0, Avg: 0.0, Max: 0.0, Diff: 0.0, Sum: 0.0]
      [GC Worker Other (ms): Min: 0.0, Avg: 0.0, Max: 0.0, Diff: 0.0, Sum: 0.1]
      [GC Worker Total (ms): Min: 159.5, Avg: 159.5, Max: 159.5, Diff: 0.0, Sum: 638.2]
      [GC Worker End (ms): Min: 213785.2, Avg: 213785.2, Max: 213785.2, Diff: 0.0]
   [Code Root Fixup: 0.0 ms]
   [Clear CT: 0.1 ms]
   [Other: 1.6 ms]
      [Choose CSet: 0.0 ms]
      [Ref Proc: 0.0 ms]
      [Ref Enq: 0.0 ms]
      [Free CSet: 0.3 ms]
   [Eden: 277.0M(277.0M)->0.0B(278.0M) Survivors: 38.0M->40.0M Heap: 920.0M(2048.0M)->767.0M(2048.0M)]
 [Times: user=0.58 sys=0.00, real=0.16 secs] 
214.065: [GC pause (young), 0.2082298 secs]
   [Parallel Time: 205.6 ms, GC Workers: 4]
      [GC Worker Start (ms): Min: 214065.4, Avg: 214065.4, Max: 214065.4, Diff: 0.0]
      [Ext Root Scanning (ms): Min: 1.1, Avg: 7.1, Max: 24.8, Diff: 23.7, Sum: 28.2]
      [Update RS (ms): Min: 1.6, Avg: 19.6, Max: 26.3, Diff: 24.7, Sum: 78.4]
         [Processed Buffers: Min: 80, Avg: 166.8, Max: 220, Diff: 140, Sum: 667]
      [Scan RS (ms): Min: 0.0, Avg: 0.2, Max: 0.4, Diff: 0.3, Sum: 0.9]
      [Object Copy (ms): Min: 176.9, Avg: 177.7, Max: 178.5, Diff: 1.6, Sum: 710.8]
      [Termination (ms): Min: 0.0, Avg: 0.6, Max: 0.9, Diff: 0.9, Sum: 2.3]
      [GC Worker Other (ms): Min: 0.0, Avg: 0.0, Max: 0.0, Diff: 0.0, Sum: 0.0]
      [GC Worker Total (ms): Min: 205.1, Avg: 205.2, Max: 205.3, Diff: 0.2, Sum: 820.7]
      [GC Worker End (ms): Min: 214270.6, Avg: 214270.6, Max: 214270.7, Diff: 0.2]
   [Code Root Fixup: 0.0 ms]
   [Clear CT: 0.2 ms]
   [Other: 2.5 ms]
      [Choose CSet: 0.0 ms]
      [Ref Proc: 0.5 ms]
      [Ref Enq: 0.0 ms]
      [Free CSet: 0.2 ms]
   [Eden: 278.0M(278.0M)->0.0B(206.0M) Survivors: 40.0M->40.0M Heap: 1045.0M(2048.0M)->943.0M(2048.0M)]
 [Times: user=0.83 sys=0.00, real=0.21 secs] 
214.524: [GC pause (young), 0.1460631 secs]
   [Parallel Time: 144.0 ms, GC Workers: 4]
      [GC Worker Start (ms): Min: 214524.6, Avg: 214524.6, Max: 214524.6, Diff: 0.0]
      [Ext Root Scanning (ms): Min: 0.9, Avg: 1.0, Max: 1.0, Diff: 0.1, Sum: 3.9]
      [Update RS (ms): Min: 21.5, Avg: 21.5, Max: 21.6, Diff: 0.2, Sum: 86.1]
         [Processed Buffers: Min: 158, Avg: 204.8, Max: 236, Diff: 78, Sum: 819]
      [Scan RS (ms): Min: 5.0, Avg: 5.1, Max: 5.1, Diff: 0.1, Sum: 20.2]
      [Object Copy (ms): Min: 116.3, Avg: 116.4, Max: 116.4, Diff: 0.1, Sum: 465.5]
      [Termination (ms): Min: 0.0, Avg: 0.0, Max: 0.0, Diff: 0.0, Sum: 0.0]
      [GC Worker Other (ms): Min: 0.0, Avg: 0.0, Max: 0.0, Diff: 0.0, Sum: 0.1]
      [GC Worker Total (ms): Min: 143.9, Avg: 143.9, Max: 143.9, Diff: 0.0, Sum: 575.7]
      [GC Worker End (ms): Min: 214668.5, Avg: 214668.5, Max: 214668.6, Diff: 0.0]
   [Code Root Fixup: 0.0 ms]
   [Clear CT: 0.1 ms]
   [Other: 2.0 ms]
      [Choose CSet: 0.0 ms]
      [Ref Proc: 0.0 ms]
      [Ref Enq: 0.0 ms]
      [Free CSet: 0.3 ms]
   [Eden: 206.0M(206.0M)->0.0B(253.0M) Survivors: 40.0M->31.0M Heap: 1149.0M(2048.0M)->1051.5M(2048.0M)]
 [Times: user=0.56 sys=0.00, real=0.15 secs] 
214.941: [GC pause (young) (initial-mark), 0.1769253 secs]
   [Parallel Time: 174.9 ms, GC Workers: 4]
      [GC Worker Start (ms): Min: 214941.2, Avg: 214941.2, Max: 214941.2, Diff: 0.0]
      [Ext Root Scanning (ms): Min: 1.1, Avg: 1.1, Max: 1.2, Diff: 0.2, Sum: 4.5]
      [Update RS (ms): Min: 19.2, Avg: 19.3, Max: 19.4, Diff: 0.1, Sum: 77.2]
         [Processed Buffers: Min: 156, Avg: 182.5, Max: 194, Diff: 38, Sum: 730]
      [Scan RS (ms): Min: 0.3, Avg: 0.4, Max: 0.5, Diff: 0.1, Sum: 1.6]
      [Object Copy (ms): Min: 153.9, Avg: 154.1, Max: 154.1, Diff: 0.2, Sum: 616.2]
      [Termination (ms): Min: 0.0, Avg: 0.0, Max: 0.0, Diff: 0.0, Sum: 0.0]
      [GC Worker Other (ms): Min: 0.0, Avg: 0.0, Max: 0.0, Diff: 0.0, Sum: 0.1]
      [GC Worker Total (ms): Min: 174.9, Avg: 174.9, Max: 174.9, Diff: 0.0, Sum: 699.6]
      [GC Worker End (ms): Min: 215116.1, Avg: 215116.1, Max: 215116.1, Diff: 0.0]
   [Code Root Fixup: 0.0 ms]
   [Clear CT: 0.1 ms]
   [Other: 1.9 ms]
      [Choose CSet: 0.0 ms]
      [Ref Proc: 0.0 ms]
      [Ref Enq: 0.0 ms]
      [Free CSet: 0.3 ms]
   [Eden: 253.0M(253.0M)->0.0B(222.0M) Survivors: 31.0M->36.0M Heap: 1304.5M(2048.0M)->1195.5M(2048.0M)]
 [Times: user=0.62 sys=0.00, real=0.18 secs] 
215.118: [GC concurrent-root-region-scan-start]
215.157: [GC concurrent-root-region-scan-end, 0.0395062 secs]
215.157: [GC concurrent-mark-start]
215.368: [GC pause (young), 0.0717591 secs]
   [Parallel Time: 70.5 ms, GC Workers: 4]
      [GC Worker Start (ms): Min: 215368.4, Avg: 215368.4, Max: 215368.4, Diff: 0.0]
      [Ext Root Scanning (ms): Min: 0.9, Avg: 1.0, Max: 1.0, Diff: 0.1, Sum: 3.9]
      [SATB Filtering (ms): Min: 0.0, Avg: 0.0, Max: 0.1, Diff: 0.1, Sum: 0.1]
      [Update RS (ms): Min: 21.5, Avg: 21.6, Max: 21.7, Diff: 0.1, Sum: 86.5]
         [Processed Buffers: Min: 110, Avg: 121.0, Max: 127, Diff: 17, Sum: 484]
      [Scan RS (ms): Min: 0.2, Avg: 0.2, Max: 0.2, Diff: 0.1, Sum: 0.8]
      [Object Copy (ms): Min: 47.6, Avg: 47.6, Max: 47.7, Diff: 0.1, Sum: 190.6]
      [Termination (ms): Min: 0.0, Avg: 0.0, Max: 0.0, Diff: 0.0, Sum: 0.0]
      [GC Worker Other (ms): Min: 0.0, Avg: 0.0, Max: 0.0, Diff: 0.0, Sum: 0.1]
      [GC Worker Total (ms): Min: 70.5, Avg: 70.5, Max: 70.5, Diff: 0.0, Sum: 281.9]
      [GC Worker End (ms): Min: 215438.9, Avg: 215438.9, Max: 215438.9, Diff: 0.0]
   [Code Root Fixup: 0.0 ms]
   [Clear CT: 0.1 ms]
   [Other: 1.1 ms]
      [Choose CSet: 0.0 ms]
      [Ref Proc: 0.2 ms]
      [Ref Enq: 0.0 ms]
      [Free CSet: 0.2 ms]
   [Eden: 222.0M(222.0M)->0.0B(388.0M) Survivors: 36.0M->12.0M Heap: 1417.5M(2048.0M)->1208.5M(2048.0M)]
 [Times: user=0.22 sys=0.00, real=0.07 secs] 
215.707: [GC concurrent-mark-end, 0.5494190 secs]
215.711: [GC remark 215.711: [GC ref-proc, 0.0012168 secs], 0.0039426 secs]
 [Times: user=0.00 sys=0.00, real=0.00 secs] 
215.721: [GC cleanup 1540M->803M(2048M), 0.0025042 secs]
 [Times: user=0.00 sys=0.01, real=0.00 secs] 
215.723: [GC concurrent-cleanup-start]
215.724: [GC concurrent-cleanup-end, 0.0008977 secs]
215.770: [GC pause (young), 0.0863762 secs]
   [Parallel Time: 84.8 ms, GC Workers: 4]
      [GC Worker Start (ms): Min: 215770.6, Avg: 215770.7, Max: 215770.8, Diff: 0.2]
      [Ext Root Scanning (ms): Min: 0.2, Avg: 0.9, Max: 1.2, Diff: 0.9, Sum: 3.6]
      [Update RS (ms): Min: 12.1, Avg: 25.5, Max: 30.0, Diff: 17.9, Sum: 101.9]
         [Processed Buffers: Min: 165, Avg: 260.3, Max: 310, Diff: 145, Sum: 1041]
      [Scan RS (ms): Min: 0.1, Avg: 0.1, Max: 0.1, Diff: 0.0, Sum: 0.4]
      [Object Copy (ms): Min: 53.5, Avg: 58.3, Max: 72.4, Diff: 18.9, Sum: 233.0]
      [Termination (ms): Min: 0.0, Avg: 0.0, Max: 0.0, Diff: 0.0, Sum: 0.0]
      [GC Worker Other (ms): Min: 0.0, Avg: 0.0, Max: 0.0, Diff: 0.0, Sum: 0.1]
      [GC Worker Total (ms): Min: 84.6, Avg: 84.8, Max: 84.8, Diff: 0.2, Sum: 339.0]
      [GC Worker End (ms): Min: 215855.4, Avg: 215855.4, Max: 215855.4, Diff: 0.0]
   [Code Root Fixup: 0.1 ms]
   [Clear CT: 0.2 ms]
   [Other: 1.3 ms]
      [Choose CSet: 0.0 ms]
      [Ref Proc: 0.4 ms]
      [Ref Enq: 0.0 ms]
      [Free CSet: 0.3 ms]
   [Eden: 388.0M(388.0M)->0.0B(52.0M) Survivors: 12.0M->50.0M Heap: 859.5M(2048.0M)->530.5M(2048.0M)]
 [Times: user=0.30 sys=0.00, real=0.09 secs] 
215.900: [GC pause (mixed), 0.0926877 secs]
   [Parallel Time: 90.9 ms, GC Workers: 4]
      [GC Worker Start (ms): Min: 215899.9, Avg: 215899.9, Max: 215900.0, Diff: 0.0]
      [Ext Root Scanning (ms): Min: 1.1, Avg: 10.8, Max: 39.8, Diff: 38.7, Sum: 43.2]
      [Update RS (ms): Min: 0.0, Avg: 8.1, Max: 10.8, Diff: 10.8, Sum: 32.4]
         [Processed Buffers: Min: 0, Avg: 43.3, Max: 58, Diff: 58, Sum: 173]
      [Scan RS (ms): Min: 0.0, Avg: 0.0, Max: 0.0, Diff: 0.0, Sum: 0.1]
      [Object Copy (ms): Min: 51.1, Avg: 71.9, Max: 78.9, Diff: 27.8, Sum: 287.7]
      [Termination (ms): Min: 0.0, Avg: 0.0, Max: 0.0, Diff: 0.0, Sum: 0.0]
      [GC Worker Other (ms): Min: 0.0, Avg: 0.0, Max: 0.0, Diff: 0.0, Sum: 0.0]
      [GC Worker Total (ms): Min: 90.9, Avg: 90.9, Max: 90.9, Diff: 0.0, Sum: 363.6]
      [GC Worker End (ms): Min: 215990.8, Avg: 215990.8, Max: 215990.8, Diff: 0.0]
   [Code Root Fixup: 0.0 ms]
   [Clear CT: 0.8 ms]
   [Other: 1.0 ms]
      [Choose CSet: 0.0 ms]
      [Ref Proc: 0.0 ms]
      [Ref Enq: 0.0 ms]
      [Free CSet: 0.1 ms]
   [Eden: 52.0M(52.0M)->0.0B(438.0M) Survivors: 50.0M->13.0M Heap: 582.5M(2048.0M)->569.0M(2048.0M)]
 [Times: user=0.34 sys=0.00, real=0.09 secs] 
216.380: [GC pause (young), 0.1890113 secs]
   [Parallel Time: 187.2 ms, GC Workers: 4]
      [GC Worker Start (ms): Min: 216380.1, Avg: 216381.2, Max: 216384.5, Diff: 4.4]
      [Ext Root Scanning (ms): Min: 0.1, Avg: 0.9, Max: 1.2, Diff: 1.1, Sum: 3.6]
      [Update RS (ms): Min: 16.8, Avg: 19.1, Max: 19.9, Diff: 3.2, Sum: 76.5]
         [Processed Buffers: Min: 121, Avg: 154.5, Max: 195, Diff: 74, Sum: 618]
      [Scan RS (ms): Min: 1.2, Avg: 1.2, Max: 1.2, Diff: 0.1, Sum: 4.8]
      [Object Copy (ms): Min: 164.8, Avg: 164.8, Max: 164.9, Diff: 0.1, Sum: 659.3]
      [Termination (ms): Min: 0.0, Avg: 0.0, Max: 0.0, Diff: 0.0, Sum: 0.0]
      [GC Worker Other (ms): Min: 0.0, Avg: 0.0, Max: 0.0, Diff: 0.0, Sum: 0.1]
      [GC Worker Total (ms): Min: 182.8, Avg: 186.1, Max: 187.2, Diff: 4.4, Sum: 744.3]
      [GC Worker End (ms): Min: 216567.3, Avg: 216567.3, Max: 216567.3, Diff: 0.0]
   [Code Root Fixup: 0.0 ms]
   [Clear CT: 0.2 ms]
   [Other: 1.6 ms]
      [Choose CSet: 0.0 ms]
      [Ref Proc: 0.1 ms]
      [Ref Enq: 0.0 ms]
      [Free CSet: 0.3 ms]
   [Eden: 438.0M(438.0M)->0.0B(242.0M) Survivors: 13.0M->57.0M Heap: 1007.0M(2048.0M)->772.0M(2048.0M)]
 [Times: user=0.75 sys=0.00, real=0.19 secs] 
216.799: [GC pause (young), 0.1306301 secs]
   [Parallel Time: 128.9 ms, GC Workers: 4]
      [GC Worker Start (ms): Min: 216799.5, Avg: 216800.1, Max: 216802.1, Diff: 2.6]
      [Ext Root Scanning (ms): Min: 0.1, Avg: 0.9, Max: 1.2, Diff: 1.1, Sum: 3.7]
      [Update RS (ms): Min: 18.3, Avg: 19.5, Max: 20.1, Diff: 1.8, Sum: 77.9]
         [Processed Buffers: Min: 170, Avg: 198.0, Max: 230, Diff: 60, Sum: 792]
      [Scan RS (ms): Min: 6.1, Avg: 6.3, Max: 6.4, Diff: 0.4, Sum: 25.3]
      [Object Copy (ms): Min: 101.4, Avg: 101.5, Max: 101.5, Diff: 0.1, Sum: 405.9]
      [Termination (ms): Min: 0.0, Avg: 0.0, Max: 0.0, Diff: 0.0, Sum: 0.0]
      [GC Worker Other (ms): Min: 0.0, Avg: 0.0, Max: 0.0, Diff: 0.0, Sum: 0.1]
      [GC Worker Total (ms): Min: 126.3, Avg: 128.2, Max: 128.9, Diff: 2.6, Sum: 512.9]
      [GC Worker End (ms): Min: 216928.3, Avg: 216928.3, Max: 216928.3, Diff: 0.0]
   [Code Root Fixup: 0.0 ms]
   [Clear CT: 0.1 ms]
   [Other: 1.6 ms]
      [Choose CSet: 0.0 ms]
      [Ref Proc: 0.0 ms]
      [Ref Enq: 0.0 ms]
      [Free CSet: 0.2 ms]
   [Eden: 242.0M(242.0M)->0.0B(291.0M) Survivors: 57.0M->38.0M Heap: 1014.0M(2048.0M)->831.0M(2048.0M)]
 [Times: user=0.44 sys=0.00, real=0.13 secs] 
217.180: [GC pause (young), 0.1204620 secs]
   [Parallel Time: 117.5 ms, GC Workers: 4]
      [GC Worker Start (ms): Min: 217180.7, Avg: 217180.7, Max: 217180.7, Diff: 0.0]
      [Ext Root Scanning (ms): Min: 0.9, Avg: 0.9, Max: 0.9, Diff: 0.0, Sum: 3.5]
      [Update RS (ms): Min: 19.3, Avg: 19.3, Max: 19.3, Diff: 0.0, Sum: 77.1]
         [Processed Buffers: Min: 118, Avg: 134.3, Max: 141, Diff: 23, Sum: 537]
      [Scan RS (ms): Min: 0.3, Avg: 0.3, Max: 0.3, Diff: 0.0, Sum: 1.3]
      [Object Copy (ms): Min: 97.0, Avg: 97.0, Max: 97.0, Diff: 0.0, Sum: 388.0]
      [Termination (ms): Min: 0.0, Avg: 0.0, Max: 0.0, Diff: 0.0, Sum: 0.0]
      [GC Worker Other (ms): Min: 0.0, Avg: 0.0, Max: 0.0, Diff: 0.0, Sum: 0.1]
      [GC Worker Total (ms): Min: 117.5, Avg: 117.5, Max: 117.5, Diff: 0.0, Sum: 470.0]
      [GC Worker End (ms): Min: 217298.2, Avg: 217298.2, Max: 217298.2, Diff: 0.0]
   [Code Root Fixup: 0.0 ms]
   [Clear CT: 1.2 ms]
   [Other: 1.7 ms]
      [Choose CSet: 0.0 ms]
      [Ref Proc: 0.5 ms]
      [Ref Enq: 0.0 ms]
      [Free CSet: 0.3 ms]
   [Eden: 291.0M(291.0M)->0.0B(336.0M) Survivors: 38.0M->42.0M Heap: 1122.0M(2048.0M)->922.5M(2048.0M)]
 [Times: user=0.48 sys=0.00, real=0.12 secs] 
217.576: [GC pause (young), 0.1506459 secs]
   [Parallel Time: 149.0 ms, GC Workers: 4]
      [GC Worker Start (ms): Min: 217576.3, Avg: 217576.3, Max: 217576.3, Diff: 0.0]
      [Ext Root Scanning (ms): Min: 0.9, Avg: 0.9, Max: 0.9, Diff: 0.0, Sum: 3.7]
      [Update RS (ms): Min: 23.5, Avg: 23.5, Max: 23.6, Diff: 0.0, Sum: 94.2]
         [Processed Buffers: Min: 131, Avg: 150.5, Max: 160, Diff: 29, Sum: 602]
      [Scan RS (ms): Min: 0.3, Avg: 0.3, Max: 0.3, Diff: 0.0, Sum: 1.1]
      [Object Copy (ms): Min: 124.2, Avg: 124.2, Max: 124.2, Diff: 0.0, Sum: 496.8]
      [Termination (ms): Min: 0.0, Avg: 0.0, Max: 0.0, Diff: 0.0, Sum: 0.0]
      [GC Worker Other (ms): Min: 0.0, Avg: 0.0, Max: 0.0, Diff: 0.0, Sum: 0.1]
      [GC Worker Total (ms): Min: 149.0, Avg: 149.0, Max: 149.0, Diff: 0.0, Sum: 595.8]
      [GC Worker End (ms): Min: 217725.3, Avg: 217725.3, Max: 217725.3, Diff: 0.0]
   [Code Root Fixup: 0.0 ms]
   [Clear CT: 0.1 ms]
   [Other: 1.5 ms]
      [Choose CSet: 0.0 ms]
      [Ref Proc: 0.2 ms]
      [Ref Enq: 0.0 ms]
      [Free CSet: 0.3 ms]
   [Eden: 336.0M(336.0M)->0.0B(318.0M) Survivors: 42.0M->48.0M Heap: 1258.5M(2048.0M)->1027.5M(2048.0M)]
 [Times: user=0.58 sys=0.00, real=0.15 secs] 
218.033: [GC pause (young) (initial-mark), 0.2052712 secs]
   [Parallel Time: 199.5 ms, GC Workers: 4]
      [GC Worker Start (ms): Min: 218033.0, Avg: 218033.0, Max: 218033.0, Diff: 0.0]
      [Ext Root Scanning (ms): Min: 0.9, Avg: 1.0, Max: 1.0, Diff: 0.1, Sum: 3.8]
      [Update RS (ms): Min: 21.1, Avg: 21.1, Max: 21.1, Diff: 0.0, Sum: 84.4]
         [Processed Buffers: Min: 133, Avg: 144.5, Max: 151, Diff: 18, Sum: 578]
      [Scan RS (ms): Min: 0.3, Avg: 0.3, Max: 0.3, Diff: 0.0, Sum: 1.0]
      [Object Copy (ms): Min: 172.0, Avg: 173.0, Max: 175.9, Diff: 4.0, Sum: 691.8]
      [Termination (ms): Min: 0.0, Avg: 3.3, Max: 5.1, Diff: 5.1, Sum: 13.4]
      [GC Worker Other (ms): Min: 0.0, Avg: 0.0, Max: 0.0, Diff: 0.0, Sum: 0.0]
      [GC Worker Total (ms): Min: 198.3, Avg: 198.6, Max: 199.4, Diff: 1.2, Sum: 794.6]
      [GC Worker End (ms): Min: 218231.3, Avg: 218231.6, Max: 218232.4, Diff: 1.2]
   [Code Root Fixup: 0.0 ms]
   [Clear CT: 0.3 ms]
   [Other: 5.5 ms]
      [Choose CSet: 0.0 ms]
      [Ref Proc: 3.7 ms]
      [Ref Enq: 0.0 ms]
      [Free CSet: 0.3 ms]
   [Eden: 318.0M(318.0M)->0.0B(252.0M) Survivors: 48.0M->46.0M Heap: 1345.5M(2048.0M)->1174.5M(2048.0M)]
 [Times: user=0.70 sys=0.00, real=0.21 secs] 
218.238: [GC concurrent-root-region-scan-start]
218.323: [GC concurrent-root-region-scan-end, 0.0847668 secs]
218.323: [GC concurrent-mark-start]
218.556: [GC pause (young), 0.1689965 secs]
   [Parallel Time: 166.9 ms, GC Workers: 4]
      [GC Worker Start (ms): Min: 218556.6, Avg: 218556.6, Max: 218556.6, Diff: 0.0]
      [Ext Root Scanning (ms): Min: 0.9, Avg: 0.9, Max: 0.9, Diff: 0.0, Sum: 3.5]
      [SATB Filtering (ms): Min: 0.0, Avg: 0.8, Max: 3.1, Diff: 3.1, Sum: 3.1]
      [Update RS (ms): Min: 17.1, Avg: 42.6, Max: 112.2, Diff: 95.1, Sum: 170.2]
         [Processed Buffers: Min: 146, Avg: 191.8, Max: 226, Diff: 80, Sum: 767]
      [Scan RS (ms): Min: 0.0, Avg: 1.4, Max: 2.1, Diff: 2.1, Sum: 5.8]
      [Object Copy (ms): Min: 53.7, Avg: 121.2, Max: 143.7, Diff: 90.0, Sum: 484.6]
      [Termination (ms): Min: 0.0, Avg: 0.0, Max: 0.0, Diff: 0.0, Sum: 0.0]
      [GC Worker Other (ms): Min: 0.0, Avg: 0.0, Max: 0.0, Diff: 0.0, Sum: 0.1]
      [GC Worker Total (ms): Min: 166.8, Avg: 166.8, Max: 166.9, Diff: 0.0, Sum: 667.4]
      [GC Worker End (ms): Min: 218723.4, Avg: 218723.4, Max: 218723.5, Diff: 0.0]
   [Code Root Fixup: 0.0 ms]
   [Clear CT: 0.2 ms]
   [Other: 2.0 ms]
      [Choose CSet: 0.0 ms]
      [Ref Proc: 0.1 ms]
      [Ref Enq: 0.0 ms]
      [Free CSet: 0.4 ms]
   [Eden: 252.0M(252.0M)->0.0B(256.0M) Survivors: 46.0M->38.0M Heap: 1426.5M(2048.0M)->1275.5M(2048.0M)]
 [Times: user=0.55 sys=0.00, real=0.17 secs] 
219.034: [GC pause (young), 0.1101848 secs]
   [Parallel Time: 108.7 ms, GC Workers: 4]
      [GC Worker Start (ms): Min: 219034.1, Avg: 219034.1, Max: 219034.1, Diff: 0.0]
      [Ext Root Scanning (ms): Min: 0.8, Avg: 0.9, Max: 0.9, Diff: 0.2, Sum: 3.5]
      [SATB Filtering (ms): Min: 0.0, Avg: 0.7, Max: 2.6, Diff: 2.6, Sum: 2.6]
      [Update RS (ms): Min: 14.7, Avg: 17.1, Max: 18.9, Diff: 4.2, Sum: 68.3]
         [Processed Buffers: Min: 156, Avg: 182.0, Max: 213, Diff: 57, Sum: 728]
      [Scan RS (ms): Min: 1.1, Avg: 2.3, Max: 2.7, Diff: 1.7, Sum: 9.2]
      [Object Copy (ms): Min: 78.5, Avg: 80.7, Max: 87.4, Diff: 8.9, Sum: 322.9]
      [Termination (ms): Min: 0.0, Avg: 6.8, Max: 9.3, Diff: 9.3, Sum: 27.3]
      [GC Worker Other (ms): Min: 0.0, Avg: 0.0, Max: 0.0, Diff: 0.0, Sum: 0.1]
      [GC Worker Total (ms): Min: 108.3, Avg: 108.4, Max: 108.7, Diff: 0.4, Sum: 433.8]
      [GC Worker End (ms): Min: 219142.4, Avg: 219142.5, Max: 219142.8, Diff: 0.4]
   [Code Root Fixup: 0.0 ms]
   [Clear CT: 0.2 ms]
   [Other: 1.3 ms]
      [Choose CSet: 0.0 ms]
      [Ref Proc: 0.1 ms]
      [Ref Enq: 0.0 ms]
      [Free CSet: 0.2 ms]
   [Eden: 256.0M(256.0M)->0.0B(324.0M) Survivors: 38.0M->37.0M Heap: 1531.5M(2048.0M)->1334.5M(2048.0M)]
 [Times: user=0.39 sys=0.00, real=0.11 secs] 
219.187: [GC concurrent-mark-end, 0.8634796 secs]
219.187: [GC remark 219.187: [GC ref-proc, 0.0012325 secs], 0.0027290 secs]
 [Times: user=0.00 sys=0.00, real=0.00 secs] 
219.190: [GC cleanup 1383M->770M(2048M), 0.0013153 secs]
 [Times: user=0.00 sys=0.00, real=0.00 secs] 
219.192: [GC concurrent-cleanup-start]
219.192: [GC concurrent-cleanup-end, 0.0007733 secs]
219.460: [GC pause (young), 0.2663792 secs]
   [Parallel Time: 264.0 ms, GC Workers: 4]
      [GC Worker Start (ms): Min: 219460.2, Avg: 219460.2, Max: 219460.2, Diff: 0.0]
      [Ext Root Scanning (ms): Min: 0.9, Avg: 0.9, Max: 0.9, Diff: 0.0, Sum: 3.5]
      [Update RS (ms): Min: 29.0, Avg: 29.0, Max: 29.0, Diff: 0.0, Sum: 115.9]
         [Processed Buffers: Min: 81, Avg: 144.8, Max: 170, Diff: 89, Sum: 579]
      [Scan RS (ms): Min: 0.1, Avg: 0.1, Max: 0.1, Diff: 0.0, Sum: 0.6]
      [Object Copy (ms): Min: 234.0, Avg: 234.0, Max: 234.0, Diff: 0.0, Sum: 935.9]
      [Termination (ms): Min: 0.0, Avg: 0.0, Max: 0.0, Diff: 0.0, Sum: 0.0]
      [GC Worker Other (ms): Min: 0.0, Avg: 0.0, Max: 0.0, Diff: 0.0, Sum: 0.1]
      [GC Worker Total (ms): Min: 264.0, Avg: 264.0, Max: 264.0, Diff: 0.0, Sum: 1056.0]
      [GC Worker End (ms): Min: 219724.1, Avg: 219724.1, Max: 219724.2, Diff: 0.0]
   [Code Root Fixup: 0.0 ms]
   [Clear CT: 0.1 ms]
   [Other: 2.3 ms]
      [Choose CSet: 0.0 ms]
      [Ref Proc: 0.2 ms]
      [Ref Enq: 0.0 ms]
      [Free CSet: 0.3 ms]
   [Eden: 324.0M(324.0M)->0.0B(56.0M) Survivors: 37.0M->46.0M Heap: 1045.5M(2048.0M)->953.5M(2048.0M)]
 [Times: user=0.97 sys=0.00, real=0.27 secs] 
219.878: [GC pause (mixed), 0.0895969 secs]
   [Parallel Time: 86.6 ms, GC Workers: 4]
      [GC Worker Start (ms): Min: 219878.3, Avg: 219878.8, Max: 219879.3, Diff: 1.0]
      [Ext Root Scanning (ms): Min: 0.6, Avg: 1.0, Max: 1.5, Diff: 0.9, Sum: 4.0]
      [Update RS (ms): Min: 23.7, Avg: 23.8, Max: 23.9, Diff: 0.1, Sum: 95.2]
         [Processed Buffers: Min: 121, Avg: 127.0, Max: 132, Diff: 11, Sum: 508]
      [Scan RS (ms): Min: 11.0, Avg: 11.1, Max: 11.2, Diff: 0.2, Sum: 44.2]
      [Object Copy (ms): Min: 50.0, Avg: 50.1, Max: 50.2, Diff: 0.2, Sum: 200.4]
      [Termination (ms): Min: 0.0, Avg: 0.0, Max: 0.0, Diff: 0.0, Sum: 0.0]
      [GC Worker Other (ms): Min: 0.0, Avg: 0.0, Max: 0.0, Diff: 0.0, Sum: 0.1]
      [GC Worker Total (ms): Min: 85.5, Avg: 86.0, Max: 86.5, Diff: 1.0, Sum: 344.0]
      [GC Worker End (ms): Min: 219964.8, Avg: 219964.8, Max: 219964.8, Diff: 0.0]
   [Code Root Fixup: 0.0 ms]
   [Clear CT: 0.6 ms]
   [Other: 2.3 ms]
      [Choose CSet: 0.1 ms]
      [Ref Proc: 0.6 ms]
      [Ref Enq: 0.0 ms]
      [Free CSet: 0.5 ms]
   [Eden: 56.0M(56.0M)->0.0B(234.0M) Survivors: 46.0M->3072.0K Heap: 1009.5M(2048.0M)->873.5M(2048.0M)]
 [Times: user=0.38 sys=0.00, real=0.09 secs] 
220.212: [GC pause (young), 0.1171207 secs]
   [Parallel Time: 115.7 ms, GC Workers: 4]
      [GC Worker Start (ms): Min: 220213.0, Avg: 220213.0, Max: 220213.0, Diff: 0.0]
      [Ext Root Scanning (ms): Min: 0.9, Avg: 0.9, Max: 0.9, Diff: 0.0, Sum: 3.5]
      [Update RS (ms): Min: 15.7, Avg: 15.7, Max: 15.8, Diff: 0.1, Sum: 62.9]
         [Processed Buffers: Min: 137, Avg: 288.0, Max: 468, Diff: 331, Sum: 1152]
      [Scan RS (ms): Min: 0.0, Avg: 0.1, Max: 0.1, Diff: 0.1, Sum: 0.3]
      [Object Copy (ms): Min: 98.9, Avg: 98.9, Max: 98.9, Diff: 0.0, Sum: 395.8]
      [Termination (ms): Min: 0.0, Avg: 0.0, Max: 0.0, Diff: 0.0, Sum: 0.0]
      [GC Worker Other (ms): Min: 0.0, Avg: 0.0, Max: 0.0, Diff: 0.0, Sum: 0.1]
      [GC Worker Total (ms): Min: 115.6, Avg: 115.6, Max: 115.7, Diff: 0.0, Sum: 462.6]
      [GC Worker End (ms): Min: 220328.6, Avg: 220328.6, Max: 220328.6, Diff: 0.0]
   [Code Root Fixup: 0.0 ms]
   [Clear CT: 0.1 ms]
   [Other: 1.4 ms]
      [Choose CSet: 0.0 ms]
      [Ref Proc: 0.0 ms]
      [Ref Enq: 0.0 ms]
      [Free CSet: 0.2 ms]
   [Eden: 234.0M(234.0M)->0.0B(175.0M) Survivors: 3072.0K->30.0M Heap: 1107.5M(2048.0M)->1000.5M(2048.0M)]
 [Times: user=0.50 sys=0.00, real=0.12 secs] 
220.475: [GC pause (young) (initial-mark), 0.0806597 secs]
   [Parallel Time: 79.2 ms, GC Workers: 4]
      [GC Worker Start (ms): Min: 220475.1, Avg: 220480.9, Max: 220498.1, Diff: 23.0]
      [Ext Root Scanning (ms): Min: 0.1, Avg: 0.9, Max: 1.2, Diff: 1.1, Sum: 3.5]
      [Update RS (ms): Min: 0.2, Avg: 16.8, Max: 23.1, Diff: 22.9, Sum: 67.2]
         [Processed Buffers: Min: 61, Avg: 182.0, Max: 252, Diff: 191, Sum: 728]
      [Scan RS (ms): Min: 2.2, Avg: 3.0, Max: 3.4, Diff: 1.2, Sum: 12.1]
      [Object Copy (ms): Min: 52.5, Avg: 52.7, Max: 52.9, Diff: 0.3, Sum: 211.0]
      [Termination (ms): Min: 0.0, Avg: 0.0, Max: 0.0, Diff: 0.0, Sum: 0.0]
      [GC Worker Other (ms): Min: 0.0, Avg: 0.0, Max: 0.0, Diff: 0.0, Sum: 0.1]
      [GC Worker Total (ms): Min: 56.3, Avg: 73.5, Max: 79.2, Diff: 23.0, Sum: 293.9]
      [GC Worker End (ms): Min: 220554.4, Avg: 220554.4, Max: 220554.4, Diff: 0.0]
   [Code Root Fixup: 0.0 ms]
   [Clear CT: 0.1 ms]
   [Other: 1.3 ms]
      [Choose CSet: 0.0 ms]
      [Ref Proc: 0.1 ms]
      [Ref Enq: 0.0 ms]
      [Free CSet: 0.2 ms]
   [Eden: 175.0M(175.0M)->0.0B(261.0M) Survivors: 30.0M->26.0M Heap: 1175.5M(2048.0M)->1034.0M(2048.0M)]
 [Times: user=0.25 sys=0.00, real=0.08 secs] 
220.556: [GC concurrent-root-region-scan-start]
220.583: [GC concurrent-root-region-scan-end, 0.0277445 secs]
220.583: [GC concurrent-mark-start]
220.783: [GC pause (young), 0.0804067 secs]
   [Parallel Time: 79.3 ms, GC Workers: 4]
      [GC Worker Start (ms): Min: 220783.2, Avg: 220789.8, Max: 220801.2, Diff: 18.1]
      [Ext Root Scanning (ms): Min: 0.1, Avg: 0.9, Max: 1.7, Diff: 1.6, Sum: 3.5]
      [SATB Filtering (ms): Min: 0.0, Avg: 0.1, Max: 0.3, Diff: 0.3, Sum: 0.3]
      [Update RS (ms): Min: 8.6, Avg: 20.6, Max: 24.9, Diff: 16.4, Sum: 82.5]
         [Processed Buffers: Min: 46, Avg: 103.0, Max: 154, Diff: 108, Sum: 412]
      [Scan RS (ms): Min: 0.0, Avg: 0.2, Max: 0.2, Diff: 0.2, Sum: 0.6]
      [Object Copy (ms): Min: 46.2, Avg: 50.8, Max: 52.3, Diff: 6.1, Sum: 203.0]
      [Termination (ms): Min: 0.0, Avg: 0.1, Max: 0.1, Diff: 0.1, Sum: 0.2]
      [GC Worker Other (ms): Min: 0.0, Avg: 0.0, Max: 0.0, Diff: 0.0, Sum: 0.0]
      [GC Worker Total (ms): Min: 61.1, Avg: 72.5, Max: 79.2, Diff: 18.1, Sum: 290.2]
      [GC Worker End (ms): Min: 220862.3, Avg: 220862.4, Max: 220862.4, Diff: 0.1]
   [Code Root Fixup: 0.0 ms]
   [Clear CT: 0.4 ms]
   [Other: 0.8 ms]
      [Choose CSet: 0.0 ms]
      [Ref Proc: 0.1 ms]
      [Ref Enq: 0.0 ms]
      [Free CSet: 0.2 ms]
   [Eden: 261.0M(261.0M)->0.0B(360.0M) Survivors: 26.0M->25.0M Heap: 1295.0M(2048.0M)->1060.0M(2048.0M)]
 [Times: user=0.22 sys=0.00, real=0.08 secs] 
221.083: [GC concurrent-mark-end, 0.4996543 secs]
221.084: [GC remark 221.084: [GC ref-proc, 0.0011982 secs], 0.0029394 secs]
 [Times: user=0.00 sys=0.00, real=0.00 secs] 
221.087: [GC cleanup 1324M->659M(2048M), 0.0023419 secs]
 [Times: user=0.03 sys=0.00, real=0.00 secs] 
221.090: [GC concurrent-cleanup-start]
221.090: [GC concurrent-cleanup-end, 0.0008082 secs]
221.167: [GC pause (young), 0.0851809 secs]
   [Parallel Time: 83.0 ms, GC Workers: 4]
      [GC Worker Start (ms): Min: 221167.3, Avg: 221167.3, Max: 221167.3, Diff: 0.0]
      [Ext Root Scanning (ms): Min: 1.1, Avg: 2.4, Max: 6.0, Diff: 4.9, Sum: 9.5]
      [Update RS (ms): Min: 8.7, Avg: 12.3, Max: 13.5, Diff: 4.8, Sum: 49.2]
         [Processed Buffers: Min: 68, Avg: 76.3, Max: 84, Diff: 16, Sum: 305]
      [Scan RS (ms): Min: 0.1, Avg: 0.1, Max: 0.1, Diff: 0.0, Sum: 0.4]
      [Object Copy (ms): Min: 67.1, Avg: 67.2, Max: 67.7, Diff: 0.6, Sum: 269.0]
      [Termination (ms): Min: 0.0, Avg: 0.6, Max: 0.8, Diff: 0.8, Sum: 2.2]
      [GC Worker Other (ms): Min: 0.0, Avg: 0.0, Max: 0.0, Diff: 0.0, Sum: 0.0]
      [GC Worker Total (ms): Min: 82.5, Avg: 82.6, Max: 82.6, Diff: 0.1, Sum: 330.3]
      [GC Worker End (ms): Min: 221249.8, Avg: 221249.8, Max: 221249.9, Diff: 0.1]
   [Code Root Fixup: 0.0 ms]
   [Clear CT: 0.1 ms]
   [Other: 2.1 ms]
      [Choose CSet: 0.0 ms]
      [Ref Proc: 1.3 ms]
      [Ref Enq: 0.0 ms]
      [Free CSet: 0.2 ms]
   [Eden: 360.0M(360.0M)->0.0B(395.0M) Survivors: 25.0M->49.0M Heap: 755.0M(2048.0M)->455.5M(2048.0M)]
 [Times: user=0.31 sys=0.00, real=0.09 secs] 
221.622: [GC pause (young), 0.2532861 secs]
   [Parallel Time: 248.5 ms, GC Workers: 4]
      [GC Worker Start (ms): Min: 221622.3, Avg: 221622.3, Max: 221622.3, Diff: 0.0]
      [Ext Root Scanning (ms): Min: 1.0, Avg: 1.1, Max: 1.2, Diff: 0.2, Sum: 4.4]
      [Update RS (ms): Min: 13.3, Avg: 13.4, Max: 13.5, Diff: 0.1, Sum: 53.6]
         [Processed Buffers: Min: 70, Avg: 72.0, Max: 73, Diff: 3, Sum: 288]
      [Scan RS (ms): Min: 0.1, Avg: 0.1, Max: 0.1, Diff: 0.1, Sum: 0.4]
      [Object Copy (ms): Min: 233.9, Avg: 233.9, Max: 233.9, Diff: 0.0, Sum: 935.7]
      [Termination (ms): Min: 0.0, Avg: 0.0, Max: 0.0, Diff: 0.0, Sum: 0.0]
      [GC Worker Other (ms): Min: 0.0, Avg: 0.0, Max: 0.0, Diff: 0.0, Sum: 0.1]
      [GC Worker Total (ms): Min: 248.5, Avg: 248.5, Max: 248.5, Diff: 0.0, Sum: 994.1]
      [GC Worker End (ms): Min: 221870.8, Avg: 221870.8, Max: 221870.8, Diff: 0.0]
   [Code Root Fixup: 0.0 ms]
   [Clear CT: 0.1 ms]
   [Other: 4.6 ms]
      [Choose CSet: 0.0 ms]
      [Ref Proc: 2.5 ms]
      [Ref Enq: 0.0 ms]
      [Free CSet: 0.3 ms]
   [Eden: 395.0M(395.0M)->0.0B(265.0M) Survivors: 49.0M->56.0M Heap: 850.5M(2048.0M)->695.0M(2048.0M)]
 [Times: user=0.97 sys=0.00, real=0.25 secs] 
222.176: [GC pause (young), 0.0982249 secs]
   [Parallel Time: 96.6 ms, GC Workers: 4]
      [GC Worker Start (ms): Min: 222175.9, Avg: 222176.4, Max: 222176.7, Diff: 0.9]
      [Ext Root Scanning (ms): Min: 0.7, Avg: 1.0, Max: 1.5, Diff: 0.8, Sum: 3.8]
      [Update RS (ms): Min: 16.7, Avg: 16.7, Max: 16.8, Diff: 0.0, Sum: 66.9]
         [Processed Buffers: Min: 108, Avg: 111.3, Max: 115, Diff: 7, Sum: 445]
      [Scan RS (ms): Min: 15.2, Avg: 15.2, Max: 15.2, Diff: 0.1, Sum: 60.7]
      [Object Copy (ms): Min: 63.1, Avg: 63.1, Max: 63.1, Diff: 0.0, Sum: 252.3]
      [Termination (ms): Min: 0.0, Avg: 0.0, Max: 0.0, Diff: 0.0, Sum: 0.0]
      [GC Worker Other (ms): Min: 0.0, Avg: 0.0, Max: 0.0, Diff: 0.0, Sum: 0.1]
      [GC Worker Total (ms): Min: 95.7, Avg: 96.0, Max: 96.5, Diff: 0.9, Sum: 383.9]
      [GC Worker End (ms): Min: 222272.4, Avg: 222272.4, Max: 222272.4, Diff: 0.0]
   [Code Root Fixup: 0.0 ms]
   [Clear CT: 0.1 ms]
   [Other: 1.5 ms]
      [Choose CSet: 0.0 ms]
      [Ref Proc: 0.0 ms]
      [Ref Enq: 0.0 ms]
      [Free CSet: 0.2 ms]
   [Eden: 192.0M(46.0M)->0.0B(364.0M) Survivors: 56.0M->13.0M Heap: 887.0M(2048.0M)->715.5M(2048.0M)]
 [Times: user=0.34 sys=0.00, real=0.10 secs] 
222.629: [GC pause (young), 0.1698474 secs]
   [Parallel Time: 167.5 ms, GC Workers: 4]
      [GC Worker Start (ms): Min: 222629.4, Avg: 222630.1, Max: 222632.4, Diff: 2.9]
      [Ext Root Scanning (ms): Min: 0.1, Avg: 0.9, Max: 1.2, Diff: 1.1, Sum: 3.5]
      [Update RS (ms): Min: 15.9, Avg: 16.7, Max: 18.4, Diff: 2.5, Sum: 66.9]
         [Processed Buffers: Min: 154, Avg: 249.5, Max: 336, Diff: 182, Sum: 998]
      [Scan RS (ms): Min: 0.0, Avg: 0.1, Max: 0.3, Diff: 0.2, Sum: 0.6]
      [Object Copy (ms): Min: 145.6, Avg: 148.6, Max: 149.8, Diff: 4.2, Sum: 594.6]
      [Termination (ms): Min: 0.0, Avg: 0.3, Max: 0.4, Diff: 0.4, Sum: 1.1]
      [GC Worker Other (ms): Min: 0.0, Avg: 0.0, Max: 0.0, Diff: 0.0, Sum: 0.0]
      [GC Worker Total (ms): Min: 164.5, Avg: 166.7, Max: 167.4, Diff: 3.0, Sum: 666.8]
      [GC Worker End (ms): Min: 222796.8, Avg: 222796.8, Max: 222796.8, Diff: 0.0]
   [Code Root Fixup: 0.0 ms]
   [Clear CT: 0.2 ms]
   [Other: 2.2 ms]
      [Choose CSet: 0.0 ms]
      [Ref Proc: 0.5 ms]
      [Ref Enq: 0.0 ms]
      [Free CSet: 0.4 ms]
   [Eden: 364.0M(364.0M)->0.0B(212.0M) Survivors: 13.0M->48.0M Heap: 1079.5M(2048.0M)->882.0M(2048.0M)]
 [Times: user=0.62 sys=0.00, real=0.17 secs] 
223.016: [GC pause (young), 0.1846518 secs]
   [Parallel Time: 182.9 ms, GC Workers: 4]
      [GC Worker Start (ms): Min: 223016.6, Avg: 223016.6, Max: 223016.6, Diff: 0.0]
      [Ext Root Scanning (ms): Min: 1.1, Avg: 2.5, Max: 6.6, Diff: 5.5, Sum: 10.1]
      [Update RS (ms): Min: 22.0, Avg: 26.9, Max: 30.9, Diff: 8.9, Sum: 107.8]
         [Processed Buffers: Min: 25, Avg: 202.0, Max: 292, Diff: 267, Sum: 808]
      [Scan RS (ms): Min: 2.0, Avg: 11.1, Max: 30.9, Diff: 28.8, Sum: 44.3]
      [Object Copy (ms): Min: 123.3, Avg: 142.2, Max: 148.6, Diff: 25.2, Sum: 568.7]
      [Termination (ms): Min: 0.0, Avg: 0.1, Max: 0.1, Diff: 0.1, Sum: 0.3]
      [GC Worker Other (ms): Min: 0.0, Avg: 0.0, Max: 0.0, Diff: 0.0, Sum: 0.0]
      [GC Worker Total (ms): Min: 182.8, Avg: 182.8, Max: 182.8, Diff: 0.1, Sum: 731.2]
      [GC Worker End (ms): Min: 223199.4, Avg: 223199.4, Max: 223199.5, Diff: 0.0]
   [Code Root Fixup: 0.0 ms]
   [Clear CT: 0.1 ms]
   [Other: 1.6 ms]
      [Choose CSet: 0.0 ms]
      [Ref Proc: 0.0 ms]
      [Ref Enq: 0.0 ms]
      [Free CSet: 0.2 ms]
   [Eden: 212.0M(212.0M)->0.0B(186.0M) Survivors: 48.0M->33.0M Heap: 1094.0M(2048.0M)->957.0M(2048.0M)]
 [Times: user=0.56 sys=0.00, real=0.18 secs] 
223.433: [GC pause (young) (initial-mark), 0.1241089 secs]
   [Parallel Time: 122.5 ms, GC Workers: 4]
      [GC Worker Start (ms): Min: 223433.4, Avg: 223433.4, Max: 223433.4, Diff: 0.0]
      [Ext Root Scanning (ms): Min: 1.1, Avg: 6.8, Max: 23.6, Diff: 22.5, Sum: 27.1]
      [Update RS (ms): Min: 0.0, Avg: 17.0, Max: 23.2, Diff: 23.2, Sum: 67.9]
         [Processed Buffers: Min: 0, Avg: 165.3, Max: 230, Diff: 230, Sum: 661]
      [Scan RS (ms): Min: 0.4, Avg: 1.0, Max: 1.4, Diff: 1.0, Sum: 4.1]
      [Object Copy (ms): Min: 97.6, Avg: 97.7, Max: 97.8, Diff: 0.2, Sum: 390.9]
      [Termination (ms): Min: 0.0, Avg: 0.0, Max: 0.0, Diff: 0.0, Sum: 0.0]
      [GC Worker Other (ms): Min: 0.0, Avg: 0.0, Max: 0.0, Diff: 0.0, Sum: 0.1]
      [GC Worker Total (ms): Min: 122.5, Avg: 122.5, Max: 122.5, Diff: 0.0, Sum: 490.1]
      [GC Worker End (ms): Min: 223555.9, Avg: 223555.9, Max: 223555.9, Diff: 0.0]
   [Code Root Fixup: 0.0 ms]
   [Clear CT: 0.1 ms]
   [Other: 1.4 ms]
      [Choose CSet: 0.0 ms]
      [Ref Proc: 0.0 ms]
      [Ref Enq: 0.0 ms]
      [Free CSet: 0.2 ms]
   [Eden: 186.0M(186.0M)->0.0B(241.0M) Survivors: 33.0M->28.0M Heap: 1143.0M(2048.0M)->1038.5M(2048.0M)]
 [Times: user=0.45 sys=0.00, real=0.12 secs] 
223.557: [GC concurrent-root-region-scan-start]
223.590: [GC concurrent-root-region-scan-end, 0.0327073 secs]
223.590: [GC concurrent-mark-start]
223.793: [GC pause (young), 0.0977121 secs]
   [Parallel Time: 95.7 ms, GC Workers: 4]
      [GC Worker Start (ms): Min: 223792.9, Avg: 223793.0, Max: 223793.0, Diff: 0.0]
      [Ext Root Scanning (ms): Min: 1.1, Avg: 8.9, Max: 32.1, Diff: 31.0, Sum: 35.6]
      [SATB Filtering (ms): Min: 0.0, Avg: 0.1, Max: 0.3, Diff: 0.3, Sum: 0.3]
      [Update RS (ms): Min: 0.0, Avg: 19.2, Max: 25.7, Diff: 25.7, Sum: 76.7]
         [Processed Buffers: Min: 0, Avg: 116.5, Max: 164, Diff: 164, Sum: 466]
      [Scan RS (ms): Min: 0.0, Avg: 0.9, Max: 1.2, Diff: 1.1, Sum: 3.4]
      [Object Copy (ms): Min: 53.9, Avg: 59.4, Max: 67.7, Diff: 13.8, Sum: 237.6]
      [Termination (ms): Min: 0.0, Avg: 7.2, Max: 9.7, Diff: 9.7, Sum: 29.0]
      [GC Worker Other (ms): Min: 0.0, Avg: 0.0, Max: 0.0, Diff: 0.0, Sum: 0.0]
      [GC Worker Total (ms): Min: 95.6, Avg: 95.6, Max: 95.7, Diff: 0.0, Sum: 382.6]
      [GC Worker End (ms): Min: 223888.6, Avg: 223888.6, Max: 223888.6, Diff: 0.0]
   [Code Root Fixup: 0.0 ms]
   [Clear CT: 0.1 ms]
   [Other: 1.9 ms]
      [Choose CSet: 0.0 ms]
      [Ref Proc: 1.2 ms]
      [Ref Enq: 0.0 ms]
      [Free CSet: 0.2 ms]
   [Eden: 241.0M(241.0M)->0.0B(327.0M) Survivors: 28.0M->21.0M Heap: 1279.5M(2048.0M)->1060.0M(2048.0M)]
 [Times: user=0.25 sys=0.00, real=0.10 secs] 
224.137: [GC concurrent-mark-end, 0.5472869 secs]
224.138: [GC remark 224.138: [GC ref-proc, 0.0012389 secs], 0.0028345 secs]
 [Times: user=0.00 sys=0.00, real=0.00 secs] 
224.142: [GC cleanup 1356M->766M(2048M), 0.0014907 secs]
 [Times: user=0.00 sys=0.00, real=0.00 secs] 
224.144: [GC concurrent-cleanup-start]
224.144: [GC concurrent-cleanup-end, 0.0007527 secs]
224.168: [GC pause (young), 0.0764291 secs]
   [Parallel Time: 75.9 ms, GC Workers: 4]
      [GC Worker Start (ms): Min: 224168.1, Avg: 224168.1, Max: 224168.1, Diff: 0.0]
      [Ext Root Scanning (ms): Min: 0.9, Avg: 0.9, Max: 0.9, Diff: 0.0, Sum: 3.6]
      [Update RS (ms): Min: 17.2, Avg: 17.2, Max: 17.2, Diff: 0.0, Sum: 68.8]
         [Processed Buffers: Min: 103, Avg: 116.5, Max: 122, Diff: 19, Sum: 466]
      [Scan RS (ms): Min: 0.1, Avg: 0.1, Max: 0.1, Diff: 0.0, Sum: 0.3]
      [Object Copy (ms): Min: 45.1, Avg: 48.0, Max: 56.8, Diff: 11.7, Sum: 192.0]
      [Termination (ms): Min: 0.0, Avg: 9.1, Max: 12.6, Diff: 12.6, Sum: 36.3]
      [GC Worker Other (ms): Min: 0.0, Avg: 0.0, Max: 0.0, Diff: 0.0, Sum: 0.0]
      [GC Worker Total (ms): Min: 75.0, Avg: 75.2, Max: 75.9, Diff: 0.9, Sum: 301.0]
      [GC Worker End (ms): Min: 224243.1, Avg: 224243.4, Max: 224244.0, Diff: 0.9]
   [Code Root Fixup: 0.0 ms]
   [Clear CT: 0.1 ms]
   [Other: 0.5 ms]
      [Choose CSet: 0.0 ms]
      [Ref Proc: 0.0 ms]
      [Ref Enq: 0.0 ms]
      [Free CSet: 0.2 ms]
   [Eden: 327.0M(327.0M)->0.0B(58.0M) Survivors: 21.0M->44.0M Heap: 797.0M(2048.0M)->497.5M(2048.0M)]
 [Times: user=0.25 sys=0.00, real=0.08 secs] 
224.285: [GC pause (mixed), 0.0546477 secs]
   [Parallel Time: 53.5 ms, GC Workers: 4]
      [GC Worker Start (ms): Min: 224285.7, Avg: 224285.8, Max: 224285.9, Diff: 0.2]
      [Ext Root Scanning (ms): Min: 1.1, Avg: 1.3, Max: 1.7, Diff: 0.7, Sum: 5.4]
      [Update RS (ms): Min: 1.7, Avg: 2.2, Max: 2.7, Diff: 1.1, Sum: 9.0]
         [Processed Buffers: Min: 36, Avg: 176.0, Max: 235, Diff: 199, Sum: 704]
      [Scan RS (ms): Min: 0.0, Avg: 0.3, Max: 0.4, Diff: 0.4, Sum: 1.1]
      [Object Copy (ms): Min: 49.4, Avg: 49.5, Max: 49.5, Diff: 0.1, Sum: 197.9]
      [Termination (ms): Min: 0.0, Avg: 0.0, Max: 0.0, Diff: 0.0, Sum: 0.0]
      [GC Worker Other (ms): Min: 0.0, Avg: 0.0, Max: 0.0, Diff: 0.0, Sum: 0.1]
      [GC Worker Total (ms): Min: 53.2, Avg: 53.3, Max: 53.4, Diff: 0.2, Sum: 213.4]
      [GC Worker End (ms): Min: 224339.1, Avg: 224339.1, Max: 224339.1, Diff: 0.0]
   [Code Root Fixup: 0.0 ms]
   [Clear CT: 0.1 ms]
   [Other: 1.1 ms]
      [Choose CSet: 0.0 ms]
      [Ref Proc: 0.0 ms]
      [Ref Enq: 0.0 ms]
      [Free CSet: 0.2 ms]
   [Eden: 58.0M(58.0M)->0.0B(430.0M) Survivors: 44.0M->13.0M Heap: 555.5M(2048.0M)->501.0M(2048.0M)]
 [Times: user=0.19 sys=0.00, real=0.06 secs] 
224.748: [GC pause (young), 0.2511052 secs]
   [Parallel Time: 249.1 ms, GC Workers: 4]
      [GC Worker Start (ms): Min: 224748.2, Avg: 224748.2, Max: 224748.2, Diff: 0.0]
      [Ext Root Scanning (ms): Min: 0.9, Avg: 0.9, Max: 0.9, Diff: 0.1, Sum: 3.6]
      [Update RS (ms): Min: 20.7, Avg: 20.7, Max: 20.7, Diff: 0.0, Sum: 82.8]
         [Processed Buffers: Min: 109, Avg: 114.8, Max: 118, Diff: 9, Sum: 459]
      [Scan RS (ms): Min: 0.1, Avg: 0.1, Max: 0.1, Diff: 0.0, Sum: 0.4]
      [Object Copy (ms): Min: 227.3, Avg: 227.4, Max: 227.4, Diff: 0.0, Sum: 909.4]
      [Termination (ms): Min: 0.0, Avg: 0.0, Max: 0.0, Diff: 0.0, Sum: 0.0]
      [GC Worker Other (ms): Min: 0.0, Avg: 0.0, Max: 0.0, Diff: 0.0, Sum: 0.1]
      [GC Worker Total (ms): Min: 249.1, Avg: 249.1, Max: 249.1, Diff: 0.0, Sum: 996.3]
      [GC Worker End (ms): Min: 224997.2, Avg: 224997.2, Max: 224997.2, Diff: 0.0]
   [Code Root Fixup: 0.0 ms]
   [Clear CT: 0.2 ms]
   [Other: 1.8 ms]
      [Choose CSet: 0.0 ms]
      [Ref Proc: 0.0 ms]
      [Ref Enq: 0.0 ms]
      [Free CSet: 0.3 ms]
   [Eden: 430.0M(430.0M)->0.0B(266.0M) Survivors: 13.0M->56.0M Heap: 931.0M(2048.0M)->765.0M(2048.0M)]
 [Times: user=0.97 sys=0.00, real=0.25 secs] 
225.300: [GC pause (young), 0.1692752 secs]
   [Parallel Time: 166.7 ms, GC Workers: 4]
      [GC Worker Start (ms): Min: 225300.4, Avg: 225308.6, Max: 225332.4, Diff: 31.9]
      [Ext Root Scanning (ms): Min: 0.1, Avg: 0.9, Max: 1.4, Diff: 1.3, Sum: 3.6]
      [Update RS (ms): Min: 0.1, Avg: 23.1, Max: 30.7, Diff: 30.6, Sum: 92.2]
         [Processed Buffers: Min: 76, Avg: 251.8, Max: 328, Diff: 252, Sum: 1007]
      [Scan RS (ms): Min: 18.8, Avg: 18.8, Max: 18.9, Diff: 0.1, Sum: 75.4]
      [Object Copy (ms): Min: 115.7, Avg: 115.8, Max: 115.9, Diff: 0.2, Sum: 463.2]
      [Termination (ms): Min: 0.0, Avg: 0.0, Max: 0.0, Diff: 0.0, Sum: 0.0]
      [GC Worker Other (ms): Min: 0.0, Avg: 0.0, Max: 0.0, Diff: 0.0, Sum: 0.1]
      [GC Worker Total (ms): Min: 134.8, Avg: 158.6, Max: 166.7, Diff: 31.9, Sum: 634.4]
      [GC Worker End (ms): Min: 225467.2, Avg: 225467.2, Max: 225467.2, Diff: 0.0]
   [Code Root Fixup: 0.0 ms]
   [Clear CT: 0.1 ms]
   [Other: 2.4 ms]
      [Choose CSet: 0.0 ms]
      [Ref Proc: 0.0 ms]
      [Ref Enq: 0.0 ms]
      [Free CSet: 0.3 ms]
   [Eden: 266.0M(46.0M)->0.0B(316.0M) Survivors: 56.0M->13.0M Heap: 1031.0M(2048.0M)->831.0M(2048.0M)]
 [Times: user=0.56 sys=0.00, real=0.17 secs] 
225.810: [GC pause (young), 0.1353142 secs]
   [Parallel Time: 133.5 ms, GC Workers: 4]
      [GC Worker Start (ms): Min: 225810.0, Avg: 225810.0, Max: 225810.0, Diff: 0.0]
      [Ext Root Scanning (ms): Min: 0.9, Avg: 0.9, Max: 0.9, Diff: 0.0, Sum: 3.5]
      [Update RS (ms): Min: 19.4, Avg: 19.6, Max: 20.4, Diff: 1.0, Sum: 78.5]
         [Processed Buffers: Min: 183, Avg: 221.0, Max: 250, Diff: 67, Sum: 884]
      [Scan RS (ms): Min: 0.4, Avg: 1.2, Max: 1.4, Diff: 1.1, Sum: 4.6]
      [Object Copy (ms): Min: 111.8, Avg: 111.9, Max: 111.9, Diff: 0.1, Sum: 447.5]
      [Termination (ms): Min: 0.0, Avg: 0.0, Max: 0.0, Diff: 0.0, Sum: 0.0]
      [GC Worker Other (ms): Min: 0.0, Avg: 0.0, Max: 0.0, Diff: 0.0, Sum: 0.1]
      [GC Worker Total (ms): Min: 133.5, Avg: 133.5, Max: 133.5, Diff: 0.0, Sum: 534.1]
      [GC Worker End (ms): Min: 225943.5, Avg: 225943.5, Max: 225943.5, Diff: 0.0]
   [Code Root Fixup: 0.0 ms]
   [Clear CT: 0.1 ms]
   [Other: 1.6 ms]
      [Choose CSet: 0.0 ms]
      [Ref Proc: 0.1 ms]
      [Ref Enq: 0.0 ms]
      [Free CSet: 0.3 ms]
   [Eden: 316.0M(316.0M)->0.0B(228.0M) Survivors: 13.0M->42.0M Heap: 1147.0M(2048.0M)->950.0M(2048.0M)]
 [Times: user=0.50 sys=0.00, real=0.14 secs] 
226.144: [GC pause (young), 0.1966278 secs]
   [Parallel Time: 194.8 ms, GC Workers: 4]
      [GC Worker Start (ms): Min: 226144.3, Avg: 226144.4, Max: 226144.5, Diff: 0.2]
      [Ext Root Scanning (ms): Min: 0.2, Avg: 0.9, Max: 1.2, Diff: 0.9, Sum: 3.6]
      [Update RS (ms): Min: 21.3, Avg: 25.9, Max: 35.4, Diff: 14.1, Sum: 103.4]
         [Processed Buffers: Min: 132, Avg: 137.0, Max: 143, Diff: 11, Sum: 548]
      [Scan RS (ms): Min: 0.0, Avg: 1.0, Max: 1.3, Diff: 1.3, Sum: 3.9]
      [Object Copy (ms): Min: 158.2, Avg: 167.0, Max: 171.9, Diff: 13.7, Sum: 668.0]
      [Termination (ms): Min: 0.0, Avg: 0.1, Max: 0.1, Diff: 0.1, Sum: 0.2]
      [GC Worker Other (ms): Min: 0.0, Avg: 0.0, Max: 0.0, Diff: 0.0, Sum: 0.0]
      [GC Worker Total (ms): Min: 194.7, Avg: 194.8, Max: 194.8, Diff: 0.2, Sum: 779.1]
      [GC Worker End (ms): Min: 226339.2, Avg: 226339.2, Max: 226339.2, Diff: 0.0]
   [Code Root Fixup: 0.0 ms]
   [Clear CT: 0.1 ms]
   [Other: 1.7 ms]
      [Choose CSet: 0.0 ms]
      [Ref Proc: 0.0 ms]
      [Ref Enq: 0.0 ms]
      [Free CSet: 0.3 ms]
   [Eden: 228.0M(228.0M)->0.0B(211.0M) Survivors: 42.0M->34.0M Heap: 1178.0M(2048.0M)->1067.0M(2048.0M)]
 [Times: user=0.58 sys=0.00, real=0.20 secs] 
226.562: [GC pause (young) (initial-mark), 0.1049250 secs]
   [Parallel Time: 103.1 ms, GC Workers: 4]
      [GC Worker Start (ms): Min: 226562.3, Avg: 226562.3, Max: 226562.3, Diff: 0.0]
      [Ext Root Scanning (ms): Min: 0.9, Avg: 0.9, Max: 0.9, Diff: 0.0, Sum: 3.5]
      [Update RS (ms): Min: 20.4, Avg: 20.7, Max: 21.4, Diff: 1.0, Sum: 82.7]
         [Processed Buffers: Min: 182, Avg: 195.0, Max: 204, Diff: 22, Sum: 780]
      [Scan RS (ms): Min: 0.2, Avg: 1.0, Max: 1.2, Diff: 1.0, Sum: 3.8]
      [Object Copy (ms): Min: 80.5, Avg: 80.5, Max: 80.5, Diff: 0.0, Sum: 322.1]
      [Termination (ms): Min: 0.0, Avg: 0.0, Max: 0.0, Diff: 0.0, Sum: 0.0]
      [GC Worker Other (ms): Min: 0.0, Avg: 0.0, Max: 0.0, Diff: 0.0, Sum: 0.1]
      [GC Worker Total (ms): Min: 103.1, Avg: 103.1, Max: 103.1, Diff: 0.0, Sum: 412.2]
      [GC Worker End (ms): Min: 226665.4, Avg: 226665.4, Max: 226665.4, Diff: 0.0]
   [Code Root Fixup: 0.0 ms]
   [Clear CT: 0.1 ms]
   [Other: 1.8 ms]
      [Choose CSet: 0.0 ms]
      [Ref Proc: 0.3 ms]
      [Ref Enq: 0.0 ms]
      [Free CSet: 0.2 ms]
   [Eden: 211.0M(211.0M)->0.0B(317.0M) Survivors: 34.0M->31.0M Heap: 1278.0M(2048.0M)->1134.5M(2048.0M)]
 [Times: user=0.44 sys=0.00, real=0.11 secs] 
226.667: [GC concurrent-root-region-scan-start]
226.701: [GC concurrent-root-region-scan-end, 0.0341820 secs]
226.701: [GC concurrent-mark-start]
226.978: [GC pause (young), 0.1592610 secs]
   [Parallel Time: 157.1 ms, GC Workers: 4]
      [GC Worker Start (ms): Min: 226978.8, Avg: 226978.8, Max: 226978.8, Diff: 0.0]
      [Ext Root Scanning (ms): Min: 0.9, Avg: 0.9, Max: 0.9, Diff: 0.0, Sum: 3.7]
      [SATB Filtering (ms): Min: 0.0, Avg: 0.7, Max: 2.9, Diff: 2.9, Sum: 2.9]
      [Update RS (ms): Min: 15.5, Avg: 17.6, Max: 18.4, Diff: 2.9, Sum: 70.6]
         [Processed Buffers: Min: 126, Avg: 138.8, Max: 151, Diff: 25, Sum: 555]
      [Scan RS (ms): Min: 0.2, Avg: 0.3, Max: 0.3, Diff: 0.0, Sum: 1.0]
      [Object Copy (ms): Min: 137.6, Avg: 137.6, Max: 137.6, Diff: 0.0, Sum: 550.2]
      [Termination (ms): Min: 0.0, Avg: 0.0, Max: 0.0, Diff: 0.0, Sum: 0.0]
      [GC Worker Other (ms): Min: 0.0, Avg: 0.0, Max: 0.0, Diff: 0.0, Sum: 0.1]
      [GC Worker Total (ms): Min: 157.1, Avg: 157.1, Max: 157.1, Diff: 0.0, Sum: 628.5]
      [GC Worker End (ms): Min: 227135.9, Avg: 227135.9, Max: 227135.9, Diff: 0.0]
   [Code Root Fixup: 0.0 ms]
   [Clear CT: 0.2 ms]
   [Other: 1.9 ms]
      [Choose CSet: 0.0 ms]
      [Ref Proc: 0.0 ms]
      [Ref Enq: 0.0 ms]
      [Free CSet: 0.4 ms]
   [Eden: 317.0M(317.0M)->0.0B(226.0M) Survivors: 31.0M->44.0M Heap: 1451.5M(2048.0M)->1280.0M(2048.0M)]
 [Times: user=0.61 sys=0.00, real=0.16 secs] 
227.336: [GC concurrent-mark-end, 0.6350307 secs]
227.337: [GC remark 227.338: [GC ref-proc, 0.0012187 secs], 0.0031511 secs]
 [Times: user=0.00 sys=0.00, real=0.00 secs] 
227.341: [GC cleanup 1475M->831M(2048M), 0.0017383 secs]
 [Times: user=0.00 sys=0.00, real=0.00 secs] 
227.343: [GC concurrent-cleanup-start]
227.343: [GC concurrent-cleanup-end, 0.0007415 secs]
227.375: [GC pause (young), 0.1122220 secs]
   [Parallel Time: 110.7 ms, GC Workers: 4]
      [GC Worker Start (ms): Min: 227375.5, Avg: 227375.5, Max: 227375.5, Diff: 0.0]
      [Ext Root Scanning (ms): Min: 0.9, Avg: 0.9, Max: 0.9, Diff: 0.0, Sum: 3.6]
      [Update RS (ms): Min: 20.4, Avg: 20.4, Max: 20.4, Diff: 0.0, Sum: 81.6]
         [Processed Buffers: Min: 181, Avg: 190.8, Max: 201, Diff: 20, Sum: 763]
      [Scan RS (ms): Min: 0.4, Avg: 0.4, Max: 0.5, Diff: 0.1, Sum: 1.8]
      [Object Copy (ms): Min: 88.8, Avg: 88.9, Max: 88.9, Diff: 0.1, Sum: 355.5]
      [Termination (ms): Min: 0.0, Avg: 0.0, Max: 0.0, Diff: 0.0, Sum: 0.0]
      [GC Worker Other (ms): Min: 0.0, Avg: 0.0, Max: 0.0, Diff: 0.0, Sum: 0.1]
      [GC Worker Total (ms): Min: 110.6, Avg: 110.6, Max: 110.6, Diff: 0.0, Sum: 442.6]
      [GC Worker End (ms): Min: 227486.2, Avg: 227486.2, Max: 227486.2, Diff: 0.0]
   [Code Root Fixup: 0.0 ms]
   [Clear CT: 0.1 ms]
   [Other: 1.4 ms]
      [Choose CSet: 0.0 ms]
      [Ref Proc: 0.0 ms]
      [Ref Enq: 0.0 ms]
      [Free CSet: 0.2 ms]
   [Eden: 226.0M(226.0M)->0.0B(68.0M) Survivors: 44.0M->34.0M Heap: 862.0M(2048.0M)->701.5M(2048.0M)]
 [Times: user=0.44 sys=0.00, real=0.11 secs] 
227.539: [GC pause (mixed), 0.0603357 secs]
   [Parallel Time: 58.7 ms, GC Workers: 4]
      [GC Worker Start (ms): Min: 227539.6, Avg: 227539.6, Max: 227539.7, Diff: 0.1]
      [Ext Root Scanning (ms): Min: 0.9, Avg: 0.9, Max: 0.9, Diff: 0.1, Sum: 3.6]
      [Update RS (ms): Min: 25.7, Avg: 25.7, Max: 25.7, Diff: 0.0, Sum: 102.7]
         [Processed Buffers: Min: 149, Avg: 152.3, Max: 156, Diff: 7, Sum: 609]
      [Scan RS (ms): Min: 0.8, Avg: 0.9, Max: 0.9, Diff: 0.1, Sum: 3.5]
      [Object Copy (ms): Min: 31.2, Avg: 31.2, Max: 31.3, Diff: 0.1, Sum: 124.9]
      [Termination (ms): Min: 0.0, Avg: 0.0, Max: 0.0, Diff: 0.0, Sum: 0.0]
      [GC Worker Other (ms): Min: 0.0, Avg: 0.0, Max: 0.0, Diff: 0.0, Sum: 0.1]
      [GC Worker Total (ms): Min: 58.6, Avg: 58.7, Max: 58.7, Diff: 0.1, Sum: 234.7]
      [GC Worker End (ms): Min: 227598.3, Avg: 227598.3, Max: 227598.3, Diff: 0.0]
   [Code Root Fixup: 0.0 ms]
   [Clear CT: 0.5 ms]
   [Other: 1.1 ms]
      [Choose CSet: 0.0 ms]
      [Ref Proc: 0.2 ms]
      [Ref Enq: 0.0 ms]
      [Free CSet: 0.3 ms]
   [Eden: 68.0M(68.0M)->0.0B(474.0M) Survivors: 34.0M->3072.0K Heap: 769.5M(2048.0M)->653.5M(2048.0M)]
 [Times: user=0.25 sys=0.00, real=0.06 secs] 
228.085: [GC pause (young), 0.2876236 secs]
   [Parallel Time: 285.2 ms, GC Workers: 4]
      [GC Worker Start (ms): Min: 228085.7, Avg: 228085.7, Max: 228085.7, Diff: 0.0]
      [Ext Root Scanning (ms): Min: 0.4, Avg: 1.0, Max: 1.2, Diff: 0.7, Sum: 3.9]
      [Update RS (ms): Min: 16.6, Avg: 17.2, Max: 18.1, Diff: 1.5, Sum: 68.8]
         [Processed Buffers: Min: 130, Avg: 164.3, Max: 235, Diff: 105, Sum: 657]
      [Scan RS (ms): Min: 0.0, Avg: 0.1, Max: 0.2, Diff: 0.2, Sum: 0.4]
      [Object Copy (ms): Min: 264.3, Avg: 265.3, Max: 266.3, Diff: 2.1, Sum: 1061.1]
      [Termination (ms): Min: 0.0, Avg: 0.0, Max: 0.0, Diff: 0.0, Sum: 0.0]
      [GC Worker Other (ms): Min: 1.3, Avg: 1.5, Max: 1.6, Diff: 0.3, Sum: 5.8]
      [GC Worker Total (ms): Min: 284.9, Avg: 285.0, Max: 285.1, Diff: 0.3, Sum: 1140.1]
      [GC Worker End (ms): Min: 228370.6, Avg: 228370.7, Max: 228370.8, Diff: 0.3]
   [Code Root Fixup: 0.0 ms]
   [Clear CT: 0.1 ms]
   [Other: 2.3 ms]
      [Choose CSet: 0.0 ms]
      [Ref Proc: 0.2 ms]
      [Ref Enq: 0.0 ms]
      [Free CSet: 0.3 ms]
   [Eden: 474.0M(474.0M)->0.0B(238.0M) Survivors: 3072.0K->60.0M Heap: 1127.5M(2048.0M)->971.5M(2048.0M)]
 [Times: user=1.09 sys=0.00, real=0.29 secs] 
228.674: [GC pause (young), 0.1761219 secs]
   [Parallel Time: 173.3 ms, GC Workers: 4]
      [GC Worker Start (ms): Min: 228675.0, Avg: 228675.0, Max: 228675.0, Diff: 0.0]
      [Ext Root Scanning (ms): Min: 0.9, Avg: 0.9, Max: 0.9, Diff: 0.0, Sum: 3.6]
      [Update RS (ms): Min: 18.5, Avg: 18.6, Max: 18.7, Diff: 0.1, Sum: 74.5]
         [Processed Buffers: Min: 199, Avg: 256.3, Max: 296, Diff: 97, Sum: 1025]
      [Scan RS (ms): Min: 34.2, Avg: 34.2, Max: 34.3, Diff: 0.1, Sum: 137.0]
      [Object Copy (ms): Min: 119.5, Avg: 119.5, Max: 119.6, Diff: 0.1, Sum: 478.0]
      [Termination (ms): Min: 0.0, Avg: 0.0, Max: 0.0, Diff: 0.0, Sum: 0.0]
      [GC Worker Other (ms): Min: 0.0, Avg: 0.0, Max: 0.0, Diff: 0.0, Sum: 0.1]
      [GC Worker Total (ms): Min: 173.3, Avg: 173.3, Max: 173.3, Diff: 0.0, Sum: 693.1]
      [GC Worker End (ms): Min: 228848.2, Avg: 228848.2, Max: 228848.2, Diff: 0.0]
   [Code Root Fixup: 0.0 ms]
   [Clear CT: 0.1 ms]
   [Other: 2.7 ms]
      [Choose CSet: 0.0 ms]
      [Ref Proc: 0.0 ms]
      [Ref Enq: 0.0 ms]
      [Free CSet: 0.2 ms]
   [Eden: 220.0M(42.0M)->0.0B(285.0M) Survivors: 60.0M->13.0M Heap: 1191.5M(2048.0M)->1050.0M(2048.0M)]
 [Times: user=0.66 sys=0.00, real=0.18 secs] 
229.228: [GC pause (young) (initial-mark), 0.1535285 secs]
   [Parallel Time: 151.6 ms, GC Workers: 4]
      [GC Worker Start (ms): Min: 229228.0, Avg: 229228.0, Max: 229228.0, Diff: 0.0]
      [Ext Root Scanning (ms): Min: 0.9, Avg: 0.9, Max: 0.9, Diff: 0.0, Sum: 3.5]
      [Update RS (ms): Min: 18.9, Avg: 18.9, Max: 18.9, Diff: 0.0, Sum: 75.6]
         [Processed Buffers: Min: 174, Avg: 221.5, Max: 241, Diff: 67, Sum: 886]
      [Scan RS (ms): Min: 0.1, Avg: 0.2, Max: 0.2, Diff: 0.0, Sum: 0.6]
      [Object Copy (ms): Min: 131.6, Avg: 131.6, Max: 131.6, Diff: 0.0, Sum: 526.5]
      [Termination (ms): Min: 0.0, Avg: 0.0, Max: 0.0, Diff: 0.0, Sum: 0.0]
      [GC Worker Other (ms): Min: 0.0, Avg: 0.0, Max: 0.0, Diff: 0.0, Sum: 0.1]
      [GC Worker Total (ms): Min: 151.6, Avg: 151.6, Max: 151.6, Diff: 0.0, Sum: 606.2]
      [GC Worker End (ms): Min: 229379.6, Avg: 229379.6, Max: 229379.6, Diff: 0.0]
   [Code Root Fixup: 0.0 ms]
   [Clear CT: 0.2 ms]
   [Other: 1.8 ms]
      [Choose CSet: 0.0 ms]
      [Ref Proc: 0.0 ms]
      [Ref Enq: 0.0 ms]
      [Free CSet: 0.2 ms]
   [Eden: 285.0M(285.0M)->0.0B(186.0M) Survivors: 13.0M->38.0M Heap: 1335.0M(2048.0M)->1207.5M(2048.0M)]
 [Times: user=0.62 sys=0.00, real=0.15 secs] 
229.382: [GC concurrent-root-region-scan-start]
229.463: [GC concurrent-root-region-scan-end, 0.0811321 secs]
229.463: [GC concurrent-mark-start]
229.569: [GC pause (young), 0.0785638 secs]
   [Parallel Time: 77.5 ms, GC Workers: 4]
      [GC Worker Start (ms): Min: 229568.9, Avg: 229569.8, Max: 229570.3, Diff: 1.3]
      [Ext Root Scanning (ms): Min: 0.6, Avg: 1.0, Max: 1.8, Diff: 1.2, Sum: 3.8]
      [SATB Filtering (ms): Min: 0.0, Avg: 0.0, Max: 0.2, Diff: 0.2, Sum: 0.2]
      [Update RS (ms): Min: 21.2, Avg: 21.3, Max: 21.4, Diff: 0.2, Sum: 85.1]
         [Processed Buffers: Min: 121, Avg: 122.3, Max: 124, Diff: 3, Sum: 489]
      [Scan RS (ms): Min: 0.0, Avg: 0.2, Max: 0.2, Diff: 0.2, Sum: 0.7]
      [Object Copy (ms): Min: 53.6, Avg: 53.8, Max: 54.1, Diff: 0.5, Sum: 215.1]
      [Termination (ms): Min: 0.0, Avg: 0.3, Max: 0.4, Diff: 0.4, Sum: 1.2]
      [GC Worker Other (ms): Min: 0.0, Avg: 0.0, Max: 0.1, Diff: 0.1, Sum: 0.1]
      [GC Worker Total (ms): Min: 76.1, Avg: 76.6, Max: 77.5, Diff: 1.4, Sum: 306.2]
      [GC Worker End (ms): Min: 229646.4, Avg: 229646.4, Max: 229646.4, Diff: 0.0]
   [Code Root Fixup: 0.0 ms]
   [Clear CT: 0.1 ms]
   [Other: 1.0 ms]
      [Choose CSet: 0.0 ms]
      [Ref Proc: 0.1 ms]
      [Ref Enq: 0.0 ms]
      [Free CSet: 0.2 ms]
   [Eden: 186.0M(186.0M)->0.0B(306.0M) Survivors: 38.0M->10.0M Heap: 1393.5M(2048.0M)->1218.5M(2048.0M)]
 [Times: user=0.26 sys=0.00, real=0.08 secs] 
229.929: [GC pause (young), 0.1421048 secs]
   [Parallel Time: 139.8 ms, GC Workers: 4]
      [GC Worker Start (ms): Min: 229929.0, Avg: 229929.1, Max: 229929.1, Diff: 0.0]
      [Ext Root Scanning (ms): Min: 0.9, Avg: 0.9, Max: 0.9, Diff: 0.0, Sum: 3.5]
      [SATB Filtering (ms): Min: 0.0, Avg: 0.7, Max: 2.8, Diff: 2.8, Sum: 2.8]
      [Update RS (ms): Min: 15.2, Avg: 17.4, Max: 18.3, Diff: 3.1, Sum: 69.4]
         [Processed Buffers: Min: 230, Avg: 259.8, Max: 298, Diff: 68, Sum: 1039]
      [Scan RS (ms): Min: 0.0, Avg: 0.1, Max: 0.1, Diff: 0.1, Sum: 0.3]
      [Object Copy (ms): Min: 120.6, Avg: 120.8, Max: 120.9, Diff: 0.3, Sum: 483.1]
      [Termination (ms): Min: 0.0, Avg: 0.0, Max: 0.0, Diff: 0.0, Sum: 0.0]
      [GC Worker Other (ms): Min: 0.0, Avg: 0.0, Max: 0.0, Diff: 0.0, Sum: 0.1]
      [GC Worker Total (ms): Min: 139.8, Avg: 139.8, Max: 139.8, Diff: 0.0, Sum: 559.2]
      [GC Worker End (ms): Min: 230068.8, Avg: 230068.8, Max: 230068.8, Diff: 0.0]
   [Code Root Fixup: 0.0 ms]
   [Clear CT: 0.9 ms]
   [Other: 1.4 ms]
      [Choose CSet: 0.0 ms]
      [Ref Proc: 0.1 ms]
      [Ref Enq: 0.0 ms]
      [Free CSet: 0.2 ms]
   [Eden: 306.0M(306.0M)->0.0B(93.0M) Survivors: 10.0M->40.0M Heap: 1524.5M(2048.0M)->1355.5M(2048.0M)]
 [Times: user=0.50 sys=0.00, real=0.14 secs] 
230.148: [GC pause (young), 0.0671253 secs]
   [Parallel Time: 66.0 ms, GC Workers: 4]
      [GC Worker Start (ms): Min: 230148.0, Avg: 230148.0, Max: 230148.0, Diff: 0.0]
      [Ext Root Scanning (ms): Min: 0.9, Avg: 0.9, Max: 0.9, Diff: 0.0, Sum: 3.6]
      [SATB Filtering (ms): Min: 0.0, Avg: 0.0, Max: 0.0, Diff: 0.0, Sum: 0.0]
      [Update RS (ms): Min: 25.3, Avg: 25.3, Max: 25.4, Diff: 0.1, Sum: 101.3]
         [Processed Buffers: Min: 136, Avg: 137.8, Max: 140, Diff: 4, Sum: 551]
      [Scan RS (ms): Min: 0.1, Avg: 0.1, Max: 0.2, Diff: 0.1, Sum: 0.5]
      [Object Copy (ms): Min: 39.1, Avg: 39.2, Max: 39.6, Diff: 0.5, Sum: 156.8]
      [Termination (ms): Min: 0.0, Avg: 0.4, Max: 0.5, Diff: 0.5, Sum: 1.6]
      [GC Worker Other (ms): Min: 0.0, Avg: 0.0, Max: 0.0, Diff: 0.0, Sum: 0.1]
      [GC Worker Total (ms): Min: 66.0, Avg: 66.0, Max: 66.0, Diff: 0.0, Sum: 264.0]
      [GC Worker End (ms): Min: 230214.0, Avg: 230214.0, Max: 230214.0, Diff: 0.0]
   [Code Root Fixup: 0.0 ms]
   [Clear CT: 0.2 ms]
   [Other: 0.9 ms]
      [Choose CSet: 0.0 ms]
      [Ref Proc: 0.0 ms]
      [Ref Enq: 0.0 ms]
      [Free CSet: 0.1 ms]
   [Eden: 93.0M(93.0M)->0.0B(323.0M) Survivors: 40.0M->5120.0K Heap: 1448.5M(2048.0M)->1361.0M(2048.0M)]
 [Times: user=0.28 sys=0.00, real=0.07 secs] 
230.215: [GC concurrent-mark-end, 0.7527422 secs]
230.216: [GC remark 230.216: [GC ref-proc, 0.0012396 secs], 0.0023509 secs]
 [Times: user=0.00 sys=0.00, real=0.00 secs] 
230.218: [GC cleanup 1361M->567M(2048M), 0.0021251 secs]
 [Times: user=0.00 sys=0.00, real=0.00 secs] 
230.221: [GC concurrent-cleanup-start]
230.222: [GC concurrent-cleanup-end, 0.0010112 secs]
230.551: [GC pause (young), 0.2651457 secs]
   [Parallel Time: 263.0 ms, GC Workers: 4]
      [GC Worker Start (ms): Min: 230551.7, Avg: 230551.8, Max: 230551.8, Diff: 0.0]
      [Ext Root Scanning (ms): Min: 1.2, Avg: 1.3, Max: 1.6, Diff: 0.4, Sum: 5.1]
      [Update RS (ms): Min: 31.6, Avg: 40.0, Max: 64.2, Diff: 32.6, Sum: 159.9]
         [Processed Buffers: Min: 212, Avg: 271.0, Max: 335, Diff: 123, Sum: 1084]
      [Scan RS (ms): Min: 0.0, Avg: 0.1, Max: 0.3, Diff: 0.2, Sum: 0.3]
      [Object Copy (ms): Min: 197.6, Avg: 221.6, Max: 229.9, Diff: 32.4, Sum: 886.4]
      [Termination (ms): Min: 0.0, Avg: 0.0, Max: 0.0, Diff: 0.0, Sum: 0.0]
      [GC Worker Other (ms): Min: 0.0, Avg: 0.0, Max: 0.0, Diff: 0.0, Sum: 0.1]
      [GC Worker Total (ms): Min: 262.9, Avg: 262.9, Max: 262.9, Diff: 0.0, Sum: 1051.8]
      [GC Worker End (ms): Min: 230814.7, Avg: 230814.7, Max: 230814.7, Diff: 0.0]
   [Code Root Fixup: 0.0 ms]
   [Clear CT: 0.1 ms]
   [Other: 2.1 ms]
      [Choose CSet: 0.0 ms]
      [Ref Proc: 0.0 ms]
      [Ref Enq: 0.0 ms]
      [Free CSet: 0.2 ms]
   [Eden: 323.0M(323.0M)->0.0B(158.0M) Survivors: 5120.0K->41.0M Heap: 890.0M(2048.0M)->843.0M(2048.0M)]
 [Times: user=1.03 sys=0.00, real=0.27 secs] 
231.074: [GC pause (young), 0.1230630 secs]
   [Parallel Time: 121.1 ms, GC Workers: 4]
      [GC Worker Start (ms): Min: 231074.9, Avg: 231074.9, Max: 231074.9, Diff: 0.0]
      [Ext Root Scanning (ms): Min: 0.9, Avg: 0.9, Max: 0.9, Diff: 0.0, Sum: 3.5]
      [Update RS (ms): Min: 18.0, Avg: 18.0, Max: 18.0, Diff: 0.1, Sum: 72.0]
         [Processed Buffers: Min: 184, Avg: 247.5, Max: 305, Diff: 121, Sum: 990]
      [Scan RS (ms): Min: 21.9, Avg: 21.9, Max: 22.0, Diff: 0.1, Sum: 87.8]
      [Object Copy (ms): Min: 80.2, Avg: 80.2, Max: 80.2, Diff: 0.1, Sum: 320.8]
      [Termination (ms): Min: 0.0, Avg: 0.0, Max: 0.0, Diff: 0.0, Sum: 0.0]
      [GC Worker Other (ms): Min: 0.0, Avg: 0.0, Max: 0.0, Diff: 0.0, Sum: 0.1]
      [GC Worker Total (ms): Min: 121.0, Avg: 121.0, Max: 121.0, Diff: 0.0, Sum: 484.1]
      [GC Worker End (ms): Min: 231195.9, Avg: 231195.9, Max: 231195.9, Diff: 0.0]
   [Code Root Fixup: 0.0 ms]
   [Clear CT: 0.1 ms]
   [Other: 1.9 ms]
      [Choose CSet: 0.0 ms]
      [Ref Proc: 0.0 ms]
      [Ref Enq: 0.0 ms]
      [Free CSet: 0.2 ms]
   [Eden: 158.0M(158.0M)->0.0B(77.0M) Survivors: 41.0M->25.0M Heap: 1001.0M(2048.0M)->900.5M(2048.0M)]
 [Times: user=0.45 sys=0.00, real=0.12 secs] 
231.314: [GC pause (young), 0.0498244 secs]
   [Parallel Time: 48.8 ms, GC Workers: 4]
      [GC Worker Start (ms): Min: 231314.1, Avg: 231314.1, Max: 231314.1, Diff: 0.0]
      [Ext Root Scanning (ms): Min: 1.2, Avg: 1.3, Max: 1.6, Diff: 0.4, Sum: 5.2]
      [Update RS (ms): Min: 23.9, Avg: 24.1, Max: 24.2, Diff: 0.4, Sum: 96.4]
         [Processed Buffers: Min: 126, Avg: 139.8, Max: 146, Diff: 20, Sum: 559]
      [Scan RS (ms): Min: 0.2, Avg: 0.2, Max: 0.2, Diff: 0.0, Sum: 0.9]
      [Object Copy (ms): Min: 23.0, Avg: 23.1, Max: 23.1, Diff: 0.1, Sum: 92.4]
      [Termination (ms): Min: 0.0, Avg: 0.0, Max: 0.0, Diff: 0.0, Sum: 0.0]
      [GC Worker Other (ms): Min: 0.0, Avg: 0.0, Max: 0.0, Diff: 0.0, Sum: 0.1]
      [GC Worker Total (ms): Min: 48.7, Avg: 48.7, Max: 48.7, Diff: 0.0, Sum: 194.9]
      [GC Worker End (ms): Min: 231362.8, Avg: 231362.8, Max: 231362.8, Diff: 0.0]
   [Code Root Fixup: 0.0 ms]
   [Clear CT: 0.1 ms]
   [Other: 1.0 ms]
      [Choose CSet: 0.0 ms]
      [Ref Proc: 0.4 ms]
      [Ref Enq: 0.0 ms]
      [Free CSet: 0.1 ms]
   [Eden: 77.0M(77.0M)->0.0B(162.0M) Survivors: 25.0M->4096.0K Heap: 977.5M(2048.0M)->905.5M(2048.0M)]
 [Times: user=0.19 sys=0.00, real=0.05 secs] 
231.526: [GC pause (young), 0.1440403 secs]
   [Parallel Time: 141.7 ms, GC Workers: 4]
      [GC Worker Start (ms): Min: 231526.2, Avg: 231526.2, Max: 231526.2, Diff: 0.0]
      [Ext Root Scanning (ms): Min: 0.9, Avg: 0.9, Max: 0.9, Diff: 0.0, Sum: 3.7]
      [Update RS (ms): Min: 14.1, Avg: 14.4, Max: 15.4, Diff: 1.3, Sum: 57.6]
         [Processed Buffers: Min: 93, Avg: 168.3, Max: 236, Diff: 143, Sum: 673]
      [Scan RS (ms): Min: 0.0, Avg: 0.0, Max: 0.1, Diff: 0.1, Sum: 0.2]
      [Object Copy (ms): Min: 125.3, Avg: 126.3, Max: 126.6, Diff: 1.3, Sum: 505.3]
      [Termination (ms): Min: 0.0, Avg: 0.0, Max: 0.0, Diff: 0.0, Sum: 0.0]
      [GC Worker Other (ms): Min: 0.0, Avg: 0.0, Max: 0.0, Diff: 0.0, Sum: 0.1]
      [GC Worker Total (ms): Min: 141.7, Avg: 141.7, Max: 141.7, Diff: 0.0, Sum: 566.8]
      [GC Worker End (ms): Min: 231667.9, Avg: 231667.9, Max: 231667.9, Diff: 0.0]
   [Code Root Fixup: 0.0 ms]
   [Clear CT: 0.0 ms]
   [Other: 2.3 ms]
      [Choose CSet: 0.0 ms]
      [Ref Proc: 0.9 ms]
      [Ref Enq: 0.0 ms]
      [Free CSet: 0.1 ms]
   [Eden: 162.0M(162.0M)->0.0B(140.0M) Survivors: 4096.0K->21.0M Heap: 1067.5M(2048.0M)->1053.5M(2048.0M)]
 [Times: user=0.55 sys=0.00, real=0.14 secs] 
231.823: [GC pause (young) (initial-mark), 0.0694332 secs]
   [Parallel Time: 66.4 ms, GC Workers: 4]
      [GC Worker Start (ms): Min: 231823.9, Avg: 231823.9, Max: 231823.9, Diff: 0.0]
      [Ext Root Scanning (ms): Min: 0.9, Avg: 1.0, Max: 1.0, Diff: 0.1, Sum: 3.9]
      [Update RS (ms): Min: 19.5, Avg: 19.5, Max: 19.5, Diff: 0.0, Sum: 78.0]
         [Processed Buffers: Min: 154, Avg: 195.5, Max: 239, Diff: 85, Sum: 782]
      [Scan RS (ms): Min: 0.2, Avg: 0.2, Max: 0.2, Diff: 0.0, Sum: 0.9]
      [Object Copy (ms): Min: 45.5, Avg: 45.5, Max: 45.5, Diff: 0.0, Sum: 181.9]
      [Termination (ms): Min: 0.0, Avg: 0.0, Max: 0.0, Diff: 0.0, Sum: 0.0]
      [GC Worker Other (ms): Min: 0.0, Avg: 0.0, Max: 0.0, Diff: 0.0, Sum: 0.1]
      [GC Worker Total (ms): Min: 66.2, Avg: 66.2, Max: 66.2, Diff: 0.0, Sum: 264.8]
      [GC Worker End (ms): Min: 231890.1, Avg: 231890.1, Max: 231890.1, Diff: 0.0]
   [Code Root Fixup: 0.0 ms]
   [Clear CT: 0.2 ms]
   [Other: 2.9 ms]
      [Choose CSet: 0.0 ms]
      [Ref Proc: 1.5 ms]
      [Ref Enq: 0.0 ms]
      [Free CSet: 0.2 ms]
   [Eden: 140.0M(140.0M)->0.0B(222.0M) Survivors: 21.0M->21.0M Heap: 1193.5M(2048.0M)->1085.5M(2048.0M)]
 [Times: user=0.25 sys=0.00, real=0.07 secs] 
231.893: [GC concurrent-root-region-scan-start]
231.916: [GC concurrent-root-region-scan-end, 0.0230941 secs]
231.916: [GC concurrent-mark-start]
232.081: [GC pause (young), 0.0587629 secs]
   [Parallel Time: 57.9 ms, GC Workers: 4]
      [GC Worker Start (ms): Min: 232080.9, Avg: 232080.9, Max: 232081.0, Diff: 0.0]
      [Ext Root Scanning (ms): Min: 0.9, Avg: 0.9, Max: 1.0, Diff: 0.1, Sum: 3.7]
      [SATB Filtering (ms): Min: 0.0, Avg: 0.1, Max: 0.5, Diff: 0.5, Sum: 0.5]
      [Update RS (ms): Min: 17.6, Avg: 18.0, Max: 18.1, Diff: 0.5, Sum: 71.9]
         [Processed Buffers: Min: 119, Avg: 121.3, Max: 124, Diff: 5, Sum: 485]
      [Scan RS (ms): Min: 0.1, Avg: 0.1, Max: 0.1, Diff: 0.0, Sum: 0.4]
      [Object Copy (ms): Min: 38.7, Avg: 38.7, Max: 38.7, Diff: 0.0, Sum: 154.7]
      [Termination (ms): Min: 0.0, Avg: 0.0, Max: 0.0, Diff: 0.0, Sum: 0.0]
      [GC Worker Other (ms): Min: 0.0, Avg: 0.0, Max: 0.0, Diff: 0.0, Sum: 0.1]
      [GC Worker Total (ms): Min: 57.8, Avg: 57.8, Max: 57.8, Diff: 0.1, Sum: 231.3]
      [GC Worker End (ms): Min: 232138.8, Avg: 232138.8, Max: 232138.8, Diff: 0.0]
   [Code Root Fixup: 0.0 ms]
   [Clear CT: 0.1 ms]
   [Other: 0.8 ms]
      [Choose CSet: 0.0 ms]
      [Ref Proc: 0.1 ms]
      [Ref Enq: 0.0 ms]
      [Free CSet: 0.2 ms]
   [Eden: 222.0M(222.0M)->0.0B(312.0M) Survivors: 21.0M->27.0M Heap: 1307.5M(2048.0M)->1113.5M(2048.0M)]
 [Times: user=0.22 sys=0.00, real=0.06 secs] 
232.403: [GC concurrent-mark-end, 0.4872661 secs]
232.404: [GC remark 232.405: [GC ref-proc, 0.0012595 secs], 0.0036421 secs]
 [Times: user=0.00 sys=0.00, real=0.00 secs] 
232.408: [GC cleanup 1415M->699M(2048M), 0.0012752 secs]
 [Times: user=0.00 sys=0.00, real=0.00 secs] 
232.409: [GC concurrent-cleanup-start]
232.410: [GC concurrent-cleanup-end, 0.0008034 secs]
232.419: [GC pause (young), 0.1282763 secs]
   [Parallel Time: 126.5 ms, GC Workers: 4]
      [GC Worker Start (ms): Min: 232419.5, Avg: 232419.5, Max: 232419.5, Diff: 0.0]
      [Ext Root Scanning (ms): Min: 0.9, Avg: 1.0, Max: 1.1, Diff: 0.2, Sum: 4.0]
      [Update RS (ms): Min: 11.8, Avg: 11.9, Max: 11.9, Diff: 0.1, Sum: 47.5]
         [Processed Buffers: Min: 49, Avg: 66.8, Max: 88, Diff: 39, Sum: 267]
      [Scan RS (ms): Min: 0.0, Avg: 0.1, Max: 0.1, Diff: 0.0, Sum: 0.3]
      [Object Copy (ms): Min: 113.3, Avg: 113.3, Max: 113.3, Diff: 0.0, Sum: 453.1]
      [Termination (ms): Min: 0.0, Avg: 0.0, Max: 0.0, Diff: 0.0, Sum: 0.0]
      [GC Worker Other (ms): Min: 0.0, Avg: 0.0, Max: 0.1, Diff: 0.0, Sum: 0.1]
      [GC Worker Total (ms): Min: 126.2, Avg: 126.3, Max: 126.3, Diff: 0.1, Sum: 505.1]
      [GC Worker End (ms): Min: 232545.8, Avg: 232545.8, Max: 232545.8, Diff: 0.0]
   [Code Root Fixup: 0.0 ms]
   [Clear CT: 0.1 ms]
   [Other: 1.7 ms]
      [Choose CSet: 0.0 ms]
      [Ref Proc: 0.6 ms]
      [Ref Enq: 0.0 ms]
      [Free CSet: 0.2 ms]
   [Eden: 312.0M(312.0M)->0.0B(302.0M) Survivors: 27.0M->43.0M Heap: 709.5M(2048.0M)->514.5M(2048.0M)]
 [Times: user=0.42 sys=0.00, real=0.13 secs] 
232.818: [GC pause (young), 0.1826742 secs]
   [Parallel Time: 180.5 ms, GC Workers: 4]
      [GC Worker Start (ms): Min: 232818.6, Avg: 232818.6, Max: 232818.6, Diff: 0.0]
      [Ext Root Scanning (ms): Min: 0.2, Avg: 0.9, Max: 1.1, Diff: 1.0, Sum: 3.6]
      [Update RS (ms): Min: 23.8, Avg: 24.1, Max: 24.5, Diff: 0.8, Sum: 96.3]
         [Processed Buffers: Min: 129, Avg: 166.5, Max: 209, Diff: 80, Sum: 666]
      [Scan RS (ms): Min: 0.6, Avg: 1.1, Max: 1.4, Diff: 0.8, Sum: 4.4]
      [Object Copy (ms): Min: 154.2, Avg: 154.4, Max: 155.1, Diff: 1.0, Sum: 617.8]
      [Termination (ms): Min: 0.0, Avg: 0.0, Max: 0.0, Diff: 0.0, Sum: 0.0]
      [GC Worker Other (ms): Min: 0.0, Avg: 0.0, Max: 0.0, Diff: 0.0, Sum: 0.1]
      [GC Worker Total (ms): Min: 180.5, Avg: 180.5, Max: 180.5, Diff: 0.0, Sum: 722.1]
      [GC Worker End (ms): Min: 232999.1, Avg: 232999.1, Max: 232999.1, Diff: 0.0]
   [Code Root Fixup: 0.0 ms]
   [Clear CT: 0.1 ms]
   [Other: 2.0 ms]
      [Choose CSet: 0.0 ms]
      [Ref Proc: 0.1 ms]
      [Ref Enq: 0.0 ms]
      [Free CSet: 0.4 ms]
   [Eden: 302.0M(302.0M)->0.0B(271.0M) Survivors: 43.0M->44.0M Heap: 816.5M(2048.0M)->669.5M(2048.0M)]
 [Times: user=0.67 sys=0.02, real=0.18 secs] 
233.291: [GC pause (young), 0.1810555 secs]
   [Parallel Time: 177.8 ms, GC Workers: 4]
      [GC Worker Start (ms): Min: 233291.9, Avg: 233297.6, Max: 233314.4, Diff: 22.4]
      [Ext Root Scanning (ms): Min: 0.1, Avg: 0.9, Max: 1.3, Diff: 1.2, Sum: 3.8]
      [Update RS (ms): Min: 9.9, Avg: 21.5, Max: 25.4, Diff: 15.5, Sum: 86.0]
         [Processed Buffers: Min: 157, Avg: 220.0, Max: 284, Diff: 127, Sum: 880]
      [Scan RS (ms): Min: 3.0, Avg: 8.7, Max: 14.2, Diff: 11.2, Sum: 34.7]
      [Object Copy (ms): Min: 136.9, Avg: 141.0, Max: 142.4, Diff: 5.6, Sum: 564.0]
      [Termination (ms): Min: 0.0, Avg: 0.0, Max: 0.0, Diff: 0.0, Sum: 0.0]
      [GC Worker Other (ms): Min: 0.0, Avg: 0.0, Max: 0.0, Diff: 0.0, Sum: 0.1]
      [GC Worker Total (ms): Min: 155.4, Avg: 172.2, Max: 177.8, Diff: 22.4, Sum: 688.6]
      [GC Worker End (ms): Min: 233469.7, Avg: 233469.7, Max: 233469.7, Diff: 0.0]
   [Code Root Fixup: 0.0 ms]
   [Clear CT: 0.7 ms]
   [Other: 2.6 ms]
      [Choose CSet: 0.0 ms]
      [Ref Proc: 0.3 ms]
      [Ref Enq: 0.0 ms]
      [Free CSet: 0.3 ms]
   [Eden: 271.0M(271.0M)->0.0B(218.0M) Survivors: 44.0M->40.0M Heap: 940.5M(2048.0M)->789.5M(2048.0M)]
 [Times: user=0.59 sys=0.00, real=0.18 secs] 
233.635: [GC pause (young), 0.0638941 secs]
   [Parallel Time: 61.7 ms, GC Workers: 4]
      [GC Worker Start (ms): Min: 233635.2, Avg: 233635.2, Max: 233635.2, Diff: 0.0]
      [Ext Root Scanning (ms): Min: 0.9, Avg: 0.9, Max: 0.9, Diff: 0.0, Sum: 3.6]
      [Update RS (ms): Min: 21.5, Avg: 21.6, Max: 21.8, Diff: 0.3, Sum: 86.4]
         [Processed Buffers: Min: 110, Avg: 121.3, Max: 126, Diff: 16, Sum: 485]
      [Scan RS (ms): Min: 1.3, Avg: 1.5, Max: 1.6, Diff: 0.2, Sum: 6.0]
      [Object Copy (ms): Min: 37.7, Avg: 37.7, Max: 37.7, Diff: 0.0, Sum: 150.7]
      [Termination (ms): Min: 0.0, Avg: 0.0, Max: 0.0, Diff: 0.0, Sum: 0.0]
      [GC Worker Other (ms): Min: 0.0, Avg: 0.0, Max: 0.0, Diff: 0.0, Sum: 0.1]
      [GC Worker Total (ms): Min: 61.7, Avg: 61.7, Max: 61.7, Diff: 0.0, Sum: 246.8]
      [GC Worker End (ms): Min: 233696.9, Avg: 233696.9, Max: 233696.9, Diff: 0.0]
   [Code Root Fixup: 0.0 ms]
   [Clear CT: 0.3 ms]
   [Other: 1.9 ms]
      [Choose CSet: 0.0 ms]
      [Ref Proc: 0.9 ms]
      [Ref Enq: 0.0 ms]
      [Free CSet: 0.2 ms]
   [Eden: 218.0M(218.0M)->0.0B(367.0M) Survivors: 40.0M->8192.0K Heap: 1007.5M(2048.0M)->798.5M(2048.0M)]
 [Times: user=0.23 sys=0.00, real=0.06 secs] 
234.058: [GC pause (young), 0.2189495 secs]
   [Parallel Time: 216.6 ms, GC Workers: 4]
      [GC Worker Start (ms): Min: 234058.7, Avg: 234058.7, Max: 234058.7, Diff: 0.0]
      [Ext Root Scanning (ms): Min: 0.9, Avg: 0.9, Max: 0.9, Diff: 0.0, Sum: 3.5]
      [Update RS (ms): Min: 15.5, Avg: 15.6, Max: 15.7, Diff: 0.2, Sum: 62.4]
         [Processed Buffers: Min: 208, Avg: 238.0, Max: 258, Diff: 50, Sum: 952]
      [Scan RS (ms): Min: 0.0, Avg: 0.1, Max: 0.1, Diff: 0.1, Sum: 0.4]
      [Object Copy (ms): Min: 199.9, Avg: 200.0, Max: 200.0, Diff: 0.1, Sum: 799.8]
      [Termination (ms): Min: 0.0, Avg: 0.0, Max: 0.0, Diff: 0.0, Sum: 0.0]
      [GC Worker Other (ms): Min: 0.0, Avg: 0.0, Max: 0.0, Diff: 0.0, Sum: 0.1]
      [GC Worker Total (ms): Min: 216.5, Avg: 216.5, Max: 216.6, Diff: 0.0, Sum: 866.2]
      [GC Worker End (ms): Min: 234275.2, Avg: 234275.2, Max: 234275.2, Diff: 0.0]
   [Code Root Fixup: 0.0 ms]
   [Clear CT: 0.2 ms]
   [Other: 2.2 ms]
      [Choose CSet: 0.0 ms]
      [Ref Proc: 0.2 ms]
      [Ref Enq: 0.0 ms]
      [Free CSet: 0.3 ms]
   [Eden: 367.0M(367.0M)->0.0B(228.0M) Survivors: 8192.0K->47.0M Heap: 1165.5M(2048.0M)->1047.5M(2048.0M)]
 [Times: user=0.84 sys=0.00, real=0.22 secs] 
234.452: [GC pause (young) (initial-mark), 0.0978079 secs]
   [Parallel Time: 95.6 ms, GC Workers: 4]
      [GC Worker Start (ms): Min: 234451.9, Avg: 234451.9, Max: 234451.9, Diff: 0.0]
      [Ext Root Scanning (ms): Min: 1.1, Avg: 7.6, Max: 26.8, Diff: 25.7, Sum: 30.4]
      [Update RS (ms): Min: 6.0, Avg: 25.0, Max: 31.5, Diff: 25.5, Sum: 100.2]
         [Processed Buffers: Min: 33, Avg: 137.5, Max: 173, Diff: 140, Sum: 550]
      [Scan RS (ms): Min: 12.2, Avg: 12.3, Max: 12.3, Diff: 0.1, Sum: 49.2]
      [Object Copy (ms): Min: 50.5, Avg: 50.6, Max: 50.7, Diff: 0.2, Sum: 202.5]
      [Termination (ms): Min: 0.0, Avg: 0.0, Max: 0.0, Diff: 0.0, Sum: 0.0]
      [GC Worker Other (ms): Min: 0.0, Avg: 0.0, Max: 0.0, Diff: 0.0, Sum: 0.1]
      [GC Worker Total (ms): Min: 95.6, Avg: 95.6, Max: 95.6, Diff: 0.0, Sum: 382.3]
      [GC Worker End (ms): Min: 234547.5, Avg: 234547.5, Max: 234547.5, Diff: 0.0]
   [Code Root Fixup: 0.0 ms]
   [Clear CT: 0.2 ms]
   [Other: 2.0 ms]
      [Choose CSet: 0.0 ms]
      [Ref Proc: 0.0 ms]
      [Ref Enq: 0.0 ms]
      [Free CSet: 0.3 ms]
   [Eden: 228.0M(228.0M)->0.0B(276.0M) Survivors: 47.0M->7168.0K Heap: 1275.5M(2048.0M)->1055.0M(2048.0M)]
 [Times: user=0.34 sys=0.00, real=0.10 secs] 
234.550: [GC concurrent-root-region-scan-start]
234.556: [GC concurrent-root-region-scan-end, 0.0064384 secs]
234.556: [GC concurrent-mark-start]
234.822: [GC pause (young), 0.0920106 secs]
   [Parallel Time: 90.8 ms, GC Workers: 4]
      [GC Worker Start (ms): Min: 234822.5, Avg: 234822.5, Max: 234822.5, Diff: 0.0]
      [Ext Root Scanning (ms): Min: 0.9, Avg: 1.1, Max: 1.5, Diff: 0.5, Sum: 4.4]
      [SATB Filtering (ms): Min: 0.0, Avg: 0.7, Max: 3.0, Diff: 3.0, Sum: 3.0]
      [Update RS (ms): Min: 12.0, Avg: 14.1, Max: 15.0, Diff: 3.0, Sum: 56.3]
         [Processed Buffers: Min: 185, Avg: 277.5, Max: 313, Diff: 128, Sum: 1110]
      [Scan RS (ms): Min: 0.1, Avg: 0.1, Max: 0.1, Diff: 0.0, Sum: 0.3]
      [Object Copy (ms): Min: 74.8, Avg: 74.8, Max: 74.8, Diff: 0.0, Sum: 299.1]
      [Termination (ms): Min: 0.0, Avg: 0.0, Max: 0.0, Diff: 0.0, Sum: 0.0]
      [GC Worker Other (ms): Min: 0.0, Avg: 0.0, Max: 0.0, Diff: 0.0, Sum: 0.1]
      [GC Worker Total (ms): Min: 90.8, Avg: 90.8, Max: 90.8, Diff: 0.0, Sum: 363.1]
      [GC Worker End (ms): Min: 234913.3, Avg: 234913.3, Max: 234913.3, Diff: 0.0]
   [Code Root Fixup: 0.0 ms]
   [Clear CT: 0.1 ms]
   [Other: 1.1 ms]
      [Choose CSet: 0.0 ms]
      [Ref Proc: 0.0 ms]
      [Ref Enq: 0.0 ms]
      [Free CSet: 0.2 ms]
   [Eden: 276.0M(276.0M)->0.0B(98.0M) Survivors: 7168.0K->36.0M Heap: 1331.0M(2048.0M)->1144.5M(2048.0M)]
 [Times: user=0.34 sys=0.00, real=0.09 secs] 
234.995: [GC pause (young), 0.0827011 secs]
   [Parallel Time: 81.5 ms, GC Workers: 4]
      [GC Worker Start (ms): Min: 234995.4, Avg: 234995.4, Max: 234995.4, Diff: 0.0]
      [Ext Root Scanning (ms): Min: 0.9, Avg: 0.9, Max: 0.9, Diff: 0.0, Sum: 3.5]
      [SATB Filtering (ms): Min: 0.0, Avg: 0.6, Max: 2.4, Diff: 2.4, Sum: 2.4]
      [Update RS (ms): Min: 16.4, Avg: 18.2, Max: 18.8, Diff: 2.3, Sum: 72.7]
         [Processed Buffers: Min: 126, Avg: 139.8, Max: 157, Diff: 31, Sum: 559]
      [Scan RS (ms): Min: 0.2, Avg: 0.2, Max: 0.2, Diff: 0.0, Sum: 0.7]
      [Object Copy (ms): Min: 61.7, Avg: 61.7, Max: 61.7, Diff: 0.0, Sum: 246.8]
      [Termination (ms): Min: 0.0, Avg: 0.0, Max: 0.0, Diff: 0.0, Sum: 0.0]
      [GC Worker Other (ms): Min: 0.0, Avg: 0.0, Max: 0.0, Diff: 0.0, Sum: 0.0]
      [GC Worker Total (ms): Min: 81.5, Avg: 81.5, Max: 81.5, Diff: 0.0, Sum: 326.1]
      [GC Worker End (ms): Min: 235076.9, Avg: 235076.9, Max: 235076.9, Diff: 0.0]
   [Code Root Fixup: 0.0 ms]
   [Clear CT: 0.1 ms]
   [Other: 1.1 ms]
      [Choose CSet: 0.0 ms]
      [Ref Proc: 0.0 ms]
      [Ref Enq: 0.0 ms]
      [Free CSet: 0.1 ms]
   [Eden: 98.0M(98.0M)->0.0B(220.0M) Survivors: 36.0M->17.0M Heap: 1242.5M(2048.0M)->1188.5M(2048.0M)]
 [Times: user=0.31 sys=0.00, real=0.08 secs] 
235.178: [GC concurrent-mark-end, 0.6203908 secs]
235.180: [GC remark 235.180: [GC ref-proc, 0.0012479 secs], 0.0024814 secs]
 [Times: user=0.00 sys=0.00, real=0.00 secs] 
235.183: [GC cleanup 1311M->589M(2048M), 0.0015263 secs]
 [Times: user=0.00 sys=0.00, real=0.00 secs] 
235.185: [GC concurrent-cleanup-start]
235.186: [GC concurrent-cleanup-end, 0.0009080 secs]
235.276: [GC pause (young), 0.1088914 secs]
   [Parallel Time: 107.5 ms, GC Workers: 4]
      [GC Worker Start (ms): Min: 235276.4, Avg: 235276.8, Max: 235278.0, Diff: 1.6]
      [Ext Root Scanning (ms): Min: 0.1, Avg: 0.9, Max: 1.2, Diff: 1.2, Sum: 3.7]
      [Update RS (ms): Min: 19.4, Avg: 19.6, Max: 19.7, Diff: 0.4, Sum: 78.6]
         [Processed Buffers: Min: 97, Avg: 118.0, Max: 129, Diff: 32, Sum: 472]
      [Scan RS (ms): Min: 0.1, Avg: 0.2, Max: 0.2, Diff: 0.0, Sum: 0.6]
      [Object Copy (ms): Min: 86.2, Avg: 86.3, Max: 86.4, Diff: 0.2, Sum: 345.3]
      [Termination (ms): Min: 0.0, Avg: 0.1, Max: 0.1, Diff: 0.1, Sum: 0.3]
      [GC Worker Other (ms): Min: 0.0, Avg: 0.0, Max: 0.0, Diff: 0.0, Sum: 0.0]
      [GC Worker Total (ms): Min: 105.9, Avg: 107.1, Max: 107.5, Diff: 1.6, Sum: 428.5]
      [GC Worker End (ms): Min: 235383.9, Avg: 235383.9, Max: 235383.9, Diff: 0.0]
   [Code Root Fixup: 0.0 ms]
   [Clear CT: 0.1 ms]
   [Other: 1.3 ms]
      [Choose CSet: 0.0 ms]
      [Ref Proc: 0.0 ms]
      [Ref Enq: 0.0 ms]
      [Free CSet: 0.3 ms]
   [Eden: 220.0M(220.0M)->0.0B(250.0M) Survivors: 17.0M->30.0M Heap: 686.5M(2048.0M)->557.5M(2048.0M)]
 [Times: user=0.36 sys=0.00, real=0.11 secs] 
235.625: [GC pause (young), 0.1908182 secs]
   [Parallel Time: 187.6 ms, GC Workers: 4]
      [GC Worker Start (ms): Min: 235624.9, Avg: 235624.9, Max: 235624.9, Diff: 0.0]
      [Ext Root Scanning (ms): Min: 0.9, Avg: 0.9, Max: 0.9, Diff: 0.0, Sum: 3.5]
      [Update RS (ms): Min: 21.9, Avg: 21.9, Max: 21.9, Diff: 0.0, Sum: 87.6]
         [Processed Buffers: Min: 125, Avg: 137.0, Max: 147, Diff: 22, Sum: 548]
      [Scan RS (ms): Min: 0.2, Avg: 0.2, Max: 0.2, Diff: 0.0, Sum: 0.8]
      [Object Copy (ms): Min: 164.6, Avg: 164.6, Max: 164.6, Diff: 0.0, Sum: 658.4]
      [Termination (ms): Min: 0.0, Avg: 0.0, Max: 0.0, Diff: 0.0, Sum: 0.0]
      [GC Worker Other (ms): Min: 0.0, Avg: 0.0, Max: 0.0, Diff: 0.0, Sum: 0.0]
      [GC Worker Total (ms): Min: 187.6, Avg: 187.6, Max: 187.6, Diff: 0.0, Sum: 750.3]
      [GC Worker End (ms): Min: 235812.5, Avg: 235812.5, Max: 235812.5, Diff: 0.0]
   [Code Root Fixup: 0.0 ms]
   [Clear CT: 0.9 ms]
   [Other: 2.4 ms]
      [Choose CSet: 0.0 ms]
      [Ref Proc: 0.7 ms]
      [Ref Enq: 0.0 ms]
      [Free CSet: 0.2 ms]
   [Eden: 250.0M(250.0M)->0.0B(219.0M) Survivors: 30.0M->35.0M Heap: 807.5M(2048.0M)->736.5M(2048.0M)]
 [Times: user=0.75 sys=0.00, real=0.19 secs] 
235.989: [GC pause (young), 0.0723281 secs]
   [Parallel Time: 70.0 ms, GC Workers: 4]
      [GC Worker Start (ms): Min: 235989.6, Avg: 235989.7, Max: 235990.1, Diff: 0.4]
      [Ext Root Scanning (ms): Min: 0.6, Avg: 0.9, Max: 1.0, Diff: 0.4, Sum: 3.7]
      [Update RS (ms): Min: 24.3, Avg: 24.5, Max: 24.9, Diff: 0.6, Sum: 98.0]
         [Processed Buffers: Min: 155, Avg: 165.5, Max: 178, Diff: 23, Sum: 662]
      [Scan RS (ms): Min: 0.0, Avg: 0.2, Max: 0.2, Diff: 0.2, Sum: 0.6]
      [Object Copy (ms): Min: 43.7, Avg: 44.0, Max: 44.1, Diff: 0.4, Sum: 176.1]
      [Termination (ms): Min: 0.0, Avg: 0.0, Max: 0.0, Diff: 0.0, Sum: 0.0]
      [GC Worker Other (ms): Min: 0.0, Avg: 0.0, Max: 0.0, Diff: 0.0, Sum: 0.1]
      [GC Worker Total (ms): Min: 69.3, Avg: 69.6, Max: 69.7, Diff: 0.4, Sum: 278.5]
      [GC Worker End (ms): Min: 236059.4, Avg: 236059.4, Max: 236059.4, Diff: 0.0]
   [Code Root Fixup: 0.0 ms]
   [Clear CT: 0.1 ms]
   [Other: 2.3 ms]
      [Choose CSet: 0.0 ms]
      [Ref Proc: 1.1 ms]
      [Ref Enq: 0.0 ms]
      [Free CSet: 0.2 ms]
   [Eden: 219.0M(219.0M)->0.0B(297.0M) Survivors: 35.0M->15.0M Heap: 955.5M(2048.0M)->752.5M(2048.0M)]
 [Times: user=0.23 sys=0.00, real=0.07 secs] 
236.350: [GC pause (young), 0.2055560 secs]
   [Parallel Time: 203.1 ms, GC Workers: 4]
      [GC Worker Start (ms): Min: 236350.8, Avg: 236350.8, Max: 236350.8, Diff: 0.0]
      [Ext Root Scanning (ms): Min: 0.9, Avg: 1.0, Max: 1.0, Diff: 0.0, Sum: 3.8]
      [Update RS (ms): Min: 15.0, Avg: 15.1, Max: 15.4, Diff: 0.4, Sum: 60.5]
         [Processed Buffers: Min: 127, Avg: 193.8, Max: 219, Diff: 92, Sum: 775]
      [Scan RS (ms): Min: 0.0, Avg: 0.2, Max: 0.2, Diff: 0.2, Sum: 0.7]
      [Object Copy (ms): Min: 186.6, Avg: 186.8, Max: 186.8, Diff: 0.2, Sum: 747.0]
      [Termination (ms): Min: 0.0, Avg: 0.0, Max: 0.0, Diff: 0.0, Sum: 0.0]
      [GC Worker Other (ms): Min: 0.0, Avg: 0.0, Max: 0.0, Diff: 0.0, Sum: 0.1]
      [GC Worker Total (ms): Min: 203.0, Avg: 203.0, Max: 203.0, Diff: 0.0, Sum: 812.1]
      [GC Worker End (ms): Min: 236553.9, Avg: 236553.9, Max: 236553.9, Diff: 0.0]
   [Code Root Fixup: 0.0 ms]
   [Clear CT: 0.2 ms]
   [Other: 2.3 ms]
      [Choose CSet: 0.0 ms]
      [Ref Proc: 0.6 ms]
      [Ref Enq: 0.0 ms]
      [Free CSet: 0.2 ms]
   [Eden: 297.0M(297.0M)->0.0B(226.0M) Survivors: 15.0M->39.0M Heap: 1049.5M(2048.0M)->962.5M(2048.0M)]
 [Times: user=0.76 sys=0.00, real=0.20 secs] 
236.813: [GC pause (young) (initial-mark), 0.1526959 secs]
   [Parallel Time: 149.5 ms, GC Workers: 4]
      [GC Worker Start (ms): Min: 236813.7, Avg: 236813.8, Max: 236813.8, Diff: 0.0]
      [Ext Root Scanning (ms): Min: 0.9, Avg: 0.9, Max: 0.9, Diff: 0.0, Sum: 3.6]
      [Update RS (ms): Min: 19.8, Avg: 19.8, Max: 19.9, Diff: 0.1, Sum: 79.2]
         [Processed Buffers: Min: 202, Avg: 222.0, Max: 246, Diff: 44, Sum: 888]
      [Scan RS (ms): Min: 10.3, Avg: 10.4, Max: 10.5, Diff: 0.1, Sum: 41.6]
      [Object Copy (ms): Min: 118.4, Avg: 118.4, Max: 118.4, Diff: 0.0, Sum: 473.6]
      [Termination (ms): Min: 0.0, Avg: 0.0, Max: 0.0, Diff: 0.0, Sum: 0.0]
      [GC Worker Other (ms): Min: 0.0, Avg: 0.0, Max: 0.0, Diff: 0.0, Sum: 0.1]
      [GC Worker Total (ms): Min: 149.5, Avg: 149.5, Max: 149.5, Diff: 0.0, Sum: 598.0]
      [GC Worker End (ms): Min: 236963.2, Avg: 236963.2, Max: 236963.2, Diff: 0.0]
   [Code Root Fixup: 0.0 ms]
   [Clear CT: 0.1 ms]
   [Other: 3.0 ms]
      [Choose CSet: 0.0 ms]
      [Ref Proc: 0.7 ms]
      [Ref Enq: 0.0 ms]
      [Free CSet: 0.2 ms]
   [Eden: 226.0M(226.0M)->0.0B(165.0M) Survivors: 39.0M->34.0M Heap: 1188.5M(2048.0M)->1065.0M(2048.0M)]
 [Times: user=0.55 sys=0.00, real=0.15 secs] 
236.966: [GC concurrent-root-region-scan-start]
237.042: [GC concurrent-root-region-scan-end, 0.0761687 secs]
237.042: [GC concurrent-mark-start]
237.183: [GC pause (young), 0.0807858 secs]
   [Parallel Time: 79.6 ms, GC Workers: 4]
      [GC Worker Start (ms): Min: 237183.4, Avg: 237183.4, Max: 237183.4, Diff: 0.0]
      [Ext Root Scanning (ms): Min: 0.9, Avg: 0.9, Max: 0.9, Diff: 0.0, Sum: 3.5]
      [SATB Filtering (ms): Min: 0.0, Avg: 0.5, Max: 1.8, Diff: 1.8, Sum: 1.8]
      [Update RS (ms): Min: 19.2, Avg: 20.6, Max: 21.3, Diff: 2.1, Sum: 82.5]
         [Processed Buffers: Min: 158, Avg: 197.5, Max: 233, Diff: 75, Sum: 790]
      [Scan RS (ms): Min: 0.0, Avg: 0.2, Max: 0.3, Diff: 0.2, Sum: 0.8]
      [Object Copy (ms): Min: 57.4, Avg: 57.4, Max: 57.4, Diff: 0.0, Sum: 229.6]
      [Termination (ms): Min: 0.0, Avg: 0.0, Max: 0.0, Diff: 0.0, Sum: 0.0]
      [GC Worker Other (ms): Min: 0.0, Avg: 0.0, Max: 0.0, Diff: 0.0, Sum: 0.0]
      [GC Worker Total (ms): Min: 79.6, Avg: 79.6, Max: 79.6, Diff: 0.0, Sum: 318.3]
      [GC Worker End (ms): Min: 237263.0, Avg: 237263.0, Max: 237263.0, Diff: 0.0]
   [Code Root Fixup: 0.0 ms]
   [Clear CT: 0.1 ms]
   [Other: 1.1 ms]
      [Choose CSet: 0.0 ms]
      [Ref Proc: 0.0 ms]
      [Ref Enq: 0.0 ms]
      [Free CSet: 0.2 ms]
   [Eden: 165.0M(165.0M)->0.0B(270.0M) Survivors: 34.0M->25.0M Heap: 1230.0M(2048.0M)->1100.5M(2048.0M)]
 [Times: user=0.28 sys=0.00, real=0.08 secs] 
237.503: [GC pause (young), 0.1468351 secs]
   [Parallel Time: 145.1 ms, GC Workers: 4]
      [GC Worker Start (ms): Min: 237503.5, Avg: 237503.5, Max: 237503.5, Diff: 0.0]
      [Ext Root Scanning (ms): Min: 0.9, Avg: 0.9, Max: 0.9, Diff: 0.0, Sum: 3.5]
      [SATB Filtering (ms): Min: 0.0, Avg: 0.7, Max: 2.7, Diff: 2.7, Sum: 2.7]
      [Update RS (ms): Min: 16.2, Avg: 18.2, Max: 18.8, Diff: 2.7, Sum: 72.7]
         [Processed Buffers: Min: 93, Avg: 108.8, Max: 125, Diff: 32, Sum: 435]
      [Scan RS (ms): Min: 0.1, Avg: 0.1, Max: 0.2, Diff: 0.1, Sum: 0.5]
      [Object Copy (ms): Min: 125.2, Avg: 125.3, Max: 125.3, Diff: 0.0, Sum: 501.1]
      [Termination (ms): Min: 0.0, Avg: 0.0, Max: 0.0, Diff: 0.0, Sum: 0.0]
      [GC Worker Other (ms): Min: 0.0, Avg: 0.0, Max: 0.0, Diff: 0.0, Sum: 0.1]
      [GC Worker Total (ms): Min: 145.1, Avg: 145.1, Max: 145.1, Diff: 0.0, Sum: 580.5]
      [GC Worker End (ms): Min: 237648.6, Avg: 237648.6, Max: 237648.6, Diff: 0.0]
   [Code Root Fixup: 0.0 ms]
   [Clear CT: 0.3 ms]
   [Other: 1.3 ms]
      [Choose CSet: 0.0 ms]
      [Ref Proc: 0.0 ms]
      [Ref Enq: 0.0 ms]
      [Free CSet: 0.2 ms]
   [Eden: 270.0M(270.0M)->0.0B(238.0M) Survivors: 25.0M->37.0M Heap: 1370.5M(2048.0M)->1229.5M(2048.0M)]
 [Times: user=0.53 sys=0.00, real=0.15 secs] 
237.754: [GC concurrent-mark-end, 0.7117195 secs]
237.758: [GC remark 237.758: [GC ref-proc, 0.0012216 secs], 0.0029121 secs]
 [Times: user=0.00 sys=0.00, real=0.00 secs] 
237.761: [GC cleanup 1351M->693M(2048M), 0.0024577 secs]
 [Times: user=0.03 sys=0.00, real=0.00 secs] 
237.764: [GC concurrent-cleanup-start]
237.765: [GC concurrent-cleanup-end, 0.0007598 secs]
237.868: [GC pause (young), 0.1263693 secs]
   [Parallel Time: 124.4 ms, GC Workers: 4]
      [GC Worker Start (ms): Min: 237868.7, Avg: 237868.7, Max: 237868.7, Diff: 0.0]
      [Ext Root Scanning (ms): Min: 0.8, Avg: 0.9, Max: 0.9, Diff: 0.0, Sum: 3.4]
      [Update RS (ms): Min: 26.1, Avg: 26.2, Max: 26.6, Diff: 0.5, Sum: 105.0]
         [Processed Buffers: Min: 154, Avg: 196.3, Max: 230, Diff: 76, Sum: 785]
      [Scan RS (ms): Min: 0.0, Avg: 0.2, Max: 0.2, Diff: 0.2, Sum: 0.7]
      [Object Copy (ms): Min: 96.9, Avg: 97.1, Max: 97.1, Diff: 0.3, Sum: 388.3]
      [Termination (ms): Min: 0.0, Avg: 0.0, Max: 0.0, Diff: 0.0, Sum: 0.0]
      [GC Worker Other (ms): Min: 0.0, Avg: 0.0, Max: 0.0, Diff: 0.0, Sum: 0.0]
      [GC Worker Total (ms): Min: 124.4, Avg: 124.4, Max: 124.4, Diff: 0.0, Sum: 497.4]
      [GC Worker End (ms): Min: 237993.0, Avg: 237993.0, Max: 237993.0, Diff: 0.0]
   [Code Root Fixup: 0.0 ms]
   [Clear CT: 0.1 ms]
   [Other: 1.9 ms]
      [Choose CSet: 0.0 ms]
      [Ref Proc: 0.6 ms]
      [Ref Enq: 0.0 ms]
      [Free CSet: 0.2 ms]
   [Eden: 238.0M(238.0M)->0.0B(286.0M) Survivors: 37.0M->35.0M Heap: 809.5M(2048.0M)->653.0M(2048.0M)]
 [Times: user=0.48 sys=0.00, real=0.13 secs] 
238.272: [GC pause (young), 0.2320881 secs]
   [Parallel Time: 230.1 ms, GC Workers: 4]
      [GC Worker Start (ms): Min: 238272.0, Avg: 238272.0, Max: 238272.0, Diff: 0.0]
      [Ext Root Scanning (ms): Min: 1.1, Avg: 1.1, Max: 1.2, Diff: 0.2, Sum: 4.5]
      [Update RS (ms): Min: 18.6, Avg: 18.9, Max: 19.7, Diff: 1.2, Sum: 75.5]
         [Processed Buffers: Min: 121, Avg: 133.5, Max: 147, Diff: 26, Sum: 534]
      [Scan RS (ms): Min: 0.3, Avg: 1.1, Max: 1.4, Diff: 1.1, Sum: 4.5]
      [Object Copy (ms): Min: 195.3, Avg: 198.6, Max: 208.4, Diff: 13.1, Sum: 794.5]
      [Termination (ms): Min: 0.0, Avg: 10.0, Max: 13.3, Diff: 13.3, Sum: 39.9]
      [GC Worker Other (ms): Min: 0.0, Avg: 0.0, Max: 0.0, Diff: 0.0, Sum: 0.0]
      [GC Worker Total (ms): Min: 229.5, Avg: 229.7, Max: 229.9, Diff: 0.4, Sum: 918.9]
      [GC Worker End (ms): Min: 238501.5, Avg: 238501.7, Max: 238501.9, Diff: 0.4]
   [Code Root Fixup: 0.0 ms]
   [Clear CT: 0.3 ms]
   [Other: 1.7 ms]
      [Choose CSet: 0.0 ms]
      [Ref Proc: 0.1 ms]
      [Ref Enq: 0.0 ms]
      [Free CSet: 0.2 ms]
   [Eden: 286.0M(286.0M)->0.0B(206.0M) Survivors: 35.0M->41.0M Heap: 939.0M(2048.0M)->842.5M(2048.0M)]
 [Times: user=0.81 sys=0.00, real=0.23 secs] 
238.749: [GC pause (young), 0.0911251 secs]
   [Parallel Time: 89.4 ms, GC Workers: 4]
      [GC Worker Start (ms): Min: 238749.2, Avg: 238749.2, Max: 238749.2, Diff: 0.0]
      [Ext Root Scanning (ms): Min: 0.9, Avg: 0.9, Max: 0.9, Diff: 0.0, Sum: 3.6]
      [Update RS (ms): Min: 20.5, Avg: 20.6, Max: 20.6, Diff: 0.0, Sum: 82.2]
         [Processed Buffers: Min: 203, Avg: 216.3, Max: 238, Diff: 35, Sum: 865]
      [Scan RS (ms): Min: 4.0, Avg: 4.1, Max: 4.1, Diff: 0.1, Sum: 16.2]
      [Object Copy (ms): Min: 63.8, Avg: 63.9, Max: 63.9, Diff: 0.1, Sum: 255.4]
      [Termination (ms): Min: 0.0, Avg: 0.0, Max: 0.0, Diff: 0.0, Sum: 0.0]
      [GC Worker Other (ms): Min: 0.0, Avg: 0.0, Max: 0.0, Diff: 0.0, Sum: 0.1]
      [GC Worker Total (ms): Min: 89.4, Avg: 89.4, Max: 89.4, Diff: 0.0, Sum: 357.6]
      [GC Worker End (ms): Min: 238838.6, Avg: 238838.6, Max: 238838.6, Diff: 0.0]
   [Code Root Fixup: 0.0 ms]
   [Clear CT: 0.1 ms]
   [Other: 1.6 ms]
      [Choose CSet: 0.0 ms]
      [Ref Proc: 0.0 ms]
      [Ref Enq: 0.0 ms]
      [Free CSet: 0.2 ms]
   [Eden: 206.0M(206.0M)->0.0B(313.0M) Survivors: 41.0M->31.0M Heap: 1048.5M(2048.0M)->881.5M(2048.0M)]
 [Times: user=0.33 sys=0.00, real=0.09 secs] 
239.136: [GC pause (young), 0.2047638 secs]
   [Parallel Time: 202.9 ms, GC Workers: 4]
      [GC Worker Start (ms): Min: 239136.4, Avg: 239136.4, Max: 239136.4, Diff: 0.0]
      [Ext Root Scanning (ms): Min: 0.8, Avg: 0.9, Max: 0.9, Diff: 0.0, Sum: 3.5]
      [Update RS (ms): Min: 15.8, Avg: 15.8, Max: 15.8, Diff: 0.0, Sum: 63.2]
         [Processed Buffers: Min: 104, Avg: 119.3, Max: 130, Diff: 26, Sum: 477]
      [Scan RS (ms): Min: 0.3, Avg: 0.3, Max: 0.3, Diff: 0.0, Sum: 1.1]
      [Object Copy (ms): Min: 185.9, Avg: 185.9, Max: 186.0, Diff: 0.0, Sum: 743.8]
      [Termination (ms): Min: 0.0, Avg: 0.0, Max: 0.0, Diff: 0.0, Sum: 0.0]
      [GC Worker Other (ms): Min: 0.0, Avg: 0.0, Max: 0.0, Diff: 0.0, Sum: 0.0]
      [GC Worker Total (ms): Min: 202.9, Avg: 202.9, Max: 202.9, Diff: 0.0, Sum: 811.5]
      [GC Worker End (ms): Min: 239339.3, Avg: 239339.3, Max: 239339.3, Diff: 0.0]
   [Code Root Fixup: 0.0 ms]
   [Clear CT: 0.1 ms]
   [Other: 1.7 ms]
      [Choose CSet: 0.0 ms]
      [Ref Proc: 0.0 ms]
      [Ref Enq: 0.0 ms]
      [Free CSet: 0.3 ms]
   [Eden: 313.0M(313.0M)->0.0B(210.0M) Survivors: 31.0M->43.0M Heap: 1194.5M(2048.0M)->1072.0M(2048.0M)]
 [Times: user=0.83 sys=0.00, real=0.20 secs] 
239.572: [GC pause (young) (initial-mark), 0.1451795 secs]
   [Parallel Time: 143.0 ms, GC Workers: 4]
      [GC Worker Start (ms): Min: 239572.8, Avg: 239572.8, Max: 239572.8, Diff: 0.0]
      [Ext Root Scanning (ms): Min: 0.9, Avg: 0.9, Max: 0.9, Diff: 0.0, Sum: 3.6]
      [Update RS (ms): Min: 20.7, Avg: 20.8, Max: 20.9, Diff: 0.2, Sum: 83.1]
         [Processed Buffers: Min: 126, Avg: 181.0, Max: 212, Diff: 86, Sum: 724]
      [Scan RS (ms): Min: 3.8, Avg: 3.9, Max: 4.0, Diff: 0.1, Sum: 15.7]
      [Object Copy (ms): Min: 117.4, Avg: 117.4, Max: 117.4, Diff: 0.0, Sum: 469.6]
      [Termination (ms): Min: 0.0, Avg: 0.0, Max: 0.0, Diff: 0.0, Sum: 0.0]
      [GC Worker Other (ms): Min: 0.0, Avg: 0.0, Max: 0.0, Diff: 0.0, Sum: 0.1]
      [GC Worker Total (ms): Min: 143.0, Avg: 143.0, Max: 143.0, Diff: 0.0, Sum: 572.0]
      [GC Worker End (ms): Min: 239715.8, Avg: 239715.8, Max: 239715.8, Diff: 0.0]
   [Code Root Fixup: 0.0 ms]
   [Clear CT: 0.1 ms]
   [Other: 2.1 ms]
      [Choose CSet: 0.0 ms]
      [Ref Proc: 0.0 ms]
      [Ref Enq: 0.0 ms]
      [Free CSet: 0.2 ms]
   [Eden: 210.0M(210.0M)->0.0B(264.0M) Survivors: 43.0M->32.0M Heap: 1282.0M(2048.0M)->1172.5M(2048.0M)]
 [Times: user=0.58 sys=0.00, real=0.15 secs] 
239.718: [GC concurrent-root-region-scan-start]
239.784: [GC concurrent-root-region-scan-end, 0.0661856 secs]
239.784: [GC concurrent-mark-start]
240.021: [GC pause (young), 0.0638482 secs]
   [Parallel Time: 62.3 ms, GC Workers: 4]
      [GC Worker Start (ms): Min: 240021.7, Avg: 240022.0, Max: 240023.0, Diff: 1.3]
      [Ext Root Scanning (ms): Min: 0.0, Avg: 0.9, Max: 1.2, Diff: 1.1, Sum: 3.5]
      [SATB Filtering (ms): Min: 0.0, Avg: 0.1, Max: 0.3, Diff: 0.3, Sum: 0.3]
      [Update RS (ms): Min: 17.2, Avg: 17.3, Max: 17.4, Diff: 0.2, Sum: 69.2]
         [Processed Buffers: Min: 108, Avg: 113.0, Max: 120, Diff: 12, Sum: 452]
      [Scan RS (ms): Min: 1.2, Avg: 1.2, Max: 1.2, Diff: 0.1, Sum: 4.7]
      [Object Copy (ms): Min: 41.8, Avg: 41.9, Max: 42.0, Diff: 0.2, Sum: 167.6]
      [Termination (ms): Min: 0.0, Avg: 0.0, Max: 0.0, Diff: 0.0, Sum: 0.0]
      [GC Worker Other (ms): Min: 0.0, Avg: 0.1, Max: 0.3, Diff: 0.3, Sum: 0.4]
      [GC Worker Total (ms): Min: 60.7, Avg: 61.4, Max: 61.7, Diff: 1.0, Sum: 245.8]
      [GC Worker End (ms): Min: 240083.4, Avg: 240083.5, Max: 240083.7, Diff: 0.3]
   [Code Root Fixup: 0.0 ms]
   [Clear CT: 0.2 ms]
   [Other: 1.4 ms]
      [Choose CSet: 0.0 ms]
      [Ref Proc: 0.5 ms]
      [Ref Enq: 0.0 ms]
      [Free CSet: 0.2 ms]
   [Eden: 264.0M(264.0M)->0.0B(447.0M) Survivors: 32.0M->21.0M Heap: 1436.5M(2048.0M)->1194.5M(2048.0M)]
 [Times: user=0.20 sys=0.00, real=0.06 secs] 
240.314: [GC concurrent-mark-end, 0.5295681 secs]
240.314: [GC remark 240.315: [GC ref-proc, 0.0012049 secs], 0.0035385 secs]
 [Times: user=0.00 sys=0.00, real=0.00 secs] 
240.318: [GC cleanup 1450M->724M(2048M), 0.0020802 secs]
 [Times: user=0.00 sys=0.00, real=0.00 secs] 
240.320: [GC concurrent-cleanup-start]
240.321: [GC concurrent-cleanup-end, 0.0008329 secs]
240.504: [GC pause (young), 0.2252866 secs]
   [Parallel Time: 223.1 ms, GC Workers: 4]
      [GC Worker Start (ms): Min: 240504.6, Avg: 240504.6, Max: 240504.6, Diff: 0.0]
      [Ext Root Scanning (ms): Min: 0.9, Avg: 0.9, Max: 1.0, Diff: 0.0, Sum: 3.7]
      [Update RS (ms): Min: 19.2, Avg: 19.4, Max: 19.8, Diff: 0.6, Sum: 77.5]
         [Processed Buffers: Min: 174, Avg: 218.3, Max: 260, Diff: 86, Sum: 873]
      [Scan RS (ms): Min: 0.0, Avg: 0.1, Max: 0.2, Diff: 0.2, Sum: 0.5]
      [Object Copy (ms): Min: 190.7, Avg: 193.6, Max: 202.3, Diff: 11.6, Sum: 774.6]
      [Termination (ms): Min: 0.0, Avg: 9.0, Max: 12.0, Diff: 12.0, Sum: 36.0]
      [GC Worker Other (ms): Min: 0.0, Avg: 0.0, Max: 0.0, Diff: 0.0, Sum: 0.1]
      [GC Worker Total (ms): Min: 223.1, Avg: 223.1, Max: 223.1, Diff: 0.0, Sum: 892.4]
      [GC Worker End (ms): Min: 240727.7, Avg: 240727.7, Max: 240727.7, Diff: 0.0]
   [Code Root Fixup: 0.0 ms]
   [Clear CT: 0.2 ms]
   [Other: 1.9 ms]
      [Choose CSet: 0.0 ms]
      [Ref Proc: 0.1 ms]
      [Ref Enq: 0.0 ms]
      [Free CSet: 0.3 ms]
   [Eden: 447.0M(447.0M)->0.0B(43.0M) Survivors: 21.0M->59.0M Heap: 915.5M(2048.0M)->670.0M(2048.0M)]
 [Times: user=0.80 sys=0.00, real=0.23 secs] 
240.836: [GC pause (mixed), 0.1118946 secs]
   [Parallel Time: 110.3 ms, GC Workers: 4]
      [GC Worker Start (ms): Min: 240835.9, Avg: 240837.0, Max: 240839.9, Diff: 4.0]
      [Ext Root Scanning (ms): Min: 0.1, Avg: 0.9, Max: 1.3, Diff: 1.2, Sum: 3.6]
      [Update RS (ms): Min: 27.3, Avg: 29.3, Max: 30.0, Diff: 2.7, Sum: 117.0]
         [Processed Buffers: Min: 145, Avg: 160.3, Max: 166, Diff: 21, Sum: 641]
      [Scan RS (ms): Min: 2.2, Avg: 2.3, Max: 2.4, Diff: 0.2, Sum: 9.1]
      [Object Copy (ms): Min: 76.7, Avg: 76.7, Max: 76.8, Diff: 0.1, Sum: 306.9]
      [Termination (ms): Min: 0.0, Avg: 0.0, Max: 0.0, Diff: 0.0, Sum: 0.0]
      [GC Worker Other (ms): Min: 0.0, Avg: 0.0, Max: 0.0, Diff: 0.0, Sum: 0.1]
      [GC Worker Total (ms): Min: 106.3, Avg: 109.2, Max: 110.3, Diff: 4.0, Sum: 436.8]
      [GC Worker End (ms): Min: 240946.2, Avg: 240946.2, Max: 240946.2, Diff: 0.0]
   [Code Root Fixup: 0.0 ms]
   [Clear CT: 0.2 ms]
   [Other: 1.4 ms]
      [Choose CSet: 0.0 ms]
      [Ref Proc: 0.0 ms]
      [Ref Enq: 0.0 ms]
      [Free CSet: 0.2 ms]
   [Eden: 43.0M(43.0M)->0.0B(352.0M) Survivors: 59.0M->4096.0K Heap: 713.0M(2048.0M)->664.5M(2048.0M)]
 [Times: user=0.39 sys=0.00, real=0.11 secs] 
241.308: [GC pause (young), 0.1484884 secs]
   [Parallel Time: 146.9 ms, GC Workers: 4]
      [GC Worker Start (ms): Min: 241308.3, Avg: 241308.3, Max: 241308.3, Diff: 0.0]
      [Ext Root Scanning (ms): Min: 0.9, Avg: 0.9, Max: 0.9, Diff: 0.0, Sum: 3.6]
      [Update RS (ms): Min: 19.6, Avg: 19.6, Max: 19.6, Diff: 0.0, Sum: 78.4]
         [Processed Buffers: Min: 224, Avg: 284.3, Max: 382, Diff: 158, Sum: 1137]
      [Scan RS (ms): Min: 0.1, Avg: 0.1, Max: 0.1, Diff: 0.0, Sum: 0.5]
      [Object Copy (ms): Min: 126.2, Avg: 126.3, Max: 126.3, Diff: 0.0, Sum: 505.0]
      [Termination (ms): Min: 0.0, Avg: 0.0, Max: 0.0, Diff: 0.0, Sum: 0.0]
      [GC Worker Other (ms): Min: 0.0, Avg: 0.0, Max: 0.0, Diff: 0.0, Sum: 0.1]
      [GC Worker Total (ms): Min: 146.9, Avg: 146.9, Max: 146.9, Diff: 0.0, Sum: 587.6]
      [GC Worker End (ms): Min: 241455.2, Avg: 241455.2, Max: 241455.2, Diff: 0.0]
   [Code Root Fixup: 0.0 ms]
   [Clear CT: 0.1 ms]
   [Other: 1.5 ms]
      [Choose CSet: 0.0 ms]
      [Ref Proc: 0.0 ms]
      [Ref Enq: 0.0 ms]
      [Free CSet: 0.2 ms]
   [Eden: 352.0M(352.0M)->0.0B(214.0M) Survivors: 4096.0K->45.0M Heap: 1016.5M(2048.0M)->826.5M(2048.0M)]
 [Times: user=0.56 sys=0.00, real=0.15 secs] 
241.634: [GC pause (young), 0.0959131 secs]
   [Parallel Time: 94.4 ms, GC Workers: 4]
      [GC Worker Start (ms): Min: 241634.0, Avg: 241635.9, Max: 241638.2, Diff: 4.2]
      [Ext Root Scanning (ms): Min: 0.1, Avg: 0.9, Max: 2.3, Diff: 2.2, Sum: 3.7]
      [Update RS (ms): Min: 20.8, Avg: 22.2, Max: 22.6, Diff: 1.8, Sum: 88.7]
         [Processed Buffers: Min: 143, Avg: 149.3, Max: 154, Diff: 11, Sum: 597]
      [Scan RS (ms): Min: 0.2, Avg: 0.2, Max: 0.2, Diff: 0.0, Sum: 0.8]
      [Object Copy (ms): Min: 69.1, Avg: 69.2, Max: 69.3, Diff: 0.2, Sum: 276.8]
      [Termination (ms): Min: 0.0, Avg: 0.0, Max: 0.0, Diff: 0.0, Sum: 0.0]
      [GC Worker Other (ms): Min: 0.0, Avg: 0.0, Max: 0.0, Diff: 0.0, Sum: 0.1]
      [GC Worker Total (ms): Min: 90.2, Avg: 92.5, Max: 94.4, Diff: 4.2, Sum: 370.1]
      [GC Worker End (ms): Min: 241728.5, Avg: 241728.5, Max: 241728.5, Diff: 0.0]
   [Code Root Fixup: 0.0 ms]
   [Clear CT: 0.1 ms]
   [Other: 1.4 ms]
      [Choose CSet: 0.0 ms]
      [Ref Proc: 0.0 ms]
      [Ref Enq: 0.0 ms]
      [Free CSet: 0.2 ms]
   [Eden: 214.0M(214.0M)->0.0B(327.0M) Survivors: 45.0M->26.0M Heap: 1040.5M(2048.0M)->853.0M(2048.0M)]
 [Times: user=0.33 sys=0.00, real=0.10 secs] 
242.042: [GC pause (young), 0.1416019 secs]
   [Parallel Time: 140.0 ms, GC Workers: 4]
      [GC Worker Start (ms): Min: 242042.3, Avg: 242042.3, Max: 242042.3, Diff: 0.0]
      [Ext Root Scanning (ms): Min: 0.9, Avg: 0.9, Max: 0.9, Diff: 0.0, Sum: 3.5]
      [Update RS (ms): Min: 16.4, Avg: 16.4, Max: 16.4, Diff: 0.0, Sum: 65.7]
         [Processed Buffers: Min: 150, Avg: 178.8, Max: 192, Diff: 42, Sum: 715]
      [Scan RS (ms): Min: 0.1, Avg: 0.1, Max: 0.2, Diff: 0.0, Sum: 0.5]
      [Object Copy (ms): Min: 122.6, Avg: 122.6, Max: 122.6, Diff: 0.0, Sum: 490.3]
      [Termination (ms): Min: 0.0, Avg: 0.0, Max: 0.0, Diff: 0.0, Sum: 0.0]
      [GC Worker Other (ms): Min: 0.0, Avg: 0.0, Max: 0.0, Diff: 0.0, Sum: 0.1]
      [GC Worker Total (ms): Min: 140.0, Avg: 140.0, Max: 140.0, Diff: 0.0, Sum: 560.1]
      [GC Worker End (ms): Min: 242182.4, Avg: 242182.4, Max: 242182.4, Diff: 0.0]
   [Code Root Fixup: 0.0 ms]
   [Clear CT: 0.1 ms]
   [Other: 1.4 ms]
      [Choose CSet: 0.0 ms]
      [Ref Proc: 0.1 ms]
      [Ref Enq: 0.0 ms]
      [Free CSet: 0.3 ms]
   [Eden: 327.0M(327.0M)->0.0B(287.0M) Survivors: 26.0M->45.0M Heap: 1180.0M(2048.0M)->983.0M(2048.0M)]
 [Times: user=0.55 sys=0.00, real=0.14 secs] 
242.441: [GC pause (young) (initial-mark), 0.1191704 secs]
   [Parallel Time: 113.3 ms, GC Workers: 4]
      [GC Worker Start (ms): Min: 242441.0, Avg: 242442.2, Max: 242445.9, Diff: 5.0]
      [Ext Root Scanning (ms): Min: 0.1, Avg: 0.9, Max: 1.2, Diff: 1.1, Sum: 3.6]
      [Update RS (ms): Min: 19.4, Avg: 22.1, Max: 23.1, Diff: 3.7, Sum: 88.4]
         [Processed Buffers: Min: 170, Avg: 184.8, Max: 211, Diff: 41, Sum: 739]
      [Scan RS (ms): Min: 0.2, Avg: 0.2, Max: 0.2, Diff: 0.0, Sum: 0.9]
      [Object Copy (ms): Min: 88.1, Avg: 88.2, Max: 88.3, Diff: 0.2, Sum: 353.0]
      [Termination (ms): Min: 0.0, Avg: 0.0, Max: 0.0, Diff: 0.0, Sum: 0.0]
      [GC Worker Other (ms): Min: 0.0, Avg: 0.1, Max: 0.5, Diff: 0.5, Sum: 0.6]
      [GC Worker Total (ms): Min: 107.8, Avg: 111.6, Max: 113.2, Diff: 5.5, Sum: 446.5]
      [GC Worker End (ms): Min: 242553.7, Avg: 242553.8, Max: 242554.2, Diff: 0.5]
   [Code Root Fixup: 0.0 ms]
   [Clear CT: 0.5 ms]
   [Other: 5.4 ms]
      [Choose CSet: 0.0 ms]
      [Ref Proc: 4.0 ms]
      [Ref Enq: 0.0 ms]
      [Free CSet: 0.2 ms]
   [Eden: 287.0M(287.0M)->0.0B(356.0M) Survivors: 45.0M->42.0M Heap: 1270.0M(2048.0M)->1047.5M(2048.0M)]
 [Times: user=0.45 sys=0.00, real=0.12 secs] 
242.560: [GC concurrent-root-region-scan-start]
242.615: [GC concurrent-root-region-scan-end, 0.0546147 secs]
242.615: [GC concurrent-mark-start]
242.907: [GC pause (young), 0.1396968 secs]
   [Parallel Time: 138.1 ms, GC Workers: 4]
      [GC Worker Start (ms): Min: 242907.6, Avg: 242908.2, Max: 242909.9, Diff: 2.4]
      [Ext Root Scanning (ms): Min: 0.1, Avg: 1.0, Max: 1.3, Diff: 1.2, Sum: 3.8]
      [SATB Filtering (ms): Min: 0.0, Avg: 0.8, Max: 3.4, Diff: 3.4, Sum: 3.4]
      [Update RS (ms): Min: 20.5, Avg: 24.5, Max: 33.1, Diff: 12.6, Sum: 98.0]
         [Processed Buffers: Min: 56, Avg: 119.5, Max: 155, Diff: 99, Sum: 478]
      [Scan RS (ms): Min: 0.0, Avg: 0.3, Max: 0.6, Diff: 0.6, Sum: 1.3]
      [Object Copy (ms): Min: 100.2, Avg: 110.8, Max: 114.6, Diff: 14.4, Sum: 443.0]
      [Termination (ms): Min: 0.0, Avg: 0.0, Max: 0.0, Diff: 0.0, Sum: 0.0]
      [GC Worker Other (ms): Min: 0.0, Avg: 0.0, Max: 0.0, Diff: 0.0, Sum: 0.1]
      [GC Worker Total (ms): Min: 135.7, Avg: 137.4, Max: 138.1, Diff: 2.4, Sum: 549.7]
      [GC Worker End (ms): Min: 243045.6, Avg: 243045.6, Max: 243045.6, Diff: 0.0]
   [Code Root Fixup: 0.0 ms]
   [Clear CT: 0.4 ms]
   [Other: 1.3 ms]
      [Choose CSet: 0.0 ms]
      [Ref Proc: 0.0 ms]
      [Ref Enq: 0.0 ms]
      [Free CSet: 0.3 ms]
   [Eden: 356.0M(356.0M)->0.0B(348.0M) Survivors: 42.0M->50.0M Heap: 1403.5M(2048.0M)->1122.0M(2048.0M)]
 [Times: user=0.41 sys=0.00, real=0.14 secs] 
243.225: [GC concurrent-mark-end, 0.6104238 secs]
243.227: [GC remark 243.232: [GC ref-proc, 0.0012957 secs], 0.0073384 secs]
 [Times: user=0.00 sys=0.00, real=0.01 secs] 
243.236: [GC cleanup 1313M->711M(2048M), 0.0026075 secs]
 [Times: user=0.00 sys=0.00, real=0.00 secs] 
243.239: [GC concurrent-cleanup-start]
243.239: [GC concurrent-cleanup-end, 0.0007858 secs]
243.375: [GC pause (young), 0.1108247 secs]
   [Parallel Time: 109.7 ms, GC Workers: 4]
      [GC Worker Start (ms): Min: 243375.7, Avg: 243375.7, Max: 243375.7, Diff: 0.0]
      [Ext Root Scanning (ms): Min: 1.1, Avg: 1.7, Max: 3.2, Diff: 2.0, Sum: 6.7]
      [Update RS (ms): Min: 16.4, Avg: 17.8, Max: 18.3, Diff: 1.9, Sum: 71.2]
         [Processed Buffers: Min: 92, Avg: 104.8, Max: 113, Diff: 21, Sum: 419]
      [Scan RS (ms): Min: 0.3, Avg: 0.3, Max: 0.3, Diff: 0.0, Sum: 1.2]
      [Object Copy (ms): Min: 89.8, Avg: 89.9, Max: 89.9, Diff: 0.1, Sum: 359.5]
      [Termination (ms): Min: 0.0, Avg: 0.0, Max: 0.0, Diff: 0.0, Sum: 0.0]
      [GC Worker Other (ms): Min: 0.0, Avg: 0.0, Max: 0.0, Diff: 0.0, Sum: 0.1]
      [GC Worker Total (ms): Min: 109.6, Avg: 109.7, Max: 109.7, Diff: 0.0, Sum: 438.6]
      [GC Worker End (ms): Min: 243485.3, Avg: 243485.3, Max: 243485.3, Diff: 0.0]
   [Code Root Fixup: 0.0 ms]
   [Clear CT: 0.1 ms]
   [Other: 1.0 ms]
      [Choose CSet: 0.0 ms]
      [Ref Proc: 0.0 ms]
      [Ref Enq: 0.0 ms]
      [Free CSet: 0.3 ms]
   [Eden: 348.0M(348.0M)->0.0B(57.0M) Survivors: 50.0M->45.0M Heap: 868.0M(2048.0M)->565.5M(2048.0M)]
 [Times: user=0.39 sys=0.00, real=0.11 secs] 
243.533: [GC pause (mixed), 0.0815590 secs]
   [Parallel Time: 80.3 ms, GC Workers: 4]
      [GC Worker Start (ms): Min: 243533.1, Avg: 243533.1, Max: 243533.1, Diff: 0.0]
      [Ext Root Scanning (ms): Min: 0.9, Avg: 0.9, Max: 0.9, Diff: 0.0, Sum: 3.5]
      [Update RS (ms): Min: 25.8, Avg: 25.8, Max: 25.9, Diff: 0.1, Sum: 103.2]
         [Processed Buffers: Min: 136, Avg: 152.8, Max: 165, Diff: 29, Sum: 611]
      [Scan RS (ms): Min: 0.0, Avg: 0.1, Max: 0.2, Diff: 0.2, Sum: 0.4]
      [Object Copy (ms): Min: 52.9, Avg: 53.1, Max: 53.5, Diff: 0.6, Sum: 212.4]
      [Termination (ms): Min: 0.0, Avg: 0.1, Max: 0.2, Diff: 0.2, Sum: 0.4]
      [GC Worker Other (ms): Min: 0.0, Avg: 0.0, Max: 0.0, Diff: 0.0, Sum: 0.0]
      [GC Worker Total (ms): Min: 79.9, Avg: 80.0, Max: 80.3, Diff: 0.5, Sum: 320.0]
      [GC Worker End (ms): Min: 243613.0, Avg: 243613.1, Max: 243613.4, Diff: 0.5]
   [Code Root Fixup: 0.0 ms]
   [Clear CT: 0.1 ms]
   [Other: 1.1 ms]
      [Choose CSet: 0.0 ms]
      [Ref Proc: 0.4 ms]
      [Ref Enq: 0.0 ms]
      [Free CSet: 0.1 ms]
   [Eden: 57.0M(57.0M)->0.0B(508.0M) Survivors: 45.0M->13.0M Heap: 622.5M(2048.0M)->581.5M(2048.0M)]
 [Times: user=0.33 sys=0.00, real=0.08 secs] 
244.089: [GC pause (young), 0.1922932 secs]
   [Parallel Time: 190.6 ms, GC Workers: 4]
      [GC Worker Start (ms): Min: 244088.8, Avg: 244088.9, Max: 244089.0, Diff: 0.2]
      [Ext Root Scanning (ms): Min: 0.8, Avg: 0.9, Max: 0.9, Diff: 0.1, Sum: 3.5]
      [Update RS (ms): Min: 20.6, Avg: 20.6, Max: 20.7, Diff: 0.1, Sum: 82.5]
         [Processed Buffers: Min: 94, Avg: 102.5, Max: 109, Diff: 15, Sum: 410]
      [Scan RS (ms): Min: 0.0, Avg: 0.1, Max: 0.2, Diff: 0.1, Sum: 0.4]
      [Object Copy (ms): Min: 168.9, Avg: 168.9, Max: 168.9, Diff: 0.0, Sum: 675.7]
      [Termination (ms): Min: 0.0, Avg: 0.0, Max: 0.0, Diff: 0.0, Sum: 0.0]
      [GC Worker Other (ms): Min: 0.0, Avg: 0.0, Max: 0.0, Diff: 0.0, Sum: 0.1]
      [GC Worker Total (ms): Min: 190.5, Avg: 190.6, Max: 190.6, Diff: 0.2, Sum: 762.3]
      [GC Worker End (ms): Min: 244279.4, Avg: 244279.4, Max: 244279.4, Diff: 0.0]
   [Code Root Fixup: 0.0 ms]
   [Clear CT: 0.1 ms]
   [Other: 1.5 ms]
      [Choose CSet: 0.0 ms]
      [Ref Proc: 0.0 ms]
      [Ref Enq: 0.0 ms]
      [Free CSet: 0.3 ms]
   [Eden: 508.0M(508.0M)->0.0B(362.0M) Survivors: 13.0M->66.0M Heap: 1089.5M(2048.0M)->777.0M(2048.0M)]
 [Times: user=0.72 sys=0.00, real=0.19 secs] 
244.450: [GC pause (young), 0.1094433 secs]
   [Parallel Time: 108.0 ms, GC Workers: 4]
      [GC Worker Start (ms): Min: 244450.7, Avg: 244458.3, Max: 244467.2, Diff: 16.5]
      [Ext Root Scanning (ms): Min: 0.1, Avg: 0.9, Max: 2.2, Diff: 2.1, Sum: 3.5]
      [Update RS (ms): Min: 7.4, Avg: 15.4, Max: 21.6, Diff: 14.2, Sum: 61.7]
         [Processed Buffers: Min: 40, Avg: 93.0, Max: 142, Diff: 102, Sum: 372]
      [Scan RS (ms): Min: 10.5, Avg: 10.5, Max: 10.5, Diff: 0.1, Sum: 42.1]
      [Object Copy (ms): Min: 73.5, Avg: 73.5, Max: 73.7, Diff: 0.2, Sum: 294.1]
      [Termination (ms): Min: 0.0, Avg: 0.0, Max: 0.0, Diff: 0.0, Sum: 0.0]
      [GC Worker Other (ms): Min: 0.0, Avg: 0.0, Max: 0.0, Diff: 0.0, Sum: 0.1]
      [GC Worker Total (ms): Min: 91.5, Avg: 100.4, Max: 108.0, Diff: 16.5, Sum: 401.5]
      [GC Worker End (ms): Min: 244558.7, Avg: 244558.7, Max: 244558.7, Diff: 0.0]
   [Code Root Fixup: 0.0 ms]
   [Clear CT: 0.1 ms]
   [Other: 1.3 ms]
      [Choose CSet: 0.0 ms]
      [Ref Proc: 0.0 ms]
      [Ref Enq: 0.0 ms]
      [Free CSet: 0.2 ms]
   [Eden: 159.0M(159.0M)->0.0B(485.0M) Survivors: 66.0M->18.0M Heap: 936.0M(2048.0M)->796.0M(2048.0M)]
 [Times: user=0.36 sys=0.00, real=0.11 secs] 
245.043: [GC pause (young), 0.2566960 secs]
   [Parallel Time: 254.6 ms, GC Workers: 4]
      [GC Worker Start (ms): Min: 245043.1, Avg: 245043.1, Max: 245043.1, Diff: 0.0]
      [Ext Root Scanning (ms): Min: 0.9, Avg: 0.9, Max: 0.9, Diff: 0.0, Sum: 3.5]
      [Update RS (ms): Min: 16.7, Avg: 18.9, Max: 25.3, Diff: 8.6, Sum: 75.4]
         [Processed Buffers: Min: 63, Avg: 252.5, Max: 346, Diff: 283, Sum: 1010]
      [Scan RS (ms): Min: 0.0, Avg: 0.4, Max: 1.1, Diff: 1.0, Sum: 1.5]
      [Object Copy (ms): Min: 228.1, Avg: 234.1, Max: 236.3, Diff: 8.2, Sum: 936.3]
      [Termination (ms): Min: 0.0, Avg: 0.2, Max: 0.3, Diff: 0.3, Sum: 1.0]
      [GC Worker Other (ms): Min: 0.0, Avg: 0.0, Max: 0.0, Diff: 0.0, Sum: 0.0]
      [GC Worker Total (ms): Min: 254.4, Avg: 254.4, Max: 254.4, Diff: 0.0, Sum: 1017.7]
      [GC Worker End (ms): Min: 245297.5, Avg: 245297.5, Max: 245297.5, Diff: 0.0]
   [Code Root Fixup: 0.0 ms]
   [Clear CT: 0.1 ms]
   [Other: 1.9 ms]
      [Choose CSet: 0.0 ms]
      [Ref Proc: 0.0 ms]
      [Ref Enq: 0.0 ms]
      [Free CSet: 0.3 ms]
   [Eden: 485.0M(485.0M)->0.0B(62.0M) Survivors: 18.0M->63.0M Heap: 1281.0M(2048.0M)->1037.5M(2048.0M)]
 [Times: user=0.91 sys=0.00, real=0.26 secs] 
245.428: [GC pause (young) (initial-mark), 0.1035498 secs]
   [Parallel Time: 101.8 ms, GC Workers: 4]
      [GC Worker Start (ms): Min: 245428.5, Avg: 245429.1, Max: 245430.9, Diff: 2.4]
      [Ext Root Scanning (ms): Min: 0.1, Avg: 0.9, Max: 1.3, Diff: 1.2, Sum: 3.6]
      [Update RS (ms): Min: 25.4, Avg: 26.2, Max: 26.5, Diff: 1.1, Sum: 104.9]
         [Processed Buffers: Min: 132, Avg: 138.3, Max: 144, Diff: 12, Sum: 553]
      [Scan RS (ms): Min: 11.8, Avg: 11.8, Max: 11.8, Diff: 0.1, Sum: 47.2]
      [Object Copy (ms): Min: 62.0, Avg: 62.2, Max: 62.2, Diff: 0.2, Sum: 248.7]
      [Termination (ms): Min: 0.0, Avg: 0.0, Max: 0.0, Diff: 0.0, Sum: 0.0]
      [GC Worker Other (ms): Min: 0.0, Avg: 0.0, Max: 0.0, Diff: 0.0, Sum: 0.1]
      [GC Worker Total (ms): Min: 99.3, Avg: 101.1, Max: 101.8, Diff: 2.4, Sum: 404.5]
      [GC Worker End (ms): Min: 245530.2, Avg: 245530.2, Max: 245530.2, Diff: 0.0]
   [Code Root Fixup: 0.0 ms]
   [Clear CT: 0.1 ms]
   [Other: 1.7 ms]
      [Choose CSet: 0.0 ms]
      [Ref Proc: 0.1 ms]
      [Ref Enq: 0.0 ms]
      [Free CSet: 0.1 ms]
   [Eden: 62.0M(62.0M)->0.0B(99.0M) Survivors: 63.0M->3072.0K Heap: 1099.5M(2048.0M)->1041.0M(2048.0M)]
 [Times: user=0.39 sys=0.00, real=0.10 secs] 
245.532: [GC concurrent-root-region-scan-start]
245.533: [GC concurrent-root-region-scan-end, 0.0010507 secs]
245.533: [GC concurrent-mark-start]
245.671: [GC pause (young), 0.0231771 secs]
   [Parallel Time: 21.6 ms, GC Workers: 4]
      [GC Worker Start (ms): Min: 245670.9, Avg: 245672.3, Max: 245672.8, Diff: 1.9]
      [Ext Root Scanning (ms): Min: 0.5, Avg: 1.0, Max: 2.3, Diff: 1.8, Sum: 3.9]
      [SATB Filtering (ms): Min: 0.0, Avg: 0.0, Max: 0.1, Diff: 0.1, Sum: 0.1]
      [Update RS (ms): Min: 14.8, Avg: 14.8, Max: 14.8, Diff: 0.1, Sum: 59.2]
         [Processed Buffers: Min: 92, Avg: 95.3, Max: 98, Diff: 6, Sum: 381]
      [Scan RS (ms): Min: 0.0, Avg: 0.0, Max: 0.0, Diff: 0.0, Sum: 0.1]
      [Object Copy (ms): Min: 3.9, Avg: 3.9, Max: 4.0, Diff: 0.1, Sum: 15.6]
      [Termination (ms): Min: 0.0, Avg: 0.0, Max: 0.0, Diff: 0.0, Sum: 0.0]
      [GC Worker Other (ms): Min: 0.0, Avg: 0.0, Max: 0.0, Diff: 0.0, Sum: 0.1]
      [GC Worker Total (ms): Min: 19.2, Avg: 19.7, Max: 21.2, Diff: 1.9, Sum: 78.9]
      [GC Worker End (ms): Min: 245692.0, Avg: 245692.0, Max: 245692.0, Diff: 0.0]
   [Code Root Fixup: 0.0 ms]
   [Clear CT: 1.1 ms]
   [Other: 0.5 ms]
      [Choose CSet: 0.0 ms]
      [Ref Proc: 0.1 ms]
      [Ref Enq: 0.0 ms]
      [Free CSet: 0.1 ms]
   [Eden: 99.0M(99.0M)->0.0B(96.0M) Survivors: 3072.0K->6144.0K Heap: 1140.0M(2048.0M)->1044.5M(2048.0M)]
 [Times: user=0.08 sys=0.00, real=0.02 secs] 
245.780: [GC pause (young), 0.0206434 secs]
   [Parallel Time: 18.6 ms, GC Workers: 4]
      [GC Worker Start (ms): Min: 245780.4, Avg: 245784.4, Max: 245795.1, Diff: 14.8]
      [Ext Root Scanning (ms): Min: 0.1, Avg: 0.9, Max: 1.6, Diff: 1.5, Sum: 3.7]
      [SATB Filtering (ms): Min: 0.0, Avg: 0.0, Max: 0.1, Diff: 0.1, Sum: 0.1]
      [Update RS (ms): Min: 0.0, Avg: 0.1, Max: 0.1, Diff: 0.1, Sum: 0.3]
         [Processed Buffers: Min: 0, Avg: 9.8, Max: 22, Diff: 22, Sum: 39]
      [Scan RS (ms): Min: 0.0, Avg: 0.0, Max: 0.0, Diff: 0.0, Sum: 0.1]
      [Object Copy (ms): Min: 0.0, Avg: 9.7, Max: 12.9, Diff: 12.9, Sum: 38.7]
      [Termination (ms): Min: 0.0, Avg: 1.0, Max: 1.9, Diff: 1.9, Sum: 4.0]
      [GC Worker Other (ms): Min: 0.0, Avg: 0.0, Max: 0.0, Diff: 0.0, Sum: 0.0]
      [GC Worker Total (ms): Min: 0.1, Avg: 11.8, Max: 16.6, Diff: 16.5, Sum: 47.0]
      [GC Worker End (ms): Min: 245795.3, Avg: 245796.1, Max: 245797.0, Diff: 1.8]
   [Code Root Fixup: 0.0 ms]
   [Clear CT: 0.0 ms]
   [Other: 2.0 ms]
      [Choose CSet: 0.0 ms]
      [Ref Proc: 1.7 ms]
      [Ref Enq: 0.0 ms]
      [Free CSet: 0.1 ms]
   [Eden: 96.0M(96.0M)->0.0B(186.0M) Survivors: 6144.0K->13.0M Heap: 1140.5M(2048.0M)->1052.0M(2048.0M)]
 [Times: user=0.05 sys=0.00, real=0.02 secs] 
245.970: [GC pause (young), 0.1180944 secs]
   [Parallel Time: 116.6 ms, GC Workers: 4]
      [GC Worker Start (ms): Min: 245971.0, Avg: 245971.0, Max: 245971.0, Diff: 0.1]
      [Ext Root Scanning (ms): Min: 0.9, Avg: 0.9, Max: 0.9, Diff: 0.1, Sum: 3.6]
      [SATB Filtering (ms): Min: 0.0, Avg: 0.7, Max: 2.7, Diff: 2.7, Sum: 2.7]
      [Update RS (ms): Min: 0.0, Avg: 0.7, Max: 0.9, Diff: 0.9, Sum: 2.7]
         [Processed Buffers: Min: 0, Avg: 236.3, Max: 339, Diff: 339, Sum: 945]
      [Scan RS (ms): Min: 0.0, Avg: 0.0, Max: 0.1, Diff: 0.1, Sum: 0.2]
      [Object Copy (ms): Min: 112.1, Avg: 113.6, Max: 114.6, Diff: 2.5, Sum: 454.4]
      [Termination (ms): Min: 0.0, Avg: 0.6, Max: 0.8, Diff: 0.8, Sum: 2.3]
      [GC Worker Other (ms): Min: 0.0, Avg: 0.0, Max: 0.0, Diff: 0.0, Sum: 0.0]
      [GC Worker Total (ms): Min: 116.5, Avg: 116.5, Max: 116.5, Diff: 0.1, Sum: 466.0]
      [GC Worker End (ms): Min: 246087.5, Avg: 246087.5, Max: 246087.5, Diff: 0.0]
   [Code Root Fixup: 0.0 ms]
   [Clear CT: 0.1 ms]
   [Other: 1.4 ms]
      [Choose CSet: 0.0 ms]
      [Ref Proc: 0.0 ms]
      [Ref Enq: 0.0 ms]
      [Free CSet: 0.2 ms]
   [Eden: 186.0M(186.0M)->0.0B(165.0M) Survivors: 13.0M->25.0M Heap: 1238.0M(2048.0M)->1166.0M(2048.0M)]
 [Times: user=0.39 sys=0.00, real=0.12 secs] 
246.156: [GC concurrent-mark-end, 0.6233969 secs]
246.164: [GC remark 246.165: [GC ref-proc, 0.0012207 secs], 0.0026527 secs]
 [Times: user=0.00 sys=0.00, real=0.00 secs] 
246.168: [GC cleanup 1255M->564M(2048M), 0.0019837 secs]
 [Times: user=0.00 sys=0.00, real=0.00 secs] 
246.170: [GC concurrent-cleanup-start]
246.171: [GC concurrent-cleanup-end, 0.0008416 secs]
246.238: [GC pause (young), 0.1080318 secs]
   [Parallel Time: 106.7 ms, GC Workers: 4]
      [GC Worker Start (ms): Min: 246238.4, Avg: 246238.4, Max: 246238.4, Diff: 0.0]
      [Ext Root Scanning (ms): Min: 0.9, Avg: 0.9, Max: 0.9, Diff: 0.0, Sum: 3.5]
      [Update RS (ms): Min: 25.2, Avg: 25.5, Max: 25.7, Diff: 0.5, Sum: 101.9]
         [Processed Buffers: Min: 138, Avg: 201.0, Max: 233, Diff: 95, Sum: 804]
      [Scan RS (ms): Min: 2.6, Avg: 2.8, Max: 3.0, Diff: 0.5, Sum: 11.2]
      [Object Copy (ms): Min: 77.5, Avg: 77.6, Max: 77.6, Diff: 0.0, Sum: 310.2]
      [Termination (ms): Min: 0.0, Avg: 0.0, Max: 0.0, Diff: 0.0, Sum: 0.0]
      [GC Worker Other (ms): Min: 0.0, Avg: 0.0, Max: 0.0, Diff: 0.0, Sum: 0.1]
      [GC Worker Total (ms): Min: 106.7, Avg: 106.7, Max: 106.7, Diff: 0.0, Sum: 426.9]
      [GC Worker End (ms): Min: 246345.2, Avg: 246345.2, Max: 246345.2, Diff: 0.0]
   [Code Root Fixup: 0.0 ms]
   [Clear CT: 0.1 ms]
   [Other: 1.2 ms]
      [Choose CSet: 0.0 ms]
      [Ref Proc: 0.0 ms]
      [Ref Enq: 0.0 ms]
      [Free CSet: 0.2 ms]
   [Eden: 165.0M(165.0M)->0.0B(212.0M) Survivors: 25.0M->24.0M Heap: 640.0M(2048.0M)->542.5M(2048.0M)]
 [Times: user=0.39 sys=0.00, real=0.11 secs] 
246.527: [GC pause (young), 0.1132519 secs]
   [Parallel Time: 106.5 ms, GC Workers: 4]
      [GC Worker Start (ms): Min: 246527.5, Avg: 246527.5, Max: 246527.5, Diff: 0.0]
      [Ext Root Scanning (ms): Min: 0.9, Avg: 0.9, Max: 0.9, Diff: 0.0, Sum: 3.6]
      [Update RS (ms): Min: 19.0, Avg: 19.0, Max: 19.1, Diff: 0.0, Sum: 76.2]
         [Processed Buffers: Min: 124, Avg: 130.3, Max: 141, Diff: 17, Sum: 521]
      [Scan RS (ms): Min: 0.8, Avg: 0.8, Max: 0.9, Diff: 0.1, Sum: 3.3]
      [Object Copy (ms): Min: 85.6, Avg: 85.7, Max: 85.7, Diff: 0.1, Sum: 342.6]
      [Termination (ms): Min: 0.0, Avg: 0.0, Max: 0.0, Diff: 0.0, Sum: 0.0]
      [GC Worker Other (ms): Min: 0.0, Avg: 0.0, Max: 0.0, Diff: 0.0, Sum: 0.1]
      [GC Worker Total (ms): Min: 106.5, Avg: 106.5, Max: 106.5, Diff: 0.0, Sum: 425.8]
      [GC Worker End (ms): Min: 246634.0, Avg: 246634.0, Max: 246634.0, Diff: 0.0]
   [Code Root Fixup: 0.0 ms]
   [Clear CT: 0.2 ms]
   [Other: 6.5 ms]
      [Choose CSet: 0.0 ms]
      [Ref Proc: 5.5 ms]
      [Ref Enq: 0.0 ms]
      [Free CSet: 0.2 ms]
   [Eden: 212.0M(212.0M)->0.0B(265.0M) Survivors: 24.0M->30.0M Heap: 754.5M(2048.0M)->618.0M(2048.0M)]
 [Times: user=0.44 sys=0.00, real=0.11 secs] 
246.901: [GC pause (young), 0.2139258 secs]
   [Parallel Time: 211.8 ms, GC Workers: 4]
      [GC Worker Start (ms): Min: 246901.3, Avg: 246901.3, Max: 246901.3, Diff: 0.0]
      [Ext Root Scanning (ms): Min: 0.8, Avg: 0.9, Max: 0.9, Diff: 0.0, Sum: 3.5]
      [Update RS (ms): Min: 29.7, Avg: 29.8, Max: 29.8, Diff: 0.1, Sum: 119.0]
         [Processed Buffers: Min: 152, Avg: 157.3, Max: 163, Diff: 11, Sum: 629]
      [Scan RS (ms): Min: 0.0, Avg: 0.1, Max: 0.1, Diff: 0.1, Sum: 0.2]
      [Object Copy (ms): Min: 181.1, Avg: 181.1, Max: 181.1, Diff: 0.0, Sum: 724.4]
      [Termination (ms): Min: 0.0, Avg: 0.0, Max: 0.0, Diff: 0.0, Sum: 0.0]
      [GC Worker Other (ms): Min: 0.0, Avg: 0.0, Max: 0.0, Diff: 0.0, Sum: 0.1]
      [GC Worker Total (ms): Min: 211.8, Avg: 211.8, Max: 211.8, Diff: 0.0, Sum: 847.2]
      [GC Worker End (ms): Min: 247113.1, Avg: 247113.1, Max: 247113.1, Diff: 0.0]
   [Code Root Fixup: 0.0 ms]
   [Clear CT: 0.1 ms]
   [Other: 2.0 ms]
      [Choose CSet: 0.0 ms]
      [Ref Proc: 0.2 ms]
      [Ref Enq: 0.0 ms]
      [Free CSet: 0.2 ms]
   [Eden: 265.0M(265.0M)->0.0B(182.0M) Survivors: 30.0M->37.0M Heap: 883.0M(2048.0M)->817.5M(2048.0M)]
 [Times: user=0.87 sys=0.00, real=0.21 secs] 
247.351: [GC pause (young), 0.1267609 secs]
   [Parallel Time: 125.2 ms, GC Workers: 4]
      [GC Worker Start (ms): Min: 247351.7, Avg: 247351.7, Max: 247351.7, Diff: 0.0]
      [Ext Root Scanning (ms): Min: 0.9, Avg: 0.9, Max: 0.9, Diff: 0.0, Sum: 3.6]
      [Update RS (ms): Min: 18.3, Avg: 18.3, Max: 18.4, Diff: 0.0, Sum: 73.4]
         [Processed Buffers: Min: 167, Avg: 186.8, Max: 207, Diff: 40, Sum: 747]
      [Scan RS (ms): Min: 5.4, Avg: 5.4, Max: 5.4, Diff: 0.1, Sum: 21.6]
      [Object Copy (ms): Min: 98.6, Avg: 99.1, Max: 100.5, Diff: 1.9, Sum: 396.3]
      [Termination (ms): Min: 0.0, Avg: 1.4, Max: 1.9, Diff: 1.9, Sum: 5.6]
      [GC Worker Other (ms): Min: 0.0, Avg: 0.0, Max: 0.0, Diff: 0.0, Sum: 0.1]
      [GC Worker Total (ms): Min: 125.1, Avg: 125.1, Max: 125.2, Diff: 0.0, Sum: 500.6]
      [GC Worker End (ms): Min: 247476.9, Avg: 247476.9, Max: 247476.9, Diff: 0.0]
   [Code Root Fixup: 0.0 ms]
   [Clear CT: 0.1 ms]
   [Other: 1.5 ms]
      [Choose CSet: 0.0 ms]
      [Ref Proc: 0.0 ms]
      [Ref Enq: 0.0 ms]
      [Free CSet: 0.2 ms]
   [Eden: 182.0M(182.0M)->0.0B(163.0M) Survivors: 37.0M->28.0M Heap: 999.5M(2048.0M)->893.5M(2048.0M)]
 [Times: user=0.47 sys=0.00, real=0.13 secs] 
247.601: [GC pause (young), 0.0721840 secs]
   [Parallel Time: 71.0 ms, GC Workers: 4]
      [GC Worker Start (ms): Min: 247601.8, Avg: 247601.8, Max: 247601.8, Diff: 0.0]
      [Ext Root Scanning (ms): Min: 0.9, Avg: 0.9, Max: 0.9, Diff: 0.0, Sum: 3.5]
      [Update RS (ms): Min: 21.2, Avg: 21.2, Max: 21.2, Diff: 0.0, Sum: 84.6]
         [Processed Buffers: Min: 142, Avg: 174.8, Max: 188, Diff: 46, Sum: 699]
      [Scan RS (ms): Min: 0.2, Avg: 0.2, Max: 0.2, Diff: 0.0, Sum: 0.9]
      [Object Copy (ms): Min: 48.7, Avg: 48.7, Max: 48.7, Diff: 0.0, Sum: 194.8]
      [Termination (ms): Min: 0.0, Avg: 0.0, Max: 0.0, Diff: 0.0, Sum: 0.0]
      [GC Worker Other (ms): Min: 0.0, Avg: 0.0, Max: 0.0, Diff: 0.0, Sum: 0.1]
      [GC Worker Total (ms): Min: 71.0, Avg: 71.0, Max: 71.0, Diff: 0.0, Sum: 284.0]
      [GC Worker End (ms): Min: 247672.8, Avg: 247672.8, Max: 247672.8, Diff: 0.0]
   [Code Root Fixup: 0.0 ms]
   [Clear CT: 0.1 ms]
   [Other: 1.1 ms]
      [Choose CSet: 0.0 ms]
      [Ref Proc: 0.2 ms]
      [Ref Enq: 0.0 ms]
      [Free CSet: 0.2 ms]
   [Eden: 163.0M(163.0M)->0.0B(288.0M) Survivors: 28.0M->24.0M Heap: 1056.5M(2048.0M)->926.5M(2048.0M)]
 [Times: user=0.30 sys=0.00, real=0.07 secs] 
247.957: [GC pause (young), 0.2277661 secs]
   [Parallel Time: 225.6 ms, GC Workers: 4]
      [GC Worker Start (ms): Min: 247956.9, Avg: 247956.9, Max: 247957.0, Diff: 0.0]
      [Ext Root Scanning (ms): Min: 0.8, Avg: 0.9, Max: 0.9, Diff: 0.0, Sum: 3.5]
      [Update RS (ms): Min: 16.7, Avg: 16.7, Max: 16.8, Diff: 0.1, Sum: 66.9]
         [Processed Buffers: Min: 92, Avg: 99.3, Max: 105, Diff: 13, Sum: 397]
      [Scan RS (ms): Min: 0.0, Avg: 0.1, Max: 0.1, Diff: 0.1, Sum: 0.4]
      [Object Copy (ms): Min: 207.8, Avg: 207.8, Max: 207.9, Diff: 0.0, Sum: 831.4]
      [Termination (ms): Min: 0.0, Avg: 0.0, Max: 0.0, Diff: 0.0, Sum: 0.0]
      [GC Worker Other (ms): Min: 0.0, Avg: 0.0, Max: 0.0, Diff: 0.0, Sum: 0.1]
      [GC Worker Total (ms): Min: 225.5, Avg: 225.5, Max: 225.6, Diff: 0.0, Sum: 902.2]
      [GC Worker End (ms): Min: 248182.5, Avg: 248182.5, Max: 248182.5, Diff: 0.0]
   [Code Root Fixup: 0.0 ms]
   [Clear CT: 0.1 ms]
   [Other: 2.1 ms]
      [Choose CSet: 0.0 ms]
      [Ref Proc: 0.0 ms]
      [Ref Enq: 0.0 ms]
      [Free CSet: 0.2 ms]
   [Eden: 288.0M(288.0M)->0.0B(200.0M) Survivors: 24.0M->39.0M Heap: 1214.5M(2048.0M)->1153.0M(2048.0M)]
 [Times: user=0.69 sys=0.00, real=0.23 secs] 
248.342: [GC pause (young) (initial-mark), 0.0803197 secs]
   [Parallel Time: 78.7 ms, GC Workers: 4]
      [GC Worker Start (ms): Min: 248342.5, Avg: 248342.7, Max: 248342.9, Diff: 0.4]
      [Ext Root Scanning (ms): Min: 1.0, Avg: 1.9, Max: 4.0, Diff: 3.0, Sum: 7.5]
      [Update RS (ms): Min: 26.9, Avg: 28.8, Max: 29.4, Diff: 2.5, Sum: 115.2]
         [Processed Buffers: Min: 141, Avg: 155.8, Max: 162, Diff: 21, Sum: 623]
      [Scan RS (ms): Min: 3.9, Avg: 8.2, Max: 21.1, Diff: 17.2, Sum: 32.9]
      [Object Copy (ms): Min: 26.8, Avg: 39.6, Max: 43.9, Diff: 17.1, Sum: 158.2]
      [Termination (ms): Min: 0.0, Avg: 0.1, Max: 0.1, Diff: 0.1, Sum: 0.3]
      [GC Worker Other (ms): Min: 0.0, Avg: 0.0, Max: 0.0, Diff: 0.0, Sum: 0.0]
      [GC Worker Total (ms): Min: 78.3, Avg: 78.5, Max: 78.7, Diff: 0.4, Sum: 314.2]
      [GC Worker End (ms): Min: 248421.2, Avg: 248421.2, Max: 248421.2, Diff: 0.0]
   [Code Root Fixup: 0.0 ms]
   [Clear CT: 0.2 ms]
   [Other: 1.4 ms]
      [Choose CSet: 0.0 ms]
      [Ref Proc: 0.0 ms]
      [Ref Enq: 0.0 ms]
      [Free CSet: 0.2 ms]
   [Eden: 200.0M(200.0M)->0.0B(306.0M) Survivors: 39.0M->5120.0K Heap: 1353.0M(2048.0M)->1159.0M(2048.0M)]
 [Times: user=0.28 sys=0.00, real=0.08 secs] 
248.423: [GC concurrent-root-region-scan-start]
248.456: [GC concurrent-root-region-scan-end, 0.0330293 secs]
248.456: [GC concurrent-mark-start]
248.674: [GC pause (young), 0.0894243 secs]
   [Parallel Time: 87.9 ms, GC Workers: 4]
      [GC Worker Start (ms): Min: 248674.7, Avg: 248674.7, Max: 248674.7, Diff: 0.0]
      [Ext Root Scanning (ms): Min: 0.9, Avg: 0.9, Max: 0.9, Diff: 0.0, Sum: 3.6]
      [SATB Filtering (ms): Min: 0.0, Avg: 0.5, Max: 2.1, Diff: 2.1, Sum: 2.1]
      [Update RS (ms): Min: 13.1, Avg: 15.0, Max: 16.6, Diff: 3.5, Sum: 60.0]
         [Processed Buffers: Min: 217, Avg: 267.3, Max: 300, Diff: 83, Sum: 1069]
      [Scan RS (ms): Min: 0.0, Avg: 0.1, Max: 0.2, Diff: 0.1, Sum: 0.3]
      [Object Copy (ms): Min: 70.4, Avg: 71.4, Max: 71.7, Diff: 1.4, Sum: 285.6]
      [Termination (ms): Min: 0.0, Avg: 0.0, Max: 0.0, Diff: 0.0, Sum: 0.0]
      [GC Worker Other (ms): Min: 0.0, Avg: 0.0, Max: 0.0, Diff: 0.0, Sum: 0.1]
      [GC Worker Total (ms): Min: 87.9, Avg: 87.9, Max: 87.9, Diff: 0.0, Sum: 351.6]
      [GC Worker End (ms): Min: 248762.6, Avg: 248762.6, Max: 248762.6, Diff: 0.0]
   [Code Root Fixup: 0.0 ms]
   [Clear CT: 0.3 ms]
   [Other: 1.2 ms]
      [Choose CSet: 0.0 ms]
      [Ref Proc: 0.1 ms]
      [Ref Enq: 0.0 ms]
      [Free CSet: 0.3 ms]
   [Eden: 306.0M(306.0M)->0.0B(172.0M) Survivors: 5120.0K->39.0M Heap: 1465.0M(2048.0M)->1240.0M(2048.0M)]
 [Times: user=0.34 sys=0.00, real=0.09 secs] 
248.915: [GC pause (young), 0.1420015 secs]
   [Parallel Time: 140.5 ms, GC Workers: 4]
      [GC Worker Start (ms): Min: 248915.1, Avg: 248915.1, Max: 248915.1, Diff: 0.0]
      [Ext Root Scanning (ms): Min: 0.9, Avg: 0.9, Max: 0.9, Diff: 0.0, Sum: 3.5]
      [SATB Filtering (ms): Min: 0.0, Avg: 0.7, Max: 2.7, Diff: 2.7, Sum: 2.7]
      [Update RS (ms): Min: 15.7, Avg: 17.7, Max: 18.4, Diff: 2.8, Sum: 70.7]
         [Processed Buffers: Min: 83, Avg: 92.8, Max: 99, Diff: 16, Sum: 371]
      [Scan RS (ms): Min: 0.0, Avg: 0.0, Max: 0.1, Diff: 0.1, Sum: 0.2]
      [Object Copy (ms): Min: 121.2, Avg: 121.2, Max: 121.2, Diff: 0.1, Sum: 484.8]
      [Termination (ms): Min: 0.0, Avg: 0.0, Max: 0.0, Diff: 0.0, Sum: 0.0]
      [GC Worker Other (ms): Min: 0.0, Avg: 0.0, Max: 0.0, Diff: 0.0, Sum: 0.0]
      [GC Worker Total (ms): Min: 140.5, Avg: 140.5, Max: 140.5, Diff: 0.0, Sum: 561.9]
      [GC Worker End (ms): Min: 249055.6, Avg: 249055.6, Max: 249055.6, Diff: 0.0]
   [Code Root Fixup: 0.0 ms]
   [Clear CT: 0.1 ms]
   [Other: 1.4 ms]
      [Choose CSet: 0.0 ms]
      [Ref Proc: 0.0 ms]
      [Ref Enq: 0.0 ms]
      [Free CSet: 0.2 ms]
   [Eden: 172.0M(172.0M)->0.0B(204.0M) Survivors: 39.0M->27.0M Heap: 1412.0M(2048.0M)->1350.5M(2048.0M)]
 [Times: user=0.55 sys=0.00, real=0.14 secs] 
249.120: [GC concurrent-mark-end, 0.6643948 secs]
249.121: [GC remark 249.123: [GC ref-proc, 0.0013162 secs], 0.0044493 secs]
 [Times: user=0.00 sys=0.00, real=0.01 secs] 
249.126: [GC cleanup 1395M->628M(2048M), 0.0014529 secs]
 [Times: user=0.00 sys=0.00, real=0.00 secs] 
249.127: [GC concurrent-cleanup-start]
249.128: [GC concurrent-cleanup-end, 0.0009545 secs]
249.283: [GC pause (young), 0.1765074 secs]
   [Parallel Time: 174.7 ms, GC Workers: 4]
      [GC Worker Start (ms): Min: 249283.1, Avg: 249283.1, Max: 249283.1, Diff: 0.0]
      [Ext Root Scanning (ms): Min: 0.8, Avg: 0.9, Max: 0.9, Diff: 0.0, Sum: 3.5]
      [Update RS (ms): Min: 34.0, Avg: 34.0, Max: 34.1, Diff: 0.0, Sum: 136.1]
         [Processed Buffers: Min: 175, Avg: 213.0, Max: 232, Diff: 57, Sum: 852]
      [Scan RS (ms): Min: 0.3, Avg: 0.4, Max: 0.4, Diff: 0.1, Sum: 1.4]
      [Object Copy (ms): Min: 139.3, Avg: 139.4, Max: 139.5, Diff: 0.1, Sum: 557.7]
      [Termination (ms): Min: 0.0, Avg: 0.0, Max: 0.0, Diff: 0.0, Sum: 0.0]
      [GC Worker Other (ms): Min: 0.0, Avg: 0.0, Max: 0.0, Diff: 0.0, Sum: 0.1]
      [GC Worker Total (ms): Min: 174.7, Avg: 174.7, Max: 174.7, Diff: 0.0, Sum: 698.8]
      [GC Worker End (ms): Min: 249457.8, Avg: 249457.8, Max: 249457.8, Diff: 0.0]
   [Code Root Fixup: 0.0 ms]
   [Clear CT: 0.1 ms]
   [Other: 1.7 ms]
      [Choose CSet: 0.0 ms]
      [Ref Proc: 0.0 ms]
      [Ref Enq: 0.0 ms]
      [Free CSet: 0.3 ms]
   [Eden: 204.0M(204.0M)->0.0B(73.0M) Survivors: 27.0M->29.0M Heap: 787.5M(2048.0M)->721.5M(2048.0M)]
 [Times: user=0.61 sys=0.00, real=0.18 secs] 
249.566: [GC pause (mixed), 0.0555567 secs]
   [Parallel Time: 54.6 ms, GC Workers: 4]
      [GC Worker Start (ms): Min: 249566.7, Avg: 249567.1, Max: 249568.0, Diff: 1.3]
      [Ext Root Scanning (ms): Min: 0.0, Avg: 0.9, Max: 1.2, Diff: 1.2, Sum: 3.5]
      [Update RS (ms): Min: 22.5, Avg: 22.6, Max: 22.6, Diff: 0.1, Sum: 90.3]
         [Processed Buffers: Min: 122, Avg: 126.8, Max: 130, Diff: 8, Sum: 507]
      [Scan RS (ms): Min: 0.3, Avg: 0.4, Max: 0.4, Diff: 0.1, Sum: 1.6]
      [Object Copy (ms): Min: 30.3, Avg: 30.3, Max: 30.4, Diff: 0.1, Sum: 121.3]
      [Termination (ms): Min: 0.0, Avg: 0.0, Max: 0.0, Diff: 0.0, Sum: 0.0]
      [GC Worker Other (ms): Min: 0.0, Avg: 0.0, Max: 0.0, Diff: 0.0, Sum: 0.0]
      [GC Worker Total (ms): Min: 53.3, Avg: 54.2, Max: 54.6, Diff: 1.3, Sum: 216.7]
      [GC Worker End (ms): Min: 249621.3, Avg: 249621.3, Max: 249621.3, Diff: 0.0]
   [Code Root Fixup: 0.0 ms]
   [Clear CT: 0.1 ms]
   [Other: 0.9 ms]
      [Choose CSet: 0.0 ms]
      [Ref Proc: 0.0 ms]
      [Ref Enq: 0.0 ms]
      [Free CSet: 0.2 ms]
   [Eden: 73.0M(73.0M)->0.0B(299.0M) Survivors: 29.0M->4096.0K Heap: 794.5M(2048.0M)->715.5M(2048.0M)]
 [Times: user=0.25 sys=0.00, real=0.06 secs] 
249.905: [GC pause (young), 0.1736251 secs]
   [Parallel Time: 171.9 ms, GC Workers: 4]
      [GC Worker Start (ms): Min: 249905.8, Avg: 249905.8, Max: 249905.8, Diff: 0.0]
      [Ext Root Scanning (ms): Min: 0.9, Avg: 0.9, Max: 0.9, Diff: 0.0, Sum: 3.5]
      [Update RS (ms): Min: 21.3, Avg: 21.4, Max: 21.5, Diff: 0.2, Sum: 85.6]
         [Processed Buffers: Min: 163, Avg: 242.5, Max: 296, Diff: 133, Sum: 970]
      [Scan RS (ms): Min: 0.0, Avg: 0.1, Max: 0.1, Diff: 0.1, Sum: 0.2]
      [Object Copy (ms): Min: 149.5, Avg: 149.5, Max: 149.6, Diff: 0.1, Sum: 598.1]
      [Termination (ms): Min: 0.0, Avg: 0.0, Max: 0.0, Diff: 0.0, Sum: 0.0]
      [GC Worker Other (ms): Min: 0.0, Avg: 0.0, Max: 0.0, Diff: 0.0, Sum: 0.1]
      [GC Worker Total (ms): Min: 171.9, Avg: 171.9, Max: 171.9, Diff: 0.0, Sum: 687.5]
      [GC Worker End (ms): Min: 250077.7, Avg: 250077.7, Max: 250077.7, Diff: 0.0]
   [Code Root Fixup: 0.0 ms]
   [Clear CT: 0.1 ms]
   [Other: 1.6 ms]
      [Choose CSet: 0.0 ms]
      [Ref Proc: 0.0 ms]
      [Ref Enq: 0.0 ms]
      [Free CSet: 0.2 ms]
   [Eden: 299.0M(299.0M)->0.0B(211.0M) Survivors: 4096.0K->38.0M Heap: 1014.5M(2048.0M)->902.5M(2048.0M)]
 [Times: user=0.66 sys=0.00, real=0.17 secs] 
250.335: [GC pause (young), 0.1573040 secs]
   [Parallel Time: 155.3 ms, GC Workers: 4]
      [GC Worker Start (ms): Min: 250335.5, Avg: 250335.5, Max: 250335.5, Diff: 0.0]
      [Ext Root Scanning (ms): Min: 0.9, Avg: 0.9, Max: 0.9, Diff: 0.0, Sum: 3.5]
      [Update RS (ms): Min: 14.0, Avg: 14.2, Max: 14.8, Diff: 0.8, Sum: 56.8]
         [Processed Buffers: Min: 161, Avg: 215.3, Max: 246, Diff: 85, Sum: 861]
      [Scan RS (ms): Min: 7.9, Avg: 8.5, Max: 8.8, Diff: 0.8, Sum: 34.1]
      [Object Copy (ms): Min: 131.6, Avg: 131.6, Max: 131.7, Diff: 0.0, Sum: 526.6]
      [Termination (ms): Min: 0.0, Avg: 0.0, Max: 0.0, Diff: 0.0, Sum: 0.0]
      [GC Worker Other (ms): Min: 0.0, Avg: 0.0, Max: 0.0, Diff: 0.0, Sum: 0.1]
      [GC Worker Total (ms): Min: 155.3, Avg: 155.3, Max: 155.3, Diff: 0.0, Sum: 621.1]
      [GC Worker End (ms): Min: 250490.8, Avg: 250490.8, Max: 250490.8, Diff: 0.0]
   [Code Root Fixup: 0.0 ms]
   [Clear CT: 0.1 ms]
   [Other: 1.9 ms]
      [Choose CSet: 0.0 ms]
      [Ref Proc: 0.0 ms]
      [Ref Enq: 0.0 ms]
      [Free CSet: 0.2 ms]
   [Eden: 211.0M(211.0M)->0.0B(90.0M) Survivors: 38.0M->32.0M Heap: 1113.5M(2048.0M)->1024.0M(2048.0M)]
 [Times: user=0.62 sys=0.00, real=0.16 secs] 
250.638: [GC pause (young) (initial-mark), 0.0558148 secs]
   [Parallel Time: 54.1 ms, GC Workers: 4]
      [GC Worker Start (ms): Min: 250638.3, Avg: 250638.3, Max: 250638.3, Diff: 0.0]
      [Ext Root Scanning (ms): Min: 1.1, Avg: 1.2, Max: 1.3, Diff: 0.2, Sum: 4.7]
      [Update RS (ms): Min: 16.8, Avg: 17.1, Max: 18.0, Diff: 1.2, Sum: 68.3]
         [Processed Buffers: Min: 92, Avg: 100.5, Max: 115, Diff: 23, Sum: 402]
      [Scan RS (ms): Min: 0.5, Avg: 1.5, Max: 1.8, Diff: 1.3, Sum: 5.8]
      [Object Copy (ms): Min: 34.2, Avg: 34.3, Max: 34.4, Diff: 0.2, Sum: 137.3]
      [Termination (ms): Min: 0.0, Avg: 0.0, Max: 0.0, Diff: 0.0, Sum: 0.0]
      [GC Worker Other (ms): Min: 0.0, Avg: 0.0, Max: 0.0, Diff: 0.0, Sum: 0.1]
      [GC Worker Total (ms): Min: 54.0, Avg: 54.1, Max: 54.1, Diff: 0.0, Sum: 216.2]
      [GC Worker End (ms): Min: 250692.4, Avg: 250692.4, Max: 250692.4, Diff: 0.0]
   [Code Root Fixup: 0.0 ms]
   [Clear CT: 0.5 ms]
   [Other: 1.3 ms]
      [Choose CSet: 0.0 ms]
      [Ref Proc: 0.2 ms]
      [Ref Enq: 0.0 ms]
      [Free CSet: 0.2 ms]
   [Eden: 90.0M(90.0M)->0.0B(220.0M) Survivors: 32.0M->8192.0K Heap: 1114.0M(2048.0M)->1033.0M(2048.0M)]
 [Times: user=0.19 sys=0.00, real=0.06 secs] 
250.694: [GC concurrent-root-region-scan-start]
250.702: [GC concurrent-root-region-scan-end, 0.0073766 secs]
250.702: [GC concurrent-mark-start]
250.885: [GC pause (young), 0.1142634 secs]
   [Parallel Time: 113.0 ms, GC Workers: 4]
      [GC Worker Start (ms): Min: 250885.3, Avg: 250885.3, Max: 250885.3, Diff: 0.0]
      [Ext Root Scanning (ms): Min: 0.9, Avg: 0.9, Max: 0.9, Diff: 0.0, Sum: 3.6]
      [SATB Filtering (ms): Min: 0.0, Avg: 0.7, Max: 2.8, Diff: 2.8, Sum: 2.8]
      [Update RS (ms): Min: 19.0, Avg: 21.4, Max: 23.1, Diff: 4.1, Sum: 85.6]
         [Processed Buffers: Min: 202, Avg: 231.8, Max: 267, Diff: 65, Sum: 927]
      [Scan RS (ms): Min: 0.0, Avg: 0.1, Max: 0.1, Diff: 0.1, Sum: 0.2]
      [Object Copy (ms): Min: 88.9, Avg: 89.9, Max: 90.3, Diff: 1.4, Sum: 359.8]
      [Termination (ms): Min: 0.0, Avg: 0.0, Max: 0.0, Diff: 0.0, Sum: 0.0]
      [GC Worker Other (ms): Min: 0.0, Avg: 0.0, Max: 0.0, Diff: 0.0, Sum: 0.0]
      [GC Worker Total (ms): Min: 113.0, Avg: 113.0, Max: 113.0, Diff: 0.0, Sum: 452.0]
      [GC Worker End (ms): Min: 250998.3, Avg: 250998.3, Max: 250998.3, Diff: 0.0]
   [Code Root Fixup: 0.0 ms]
   [Clear CT: 0.1 ms]
   [Other: 1.2 ms]
      [Choose CSet: 0.0 ms]
      [Ref Proc: 0.0 ms]
      [Ref Enq: 0.0 ms]
      [Free CSet: 0.2 ms]
   [Eden: 220.0M(220.0M)->0.0B(210.0M) Survivors: 8192.0K->29.0M Heap: 1253.0M(2048.0M)->1142.5M(2048.0M)]
 [Times: user=0.42 sys=0.00, real=0.11 secs] 
251.179: [GC pause (young), 0.1032637 secs]
   [Parallel Time: 101.7 ms, GC Workers: 4]
      [GC Worker Start (ms): Min: 251179.5, Avg: 251179.5, Max: 251179.5, Diff: 0.0]
      [Ext Root Scanning (ms): Min: 1.3, Avg: 6.6, Max: 22.7, Diff: 21.4, Sum: 26.5]
      [SATB Filtering (ms): Min: 0.0, Avg: 0.8, Max: 3.1, Diff: 3.1, Sum: 3.1]
      [Update RS (ms): Min: 0.0, Avg: 15.2, Max: 21.3, Diff: 21.3, Sum: 60.8]
         [Processed Buffers: Min: 11, Avg: 174.8, Max: 243, Diff: 232, Sum: 699]
      [Scan RS (ms): Min: 0.3, Avg: 0.4, Max: 0.4, Diff: 0.1, Sum: 1.4]
      [Object Copy (ms): Min: 78.4, Avg: 78.6, Max: 78.7, Diff: 0.4, Sum: 314.3]
      [Termination (ms): Min: 0.0, Avg: 0.1, Max: 0.2, Diff: 0.2, Sum: 0.6]
      [GC Worker Other (ms): Min: 0.0, Avg: 0.0, Max: 0.0, Diff: 0.0, Sum: 0.0]
      [GC Worker Total (ms): Min: 101.7, Avg: 101.7, Max: 101.7, Diff: 0.0, Sum: 406.7]
      [GC Worker End (ms): Min: 251281.2, Avg: 251281.2, Max: 251281.2, Diff: 0.0]
   [Code Root Fixup: 0.0 ms]
   [Clear CT: 0.1 ms]
   [Other: 1.4 ms]
      [Choose CSet: 0.0 ms]
      [Ref Proc: 0.0 ms]
      [Ref Enq: 0.0 ms]
      [Free CSet: 0.2 ms]
   [Eden: 210.0M(210.0M)->0.0B(265.0M) Survivors: 29.0M->30.0M Heap: 1352.5M(2048.0M)->1212.5M(2048.0M)]
 [Times: user=0.36 sys=0.00, real=0.10 secs] 
251.319: [GC concurrent-mark-end, 0.6152237 secs]
251.329: [GC remark 251.329: [GC ref-proc, 0.0012245 secs], 0.0025937 secs]
 [Times: user=0.00 sys=0.00, real=0.00 secs] 
251.332: [GC cleanup 1266M->591M(2048M), 0.0012444 secs]
 [Times: user=0.00 sys=0.00, real=0.00 secs] 
251.334: [GC concurrent-cleanup-start]
251.335: [GC concurrent-cleanup-end, 0.0009849 secs]
251.547: [GC pause (young), 0.1960989 secs]
   [Parallel Time: 194.2 ms, GC Workers: 4]
      [GC Worker Start (ms): Min: 251547.6, Avg: 251547.6, Max: 251547.6, Diff: 0.0]
      [Ext Root Scanning (ms): Min: 0.8, Avg: 0.9, Max: 0.9, Diff: 0.0, Sum: 3.4]
      [Update RS (ms): Min: 22.3, Avg: 22.3, Max: 22.5, Diff: 0.2, Sum: 89.3]
         [Processed Buffers: Min: 144, Avg: 157.3, Max: 189, Diff: 45, Sum: 629]
      [Scan RS (ms): Min: 0.3, Avg: 0.5, Max: 0.6, Diff: 0.3, Sum: 2.0]
      [Object Copy (ms): Min: 170.5, Avg: 170.5, Max: 170.5, Diff: 0.0, Sum: 681.9]
      [Termination (ms): Min: 0.0, Avg: 0.0, Max: 0.0, Diff: 0.0, Sum: 0.0]
      [GC Worker Other (ms): Min: 0.0, Avg: 0.0, Max: 0.0, Diff: 0.0, Sum: 0.1]
      [GC Worker Total (ms): Min: 194.2, Avg: 194.2, Max: 194.2, Diff: 0.0, Sum: 776.8]
      [GC Worker End (ms): Min: 251741.8, Avg: 251741.8, Max: 251741.8, Diff: 0.0]
   [Code Root Fixup: 0.0 ms]
   [Clear CT: 0.1 ms]
   [Other: 1.8 ms]
      [Choose CSet: 0.0 ms]
      [Ref Proc: 0.0 ms]
      [Ref Enq: 0.0 ms]
      [Free CSet: 0.3 ms]
   [Eden: 265.0M(265.0M)->0.0B(213.0M) Survivors: 30.0M->37.0M Heap: 802.5M(2048.0M)->728.0M(2048.0M)]
 [Times: user=0.78 sys=0.00, real=0.20 secs] 
252.032: [GC pause (young), 0.1481529 secs]
   [Parallel Time: 145.9 ms, GC Workers: 4]
      [GC Worker Start (ms): Min: 252032.5, Avg: 252032.5, Max: 252032.5, Diff: 0.0]
      [Ext Root Scanning (ms): Min: 0.9, Avg: 0.9, Max: 0.9, Diff: 0.0, Sum: 3.6]
      [Update RS (ms): Min: 15.7, Avg: 16.0, Max: 16.5, Diff: 0.8, Sum: 63.9]
         [Processed Buffers: Min: 118, Avg: 220.0, Max: 417, Diff: 299, Sum: 880]
      [Scan RS (ms): Min: 7.4, Avg: 7.9, Max: 8.2, Diff: 0.8, Sum: 31.7]
      [Object Copy (ms): Min: 121.0, Avg: 121.0, Max: 121.1, Diff: 0.1, Sum: 484.2]
      [Termination (ms): Min: 0.0, Avg: 0.0, Max: 0.0, Diff: 0.0, Sum: 0.0]
      [GC Worker Other (ms): Min: 0.0, Avg: 0.0, Max: 0.0, Diff: 0.0, Sum: 0.1]
      [GC Worker Total (ms): Min: 145.8, Avg: 145.9, Max: 145.9, Diff: 0.0, Sum: 583.4]
      [GC Worker End (ms): Min: 252178.3, Avg: 252178.3, Max: 252178.4, Diff: 0.0]
   [Code Root Fixup: 0.0 ms]
   [Clear CT: 0.3 ms]
   [Other: 1.9 ms]
      [Choose CSet: 0.0 ms]
      [Ref Proc: 0.0 ms]
      [Ref Enq: 0.0 ms]
      [Free CSet: 0.2 ms]
   [Eden: 213.0M(213.0M)->0.0B(182.0M) Survivors: 37.0M->32.0M Heap: 941.0M(2048.0M)->843.0M(2048.0M)]
 [Times: user=0.59 sys=0.00, real=0.15 secs] 
252.400: [GC pause (young), 0.1305714 secs]
   [Parallel Time: 127.8 ms, GC Workers: 4]
      [GC Worker Start (ms): Min: 252400.6, Avg: 252400.6, Max: 252400.7, Diff: 0.0]
      [Ext Root Scanning (ms): Min: 1.2, Avg: 2.6, Max: 6.3, Diff: 5.1, Sum: 10.4]
      [Update RS (ms): Min: 13.6, Avg: 17.9, Max: 20.2, Diff: 6.6, Sum: 71.7]
         [Processed Buffers: Min: 119, Avg: 182.5, Max: 232, Diff: 113, Sum: 730]
      [Scan RS (ms): Min: 1.0, Avg: 1.9, Max: 2.5, Diff: 1.6, Sum: 7.4]
      [Object Copy (ms): Min: 105.3, Avg: 105.4, Max: 105.4, Diff: 0.1, Sum: 421.6]
      [Termination (ms): Min: 0.0, Avg: 0.0, Max: 0.0, Diff: 0.0, Sum: 0.0]
      [GC Worker Other (ms): Min: 0.0, Avg: 0.0, Max: 0.0, Diff: 0.0, Sum: 0.1]
      [GC Worker Total (ms): Min: 127.8, Avg: 127.8, Max: 127.8, Diff: 0.0, Sum: 511.2]
      [GC Worker End (ms): Min: 252528.4, Avg: 252528.4, Max: 252528.4, Diff: 0.0]
   [Code Root Fixup: 0.0 ms]
   [Clear CT: 1.2 ms]
   [Other: 1.6 ms]
      [Choose CSet: 0.0 ms]
      [Ref Proc: 0.0 ms]
      [Ref Enq: 0.0 ms]
      [Free CSet: 0.2 ms]
   [Eden: 182.0M(182.0M)->0.0B(237.0M) Survivors: 32.0M->27.0M Heap: 1025.0M(2048.0M)->937.5M(2048.0M)]
 [Times: user=0.47 sys=0.00, real=0.13 secs] 
252.804: [GC pause (young), 0.1537870 secs]
   [Parallel Time: 151.3 ms, GC Workers: 4]
      [GC Worker Start (ms): Min: 252804.1, Avg: 252804.8, Max: 252807.0, Diff: 3.0]
      [Ext Root Scanning (ms): Min: 0.1, Avg: 1.1, Max: 1.5, Diff: 1.4, Sum: 4.4]
      [Update RS (ms): Min: 17.0, Avg: 18.0, Max: 18.5, Diff: 1.5, Sum: 72.1]
         [Processed Buffers: Min: 145, Avg: 163.3, Max: 195, Diff: 50, Sum: 653]
      [Scan RS (ms): Min: 1.6, Avg: 1.6, Max: 1.7, Diff: 0.1, Sum: 6.5]
      [Object Copy (ms): Min: 129.7, Avg: 129.8, Max: 129.9, Diff: 0.2, Sum: 519.3]
      [Termination (ms): Min: 0.0, Avg: 0.0, Max: 0.0, Diff: 0.0, Sum: 0.0]
      [GC Worker Other (ms): Min: 0.0, Avg: 0.0, Max: 0.0, Diff: 0.0, Sum: 0.1]
      [GC Worker Total (ms): Min: 148.4, Avg: 150.6, Max: 151.3, Diff: 3.0, Sum: 602.4]
      [GC Worker End (ms): Min: 252955.4, Avg: 252955.4, Max: 252955.4, Diff: 0.0]
   [Code Root Fixup: 0.0 ms]
   [Clear CT: 0.6 ms]
   [Other: 1.8 ms]
      [Choose CSet: 0.0 ms]
      [Ref Proc: 0.2 ms]
      [Ref Enq: 0.0 ms]
      [Free CSet: 0.3 ms]
   [Eden: 237.0M(237.0M)->0.0B(230.0M) Survivors: 27.0M->33.0M Heap: 1174.5M(2048.0M)->1072.0M(2048.0M)]
 [Times: user=0.55 sys=0.00, real=0.15 secs] 
253.226: [GC pause (young) (initial-mark), 0.1831963 secs]
   [Parallel Time: 181.1 ms, GC Workers: 4]
      [GC Worker Start (ms): Min: 253226.0, Avg: 253226.1, Max: 253226.2, Diff: 0.2]
      [Ext Root Scanning (ms): Min: 1.3, Avg: 1.4, Max: 1.5, Diff: 0.3, Sum: 5.6]
      [Update RS (ms): Min: 34.1, Avg: 34.1, Max: 34.1, Diff: 0.1, Sum: 136.5]
         [Processed Buffers: Min: 197, Avg: 229.3, Max: 251, Diff: 54, Sum: 917]
      [Scan RS (ms): Min: 0.1, Avg: 0.2, Max: 0.2, Diff: 0.0, Sum: 0.6]
      [Object Copy (ms): Min: 145.3, Avg: 145.3, Max: 145.4, Diff: 0.1, Sum: 581.3]
      [Termination (ms): Min: 0.0, Avg: 0.0, Max: 0.0, Diff: 0.0, Sum: 0.0]
      [GC Worker Other (ms): Min: 0.0, Avg: 0.0, Max: 0.0, Diff: 0.0, Sum: 0.1]
      [GC Worker Total (ms): Min: 180.9, Avg: 181.0, Max: 181.1, Diff: 0.2, Sum: 724.1]
      [GC Worker End (ms): Min: 253407.1, Avg: 253407.1, Max: 253407.1, Diff: 0.0]
   [Code Root Fixup: 0.0 ms]
   [Clear CT: 0.1 ms]
   [Other: 2.0 ms]
      [Choose CSet: 0.0 ms]
      [Ref Proc: 0.0 ms]
      [Ref Enq: 0.0 ms]
      [Free CSet: 0.2 ms]
   [Eden: 230.0M(230.0M)->0.0B(202.0M) Survivors: 33.0M->33.0M Heap: 1302.0M(2048.0M)->1218.5M(2048.0M)]
 [Times: user=0.67 sys=0.00, real=0.18 secs] 
253.409: [GC concurrent-root-region-scan-start]
253.445: [GC concurrent-root-region-scan-end, 0.0357320 secs]
253.445: [GC concurrent-mark-start]
253.598: [GC pause (young), 0.0732174 secs]
   [Parallel Time: 72.0 ms, GC Workers: 4]
      [GC Worker Start (ms): Min: 253598.1, Avg: 253599.5, Max: 253603.5, Diff: 5.4]
      [Ext Root Scanning (ms): Min: 0.1, Avg: 1.2, Max: 1.7, Diff: 1.6, Sum: 4.7]
      [SATB Filtering (ms): Min: 0.0, Avg: 0.0, Max: 0.2, Diff: 0.2, Sum: 0.2]
      [Update RS (ms): Min: 29.5, Avg: 32.3, Max: 33.2, Diff: 3.7, Sum: 129.0]
         [Processed Buffers: Min: 173, Avg: 182.5, Max: 186, Diff: 13, Sum: 730]
      [Scan RS (ms): Min: 0.2, Avg: 0.2, Max: 0.2, Diff: 0.0, Sum: 0.8]
      [Object Copy (ms): Min: 36.8, Avg: 36.9, Max: 37.0, Diff: 0.3, Sum: 147.7]
      [Termination (ms): Min: 0.0, Avg: 0.0, Max: 0.0, Diff: 0.0, Sum: 0.0]
      [GC Worker Other (ms): Min: 0.0, Avg: 0.0, Max: 0.0, Diff: 0.0, Sum: 0.1]
      [GC Worker Total (ms): Min: 66.6, Avg: 70.6, Max: 72.0, Diff: 5.4, Sum: 282.5]
      [GC Worker End (ms): Min: 253670.1, Avg: 253670.1, Max: 253670.1, Diff: 0.0]
   [Code Root Fixup: 0.0 ms]
   [Clear CT: 0.1 ms]
   [Other: 1.1 ms]
      [Choose CSet: 0.0 ms]
      [Ref Proc: 0.1 ms]
      [Ref Enq: 0.0 ms]
      [Free CSet: 0.2 ms]
   [Eden: 202.0M(202.0M)->0.0B(393.0M) Survivors: 33.0M->12.0M Heap: 1420.5M(2048.0M)->1232.0M(2048.0M)]
 [Times: user=0.25 sys=0.00, real=0.07 secs] 
253.994: [GC pause (young), 0.0780526 secs]
   [Parallel Time: 76.7 ms, GC Workers: 4]
      [GC Worker Start (ms): Min: 253994.5, Avg: 253994.5, Max: 253994.5, Diff: 0.0]
      [Ext Root Scanning (ms): Min: 1.2, Avg: 1.2, Max: 1.2, Diff: 0.0, Sum: 4.8]
      [SATB Filtering (ms): Min: 0.0, Avg: 0.4, Max: 1.4, Diff: 1.4, Sum: 1.4]
      [Update RS (ms): Min: 12.9, Avg: 13.9, Max: 14.3, Diff: 1.4, Sum: 55.8]
         [Processed Buffers: Min: 173, Avg: 238.0, Max: 323, Diff: 150, Sum: 952]
      [Scan RS (ms): Min: 0.1, Avg: 0.1, Max: 0.1, Diff: 0.0, Sum: 0.4]
      [Object Copy (ms): Min: 60.6, Avg: 60.7, Max: 60.7, Diff: 0.1, Sum: 242.7]
      [Termination (ms): Min: 0.0, Avg: 0.1, Max: 0.4, Diff: 0.4, Sum: 0.5]
      [GC Worker Other (ms): Min: 0.0, Avg: 0.0, Max: 0.1, Diff: 0.1, Sum: 0.2]
      [GC Worker Total (ms): Min: 76.3, Avg: 76.4, Max: 76.6, Diff: 0.3, Sum: 305.8]
      [GC Worker End (ms): Min: 254070.8, Avg: 254070.9, Max: 254071.1, Diff: 0.3]
   [Code Root Fixup: 0.0 ms]
   [Clear CT: 0.2 ms]
   [Other: 1.2 ms]
      [Choose CSet: 0.0 ms]
      [Ref Proc: 0.0 ms]
      [Ref Enq: 0.0 ms]
      [Free CSet: 0.4 ms]
   [Eden: 393.0M(393.0M)->0.0B(283.0M) Survivors: 12.0M->51.0M Heap: 1625.0M(2048.0M)->1300.5M(2048.0M)]
 [Times: user=0.31 sys=0.00, real=0.08 secs] 
254.085: [GC concurrent-mark-end, 0.6402783 secs]
254.085: [GC remark 254.086: [GC ref-proc, 0.0014801 secs], 0.0030420 secs]
 [Times: user=0.00 sys=0.00, real=0.00 secs] 
254.089: [GC cleanup 1317M->619M(2048M), 0.0012999 secs]
 [Times: user=0.00 sys=0.00, real=0.00 secs] 
254.090: [GC concurrent-cleanup-start]
254.091: [GC concurrent-cleanup-end, 0.0008223 secs]
254.372: [GC pause (young), 0.2165390 secs]
   [Parallel Time: 214.5 ms, GC Workers: 4]
      [GC Worker Start (ms): Min: 254371.8, Avg: 254371.8, Max: 254371.8, Diff: 0.0]
      [Ext Root Scanning (ms): Min: 1.2, Avg: 1.3, Max: 1.4, Diff: 0.1, Sum: 5.2]
      [Update RS (ms): Min: 10.9, Avg: 11.0, Max: 11.0, Diff: 0.0, Sum: 43.9]
         [Processed Buffers: Min: 58, Avg: 68.5, Max: 76, Diff: 18, Sum: 274]
      [Scan RS (ms): Min: 0.1, Avg: 0.1, Max: 0.1, Diff: 0.0, Sum: 0.3]
      [Object Copy (ms): Min: 202.1, Avg: 202.1, Max: 202.2, Diff: 0.1, Sum: 808.4]
      [Termination (ms): Min: 0.0, Avg: 0.0, Max: 0.0, Diff: 0.0, Sum: 0.0]
      [GC Worker Other (ms): Min: 0.0, Avg: 0.0, Max: 0.0, Diff: 0.0, Sum: 0.1]
      [GC Worker Total (ms): Min: 214.5, Avg: 214.5, Max: 214.5, Diff: 0.0, Sum: 857.9]
      [GC Worker End (ms): Min: 254586.3, Avg: 254586.3, Max: 254586.3, Diff: 0.0]
   [Code Root Fixup: 0.0 ms]
   [Clear CT: 0.1 ms]
   [Other: 1.9 ms]
      [Choose CSet: 0.0 ms]
      [Ref Proc: 0.0 ms]
      [Ref Enq: 0.0 ms]
      [Free CSet: 0.2 ms]
   [Eden: 283.0M(283.0M)->0.0B(60.0M) Survivors: 51.0M->42.0M Heap: 885.5M(2048.0M)->814.0M(2048.0M)]
 [Times: user=0.83 sys=0.00, real=0.22 secs] 
254.787: [GC pause (mixed), 0.0816062 secs]
   [Parallel Time: 80.0 ms, GC Workers: 4]
      [GC Worker Start (ms): Min: 254786.8, Avg: 254787.0, Max: 254787.7, Diff: 0.9]
      [Ext Root Scanning (ms): Min: 0.6, Avg: 1.2, Max: 1.4, Diff: 0.8, Sum: 4.9]
      [Update RS (ms): Min: 22.2, Avg: 22.3, Max: 22.4, Diff: 0.2, Sum: 89.3]
         [Processed Buffers: Min: 115, Avg: 119.5, Max: 123, Diff: 8, Sum: 478]
      [Scan RS (ms): Min: 12.1, Avg: 12.2, Max: 12.3, Diff: 0.2, Sum: 48.8]
      [Object Copy (ms): Min: 43.8, Avg: 43.9, Max: 44.0, Diff: 0.2, Sum: 175.8]
      [Termination (ms): Min: 0.0, Avg: 0.0, Max: 0.0, Diff: 0.0, Sum: 0.0]
      [GC Worker Other (ms): Min: 0.0, Avg: 0.0, Max: 0.0, Diff: 0.0, Sum: 0.1]
      [GC Worker Total (ms): Min: 79.0, Avg: 79.7, Max: 79.9, Diff: 1.0, Sum: 318.8]
      [GC Worker End (ms): Min: 254866.7, Avg: 254866.7, Max: 254866.7, Diff: 0.0]
   [Code Root Fixup: 0.0 ms]
   [Clear CT: 0.2 ms]
   [Other: 1.4 ms]
      [Choose CSet: 0.0 ms]
      [Ref Proc: 0.0 ms]
      [Ref Enq: 0.0 ms]
      [Free CSet: 0.4 ms]
   [Eden: 60.0M(60.0M)->0.0B(139.0M) Survivors: 42.0M->3072.0K Heap: 874.0M(2048.0M)->751.5M(2048.0M)]
 [Times: user=0.28 sys=0.00, real=0.08 secs] 
255.051: [GC pause (young), 0.0552619 secs]
   [Parallel Time: 54.0 ms, GC Workers: 4]
      [GC Worker Start (ms): Min: 255051.8, Avg: 255052.9, Max: 255056.0, Diff: 4.1]
      [Ext Root Scanning (ms): Min: 0.1, Avg: 1.3, Max: 1.7, Diff: 1.6, Sum: 5.1]
      [Update RS (ms): Min: 14.2, Avg: 16.1, Max: 16.9, Diff: 2.7, Sum: 64.5]
         [Processed Buffers: Min: 102, Avg: 294.8, Max: 443, Diff: 341, Sum: 1179]
      [Scan RS (ms): Min: 0.0, Avg: 0.0, Max: 0.1, Diff: 0.1, Sum: 0.2]
      [Object Copy (ms): Min: 35.4, Avg: 35.5, Max: 35.5, Diff: 0.1, Sum: 141.8]
      [Termination (ms): Min: 0.0, Avg: 0.0, Max: 0.0, Diff: 0.0, Sum: 0.0]
      [GC Worker Other (ms): Min: 0.0, Avg: 0.0, Max: 0.0, Diff: 0.0, Sum: 0.1]
      [GC Worker Total (ms): Min: 49.8, Avg: 52.9, Max: 54.0, Diff: 4.1, Sum: 211.7]
      [GC Worker End (ms): Min: 255105.8, Avg: 255105.8, Max: 255105.8, Diff: 0.0]
   [Code Root Fixup: 0.0 ms]
   [Clear CT: 0.1 ms]
   [Other: 1.2 ms]
      [Choose CSet: 0.0 ms]
      [Ref Proc: 0.3 ms]
      [Ref Enq: 0.0 ms]
      [Free CSet: 0.1 ms]
   [Eden: 139.0M(139.0M)->0.0B(90.0M) Survivors: 3072.0K->18.0M Heap: 890.5M(2048.0M)->794.0M(2048.0M)]
 [Times: user=0.19 sys=0.00, real=0.05 secs] 
255.181: [GC pause (young), 0.0318811 secs]
   [Parallel Time: 30.4 ms, GC Workers: 4]
      [GC Worker Start (ms): Min: 255181.6, Avg: 255182.0, Max: 255182.4, Diff: 0.8]
      [Ext Root Scanning (ms): Min: 0.9, Avg: 1.3, Max: 1.7, Diff: 0.8, Sum: 5.3]
      [Update RS (ms): Min: 11.0, Avg: 11.0, Max: 11.0, Diff: 0.1, Sum: 44.0]
         [Processed Buffers: Min: 55, Avg: 56.0, Max: 58, Diff: 3, Sum: 224]
      [Scan RS (ms): Min: 0.0, Avg: 0.0, Max: 0.0, Diff: 0.0, Sum: 0.1]
      [Object Copy (ms): Min: 17.5, Avg: 17.6, Max: 17.6, Diff: 0.1, Sum: 70.3]
      [Termination (ms): Min: 0.0, Avg: 0.0, Max: 0.0, Diff: 0.0, Sum: 0.0]
      [GC Worker Other (ms): Min: 0.0, Avg: 0.0, Max: 0.0, Diff: 0.0, Sum: 0.0]
      [GC Worker Total (ms): Min: 29.5, Avg: 29.9, Max: 30.4, Diff: 0.8, Sum: 119.8]
      [GC Worker End (ms): Min: 255212.0, Avg: 255212.0, Max: 255212.0, Diff: 0.0]
   [Code Root Fixup: 0.0 ms]
   [Clear CT: 0.4 ms]
   [Other: 1.1 ms]
      [Choose CSet: 0.0 ms]
      [Ref Proc: 0.6 ms]
      [Ref Enq: 0.0 ms]
      [Free CSet: 0.1 ms]
   [Eden: 90.0M(90.0M)->0.0B(213.0M) Survivors: 18.0M->7168.0K Heap: 884.0M(2048.0M)->802.0M(2048.0M)]
 [Times: user=0.13 sys=0.00, real=0.03 secs] 
255.440: [GC pause (young), 0.1682524 secs]
   [Parallel Time: 166.3 ms, GC Workers: 4]
      [GC Worker Start (ms): Min: 255440.1, Avg: 255440.1, Max: 255440.1, Diff: 0.0]
      [Ext Root Scanning (ms): Min: 1.3, Avg: 1.3, Max: 1.3, Diff: 0.0, Sum: 5.0]
      [Update RS (ms): Min: 11.3, Avg: 11.3, Max: 11.3, Diff: 0.1, Sum: 45.1]
         [Processed Buffers: Min: 123, Avg: 170.3, Max: 207, Diff: 84, Sum: 681]
      [Scan RS (ms): Min: 0.0, Avg: 0.1, Max: 0.1, Diff: 0.0, Sum: 0.2]
      [Object Copy (ms): Min: 153.7, Avg: 153.7, Max: 153.7, Diff: 0.0, Sum: 614.8]
      [Termination (ms): Min: 0.0, Avg: 0.0, Max: 0.0, Diff: 0.0, Sum: 0.0]
      [GC Worker Other (ms): Min: 0.0, Avg: 0.0, Max: 0.0, Diff: 0.0, Sum: 0.1]
      [GC Worker Total (ms): Min: 166.3, Avg: 166.3, Max: 166.3, Diff: 0.0, Sum: 665.2]
      [GC Worker End (ms): Min: 255606.4, Avg: 255606.4, Max: 255606.4, Diff: 0.0]
   [Code Root Fixup: 0.0 ms]
   [Clear CT: 0.1 ms]
   [Other: 1.9 ms]
      [Choose CSet: 0.0 ms]
      [Ref Proc: 0.0 ms]
      [Ref Enq: 0.0 ms]
      [Free CSet: 0.2 ms]
   [Eden: 213.0M(213.0M)->0.0B(164.0M) Survivors: 7168.0K->28.0M Heap: 1015.0M(2048.0M)->987.0M(2048.0M)]
 [Times: user=0.61 sys=0.00, real=0.17 secs] 
255.788: [GC pause (young) (initial-mark), 0.1072140 secs]
   [Parallel Time: 105.4 ms, GC Workers: 4]
      [GC Worker Start (ms): Min: 255788.3, Avg: 255788.3, Max: 255788.3, Diff: 0.0]
      [Ext Root Scanning (ms): Min: 1.2, Avg: 1.2, Max: 1.2, Diff: 0.1, Sum: 4.8]
      [Update RS (ms): Min: 19.6, Avg: 19.7, Max: 19.7, Diff: 0.1, Sum: 78.7]
         [Processed Buffers: Min: 115, Avg: 183.0, Max: 241, Diff: 126, Sum: 732]
      [Scan RS (ms): Min: 3.5, Avg: 3.5, Max: 3.6, Diff: 0.1, Sum: 14.0]
      [Object Copy (ms): Min: 81.0, Avg: 81.0, Max: 81.0, Diff: 0.1, Sum: 324.0]
      [Termination (ms): Min: 0.0, Avg: 0.0, Max: 0.0, Diff: 0.0, Sum: 0.0]
      [GC Worker Other (ms): Min: 0.0, Avg: 0.0, Max: 0.0, Diff: 0.0, Sum: 0.1]
      [GC Worker Total (ms): Min: 105.4, Avg: 105.4, Max: 105.4, Diff: 0.0, Sum: 421.6]
      [GC Worker End (ms): Min: 255893.7, Avg: 255893.7, Max: 255893.7, Diff: 0.0]
   [Code Root Fixup: 0.0 ms]
   [Clear CT: 0.1 ms]
   [Other: 1.7 ms]
      [Choose CSet: 0.0 ms]
      [Ref Proc: 0.0 ms]
      [Ref Enq: 0.0 ms]
      [Free CSet: 0.2 ms]
   [Eden: 164.0M(164.0M)->0.0B(174.0M) Survivors: 28.0M->24.0M Heap: 1151.0M(2048.0M)->1060.0M(2048.0M)]
 [Times: user=0.44 sys=0.00, real=0.11 secs] 
255.895: [GC concurrent-root-region-scan-start]
255.921: [GC concurrent-root-region-scan-end, 0.0257374 secs]
255.921: [GC concurrent-mark-start]
256.041: [GC pause (young), 0.0438154 secs]
   [Parallel Time: 42.9 ms, GC Workers: 4]
      [GC Worker Start (ms): Min: 256041.0, Avg: 256041.0, Max: 256041.1, Diff: 0.1]
      [Ext Root Scanning (ms): Min: 1.2, Avg: 1.3, Max: 1.4, Diff: 0.2, Sum: 5.1]
      [SATB Filtering (ms): Min: 0.0, Avg: 0.0, Max: 0.1, Diff: 0.1, Sum: 0.1]
      [Update RS (ms): Min: 19.7, Avg: 19.7, Max: 19.8, Diff: 0.1, Sum: 78.9]
         [Processed Buffers: Min: 113, Avg: 115.0, Max: 119, Diff: 6, Sum: 460]
      [Scan RS (ms): Min: 0.1, Avg: 0.2, Max: 0.3, Diff: 0.2, Sum: 0.9]
      [Object Copy (ms): Min: 21.5, Avg: 21.6, Max: 21.6, Diff: 0.0, Sum: 86.3]
      [Termination (ms): Min: 0.0, Avg: 0.0, Max: 0.0, Diff: 0.0, Sum: 0.0]
      [GC Worker Other (ms): Min: 0.0, Avg: 0.0, Max: 0.0, Diff: 0.0, Sum: 0.0]
      [GC Worker Total (ms): Min: 42.8, Avg: 42.9, Max: 42.9, Diff: 0.1, Sum: 171.4]
      [GC Worker End (ms): Min: 256083.9, Avg: 256083.9, Max: 256083.9, Diff: 0.0]
   [Code Root Fixup: 0.0 ms]
   [Clear CT: 0.2 ms]
   [Other: 0.7 ms]
      [Choose CSet: 0.0 ms]
      [Ref Proc: 0.0 ms]
      [Ref Enq: 0.0 ms]
      [Free CSet: 0.2 ms]
   [Eden: 174.0M(174.0M)->0.0B(389.0M) Survivors: 24.0M->3072.0K Heap: 1234.0M(2048.0M)->1063.5M(2048.0M)]
 [Times: user=0.19 sys=0.00, real=0.04 secs] 
256.449: [GC pause (young), 0.0759942 secs]
   [Parallel Time: 74.5 ms, GC Workers: 4]
      [GC Worker Start (ms): Min: 256449.7, Avg: 256449.9, Max: 256450.1, Diff: 0.4]
      [Ext Root Scanning (ms): Min: 1.1, Avg: 1.3, Max: 1.4, Diff: 0.4, Sum: 5.0]
      [SATB Filtering (ms): Min: 0.0, Avg: 0.7, Max: 2.8, Diff: 2.8, Sum: 2.8]
      [Update RS (ms): Min: 11.9, Avg: 13.9, Max: 14.7, Diff: 2.8, Sum: 55.7]
         [Processed Buffers: Min: 117, Avg: 194.8, Max: 372, Diff: 255, Sum: 779]
      [Scan RS (ms): Min: 0.0, Avg: 0.1, Max: 0.2, Diff: 0.2, Sum: 0.3]
      [Object Copy (ms): Min: 58.2, Avg: 58.2, Max: 58.3, Diff: 0.0, Sum: 233.0]
      [Termination (ms): Min: 0.0, Avg: 0.0, Max: 0.0, Diff: 0.0, Sum: 0.1]
      [GC Worker Other (ms): Min: 0.0, Avg: 0.0, Max: 0.0, Diff: 0.0, Sum: 0.0]
      [GC Worker Total (ms): Min: 74.1, Avg: 74.3, Max: 74.5, Diff: 0.4, Sum: 297.0]
      [GC Worker End (ms): Min: 256524.1, Avg: 256524.1, Max: 256524.1, Diff: 0.0]
   [Code Root Fixup: 0.0 ms]
   [Clear CT: 0.5 ms]
   [Other: 1.1 ms]
      [Choose CSet: 0.0 ms]
      [Ref Proc: 0.1 ms]
      [Ref Enq: 0.0 ms]
      [Free CSet: 0.3 ms]
   [Eden: 389.0M(389.0M)->0.0B(337.0M) Survivors: 3072.0K->49.0M Heap: 1452.5M(2048.0M)->1137.0M(2048.0M)]
 [Times: user=0.31 sys=0.00, real=0.08 secs] 
256.532: [GC concurrent-mark-end, 0.6111855 secs]
256.533: [GC remark 256.533: [GC ref-proc, 0.0015539 secs], 0.0029888 secs]
 [Times: user=0.00 sys=0.00, real=0.00 secs] 
256.536: [GC cleanup 1144M->566M(2048M), 0.0011472 secs]
 [Times: user=0.00 sys=0.00, real=0.00 secs] 
256.537: [GC concurrent-cleanup-start]
256.538: [GC concurrent-cleanup-end, 0.0006905 secs]
256.860: [GC pause (young), 0.2452877 secs]
   [Parallel Time: 243.1 ms, GC Workers: 4]
      [GC Worker Start (ms): Min: 256859.9, Avg: 256859.9, Max: 256859.9, Diff: 0.0]
      [Ext Root Scanning (ms): Min: 1.3, Avg: 1.4, Max: 1.5, Diff: 0.3, Sum: 5.8]
      [Update RS (ms): Min: 10.1, Avg: 10.3, Max: 10.4, Diff: 0.2, Sum: 41.0]
         [Processed Buffers: Min: 53, Avg: 55.5, Max: 58, Diff: 5, Sum: 222]
      [Scan RS (ms): Min: 0.0, Avg: 0.1, Max: 0.2, Diff: 0.1, Sum: 0.3]
      [Object Copy (ms): Min: 231.2, Avg: 231.3, Max: 231.3, Diff: 0.1, Sum: 925.0]
      [Termination (ms): Min: 0.0, Avg: 0.0, Max: 0.0, Diff: 0.0, Sum: 0.0]
      [GC Worker Other (ms): Min: 0.0, Avg: 0.0, Max: 0.0, Diff: 0.0, Sum: 0.1]
      [GC Worker Total (ms): Min: 243.0, Avg: 243.1, Max: 243.1, Diff: 0.0, Sum: 972.2]
      [GC Worker End (ms): Min: 257103.0, Avg: 257103.0, Max: 257103.0, Diff: 0.0]
   [Code Root Fixup: 0.0 ms]
   [Clear CT: 0.1 ms]
   [Other: 2.1 ms]
      [Choose CSet: 0.0 ms]
      [Ref Proc: 0.1 ms]
      [Ref Enq: 0.0 ms]
      [Free CSet: 0.3 ms]
   [Eden: 337.0M(337.0M)->0.0B(53.0M) Survivors: 49.0M->49.0M Heap: 896.0M(2048.0M)->801.5M(2048.0M)]
 [Times: user=0.90 sys=0.00, real=0.25 secs] 
257.228: [GC pause (mixed), 0.1000847 secs]
   [Parallel Time: 98.5 ms, GC Workers: 4]
      [GC Worker Start (ms): Min: 257228.2, Avg: 257228.2, Max: 257228.2, Diff: 0.0]
      [Ext Root Scanning (ms): Min: 1.2, Avg: 1.2, Max: 1.3, Diff: 0.0, Sum: 4.9]
      [Update RS (ms): Min: 43.9, Avg: 44.0, Max: 44.0, Diff: 0.1, Sum: 175.9]
         [Processed Buffers: Min: 230, Avg: 234.0, Max: 237, Diff: 7, Sum: 936]
      [Scan RS (ms): Min: 1.1, Avg: 1.2, Max: 1.3, Diff: 0.2, Sum: 4.9]
      [Object Copy (ms): Min: 51.9, Avg: 52.0, Max: 52.0, Diff: 0.1, Sum: 208.0]
      [Termination (ms): Min: 0.0, Avg: 0.0, Max: 0.0, Diff: 0.0, Sum: 0.0]
      [GC Worker Other (ms): Min: 0.0, Avg: 0.0, Max: 0.0, Diff: 0.0, Sum: 0.1]
      [GC Worker Total (ms): Min: 98.4, Avg: 98.4, Max: 98.5, Diff: 0.0, Sum: 393.8]
      [GC Worker End (ms): Min: 257326.6, Avg: 257326.6, Max: 257326.6, Diff: 0.0]
   [Code Root Fixup: 0.0 ms]
   [Clear CT: 0.1 ms]
   [Other: 1.5 ms]
      [Choose CSet: 0.0 ms]
      [Ref Proc: 0.0 ms]
      [Ref Enq: 0.0 ms]
      [Free CSet: 0.3 ms]
   [Eden: 53.0M(53.0M)->0.0B(304.0M) Survivors: 49.0M->2048.0K Heap: 854.5M(2048.0M)->753.0M(2048.0M)]
 [Times: user=0.44 sys=0.00, real=0.10 secs] 
257.607: [GC pause (young), 0.1244565 secs]
   [Parallel Time: 122.9 ms, GC Workers: 4]
      [GC Worker Start (ms): Min: 257607.2, Avg: 257607.2, Max: 257607.2, Diff: 0.0]
      [Ext Root Scanning (ms): Min: 1.2, Avg: 1.2, Max: 1.2, Diff: 0.0, Sum: 4.9]
      [Update RS (ms): Min: 24.7, Avg: 25.4, Max: 26.0, Diff: 1.3, Sum: 101.4]
         [Processed Buffers: Min: 238, Avg: 327.8, Max: 517, Diff: 279, Sum: 1311]
      [Scan RS (ms): Min: 0.0, Avg: 0.1, Max: 0.2, Diff: 0.2, Sum: 0.3]
      [Object Copy (ms): Min: 95.7, Avg: 96.2, Max: 96.7, Diff: 1.1, Sum: 384.8]
      [Termination (ms): Min: 0.0, Avg: 0.0, Max: 0.0, Diff: 0.0, Sum: 0.0]
      [GC Worker Other (ms): Min: 0.0, Avg: 0.0, Max: 0.0, Diff: 0.0, Sum: 0.1]
      [GC Worker Total (ms): Min: 122.9, Avg: 122.9, Max: 122.9, Diff: 0.0, Sum: 491.5]
      [GC Worker End (ms): Min: 257730.1, Avg: 257730.1, Max: 257730.1, Diff: 0.0]
   [Code Root Fixup: 0.0 ms]
   [Clear CT: 0.3 ms]
   [Other: 1.3 ms]
      [Choose CSet: 0.0 ms]
      [Ref Proc: 0.0 ms]
      [Ref Enq: 0.0 ms]
      [Free CSet: 0.2 ms]
   [Eden: 304.0M(304.0M)->0.0B(255.0M) Survivors: 2048.0K->39.0M Heap: 1057.0M(2048.0M)->877.0M(2048.0M)]
 [Times: user=0.45 sys=0.00, real=0.13 secs] 
257.979: [GC pause (young), 0.2121115 secs]
   [Parallel Time: 210.0 ms, GC Workers: 4]
      [GC Worker Start (ms): Min: 257979.4, Avg: 257979.4, Max: 257979.4, Diff: 0.0]
      [Ext Root Scanning (ms): Min: 1.2, Avg: 1.3, Max: 1.4, Diff: 0.2, Sum: 5.1]
      [Update RS (ms): Min: 20.7, Avg: 20.8, Max: 21.0, Diff: 0.3, Sum: 83.2]
         [Processed Buffers: Min: 127, Avg: 139.3, Max: 154, Diff: 27, Sum: 557]
      [Scan RS (ms): Min: 0.1, Avg: 0.2, Max: 0.2, Diff: 0.2, Sum: 0.8]
      [Object Copy (ms): Min: 187.6, Avg: 187.6, Max: 187.6, Diff: 0.0, Sum: 750.5]
      [Termination (ms): Min: 0.0, Avg: 0.0, Max: 0.0, Diff: 0.0, Sum: 0.0]
      [GC Worker Other (ms): Min: 0.0, Avg: 0.0, Max: 0.0, Diff: 0.0, Sum: 0.1]
      [GC Worker Total (ms): Min: 209.9, Avg: 209.9, Max: 209.9, Diff: 0.0, Sum: 839.6]
      [GC Worker End (ms): Min: 258189.3, Avg: 258189.3, Max: 258189.3, Diff: 0.0]
   [Code Root Fixup: 0.0 ms]
   [Clear CT: 0.1 ms]
   [Other: 2.0 ms]
      [Choose CSet: 0.0 ms]
      [Ref Proc: 0.1 ms]
      [Ref Enq: 0.0 ms]
      [Free CSet: 0.2 ms]
   [Eden: 255.0M(255.0M)->0.0B(216.0M) Survivors: 39.0M->37.0M Heap: 1132.0M(2048.0M)->1070.5M(2048.0M)]
 [Times: user=0.84 sys=0.00, real=0.21 secs] 
258.537: [GC pause (young) (initial-mark), 0.1847621 secs]
   [Parallel Time: 181.9 ms, GC Workers: 4]
      [GC Worker Start (ms): Min: 258537.9, Avg: 258537.9, Max: 258537.9, Diff: 0.0]
      [Ext Root Scanning (ms): Min: 1.1, Avg: 1.1, Max: 1.2, Diff: 0.1, Sum: 4.6]
      [Update RS (ms): Min: 29.4, Avg: 29.4, Max: 29.6, Diff: 0.2, Sum: 117.7]
         [Processed Buffers: Min: 201, Avg: 234.3, Max: 256, Diff: 55, Sum: 937]
      [Scan RS (ms): Min: 0.0, Avg: 0.2, Max: 0.2, Diff: 0.2, Sum: 0.7]
      [Object Copy (ms): Min: 151.1, Avg: 151.1, Max: 151.1, Diff: 0.0, Sum: 604.5]
      [Termination (ms): Min: 0.0, Avg: 0.0, Max: 0.0, Diff: 0.0, Sum: 0.0]
      [GC Worker Other (ms): Min: 0.0, Avg: 0.0, Max: 0.0, Diff: 0.0, Sum: 0.1]
      [GC Worker Total (ms): Min: 181.9, Avg: 181.9, Max: 181.9, Diff: 0.0, Sum: 727.5]
      [GC Worker End (ms): Min: 258719.7, Avg: 258719.7, Max: 258719.7, Diff: 0.0]
   [Code Root Fixup: 0.0 ms]
   [Clear CT: 0.8 ms]
   [Other: 2.0 ms]
      [Choose CSet: 0.0 ms]
      [Ref Proc: 0.0 ms]
      [Ref Enq: 0.0 ms]
      [Free CSet: 0.2 ms]
   [Eden: 216.0M(216.0M)->0.0B(217.0M) Survivors: 37.0M->32.0M Heap: 1286.5M(2048.0M)->1217.5M(2048.0M)]
 [Times: user=0.70 sys=0.00, real=0.19 secs] 
258.723: [GC concurrent-root-region-scan-start]
258.791: [GC concurrent-root-region-scan-end, 0.0683290 secs]
258.791: [GC concurrent-mark-start]
258.972: [GC pause (young), 0.0529155 secs]
   [Parallel Time: 51.3 ms, GC Workers: 4]
      [GC Worker Start (ms): Min: 258972.1, Avg: 258972.1, Max: 258972.1, Diff: 0.0]
      [Ext Root Scanning (ms): Min: 1.2, Avg: 1.3, Max: 1.3, Diff: 0.0, Sum: 5.1]
      [SATB Filtering (ms): Min: 0.0, Avg: 0.1, Max: 0.2, Diff: 0.2, Sum: 0.2]
      [Update RS (ms): Min: 16.4, Avg: 16.5, Max: 16.6, Diff: 0.2, Sum: 66.1]
         [Processed Buffers: Min: 97, Avg: 103.5, Max: 110, Diff: 13, Sum: 414]
      [Scan RS (ms): Min: 0.2, Avg: 0.3, Max: 0.3, Diff: 0.1, Sum: 1.0]
      [Object Copy (ms): Min: 32.9, Avg: 33.0, Max: 33.0, Diff: 0.1, Sum: 131.9]
      [Termination (ms): Min: 0.0, Avg: 0.1, Max: 0.1, Diff: 0.1, Sum: 0.3]
      [GC Worker Other (ms): Min: 0.0, Avg: 0.0, Max: 0.1, Diff: 0.1, Sum: 0.1]
      [GC Worker Total (ms): Min: 51.2, Avg: 51.2, Max: 51.3, Diff: 0.1, Sum: 204.9]
      [GC Worker End (ms): Min: 259023.3, Avg: 259023.3, Max: 259023.4, Diff: 0.1]
   [Code Root Fixup: 0.0 ms]
   [Clear CT: 0.5 ms]
   [Other: 1.1 ms]
      [Choose CSet: 0.0 ms]
      [Ref Proc: 0.2 ms]
      [Ref Enq: 0.0 ms]
      [Free CSet: 0.2 ms]
   [Eden: 217.0M(217.0M)->0.0B(405.0M) Survivors: 32.0M->9216.0K Heap: 1434.5M(2048.0M)->1227.0M(2048.0M)]
 [Times: user=0.19 sys=0.00, real=0.05 secs] 
259.408: [GC pause (young), 0.1889359 secs]
   [Parallel Time: 187.2 ms, GC Workers: 4]
      [GC Worker Start (ms): Min: 259408.3, Avg: 259408.3, Max: 259408.3, Diff: 0.0]
      [Ext Root Scanning (ms): Min: 1.2, Avg: 1.2, Max: 1.3, Diff: 0.0, Sum: 4.9]
      [SATB Filtering (ms): Min: 0.0, Avg: 0.7, Max: 2.7, Diff: 2.7, Sum: 2.7]
      [Update RS (ms): Min: 21.7, Avg: 23.7, Max: 24.3, Diff: 2.7, Sum: 94.6]
         [Processed Buffers: Min: 231, Avg: 258.0, Max: 286, Diff: 55, Sum: 1032]
      [Scan RS (ms): Min: 0.1, Avg: 0.1, Max: 0.1, Diff: 0.0, Sum: 0.4]
      [Object Copy (ms): Min: 161.5, Avg: 161.5, Max: 161.6, Diff: 0.0, Sum: 646.2]
      [Termination (ms): Min: 0.0, Avg: 0.0, Max: 0.0, Diff: 0.0, Sum: 0.0]
      [GC Worker Other (ms): Min: 0.0, Avg: 0.0, Max: 0.0, Diff: 0.0, Sum: 0.1]
      [GC Worker Total (ms): Min: 187.2, Avg: 187.2, Max: 187.2, Diff: 0.0, Sum: 748.9]
      [GC Worker End (ms): Min: 259595.5, Avg: 259595.6, Max: 259595.6, Diff: 0.0]
   [Code Root Fixup: 0.0 ms]
   [Clear CT: 0.1 ms]
   [Other: 1.6 ms]
      [Choose CSet: 0.0 ms]
      [Ref Proc: 0.0 ms]
      [Ref Enq: 0.0 ms]
      [Free CSet: 0.3 ms]
   [Eden: 405.0M(405.0M)->0.0B(273.0M) Survivors: 9216.0K->52.0M Heap: 1632.0M(2048.0M)->1420.0M(2048.0M)]
 [Times: user=0.72 sys=0.03, real=0.19 secs] 
259.696: [GC concurrent-mark-end, 0.9049660 secs]
259.698: [GC remark 259.698: [GC ref-proc, 0.0017585 secs], 0.0037954 secs]
 [Times: user=0.00 sys=0.00, real=0.00 secs] 
259.703: [GC cleanup 1498M->856M(2048M), 0.0013563 secs]
 [Times: user=0.00 sys=0.00, real=0.00 secs] 
259.704: [GC concurrent-cleanup-start]
259.705: [GC concurrent-cleanup-end, 0.0008028 secs]
260.422: [GC pause (young), 0.0802251 secs]
   [Parallel Time: 77.9 ms, GC Workers: 4]
      [GC Worker Start (ms): Min: 260422.0, Avg: 260422.1, Max: 260422.2, Diff: 0.1]
      [Ext Root Scanning (ms): Min: 0.9, Avg: 1.2, Max: 1.4, Diff: 0.5, Sum: 5.0]
      [Update RS (ms): Min: 20.1, Avg: 20.2, Max: 20.2, Diff: 0.1, Sum: 80.7]
         [Processed Buffers: Min: 110, Avg: 115.3, Max: 120, Diff: 10, Sum: 461]
      [Scan RS (ms): Min: 6.5, Avg: 6.5, Max: 6.6, Diff: 0.0, Sum: 26.2]
      [Object Copy (ms): Min: 49.7, Avg: 49.9, Max: 50.3, Diff: 0.5, Sum: 199.5]
      [Termination (ms): Min: 0.0, Avg: 0.0, Max: 0.0, Diff: 0.0, Sum: 0.0]
      [GC Worker Other (ms): Min: 0.0, Avg: 0.0, Max: 0.0, Diff: 0.0, Sum: 0.1]
      [GC Worker Total (ms): Min: 77.7, Avg: 77.8, Max: 77.9, Diff: 0.1, Sum: 311.4]
      [GC Worker End (ms): Min: 260499.9, Avg: 260499.9, Max: 260499.9, Diff: 0.0]
   [Code Root Fixup: 0.0 ms]
   [Clear CT: 0.1 ms]
   [Other: 2.2 ms]
      [Choose CSet: 0.0 ms]
      [Ref Proc: 0.9 ms]
      [Ref Enq: 0.0 ms]
      [Free CSet: 0.2 ms]
   [Eden: 113.0M(113.0M)->0.0B(92.0M) Survivors: 52.0M->10.0M Heap: 891.0M(2048.0M)->789.0M(2048.0M)]
 [Times: user=0.31 sys=0.00, real=0.08 secs] 
260.651: [GC pause (mixed), 0.0923778 secs]
   [Parallel Time: 77.4 ms, GC Workers: 4]
      [GC Worker Start (ms): Min: 260651.4, Avg: 260659.8, Max: 260684.2, Diff: 32.8]
      [Ext Root Scanning (ms): Min: 0.1, Avg: 1.3, Max: 2.0, Diff: 1.9, Sum: 5.0]
      [Update RS (ms): Min: 0.0, Avg: 12.2, Max: 16.4, Diff: 16.4, Sum: 48.7]
         [Processed Buffers: Min: 0, Avg: 86.0, Max: 124, Diff: 124, Sum: 344]
      [Scan RS (ms): Min: 0.0, Avg: 1.5, Max: 2.0, Diff: 2.0, Sum: 5.8]
      [Object Copy (ms): Min: 6.0, Avg: 33.5, Max: 55.6, Diff: 49.7, Sum: 133.8]
      [Termination (ms): Min: 0.0, Avg: 19.7, Max: 38.3, Diff: 38.3, Sum: 78.7]
      [GC Worker Other (ms): Min: 0.0, Avg: 0.0, Max: 0.0, Diff: 0.0, Sum: 0.0]
      [GC Worker Total (ms): Min: 44.4, Avg: 68.0, Max: 76.6, Diff: 32.2, Sum: 272.2]
      [GC Worker End (ms): Min: 260727.2, Avg: 260727.9, Max: 260728.6, Diff: 1.5]
   [Code Root Fixup: 0.0 ms]
   [Clear CT: 2.0 ms]
   [Other: 13.0 ms]
      [Choose CSet: 0.0 ms]
      [Ref Proc: 11.9 ms]
      [Ref Enq: 0.0 ms]
      [Free CSet: 0.8 ms]
   [Eden: 92.0M(92.0M)->0.0B(274.0M) Survivors: 10.0M->7168.0K Heap: 881.0M(2048.0M)->712.5M(2048.0M)]
 [Times: user=0.11 sys=0.00, real=0.09 secs] 
260.986: [GC pause (young), 0.1239649 secs]
   [Parallel Time: 121.6 ms, GC Workers: 4]
      [GC Worker Start (ms): Min: 260986.9, Avg: 260986.9, Max: 260987.0, Diff: 0.0]
      [Ext Root Scanning (ms): Min: 1.2, Avg: 1.3, Max: 1.3, Diff: 0.0, Sum: 5.0]
      [Update RS (ms): Min: 5.1, Avg: 5.1, Max: 5.1, Diff: 0.0, Sum: 20.5]
         [Processed Buffers: Min: 200, Avg: 258.8, Max: 291, Diff: 91, Sum: 1035]
      [Scan RS (ms): Min: 0.1, Avg: 0.1, Max: 0.1, Diff: 0.0, Sum: 0.3]
      [Object Copy (ms): Min: 114.9, Avg: 114.9, Max: 114.9, Diff: 0.0, Sum: 459.8]
      [Termination (ms): Min: 0.0, Avg: 0.0, Max: 0.0, Diff: 0.0, Sum: 0.0]
      [GC Worker Other (ms): Min: 0.0, Avg: 0.0, Max: 0.1, Diff: 0.1, Sum: 0.2]
      [GC Worker Total (ms): Min: 121.4, Avg: 121.4, Max: 121.5, Diff: 0.1, Sum: 485.7]
      [GC Worker End (ms): Min: 261108.3, Avg: 261108.4, Max: 261108.4, Diff: 0.1]
   [Code Root Fixup: 0.0 ms]
   [Clear CT: 0.6 ms]
   [Other: 1.8 ms]
      [Choose CSet: 0.0 ms]
      [Ref Proc: 0.1 ms]
      [Ref Enq: 0.0 ms]
      [Free CSet: 0.2 ms]
   [Eden: 274.0M(274.0M)->0.0B(200.0M) Survivors: 7168.0K->36.0M Heap: 986.5M(2048.0M)->851.0M(2048.0M)]
 [Times: user=0.50 sys=0.00, real=0.13 secs] 
261.323: [GC pause (young), 0.0920485 secs]
   [Parallel Time: 90.4 ms, GC Workers: 4]
      [GC Worker Start (ms): Min: 261323.2, Avg: 261323.2, Max: 261323.2, Diff: 0.0]
      [Ext Root Scanning (ms): Min: 1.2, Avg: 1.3, Max: 1.3, Diff: 0.1, Sum: 5.0]
      [Update RS (ms): Min: 18.1, Avg: 18.2, Max: 18.2, Diff: 0.1, Sum: 72.7]
         [Processed Buffers: Min: 170, Avg: 192.0, Max: 212, Diff: 42, Sum: 768]
      [Scan RS (ms): Min: 1.7, Avg: 1.8, Max: 1.8, Diff: 0.1, Sum: 7.0]
      [Object Copy (ms): Min: 69.1, Avg: 69.1, Max: 69.2, Diff: 0.1, Sum: 276.6]
      [Termination (ms): Min: 0.0, Avg: 0.0, Max: 0.0, Diff: 0.0, Sum: 0.0]
      [GC Worker Other (ms): Min: 0.0, Avg: 0.0, Max: 0.0, Diff: 0.0, Sum: 0.1]
      [GC Worker Total (ms): Min: 90.3, Avg: 90.4, Max: 90.4, Diff: 0.0, Sum: 361.4]
      [GC Worker End (ms): Min: 261413.6, Avg: 261413.6, Max: 261413.6, Diff: 0.0]
   [Code Root Fixup: 0.0 ms]
   [Clear CT: 0.1 ms]
   [Other: 1.5 ms]
      [Choose CSet: 0.0 ms]
      [Ref Proc: 0.2 ms]
      [Ref Enq: 0.0 ms]
      [Free CSet: 0.2 ms]
   [Eden: 200.0M(200.0M)->0.0B(275.0M) Survivors: 36.0M->30.0M Heap: 1051.0M(2048.0M)->901.5M(2048.0M)]
 [Times: user=0.37 sys=0.00, real=0.09 secs] 
261.679: [GC pause (young), 0.1957740 secs]
   [Parallel Time: 193.7 ms, GC Workers: 4]
      [GC Worker Start (ms): Min: 261679.1, Avg: 261679.1, Max: 261679.1, Diff: 0.0]
      [Ext Root Scanning (ms): Min: 1.3, Avg: 1.3, Max: 1.4, Diff: 0.2, Sum: 5.3]
      [Update RS (ms): Min: 17.1, Avg: 18.0, Max: 19.8, Diff: 2.7, Sum: 72.1]
         [Processed Buffers: Min: 115, Avg: 139.8, Max: 166, Diff: 51, Sum: 559]
      [Scan RS (ms): Min: 0.0, Avg: 0.3, Max: 0.6, Diff: 0.6, Sum: 1.3]
      [Object Copy (ms): Min: 172.5, Avg: 174.0, Max: 174.5, Diff: 1.9, Sum: 695.8]
      [Termination (ms): Min: 0.0, Avg: 0.0, Max: 0.0, Diff: 0.0, Sum: 0.0]
      [GC Worker Other (ms): Min: 0.0, Avg: 0.0, Max: 0.0, Diff: 0.0, Sum: 0.1]
      [GC Worker Total (ms): Min: 193.6, Avg: 193.6, Max: 193.7, Diff: 0.0, Sum: 774.6]
      [GC Worker End (ms): Min: 261872.7, Avg: 261872.7, Max: 261872.7, Diff: 0.0]
   [Code Root Fixup: 0.0 ms]
   [Clear CT: 0.1 ms]
   [Other: 2.0 ms]
      [Choose CSet: 0.0 ms]
      [Ref Proc: 0.1 ms]
      [Ref Enq: 0.0 ms]
      [Free CSet: 0.2 ms]
   [Eden: 275.0M(275.0M)->0.0B(184.0M) Survivors: 30.0M->39.0M Heap: 1176.5M(2048.0M)->1089.5M(2048.0M)]
 [Times: user=0.73 sys=0.00, real=0.20 secs] 
262.085: [GC pause (young) (initial-mark), 0.1356766 secs]
   [Parallel Time: 133.6 ms, GC Workers: 4]
      [GC Worker Start (ms): Min: 262085.3, Avg: 262085.3, Max: 262085.5, Diff: 0.2]
      [Ext Root Scanning (ms): Min: 0.3, Avg: 1.3, Max: 1.9, Diff: 1.6, Sum: 5.3]
      [Update RS (ms): Min: 16.0, Avg: 23.9, Max: 30.9, Diff: 14.9, Sum: 95.5]
         [Processed Buffers: Min: 178, Avg: 218.5, Max: 271, Diff: 93, Sum: 874]
      [Scan RS (ms): Min: 2.8, Avg: 7.8, Max: 9.6, Diff: 6.8, Sum: 31.1]
      [Object Copy (ms): Min: 97.9, Avg: 100.6, Max: 108.2, Diff: 10.3, Sum: 402.3]
      [Termination (ms): Min: 0.0, Avg: 0.0, Max: 0.0, Diff: 0.0, Sum: 0.0]
      [GC Worker Other (ms): Min: 0.0, Avg: 0.0, Max: 0.0, Diff: 0.0, Sum: 0.1]
      [GC Worker Total (ms): Min: 133.4, Avg: 133.6, Max: 133.6, Diff: 0.2, Sum: 534.3]
      [GC Worker End (ms): Min: 262218.9, Avg: 262218.9, Max: 262218.9, Diff: 0.0]
   [Code Root Fixup: 0.0 ms]
   [Clear CT: 0.1 ms]
   [Other: 1.9 ms]
      [Choose CSet: 0.0 ms]
      [Ref Proc: 0.0 ms]
      [Ref Enq: 0.0 ms]
      [Free CSet: 0.2 ms]
   [Eden: 184.0M(184.0M)->0.0B(194.0M) Survivors: 39.0M->28.0M Heap: 1273.5M(2048.0M)->1170.5M(2048.0M)]
 [Times: user=0.47 sys=0.00, real=0.14 secs] 
262.221: [GC concurrent-root-region-scan-start]
262.278: [GC concurrent-root-region-scan-end, 0.0567270 secs]
262.278: [GC concurrent-mark-start]
262.461: [GC pause (young), 0.1115950 secs]
   [Parallel Time: 110.3 ms, GC Workers: 4]
      [GC Worker Start (ms): Min: 262461.2, Avg: 262461.2, Max: 262461.2, Diff: 0.0]
      [Ext Root Scanning (ms): Min: 1.2, Avg: 1.2, Max: 1.3, Diff: 0.0, Sum: 4.9]
      [SATB Filtering (ms): Min: 0.0, Avg: 0.8, Max: 3.1, Diff: 3.1, Sum: 3.1]
      [Update RS (ms): Min: 25.0, Avg: 27.3, Max: 28.1, Diff: 3.0, Sum: 109.3]
         [Processed Buffers: Min: 171, Avg: 188.0, Max: 209, Diff: 38, Sum: 752]
      [Scan RS (ms): Min: 0.1, Avg: 0.2, Max: 0.2, Diff: 0.1, Sum: 0.7]
      [Object Copy (ms): Min: 80.8, Avg: 80.8, Max: 80.8, Diff: 0.0, Sum: 323.1]
      [Termination (ms): Min: 0.0, Avg: 0.0, Max: 0.0, Diff: 0.0, Sum: 0.0]
      [GC Worker Other (ms): Min: 0.0, Avg: 0.0, Max: 0.0, Diff: 0.0, Sum: 0.1]
      [GC Worker Total (ms): Min: 110.3, Avg: 110.3, Max: 110.3, Diff: 0.0, Sum: 441.2]
      [GC Worker End (ms): Min: 262571.5, Avg: 262571.5, Max: 262571.5, Diff: 0.0]
   [Code Root Fixup: 0.0 ms]
   [Clear CT: 0.1 ms]
   [Other: 1.2 ms]
      [Choose CSet: 0.0 ms]
      [Ref Proc: 0.1 ms]
      [Ref Enq: 0.0 ms]
      [Free CSet: 0.2 ms]
   [Eden: 194.0M(194.0M)->0.0B(267.0M) Survivors: 28.0M->28.0M Heap: 1364.5M(2048.0M)->1249.0M(2048.0M)]
 [Times: user=0.44 sys=0.00, real=0.11 secs] 
262.809: [GC pause (young), 0.1298937 secs]
   [Parallel Time: 126.6 ms, GC Workers: 4]
      [GC Worker Start (ms): Min: 262809.7, Avg: 262809.7, Max: 262809.7, Diff: 0.0]
      [Ext Root Scanning (ms): Min: 1.2, Avg: 1.3, Max: 1.3, Diff: 0.2, Sum: 5.0]
      [SATB Filtering (ms): Min: 0.0, Avg: 0.7, Max: 2.7, Diff: 2.7, Sum: 2.7]
      [Update RS (ms): Min: 15.3, Avg: 17.3, Max: 18.2, Diff: 2.9, Sum: 69.2]
         [Processed Buffers: Min: 117, Avg: 146.5, Max: 173, Diff: 56, Sum: 586]
      [Scan RS (ms): Min: 0.0, Avg: 0.2, Max: 0.3, Diff: 0.3, Sum: 0.7]
      [Object Copy (ms): Min: 107.1, Avg: 107.1, Max: 107.2, Diff: 0.2, Sum: 428.5]
      [Termination (ms): Min: 0.0, Avg: 0.0, Max: 0.0, Diff: 0.0, Sum: 0.0]
      [GC Worker Other (ms): Min: 0.0, Avg: 0.0, Max: 0.0, Diff: 0.0, Sum: 0.1]
      [GC Worker Total (ms): Min: 126.5, Avg: 126.5, Max: 126.5, Diff: 0.0, Sum: 506.2]
      [GC Worker End (ms): Min: 262936.2, Avg: 262936.2, Max: 262936.2, Diff: 0.0]
   [Code Root Fixup: 0.0 ms]
   [Clear CT: 1.0 ms]
   [Other: 2.3 ms]
      [Choose CSet: 0.0 ms]
      [Ref Proc: 0.9 ms]
      [Ref Enq: 0.0 ms]
      [Free CSet: 0.2 ms]
   [Eden: 267.0M(267.0M)->0.0B(272.0M) Survivors: 28.0M->37.0M Heap: 1516.0M(2048.0M)->1355.0M(2048.0M)]
 [Times: user=0.48 sys=0.00, real=0.13 secs] 
263.019: [GC concurrent-mark-end, 0.7415773 secs]
263.020: [GC remark 263.020: [GC ref-proc, 0.0017553 secs], 0.0032803 secs]
 [Times: user=0.00 sys=0.00, real=0.00 secs] 
263.024: [GC cleanup 1422M->788M(2048M), 0.0015311 secs]
 [Times: user=0.00 sys=0.00, real=0.00 secs] 
263.026: [GC concurrent-cleanup-start]
263.026: [GC concurrent-cleanup-end, 0.0007832 secs]
263.232: [GC pause (young), 0.2008035 secs]
   [Parallel Time: 198.7 ms, GC Workers: 4]
      [GC Worker Start (ms): Min: 263232.9, Avg: 263232.9, Max: 263232.9, Diff: 0.0]
      [Ext Root Scanning (ms): Min: 1.3, Avg: 1.3, Max: 1.3, Diff: 0.0, Sum: 5.2]
      [Update RS (ms): Min: 23.4, Avg: 23.4, Max: 23.5, Diff: 0.0, Sum: 93.8]
         [Processed Buffers: Min: 161, Avg: 181.3, Max: 201, Diff: 40, Sum: 725]
      [Scan RS (ms): Min: 0.2, Avg: 0.2, Max: 0.2, Diff: 0.0, Sum: 0.8]
      [Object Copy (ms): Min: 173.7, Avg: 173.7, Max: 173.7, Diff: 0.0, Sum: 694.7]
      [Termination (ms): Min: 0.0, Avg: 0.0, Max: 0.0, Diff: 0.0, Sum: 0.0]
      [GC Worker Other (ms): Min: 0.0, Avg: 0.0, Max: 0.0, Diff: 0.0, Sum: 0.1]
      [GC Worker Total (ms): Min: 198.6, Avg: 198.6, Max: 198.7, Diff: 0.0, Sum: 794.6]
      [GC Worker End (ms): Min: 263431.5, Avg: 263431.5, Max: 263431.5, Diff: 0.0]
   [Code Root Fixup: 0.0 ms]
   [Clear CT: 0.1 ms]
   [Other: 2.0 ms]
      [Choose CSet: 0.0 ms]
      [Ref Proc: 0.1 ms]
      [Ref Enq: 0.0 ms]
      [Free CSet: 0.2 ms]
   [Eden: 272.0M(272.0M)->0.0B(63.0M) Survivors: 37.0M->39.0M Heap: 993.0M(2048.0M)->904.5M(2048.0M)]
 [Times: user=0.81 sys=0.00, real=0.20 secs] 
263.598: [GC pause (mixed), 0.0752806 secs]
   [Parallel Time: 73.5 ms, GC Workers: 4]
      [GC Worker Start (ms): Min: 263598.1, Avg: 263598.1, Max: 263598.1, Diff: 0.0]
      [Ext Root Scanning (ms): Min: 1.2, Avg: 1.3, Max: 1.3, Diff: 0.1, Sum: 5.1]
      [Update RS (ms): Min: 23.6, Avg: 23.6, Max: 23.7, Diff: 0.1, Sum: 94.5]
         [Processed Buffers: Min: 124, Avg: 129.8, Max: 132, Diff: 8, Sum: 519]
      [Scan RS (ms): Min: 2.4, Avg: 2.5, Max: 2.6, Diff: 0.1, Sum: 10.1]
      [Object Copy (ms): Min: 46.0, Avg: 46.1, Max: 46.1, Diff: 0.1, Sum: 184.2]
      [Termination (ms): Min: 0.0, Avg: 0.0, Max: 0.0, Diff: 0.0, Sum: 0.0]
      [GC Worker Other (ms): Min: 0.0, Avg: 0.0, Max: 0.0, Diff: 0.0, Sum: 0.0]
      [GC Worker Total (ms): Min: 73.5, Avg: 73.5, Max: 73.5, Diff: 0.0, Sum: 293.9]
      [GC Worker End (ms): Min: 263671.5, Avg: 263671.5, Max: 263671.5, Diff: 0.0]
   [Code Root Fixup: 0.0 ms]
   [Clear CT: 0.3 ms]
   [Other: 1.5 ms]
      [Choose CSet: 0.1 ms]
      [Ref Proc: 0.1 ms]
      [Ref Enq: 0.0 ms]
      [Free CSet: 0.5 ms]
   [Eden: 63.0M(63.0M)->0.0B(351.0M) Survivors: 39.0M->7168.0K Heap: 967.5M(2048.0M)->811.5M(2048.0M)]
 [Times: user=0.19 sys=0.00, real=0.07 secs] 
264.010: [GC pause (young), 0.2005380 secs]
   [Parallel Time: 198.0 ms, GC Workers: 4]
      [GC Worker Start (ms): Min: 264010.1, Avg: 264010.1, Max: 264010.1, Diff: 0.0]
      [Ext Root Scanning (ms): Min: 1.3, Avg: 1.3, Max: 1.3, Diff: 0.0, Sum: 5.3]
      [Update RS (ms): Min: 15.1, Avg: 15.2, Max: 15.3, Diff: 0.1, Sum: 60.8]
         [Processed Buffers: Min: 195, Avg: 268.3, Max: 433, Diff: 238, Sum: 1073]
      [Scan RS (ms): Min: 0.1, Avg: 0.1, Max: 0.2, Diff: 0.1, Sum: 0.5]
      [Object Copy (ms): Min: 181.3, Avg: 181.3, Max: 181.3, Diff: 0.0, Sum: 725.1]
      [Termination (ms): Min: 0.0, Avg: 0.0, Max: 0.0, Diff: 0.0, Sum: 0.0]
      [GC Worker Other (ms): Min: 0.0, Avg: 0.0, Max: 0.0, Diff: 0.0, Sum: 0.1]
      [GC Worker Total (ms): Min: 197.9, Avg: 197.9, Max: 197.9, Diff: 0.0, Sum: 791.7]
      [GC Worker End (ms): Min: 264208.0, Avg: 264208.0, Max: 264208.0, Diff: 0.0]
   [Code Root Fixup: 0.0 ms]
   [Clear CT: 0.5 ms]
   [Other: 2.0 ms]
      [Choose CSet: 0.0 ms]
      [Ref Proc: 0.0 ms]
      [Ref Enq: 0.0 ms]
      [Free CSet: 0.3 ms]
   [Eden: 351.0M(351.0M)->0.0B(178.0M) Survivors: 7168.0K->45.0M Heap: 1162.5M(2048.0M)->1041.5M(2048.0M)]
 [Times: user=0.80 sys=0.00, real=0.20 secs] 
264.457: [GC pause (young) (initial-mark), 0.1204841 secs]
   [Parallel Time: 118.5 ms, GC Workers: 4]
      [GC Worker Start (ms): Min: 264457.2, Avg: 264457.2, Max: 264457.2, Diff: 0.0]
      [Ext Root Scanning (ms): Min: 1.2, Avg: 1.2, Max: 1.3, Diff: 0.1, Sum: 4.9]
      [Update RS (ms): Min: 17.0, Avg: 17.0, Max: 17.1, Diff: 0.0, Sum: 68.2]
         [Processed Buffers: Min: 210, Avg: 234.0, Max: 255, Diff: 45, Sum: 936]
      [Scan RS (ms): Min: 13.9, Avg: 14.0, Max: 14.0, Diff: 0.1, Sum: 55.9]
      [Object Copy (ms): Min: 86.2, Avg: 86.2, Max: 86.2, Diff: 0.1, Sum: 344.7]
      [Termination (ms): Min: 0.0, Avg: 0.0, Max: 0.0, Diff: 0.0, Sum: 0.0]
      [GC Worker Other (ms): Min: 0.0, Avg: 0.0, Max: 0.0, Diff: 0.0, Sum: 0.1]
      [GC Worker Total (ms): Min: 118.4, Avg: 118.4, Max: 118.4, Diff: 0.0, Sum: 473.7]
      [GC Worker End (ms): Min: 264575.6, Avg: 264575.6, Max: 264575.6, Diff: 0.0]
   [Code Root Fixup: 0.0 ms]
   [Clear CT: 0.1 ms]
   [Other: 1.9 ms]
      [Choose CSet: 0.0 ms]
      [Ref Proc: 0.0 ms]
      [Ref Enq: 0.0 ms]
      [Free CSet: 0.2 ms]
   [Eden: 178.0M(178.0M)->0.0B(133.0M) Survivors: 45.0M->28.0M Heap: 1219.5M(2048.0M)->1104.0M(2048.0M)]
 [Times: user=0.42 sys=0.00, real=0.12 secs] 
264.577: [GC concurrent-root-region-scan-start]
264.616: [GC concurrent-root-region-scan-end, 0.0385685 secs]
264.616: [GC concurrent-mark-start]
264.746: [GC pause (young), 0.0503248 secs]
   [Parallel Time: 49.4 ms, GC Workers: 4]
      [GC Worker Start (ms): Min: 264746.3, Avg: 264746.3, Max: 264746.3, Diff: 0.0]
      [Ext Root Scanning (ms): Min: 1.3, Avg: 1.3, Max: 1.3, Diff: 0.1, Sum: 5.2]
      [SATB Filtering (ms): Min: 0.0, Avg: 0.1, Max: 0.6, Diff: 0.6, Sum: 0.6]
      [Update RS (ms): Min: 17.2, Avg: 17.5, Max: 17.7, Diff: 0.5, Sum: 70.2]
         [Processed Buffers: Min: 125, Avg: 132.8, Max: 142, Diff: 17, Sum: 531]
      [Scan RS (ms): Min: 0.2, Avg: 0.2, Max: 0.3, Diff: 0.0, Sum: 1.0]
      [Object Copy (ms): Min: 30.1, Avg: 30.2, Max: 30.2, Diff: 0.0, Sum: 120.6]
      [Termination (ms): Min: 0.0, Avg: 0.0, Max: 0.0, Diff: 0.0, Sum: 0.0]
      [GC Worker Other (ms): Min: 0.0, Avg: 0.0, Max: 0.0, Diff: 0.0, Sum: 0.1]
      [GC Worker Total (ms): Min: 49.4, Avg: 49.4, Max: 49.4, Diff: 0.0, Sum: 197.5]
      [GC Worker End (ms): Min: 264795.6, Avg: 264795.7, Max: 264795.7, Diff: 0.0]
   [Code Root Fixup: 0.0 ms]
   [Clear CT: 0.1 ms]
   [Other: 0.8 ms]
      [Choose CSet: 0.0 ms]
      [Ref Proc: 0.0 ms]
      [Ref Enq: 0.0 ms]
      [Free CSet: 0.2 ms]
   [Eden: 133.0M(133.0M)->0.0B(340.0M) Survivors: 28.0M->12.0M Heap: 1237.0M(2048.0M)->1117.5M(2048.0M)]
 [Times: user=0.17 sys=0.00, real=0.05 secs] 
265.083: [GC concurrent-mark-end, 0.4666942 secs]
265.083: [GC remark 265.084: [GC ref-proc, 0.0017521 secs], 0.0041880 secs]
 [Times: user=0.00 sys=0.00, real=0.00 secs] 
265.087: [GC cleanup 1430M->735M(2048M), 0.0014625 secs]
 [Times: user=0.00 sys=0.00, real=0.00 secs] 
265.089: [GC concurrent-cleanup-start]
265.090: [GC concurrent-cleanup-end, 0.0008188 secs]
265.119: [GC pause (young), 0.1879658 secs]
   [Parallel Time: 186.1 ms, GC Workers: 4]
      [GC Worker Start (ms): Min: 265118.8, Avg: 265118.8, Max: 265118.8, Diff: 0.0]
      [Ext Root Scanning (ms): Min: 1.2, Avg: 1.2, Max: 1.2, Diff: 0.0, Sum: 4.9]
      [Update RS (ms): Min: 13.8, Avg: 13.8, Max: 13.8, Diff: 0.1, Sum: 55.1]
         [Processed Buffers: Min: 96, Avg: 121.5, Max: 156, Diff: 60, Sum: 486]
      [Scan RS (ms): Min: 0.0, Avg: 0.1, Max: 0.1, Diff: 0.1, Sum: 0.3]
      [Object Copy (ms): Min: 171.0, Avg: 171.0, Max: 171.0, Diff: 0.0, Sum: 684.1]
      [Termination (ms): Min: 0.0, Avg: 0.0, Max: 0.0, Diff: 0.0, Sum: 0.0]
      [GC Worker Other (ms): Min: 0.0, Avg: 0.0, Max: 0.0, Diff: 0.0, Sum: 0.1]
      [GC Worker Total (ms): Min: 186.1, Avg: 186.1, Max: 186.1, Diff: 0.0, Sum: 744.4]
      [GC Worker End (ms): Min: 265304.9, Avg: 265304.9, Max: 265304.9, Diff: 0.0]
   [Code Root Fixup: 0.0 ms]
   [Clear CT: 0.2 ms]
   [Other: 1.6 ms]
      [Choose CSet: 0.0 ms]
      [Ref Proc: 0.0 ms]
      [Ref Enq: 0.0 ms]
      [Free CSet: 0.3 ms]
   [Eden: 340.0M(340.0M)->0.0B(222.0M) Survivors: 12.0M->44.0M Heap: 762.5M(2048.0M)->628.5M(2048.0M)]
 [Times: user=0.72 sys=0.00, real=0.19 secs] 
265.583: [GC pause (young), 0.1655888 secs]
   [Parallel Time: 163.6 ms, GC Workers: 4]
      [GC Worker Start (ms): Min: 265583.1, Avg: 265583.1, Max: 265583.1, Diff: 0.0]
      [Ext Root Scanning (ms): Min: 1.2, Avg: 1.2, Max: 1.3, Diff: 0.0, Sum: 4.9]
      [Update RS (ms): Min: 30.5, Avg: 31.1, Max: 32.8, Diff: 2.3, Sum: 124.2]
         [Processed Buffers: Min: 202, Avg: 219.3, Max: 235, Diff: 33, Sum: 877]
      [Scan RS (ms): Min: 0.0, Avg: 0.2, Max: 0.2, Diff: 0.2, Sum: 0.7]
      [Object Copy (ms): Min: 129.5, Avg: 130.9, Max: 131.4, Diff: 1.9, Sum: 523.7]
      [Termination (ms): Min: 0.0, Avg: 0.2, Max: 0.2, Diff: 0.2, Sum: 0.6]
      [GC Worker Other (ms): Min: 0.0, Avg: 0.0, Max: 0.0, Diff: 0.0, Sum: 0.1]
      [GC Worker Total (ms): Min: 163.6, Avg: 163.6, Max: 163.6, Diff: 0.0, Sum: 654.2]
      [GC Worker End (ms): Min: 265746.7, Avg: 265746.7, Max: 265746.7, Diff: 0.0]
   [Code Root Fixup: 0.0 ms]
   [Clear CT: 0.1 ms]
   [Other: 1.9 ms]
      [Choose CSet: 0.0 ms]
      [Ref Proc: 0.0 ms]
      [Ref Enq: 0.0 ms]
      [Free CSet: 0.2 ms]
   [Eden: 222.0M(222.0M)->0.0B(242.0M) Survivors: 44.0M->34.0M Heap: 850.5M(2048.0M)->749.0M(2048.0M)]
 [Times: user=0.59 sys=0.00, real=0.17 secs] 
266.025: [GC pause (young), 0.1475541 secs]
   [Parallel Time: 145.7 ms, GC Workers: 4]
      [GC Worker Start (ms): Min: 266025.7, Avg: 266025.7, Max: 266025.7, Diff: 0.0]
      [Ext Root Scanning (ms): Min: 1.2, Avg: 1.2, Max: 1.2, Diff: 0.0, Sum: 4.9]
      [Update RS (ms): Min: 19.7, Avg: 19.7, Max: 19.8, Diff: 0.0, Sum: 79.0]
         [Processed Buffers: Min: 174, Avg: 198.5, Max: 223, Diff: 49, Sum: 794]
      [Scan RS (ms): Min: 0.2, Avg: 0.2, Max: 0.2, Diff: 0.0, Sum: 0.9]
      [Object Copy (ms): Min: 124.4, Avg: 124.4, Max: 124.4, Diff: 0.0, Sum: 497.7]
      [Termination (ms): Min: 0.0, Avg: 0.0, Max: 0.0, Diff: 0.0, Sum: 0.0]
      [GC Worker Other (ms): Min: 0.0, Avg: 0.0, Max: 0.0, Diff: 0.0, Sum: 0.1]
      [GC Worker Total (ms): Min: 145.6, Avg: 145.6, Max: 145.7, Diff: 0.0, Sum: 582.6]
      [GC Worker End (ms): Min: 266171.4, Avg: 266171.4, Max: 266171.4, Diff: 0.0]
   [Code Root Fixup: 0.0 ms]
   [Clear CT: 0.1 ms]
   [Other: 1.8 ms]
      [Choose CSet: 0.0 ms]
      [Ref Proc: 0.1 ms]
      [Ref Enq: 0.0 ms]
      [Free CSet: 0.3 ms]
   [Eden: 242.0M(242.0M)->0.0B(271.0M) Survivors: 34.0M->35.0M Heap: 991.0M(2048.0M)->877.5M(2048.0M)]
 [Times: user=0.58 sys=0.00, real=0.15 secs] 
266.432: [GC pause (young), 0.1534791 secs]
   [Parallel Time: 151.7 ms, GC Workers: 4]
      [GC Worker Start (ms): Min: 266432.2, Avg: 266432.2, Max: 266432.2, Diff: 0.0]
      [Ext Root Scanning (ms): Min: 1.2, Avg: 1.2, Max: 1.3, Diff: 0.0, Sum: 5.0]
      [Update RS (ms): Min: 28.0, Avg: 28.0, Max: 28.0, Diff: 0.0, Sum: 112.0]
         [Processed Buffers: Min: 195, Avg: 210.5, Max: 241, Diff: 46, Sum: 842]
      [Scan RS (ms): Min: 0.2, Avg: 0.2, Max: 0.2, Diff: 0.0, Sum: 0.9]
      [Object Copy (ms): Min: 122.2, Avg: 122.2, Max: 122.2, Diff: 0.0, Sum: 488.7]
      [Termination (ms): Min: 0.0, Avg: 0.0, Max: 0.0, Diff: 0.0, Sum: 0.0]
      [GC Worker Other (ms): Min: 0.0, Avg: 0.0, Max: 0.0, Diff: 0.0, Sum: 0.1]
      [GC Worker Total (ms): Min: 151.7, Avg: 151.7, Max: 151.7, Diff: 0.0, Sum: 606.7]
      [GC Worker End (ms): Min: 266583.8, Avg: 266583.8, Max: 266583.9, Diff: 0.0]
   [Code Root Fixup: 0.0 ms]
   [Clear CT: 0.1 ms]
   [Other: 1.7 ms]
      [Choose CSet: 0.0 ms]
      [Ref Proc: 0.2 ms]
      [Ref Enq: 0.0 ms]
      [Free CSet: 0.2 ms]
   [Eden: 271.0M(271.0M)->0.0B(282.0M) Survivors: 35.0M->39.0M Heap: 1148.5M(2048.0M)->1001.0M(2048.0M)]
 [Times: user=0.62 sys=0.00, real=0.15 secs] 
266.870: [GC pause (young) (initial-mark), 0.1858766 secs]
   [Parallel Time: 183.1 ms, GC Workers: 4]
      [GC Worker Start (ms): Min: 266870.7, Avg: 266870.7, Max: 266870.7, Diff: 0.0]
      [Ext Root Scanning (ms): Min: 1.2, Avg: 1.3, Max: 1.3, Diff: 0.1, Sum: 5.1]
      [Update RS (ms): Min: 19.9, Avg: 26.3, Max: 45.2, Diff: 25.3, Sum: 105.0]
         [Processed Buffers: Min: 152, Avg: 185.3, Max: 204, Diff: 52, Sum: 741]
      [Scan RS (ms): Min: 0.0, Avg: 0.2, Max: 0.3, Diff: 0.3, Sum: 0.9]
      [Object Copy (ms): Min: 136.5, Avg: 155.3, Max: 161.6, Diff: 25.1, Sum: 621.2]
      [Termination (ms): Min: 0.0, Avg: 0.0, Max: 0.0, Diff: 0.0, Sum: 0.0]
      [GC Worker Other (ms): Min: 0.0, Avg: 0.0, Max: 0.0, Diff: 0.0, Sum: 0.1]
      [GC Worker Total (ms): Min: 183.0, Avg: 183.0, Max: 183.1, Diff: 0.0, Sum: 732.2]
      [GC Worker End (ms): Min: 267053.7, Avg: 267053.7, Max: 267053.8, Diff: 0.0]
   [Code Root Fixup: 0.0 ms]
   [Clear CT: 0.1 ms]
   [Other: 2.7 ms]
      [Choose CSet: 0.0 ms]
      [Ref Proc: 0.6 ms]
      [Ref Enq: 0.0 ms]
      [Free CSet: 0.2 ms]
   [Eden: 282.0M(282.0M)->0.0B(233.0M) Survivors: 39.0M->41.0M Heap: 1283.0M(2048.0M)->1163.0M(2048.0M)]
 [Times: user=0.73 sys=0.00, real=0.19 secs] 
267.056: [GC concurrent-root-region-scan-start]
267.123: [GC concurrent-root-region-scan-end, 0.0662822 secs]
267.123: [GC concurrent-mark-start]
267.342: [GC pause (young), 0.0684368 secs]
   [Parallel Time: 67.1 ms, GC Workers: 4]
      [GC Worker Start (ms): Min: 267342.0, Avg: 267342.0, Max: 267342.0, Diff: 0.0]
      [Ext Root Scanning (ms): Min: 1.2, Avg: 1.2, Max: 1.3, Diff: 0.1, Sum: 5.0]
      [SATB Filtering (ms): Min: 0.0, Avg: 0.1, Max: 0.4, Diff: 0.4, Sum: 0.4]
      [Update RS (ms): Min: 17.6, Avg: 17.9, Max: 18.0, Diff: 0.4, Sum: 71.4]
         [Processed Buffers: Min: 112, Avg: 122.0, Max: 132, Diff: 20, Sum: 488]
      [Scan RS (ms): Min: 2.0, Avg: 2.1, Max: 2.1, Diff: 0.1, Sum: 8.2]
      [Object Copy (ms): Min: 45.7, Avg: 45.8, Max: 45.8, Diff: 0.1, Sum: 183.1]
      [Termination (ms): Min: 0.0, Avg: 0.0, Max: 0.0, Diff: 0.0, Sum: 0.0]
      [GC Worker Other (ms): Min: 0.0, Avg: 0.0, Max: 0.0, Diff: 0.0, Sum: 0.1]
      [GC Worker Total (ms): Min: 67.0, Avg: 67.0, Max: 67.1, Diff: 0.0, Sum: 268.2]
      [GC Worker End (ms): Min: 267409.0, Avg: 267409.0, Max: 267409.0, Diff: 0.0]
   [Code Root Fixup: 0.0 ms]
   [Clear CT: 0.2 ms]
   [Other: 1.1 ms]
      [Choose CSet: 0.0 ms]
      [Ref Proc: 0.1 ms]
      [Ref Enq: 0.0 ms]
      [Free CSet: 0.2 ms]
   [Eden: 233.0M(233.0M)->0.0B(426.0M) Survivors: 41.0M->18.0M Heap: 1396.0M(2048.0M)->1182.5M(2048.0M)]
 [Times: user=0.25 sys=0.00, real=0.07 secs] 
267.768: [GC concurrent-mark-end, 0.6453822 secs]
267.768: [GC remark 267.769: [GC ref-proc, 0.0017951 secs], 0.0044461 secs]
 [Times: user=0.00 sys=0.00, real=0.00 secs] 
267.773: [GC cleanup 1585M->1029M(2048M), 0.0013159 secs]
 [Times: user=0.00 sys=0.00, real=0.00 secs] 
267.775: [GC concurrent-cleanup-start]
267.775: [GC concurrent-cleanup-end, 0.0006674 secs]
267.799: [GC pause (young), 0.1877329 secs]
   [Parallel Time: 185.7 ms, GC Workers: 4]
      [GC Worker Start (ms): Min: 267799.9, Avg: 267799.9, Max: 267799.9, Diff: 0.0]
      [Ext Root Scanning (ms): Min: 1.3, Avg: 1.4, Max: 1.4, Diff: 0.1, Sum: 5.5]
      [Update RS (ms): Min: 17.8, Avg: 18.2, Max: 18.6, Diff: 0.8, Sum: 72.8]
         [Processed Buffers: Min: 134, Avg: 220.5, Max: 306, Diff: 172, Sum: 882]
      [Scan RS (ms): Min: 0.0, Avg: 0.1, Max: 0.2, Diff: 0.2, Sum: 0.5]
      [Object Copy (ms): Min: 165.6, Avg: 165.9, Max: 166.2, Diff: 0.6, Sum: 663.6]
      [Termination (ms): Min: 0.0, Avg: 0.0, Max: 0.0, Diff: 0.0, Sum: 0.0]
      [GC Worker Other (ms): Min: 0.0, Avg: 0.0, Max: 0.0, Diff: 0.0, Sum: 0.1]
      [GC Worker Total (ms): Min: 185.6, Avg: 185.6, Max: 185.6, Diff: 0.0, Sum: 742.5]
      [GC Worker End (ms): Min: 267985.6, Avg: 267985.6, Max: 267985.6, Diff: 0.0]
   [Code Root Fixup: 0.0 ms]
   [Clear CT: 0.2 ms]
   [Other: 1.9 ms]
      [Choose CSet: 0.0 ms]
      [Ref Proc: 0.0 ms]
      [Ref Enq: 0.0 ms]
      [Free CSet: 0.3 ms]
   [Eden: 426.0M(426.0M)->0.0B(46.0M) Survivors: 18.0M->56.0M Heap: 1052.5M(2048.0M)->825.5M(2048.0M)]
 [Times: user=0.75 sys=0.00, real=0.19 secs] 
268.071: [GC pause (mixed), 0.0960196 secs]
   [Parallel Time: 94.1 ms, GC Workers: 4]
      [GC Worker Start (ms): Min: 268070.9, Avg: 268070.9, Max: 268070.9, Diff: 0.0]
      [Ext Root Scanning (ms): Min: 1.3, Avg: 1.3, Max: 1.3, Diff: 0.0, Sum: 5.0]
      [Update RS (ms): Min: 30.0, Avg: 30.0, Max: 30.1, Diff: 0.1, Sum: 120.2]
         [Processed Buffers: Min: 160, Avg: 164.0, Max: 168, Diff: 8, Sum: 656]
      [Scan RS (ms): Min: 6.7, Avg: 6.8, Max: 6.8, Diff: 0.1, Sum: 27.1]
      [Object Copy (ms): Min: 56.0, Avg: 56.0, Max: 56.0, Diff: 0.0, Sum: 224.0]
      [Termination (ms): Min: 0.0, Avg: 0.0, Max: 0.0, Diff: 0.0, Sum: 0.0]
      [GC Worker Other (ms): Min: 0.0, Avg: 0.0, Max: 0.0, Diff: 0.0, Sum: 0.1]
      [GC Worker Total (ms): Min: 94.1, Avg: 94.1, Max: 94.1, Diff: 0.0, Sum: 376.4]
      [GC Worker End (ms): Min: 268165.0, Avg: 268165.0, Max: 268165.0, Diff: 0.0]
   [Code Root Fixup: 0.0 ms]
   [Clear CT: 0.2 ms]
   [Other: 1.7 ms]
      [Choose CSet: 0.1 ms]
      [Ref Proc: 0.0 ms]
      [Ref Enq: 0.0 ms]
      [Free CSet: 0.5 ms]
   [Eden: 46.0M(46.0M)->0.0B(261.0M) Survivors: 56.0M->4096.0K Heap: 871.5M(2048.0M)->728.0M(2048.0M)]
 [Times: user=0.37 sys=0.00, real=0.10 secs] 
268.437: [GC pause (young), 0.1248770 secs]
   [Parallel Time: 122.4 ms, GC Workers: 4]
      [GC Worker Start (ms): Min: 268437.7, Avg: 268437.8, Max: 268437.8, Diff: 0.0]
      [Ext Root Scanning (ms): Min: 1.2, Avg: 1.2, Max: 1.2, Diff: 0.0, Sum: 4.9]
      [Update RS (ms): Min: 20.7, Avg: 20.7, Max: 20.7, Diff: 0.0, Sum: 82.8]
         [Processed Buffers: Min: 287, Avg: 297.3, Max: 307, Diff: 20, Sum: 1189]
      [Scan RS (ms): Min: 0.1, Avg: 0.1, Max: 0.1, Diff: 0.0, Sum: 0.3]
      [Object Copy (ms): Min: 100.4, Avg: 100.4, Max: 100.4, Diff: 0.0, Sum: 401.5]
      [Termination (ms): Min: 0.0, Avg: 0.0, Max: 0.0, Diff: 0.0, Sum: 0.0]
      [GC Worker Other (ms): Min: 0.0, Avg: 0.0, Max: 0.0, Diff: 0.0, Sum: 0.1]
      [GC Worker Total (ms): Min: 122.4, Avg: 122.4, Max: 122.4, Diff: 0.0, Sum: 489.6]
      [GC Worker End (ms): Min: 268560.1, Avg: 268560.1, Max: 268560.1, Diff: 0.0]
   [Code Root Fixup: 0.0 ms]
   [Clear CT: 0.1 ms]
   [Other: 2.3 ms]
      [Choose CSet: 0.0 ms]
      [Ref Proc: 0.8 ms]
      [Ref Enq: 0.0 ms]
      [Free CSet: 0.3 ms]
   [Eden: 261.0M(261.0M)->0.0B(136.0M) Survivors: 4096.0K->34.0M Heap: 989.0M(2048.0M)->856.5M(2048.0M)]
 [Times: user=0.50 sys=0.00, real=0.13 secs] 
268.681: [GC pause (young), 0.0937310 secs]
   [Parallel Time: 92.1 ms, GC Workers: 4]
      [GC Worker Start (ms): Min: 268681.3, Avg: 268681.3, Max: 268681.3, Diff: 0.0]
      [Ext Root Scanning (ms): Min: 1.3, Avg: 1.3, Max: 1.3, Diff: 0.0, Sum: 5.1]
      [Update RS (ms): Min: 18.0, Avg: 18.0, Max: 18.2, Diff: 0.1, Sum: 72.2]
         [Processed Buffers: Min: 152, Avg: 157.5, Max: 168, Diff: 16, Sum: 630]
      [Scan RS (ms): Min: 0.1, Avg: 0.2, Max: 0.2, Diff: 0.1, Sum: 0.6]
      [Object Copy (ms): Min: 72.6, Avg: 72.6, Max: 72.6, Diff: 0.0, Sum: 290.5]
      [Termination (ms): Min: 0.0, Avg: 0.0, Max: 0.0, Diff: 0.0, Sum: 0.0]
      [GC Worker Other (ms): Min: 0.0, Avg: 0.0, Max: 0.0, Diff: 0.0, Sum: 0.1]
      [GC Worker Total (ms): Min: 92.1, Avg: 92.1, Max: 92.1, Diff: 0.0, Sum: 368.4]
      [GC Worker End (ms): Min: 268773.4, Avg: 268773.4, Max: 268773.4, Diff: 0.0]
   [Code Root Fixup: 0.0 ms]
   [Clear CT: 0.2 ms]
   [Other: 1.4 ms]
      [Choose CSet: 0.0 ms]
      [Ref Proc: 0.2 ms]
      [Ref Enq: 0.0 ms]
      [Free CSet: 0.2 ms]
   [Eden: 136.0M(136.0M)->0.0B(255.0M) Survivors: 34.0M->22.0M Heap: 992.5M(2048.0M)->917.5M(2048.0M)]
 [Times: user=0.37 sys=0.00, real=0.09 secs] 
269.014: [GC pause (young), 0.1769462 secs]
   [Parallel Time: 175.1 ms, GC Workers: 4]
      [GC Worker Start (ms): Min: 269014.0, Avg: 269014.0, Max: 269014.0, Diff: 0.0]
      [Ext Root Scanning (ms): Min: 1.3, Avg: 1.3, Max: 1.3, Diff: 0.0, Sum: 5.2]
      [Update RS (ms): Min: 18.5, Avg: 18.5, Max: 18.6, Diff: 0.0, Sum: 74.2]
         [Processed Buffers: Min: 110, Avg: 124.8, Max: 132, Diff: 22, Sum: 499]
      [Scan RS (ms): Min: 0.3, Avg: 0.3, Max: 0.3, Diff: 0.0, Sum: 1.1]
      [Object Copy (ms): Min: 154.9, Avg: 154.9, Max: 154.9, Diff: 0.0, Sum: 619.8]
      [Termination (ms): Min: 0.0, Avg: 0.0, Max: 0.0, Diff: 0.0, Sum: 0.0]
      [GC Worker Other (ms): Min: 0.0, Avg: 0.0, Max: 0.0, Diff: 0.0, Sum: 0.1]
      [GC Worker Total (ms): Min: 175.1, Avg: 175.1, Max: 175.1, Diff: 0.0, Sum: 700.3]
      [GC Worker End (ms): Min: 269189.1, Avg: 269189.1, Max: 269189.1, Diff: 0.0]
   [Code Root Fixup: 0.0 ms]
   [Clear CT: 0.1 ms]
   [Other: 1.7 ms]
      [Choose CSet: 0.0 ms]
      [Ref Proc: 0.1 ms]
      [Ref Enq: 0.0 ms]
      [Free CSet: 0.3 ms]
   [Eden: 255.0M(255.0M)->0.0B(209.0M) Survivors: 22.0M->35.0M Heap: 1172.5M(2048.0M)->1093.0M(2048.0M)]
 [Times: user=0.67 sys=0.00, real=0.18 secs] 
269.468: [GC pause (young) (initial-mark), 0.1704718 secs]
   [Parallel Time: 168.3 ms, GC Workers: 4]
      [GC Worker Start (ms): Min: 269468.0, Avg: 269468.0, Max: 269468.0, Diff: 0.0]
      [Ext Root Scanning (ms): Min: 1.2, Avg: 1.2, Max: 1.2, Diff: 0.0, Sum: 4.9]
      [Update RS (ms): Min: 29.6, Avg: 29.6, Max: 29.6, Diff: 0.0, Sum: 118.5]
         [Processed Buffers: Min: 227, Avg: 240.8, Max: 248, Diff: 21, Sum: 963]
      [Scan RS (ms): Min: 0.2, Avg: 0.2, Max: 0.2, Diff: 0.0, Sum: 0.7]
      [Object Copy (ms): Min: 137.2, Avg: 137.2, Max: 137.3, Diff: 0.1, Sum: 549.0]
      [Termination (ms): Min: 0.0, Avg: 0.0, Max: 0.0, Diff: 0.0, Sum: 0.0]
      [GC Worker Other (ms): Min: 0.0, Avg: 0.0, Max: 0.0, Diff: 0.0, Sum: 0.1]
      [GC Worker Total (ms): Min: 168.3, Avg: 168.3, Max: 168.3, Diff: 0.0, Sum: 673.1]
      [GC Worker End (ms): Min: 269636.2, Avg: 269636.2, Max: 269636.2, Diff: 0.0]
   [Code Root Fixup: 0.0 ms]
   [Clear CT: 0.1 ms]
   [Other: 2.1 ms]
      [Choose CSet: 0.0 ms]
      [Ref Proc: 0.2 ms]
      [Ref Enq: 0.0 ms]
      [Free CSet: 0.2 ms]
   [Eden: 209.0M(209.0M)->0.0B(237.0M) Survivors: 35.0M->31.0M Heap: 1302.0M(2048.0M)->1233.0M(2048.0M)]
 [Times: user=0.69 sys=0.00, real=0.17 secs] 
269.638: [GC concurrent-root-region-scan-start]
269.708: [GC concurrent-root-region-scan-end, 0.0693592 secs]
269.708: [GC concurrent-mark-start]
269.938: [GC pause (young), 0.0947877 secs]
   [Parallel Time: 93.3 ms, GC Workers: 4]
      [GC Worker Start (ms): Min: 269938.7, Avg: 269938.7, Max: 269938.7, Diff: 0.0]
      [Ext Root Scanning (ms): Min: 1.2, Avg: 1.3, Max: 1.4, Diff: 0.2, Sum: 5.2]
      [SATB Filtering (ms): Min: 0.0, Avg: 0.7, Max: 2.6, Diff: 2.6, Sum: 2.6]
      [Update RS (ms): Min: 17.7, Avg: 19.6, Max: 20.3, Diff: 2.6, Sum: 78.4]
         [Processed Buffers: Min: 146, Avg: 207.3, Max: 246, Diff: 100, Sum: 829]
      [Scan RS (ms): Min: 0.2, Avg: 0.2, Max: 0.4, Diff: 0.2, Sum: 0.9]
      [Object Copy (ms): Min: 71.3, Avg: 71.5, Max: 71.5, Diff: 0.2, Sum: 285.9]
      [Termination (ms): Min: 0.0, Avg: 0.0, Max: 0.0, Diff: 0.0, Sum: 0.0]
      [GC Worker Other (ms): Min: 0.0, Avg: 0.0, Max: 0.0, Diff: 0.0, Sum: 0.1]
      [GC Worker Total (ms): Min: 93.3, Avg: 93.3, Max: 93.3, Diff: 0.0, Sum: 373.1]
      [GC Worker End (ms): Min: 270032.0, Avg: 270032.0, Max: 270032.0, Diff: 0.0]
   [Code Root Fixup: 0.0 ms]
   [Clear CT: 0.2 ms]
   [Other: 1.3 ms]
      [Choose CSet: 0.0 ms]
      [Ref Proc: 0.0 ms]
      [Ref Enq: 0.0 ms]
      [Free CSet: 0.2 ms]
   [Eden: 237.0M(237.0M)->0.0B(305.0M) Survivors: 31.0M->34.0M Heap: 1470.0M(2048.0M)->1294.0M(2048.0M)]
 [Times: user=0.34 sys=0.00, real=0.10 secs] 
270.308: [GC pause (young), 0.1041704 secs]
   [Parallel Time: 102.9 ms, GC Workers: 4]
      [GC Worker Start (ms): Min: 270308.7, Avg: 270309.3, Max: 270309.8, Diff: 1.1]
      [Ext Root Scanning (ms): Min: 0.7, Avg: 1.3, Max: 1.9, Diff: 1.1, Sum: 5.2]
      [SATB Filtering (ms): Min: 0.0, Avg: 0.7, Max: 3.0, Diff: 3.0, Sum: 3.0]
      [Update RS (ms): Min: 17.2, Avg: 19.4, Max: 20.2, Diff: 3.0, Sum: 77.7]
         [Processed Buffers: Min: 123, Avg: 132.0, Max: 141, Diff: 18, Sum: 528]
      [Scan RS (ms): Min: 0.3, Avg: 0.3, Max: 0.3, Diff: 0.0, Sum: 1.2]
      [Object Copy (ms): Min: 80.5, Avg: 80.6, Max: 80.6, Diff: 0.1, Sum: 322.3]
      [Termination (ms): Min: 0.0, Avg: 0.0, Max: 0.0, Diff: 0.0, Sum: 0.0]
      [GC Worker Other (ms): Min: 0.0, Avg: 0.0, Max: 0.0, Diff: 0.0, Sum: 0.1]
      [GC Worker Total (ms): Min: 101.8, Avg: 102.4, Max: 102.9, Diff: 1.1, Sum: 409.5]
      [GC Worker End (ms): Min: 270411.6, Avg: 270411.6, Max: 270411.6, Diff: 0.0]
   [Code Root Fixup: 0.0 ms]
   [Clear CT: 0.1 ms]
   [Other: 1.1 ms]
      [Choose CSet: 0.0 ms]
      [Ref Proc: 0.0 ms]
      [Ref Enq: 0.0 ms]
      [Free CSet: 0.3 ms]
   [Eden: 305.0M(305.0M)->0.0B(321.0M) Survivors: 34.0M->43.0M Heap: 1599.0M(2048.0M)->1365.5M(2048.0M)]
 [Times: user=0.38 sys=0.00, real=0.11 secs] 
270.495: [GC concurrent-mark-end, 0.7871255 secs]
270.495: [GC remark 270.496: [GC ref-proc, 0.0017300 secs], 0.0036270 secs]
 [Times: user=0.00 sys=0.00, real=0.00 secs] 
270.499: [GC cleanup 1456M->779M(2048M), 0.0013955 secs]
 [Times: user=0.00 sys=0.00, real=0.00 secs] 
270.501: [GC concurrent-cleanup-start]
270.501: [GC concurrent-cleanup-end, 0.0007886 secs]
270.745: [GC pause (young), 0.2446748 secs]
   [Parallel Time: 240.7 ms, GC Workers: 4]
      [GC Worker Start (ms): Min: 270745.1, Avg: 270745.1, Max: 270745.1, Diff: 0.0]
      [Ext Root Scanning (ms): Min: 1.2, Avg: 1.3, Max: 1.3, Diff: 0.0, Sum: 5.0]
      [Update RS (ms): Min: 28.3, Avg: 28.4, Max: 28.4, Diff: 0.1, Sum: 113.5]
         [Processed Buffers: Min: 148, Avg: 153.3, Max: 155, Diff: 7, Sum: 613]
      [Scan RS (ms): Min: 0.1, Avg: 0.1, Max: 0.1, Diff: 0.1, Sum: 0.4]
      [Object Copy (ms): Min: 210.8, Avg: 210.9, Max: 210.9, Diff: 0.0, Sum: 843.4]
      [Termination (ms): Min: 0.0, Avg: 0.0, Max: 0.0, Diff: 0.0, Sum: 0.0]
      [GC Worker Other (ms): Min: 0.0, Avg: 0.0, Max: 0.0, Diff: 0.0, Sum: 0.1]
      [GC Worker Total (ms): Min: 240.6, Avg: 240.6, Max: 240.6, Diff: 0.0, Sum: 962.4]
      [GC Worker End (ms): Min: 270985.7, Avg: 270985.7, Max: 270985.7, Diff: 0.0]
   [Code Root Fixup: 0.0 ms]
   [Clear CT: 1.9 ms]
   [Other: 2.1 ms]
      [Choose CSet: 0.0 ms]
      [Ref Proc: 0.0 ms]
      [Ref Enq: 0.0 ms]
      [Free CSet: 0.3 ms]
   [Eden: 321.0M(321.0M)->0.0B(56.0M) Survivors: 43.0M->46.0M Heap: 1009.5M(2048.0M)->918.5M(2048.0M)]
 [Times: user=0.94 sys=0.00, real=0.24 secs] 
271.142: [GC pause (mixed), 0.0847053 secs]
   [Parallel Time: 82.3 ms, GC Workers: 4]
      [GC Worker Start (ms): Min: 271142.2, Avg: 271142.2, Max: 271142.3, Diff: 0.0]
      [Ext Root Scanning (ms): Min: 1.2, Avg: 1.3, Max: 1.3, Diff: 0.1, Sum: 5.0]
      [Update RS (ms): Min: 29.0, Avg: 29.1, Max: 29.1, Diff: 0.1, Sum: 116.2]
         [Processed Buffers: Min: 156, Avg: 160.8, Max: 163, Diff: 7, Sum: 643]
      [Scan RS (ms): Min: 2.7, Avg: 2.7, Max: 2.7, Diff: 0.1, Sum: 10.8]
      [Object Copy (ms): Min: 49.2, Avg: 49.3, Max: 49.3, Diff: 0.1, Sum: 197.1]
      [Termination (ms): Min: 0.0, Avg: 0.0, Max: 0.0, Diff: 0.0, Sum: 0.0]
      [GC Worker Other (ms): Min: 0.0, Avg: 0.0, Max: 0.0, Diff: 0.0, Sum: 0.1]
      [GC Worker Total (ms): Min: 82.3, Avg: 82.3, Max: 82.3, Diff: 0.0, Sum: 329.2]
      [GC Worker End (ms): Min: 271224.5, Avg: 271224.5, Max: 271224.5, Diff: 0.0]
   [Code Root Fixup: 0.0 ms]
   [Clear CT: 0.6 ms]
   [Other: 1.8 ms]
      [Choose CSet: 0.0 ms]
      [Ref Proc: 0.3 ms]
      [Ref Enq: 0.0 ms]
      [Free CSet: 0.4 ms]
   [Eden: 56.0M(56.0M)->0.0B(299.0M) Survivors: 46.0M->2048.0K Heap: 974.5M(2048.0M)->845.5M(2048.0M)]
 [Times: user=0.31 sys=0.00, real=0.09 secs] 
271.572: [GC pause (young), 0.1847393 secs]
   [Parallel Time: 182.8 ms, GC Workers: 4]
      [GC Worker Start (ms): Min: 271572.2, Avg: 271572.2, Max: 271572.2, Diff: 0.0]
      [Ext Root Scanning (ms): Min: 1.2, Avg: 1.2, Max: 1.2, Diff: 0.0, Sum: 4.9]
      [Update RS (ms): Min: 22.2, Avg: 22.3, Max: 22.3, Diff: 0.0, Sum: 89.0]
         [Processed Buffers: Min: 257, Avg: 306.0, Max: 344, Diff: 87, Sum: 1224]
      [Scan RS (ms): Min: 0.1, Avg: 0.1, Max: 0.1, Diff: 0.0, Sum: 0.3]
      [Object Copy (ms): Min: 159.2, Avg: 159.2, Max: 159.2, Diff: 0.0, Sum: 637.0]
      [Termination (ms): Min: 0.0, Avg: 0.0, Max: 0.0, Diff: 0.0, Sum: 0.0]
      [GC Worker Other (ms): Min: 0.0, Avg: 0.0, Max: 0.0, Diff: 0.0, Sum: 0.1]
      [GC Worker Total (ms): Min: 182.8, Avg: 182.8, Max: 182.8, Diff: 0.0, Sum: 731.2]
      [GC Worker End (ms): Min: 271755.0, Avg: 271755.0, Max: 271755.0, Diff: 0.0]
   [Code Root Fixup: 0.0 ms]
   [Clear CT: 0.2 ms]
   [Other: 1.7 ms]
      [Choose CSet: 0.0 ms]
      [Ref Proc: 0.0 ms]
      [Ref Enq: 0.0 ms]
      [Free CSet: 0.2 ms]
   [Eden: 299.0M(299.0M)->0.0B(203.0M) Survivors: 2048.0K->38.0M Heap: 1144.5M(2048.0M)->1050.5M(2048.0M)]
 [Times: user=0.75 sys=0.00, real=0.18 secs] 
272.007: [GC pause (young) (initial-mark), 0.1619762 secs]
   [Parallel Time: 159.7 ms, GC Workers: 4]
      [GC Worker Start (ms): Min: 272007.2, Avg: 272007.2, Max: 272007.2, Diff: 0.0]
      [Ext Root Scanning (ms): Min: 1.2, Avg: 1.2, Max: 1.3, Diff: 0.1, Sum: 4.8]
      [Update RS (ms): Min: 17.1, Avg: 17.4, Max: 17.8, Diff: 0.7, Sum: 69.5]
         [Processed Buffers: Min: 120, Avg: 187.0, Max: 259, Diff: 139, Sum: 748]
      [Scan RS (ms): Min: 7.7, Avg: 8.1, Max: 8.4, Diff: 0.7, Sum: 32.6]
      [Object Copy (ms): Min: 132.9, Avg: 132.9, Max: 133.0, Diff: 0.1, Sum: 531.7]
      [Termination (ms): Min: 0.0, Avg: 0.0, Max: 0.0, Diff: 0.0, Sum: 0.0]
      [GC Worker Other (ms): Min: 0.0, Avg: 0.0, Max: 0.0, Diff: 0.0, Sum: 0.1]
      [GC Worker Total (ms): Min: 159.7, Avg: 159.7, Max: 159.7, Diff: 0.0, Sum: 638.7]
      [GC Worker End (ms): Min: 272166.8, Avg: 272166.8, Max: 272166.8, Diff: 0.0]
   [Code Root Fixup: 0.0 ms]
   [Clear CT: 0.1 ms]
   [Other: 2.2 ms]
      [Choose CSet: 0.0 ms]
      [Ref Proc: 0.0 ms]
      [Ref Enq: 0.0 ms]
      [Free CSet: 0.2 ms]
   [Eden: 203.0M(203.0M)->0.0B(148.0M) Survivors: 38.0M->31.0M Heap: 1253.5M(2048.0M)->1176.0M(2048.0M)]
 [Times: user=0.61 sys=0.00, real=0.16 secs] 
272.169: [GC concurrent-root-region-scan-start]
272.235: [GC concurrent-root-region-scan-end, 0.0660798 secs]
272.235: [GC concurrent-mark-start]
272.340: [GC pause (young), 0.0542937 secs]
   [Parallel Time: 52.9 ms, GC Workers: 4]
      [GC Worker Start (ms): Min: 272340.2, Avg: 272340.3, Max: 272340.3, Diff: 0.0]
      [Ext Root Scanning (ms): Min: 1.2, Avg: 1.2, Max: 1.3, Diff: 0.0, Sum: 4.9]
      [SATB Filtering (ms): Min: 0.0, Avg: 0.0, Max: 0.1, Diff: 0.1, Sum: 0.1]
      [Update RS (ms): Min: 19.9, Avg: 19.9, Max: 19.9, Diff: 0.0, Sum: 79.6]
         [Processed Buffers: Min: 111, Avg: 114.3, Max: 119, Diff: 8, Sum: 457]
      [Scan RS (ms): Min: 4.4, Avg: 4.4, Max: 4.5, Diff: 0.1, Sum: 17.8]
      [Object Copy (ms): Min: 27.2, Avg: 27.2, Max: 27.3, Diff: 0.1, Sum: 108.9]
      [Termination (ms): Min: 0.0, Avg: 0.0, Max: 0.0, Diff: 0.0, Sum: 0.0]
      [GC Worker Other (ms): Min: 0.0, Avg: 0.0, Max: 0.0, Diff: 0.0, Sum: 0.1]
      [GC Worker Total (ms): Min: 52.8, Avg: 52.8, Max: 52.8, Diff: 0.0, Sum: 211.4]
      [GC Worker End (ms): Min: 272393.1, Avg: 272393.1, Max: 272393.1, Diff: 0.0]
   [Code Root Fixup: 0.0 ms]
   [Clear CT: 0.1 ms]
   [Other: 1.3 ms]
      [Choose CSet: 0.0 ms]
      [Ref Proc: 0.4 ms]
      [Ref Enq: 0.0 ms]
      [Free CSet: 0.2 ms]
   [Eden: 148.0M(148.0M)->0.0B(319.0M) Survivors: 31.0M->3072.0K Heap: 1324.0M(2048.0M)->1180.0M(2048.0M)]
 [Times: user=0.19 sys=0.00, real=0.05 secs] 
272.700: [GC pause (young), 0.1459149 secs]
   [Parallel Time: 144.5 ms, GC Workers: 4]
      [GC Worker Start (ms): Min: 272699.9, Avg: 272699.9, Max: 272699.9, Diff: 0.0]
      [Ext Root Scanning (ms): Min: 1.1, Avg: 1.2, Max: 1.3, Diff: 0.1, Sum: 4.9]
      [SATB Filtering (ms): Min: 0.0, Avg: 0.7, Max: 2.7, Diff: 2.7, Sum: 2.7]
      [Update RS (ms): Min: 18.4, Avg: 20.5, Max: 21.2, Diff: 2.8, Sum: 82.0]
         [Processed Buffers: Min: 214, Avg: 234.5, Max: 262, Diff: 48, Sum: 938]
      [Scan RS (ms): Min: 0.0, Avg: 0.1, Max: 0.1, Diff: 0.1, Sum: 0.3]
      [Object Copy (ms): Min: 121.9, Avg: 121.9, Max: 122.0, Diff: 0.1, Sum: 487.8]
      [Termination (ms): Min: 0.0, Avg: 0.0, Max: 0.0, Diff: 0.0, Sum: 0.0]
      [GC Worker Other (ms): Min: 0.0, Avg: 0.0, Max: 0.0, Diff: 0.0, Sum: 0.1]
      [GC Worker Total (ms): Min: 144.5, Avg: 144.5, Max: 144.5, Diff: 0.0, Sum: 577.8]
      [GC Worker End (ms): Min: 272844.4, Avg: 272844.4, Max: 272844.4, Diff: 0.0]
   [Code Root Fixup: 0.0 ms]
   [Clear CT: 0.1 ms]
   [Other: 1.3 ms]
      [Choose CSet: 0.0 ms]
      [Ref Proc: 0.0 ms]
      [Ref Enq: 0.0 ms]
      [Free CSet: 0.2 ms]
   [Eden: 319.0M(319.0M)->0.0B(208.0M) Survivors: 3072.0K->41.0M Heap: 1499.0M(2048.0M)->1337.0M(2048.0M)]
 [Times: user=0.56 sys=0.00, real=0.15 secs] 
272.933: [GC concurrent-mark-end, 0.6977506 secs]
272.937: [GC remark 272.937: [GC ref-proc, 0.0038339 secs], 0.0059522 secs]
 [Times: user=0.01 sys=0.00, real=0.01 secs] 
272.944: [GC cleanup 1410M->677M(2048M), 0.0020747 secs]
 [Times: user=0.00 sys=0.00, real=0.00 secs] 
272.947: [GC concurrent-cleanup-start]
272.947: [GC concurrent-cleanup-end, 0.0008656 secs]
273.081: [GC pause (young), 0.1599358 secs]
   [Parallel Time: 158.0 ms, GC Workers: 4]
      [GC Worker Start (ms): Min: 273081.1, Avg: 273081.1, Max: 273081.2, Diff: 0.0]
      [Ext Root Scanning (ms): Min: 1.2, Avg: 1.2, Max: 1.2, Diff: 0.0, Sum: 4.9]
      [Update RS (ms): Min: 21.3, Avg: 21.3, Max: 21.3, Diff: 0.0, Sum: 85.1]
         [Processed Buffers: Min: 184, Avg: 195.5, Max: 200, Diff: 16, Sum: 782]
      [Scan RS (ms): Min: 0.5, Avg: 0.5, Max: 0.6, Diff: 0.1, Sum: 2.2]
      [Object Copy (ms): Min: 134.8, Avg: 134.9, Max: 134.9, Diff: 0.1, Sum: 539.5]
      [Termination (ms): Min: 0.0, Avg: 0.0, Max: 0.0, Diff: 0.0, Sum: 0.0]
      [GC Worker Other (ms): Min: 0.0, Avg: 0.0, Max: 0.0, Diff: 0.0, Sum: 0.1]
      [GC Worker Total (ms): Min: 157.9, Avg: 157.9, Max: 157.9, Diff: 0.0, Sum: 631.7]
      [GC Worker End (ms): Min: 273239.1, Avg: 273239.1, Max: 273239.1, Diff: 0.0]
   [Code Root Fixup: 0.0 ms]
   [Clear CT: 0.1 ms]
   [Other: 1.8 ms]
      [Choose CSet: 0.0 ms]
      [Ref Proc: 0.0 ms]
      [Ref Enq: 0.0 ms]
      [Free CSet: 0.2 ms]
   [Eden: 208.0M(208.0M)->0.0B(70.0M) Survivors: 41.0M->32.0M Heap: 812.0M(2048.0M)->730.5M(2048.0M)]
 [Times: user=0.62 sys=0.00, real=0.16 secs] 
273.400: [GC pause (mixed), 0.0813646 secs]
   [Parallel Time: 79.3 ms, GC Workers: 4]
      [GC Worker Start (ms): Min: 273400.1, Avg: 273400.1, Max: 273400.1, Diff: 0.0]
      [Ext Root Scanning (ms): Min: 1.2, Avg: 1.3, Max: 1.3, Diff: 0.0, Sum: 5.0]
      [Update RS (ms): Min: 24.1, Avg: 24.1, Max: 24.2, Diff: 0.0, Sum: 96.6]
         [Processed Buffers: Min: 197, Avg: 219.3, Max: 232, Diff: 35, Sum: 877]
      [Scan RS (ms): Min: 0.3, Avg: 0.3, Max: 0.3, Diff: 0.1, Sum: 1.1]
      [Object Copy (ms): Min: 53.5, Avg: 53.5, Max: 53.6, Diff: 0.1, Sum: 214.1]
      [Termination (ms): Min: 0.0, Avg: 0.0, Max: 0.0, Diff: 0.0, Sum: 0.0]
      [GC Worker Other (ms): Min: 0.0, Avg: 0.0, Max: 0.0, Diff: 0.0, Sum: 0.1]
      [GC Worker Total (ms): Min: 79.2, Avg: 79.2, Max: 79.2, Diff: 0.0, Sum: 316.9]
      [GC Worker End (ms): Min: 273479.3, Avg: 273479.4, Max: 273479.4, Diff: 0.0]
   [Code Root Fixup: 0.0 ms]
   [Clear CT: 0.9 ms]
   [Other: 1.2 ms]
      [Choose CSet: 0.0 ms]
      [Ref Proc: 0.0 ms]
      [Ref Enq: 0.0 ms]
      [Free CSet: 0.2 ms]
   [Eden: 70.0M(70.0M)->0.0B(384.0M) Survivors: 32.0M->13.0M Heap: 800.5M(2048.0M)->757.5M(2048.0M)]
 [Times: user=0.30 sys=0.00, real=0.08 secs] 
273.860: [GC pause (young), 0.2450516 secs]
   [Parallel Time: 242.8 ms, GC Workers: 4]
      [GC Worker Start (ms): Min: 273859.9, Avg: 273859.9, Max: 273859.9, Diff: 0.0]
      [Ext Root Scanning (ms): Min: 1.3, Avg: 1.3, Max: 1.4, Diff: 0.1, Sum: 5.3]
      [Update RS (ms): Min: 13.9, Avg: 14.0, Max: 14.0, Diff: 0.1, Sum: 55.8]
         [Processed Buffers: Min: 82, Avg: 93.8, Max: 100, Diff: 18, Sum: 375]
      [Scan RS (ms): Min: 0.5, Avg: 0.6, Max: 0.6, Diff: 0.0, Sum: 2.2]
      [Object Copy (ms): Min: 226.9, Avg: 226.9, Max: 227.0, Diff: 0.1, Sum: 907.8]
      [Termination (ms): Min: 0.0, Avg: 0.0, Max: 0.0, Diff: 0.0, Sum: 0.0]
      [GC Worker Other (ms): Min: 0.0, Avg: 0.0, Max: 0.0, Diff: 0.0, Sum: 0.1]
      [GC Worker Total (ms): Min: 242.8, Avg: 242.8, Max: 242.8, Diff: 0.0, Sum: 971.2]
      [GC Worker End (ms): Min: 274102.6, Avg: 274102.7, Max: 274102.7, Diff: 0.0]
   [Code Root Fixup: 0.0 ms]
   [Clear CT: 0.2 ms]
   [Other: 2.0 ms]
      [Choose CSet: 0.0 ms]
      [Ref Proc: 0.0 ms]
      [Ref Enq: 0.0 ms]
      [Free CSet: 0.3 ms]
   [Eden: 384.0M(384.0M)->0.0B(199.0M) Survivors: 13.0M->50.0M Heap: 1141.5M(2048.0M)->1035.5M(2048.0M)]
 [Times: user=0.98 sys=0.00, real=0.25 secs] 
274.412: [GC pause (young) (initial-mark), 0.1381157 secs]
   [Parallel Time: 135.8 ms, GC Workers: 4]
      [GC Worker Start (ms): Min: 274412.5, Avg: 274412.5, Max: 274412.6, Diff: 0.0]
      [Ext Root Scanning (ms): Min: 1.5, Avg: 1.5, Max: 1.6, Diff: 0.1, Sum: 6.1]
      [Update RS (ms): Min: 20.1, Avg: 20.1, Max: 20.1, Diff: 0.1, Sum: 80.5]
         [Processed Buffers: Min: 223, Avg: 259.0, Max: 285, Diff: 62, Sum: 1036]
      [Scan RS (ms): Min: 21.8, Avg: 21.8, Max: 21.9, Diff: 0.1, Sum: 87.3]
      [Object Copy (ms): Min: 92.2, Avg: 92.3, Max: 92.3, Diff: 0.1, Sum: 369.1]
      [Termination (ms): Min: 0.0, Avg: 0.0, Max: 0.0, Diff: 0.0, Sum: 0.0]
      [GC Worker Other (ms): Min: 0.0, Avg: 0.0, Max: 0.0, Diff: 0.0, Sum: 0.1]
      [GC Worker Total (ms): Min: 135.7, Avg: 135.8, Max: 135.8, Diff: 0.0, Sum: 543.0]
      [GC Worker End (ms): Min: 274548.3, Avg: 274548.3, Max: 274548.3, Diff: 0.0]
   [Code Root Fixup: 0.0 ms]
   [Clear CT: 0.1 ms]
   [Other: 2.2 ms]
      [Choose CSet: 0.0 ms]
      [Ref Proc: 0.1 ms]
      [Ref Enq: 0.0 ms]
      [Free CSet: 0.2 ms]
   [Eden: 199.0M(199.0M)->0.0B(146.0M) Survivors: 50.0M->32.0M Heap: 1234.5M(2048.0M)->1093.0M(2048.0M)]
 [Times: user=0.53 sys=0.00, real=0.14 secs] 
274.550: [GC concurrent-root-region-scan-start]
274.615: [GC concurrent-root-region-scan-end, 0.0643967 secs]
274.615: [GC concurrent-mark-start]
274.671: [GC pause (young), 0.0574797 secs]
   [Parallel Time: 56.0 ms, GC Workers: 4]
      [GC Worker Start (ms): Min: 274671.1, Avg: 274671.1, Max: 274671.1, Diff: 0.0]
      [Ext Root Scanning (ms): Min: 1.3, Avg: 1.3, Max: 1.3, Diff: 0.0, Sum: 5.2]
      [SATB Filtering (ms): Min: 0.0, Avg: 0.0, Max: 0.1, Diff: 0.1, Sum: 0.1]
      [Update RS (ms): Min: 27.1, Avg: 27.1, Max: 27.2, Diff: 0.1, Sum: 108.5]
         [Processed Buffers: Min: 157, Avg: 163.5, Max: 168, Diff: 11, Sum: 654]
      [Scan RS (ms): Min: 0.1, Avg: 0.2, Max: 0.2, Diff: 0.1, Sum: 0.7]
      [Object Copy (ms): Min: 27.3, Avg: 27.4, Max: 27.4, Diff: 0.0, Sum: 109.4]
      [Termination (ms): Min: 0.0, Avg: 0.0, Max: 0.0, Diff: 0.0, Sum: 0.0]
      [GC Worker Other (ms): Min: 0.0, Avg: 0.0, Max: 0.0, Diff: 0.0, Sum: 0.1]
      [GC Worker Total (ms): Min: 56.0, Avg: 56.0, Max: 56.0, Diff: 0.0, Sum: 224.0]
      [GC Worker End (ms): Min: 274727.1, Avg: 274727.1, Max: 274727.1, Diff: 0.0]
   [Code Root Fixup: 0.0 ms]
   [Clear CT: 0.3 ms]
   [Other: 1.1 ms]
      [Choose CSet: 0.0 ms]
      [Ref Proc: 0.5 ms]
      [Ref Enq: 0.0 ms]
      [Free CSet: 0.2 ms]
   [Eden: 146.0M(146.0M)->0.0B(296.0M) Survivors: 32.0M->2048.0K Heap: 1239.0M(2048.0M)->1096.0M(2048.0M)]
 [Times: user=0.23 sys=0.00, real=0.06 secs] 
274.983: [GC pause (young), 0.1117333 secs]
   [Parallel Time: 110.4 ms, GC Workers: 4]
      [GC Worker Start (ms): Min: 274983.0, Avg: 274983.1, Max: 274983.1, Diff: 0.0]
      [Ext Root Scanning (ms): Min: 1.2, Avg: 1.2, Max: 1.2, Diff: 0.0, Sum: 4.9]
      [SATB Filtering (ms): Min: 0.0, Avg: 0.7, Max: 2.7, Diff: 2.7, Sum: 2.7]
      [Update RS (ms): Min: 10.5, Avg: 12.5, Max: 13.2, Diff: 2.7, Sum: 50.0]
         [Processed Buffers: Min: 77, Avg: 183.3, Max: 261, Diff: 184, Sum: 733]
      [Scan RS (ms): Min: 0.0, Avg: 0.1, Max: 0.1, Diff: 0.1, Sum: 0.3]
      [Object Copy (ms): Min: 95.9, Avg: 95.9, Max: 95.9, Diff: 0.1, Sum: 383.7]
      [Termination (ms): Min: 0.0, Avg: 0.0, Max: 0.0, Diff: 0.0, Sum: 0.0]
      [GC Worker Other (ms): Min: 0.0, Avg: 0.0, Max: 0.0, Diff: 0.0, Sum: 0.1]
      [GC Worker Total (ms): Min: 110.4, Avg: 110.4, Max: 110.4, Diff: 0.0, Sum: 441.7]
      [GC Worker End (ms): Min: 275093.5, Avg: 275093.5, Max: 275093.5, Diff: 0.0]
   [Code Root Fixup: 0.0 ms]
   [Clear CT: 0.1 ms]
   [Other: 1.2 ms]
      [Choose CSet: 0.0 ms]
      [Ref Proc: 0.0 ms]
      [Ref Enq: 0.0 ms]
      [Free CSet: 0.3 ms]
   [Eden: 296.0M(296.0M)->0.0B(244.0M) Survivors: 2048.0K->38.0M Heap: 1392.0M(2048.0M)->1212.0M(2048.0M)]
 [Times: user=0.45 sys=0.00, real=0.11 secs] 
275.260: [GC concurrent-mark-end, 0.6453213 secs]
275.260: [GC remark 275.262: [GC ref-proc, 0.0018316 secs], 0.0043060 secs]
 [Times: user=0.00 sys=0.00, real=0.01 secs] 
275.265: [GC cleanup 1410M->729M(2048M), 0.0012175 secs]
 [Times: user=0.00 sys=0.00, real=0.00 secs] 
275.266: [GC concurrent-cleanup-start]
275.267: [GC concurrent-cleanup-end, 0.0007925 secs]
275.327: [GC pause (young), 0.1459383 secs]
   [Parallel Time: 143.7 ms, GC Workers: 4]
      [GC Worker Start (ms): Min: 275327.6, Avg: 275333.5, Max: 275349.2, Diff: 21.6]
      [Ext Root Scanning (ms): Min: 0.1, Avg: 1.2, Max: 2.3, Diff: 2.2, Sum: 4.8]
      [Update RS (ms): Min: 4.3, Avg: 16.4, Max: 22.7, Diff: 18.4, Sum: 65.7]
         [Processed Buffers: Min: 5, Avg: 160.0, Max: 282, Diff: 277, Sum: 640]
      [Scan RS (ms): Min: 0.0, Avg: 1.8, Max: 3.4, Diff: 3.4, Sum: 7.2]
      [Object Copy (ms): Min: 117.6, Avg: 118.3, Max: 118.6, Diff: 1.0, Sum: 473.2]
      [Termination (ms): Min: 0.0, Avg: 0.0, Max: 0.0, Diff: 0.0, Sum: 0.0]
      [GC Worker Other (ms): Min: 0.0, Avg: 0.0, Max: 0.0, Diff: 0.0, Sum: 0.1]
      [GC Worker Total (ms): Min: 122.0, Avg: 137.7, Max: 143.7, Diff: 21.6, Sum: 551.0]
      [GC Worker End (ms): Min: 275471.3, Avg: 275471.3, Max: 275471.3, Diff: 0.0]
   [Code Root Fixup: 0.0 ms]
   [Clear CT: 0.2 ms]
   [Other: 2.0 ms]
      [Choose CSet: 0.0 ms]
      [Ref Proc: 0.1 ms]
      [Ref Enq: 0.0 ms]
      [Free CSet: 0.4 ms]
   [Eden: 244.0M(244.0M)->0.0B(266.0M) Survivors: 38.0M->36.0M Heap: 775.0M(2048.0M)->637.0M(2048.0M)]
 [Times: user=0.58 sys=0.00, real=0.15 secs] 
275.774: [GC pause (young), 0.1765818 secs]
   [Parallel Time: 174.3 ms, GC Workers: 4]
      [GC Worker Start (ms): Min: 275774.3, Avg: 275774.3, Max: 275774.4, Diff: 0.2]
      [Ext Root Scanning (ms): Min: 1.4, Avg: 1.6, Max: 1.7, Diff: 0.3, Sum: 6.3]
      [Update RS (ms): Min: 16.9, Avg: 17.1, Max: 17.1, Diff: 0.2, Sum: 68.3]
         [Processed Buffers: Min: 188, Avg: 204.5, Max: 226, Diff: 38, Sum: 818]
      [Scan RS (ms): Min: 5.6, Avg: 5.6, Max: 5.6, Diff: 0.1, Sum: 22.4]
      [Object Copy (ms): Min: 149.9, Avg: 150.0, Max: 150.1, Diff: 0.1, Sum: 600.1]
      [Termination (ms): Min: 0.0, Avg: 0.0, Max: 0.0, Diff: 0.0, Sum: 0.0]
      [GC Worker Other (ms): Min: 0.0, Avg: 0.0, Max: 0.0, Diff: 0.0, Sum: 0.1]
      [GC Worker Total (ms): Min: 174.2, Avg: 174.3, Max: 174.3, Diff: 0.2, Sum: 697.1]
      [GC Worker End (ms): Min: 275948.6, Avg: 275948.6, Max: 275948.6, Diff: 0.0]
   [Code Root Fixup: 0.0 ms]
   [Clear CT: 0.1 ms]
   [Other: 2.1 ms]
      [Choose CSet: 0.0 ms]
      [Ref Proc: 0.0 ms]
      [Ref Enq: 0.0 ms]
      [Free CSet: 0.3 ms]
   [Eden: 266.0M(266.0M)->0.0B(227.0M) Survivors: 36.0M->38.0M Heap: 903.0M(2048.0M)->777.0M(2048.0M)]
 [Times: user=0.62 sys=0.00, real=0.18 secs] 
276.195: [GC pause (young), 0.1314925 secs]
   [Parallel Time: 129.6 ms, GC Workers: 4]
      [GC Worker Start (ms): Min: 276195.3, Avg: 276195.4, Max: 276195.4, Diff: 0.0]
      [Ext Root Scanning (ms): Min: 1.2, Avg: 1.2, Max: 1.2, Diff: 0.0, Sum: 4.9]
      [Update RS (ms): Min: 18.0, Avg: 18.3, Max: 18.9, Diff: 0.8, Sum: 73.0]
         [Processed Buffers: Min: 134, Avg: 175.0, Max: 196, Diff: 62, Sum: 700]
      [Scan RS (ms): Min: 0.4, Avg: 1.0, Max: 1.2, Diff: 0.7, Sum: 3.9]
      [Object Copy (ms): Min: 107.5, Avg: 107.8, Max: 108.6, Diff: 1.1, Sum: 431.3]
      [Termination (ms): Min: 0.0, Avg: 0.9, Max: 1.2, Diff: 1.2, Sum: 3.4]
      [GC Worker Other (ms): Min: 0.0, Avg: 0.0, Max: 0.1, Diff: 0.0, Sum: 0.1]
      [GC Worker Total (ms): Min: 129.1, Avg: 129.1, Max: 129.2, Diff: 0.0, Sum: 516.6]
      [GC Worker End (ms): Min: 276324.5, Avg: 276324.5, Max: 276324.5, Diff: 0.0]
   [Code Root Fixup: 0.0 ms]
   [Clear CT: 0.1 ms]
   [Other: 1.7 ms]
      [Choose CSet: 0.0 ms]
      [Ref Proc: 0.2 ms]
      [Ref Enq: 0.0 ms]
      [Free CSet: 0.2 ms]
   [Eden: 227.0M(227.0M)->0.0B(291.0M) Survivors: 38.0M->34.0M Heap: 1004.0M(2048.0M)->869.5M(2048.0M)]
 [Times: user=0.47 sys=0.00, real=0.13 secs] 
276.611: [GC pause (young), 0.1380419 secs]
   [Parallel Time: 135.4 ms, GC Workers: 4]
      [GC Worker Start (ms): Min: 276611.4, Avg: 276611.4, Max: 276611.4, Diff: 0.0]
      [Ext Root Scanning (ms): Min: 1.2, Avg: 1.3, Max: 1.3, Diff: 0.0, Sum: 5.0]
      [Update RS (ms): Min: 18.1, Avg: 18.1, Max: 18.2, Diff: 0.1, Sum: 72.6]
         [Processed Buffers: Min: 162, Avg: 174.0, Max: 181, Diff: 19, Sum: 696]
      [Scan RS (ms): Min: 0.9, Avg: 1.0, Max: 1.0, Diff: 0.1, Sum: 3.8]
      [Object Copy (ms): Min: 115.0, Avg: 115.0, Max: 115.0, Diff: 0.0, Sum: 460.0]
      [Termination (ms): Min: 0.0, Avg: 0.0, Max: 0.0, Diff: 0.0, Sum: 0.0]
      [GC Worker Other (ms): Min: 0.0, Avg: 0.0, Max: 0.0, Diff: 0.0, Sum: 0.1]
      [GC Worker Total (ms): Min: 135.4, Avg: 135.4, Max: 135.4, Diff: 0.0, Sum: 541.5]
      [GC Worker End (ms): Min: 276746.7, Avg: 276746.7, Max: 276746.7, Diff: 0.0]
   [Code Root Fixup: 0.0 ms]
   [Clear CT: 0.2 ms]
   [Other: 2.5 ms]
      [Choose CSet: 0.0 ms]
      [Ref Proc: 1.1 ms]
      [Ref Enq: 0.0 ms]
      [Free CSet: 0.3 ms]
   [Eden: 291.0M(291.0M)->0.0B(306.0M) Survivors: 34.0M->41.0M Heap: 1160.5M(2048.0M)->977.0M(2048.0M)]
 [Times: user=0.48 sys=0.00, real=0.14 secs] 
277.036: [GC pause (young) (initial-mark), 0.1949494 secs]
   [Parallel Time: 191.0 ms, GC Workers: 4]
      [GC Worker Start (ms): Min: 277036.5, Avg: 277036.5, Max: 277036.6, Diff: 0.0]
      [Ext Root Scanning (ms): Min: 1.2, Avg: 1.2, Max: 1.3, Diff: 0.1, Sum: 4.8]
      [Update RS (ms): Min: 20.5, Avg: 20.5, Max: 20.5, Diff: 0.1, Sum: 82.0]
         [Processed Buffers: Min: 135, Avg: 163.0, Max: 178, Diff: 43, Sum: 652]
      [Scan RS (ms): Min: 0.2, Avg: 0.2, Max: 0.2, Diff: 0.0, Sum: 0.9]
      [Object Copy (ms): Min: 168.7, Avg: 168.7, Max: 168.8, Diff: 0.0, Sum: 674.9]
      [Termination (ms): Min: 0.0, Avg: 0.0, Max: 0.0, Diff: 0.0, Sum: 0.0]
      [GC Worker Other (ms): Min: 0.0, Avg: 0.1, Max: 0.3, Diff: 0.3, Sum: 0.3]
      [GC Worker Total (ms): Min: 190.7, Avg: 190.8, Max: 191.0, Diff: 0.3, Sum: 763.1]
      [GC Worker End (ms): Min: 277227.2, Avg: 277227.3, Max: 277227.5, Diff: 0.3]
   [Code Root Fixup: 0.0 ms]
   [Clear CT: 0.2 ms]
   [Other: 3.7 ms]
      [Choose CSet: 0.0 ms]
      [Ref Proc: 1.7 ms]
      [Ref Enq: 0.0 ms]
      [Free CSet: 0.3 ms]
   [Eden: 306.0M(306.0M)->0.0B(239.0M) Survivors: 41.0M->44.0M Heap: 1283.0M(2048.0M)->1142.5M(2048.0M)]
 [Times: user=0.73 sys=0.00, real=0.20 secs] 
277.233: [GC concurrent-root-region-scan-start]
277.333: [GC concurrent-root-region-scan-end, 0.0999962 secs]
277.333: [GC concurrent-mark-start]
277.522: [GC pause (young), 0.0913326 secs]
   [Parallel Time: 89.8 ms, GC Workers: 4]
      [GC Worker Start (ms): Min: 277522.6, Avg: 277522.6, Max: 277522.6, Diff: 0.0]
      [Ext Root Scanning (ms): Min: 1.2, Avg: 1.2, Max: 1.2, Diff: 0.0, Sum: 4.9]
      [SATB Filtering (ms): Min: 0.0, Avg: 0.4, Max: 1.7, Diff: 1.7, Sum: 1.7]
      [Update RS (ms): Min: 21.2, Avg: 22.5, Max: 23.0, Diff: 1.7, Sum: 90.1]
         [Processed Buffers: Min: 190, Avg: 210.3, Max: 242, Diff: 52, Sum: 841]
      [Scan RS (ms): Min: 0.6, Avg: 0.6, Max: 0.6, Diff: 0.1, Sum: 2.3]
      [Object Copy (ms): Min: 65.0, Avg: 65.0, Max: 65.0, Diff: 0.1, Sum: 260.0]
      [Termination (ms): Min: 0.0, Avg: 0.0, Max: 0.0, Diff: 0.0, Sum: 0.0]
      [GC Worker Other (ms): Min: 0.0, Avg: 0.0, Max: 0.0, Diff: 0.0, Sum: 0.1]
      [GC Worker Total (ms): Min: 89.8, Avg: 89.8, Max: 89.8, Diff: 0.0, Sum: 359.1]
      [GC Worker End (ms): Min: 277612.3, Avg: 277612.3, Max: 277612.3, Diff: 0.0]
   [Code Root Fixup: 0.0 ms]
   [Clear CT: 0.1 ms]
   [Other: 1.4 ms]
      [Choose CSet: 0.0 ms]
      [Ref Proc: 0.1 ms]
      [Ref Enq: 0.0 ms]
      [Free CSet: 0.3 ms]
   [Eden: 239.0M(239.0M)->0.0B(392.0M) Survivors: 44.0M->34.0M Heap: 1381.5M(2048.0M)->1177.0M(2048.0M)]
 [Times: user=0.36 sys=0.00, real=0.09 secs] 
277.960: [GC pause (young), 0.1479582 secs]
   [Parallel Time: 146.7 ms, GC Workers: 4]
      [GC Worker Start (ms): Min: 277960.1, Avg: 277960.1, Max: 277960.2, Diff: 0.0]
      [Ext Root Scanning (ms): Min: 1.2, Avg: 1.2, Max: 1.2, Diff: 0.0, Sum: 4.9]
      [SATB Filtering (ms): Min: 0.0, Avg: 0.7, Max: 2.7, Diff: 2.7, Sum: 2.7]
      [Update RS (ms): Min: 11.7, Avg: 13.7, Max: 14.5, Diff: 2.8, Sum: 54.9]
         [Processed Buffers: Min: 98, Avg: 111.8, Max: 126, Diff: 28, Sum: 447]
      [Scan RS (ms): Min: 0.2, Avg: 0.3, Max: 0.4, Diff: 0.1, Sum: 1.3]
      [Object Copy (ms): Min: 118.3, Avg: 121.3, Max: 130.2, Diff: 11.8, Sum: 485.2]
      [Termination (ms): Min: 0.0, Avg: 9.0, Max: 12.4, Diff: 12.4, Sum: 36.0]
      [GC Worker Other (ms): Min: 0.0, Avg: 0.0, Max: 0.0, Diff: 0.0, Sum: 0.0]
      [GC Worker Total (ms): Min: 146.1, Avg: 146.3, Max: 146.7, Diff: 0.6, Sum: 585.1]
      [GC Worker End (ms): Min: 278106.3, Avg: 278106.4, Max: 278106.8, Diff: 0.6]
   [Code Root Fixup: 0.0 ms]
   [Clear CT: 0.1 ms]
   [Other: 1.1 ms]
      [Choose CSet: 0.0 ms]
      [Ref Proc: 0.0 ms]
      [Ref Enq: 0.0 ms]
      [Free CSet: 0.3 ms]
   [Eden: 392.0M(392.0M)->0.0B(322.0M) Survivors: 34.0M->54.0M Heap: 1569.0M(2048.0M)->1290.0M(2048.0M)]
 [Times: user=0.53 sys=0.00, real=0.15 secs] 
278.169: [GC concurrent-mark-end, 0.8352874 secs]
278.169: [GC remark 278.169: [GC ref-proc, 0.0017633 secs], 0.0035552 secs]
 [Times: user=0.00 sys=0.00, real=0.00 secs] 
278.173: [GC cleanup 1354M->818M(2048M), 0.0034298 secs]
 [Times: user=0.00 sys=0.00, real=0.00 secs] 
278.176: [GC concurrent-cleanup-start]
278.177: [GC concurrent-cleanup-end, 0.0007604 secs]
278.433: [GC pause (young), 0.2197340 secs]
   [Parallel Time: 217.3 ms, GC Workers: 4]
      [GC Worker Start (ms): Min: 278433.6, Avg: 278433.6, Max: 278433.6, Diff: 0.0]
      [Ext Root Scanning (ms): Min: 1.6, Avg: 2.2, Max: 3.9, Diff: 2.3, Sum: 8.7]
      [Update RS (ms): Min: 21.8, Avg: 24.6, Max: 28.9, Diff: 7.1, Sum: 98.4]
         [Processed Buffers: Min: 128, Avg: 151.3, Max: 164, Diff: 36, Sum: 605]
      [Scan RS (ms): Min: 0.0, Avg: 0.3, Max: 0.5, Diff: 0.4, Sum: 1.4]
      [Object Copy (ms): Min: 186.7, Avg: 190.1, Max: 191.3, Diff: 4.6, Sum: 760.3]
      [Termination (ms): Min: 0.0, Avg: 0.0, Max: 0.0, Diff: 0.0, Sum: 0.0]
      [GC Worker Other (ms): Min: 0.0, Avg: 0.0, Max: 0.0, Diff: 0.0, Sum: 0.1]
      [GC Worker Total (ms): Min: 217.2, Avg: 217.2, Max: 217.2, Diff: 0.0, Sum: 868.9]
      [GC Worker End (ms): Min: 278650.8, Avg: 278650.8, Max: 278650.8, Diff: 0.0]
   [Code Root Fixup: 0.0 ms]
   [Clear CT: 0.1 ms]
   [Other: 2.3 ms]
      [Choose CSet: 0.0 ms]
      [Ref Proc: 0.0 ms]
      [Ref Enq: 0.0 ms]
      [Free CSet: 0.4 ms]
   [Eden: 322.0M(322.0M)->0.0B(55.0M) Survivors: 54.0M->47.0M Heap: 1076.0M(2048.0M)->940.0M(2048.0M)]
 [Times: user=0.84 sys=0.00, real=0.22 secs] 
278.794: [GC pause (mixed), 0.0822062 secs]
   [Parallel Time: 80.2 ms, GC Workers: 4]
      [GC Worker Start (ms): Min: 278794.5, Avg: 278794.6, Max: 278795.0, Diff: 0.5]
      [Ext Root Scanning (ms): Min: 1.0, Avg: 1.4, Max: 1.5, Diff: 0.5, Sum: 5.4]
      [Update RS (ms): Min: 23.2, Avg: 23.3, Max: 23.3, Diff: 0.0, Sum: 93.0]
         [Processed Buffers: Min: 124, Avg: 126.8, Max: 128, Diff: 4, Sum: 507]
      [Scan RS (ms): Min: 5.0, Avg: 5.0, Max: 5.1, Diff: 0.1, Sum: 20.1]
      [Object Copy (ms): Min: 50.3, Avg: 50.3, Max: 50.4, Diff: 0.1, Sum: 201.3]
      [Termination (ms): Min: 0.0, Avg: 0.0, Max: 0.0, Diff: 0.0, Sum: 0.0]
      [GC Worker Other (ms): Min: 0.0, Avg: 0.0, Max: 0.0, Diff: 0.0, Sum: 0.1]
      [GC Worker Total (ms): Min: 79.6, Avg: 80.0, Max: 80.2, Diff: 0.5, Sum: 319.9]
      [GC Worker End (ms): Min: 278874.6, Avg: 278874.6, Max: 278874.6, Diff: 0.0]
   [Code Root Fixup: 0.0 ms]
   [Clear CT: 0.3 ms]
   [Other: 1.7 ms]
      [Choose CSet: 0.1 ms]
      [Ref Proc: 0.0 ms]
      [Ref Enq: 0.0 ms]
      [Free CSet: 0.6 ms]
   [Eden: 55.0M(55.0M)->0.0B(389.0M) Survivors: 47.0M->3072.0K Heap: 995.0M(2048.0M)->829.5M(2048.0M)]
 [Times: user=0.31 sys=0.00, real=0.08 secs] 
279.265: [GC pause (young), 0.2241731 secs]
   [Parallel Time: 222.0 ms, GC Workers: 4]
      [GC Worker Start (ms): Min: 279265.8, Avg: 279265.8, Max: 279265.8, Diff: 0.0]
      [Ext Root Scanning (ms): Min: 1.2, Avg: 1.3, Max: 1.3, Diff: 0.1, Sum: 5.0]
      [Update RS (ms): Min: 15.4, Avg: 15.5, Max: 15.5, Diff: 0.1, Sum: 61.9]
         [Processed Buffers: Min: 129, Avg: 285.3, Max: 423, Diff: 294, Sum: 1141]
      [Scan RS (ms): Min: 0.1, Avg: 0.1, Max: 0.1, Diff: 0.0, Sum: 0.4]
      [Object Copy (ms): Min: 205.1, Avg: 205.1, Max: 205.1, Diff: 0.0, Sum: 820.5]
      [Termination (ms): Min: 0.0, Avg: 0.0, Max: 0.0, Diff: 0.0, Sum: 0.0]
      [GC Worker Other (ms): Min: 0.0, Avg: 0.0, Max: 0.0, Diff: 0.0, Sum: 0.1]
      [GC Worker Total (ms): Min: 222.0, Avg: 222.0, Max: 222.0, Diff: 0.0, Sum: 887.8]
      [GC Worker End (ms): Min: 279487.7, Avg: 279487.7, Max: 279487.7, Diff: 0.0]
   [Code Root Fixup: 0.0 ms]
   [Clear CT: 0.2 ms]
   [Other: 2.0 ms]
      [Choose CSet: 0.0 ms]
      [Ref Proc: 0.0 ms]
      [Ref Enq: 0.0 ms]
      [Free CSet: 0.3 ms]
   [Eden: 389.0M(389.0M)->0.0B(144.0M) Survivors: 3072.0K->49.0M Heap: 1218.5M(2048.0M)->1070.5M(2048.0M)]
 [Times: user=0.69 sys=0.00, real=0.22 secs] 
279.646: [GC pause (young) (initial-mark), 0.0893692 secs]
   [Parallel Time: 86.6 ms, GC Workers: 4]
      [GC Worker Start (ms): Min: 279646.8, Avg: 279646.8, Max: 279646.8, Diff: 0.0]
      [Ext Root Scanning (ms): Min: 1.2, Avg: 1.2, Max: 1.3, Diff: 0.1, Sum: 4.9]
      [Update RS (ms): Min: 21.8, Avg: 21.9, Max: 21.9, Diff: 0.1, Sum: 87.4]
         [Processed Buffers: Min: 112, Avg: 118.8, Max: 125, Diff: 13, Sum: 475]
      [Scan RS (ms): Min: 12.4, Avg: 12.6, Max: 13.0, Diff: 0.6, Sum: 50.3]
      [Object Copy (ms): Min: 50.5, Avg: 50.9, Max: 51.1, Diff: 0.6, Sum: 203.5]
      [Termination (ms): Min: 0.0, Avg: 0.0, Max: 0.0, Diff: 0.0, Sum: 0.0]
      [GC Worker Other (ms): Min: 0.0, Avg: 0.0, Max: 0.0, Diff: 0.0, Sum: 0.1]
      [GC Worker Total (ms): Min: 86.6, Avg: 86.6, Max: 86.6, Diff: 0.0, Sum: 346.3]
      [GC Worker End (ms): Min: 279733.3, Avg: 279733.3, Max: 279733.3, Diff: 0.0]
   [Code Root Fixup: 0.0 ms]
   [Clear CT: 0.9 ms]
   [Other: 1.8 ms]
      [Choose CSet: 0.0 ms]
      [Ref Proc: 0.3 ms]
      [Ref Enq: 0.0 ms]
      [Free CSet: 0.2 ms]
   [Eden: 53.0M(53.0M)->0.0B(121.0M) Survivors: 49.0M->7168.0K Heap: 1123.5M(2048.0M)->1078.5M(2048.0M)]
 [Times: user=0.36 sys=0.00, real=0.09 secs] 
279.736: [GC concurrent-root-region-scan-start]
279.768: [GC concurrent-root-region-scan-end, 0.0318250 secs]
279.768: [GC concurrent-mark-start]
279.895: [GC pause (young), 0.0227721 secs]
   [Parallel Time: 21.5 ms, GC Workers: 4]
      [GC Worker Start (ms): Min: 279894.9, Avg: 279894.9, Max: 279894.9, Diff: 0.0]
      [Ext Root Scanning (ms): Min: 1.2, Avg: 1.2, Max: 1.3, Diff: 0.0, Sum: 5.0]
      [SATB Filtering (ms): Min: 0.0, Avg: 0.0, Max: 0.1, Diff: 0.1, Sum: 0.1]
      [Update RS (ms): Min: 12.9, Avg: 13.0, Max: 13.0, Diff: 0.1, Sum: 51.9]
         [Processed Buffers: Min: 78, Avg: 84.3, Max: 89, Diff: 11, Sum: 337]
      [Scan RS (ms): Min: 0.0, Avg: 0.0, Max: 0.1, Diff: 0.1, Sum: 0.1]
      [Object Copy (ms): Min: 6.7, Avg: 6.7, Max: 6.7, Diff: 0.0, Sum: 26.9]
      [Termination (ms): Min: 0.0, Avg: 0.0, Max: 0.0, Diff: 0.0, Sum: 0.0]
      [GC Worker Other (ms): Min: 0.0, Avg: 0.0, Max: 0.0, Diff: 0.0, Sum: 0.1]
      [GC Worker Total (ms): Min: 21.0, Avg: 21.0, Max: 21.0, Diff: 0.0, Sum: 84.0]
      [GC Worker End (ms): Min: 279915.9, Avg: 279915.9, Max: 279915.9, Diff: 0.0]
   [Code Root Fixup: 0.0 ms]
   [Clear CT: 0.1 ms]
   [Other: 1.3 ms]
      [Choose CSet: 0.0 ms]
      [Ref Proc: 0.9 ms]
      [Ref Enq: 0.0 ms]
      [Free CSet: 0.1 ms]
   [Eden: 121.0M(121.0M)->0.0B(165.0M) Survivors: 7168.0K->10.0M Heap: 1199.5M(2048.0M)->1081.0M(2048.0M)]
 [Times: user=0.13 sys=0.00, real=0.02 secs] 
280.059: [GC pause (young), 0.0830080 secs]
   [Parallel Time: 81.5 ms, GC Workers: 4]
      [GC Worker Start (ms): Min: 280059.9, Avg: 280059.9, Max: 280059.9, Diff: 0.0]
      [Ext Root Scanning (ms): Min: 1.3, Avg: 1.3, Max: 1.3, Diff: 0.0, Sum: 5.1]
      [SATB Filtering (ms): Min: 0.0, Avg: 0.8, Max: 3.1, Diff: 3.1, Sum: 3.1]
      [Update RS (ms): Min: 0.0, Avg: 0.5, Max: 0.7, Diff: 0.7, Sum: 2.2]
         [Processed Buffers: Min: 0, Avg: 240.5, Max: 339, Diff: 339, Sum: 962]
      [Scan RS (ms): Min: 0.0, Avg: 0.0, Max: 0.1, Diff: 0.0, Sum: 0.2]
      [Object Copy (ms): Min: 77.1, Avg: 78.9, Max: 79.4, Diff: 2.3, Sum: 315.4]
      [Termination (ms): Min: 0.0, Avg: 0.0, Max: 0.0, Diff: 0.0, Sum: 0.0]
      [GC Worker Other (ms): Min: 0.0, Avg: 0.0, Max: 0.0, Diff: 0.0, Sum: 0.1]
      [GC Worker Total (ms): Min: 81.5, Avg: 81.5, Max: 81.5, Diff: 0.0, Sum: 326.1]
      [GC Worker End (ms): Min: 280141.4, Avg: 280141.4, Max: 280141.4, Diff: 0.0]
   [Code Root Fixup: 0.0 ms]
   [Clear CT: 0.1 ms]
   [Other: 1.3 ms]
      [Choose CSet: 0.0 ms]
      [Ref Proc: 0.1 ms]
      [Ref Enq: 0.0 ms]
      [Free CSet: 0.2 ms]
   [Eden: 165.0M(165.0M)->0.0B(183.0M) Survivors: 10.0M->22.0M Heap: 1246.0M(2048.0M)->1165.0M(2048.0M)]
 [Times: user=0.27 sys=0.00, real=0.08 secs] 
280.281: [GC concurrent-mark-end, 0.5130652 secs]
280.281: [GC remark 280.282: [GC ref-proc, 0.0017306 secs], 0.0036527 secs]
 [Times: user=0.00 sys=0.00, real=0.00 secs] 
280.285: [GC cleanup 1336M->631M(2048M), 0.0012726 secs]
 [Times: user=0.00 sys=0.00, real=0.00 secs] 
280.287: [GC concurrent-cleanup-start]
280.288: [GC concurrent-cleanup-end, 0.0009099 secs]
280.297: [GC pause (young), 0.0591994 secs]
   [Parallel Time: 57.8 ms, GC Workers: 4]
      [GC Worker Start (ms): Min: 280297.2, Avg: 280297.2, Max: 280297.2, Diff: 0.0]
      [Ext Root Scanning (ms): Min: 0.2, Avg: 1.2, Max: 1.6, Diff: 1.4, Sum: 4.9]
      [Update RS (ms): Min: 10.6, Avg: 18.0, Max: 21.3, Diff: 10.8, Sum: 72.0]
         [Processed Buffers: Min: 97, Avg: 133.0, Max: 177, Diff: 80, Sum: 532]
      [Scan RS (ms): Min: 1.2, Avg: 2.1, Max: 2.5, Diff: 1.3, Sum: 8.5]
      [Object Copy (ms): Min: 33.5, Avg: 36.2, Max: 44.3, Diff: 10.9, Sum: 144.9]
      [Termination (ms): Min: 0.0, Avg: 0.0, Max: 0.0, Diff: 0.0, Sum: 0.0]
      [GC Worker Other (ms): Min: 0.0, Avg: 0.0, Max: 0.0, Diff: 0.0, Sum: 0.1]
      [GC Worker Total (ms): Min: 57.6, Avg: 57.6, Max: 57.6, Diff: 0.0, Sum: 230.4]
      [GC Worker End (ms): Min: 280354.8, Avg: 280354.8, Max: 280354.8, Diff: 0.0]
   [Code Root Fixup: 0.0 ms]
   [Clear CT: 0.3 ms]
   [Other: 1.1 ms]
      [Choose CSet: 0.0 ms]
      [Ref Proc: 0.4 ms]
      [Ref Enq: 0.0 ms]
      [Free CSet: 0.2 ms]
   [Eden: 183.0M(183.0M)->0.0B(274.0M) Survivors: 22.0M->22.0M Heap: 643.0M(2048.0M)->482.0M(2048.0M)]
 [Times: user=0.20 sys=0.02, real=0.06 secs] 
280.636: [GC pause (young), 0.1811720 secs]
   [Parallel Time: 179.4 ms, GC Workers: 4]
      [GC Worker Start (ms): Min: 280635.8, Avg: 280635.8, Max: 280635.8, Diff: 0.0]
      [Ext Root Scanning (ms): Min: 1.2, Avg: 1.2, Max: 1.2, Diff: 0.0, Sum: 4.9]
      [Update RS (ms): Min: 15.3, Avg: 15.4, Max: 15.4, Diff: 0.0, Sum: 61.4]
         [Processed Buffers: Min: 150, Avg: 174.3, Max: 209, Diff: 59, Sum: 697]
      [Scan RS (ms): Min: 0.1, Avg: 0.1, Max: 0.1, Diff: 0.0, Sum: 0.3]
      [Object Copy (ms): Min: 162.7, Avg: 162.7, Max: 162.7, Diff: 0.0, Sum: 650.9]
      [Termination (ms): Min: 0.0, Avg: 0.0, Max: 0.0, Diff: 0.0, Sum: 0.0]
      [GC Worker Other (ms): Min: 0.0, Avg: 0.0, Max: 0.0, Diff: 0.0, Sum: 0.1]
      [GC Worker Total (ms): Min: 179.4, Avg: 179.4, Max: 179.4, Diff: 0.0, Sum: 717.6]
      [GC Worker End (ms): Min: 280815.2, Avg: 280815.2, Max: 280815.2, Diff: 0.0]
   [Code Root Fixup: 0.0 ms]
   [Clear CT: 0.1 ms]
   [Other: 1.6 ms]
      [Choose CSet: 0.0 ms]
      [Ref Proc: 0.0 ms]
      [Ref Enq: 0.0 ms]
      [Free CSet: 0.2 ms]
   [Eden: 274.0M(274.0M)->0.0B(226.0M) Survivors: 22.0M->37.0M Heap: 756.0M(2048.0M)->660.5M(2048.0M)]
 [Times: user=0.66 sys=0.00, real=0.18 secs] 
281.037: [GC pause (young), 0.1332734 secs]
   [Parallel Time: 131.3 ms, GC Workers: 4]
      [GC Worker Start (ms): Min: 281037.9, Avg: 281037.9, Max: 281037.9, Diff: 0.0]
      [Ext Root Scanning (ms): Min: 1.2, Avg: 1.2, Max: 1.2, Diff: 0.0, Sum: 4.9]
      [Update RS (ms): Min: 21.6, Avg: 21.6, Max: 21.7, Diff: 0.1, Sum: 86.6]
         [Processed Buffers: Min: 187, Avg: 197.3, Max: 222, Diff: 35, Sum: 789]
      [Scan RS (ms): Min: 4.0, Avg: 4.0, Max: 4.1, Diff: 0.1, Sum: 16.0]
      [Object Copy (ms): Min: 104.4, Avg: 104.4, Max: 104.4, Diff: 0.0, Sum: 417.6]
      [Termination (ms): Min: 0.0, Avg: 0.0, Max: 0.0, Diff: 0.0, Sum: 0.0]
      [GC Worker Other (ms): Min: 0.0, Avg: 0.0, Max: 0.0, Diff: 0.0, Sum: 0.1]
      [GC Worker Total (ms): Min: 131.3, Avg: 131.3, Max: 131.3, Diff: 0.0, Sum: 525.2]
      [GC Worker End (ms): Min: 281169.2, Avg: 281169.2, Max: 281169.2, Diff: 0.0]
   [Code Root Fixup: 0.0 ms]
   [Clear CT: 0.1 ms]
   [Other: 1.9 ms]
      [Choose CSet: 0.0 ms]
      [Ref Proc: 0.3 ms]
      [Ref Enq: 0.0 ms]
      [Free CSet: 0.2 ms]
   [Eden: 226.0M(226.0M)->0.0B(210.0M) Survivors: 37.0M->33.0M Heap: 886.5M(2048.0M)->750.0M(2048.0M)]
 [Times: user=0.50 sys=0.00, real=0.13 secs] 
281.400: [GC pause (young), 0.1202801 secs]
   [Parallel Time: 118.0 ms, GC Workers: 4]
      [GC Worker Start (ms): Min: 281400.5, Avg: 281400.5, Max: 281400.5, Diff: 0.0]
      [Ext Root Scanning (ms): Min: 1.2, Avg: 1.2, Max: 1.2, Diff: 0.0, Sum: 4.9]
      [Update RS (ms): Min: 18.5, Avg: 18.6, Max: 19.0, Diff: 0.6, Sum: 74.5]
         [Processed Buffers: Min: 166, Avg: 172.3, Max: 179, Diff: 13, Sum: 689]
      [Scan RS (ms): Min: 0.0, Avg: 0.2, Max: 0.3, Diff: 0.3, Sum: 0.9]
      [Object Copy (ms): Min: 97.6, Avg: 97.8, Max: 97.9, Diff: 0.3, Sum: 391.3]
      [Termination (ms): Min: 0.0, Avg: 0.0, Max: 0.0, Diff: 0.0, Sum: 0.0]
      [GC Worker Other (ms): Min: 0.0, Avg: 0.0, Max: 0.0, Diff: 0.0, Sum: 0.1]
      [GC Worker Total (ms): Min: 117.9, Avg: 117.9, Max: 117.9, Diff: 0.0, Sum: 471.7]
      [GC Worker End (ms): Min: 281518.4, Avg: 281518.5, Max: 281518.5, Diff: 0.0]
   [Code Root Fixup: 0.0 ms]
   [Clear CT: 0.7 ms]
   [Other: 1.7 ms]
      [Choose CSet: 0.0 ms]
      [Ref Proc: 0.4 ms]
      [Ref Enq: 0.0 ms]
      [Free CSet: 0.2 ms]
   [Eden: 210.0M(210.0M)->0.0B(269.0M) Survivors: 33.0M->31.0M Heap: 960.0M(2048.0M)->830.5M(2048.0M)]
 [Times: user=0.42 sys=0.00, real=0.12 secs] 
281.780: [GC pause (young), 0.2171246 secs]
   [Parallel Time: 214.4 ms, GC Workers: 4]
      [GC Worker Start (ms): Min: 281780.7, Avg: 281780.7, Max: 281780.7, Diff: 0.0]
      [Ext Root Scanning (ms): Min: 1.2, Avg: 1.2, Max: 1.2, Diff: 0.0, Sum: 4.9]
      [Update RS (ms): Min: 20.7, Avg: 20.7, Max: 20.7, Diff: 0.0, Sum: 82.7]
         [Processed Buffers: Min: 126, Avg: 131.3, Max: 137, Diff: 11, Sum: 525]
      [Scan RS (ms): Min: 0.3, Avg: 0.3, Max: 0.3, Diff: 0.0, Sum: 1.1]
      [Object Copy (ms): Min: 192.2, Avg: 192.2, Max: 192.2, Diff: 0.0, Sum: 768.9]
      [Termination (ms): Min: 0.0, Avg: 0.0, Max: 0.0, Diff: 0.0, Sum: 0.0]
      [GC Worker Other (ms): Min: 0.0, Avg: 0.0, Max: 0.0, Diff: 0.0, Sum: 0.1]
      [GC Worker Total (ms): Min: 214.4, Avg: 214.4, Max: 214.4, Diff: 0.0, Sum: 857.6]
      [GC Worker End (ms): Min: 281995.1, Avg: 281995.1, Max: 281995.1, Diff: 0.0]
   [Code Root Fixup: 0.0 ms]
   [Clear CT: 0.5 ms]
   [Other: 2.3 ms]
      [Choose CSet: 0.0 ms]
      [Ref Proc: 0.4 ms]
      [Ref Enq: 0.0 ms]
      [Free CSet: 0.2 ms]
   [Eden: 269.0M(269.0M)->0.0B(218.0M) Survivors: 31.0M->38.0M Heap: 1099.5M(2048.0M)->1035.0M(2048.0M)]
 [Times: user=0.80 sys=0.00, real=0.22 secs] 
282.286: [GC pause (young) (initial-mark), 0.1719243 secs]
   [Parallel Time: 169.6 ms, GC Workers: 4]
      [GC Worker Start (ms): Min: 282286.8, Avg: 282286.9, Max: 282286.9, Diff: 0.0]
      [Ext Root Scanning (ms): Min: 1.2, Avg: 1.2, Max: 1.3, Diff: 0.1, Sum: 4.9]
      [Update RS (ms): Min: 19.7, Avg: 19.7, Max: 19.8, Diff: 0.2, Sum: 78.9]
         [Processed Buffers: Min: 147, Avg: 195.5, Max: 218, Diff: 71, Sum: 782]
      [Scan RS (ms): Min: 5.9, Avg: 6.0, Max: 6.1, Diff: 0.2, Sum: 24.0]
      [Object Copy (ms): Min: 142.6, Avg: 142.6, Max: 142.7, Diff: 0.1, Sum: 570.5]
      [Termination (ms): Min: 0.0, Avg: 0.0, Max: 0.0, Diff: 0.0, Sum: 0.0]
      [GC Worker Other (ms): Min: 0.0, Avg: 0.0, Max: 0.0, Diff: 0.0, Sum: 0.1]
      [GC Worker Total (ms): Min: 169.6, Avg: 169.6, Max: 169.6, Diff: 0.0, Sum: 678.3]
      [GC Worker End (ms): Min: 282456.4, Avg: 282456.4, Max: 282456.4, Diff: 0.0]
   [Code Root Fixup: 0.0 ms]
   [Clear CT: 0.1 ms]
   [Other: 2.2 ms]
      [Choose CSet: 0.0 ms]
      [Ref Proc: 0.0 ms]
      [Ref Enq: 0.0 ms]
      [Free CSet: 0.3 ms]
   [Eden: 218.0M(218.0M)->0.0B(186.0M) Survivors: 38.0M->32.0M Heap: 1253.0M(2048.0M)->1167.0M(2048.0M)]
 [Times: user=0.61 sys=0.00, real=0.17 secs] 
282.459: [GC concurrent-root-region-scan-start]
282.492: [GC concurrent-root-region-scan-end, 0.0336894 secs]
282.492: [GC concurrent-mark-start]
282.760: [GC pause (young), 0.1132516 secs]
   [Parallel Time: 111.7 ms, GC Workers: 4]
      [GC Worker Start (ms): Min: 282760.7, Avg: 282760.7, Max: 282760.7, Diff: 0.0]
      [Ext Root Scanning (ms): Min: 1.5, Avg: 1.5, Max: 1.5, Diff: 0.1, Sum: 6.0]
      [SATB Filtering (ms): Min: 0.0, Avg: 0.8, Max: 3.1, Diff: 3.1, Sum: 3.1]
      [Update RS (ms): Min: 24.9, Avg: 27.2, Max: 28.1, Diff: 3.2, Sum: 108.9]
         [Processed Buffers: Min: 196, Avg: 229.8, Max: 250, Diff: 54, Sum: 919]
      [Scan RS (ms): Min: 0.1, Avg: 0.2, Max: 0.2, Diff: 0.1, Sum: 0.8]
      [Object Copy (ms): Min: 81.8, Avg: 81.9, Max: 82.0, Diff: 0.1, Sum: 327.7]
      [Termination (ms): Min: 0.0, Avg: 0.0, Max: 0.0, Diff: 0.0, Sum: 0.0]
      [GC Worker Other (ms): Min: 0.0, Avg: 0.0, Max: 0.0, Diff: 0.0, Sum: 0.1]
      [GC Worker Total (ms): Min: 111.6, Avg: 111.6, Max: 111.6, Diff: 0.0, Sum: 446.5]
      [GC Worker End (ms): Min: 282872.3, Avg: 282872.4, Max: 282872.4, Diff: 0.0]
   [Code Root Fixup: 0.0 ms]
   [Clear CT: 0.2 ms]
   [Other: 1.4 ms]
      [Choose CSet: 0.0 ms]
      [Ref Proc: 0.0 ms]
      [Ref Enq: 0.0 ms]
      [Free CSet: 0.2 ms]
   [Eden: 186.0M(186.0M)->0.0B(262.0M) Survivors: 32.0M->28.0M Heap: 1353.0M(2048.0M)->1234.5M(2048.0M)]
 [Times: user=0.41 sys=0.00, real=0.11 secs] 
283.104: [GC pause (young), 0.1089850 secs]
   [Parallel Time: 107.5 ms, GC Workers: 4]
      [GC Worker Start (ms): Min: 283104.6, Avg: 283104.6, Max: 283104.6, Diff: 0.0]
      [Ext Root Scanning (ms): Min: 1.2, Avg: 1.2, Max: 1.3, Diff: 0.0, Sum: 5.0]
      [SATB Filtering (ms): Min: 0.0, Avg: 0.8, Max: 3.0, Diff: 3.0, Sum: 3.0]
      [Update RS (ms): Min: 16.1, Avg: 18.3, Max: 19.1, Diff: 3.0, Sum: 73.3]
         [Processed Buffers: Min: 126, Avg: 146.5, Max: 175, Diff: 49, Sum: 586]
      [Scan RS (ms): Min: 0.2, Avg: 0.2, Max: 0.2, Diff: 0.0, Sum: 0.9]
      [Object Copy (ms): Min: 86.9, Avg: 87.0, Max: 87.0, Diff: 0.0, Sum: 347.8]
      [Termination (ms): Min: 0.0, Avg: 0.0, Max: 0.0, Diff: 0.0, Sum: 0.0]
      [GC Worker Other (ms): Min: 0.0, Avg: 0.0, Max: 0.0, Diff: 0.0, Sum: 0.1]
      [GC Worker Total (ms): Min: 107.5, Avg: 107.5, Max: 107.5, Diff: 0.0, Sum: 430.1]
      [GC Worker End (ms): Min: 283212.1, Avg: 283212.1, Max: 283212.1, Diff: 0.0]
   [Code Root Fixup: 0.0 ms]
   [Clear CT: 0.2 ms]
   [Other: 1.2 ms]
      [Choose CSet: 0.0 ms]
      [Ref Proc: 0.0 ms]
      [Ref Enq: 0.0 ms]
      [Free CSet: 0.3 ms]
   [Eden: 262.0M(262.0M)->0.0B(334.0M) Survivors: 28.0M->37.0M Heap: 1496.5M(2048.0M)->1316.5M(2048.0M)]
 [Times: user=0.40 sys=0.00, real=0.11 secs] 
283.244: [GC concurrent-mark-end, 0.7491998 secs]
283.251: [GC remark 283.252: [GC ref-proc, 0.0017287 secs], 0.0035500 secs]
 [Times: user=0.02 sys=0.00, real=0.00 secs] 
283.255: [GC cleanup 1361M->751M(2048M), 0.0014644 secs]
 [Times: user=0.00 sys=0.00, real=0.00 secs] 
283.257: [GC concurrent-cleanup-start]
283.258: [GC concurrent-cleanup-end, 0.0008910 secs]
283.554: [GC pause (young), 0.2507652 secs]
   [Parallel Time: 248.4 ms, GC Workers: 4]
      [GC Worker Start (ms): Min: 283554.4, Avg: 283554.4, Max: 283554.4, Diff: 0.0]
      [Ext Root Scanning (ms): Min: 1.3, Avg: 1.3, Max: 1.4, Diff: 0.0, Sum: 5.4]
      [Update RS (ms): Min: 27.6, Avg: 27.6, Max: 27.7, Diff: 0.0, Sum: 110.6]
         [Processed Buffers: Min: 155, Avg: 158.8, Max: 164, Diff: 9, Sum: 635]
      [Scan RS (ms): Min: 0.2, Avg: 0.2, Max: 0.2, Diff: 0.0, Sum: 0.7]
      [Object Copy (ms): Min: 218.6, Avg: 218.7, Max: 219.2, Diff: 0.6, Sum: 874.9]
      [Termination (ms): Min: 0.0, Avg: 0.5, Max: 0.6, Diff: 0.6, Sum: 1.9]
      [GC Worker Other (ms): Min: 0.0, Avg: 0.0, Max: 0.0, Diff: 0.0, Sum: 0.1]
      [GC Worker Total (ms): Min: 248.4, Avg: 248.4, Max: 248.4, Diff: 0.0, Sum: 993.5]
      [GC Worker End (ms): Min: 283802.8, Avg: 283802.8, Max: 283802.8, Diff: 0.0]
   [Code Root Fixup: 0.0 ms]
   [Clear CT: 0.1 ms]
   [Other: 2.3 ms]
      [Choose CSet: 0.0 ms]
      [Ref Proc: 0.1 ms]
      [Ref Enq: 0.0 ms]
      [Free CSet: 0.3 ms]
   [Eden: 334.0M(334.0M)->0.0B(55.0M) Survivors: 37.0M->47.0M Heap: 1040.5M(2048.0M)->932.5M(2048.0M)]
 [Times: user=0.92 sys=0.00, real=0.25 secs] 
283.959: [GC pause (mixed), 0.1013647 secs]
   [Parallel Time: 99.2 ms, GC Workers: 4]
      [GC Worker Start (ms): Min: 283959.5, Avg: 283961.6, Max: 283968.0, Diff: 8.5]
      [Ext Root Scanning (ms): Min: 0.1, Avg: 1.3, Max: 1.8, Diff: 1.7, Sum: 5.2]
      [Update RS (ms): Min: 20.5, Avg: 25.6, Max: 27.4, Diff: 6.9, Sum: 102.4]
         [Processed Buffers: Min: 116, Avg: 142.3, Max: 154, Diff: 38, Sum: 569]
      [Scan RS (ms): Min: 11.0, Avg: 13.6, Max: 21.2, Diff: 10.2, Sum: 54.2]
      [Object Copy (ms): Min: 48.8, Avg: 56.6, Max: 59.2, Diff: 10.4, Sum: 226.2]
      [Termination (ms): Min: 0.0, Avg: 0.0, Max: 0.0, Diff: 0.0, Sum: 0.0]
      [GC Worker Other (ms): Min: 0.0, Avg: 0.0, Max: 0.0, Diff: 0.0, Sum: 0.1]
      [GC Worker Total (ms): Min: 90.7, Avg: 97.0, Max: 99.2, Diff: 8.5, Sum: 388.1]
      [GC Worker End (ms): Min: 284058.7, Avg: 284058.7, Max: 284058.7, Diff: 0.0]
   [Code Root Fixup: 0.0 ms]
   [Clear CT: 0.3 ms]
   [Other: 1.9 ms]
      [Choose CSet: 0.1 ms]
      [Ref Proc: 0.0 ms]
      [Ref Enq: 0.0 ms]
      [Free CSet: 0.6 ms]
   [Eden: 55.0M(55.0M)->0.0B(252.0M) Survivors: 47.0M->5120.0K Heap: 987.5M(2048.0M)->828.0M(2048.0M)]
 [Times: user=0.34 sys=0.00, real=0.10 secs] 
284.275: [GC pause (young), 0.1050716 secs]
   [Parallel Time: 103.4 ms, GC Workers: 4]
      [GC Worker Start (ms): Min: 284275.1, Avg: 284275.4, Max: 284276.2, Diff: 1.0]
      [Ext Root Scanning (ms): Min: 0.6, Avg: 1.2, Max: 1.5, Diff: 1.0, Sum: 5.0]
      [Update RS (ms): Min: 17.7, Avg: 17.7, Max: 17.8, Diff: 0.0, Sum: 71.0]
         [Processed Buffers: Min: 104, Avg: 293.0, Max: 390, Diff: 286, Sum: 1172]
      [Scan RS (ms): Min: 0.1, Avg: 0.1, Max: 0.1, Diff: 0.0, Sum: 0.3]
      [Object Copy (ms): Min: 84.0, Avg: 84.0, Max: 84.1, Diff: 0.1, Sum: 336.2]
      [Termination (ms): Min: 0.0, Avg: 0.0, Max: 0.0, Diff: 0.0, Sum: 0.0]
      [GC Worker Other (ms): Min: 0.0, Avg: 0.0, Max: 0.0, Diff: 0.0, Sum: 0.1]
      [GC Worker Total (ms): Min: 102.4, Avg: 103.1, Max: 103.4, Diff: 1.0, Sum: 412.5]
      [GC Worker End (ms): Min: 284378.5, Avg: 284378.5, Max: 284378.5, Diff: 0.0]
   [Code Root Fixup: 0.0 ms]
   [Clear CT: 0.2 ms]
   [Other: 1.5 ms]
      [Choose CSet: 0.0 ms]
      [Ref Proc: 0.1 ms]
      [Ref Enq: 0.0 ms]
      [Free CSet: 0.3 ms]
   [Eden: 252.0M(252.0M)->0.0B(223.0M) Survivors: 5120.0K->33.0M Heap: 1080.0M(2048.0M)->921.5M(2048.0M)]
 [Times: user=0.42 sys=0.00, real=0.11 secs] 
284.595: [GC pause (young), 0.1905421 secs]
   [Parallel Time: 188.9 ms, GC Workers: 4]
      [GC Worker Start (ms): Min: 284595.0, Avg: 284595.2, Max: 284595.9, Diff: 0.9]
      [Ext Root Scanning (ms): Min: 0.7, Avg: 1.2, Max: 1.5, Diff: 0.8, Sum: 5.0]
      [Update RS (ms): Min: 24.1, Avg: 25.8, Max: 30.6, Diff: 6.5, Sum: 103.1]
         [Processed Buffers: Min: 120, Avg: 139.0, Max: 159, Diff: 39, Sum: 556]
      [Scan RS (ms): Min: 0.0, Avg: 0.8, Max: 1.1, Diff: 1.1, Sum: 3.2]
      [Object Copy (ms): Min: 156.5, Avg: 160.7, Max: 162.2, Diff: 5.7, Sum: 642.7]
      [Termination (ms): Min: 0.0, Avg: 0.1, Max: 0.2, Diff: 0.2, Sum: 0.5]
      [GC Worker Other (ms): Min: 0.0, Avg: 0.0, Max: 0.0, Diff: 0.0, Sum: 0.1]
      [GC Worker Total (ms): Min: 188.0, Avg: 188.6, Max: 188.9, Diff: 0.9, Sum: 754.5]
      [GC Worker End (ms): Min: 284783.8, Avg: 284783.8, Max: 284783.8, Diff: 0.0]
   [Code Root Fixup: 0.0 ms]
   [Clear CT: 0.2 ms]
   [Other: 1.5 ms]
      [Choose CSet: 0.0 ms]
      [Ref Proc: 0.1 ms]
      [Ref Enq: 0.0 ms]
      [Free CSet: 0.2 ms]
   [Eden: 223.0M(223.0M)->0.0B(200.0M) Survivors: 33.0M->32.0M Heap: 1144.5M(2048.0M)->1053.5M(2048.0M)]
 [Times: user=0.58 sys=0.00, real=0.19 secs] 
285.006: [GC pause (young) (initial-mark), 0.1174870 secs]
   [Parallel Time: 115.2 ms, GC Workers: 4]
      [GC Worker Start (ms): Min: 285006.7, Avg: 285006.7, Max: 285006.7, Diff: 0.0]
      [Ext Root Scanning (ms): Min: 1.2, Avg: 1.2, Max: 1.3, Diff: 0.1, Sum: 4.8]
      [Update RS (ms): Min: 16.7, Avg: 16.8, Max: 16.9, Diff: 0.2, Sum: 67.0]
         [Processed Buffers: Min: 152, Avg: 182.8, Max: 221, Diff: 69, Sum: 731]
      [Scan RS (ms): Min: 0.8, Avg: 0.9, Max: 0.9, Diff: 0.1, Sum: 3.4]
      [Object Copy (ms): Min: 96.3, Avg: 96.3, Max: 96.3, Diff: 0.1, Sum: 385.2]
      [Termination (ms): Min: 0.0, Avg: 0.0, Max: 0.0, Diff: 0.0, Sum: 0.0]
      [GC Worker Other (ms): Min: 0.0, Avg: 0.0, Max: 0.0, Diff: 0.0, Sum: 0.1]
      [GC Worker Total (ms): Min: 115.2, Avg: 115.2, Max: 115.2, Diff: 0.0, Sum: 460.6]
      [GC Worker End (ms): Min: 285121.8, Avg: 285121.8, Max: 285121.8, Diff: 0.0]
   [Code Root Fixup: 0.0 ms]
   [Clear CT: 0.2 ms]
   [Other: 2.1 ms]
      [Choose CSet: 0.0 ms]
      [Ref Proc: 0.0 ms]
      [Ref Enq: 0.0 ms]
      [Free CSet: 0.3 ms]
   [Eden: 200.0M(200.0M)->0.0B(258.0M) Survivors: 32.0M->29.0M Heap: 1253.5M(2048.0M)->1139.0M(2048.0M)]
 [Times: user=0.42 sys=0.00, real=0.12 secs] 
285.124: [GC concurrent-root-region-scan-start]
285.155: [GC concurrent-root-region-scan-end, 0.0311143 secs]
285.155: [GC concurrent-mark-start]
285.364: [GC pause (young), 0.0798884 secs]
   [Parallel Time: 78.7 ms, GC Workers: 4]
      [GC Worker Start (ms): Min: 285364.3, Avg: 285364.3, Max: 285364.3, Diff: 0.0]
      [Ext Root Scanning (ms): Min: 1.4, Avg: 1.5, Max: 1.6, Diff: 0.2, Sum: 6.0]
      [SATB Filtering (ms): Min: 0.0, Avg: 0.5, Max: 2.2, Diff: 2.2, Sum: 2.2]
      [Update RS (ms): Min: 16.1, Avg: 17.6, Max: 18.2, Diff: 2.1, Sum: 70.3]
         [Processed Buffers: Min: 162, Avg: 183.3, Max: 214, Diff: 52, Sum: 733]
      [Scan RS (ms): Min: 0.2, Avg: 0.2, Max: 0.2, Diff: 0.1, Sum: 0.9]
      [Object Copy (ms): Min: 58.8, Avg: 58.8, Max: 58.9, Diff: 0.0, Sum: 235.4]
      [Termination (ms): Min: 0.0, Avg: 0.0, Max: 0.0, Diff: 0.0, Sum: 0.0]
      [GC Worker Other (ms): Min: 0.0, Avg: 0.0, Max: 0.0, Diff: 0.0, Sum: 0.1]
      [GC Worker Total (ms): Min: 78.7, Avg: 78.7, Max: 78.7, Diff: 0.0, Sum: 314.7]
      [GC Worker End (ms): Min: 285443.0, Avg: 285443.0, Max: 285443.0, Diff: 0.0]
   [Code Root Fixup: 0.0 ms]
   [Clear CT: 0.1 ms]
   [Other: 1.1 ms]
      [Choose CSet: 0.0 ms]
      [Ref Proc: 0.0 ms]
      [Ref Enq: 0.0 ms]
      [Free CSet: 0.2 ms]
   [Eden: 258.0M(258.0M)->0.0B(346.0M) Survivors: 29.0M->36.0M Heap: 1397.0M(2048.0M)->1185.0M(2048.0M)]
 [Times: user=0.31 sys=0.00, real=0.08 secs] 
285.750: [GC pause (young), 0.1527600 secs]
   [Parallel Time: 151.2 ms, GC Workers: 4]
      [GC Worker Start (ms): Min: 285750.0, Avg: 285750.0, Max: 285750.1, Diff: 0.2]
      [Ext Root Scanning (ms): Min: 1.2, Avg: 1.3, Max: 1.4, Diff: 0.2, Sum: 5.1]
      [SATB Filtering (ms): Min: 0.0, Avg: 0.6, Max: 2.6, Diff: 2.6, Sum: 2.6]
      [Update RS (ms): Min: 17.5, Avg: 19.4, Max: 20.1, Diff: 2.6, Sum: 77.7]
         [Processed Buffers: Min: 94, Avg: 111.5, Max: 125, Diff: 31, Sum: 446]
      [Scan RS (ms): Min: 0.1, Avg: 0.1, Max: 0.1, Diff: 0.1, Sum: 0.4]
      [Object Copy (ms): Min: 129.6, Avg: 129.6, Max: 129.6, Diff: 0.0, Sum: 518.5]
      [Termination (ms): Min: 0.0, Avg: 0.0, Max: 0.0, Diff: 0.0, Sum: 0.0]
      [GC Worker Other (ms): Min: 0.0, Avg: 0.0, Max: 0.0, Diff: 0.0, Sum: 0.1]
      [GC Worker Total (ms): Min: 151.0, Avg: 151.1, Max: 151.2, Diff: 0.2, Sum: 604.3]
      [GC Worker End (ms): Min: 285901.1, Avg: 285901.1, Max: 285901.1, Diff: 0.0]
   [Code Root Fixup: 0.0 ms]
   [Clear CT: 0.2 ms]
   [Other: 1.4 ms]
      [Choose CSet: 0.0 ms]
      [Ref Proc: 0.0 ms]
      [Ref Enq: 0.0 ms]
      [Free CSet: 0.3 ms]
   [Eden: 346.0M(346.0M)->0.0B(230.0M) Survivors: 36.0M->48.0M Heap: 1531.0M(2048.0M)->1314.0M(2048.0M)]
 [Times: user=0.56 sys=0.00, real=0.15 secs] 
285.927: [GC concurrent-mark-end, 0.7692653 secs]
285.943: [GC remark 285.943: [GC ref-proc, 0.0019490 secs], 0.0035337 secs]
 [Times: user=0.00 sys=0.00, real=0.00 secs] 
285.947: [GC cleanup 1359M->702M(2048M), 0.0014897 secs]
 [Times: user=0.00 sys=0.00, real=0.00 secs] 
285.949: [GC concurrent-cleanup-start]
285.950: [GC concurrent-cleanup-end, 0.0009971 secs]
286.130: [GC pause (young), 0.2151820 secs]
   [Parallel Time: 213.3 ms, GC Workers: 4]
      [GC Worker Start (ms): Min: 286130.0, Avg: 286130.2, Max: 286130.6, Diff: 0.7]
      [Ext Root Scanning (ms): Min: 0.8, Avg: 1.2, Max: 1.4, Diff: 0.6, Sum: 4.9]
      [Update RS (ms): Min: 38.1, Avg: 38.2, Max: 38.3, Diff: 0.2, Sum: 152.6]
         [Processed Buffers: Min: 193, Avg: 207.5, Max: 220, Diff: 27, Sum: 830]
      [Scan RS (ms): Min: 0.1, Avg: 0.2, Max: 0.3, Diff: 0.2, Sum: 0.9]
      [Object Copy (ms): Min: 173.4, Avg: 173.5, Max: 173.5, Diff: 0.1, Sum: 694.0]
      [Termination (ms): Min: 0.0, Avg: 0.0, Max: 0.0, Diff: 0.0, Sum: 0.0]
      [GC Worker Other (ms): Min: 0.0, Avg: 0.0, Max: 0.0, Diff: 0.0, Sum: 0.1]
      [GC Worker Total (ms): Min: 212.6, Avg: 213.1, Max: 213.3, Diff: 0.7, Sum: 852.4]
      [GC Worker End (ms): Min: 286343.3, Avg: 286343.3, Max: 286343.3, Diff: 0.0]
   [Code Root Fixup: 0.0 ms]
   [Clear CT: 0.2 ms]
   [Other: 1.7 ms]
      [Choose CSet: 0.0 ms]
      [Ref Proc: 0.0 ms]
      [Ref Enq: 0.0 ms]
      [Free CSet: 0.2 ms]
   [Eden: 230.0M(230.0M)->0.0B(67.0M) Survivors: 48.0M->35.0M Heap: 887.0M(2048.0M)->814.0M(2048.0M)]
 [Times: user=0.76 sys=0.00, real=0.22 secs] 
286.520: [GC pause (mixed), 0.0812283 secs]
   [Parallel Time: 80.0 ms, GC Workers: 4]
      [GC Worker Start (ms): Min: 286520.1, Avg: 286520.1, Max: 286520.1, Diff: 0.0]
      [Ext Root Scanning (ms): Min: 1.2, Avg: 1.2, Max: 1.3, Diff: 0.0, Sum: 4.9]
      [Update RS (ms): Min: 26.7, Avg: 26.8, Max: 26.8, Diff: 0.0, Sum: 107.0]
         [Processed Buffers: Min: 162, Avg: 164.3, Max: 165, Diff: 3, Sum: 657]
      [Scan RS (ms): Min: 0.7, Avg: 0.7, Max: 0.8, Diff: 0.1, Sum: 3.0]
      [Object Copy (ms): Min: 44.3, Avg: 46.1, Max: 51.1, Diff: 6.8, Sum: 184.2]
      [Termination (ms): Min: 0.0, Avg: 5.1, Max: 6.9, Diff: 6.9, Sum: 20.5]
      [GC Worker Other (ms): Min: 0.0, Avg: 0.0, Max: 0.0, Diff: 0.0, Sum: 0.0]
      [GC Worker Total (ms): Min: 79.9, Avg: 79.9, Max: 80.0, Diff: 0.1, Sum: 319.7]
      [GC Worker End (ms): Min: 286600.0, Avg: 286600.0, Max: 286600.1, Diff: 0.1]
   [Code Root Fixup: 0.0 ms]
   [Clear CT: 0.1 ms]
   [Other: 1.1 ms]
      [Choose CSet: 0.0 ms]
      [Ref Proc: 0.1 ms]
      [Ref Enq: 0.0 ms]
      [Free CSet: 0.2 ms]
   [Eden: 67.0M(67.0M)->0.0B(295.0M) Survivors: 35.0M->11.0M Heap: 881.0M(2048.0M)->789.0M(2048.0M)]
 [Times: user=0.30 sys=0.00, real=0.08 secs] 
286.863: [GC pause (young), 0.1574785 secs]
   [Parallel Time: 155.8 ms, GC Workers: 4]
      [GC Worker Start (ms): Min: 286863.1, Avg: 286863.1, Max: 286863.1, Diff: 0.0]
      [Ext Root Scanning (ms): Min: 1.2, Avg: 1.2, Max: 1.2, Diff: 0.0, Sum: 4.9]
      [Update RS (ms): Min: 16.3, Avg: 16.3, Max: 16.3, Diff: 0.0, Sum: 65.3]
         [Processed Buffers: Min: 200, Avg: 226.3, Max: 266, Diff: 66, Sum: 905]
      [Scan RS (ms): Min: 0.1, Avg: 0.1, Max: 0.1, Diff: 0.0, Sum: 0.5]
      [Object Copy (ms): Min: 138.0, Avg: 138.0, Max: 138.1, Diff: 0.0, Sum: 552.2]
      [Termination (ms): Min: 0.0, Avg: 0.0, Max: 0.0, Diff: 0.0, Sum: 0.0]
      [GC Worker Other (ms): Min: 0.0, Avg: 0.0, Max: 0.0, Diff: 0.0, Sum: 0.1]
      [GC Worker Total (ms): Min: 155.7, Avg: 155.8, Max: 155.8, Diff: 0.0, Sum: 623.0]
      [GC Worker End (ms): Min: 287018.8, Avg: 287018.8, Max: 287018.9, Diff: 0.0]
   [Code Root Fixup: 0.0 ms]
   [Clear CT: 0.1 ms]
   [Other: 1.6 ms]
      [Choose CSet: 0.0 ms]
      [Ref Proc: 0.0 ms]
      [Ref Enq: 0.0 ms]
      [Free CSet: 0.3 ms]
   [Eden: 295.0M(295.0M)->0.0B(208.0M) Survivors: 11.0M->39.0M Heap: 1084.0M(2048.0M)->948.0M(2048.0M)]
 [Times: user=0.59 sys=0.00, real=0.16 secs] 
287.199: [GC pause (young), 0.1039148 secs]
   [Parallel Time: 102.0 ms, GC Workers: 4]
      [GC Worker Start (ms): Min: 287199.0, Avg: 287199.0, Max: 287199.0, Diff: 0.0]
      [Ext Root Scanning (ms): Min: 1.2, Avg: 1.6, Max: 1.7, Diff: 0.4, Sum: 6.2]
      [Update RS (ms): Min: 19.3, Avg: 19.4, Max: 19.6, Diff: 0.2, Sum: 77.8]
         [Processed Buffers: Min: 156, Avg: 183.5, Max: 205, Diff: 49, Sum: 734]
      [Scan RS (ms): Min: 0.8, Avg: 0.8, Max: 0.9, Diff: 0.1, Sum: 3.4]
      [Object Copy (ms): Min: 80.0, Avg: 80.1, Max: 80.6, Diff: 0.6, Sum: 320.6]
      [Termination (ms): Min: 0.0, Avg: 0.0, Max: 0.0, Diff: 0.0, Sum: 0.0]
      [GC Worker Other (ms): Min: 0.0, Avg: 0.0, Max: 0.0, Diff: 0.0, Sum: 0.1]
      [GC Worker Total (ms): Min: 102.0, Avg: 102.0, Max: 102.0, Diff: 0.0, Sum: 408.0]
      [GC Worker End (ms): Min: 287301.0, Avg: 287301.0, Max: 287301.0, Diff: 0.0]
   [Code Root Fixup: 0.0 ms]
   [Clear CT: 0.1 ms]
   [Other: 1.8 ms]
      [Choose CSet: 0.0 ms]
      [Ref Proc: 0.4 ms]
      [Ref Enq: 0.0 ms]
      [Free CSet: 0.2 ms]
   [Eden: 208.0M(208.0M)->0.0B(318.0M) Survivors: 39.0M->31.0M Heap: 1156.0M(2048.0M)->1009.0M(2048.0M)]
 [Times: user=0.44 sys=0.00, real=0.10 secs] 
287.606: [GC pause (young) (initial-mark), 0.1809442 secs]
   [Parallel Time: 178.2 ms, GC Workers: 4]
      [GC Worker Start (ms): Min: 287606.8, Avg: 287606.8, Max: 287606.8, Diff: 0.0]
      [Ext Root Scanning (ms): Min: 1.2, Avg: 1.2, Max: 1.3, Diff: 0.1, Sum: 4.9]
      [Update RS (ms): Min: 24.7, Avg: 24.7, Max: 24.7, Diff: 0.1, Sum: 98.7]
         [Processed Buffers: Min: 160, Avg: 164.5, Max: 167, Diff: 7, Sum: 658]
      [Scan RS (ms): Min: 0.3, Avg: 0.3, Max: 0.3, Diff: 0.0, Sum: 1.2]
      [Object Copy (ms): Min: 151.9, Avg: 151.9, Max: 152.0, Diff: 0.1, Sum: 607.7]
      [Termination (ms): Min: 0.0, Avg: 0.0, Max: 0.0, Diff: 0.0, Sum: 0.0]
      [GC Worker Other (ms): Min: 0.0, Avg: 0.0, Max: 0.0, Diff: 0.0, Sum: 0.1]
      [GC Worker Total (ms): Min: 178.1, Avg: 178.1, Max: 178.1, Diff: 0.0, Sum: 712.6]
      [GC Worker End (ms): Min: 287785.0, Avg: 287785.0, Max: 287785.0, Diff: 0.0]
   [Code Root Fixup: 0.0 ms]
   [Clear CT: 0.7 ms]
   [Other: 2.0 ms]
      [Choose CSet: 0.0 ms]
      [Ref Proc: 0.4 ms]
      [Ref Enq: 0.0 ms]
      [Free CSet: 0.2 ms]
   [Eden: 318.0M(318.0M)->0.0B(219.0M) Survivors: 31.0M->44.0M Heap: 1327.0M(2048.0M)->1168.0M(2048.0M)]
 [Times: user=0.69 sys=0.00, real=0.18 secs] 
287.788: [GC concurrent-root-region-scan-start]
287.834: [GC concurrent-root-region-scan-end, 0.0465005 secs]
287.834: [GC concurrent-mark-start]
288.041: [GC pause (young), 0.1048301 secs]
   [Parallel Time: 103.6 ms, GC Workers: 4]
      [GC Worker Start (ms): Min: 288041.7, Avg: 288041.9, Max: 288042.6, Diff: 1.0]
      [Ext Root Scanning (ms): Min: 0.6, Avg: 1.2, Max: 1.5, Diff: 0.9, Sum: 4.9]
      [SATB Filtering (ms): Min: 0.0, Avg: 0.4, Max: 1.5, Diff: 1.5, Sum: 1.5]
      [Update RS (ms): Min: 18.2, Avg: 19.6, Max: 20.8, Diff: 2.6, Sum: 78.3]
         [Processed Buffers: Min: 144, Avg: 192.0, Max: 257, Diff: 113, Sum: 768]
      [Scan RS (ms): Min: 0.0, Avg: 0.2, Max: 0.3, Diff: 0.3, Sum: 0.8]
      [Object Copy (ms): Min: 69.8, Avg: 72.5, Max: 80.7, Diff: 10.9, Sum: 290.1]
      [Termination (ms): Min: 0.0, Avg: 9.0, Max: 12.3, Diff: 12.3, Sum: 36.0]
      [GC Worker Other (ms): Min: 0.0, Avg: 0.0, Max: 0.0, Diff: 0.0, Sum: 0.0]
      [GC Worker Total (ms): Min: 102.1, Avg: 102.9, Max: 103.6, Diff: 1.5, Sum: 411.7]
      [GC Worker End (ms): Min: 288144.7, Avg: 288144.8, Max: 288145.2, Diff: 0.5]
   [Code Root Fixup: 0.0 ms]
   [Clear CT: 0.1 ms]
   [Other: 1.2 ms]
      [Choose CSet: 0.0 ms]
      [Ref Proc: 0.0 ms]
      [Ref Enq: 0.0 ms]
      [Free CSet: 0.2 ms]
   [Eden: 219.0M(219.0M)->0.0B(347.0M) Survivors: 44.0M->33.0M Heap: 1387.0M(2048.0M)->1206.0M(2048.0M)]
 [Times: user=0.34 sys=0.00, real=0.11 secs] 
288.468: [GC pause (young), 0.1003163 secs]
   [Parallel Time: 99.2 ms, GC Workers: 4]
      [GC Worker Start (ms): Min: 288468.3, Avg: 288468.3, Max: 288468.3, Diff: 0.0]
      [Ext Root Scanning (ms): Min: 1.2, Avg: 1.3, Max: 1.4, Diff: 0.2, Sum: 5.1]
      [SATB Filtering (ms): Min: 0.0, Avg: 0.7, Max: 2.9, Diff: 2.9, Sum: 2.9]
      [Update RS (ms): Min: 16.5, Avg: 18.7, Max: 19.5, Diff: 3.0, Sum: 74.7]
         [Processed Buffers: Min: 118, Avg: 126.0, Max: 142, Diff: 24, Sum: 504]
      [Scan RS (ms): Min: 0.1, Avg: 0.2, Max: 0.2, Diff: 0.1, Sum: 0.7]
      [Object Copy (ms): Min: 78.3, Avg: 78.3, Max: 78.3, Diff: 0.0, Sum: 313.1]
      [Termination (ms): Min: 0.0, Avg: 0.0, Max: 0.0, Diff: 0.0, Sum: 0.0]
      [GC Worker Other (ms): Min: 0.0, Avg: 0.0, Max: 0.0, Diff: 0.0, Sum: 0.1]
      [GC Worker Total (ms): Min: 99.2, Avg: 99.2, Max: 99.2, Diff: 0.0, Sum: 396.7]
      [GC Worker End (ms): Min: 288567.5, Avg: 288567.5, Max: 288567.5, Diff: 0.0]
   [Code Root Fixup: 0.0 ms]
   [Clear CT: 0.1 ms]
   [Other: 1.0 ms]
      [Choose CSet: 0.0 ms]
      [Ref Proc: 0.0 ms]
      [Ref Enq: 0.0 ms]
      [Free CSet: 0.3 ms]
   [Eden: 347.0M(347.0M)->0.0B(376.0M) Survivors: 33.0M->48.0M Heap: 1553.0M(2048.0M)->1278.0M(2048.0M)]
 [Times: user=0.38 sys=0.00, real=0.10 secs] 
288.608: [GC concurrent-mark-end, 0.7734818 secs]
288.608: [GC remark 288.608: [GC ref-proc, 0.0017964 secs], 0.0033865 secs]
 [Times: user=0.00 sys=0.00, real=0.00 secs] 
288.612: [GC cleanup 1327M->702M(2048M), 0.0012158 secs]
 [Times: user=0.00 sys=0.00, real=0.00 secs] 
288.613: [GC concurrent-cleanup-start]
288.614: [GC concurrent-cleanup-end, 0.0007437 secs]
288.952: [GC pause (young), 0.3134605 secs]
   [Parallel Time: 311.2 ms, GC Workers: 4]
      [GC Worker Start (ms): Min: 288952.1, Avg: 288952.1, Max: 288952.1, Diff: 0.0]
      [Ext Root Scanning (ms): Min: 1.2, Avg: 1.2, Max: 1.2, Diff: 0.0, Sum: 4.8]
      [Update RS (ms): Min: 22.6, Avg: 22.6, Max: 22.7, Diff: 0.1, Sum: 90.5]
         [Processed Buffers: Min: 117, Avg: 119.0, Max: 121, Diff: 4, Sum: 476]
      [Scan RS (ms): Min: 0.1, Avg: 0.1, Max: 0.2, Diff: 0.1, Sum: 0.4]
      [Object Copy (ms): Min: 274.3, Avg: 277.3, Max: 286.3, Diff: 12.0, Sum: 1109.3]
      [Termination (ms): Min: 0.0, Avg: 9.3, Max: 12.9, Diff: 12.9, Sum: 37.0]
      [GC Worker Other (ms): Min: 0.0, Avg: 0.0, Max: 0.0, Diff: 0.0, Sum: 0.1]
      [GC Worker Total (ms): Min: 310.3, Avg: 310.6, Max: 311.2, Diff: 0.9, Sum: 1242.2]
      [GC Worker End (ms): Min: 289262.4, Avg: 289262.6, Max: 289263.2, Diff: 0.9]
   [Code Root Fixup: 0.0 ms]
   [Clear CT: 0.1 ms]
   [Other: 2.2 ms]
      [Choose CSet: 0.0 ms]
      [Ref Proc: 0.1 ms]
      [Ref Enq: 0.0 ms]
      [Free CSet: 0.3 ms]
   [Eden: 376.0M(376.0M)->0.0B(49.0M) Survivors: 48.0M->53.0M Heap: 1029.0M(2048.0M)->934.0M(2048.0M)]
 [Times: user=1.17 sys=0.00, real=0.31 secs] 
289.461: [GC pause (mixed), 0.1103988 secs]
   [Parallel Time: 108.4 ms, GC Workers: 4]
      [GC Worker Start (ms): Min: 289461.1, Avg: 289461.1, Max: 289461.1, Diff: 0.0]
      [Ext Root Scanning (ms): Min: 1.2, Avg: 1.2, Max: 1.3, Diff: 0.0, Sum: 5.0]
      [Update RS (ms): Min: 29.3, Avg: 29.4, Max: 29.4, Diff: 0.1, Sum: 117.5]
         [Processed Buffers: Min: 137, Avg: 154.3, Max: 163, Diff: 26, Sum: 617]
      [Scan RS (ms): Min: 17.4, Avg: 17.5, Max: 17.5, Diff: 0.1, Sum: 69.9]
      [Object Copy (ms): Min: 60.2, Avg: 60.3, Max: 60.3, Diff: 0.1, Sum: 241.0]
      [Termination (ms): Min: 0.0, Avg: 0.0, Max: 0.0, Diff: 0.0, Sum: 0.0]
      [GC Worker Other (ms): Min: 0.0, Avg: 0.0, Max: 0.0, Diff: 0.0, Sum: 0.1]
      [GC Worker Total (ms): Min: 108.3, Avg: 108.3, Max: 108.3, Diff: 0.0, Sum: 433.4]
      [GC Worker End (ms): Min: 289569.5, Avg: 289569.5, Max: 289569.5, Diff: 0.0]
   [Code Root Fixup: 0.0 ms]
   [Clear CT: 0.3 ms]
   [Other: 1.8 ms]
      [Choose CSet: 0.0 ms]
      [Ref Proc: 0.1 ms]
      [Ref Enq: 0.0 ms]
      [Free CSet: 0.3 ms]
   [Eden: 49.0M(49.0M)->0.0B(156.0M) Survivors: 53.0M->5120.0K Heap: 983.0M(2048.0M)->885.0M(2048.0M)]
 [Times: user=0.45 sys=0.00, real=0.11 secs] 
289.745: [GC pause (young), 0.0564678 secs]
   [Parallel Time: 55.5 ms, GC Workers: 4]
      [GC Worker Start (ms): Min: 289745.2, Avg: 289745.4, Max: 289746.0, Diff: 0.8]
      [Ext Root Scanning (ms): Min: 0.8, Avg: 1.3, Max: 1.5, Diff: 0.7, Sum: 5.3]
      [Update RS (ms): Min: 19.6, Avg: 19.7, Max: 19.9, Diff: 0.3, Sum: 78.9]
         [Processed Buffers: Min: 169, Avg: 325.0, Max: 620, Diff: 451, Sum: 1300]
      [Scan RS (ms): Min: 0.0, Avg: 0.0, Max: 0.1, Diff: 0.1, Sum: 0.2]
      [Object Copy (ms): Min: 33.9, Avg: 34.1, Max: 34.2, Diff: 0.3, Sum: 136.5]
      [Termination (ms): Min: 0.0, Avg: 0.0, Max: 0.0, Diff: 0.0, Sum: 0.0]
      [GC Worker Other (ms): Min: 0.0, Avg: 0.0, Max: 0.0, Diff: 0.0, Sum: 0.1]
      [GC Worker Total (ms): Min: 54.7, Avg: 55.2, Max: 55.5, Diff: 0.8, Sum: 221.0]
      [GC Worker End (ms): Min: 289800.6, Avg: 289800.6, Max: 289800.7, Diff: 0.0]
   [Code Root Fixup: 0.0 ms]
   [Clear CT: 0.1 ms]
   [Other: 0.9 ms]
      [Choose CSet: 0.0 ms]
      [Ref Proc: 0.0 ms]
      [Ref Enq: 0.0 ms]
      [Free CSet: 0.2 ms]
   [Eden: 156.0M(156.0M)->0.0B(130.0M) Survivors: 5120.0K->21.0M Heap: 1041.0M(2048.0M)->925.5M(2048.0M)]
 [Times: user=0.19 sys=0.00, real=0.06 secs] 
289.934: [GC pause (young), 0.0992881 secs]
   [Parallel Time: 98.1 ms, GC Workers: 4]
      [GC Worker Start (ms): Min: 289934.1, Avg: 289934.4, Max: 289935.2, Diff: 1.1]
      [Ext Root Scanning (ms): Min: 0.4, Avg: 1.2, Max: 1.5, Diff: 1.0, Sum: 4.9]
      [Update RS (ms): Min: 9.2, Avg: 11.2, Max: 17.1, Diff: 8.0, Sum: 44.6]
         [Processed Buffers: Min: 45, Avg: 48.3, Max: 51, Diff: 6, Sum: 193]
      [Scan RS (ms): Min: 0.0, Avg: 0.0, Max: 0.0, Diff: 0.0, Sum: 0.2]
      [Object Copy (ms): Min: 79.5, Avg: 85.3, Max: 87.3, Diff: 7.9, Sum: 341.3]
      [Termination (ms): Min: 0.0, Avg: 0.0, Max: 0.1, Diff: 0.1, Sum: 0.2]
      [GC Worker Other (ms): Min: 0.0, Avg: 0.0, Max: 0.0, Diff: 0.0, Sum: 0.0]
      [GC Worker Total (ms): Min: 97.0, Avg: 97.8, Max: 98.1, Diff: 1.1, Sum: 391.2]
      [GC Worker End (ms): Min: 290032.1, Avg: 290032.2, Max: 290032.2, Diff: 0.0]
   [Code Root Fixup: 0.0 ms]
   [Clear CT: 0.1 ms]
   [Other: 1.1 ms]
      [Choose CSet: 0.0 ms]
      [Ref Proc: 0.0 ms]
      [Ref Enq: 0.0 ms]
      [Free CSet: 0.1 ms]
   [Eden: 130.0M(130.0M)->0.0B(160.0M) Survivors: 21.0M->19.0M Heap: 1055.5M(2048.0M)->1011.5M(2048.0M)]
 [Times: user=0.36 sys=0.00, real=0.10 secs] 
290.170: [GC pause (young) (initial-mark), 0.1192660 secs]
   [Parallel Time: 117.5 ms, GC Workers: 4]
      [GC Worker Start (ms): Min: 290169.9, Avg: 290169.9, Max: 290169.9, Diff: 0.0]
      [Ext Root Scanning (ms): Min: 1.5, Avg: 1.5, Max: 1.5, Diff: 0.1, Sum: 5.9]
      [Update RS (ms): Min: 22.1, Avg: 22.1, Max: 22.1, Diff: 0.1, Sum: 88.4]
         [Processed Buffers: Min: 114, Avg: 128.8, Max: 140, Diff: 26, Sum: 515]
      [Scan RS (ms): Min: 0.2, Avg: 0.2, Max: 0.2, Diff: 0.0, Sum: 0.8]
      [Object Copy (ms): Min: 93.6, Avg: 93.7, Max: 93.7, Diff: 0.1, Sum: 374.7]
      [Termination (ms): Min: 0.0, Avg: 0.0, Max: 0.0, Diff: 0.0, Sum: 0.0]
      [GC Worker Other (ms): Min: 0.0, Avg: 0.0, Max: 0.0, Diff: 0.0, Sum: 0.1]
      [GC Worker Total (ms): Min: 117.4, Avg: 117.4, Max: 117.5, Diff: 0.0, Sum: 469.8]
      [GC Worker End (ms): Min: 290287.4, Avg: 290287.4, Max: 290287.4, Diff: 0.0]
   [Code Root Fixup: 0.0 ms]
   [Clear CT: 0.3 ms]
   [Other: 1.5 ms]
      [Choose CSet: 0.0 ms]
      [Ref Proc: 0.0 ms]
      [Ref Enq: 0.0 ms]
      [Free CSet: 0.2 ms]
   [Eden: 160.0M(160.0M)->0.0B(197.0M) Survivors: 19.0M->23.0M Heap: 1171.5M(2048.0M)->1104.0M(2048.0M)]
 [Times: user=0.45 sys=0.00, real=0.12 secs] 
290.289: [GC concurrent-root-region-scan-start]
290.313: [GC concurrent-root-region-scan-end, 0.0239273 secs]
290.313: [GC concurrent-mark-start]
290.517: [GC pause (young), 0.0984481 secs]
   [Parallel Time: 96.7 ms, GC Workers: 4]
      [GC Worker Start (ms): Min: 290517.2, Avg: 290517.2, Max: 290517.2, Diff: 0.0]
      [Ext Root Scanning (ms): Min: 1.2, Avg: 1.2, Max: 1.2, Diff: 0.0, Sum: 4.9]
      [SATB Filtering (ms): Min: 0.0, Avg: 0.8, Max: 3.1, Diff: 3.1, Sum: 3.1]
      [Update RS (ms): Min: 21.7, Avg: 24.2, Max: 25.0, Diff: 3.3, Sum: 96.6]
         [Processed Buffers: Min: 146, Avg: 187.5, Max: 215, Diff: 69, Sum: 750]
      [Scan RS (ms): Min: 0.1, Avg: 0.2, Max: 0.3, Diff: 0.2, Sum: 0.7]
      [Object Copy (ms): Min: 70.4, Avg: 70.4, Max: 70.4, Diff: 0.0, Sum: 281.5]
      [Termination (ms): Min: 0.0, Avg: 0.0, Max: 0.0, Diff: 0.0, Sum: 0.0]
      [GC Worker Other (ms): Min: 0.0, Avg: 0.0, Max: 0.0, Diff: 0.0, Sum: 0.1]
      [GC Worker Total (ms): Min: 96.7, Avg: 96.7, Max: 96.7, Diff: 0.0, Sum: 386.8]
      [GC Worker End (ms): Min: 290613.9, Avg: 290613.9, Max: 290613.9, Diff: 0.0]
   [Code Root Fixup: 0.0 ms]
   [Clear CT: 0.4 ms]
   [Other: 1.4 ms]
      [Choose CSet: 0.0 ms]
      [Ref Proc: 0.3 ms]
      [Ref Enq: 0.0 ms]
      [Free CSet: 0.2 ms]
   [Eden: 197.0M(197.0M)->0.0B(248.0M) Survivors: 23.0M->28.0M Heap: 1301.0M(2048.0M)->1167.0M(2048.0M)]
 [Times: user=0.33 sys=0.00, real=0.10 secs] 
290.867: [GC pause (young), 0.1462937 secs]
   [Parallel Time: 144.6 ms, GC Workers: 4]
      [GC Worker Start (ms): Min: 290868.0, Avg: 290868.8, Max: 290869.2, Diff: 1.2]
      [Ext Root Scanning (ms): Min: 1.0, Avg: 1.3, Max: 2.0, Diff: 1.0, Sum: 5.1]
      [SATB Filtering (ms): Min: 0.0, Avg: 0.7, Max: 2.6, Diff: 2.6, Sum: 2.6]
      [Update RS (ms): Min: 14.2, Avg: 19.9, Max: 32.0, Diff: 17.9, Sum: 79.8]
         [Processed Buffers: Min: 118, Avg: 125.3, Max: 137, Diff: 19, Sum: 501]
      [Scan RS (ms): Min: 0.0, Avg: 0.6, Max: 1.8, Diff: 1.8, Sum: 2.5]
      [Object Copy (ms): Min: 110.1, Avg: 120.9, Max: 125.0, Diff: 14.8, Sum: 483.6]
      [Termination (ms): Min: 0.0, Avg: 0.0, Max: 0.0, Diff: 0.0, Sum: 0.0]
      [GC Worker Other (ms): Min: 0.0, Avg: 0.1, Max: 0.2, Diff: 0.2, Sum: 0.2]
      [GC Worker Total (ms): Min: 143.1, Avg: 143.4, Max: 144.2, Diff: 1.1, Sum: 573.8]
      [GC Worker End (ms): Min: 291012.2, Avg: 291012.3, Max: 291012.4, Diff: 0.2]
   [Code Root Fixup: 0.0 ms]
   [Clear CT: 0.1 ms]
   [Other: 1.6 ms]
      [Choose CSet: 0.0 ms]
      [Ref Proc: 0.0 ms]
      [Ref Enq: 0.0 ms]
      [Free CSet: 0.3 ms]
   [Eden: 248.0M(248.0M)->0.0B(230.0M) Survivors: 28.0M->35.0M Heap: 1415.0M(2048.0M)->1294.0M(2048.0M)]
 [Times: user=0.55 sys=0.00, real=0.15 secs] 
291.066: [GC concurrent-mark-end, 0.7527774 secs]
291.070: [GC remark 291.070: [GC ref-proc, 0.0019634 secs], 0.0040106 secs]
 [Times: user=0.00 sys=0.00, real=0.00 secs] 
291.074: [GC cleanup 1339M->654M(2048M), 0.0016944 secs]
 [Times: user=0.00 sys=0.00, real=0.00 secs] 
291.076: [GC concurrent-cleanup-start]
291.077: [GC concurrent-cleanup-end, 0.0008878 secs]
291.259: [GC pause (young), 0.1862339 secs]
   [Parallel Time: 183.6 ms, GC Workers: 4]
      [GC Worker Start (ms): Min: 291259.5, Avg: 291259.5, Max: 291259.5, Diff: 0.0]
      [Ext Root Scanning (ms): Min: 1.4, Avg: 1.4, Max: 1.5, Diff: 0.1, Sum: 5.8]
      [Update RS (ms): Min: 28.9, Avg: 28.9, Max: 29.0, Diff: 0.1, Sum: 115.7]
         [Processed Buffers: Min: 182, Avg: 205.5, Max: 229, Diff: 47, Sum: 822]
      [Scan RS (ms): Min: 0.1, Avg: 0.2, Max: 0.2, Diff: 0.1, Sum: 0.8]
      [Object Copy (ms): Min: 153.0, Avg: 153.1, Max: 153.1, Diff: 0.1, Sum: 612.2]
      [Termination (ms): Min: 0.0, Avg: 0.0, Max: 0.0, Diff: 0.0, Sum: 0.0]
      [GC Worker Other (ms): Min: 0.0, Avg: 0.0, Max: 0.0, Diff: 0.0, Sum: 0.1]
      [GC Worker Total (ms): Min: 183.6, Avg: 183.6, Max: 183.6, Diff: 0.0, Sum: 734.5]
      [GC Worker End (ms): Min: 291443.1, Avg: 291443.1, Max: 291443.1, Diff: 0.0]
   [Code Root Fixup: 0.0 ms]
   [Clear CT: 0.9 ms]
   [Other: 1.7 ms]
      [Choose CSet: 0.0 ms]
      [Ref Proc: 0.0 ms]
      [Ref Enq: 0.0 ms]
      [Free CSet: 0.2 ms]
   [Eden: 230.0M(230.0M)->0.0B(210.0M) Survivors: 35.0M->34.0M Heap: 839.0M(2048.0M)->758.5M(2048.0M)]
 [Times: user=0.73 sys=0.00, real=0.19 secs] 
291.730: [GC pause (young), 0.1047329 secs]
   [Parallel Time: 102.7 ms, GC Workers: 4]
      [GC Worker Start (ms): Min: 291730.9, Avg: 291730.9, Max: 291730.9, Diff: 0.0]
      [Ext Root Scanning (ms): Min: 1.3, Avg: 1.3, Max: 1.3, Diff: 0.0, Sum: 5.3]
      [Update RS (ms): Min: 16.7, Avg: 17.1, Max: 18.2, Diff: 1.5, Sum: 68.6]
         [Processed Buffers: Min: 173, Avg: 195.0, Max: 214, Diff: 41, Sum: 780]
      [Scan RS (ms): Min: 0.0, Avg: 0.7, Max: 1.1, Diff: 1.1, Sum: 3.0]
      [Object Copy (ms): Min: 83.1, Avg: 83.5, Max: 83.6, Diff: 0.4, Sum: 333.8]
      [Termination (ms): Min: 0.0, Avg: 0.0, Max: 0.0, Diff: 0.0, Sum: 0.0]
      [GC Worker Other (ms): Min: 0.0, Avg: 0.0, Max: 0.0, Diff: 0.0, Sum: 0.1]
      [GC Worker Total (ms): Min: 102.7, Avg: 102.7, Max: 102.7, Diff: 0.0, Sum: 410.7]
      [GC Worker End (ms): Min: 291833.6, Avg: 291833.6, Max: 291833.6, Diff: 0.0]
   [Code Root Fixup: 0.0 ms]
   [Clear CT: 0.1 ms]
   [Other: 1.9 ms]
      [Choose CSet: 0.0 ms]
      [Ref Proc: 0.0 ms]
      [Ref Enq: 0.0 ms]
      [Free CSet: 0.3 ms]
   [Eden: 210.0M(210.0M)->0.0B(298.0M) Survivors: 34.0M->31.0M Heap: 968.5M(2048.0M)->833.0M(2048.0M)]
 [Times: user=0.44 sys=0.00, real=0.11 secs] 
292.110: [GC pause (young), 0.1905524 secs]
   [Parallel Time: 188.7 ms, GC Workers: 4]
      [GC Worker Start (ms): Min: 292110.3, Avg: 292110.4, Max: 292110.4, Diff: 0.0]
      [Ext Root Scanning (ms): Min: 1.2, Avg: 1.2, Max: 1.2, Diff: 0.0, Sum: 4.9]
      [Update RS (ms): Min: 17.2, Avg: 17.2, Max: 17.3, Diff: 0.0, Sum: 69.0]
         [Processed Buffers: Min: 118, Avg: 135.8, Max: 148, Diff: 30, Sum: 543]
      [Scan RS (ms): Min: 0.5, Avg: 0.6, Max: 0.6, Diff: 0.1, Sum: 2.3]
      [Object Copy (ms): Min: 169.6, Avg: 169.6, Max: 169.6, Diff: 0.0, Sum: 678.4]
      [Termination (ms): Min: 0.0, Avg: 0.0, Max: 0.0, Diff: 0.0, Sum: 0.0]
      [GC Worker Other (ms): Min: 0.0, Avg: 0.0, Max: 0.0, Diff: 0.0, Sum: 0.1]
      [GC Worker Total (ms): Min: 188.7, Avg: 188.7, Max: 188.7, Diff: 0.0, Sum: 754.7]
      [GC Worker End (ms): Min: 292299.0, Avg: 292299.0, Max: 292299.0, Diff: 0.0]
   [Code Root Fixup: 0.0 ms]
   [Clear CT: 0.1 ms]
   [Other: 1.7 ms]
      [Choose CSet: 0.0 ms]
      [Ref Proc: 0.0 ms]
      [Ref Enq: 0.0 ms]
      [Free CSet: 0.3 ms]
   [Eden: 298.0M(298.0M)->0.0B(217.0M) Survivors: 31.0M->42.0M Heap: 1131.0M(2048.0M)->1008.5M(2048.0M)]
 [Times: user=0.72 sys=0.00, real=0.19 secs] 
292.548: [GC pause (young) (initial-mark), 0.1247125 secs]
   [Parallel Time: 122.5 ms, GC Workers: 4]
      [GC Worker Start (ms): Min: 292548.1, Avg: 292548.1, Max: 292548.1, Diff: 0.0]
      [Ext Root Scanning (ms): Min: 1.3, Avg: 1.4, Max: 1.5, Diff: 0.2, Sum: 5.5]
      [Update RS (ms): Min: 20.2, Avg: 20.3, Max: 20.4, Diff: 0.2, Sum: 81.3]
         [Processed Buffers: Min: 170, Avg: 198.3, Max: 225, Diff: 55, Sum: 793]
      [Scan RS (ms): Min: 1.7, Avg: 1.7, Max: 1.7, Diff: 0.0, Sum: 6.8]
      [Object Copy (ms): Min: 99.1, Avg: 99.1, Max: 99.1, Diff: 0.0, Sum: 396.4]
      [Termination (ms): Min: 0.0, Avg: 0.0, Max: 0.0, Diff: 0.0, Sum: 0.0]
      [GC Worker Other (ms): Min: 0.0, Avg: 0.0, Max: 0.0, Diff: 0.0, Sum: 0.1]
      [GC Worker Total (ms): Min: 122.5, Avg: 122.5, Max: 122.5, Diff: 0.0, Sum: 490.1]
      [GC Worker End (ms): Min: 292670.6, Avg: 292670.7, Max: 292670.7, Diff: 0.0]
   [Code Root Fixup: 0.0 ms]
   [Clear CT: 0.1 ms]
   [Other: 2.1 ms]
      [Choose CSet: 0.0 ms]
      [Ref Proc: 0.1 ms]
      [Ref Enq: 0.0 ms]
      [Free CSet: 0.3 ms]
   [Eden: 217.0M(217.0M)->0.0B(336.0M) Survivors: 42.0M->33.0M Heap: 1225.5M(2048.0M)->1088.0M(2048.0M)]
 [Times: user=0.48 sys=0.00, real=0.13 secs] 
292.673: [GC concurrent-root-region-scan-start]
292.708: [GC concurrent-root-region-scan-end, 0.0356515 secs]
292.708: [GC concurrent-mark-start]
293.039: [GC pause (young), 0.1712928 secs]
   [Parallel Time: 169.2 ms, GC Workers: 4]
      [GC Worker Start (ms): Min: 293039.1, Avg: 293039.1, Max: 293039.1, Diff: 0.0]
      [Ext Root Scanning (ms): Min: 1.3, Avg: 1.3, Max: 1.3, Diff: 0.0, Sum: 5.1]
      [SATB Filtering (ms): Min: 0.0, Avg: 0.7, Max: 2.8, Diff: 2.8, Sum: 2.8]
      [Update RS (ms): Min: 15.0, Avg: 17.1, Max: 17.9, Diff: 2.8, Sum: 68.5]
         [Processed Buffers: Min: 120, Avg: 161.3, Max: 193, Diff: 73, Sum: 645]
      [Scan RS (ms): Min: 0.2, Avg: 0.3, Max: 0.3, Diff: 0.1, Sum: 1.2]
      [Object Copy (ms): Min: 149.7, Avg: 149.7, Max: 149.7, Diff: 0.0, Sum: 598.9]
      [Termination (ms): Min: 0.0, Avg: 0.0, Max: 0.0, Diff: 0.0, Sum: 0.0]
      [GC Worker Other (ms): Min: 0.0, Avg: 0.0, Max: 0.0, Diff: 0.0, Sum: 0.1]
      [GC Worker Total (ms): Min: 169.1, Avg: 169.2, Max: 169.2, Diff: 0.0, Sum: 676.6]
      [GC Worker End (ms): Min: 293208.3, Avg: 293208.3, Max: 293208.3, Diff: 0.0]
   [Code Root Fixup: 0.0 ms]
   [Clear CT: 0.5 ms]
   [Other: 1.6 ms]
      [Choose CSet: 0.0 ms]
      [Ref Proc: 0.0 ms]
      [Ref Enq: 0.0 ms]
      [Free CSet: 0.3 ms]
   [Eden: 336.0M(336.0M)->0.0B(243.0M) Survivors: 33.0M->47.0M Heap: 1424.0M(2048.0M)->1238.0M(2048.0M)]
 [Times: user=0.65 sys=0.00, real=0.17 secs] 
293.420: [GC concurrent-mark-end, 0.7120066 secs]
293.421: [GC remark 293.421: [GC ref-proc, 0.0017989 secs], 0.0032883 secs]
 [Times: user=0.01 sys=0.00, real=0.00 secs] 
293.425: [GC cleanup 1398M->759M(2048M), 0.0012489 secs]
 [Times: user=0.00 sys=0.00, real=0.00 secs] 
293.426: [GC concurrent-cleanup-start]
293.427: [GC concurrent-cleanup-end, 0.0007383 secs]
293.501: [GC pause (young), 0.1167753 secs]
   [Parallel Time: 114.7 ms, GC Workers: 4]
      [GC Worker Start (ms): Min: 293501.3, Avg: 293501.3, Max: 293501.3, Diff: 0.0]
      [Ext Root Scanning (ms): Min: 1.2, Avg: 1.2, Max: 1.3, Diff: 0.1, Sum: 4.9]
      [Update RS (ms): Min: 19.4, Avg: 20.3, Max: 22.6, Diff: 3.2, Sum: 81.0]
         [Processed Buffers: Min: 153, Avg: 186.8, Max: 218, Diff: 65, Sum: 747]
      [Scan RS (ms): Min: 0.0, Avg: 0.6, Max: 0.8, Diff: 0.8, Sum: 2.3]
      [Object Copy (ms): Min: 90.8, Avg: 92.6, Max: 93.3, Diff: 2.4, Sum: 370.6]
      [Termination (ms): Min: 0.0, Avg: 0.0, Max: 0.0, Diff: 0.0, Sum: 0.0]
      [GC Worker Other (ms): Min: 0.0, Avg: 0.0, Max: 0.0, Diff: 0.0, Sum: 0.1]
      [GC Worker Total (ms): Min: 114.7, Avg: 114.7, Max: 114.7, Diff: 0.0, Sum: 458.9]
      [GC Worker End (ms): Min: 293616.0, Avg: 293616.0, Max: 293616.0, Diff: 0.0]
   [Code Root Fixup: 0.0 ms]
   [Clear CT: 0.3 ms]
   [Other: 1.7 ms]
      [Choose CSet: 0.0 ms]
      [Ref Proc: 0.0 ms]
      [Ref Enq: 0.0 ms]
      [Free CSet: 0.2 ms]
   [Eden: 243.0M(243.0M)->0.0B(426.0M) Survivors: 47.0M->37.0M Heap: 842.0M(2048.0M)->670.5M(2048.0M)]
 [Times: user=0.50 sys=0.00, real=0.12 secs] 
294.047: [GC pause (young), 0.2729542 secs]
   [Parallel Time: 270.3 ms, GC Workers: 4]
      [GC Worker Start (ms): Min: 294047.7, Avg: 294047.7, Max: 294047.7, Diff: 0.0]
      [Ext Root Scanning (ms): Min: 1.2, Avg: 1.2, Max: 1.3, Diff: 0.0, Sum: 5.0]
      [Update RS (ms): Min: 16.7, Avg: 16.7, Max: 16.7, Diff: 0.0, Sum: 66.8]
         [Processed Buffers: Min: 121, Avg: 135.3, Max: 152, Diff: 31, Sum: 541]
      [Scan RS (ms): Min: 0.9, Avg: 0.9, Max: 1.0, Diff: 0.1, Sum: 3.7]
      [Object Copy (ms): Min: 251.3, Avg: 251.4, Max: 251.4, Diff: 0.1, Sum: 1005.5]
      [Termination (ms): Min: 0.0, Avg: 0.0, Max: 0.0, Diff: 0.0, Sum: 0.0]
      [GC Worker Other (ms): Min: 0.0, Avg: 0.0, Max: 0.0, Diff: 0.0, Sum: 0.1]
      [GC Worker Total (ms): Min: 270.2, Avg: 270.2, Max: 270.3, Diff: 0.0, Sum: 1081.0]
      [GC Worker End (ms): Min: 294318.0, Avg: 294318.0, Max: 294318.0, Diff: 0.0]
   [Code Root Fixup: 0.0 ms]
   [Clear CT: 0.4 ms]
   [Other: 2.3 ms]
      [Choose CSet: 0.0 ms]
      [Ref Proc: 0.0 ms]
      [Ref Enq: 0.0 ms]
      [Free CSet: 0.4 ms]
   [Eden: 426.0M(426.0M)->0.0B(218.0M) Survivors: 37.0M->58.0M Heap: 1096.5M(2048.0M)->942.5M(2048.0M)]
 [Times: user=1.01 sys=0.02, real=0.27 secs] 
294.622: [GC pause (young), 0.1565987 secs]
   [Parallel Time: 153.3 ms, GC Workers: 4]
      [GC Worker Start (ms): Min: 294622.1, Avg: 294622.1, Max: 294622.1, Diff: 0.0]
      [Ext Root Scanning (ms): Min: 1.2, Avg: 1.2, Max: 1.3, Diff: 0.1, Sum: 5.0]
      [Update RS (ms): Min: 19.2, Avg: 19.3, Max: 19.3, Diff: 0.0, Sum: 77.0]
         [Processed Buffers: Min: 211, Avg: 249.3, Max: 285, Diff: 74, Sum: 997]
      [Scan RS (ms): Min: 23.3, Avg: 23.3, Max: 23.4, Diff: 0.1, Sum: 93.3]
      [Object Copy (ms): Min: 109.4, Avg: 109.4, Max: 109.4, Diff: 0.1, Sum: 437.6]
      [Termination (ms): Min: 0.0, Avg: 0.0, Max: 0.0, Diff: 0.0, Sum: 0.0]
      [GC Worker Other (ms): Min: 0.0, Avg: 0.0, Max: 0.0, Diff: 0.0, Sum: 0.1]
      [GC Worker Total (ms): Min: 153.2, Avg: 153.3, Max: 153.3, Diff: 0.0, Sum: 613.0]
      [GC Worker End (ms): Min: 294775.4, Avg: 294775.4, Max: 294775.4, Diff: 0.0]
   [Code Root Fixup: 0.0 ms]
   [Clear CT: 0.9 ms]
   [Other: 2.4 ms]
      [Choose CSet: 0.0 ms]
      [Ref Proc: 0.4 ms]
      [Ref Enq: 0.0 ms]
      [Free CSet: 0.2 ms]
   [Eden: 200.0M(44.0M)->0.0B(273.0M) Survivors: 58.0M->13.0M Heap: 1142.5M(2048.0M)->1009.0M(2048.0M)]
 [Times: user=0.50 sys=0.00, real=0.16 secs] 
295.125: [GC pause (young) (initial-mark), 0.1431260 secs]
   [Parallel Time: 141.0 ms, GC Workers: 4]
      [GC Worker Start (ms): Min: 295125.8, Avg: 295125.8, Max: 295125.8, Diff: 0.0]
      [Ext Root Scanning (ms): Min: 1.3, Avg: 1.3, Max: 1.3, Diff: 0.1, Sum: 5.1]
      [Update RS (ms): Min: 20.0, Avg: 20.0, Max: 20.1, Diff: 0.0, Sum: 80.1]
         [Processed Buffers: Min: 195, Avg: 223.0, Max: 249, Diff: 54, Sum: 892]
      [Scan RS (ms): Min: 0.1, Avg: 0.1, Max: 0.2, Diff: 0.0, Sum: 0.6]
      [Object Copy (ms): Min: 119.5, Avg: 119.5, Max: 119.5, Diff: 0.1, Sum: 478.0]
      [Termination (ms): Min: 0.0, Avg: 0.0, Max: 0.0, Diff: 0.0, Sum: 0.0]
      [GC Worker Other (ms): Min: 0.0, Avg: 0.0, Max: 0.0, Diff: 0.0, Sum: 0.1]
      [GC Worker Total (ms): Min: 141.0, Avg: 141.0, Max: 141.0, Diff: 0.0, Sum: 563.9]
      [GC Worker End (ms): Min: 295266.8, Avg: 295266.8, Max: 295266.8, Diff: 0.0]
   [Code Root Fixup: 0.0 ms]
   [Clear CT: 0.1 ms]
   [Other: 2.0 ms]
      [Choose CSet: 0.0 ms]
      [Ref Proc: 0.0 ms]
      [Ref Enq: 0.0 ms]
      [Free CSet: 0.3 ms]
   [Eden: 273.0M(273.0M)->0.0B(222.0M) Survivors: 13.0M->36.0M Heap: 1282.0M(2048.0M)->1153.5M(2048.0M)]
 [Times: user=0.55 sys=0.00, real=0.14 secs] 
295.269: [GC concurrent-root-region-scan-start]
295.335: [GC concurrent-root-region-scan-end, 0.0663826 secs]
295.335: [GC concurrent-mark-start]
295.502: [GC pause (young), 0.0745834 secs]
   [Parallel Time: 73.4 ms, GC Workers: 4]
      [GC Worker Start (ms): Min: 295501.7, Avg: 295508.3, Max: 295527.8, Diff: 26.0]
      [Ext Root Scanning (ms): Min: 0.1, Avg: 1.2, Max: 1.7, Diff: 1.6, Sum: 5.0]
      [SATB Filtering (ms): Min: 0.0, Avg: 0.0, Max: 0.2, Diff: 0.2, Sum: 0.2]
      [Update RS (ms): Min: 6.8, Avg: 25.0, Max: 31.1, Diff: 24.3, Sum: 100.0]
         [Processed Buffers: Min: 42, Avg: 141.3, Max: 181, Diff: 139, Sum: 565]
      [Scan RS (ms): Min: 0.2, Avg: 0.2, Max: 0.2, Diff: 0.0, Sum: 0.7]
      [Object Copy (ms): Min: 39.8, Avg: 40.0, Max: 40.4, Diff: 0.6, Sum: 159.9]
      [Termination (ms): Min: 0.0, Avg: 0.4, Max: 0.5, Diff: 0.5, Sum: 1.5]
      [GC Worker Other (ms): Min: 0.0, Avg: 0.0, Max: 0.0, Diff: 0.0, Sum: 0.1]
      [GC Worker Total (ms): Min: 47.3, Avg: 66.8, Max: 73.4, Diff: 26.1, Sum: 267.4]
      [GC Worker End (ms): Min: 295575.1, Avg: 295575.1, Max: 295575.1, Diff: 0.0]
   [Code Root Fixup: 0.0 ms]
   [Clear CT: 0.1 ms]
   [Other: 1.1 ms]
      [Choose CSet: 0.0 ms]
      [Ref Proc: 0.0 ms]
      [Ref Enq: 0.0 ms]
      [Free CSet: 0.3 ms]
   [Eden: 222.0M(222.0M)->0.0B(386.0M) Survivors: 36.0M->14.0M Heap: 1375.5M(2048.0M)->1168.0M(2048.0M)]
 [Times: user=0.23 sys=0.00, real=0.07 secs] 
295.866: [GC concurrent-mark-end, 0.5309748 secs]
295.866: [GC remark 295.868: [GC ref-proc, 0.0018050 secs], 0.0042264 secs]
 [Times: user=0.00 sys=0.00, real=0.00 secs] 
295.871: [GC cleanup 1495M->756M(2048M), 0.0012338 secs]
 [Times: user=0.00 sys=0.00, real=0.00 secs] 
295.872: [GC concurrent-cleanup-start]
295.873: [GC concurrent-cleanup-end, 0.0008659 secs]
295.932: [GC pause (young), 0.1775180 secs]
   [Parallel Time: 175.6 ms, GC Workers: 4]
      [GC Worker Start (ms): Min: 295932.1, Avg: 295932.1, Max: 295932.1, Diff: 0.0]
      [Ext Root Scanning (ms): Min: 1.5, Avg: 1.5, Max: 1.6, Diff: 0.1, Sum: 6.2]
      [Update RS (ms): Min: 15.2, Avg: 15.2, Max: 15.3, Diff: 0.2, Sum: 60.9]
         [Processed Buffers: Min: 206, Avg: 232.0, Max: 261, Diff: 55, Sum: 928]
      [Scan RS (ms): Min: 0.0, Avg: 0.1, Max: 0.1, Diff: 0.1, Sum: 0.4]
      [Object Copy (ms): Min: 158.3, Avg: 158.3, Max: 158.3, Diff: 0.1, Sum: 633.3]
      [Termination (ms): Min: 0.0, Avg: 0.0, Max: 0.0, Diff: 0.0, Sum: 0.0]
      [GC Worker Other (ms): Min: 0.0, Avg: 0.2, Max: 0.4, Diff: 0.4, Sum: 0.8]
      [GC Worker Total (ms): Min: 175.2, Avg: 175.4, Max: 175.6, Diff: 0.4, Sum: 701.5]
      [GC Worker End (ms): Min: 296107.3, Avg: 296107.5, Max: 296107.7, Diff: 0.4]
   [Code Root Fixup: 0.0 ms]
   [Clear CT: 0.1 ms]
   [Other: 1.8 ms]
      [Choose CSet: 0.0 ms]
      [Ref Proc: 0.1 ms]
      [Ref Enq: 0.0 ms]
      [Free CSet: 0.3 ms]
   [Eden: 386.0M(386.0M)->0.0B(95.0M) Survivors: 14.0M->50.0M Heap: 815.0M(2048.0M)->613.5M(2048.0M)]
 [Times: user=0.70 sys=0.00, real=0.18 secs] 
296.216: [GC pause (young), 0.0834849 secs]
   [Parallel Time: 81.9 ms, GC Workers: 4]
      [GC Worker Start (ms): Min: 296216.5, Avg: 296216.5, Max: 296216.5, Diff: 0.0]
      [Ext Root Scanning (ms): Min: 1.2, Avg: 1.2, Max: 1.2, Diff: 0.0, Sum: 4.9]
      [Update RS (ms): Min: 23.2, Avg: 23.2, Max: 23.3, Diff: 0.1, Sum: 92.8]
         [Processed Buffers: Min: 152, Avg: 162.3, Max: 172, Diff: 20, Sum: 649]
      [Scan RS (ms): Min: 2.4, Avg: 2.5, Max: 2.6, Diff: 0.1, Sum: 10.0]
      [Object Copy (ms): Min: 54.9, Avg: 54.9, Max: 55.0, Diff: 0.1, Sum: 219.8]
      [Termination (ms): Min: 0.0, Avg: 0.0, Max: 0.0, Diff: 0.0, Sum: 0.0]
      [GC Worker Other (ms): Min: 0.0, Avg: 0.0, Max: 0.0, Diff: 0.0, Sum: 0.1]
      [GC Worker Total (ms): Min: 81.9, Avg: 81.9, Max: 81.9, Diff: 0.0, Sum: 327.6]
      [GC Worker End (ms): Min: 296298.4, Avg: 296298.4, Max: 296298.4, Diff: 0.0]
   [Code Root Fixup: 0.0 ms]
   [Clear CT: 0.4 ms]
   [Other: 1.2 ms]
      [Choose CSet: 0.0 ms]
      [Ref Proc: 0.0 ms]
      [Ref Enq: 0.0 ms]
      [Free CSet: 0.1 ms]
   [Eden: 95.0M(95.0M)->0.0B(196.0M) Survivors: 50.0M->14.0M Heap: 708.5M(2048.0M)->629.0M(2048.0M)]
 [Times: user=0.31 sys=0.00, real=0.08 secs] 
296.519: [GC pause (young), 0.1101075 secs]
   [Parallel Time: 108.6 ms, GC Workers: 4]
      [GC Worker Start (ms): Min: 296519.7, Avg: 296519.8, Max: 296519.8, Diff: 0.0]
      [Ext Root Scanning (ms): Min: 1.4, Avg: 1.4, Max: 1.4, Diff: 0.1, Sum: 5.6]
      [Update RS (ms): Min: 18.6, Avg: 18.6, Max: 18.7, Diff: 0.1, Sum: 74.5]
         [Processed Buffers: Min: 181, Avg: 207.5, Max: 233, Diff: 52, Sum: 830]
      [Scan RS (ms): Min: 0.1, Avg: 0.1, Max: 0.2, Diff: 0.1, Sum: 0.6]
      [Object Copy (ms): Min: 88.3, Avg: 88.3, Max: 88.3, Diff: 0.0, Sum: 353.2]
      [Termination (ms): Min: 0.0, Avg: 0.0, Max: 0.0, Diff: 0.0, Sum: 0.0]
      [GC Worker Other (ms): Min: 0.0, Avg: 0.1, Max: 0.1, Diff: 0.1, Sum: 0.3]
      [GC Worker Total (ms): Min: 108.5, Avg: 108.5, Max: 108.6, Diff: 0.2, Sum: 434.2]
      [GC Worker End (ms): Min: 296628.2, Avg: 296628.3, Max: 296628.4, Diff: 0.1]
   [Code Root Fixup: 0.0 ms]
   [Clear CT: 0.2 ms]
   [Other: 1.3 ms]
      [Choose CSet: 0.0 ms]
      [Ref Proc: 0.1 ms]
      [Ref Enq: 0.0 ms]
      [Free CSet: 0.2 ms]
   [Eden: 196.0M(196.0M)->0.0B(253.0M) Survivors: 14.0M->27.0M Heap: 825.0M(2048.0M)->726.0M(2048.0M)]
 [Times: user=0.37 sys=0.00, real=0.11 secs] 
296.862: [GC pause (young), 0.1672107 secs]
   [Parallel Time: 165.1 ms, GC Workers: 4]
      [GC Worker Start (ms): Min: 296862.2, Avg: 296862.2, Max: 296862.2, Diff: 0.0]
      [Ext Root Scanning (ms): Min: 1.2, Avg: 1.2, Max: 1.2, Diff: 0.1, Sum: 4.9]
      [Update RS (ms): Min: 19.2, Avg: 19.2, Max: 19.3, Diff: 0.0, Sum: 77.0]
         [Processed Buffers: Min: 110, Avg: 123.8, Max: 133, Diff: 23, Sum: 495]
      [Scan RS (ms): Min: 0.2, Avg: 0.2, Max: 0.2, Diff: 0.0, Sum: 0.8]
      [Object Copy (ms): Min: 144.4, Avg: 144.4, Max: 144.4, Diff: 0.0, Sum: 577.6]
      [Termination (ms): Min: 0.0, Avg: 0.0, Max: 0.0, Diff: 0.0, Sum: 0.0]
      [GC Worker Other (ms): Min: 0.0, Avg: 0.0, Max: 0.0, Diff: 0.0, Sum: 0.1]
      [GC Worker Total (ms): Min: 165.1, Avg: 165.1, Max: 165.1, Diff: 0.0, Sum: 660.3]
      [GC Worker End (ms): Min: 297027.3, Avg: 297027.3, Max: 297027.3, Diff: 0.0]
   [Code Root Fixup: 0.0 ms]
   [Clear CT: 0.4 ms]
   [Other: 1.7 ms]
      [Choose CSet: 0.0 ms]
      [Ref Proc: 0.1 ms]
      [Ref Enq: 0.0 ms]
      [Free CSet: 0.2 ms]
   [Eden: 253.0M(253.0M)->0.0B(246.0M) Survivors: 27.0M->35.0M Heap: 979.0M(2048.0M)->879.0M(2048.0M)]
 [Times: user=0.64 sys=0.00, real=0.17 secs] 
297.304: [GC pause (young), 0.1781999 secs]
   [Parallel Time: 175.4 ms, GC Workers: 4]
      [GC Worker Start (ms): Min: 297304.0, Avg: 297304.0, Max: 297304.0, Diff: 0.0]
      [Ext Root Scanning (ms): Min: 1.2, Avg: 1.2, Max: 1.2, Diff: 0.0, Sum: 4.9]
      [Update RS (ms): Min: 20.6, Avg: 20.6, Max: 20.7, Diff: 0.1, Sum: 82.5]
         [Processed Buffers: Min: 161, Avg: 189.5, Max: 221, Diff: 60, Sum: 758]
      [Scan RS (ms): Min: 0.1, Avg: 0.2, Max: 0.2, Diff: 0.1, Sum: 0.8]
      [Object Copy (ms): Min: 153.3, Avg: 153.3, Max: 153.3, Diff: 0.0, Sum: 613.2]
      [Termination (ms): Min: 0.0, Avg: 0.0, Max: 0.0, Diff: 0.0, Sum: 0.1]
      [GC Worker Other (ms): Min: 0.0, Avg: 0.0, Max: 0.0, Diff: 0.0, Sum: 0.0]
      [GC Worker Total (ms): Min: 175.4, Avg: 175.4, Max: 175.4, Diff: 0.0, Sum: 701.4]
      [GC Worker End (ms): Min: 297479.4, Avg: 297479.4, Max: 297479.4, Diff: 0.0]
   [Code Root Fixup: 0.0 ms]
   [Clear CT: 0.8 ms]
   [Other: 2.0 ms]
      [Choose CSet: 0.0 ms]
      [Ref Proc: 0.3 ms]
      [Ref Enq: 0.0 ms]
      [Free CSet: 0.2 ms]
   [Eden: 246.0M(246.0M)->0.0B(243.0M) Survivors: 35.0M->36.0M Heap: 1125.0M(2048.0M)->1027.5M(2048.0M)]
 [Times: user=0.61 sys=0.00, real=0.18 secs] 
297.775: [GC pause (young) (initial-mark), 0.1463861 secs]
   [Parallel Time: 143.9 ms, GC Workers: 4]
      [GC Worker Start (ms): Min: 297775.3, Avg: 297775.4, Max: 297775.4, Diff: 0.0]
      [Ext Root Scanning (ms): Min: 1.2, Avg: 1.2, Max: 1.3, Diff: 0.1, Sum: 4.9]
      [Update RS (ms): Min: 18.3, Avg: 18.3, Max: 18.3, Diff: 0.1, Sum: 73.1]
         [Processed Buffers: Min: 179, Avg: 195.8, Max: 220, Diff: 41, Sum: 783]
      [Scan RS (ms): Min: 0.3, Avg: 0.4, Max: 0.4, Diff: 0.1, Sum: 1.5]
      [Object Copy (ms): Min: 123.9, Avg: 124.0, Max: 124.0, Diff: 0.1, Sum: 495.9]
      [Termination (ms): Min: 0.0, Avg: 0.0, Max: 0.0, Diff: 0.0, Sum: 0.0]
      [GC Worker Other (ms): Min: 0.0, Avg: 0.0, Max: 0.0, Diff: 0.0, Sum: 0.1]
      [GC Worker Total (ms): Min: 143.9, Avg: 143.9, Max: 143.9, Diff: 0.0, Sum: 575.5]
      [GC Worker End (ms): Min: 297919.2, Avg: 297919.2, Max: 297919.2, Diff: 0.0]
   [Code Root Fixup: 0.0 ms]
   [Clear CT: 0.3 ms]
   [Other: 2.2 ms]
      [Choose CSet: 0.0 ms]
      [Ref Proc: 0.0 ms]
      [Ref Enq: 0.0 ms]
      [Free CSet: 0.3 ms]
   [Eden: 243.0M(243.0M)->0.0B(274.0M) Survivors: 36.0M->35.0M Heap: 1270.5M(2048.0M)->1144.0M(2048.0M)]
 [Times: user=0.53 sys=0.02, real=0.15 secs] 
297.922: [GC concurrent-root-region-scan-start]
297.995: [GC concurrent-root-region-scan-end, 0.0736991 secs]
297.995: [GC concurrent-mark-start]
298.176: [GC pause (young), 0.1160902 secs]
   [Parallel Time: 114.5 ms, GC Workers: 4]
      [GC Worker Start (ms): Min: 298176.3, Avg: 298176.3, Max: 298176.3, Diff: 0.0]
      [Ext Root Scanning (ms): Min: 1.2, Avg: 1.2, Max: 1.3, Diff: 0.0, Sum: 4.9]
      [SATB Filtering (ms): Min: 0.0, Avg: 0.8, Max: 3.1, Diff: 3.1, Sum: 3.1]
      [Update RS (ms): Min: 17.5, Avg: 19.9, Max: 20.7, Diff: 3.2, Sum: 79.5]
         [Processed Buffers: Min: 164, Avg: 190.5, Max: 212, Diff: 48, Sum: 762]
      [Scan RS (ms): Min: 0.2, Avg: 0.2, Max: 0.2, Diff: 0.1, Sum: 0.9]
      [Object Copy (ms): Min: 92.3, Avg: 92.3, Max: 92.3, Diff: 0.0, Sum: 369.3]
      [Termination (ms): Min: 0.0, Avg: 0.0, Max: 0.0, Diff: 0.0, Sum: 0.0]
      [GC Worker Other (ms): Min: 0.0, Avg: 0.0, Max: 0.0, Diff: 0.0, Sum: 0.1]
      [GC Worker Total (ms): Min: 114.4, Avg: 114.4, Max: 114.5, Diff: 0.0, Sum: 457.8]
      [GC Worker End (ms): Min: 298290.8, Avg: 298290.8, Max: 298290.8, Diff: 0.0]
   [Code Root Fixup: 0.0 ms]
   [Clear CT: 0.1 ms]
   [Other: 1.5 ms]
      [Choose CSet: 0.0 ms]
      [Ref Proc: 0.1 ms]
      [Ref Enq: 0.0 ms]
      [Free CSet: 0.2 ms]
   [Eden: 274.0M(274.0M)->0.0B(332.0M) Survivors: 35.0M->39.0M Heap: 1418.0M(2048.0M)->1224.0M(2048.0M)]
 [Times: user=0.47 sys=0.00, real=0.12 secs] 
298.611: [GC pause (young), 0.1531670 secs]
   [Parallel Time: 151.4 ms, GC Workers: 4]
      [GC Worker Start (ms): Min: 298611.2, Avg: 298611.2, Max: 298611.2, Diff: 0.0]
      [Ext Root Scanning (ms): Min: 1.3, Avg: 1.3, Max: 1.3, Diff: 0.0, Sum: 5.1]
      [SATB Filtering (ms): Min: 0.0, Avg: 0.6, Max: 2.6, Diff: 2.6, Sum: 2.6]
      [Update RS (ms): Min: 22.6, Avg: 24.5, Max: 25.2, Diff: 2.6, Sum: 98.0]
         [Processed Buffers: Min: 138, Avg: 150.8, Max: 161, Diff: 23, Sum: 603]
      [Scan RS (ms): Min: 0.1, Avg: 0.2, Max: 0.2, Diff: 0.0, Sum: 0.6]
      [Object Copy (ms): Min: 124.8, Avg: 124.8, Max: 124.8, Diff: 0.1, Sum: 499.1]
      [Termination (ms): Min: 0.0, Avg: 0.0, Max: 0.0, Diff: 0.0, Sum: 0.0]
      [GC Worker Other (ms): Min: 0.0, Avg: 0.0, Max: 0.0, Diff: 0.0, Sum: 0.1]
      [GC Worker Total (ms): Min: 151.4, Avg: 151.4, Max: 151.4, Diff: 0.0, Sum: 605.6]
      [GC Worker End (ms): Min: 298762.6, Avg: 298762.6, Max: 298762.6, Diff: 0.0]
   [Code Root Fixup: 0.0 ms]
   [Clear CT: 0.3 ms]
   [Other: 1.4 ms]
      [Choose CSet: 0.0 ms]
      [Ref Proc: 0.0 ms]
      [Ref Enq: 0.0 ms]
      [Free CSet: 0.3 ms]
   [Eden: 332.0M(332.0M)->0.0B(322.0M) Survivors: 39.0M->47.0M Heap: 1556.0M(2048.0M)->1346.0M(2048.0M)]
 [Times: user=0.61 sys=0.00, real=0.15 secs] 
298.826: [GC concurrent-mark-end, 0.8307989 secs]
298.827: [GC remark 298.827: [GC ref-proc, 0.0020074 secs], 0.0042736 secs]
 [Times: user=0.00 sys=0.00, real=0.00 secs] 
298.831: [GC cleanup 1424M->813M(2048M), 0.0017864 secs]
 [Times: user=0.00 sys=0.00, real=0.00 secs] 
298.833: [GC concurrent-cleanup-start]
298.834: [GC concurrent-cleanup-end, 0.0011953 secs]
299.074: [GC pause (young), 0.2410173 secs]
   [Parallel Time: 238.7 ms, GC Workers: 4]
      [GC Worker Start (ms): Min: 299074.5, Avg: 299074.5, Max: 299074.5, Diff: 0.0]
      [Ext Root Scanning (ms): Min: 1.2, Avg: 1.2, Max: 1.2, Diff: 0.0, Sum: 4.9]
      [Update RS (ms): Min: 29.4, Avg: 29.4, Max: 29.5, Diff: 0.0, Sum: 117.8]
         [Processed Buffers: Min: 182, Avg: 192.5, Max: 202, Diff: 20, Sum: 770]
      [Scan RS (ms): Min: 0.2, Avg: 0.2, Max: 0.2, Diff: 0.0, Sum: 0.9]
      [Object Copy (ms): Min: 207.7, Avg: 207.7, Max: 207.7, Diff: 0.0, Sum: 830.9]
      [Termination (ms): Min: 0.0, Avg: 0.0, Max: 0.0, Diff: 0.0, Sum: 0.0]
      [GC Worker Other (ms): Min: 0.0, Avg: 0.0, Max: 0.0, Diff: 0.0, Sum: 0.1]
      [GC Worker Total (ms): Min: 238.7, Avg: 238.7, Max: 238.7, Diff: 0.0, Sum: 954.6]
      [GC Worker End (ms): Min: 299313.2, Avg: 299313.2, Max: 299313.2, Diff: 0.0]
   [Code Root Fixup: 0.0 ms]
   [Clear CT: 0.1 ms]
   [Other: 2.2 ms]
      [Choose CSet: 0.0 ms]
      [Ref Proc: 0.0 ms]
      [Ref Enq: 0.0 ms]
      [Free CSet: 0.4 ms]
   [Eden: 322.0M(322.0M)->0.0B(55.0M) Survivors: 47.0M->47.0M Heap: 1057.0M(2048.0M)->940.0M(2048.0M)]
 [Times: user=0.89 sys=0.00, real=0.24 secs] 
299.457: [GC pause (mixed), 0.0792655 secs]
   [Parallel Time: 77.3 ms, GC Workers: 4]
      [GC Worker Start (ms): Min: 299457.7, Avg: 299458.8, Max: 299460.7, Diff: 3.0]
      [Ext Root Scanning (ms): Min: 0.1, Avg: 1.3, Max: 2.1, Diff: 2.0, Sum: 5.2]
      [Update RS (ms): Min: 25.0, Avg: 25.6, Max: 25.9, Diff: 0.9, Sum: 102.3]
         [Processed Buffers: Min: 138, Avg: 140.5, Max: 144, Diff: 6, Sum: 562]
      [Scan RS (ms): Min: 1.1, Avg: 1.2, Max: 1.3, Diff: 0.2, Sum: 4.7]
      [Object Copy (ms): Min: 47.3, Avg: 47.4, Max: 47.5, Diff: 0.2, Sum: 189.5]
      [Termination (ms): Min: 0.0, Avg: 0.0, Max: 0.0, Diff: 0.0, Sum: 0.0]
      [GC Worker Other (ms): Min: 0.0, Avg: 0.0, Max: 0.0, Diff: 0.0, Sum: 0.1]
      [GC Worker Total (ms): Min: 73.6, Avg: 75.5, Max: 76.5, Diff: 3.0, Sum: 301.9]
      [GC Worker End (ms): Min: 299534.3, Avg: 299534.3, Max: 299534.3, Diff: 0.0]
   [Code Root Fixup: 0.0 ms]
   [Clear CT: 0.4 ms]
   [Other: 1.6 ms]
      [Choose CSet: 0.0 ms]
      [Ref Proc: 0.1 ms]
      [Ref Enq: 0.0 ms]
      [Free CSet: 0.4 ms]
   [Eden: 55.0M(55.0M)->0.0B(340.0M) Survivors: 47.0M->2048.0K Heap: 995.0M(2048.0M)->885.0M(2048.0M)]
 [Times: user=0.28 sys=0.00, real=0.08 secs] 
299.905: [GC pause (young), 0.2163081 secs]
   [Parallel Time: 213.6 ms, GC Workers: 4]
      [GC Worker Start (ms): Min: 299905.6, Avg: 299905.6, Max: 299905.6, Diff: 0.0]
      [Ext Root Scanning (ms): Min: 1.2, Avg: 1.2, Max: 1.2, Diff: 0.0, Sum: 5.0]
      [Update RS (ms): Min: 20.3, Avg: 20.3, Max: 20.3, Diff: 0.0, Sum: 81.1]
         [Processed Buffers: Min: 263, Avg: 311.8, Max: 345, Diff: 82, Sum: 1247]
      [Scan RS (ms): Min: 0.1, Avg: 0.1, Max: 0.1, Diff: 0.0, Sum: 0.3]
      [Object Copy (ms): Min: 191.9, Avg: 191.9, Max: 191.9, Diff: 0.0, Sum: 767.6]
      [Termination (ms): Min: 0.0, Avg: 0.0, Max: 0.0, Diff: 0.0, Sum: 0.0]
      [GC Worker Other (ms): Min: 0.0, Avg: 0.0, Max: 0.0, Diff: 0.0, Sum: 0.1]
      [GC Worker Total (ms): Min: 213.5, Avg: 213.5, Max: 213.5, Diff: 0.0, Sum: 854.1]
      [GC Worker End (ms): Min: 300119.1, Avg: 300119.1, Max: 300119.1, Diff: 0.0]
   [Code Root Fixup: 0.0 ms]
   [Clear CT: 0.9 ms]
   [Other: 1.9 ms]
      [Choose CSet: 0.0 ms]
      [Ref Proc: 0.0 ms]
      [Ref Enq: 0.0 ms]
      [Free CSet: 0.3 ms]
   [Eden: 340.0M(340.0M)->0.0B(190.0M) Survivors: 2048.0K->43.0M Heap: 1225.0M(2048.0M)->1116.0M(2048.0M)]
 [Times: user=0.81 sys=0.00, real=0.22 secs] 
300.385: [GC pause (young) (initial-mark), 0.1551603 secs]
   [Parallel Time: 152.7 ms, GC Workers: 4]
      [GC Worker Start (ms): Min: 300386.1, Avg: 300386.1, Max: 300386.1, Diff: 0.0]
      [Ext Root Scanning (ms): Min: 1.3, Avg: 1.3, Max: 1.3, Diff: 0.1, Sum: 5.2]
      [Update RS (ms): Min: 15.6, Avg: 15.8, Max: 16.4, Diff: 0.8, Sum: 63.2]
         [Processed Buffers: Min: 189, Avg: 224.3, Max: 288, Diff: 99, Sum: 897]
      [Scan RS (ms): Min: 13.3, Avg: 13.9, Max: 14.1, Diff: 0.8, Sum: 55.4]
      [Object Copy (ms): Min: 121.6, Avg: 121.7, Max: 121.7, Diff: 0.1, Sum: 486.7]
      [Termination (ms): Min: 0.0, Avg: 0.0, Max: 0.0, Diff: 0.0, Sum: 0.0]
      [GC Worker Other (ms): Min: 0.0, Avg: 0.0, Max: 0.0, Diff: 0.0, Sum: 0.1]
      [GC Worker Total (ms): Min: 152.7, Avg: 152.7, Max: 152.7, Diff: 0.0, Sum: 610.7]
      [GC Worker End (ms): Min: 300538.8, Avg: 300538.8, Max: 300538.8, Diff: 0.0]
   [Code Root Fixup: 0.0 ms]
   [Clear CT: 0.1 ms]
   [Other: 2.3 ms]
      [Choose CSet: 0.0 ms]
      [Ref Proc: 0.2 ms]
      [Ref Enq: 0.0 ms]
      [Free CSet: 0.2 ms]
   [Eden: 190.0M(190.0M)->0.0B(131.0M) Survivors: 43.0M->30.0M Heap: 1306.0M(2048.0M)->1211.5M(2048.0M)]
 [Times: user=0.59 sys=0.00, real=0.16 secs] 
300.541: [GC concurrent-root-region-scan-start]
300.579: [GC concurrent-root-region-scan-end, 0.0377474 secs]
300.579: [GC concurrent-mark-start]
300.773: [GC pause (young), 0.0648046 secs]
   [Parallel Time: 63.7 ms, GC Workers: 4]
      [GC Worker Start (ms): Min: 300772.9, Avg: 300772.9, Max: 300772.9, Diff: 0.0]
      [Ext Root Scanning (ms): Min: 1.4, Avg: 2.6, Max: 5.7, Diff: 4.3, Sum: 10.5]
      [SATB Filtering (ms): Min: 0.0, Avg: 0.1, Max: 0.3, Diff: 0.3, Sum: 0.3]
      [Update RS (ms): Min: 16.9, Avg: 20.4, Max: 22.9, Diff: 6.0, Sum: 81.6]
         [Processed Buffers: Min: 104, Avg: 131.5, Max: 151, Diff: 47, Sum: 526]
      [Scan RS (ms): Min: 0.0, Avg: 0.2, Max: 0.3, Diff: 0.3, Sum: 0.6]
      [Object Copy (ms): Min: 39.0, Avg: 40.4, Max: 40.9, Diff: 1.8, Sum: 161.5]
      [Termination (ms): Min: 0.0, Avg: 0.0, Max: 0.0, Diff: 0.0, Sum: 0.0]
      [GC Worker Other (ms): Min: 0.0, Avg: 0.0, Max: 0.0, Diff: 0.0, Sum: 0.1]
      [GC Worker Total (ms): Min: 63.7, Avg: 63.7, Max: 63.7, Diff: 0.0, Sum: 254.7]
      [GC Worker End (ms): Min: 300836.5, Avg: 300836.5, Max: 300836.6, Diff: 0.0]
   [Code Root Fixup: 0.0 ms]
   [Clear CT: 0.1 ms]
   [Other: 1.0 ms]
      [Choose CSet: 0.0 ms]
      [Ref Proc: 0.2 ms]
      [Ref Enq: 0.0 ms]
      [Free CSet: 0.2 ms]
   [Eden: 131.0M(131.0M)->0.0B(224.0M) Survivors: 30.0M->19.0M Heap: 1342.5M(2048.0M)->1231.0M(2048.0M)]
 [Times: user=0.23 sys=0.00, real=0.06 secs] 
301.033: [GC pause (young), 0.1220223 secs]
   [Parallel Time: 120.6 ms, GC Workers: 4]
      [GC Worker Start (ms): Min: 301033.0, Avg: 301033.0, Max: 301033.0, Diff: 0.0]
      [Ext Root Scanning (ms): Min: 1.3, Avg: 1.3, Max: 1.3, Diff: 0.0, Sum: 5.3]
      [SATB Filtering (ms): Min: 0.0, Avg: 0.7, Max: 2.8, Diff: 2.8, Sum: 2.8]
      [Update RS (ms): Min: 11.3, Avg: 13.9, Max: 16.1, Diff: 4.9, Sum: 55.5]
         [Processed Buffers: Min: 97, Avg: 200.8, Max: 258, Diff: 161, Sum: 803]
      [Scan RS (ms): Min: 0.0, Avg: 0.1, Max: 0.1, Diff: 0.1, Sum: 0.3]
      [Object Copy (ms): Min: 103.1, Avg: 104.6, Max: 105.1, Diff: 2.0, Sum: 418.5]
      [Termination (ms): Min: 0.0, Avg: 0.0, Max: 0.0, Diff: 0.0, Sum: 0.0]
      [GC Worker Other (ms): Min: 0.0, Avg: 0.0, Max: 0.0, Diff: 0.0, Sum: 0.1]
      [GC Worker Total (ms): Min: 120.6, Avg: 120.6, Max: 120.6, Diff: 0.0, Sum: 482.5]
      [GC Worker End (ms): Min: 301153.6, Avg: 301153.6, Max: 301153.6, Diff: 0.0]
   [Code Root Fixup: 0.0 ms]
   [Clear CT: 0.1 ms]
   [Other: 1.3 ms]
      [Choose CSet: 0.0 ms]
      [Ref Proc: 0.0 ms]
      [Ref Enq: 0.0 ms]
      [Free CSet: 0.2 ms]
   [Eden: 224.0M(224.0M)->0.0B(193.0M) Survivors: 19.0M->31.0M Heap: 1455.0M(2048.0M)->1339.5M(2048.0M)]
 [Times: user=0.42 sys=0.00, real=0.12 secs] 
301.221: [GC concurrent-mark-end, 0.6422151 secs]
301.221: [GC remark 301.222: [GC ref-proc, 0.0017752 secs], 0.0032069 secs]
 [Times: user=0.02 sys=0.00, real=0.00 secs] 
301.225: [GC cleanup 1392M->550M(2048M), 0.0014622 secs]
 [Times: user=0.00 sys=0.00, real=0.00 secs] 
301.227: [GC concurrent-cleanup-start]
301.228: [GC concurrent-cleanup-end, 0.0009776 secs]
301.366: [GC pause (young), 0.1568027 secs]
   [Parallel Time: 155.1 ms, GC Workers: 4]
      [GC Worker Start (ms): Min: 301366.0, Avg: 301366.0, Max: 301366.1, Diff: 0.0]
      [Ext Root Scanning (ms): Min: 1.2, Avg: 1.2, Max: 1.2, Diff: 0.0, Sum: 4.9]
      [Update RS (ms): Min: 20.4, Avg: 21.2, Max: 23.3, Diff: 2.9, Sum: 84.6]
         [Processed Buffers: Min: 170, Avg: 185.3, Max: 219, Diff: 49, Sum: 741]
      [Scan RS (ms): Min: 0.0, Avg: 0.2, Max: 0.2, Diff: 0.2, Sum: 0.6]
      [Object Copy (ms): Min: 130.5, Avg: 132.5, Max: 133.2, Diff: 2.7, Sum: 530.1]
      [Termination (ms): Min: 0.0, Avg: 0.0, Max: 0.0, Diff: 0.0, Sum: 0.0]
      [GC Worker Other (ms): Min: 0.0, Avg: 0.0, Max: 0.0, Diff: 0.0, Sum: 0.1]
      [GC Worker Total (ms): Min: 155.1, Avg: 155.1, Max: 155.1, Diff: 0.0, Sum: 620.4]
      [GC Worker End (ms): Min: 301521.1, Avg: 301521.1, Max: 301521.1, Diff: 0.0]
   [Code Root Fixup: 0.0 ms]
   [Clear CT: 0.1 ms]
   [Other: 1.6 ms]
      [Choose CSet: 0.0 ms]
      [Ref Proc: 0.0 ms]
      [Ref Enq: 0.0 ms]
      [Free CSet: 0.2 ms]
   [Eden: 193.0M(193.0M)->0.0B(211.0M) Survivors: 31.0M->28.0M Heap: 690.5M(2048.0M)->630.0M(2048.0M)]
 [Times: user=0.61 sys=0.00, real=0.16 secs] 
301.807: [GC pause (young), 0.1510246 secs]
   [Parallel Time: 148.9 ms, GC Workers: 4]
      [GC Worker Start (ms): Min: 301807.2, Avg: 301807.3, Max: 301807.3, Diff: 0.0]
      [Ext Root Scanning (ms): Min: 1.3, Avg: 1.3, Max: 1.4, Diff: 0.1, Sum: 5.4]
      [Update RS (ms): Min: 17.7, Avg: 17.7, Max: 17.8, Diff: 0.0, Sum: 71.0]
         [Processed Buffers: Min: 128, Avg: 199.3, Max: 235, Diff: 107, Sum: 797]
      [Scan RS (ms): Min: 1.2, Avg: 1.2, Max: 1.2, Diff: 0.1, Sum: 4.8]
      [Object Copy (ms): Min: 128.6, Avg: 128.6, Max: 128.6, Diff: 0.1, Sum: 514.4]
      [Termination (ms): Min: 0.0, Avg: 0.0, Max: 0.0, Diff: 0.0, Sum: 0.0]
      [GC Worker Other (ms): Min: 0.0, Avg: 0.0, Max: 0.0, Diff: 0.0, Sum: 0.1]
      [GC Worker Total (ms): Min: 148.9, Avg: 148.9, Max: 148.9, Diff: 0.1, Sum: 595.6]
      [GC Worker End (ms): Min: 301956.2, Avg: 301956.2, Max: 301956.2, Diff: 0.0]
   [Code Root Fixup: 0.0 ms]
   [Clear CT: 0.1 ms]
   [Other: 2.0 ms]
      [Choose CSet: 0.0 ms]
      [Ref Proc: 0.1 ms]
      [Ref Enq: 0.0 ms]
      [Free CSet: 0.2 ms]
   [Eden: 211.0M(211.0M)->0.0B(227.0M) Survivors: 28.0M->30.0M Heap: 841.0M(2048.0M)->769.0M(2048.0M)]
 [Times: user=0.58 sys=0.00, real=0.15 secs] 
302.252: [GC pause (young), 0.1755661 secs]
   [Parallel Time: 173.6 ms, GC Workers: 4]
      [GC Worker Start (ms): Min: 302252.0, Avg: 302252.0, Max: 302252.0, Diff: 0.0]
      [Ext Root Scanning (ms): Min: 1.2, Avg: 1.2, Max: 1.2, Diff: 0.0, Sum: 4.9]
      [Update RS (ms): Min: 15.6, Avg: 15.6, Max: 15.6, Diff: 0.0, Sum: 62.5]
         [Processed Buffers: Min: 152, Avg: 186.3, Max: 205, Diff: 53, Sum: 745]
      [Scan RS (ms): Min: 0.6, Avg: 0.7, Max: 0.7, Diff: 0.1, Sum: 2.7]
      [Object Copy (ms): Min: 155.9, Avg: 156.0, Max: 156.0, Diff: 0.1, Sum: 623.9]
      [Termination (ms): Min: 0.0, Avg: 0.0, Max: 0.0, Diff: 0.0, Sum: 0.0]
      [GC Worker Other (ms): Min: 0.0, Avg: 0.0, Max: 0.0, Diff: 0.0, Sum: 0.1]
      [GC Worker Total (ms): Min: 173.5, Avg: 173.5, Max: 173.5, Diff: 0.0, Sum: 694.2]
      [GC Worker End (ms): Min: 302425.5, Avg: 302425.5, Max: 302425.5, Diff: 0.0]
   [Code Root Fixup: 0.0 ms]
   [Clear CT: 0.1 ms]
   [Other: 1.9 ms]
      [Choose CSet: 0.0 ms]
      [Ref Proc: 0.1 ms]
      [Ref Enq: 0.0 ms]
      [Free CSet: 0.2 ms]
   [Eden: 227.0M(227.0M)->0.0B(219.0M) Survivors: 30.0M->33.0M Heap: 996.0M(2048.0M)->933.5M(2048.0M)]
 [Times: user=0.73 sys=0.00, real=0.18 secs] 
302.765: [GC pause (young), 0.2119745 secs]
   [Parallel Time: 208.8 ms, GC Workers: 4]
      [GC Worker Start (ms): Min: 302765.5, Avg: 302765.5, Max: 302765.5, Diff: 0.0]
      [Ext Root Scanning (ms): Min: 1.5, Avg: 5.6, Max: 17.5, Diff: 16.0, Sum: 22.3]
      [Update RS (ms): Min: 16.5, Avg: 28.5, Max: 32.8, Diff: 16.2, Sum: 113.9]
         [Processed Buffers: Min: 166, Avg: 229.8, Max: 277, Diff: 111, Sum: 919]
      [Scan RS (ms): Min: 0.0, Avg: 0.2, Max: 0.3, Diff: 0.3, Sum: 0.8]
      [Object Copy (ms): Min: 174.3, Avg: 174.5, Max: 174.6, Diff: 0.3, Sum: 697.9]
      [Termination (ms): Min: 0.0, Avg: 0.0, Max: 0.0, Diff: 0.0, Sum: 0.0]
      [GC Worker Other (ms): Min: 0.0, Avg: 0.0, Max: 0.0, Diff: 0.0, Sum: 0.1]
      [GC Worker Total (ms): Min: 208.7, Avg: 208.7, Max: 208.8, Diff: 0.0, Sum: 835.0]
      [GC Worker End (ms): Min: 302974.3, Avg: 302974.3, Max: 302974.3, Diff: 0.0]
   [Code Root Fixup: 0.0 ms]
   [Clear CT: 0.5 ms]
   [Other: 2.7 ms]
      [Choose CSet: 0.0 ms]
      [Ref Proc: 0.7 ms]
      [Ref Enq: 0.0 ms]
      [Free CSet: 0.2 ms]
   [Eden: 219.0M(219.0M)->0.0B(188.0M) Survivors: 33.0M->32.0M Heap: 1152.5M(2048.0M)->1117.0M(2048.0M)]
 [Times: user=0.81 sys=0.00, real=0.21 secs] 
303.262: [GC pause (young) (initial-mark), 0.1358379 secs]
   [Parallel Time: 133.5 ms, GC Workers: 4]
      [GC Worker Start (ms): Min: 303262.9, Avg: 303262.9, Max: 303262.9, Diff: 0.0]
      [Ext Root Scanning (ms): Min: 0.2, Avg: 1.2, Max: 1.7, Diff: 1.4, Sum: 5.0]
      [Update RS (ms): Min: 0.3, Avg: 19.5, Max: 31.8, Diff: 31.6, Sum: 77.9]
         [Processed Buffers: Min: 133, Avg: 200.8, Max: 249, Diff: 116, Sum: 803]
      [Scan RS (ms): Min: 0.0, Avg: 4.9, Max: 7.5, Diff: 7.5, Sum: 19.5]
      [Object Copy (ms): Min: 100.0, Avg: 107.9, Max: 125.5, Diff: 25.5, Sum: 431.6]
      [Termination (ms): Min: 0.0, Avg: 0.0, Max: 0.0, Diff: 0.0, Sum: 0.0]
      [GC Worker Other (ms): Min: 0.0, Avg: 0.0, Max: 0.0, Diff: 0.0, Sum: 0.1]
      [GC Worker Total (ms): Min: 133.5, Avg: 133.5, Max: 133.5, Diff: 0.0, Sum: 534.1]
      [GC Worker End (ms): Min: 303396.4, Avg: 303396.4, Max: 303396.4, Diff: 0.0]
   [Code Root Fixup: 0.0 ms]
   [Clear CT: 0.1 ms]
   [Other: 2.2 ms]
      [Choose CSet: 0.0 ms]
      [Ref Proc: 0.2 ms]
      [Ref Enq: 0.0 ms]
      [Free CSet: 0.3 ms]
   [Eden: 188.0M(188.0M)->0.0B(201.0M) Survivors: 32.0M->28.0M Heap: 1305.0M(2048.0M)->1210.0M(2048.0M)]
 [Times: user=0.51 sys=0.00, real=0.14 secs] 
303.399: [GC concurrent-root-region-scan-start]
303.462: [GC concurrent-root-region-scan-end, 0.0630782 secs]
303.462: [GC concurrent-mark-start]
303.676: [GC pause (young), 0.0609496 secs]
   [Parallel Time: 59.7 ms, GC Workers: 4]
      [GC Worker Start (ms): Min: 303676.8, Avg: 303676.9, Max: 303677.2, Diff: 0.5]
      [Ext Root Scanning (ms): Min: 0.9, Avg: 1.2, Max: 1.4, Diff: 0.5, Sum: 4.9]
      [SATB Filtering (ms): Min: 0.0, Avg: 0.2, Max: 0.7, Diff: 0.7, Sum: 0.7]
      [Update RS (ms): Min: 17.1, Avg: 17.6, Max: 18.0, Diff: 1.0, Sum: 70.6]
         [Processed Buffers: Min: 103, Avg: 132.0, Max: 155, Diff: 52, Sum: 528]
      [Scan RS (ms): Min: 0.0, Avg: 0.2, Max: 0.3, Diff: 0.3, Sum: 0.9]
      [Object Copy (ms): Min: 40.3, Avg: 40.3, Max: 40.3, Diff: 0.0, Sum: 161.1]
      [Termination (ms): Min: 0.0, Avg: 0.0, Max: 0.0, Diff: 0.0, Sum: 0.0]
      [GC Worker Other (ms): Min: 0.0, Avg: 0.0, Max: 0.0, Diff: 0.0, Sum: 0.1]
      [GC Worker Total (ms): Min: 59.3, Avg: 59.5, Max: 59.7, Diff: 0.5, Sum: 238.2]
      [GC Worker End (ms): Min: 303736.5, Avg: 303736.5, Max: 303736.5, Diff: 0.0]
   [Code Root Fixup: 0.0 ms]
   [Clear CT: 0.1 ms]
   [Other: 1.1 ms]
      [Choose CSet: 0.0 ms]
      [Ref Proc: 0.1 ms]
      [Ref Enq: 0.0 ms]
      [Free CSet: 0.3 ms]
   [Eden: 201.0M(201.0M)->0.0B(314.0M) Survivors: 28.0M->24.0M Heap: 1411.0M(2048.0M)->1234.0M(2048.0M)]
 [Times: user=0.25 sys=0.00, real=0.06 secs] 
304.016: [GC pause (young), 0.1132679 secs]
   [Parallel Time: 112.0 ms, GC Workers: 4]
      [GC Worker Start (ms): Min: 304016.0, Avg: 304016.0, Max: 304016.0, Diff: 0.0]
      [Ext Root Scanning (ms): Min: 1.5, Avg: 3.0, Max: 7.1, Diff: 5.6, Sum: 11.8]
      [SATB Filtering (ms): Min: 0.0, Avg: 0.8, Max: 3.1, Diff: 3.1, Sum: 3.1]
      [Update RS (ms): Min: 14.9, Avg: 18.1, Max: 20.1, Diff: 5.2, Sum: 72.3]
         [Processed Buffers: Min: 121, Avg: 166.0, Max: 243, Diff: 122, Sum: 664]
      [Scan RS (ms): Min: 0.0, Avg: 0.1, Max: 0.1, Diff: 0.1, Sum: 0.3]
      [Object Copy (ms): Min: 90.0, Avg: 90.1, Max: 90.1, Diff: 0.1, Sum: 360.2]
      [Termination (ms): Min: 0.0, Avg: 0.0, Max: 0.0, Diff: 0.0, Sum: 0.0]
      [GC Worker Other (ms): Min: 0.0, Avg: 0.0, Max: 0.0, Diff: 0.0, Sum: 0.1]
      [GC Worker Total (ms): Min: 111.9, Avg: 112.0, Max: 112.0, Diff: 0.0, Sum: 447.8]
      [GC Worker End (ms): Min: 304128.0, Avg: 304128.0, Max: 304128.0, Diff: 0.0]
   [Code Root Fixup: 0.0 ms]
   [Clear CT: 0.2 ms]
   [Other: 1.1 ms]
      [Choose CSet: 0.0 ms]
      [Ref Proc: 0.0 ms]
      [Ref Enq: 0.0 ms]
      [Free CSet: 0.3 ms]
   [Eden: 314.0M(314.0M)->0.0B(312.0M) Survivors: 24.0M->43.0M Heap: 1548.0M(2048.0M)->1327.0M(2048.0M)]
 [Times: user=0.45 sys=0.00, real=0.11 secs] 
304.160: [GC concurrent-mark-end, 0.6967079 secs]
304.161: [GC remark 304.161: [GC ref-proc, 0.0019820 secs], 0.0040436 secs]
 [Times: user=0.00 sys=0.00, real=0.00 secs] 
304.165: [GC cleanup 1364M->593M(2048M), 0.0019230 secs]
 [Times: user=0.00 sys=0.00, real=0.00 secs] 
304.167: [GC concurrent-cleanup-start]
304.168: [GC concurrent-cleanup-end, 0.0009115 secs]
304.447: [GC pause (young), 0.2292533 secs]
   [Parallel Time: 227.0 ms, GC Workers: 4]
      [GC Worker Start (ms): Min: 304447.7, Avg: 304449.1, Max: 304450.4, Diff: 2.7]
      [Ext Root Scanning (ms): Min: 0.1, Avg: 1.3, Max: 2.5, Diff: 2.4, Sum: 5.2]
      [Update RS (ms): Min: 23.8, Avg: 23.8, Max: 23.8, Diff: 0.0, Sum: 95.2]
         [Processed Buffers: Min: 127, Avg: 130.5, Max: 134, Diff: 7, Sum: 522]
      [Scan RS (ms): Min: 0.2, Avg: 0.3, Max: 0.3, Diff: 0.1, Sum: 1.1]
      [Object Copy (ms): Min: 198.4, Avg: 198.9, Max: 199.9, Diff: 1.5, Sum: 795.8]
      [Termination (ms): Min: 0.0, Avg: 1.2, Max: 1.6, Diff: 1.6, Sum: 4.6]
      [GC Worker Other (ms): Min: 0.0, Avg: 0.0, Max: 0.0, Diff: 0.0, Sum: 0.1]
      [GC Worker Total (ms): Min: 224.1, Avg: 225.5, Max: 226.8, Diff: 2.7, Sum: 902.0]
      [GC Worker End (ms): Min: 304674.5, Avg: 304674.6, Max: 304674.7, Diff: 0.1]
   [Code Root Fixup: 0.0 ms]
   [Clear CT: 0.1 ms]
   [Other: 2.2 ms]
      [Choose CSet: 0.0 ms]
      [Ref Proc: 0.0 ms]
      [Ref Enq: 0.0 ms]
      [Free CSet: 0.3 ms]
   [Eden: 312.0M(312.0M)->0.0B(57.0M) Survivors: 43.0M->45.0M Heap: 868.0M(2048.0M)->753.5M(2048.0M)]
 [Times: user=0.86 sys=0.00, real=0.23 secs] 
304.835: [GC pause (mixed), 0.0988381 secs]
   [Parallel Time: 97.0 ms, GC Workers: 4]
      [GC Worker Start (ms): Min: 304834.9, Avg: 304834.9, Max: 304834.9, Diff: 0.0]
      [Ext Root Scanning (ms): Min: 1.6, Avg: 9.5, Max: 33.0, Diff: 31.4, Sum: 38.2]
      [Update RS (ms): Min: 0.3, Avg: 31.8, Max: 64.4, Diff: 64.2, Sum: 127.4]
         [Processed Buffers: Min: 10, Avg: 128.3, Max: 177, Diff: 167, Sum: 513]
      [Scan RS (ms): Min: 0.0, Avg: 2.3, Max: 3.1, Diff: 3.1, Sum: 9.1]
      [Object Copy (ms): Min: 30.0, Avg: 52.3, Max: 59.9, Diff: 29.9, Sum: 209.4]
      [Termination (ms): Min: 0.0, Avg: 0.3, Max: 0.9, Diff: 0.9, Sum: 1.2]
      [GC Worker Other (ms): Min: 0.0, Avg: 0.0, Max: 0.0, Diff: 0.0, Sum: 0.0]
      [GC Worker Total (ms): Min: 96.0, Avg: 96.3, Max: 96.9, Diff: 0.9, Sum: 385.3]
      [GC Worker End (ms): Min: 304930.9, Avg: 304931.2, Max: 304931.8, Diff: 0.9]
   [Code Root Fixup: 0.0 ms]
   [Clear CT: 0.0 ms]
   [Other: 1.8 ms]
      [Choose CSet: 0.0 ms]
      [Ref Proc: 0.5 ms]
      [Ref Enq: 0.0 ms]
      [Free CSet: 0.2 ms]
   [Eden: 57.0M(57.0M)->0.0B(262.0M) Survivors: 45.0M->8192.0K Heap: 810.5M(2048.0M)->761.0M(2048.0M)]
 [Times: user=0.28 sys=0.00, real=0.10 secs] 
305.152: [GC pause (young), 0.0972483 secs]
   [Parallel Time: 95.7 ms, GC Workers: 4]
      [GC Worker Start (ms): Min: 305152.0, Avg: 305152.0, Max: 305152.0, Diff: 0.0]
      [Ext Root Scanning (ms): Min: 1.2, Avg: 1.2, Max: 1.3, Diff: 0.0, Sum: 4.9]
      [Update RS (ms): Min: 15.0, Avg: 15.2, Max: 15.7, Diff: 0.7, Sum: 60.9]
         [Processed Buffers: Min: 241, Avg: 265.5, Max: 281, Diff: 40, Sum: 1062]
      [Scan RS (ms): Min: 0.0, Avg: 0.1, Max: 0.1, Diff: 0.1, Sum: 0.3]
      [Object Copy (ms): Min: 78.8, Avg: 79.2, Max: 79.3, Diff: 0.6, Sum: 316.7]
      [Termination (ms): Min: 0.0, Avg: 0.0, Max: 0.0, Diff: 0.0, Sum: 0.0]
      [GC Worker Other (ms): Min: 0.0, Avg: 0.0, Max: 0.0, Diff: 0.0, Sum: 0.1]
      [GC Worker Total (ms): Min: 95.7, Avg: 95.7, Max: 95.7, Diff: 0.0, Sum: 382.9]
      [GC Worker End (ms): Min: 305247.7, Avg: 305247.7, Max: 305247.7, Diff: 0.0]
   [Code Root Fixup: 0.0 ms]
   [Clear CT: 0.3 ms]
   [Other: 1.2 ms]
      [Choose CSet: 0.0 ms]
      [Ref Proc: 0.1 ms]
      [Ref Enq: 0.0 ms]
      [Free CSet: 0.2 ms]
   [Eden: 262.0M(262.0M)->0.0B(226.0M) Survivors: 8192.0K->34.0M Heap: 1023.0M(2048.0M)->851.5M(2048.0M)]
 [Times: user=0.34 sys=0.00, real=0.10 secs] 
305.463: [GC pause (young), 0.1355631 secs]
   [Parallel Time: 123.8 ms, GC Workers: 4]
      [GC Worker Start (ms): Min: 305463.6, Avg: 305464.4, Max: 305465.4, Diff: 1.9]
      [Ext Root Scanning (ms): Min: 1.0, Avg: 5.2, Max: 15.6, Diff: 14.7, Sum: 20.7]
      [Update RS (ms): Min: 9.4, Avg: 20.8, Max: 24.7, Diff: 15.3, Sum: 83.1]
         [Processed Buffers: Min: 108, Avg: 137.5, Max: 163, Diff: 55, Sum: 550]
      [Scan RS (ms): Min: 0.2, Avg: 0.2, Max: 0.2, Diff: 0.0, Sum: 0.7]
      [Object Copy (ms): Min: 96.7, Avg: 96.8, Max: 96.9, Diff: 0.2, Sum: 387.1]
      [Termination (ms): Min: 0.0, Avg: 0.0, Max: 0.0, Diff: 0.0, Sum: 0.0]
      [GC Worker Other (ms): Min: 0.0, Avg: 0.0, Max: 0.0, Diff: 0.0, Sum: 0.1]
      [GC Worker Total (ms): Min: 121.9, Avg: 122.9, Max: 123.7, Diff: 1.9, Sum: 491.6]
      [GC Worker End (ms): Min: 305587.3, Avg: 305587.3, Max: 305587.3, Diff: 0.0]
   [Code Root Fixup: 0.0 ms]
   [Clear CT: 4.1 ms]
   [Other: 7.6 ms]
      [Choose CSet: 0.0 ms]
      [Ref Proc: 6.4 ms]
      [Ref Enq: 0.0 ms]
      [Free CSet: 0.2 ms]
   [Eden: 226.0M(226.0M)->0.0B(255.0M) Survivors: 34.0M->33.0M Heap: 1077.5M(2048.0M)->938.5M(2048.0M)]
 [Times: user=0.48 sys=0.00, real=0.14 secs] 
305.864: [GC pause (young), 0.1505830 secs]
   [Parallel Time: 148.0 ms, GC Workers: 4]
      [GC Worker Start (ms): Min: 305864.5, Avg: 305864.5, Max: 305864.5, Diff: 0.0]
      [Ext Root Scanning (ms): Min: 1.2, Avg: 1.2, Max: 1.2, Diff: 0.0, Sum: 4.8]
      [Update RS (ms): Min: 17.5, Avg: 17.8, Max: 18.5, Diff: 1.0, Sum: 71.1]
         [Processed Buffers: Min: 131, Avg: 143.8, Max: 159, Diff: 28, Sum: 575]
      [Scan RS (ms): Min: 0.0, Avg: 0.3, Max: 0.3, Diff: 0.3, Sum: 1.1]
      [Object Copy (ms): Min: 128.3, Avg: 128.7, Max: 128.9, Diff: 0.6, Sum: 514.9]
      [Termination (ms): Min: 0.0, Avg: 0.0, Max: 0.0, Diff: 0.0, Sum: 0.0]
      [GC Worker Other (ms): Min: 0.0, Avg: 0.0, Max: 0.0, Diff: 0.0, Sum: 0.0]
      [GC Worker Total (ms): Min: 148.0, Avg: 148.0, Max: 148.0, Diff: 0.0, Sum: 591.9]
      [GC Worker End (ms): Min: 306012.5, Avg: 306012.5, Max: 306012.5, Diff: 0.0]
   [Code Root Fixup: 0.0 ms]
   [Clear CT: 1.0 ms]
   [Other: 1.5 ms]
      [Choose CSet: 0.0 ms]
      [Ref Proc: 0.2 ms]
      [Ref Enq: 0.0 ms]
      [Free CSet: 0.3 ms]
   [Eden: 255.0M(255.0M)->0.0B(255.0M) Survivors: 33.0M->36.0M Heap: 1193.5M(2048.0M)->1042.5M(2048.0M)]
 [Times: user=0.58 sys=0.00, real=0.15 secs] 
306.251: [GC pause (young) (initial-mark), 0.1409037 secs]
   [Parallel Time: 139.3 ms, GC Workers: 4]
      [GC Worker Start (ms): Min: 306251.2, Avg: 306251.2, Max: 306251.2, Diff: 0.0]
      [Ext Root Scanning (ms): Min: 1.2, Avg: 1.2, Max: 1.2, Diff: 0.1, Sum: 4.8]
      [Update RS (ms): Min: 18.3, Avg: 18.3, Max: 18.3, Diff: 0.0, Sum: 73.3]
         [Processed Buffers: Min: 142, Avg: 166.3, Max: 187, Diff: 45, Sum: 665]
      [Scan RS (ms): Min: 1.0, Avg: 1.0, Max: 1.1, Diff: 0.1, Sum: 4.1]
      [Object Copy (ms): Min: 117.5, Avg: 117.8, Max: 118.6, Diff: 1.1, Sum: 471.2]
      [Termination (ms): Min: 0.0, Avg: 0.9, Max: 1.2, Diff: 1.2, Sum: 3.5]
      [GC Worker Other (ms): Min: 0.0, Avg: 0.0, Max: 0.0, Diff: 0.0, Sum: 0.0]
      [GC Worker Total (ms): Min: 139.2, Avg: 139.2, Max: 139.2, Diff: 0.0, Sum: 556.9]
      [GC Worker End (ms): Min: 306390.4, Avg: 306390.4, Max: 306390.4, Diff: 0.0]
   [Code Root Fixup: 0.0 ms]
   [Clear CT: 0.1 ms]
   [Other: 1.6 ms]
      [Choose CSet: 0.0 ms]
      [Ref Proc: 0.0 ms]
      [Ref Enq: 0.0 ms]
      [Free CSet: 0.2 ms]
   [Eden: 255.0M(255.0M)->0.0B(289.0M) Survivors: 36.0M->37.0M Heap: 1297.5M(2048.0M)->1155.0M(2048.0M)]
 [Times: user=0.56 sys=0.00, real=0.14 secs] 
306.392: [GC concurrent-root-region-scan-start]
306.430: [GC concurrent-root-region-scan-end, 0.0385848 secs]
306.430: [GC concurrent-mark-start]
306.703: [GC pause (young), 0.1325351 secs]
   [Parallel Time: 130.6 ms, GC Workers: 4]
      [GC Worker Start (ms): Min: 306703.6, Avg: 306703.6, Max: 306703.6, Diff: 0.0]
      [Ext Root Scanning (ms): Min: 1.2, Avg: 1.2, Max: 1.2, Diff: 0.0, Sum: 4.9]
      [SATB Filtering (ms): Min: 0.0, Avg: 0.8, Max: 3.0, Diff: 3.0, Sum: 3.0]
      [Update RS (ms): Min: 22.9, Avg: 25.2, Max: 26.0, Diff: 3.1, Sum: 100.7]
         [Processed Buffers: Min: 177, Avg: 194.8, Max: 215, Diff: 38, Sum: 779]
      [Scan RS (ms): Min: 0.2, Avg: 0.2, Max: 0.2, Diff: 0.1, Sum: 0.9]
      [Object Copy (ms): Min: 103.2, Avg: 103.2, Max: 103.3, Diff: 0.1, Sum: 412.9]
      [Termination (ms): Min: 0.0, Avg: 0.0, Max: 0.0, Diff: 0.0, Sum: 0.0]
      [GC Worker Other (ms): Min: 0.0, Avg: 0.0, Max: 0.0, Diff: 0.0, Sum: 0.1]
      [GC Worker Total (ms): Min: 130.6, Avg: 130.6, Max: 130.6, Diff: 0.0, Sum: 522.5]
      [GC Worker End (ms): Min: 306834.2, Avg: 306834.2, Max: 306834.2, Diff: 0.0]
   [Code Root Fixup: 0.0 ms]
   [Clear CT: 0.2 ms]
   [Other: 1.7 ms]
      [Choose CSet: 0.0 ms]
      [Ref Proc: 0.4 ms]
      [Ref Enq: 0.0 ms]
      [Free CSet: 0.3 ms]
   [Eden: 289.0M(289.0M)->0.0B(318.0M) Survivors: 37.0M->41.0M Heap: 1444.0M(2048.0M)->1248.0M(2048.0M)]
 [Times: user=0.50 sys=0.00, real=0.13 secs] 
307.104: [GC concurrent-mark-end, 0.6738567 secs]
307.105: [GC remark 307.106: [GC ref-proc, 0.0018108 secs], 0.0042598 secs]
 [Times: user=0.00 sys=0.00, real=0.00 secs] 
307.109: [GC cleanup 1523M->910M(2048M), 0.0012489 secs]
 [Times: user=0.00 sys=0.00, real=0.00 secs] 
307.111: [GC concurrent-cleanup-start]
307.111: [GC concurrent-cleanup-end, 0.0007049 secs]
307.157: [GC pause (young), 0.1805360 secs]
   [Parallel Time: 178.3 ms, GC Workers: 4]
      [GC Worker Start (ms): Min: 307157.5, Avg: 307157.5, Max: 307157.5, Diff: 0.0]
      [Ext Root Scanning (ms): Min: 1.3, Avg: 1.4, Max: 1.8, Diff: 0.6, Sum: 5.6]
      [Update RS (ms): Min: 17.3, Avg: 17.7, Max: 17.9, Diff: 0.6, Sum: 70.9]
         [Processed Buffers: Min: 132, Avg: 149.5, Max: 162, Diff: 30, Sum: 598]
      [Scan RS (ms): Min: 0.3, Avg: 0.4, Max: 0.4, Diff: 0.0, Sum: 1.4]
      [Object Copy (ms): Min: 158.4, Avg: 158.4, Max: 158.4, Diff: 0.0, Sum: 633.7]
      [Termination (ms): Min: 0.0, Avg: 0.0, Max: 0.0, Diff: 0.0, Sum: 0.0]
      [GC Worker Other (ms): Min: 0.0, Avg: 0.0, Max: 0.0, Diff: 0.0, Sum: 0.1]
      [GC Worker Total (ms): Min: 177.9, Avg: 177.9, Max: 177.9, Diff: 0.0, Sum: 711.7]
      [GC Worker End (ms): Min: 307335.5, Avg: 307335.5, Max: 307335.5, Diff: 0.0]
   [Code Root Fixup: 0.0 ms]
   [Clear CT: 0.2 ms]
   [Other: 2.1 ms]
      [Choose CSet: 0.0 ms]
      [Ref Proc: 0.2 ms]
      [Ref Enq: 0.0 ms]
      [Free CSet: 0.3 ms]
   [Eden: 318.0M(318.0M)->0.0B(57.0M) Survivors: 41.0M->45.0M Heap: 953.0M(2048.0M)->795.0M(2048.0M)]
 [Times: user=0.69 sys=0.00, real=0.18 secs] 
307.466: [GC pause (mixed), 0.0977640 secs]
   [Parallel Time: 95.9 ms, GC Workers: 4]
      [GC Worker Start (ms): Min: 307466.3, Avg: 307466.8, Max: 307468.4, Diff: 2.1]
      [Ext Root Scanning (ms): Min: 0.1, Avg: 1.2, Max: 1.7, Diff: 1.6, Sum: 4.9]
      [Update RS (ms): Min: 31.6, Avg: 32.4, Max: 33.8, Diff: 2.2, Sum: 129.5]
         [Processed Buffers: Min: 188, Avg: 222.5, Max: 267, Diff: 79, Sum: 890]
      [Scan RS (ms): Min: 0.9, Avg: 2.2, Max: 2.6, Diff: 1.7, Sum: 8.6]
      [Object Copy (ms): Min: 59.5, Avg: 59.6, Max: 59.6, Diff: 0.1, Sum: 238.3]
      [Termination (ms): Min: 0.0, Avg: 0.0, Max: 0.0, Diff: 0.0, Sum: 0.0]
      [GC Worker Other (ms): Min: 0.0, Avg: 0.0, Max: 0.0, Diff: 0.0, Sum: 0.1]
      [GC Worker Total (ms): Min: 93.7, Avg: 95.3, Max: 95.9, Diff: 2.1, Sum: 381.4]
      [GC Worker End (ms): Min: 307562.2, Avg: 307562.2, Max: 307562.2, Diff: 0.0]
   [Code Root Fixup: 0.0 ms]
   [Clear CT: 0.2 ms]
   [Other: 1.6 ms]
      [Choose CSet: 0.1 ms]
      [Ref Proc: 0.0 ms]
      [Ref Enq: 0.0 ms]
      [Free CSet: 0.5 ms]
   [Eden: 57.0M(57.0M)->0.0B(394.0M) Survivors: 45.0M->13.0M Heap: 852.0M(2048.0M)->730.5M(2048.0M)]
 [Times: user=0.38 sys=0.00, real=0.10 secs] 
307.943: [GC pause (young), 0.2301382 secs]
   [Parallel Time: 228.1 ms, GC Workers: 4]
      [GC Worker Start (ms): Min: 307942.8, Avg: 307942.8, Max: 307942.8, Diff: 0.0]
      [Ext Root Scanning (ms): Min: 1.2, Avg: 1.2, Max: 1.2, Diff: 0.0, Sum: 4.9]
      [Update RS (ms): Min: 16.5, Avg: 16.5, Max: 16.5, Diff: 0.0, Sum: 66.1]
         [Processed Buffers: Min: 102, Avg: 134.8, Max: 167, Diff: 65, Sum: 539]
      [Scan RS (ms): Min: 0.2, Avg: 0.2, Max: 0.2, Diff: 0.0, Sum: 0.9]
      [Object Copy (ms): Min: 207.4, Avg: 208.1, Max: 210.0, Diff: 2.6, Sum: 832.3]
      [Termination (ms): Min: 0.0, Avg: 2.0, Max: 2.6, Diff: 2.6, Sum: 7.8]
      [GC Worker Other (ms): Min: 0.0, Avg: 0.0, Max: 0.0, Diff: 0.0, Sum: 0.0]
      [GC Worker Total (ms): Min: 228.0, Avg: 228.0, Max: 228.0, Diff: 0.0, Sum: 912.1]
      [GC Worker End (ms): Min: 308170.8, Avg: 308170.8, Max: 308170.8, Diff: 0.0]
   [Code Root Fixup: 0.0 ms]
   [Clear CT: 0.1 ms]
   [Other: 1.9 ms]
      [Choose CSet: 0.0 ms]
      [Ref Proc: 0.0 ms]
      [Ref Enq: 0.0 ms]
      [Free CSet: 0.3 ms]
   [Eden: 394.0M(394.0M)->0.0B(194.0M) Survivors: 13.0M->51.0M Heap: 1124.5M(2048.0M)->980.0M(2048.0M)]
 [Times: user=0.92 sys=0.00, real=0.23 secs] 
308.470: [GC pause (young) (initial-mark), 0.1759753 secs]
   [Parallel Time: 172.2 ms, GC Workers: 4]
      [GC Worker Start (ms): Min: 308470.1, Avg: 308470.1, Max: 308470.1, Diff: 0.0]
      [Ext Root Scanning (ms): Min: 1.2, Avg: 1.2, Max: 1.2, Diff: 0.0, Sum: 4.9]
      [Update RS (ms): Min: 19.3, Avg: 19.3, Max: 19.3, Diff: 0.0, Sum: 77.1]
         [Processed Buffers: Min: 200, Avg: 235.5, Max: 264, Diff: 64, Sum: 942]
      [Scan RS (ms): Min: 18.6, Avg: 18.6, Max: 18.7, Diff: 0.1, Sum: 74.4]
      [Object Copy (ms): Min: 132.9, Avg: 133.0, Max: 133.0, Diff: 0.1, Sum: 532.0]
      [Termination (ms): Min: 0.0, Avg: 0.0, Max: 0.0, Diff: 0.0, Sum: 0.0]
      [GC Worker Other (ms): Min: 0.0, Avg: 0.0, Max: 0.0, Diff: 0.0, Sum: 0.1]
      [GC Worker Total (ms): Min: 172.1, Avg: 172.1, Max: 172.1, Diff: 0.0, Sum: 688.6]
      [GC Worker End (ms): Min: 308642.2, Avg: 308642.2, Max: 308642.2, Diff: 0.0]
   [Code Root Fixup: 0.0 ms]
   [Clear CT: 0.3 ms]
   [Other: 3.5 ms]
      [Choose CSet: 0.0 ms]
      [Ref Proc: 1.2 ms]
      [Ref Enq: 0.0 ms]
      [Free CSet: 0.2 ms]
   [Eden: 194.0M(194.0M)->0.0B(129.0M) Survivors: 51.0M->31.0M Heap: 1174.0M(2048.0M)->1091.5M(2048.0M)]
 [Times: user=0.67 sys=0.00, real=0.18 secs] 
308.646: [GC concurrent-root-region-scan-start]
308.696: [GC concurrent-root-region-scan-end, 0.0503879 secs]
308.696: [GC concurrent-mark-start]
308.918: [GC pause (young), 0.0837287 secs]
   [Parallel Time: 81.9 ms, GC Workers: 4]
      [GC Worker Start (ms): Min: 308918.6, Avg: 308925.4, Max: 308945.6, Diff: 26.9]
      [Ext Root Scanning (ms): Min: 0.1, Avg: 1.3, Max: 1.8, Diff: 1.7, Sum: 5.1]
      [SATB Filtering (ms): Min: 0.0, Avg: 0.1, Max: 0.5, Diff: 0.5, Sum: 0.5]
      [Update RS (ms): Min: 1.9, Avg: 20.6, Max: 26.9, Diff: 25.0, Sum: 82.3]
         [Processed Buffers: Min: 18, Avg: 135.0, Max: 177, Diff: 159, Sum: 540]
      [Scan RS (ms): Min: 0.1, Avg: 0.2, Max: 0.2, Diff: 0.1, Sum: 0.6]
      [Object Copy (ms): Min: 51.6, Avg: 51.7, Max: 51.8, Diff: 0.1, Sum: 206.9]
      [Termination (ms): Min: 0.0, Avg: 0.0, Max: 0.0, Diff: 0.0, Sum: 0.0]
      [GC Worker Other (ms): Min: 0.0, Avg: 0.0, Max: 0.0, Diff: 0.0, Sum: 0.1]
      [GC Worker Total (ms): Min: 53.7, Avg: 73.9, Max: 80.6, Diff: 26.9, Sum: 295.4]
      [GC Worker End (ms): Min: 308999.3, Avg: 308999.3, Max: 308999.3, Diff: 0.0]
   [Code Root Fixup: 0.0 ms]
   [Clear CT: 0.1 ms]
   [Other: 1.7 ms]
      [Choose CSet: 0.0 ms]
      [Ref Proc: 0.6 ms]
      [Ref Enq: 0.0 ms]
      [Free CSet: 0.2 ms]
   [Eden: 129.0M(129.0M)->0.0B(206.0M) Survivors: 31.0M->20.0M Heap: 1220.5M(2048.0M)->1117.5M(2048.0M)]
 [Times: user=0.26 sys=0.00, real=0.08 secs] 
309.171: [GC pause (young), 0.1139443 secs]
   [Parallel Time: 112.3 ms, GC Workers: 4]
      [GC Worker Start (ms): Min: 309171.0, Avg: 309171.0, Max: 309171.1, Diff: 0.1]
      [Ext Root Scanning (ms): Min: 1.2, Avg: 1.2, Max: 1.3, Diff: 0.1, Sum: 4.9]
      [SATB Filtering (ms): Min: 0.0, Avg: 0.6, Max: 2.4, Diff: 2.4, Sum: 2.4]
      [Update RS (ms): Min: 20.8, Avg: 23.0, Max: 24.1, Diff: 3.3, Sum: 92.1]
         [Processed Buffers: Min: 146, Avg: 226.3, Max: 326, Diff: 180, Sum: 905]
      [Scan RS (ms): Min: 0.0, Avg: 0.1, Max: 0.1, Diff: 0.1, Sum: 0.3]
      [Object Copy (ms): Min: 86.9, Avg: 87.3, Max: 87.7, Diff: 0.9, Sum: 349.3]
      [Termination (ms): Min: 0.0, Avg: 0.0, Max: 0.0, Diff: 0.0, Sum: 0.0]
      [GC Worker Other (ms): Min: 0.0, Avg: 0.0, Max: 0.0, Diff: 0.0, Sum: 0.1]
      [GC Worker Total (ms): Min: 112.2, Avg: 112.3, Max: 112.3, Diff: 0.1, Sum: 449.1]
      [GC Worker End (ms): Min: 309283.2, Avg: 309283.3, Max: 309283.3, Diff: 0.0]
   [Code Root Fixup: 0.0 ms]
   [Clear CT: 0.2 ms]
   [Other: 1.4 ms]
      [Choose CSet: 0.0 ms]
      [Ref Proc: 0.1 ms]
      [Ref Enq: 0.0 ms]
      [Free CSet: 0.2 ms]
   [Eden: 206.0M(206.0M)->0.0B(219.0M) Survivors: 20.0M->29.0M Heap: 1323.5M(2048.0M)->1201.5M(2048.0M)]
 [Times: user=0.40 sys=0.00, real=0.11 secs] 
309.316: [GC concurrent-mark-end, 0.6197144 secs]
309.317: [GC remark 309.317: [GC ref-proc, 0.0017444 secs], 0.0036010 secs]
 [Times: user=0.01 sys=0.00, real=0.00 secs] 
309.322: [GC cleanup 1239M->546M(2048M), 0.0016822 secs]
 [Times: user=0.00 sys=0.00, real=0.00 secs] 
309.324: [GC concurrent-cleanup-start]
309.325: [GC concurrent-cleanup-end, 0.0010035 secs]
309.517: [GC pause (young), 0.1731017 secs]
   [Parallel Time: 171.3 ms, GC Workers: 4]
      [GC Worker Start (ms): Min: 309517.6, Avg: 309517.6, Max: 309517.6, Diff: 0.0]
      [Ext Root Scanning (ms): Min: 1.2, Avg: 1.2, Max: 1.2, Diff: 0.0, Sum: 4.8]
      [Update RS (ms): Min: 25.7, Avg: 25.7, Max: 25.7, Diff: 0.0, Sum: 102.7]
         [Processed Buffers: Min: 134, Avg: 141.5, Max: 150, Diff: 16, Sum: 566]
      [Scan RS (ms): Min: 0.2, Avg: 0.3, Max: 0.3, Diff: 0.1, Sum: 1.1]
      [Object Copy (ms): Min: 144.0, Avg: 144.1, Max: 144.1, Diff: 0.1, Sum: 576.4]
      [Termination (ms): Min: 0.0, Avg: 0.0, Max: 0.0, Diff: 0.0, Sum: 0.0]
      [GC Worker Other (ms): Min: 0.0, Avg: 0.0, Max: 0.0, Diff: 0.0, Sum: 0.1]
      [GC Worker Total (ms): Min: 171.3, Avg: 171.3, Max: 171.3, Diff: 0.0, Sum: 685.1]
      [GC Worker End (ms): Min: 309688.9, Avg: 309688.9, Max: 309688.9, Diff: 0.0]
   [Code Root Fixup: 0.0 ms]
   [Clear CT: 0.2 ms]
   [Other: 1.7 ms]
      [Choose CSet: 0.0 ms]
      [Ref Proc: 0.1 ms]
      [Ref Enq: 0.0 ms]
      [Free CSet: 0.3 ms]
   [Eden: 219.0M(219.0M)->0.0B(207.0M) Survivors: 29.0M->31.0M Heap: 727.5M(2048.0M)->649.0M(2048.0M)]
 [Times: user=0.66 sys=0.00, real=0.17 secs] 
309.952: [GC pause (young), 0.1581180 secs]
   [Parallel Time: 155.5 ms, GC Workers: 4]
      [GC Worker Start (ms): Min: 309952.8, Avg: 309952.8, Max: 309952.8, Diff: 0.0]
      [Ext Root Scanning (ms): Min: 2.0, Avg: 3.8, Max: 9.0, Diff: 7.0, Sum: 15.1]
      [Update RS (ms): Min: 10.6, Avg: 15.8, Max: 17.7, Diff: 7.1, Sum: 63.3]
         [Processed Buffers: Min: 117, Avg: 181.5, Max: 212, Diff: 95, Sum: 726]
      [Scan RS (ms): Min: 1.1, Avg: 1.1, Max: 1.2, Diff: 0.1, Sum: 4.6]
      [Object Copy (ms): Min: 121.5, Avg: 124.6, Max: 133.8, Diff: 12.3, Sum: 498.5]
      [Termination (ms): Min: 0.0, Avg: 9.7, Max: 13.1, Diff: 13.1, Sum: 38.6]
      [GC Worker Other (ms): Min: 0.0, Avg: 0.0, Max: 0.0, Diff: 0.0, Sum: 0.0]
      [GC Worker Total (ms): Min: 154.5, Avg: 155.0, Max: 155.4, Diff: 0.9, Sum: 620.2]
      [GC Worker End (ms): Min: 310107.3, Avg: 310107.8, Max: 310108.2, Diff: 0.9]
   [Code Root Fixup: 0.0 ms]
   [Clear CT: 0.1 ms]
   [Other: 2.5 ms]
      [Choose CSet: 0.0 ms]
      [Ref Proc: 0.9 ms]
      [Ref Enq: 0.0 ms]
      [Free CSet: 0.2 ms]
   [Eden: 207.0M(207.0M)->0.0B(225.0M) Survivors: 31.0M->30.0M Heap: 856.0M(2048.0M)->763.5M(2048.0M)]
 [Times: user=0.53 sys=0.00, real=0.16 secs] 
310.287: [GC pause (young), 0.0804391 secs]
   [Parallel Time: 79.1 ms, GC Workers: 4]
      [GC Worker Start (ms): Min: 310287.2, Avg: 310287.2, Max: 310287.2, Diff: 0.0]
      [Ext Root Scanning (ms): Min: 1.3, Avg: 1.3, Max: 1.3, Diff: 0.1, Sum: 5.2]
      [Update RS (ms): Min: 17.0, Avg: 17.0, Max: 17.0, Diff: 0.0, Sum: 68.0]
         [Processed Buffers: Min: 127, Avg: 174.5, Max: 199, Diff: 72, Sum: 698]
      [Scan RS (ms): Min: 0.2, Avg: 0.2, Max: 0.2, Diff: 0.0, Sum: 0.8]
      [Object Copy (ms): Min: 60.5, Avg: 60.5, Max: 60.5, Diff: 0.1, Sum: 242.0]
      [Termination (ms): Min: 0.0, Avg: 0.0, Max: 0.0, Diff: 0.0, Sum: 0.0]
      [GC Worker Other (ms): Min: 0.0, Avg: 0.0, Max: 0.0, Diff: 0.0, Sum: 0.1]
      [GC Worker Total (ms): Min: 79.0, Avg: 79.0, Max: 79.0, Diff: 0.0, Sum: 316.1]
      [GC Worker End (ms): Min: 310366.2, Avg: 310366.2, Max: 310366.2, Diff: 0.0]
   [Code Root Fixup: 0.0 ms]
   [Clear CT: 0.1 ms]
   [Other: 1.3 ms]
      [Choose CSet: 0.0 ms]
      [Ref Proc: 0.0 ms]
      [Ref Enq: 0.0 ms]
      [Free CSet: 0.3 ms]
   [Eden: 225.0M(225.0M)->0.0B(288.0M) Survivors: 30.0M->32.0M Heap: 988.5M(2048.0M)->804.5M(2048.0M)]
 [Times: user=0.25 sys=0.00, real=0.08 secs] 
310.663: [GC pause (young), 0.2205852 secs]
   [Parallel Time: 218.7 ms, GC Workers: 4]
      [GC Worker Start (ms): Min: 310662.8, Avg: 310662.8, Max: 310662.8, Diff: 0.0]
      [Ext Root Scanning (ms): Min: 1.5, Avg: 1.6, Max: 1.7, Diff: 0.2, Sum: 6.3]
      [Update RS (ms): Min: 20.2, Avg: 20.3, Max: 20.4, Diff: 0.2, Sum: 81.4]
         [Processed Buffers: Min: 96, Avg: 140.0, Max: 163, Diff: 67, Sum: 560]
      [Scan RS (ms): Min: 0.1, Avg: 0.1, Max: 0.1, Diff: 0.0, Sum: 0.4]
      [Object Copy (ms): Min: 196.6, Avg: 196.7, Max: 196.7, Diff: 0.1, Sum: 786.7]
      [Termination (ms): Min: 0.0, Avg: 0.0, Max: 0.0, Diff: 0.0, Sum: 0.0]
      [GC Worker Other (ms): Min: 0.0, Avg: 0.0, Max: 0.0, Diff: 0.0, Sum: 0.1]
      [GC Worker Total (ms): Min: 218.7, Avg: 218.7, Max: 218.7, Diff: 0.0, Sum: 874.9]
      [GC Worker End (ms): Min: 310881.5, Avg: 310881.5, Max: 310881.5, Diff: 0.0]
   [Code Root Fixup: 0.0 ms]
   [Clear CT: 0.1 ms]
   [Other: 1.7 ms]
      [Choose CSet: 0.0 ms]
      [Ref Proc: 0.0 ms]
      [Ref Enq: 0.0 ms]
      [Free CSet: 0.2 ms]
   [Eden: 288.0M(288.0M)->0.0B(204.0M) Survivors: 32.0M->40.0M Heap: 1092.5M(2048.0M)->1011.5M(2048.0M)]
 [Times: user=0.81 sys=0.00, real=0.22 secs] 
311.184: [GC pause (young) (initial-mark), 0.1786309 secs]
   [Parallel Time: 175.8 ms, GC Workers: 4]
      [GC Worker Start (ms): Min: 311184.0, Avg: 311184.0, Max: 311184.0, Diff: 0.0]
      [Ext Root Scanning (ms): Min: 1.2, Avg: 1.2, Max: 1.3, Diff: 0.0, Sum: 5.0]
      [Update RS (ms): Min: 16.9, Avg: 17.1, Max: 17.5, Diff: 0.6, Sum: 68.2]
         [Processed Buffers: Min: 153, Avg: 202.8, Max: 238, Diff: 85, Sum: 811]
      [Scan RS (ms): Min: 10.1, Avg: 10.6, Max: 10.8, Diff: 0.6, Sum: 42.4]
      [Object Copy (ms): Min: 146.8, Avg: 146.9, Max: 146.9, Diff: 0.1, Sum: 587.4]
      [Termination (ms): Min: 0.0, Avg: 0.0, Max: 0.0, Diff: 0.0, Sum: 0.0]
      [GC Worker Other (ms): Min: 0.0, Avg: 0.0, Max: 0.0, Diff: 0.0, Sum: 0.1]
      [GC Worker Total (ms): Min: 175.8, Avg: 175.8, Max: 175.8, Diff: 0.0, Sum: 703.2]
      [GC Worker End (ms): Min: 311359.8, Avg: 311359.8, Max: 311359.8, Diff: 0.0]
   [Code Root Fixup: 0.0 ms]
   [Clear CT: 0.5 ms]
   [Other: 2.4 ms]
      [Choose CSet: 0.0 ms]
      [Ref Proc: 0.1 ms]
      [Ref Enq: 0.0 ms]
      [Free CSet: 0.2 ms]
   [Eden: 203.0M(62.0M)->0.0B(223.0M) Survivors: 40.0M->13.0M Heap: 1214.5M(2048.0M)->1150.0M(2048.0M)]
 [Times: user=0.64 sys=0.00, real=0.18 secs] 
311.362: [GC concurrent-root-region-scan-start]
311.386: [GC concurrent-root-region-scan-end, 0.0240825 secs]
311.386: [GC concurrent-mark-start]
311.696: [GC pause (young), 0.0877771 secs]
   [Parallel Time: 86.4 ms, GC Workers: 4]
      [GC Worker Start (ms): Min: 311696.3, Avg: 311696.3, Max: 311696.3, Diff: 0.0]
      [Ext Root Scanning (ms): Min: 1.2, Avg: 1.2, Max: 1.2, Diff: 0.0, Sum: 4.9]
      [SATB Filtering (ms): Min: 0.0, Avg: 0.7, Max: 2.9, Diff: 2.9, Sum: 2.9]
      [Update RS (ms): Min: 18.2, Avg: 20.4, Max: 21.1, Diff: 2.9, Sum: 81.4]
         [Processed Buffers: Min: 214, Avg: 226.5, Max: 237, Diff: 23, Sum: 906]
      [Scan RS (ms): Min: 1.1, Avg: 1.1, Max: 1.1, Diff: 0.0, Sum: 4.4]
      [Object Copy (ms): Min: 62.9, Avg: 63.0, Max: 63.0, Diff: 0.1, Sum: 251.9]
      [Termination (ms): Min: 0.0, Avg: 0.0, Max: 0.0, Diff: 0.0, Sum: 0.0]
      [GC Worker Other (ms): Min: 0.0, Avg: 0.0, Max: 0.0, Diff: 0.0, Sum: 0.1]
      [GC Worker Total (ms): Min: 86.4, Avg: 86.4, Max: 86.4, Diff: 0.0, Sum: 345.6]
      [GC Worker End (ms): Min: 311782.7, Avg: 311782.7, Max: 311782.7, Diff: 0.0]
   [Code Root Fixup: 0.0 ms]
   [Clear CT: 0.1 ms]
   [Other: 1.3 ms]
      [Choose CSet: 0.0 ms]
      [Ref Proc: 0.0 ms]
      [Ref Enq: 0.0 ms]
      [Free CSet: 0.2 ms]
   [Eden: 223.0M(223.0M)->0.0B(255.0M) Survivors: 13.0M->30.0M Heap: 1373.0M(2048.0M)->1212.5M(2048.0M)]
 [Times: user=0.31 sys=0.00, real=0.09 secs] 
311.950: [GC concurrent-mark-end, 0.5633425 secs]
311.950: [GC remark 311.951: [GC ref-proc, 0.0015882 secs], 0.0037117 secs]
 [Times: user=0.00 sys=0.00, real=0.00 secs] 
311.955: [GC cleanup 1396M->646M(2048M), 0.0019660 secs]
 [Times: user=0.06 sys=0.00, real=0.00 secs] 
311.957: [GC concurrent-cleanup-start]
311.958: [GC concurrent-cleanup-end, 0.0008903 secs]
312.026: [GC pause (young), 0.1034882 secs]
   [Parallel Time: 101.9 ms, GC Workers: 4]
      [GC Worker Start (ms): Min: 312026.0, Avg: 312026.0, Max: 312026.0, Diff: 0.0]
      [Ext Root Scanning (ms): Min: 1.2, Avg: 1.2, Max: 1.3, Diff: 0.0, Sum: 5.0]
      [Update RS (ms): Min: 16.3, Avg: 16.4, Max: 16.6, Diff: 0.3, Sum: 65.4]
         [Processed Buffers: Min: 106, Avg: 124.5, Max: 140, Diff: 34, Sum: 498]
      [Scan RS (ms): Min: 0.1, Avg: 0.3, Max: 0.4, Diff: 0.3, Sum: 1.4]
      [Object Copy (ms): Min: 83.9, Avg: 83.9, Max: 83.9, Diff: 0.0, Sum: 335.5]
      [Termination (ms): Min: 0.0, Avg: 0.0, Max: 0.0, Diff: 0.0, Sum: 0.0]
      [GC Worker Other (ms): Min: 0.0, Avg: 0.0, Max: 0.0, Diff: 0.0, Sum: 0.1]
      [GC Worker Total (ms): Min: 101.8, Avg: 101.8, Max: 101.8, Diff: 0.0, Sum: 407.3]
      [GC Worker End (ms): Min: 312127.8, Avg: 312127.8, Max: 312127.8, Diff: 0.0]
   [Code Root Fixup: 0.0 ms]
   [Clear CT: 0.5 ms]
   [Other: 1.2 ms]
      [Choose CSet: 0.0 ms]
      [Ref Proc: 0.0 ms]
      [Ref Enq: 0.0 ms]
      [Free CSet: 0.3 ms]
   [Eden: 255.0M(255.0M)->0.0B(66.0M) Survivors: 30.0M->36.0M Heap: 717.5M(2048.0M)->538.0M(2048.0M)]
 [Times: user=0.39 sys=0.00, real=0.10 secs] 
312.183: [GC pause (mixed), 0.0935427 secs]
   [Parallel Time: 91.8 ms, GC Workers: 4]
      [GC Worker Start (ms): Min: 312183.7, Avg: 312183.7, Max: 312183.7, Diff: 0.0]
      [Ext Root Scanning (ms): Min: 1.5, Avg: 1.5, Max: 1.5, Diff: 0.0, Sum: 6.1]
      [Update RS (ms): Min: 24.3, Avg: 24.3, Max: 24.3, Diff: 0.0, Sum: 97.2]
         [Processed Buffers: Min: 136, Avg: 142.3, Max: 147, Diff: 11, Sum: 569]
      [Scan RS (ms): Min: 0.2, Avg: 0.2, Max: 0.3, Diff: 0.1, Sum: 0.9]
      [Object Copy (ms): Min: 65.6, Avg: 65.7, Max: 65.7, Diff: 0.1, Sum: 262.7]
      [Termination (ms): Min: 0.0, Avg: 0.0, Max: 0.0, Diff: 0.0, Sum: 0.0]
      [GC Worker Other (ms): Min: 0.0, Avg: 0.0, Max: 0.0, Diff: 0.0, Sum: 0.0]
      [GC Worker Total (ms): Min: 91.7, Avg: 91.7, Max: 91.7, Diff: 0.0, Sum: 367.0]
      [GC Worker End (ms): Min: 312275.4, Avg: 312275.4, Max: 312275.4, Diff: 0.0]
   [Code Root Fixup: 0.0 ms]
   [Clear CT: 0.4 ms]
   [Other: 1.4 ms]
      [Choose CSet: 0.0 ms]
      [Ref Proc: 0.4 ms]
      [Ref Enq: 0.0 ms]
      [Free CSet: 0.2 ms]
   [Eden: 66.0M(66.0M)->0.0B(362.0M) Survivors: 36.0M->13.0M Heap: 604.0M(2048.0M)->573.0M(2048.0M)]
 [Times: user=0.36 sys=0.00, real=0.09 secs] 
312.639: [GC pause (young), 0.2214431 secs]
   [Parallel Time: 218.3 ms, GC Workers: 4]
      [GC Worker Start (ms): Min: 312639.8, Avg: 312639.8, Max: 312639.8, Diff: 0.0]
      [Ext Root Scanning (ms): Min: 1.3, Avg: 1.4, Max: 1.4, Diff: 0.1, Sum: 5.5]
      [Update RS (ms): Min: 18.0, Avg: 18.0, Max: 18.1, Diff: 0.1, Sum: 72.0]
         [Processed Buffers: Min: 94, Avg: 134.5, Max: 161, Diff: 67, Sum: 538]
      [Scan RS (ms): Min: 0.1, Avg: 0.2, Max: 0.2, Diff: 0.1, Sum: 0.8]
      [Object Copy (ms): Min: 198.7, Avg: 198.7, Max: 198.7, Diff: 0.0, Sum: 794.8]
      [Termination (ms): Min: 0.0, Avg: 0.0, Max: 0.0, Diff: 0.0, Sum: 0.0]
      [GC Worker Other (ms): Min: 0.0, Avg: 0.0, Max: 0.0, Diff: 0.0, Sum: 0.1]
      [GC Worker Total (ms): Min: 218.3, Avg: 218.3, Max: 218.3, Diff: 0.0, Sum: 873.2]
      [GC Worker End (ms): Min: 312858.1, Avg: 312858.1, Max: 312858.1, Diff: 0.0]
   [Code Root Fixup: 0.0 ms]
   [Clear CT: 0.8 ms]
   [Other: 2.3 ms]
      [Choose CSet: 0.0 ms]
      [Ref Proc: 0.5 ms]
      [Ref Enq: 0.0 ms]
      [Free CSet: 0.3 ms]
   [Eden: 362.0M(362.0M)->0.0B(224.0M) Survivors: 13.0M->47.0M Heap: 935.0M(2048.0M)->808.0M(2048.0M)]
 [Times: user=0.80 sys=0.00, real=0.22 secs] 
313.154: [GC pause (young), 0.1675930 secs]
   [Parallel Time: 165.1 ms, GC Workers: 4]
      [GC Worker Start (ms): Min: 313154.7, Avg: 313154.7, Max: 313154.7, Diff: 0.0]
      [Ext Root Scanning (ms): Min: 1.3, Avg: 1.3, Max: 1.3, Diff: 0.0, Sum: 5.2]
      [Update RS (ms): Min: 18.3, Avg: 18.5, Max: 18.8, Diff: 0.5, Sum: 73.9]
         [Processed Buffers: Min: 174, Avg: 213.8, Max: 281, Diff: 107, Sum: 855]
      [Scan RS (ms): Min: 11.4, Avg: 11.7, Max: 11.9, Diff: 0.5, Sum: 46.9]
      [Object Copy (ms): Min: 133.6, Avg: 133.6, Max: 133.6, Diff: 0.0, Sum: 534.4]
      [Termination (ms): Min: 0.0, Avg: 0.0, Max: 0.0, Diff: 0.0, Sum: 0.0]
      [GC Worker Other (ms): Min: 0.0, Avg: 0.0, Max: 0.0, Diff: 0.0, Sum: 0.1]
      [GC Worker Total (ms): Min: 165.1, Avg: 165.1, Max: 165.1, Diff: 0.0, Sum: 660.4]
      [GC Worker End (ms): Min: 313319.8, Avg: 313319.8, Max: 313319.8, Diff: 0.0]
   [Code Root Fixup: 0.0 ms]
   [Clear CT: 0.1 ms]
   [Other: 2.3 ms]
      [Choose CSet: 0.0 ms]
      [Ref Proc: 0.0 ms]
      [Ref Enq: 0.0 ms]
      [Free CSet: 0.2 ms]
   [Eden: 224.0M(224.0M)->0.0B(191.0M) Survivors: 47.0M->34.0M Heap: 1032.0M(2048.0M)->924.0M(2048.0M)]
 [Times: user=0.66 sys=0.00, real=0.17 secs] 
313.565: [GC pause (young), 0.1229508 secs]
   [Parallel Time: 121.5 ms, GC Workers: 4]
      [GC Worker Start (ms): Min: 313565.7, Avg: 313565.7, Max: 313565.7, Diff: 0.0]
      [Ext Root Scanning (ms): Min: 1.2, Avg: 1.2, Max: 1.2, Diff: 0.0, Sum: 4.9]
      [Update RS (ms): Min: 25.0, Avg: 25.2, Max: 25.8, Diff: 0.7, Sum: 100.9]
         [Processed Buffers: Min: 164, Avg: 216.0, Max: 243, Diff: 79, Sum: 864]
      [Scan RS (ms): Min: 0.0, Avg: 0.2, Max: 0.3, Diff: 0.3, Sum: 0.9]
      [Object Copy (ms): Min: 94.4, Avg: 94.7, Max: 94.9, Diff: 0.4, Sum: 379.0]
      [Termination (ms): Min: 0.0, Avg: 0.0, Max: 0.0, Diff: 0.0, Sum: 0.0]
      [GC Worker Other (ms): Min: 0.0, Avg: 0.0, Max: 0.0, Diff: 0.0, Sum: 0.1]
      [GC Worker Total (ms): Min: 121.4, Avg: 121.4, Max: 121.4, Diff: 0.0, Sum: 485.8]
      [GC Worker End (ms): Min: 313687.2, Avg: 313687.2, Max: 313687.2, Diff: 0.0]
   [Code Root Fixup: 0.0 ms]
   [Clear CT: 0.1 ms]
   [Other: 1.4 ms]
      [Choose CSet: 0.0 ms]
      [Ref Proc: 0.0 ms]
      [Ref Enq: 0.0 ms]
      [Free CSet: 0.2 ms]
   [Eden: 191.0M(191.0M)->0.0B(250.0M) Survivors: 34.0M->29.0M Heap: 1115.0M(2048.0M)->1008.0M(2048.0M)]
 [Times: user=0.50 sys=0.00, real=0.12 secs] 
313.914: [GC pause (young) (initial-mark), 0.1562652 secs]
   [Parallel Time: 154.3 ms, GC Workers: 4]
      [GC Worker Start (ms): Min: 313914.4, Avg: 313914.4, Max: 313914.4, Diff: 0.0]
      [Ext Root Scanning (ms): Min: 1.3, Avg: 1.3, Max: 1.3, Diff: 0.1, Sum: 5.2]
      [Update RS (ms): Min: 17.5, Avg: 17.6, Max: 17.6, Diff: 0.1, Sum: 70.2]
         [Processed Buffers: Min: 117, Avg: 137.8, Max: 158, Diff: 41, Sum: 551]
      [Scan RS (ms): Min: 1.2, Avg: 1.2, Max: 1.2, Diff: 0.0, Sum: 4.8]
      [Object Copy (ms): Min: 134.2, Avg: 134.2, Max: 134.2, Diff: 0.0, Sum: 536.8]
      [Termination (ms): Min: 0.0, Avg: 0.0, Max: 0.0, Diff: 0.0, Sum: 0.0]
      [GC Worker Other (ms): Min: 0.0, Avg: 0.0, Max: 0.0, Diff: 0.0, Sum: 0.1]
      [GC Worker Total (ms): Min: 154.3, Avg: 154.3, Max: 154.3, Diff: 0.0, Sum: 617.1]
      [GC Worker End (ms): Min: 314068.7, Avg: 314068.7, Max: 314068.7, Diff: 0.0]
   [Code Root Fixup: 0.0 ms]
   [Clear CT: 0.1 ms]
   [Other: 1.9 ms]
      [Choose CSet: 0.0 ms]
      [Ref Proc: 0.0 ms]
      [Ref Enq: 0.0 ms]
      [Free CSet: 0.3 ms]
   [Eden: 250.0M(250.0M)->0.0B(251.0M) Survivors: 29.0M->35.0M Heap: 1258.0M(2048.0M)->1148.5M(2048.0M)]
 [Times: user=0.58 sys=0.00, real=0.16 secs] 
314.070: [GC concurrent-root-region-scan-start]
314.143: [GC concurrent-root-region-scan-end, 0.0722761 secs]
314.143: [GC concurrent-mark-start]
314.317: [GC pause (young), 0.0895446 secs]
   [Parallel Time: 88.1 ms, GC Workers: 4]
      [GC Worker Start (ms): Min: 314317.2, Avg: 314317.2, Max: 314317.2, Diff: 0.0]
      [Ext Root Scanning (ms): Min: 1.3, Avg: 1.3, Max: 1.3, Diff: 0.0, Sum: 5.2]
      [SATB Filtering (ms): Min: 0.0, Avg: 0.4, Max: 1.6, Diff: 1.6, Sum: 1.6]
      [Update RS (ms): Min: 18.7, Avg: 19.9, Max: 20.4, Diff: 1.7, Sum: 79.4]
         [Processed Buffers: Min: 143, Avg: 184.0, Max: 212, Diff: 69, Sum: 736]
      [Scan RS (ms): Min: 0.1, Avg: 0.3, Max: 0.3, Diff: 0.2, Sum: 1.0]
      [Object Copy (ms): Min: 64.2, Avg: 64.6, Max: 65.9, Diff: 1.7, Sum: 258.6]
      [Termination (ms): Min: 0.0, Avg: 1.4, Max: 2.0, Diff: 2.0, Sum: 5.6]
      [GC Worker Other (ms): Min: 0.0, Avg: 0.0, Max: 0.0, Diff: 0.0, Sum: 0.0]
      [GC Worker Total (ms): Min: 87.8, Avg: 87.9, Max: 88.1, Diff: 0.3, Sum: 351.4]
      [GC Worker End (ms): Min: 314405.0, Avg: 314405.1, Max: 314405.3, Diff: 0.3]
   [Code Root Fixup: 0.0 ms]
   [Clear CT: 0.1 ms]
   [Other: 1.3 ms]
      [Choose CSet: 0.0 ms]
      [Ref Proc: 0.2 ms]
      [Ref Enq: 0.0 ms]
      [Free CSet: 0.2 ms]
   [Eden: 251.0M(251.0M)->0.0B(304.0M) Survivors: 35.0M->36.0M Heap: 1399.5M(2048.0M)->1188.0M(2048.0M)]
 [Times: user=0.30 sys=0.00, real=0.09 secs] 
314.684: [GC pause (young), 0.1424973 secs]
   [Parallel Time: 141.2 ms, GC Workers: 4]
      [GC Worker Start (ms): Min: 314684.1, Avg: 314684.1, Max: 314684.1, Diff: 0.0]
      [Ext Root Scanning (ms): Min: 1.2, Avg: 1.2, Max: 1.3, Diff: 0.0, Sum: 4.9]
      [SATB Filtering (ms): Min: 0.0, Avg: 0.7, Max: 2.7, Diff: 2.7, Sum: 2.7]
      [Update RS (ms): Min: 16.9, Avg: 18.9, Max: 19.6, Diff: 2.7, Sum: 75.6]
         [Processed Buffers: Min: 126, Avg: 138.8, Max: 147, Diff: 21, Sum: 555]
      [Scan RS (ms): Min: 0.1, Avg: 0.1, Max: 0.2, Diff: 0.1, Sum: 0.5]
      [Object Copy (ms): Min: 120.2, Avg: 120.2, Max: 120.2, Diff: 0.0, Sum: 480.7]
      [Termination (ms): Min: 0.0, Avg: 0.0, Max: 0.0, Diff: 0.0, Sum: 0.0]
      [GC Worker Other (ms): Min: 0.0, Avg: 0.0, Max: 0.0, Diff: 0.0, Sum: 0.1]
      [GC Worker Total (ms): Min: 141.1, Avg: 141.1, Max: 141.1, Diff: 0.0, Sum: 564.5]
      [GC Worker End (ms): Min: 314825.2, Avg: 314825.2, Max: 314825.2, Diff: 0.0]
   [Code Root Fixup: 0.0 ms]
   [Clear CT: 0.1 ms]
   [Other: 1.2 ms]
      [Choose CSet: 0.0 ms]
      [Ref Proc: 0.0 ms]
      [Ref Enq: 0.0 ms]
      [Free CSet: 0.2 ms]
   [Eden: 304.0M(304.0M)->0.0B(287.0M) Survivors: 36.0M->43.0M Heap: 1492.0M(2048.0M)->1303.0M(2048.0M)]
 [Times: user=0.55 sys=0.00, real=0.14 secs] 
314.860: [GC concurrent-mark-end, 0.7174534 secs]
314.861: [GC remark 314.861: [GC ref-proc, 0.0015850 secs], 0.0031347 secs]
 [Times: user=0.00 sys=0.00, real=0.00 secs] 
314.864: [GC cleanup 1343M->671M(2048M), 0.0015786 secs]
 [Times: user=0.00 sys=0.00, real=0.00 secs] 
314.866: [GC concurrent-cleanup-start]
314.867: [GC concurrent-cleanup-end, 0.0007691 secs]
315.115: [GC pause (young), 0.2391738 secs]
   [Parallel Time: 237.0 ms, GC Workers: 4]
      [GC Worker Start (ms): Min: 315115.4, Avg: 315115.4, Max: 315115.4, Diff: 0.0]
      [Ext Root Scanning (ms): Min: 1.5, Avg: 1.6, Max: 1.6, Diff: 0.1, Sum: 6.3]
      [Update RS (ms): Min: 39.4, Avg: 39.4, Max: 39.4, Diff: 0.0, Sum: 157.6]
         [Processed Buffers: Min: 182, Avg: 205.8, Max: 236, Diff: 54, Sum: 823]
      [Scan RS (ms): Min: 0.2, Avg: 0.2, Max: 0.2, Diff: 0.0, Sum: 0.7]
      [Object Copy (ms): Min: 195.8, Avg: 195.8, Max: 195.9, Diff: 0.1, Sum: 783.4]
      [Termination (ms): Min: 0.0, Avg: 0.0, Max: 0.0, Diff: 0.0, Sum: 0.0]
      [GC Worker Other (ms): Min: 0.0, Avg: 0.0, Max: 0.0, Diff: 0.0, Sum: 0.1]
      [GC Worker Total (ms): Min: 237.0, Avg: 237.0, Max: 237.0, Diff: 0.0, Sum: 948.1]
      [GC Worker End (ms): Min: 315352.4, Avg: 315352.4, Max: 315352.4, Diff: 0.0]
   [Code Root Fixup: 0.0 ms]
   [Clear CT: 0.1 ms]
   [Other: 2.0 ms]
      [Choose CSet: 0.0 ms]
      [Ref Proc: 0.0 ms]
      [Ref Enq: 0.0 ms]
      [Free CSet: 0.3 ms]
   [Eden: 287.0M(287.0M)->0.0B(60.0M) Survivors: 43.0M->42.0M Heap: 918.0M(2048.0M)->841.5M(2048.0M)]
 [Times: user=0.94 sys=0.00, real=0.24 secs] 
315.546: [GC pause (mixed), 0.0803015 secs]
   [Parallel Time: 78.8 ms, GC Workers: 4]
      [GC Worker Start (ms): Min: 315545.8, Avg: 315546.5, Max: 315548.6, Diff: 2.8]
      [Ext Root Scanning (ms): Min: 0.1, Avg: 1.2, Max: 1.7, Diff: 1.6, Sum: 4.9]
      [Update RS (ms): Min: 28.0, Avg: 28.9, Max: 29.3, Diff: 1.3, Sum: 115.5]
         [Processed Buffers: Min: 151, Avg: 155.8, Max: 160, Diff: 9, Sum: 623]
      [Scan RS (ms): Min: 0.9, Avg: 0.9, Max: 1.0, Diff: 0.0, Sum: 3.8]
      [Object Copy (ms): Min: 46.9, Avg: 47.0, Max: 47.1, Diff: 0.2, Sum: 188.0]
      [Termination (ms): Min: 0.0, Avg: 0.0, Max: 0.0, Diff: 0.0, Sum: 0.0]
      [GC Worker Other (ms): Min: 0.0, Avg: 0.0, Max: 0.0, Diff: 0.0, Sum: 0.0]
      [GC Worker Total (ms): Min: 76.0, Avg: 78.1, Max: 78.8, Diff: 2.8, Sum: 312.3]
      [GC Worker End (ms): Min: 315624.6, Avg: 315624.6, Max: 315624.6, Diff: 0.0]
   [Code Root Fixup: 0.0 ms]
   [Clear CT: 0.2 ms]
   [Other: 1.3 ms]
      [Choose CSet: 0.0 ms]
      [Ref Proc: 0.0 ms]
      [Ref Enq: 0.0 ms]
      [Free CSet: 0.2 ms]
   [Eden: 60.0M(60.0M)->0.0B(281.0M) Survivors: 42.0M->8192.0K Heap: 901.5M(2048.0M)->821.0M(2048.0M)]
 [Times: user=0.31 sys=0.00, real=0.08 secs] 
315.906: [GC pause (young), 0.1837111 secs]
   [Parallel Time: 181.9 ms, GC Workers: 4]
      [GC Worker Start (ms): Min: 315906.1, Avg: 315906.1, Max: 315906.1, Diff: 0.0]
      [Ext Root Scanning (ms): Min: 1.4, Avg: 1.4, Max: 1.5, Diff: 0.1, Sum: 5.8]
      [Update RS (ms): Min: 23.2, Avg: 23.6, Max: 25.0, Diff: 1.8, Sum: 94.5]
         [Processed Buffers: Min: 219, Avg: 289.3, Max: 344, Diff: 125, Sum: 1157]
      [Scan RS (ms): Min: 0.0, Avg: 0.1, Max: 0.1, Diff: 0.1, Sum: 0.3]
      [Object Copy (ms): Min: 155.4, Avg: 156.7, Max: 157.1, Diff: 1.7, Sum: 626.8]
      [Termination (ms): Min: 0.0, Avg: 0.0, Max: 0.0, Diff: 0.0, Sum: 0.0]
      [GC Worker Other (ms): Min: 0.0, Avg: 0.0, Max: 0.0, Diff: 0.0, Sum: 0.1]
      [GC Worker Total (ms): Min: 181.9, Avg: 181.9, Max: 181.9, Diff: 0.0, Sum: 727.5]
      [GC Worker End (ms): Min: 316088.0, Avg: 316088.0, Max: 316088.0, Diff: 0.0]
   [Code Root Fixup: 0.0 ms]
   [Clear CT: 0.1 ms]
   [Other: 1.7 ms]
      [Choose CSet: 0.0 ms]
      [Ref Proc: 0.0 ms]
      [Ref Enq: 0.0 ms]
      [Free CSet: 0.2 ms]
   [Eden: 281.0M(281.0M)->0.0B(128.0M) Survivors: 8192.0K->37.0M Heap: 1102.0M(2048.0M)->1001.0M(2048.0M)]
 [Times: user=0.67 sys=0.00, real=0.18 secs] 
316.264: [GC pause (young) (initial-mark), 0.1220264 secs]
   [Parallel Time: 120.1 ms, GC Workers: 4]
      [GC Worker Start (ms): Min: 316264.8, Avg: 316264.8, Max: 316264.8, Diff: 0.0]
      [Ext Root Scanning (ms): Min: 1.2, Avg: 1.2, Max: 1.2, Diff: 0.0, Sum: 4.8]
      [Update RS (ms): Min: 17.3, Avg: 17.3, Max: 17.4, Diff: 0.0, Sum: 69.4]
         [Processed Buffers: Min: 169, Avg: 185.0, Max: 196, Diff: 27, Sum: 740]
      [Scan RS (ms): Min: 4.9, Avg: 4.9, Max: 4.9, Diff: 0.1, Sum: 19.6]
      [Object Copy (ms): Min: 96.3, Avg: 96.4, Max: 96.4, Diff: 0.1, Sum: 385.5]
      [Termination (ms): Min: 0.0, Avg: 0.0, Max: 0.0, Diff: 0.0, Sum: 0.0]
      [GC Worker Other (ms): Min: 0.0, Avg: 0.0, Max: 0.1, Diff: 0.1, Sum: 0.2]
      [GC Worker Total (ms): Min: 119.8, Avg: 119.9, Max: 119.9, Diff: 0.1, Sum: 479.4]
      [GC Worker End (ms): Min: 316384.7, Avg: 316384.7, Max: 316384.7, Diff: 0.1]
   [Code Root Fixup: 0.0 ms]
   [Clear CT: 0.1 ms]
   [Other: 1.8 ms]
      [Choose CSet: 0.0 ms]
      [Ref Proc: 0.0 ms]
      [Ref Enq: 0.0 ms]
      [Free CSet: 0.2 ms]
   [Eden: 128.0M(128.0M)->0.0B(81.0M) Survivors: 37.0M->21.0M Heap: 1129.0M(2048.0M)->1065.5M(2048.0M)]
 [Times: user=0.41 sys=0.00, real=0.12 secs] 
316.387: [GC concurrent-root-region-scan-start]
316.414: [GC concurrent-root-region-scan-end, 0.0270431 secs]
316.414: [GC concurrent-mark-start]
316.501: [GC pause (young), 0.0429655 secs]
   [Parallel Time: 42.0 ms, GC Workers: 4]
      [GC Worker Start (ms): Min: 316500.8, Avg: 316500.8, Max: 316500.8, Diff: 0.0]
      [Ext Root Scanning (ms): Min: 1.2, Avg: 1.2, Max: 1.2, Diff: 0.0, Sum: 4.9]
      [SATB Filtering (ms): Min: 0.0, Avg: 0.0, Max: 0.1, Diff: 0.1, Sum: 0.1]
      [Update RS (ms): Min: 20.4, Avg: 20.4, Max: 20.4, Diff: 0.1, Sum: 81.6]
         [Processed Buffers: Min: 115, Avg: 119.0, Max: 124, Diff: 9, Sum: 476]
      [Scan RS (ms): Min: 0.2, Avg: 0.2, Max: 0.2, Diff: 0.1, Sum: 0.8]
      [Object Copy (ms): Min: 20.1, Avg: 20.1, Max: 20.1, Diff: 0.0, Sum: 80.4]
      [Termination (ms): Min: 0.0, Avg: 0.0, Max: 0.0, Diff: 0.0, Sum: 0.0]
      [GC Worker Other (ms): Min: 0.0, Avg: 0.0, Max: 0.0, Diff: 0.0, Sum: 0.0]
      [GC Worker Total (ms): Min: 42.0, Avg: 42.0, Max: 42.0, Diff: 0.0, Sum: 167.9]
      [GC Worker End (ms): Min: 316542.7, Avg: 316542.7, Max: 316542.7, Diff: 0.0]
   [Code Root Fixup: 0.0 ms]
   [Clear CT: 0.3 ms]
   [Other: 0.7 ms]
      [Choose CSet: 0.0 ms]
      [Ref Proc: 0.1 ms]
      [Ref Enq: 0.0 ms]
      [Free CSet: 0.1 ms]
   [Eden: 81.0M(81.0M)->0.0B(217.0M) Survivors: 21.0M->4096.0K Heap: 1146.5M(2048.0M)->1070.0M(2048.0M)]
 [Times: user=0.19 sys=0.00, real=0.04 secs] 
316.739: [GC pause (young), 0.0485486 secs]
   [Parallel Time: 47.5 ms, GC Workers: 4]
      [GC Worker Start (ms): Min: 316739.1, Avg: 316739.8, Max: 316740.6, Diff: 1.5]
      [Ext Root Scanning (ms): Min: 0.6, Avg: 1.2, Max: 1.9, Diff: 1.4, Sum: 5.0]
      [SATB Filtering (ms): Min: 0.0, Avg: 0.4, Max: 1.5, Diff: 1.5, Sum: 1.5]
      [Update RS (ms): Min: 11.0, Avg: 12.4, Max: 13.4, Diff: 2.4, Sum: 49.4]
         [Processed Buffers: Min: 147, Avg: 190.5, Max: 239, Diff: 92, Sum: 762]
      [Scan RS (ms): Min: 0.0, Avg: 0.1, Max: 0.1, Diff: 0.1, Sum: 0.2]
      [Object Copy (ms): Min: 31.9, Avg: 32.7, Max: 32.9, Diff: 1.0, Sum: 130.7]
      [Termination (ms): Min: 0.0, Avg: 0.0, Max: 0.0, Diff: 0.0, Sum: 0.0]
      [GC Worker Other (ms): Min: 0.0, Avg: 0.0, Max: 0.0, Diff: 0.0, Sum: 0.1]
      [GC Worker Total (ms): Min: 46.0, Avg: 46.7, Max: 47.5, Diff: 1.5, Sum: 186.8]
      [GC Worker End (ms): Min: 316786.5, Avg: 316786.5, Max: 316786.5, Diff: 0.0]
   [Code Root Fixup: 0.0 ms]
   [Clear CT: 0.1 ms]
   [Other: 0.9 ms]
      [Choose CSet: 0.0 ms]
      [Ref Proc: 0.1 ms]
      [Ref Enq: 0.0 ms]
      [Free CSet: 0.2 ms]
   [Eden: 217.0M(217.0M)->0.0B(267.0M) Survivors: 4096.0K->28.0M Heap: 1287.0M(2048.0M)->1107.0M(2048.0M)]
 [Times: user=0.19 sys=0.00, real=0.05 secs] 
316.973: [GC concurrent-mark-end, 0.5587821 secs]
316.974: [GC remark 316.975: [GC ref-proc, 0.0016472 secs], 0.0041119 secs]
 [Times: user=0.00 sys=0.00, real=0.00 secs] 
316.978: [GC cleanup 1326M->642M(2048M), 0.0013124 secs]
 [Times: user=0.03 sys=0.00, real=0.00 secs] 
316.979: [GC concurrent-cleanup-start]
316.980: [GC concurrent-cleanup-end, 0.0007970 secs]
317.030: [GC pause (young), 0.1240669 secs]
   [Parallel Time: 121.8 ms, GC Workers: 4]
      [GC Worker Start (ms): Min: 317029.8, Avg: 317029.8, Max: 317029.8, Diff: 0.0]
      [Ext Root Scanning (ms): Min: 1.3, Avg: 1.4, Max: 1.4, Diff: 0.1, Sum: 5.5]
      [Update RS (ms): Min: 4.7, Avg: 4.7, Max: 4.7, Diff: 0.0, Sum: 18.7]
         [Processed Buffers: Min: 24, Avg: 25.0, Max: 26, Diff: 2, Sum: 100]
      [Scan RS (ms): Min: 0.0, Avg: 0.1, Max: 0.1, Diff: 0.1, Sum: 0.3]
      [Object Copy (ms): Min: 115.5, Avg: 115.6, Max: 115.6, Diff: 0.1, Sum: 462.3]
      [Termination (ms): Min: 0.0, Avg: 0.0, Max: 0.0, Diff: 0.0, Sum: 0.0]
      [GC Worker Other (ms): Min: 0.0, Avg: 0.0, Max: 0.0, Diff: 0.0, Sum: 0.1]
      [GC Worker Total (ms): Min: 121.7, Avg: 121.7, Max: 121.7, Diff: 0.0, Sum: 487.0]
      [GC Worker End (ms): Min: 317151.5, Avg: 317151.5, Max: 317151.5, Diff: 0.0]
   [Code Root Fixup: 0.0 ms]
   [Clear CT: 0.3 ms]
   [Other: 2.0 ms]
      [Choose CSet: 0.0 ms]
      [Ref Proc: 0.8 ms]
      [Ref Enq: 0.0 ms]
      [Free CSet: 0.2 ms]
   [Eden: 267.0M(267.0M)->0.0B(268.0M) Survivors: 28.0M->37.0M Heap: 690.0M(2048.0M)->534.0M(2048.0M)]
 [Times: user=0.45 sys=0.00, real=0.12 secs] 
317.412: [GC pause (young), 0.2025707 secs]
   [Parallel Time: 200.5 ms, GC Workers: 4]
      [GC Worker Start (ms): Min: 317412.7, Avg: 317412.7, Max: 317412.7, Diff: 0.0]
      [Ext Root Scanning (ms): Min: 1.2, Avg: 1.2, Max: 1.2, Diff: 0.0, Sum: 4.9]
      [Update RS (ms): Min: 19.3, Avg: 19.6, Max: 20.5, Diff: 1.2, Sum: 78.3]
         [Processed Buffers: Min: 138, Avg: 147.5, Max: 151, Diff: 13, Sum: 590]
      [Scan RS (ms): Min: 0.0, Avg: 0.3, Max: 0.4, Diff: 0.3, Sum: 1.1]
      [Object Copy (ms): Min: 178.7, Avg: 179.4, Max: 179.6, Diff: 0.9, Sum: 717.4]
      [Termination (ms): Min: 0.0, Avg: 0.0, Max: 0.0, Diff: 0.0, Sum: 0.0]
      [GC Worker Other (ms): Min: 0.0, Avg: 0.0, Max: 0.0, Diff: 0.0, Sum: 0.1]
      [GC Worker Total (ms): Min: 200.4, Avg: 200.4, Max: 200.4, Diff: 0.0, Sum: 801.7]
      [GC Worker End (ms): Min: 317613.1, Avg: 317613.1, Max: 317613.2, Diff: 0.0]
   [Code Root Fixup: 0.0 ms]
   [Clear CT: 0.1 ms]
   [Other: 2.0 ms]
      [Choose CSet: 0.0 ms]
      [Ref Proc: 0.1 ms]
      [Ref Enq: 0.0 ms]
      [Free CSet: 0.2 ms]
   [Eden: 268.0M(268.0M)->0.0B(211.0M) Survivors: 37.0M->39.0M Heap: 802.0M(2048.0M)->709.5M(2048.0M)]
 [Times: user=0.78 sys=0.00, real=0.20 secs] 
317.863: [GC pause (young), 0.1029449 secs]
   [Parallel Time: 101.3 ms, GC Workers: 4]
      [GC Worker Start (ms): Min: 317863.3, Avg: 317863.3, Max: 317863.3, Diff: 0.0]
      [Ext Root Scanning (ms): Min: 1.2, Avg: 1.2, Max: 1.2, Diff: 0.0, Sum: 4.9]
      [Update RS (ms): Min: 20.4, Avg: 20.4, Max: 20.4, Diff: 0.1, Sum: 81.7]
         [Processed Buffers: Min: 186, Avg: 210.8, Max: 238, Diff: 52, Sum: 843]
      [Scan RS (ms): Min: 2.3, Avg: 2.3, Max: 2.3, Diff: 0.0, Sum: 9.2]
      [Object Copy (ms): Min: 77.3, Avg: 77.3, Max: 77.3, Diff: 0.1, Sum: 309.3]
      [Termination (ms): Min: 0.0, Avg: 0.0, Max: 0.0, Diff: 0.0, Sum: 0.0]
      [GC Worker Other (ms): Min: 0.0, Avg: 0.0, Max: 0.0, Diff: 0.0, Sum: 0.1]
      [GC Worker Total (ms): Min: 101.3, Avg: 101.3, Max: 101.3, Diff: 0.0, Sum: 405.2]
      [GC Worker End (ms): Min: 317964.6, Avg: 317964.6, Max: 317964.6, Diff: 0.0]
   [Code Root Fixup: 0.0 ms]
   [Clear CT: 0.2 ms]
   [Other: 1.4 ms]
      [Choose CSet: 0.0 ms]
      [Ref Proc: 0.1 ms]
      [Ref Enq: 0.0 ms]
      [Free CSet: 0.2 ms]
   [Eden: 211.0M(211.0M)->0.0B(261.0M) Survivors: 39.0M->32.0M Heap: 920.5M(2048.0M)->757.5M(2048.0M)]
 [Times: user=0.39 sys=0.00, real=0.10 secs] 
318.202: [GC pause (young), 0.1614496 secs]
   [Parallel Time: 159.5 ms, GC Workers: 4]
      [GC Worker Start (ms): Min: 318202.5, Avg: 318202.5, Max: 318202.5, Diff: 0.0]
      [Ext Root Scanning (ms): Min: 1.2, Avg: 1.2, Max: 1.2, Diff: 0.0, Sum: 4.9]
      [Update RS (ms): Min: 16.4, Avg: 16.4, Max: 16.4, Diff: 0.0, Sum: 65.6]
         [Processed Buffers: Min: 113, Avg: 119.0, Max: 125, Diff: 12, Sum: 476]
      [Scan RS (ms): Min: 0.3, Avg: 0.3, Max: 0.3, Diff: 0.0, Sum: 1.2]
      [Object Copy (ms): Min: 141.5, Avg: 141.5, Max: 141.5, Diff: 0.0, Sum: 566.1]
      [Termination (ms): Min: 0.0, Avg: 0.0, Max: 0.0, Diff: 0.0, Sum: 0.0]
      [GC Worker Other (ms): Min: 0.0, Avg: 0.0, Max: 0.0, Diff: 0.0, Sum: 0.1]
      [GC Worker Total (ms): Min: 159.5, Avg: 159.5, Max: 159.5, Diff: 0.0, Sum: 637.9]
      [GC Worker End (ms): Min: 318361.9, Avg: 318361.9, Max: 318361.9, Diff: 0.0]
   [Code Root Fixup: 0.0 ms]
   [Clear CT: 0.4 ms]
   [Other: 1.6 ms]
      [Choose CSet: 0.0 ms]
      [Ref Proc: 0.1 ms]
      [Ref Enq: 0.0 ms]
      [Free CSet: 0.3 ms]
   [Eden: 261.0M(261.0M)->0.0B(260.0M) Survivors: 32.0M->37.0M Heap: 1018.5M(2048.0M)->899.5M(2048.0M)]
 [Times: user=0.58 sys=0.00, real=0.16 secs] 
318.635: [GC pause (young), 0.1682537 secs]
   [Parallel Time: 166.4 ms, GC Workers: 4]
      [GC Worker Start (ms): Min: 318635.7, Avg: 318635.7, Max: 318635.7, Diff: 0.0]
      [Ext Root Scanning (ms): Min: 0.5, Avg: 1.2, Max: 1.5, Diff: 1.0, Sum: 4.8]
      [Update RS (ms): Min: 26.0, Avg: 26.4, Max: 27.2, Diff: 1.2, Sum: 105.7]
         [Processed Buffers: Min: 155, Avg: 214.8, Max: 248, Diff: 93, Sum: 859]
      [Scan RS (ms): Min: 0.0, Avg: 0.2, Max: 0.3, Diff: 0.3, Sum: 0.8]
      [Object Copy (ms): Min: 138.5, Avg: 138.6, Max: 138.6, Diff: 0.1, Sum: 554.3]
      [Termination (ms): Min: 0.0, Avg: 0.0, Max: 0.0, Diff: 0.0, Sum: 0.0]
      [GC Worker Other (ms): Min: 0.0, Avg: 0.0, Max: 0.0, Diff: 0.0, Sum: 0.1]
      [GC Worker Total (ms): Min: 166.4, Avg: 166.4, Max: 166.4, Diff: 0.0, Sum: 665.6]
      [GC Worker End (ms): Min: 318802.1, Avg: 318802.1, Max: 318802.1, Diff: 0.0]
   [Code Root Fixup: 0.0 ms]
   [Clear CT: 0.1 ms]
   [Other: 1.7 ms]
      [Choose CSet: 0.0 ms]
      [Ref Proc: 0.0 ms]
      [Ref Enq: 0.0 ms]
      [Free CSet: 0.3 ms]
   [Eden: 260.0M(260.0M)->0.0B(262.0M) Survivors: 37.0M->38.0M Heap: 1159.5M(2048.0M)->1016.0M(2048.0M)]
 [Times: user=0.56 sys=0.00, real=0.17 secs] 
319.076: [GC pause (young) (initial-mark), 0.1794035 secs]
   [Parallel Time: 177.2 ms, GC Workers: 4]
      [GC Worker Start (ms): Min: 319076.7, Avg: 319076.7, Max: 319076.7, Diff: 0.0]
      [Ext Root Scanning (ms): Min: 1.2, Avg: 1.2, Max: 1.3, Diff: 0.0, Sum: 5.0]
      [Update RS (ms): Min: 17.8, Avg: 21.0, Max: 30.7, Diff: 12.9, Sum: 84.2]
         [Processed Buffers: Min: 110, Avg: 169.3, Max: 211, Diff: 101, Sum: 677]
      [Scan RS (ms): Min: 0.0, Avg: 0.7, Max: 0.9, Diff: 0.9, Sum: 2.7]
      [Object Copy (ms): Min: 145.2, Avg: 154.2, Max: 157.2, Diff: 12.0, Sum: 616.8]
      [Termination (ms): Min: 0.0, Avg: 0.0, Max: 0.0, Diff: 0.0, Sum: 0.0]
      [GC Worker Other (ms): Min: 0.0, Avg: 0.0, Max: 0.0, Diff: 0.0, Sum: 0.1]
      [GC Worker Total (ms): Min: 177.2, Avg: 177.2, Max: 177.2, Diff: 0.0, Sum: 708.7]
      [GC Worker End (ms): Min: 319253.8, Avg: 319253.8, Max: 319253.8, Diff: 0.0]
   [Code Root Fixup: 0.0 ms]
   [Clear CT: 0.1 ms]
   [Other: 2.1 ms]
      [Choose CSet: 0.0 ms]
      [Ref Proc: 0.0 ms]
      [Ref Enq: 0.0 ms]
      [Free CSet: 0.3 ms]
   [Eden: 262.0M(262.0M)->0.0B(234.0M) Survivors: 38.0M->38.0M Heap: 1278.0M(2048.0M)->1166.5M(2048.0M)]
 [Times: user=0.62 sys=0.00, real=0.18 secs] 
319.256: [GC concurrent-root-region-scan-start]
319.296: [GC concurrent-root-region-scan-end, 0.0400136 secs]
319.296: [GC concurrent-mark-start]
319.556: [GC pause (young), 0.0775048 secs]
   [Parallel Time: 76.1 ms, GC Workers: 4]
      [GC Worker Start (ms): Min: 319556.3, Avg: 319556.3, Max: 319556.3, Diff: 0.0]
      [Ext Root Scanning (ms): Min: 1.3, Avg: 1.3, Max: 1.3, Diff: 0.0, Sum: 5.2]
      [SATB Filtering (ms): Min: 0.0, Avg: 0.1, Max: 0.5, Diff: 0.5, Sum: 0.5]
      [Update RS (ms): Min: 15.6, Avg: 16.0, Max: 16.1, Diff: 0.6, Sum: 64.0]
         [Processed Buffers: Min: 110, Avg: 114.0, Max: 118, Diff: 8, Sum: 456]
      [Scan RS (ms): Min: 3.6, Avg: 3.6, Max: 3.6, Diff: 0.1, Sum: 14.4]
      [Object Copy (ms): Min: 55.0, Avg: 55.0, Max: 55.0, Diff: 0.0, Sum: 219.9]
      [Termination (ms): Min: 0.0, Avg: 0.0, Max: 0.0, Diff: 0.0, Sum: 0.1]
      [GC Worker Other (ms): Min: 0.0, Avg: 0.0, Max: 0.0, Diff: 0.0, Sum: 0.1]
      [GC Worker Total (ms): Min: 76.0, Avg: 76.1, Max: 76.1, Diff: 0.0, Sum: 304.2]
      [GC Worker End (ms): Min: 319632.4, Avg: 319632.4, Max: 319632.4, Diff: 0.0]
   [Code Root Fixup: 0.0 ms]
   [Clear CT: 0.2 ms]
   [Other: 1.2 ms]
      [Choose CSet: 0.0 ms]
      [Ref Proc: 0.1 ms]
      [Ref Enq: 0.0 ms]
      [Free CSet: 0.2 ms]
   [Eden: 221.0M(134.0M)->0.0B(377.0M) Survivors: 38.0M->22.0M Heap: 1387.5M(2048.0M)->1198.0M(2048.0M)]
 [Times: user=0.31 sys=0.00, real=0.08 secs] 
319.890: [GC concurrent-mark-end, 0.5942916 secs]
319.890: [GC remark 319.892: [GC ref-proc, 0.0016353 secs], 0.0043990 secs]
 [Times: user=0.00 sys=0.00, real=0.00 secs] 
319.895: [GC cleanup 1491M->850M(2048M), 0.0012717 secs]
 [Times: user=0.02 sys=0.03, real=0.00 secs] 
319.897: [GC concurrent-cleanup-start]
319.897: [GC concurrent-cleanup-end, 0.0007412 secs]
319.984: [GC pause (young), 0.1879061 secs]
   [Parallel Time: 185.9 ms, GC Workers: 4]
      [GC Worker Start (ms): Min: 319984.5, Avg: 319984.5, Max: 319984.5, Diff: 0.0]
      [Ext Root Scanning (ms): Min: 1.2, Avg: 1.3, Max: 1.3, Diff: 0.0, Sum: 5.0]
      [Update RS (ms): Min: 16.7, Avg: 16.7, Max: 16.8, Diff: 0.1, Sum: 67.0]
         [Processed Buffers: Min: 201, Avg: 230.5, Max: 265, Diff: 64, Sum: 922]
      [Scan RS (ms): Min: 0.1, Avg: 0.1, Max: 0.1, Diff: 0.1, Sum: 0.4]
      [Object Copy (ms): Min: 167.8, Avg: 167.8, Max: 167.8, Diff: 0.0, Sum: 671.2]
      [Termination (ms): Min: 0.0, Avg: 0.0, Max: 0.0, Diff: 0.0, Sum: 0.0]
      [GC Worker Other (ms): Min: 0.0, Avg: 0.0, Max: 0.0, Diff: 0.0, Sum: 0.1]
      [GC Worker Total (ms): Min: 185.9, Avg: 185.9, Max: 185.9, Diff: 0.0, Sum: 743.7]
      [GC Worker End (ms): Min: 320170.5, Avg: 320170.5, Max: 320170.5, Diff: 0.0]
   [Code Root Fixup: 0.0 ms]
   [Clear CT: 0.1 ms]
   [Other: 1.8 ms]
      [Choose CSet: 0.0 ms]
      [Ref Proc: 0.0 ms]
      [Ref Enq: 0.0 ms]
      [Free CSet: 0.3 ms]
   [Eden: 377.0M(377.0M)->0.0B(52.0M) Survivors: 22.0M->50.0M Heap: 934.0M(2048.0M)->747.0M(2048.0M)]
 [Times: user=0.70 sys=0.00, real=0.19 secs] 
320.257: [GC pause (mixed), 0.0894756 secs]
   [Parallel Time: 86.3 ms, GC Workers: 4]
      [GC Worker Start (ms): Min: 320257.1, Avg: 320257.1, Max: 320257.1, Diff: 0.0]
      [Ext Root Scanning (ms): Min: 1.2, Avg: 1.2, Max: 1.3, Diff: 0.0, Sum: 5.0]
      [Update RS (ms): Min: 30.2, Avg: 30.2, Max: 30.2, Diff: 0.1, Sum: 120.8]
         [Processed Buffers: Min: 161, Avg: 163.0, Max: 164, Diff: 3, Sum: 652]
      [Scan RS (ms): Min: 1.8, Avg: 3.3, Max: 7.8, Diff: 5.9, Sum: 13.4]
      [Object Copy (ms): Min: 47.0, Avg: 51.4, Max: 52.9, Diff: 5.9, Sum: 205.8]
      [Termination (ms): Min: 0.0, Avg: 0.0, Max: 0.0, Diff: 0.0, Sum: 0.0]
      [GC Worker Other (ms): Min: 0.0, Avg: 0.0, Max: 0.0, Diff: 0.0, Sum: 0.1]
      [GC Worker Total (ms): Min: 86.2, Avg: 86.3, Max: 86.3, Diff: 0.0, Sum: 345.0]
      [GC Worker End (ms): Min: 320343.4, Avg: 320343.4, Max: 320343.4, Diff: 0.0]
   [Code Root Fixup: 0.0 ms]
   [Clear CT: 0.4 ms]
   [Other: 2.8 ms]
      [Choose CSet: 0.1 ms]
      [Ref Proc: 1.4 ms]
      [Ref Enq: 0.0 ms]
      [Free CSet: 0.4 ms]
   [Eden: 52.0M(52.0M)->0.0B(355.0M) Survivors: 50.0M->4096.0K Heap: 799.0M(2048.0M)->681.5M(2048.0M)]
 [Times: user=0.31 sys=0.00, real=0.09 secs] 
320.692: [GC pause (young), 0.1692999 secs]
   [Parallel Time: 167.4 ms, GC Workers: 4]
      [GC Worker Start (ms): Min: 320692.5, Avg: 320692.5, Max: 320692.5, Diff: 0.0]
      [Ext Root Scanning (ms): Min: 1.2, Avg: 1.2, Max: 1.2, Diff: 0.0, Sum: 4.9]
      [Update RS (ms): Min: 16.5, Avg: 16.6, Max: 16.9, Diff: 0.4, Sum: 66.4]
         [Processed Buffers: Min: 224, Avg: 266.3, Max: 351, Diff: 127, Sum: 1065]
      [Scan RS (ms): Min: 0.0, Avg: 0.1, Max: 0.1, Diff: 0.1, Sum: 0.4]
      [Object Copy (ms): Min: 149.2, Avg: 149.5, Max: 149.5, Diff: 0.3, Sum: 597.8]
      [Termination (ms): Min: 0.0, Avg: 0.0, Max: 0.0, Diff: 0.0, Sum: 0.0]
      [GC Worker Other (ms): Min: 0.0, Avg: 0.0, Max: 0.0, Diff: 0.0, Sum: 0.1]
      [GC Worker Total (ms): Min: 167.4, Avg: 167.4, Max: 167.4, Diff: 0.0, Sum: 669.6]
      [GC Worker End (ms): Min: 320859.9, Avg: 320859.9, Max: 320859.9, Diff: 0.0]
   [Code Root Fixup: 0.0 ms]
   [Clear CT: 0.1 ms]
   [Other: 1.8 ms]
      [Choose CSet: 0.0 ms]
      [Ref Proc: 0.0 ms]
      [Ref Enq: 0.0 ms]
      [Free CSet: 0.3 ms]
   [Eden: 355.0M(355.0M)->0.0B(225.0M) Survivors: 4096.0K->45.0M Heap: 1036.5M(2048.0M)->871.0M(2048.0M)]
 [Times: user=0.62 sys=0.00, real=0.17 secs] 
321.120: [GC pause (young), 0.1949870 secs]
   [Parallel Time: 192.7 ms, GC Workers: 4]
      [GC Worker Start (ms): Min: 321120.4, Avg: 321126.2, Max: 321143.7, Diff: 23.4]
      [Ext Root Scanning (ms): Min: 0.1, Avg: 1.4, Max: 2.0, Diff: 1.9, Sum: 5.8]
      [Update RS (ms): Min: 3.3, Avg: 19.9, Max: 26.2, Diff: 22.8, Sum: 79.5]
         [Processed Buffers: Min: 84, Avg: 173.3, Max: 245, Diff: 161, Sum: 693]
      [Scan RS (ms): Min: 2.9, Avg: 3.7, Max: 4.2, Diff: 1.4, Sum: 14.8]
      [Object Copy (ms): Min: 161.2, Avg: 161.5, Max: 161.9, Diff: 0.7, Sum: 646.0]
      [Termination (ms): Min: 0.0, Avg: 0.3, Max: 0.5, Diff: 0.5, Sum: 1.3]
      [GC Worker Other (ms): Min: 0.0, Avg: 0.0, Max: 0.0, Diff: 0.0, Sum: 0.0]
      [GC Worker Total (ms): Min: 169.4, Avg: 186.9, Max: 192.7, Diff: 23.3, Sum: 747.4]
      [GC Worker End (ms): Min: 321313.1, Avg: 321313.1, Max: 321313.1, Diff: 0.0]
   [Code Root Fixup: 0.0 ms]
   [Clear CT: 0.1 ms]
   [Other: 2.2 ms]
      [Choose CSet: 0.0 ms]
      [Ref Proc: 0.1 ms]
      [Ref Enq: 0.0 ms]
      [Free CSet: 0.2 ms]
   [Eden: 225.0M(225.0M)->0.0B(176.0M) Survivors: 45.0M->34.0M Heap: 1096.0M(2048.0M)->1024.0M(2048.0M)]
 [Times: user=0.73 sys=0.00, real=0.20 secs] 
321.557: [GC pause (young) (initial-mark), 0.1125312 secs]
   [Parallel Time: 110.9 ms, GC Workers: 4]
      [GC Worker Start (ms): Min: 321557.9, Avg: 321557.9, Max: 321557.9, Diff: 0.0]
      [Ext Root Scanning (ms): Min: 1.3, Avg: 1.4, Max: 1.8, Diff: 0.6, Sum: 5.7]
      [Update RS (ms): Min: 27.5, Avg: 27.9, Max: 28.1, Diff: 0.6, Sum: 111.7]
         [Processed Buffers: Min: 196, Avg: 245.0, Max: 278, Diff: 82, Sum: 980]
      [Scan RS (ms): Min: 2.1, Avg: 2.2, Max: 2.2, Diff: 0.1, Sum: 8.7]
      [Object Copy (ms): Min: 79.1, Avg: 79.1, Max: 79.2, Diff: 0.1, Sum: 316.6]
      [Termination (ms): Min: 0.0, Avg: 0.0, Max: 0.0, Diff: 0.0, Sum: 0.0]
      [GC Worker Other (ms): Min: 0.0, Avg: 0.0, Max: 0.0, Diff: 0.0, Sum: 0.1]
      [GC Worker Total (ms): Min: 110.7, Avg: 110.7, Max: 110.7, Diff: 0.0, Sum: 442.7]
      [GC Worker End (ms): Min: 321668.6, Avg: 321668.6, Max: 321668.6, Diff: 0.0]
   [Code Root Fixup: 0.0 ms]
   [Clear CT: 0.1 ms]
   [Other: 1.5 ms]
      [Choose CSet: 0.0 ms]
      [Ref Proc: 0.1 ms]
      [Ref Enq: 0.0 ms]
      [Free CSet: 0.2 ms]
   [Eden: 176.0M(176.0M)->0.0B(230.0M) Survivors: 34.0M->27.0M Heap: 1200.0M(2048.0M)->1086.5M(2048.0M)]
 [Times: user=0.42 sys=0.00, real=0.11 secs] 
321.670: [GC concurrent-root-region-scan-start]
321.700: [GC concurrent-root-region-scan-end, 0.0301823 secs]
321.700: [GC concurrent-mark-start]
321.871: [GC pause (young), 0.0976954 secs]
   [Parallel Time: 96.4 ms, GC Workers: 4]
      [GC Worker Start (ms): Min: 321870.9, Avg: 321870.9, Max: 321870.9, Diff: 0.0]
      [Ext Root Scanning (ms): Min: 1.2, Avg: 1.2, Max: 1.2, Diff: 0.0, Sum: 4.9]
      [SATB Filtering (ms): Min: 0.0, Avg: 0.8, Max: 3.0, Diff: 3.0, Sum: 3.0]
      [Update RS (ms): Min: 16.2, Avg: 18.5, Max: 19.3, Diff: 3.1, Sum: 73.9]
         [Processed Buffers: Min: 112, Avg: 141.8, Max: 163, Diff: 51, Sum: 567]
      [Scan RS (ms): Min: 0.2, Avg: 0.2, Max: 0.3, Diff: 0.1, Sum: 1.0]
      [Object Copy (ms): Min: 75.6, Avg: 75.6, Max: 75.6, Diff: 0.0, Sum: 302.5]
      [Termination (ms): Min: 0.0, Avg: 0.0, Max: 0.0, Diff: 0.0, Sum: 0.0]
      [GC Worker Other (ms): Min: 0.0, Avg: 0.0, Max: 0.0, Diff: 0.0, Sum: 0.1]
      [GC Worker Total (ms): Min: 96.4, Avg: 96.4, Max: 96.4, Diff: 0.0, Sum: 385.5]
      [GC Worker End (ms): Min: 321967.3, Avg: 321967.3, Max: 321967.3, Diff: 0.0]
   [Code Root Fixup: 0.0 ms]
   [Clear CT: 0.1 ms]
   [Other: 1.2 ms]
      [Choose CSet: 0.0 ms]
      [Ref Proc: 0.0 ms]
      [Ref Enq: 0.0 ms]
      [Free CSet: 0.2 ms]
   [Eden: 230.0M(230.0M)->0.0B(298.0M) Survivors: 27.0M->33.0M Heap: 1316.5M(2048.0M)->1156.0M(2048.0M)]
 [Times: user=0.36 sys=0.00, real=0.10 secs] 
322.225: [GC concurrent-mark-end, 0.5245126 secs]
322.225: [GC remark 322.226: [GC ref-proc, 0.0016485 secs], 0.0041145 secs]
 [Times: user=0.00 sys=0.00, real=0.01 secs] 
322.230: [GC cleanup 1438M->800M(2048M), 0.0011847 secs]
 [Times: user=0.00 sys=0.00, real=0.00 secs] 
322.231: [GC concurrent-cleanup-start]
322.232: [GC concurrent-cleanup-end, 0.0007396 secs]
322.248: [GC pause (young), 0.2455972 secs]
   [Parallel Time: 243.9 ms, GC Workers: 4]
      [GC Worker Start (ms): Min: 322248.3, Avg: 322248.3, Max: 322248.3, Diff: 0.0]
      [Ext Root Scanning (ms): Min: 1.3, Avg: 1.3, Max: 1.3, Diff: 0.1, Sum: 5.1]
      [Update RS (ms): Min: 28.5, Avg: 28.6, Max: 29.1, Diff: 0.6, Sum: 114.6]
         [Processed Buffers: Min: 151, Avg: 153.0, Max: 155, Diff: 4, Sum: 612]
      [Scan RS (ms): Min: 0.0, Avg: 0.1, Max: 0.1, Diff: 0.1, Sum: 0.4]
      [Object Copy (ms): Min: 200.0, Avg: 203.1, Max: 212.5, Diff: 12.5, Sum: 812.5]
      [Termination (ms): Min: 0.0, Avg: 10.0, Max: 14.0, Diff: 14.0, Sum: 40.0]
      [GC Worker Other (ms): Min: 0.0, Avg: 0.0, Max: 0.0, Diff: 0.0, Sum: 0.0]
      [GC Worker Total (ms): Min: 242.8, Avg: 243.1, Max: 243.9, Diff: 1.0, Sum: 972.5]
      [GC Worker End (ms): Min: 322491.1, Avg: 322491.4, Max: 322492.1, Diff: 1.0]
   [Code Root Fixup: 0.0 ms]
   [Clear CT: 0.1 ms]
   [Other: 1.6 ms]
      [Choose CSet: 0.0 ms]
      [Ref Proc: 0.1 ms]
      [Ref Enq: 0.0 ms]
      [Free CSet: 0.2 ms]
   [Eden: 298.0M(298.0M)->0.0B(60.0M) Survivors: 33.0M->42.0M Heap: 816.0M(2048.0M)->699.0M(2048.0M)]
 [Times: user=0.87 sys=0.02, real=0.25 secs] 
322.653: [GC pause (mixed), 0.0913576 secs]
   [Parallel Time: 90.1 ms, GC Workers: 4]
      [GC Worker Start (ms): Min: 322652.9, Avg: 322653.0, Max: 322653.1, Diff: 0.2]
      [Ext Root Scanning (ms): Min: 1.2, Avg: 1.3, Max: 1.3, Diff: 0.1, Sum: 5.0]
      [Update RS (ms): Min: 34.9, Avg: 36.0, Max: 38.9, Diff: 4.0, Sum: 143.9]
         [Processed Buffers: Min: 164, Avg: 187.5, Max: 196, Diff: 32, Sum: 750]
      [Scan RS (ms): Min: 0.0, Avg: 0.7, Max: 0.9, Diff: 0.9, Sum: 2.6]
      [Object Copy (ms): Min: 49.8, Avg: 52.1, Max: 53.0, Diff: 3.1, Sum: 208.5]
      [Termination (ms): Min: 0.0, Avg: 0.0, Max: 0.0, Diff: 0.0, Sum: 0.0]
      [GC Worker Other (ms): Min: 0.0, Avg: 0.0, Max: 0.0, Diff: 0.0, Sum: 0.1]
      [GC Worker Total (ms): Min: 89.9, Avg: 90.0, Max: 90.1, Diff: 0.2, Sum: 360.1]
      [GC Worker End (ms): Min: 322743.0, Avg: 322743.0, Max: 322743.0, Diff: 0.0]
   [Code Root Fixup: 0.0 ms]
   [Clear CT: 0.1 ms]
   [Other: 1.2 ms]
      [Choose CSet: 0.0 ms]
      [Ref Proc: 0.0 ms]
      [Ref Enq: 0.0 ms]
      [Free CSet: 0.2 ms]
   [Eden: 60.0M(60.0M)->0.0B(284.0M) Survivors: 42.0M->13.0M Heap: 759.0M(2048.0M)->696.5M(2048.0M)]
 [Times: user=0.36 sys=0.00, real=0.09 secs] 
323.005: [GC pause (young), 0.1592748 secs]
   [Parallel Time: 157.4 ms, GC Workers: 4]
      [GC Worker Start (ms): Min: 323005.6, Avg: 323007.5, Max: 323011.2, Diff: 5.6]
      [Ext Root Scanning (ms): Min: 0.1, Avg: 1.2, Max: 2.1, Diff: 2.1, Sum: 4.9]
      [Update RS (ms): Min: 12.3, Avg: 14.7, Max: 15.6, Diff: 3.3, Sum: 58.9]
         [Processed Buffers: Min: 143, Avg: 232.5, Max: 306, Diff: 163, Sum: 930]
      [Scan RS (ms): Min: 0.4, Avg: 0.5, Max: 0.5, Diff: 0.1, Sum: 1.8]
      [Object Copy (ms): Min: 139.0, Avg: 139.1, Max: 139.2, Diff: 0.2, Sum: 556.3]
      [Termination (ms): Min: 0.0, Avg: 0.0, Max: 0.0, Diff: 0.0, Sum: 0.0]
      [GC Worker Other (ms): Min: 0.0, Avg: 0.0, Max: 0.0, Diff: 0.0, Sum: 0.1]
      [GC Worker Total (ms): Min: 151.8, Avg: 155.5, Max: 157.4, Diff: 5.6, Sum: 622.0]
      [GC Worker End (ms): Min: 323163.0, Avg: 323163.0, Max: 323163.0, Diff: 0.0]
   [Code Root Fixup: 0.0 ms]
   [Clear CT: 0.1 ms]
   [Other: 1.8 ms]
      [Choose CSet: 0.0 ms]
      [Ref Proc: 0.0 ms]
      [Ref Enq: 0.0 ms]
      [Free CSet: 0.2 ms]
   [Eden: 284.0M(284.0M)->0.0B(226.0M) Survivors: 13.0M->38.0M Heap: 980.5M(2048.0M)->849.0M(2048.0M)]
 [Times: user=0.58 sys=0.00, real=0.16 secs] 
323.363: [GC pause (young), 0.1368392 secs]
   [Parallel Time: 134.9 ms, GC Workers: 4]
      [GC Worker Start (ms): Min: 323363.6, Avg: 323363.6, Max: 323363.6, Diff: 0.0]
      [Ext Root Scanning (ms): Min: 1.2, Avg: 1.2, Max: 1.2, Diff: 0.0, Sum: 4.9]
      [Update RS (ms): Min: 19.0, Avg: 19.0, Max: 19.0, Diff: 0.0, Sum: 75.9]
         [Processed Buffers: Min: 148, Avg: 177.8, Max: 200, Diff: 52, Sum: 711]
      [Scan RS (ms): Min: 1.9, Avg: 1.9, Max: 1.9, Diff: 0.1, Sum: 7.5]
      [Object Copy (ms): Min: 112.1, Avg: 112.3, Max: 112.7, Diff: 0.6, Sum: 449.1]
      [Termination (ms): Min: 0.0, Avg: 0.4, Max: 0.6, Diff: 0.6, Sum: 1.7]
      [GC Worker Other (ms): Min: 0.0, Avg: 0.0, Max: 0.0, Diff: 0.0, Sum: 0.0]
      [GC Worker Total (ms): Min: 134.8, Avg: 134.8, Max: 134.8, Diff: 0.1, Sum: 539.2]
      [GC Worker End (ms): Min: 323498.4, Avg: 323498.4, Max: 323498.4, Diff: 0.1]
   [Code Root Fixup: 0.0 ms]
   [Clear CT: 0.3 ms]
   [Other: 1.7 ms]
      [Choose CSet: 0.0 ms]
      [Ref Proc: 0.1 ms]
      [Ref Enq: 0.0 ms]
      [Free CSet: 0.2 ms]
   [Eden: 226.0M(226.0M)->0.0B(269.0M) Survivors: 38.0M->33.0M Heap: 1075.0M(2048.0M)->947.0M(2048.0M)]
 [Times: user=0.50 sys=0.00, real=0.14 secs] 
323.830: [GC pause (young), 0.2613413 secs]
   [Parallel Time: 258.9 ms, GC Workers: 4]
      [GC Worker Start (ms): Min: 323830.5, Avg: 323830.5, Max: 323830.6, Diff: 0.0]
      [Ext Root Scanning (ms): Min: 1.2, Avg: 1.2, Max: 1.2, Diff: 0.0, Sum: 4.9]
      [Update RS (ms): Min: 39.1, Avg: 39.1, Max: 39.1, Diff: 0.0, Sum: 156.5]
         [Processed Buffers: Min: 222, Avg: 232.8, Max: 242, Diff: 20, Sum: 931]
      [Scan RS (ms): Min: 0.2, Avg: 0.2, Max: 0.2, Diff: 0.0, Sum: 1.0]
      [Object Copy (ms): Min: 218.3, Avg: 218.3, Max: 218.3, Diff: 0.0, Sum: 873.1]
      [Termination (ms): Min: 0.0, Avg: 0.0, Max: 0.0, Diff: 0.0, Sum: 0.0]
      [GC Worker Other (ms): Min: 0.0, Avg: 0.0, Max: 0.0, Diff: 0.0, Sum: 0.1]
      [GC Worker Total (ms): Min: 258.9, Avg: 258.9, Max: 258.9, Diff: 0.0, Sum: 1035.5]
      [GC Worker End (ms): Min: 324089.4, Avg: 324089.4, Max: 324089.4, Diff: 0.0]
   [Code Root Fixup: 0.0 ms]
   [Clear CT: 0.1 ms]
   [Other: 2.3 ms]
      [Choose CSet: 0.0 ms]
      [Ref Proc: 0.0 ms]
      [Ref Enq: 0.0 ms]
      [Free CSet: 0.3 ms]
   [Eden: 269.0M(269.0M)->0.0B(180.0M) Survivors: 33.0M->38.0M Heap: 1216.0M(2048.0M)->1170.5M(2048.0M)]
 [Times: user=0.94 sys=0.00, real=0.26 secs] 
324.349: [GC pause (young) (initial-mark), 0.1374906 secs]
   [Parallel Time: 135.1 ms, GC Workers: 4]
      [GC Worker Start (ms): Min: 324349.7, Avg: 324349.7, Max: 324349.7, Diff: 0.0]
      [Ext Root Scanning (ms): Min: 1.4, Avg: 1.5, Max: 1.6, Diff: 0.2, Sum: 5.9]
      [Update RS (ms): Min: 18.6, Avg: 18.8, Max: 18.8, Diff: 0.2, Sum: 75.0]
         [Processed Buffers: Min: 167, Avg: 221.0, Max: 261, Diff: 94, Sum: 884]
      [Scan RS (ms): Min: 10.7, Avg: 10.7, Max: 10.7, Diff: 0.1, Sum: 42.7]
      [Object Copy (ms): Min: 103.8, Avg: 103.9, Max: 104.1, Diff: 0.3, Sum: 415.6]
      [Termination (ms): Min: 0.0, Avg: 0.2, Max: 0.3, Diff: 0.3, Sum: 0.7]
      [GC Worker Other (ms): Min: 0.0, Avg: 0.0, Max: 0.0, Diff: 0.0, Sum: 0.1]
      [GC Worker Total (ms): Min: 135.0, Avg: 135.0, Max: 135.0, Diff: 0.1, Sum: 540.0]
      [GC Worker End (ms): Min: 324484.7, Avg: 324484.7, Max: 324484.7, Diff: 0.1]
   [Code Root Fixup: 0.0 ms]
   [Clear CT: 0.1 ms]
   [Other: 2.3 ms]
      [Choose CSet: 0.0 ms]
      [Ref Proc: 0.4 ms]
      [Ref Enq: 0.0 ms]
      [Free CSet: 0.2 ms]
   [Eden: 180.0M(180.0M)->0.0B(171.0M) Survivors: 38.0M->28.0M Heap: 1350.5M(2048.0M)->1256.0M(2048.0M)]
 [Times: user=0.53 sys=0.00, real=0.14 secs] 
324.487: [GC concurrent-root-region-scan-start]
324.540: [GC concurrent-root-region-scan-end, 0.0533953 secs]
324.540: [GC concurrent-mark-start]
324.783: [GC pause (young), 0.1198706 secs]
   [Parallel Time: 118.5 ms, GC Workers: 4]
      [GC Worker Start (ms): Min: 324783.8, Avg: 324783.8, Max: 324783.8, Diff: 0.0]
      [Ext Root Scanning (ms): Min: 1.2, Avg: 1.2, Max: 1.2, Diff: 0.1, Sum: 4.8]
      [SATB Filtering (ms): Min: 0.0, Avg: 0.8, Max: 3.0, Diff: 3.0, Sum: 3.0]
      [Update RS (ms): Min: 22.9, Avg: 25.2, Max: 26.0, Diff: 3.1, Sum: 100.8]
         [Processed Buffers: Min: 185, Avg: 204.3, Max: 232, Diff: 47, Sum: 817]
      [Scan RS (ms): Min: 0.2, Avg: 0.2, Max: 0.2, Diff: 0.0, Sum: 0.8]
      [Object Copy (ms): Min: 91.1, Avg: 91.1, Max: 91.1, Diff: 0.1, Sum: 364.3]
      [Termination (ms): Min: 0.0, Avg: 0.0, Max: 0.0, Diff: 0.0, Sum: 0.0]
      [GC Worker Other (ms): Min: 0.0, Avg: 0.0, Max: 0.0, Diff: 0.0, Sum: 0.1]
      [GC Worker Total (ms): Min: 118.5, Avg: 118.5, Max: 118.5, Diff: 0.0, Sum: 473.9]
      [GC Worker End (ms): Min: 324902.3, Avg: 324902.3, Max: 324902.3, Diff: 0.0]
   [Code Root Fixup: 0.0 ms]
   [Clear CT: 0.1 ms]
   [Other: 1.3 ms]
      [Choose CSet: 0.0 ms]
      [Ref Proc: 0.0 ms]
      [Ref Enq: 0.0 ms]
      [Free CSet: 0.2 ms]
   [Eden: 171.0M(171.0M)->0.0B(217.0M) Survivors: 28.0M->25.0M Heap: 1427.0M(2048.0M)->1340.0M(2048.0M)]
 [Times: user=0.44 sys=0.00, real=0.12 secs] 
325.080: [GC pause (young), 0.0685182 secs]
   [Parallel Time: 67.5 ms, GC Workers: 4]
      [GC Worker Start (ms): Min: 325080.1, Avg: 325080.1, Max: 325080.1, Diff: 0.0]
      [Ext Root Scanning (ms): Min: 1.2, Avg: 1.2, Max: 1.2, Diff: 0.0, Sum: 4.9]
      [SATB Filtering (ms): Min: 0.0, Avg: 0.4, Max: 1.7, Diff: 1.7, Sum: 1.7]
      [Update RS (ms): Min: 16.7, Avg: 18.0, Max: 18.4, Diff: 1.7, Sum: 71.8]
         [Processed Buffers: Min: 129, Avg: 169.0, Max: 215, Diff: 86, Sum: 676]
      [Scan RS (ms): Min: 0.1, Avg: 0.2, Max: 0.2, Diff: 0.0, Sum: 0.7]
      [Object Copy (ms): Min: 45.1, Avg: 45.9, Max: 47.7, Diff: 2.6, Sum: 183.6]
      [Termination (ms): Min: 0.0, Avg: 1.8, Max: 2.6, Diff: 2.6, Sum: 7.4]
      [GC Worker Other (ms): Min: 0.0, Avg: 0.0, Max: 0.0, Diff: 0.0, Sum: 0.1]
      [GC Worker Total (ms): Min: 67.5, Avg: 67.5, Max: 67.5, Diff: 0.0, Sum: 270.1]
      [GC Worker End (ms): Min: 325147.6, Avg: 325147.6, Max: 325147.6, Diff: 0.0]
   [Code Root Fixup: 0.0 ms]
   [Clear CT: 0.1 ms]
   [Other: 0.9 ms]
      [Choose CSet: 0.0 ms]
      [Ref Proc: 0.0 ms]
      [Ref Enq: 0.0 ms]
      [Free CSet: 0.2 ms]
   [Eden: 217.0M(217.0M)->0.0B(292.0M) Survivors: 25.0M->31.0M Heap: 1557.0M(2048.0M)->1371.0M(2048.0M)]
 [Times: user=0.25 sys=0.00, real=0.07 secs] 
325.182: [GC concurrent-mark-end, 0.6417494 secs]
325.182: [GC remark 325.183: [GC ref-proc, 0.0016812 secs], 0.0037534 secs]
 [Times: user=0.01 sys=0.00, real=0.00 secs] 
325.186: [GC cleanup 1416M->576M(2048M), 0.0017498 secs]
 [Times: user=0.00 sys=0.00, real=0.00 secs] 
325.188: [GC concurrent-cleanup-start]
325.189: [GC concurrent-cleanup-end, 0.0009759 secs]
325.461: [GC pause (young), 0.2364717 secs]
   [Parallel Time: 234.3 ms, GC Workers: 4]
      [GC Worker Start (ms): Min: 325461.4, Avg: 325461.4, Max: 325461.4, Diff: 0.0]
      [Ext Root Scanning (ms): Min: 1.2, Avg: 1.2, Max: 1.2, Diff: 0.0, Sum: 4.9]
      [Update RS (ms): Min: 15.7, Avg: 15.7, Max: 15.7, Diff: 0.0, Sum: 62.7]
         [Processed Buffers: Min: 88, Avg: 90.3, Max: 92, Diff: 4, Sum: 361]
      [Scan RS (ms): Min: 0.1, Avg: 0.1, Max: 0.2, Diff: 0.1, Sum: 0.5]
      [Object Copy (ms): Min: 217.1, Avg: 217.2, Max: 217.3, Diff: 0.2, Sum: 868.7]
      [Termination (ms): Min: 0.0, Avg: 0.1, Max: 0.1, Diff: 0.1, Sum: 0.4]
      [GC Worker Other (ms): Min: 0.0, Avg: 0.0, Max: 0.0, Diff: 0.0, Sum: 0.0]
      [GC Worker Total (ms): Min: 234.3, Avg: 234.3, Max: 234.3, Diff: 0.0, Sum: 937.2]
      [GC Worker End (ms): Min: 325695.7, Avg: 325695.7, Max: 325695.7, Diff: 0.0]
   [Code Root Fixup: 0.0 ms]
   [Clear CT: 0.2 ms]
   [Other: 1.9 ms]
      [Choose CSet: 0.0 ms]
      [Ref Proc: 0.1 ms]
      [Ref Enq: 0.0 ms]
      [Free CSet: 0.3 ms]
   [Eden: 292.0M(292.0M)->0.0B(61.0M) Survivors: 31.0M->41.0M Heap: 823.0M(2048.0M)->775.5M(2048.0M)]
 [Times: user=0.92 sys=0.00, real=0.24 secs] 
325.877: [GC pause (mixed), 0.0866418 secs]
   [Parallel Time: 85.3 ms, GC Workers: 4]
      [GC Worker Start (ms): Min: 325877.4, Avg: 325877.4, Max: 325877.4, Diff: 0.0]
      [Ext Root Scanning (ms): Min: 1.3, Avg: 1.3, Max: 1.4, Diff: 0.1, Sum: 5.2]
      [Update RS (ms): Min: 26.2, Avg: 26.3, Max: 26.4, Diff: 0.1, Sum: 105.2]
         [Processed Buffers: Min: 140, Avg: 143.8, Max: 150, Diff: 10, Sum: 575]
      [Scan RS (ms): Min: 13.8, Avg: 13.8, Max: 13.8, Diff: 0.1, Sum: 55.1]
      [Object Copy (ms): Min: 43.8, Avg: 43.8, Max: 43.9, Diff: 0.0, Sum: 175.4]
      [Termination (ms): Min: 0.0, Avg: 0.0, Max: 0.0, Diff: 0.0, Sum: 0.0]
      [GC Worker Other (ms): Min: 0.0, Avg: 0.0, Max: 0.0, Diff: 0.0, Sum: 0.1]
      [GC Worker Total (ms): Min: 85.2, Avg: 85.2, Max: 85.2, Diff: 0.0, Sum: 341.0]
      [GC Worker End (ms): Min: 325962.6, Avg: 325962.6, Max: 325962.6, Diff: 0.0]
   [Code Root Fixup: 0.0 ms]
   [Clear CT: 0.0 ms]
   [Other: 1.3 ms]
      [Choose CSet: 0.0 ms]
      [Ref Proc: 0.1 ms]
      [Ref Enq: 0.0 ms]
      [Free CSet: 0.1 ms]
   [Eden: 61.0M(61.0M)->0.0B(214.0M) Survivors: 41.0M->3072.0K Heap: 836.5M(2048.0M)->778.5M(2048.0M)]
 [Times: user=0.23 sys=0.00, real=0.09 secs] 
326.213: [GC pause (young), 0.1534002 secs]
   [Parallel Time: 151.8 ms, GC Workers: 4]
      [GC Worker Start (ms): Min: 326212.9, Avg: 326212.9, Max: 326212.9, Diff: 0.0]
      [Ext Root Scanning (ms): Min: 1.2, Avg: 1.2, Max: 1.2, Diff: 0.0, Sum: 4.9]
      [Update RS (ms): Min: 22.5, Avg: 22.7, Max: 23.1, Diff: 0.6, Sum: 90.6]
         [Processed Buffers: Min: 191, Avg: 270.5, Max: 345, Diff: 154, Sum: 1082]
      [Scan RS (ms): Min: 0.0, Avg: 0.1, Max: 0.1, Diff: 0.1, Sum: 0.2]
      [Object Copy (ms): Min: 127.4, Avg: 127.8, Max: 128.0, Diff: 0.6, Sum: 511.3]
      [Termination (ms): Min: 0.0, Avg: 0.0, Max: 0.0, Diff: 0.0, Sum: 0.0]
      [GC Worker Other (ms): Min: 0.0, Avg: 0.0, Max: 0.0, Diff: 0.0, Sum: 0.1]
      [GC Worker Total (ms): Min: 151.8, Avg: 151.8, Max: 151.8, Diff: 0.0, Sum: 607.1]
      [GC Worker End (ms): Min: 326364.7, Avg: 326364.7, Max: 326364.7, Diff: 0.0]
   [Code Root Fixup: 0.0 ms]
   [Clear CT: 0.1 ms]
   [Other: 1.5 ms]
      [Choose CSet: 0.0 ms]
      [Ref Proc: 0.1 ms]
      [Ref Enq: 0.0 ms]
      [Free CSet: 0.2 ms]
   [Eden: 214.0M(214.0M)->0.0B(74.0M) Survivors: 3072.0K->28.0M Heap: 992.5M(2048.0M)->929.5M(2048.0M)]
 [Times: user=0.59 sys=0.00, real=0.15 secs] 
326.448: [GC pause (young), 0.0597247 secs]
   [Parallel Time: 58.6 ms, GC Workers: 4]
      [GC Worker Start (ms): Min: 326448.7, Avg: 326448.7, Max: 326448.7, Diff: 0.0]
      [Ext Root Scanning (ms): Min: 1.3, Avg: 1.3, Max: 1.3, Diff: 0.0, Sum: 5.2]
      [Update RS (ms): Min: 21.9, Avg: 21.9, Max: 22.0, Diff: 0.1, Sum: 87.8]
         [Processed Buffers: Min: 149, Avg: 193.0, Max: 220, Diff: 71, Sum: 772]
      [Scan RS (ms): Min: 1.8, Avg: 1.8, Max: 1.9, Diff: 0.1, Sum: 7.2]
      [Object Copy (ms): Min: 33.4, Avg: 33.5, Max: 33.5, Diff: 0.1, Sum: 133.9]
      [Termination (ms): Min: 0.0, Avg: 0.0, Max: 0.0, Diff: 0.0, Sum: 0.0]
      [GC Worker Other (ms): Min: 0.0, Avg: 0.0, Max: 0.0, Diff: 0.0, Sum: 0.1]
      [GC Worker Total (ms): Min: 58.5, Avg: 58.5, Max: 58.5, Diff: 0.0, Sum: 234.2]
      [GC Worker End (ms): Min: 326507.3, Avg: 326507.3, Max: 326507.3, Diff: 0.0]
   [Code Root Fixup: 0.0 ms]
   [Clear CT: 0.2 ms]
   [Other: 1.0 ms]
      [Choose CSet: 0.0 ms]
      [Ref Proc: 0.0 ms]
      [Ref Enq: 0.0 ms]
      [Free CSet: 0.1 ms]
   [Eden: 74.0M(74.0M)->0.0B(89.0M) Survivors: 28.0M->13.0M Heap: 1003.5M(2048.0M)->943.5M(2048.0M)]
 [Times: user=0.16 sys=0.00, real=0.06 secs] 
326.590: [GC pause (young) (initial-mark), 0.0466221 secs]
   [Parallel Time: 45.9 ms, GC Workers: 4]
      [GC Worker Start (ms): Min: 326589.9, Avg: 326590.5, Max: 326592.5, Diff: 2.6]
      [Ext Root Scanning (ms): Min: 0.1, Avg: 1.2, Max: 1.7, Diff: 1.6, Sum: 4.9]
      [Update RS (ms): Min: 16.0, Avg: 16.6, Max: 17.0, Diff: 0.9, Sum: 66.4]
         [Processed Buffers: Min: 103, Avg: 122.8, Max: 149, Diff: 46, Sum: 491]
      [Scan RS (ms): Min: 0.0, Avg: 0.1, Max: 0.1, Diff: 0.1, Sum: 0.2]
      [Object Copy (ms): Min: 27.0, Avg: 27.3, Max: 27.4, Diff: 0.4, Sum: 109.1]
      [Termination (ms): Min: 0.0, Avg: 0.0, Max: 0.0, Diff: 0.0, Sum: 0.0]
      [GC Worker Other (ms): Min: 0.0, Avg: 0.0, Max: 0.0, Diff: 0.0, Sum: 0.1]
      [GC Worker Total (ms): Min: 43.2, Avg: 45.2, Max: 45.8, Diff: 2.6, Sum: 180.7]
      [GC Worker End (ms): Min: 326635.7, Avg: 326635.7, Max: 326635.7, Diff: 0.0]
   [Code Root Fixup: 0.0 ms]
   [Clear CT: 0.0 ms]
   [Other: 0.7 ms]
      [Choose CSet: 0.0 ms]
      [Ref Proc: 0.0 ms]
      [Ref Enq: 0.0 ms]
      [Free CSet: 0.1 ms]
   [Eden: 89.0M(89.0M)->0.0B(203.0M) Survivors: 13.0M->13.0M Heap: 1032.5M(2048.0M)->961.5M(2048.0M)]
 [Times: user=0.17 sys=0.00, real=0.05 secs] 
326.636: [GC concurrent-root-region-scan-start]
326.650: [GC concurrent-root-region-scan-end, 0.0140873 secs]
326.651: [GC concurrent-mark-start]
326.808: [GC pause (young), 0.0930780 secs]
   [Parallel Time: 92.0 ms, GC Workers: 4]
      [GC Worker Start (ms): Min: 326808.4, Avg: 326808.4, Max: 326808.4, Diff: 0.0]
      [Ext Root Scanning (ms): Min: 1.3, Avg: 1.3, Max: 1.4, Diff: 0.0, Sum: 5.4]
      [SATB Filtering (ms): Min: 0.0, Avg: 0.7, Max: 3.0, Diff: 3.0, Sum: 3.0]
      [Update RS (ms): Min: 5.0, Avg: 7.2, Max: 8.0, Diff: 2.9, Sum: 28.9]
         [Processed Buffers: Min: 25, Avg: 58.0, Max: 74, Diff: 49, Sum: 232]
      [Scan RS (ms): Min: 0.0, Avg: 0.1, Max: 0.1, Diff: 0.0, Sum: 0.2]
      [Object Copy (ms): Min: 82.6, Avg: 82.6, Max: 82.6, Diff: 0.0, Sum: 330.4]
      [Termination (ms): Min: 0.0, Avg: 0.0, Max: 0.0, Diff: 0.0, Sum: 0.0]
      [GC Worker Other (ms): Min: 0.0, Avg: 0.0, Max: 0.0, Diff: 0.0, Sum: 0.1]
      [GC Worker Total (ms): Min: 92.0, Avg: 92.0, Max: 92.0, Diff: 0.0, Sum: 367.9]
      [GC Worker End (ms): Min: 326900.4, Avg: 326900.4, Max: 326900.4, Diff: 0.0]
   [Code Root Fixup: 0.0 ms]
   [Clear CT: 0.1 ms]
   [Other: 1.0 ms]
      [Choose CSet: 0.0 ms]
      [Ref Proc: 0.0 ms]
      [Ref Enq: 0.0 ms]
      [Free CSet: 0.2 ms]
   [Eden: 203.0M(203.0M)->0.0B(227.0M) Survivors: 13.0M->27.0M Heap: 1164.5M(2048.0M)->1051.0M(2048.0M)]
 [Times: user=0.31 sys=0.00, real=0.09 secs] 
327.086: [GC pause (young), 0.0831594 secs]
   [Parallel Time: 81.9 ms, GC Workers: 4]
      [GC Worker Start (ms): Min: 327086.2, Avg: 327086.2, Max: 327086.2, Diff: 0.0]
      [Ext Root Scanning (ms): Min: 1.2, Avg: 1.2, Max: 1.2, Diff: 0.0, Sum: 5.0]
      [SATB Filtering (ms): Min: 0.0, Avg: 0.6, Max: 2.4, Diff: 2.4, Sum: 2.4]
      [Update RS (ms): Min: 15.3, Avg: 17.0, Max: 17.6, Diff: 2.4, Sum: 68.1]
         [Processed Buffers: Min: 126, Avg: 167.8, Max: 194, Diff: 68, Sum: 671]
      [Scan RS (ms): Min: 2.3, Avg: 2.4, Max: 2.4, Diff: 0.1, Sum: 9.5]
      [Object Copy (ms): Min: 60.6, Avg: 60.6, Max: 60.6, Diff: 0.0, Sum: 242.3]
      [Termination (ms): Min: 0.0, Avg: 0.0, Max: 0.0, Diff: 0.0, Sum: 0.0]
      [GC Worker Other (ms): Min: 0.0, Avg: 0.0, Max: 0.0, Diff: 0.0, Sum: 0.1]
      [GC Worker Total (ms): Min: 81.8, Avg: 81.9, Max: 81.9, Diff: 0.0, Sum: 327.4]
      [GC Worker End (ms): Min: 327168.1, Avg: 327168.1, Max: 327168.1, Diff: 0.0]
   [Code Root Fixup: 0.0 ms]
   [Clear CT: 0.1 ms]
   [Other: 1.2 ms]
      [Choose CSet: 0.0 ms]
      [Ref Proc: 0.0 ms]
      [Ref Enq: 0.0 ms]
      [Free CSet: 0.2 ms]
   [Eden: 227.0M(227.0M)->0.0B(303.0M) Survivors: 27.0M->32.0M Heap: 1278.0M(2048.0M)->1101.0M(2048.0M)]
 [Times: user=0.38 sys=0.00, real=0.08 secs] 
327.241: [GC concurrent-mark-end, 0.5901626 secs]
327.241: [GC remark 327.241: [GC ref-proc, 0.0016389 secs], 0.0031007 secs]
 [Times: user=0.06 sys=0.00, real=0.00 secs] 
327.244: [GC cleanup 1188M->587M(2048M), 0.0012332 secs]
 [Times: user=0.00 sys=0.00, real=0.00 secs] 
327.246: [GC concurrent-cleanup-start]
327.247: [GC concurrent-cleanup-end, 0.0006767 secs]
327.467: [GC pause (young), 0.2133020 secs]
   [Parallel Time: 209.3 ms, GC Workers: 4]
      [GC Worker Start (ms): Min: 327467.4, Avg: 327467.4, Max: 327467.4, Diff: 0.0]
      [Ext Root Scanning (ms): Min: 1.2, Avg: 1.3, Max: 1.3, Diff: 0.1, Sum: 5.1]
      [Update RS (ms): Min: 16.4, Avg: 16.5, Max: 16.5, Diff: 0.1, Sum: 66.0]
         [Processed Buffers: Min: 99, Avg: 104.3, Max: 117, Diff: 18, Sum: 417]
      [Scan RS (ms): Min: 0.1, Avg: 0.1, Max: 0.2, Diff: 0.0, Sum: 0.6]
      [Object Copy (ms): Min: 191.4, Avg: 191.4, Max: 191.4, Diff: 0.0, Sum: 765.6]
      [Termination (ms): Min: 0.0, Avg: 0.0, Max: 0.0, Diff: 0.0, Sum: 0.0]
      [GC Worker Other (ms): Min: 0.0, Avg: 0.0, Max: 0.0, Diff: 0.0, Sum: 0.1]
      [GC Worker Total (ms): Min: 209.3, Avg: 209.3, Max: 209.3, Diff: 0.0, Sum: 837.3]
      [GC Worker End (ms): Min: 327676.7, Avg: 327676.7, Max: 327676.7, Diff: 0.0]
   [Code Root Fixup: 0.0 ms]
   [Clear CT: 1.8 ms]
   [Other: 2.2 ms]
      [Choose CSet: 0.0 ms]
      [Ref Proc: 0.4 ms]
      [Ref Enq: 0.0 ms]
      [Free CSet: 0.3 ms]
   [Eden: 303.0M(303.0M)->0.0B(198.0M) Survivors: 32.0M->42.0M Heap: 803.0M(2048.0M)->704.0M(2048.0M)]
 [Times: user=0.80 sys=0.00, real=0.21 secs] 
327.875: [GC pause (young), 0.0866431 secs]
   [Parallel Time: 85.0 ms, GC Workers: 4]
      [GC Worker Start (ms): Min: 327874.8, Avg: 327874.8, Max: 327874.8, Diff: 0.0]
      [Ext Root Scanning (ms): Min: 1.2, Avg: 1.2, Max: 1.3, Diff: 0.0, Sum: 5.0]
      [Update RS (ms): Min: 29.1, Avg: 29.1, Max: 29.1, Diff: 0.0, Sum: 116.3]
         [Processed Buffers: Min: 193, Avg: 205.0, Max: 214, Diff: 21, Sum: 820]
      [Scan RS (ms): Min: 0.2, Avg: 0.2, Max: 0.2, Diff: 0.0, Sum: 0.6]
      [Object Copy (ms): Min: 54.5, Avg: 54.5, Max: 54.5, Diff: 0.0, Sum: 218.1]
      [Termination (ms): Min: 0.0, Avg: 0.0, Max: 0.0, Diff: 0.0, Sum: 0.0]
      [GC Worker Other (ms): Min: 0.0, Avg: 0.0, Max: 0.0, Diff: 0.0, Sum: 0.1]
      [GC Worker Total (ms): Min: 85.0, Avg: 85.0, Max: 85.0, Diff: 0.0, Sum: 340.1]
      [GC Worker End (ms): Min: 327959.9, Avg: 327959.9, Max: 327959.9, Diff: 0.0]
   [Code Root Fixup: 0.0 ms]
   [Clear CT: 0.4 ms]
   [Other: 1.2 ms]
      [Choose CSet: 0.0 ms]
      [Ref Proc: 0.0 ms]
      [Ref Enq: 0.0 ms]
      [Free CSet: 0.2 ms]
   [Eden: 198.0M(198.0M)->0.0B(401.0M) Survivors: 42.0M->20.0M Heap: 902.0M(2048.0M)->725.0M(2048.0M)]
 [Times: user=0.28 sys=0.00, real=0.09 secs] 
328.354: [GC pause (young), 0.2388867 secs]
   [Parallel Time: 236.6 ms, GC Workers: 4]
      [GC Worker Start (ms): Min: 328354.7, Avg: 328354.7, Max: 328354.7, Diff: 0.0]
      [Ext Root Scanning (ms): Min: 1.2, Avg: 1.2, Max: 1.3, Diff: 0.0, Sum: 5.0]
      [Update RS (ms): Min: 14.2, Avg: 14.3, Max: 14.8, Diff: 0.7, Sum: 57.3]
         [Processed Buffers: Min: 114, Avg: 137.5, Max: 156, Diff: 42, Sum: 550]
      [Scan RS (ms): Min: 0.0, Avg: 0.3, Max: 0.4, Diff: 0.4, Sum: 1.1]
      [Object Copy (ms): Min: 220.3, Avg: 220.6, Max: 220.7, Diff: 0.3, Sum: 882.3]
      [Termination (ms): Min: 0.0, Avg: 0.0, Max: 0.0, Diff: 0.0, Sum: 0.0]
      [GC Worker Other (ms): Min: 0.0, Avg: 0.0, Max: 0.1, Diff: 0.1, Sum: 0.2]
      [GC Worker Total (ms): Min: 236.5, Avg: 236.5, Max: 236.5, Diff: 0.1, Sum: 945.9]
      [GC Worker End (ms): Min: 328591.2, Avg: 328591.2, Max: 328591.2, Diff: 0.1]
   [Code Root Fixup: 0.0 ms]
   [Clear CT: 0.2 ms]
   [Other: 2.1 ms]
      [Choose CSet: 0.0 ms]
      [Ref Proc: 0.0 ms]
      [Ref Enq: 0.0 ms]
      [Free CSet: 0.3 ms]
   [Eden: 401.0M(401.0M)->0.0B(209.0M) Survivors: 20.0M->53.0M Heap: 1126.0M(2048.0M)->981.5M(2048.0M)]
 [Times: user=0.86 sys=0.00, real=0.24 secs] 
328.895: [GC pause (young) (initial-mark), 0.1669051 secs]
   [Parallel Time: 164.1 ms, GC Workers: 4]
      [GC Worker Start (ms): Min: 328895.4, Avg: 328895.4, Max: 328895.4, Diff: 0.0]
      [Ext Root Scanning (ms): Min: 1.2, Avg: 1.2, Max: 1.3, Diff: 0.1, Sum: 5.0]
      [Update RS (ms): Min: 19.2, Avg: 19.5, Max: 20.3, Diff: 1.0, Sum: 78.1]
         [Processed Buffers: Min: 220, Avg: 251.0, Max: 295, Diff: 75, Sum: 1004]
      [Scan RS (ms): Min: 22.8, Avg: 23.4, Max: 23.7, Diff: 0.9, Sum: 93.8]
      [Object Copy (ms): Min: 119.8, Avg: 119.8, Max: 119.8, Diff: 0.1, Sum: 479.2]
      [Termination (ms): Min: 0.0, Avg: 0.0, Max: 0.0, Diff: 0.0, Sum: 0.0]
      [GC Worker Other (ms): Min: 0.0, Avg: 0.0, Max: 0.0, Diff: 0.0, Sum: 0.1]
      [GC Worker Total (ms): Min: 164.0, Avg: 164.0, Max: 164.0, Diff: 0.0, Sum: 656.1]
      [GC Worker End (ms): Min: 329059.4, Avg: 329059.4, Max: 329059.4, Diff: 0.0]
   [Code Root Fixup: 0.0 ms]
   [Clear CT: 0.2 ms]
   [Other: 2.7 ms]
      [Choose CSet: 0.0 ms]
      [Ref Proc: 0.1 ms]
      [Ref Enq: 0.0 ms]
      [Free CSet: 0.2 ms]
   [Eden: 200.0M(49.0M)->0.0B(190.0M) Survivors: 53.0M->13.0M Heap: 1181.5M(2048.0M)->1071.0M(2048.0M)]
 [Times: user=0.66 sys=0.00, real=0.17 secs] 
329.062: [GC concurrent-root-region-scan-start]
329.076: [GC concurrent-root-region-scan-end, 0.0137265 secs]
329.076: [GC concurrent-mark-start]
329.309: [GC pause (young), 0.0414893 secs]
   [Parallel Time: 40.7 ms, GC Workers: 4]
      [GC Worker Start (ms): Min: 329309.3, Avg: 329309.3, Max: 329309.3, Diff: 0.0]
      [Ext Root Scanning (ms): Min: 1.2, Avg: 1.2, Max: 1.3, Diff: 0.0, Sum: 5.0]
      [SATB Filtering (ms): Min: 0.0, Avg: 0.1, Max: 0.3, Diff: 0.3, Sum: 0.3]
      [Update RS (ms): Min: 19.6, Avg: 19.9, Max: 20.0, Diff: 0.4, Sum: 79.5]
         [Processed Buffers: Min: 127, Avg: 138.5, Max: 146, Diff: 19, Sum: 554]
      [Scan RS (ms): Min: 0.3, Avg: 0.4, Max: 0.5, Diff: 0.1, Sum: 1.6]
      [Object Copy (ms): Min: 19.0, Avg: 19.1, Max: 19.1, Diff: 0.1, Sum: 76.2]
      [Termination (ms): Min: 0.0, Avg: 0.0, Max: 0.0, Diff: 0.0, Sum: 0.0]
      [GC Worker Other (ms): Min: 0.0, Avg: 0.0, Max: 0.0, Diff: 0.0, Sum: 0.1]
      [GC Worker Total (ms): Min: 40.7, Avg: 40.7, Max: 40.7, Diff: 0.0, Sum: 162.7]
      [GC Worker End (ms): Min: 329350.0, Avg: 329350.0, Max: 329350.0, Diff: 0.0]
   [Code Root Fixup: 0.0 ms]
   [Clear CT: 0.1 ms]
   [Other: 0.7 ms]
      [Choose CSet: 0.0 ms]
      [Ref Proc: 0.0 ms]
      [Ref Enq: 0.0 ms]
      [Free CSet: 0.2 ms]
   [Eden: 190.0M(190.0M)->0.0B(320.0M) Survivors: 13.0M->10.0M Heap: 1261.0M(2048.0M)->1081.5M(2048.0M)]
 [Times: user=0.19 sys=0.00, real=0.04 secs] 
329.622: [GC concurrent-mark-end, 0.5459710 secs]
329.622: [GC remark 329.623: [GC ref-proc, 0.0017643 secs], 0.0041527 secs]
 [Times: user=0.00 sys=0.00, real=0.00 secs] 
329.627: [GC cleanup 1366M->622M(2048M), 0.0012033 secs]
 [Times: user=0.00 sys=0.00, real=0.00 secs] 
329.628: [GC concurrent-cleanup-start]
329.629: [GC concurrent-cleanup-end, 0.0008531 secs]
329.666: [GC pause (young), 0.1627457 secs]
   [Parallel Time: 161.3 ms, GC Workers: 4]
      [GC Worker Start (ms): Min: 329666.3, Avg: 329666.3, Max: 329666.3, Diff: 0.0]
      [Ext Root Scanning (ms): Min: 1.2, Avg: 1.2, Max: 1.2, Diff: 0.0, Sum: 4.9]
      [Update RS (ms): Min: 10.9, Avg: 11.1, Max: 11.6, Diff: 0.7, Sum: 44.2]
         [Processed Buffers: Min: 125, Avg: 180.5, Max: 238, Diff: 113, Sum: 722]
      [Scan RS (ms): Min: 0.0, Avg: 0.1, Max: 0.1, Diff: 0.1, Sum: 0.4]
      [Object Copy (ms): Min: 136.7, Avg: 139.5, Max: 148.1, Diff: 11.4, Sum: 558.2]
      [Termination (ms): Min: 0.0, Avg: 9.1, Max: 12.4, Diff: 12.4, Sum: 36.4]
      [GC Worker Other (ms): Min: 0.0, Avg: 0.0, Max: 0.0, Diff: 0.0, Sum: 0.0]
      [GC Worker Total (ms): Min: 160.9, Avg: 161.0, Max: 161.3, Diff: 0.4, Sum: 644.1]
      [GC Worker End (ms): Min: 329827.2, Avg: 329827.3, Max: 329827.6, Diff: 0.4]
   [Code Root Fixup: 0.0 ms]
   [Clear CT: 0.1 ms]
   [Other: 1.3 ms]
      [Choose CSet: 0.0 ms]
      [Ref Proc: 0.1 ms]
      [Ref Enq: 0.0 ms]
      [Free CSet: 0.2 ms]
   [Eden: 320.0M(320.0M)->0.0B(262.0M) Survivors: 10.0M->42.0M Heap: 657.5M(2048.0M)->495.5M(2048.0M)]
 [Times: user=0.56 sys=0.00, real=0.16 secs] 
330.073: [GC pause (young), 0.2150986 secs]
   [Parallel Time: 212.7 ms, GC Workers: 4]
      [GC Worker Start (ms): Min: 330073.7, Avg: 330073.7, Max: 330073.7, Diff: 0.0]
      [Ext Root Scanning (ms): Min: 1.2, Avg: 1.2, Max: 1.2, Diff: 0.0, Sum: 5.0]
      [Update RS (ms): Min: 25.5, Avg: 25.5, Max: 25.5, Diff: 0.0, Sum: 102.0]
         [Processed Buffers: Min: 176, Avg: 179.0, Max: 184, Diff: 8, Sum: 716]
      [Scan RS (ms): Min: 0.2, Avg: 0.2, Max: 0.2, Diff: 0.0, Sum: 1.0]
      [Object Copy (ms): Min: 185.6, Avg: 185.6, Max: 185.6, Diff: 0.0, Sum: 742.6]
      [Termination (ms): Min: 0.0, Avg: 0.0, Max: 0.0, Diff: 0.0, Sum: 0.0]
      [GC Worker Other (ms): Min: 0.0, Avg: 0.0, Max: 0.0, Diff: 0.0, Sum: 0.1]
      [GC Worker Total (ms): Min: 212.6, Avg: 212.6, Max: 212.6, Diff: 0.0, Sum: 850.6]
      [GC Worker End (ms): Min: 330286.3, Avg: 330286.3, Max: 330286.3, Diff: 0.0]
   [Code Root Fixup: 0.0 ms]
   [Clear CT: 0.1 ms]
   [Other: 2.3 ms]
      [Choose CSet: 0.0 ms]
      [Ref Proc: 0.0 ms]
      [Ref Enq: 0.0 ms]
      [Free CSet: 0.3 ms]
   [Eden: 262.0M(262.0M)->0.0B(221.0M) Survivors: 42.0M->38.0M Heap: 757.5M(2048.0M)->671.5M(2048.0M)]
 [Times: user=0.84 sys=0.00, real=0.22 secs] 
330.560: [GC pause (young), 0.1205264 secs]
   [Parallel Time: 118.6 ms, GC Workers: 4]
      [GC Worker Start (ms): Min: 330560.5, Avg: 330561.7, Max: 330563.0, Diff: 2.4]
      [Ext Root Scanning (ms): Min: 0.1, Avg: 1.2, Max: 2.3, Diff: 2.3, Sum: 4.7]
      [Update RS (ms): Min: 22.9, Avg: 23.3, Max: 23.6, Diff: 0.7, Sum: 93.1]
         [Processed Buffers: Min: 155, Avg: 208.8, Max: 247, Diff: 92, Sum: 835]
      [Scan RS (ms): Min: 0.0, Avg: 0.2, Max: 0.4, Diff: 0.4, Sum: 0.8]
      [Object Copy (ms): Min: 92.4, Avg: 92.6, Max: 92.9, Diff: 0.5, Sum: 370.6]
      [Termination (ms): Min: 0.0, Avg: 0.0, Max: 0.0, Diff: 0.0, Sum: 0.0]
      [GC Worker Other (ms): Min: 0.0, Avg: 0.0, Max: 0.0, Diff: 0.0, Sum: 0.1]
      [GC Worker Total (ms): Min: 116.1, Avg: 117.3, Max: 118.5, Diff: 2.4, Sum: 469.3]
      [GC Worker End (ms): Min: 330679.1, Avg: 330679.1, Max: 330679.1, Diff: 0.0]
   [Code Root Fixup: 0.0 ms]
   [Clear CT: 0.2 ms]
   [Other: 1.8 ms]
      [Choose CSet: 0.0 ms]
      [Ref Proc: 0.0 ms]
      [Ref Enq: 0.0 ms]
      [Free CSet: 0.2 ms]
   [Eden: 221.0M(221.0M)->0.0B(283.0M) Survivors: 38.0M->33.0M Heap: 892.5M(2048.0M)->746.5M(2048.0M)]
 [Times: user=0.45 sys=0.00, real=0.12 secs] 
330.992: [GC pause (young), 0.2166702 secs]
   [Parallel Time: 214.5 ms, GC Workers: 4]
      [GC Worker Start (ms): Min: 330991.9, Avg: 330991.9, Max: 330991.9, Diff: 0.0]
      [Ext Root Scanning (ms): Min: 1.2, Avg: 1.2, Max: 1.2, Diff: 0.0, Sum: 4.9]
      [Update RS (ms): Min: 19.8, Avg: 19.9, Max: 19.9, Diff: 0.0, Sum: 79.4]
         [Processed Buffers: Min: 111, Avg: 145.5, Max: 163, Diff: 52, Sum: 582]
      [Scan RS (ms): Min: 1.0, Avg: 1.1, Max: 1.1, Diff: 0.1, Sum: 4.2]
      [Object Copy (ms): Min: 192.2, Avg: 192.3, Max: 192.3, Diff: 0.1, Sum: 769.1]
      [Termination (ms): Min: 0.0, Avg: 0.0, Max: 0.0, Diff: 0.0, Sum: 0.0]
      [GC Worker Other (ms): Min: 0.0, Avg: 0.0, Max: 0.0, Diff: 0.0, Sum: 0.1]
      [GC Worker Total (ms): Min: 214.4, Avg: 214.4, Max: 214.4, Diff: 0.0, Sum: 857.8]
      [GC Worker End (ms): Min: 331206.3, Avg: 331206.3, Max: 331206.3, Diff: 0.0]
   [Code Root Fixup: 0.0 ms]
   [Clear CT: 0.1 ms]
   [Other: 2.1 ms]
      [Choose CSet: 0.0 ms]
      [Ref Proc: 0.2 ms]
      [Ref Enq: 0.0 ms]
      [Free CSet: 0.3 ms]
   [Eden: 283.0M(283.0M)->0.0B(208.0M) Survivors: 33.0M->40.0M Heap: 1029.5M(2048.0M)->945.0M(2048.0M)]
 [Times: user=0.81 sys=0.00, real=0.22 secs] 
331.448: [GC pause (young), 0.1425810 secs]
   [Parallel Time: 140.8 ms, GC Workers: 4]
      [GC Worker Start (ms): Min: 331448.1, Avg: 331448.1, Max: 331448.1, Diff: 0.0]
      [Ext Root Scanning (ms): Min: 1.2, Avg: 1.3, Max: 1.3, Diff: 0.1, Sum: 5.0]
      [Update RS (ms): Min: 22.8, Avg: 22.8, Max: 22.8, Diff: 0.0, Sum: 91.2]
         [Processed Buffers: Min: 181, Avg: 201.0, Max: 218, Diff: 37, Sum: 804]
      [Scan RS (ms): Min: 4.3, Avg: 4.3, Max: 4.4, Diff: 0.1, Sum: 17.3]
      [Object Copy (ms): Min: 112.3, Avg: 112.3, Max: 112.5, Diff: 0.2, Sum: 449.4]
      [Termination (ms): Min: 0.0, Avg: 0.0, Max: 0.0, Diff: 0.0, Sum: 0.0]
      [GC Worker Other (ms): Min: 0.0, Avg: 0.0, Max: 0.0, Diff: 0.0, Sum: 0.1]
      [GC Worker Total (ms): Min: 140.7, Avg: 140.8, Max: 140.8, Diff: 0.0, Sum: 563.0]
      [GC Worker End (ms): Min: 331588.8, Avg: 331588.8, Max: 331588.8, Diff: 0.0]
   [Code Root Fixup: 0.0 ms]
   [Clear CT: 0.1 ms]
   [Other: 1.7 ms]
      [Choose CSet: 0.0 ms]
      [Ref Proc: 0.0 ms]
      [Ref Enq: 0.0 ms]
      [Free CSet: 0.2 ms]
   [Eden: 208.0M(208.0M)->0.0B(241.0M) Survivors: 40.0M->31.0M Heap: 1153.0M(2048.0M)->1039.5M(2048.0M)]
 [Times: user=0.52 sys=0.00, real=0.14 secs] 
331.857: [GC pause (young) (initial-mark), 0.1588925 secs]
   [Parallel Time: 156.0 ms, GC Workers: 4]
      [GC Worker Start (ms): Min: 331857.4, Avg: 331857.4, Max: 331857.4, Diff: 0.0]
      [Ext Root Scanning (ms): Min: 1.5, Avg: 1.6, Max: 1.7, Diff: 0.1, Sum: 6.3]
      [Update RS (ms): Min: 26.7, Avg: 26.7, Max: 26.8, Diff: 0.1, Sum: 106.9]
         [Processed Buffers: Min: 158, Avg: 209.5, Max: 237, Diff: 79, Sum: 838]
      [Scan RS (ms): Min: 0.1, Avg: 0.2, Max: 0.3, Diff: 0.1, Sum: 0.9]
      [Object Copy (ms): Min: 127.4, Avg: 127.5, Max: 127.5, Diff: 0.1, Sum: 509.8]
      [Termination (ms): Min: 0.0, Avg: 0.0, Max: 0.0, Diff: 0.0, Sum: 0.0]
      [GC Worker Other (ms): Min: 0.0, Avg: 0.0, Max: 0.0, Diff: 0.0, Sum: 0.1]
      [GC Worker Total (ms): Min: 156.0, Avg: 156.0, Max: 156.0, Diff: 0.0, Sum: 624.0]
      [GC Worker End (ms): Min: 332013.4, Avg: 332013.4, Max: 332013.4, Diff: 0.0]
   [Code Root Fixup: 0.0 ms]
   [Clear CT: 1.1 ms]
   [Other: 1.8 ms]
      [Choose CSet: 0.0 ms]
      [Ref Proc: 0.0 ms]
      [Ref Enq: 0.0 ms]
      [Free CSet: 0.2 ms]
   [Eden: 241.0M(241.0M)->0.0B(246.0M) Survivors: 31.0M->34.0M Heap: 1280.5M(2048.0M)->1169.5M(2048.0M)]
 [Times: user=0.59 sys=0.00, real=0.16 secs] 
332.016: [GC concurrent-root-region-scan-start]
332.056: [GC concurrent-root-region-scan-end, 0.0394851 secs]
332.056: [GC concurrent-mark-start]
332.258: [GC pause (young), 0.1135338 secs]
   [Parallel Time: 111.8 ms, GC Workers: 4]
      [GC Worker Start (ms): Min: 332258.3, Avg: 332258.4, Max: 332258.4, Diff: 0.0]
      [Ext Root Scanning (ms): Min: 1.5, Avg: 1.6, Max: 1.6, Diff: 0.1, Sum: 6.2]
      [SATB Filtering (ms): Min: 0.0, Avg: 0.8, Max: 3.1, Diff: 3.1, Sum: 3.1]
      [Update RS (ms): Min: 15.8, Avg: 18.5, Max: 20.6, Diff: 4.8, Sum: 74.1]
         [Processed Buffers: Min: 181, Avg: 193.0, Max: 218, Diff: 37, Sum: 772]
      [Scan RS (ms): Min: 0.0, Avg: 0.9, Max: 1.2, Diff: 1.2, Sum: 3.5]
      [Object Copy (ms): Min: 89.6, Avg: 90.1, Max: 90.2, Diff: 0.6, Sum: 360.2]
      [Termination (ms): Min: 0.0, Avg: 0.0, Max: 0.0, Diff: 0.0, Sum: 0.0]
      [GC Worker Other (ms): Min: 0.0, Avg: 0.0, Max: 0.0, Diff: 0.0, Sum: 0.1]
      [GC Worker Total (ms): Min: 111.8, Avg: 111.8, Max: 111.8, Diff: 0.0, Sum: 447.2]
      [GC Worker End (ms): Min: 332370.1, Avg: 332370.1, Max: 332370.2, Diff: 0.0]
   [Code Root Fixup: 0.0 ms]
   [Clear CT: 0.2 ms]
   [Other: 1.5 ms]
      [Choose CSet: 0.0 ms]
      [Ref Proc: 0.1 ms]
      [Ref Enq: 0.0 ms]
      [Free CSet: 0.3 ms]
   [Eden: 246.0M(246.0M)->0.0B(330.0M) Survivors: 34.0M->35.0M Heap: 1415.5M(2048.0M)->1246.0M(2048.0M)]
 [Times: user=0.41 sys=0.00, real=0.11 secs] 
332.673: [GC pause (young), 0.1309938 secs]
   [Parallel Time: 129.2 ms, GC Workers: 4]
      [GC Worker Start (ms): Min: 332673.1, Avg: 332673.1, Max: 332673.1, Diff: 0.0]
      [Ext Root Scanning (ms): Min: 1.4, Avg: 1.4, Max: 1.4, Diff: 0.0, Sum: 5.5]
      [SATB Filtering (ms): Min: 0.0, Avg: 0.8, Max: 3.1, Diff: 3.1, Sum: 3.1]
      [Update RS (ms): Min: 17.8, Avg: 20.3, Max: 21.8, Diff: 4.1, Sum: 81.2]
         [Processed Buffers: Min: 136, Avg: 144.5, Max: 158, Diff: 22, Sum: 578]
      [Scan RS (ms): Min: 0.0, Avg: 0.3, Max: 0.4, Diff: 0.4, Sum: 1.1]
      [Object Copy (ms): Min: 105.9, Avg: 106.4, Max: 106.6, Diff: 0.7, Sum: 425.6]
      [Termination (ms): Min: 0.0, Avg: 0.0, Max: 0.0, Diff: 0.0, Sum: 0.0]
      [GC Worker Other (ms): Min: 0.0, Avg: 0.0, Max: 0.0, Diff: 0.0, Sum: 0.1]
      [GC Worker Total (ms): Min: 129.1, Avg: 129.1, Max: 129.2, Diff: 0.0, Sum: 516.6]
      [GC Worker End (ms): Min: 332802.2, Avg: 332802.2, Max: 332802.2, Diff: 0.0]
   [Code Root Fixup: 0.0 ms]
   [Clear CT: 0.3 ms]
   [Other: 1.5 ms]
      [Choose CSet: 0.0 ms]
      [Ref Proc: 0.3 ms]
      [Ref Enq: 0.0 ms]
      [Free CSet: 0.3 ms]
   [Eden: 330.0M(330.0M)->0.0B(329.0M) Survivors: 35.0M->46.0M Heap: 1576.0M(2048.0M)->1339.5M(2048.0M)]
 [Times: user=0.50 sys=0.00, real=0.13 secs] 
332.856: [GC concurrent-mark-end, 0.8005858 secs]
332.856: [GC remark 332.857: [GC ref-proc, 0.0017197 secs], 0.0032585 secs]
 [Times: user=0.02 sys=0.00, real=0.00 secs] 
332.860: [GC cleanup 1403M->783M(2048M), 0.0012903 secs]
 [Times: user=0.00 sys=0.00, real=0.00 secs] 
332.862: [GC concurrent-cleanup-start]
332.863: [GC concurrent-cleanup-end, 0.0009256 secs]
333.133: [GC pause (young), 0.2726803 secs]
   [Parallel Time: 270.4 ms, GC Workers: 4]
      [GC Worker Start (ms): Min: 333133.1, Avg: 333134.1, Max: 333137.2, Diff: 4.1]
      [Ext Root Scanning (ms): Min: 0.1, Avg: 1.2, Max: 1.7, Diff: 1.6, Sum: 4.9]
      [Update RS (ms): Min: 23.3, Avg: 26.4, Max: 30.8, Diff: 7.5, Sum: 105.5]
         [Processed Buffers: Min: 145, Avg: 153.8, Max: 158, Diff: 13, Sum: 615]
      [Scan RS (ms): Min: 0.0, Avg: 0.3, Max: 0.3, Diff: 0.3, Sum: 1.0]
      [Object Copy (ms): Min: 237.9, Avg: 241.5, Max: 242.7, Diff: 4.9, Sum: 965.9]
      [Termination (ms): Min: 0.0, Avg: 0.0, Max: 0.0, Diff: 0.0, Sum: 0.0]
      [GC Worker Other (ms): Min: 0.0, Avg: 0.0, Max: 0.0, Diff: 0.0, Sum: 0.1]
      [GC Worker Total (ms): Min: 266.3, Avg: 269.4, Max: 270.4, Diff: 4.1, Sum: 1077.4]
      [GC Worker End (ms): Min: 333403.5, Avg: 333403.5, Max: 333403.5, Diff: 0.0]
   [Code Root Fixup: 0.0 ms]
   [Clear CT: 0.1 ms]
   [Other: 2.2 ms]
      [Choose CSet: 0.0 ms]
      [Ref Proc: 0.0 ms]
      [Ref Enq: 0.0 ms]
      [Free CSet: 0.3 ms]
   [Eden: 329.0M(329.0M)->0.0B(55.0M) Survivors: 46.0M->47.0M Heap: 1048.5M(2048.0M)->954.0M(2048.0M)]
 [Times: user=0.97 sys=0.00, real=0.27 secs] 
333.571: [GC pause (mixed), 0.0914862 secs]
   [Parallel Time: 88.8 ms, GC Workers: 4]
      [GC Worker Start (ms): Min: 333571.8, Avg: 333572.3, Max: 333573.5, Diff: 1.7]
      [Ext Root Scanning (ms): Min: 0.1, Avg: 1.3, Max: 1.8, Diff: 1.8, Sum: 5.3]
      [Update RS (ms): Min: 25.2, Avg: 25.3, Max: 25.4, Diff: 0.2, Sum: 101.1]
         [Processed Buffers: Min: 132, Avg: 135.3, Max: 137, Diff: 5, Sum: 541]
      [Scan RS (ms): Min: 10.0, Avg: 10.0, Max: 10.1, Diff: 0.1, Sum: 40.0]
      [Object Copy (ms): Min: 51.2, Avg: 51.4, Max: 51.4, Diff: 0.2, Sum: 205.4]
      [Termination (ms): Min: 0.0, Avg: 0.0, Max: 0.0, Diff: 0.0, Sum: 0.0]
      [GC Worker Other (ms): Min: 0.0, Avg: 0.0, Max: 0.1, Diff: 0.0, Sum: 0.1]
      [GC Worker Total (ms): Min: 86.7, Avg: 88.0, Max: 88.4, Diff: 1.7, Sum: 351.8]
      [GC Worker End (ms): Min: 333660.2, Avg: 333660.2, Max: 333660.2, Diff: 0.0]
   [Code Root Fixup: 0.0 ms]
   [Clear CT: 0.8 ms]
   [Other: 1.9 ms]
      [Choose CSet: 0.1 ms]
      [Ref Proc: 0.2 ms]
      [Ref Enq: 0.0 ms]
      [Free CSet: 0.4 ms]
   [Eden: 55.0M(55.0M)->0.0B(230.0M) Survivors: 47.0M->3072.0K Heap: 1009.0M(2048.0M)->886.5M(2048.0M)]
 [Times: user=0.34 sys=0.00, real=0.09 secs] 
333.948: [GC pause (young), 0.1456183 secs]
   [Parallel Time: 144.1 ms, GC Workers: 4]
      [GC Worker Start (ms): Min: 333948.1, Avg: 333948.1, Max: 333948.1, Diff: 0.0]
      [Ext Root Scanning (ms): Min: 1.2, Avg: 1.3, Max: 1.3, Diff: 0.1, Sum: 5.1]
      [Update RS (ms): Min: 22.9, Avg: 22.9, Max: 22.9, Diff: 0.0, Sum: 91.5]
         [Processed Buffers: Min: 207, Avg: 319.3, Max: 429, Diff: 222, Sum: 1277]
      [Scan RS (ms): Min: 0.1, Avg: 0.1, Max: 0.1, Diff: 0.0, Sum: 0.2]
      [Object Copy (ms): Min: 119.8, Avg: 119.8, Max: 119.8, Diff: 0.1, Sum: 479.2]
      [Termination (ms): Min: 0.0, Avg: 0.0, Max: 0.0, Diff: 0.0, Sum: 0.0]
      [GC Worker Other (ms): Min: 0.0, Avg: 0.0, Max: 0.0, Diff: 0.0, Sum: 0.1]
      [GC Worker Total (ms): Min: 144.0, Avg: 144.0, Max: 144.0, Diff: 0.0, Sum: 576.1]
      [GC Worker End (ms): Min: 334092.1, Avg: 334092.1, Max: 334092.1, Diff: 0.0]
   [Code Root Fixup: 0.0 ms]
   [Clear CT: 0.1 ms]
   [Other: 1.5 ms]
      [Choose CSet: 0.0 ms]
      [Ref Proc: 0.0 ms]
      [Ref Enq: 0.0 ms]
      [Free CSet: 0.2 ms]
   [Eden: 230.0M(230.0M)->0.0B(188.0M) Survivors: 3072.0K->30.0M Heap: 1116.5M(2048.0M)->1030.5M(2048.0M)]
 [Times: user=0.59 sys=0.00, real=0.15 secs] 
334.295: [GC pause (young) (initial-mark), 0.1194062 secs]
   [Parallel Time: 117.5 ms, GC Workers: 4]
      [GC Worker Start (ms): Min: 334295.3, Avg: 334295.3, Max: 334295.3, Diff: 0.0]
      [Ext Root Scanning (ms): Min: 1.2, Avg: 1.2, Max: 1.2, Diff: 0.0, Sum: 4.8]
      [Update RS (ms): Min: 13.6, Avg: 13.6, Max: 13.7, Diff: 0.0, Sum: 54.6]
         [Processed Buffers: Min: 142, Avg: 198.5, Max: 230, Diff: 88, Sum: 794]
      [Scan RS (ms): Min: 3.6, Avg: 3.6, Max: 3.7, Diff: 0.1, Sum: 14.6]
      [Object Copy (ms): Min: 98.0, Avg: 98.1, Max: 98.1, Diff: 0.1, Sum: 392.4]
      [Termination (ms): Min: 0.0, Avg: 0.0, Max: 0.0, Diff: 0.0, Sum: 0.0]
      [GC Worker Other (ms): Min: 0.0, Avg: 0.1, Max: 0.5, Diff: 0.4, Sum: 0.5]
      [GC Worker Total (ms): Min: 116.6, Avg: 116.7, Max: 117.1, Diff: 0.5, Sum: 466.9]
      [GC Worker End (ms): Min: 334411.9, Avg: 334412.0, Max: 334412.3, Diff: 0.4]
   [Code Root Fixup: 0.0 ms]
   [Clear CT: 0.1 ms]
   [Other: 1.8 ms]
      [Choose CSet: 0.0 ms]
      [Ref Proc: 0.1 ms]
      [Ref Enq: 0.0 ms]
      [Free CSet: 0.2 ms]
   [Eden: 188.0M(188.0M)->0.0B(224.0M) Survivors: 30.0M->28.0M Heap: 1218.5M(2048.0M)->1123.0M(2048.0M)]
 [Times: user=0.45 sys=0.00, real=0.12 secs] 
334.414: [GC concurrent-root-region-scan-start]
334.445: [GC concurrent-root-region-scan-end, 0.0304385 secs]
334.445: [GC concurrent-mark-start]
334.670: [GC pause (young), 0.0589935 secs]
   [Parallel Time: 57.7 ms, GC Workers: 4]
      [GC Worker Start (ms): Min: 334670.7, Avg: 334675.4, Max: 334689.6, Diff: 18.9]
      [Ext Root Scanning (ms): Min: 0.1, Avg: 1.5, Max: 2.0, Diff: 1.9, Sum: 5.8]
      [SATB Filtering (ms): Min: 0.0, Avg: 0.1, Max: 0.2, Diff: 0.2, Sum: 0.2]
      [Update RS (ms): Min: 3.7, Avg: 16.4, Max: 20.6, Diff: 16.9, Sum: 65.5]
         [Processed Buffers: Min: 38, Avg: 101.3, Max: 126, Diff: 88, Sum: 405]
      [Scan RS (ms): Min: 0.2, Avg: 0.2, Max: 0.2, Diff: 0.1, Sum: 0.8]
      [Object Copy (ms): Min: 34.8, Avg: 34.9, Max: 34.9, Diff: 0.1, Sum: 139.5]
      [Termination (ms): Min: 0.0, Avg: 0.0, Max: 0.0, Diff: 0.0, Sum: 0.0]
      [GC Worker Other (ms): Min: 0.0, Avg: 0.0, Max: 0.0, Diff: 0.0, Sum: 0.1]
      [GC Worker Total (ms): Min: 38.8, Avg: 53.0, Max: 57.7, Diff: 18.9, Sum: 212.0]
      [GC Worker End (ms): Min: 334728.4, Avg: 334728.4, Max: 334728.4, Diff: 0.0]
   [Code Root Fixup: 0.0 ms]
   [Clear CT: 0.1 ms]
   [Other: 1.1 ms]
      [Choose CSet: 0.0 ms]
      [Ref Proc: 0.2 ms]
      [Ref Enq: 0.0 ms]
      [Free CSet: 0.3 ms]
   [Eden: 224.0M(224.0M)->0.0B(411.0M) Survivors: 28.0M->18.0M Heap: 1347.0M(2048.0M)->1142.0M(2048.0M)]
 [Times: user=0.17 sys=0.00, real=0.06 secs] 
334.980: [GC concurrent-mark-end, 0.5347371 secs]
334.980: [GC remark 334.981: [GC ref-proc, 0.0016879 secs], 0.0041520 secs]
 [Times: user=0.06 sys=0.00, real=0.00 secs] 
334.984: [GC cleanup 1413M->691M(2048M), 0.0014301 secs]
 [Times: user=0.00 sys=0.00, real=0.00 secs] 
334.986: [GC concurrent-cleanup-start]
334.987: [GC concurrent-cleanup-end, 0.0010783 secs]
335.136: [GC pause (young), 0.2575911 secs]
   [Parallel Time: 255.3 ms, GC Workers: 4]
      [GC Worker Start (ms): Min: 335136.0, Avg: 335136.1, Max: 335136.1, Diff: 0.0]
      [Ext Root Scanning (ms): Min: 1.2, Avg: 1.2, Max: 1.2, Diff: 0.0, Sum: 4.9]
      [Update RS (ms): Min: 16.6, Avg: 16.6, Max: 16.6, Diff: 0.0, Sum: 66.4]
         [Processed Buffers: Min: 188, Avg: 205.0, Max: 232, Diff: 44, Sum: 820]
      [Scan RS (ms): Min: 0.1, Avg: 0.1, Max: 0.1, Diff: 0.0, Sum: 0.4]
      [Object Copy (ms): Min: 237.3, Avg: 237.3, Max: 237.3, Diff: 0.0, Sum: 949.3]
      [Termination (ms): Min: 0.0, Avg: 0.0, Max: 0.0, Diff: 0.0, Sum: 0.0]
      [GC Worker Other (ms): Min: 0.0, Avg: 0.0, Max: 0.0, Diff: 0.0, Sum: 0.1]
      [GC Worker Total (ms): Min: 255.3, Avg: 255.3, Max: 255.3, Diff: 0.0, Sum: 1021.1]
      [GC Worker End (ms): Min: 335391.3, Avg: 335391.3, Max: 335391.3, Diff: 0.0]
   [Code Root Fixup: 0.0 ms]
   [Clear CT: 0.4 ms]
   [Other: 1.9 ms]
      [Choose CSet: 0.0 ms]
      [Ref Proc: 0.0 ms]
      [Ref Enq: 0.0 ms]
      [Free CSet: 0.3 ms]
   [Eden: 411.0M(411.0M)->0.0B(222.0M) Survivors: 18.0M->54.0M Heap: 831.0M(2048.0M)->676.5M(2048.0M)]
 [Times: user=1.01 sys=0.00, real=0.26 secs] 
335.694: [GC pause (young), 0.1593999 secs]
   [Parallel Time: 157.0 ms, GC Workers: 4]
      [GC Worker Start (ms): Min: 335694.4, Avg: 335694.4, Max: 335694.4, Diff: 0.0]
      [Ext Root Scanning (ms): Min: 1.2, Avg: 1.2, Max: 1.2, Diff: 0.0, Sum: 4.9]
      [Update RS (ms): Min: 20.7, Avg: 21.5, Max: 22.4, Diff: 1.8, Sum: 85.9]
         [Processed Buffers: Min: 157, Avg: 257.0, Max: 341, Diff: 184, Sum: 1028]
      [Scan RS (ms): Min: 19.9, Avg: 21.0, Max: 21.8, Diff: 2.0, Sum: 83.9]
      [Object Copy (ms): Min: 112.9, Avg: 113.3, Max: 113.5, Diff: 0.6, Sum: 453.4]
      [Termination (ms): Min: 0.0, Avg: 0.0, Max: 0.0, Diff: 0.0, Sum: 0.0]
      [GC Worker Other (ms): Min: 0.0, Avg: 0.0, Max: 0.0, Diff: 0.0, Sum: 0.1]
      [GC Worker Total (ms): Min: 157.0, Avg: 157.0, Max: 157.0, Diff: 0.0, Sum: 628.1]
      [GC Worker End (ms): Min: 335851.4, Avg: 335851.4, Max: 335851.4, Diff: 0.0]
   [Code Root Fixup: 0.0 ms]
   [Clear CT: 0.1 ms]
   [Other: 2.3 ms]
      [Choose CSet: 0.0 ms]
      [Ref Proc: 0.0 ms]
      [Ref Enq: 0.0 ms]
      [Free CSet: 0.2 ms]
   [Eden: 182.0M(48.0M)->0.0B(290.0M) Survivors: 54.0M->13.0M Heap: 858.5M(2048.0M)->762.0M(2048.0M)]
 [Times: user=0.62 sys=0.00, real=0.16 secs] 
336.244: [GC pause (young), 0.1918952 secs]
   [Parallel Time: 189.5 ms, GC Workers: 4]
      [GC Worker Start (ms): Min: 336244.6, Avg: 336244.6, Max: 336244.6, Diff: 0.0]
      [Ext Root Scanning (ms): Min: 1.2, Avg: 1.2, Max: 1.3, Diff: 0.0, Sum: 4.9]
      [Update RS (ms): Min: 15.0, Avg: 15.2, Max: 15.9, Diff: 0.9, Sum: 60.8]
         [Processed Buffers: Min: 186, Avg: 201.8, Max: 232, Diff: 46, Sum: 807]
      [Scan RS (ms): Min: 0.3, Avg: 1.0, Max: 1.3, Diff: 1.0, Sum: 4.0]
      [Object Copy (ms): Min: 172.0, Avg: 172.0, Max: 172.1, Diff: 0.1, Sum: 688.2]
      [Termination (ms): Min: 0.0, Avg: 0.0, Max: 0.0, Diff: 0.0, Sum: 0.0]
      [GC Worker Other (ms): Min: 0.0, Avg: 0.0, Max: 0.0, Diff: 0.0, Sum: 0.1]
      [GC Worker Total (ms): Min: 189.5, Avg: 189.5, Max: 189.5, Diff: 0.0, Sum: 758.0]
      [GC Worker End (ms): Min: 336434.1, Avg: 336434.1, Max: 336434.1, Diff: 0.0]
   [Code Root Fixup: 0.0 ms]
   [Clear CT: 0.1 ms]
   [Other: 2.3 ms]
      [Choose CSet: 0.0 ms]
      [Ref Proc: 0.2 ms]
      [Ref Enq: 0.0 ms]
      [Free CSet: 0.3 ms]
   [Eden: 290.0M(290.0M)->0.0B(199.0M) Survivors: 13.0M->38.0M Heap: 1052.0M(2048.0M)->963.0M(2048.0M)]
 [Times: user=0.78 sys=0.00, real=0.19 secs] 
336.717: [GC pause (young) (initial-mark), 0.1535750 secs]
   [Parallel Time: 151.4 ms, GC Workers: 4]
      [GC Worker Start (ms): Min: 336717.3, Avg: 336717.3, Max: 336717.3, Diff: 0.0]
      [Ext Root Scanning (ms): Min: 1.3, Avg: 1.4, Max: 1.4, Diff: 0.1, Sum: 5.4]
      [Update RS (ms): Min: 22.0, Avg: 22.0, Max: 22.1, Diff: 0.1, Sum: 88.1]
         [Processed Buffers: Min: 201, Avg: 212.3, Max: 232, Diff: 31, Sum: 849]
      [Scan RS (ms): Min: 2.3, Avg: 2.4, Max: 2.4, Diff: 0.1, Sum: 9.5]
      [Object Copy (ms): Min: 125.2, Avg: 125.3, Max: 125.5, Diff: 0.3, Sum: 501.2]
      [Termination (ms): Min: 0.0, Avg: 0.2, Max: 0.3, Diff: 0.3, Sum: 0.8]
      [GC Worker Other (ms): Min: 0.1, Avg: 0.1, Max: 0.1, Diff: 0.0, Sum: 0.5]
      [GC Worker Total (ms): Min: 151.4, Avg: 151.4, Max: 151.4, Diff: 0.0, Sum: 605.5]
      [GC Worker End (ms): Min: 336868.7, Avg: 336868.7, Max: 336868.7, Diff: 0.0]
   [Code Root Fixup: 0.0 ms]
   [Clear CT: 0.3 ms]
   [Other: 1.9 ms]
      [Choose CSet: 0.0 ms]
      [Ref Proc: 0.0 ms]
      [Ref Enq: 0.0 ms]
      [Free CSet: 0.2 ms]
   [Eden: 199.0M(199.0M)->0.0B(225.0M) Survivors: 38.0M->30.0M Heap: 1162.0M(2048.0M)->1073.5M(2048.0M)]
 [Times: user=0.56 sys=0.00, real=0.15 secs] 
336.871: [GC concurrent-root-region-scan-start]
336.903: [GC concurrent-root-region-scan-end, 0.0319280 secs]
336.903: [GC concurrent-mark-start]
337.113: [GC pause (young), 0.0766395 secs]
   [Parallel Time: 75.3 ms, GC Workers: 4]
      [GC Worker Start (ms): Min: 337113.3, Avg: 337113.3, Max: 337113.3, Diff: 0.0]
      [Ext Root Scanning (ms): Min: 1.2, Avg: 1.2, Max: 1.2, Diff: 0.0, Sum: 4.9]
      [SATB Filtering (ms): Min: 0.0, Avg: 0.6, Max: 2.5, Diff: 2.5, Sum: 2.5]
      [Update RS (ms): Min: 13.4, Avg: 15.2, Max: 15.8, Diff: 2.4, Sum: 60.8]
         [Processed Buffers: Min: 164, Avg: 193.3, Max: 214, Diff: 50, Sum: 773]
      [Scan RS (ms): Min: 0.2, Avg: 0.2, Max: 0.2, Diff: 0.0, Sum: 0.9]
      [Object Copy (ms): Min: 57.9, Avg: 58.0, Max: 58.0, Diff: 0.0, Sum: 231.8]
      [Termination (ms): Min: 0.0, Avg: 0.0, Max: 0.0, Diff: 0.0, Sum: 0.0]
      [GC Worker Other (ms): Min: 0.0, Avg: 0.0, Max: 0.0, Diff: 0.0, Sum: 0.1]
      [GC Worker Total (ms): Min: 75.2, Avg: 75.2, Max: 75.2, Diff: 0.0, Sum: 301.0]
      [GC Worker End (ms): Min: 337188.5, Avg: 337188.5, Max: 337188.6, Diff: 0.0]
   [Code Root Fixup: 0.0 ms]
   [Clear CT: 0.1 ms]
   [Other: 1.2 ms]
      [Choose CSet: 0.0 ms]
      [Ref Proc: 0.0 ms]
      [Ref Enq: 0.0 ms]
      [Free CSet: 0.2 ms]
   [Eden: 225.0M(225.0M)->0.0B(325.0M) Survivors: 30.0M->32.0M Heap: 1298.5M(2048.0M)->1120.5M(2048.0M)]
 [Times: user=0.31 sys=0.00, real=0.08 secs] 
337.488: [GC pause (young), 0.1918615 secs]
   [Parallel Time: 188.3 ms, GC Workers: 4]
      [GC Worker Start (ms): Min: 337488.2, Avg: 337488.2, Max: 337488.2, Diff: 0.0]
      [Ext Root Scanning (ms): Min: 1.3, Avg: 1.3, Max: 1.3, Diff: 0.0, Sum: 5.1]
      [SATB Filtering (ms): Min: 0.0, Avg: 0.7, Max: 2.8, Diff: 2.8, Sum: 2.8]
      [Update RS (ms): Min: 13.1, Avg: 15.2, Max: 15.9, Diff: 2.8, Sum: 60.8]
         [Processed Buffers: Min: 89, Avg: 103.8, Max: 112, Diff: 23, Sum: 415]
      [Scan RS (ms): Min: 0.1, Avg: 0.2, Max: 0.2, Diff: 0.0, Sum: 0.6]
      [Object Copy (ms): Min: 170.9, Avg: 170.9, Max: 170.9, Diff: 0.0, Sum: 683.7]
      [Termination (ms): Min: 0.0, Avg: 0.0, Max: 0.0, Diff: 0.0, Sum: 0.0]
      [GC Worker Other (ms): Min: 0.0, Avg: 0.0, Max: 0.0, Diff: 0.0, Sum: 0.1]
      [GC Worker Total (ms): Min: 188.3, Avg: 188.3, Max: 188.3, Diff: 0.0, Sum: 753.1]
      [GC Worker End (ms): Min: 337676.5, Avg: 337676.5, Max: 337676.5, Diff: 0.0]
   [Code Root Fixup: 0.0 ms]
   [Clear CT: 0.5 ms]
   [Other: 3.1 ms]
      [Choose CSet: 0.0 ms]
      [Ref Proc: 1.1 ms]
      [Ref Enq: 0.0 ms]
      [Free CSet: 0.3 ms]
   [Eden: 325.0M(325.0M)->0.0B(217.0M) Survivors: 32.0M->45.0M Heap: 1445.5M(2048.0M)->1299.5M(2048.0M)]
 [Times: user=0.72 sys=0.02, real=0.19 secs] 
337.806: [GC concurrent-mark-end, 0.9036828 secs]
337.807: [GC remark 337.807: [GC ref-proc, 0.0017104 secs], 0.0038586 secs]
 [Times: user=0.00 sys=0.00, real=0.00 secs] 
337.811: [GC cleanup 1359M->820M(2048M), 0.0019997 secs]
 [Times: user=0.00 sys=0.00, real=0.00 secs] 
337.813: [GC concurrent-cleanup-start]
337.814: [GC concurrent-cleanup-end, 0.0007402 secs]
337.984: [GC pause (young), 0.1767771 secs]
   [Parallel Time: 174.8 ms, GC Workers: 4]
      [GC Worker Start (ms): Min: 337984.7, Avg: 337984.7, Max: 337984.7, Diff: 0.0]
      [Ext Root Scanning (ms): Min: 1.5, Avg: 1.5, Max: 1.6, Diff: 0.1, Sum: 6.1]
      [Update RS (ms): Min: 23.6, Avg: 24.6, Max: 27.4, Diff: 3.9, Sum: 98.5]
         [Processed Buffers: Min: 204, Avg: 223.3, Max: 255, Diff: 51, Sum: 893]
      [Scan RS (ms): Min: 1.5, Avg: 4.3, Max: 5.4, Diff: 3.9, Sum: 17.2]
      [Object Copy (ms): Min: 143.9, Avg: 144.0, Max: 144.1, Diff: 0.2, Sum: 575.9]
      [Termination (ms): Min: 0.0, Avg: 0.2, Max: 0.4, Diff: 0.4, Sum: 0.8]
      [GC Worker Other (ms): Min: 0.0, Avg: 0.0, Max: 0.0, Diff: 0.0, Sum: 0.0]
      [GC Worker Total (ms): Min: 174.6, Avg: 174.6, Max: 174.7, Diff: 0.1, Sum: 698.6]
      [GC Worker End (ms): Min: 338159.3, Avg: 338159.3, Max: 338159.4, Diff: 0.1]
   [Code Root Fixup: 0.0 ms]
   [Clear CT: 0.2 ms]
   [Other: 1.8 ms]
      [Choose CSet: 0.0 ms]
      [Ref Proc: 0.0 ms]
      [Ref Enq: 0.0 ms]
      [Free CSet: 0.2 ms]
   [Eden: 217.0M(217.0M)->0.0B(69.0M) Survivors: 45.0M->33.0M Heap: 977.5M(2048.0M)->890.5M(2048.0M)]
 [Times: user=0.67 sys=0.00, real=0.18 secs] 
338.303: [GC pause (mixed), 0.0691876 secs]
   [Parallel Time: 67.2 ms, GC Workers: 4]
      [GC Worker Start (ms): Min: 338303.7, Avg: 338303.7, Max: 338303.7, Diff: 0.0]
      [Ext Root Scanning (ms): Min: 1.2, Avg: 1.4, Max: 1.8, Diff: 0.6, Sum: 5.5]
      [Update RS (ms): Min: 20.4, Avg: 20.9, Max: 21.0, Diff: 0.6, Sum: 83.4]
         [Processed Buffers: Min: 157, Avg: 168.0, Max: 174, Diff: 17, Sum: 672]
      [Scan RS (ms): Min: 1.9, Avg: 1.9, Max: 1.9, Diff: 0.0, Sum: 7.7]
      [Object Copy (ms): Min: 42.8, Avg: 42.8, Max: 42.8, Diff: 0.0, Sum: 171.2]
      [Termination (ms): Min: 0.0, Avg: 0.1, Max: 0.2, Diff: 0.2, Sum: 0.2]
      [GC Worker Other (ms): Min: 0.0, Avg: 0.0, Max: 0.0, Diff: 0.0, Sum: 0.0]
      [GC Worker Total (ms): Min: 67.0, Avg: 67.0, Max: 67.1, Diff: 0.1, Sum: 268.2]
      [GC Worker End (ms): Min: 338370.7, Avg: 338370.7, Max: 338370.8, Diff: 0.1]
   [Code Root Fixup: 0.0 ms]
   [Clear CT: 0.2 ms]
   [Other: 1.8 ms]
      [Choose CSet: 0.0 ms]
      [Ref Proc: 0.6 ms]
      [Ref Enq: 0.0 ms]
      [Free CSet: 0.4 ms]
   [Eden: 69.0M(69.0M)->0.0B(370.0M) Survivors: 33.0M->13.0M Heap: 959.5M(2048.0M)->836.5M(2048.0M)]
 [Times: user=0.31 sys=0.00, real=0.07 secs] 
338.763: [GC pause (young), 0.2566302 secs]
   [Parallel Time: 254.3 ms, GC Workers: 4]
      [GC Worker Start (ms): Min: 338763.5, Avg: 338763.5, Max: 338763.5, Diff: 0.0]
      [Ext Root Scanning (ms): Min: 1.5, Avg: 1.5, Max: 1.5, Diff: 0.1, Sum: 6.0]
      [Update RS (ms): Min: 13.6, Avg: 13.7, Max: 13.7, Diff: 0.0, Sum: 54.6]
         [Processed Buffers: Min: 129, Avg: 145.0, Max: 154, Diff: 25, Sum: 580]
      [Scan RS (ms): Min: 0.2, Avg: 0.2, Max: 0.3, Diff: 0.1, Sum: 0.8]
      [Object Copy (ms): Min: 238.8, Avg: 238.9, Max: 238.9, Diff: 0.2, Sum: 955.5]
      [Termination (ms): Min: 0.0, Avg: 0.0, Max: 0.0, Diff: 0.0, Sum: 0.0]
      [GC Worker Other (ms): Min: 0.0, Avg: 0.0, Max: 0.0, Diff: 0.0, Sum: 0.1]
      [GC Worker Total (ms): Min: 254.3, Avg: 254.3, Max: 254.3, Diff: 0.0, Sum: 1017.0]
      [GC Worker End (ms): Min: 339017.8, Avg: 339017.8, Max: 339017.8, Diff: 0.0]
   [Code Root Fixup: 0.0 ms]
   [Clear CT: 0.1 ms]
   [Other: 2.2 ms]
      [Choose CSet: 0.0 ms]
      [Ref Proc: 0.0 ms]
      [Ref Enq: 0.0 ms]
      [Free CSet: 0.3 ms]
   [Eden: 370.0M(370.0M)->0.0B(211.0M) Survivors: 13.0M->48.0M Heap: 1206.5M(2048.0M)->1115.5M(2048.0M)]
 [Times: user=0.94 sys=0.00, real=0.26 secs] 
339.343: [GC pause (young) (initial-mark), 0.1939703 secs]
   [Parallel Time: 191.1 ms, GC Workers: 4]
      [GC Worker Start (ms): Min: 339344.0, Avg: 339344.0, Max: 339344.0, Diff: 0.0]
      [Ext Root Scanning (ms): Min: 1.2, Avg: 1.3, Max: 1.3, Diff: 0.1, Sum: 5.1]
      [Update RS (ms): Min: 17.0, Avg: 17.1, Max: 17.2, Diff: 0.1, Sum: 68.4]
         [Processed Buffers: Min: 116, Avg: 243.3, Max: 395, Diff: 279, Sum: 973]
      [Scan RS (ms): Min: 27.7, Avg: 27.8, Max: 27.9, Diff: 0.2, Sum: 111.2]
      [Object Copy (ms): Min: 144.8, Avg: 144.9, Max: 144.9, Diff: 0.1, Sum: 579.5]
      [Termination (ms): Min: 0.0, Avg: 0.0, Max: 0.0, Diff: 0.0, Sum: 0.0]
      [GC Worker Other (ms): Min: 0.0, Avg: 0.0, Max: 0.0, Diff: 0.0, Sum: 0.1]
      [GC Worker Total (ms): Min: 191.0, Avg: 191.1, Max: 191.1, Diff: 0.0, Sum: 764.3]
      [GC Worker End (ms): Min: 339535.1, Avg: 339535.1, Max: 339535.1, Diff: 0.0]
   [Code Root Fixup: 0.0 ms]
   [Clear CT: 0.1 ms]
   [Other: 2.7 ms]
      [Choose CSet: 0.0 ms]
      [Ref Proc: 0.0 ms]
      [Ref Enq: 0.0 ms]
      [Free CSet: 0.3 ms]
   [Eden: 211.0M(211.0M)->0.0B(110.0M) Survivors: 48.0M->33.0M Heap: 1326.5M(2048.0M)->1240.5M(2048.0M)]
 [Times: user=0.73 sys=0.00, real=0.19 secs] 
339.537: [GC concurrent-root-region-scan-start]
339.572: [GC concurrent-root-region-scan-end, 0.0340678 secs]
339.572: [GC concurrent-mark-start]
339.781: [GC pause (young), 0.0568681 secs]
   [Parallel Time: 55.7 ms, GC Workers: 4]
      [GC Worker Start (ms): Min: 339781.2, Avg: 339782.1, Max: 339784.5, Diff: 3.3]
      [Ext Root Scanning (ms): Min: 0.1, Avg: 1.2, Max: 1.7, Diff: 1.6, Sum: 4.9]
      [SATB Filtering (ms): Min: 0.0, Avg: 0.0, Max: 0.1, Diff: 0.1, Sum: 0.1]
      [Update RS (ms): Min: 19.2, Avg: 20.3, Max: 20.8, Diff: 1.6, Sum: 81.4]
         [Processed Buffers: Min: 114, Avg: 118.0, Max: 120, Diff: 6, Sum: 472]
      [Scan RS (ms): Min: 1.4, Avg: 1.4, Max: 1.5, Diff: 0.1, Sum: 5.7]
      [Object Copy (ms): Min: 31.7, Avg: 31.8, Max: 31.9, Diff: 0.1, Sum: 127.3]
      [Termination (ms): Min: 0.0, Avg: 0.0, Max: 0.0, Diff: 0.0, Sum: 0.0]
      [GC Worker Other (ms): Min: 0.0, Avg: 0.0, Max: 0.0, Diff: 0.0, Sum: 0.0]
      [GC Worker Total (ms): Min: 52.4, Avg: 54.8, Max: 55.7, Diff: 3.3, Sum: 219.3]
      [GC Worker End (ms): Min: 339836.9, Avg: 339836.9, Max: 339836.9, Diff: 0.0]
   [Code Root Fixup: 0.0 ms]
   [Clear CT: 0.1 ms]
   [Other: 1.1 ms]
      [Choose CSet: 0.0 ms]
      [Ref Proc: 0.2 ms]
      [Ref Enq: 0.0 ms]
      [Free CSet: 0.2 ms]
   [Eden: 110.0M(110.0M)->0.0B(242.0M) Survivors: 33.0M->6144.0K Heap: 1350.5M(2048.0M)->1247.0M(2048.0M)]
 [Times: user=0.23 sys=0.00, real=0.06 secs] 
340.056: [GC pause (young), 0.1428068 secs]
   [Parallel Time: 141.0 ms, GC Workers: 4]
      [GC Worker Start (ms): Min: 340056.4, Avg: 340056.4, Max: 340056.4, Diff: 0.0]
      [Ext Root Scanning (ms): Min: 1.5, Avg: 3.8, Max: 9.2, Diff: 7.7, Sum: 15.0]
      [SATB Filtering (ms): Min: 0.0, Avg: 0.7, Max: 2.7, Diff: 2.7, Sum: 2.7]
      [Update RS (ms): Min: 17.0, Avg: 21.7, Max: 24.5, Diff: 7.5, Sum: 86.9]
         [Processed Buffers: Min: 206, Avg: 241.5, Max: 286, Diff: 80, Sum: 966]
      [Scan RS (ms): Min: 0.0, Avg: 0.1, Max: 0.1, Diff: 0.1, Sum: 0.2]
      [Object Copy (ms): Min: 114.2, Avg: 114.4, Max: 114.6, Diff: 0.4, Sum: 457.5]
      [Termination (ms): Min: 0.0, Avg: 0.2, Max: 0.4, Diff: 0.4, Sum: 0.9]
      [GC Worker Other (ms): Min: 0.0, Avg: 0.0, Max: 0.0, Diff: 0.0, Sum: 0.0]
      [GC Worker Total (ms): Min: 140.8, Avg: 140.8, Max: 140.9, Diff: 0.2, Sum: 563.2]
      [GC Worker End (ms): Min: 340197.2, Avg: 340197.2, Max: 340197.4, Diff: 0.2]
   [Code Root Fixup: 0.0 ms]
   [Clear CT: 0.2 ms]
   [Other: 1.6 ms]
      [Choose CSet: 0.0 ms]
      [Ref Proc: 0.4 ms]
      [Ref Enq: 0.0 ms]
      [Free CSet: 0.2 ms]
   [Eden: 242.0M(242.0M)->0.0B(203.0M) Survivors: 6144.0K->31.0M Heap: 1489.0M(2048.0M)->1380.0M(2048.0M)]
 [Times: user=0.56 sys=0.00, real=0.14 secs] 
340.323: [GC concurrent-mark-end, 0.7516716 secs]
340.324: [GC remark 340.324: [GC ref-proc, 0.0017017 secs], 0.0031694 secs]
 [Times: user=0.00 sys=0.00, real=0.00 secs] 
340.327: [GC cleanup 1440M->515M(2048M), 0.0013708 secs]
 [Times: user=0.00 sys=0.00, real=0.00 secs] 
340.329: [GC concurrent-cleanup-start]
340.330: [GC concurrent-cleanup-end, 0.0010330 secs]
340.475: [GC pause (young), 0.1555898 secs]
   [Parallel Time: 153.4 ms, GC Workers: 4]
      [GC Worker Start (ms): Min: 340475.0, Avg: 340475.0, Max: 340475.0, Diff: 0.0]
      [Ext Root Scanning (ms): Min: 1.2, Avg: 1.2, Max: 1.2, Diff: 0.0, Sum: 4.9]
      [Update RS (ms): Min: 14.8, Avg: 14.8, Max: 14.9, Diff: 0.0, Sum: 59.4]
         [Processed Buffers: Min: 157, Avg: 187.3, Max: 209, Diff: 52, Sum: 749]
      [Scan RS (ms): Min: 1.4, Avg: 1.4, Max: 1.5, Diff: 0.0, Sum: 5.8]
      [Object Copy (ms): Min: 135.8, Avg: 135.8, Max: 135.9, Diff: 0.0, Sum: 543.4]
      [Termination (ms): Min: 0.0, Avg: 0.0, Max: 0.0, Diff: 0.0, Sum: 0.0]
      [GC Worker Other (ms): Min: 0.0, Avg: 0.0, Max: 0.0, Diff: 0.0, Sum: 0.1]
      [GC Worker Total (ms): Min: 153.4, Avg: 153.4, Max: 153.4, Diff: 0.0, Sum: 613.5]
      [GC Worker End (ms): Min: 340628.4, Avg: 340628.4, Max: 340628.4, Diff: 0.0]
   [Code Root Fixup: 0.0 ms]
   [Clear CT: 0.1 ms]
   [Other: 2.1 ms]
      [Choose CSet: 0.0 ms]
      [Ref Proc: 0.3 ms]
      [Ref Enq: 0.0 ms]
      [Free CSet: 0.2 ms]
   [Eden: 203.0M(203.0M)->0.0B(222.0M) Survivors: 31.0M->30.0M Heap: 658.0M(2048.0M)->593.0M(2048.0M)]
 [Times: user=0.62 sys=0.00, real=0.16 secs] 
340.927: [GC pause (young), 0.1595455 secs]
   [Parallel Time: 155.7 ms, GC Workers: 4]
      [GC Worker Start (ms): Min: 340927.7, Avg: 340927.7, Max: 340927.7, Diff: 0.0]
      [Ext Root Scanning (ms): Min: 1.3, Avg: 1.3, Max: 1.3, Diff: 0.0, Sum: 5.1]
      [Update RS (ms): Min: 20.9, Avg: 22.0, Max: 24.1, Diff: 3.2, Sum: 88.2]
         [Processed Buffers: Min: 179, Avg: 213.3, Max: 235, Diff: 56, Sum: 853]
      [Scan RS (ms): Min: 0.0, Avg: 0.2, Max: 0.4, Diff: 0.4, Sum: 0.7]
      [Object Copy (ms): Min: 130.2, Avg: 132.2, Max: 133.1, Diff: 2.8, Sum: 528.7]
      [Termination (ms): Min: 0.0, Avg: 0.0, Max: 0.0, Diff: 0.0, Sum: 0.0]
      [GC Worker Other (ms): Min: 0.0, Avg: 0.0, Max: 0.0, Diff: 0.0, Sum: 0.1]
      [GC Worker Total (ms): Min: 155.7, Avg: 155.7, Max: 155.7, Diff: 0.0, Sum: 622.8]
      [GC Worker End (ms): Min: 341083.4, Avg: 341083.4, Max: 341083.4, Diff: 0.0]
   [Code Root Fixup: 0.0 ms]
   [Clear CT: 1.4 ms]
   [Other: 2.4 ms]
      [Choose CSet: 0.0 ms]
      [Ref Proc: 0.8 ms]
      [Ref Enq: 0.0 ms]
      [Free CSet: 0.2 ms]
   [Eden: 222.0M(222.0M)->0.0B(220.0M) Survivors: 30.0M->32.0M Heap: 815.0M(2048.0M)->726.5M(2048.0M)]
 [Times: user=0.62 sys=0.00, real=0.16 secs] 
341.355: [GC pause (young), 0.1581914 secs]
   [Parallel Time: 156.2 ms, GC Workers: 4]
      [GC Worker Start (ms): Min: 341355.1, Avg: 341355.1, Max: 341355.1, Diff: 0.0]
      [Ext Root Scanning (ms): Min: 1.2, Avg: 1.2, Max: 1.2, Diff: 0.0, Sum: 4.9]
      [Update RS (ms): Min: 15.0, Avg: 16.2, Max: 19.6, Diff: 4.7, Sum: 64.9]
         [Processed Buffers: Min: 127, Avg: 174.8, Max: 212, Diff: 85, Sum: 699]
      [Scan RS (ms): Min: 0.0, Avg: 0.4, Max: 0.7, Diff: 0.7, Sum: 1.6]
      [Object Copy (ms): Min: 135.2, Avg: 138.3, Max: 139.3, Diff: 4.1, Sum: 553.1]
      [Termination (ms): Min: 0.0, Avg: 0.0, Max: 0.0, Diff: 0.0, Sum: 0.0]
      [GC Worker Other (ms): Min: 0.0, Avg: 0.0, Max: 0.0, Diff: 0.0, Sum: 0.1]
      [GC Worker Total (ms): Min: 156.1, Avg: 156.1, Max: 156.1, Diff: 0.0, Sum: 624.5]
      [GC Worker End (ms): Min: 341511.2, Avg: 341511.2, Max: 341511.2, Diff: 0.0]
   [Code Root Fixup: 0.0 ms]
   [Clear CT: 0.1 ms]
   [Other: 1.9 ms]
      [Choose CSet: 0.0 ms]
      [Ref Proc: 0.0 ms]
      [Ref Enq: 0.0 ms]
      [Free CSet: 0.2 ms]
   [Eden: 220.0M(220.0M)->0.0B(236.0M) Survivors: 32.0M->32.0M Heap: 946.5M(2048.0M)->872.0M(2048.0M)]
 [Times: user=0.51 sys=0.00, real=0.16 secs] 
341.818: [GC pause (young), 0.1726719 secs]
   [Parallel Time: 170.5 ms, GC Workers: 4]
      [GC Worker Start (ms): Min: 341818.0, Avg: 341818.0, Max: 341818.0, Diff: 0.0]
      [Ext Root Scanning (ms): Min: 1.3, Avg: 1.3, Max: 1.3, Diff: 0.0, Sum: 5.2]
      [Update RS (ms): Min: 20.8, Avg: 20.8, Max: 20.9, Diff: 0.1, Sum: 83.4]
         [Processed Buffers: Min: 171, Avg: 232.5, Max: 265, Diff: 94, Sum: 930]
      [Scan RS (ms): Min: 3.2, Avg: 3.3, Max: 3.3, Diff: 0.1, Sum: 13.1]
      [Object Copy (ms): Min: 145.1, Avg: 145.1, Max: 145.1, Diff: 0.0, Sum: 580.3]
      [Termination (ms): Min: 0.0, Avg: 0.0, Max: 0.0, Diff: 0.0, Sum: 0.0]
      [GC Worker Other (ms): Min: 0.0, Avg: 0.0, Max: 0.0, Diff: 0.0, Sum: 0.1]
      [GC Worker Total (ms): Min: 170.5, Avg: 170.5, Max: 170.5, Diff: 0.0, Sum: 682.1]
      [GC Worker End (ms): Min: 341988.5, Avg: 341988.5, Max: 341988.5, Diff: 0.0]
   [Code Root Fixup: 0.0 ms]
   [Clear CT: 0.2 ms]
   [Other: 1.9 ms]
      [Choose CSet: 0.0 ms]
      [Ref Proc: 0.0 ms]
      [Ref Enq: 0.0 ms]
      [Free CSet: 0.2 ms]
   [Eden: 236.0M(236.0M)->0.0B(237.0M) Survivors: 32.0M->34.0M Heap: 1108.0M(2048.0M)->1013.5M(2048.0M)]
 [Times: user=0.64 sys=0.00, real=0.17 secs] 
342.283: [GC pause (young) (initial-mark), 0.1803288 secs]
   [Parallel Time: 178.0 ms, GC Workers: 4]
      [GC Worker Start (ms): Min: 342283.5, Avg: 342283.5, Max: 342283.5, Diff: 0.0]
      [Ext Root Scanning (ms): Min: 0.2, Avg: 1.2, Max: 1.6, Diff: 1.4, Sum: 4.9]
      [Update RS (ms): Min: 13.6, Avg: 14.3, Max: 14.6, Diff: 1.0, Sum: 57.0]
         [Processed Buffers: Min: 162, Avg: 175.8, Max: 189, Diff: 27, Sum: 703]
      [Scan RS (ms): Min: 1.5, Avg: 1.5, Max: 1.6, Diff: 0.1, Sum: 6.1]
      [Object Copy (ms): Min: 160.4, Avg: 161.0, Max: 162.6, Diff: 2.2, Sum: 643.9]
      [Termination (ms): Min: 0.0, Avg: 0.0, Max: 0.0, Diff: 0.0, Sum: 0.0]
      [GC Worker Other (ms): Min: 0.0, Avg: 0.0, Max: 0.0, Diff: 0.0, Sum: 0.1]
      [GC Worker Total (ms): Min: 178.0, Avg: 178.0, Max: 178.0, Diff: 0.0, Sum: 712.0]
      [GC Worker End (ms): Min: 342461.5, Avg: 342461.5, Max: 342461.5, Diff: 0.0]
   [Code Root Fixup: 0.0 ms]
   [Clear CT: 0.1 ms]
   [Other: 2.2 ms]
      [Choose CSet: 0.0 ms]
      [Ref Proc: 0.0 ms]
      [Ref Enq: 0.0 ms]
      [Free CSet: 0.3 ms]
   [Eden: 237.0M(237.0M)->0.0B(238.0M) Survivors: 34.0M->34.0M Heap: 1250.5M(2048.0M)->1173.0M(2048.0M)]
 [Times: user=0.67 sys=0.00, real=0.18 secs] 
342.464: [GC concurrent-root-region-scan-start]
342.530: [GC concurrent-root-region-scan-end, 0.0667386 secs]
342.530: [GC concurrent-mark-start]
342.772: [GC pause (young), 0.0819285 secs]
   [Parallel Time: 80.0 ms, GC Workers: 4]
      [GC Worker Start (ms): Min: 342772.7, Avg: 342772.7, Max: 342772.7, Diff: 0.0]
      [Ext Root Scanning (ms): Min: 1.2, Avg: 1.2, Max: 1.3, Diff: 0.1, Sum: 5.0]
      [SATB Filtering (ms): Min: 0.0, Avg: 0.6, Max: 2.2, Diff: 2.2, Sum: 2.2]
      [Update RS (ms): Min: 14.9, Avg: 16.5, Max: 17.1, Diff: 2.2, Sum: 66.1]
         [Processed Buffers: Min: 137, Avg: 197.3, Max: 228, Diff: 91, Sum: 789]
      [Scan RS (ms): Min: 0.4, Avg: 0.4, Max: 0.5, Diff: 0.1, Sum: 1.6]
      [Object Copy (ms): Min: 61.2, Avg: 61.3, Max: 61.3, Diff: 0.1, Sum: 245.1]
      [Termination (ms): Min: 0.0, Avg: 0.0, Max: 0.0, Diff: 0.0, Sum: 0.0]
      [GC Worker Other (ms): Min: 0.0, Avg: 0.0, Max: 0.0, Diff: 0.0, Sum: 0.1]
      [GC Worker Total (ms): Min: 80.0, Avg: 80.0, Max: 80.0, Diff: 0.0, Sum: 320.1]
      [GC Worker End (ms): Min: 342852.7, Avg: 342852.7, Max: 342852.7, Diff: 0.0]
   [Code Root Fixup: 0.0 ms]
   [Clear CT: 0.4 ms]
   [Other: 1.4 ms]
      [Choose CSet: 0.0 ms]
      [Ref Proc: 0.1 ms]
      [Ref Enq: 0.0 ms]
      [Free CSet: 0.3 ms]
   [Eden: 238.0M(238.0M)->0.0B(352.0M) Survivors: 34.0M->34.0M Heap: 1411.0M(2048.0M)->1219.5M(2048.0M)]
 [Times: user=0.31 sys=0.00, real=0.08 secs] 
343.146: [GC concurrent-mark-end, 0.6158827 secs]
343.146: [GC remark 343.148: [GC ref-proc, 0.0016523 secs], 0.0041289 secs]
 [Times: user=0.00 sys=0.00, real=0.00 secs] 
343.151: [GC cleanup 1551M->905M(2048M), 0.0012723 secs]
 [Times: user=0.00 sys=0.00, real=0.00 secs] 
343.152: [GC concurrent-cleanup-start]
343.153: [GC concurrent-cleanup-end, 0.0007421 secs]
343.173: [GC pause (young), 0.1835090 secs]
   [Parallel Time: 180.7 ms, GC Workers: 4]
      [GC Worker Start (ms): Min: 343172.8, Avg: 343172.8, Max: 343172.8, Diff: 0.0]
      [Ext Root Scanning (ms): Min: 1.3, Avg: 1.3, Max: 1.3, Diff: 0.0, Sum: 5.2]
      [Update RS (ms): Min: 15.1, Avg: 15.1, Max: 15.1, Diff: 0.0, Sum: 60.4]
         [Processed Buffers: Min: 103, Avg: 112.8, Max: 121, Diff: 18, Sum: 451]
      [Scan RS (ms): Min: 0.3, Avg: 0.3, Max: 0.4, Diff: 0.1, Sum: 1.3]
      [Object Copy (ms): Min: 163.9, Avg: 164.0, Max: 164.0, Diff: 0.1, Sum: 655.9]
      [Termination (ms): Min: 0.0, Avg: 0.0, Max: 0.0, Diff: 0.0, Sum: 0.0]
      [GC Worker Other (ms): Min: 0.0, Avg: 0.0, Max: 0.0, Diff: 0.0, Sum: 0.1]
      [GC Worker Total (ms): Min: 180.7, Avg: 180.7, Max: 180.7, Diff: 0.0, Sum: 722.9]
      [GC Worker End (ms): Min: 343353.5, Avg: 343353.5, Max: 343353.5, Diff: 0.0]
   [Code Root Fixup: 0.0 ms]
   [Clear CT: 0.2 ms]
   [Other: 2.6 ms]
      [Choose CSet: 0.0 ms]
      [Ref Proc: 1.1 ms]
      [Ref Enq: 0.0 ms]
      [Free CSet: 0.3 ms]
   [Eden: 352.0M(352.0M)->0.0B(53.0M) Survivors: 34.0M->49.0M Heap: 925.5M(2048.0M)->741.0M(2048.0M)]
 [Times: user=0.67 sys=0.00, real=0.18 secs] 
343.443: [GC pause (mixed), 0.0847354 secs]
   [Parallel Time: 83.0 ms, GC Workers: 4]
      [GC Worker Start (ms): Min: 343442.7, Avg: 343442.7, Max: 343442.7, Diff: 0.0]
      [Ext Root Scanning (ms): Min: 1.2, Avg: 1.2, Max: 1.3, Diff: 0.0, Sum: 4.9]
      [Update RS (ms): Min: 29.5, Avg: 29.5, Max: 29.6, Diff: 0.1, Sum: 118.2]
         [Processed Buffers: Min: 161, Avg: 164.3, Max: 169, Diff: 8, Sum: 657]
      [Scan RS (ms): Min: 1.4, Avg: 1.5, Max: 1.6, Diff: 0.2, Sum: 6.0]
      [Object Copy (ms): Min: 50.6, Avg: 50.7, Max: 50.8, Diff: 0.2, Sum: 202.9]
      [Termination (ms): Min: 0.0, Avg: 0.0, Max: 0.0, Diff: 0.0, Sum: 0.0]
      [GC Worker Other (ms): Min: 0.0, Avg: 0.0, Max: 0.0, Diff: 0.0, Sum: 0.1]
      [GC Worker Total (ms): Min: 83.0, Avg: 83.0, Max: 83.0, Diff: 0.0, Sum: 332.1]
      [GC Worker End (ms): Min: 343525.8, Avg: 343525.8, Max: 343525.8, Diff: 0.0]
   [Code Root Fixup: 0.0 ms]
   [Clear CT: 0.3 ms]
   [Other: 1.4 ms]
      [Choose CSet: 0.0 ms]
      [Ref Proc: 0.1 ms]
      [Ref Enq: 0.0 ms]
      [Free CSet: 0.4 ms]
   [Eden: 53.0M(53.0M)->0.0B(379.0M) Survivors: 49.0M->7168.0K Heap: 794.0M(2048.0M)->687.0M(2048.0M)]
 [Times: user=0.28 sys=0.00, real=0.09 secs] 
343.913: [GC pause (young), 0.2439406 secs]
   [Parallel Time: 241.9 ms, GC Workers: 4]
      [GC Worker Start (ms): Min: 343913.7, Avg: 343913.7, Max: 343913.7, Diff: 0.0]
      [Ext Root Scanning (ms): Min: 1.5, Avg: 1.5, Max: 1.6, Diff: 0.1, Sum: 6.2]
      [Update RS (ms): Min: 24.1, Avg: 24.1, Max: 24.1, Diff: 0.0, Sum: 96.5]
         [Processed Buffers: Min: 133, Avg: 287.3, Max: 346, Diff: 213, Sum: 1149]
      [Scan RS (ms): Min: 0.1, Avg: 0.1, Max: 0.1, Diff: 0.0, Sum: 0.4]
      [Object Copy (ms): Min: 214.3, Avg: 214.8, Max: 216.1, Diff: 1.8, Sum: 859.2]
      [Termination (ms): Min: 0.0, Avg: 1.3, Max: 1.7, Diff: 1.7, Sum: 5.1]
      [GC Worker Other (ms): Min: 0.0, Avg: 0.0, Max: 0.0, Diff: 0.0, Sum: 0.0]
      [GC Worker Total (ms): Min: 241.8, Avg: 241.8, Max: 241.9, Diff: 0.0, Sum: 967.4]
      [GC Worker End (ms): Min: 344155.6, Avg: 344155.6, Max: 344155.6, Diff: 0.0]
   [Code Root Fixup: 0.0 ms]
   [Clear CT: 0.1 ms]
   [Other: 2.0 ms]
      [Choose CSet: 0.0 ms]
      [Ref Proc: 0.0 ms]
      [Ref Enq: 0.0 ms]
      [Free CSet: 0.3 ms]
   [Eden: 379.0M(379.0M)->0.0B(140.0M) Survivors: 7168.0K->49.0M Heap: 1066.0M(2048.0M)->945.0M(2048.0M)]
 [Times: user=0.94 sys=0.00, real=0.24 secs] 
344.364: [GC pause (young), 0.1162554 secs]
   [Parallel Time: 113.5 ms, GC Workers: 4]
      [GC Worker Start (ms): Min: 344364.8, Avg: 344364.8, Max: 344364.8, Diff: 0.0]
      [Ext Root Scanning (ms): Min: 1.2, Avg: 1.2, Max: 1.2, Diff: 0.0, Sum: 4.9]
      [Update RS (ms): Min: 15.7, Avg: 15.7, Max: 15.7, Diff: 0.0, Sum: 62.7]
         [Processed Buffers: Min: 207, Avg: 235.0, Max: 256, Diff: 49, Sum: 940]
      [Scan RS (ms): Min: 20.4, Avg: 20.4, Max: 20.4, Diff: 0.1, Sum: 81.5]
      [Object Copy (ms): Min: 76.2, Avg: 76.2, Max: 76.2, Diff: 0.1, Sum: 304.8]
      [Termination (ms): Min: 0.0, Avg: 0.0, Max: 0.0, Diff: 0.0, Sum: 0.0]
      [GC Worker Other (ms): Min: 0.0, Avg: 0.0, Max: 0.0, Diff: 0.0, Sum: 0.1]
      [GC Worker Total (ms): Min: 113.5, Avg: 113.5, Max: 113.5, Diff: 0.0, Sum: 454.0]
      [GC Worker End (ms): Min: 344478.3, Avg: 344478.3, Max: 344478.3, Diff: 0.0]
   [Code Root Fixup: 0.0 ms]
   [Clear CT: 0.6 ms]
   [Other: 2.2 ms]
      [Choose CSet: 0.0 ms]
      [Ref Proc: 0.3 ms]
      [Ref Enq: 0.0 ms]
      [Free CSet: 0.2 ms]
   [Eden: 140.0M(140.0M)->0.0B(78.0M) Survivors: 49.0M->24.0M Heap: 1085.0M(2048.0M)->986.0M(2048.0M)]
 [Times: user=0.42 sys=0.00, real=0.12 secs] 
344.611: [GC pause (young) (initial-mark), 0.0485419 secs]
   [Parallel Time: 47.2 ms, GC Workers: 4]
      [GC Worker Start (ms): Min: 344611.6, Avg: 344611.6, Max: 344611.6, Diff: 0.0]
      [Ext Root Scanning (ms): Min: 1.2, Avg: 1.2, Max: 1.3, Diff: 0.1, Sum: 4.8]
      [Update RS (ms): Min: 20.0, Avg: 20.0, Max: 20.1, Diff: 0.1, Sum: 80.1]
         [Processed Buffers: Min: 132, Avg: 136.8, Max: 144, Diff: 12, Sum: 547]
      [Scan RS (ms): Min: 0.2, Avg: 0.2, Max: 0.2, Diff: 0.0, Sum: 0.8]
      [Object Copy (ms): Min: 25.8, Avg: 25.8, Max: 25.8, Diff: 0.0, Sum: 103.1]
      [Termination (ms): Min: 0.0, Avg: 0.0, Max: 0.0, Diff: 0.0, Sum: 0.0]
      [GC Worker Other (ms): Min: 0.0, Avg: 0.0, Max: 0.0, Diff: 0.0, Sum: 0.1]
      [GC Worker Total (ms): Min: 47.2, Avg: 47.2, Max: 47.2, Diff: 0.0, Sum: 188.9]
      [GC Worker End (ms): Min: 344658.8, Avg: 344658.8, Max: 344658.8, Diff: 0.0]
   [Code Root Fixup: 0.0 ms]
   [Clear CT: 0.3 ms]
   [Other: 1.0 ms]
      [Choose CSet: 0.0 ms]
      [Ref Proc: 0.1 ms]
      [Ref Enq: 0.0 ms]
      [Free CSet: 0.2 ms]
   [Eden: 78.0M(78.0M)->0.0B(92.0M) Survivors: 24.0M->10.0M Heap: 1064.0M(2048.0M)->997.5M(2048.0M)]
 [Times: user=0.19 sys=0.00, real=0.05 secs] 
344.660: [GC concurrent-root-region-scan-start]
344.670: [GC concurrent-root-region-scan-end, 0.0100651 secs]
344.670: [GC concurrent-mark-start]
344.735: [GC pause (young), 0.0313558 secs]
   [Parallel Time: 29.4 ms, GC Workers: 4]
      [GC Worker Start (ms): Min: 344735.2, Avg: 344735.2, Max: 344735.2, Diff: 0.0]
      [Ext Root Scanning (ms): Min: 1.2, Avg: 1.2, Max: 1.2, Diff: 0.0, Sum: 4.9]
      [SATB Filtering (ms): Min: 0.0, Avg: 0.1, Max: 0.3, Diff: 0.3, Sum: 0.3]
      [Update RS (ms): Min: 11.5, Avg: 11.7, Max: 11.8, Diff: 0.3, Sum: 46.7]
         [Processed Buffers: Min: 63, Avg: 68.8, Max: 74, Diff: 11, Sum: 275]
      [Scan RS (ms): Min: 0.0, Avg: 0.0, Max: 0.0, Diff: 0.0, Sum: 0.1]
      [Object Copy (ms): Min: 16.3, Avg: 16.3, Max: 16.3, Diff: 0.0, Sum: 65.3]
      [Termination (ms): Min: 0.0, Avg: 0.0, Max: 0.0, Diff: 0.0, Sum: 0.0]
      [GC Worker Other (ms): Min: 0.0, Avg: 0.0, Max: 0.0, Diff: 0.0, Sum: 0.0]
      [GC Worker Total (ms): Min: 29.3, Avg: 29.3, Max: 29.3, Diff: 0.0, Sum: 117.3]
      [GC Worker End (ms): Min: 344764.5, Avg: 344764.5, Max: 344764.5, Diff: 0.0]
   [Code Root Fixup: 0.0 ms]
   [Clear CT: 0.0 ms]
   [Other: 2.0 ms]
      [Choose CSet: 0.0 ms]
      [Ref Proc: 1.5 ms]
      [Ref Enq: 0.0 ms]
      [Free CSet: 0.1 ms]
   [Eden: 92.0M(92.0M)->0.0B(124.0M) Survivors: 10.0M->13.0M Heap: 1089.5M(2048.0M)->1010.0M(2048.0M)]
 [Times: user=0.13 sys=0.00, real=0.03 secs] 
344.876: [GC pause (young), 0.0866261 secs]
   [Parallel Time: 85.5 ms, GC Workers: 4]
      [GC Worker Start (ms): Min: 344876.1, Avg: 344876.1, Max: 344876.1, Diff: 0.0]
      [Ext Root Scanning (ms): Min: 1.2, Avg: 1.2, Max: 1.2, Diff: 0.0, Sum: 4.9]
      [SATB Filtering (ms): Min: 0.0, Avg: 0.7, Max: 2.8, Diff: 2.8, Sum: 2.8]
      [Update RS (ms): Min: 1.8, Avg: 3.9, Max: 4.6, Diff: 2.8, Sum: 15.7]
         [Processed Buffers: Min: 84, Avg: 104.3, Max: 144, Diff: 60, Sum: 417]
      [Scan RS (ms): Min: 0.0, Avg: 0.0, Max: 0.0, Diff: 0.0, Sum: 0.1]
      [Object Copy (ms): Min: 79.6, Avg: 79.6, Max: 79.6, Diff: 0.0, Sum: 318.5]
      [Termination (ms): Min: 0.0, Avg: 0.0, Max: 0.0, Diff: 0.0, Sum: 0.0]
      [GC Worker Other (ms): Min: 0.0, Avg: 0.0, Max: 0.0, Diff: 0.0, Sum: 0.0]
      [GC Worker Total (ms): Min: 85.5, Avg: 85.5, Max: 85.5, Diff: 0.0, Sum: 342.1]
      [GC Worker End (ms): Min: 344961.6, Avg: 344961.6, Max: 344961.6, Diff: 0.0]
   [Code Root Fixup: 0.0 ms]
   [Clear CT: 0.0 ms]
   [Other: 1.0 ms]
      [Choose CSet: 0.0 ms]
      [Ref Proc: 0.0 ms]
      [Ref Enq: 0.0 ms]
      [Free CSet: 0.1 ms]
   [Eden: 124.0M(124.0M)->0.0B(150.0M) Survivors: 13.0M->18.0M Heap: 1134.0M(2048.0M)->1094.5M(2048.0M)]
 [Times: user=0.27 sys=0.00, real=0.09 secs] 
345.083: [GC pause (young), 0.0468501 secs]
   [Parallel Time: 45.9 ms, GC Workers: 4]
      [GC Worker Start (ms): Min: 345082.8, Avg: 345082.8, Max: 345082.8, Diff: 0.0]
      [Ext Root Scanning (ms): Min: 1.3, Avg: 1.3, Max: 1.3, Diff: 0.0, Sum: 5.1]
      [SATB Filtering (ms): Min: 0.0, Avg: 0.1, Max: 0.5, Diff: 0.5, Sum: 0.5]
      [Update RS (ms): Min: 16.7, Avg: 17.1, Max: 17.3, Diff: 0.5, Sum: 68.5]
         [Processed Buffers: Min: 119, Avg: 134.8, Max: 164, Diff: 45, Sum: 539]
      [Scan RS (ms): Min: 0.1, Avg: 0.1, Max: 0.1, Diff: 0.0, Sum: 0.5]
      [Object Copy (ms): Min: 27.2, Avg: 27.2, Max: 27.2, Diff: 0.0, Sum: 108.9]
      [Termination (ms): Min: 0.0, Avg: 0.0, Max: 0.0, Diff: 0.0, Sum: 0.0]
      [GC Worker Other (ms): Min: 0.0, Avg: 0.0, Max: 0.0, Diff: 0.0, Sum: 0.1]
      [GC Worker Total (ms): Min: 45.9, Avg: 45.9, Max: 45.9, Diff: 0.0, Sum: 183.5]
      [GC Worker End (ms): Min: 345128.7, Avg: 345128.7, Max: 345128.7, Diff: 0.0]
   [Code Root Fixup: 0.0 ms]
   [Clear CT: 0.1 ms]
   [Other: 0.9 ms]
      [Choose CSet: 0.0 ms]
      [Ref Proc: 0.0 ms]
      [Ref Enq: 0.0 ms]
      [Free CSet: 0.2 ms]
   [Eden: 150.0M(150.0M)->0.0B(245.0M) Survivors: 18.0M->18.0M Heap: 1244.5M(2048.0M)->1113.0M(2048.0M)]
 [Times: user=0.19 sys=0.00, real=0.05 secs] 
345.224: [GC concurrent-mark-end, 0.5539652 secs]
345.224: [GC remark 345.226: [GC ref-proc, 0.0016572 secs], 0.0041774 secs]
 [Times: user=0.00 sys=0.00, real=0.00 secs] 
345.229: [GC cleanup 1219M->585M(2048M), 0.0012534 secs]
 [Times: user=0.00 sys=0.02, real=0.00 secs] 
345.230: [GC concurrent-cleanup-start]
345.231: [GC concurrent-cleanup-end, 0.0007309 secs]
345.375: [GC pause (young), 0.1817316 secs]
   [Parallel Time: 180.1 ms, GC Workers: 4]
      [GC Worker Start (ms): Min: 345375.2, Avg: 345375.3, Max: 345375.4, Diff: 0.2]
      [Ext Root Scanning (ms): Min: 1.1, Avg: 1.2, Max: 1.3, Diff: 0.2, Sum: 4.9]
      [Update RS (ms): Min: 13.4, Avg: 13.5, Max: 13.5, Diff: 0.1, Sum: 54.0]
         [Processed Buffers: Min: 96, Avg: 138.8, Max: 210, Diff: 114, Sum: 555]
      [Scan RS (ms): Min: 0.0, Avg: 0.1, Max: 0.1, Diff: 0.1, Sum: 0.2]
      [Object Copy (ms): Min: 165.2, Avg: 165.2, Max: 165.3, Diff: 0.0, Sum: 661.0]
      [Termination (ms): Min: 0.0, Avg: 0.0, Max: 0.0, Diff: 0.0, Sum: 0.0]
      [GC Worker Other (ms): Min: 0.0, Avg: 0.0, Max: 0.0, Diff: 0.0, Sum: 0.1]
      [GC Worker Total (ms): Min: 179.9, Avg: 180.0, Max: 180.1, Diff: 0.2, Sum: 720.1]
      [GC Worker End (ms): Min: 345555.3, Avg: 345555.3, Max: 345555.3, Diff: 0.0]
   [Code Root Fixup: 0.0 ms]
   [Clear CT: 0.1 ms]
   [Other: 1.6 ms]
      [Choose CSet: 0.0 ms]
      [Ref Proc: 0.0 ms]
      [Ref Enq: 0.0 ms]
      [Free CSet: 0.2 ms]
   [Eden: 245.0M(245.0M)->0.0B(211.0M) Survivors: 18.0M->33.0M Heap: 724.0M(2048.0M)->663.5M(2048.0M)]
 [Times: user=0.69 sys=0.00, real=0.18 secs] 
345.802: [GC pause (young), 0.1239613 secs]
   [Parallel Time: 121.0 ms, GC Workers: 4]
      [GC Worker Start (ms): Min: 345802.6, Avg: 345802.6, Max: 345802.6, Diff: 0.0]
      [Ext Root Scanning (ms): Min: 1.2, Avg: 1.2, Max: 1.2, Diff: 0.0, Sum: 4.9]
      [Update RS (ms): Min: 21.7, Avg: 21.8, Max: 21.9, Diff: 0.2, Sum: 87.2]
         [Processed Buffers: Min: 172, Avg: 222.0, Max: 244, Diff: 72, Sum: 888]
      [Scan RS (ms): Min: 3.4, Avg: 3.4, Max: 3.4, Diff: 0.1, Sum: 13.6]
      [Object Copy (ms): Min: 94.5, Avg: 94.5, Max: 94.6, Diff: 0.1, Sum: 378.2]
      [Termination (ms): Min: 0.0, Avg: 0.0, Max: 0.0, Diff: 0.0, Sum: 0.0]
      [GC Worker Other (ms): Min: 0.0, Avg: 0.0, Max: 0.0, Diff: 0.0, Sum: 0.1]
      [GC Worker Total (ms): Min: 121.0, Avg: 121.0, Max: 121.0, Diff: 0.0, Sum: 483.9]
      [GC Worker End (ms): Min: 345923.6, Avg: 345923.6, Max: 345923.6, Diff: 0.0]
   [Code Root Fixup: 0.0 ms]
   [Clear CT: 0.1 ms]
   [Other: 2.8 ms]
      [Choose CSet: 0.0 ms]
      [Ref Proc: 1.2 ms]
      [Ref Enq: 0.0 ms]
      [Free CSet: 0.2 ms]
   [Eden: 211.0M(211.0M)->0.0B(213.0M) Survivors: 33.0M->31.0M Heap: 874.5M(2048.0M)->743.5M(2048.0M)]
 [Times: user=0.48 sys=0.00, real=0.12 secs] 
346.123: [GC pause (young), 0.1111101 secs]
   [Parallel Time: 109.5 ms, GC Workers: 4]
      [GC Worker Start (ms): Min: 346123.5, Avg: 346123.5, Max: 346123.5, Diff: 0.0]
      [Ext Root Scanning (ms): Min: 1.2, Avg: 1.2, Max: 1.2, Diff: 0.0, Sum: 4.9]
      [Update RS (ms): Min: 17.1, Avg: 17.2, Max: 17.2, Diff: 0.0, Sum: 68.6]
         [Processed Buffers: Min: 145, Avg: 163.8, Max: 193, Diff: 48, Sum: 655]
      [Scan RS (ms): Min: 0.8, Avg: 0.8, Max: 0.8, Diff: 0.1, Sum: 3.2]
      [Object Copy (ms): Min: 90.3, Avg: 90.3, Max: 90.3, Diff: 0.0, Sum: 361.2]
      [Termination (ms): Min: 0.0, Avg: 0.0, Max: 0.0, Diff: 0.0, Sum: 0.0]
      [GC Worker Other (ms): Min: 0.0, Avg: 0.0, Max: 0.0, Diff: 0.0, Sum: 0.1]
      [GC Worker Total (ms): Min: 109.5, Avg: 109.5, Max: 109.5, Diff: 0.0, Sum: 437.9]
      [GC Worker End (ms): Min: 346233.0, Avg: 346233.0, Max: 346233.0, Diff: 0.0]
   [Code Root Fixup: 0.0 ms]
   [Clear CT: 0.2 ms]
   [Other: 1.4 ms]
      [Choose CSet: 0.0 ms]
      [Ref Proc: 0.1 ms]
      [Ref Enq: 0.0 ms]
      [Free CSet: 0.2 ms]
   [Eden: 213.0M(213.0M)->0.0B(265.0M) Survivors: 31.0M->31.0M Heap: 956.5M(2048.0M)->830.5M(2048.0M)]
 [Times: user=0.44 sys=0.00, real=0.11 secs] 
346.484: [GC pause (young), 0.1910684 secs]
   [Parallel Time: 189.1 ms, GC Workers: 4]
      [GC Worker Start (ms): Min: 346484.8, Avg: 346484.8, Max: 346484.8, Diff: 0.0]
      [Ext Root Scanning (ms): Min: 1.3, Avg: 1.3, Max: 1.3, Diff: 0.1, Sum: 5.2]
      [Update RS (ms): Min: 19.4, Avg: 19.5, Max: 19.5, Diff: 0.0, Sum: 77.9]
         [Processed Buffers: Min: 127, Avg: 130.8, Max: 135, Diff: 8, Sum: 523]
      [Scan RS (ms): Min: 0.2, Avg: 0.2, Max: 0.2, Diff: 0.0, Sum: 0.9]
      [Object Copy (ms): Min: 168.0, Avg: 168.0, Max: 168.0, Diff: 0.0, Sum: 672.0]
      [Termination (ms): Min: 0.0, Avg: 0.0, Max: 0.0, Diff: 0.0, Sum: 0.0]
      [GC Worker Other (ms): Min: 0.0, Avg: 0.0, Max: 0.0, Diff: 0.0, Sum: 0.1]
      [GC Worker Total (ms): Min: 189.0, Avg: 189.0, Max: 189.0, Diff: 0.0, Sum: 756.1]
      [GC Worker End (ms): Min: 346673.8, Avg: 346673.8, Max: 346673.8, Diff: 0.0]
   [Code Root Fixup: 0.0 ms]
   [Clear CT: 0.2 ms]
   [Other: 1.8 ms]
      [Choose CSet: 0.0 ms]
      [Ref Proc: 0.0 ms]
      [Ref Enq: 0.0 ms]
      [Free CSet: 0.3 ms]
   [Eden: 265.0M(265.0M)->0.0B(225.0M) Survivors: 31.0M->37.0M Heap: 1095.5M(2048.0M)->1008.5M(2048.0M)]
 [Times: user=0.72 sys=0.00, real=0.19 secs] 
346.945: [GC pause (young) (initial-mark), 0.1554711 secs]
   [Parallel Time: 153.3 ms, GC Workers: 4]
      [GC Worker Start (ms): Min: 346945.2, Avg: 346945.2, Max: 346945.2, Diff: 0.0]
      [Ext Root Scanning (ms): Min: 1.2, Avg: 1.2, Max: 1.3, Diff: 0.1, Sum: 4.8]
      [Update RS (ms): Min: 28.4, Avg: 28.4, Max: 28.5, Diff: 0.1, Sum: 113.6]
         [Processed Buffers: Min: 193, Avg: 235.0, Max: 256, Diff: 63, Sum: 940]
      [Scan RS (ms): Min: 0.4, Avg: 0.5, Max: 0.5, Diff: 0.1, Sum: 2.0]
      [Object Copy (ms): Min: 123.1, Avg: 123.2, Max: 123.2, Diff: 0.1, Sum: 492.7]
      [Termination (ms): Min: 0.0, Avg: 0.0, Max: 0.0, Diff: 0.0, Sum: 0.0]
      [GC Worker Other (ms): Min: 0.0, Avg: 0.0, Max: 0.0, Diff: 0.0, Sum: 0.1]
      [GC Worker Total (ms): Min: 153.3, Avg: 153.3, Max: 153.3, Diff: 0.0, Sum: 613.1]
      [GC Worker End (ms): Min: 347098.5, Avg: 347098.5, Max: 347098.5, Diff: 0.0]
   [Code Root Fixup: 0.0 ms]
   [Clear CT: 0.1 ms]
   [Other: 2.1 ms]
      [Choose CSet: 0.0 ms]
      [Ref Proc: 0.2 ms]
      [Ref Enq: 0.0 ms]
      [Free CSet: 0.2 ms]
   [Eden: 225.0M(225.0M)->0.0B(253.0M) Survivors: 37.0M->33.0M Heap: 1233.5M(2048.0M)->1116.5M(2048.0M)]
 [Times: user=0.61 sys=0.00, real=0.16 secs] 
347.100: [GC concurrent-root-region-scan-start]
347.168: [GC concurrent-root-region-scan-end, 0.0679079 secs]
347.168: [GC concurrent-mark-start]
347.321: [GC pause (young), 0.0889878 secs]
   [Parallel Time: 86.5 ms, GC Workers: 4]
      [GC Worker Start (ms): Min: 347321.7, Avg: 347323.9, Max: 347330.2, Diff: 8.5]
      [Ext Root Scanning (ms): Min: 0.1, Avg: 1.2, Max: 1.7, Diff: 1.6, Sum: 4.9]
      [SATB Filtering (ms): Min: 0.0, Avg: 0.4, Max: 1.5, Diff: 1.5, Sum: 1.5]
      [Update RS (ms): Min: 20.5, Avg: 21.2, Max: 21.9, Diff: 1.4, Sum: 84.9]
         [Processed Buffers: Min: 155, Avg: 192.0, Max: 227, Diff: 72, Sum: 768]
      [Scan RS (ms): Min: 0.0, Avg: 0.3, Max: 0.5, Diff: 0.5, Sum: 1.3]
      [Object Copy (ms): Min: 54.4, Avg: 54.9, Max: 56.6, Diff: 2.2, Sum: 219.8]
      [Termination (ms): Min: 0.0, Avg: 5.6, Max: 7.7, Diff: 7.7, Sum: 22.4]
      [GC Worker Other (ms): Min: 0.0, Avg: 0.0, Max: 0.0, Diff: 0.0, Sum: 0.0]
      [GC Worker Total (ms): Min: 77.3, Avg: 83.7, Max: 86.2, Diff: 8.9, Sum: 334.9]
      [GC Worker End (ms): Min: 347407.5, Avg: 347407.6, Max: 347407.9, Diff: 0.4]
   [Code Root Fixup: 0.0 ms]
   [Clear CT: 0.6 ms]
   [Other: 1.9 ms]
      [Choose CSet: 0.0 ms]
      [Ref Proc: 0.6 ms]
      [Ref Enq: 0.0 ms]
      [Free CSet: 0.2 ms]
   [Eden: 253.0M(253.0M)->0.0B(340.0M) Survivors: 33.0M->34.0M Heap: 1369.5M(2048.0M)->1151.5M(2048.0M)]
 [Times: user=0.28 sys=0.00, real=0.09 secs] 
347.724: [GC pause (young), 0.1548034 secs]
   [Parallel Time: 152.4 ms, GC Workers: 4]
      [GC Worker Start (ms): Min: 347724.5, Avg: 347724.6, Max: 347724.9, Diff: 0.4]
      [Ext Root Scanning (ms): Min: 1.1, Avg: 1.3, Max: 1.5, Diff: 0.4, Sum: 5.3]
      [SATB Filtering (ms): Min: 0.0, Avg: 0.7, Max: 2.7, Diff: 2.7, Sum: 2.7]
      [Update RS (ms): Min: 14.2, Avg: 16.2, Max: 16.9, Diff: 2.7, Sum: 64.9]
         [Processed Buffers: Min: 95, Avg: 103.5, Max: 110, Diff: 15, Sum: 414]
      [Scan RS (ms): Min: 0.1, Avg: 0.1, Max: 0.1, Diff: 0.0, Sum: 0.5]
      [Object Copy (ms): Min: 133.8, Avg: 133.9, Max: 133.9, Diff: 0.1, Sum: 535.5]
      [Termination (ms): Min: 0.0, Avg: 0.0, Max: 0.0, Diff: 0.0, Sum: 0.0]
      [GC Worker Other (ms): Min: 0.0, Avg: 0.0, Max: 0.0, Diff: 0.0, Sum: 0.1]
      [GC Worker Total (ms): Min: 152.0, Avg: 152.3, Max: 152.4, Diff: 0.4, Sum: 609.0]
      [GC Worker End (ms): Min: 347876.9, Avg: 347876.9, Max: 347876.9, Diff: 0.0]
   [Code Root Fixup: 0.0 ms]
   [Clear CT: 0.7 ms]
   [Other: 1.7 ms]
      [Choose CSet: 0.0 ms]
      [Ref Proc: 0.3 ms]
      [Ref Enq: 0.0 ms]
      [Free CSet: 0.3 ms]
   [Eden: 340.0M(340.0M)->0.0B(292.0M) Survivors: 34.0M->47.0M Heap: 1491.5M(2048.0M)->1284.5M(2048.0M)]
 [Times: user=0.61 sys=0.00, real=0.15 secs] 
347.963: [GC concurrent-mark-end, 0.7942029 secs]
347.963: [GC remark 347.963: [GC ref-proc, 0.0016912 secs], 0.0034737 secs]
 [Times: user=0.00 sys=0.00, real=0.00 secs] 
347.967: [GC cleanup 1389M->778M(2048M), 0.0016754 secs]
 [Times: user=0.00 sys=0.00, real=0.00 secs] 
347.969: [GC concurrent-cleanup-start]
347.970: [GC concurrent-cleanup-end, 0.0007466 secs]
348.154: [GC pause (young), 0.2084626 secs]
   [Parallel Time: 206.2 ms, GC Workers: 4]
      [GC Worker Start (ms): Min: 348154.2, Avg: 348154.2, Max: 348154.2, Diff: 0.0]
      [Ext Root Scanning (ms): Min: 1.2, Avg: 1.2, Max: 1.2, Diff: 0.0, Sum: 4.9]
      [Update RS (ms): Min: 25.6, Avg: 25.7, Max: 25.7, Diff: 0.0, Sum: 102.6]
         [Processed Buffers: Min: 177, Avg: 181.0, Max: 188, Diff: 11, Sum: 724]
      [Scan RS (ms): Min: 0.2, Avg: 0.2, Max: 0.3, Diff: 0.1, Sum: 0.8]
      [Object Copy (ms): Min: 178.9, Avg: 179.0, Max: 179.0, Diff: 0.1, Sum: 715.9]
      [Termination (ms): Min: 0.0, Avg: 0.0, Max: 0.0, Diff: 0.0, Sum: 0.0]
      [GC Worker Other (ms): Min: 0.0, Avg: 0.0, Max: 0.1, Diff: 0.1, Sum: 0.1]
      [GC Worker Total (ms): Min: 206.1, Avg: 206.1, Max: 206.1, Diff: 0.0, Sum: 824.4]
      [GC Worker End (ms): Min: 348360.3, Avg: 348360.3, Max: 348360.4, Diff: 0.1]
   [Code Root Fixup: 0.0 ms]
   [Clear CT: 0.3 ms]
   [Other: 2.1 ms]
      [Choose CSet: 0.0 ms]
      [Ref Proc: 0.2 ms]
      [Ref Enq: 0.0 ms]
      [Free CSet: 0.2 ms]
   [Eden: 292.0M(292.0M)->0.0B(59.0M) Survivors: 47.0M->43.0M Heap: 965.5M(2048.0M)->838.5M(2048.0M)]
 [Times: user=0.73 sys=0.00, real=0.21 secs] 
348.511: [GC pause (mixed), 0.0805744 secs]
   [Parallel Time: 79.1 ms, GC Workers: 4]
      [GC Worker Start (ms): Min: 348511.3, Avg: 348511.3, Max: 348511.3, Diff: 0.0]
      [Ext Root Scanning (ms): Min: 1.3, Avg: 1.3, Max: 1.3, Diff: 0.0, Sum: 5.3]
      [Update RS (ms): Min: 21.9, Avg: 21.9, Max: 21.9, Diff: 0.0, Sum: 87.7]
         [Processed Buffers: Min: 171, Avg: 201.5, Max: 224, Diff: 53, Sum: 806]
      [Scan RS (ms): Min: 1.3, Avg: 1.3, Max: 1.3, Diff: 0.1, Sum: 5.2]
      [Object Copy (ms): Min: 54.4, Avg: 54.5, Max: 54.5, Diff: 0.1, Sum: 217.9]
      [Termination (ms): Min: 0.0, Avg: 0.0, Max: 0.0, Diff: 0.0, Sum: 0.0]
      [GC Worker Other (ms): Min: 0.0, Avg: 0.0, Max: 0.0, Diff: 0.0, Sum: 0.1]
      [GC Worker Total (ms): Min: 79.0, Avg: 79.0, Max: 79.0, Diff: 0.0, Sum: 316.2]
      [GC Worker End (ms): Min: 348590.4, Avg: 348590.4, Max: 348590.4, Diff: 0.0]
   [Code Root Fixup: 0.0 ms]
   [Clear CT: 0.1 ms]
   [Other: 1.4 ms]
      [Choose CSet: 0.0 ms]
      [Ref Proc: 0.0 ms]
      [Ref Enq: 0.0 ms]
      [Free CSet: 0.3 ms]
   [Eden: 59.0M(59.0M)->0.0B(327.0M) Survivors: 43.0M->13.0M Heap: 897.5M(2048.0M)->816.5M(2048.0M)]
 [Times: user=0.31 sys=0.00, real=0.08 secs] 
348.926: [GC pause (young), 0.2039443 secs]
   [Parallel Time: 201.9 ms, GC Workers: 4]
      [GC Worker Start (ms): Min: 348926.1, Avg: 348926.1, Max: 348926.1, Diff: 0.0]
      [Ext Root Scanning (ms): Min: 1.2, Avg: 1.2, Max: 1.2, Diff: 0.0, Sum: 4.8]
      [Update RS (ms): Min: 18.4, Avg: 18.5, Max: 18.5, Diff: 0.1, Sum: 73.8]
         [Processed Buffers: Min: 118, Avg: 130.3, Max: 140, Diff: 22, Sum: 521]
      [Scan RS (ms): Min: 0.1, Avg: 0.2, Max: 0.2, Diff: 0.1, Sum: 0.7]
      [Object Copy (ms): Min: 182.0, Avg: 182.0, Max: 182.0, Diff: 0.0, Sum: 728.0]
      [Termination (ms): Min: 0.0, Avg: 0.0, Max: 0.0, Diff: 0.0, Sum: 0.0]
      [GC Worker Other (ms): Min: 0.0, Avg: 0.0, Max: 0.0, Diff: 0.0, Sum: 0.1]
      [GC Worker Total (ms): Min: 201.9, Avg: 201.9, Max: 201.9, Diff: 0.0, Sum: 807.5]
      [GC Worker End (ms): Min: 349128.0, Avg: 349128.0, Max: 349128.0, Diff: 0.0]
   [Code Root Fixup: 0.0 ms]
   [Clear CT: 0.4 ms]
   [Other: 1.7 ms]
      [Choose CSet: 0.0 ms]
      [Ref Proc: 0.0 ms]
      [Ref Enq: 0.0 ms]
      [Free CSet: 0.2 ms]
   [Eden: 327.0M(327.0M)->0.0B(207.0M) Survivors: 13.0M->43.0M Heap: 1143.5M(2048.0M)->1025.5M(2048.0M)]
 [Times: user=0.78 sys=0.00, real=0.20 secs] 
349.291: [GC pause (young) (initial-mark), 0.0854285 secs]
   [Parallel Time: 83.7 ms, GC Workers: 4]
      [GC Worker Start (ms): Min: 349291.1, Avg: 349291.2, Max: 349291.2, Diff: 0.0]
      [Ext Root Scanning (ms): Min: 1.2, Avg: 1.2, Max: 1.3, Diff: 0.1, Sum: 4.9]
      [Update RS (ms): Min: 21.3, Avg: 21.3, Max: 21.4, Diff: 0.1, Sum: 85.3]
         [Processed Buffers: Min: 159, Avg: 177.0, Max: 188, Diff: 29, Sum: 708]
      [Scan RS (ms): Min: 7.9, Avg: 8.0, Max: 8.0, Diff: 0.1, Sum: 31.9]
      [Object Copy (ms): Min: 53.1, Avg: 53.1, Max: 53.2, Diff: 0.1, Sum: 212.6]
      [Termination (ms): Min: 0.0, Avg: 0.0, Max: 0.0, Diff: 0.0, Sum: 0.0]
      [GC Worker Other (ms): Min: 0.0, Avg: 0.0, Max: 0.0, Diff: 0.0, Sum: 0.1]
      [GC Worker Total (ms): Min: 83.7, Avg: 83.7, Max: 83.7, Diff: 0.0, Sum: 334.7]
      [GC Worker End (ms): Min: 349374.8, Avg: 349374.8, Max: 349374.8, Diff: 0.0]
   [Code Root Fixup: 0.0 ms]
   [Clear CT: 0.2 ms]
   [Other: 1.6 ms]
      [Choose CSet: 0.0 ms]
      [Ref Proc: 0.0 ms]
      [Ref Enq: 0.0 ms]
      [Free CSet: 0.2 ms]
   [Eden: 207.0M(207.0M)->0.0B(269.0M) Survivors: 43.0M->20.0M Heap: 1232.5M(2048.0M)->1046.0M(2048.0M)]
 [Times: user=0.31 sys=0.00, real=0.09 secs] 
349.376: [GC concurrent-root-region-scan-start]
349.396: [GC concurrent-root-region-scan-end, 0.0194205 secs]
349.396: [GC concurrent-mark-start]
349.663: [GC pause (young), 0.0677312 secs]
   [Parallel Time: 66.1 ms, GC Workers: 4]
      [GC Worker Start (ms): Min: 349663.6, Avg: 349663.6, Max: 349663.6, Diff: 0.0]
      [Ext Root Scanning (ms): Min: 1.2, Avg: 1.2, Max: 1.3, Diff: 0.0, Sum: 5.0]
      [SATB Filtering (ms): Min: 0.0, Avg: 0.6, Max: 2.3, Diff: 2.3, Sum: 2.3]
      [Update RS (ms): Min: 11.0, Avg: 12.8, Max: 13.4, Diff: 2.4, Sum: 51.0]
         [Processed Buffers: Min: 138, Avg: 160.8, Max: 186, Diff: 48, Sum: 643]
      [Scan RS (ms): Min: 0.2, Avg: 0.2, Max: 0.3, Diff: 0.1, Sum: 0.9]
      [Object Copy (ms): Min: 48.7, Avg: 48.7, Max: 48.7, Diff: 0.0, Sum: 194.7]
      [Termination (ms): Min: 0.0, Avg: 0.0, Max: 0.0, Diff: 0.0, Sum: 0.0]
      [GC Worker Other (ms): Min: 0.0, Avg: 0.2, Max: 0.5, Diff: 0.5, Sum: 0.8]
      [GC Worker Total (ms): Min: 63.5, Avg: 63.7, Max: 64.0, Diff: 0.5, Sum: 254.7]
      [GC Worker End (ms): Min: 349727.1, Avg: 349727.3, Max: 349727.6, Diff: 0.5]
   [Code Root Fixup: 0.0 ms]
   [Clear CT: 0.2 ms]
   [Other: 1.4 ms]
      [Choose CSet: 0.0 ms]
      [Ref Proc: 0.6 ms]
      [Ref Enq: 0.0 ms]
      [Free CSet: 0.2 ms]
   [Eden: 269.0M(269.0M)->0.0B(333.0M) Survivors: 20.0M->37.0M Heap: 1315.0M(2048.0M)->1090.5M(2048.0M)]
 [Times: user=0.25 sys=0.00, real=0.07 secs] 
349.874: [GC concurrent-mark-end, 0.4780070 secs]
349.874: [GC remark 349.875: [GC ref-proc, 0.0016216 secs], 0.0040699 secs]
 [Times: user=0.00 sys=0.00, real=0.01 secs] 
349.879: [GC cleanup 1250M->576M(2048M), 0.0017752 secs]
 [Times: user=0.00 sys=0.00, real=0.00 secs] 
349.881: [GC concurrent-cleanup-start]
349.882: [GC concurrent-cleanup-end, 0.0008582 secs]
350.064: [GC pause (young), 0.2488339 secs]
   [Parallel Time: 246.8 ms, GC Workers: 4]
      [GC Worker Start (ms): Min: 350064.5, Avg: 350064.5, Max: 350064.5, Diff: 0.0]
      [Ext Root Scanning (ms): Min: 1.2, Avg: 1.2, Max: 1.3, Diff: 0.1, Sum: 4.9]
      [Update RS (ms): Min: 10.2, Avg: 10.2, Max: 10.3, Diff: 0.1, Sum: 40.9]
         [Processed Buffers: Min: 52, Avg: 53.8, Max: 55, Diff: 3, Sum: 215]
      [Scan RS (ms): Min: 0.0, Avg: 0.1, Max: 0.2, Diff: 0.1, Sum: 0.3]
      [Object Copy (ms): Min: 233.9, Avg: 234.1, Max: 234.6, Diff: 0.8, Sum: 936.3]
      [Termination (ms): Min: 0.0, Avg: 0.7, Max: 1.3, Diff: 1.3, Sum: 2.9]
      [GC Worker Other (ms): Min: 0.0, Avg: 0.0, Max: 0.0, Diff: 0.0, Sum: 0.1]
      [GC Worker Total (ms): Min: 246.2, Avg: 246.3, Max: 246.7, Diff: 0.5, Sum: 985.3]
      [GC Worker End (ms): Min: 350310.7, Avg: 350310.8, Max: 350311.2, Diff: 0.6]
   [Code Root Fixup: 0.0 ms]
   [Clear CT: 0.1 ms]
   [Other: 2.0 ms]
      [Choose CSet: 0.0 ms]
      [Ref Proc: 0.0 ms]
      [Ref Enq: 0.0 ms]
      [Free CSet: 0.3 ms]
   [Eden: 333.0M(333.0M)->0.0B(231.0M) Survivors: 37.0M->47.0M Heap: 749.5M(2048.0M)->666.0M(2048.0M)]
 [Times: user=0.98 sys=0.00, real=0.25 secs] 
350.648: [GC pause (young), 0.1731937 secs]
   [Parallel Time: 170.4 ms, GC Workers: 4]
      [GC Worker Start (ms): Min: 350648.2, Avg: 350648.2, Max: 350648.2, Diff: 0.0]
      [Ext Root Scanning (ms): Min: 1.2, Avg: 1.2, Max: 1.3, Diff: 0.0, Sum: 5.0]
      [Update RS (ms): Min: 17.6, Avg: 17.7, Max: 17.7, Diff: 0.0, Sum: 70.6]
         [Processed Buffers: Min: 169, Avg: 202.3, Max: 230, Diff: 61, Sum: 809]
      [Scan RS (ms): Min: 15.4, Avg: 15.4, Max: 15.5, Diff: 0.1, Sum: 61.7]
      [Object Copy (ms): Min: 136.0, Avg: 136.0, Max: 136.1, Diff: 0.1, Sum: 544.2]
      [Termination (ms): Min: 0.0, Avg: 0.0, Max: 0.0, Diff: 0.0, Sum: 0.0]
      [GC Worker Other (ms): Min: 0.0, Avg: 0.0, Max: 0.0, Diff: 0.0, Sum: 0.1]
      [GC Worker Total (ms): Min: 170.4, Avg: 170.4, Max: 170.4, Diff: 0.0, Sum: 681.5]
      [GC Worker End (ms): Min: 350818.6, Avg: 350818.6, Max: 350818.6, Diff: 0.0]
   [Code Root Fixup: 0.0 ms]
   [Clear CT: 0.2 ms]
   [Other: 2.6 ms]
      [Choose CSet: 0.0 ms]
      [Ref Proc: 0.3 ms]
      [Ref Enq: 0.0 ms]
      [Free CSet: 0.2 ms]
   [Eden: 191.0M(55.0M)->0.0B(256.0M) Survivors: 47.0M->13.0M Heap: 857.0M(2048.0M)->782.0M(2048.0M)]
 [Times: user=0.67 sys=0.00, real=0.17 secs] 
351.050: [GC pause (young), 0.0634265 secs]
   [Parallel Time: 61.9 ms, GC Workers: 4]
      [GC Worker Start (ms): Min: 351050.5, Avg: 351051.9, Max: 351055.9, Diff: 5.4]
      [Ext Root Scanning (ms): Min: 0.1, Avg: 1.2, Max: 1.7, Diff: 1.6, Sum: 4.9]
      [Update RS (ms): Min: 16.3, Avg: 20.2, Max: 23.9, Diff: 7.6, Sum: 81.0]
         [Processed Buffers: Min: 175, Avg: 209.8, Max: 240, Diff: 65, Sum: 839]
      [Scan RS (ms): Min: 0.0, Avg: 0.1, Max: 0.2, Diff: 0.2, Sum: 0.5]
      [Object Copy (ms): Min: 36.2, Avg: 38.9, Max: 40.0, Diff: 3.7, Sum: 155.8]
      [Termination (ms): Min: 0.0, Avg: 0.0, Max: 0.0, Diff: 0.0, Sum: 0.0]
      [GC Worker Other (ms): Min: 0.0, Avg: 0.0, Max: 0.0, Diff: 0.0, Sum: 0.1]
      [GC Worker Total (ms): Min: 56.5, Avg: 60.5, Max: 61.9, Diff: 5.4, Sum: 242.2]
      [GC Worker End (ms): Min: 351112.4, Avg: 351112.4, Max: 351112.4, Diff: 0.0]
   [Code Root Fixup: 0.0 ms]
   [Clear CT: 0.3 ms]
   [Other: 1.2 ms]
      [Choose CSet: 0.0 ms]
      [Ref Proc: 0.1 ms]
      [Ref Enq: 0.0 ms]
      [Free CSet: 0.2 ms]
   [Eden: 256.0M(256.0M)->0.0B(289.0M) Survivors: 13.0M->34.0M Heap: 1038.0M(2048.0M)->820.5M(2048.0M)]
 [Times: user=0.25 sys=0.00, real=0.06 secs] 
351.412: [GC pause (young), 0.2538942 secs]
   [Parallel Time: 250.7 ms, GC Workers: 4]
      [GC Worker Start (ms): Min: 351411.9, Avg: 351411.9, Max: 351411.9, Diff: 0.0]
      [Ext Root Scanning (ms): Min: 1.2, Avg: 1.2, Max: 1.3, Diff: 0.1, Sum: 5.0]
      [Update RS (ms): Min: 14.7, Avg: 14.7, Max: 14.8, Diff: 0.1, Sum: 59.0]
         [Processed Buffers: Min: 90, Avg: 95.3, Max: 98, Diff: 8, Sum: 381]
      [Scan RS (ms): Min: 0.0, Avg: 0.1, Max: 0.1, Diff: 0.1, Sum: 0.4]
      [Object Copy (ms): Min: 234.6, Avg: 234.6, Max: 234.6, Diff: 0.1, Sum: 938.4]
      [Termination (ms): Min: 0.0, Avg: 0.0, Max: 0.0, Diff: 0.0, Sum: 0.0]
      [GC Worker Other (ms): Min: 0.0, Avg: 0.0, Max: 0.0, Diff: 0.0, Sum: 0.1]
      [GC Worker Total (ms): Min: 250.7, Avg: 250.7, Max: 250.7, Diff: 0.0, Sum: 1002.9]
      [GC Worker End (ms): Min: 351662.7, Avg: 351662.7, Max: 351662.7, Diff: 0.0]
   [Code Root Fixup: 0.0 ms]
   [Clear CT: 0.2 ms]
   [Other: 3.0 ms]
      [Choose CSet: 0.0 ms]
      [Ref Proc: 1.0 ms]
      [Ref Enq: 0.0 ms]
      [Free CSet: 0.2 ms]
   [Eden: 289.0M(289.0M)->0.0B(199.0M) Survivors: 34.0M->41.0M Heap: 1109.5M(2048.0M)->1072.0M(2048.0M)]
 [Times: user=0.95 sys=0.00, real=0.25 secs] 
351.957: [GC pause (young) (initial-mark), 0.1010706 secs]
   [Parallel Time: 99.2 ms, GC Workers: 4]
      [GC Worker Start (ms): Min: 351957.1, Avg: 351957.1, Max: 351957.1, Diff: 0.0]
      [Ext Root Scanning (ms): Min: 1.1, Avg: 1.2, Max: 1.3, Diff: 0.1, Sum: 4.9]
      [Update RS (ms): Min: 18.9, Avg: 19.0, Max: 19.1, Diff: 0.2, Sum: 76.0]
         [Processed Buffers: Min: 142, Avg: 235.8, Max: 488, Diff: 346, Sum: 943]
      [Scan RS (ms): Min: 18.0, Avg: 18.1, Max: 18.2, Diff: 0.2, Sum: 72.6]
      [Object Copy (ms): Min: 59.6, Avg: 59.9, Max: 60.7, Diff: 1.1, Sum: 239.6]
      [Termination (ms): Min: 0.0, Avg: 0.8, Max: 1.1, Diff: 1.1, Sum: 3.4]
      [GC Worker Other (ms): Min: 0.0, Avg: 0.0, Max: 0.0, Diff: 0.0, Sum: 0.1]
      [GC Worker Total (ms): Min: 99.1, Avg: 99.1, Max: 99.1, Diff: 0.0, Sum: 396.6]
      [GC Worker End (ms): Min: 352056.2, Avg: 352056.2, Max: 352056.2, Diff: 0.0]
   [Code Root Fixup: 0.0 ms]
   [Clear CT: 0.1 ms]
   [Other: 1.8 ms]
      [Choose CSet: 0.0 ms]
      [Ref Proc: 0.0 ms]
      [Ref Enq: 0.0 ms]
      [Free CSet: 0.2 ms]
   [Eden: 199.0M(199.0M)->0.0B(154.0M) Survivors: 41.0M->23.0M Heap: 1271.0M(2048.0M)->1096.0M(2048.0M)]
 [Times: user=0.36 sys=0.00, real=0.10 secs] 
352.058: [GC concurrent-root-region-scan-start]
352.089: [GC concurrent-root-region-scan-end, 0.0315088 secs]
352.089: [GC concurrent-mark-start]
352.207: [GC pause (young), 0.0504925 secs]
   [Parallel Time: 49.8 ms, GC Workers: 4]
      [GC Worker Start (ms): Min: 352206.7, Avg: 352208.4, Max: 352212.3, Diff: 5.6]
      [Ext Root Scanning (ms): Min: 0.2, Avg: 1.7, Max: 2.5, Diff: 2.4, Sum: 6.6]
      [SATB Filtering (ms): Min: 0.0, Avg: 0.1, Max: 0.2, Diff: 0.2, Sum: 0.2]
      [Update RS (ms): Min: 16.3, Avg: 18.5, Max: 19.3, Diff: 3.0, Sum: 74.0]
         [Processed Buffers: Min: 99, Avg: 121.0, Max: 134, Diff: 35, Sum: 484]
      [Scan RS (ms): Min: 0.2, Avg: 0.2, Max: 0.2, Diff: 0.0, Sum: 0.8]
      [Object Copy (ms): Min: 27.5, Avg: 27.7, Max: 27.8, Diff: 0.3, Sum: 110.6]
      [Termination (ms): Min: 0.0, Avg: 0.0, Max: 0.0, Diff: 0.0, Sum: 0.0]
      [GC Worker Other (ms): Min: 0.0, Avg: 0.0, Max: 0.0, Diff: 0.0, Sum: 0.1]
      [GC Worker Total (ms): Min: 44.1, Avg: 48.1, Max: 49.7, Diff: 5.6, Sum: 192.3]
      [GC Worker End (ms): Min: 352256.5, Avg: 352256.5, Max: 352256.5, Diff: 0.0]
   [Code Root Fixup: 0.0 ms]
   [Clear CT: 0.1 ms]
   [Other: 0.6 ms]
      [Choose CSet: 0.0 ms]
      [Ref Proc: 0.0 ms]
      [Ref Enq: 0.0 ms]
      [Free CSet: 0.2 ms]
   [Eden: 154.0M(154.0M)->0.0B(291.0M) Survivors: 23.0M->11.0M Heap: 1250.0M(2048.0M)->1107.5M(2048.0M)]
 [Times: user=0.17 sys=0.00, real=0.05 secs] 
352.509: [GC pause (young), 0.1387472 secs]
   [Parallel Time: 136.8 ms, GC Workers: 4]
      [GC Worker Start (ms): Min: 352509.6, Avg: 352510.1, Max: 352511.6, Diff: 1.9]
      [Ext Root Scanning (ms): Min: 0.1, Avg: 1.3, Max: 1.8, Diff: 1.7, Sum: 5.1]
      [SATB Filtering (ms): Min: 0.0, Avg: 0.7, Max: 2.9, Diff: 2.9, Sum: 2.9]
      [Update RS (ms): Min: 7.3, Avg: 9.2, Max: 9.9, Diff: 2.6, Sum: 36.8]
         [Processed Buffers: Min: 38, Avg: 47.0, Max: 51, Diff: 13, Sum: 188]
      [Scan RS (ms): Min: 0.0, Avg: 0.1, Max: 0.1, Diff: 0.1, Sum: 0.3]
      [Object Copy (ms): Min: 124.9, Avg: 125.0, Max: 125.1, Diff: 0.2, Sum: 500.2]
      [Termination (ms): Min: 0.0, Avg: 0.0, Max: 0.0, Diff: 0.0, Sum: 0.0]
      [GC Worker Other (ms): Min: 0.0, Avg: 0.0, Max: 0.0, Diff: 0.0, Sum: 0.1]
      [GC Worker Total (ms): Min: 134.9, Avg: 136.3, Max: 136.8, Diff: 1.9, Sum: 545.3]
      [GC Worker End (ms): Min: 352646.5, Avg: 352646.5, Max: 352646.5, Diff: 0.0]
   [Code Root Fixup: 0.0 ms]
   [Clear CT: 0.3 ms]
   [Other: 1.6 ms]
      [Choose CSet: 0.0 ms]
      [Ref Proc: 0.0 ms]
      [Ref Enq: 0.0 ms]
      [Free CSet: 0.4 ms]
   [Eden: 291.0M(291.0M)->0.0B(251.0M) Survivors: 11.0M->38.0M Heap: 1398.5M(2048.0M)->1255.0M(2048.0M)]
 [Times: user=0.55 sys=0.00, real=0.14 secs] 
352.710: [GC concurrent-mark-end, 0.6210351 secs]
352.711: [GC remark 352.713: [GC ref-proc, 0.0017588 secs], 0.0043397 secs]
 [Times: user=0.00 sys=0.00, real=0.00 secs] 
352.716: [GC cleanup 1259M->562M(2048M), 0.0019298 secs]
 [Times: user=0.05 sys=0.00, real=0.00 secs] 
352.719: [GC concurrent-cleanup-start]
352.719: [GC concurrent-cleanup-end, 0.0008159 secs]
352.935: [GC pause (young), 0.1989543 secs]
   [Parallel Time: 197.0 ms, GC Workers: 4]
      [GC Worker Start (ms): Min: 352935.8, Avg: 352935.8, Max: 352935.8, Diff: 0.0]
      [Ext Root Scanning (ms): Min: 1.2, Avg: 1.3, Max: 1.3, Diff: 0.0, Sum: 5.0]
      [Update RS (ms): Min: 38.1, Avg: 38.3, Max: 38.8, Diff: 0.6, Sum: 153.1]
         [Processed Buffers: Min: 199, Avg: 232.0, Max: 253, Diff: 54, Sum: 928]
      [Scan RS (ms): Min: 0.0, Avg: 0.7, Max: 2.1, Diff: 2.0, Sum: 2.9]
      [Object Copy (ms): Min: 155.5, Avg: 156.7, Max: 157.1, Diff: 1.7, Sum: 626.7]
      [Termination (ms): Min: 0.0, Avg: 0.0, Max: 0.0, Diff: 0.0, Sum: 0.0]
      [GC Worker Other (ms): Min: 0.0, Avg: 0.0, Max: 0.0, Diff: 0.0, Sum: 0.1]
      [GC Worker Total (ms): Min: 197.0, Avg: 197.0, Max: 197.0, Diff: 0.0, Sum: 787.8]
      [GC Worker End (ms): Min: 353132.7, Avg: 353132.7, Max: 353132.7, Diff: 0.0]
   [Code Root Fixup: 0.0 ms]
   [Clear CT: 0.1 ms]
   [Other: 1.9 ms]
      [Choose CSet: 0.0 ms]
      [Ref Proc: 0.0 ms]
      [Ref Enq: 0.0 ms]
      [Free CSet: 0.3 ms]
   [Eden: 251.0M(251.0M)->0.0B(65.0M) Survivors: 38.0M->37.0M Heap: 809.0M(2048.0M)->706.0M(2048.0M)]
 [Times: user=0.75 sys=0.00, real=0.20 secs] 
353.257: [GC pause (mixed), 0.0682687 secs]
   [Parallel Time: 67.1 ms, GC Workers: 4]
      [GC Worker Start (ms): Min: 353256.9, Avg: 353256.9, Max: 353256.9, Diff: 0.0]
      [Ext Root Scanning (ms): Min: 1.2, Avg: 1.3, Max: 1.4, Diff: 0.1, Sum: 5.3]
      [Update RS (ms): Min: 27.0, Avg: 27.0, Max: 27.1, Diff: 0.0, Sum: 108.2]
         [Processed Buffers: Min: 151, Avg: 165.3, Max: 174, Diff: 23, Sum: 661]
      [Scan RS (ms): Min: 1.3, Avg: 1.3, Max: 1.4, Diff: 0.2, Sum: 5.2]
      [Object Copy (ms): Min: 37.2, Avg: 37.4, Max: 37.5, Diff: 0.3, Sum: 149.5]
      [Termination (ms): Min: 0.0, Avg: 0.0, Max: 0.0, Diff: 0.0, Sum: 0.0]
      [GC Worker Other (ms): Min: 0.0, Avg: 0.0, Max: 0.0, Diff: 0.0, Sum: 0.1]
      [GC Worker Total (ms): Min: 67.0, Avg: 67.1, Max: 67.1, Diff: 0.0, Sum: 268.3]
      [GC Worker End (ms): Min: 353324.0, Avg: 353324.0, Max: 353324.0, Diff: 0.0]
   [Code Root Fixup: 0.0 ms]
   [Clear CT: 0.1 ms]
   [Other: 1.1 ms]
      [Choose CSet: 0.0 ms]
      [Ref Proc: 0.1 ms]
      [Ref Enq: 0.0 ms]
      [Free CSet: 0.1 ms]
   [Eden: 65.0M(65.0M)->0.0B(217.0M) Survivors: 37.0M->7168.0K Heap: 771.0M(2048.0M)->708.5M(2048.0M)]
 [Times: user=0.25 sys=0.00, real=0.07 secs] 
353.531: [GC pause (young), 0.1589419 secs]
   [Parallel Time: 155.6 ms, GC Workers: 4]
      [GC Worker Start (ms): Min: 353531.5, Avg: 353531.5, Max: 353531.5, Diff: 0.0]
      [Ext Root Scanning (ms): Min: 1.2, Avg: 1.2, Max: 1.2, Diff: 0.0, Sum: 4.9]
      [Update RS (ms): Min: 15.7, Avg: 16.1, Max: 16.9, Diff: 1.1, Sum: 64.5]
         [Processed Buffers: Min: 148, Avg: 189.3, Max: 234, Diff: 86, Sum: 757]
      [Scan RS (ms): Min: 0.0, Avg: 0.1, Max: 0.3, Diff: 0.3, Sum: 0.6]
      [Object Copy (ms): Min: 137.5, Avg: 138.1, Max: 138.3, Diff: 0.8, Sum: 552.4]
      [Termination (ms): Min: 0.0, Avg: 0.0, Max: 0.0, Diff: 0.0, Sum: 0.0]
      [GC Worker Other (ms): Min: 0.0, Avg: 0.0, Max: 0.0, Diff: 0.0, Sum: 0.1]
      [GC Worker Total (ms): Min: 155.6, Avg: 155.6, Max: 155.6, Diff: 0.0, Sum: 622.5]
      [GC Worker End (ms): Min: 353687.1, Avg: 353687.1, Max: 353687.1, Diff: 0.0]
   [Code Root Fixup: 0.0 ms]
   [Clear CT: 1.8 ms]
   [Other: 1.5 ms]
      [Choose CSet: 0.0 ms]
      [Ref Proc: 0.0 ms]
      [Ref Enq: 0.0 ms]
      [Free CSet: 0.2 ms]
   [Eden: 217.0M(217.0M)->0.0B(201.0M) Survivors: 7168.0K->28.0M Heap: 925.5M(2048.0M)->874.0M(2048.0M)]
 [Times: user=0.62 sys=0.00, real=0.16 secs] 
353.919: [GC pause (young), 0.1842724 secs]
   [Parallel Time: 167.9 ms, GC Workers: 4]
      [GC Worker Start (ms): Min: 353918.9, Avg: 353918.9, Max: 353918.9, Diff: 0.0]
      [Ext Root Scanning (ms): Min: 1.2, Avg: 1.2, Max: 1.2, Diff: 0.0, Sum: 4.9]
      [Update RS (ms): Min: 33.1, Avg: 33.1, Max: 33.1, Diff: 0.0, Sum: 132.3]
         [Processed Buffers: Min: 217, Avg: 234.8, Max: 254, Diff: 37, Sum: 939]
      [Scan RS (ms): Min: 0.1, Avg: 0.1, Max: 0.1, Diff: 0.0, Sum: 0.4]
      [Object Copy (ms): Min: 131.7, Avg: 131.9, Max: 132.4, Diff: 0.6, Sum: 527.6]
      [Termination (ms): Min: 0.0, Avg: 0.7, Max: 1.7, Diff: 1.7, Sum: 2.9]
      [GC Worker Other (ms): Min: 0.0, Avg: 0.0, Max: 0.0, Diff: 0.0, Sum: 0.0]
      [GC Worker Total (ms): Min: 166.8, Avg: 167.1, Max: 167.9, Diff: 1.1, Sum: 668.2]
      [GC Worker End (ms): Min: 354085.6, Avg: 354085.9, Max: 354086.8, Diff: 1.1]
   [Code Root Fixup: 0.0 ms]
   [Clear CT: 0.6 ms]
   [Other: 15.7 ms]
      [Choose CSet: 0.0 ms]
      [Ref Proc: 14.1 ms]
      [Ref Enq: 0.0 ms]
      [Free CSet: 0.2 ms]
   [Eden: 201.0M(201.0M)->0.0B(179.0M) Survivors: 28.0M->29.0M Heap: 1075.0M(2048.0M)->1000.5M(2048.0M)]
 [Times: user=0.62 sys=0.00, real=0.18 secs] 
354.350: [GC pause (young) (initial-mark), 0.1406757 secs]
   [Parallel Time: 138.8 ms, GC Workers: 4]
      [GC Worker Start (ms): Min: 354350.1, Avg: 354350.1, Max: 354350.1, Diff: 0.0]
      [Ext Root Scanning (ms): Min: 1.2, Avg: 1.2, Max: 1.2, Diff: 0.1, Sum: 4.9]
      [Update RS (ms): Min: 17.7, Avg: 17.7, Max: 17.8, Diff: 0.0, Sum: 70.9]
         [Processed Buffers: Min: 171, Avg: 189.3, Max: 207, Diff: 36, Sum: 757]
      [Scan RS (ms): Min: 0.2, Avg: 0.2, Max: 0.2, Diff: 0.0, Sum: 0.8]
      [Object Copy (ms): Min: 119.6, Avg: 119.6, Max: 119.6, Diff: 0.0, Sum: 478.4]
      [Termination (ms): Min: 0.0, Avg: 0.0, Max: 0.0, Diff: 0.0, Sum: 0.0]
      [GC Worker Other (ms): Min: 0.0, Avg: 0.0, Max: 0.0, Diff: 0.0, Sum: 0.1]
      [GC Worker Total (ms): Min: 138.8, Avg: 138.8, Max: 138.8, Diff: 0.0, Sum: 555.1]
      [GC Worker End (ms): Min: 354488.9, Avg: 354488.9, Max: 354488.9, Diff: 0.0]
   [Code Root Fixup: 0.0 ms]
   [Clear CT: 0.1 ms]
   [Other: 1.8 ms]
      [Choose CSet: 0.0 ms]
      [Ref Proc: 0.0 ms]
      [Ref Enq: 0.0 ms]
      [Free CSet: 0.2 ms]
   [Eden: 179.0M(179.0M)->0.0B(211.0M) Survivors: 29.0M->26.0M Heap: 1179.5M(2048.0M)->1119.0M(2048.0M)]
 [Times: user=0.55 sys=0.00, real=0.14 secs] 
354.491: [GC concurrent-root-region-scan-start]
354.518: [GC concurrent-root-region-scan-end, 0.0273208 secs]
354.518: [GC concurrent-mark-start]
354.720: [GC pause (young), 0.0755093 secs]
   [Parallel Time: 73.8 ms, GC Workers: 4]
      [GC Worker Start (ms): Min: 354720.2, Avg: 354720.2, Max: 354720.2, Diff: 0.0]
      [Ext Root Scanning (ms): Min: 1.3, Avg: 1.3, Max: 1.3, Diff: 0.0, Sum: 5.3]
      [SATB Filtering (ms): Min: 0.0, Avg: 0.4, Max: 1.7, Diff: 1.7, Sum: 1.7]
      [Update RS (ms): Min: 22.4, Avg: 23.9, Max: 25.3, Diff: 3.0, Sum: 95.6]
         [Processed Buffers: Min: 187, Avg: 213.5, Max: 239, Diff: 52, Sum: 854]
      [Scan RS (ms): Min: 0.0, Avg: 0.2, Max: 0.3, Diff: 0.3, Sum: 0.8]
      [Object Copy (ms): Min: 47.2, Avg: 48.0, Max: 48.2, Diff: 1.1, Sum: 191.9]
      [Termination (ms): Min: 0.0, Avg: 0.0, Max: 0.0, Diff: 0.0, Sum: 0.0]
      [GC Worker Other (ms): Min: 0.0, Avg: 0.0, Max: 0.0, Diff: 0.0, Sum: 0.1]
      [GC Worker Total (ms): Min: 73.8, Avg: 73.8, Max: 73.8, Diff: 0.0, Sum: 295.2]
      [GC Worker End (ms): Min: 354794.0, Avg: 354794.0, Max: 354794.0, Diff: 0.0]
   [Code Root Fixup: 0.0 ms]
   [Clear CT: 0.1 ms]
   [Other: 1.6 ms]
      [Choose CSet: 0.0 ms]
      [Ref Proc: 0.3 ms]
      [Ref Enq: 0.0 ms]
      [Free CSet: 0.3 ms]
   [Eden: 211.0M(211.0M)->0.0B(279.0M) Survivors: 26.0M->30.0M Heap: 1330.0M(2048.0M)->1152.5M(2048.0M)]
 [Times: user=0.28 sys=0.00, real=0.08 secs] 
355.048: [GC pause (young), 0.1715379 secs]
   [Parallel Time: 170.0 ms, GC Workers: 4]
      [GC Worker Start (ms): Min: 355047.9, Avg: 355048.0, Max: 355048.0, Diff: 0.0]
      [Ext Root Scanning (ms): Min: 1.2, Avg: 1.2, Max: 1.3, Diff: 0.0, Sum: 4.9]
      [SATB Filtering (ms): Min: 0.0, Avg: 0.7, Max: 2.9, Diff: 2.9, Sum: 2.9]
      [Update RS (ms): Min: 13.7, Avg: 15.9, Max: 16.7, Diff: 3.0, Sum: 63.8]
         [Processed Buffers: Min: 90, Avg: 101.8, Max: 107, Diff: 17, Sum: 407]
      [Scan RS (ms): Min: 0.1, Avg: 0.1, Max: 0.1, Diff: 0.0, Sum: 0.4]
      [Object Copy (ms): Min: 152.0, Avg: 152.0, Max: 152.0, Diff: 0.0, Sum: 607.9]
      [Termination (ms): Min: 0.0, Avg: 0.0, Max: 0.0, Diff: 0.0, Sum: 0.0]
      [GC Worker Other (ms): Min: 0.0, Avg: 0.0, Max: 0.0, Diff: 0.0, Sum: 0.1]
      [GC Worker Total (ms): Min: 170.0, Avg: 170.0, Max: 170.0, Diff: 0.0, Sum: 679.9]
      [GC Worker End (ms): Min: 355217.9, Avg: 355217.9, Max: 355217.9, Diff: 0.0]
   [Code Root Fixup: 0.0 ms]
   [Clear CT: 0.1 ms]
   [Other: 1.4 ms]
      [Choose CSet: 0.0 ms]
      [Ref Proc: 0.0 ms]
      [Ref Enq: 0.0 ms]
      [Free CSet: 0.2 ms]
   [Eden: 279.0M(279.0M)->0.0B(235.0M) Survivors: 30.0M->39.0M Heap: 1431.5M(2048.0M)->1304.5M(2048.0M)]
 [Times: user=0.66 sys=0.00, real=0.17 secs] 
355.344: [GC concurrent-mark-end, 0.8263463 secs]
355.347: [GC remark 355.347: [GC ref-proc, 0.0016132 secs], 0.0033788 secs]
 [Times: user=0.00 sys=0.00, real=0.00 secs] 
355.351: [GC cleanup 1403M->805M(2048M), 0.0013717 secs]
 [Times: user=0.00 sys=0.00, real=0.00 secs] 
355.353: [GC concurrent-cleanup-start]
355.353: [GC concurrent-cleanup-end, 0.0007582 secs]
355.488: [GC pause (young), 0.1698076 secs]
   [Parallel Time: 167.9 ms, GC Workers: 4]
      [GC Worker Start (ms): Min: 355488.5, Avg: 355488.5, Max: 355488.5, Diff: 0.0]
      [Ext Root Scanning (ms): Min: 1.2, Avg: 1.2, Max: 1.3, Diff: 0.0, Sum: 5.0]
      [Update RS (ms): Min: 21.6, Avg: 21.7, Max: 21.7, Diff: 0.0, Sum: 86.6]
         [Processed Buffers: Min: 170, Avg: 207.3, Max: 230, Diff: 60, Sum: 829]
      [Scan RS (ms): Min: 4.3, Avg: 4.4, Max: 4.4, Diff: 0.0, Sum: 17.4]
      [Object Copy (ms): Min: 140.5, Avg: 140.6, Max: 140.6, Diff: 0.0, Sum: 562.2]
      [Termination (ms): Min: 0.0, Avg: 0.0, Max: 0.0, Diff: 0.0, Sum: 0.0]
      [GC Worker Other (ms): Min: 0.0, Avg: 0.0, Max: 0.0, Diff: 0.0, Sum: 0.1]
      [GC Worker Total (ms): Min: 167.8, Avg: 167.8, Max: 167.8, Diff: 0.0, Sum: 671.3]
      [GC Worker End (ms): Min: 355656.4, Avg: 355656.4, Max: 355656.4, Diff: 0.0]
   [Code Root Fixup: 0.0 ms]
   [Clear CT: 0.1 ms]
   [Other: 1.9 ms]
      [Choose CSet: 0.0 ms]
      [Ref Proc: 0.0 ms]
      [Ref Enq: 0.0 ms]
      [Free CSet: 0.3 ms]
   [Eden: 235.0M(235.0M)->0.0B(67.0M) Survivors: 39.0M->35.0M Heap: 941.5M(2048.0M)->834.5M(2048.0M)]
 [Times: user=0.61 sys=0.00, real=0.17 secs] 
355.843: [GC pause (mixed), 0.0750035 secs]
   [Parallel Time: 73.5 ms, GC Workers: 4]
      [GC Worker Start (ms): Min: 355843.2, Avg: 355843.2, Max: 355843.2, Diff: 0.0]
      [Ext Root Scanning (ms): Min: 1.2, Avg: 1.2, Max: 1.2, Diff: 0.0, Sum: 4.9]
      [Update RS (ms): Min: 19.9, Avg: 20.2, Max: 20.9, Diff: 0.9, Sum: 80.8]
         [Processed Buffers: Min: 166, Avg: 182.0, Max: 210, Diff: 44, Sum: 728]
      [Scan RS (ms): Min: 0.8, Avg: 1.4, Max: 1.6, Diff: 0.8, Sum: 5.6]
      [Object Copy (ms): Min: 50.6, Avg: 50.6, Max: 50.7, Diff: 0.1, Sum: 202.4]
      [Termination (ms): Min: 0.0, Avg: 0.0, Max: 0.0, Diff: 0.0, Sum: 0.0]
      [GC Worker Other (ms): Min: 0.0, Avg: 0.0, Max: 0.0, Diff: 0.0, Sum: 0.0]
      [GC Worker Total (ms): Min: 73.4, Avg: 73.4, Max: 73.4, Diff: 0.0, Sum: 293.8]
      [GC Worker End (ms): Min: 355916.7, Avg: 355916.7, Max: 355916.7, Diff: 0.0]
   [Code Root Fixup: 0.0 ms]
   [Clear CT: 0.2 ms]
   [Other: 1.4 ms]
      [Choose CSet: 0.0 ms]
      [Ref Proc: 0.0 ms]
      [Ref Enq: 0.0 ms]
      [Free CSet: 0.4 ms]
   [Eden: 67.0M(67.0M)->0.0B(275.0M) Survivors: 35.0M->13.0M Heap: 901.5M(2048.0M)->789.0M(2048.0M)]
 [Times: user=0.26 sys=0.00, real=0.08 secs] 
356.181: [GC pause (young), 0.1950636 secs]
   [Parallel Time: 193.2 ms, GC Workers: 4]
      [GC Worker Start (ms): Min: 356181.4, Avg: 356181.4, Max: 356181.4, Diff: 0.0]
      [Ext Root Scanning (ms): Min: 1.2, Avg: 1.2, Max: 1.3, Diff: 0.0, Sum: 5.0]
      [Update RS (ms): Min: 14.0, Avg: 14.0, Max: 14.0, Diff: 0.0, Sum: 56.2]
         [Processed Buffers: Min: 102, Avg: 116.8, Max: 130, Diff: 28, Sum: 467]
      [Scan RS (ms): Min: 0.1, Avg: 0.2, Max: 0.2, Diff: 0.0, Sum: 0.6]
      [Object Copy (ms): Min: 172.9, Avg: 174.1, Max: 177.7, Diff: 4.8, Sum: 696.5]
      [Termination (ms): Min: 0.0, Avg: 3.6, Max: 4.8, Diff: 4.8, Sum: 14.5]
      [GC Worker Other (ms): Min: 0.0, Avg: 0.0, Max: 0.0, Diff: 0.0, Sum: 0.1]
      [GC Worker Total (ms): Min: 193.2, Avg: 193.2, Max: 193.2, Diff: 0.0, Sum: 772.8]
      [GC Worker End (ms): Min: 356374.6, Avg: 356374.6, Max: 356374.6, Diff: 0.0]
   [Code Root Fixup: 0.0 ms]
   [Clear CT: 0.1 ms]
   [Other: 1.7 ms]
      [Choose CSet: 0.0 ms]
      [Ref Proc: 0.0 ms]
      [Ref Enq: 0.0 ms]
      [Free CSet: 0.2 ms]
   [Eden: 275.0M(275.0M)->0.0B(206.0M) Survivors: 13.0M->36.0M Heap: 1064.0M(2048.0M)->988.0M(2048.0M)]
 [Times: user=0.73 sys=0.00, real=0.19 secs] 
356.538: [GC pause (young) (initial-mark), 0.0834282 secs]
   [Parallel Time: 82.0 ms, GC Workers: 4]
      [GC Worker Start (ms): Min: 356538.5, Avg: 356542.2, Max: 356551.7, Diff: 13.2]
      [Ext Root Scanning (ms): Min: 0.1, Avg: 1.2, Max: 2.1, Diff: 2.0, Sum: 4.8]
      [Update RS (ms): Min: 13.3, Avg: 21.3, Max: 24.1, Diff: 10.9, Sum: 85.4]
         [Processed Buffers: Min: 73, Avg: 118.5, Max: 134, Diff: 61, Sum: 474]
      [Scan RS (ms): Min: 5.4, Avg: 5.4, Max: 5.4, Diff: 0.0, Sum: 21.5]
      [Object Copy (ms): Min: 49.8, Avg: 50.0, Max: 50.2, Diff: 0.4, Sum: 200.1]
      [Termination (ms): Min: 0.0, Avg: 0.0, Max: 0.0, Diff: 0.0, Sum: 0.0]
      [GC Worker Other (ms): Min: 0.0, Avg: 0.0, Max: 0.0, Diff: 0.0, Sum: 0.1]
      [GC Worker Total (ms): Min: 68.5, Avg: 78.0, Max: 81.7, Diff: 13.2, Sum: 311.9]
      [GC Worker End (ms): Min: 356620.2, Avg: 356620.2, Max: 356620.2, Diff: 0.0]
   [Code Root Fixup: 0.0 ms]
   [Clear CT: 0.1 ms]
   [Other: 1.3 ms]
      [Choose CSet: 0.0 ms]
      [Ref Proc: 0.0 ms]
      [Ref Enq: 0.0 ms]
      [Free CSet: 0.2 ms]
   [Eden: 206.0M(206.0M)->0.0B(257.0M) Survivors: 36.0M->8192.0K Heap: 1194.0M(2048.0M)->997.0M(2048.0M)]
 [Times: user=0.31 sys=0.00, real=0.08 secs] 
356.622: [GC concurrent-root-region-scan-start]
356.629: [GC concurrent-root-region-scan-end, 0.0072050 secs]
356.629: [GC concurrent-mark-start]
356.860: [GC pause (young), 0.0936912 secs]
   [Parallel Time: 92.6 ms, GC Workers: 4]
      [GC Worker Start (ms): Min: 356860.7, Avg: 356860.7, Max: 356860.7, Diff: 0.0]
      [Ext Root Scanning (ms): Min: 1.2, Avg: 1.3, Max: 1.3, Diff: 0.0, Sum: 5.0]
      [SATB Filtering (ms): Min: 0.0, Avg: 0.7, Max: 2.9, Diff: 2.9, Sum: 2.9]
      [Update RS (ms): Min: 31.5, Avg: 33.7, Max: 34.4, Diff: 2.9, Sum: 134.7]
         [Processed Buffers: Min: 291, Avg: 314.8, Max: 348, Diff: 57, Sum: 1259]
      [Scan RS (ms): Min: 0.0, Avg: 0.1, Max: 0.1, Diff: 0.0, Sum: 0.3]
      [Object Copy (ms): Min: 56.8, Avg: 56.8, Max: 56.8, Diff: 0.0, Sum: 227.3]
      [Termination (ms): Min: 0.0, Avg: 0.0, Max: 0.0, Diff: 0.0, Sum: 0.0]
      [GC Worker Other (ms): Min: 0.0, Avg: 0.0, Max: 0.0, Diff: 0.0, Sum: 0.1]
      [GC Worker Total (ms): Min: 92.6, Avg: 92.6, Max: 92.6, Diff: 0.0, Sum: 370.3]
      [GC Worker End (ms): Min: 356953.3, Avg: 356953.3, Max: 356953.3, Diff: 0.0]
   [Code Root Fixup: 0.0 ms]
   [Clear CT: 0.1 ms]
   [Other: 1.0 ms]
      [Choose CSet: 0.0 ms]
      [Ref Proc: 0.1 ms]
      [Ref Enq: 0.0 ms]
      [Free CSet: 0.2 ms]
   [Eden: 257.0M(257.0M)->0.0B(248.0M) Survivors: 8192.0K->34.0M Heap: 1254.0M(2048.0M)->1064.0M(2048.0M)]
 [Times: user=0.36 sys=0.00, real=0.09 secs] 
357.130: [GC concurrent-mark-end, 0.5015241 secs]
357.131: [GC remark 357.133: [GC ref-proc, 0.0016398 secs], 0.0047159 secs]
 [Times: user=0.02 sys=0.00, real=0.00 secs] 
357.136: [GC cleanup 1274M->658M(2048M), 0.0026928 secs]
 [Times: user=0.00 sys=0.00, real=0.00 secs] 
357.139: [GC concurrent-cleanup-start]
357.140: [GC concurrent-cleanup-end, 0.0009211 secs]
357.175: [GC pause (young), 0.1210425 secs]
   [Parallel Time: 119.5 ms, GC Workers: 4]
      [GC Worker Start (ms): Min: 357174.8, Avg: 357174.8, Max: 357174.8, Diff: 0.0]
      [Ext Root Scanning (ms): Min: 0.2, Avg: 1.3, Max: 1.7, Diff: 1.5, Sum: 5.1]
      [Update RS (ms): Min: 9.0, Avg: 13.9, Max: 15.6, Diff: 6.6, Sum: 55.5]
         [Processed Buffers: Min: 89, Avg: 92.0, Max: 98, Diff: 9, Sum: 368]
      [Scan RS (ms): Min: 0.2, Avg: 0.2, Max: 0.2, Diff: 0.0, Sum: 0.8]
      [Object Copy (ms): Min: 102.1, Avg: 104.1, Max: 109.9, Diff: 7.8, Sum: 416.3]
      [Termination (ms): Min: 0.0, Avg: 0.0, Max: 0.0, Diff: 0.0, Sum: 0.0]
      [GC Worker Other (ms): Min: 0.0, Avg: 0.0, Max: 0.0, Diff: 0.0, Sum: 0.1]
      [GC Worker Total (ms): Min: 119.4, Avg: 119.4, Max: 119.5, Diff: 0.0, Sum: 477.8]
      [GC Worker End (ms): Min: 357294.3, Avg: 357294.3, Max: 357294.3, Diff: 0.0]
   [Code Root Fixup: 0.0 ms]
   [Clear CT: 0.1 ms]
   [Other: 1.5 ms]
      [Choose CSet: 0.0 ms]
      [Ref Proc: 0.1 ms]
      [Ref Enq: 0.0 ms]
      [Free CSet: 0.3 ms]
   [Eden: 248.0M(248.0M)->0.0B(66.0M) Survivors: 34.0M->36.0M Heap: 696.0M(2048.0M)->543.5M(2048.0M)]
 [Times: user=0.42 sys=0.00, real=0.12 secs] 
357.380: [GC pause (mixed), 0.0558966 secs]
   [Parallel Time: 55.0 ms, GC Workers: 4]
      [GC Worker Start (ms): Min: 357380.5, Avg: 357380.6, Max: 357380.6, Diff: 0.0]
      [Ext Root Scanning (ms): Min: 1.2, Avg: 1.2, Max: 1.2, Diff: 0.0, Sum: 4.9]
      [Update RS (ms): Min: 17.4, Avg: 17.5, Max: 17.5, Diff: 0.0, Sum: 69.8]
         [Processed Buffers: Min: 117, Avg: 122.0, Max: 131, Diff: 14, Sum: 488]
      [Scan RS (ms): Min: 0.2, Avg: 0.2, Max: 0.2, Diff: 0.0, Sum: 0.8]
      [Object Copy (ms): Min: 36.0, Avg: 36.0, Max: 36.0, Diff: 0.0, Sum: 144.2]
      [Termination (ms): Min: 0.0, Avg: 0.0, Max: 0.0, Diff: 0.0, Sum: 0.0]
      [GC Worker Other (ms): Min: 0.0, Avg: 0.0, Max: 0.0, Diff: 0.0, Sum: 0.1]
      [GC Worker Total (ms): Min: 54.9, Avg: 54.9, Max: 55.0, Diff: 0.0, Sum: 219.8]
      [GC Worker End (ms): Min: 357435.5, Avg: 357435.5, Max: 357435.5, Diff: 0.0]
   [Code Root Fixup: 0.0 ms]
   [Clear CT: 0.1 ms]
   [Other: 0.8 ms]
      [Choose CSet: 0.0 ms]
      [Ref Proc: 0.0 ms]
      [Ref Enq: 0.0 ms]
      [Free CSet: 0.1 ms]
   [Eden: 66.0M(66.0M)->0.0B(445.0M) Survivors: 36.0M->9216.0K Heap: 609.5M(2048.0M)->550.0M(2048.0M)]
 [Times: user=0.22 sys=0.00, real=0.06 secs] 
357.879: [GC pause (young), 0.2594429 secs]
   [Parallel Time: 256.6 ms, GC Workers: 4]
      [GC Worker Start (ms): Min: 357879.4, Avg: 357879.5, Max: 357879.5, Diff: 0.0]
      [Ext Root Scanning (ms): Min: 1.4, Avg: 1.4, Max: 1.4, Diff: 0.0, Sum: 5.5]
      [Update RS (ms): Min: 21.8, Avg: 21.9, Max: 22.3, Diff: 0.5, Sum: 87.7]
         [Processed Buffers: Min: 159, Avg: 180.5, Max: 205, Diff: 46, Sum: 722]
      [Scan RS (ms): Min: 0.0, Avg: 0.1, Max: 0.1, Diff: 0.1, Sum: 0.4]
      [Object Copy (ms): Min: 232.8, Avg: 233.1, Max: 233.2, Diff: 0.4, Sum: 932.5]
      [Termination (ms): Min: 0.0, Avg: 0.0, Max: 0.0, Diff: 0.0, Sum: 0.0]
      [GC Worker Other (ms): Min: 0.0, Avg: 0.0, Max: 0.0, Diff: 0.0, Sum: 0.1]
      [GC Worker Total (ms): Min: 256.5, Avg: 256.6, Max: 256.6, Diff: 0.0, Sum: 1026.2]
      [GC Worker End (ms): Min: 358136.0, Avg: 358136.0, Max: 358136.0, Diff: 0.0]
   [Code Root Fixup: 0.0 ms]
   [Clear CT: 0.9 ms]
   [Other: 2.0 ms]
      [Choose CSet: 0.0 ms]
      [Ref Proc: 0.0 ms]
      [Ref Enq: 0.0 ms]
      [Free CSet: 0.3 ms]
   [Eden: 445.0M(445.0M)->0.0B(237.0M) Survivors: 9216.0K->57.0M Heap: 995.0M(2048.0M)->826.5M(2048.0M)]
 [Times: user=1.01 sys=0.00, real=0.26 secs] 
358.472: [GC pause (young), 0.2099780 secs]
   [Parallel Time: 207.0 ms, GC Workers: 4]
      [GC Worker Start (ms): Min: 358472.2, Avg: 358472.2, Max: 358472.4, Diff: 0.2]
      [Ext Root Scanning (ms): Min: 1.2, Avg: 1.3, Max: 1.4, Diff: 0.2, Sum: 5.3]
      [Update RS (ms): Min: 16.0, Avg: 16.3, Max: 16.7, Diff: 0.8, Sum: 65.1]
         [Processed Buffers: Min: 123, Avg: 239.8, Max: 366, Diff: 243, Sum: 959]
      [Scan RS (ms): Min: 26.0, Avg: 26.5, Max: 26.8, Diff: 0.8, Sum: 105.9]
      [Object Copy (ms): Min: 162.7, Avg: 162.8, Max: 162.8, Diff: 0.1, Sum: 651.0]
      [Termination (ms): Min: 0.0, Avg: 0.0, Max: 0.0, Diff: 0.0, Sum: 0.0]
      [GC Worker Other (ms): Min: 0.0, Avg: 0.0, Max: 0.0, Diff: 0.0, Sum: 0.1]
      [GC Worker Total (ms): Min: 206.7, Avg: 206.9, Max: 206.9, Diff: 0.2, Sum: 827.4]
      [GC Worker End (ms): Min: 358679.1, Avg: 358679.1, Max: 358679.1, Diff: 0.0]
   [Code Root Fixup: 0.0 ms]
   [Clear CT: 0.3 ms]
   [Other: 2.7 ms]
      [Choose CSet: 0.0 ms]
      [Ref Proc: 0.1 ms]
      [Ref Enq: 0.0 ms]
      [Free CSet: 0.3 ms]
   [Eden: 236.0M(45.0M)->0.0B(183.0M) Survivors: 57.0M->13.0M Heap: 1062.5M(2048.0M)->969.5M(2048.0M)]
 [Times: user=0.81 sys=0.00, real=0.21 secs] 
358.826: [GC pause (young) (initial-mark), 0.0764737 secs]
   [Parallel Time: 75.4 ms, GC Workers: 4]
      [GC Worker Start (ms): Min: 358826.5, Avg: 358826.5, Max: 358826.5, Diff: 0.0]
      [Ext Root Scanning (ms): Min: 1.2, Avg: 1.3, Max: 1.3, Diff: 0.1, Sum: 5.1]
      [Update RS (ms): Min: 58.6, Avg: 58.6, Max: 58.7, Diff: 0.2, Sum: 234.5]
         [Processed Buffers: Min: 318, Avg: 325.3, Max: 332, Diff: 14, Sum: 1301]
      [Scan RS (ms): Min: 0.0, Avg: 0.1, Max: 0.1, Diff: 0.1, Sum: 0.4]
      [Object Copy (ms): Min: 15.3, Avg: 15.3, Max: 15.3, Diff: 0.0, Sum: 61.3]
      [Termination (ms): Min: 0.0, Avg: 0.0, Max: 0.0, Diff: 0.0, Sum: 0.0]
      [GC Worker Other (ms): Min: 0.0, Avg: 0.0, Max: 0.0, Diff: 0.0, Sum: 0.1]
      [GC Worker Total (ms): Min: 75.3, Avg: 75.3, Max: 75.3, Diff: 0.0, Sum: 301.3]
      [GC Worker End (ms): Min: 358901.9, Avg: 358901.9, Max: 358901.9, Diff: 0.0]
   [Code Root Fixup: 0.0 ms]
   [Clear CT: 0.1 ms]
   [Other: 1.0 ms]
      [Choose CSet: 0.0 ms]
      [Ref Proc: 0.0 ms]
      [Ref Enq: 0.0 ms]
      [Free CSet: 0.2 ms]
   [Eden: 183.0M(183.0M)->0.0B(226.0M) Survivors: 13.0M->3072.0K Heap: 1152.5M(2048.0M)->973.0M(2048.0M)]
 [Times: user=0.31 sys=0.00, real=0.08 secs] 
358.904: [GC concurrent-root-region-scan-start]
358.905: [GC concurrent-root-region-scan-end, 0.0011212 secs]
358.905: [GC concurrent-mark-start]
359.134: [GC pause (young), 0.0897640 secs]
   [Parallel Time: 88.2 ms, GC Workers: 4]
      [GC Worker Start (ms): Min: 359134.3, Avg: 359134.3, Max: 359134.3, Diff: 0.0]
      [Ext Root Scanning (ms): Min: 1.5, Avg: 3.2, Max: 7.8, Diff: 6.2, Sum: 12.7]
      [SATB Filtering (ms): Min: 0.0, Avg: 0.8, Max: 3.1, Diff: 3.1, Sum: 3.1]
      [Update RS (ms): Min: 11.7, Avg: 15.4, Max: 17.5, Diff: 5.9, Sum: 61.5]
         [Processed Buffers: Min: 197, Avg: 236.0, Max: 288, Diff: 91, Sum: 944]
      [Scan RS (ms): Min: 0.0, Avg: 0.1, Max: 0.1, Diff: 0.1, Sum: 0.2]
      [Object Copy (ms): Min: 68.6, Avg: 68.7, Max: 68.8, Diff: 0.2, Sum: 274.8]
      [Termination (ms): Min: 0.0, Avg: 0.0, Max: 0.0, Diff: 0.0, Sum: 0.0]
      [GC Worker Other (ms): Min: 0.0, Avg: 0.0, Max: 0.0, Diff: 0.0, Sum: 0.0]
      [GC Worker Total (ms): Min: 88.1, Avg: 88.1, Max: 88.1, Diff: 0.0, Sum: 352.4]
      [GC Worker End (ms): Min: 359222.4, Avg: 359222.4, Max: 359222.4, Diff: 0.0]
   [Code Root Fixup: 0.0 ms]
   [Clear CT: 0.1 ms]
   [Other: 1.5 ms]
      [Choose CSet: 0.0 ms]
      [Ref Proc: 0.4 ms]
      [Ref Enq: 0.0 ms]
      [Free CSet: 0.2 ms]
   [Eden: 226.0M(226.0M)->0.0B(229.0M) Survivors: 3072.0K->29.0M Heap: 1199.0M(2048.0M)->1056.0M(2048.0M)]
 [Times: user=0.30 sys=0.00, real=0.09 secs] 
359.410: [GC concurrent-mark-end, 0.5052720 secs]
359.411: [GC remark 359.413: [GC ref-proc, 0.0016254 secs], 0.0045270 secs]
 [Times: user=0.00 sys=0.00, real=0.00 secs] 
359.416: [GC cleanup 1276M->656M(2048M), 0.0011318 secs]
 [Times: user=0.00 sys=0.00, real=0.00 secs] 
359.417: [GC concurrent-cleanup-start]
359.418: [GC concurrent-cleanup-end, 0.0007226 secs]
359.426: [GC pause (young), 0.1240646 secs]
   [Parallel Time: 122.5 ms, GC Workers: 4]
      [GC Worker Start (ms): Min: 359426.0, Avg: 359426.0, Max: 359426.0, Diff: 0.0]
      [Ext Root Scanning (ms): Min: 1.2, Avg: 1.2, Max: 1.2, Diff: 0.1, Sum: 4.9]
      [Update RS (ms): Min: 16.3, Avg: 16.3, Max: 16.3, Diff: 0.0, Sum: 65.3]
         [Processed Buffers: Min: 103, Avg: 127.3, Max: 140, Diff: 37, Sum: 509]
      [Scan RS (ms): Min: 0.2, Avg: 0.2, Max: 0.2, Diff: 0.0, Sum: 0.7]
      [Object Copy (ms): Min: 104.8, Avg: 104.8, Max: 104.8, Diff: 0.0, Sum: 419.2]
      [Termination (ms): Min: 0.0, Avg: 0.0, Max: 0.0, Diff: 0.0, Sum: 0.0]
      [GC Worker Other (ms): Min: 0.0, Avg: 0.0, Max: 0.0, Diff: 0.0, Sum: 0.1]
      [GC Worker Total (ms): Min: 122.5, Avg: 122.5, Max: 122.5, Diff: 0.0, Sum: 490.1]
      [GC Worker End (ms): Min: 359548.6, Avg: 359548.6, Max: 359548.6, Diff: 0.0]
   [Code Root Fixup: 0.0 ms]
   [Clear CT: 0.2 ms]
   [Other: 1.3 ms]
      [Choose CSet: 0.0 ms]
      [Ref Proc: 0.0 ms]
      [Ref Enq: 0.0 ms]
      [Free CSet: 0.2 ms]
   [Eden: 229.0M(229.0M)->0.0B(250.0M) Survivors: 29.0M->33.0M Heap: 665.0M(2048.0M)->535.5M(2048.0M)]
 [Times: user=0.38 sys=0.00, real=0.12 secs] 
359.780: [GC pause (young), 0.1408726 secs]
   [Parallel Time: 139.3 ms, GC Workers: 4]
      [GC Worker Start (ms): Min: 359780.0, Avg: 359780.0, Max: 359780.2, Diff: 0.2]
      [Ext Root Scanning (ms): Min: 1.1, Avg: 1.4, Max: 1.5, Diff: 0.4, Sum: 5.4]
      [Update RS (ms): Min: 18.3, Avg: 18.3, Max: 18.3, Diff: 0.1, Sum: 73.3]
         [Processed Buffers: Min: 132, Avg: 153.0, Max: 170, Diff: 38, Sum: 612]
      [Scan RS (ms): Min: 0.2, Avg: 0.2, Max: 0.2, Diff: 0.0, Sum: 0.9]
      [Object Copy (ms): Min: 119.2, Avg: 119.3, Max: 119.7, Diff: 0.5, Sum: 477.3]
      [Termination (ms): Min: 0.0, Avg: 0.0, Max: 0.0, Diff: 0.0, Sum: 0.0]
      [GC Worker Other (ms): Min: 0.0, Avg: 0.0, Max: 0.0, Diff: 0.0, Sum: 0.0]
      [GC Worker Total (ms): Min: 139.1, Avg: 139.2, Max: 139.3, Diff: 0.2, Sum: 556.9]
      [GC Worker End (ms): Min: 359919.3, Avg: 359919.3, Max: 359919.3, Diff: 0.0]
   [Code Root Fixup: 0.0 ms]
   [Clear CT: 0.1 ms]
   [Other: 1.5 ms]
      [Choose CSet: 0.0 ms]
      [Ref Proc: 0.0 ms]
      [Ref Enq: 0.0 ms]
      [Free CSet: 0.2 ms]
   [Eden: 250.0M(250.0M)->0.0B(263.0M) Survivors: 33.0M->36.0M Heap: 785.5M(2048.0M)->643.5M(2048.0M)]
 [Times: user=0.48 sys=0.00, real=0.14 secs] 
360.146: [GC pause (young), 0.1419470 secs]
   [Parallel Time: 139.9 ms, GC Workers: 4]
      [GC Worker Start (ms): Min: 360146.4, Avg: 360151.9, Max: 360168.4, Diff: 22.0]
      [Ext Root Scanning (ms): Min: 0.1, Avg: 1.2, Max: 1.7, Diff: 1.6, Sum: 4.9]
      [Update RS (ms): Min: 3.9, Avg: 19.1, Max: 24.3, Diff: 20.4, Sum: 76.4]
         [Processed Buffers: Min: 76, Avg: 172.3, Max: 209, Diff: 133, Sum: 689]
      [Scan RS (ms): Min: 0.2, Avg: 0.2, Max: 0.2, Diff: 0.0, Sum: 0.8]
      [Object Copy (ms): Min: 113.7, Avg: 113.8, Max: 114.0, Diff: 0.3, Sum: 455.3]
      [Termination (ms): Min: 0.0, Avg: 0.0, Max: 0.0, Diff: 0.0, Sum: 0.0]
      [GC Worker Other (ms): Min: 0.0, Avg: 0.0, Max: 0.0, Diff: 0.0, Sum: 0.1]
      [GC Worker Total (ms): Min: 117.9, Avg: 134.4, Max: 139.9, Diff: 22.0, Sum: 537.6]
      [GC Worker End (ms): Min: 360286.3, Avg: 360286.3, Max: 360286.3, Diff: 0.0]
   [Code Root Fixup: 0.0 ms]
   [Clear CT: 0.2 ms]
   [Other: 1.9 ms]
      [Choose CSet: 0.0 ms]
      [Ref Proc: 0.2 ms]
      [Ref Enq: 0.0 ms]
      [Free CSet: 0.2 ms]
   [Eden: 263.0M(263.0M)->0.0B(287.0M) Survivors: 36.0M->38.0M Heap: 906.5M(2048.0M)->749.0M(2048.0M)]
 [Times: user=0.50 sys=0.00, real=0.14 secs] 
360.557: [GC pause (young), 0.2015328 secs]
   [Parallel Time: 199.6 ms, GC Workers: 4]
      [GC Worker Start (ms): Min: 360557.0, Avg: 360559.0, Max: 360564.8, Diff: 7.8]
      [Ext Root Scanning (ms): Min: 0.1, Avg: 1.4, Max: 1.9, Diff: 1.8, Sum: 5.7]
      [Update RS (ms): Min: 16.8, Avg: 21.2, Max: 22.8, Diff: 5.9, Sum: 84.8]
         [Processed Buffers: Min: 118, Avg: 146.3, Max: 164, Diff: 46, Sum: 585]
      [Scan RS (ms): Min: 0.2, Avg: 0.3, Max: 0.3, Diff: 0.0, Sum: 1.0]
      [Object Copy (ms): Min: 174.6, Avg: 174.7, Max: 174.8, Diff: 0.2, Sum: 698.8]
      [Termination (ms): Min: 0.0, Avg: 0.0, Max: 0.0, Diff: 0.0, Sum: 0.0]
      [GC Worker Other (ms): Min: 0.0, Avg: 0.0, Max: 0.0, Diff: 0.0, Sum: 0.1]
      [GC Worker Total (ms): Min: 191.8, Avg: 197.6, Max: 199.5, Diff: 7.8, Sum: 790.4]
      [GC Worker End (ms): Min: 360756.6, Avg: 360756.6, Max: 360756.6, Diff: 0.0]
   [Code Root Fixup: 0.0 ms]
   [Clear CT: 0.1 ms]
   [Other: 1.9 ms]
      [Choose CSet: 0.0 ms]
      [Ref Proc: 0.0 ms]
      [Ref Enq: 0.0 ms]
      [Free CSet: 0.3 ms]
   [Eden: 287.0M(287.0M)->0.0B(205.0M) Survivors: 38.0M->41.0M Heap: 1036.0M(2048.0M)->925.5M(2048.0M)]
 [Times: user=0.72 sys=0.00, real=0.20 secs] 
361.033: [GC pause (young), 0.1116826 secs]
   [Parallel Time: 109.6 ms, GC Workers: 4]
      [GC Worker Start (ms): Min: 361033.0, Avg: 361033.0, Max: 361033.0, Diff: 0.0]
      [Ext Root Scanning (ms): Min: 1.2, Avg: 1.3, Max: 1.4, Diff: 0.2, Sum: 5.1]
      [Update RS (ms): Min: 20.1, Avg: 20.2, Max: 20.3, Diff: 0.2, Sum: 80.9]
         [Processed Buffers: Min: 171, Avg: 207.0, Max: 228, Diff: 57, Sum: 828]
      [Scan RS (ms): Min: 2.0, Avg: 2.0, Max: 2.0, Diff: 0.0, Sum: 8.1]
      [Object Copy (ms): Min: 85.9, Avg: 85.9, Max: 85.9, Diff: 0.0, Sum: 343.6]
      [Termination (ms): Min: 0.0, Avg: 0.0, Max: 0.0, Diff: 0.0, Sum: 0.0]
      [GC Worker Other (ms): Min: 0.0, Avg: 0.1, Max: 0.2, Diff: 0.2, Sum: 0.2]
      [GC Worker Total (ms): Min: 109.5, Avg: 109.5, Max: 109.6, Diff: 0.2, Sum: 438.0]
      [GC Worker End (ms): Min: 361142.4, Avg: 361142.5, Max: 361142.6, Diff: 0.2]
   [Code Root Fixup: 0.0 ms]
   [Clear CT: 0.4 ms]
   [Other: 1.6 ms]
      [Choose CSet: 0.0 ms]
      [Ref Proc: 0.3 ms]
      [Ref Enq: 0.0 ms]
      [Free CSet: 0.2 ms]
   [Eden: 205.0M(205.0M)->0.0B(333.0M) Survivors: 41.0M->31.0M Heap: 1130.5M(2048.0M)->984.5M(2048.0M)]
 [Times: user=0.45 sys=0.00, real=0.11 secs] 
361.537: [GC pause (young) (initial-mark), 0.2658400 secs]
   [Parallel Time: 263.2 ms, GC Workers: 4]
      [GC Worker Start (ms): Min: 361537.0, Avg: 361537.0, Max: 361537.1, Diff: 0.0]
      [Ext Root Scanning (ms): Min: 1.4, Avg: 1.5, Max: 1.8, Diff: 0.4, Sum: 6.2]
      [Update RS (ms): Min: 16.7, Avg: 16.8, Max: 16.8, Diff: 0.1, Sum: 67.0]
         [Processed Buffers: Min: 106, Avg: 112.5, Max: 115, Diff: 9, Sum: 450]
      [Scan RS (ms): Min: 0.3, Avg: 0.3, Max: 0.3, Diff: 0.0, Sum: 1.3]
      [Object Copy (ms): Min: 244.4, Avg: 244.6, Max: 244.7, Diff: 0.3, Sum: 978.3]
      [Termination (ms): Min: 0.0, Avg: 0.0, Max: 0.0, Diff: 0.0, Sum: 0.0]
      [GC Worker Other (ms): Min: 0.0, Avg: 0.0, Max: 0.0, Diff: 0.0, Sum: 0.1]
      [GC Worker Total (ms): Min: 263.2, Avg: 263.2, Max: 263.2, Diff: 0.0, Sum: 1052.8]
      [GC Worker End (ms): Min: 361800.2, Avg: 361800.2, Max: 361800.3, Diff: 0.0]
   [Code Root Fixup: 0.0 ms]
   [Clear CT: 0.3 ms]
   [Other: 2.3 ms]
      [Choose CSet: 0.0 ms]
      [Ref Proc: 0.0 ms]
      [Ref Enq: 0.0 ms]
      [Free CSet: 0.3 ms]
   [Eden: 333.0M(333.0M)->0.0B(195.0M) Survivors: 31.0M->46.0M Heap: 1317.5M(2048.0M)->1252.0M(2048.0M)]
 [Times: user=1.00 sys=0.00, real=0.27 secs] 
361.803: [GC concurrent-root-region-scan-start]
361.896: [GC concurrent-root-region-scan-end, 0.0929734 secs]
361.896: [GC concurrent-mark-start]
362.033: [GC pause (young), 0.0940610 secs]
   [Parallel Time: 91.9 ms, GC Workers: 4]
      [GC Worker Start (ms): Min: 362033.2, Avg: 362033.3, Max: 362033.6, Diff: 0.4]
      [Ext Root Scanning (ms): Min: 1.1, Avg: 1.3, Max: 1.4, Diff: 0.4, Sum: 5.3]
      [SATB Filtering (ms): Min: 0.0, Avg: 0.0, Max: 0.1, Diff: 0.1, Sum: 0.1]
      [Update RS (ms): Min: 34.4, Avg: 34.5, Max: 34.5, Diff: 0.1, Sum: 137.9]
         [Processed Buffers: Min: 170, Avg: 177.3, Max: 181, Diff: 11, Sum: 709]
      [Scan RS (ms): Min: 6.5, Avg: 6.6, Max: 6.6, Diff: 0.1, Sum: 26.3]
      [Object Copy (ms): Min: 49.3, Avg: 49.3, Max: 49.3, Diff: 0.1, Sum: 197.2]
      [Termination (ms): Min: 0.0, Avg: 0.0, Max: 0.0, Diff: 0.0, Sum: 0.0]
      [GC Worker Other (ms): Min: 0.0, Avg: 0.0, Max: 0.0, Diff: 0.0, Sum: 0.1]
      [GC Worker Total (ms): Min: 91.5, Avg: 91.7, Max: 91.8, Diff: 0.4, Sum: 366.8]
      [GC Worker End (ms): Min: 362125.0, Avg: 362125.0, Max: 362125.0, Diff: 0.0]
   [Code Root Fixup: 0.0 ms]
   [Clear CT: 0.2 ms]
   [Other: 2.0 ms]
      [Choose CSet: 0.0 ms]
      [Ref Proc: 0.6 ms]
      [Ref Enq: 0.0 ms]
      [Free CSet: 0.2 ms]
   [Eden: 195.0M(195.0M)->0.0B(307.0M) Survivors: 46.0M->3072.0K Heap: 1447.0M(2048.0M)->1256.0M(2048.0M)]
 [Times: user=0.38 sys=0.00, real=0.09 secs] 
362.496: [GC pause (young), 0.1507815 secs]
   [Parallel Time: 148.7 ms, GC Workers: 4]
      [GC Worker Start (ms): Min: 362496.3, Avg: 362496.3, Max: 362496.3, Diff: 0.0]
      [Ext Root Scanning (ms): Min: 1.2, Avg: 1.3, Max: 1.4, Diff: 0.1, Sum: 5.2]
      [SATB Filtering (ms): Min: 0.0, Avg: 0.7, Max: 2.7, Diff: 2.7, Sum: 2.7]
      [Update RS (ms): Min: 13.3, Avg: 16.4, Max: 20.4, Diff: 7.1, Sum: 65.4]
         [Processed Buffers: Min: 192, Avg: 282.5, Max: 342, Diff: 150, Sum: 1130]
      [Scan RS (ms): Min: 0.0, Avg: 0.1, Max: 0.1, Diff: 0.1, Sum: 0.3]
      [Object Copy (ms): Min: 127.0, Avg: 130.3, Max: 131.4, Diff: 4.4, Sum: 521.0]
      [Termination (ms): Min: 0.0, Avg: 0.0, Max: 0.0, Diff: 0.0, Sum: 0.0]
      [GC Worker Other (ms): Min: 0.0, Avg: 0.0, Max: 0.0, Diff: 0.0, Sum: 0.1]
      [GC Worker Total (ms): Min: 148.7, Avg: 148.7, Max: 148.7, Diff: 0.0, Sum: 594.8]
      [GC Worker End (ms): Min: 362645.0, Avg: 362645.0, Max: 362645.0, Diff: 0.0]
   [Code Root Fixup: 0.0 ms]
   [Clear CT: 0.1 ms]
   [Other: 2.0 ms]
      [Choose CSet: 0.0 ms]
      [Ref Proc: 0.3 ms]
      [Ref Enq: 0.0 ms]
      [Free CSet: 0.3 ms]
   [Eden: 307.0M(307.0M)->0.0B(212.0M) Survivors: 3072.0K->39.0M Heap: 1563.0M(2048.0M)->1415.5M(2048.0M)]
 [Times: user=0.59 sys=0.00, real=0.15 secs] 
362.882: [GC pause (young), 0.1260345 secs]
   [Parallel Time: 124.3 ms, GC Workers: 4]
      [GC Worker Start (ms): Min: 362882.5, Avg: 362882.5, Max: 362882.5, Diff: 0.0]
      [Ext Root Scanning (ms): Min: 1.4, Avg: 1.5, Max: 1.6, Diff: 0.1, Sum: 6.0]
      [SATB Filtering (ms): Min: 0.0, Avg: 0.8, Max: 3.1, Diff: 3.1, Sum: 3.1]
      [Update RS (ms): Min: 22.4, Avg: 24.7, Max: 25.5, Diff: 3.2, Sum: 98.8]
         [Processed Buffers: Min: 169, Avg: 201.5, Max: 234, Diff: 65, Sum: 806]
      [Scan RS (ms): Min: 0.1, Avg: 0.2, Max: 0.2, Diff: 0.0, Sum: 0.6]
      [Object Copy (ms): Min: 97.1, Avg: 97.2, Max: 97.2, Diff: 0.1, Sum: 388.7]
      [Termination (ms): Min: 0.0, Avg: 0.0, Max: 0.0, Diff: 0.0, Sum: 0.0]
      [GC Worker Other (ms): Min: 0.0, Avg: 0.0, Max: 0.0, Diff: 0.0, Sum: 0.1]
      [GC Worker Total (ms): Min: 124.3, Avg: 124.3, Max: 124.3, Diff: 0.0, Sum: 497.3]
      [GC Worker End (ms): Min: 363006.8, Avg: 363006.8, Max: 363006.8, Diff: 0.0]
   [Code Root Fixup: 0.0 ms]
   [Clear CT: 0.1 ms]
   [Other: 1.6 ms]
      [Choose CSet: 0.0 ms]
      [Ref Proc: 0.0 ms]
      [Ref Enq: 0.0 ms]
      [Free CSet: 0.2 ms]
   [Eden: 212.0M(212.0M)->0.0B(217.0M) Survivors: 39.0M->32.0M Heap: 1627.5M(2048.0M)->1492.0M(2048.0M)]
 [Times: user=0.44 sys=0.00, real=0.13 secs] 
363.041: [GC concurrent-mark-end, 1.1454903 secs]
363.061: [GC remark 363.062: [GC ref-proc, 0.0016244 secs], 0.0041421 secs]
 [Times: user=0.00 sys=0.00, real=0.00 secs] 
363.069: [GC cleanup 1495M->879M(2048M), 0.0014731 secs]
 [Times: user=0.00 sys=0.00, real=0.00 secs] 
363.070: [GC concurrent-cleanup-start]
363.071: [GC concurrent-cleanup-end, 0.0007829 secs]
363.283: [GC pause (young), 0.2014405 secs]
   [Parallel Time: 199.6 ms, GC Workers: 4]
      [GC Worker Start (ms): Min: 363283.4, Avg: 363283.4, Max: 363283.4, Diff: 0.0]
      [Ext Root Scanning (ms): Min: 1.2, Avg: 1.2, Max: 1.2, Diff: 0.0, Sum: 4.9]
      [Update RS (ms): Min: 28.6, Avg: 28.6, Max: 28.6, Diff: 0.0, Sum: 114.3]
         [Processed Buffers: Min: 179, Avg: 181.3, Max: 184, Diff: 5, Sum: 725]
      [Scan RS (ms): Min: 0.3, Avg: 0.3, Max: 0.3, Diff: 0.0, Sum: 1.1]
      [Object Copy (ms): Min: 169.4, Avg: 169.4, Max: 169.4, Diff: 0.0, Sum: 677.8]
      [Termination (ms): Min: 0.0, Avg: 0.0, Max: 0.0, Diff: 0.0, Sum: 0.0]
      [GC Worker Other (ms): Min: 0.0, Avg: 0.0, Max: 0.0, Diff: 0.0, Sum: 0.1]
      [GC Worker Total (ms): Min: 199.5, Avg: 199.5, Max: 199.5, Diff: 0.0, Sum: 798.2]
      [GC Worker End (ms): Min: 363483.0, Avg: 363483.0, Max: 363483.0, Diff: 0.0]
   [Code Root Fixup: 0.0 ms]
   [Clear CT: 0.1 ms]
   [Other: 1.8 ms]
      [Choose CSet: 0.0 ms]
      [Ref Proc: 0.0 ms]
      [Ref Enq: 0.0 ms]
      [Free CSet: 0.2 ms]
   [Eden: 217.0M(217.0M)->0.0B(70.0M) Survivors: 32.0M->32.0M Heap: 1093.0M(2048.0M)->1055.0M(2048.0M)]
 [Times: user=0.78 sys=0.00, real=0.20 secs] 
363.643: [GC pause (mixed), 0.0742844 secs]
   [Parallel Time: 72.5 ms, GC Workers: 4]
      [GC Worker Start (ms): Min: 363643.3, Avg: 363643.4, Max: 363643.4, Diff: 0.0]
      [Ext Root Scanning (ms): Min: 1.2, Avg: 1.2, Max: 1.3, Diff: 0.1, Sum: 5.0]
      [Update RS (ms): Min: 20.0, Avg: 20.1, Max: 20.1, Diff: 0.0, Sum: 80.3]
         [Processed Buffers: Min: 100, Avg: 117.0, Max: 125, Diff: 25, Sum: 468]
      [Scan RS (ms): Min: 4.2, Avg: 4.2, Max: 4.3, Diff: 0.1, Sum: 16.9]
      [Object Copy (ms): Min: 44.4, Avg: 45.2, Max: 46.9, Diff: 2.4, Sum: 180.9]
      [Termination (ms): Min: 0.0, Avg: 1.7, Max: 2.5, Diff: 2.5, Sum: 6.6]
      [GC Worker Other (ms): Min: 0.0, Avg: 0.0, Max: 0.0, Diff: 0.0, Sum: 0.1]
      [GC Worker Total (ms): Min: 72.4, Avg: 72.4, Max: 72.4, Diff: 0.0, Sum: 289.8]
      [GC Worker End (ms): Min: 363715.8, Avg: 363715.8, Max: 363715.8, Diff: 0.0]
   [Code Root Fixup: 0.0 ms]
   [Clear CT: 0.3 ms]
   [Other: 1.5 ms]
      [Choose CSet: 0.1 ms]
      [Ref Proc: 0.1 ms]
      [Ref Enq: 0.0 ms]
      [Free CSet: 0.6 ms]
   [Eden: 70.0M(70.0M)->0.0B(293.0M) Survivors: 32.0M->6144.0K Heap: 1125.0M(2048.0M)->932.0M(2048.0M)]
 [Times: user=0.31 sys=0.00, real=0.07 secs] 
363.993: [GC pause (young), 0.1631645 secs]
   [Parallel Time: 159.9 ms, GC Workers: 4]
      [GC Worker Start (ms): Min: 363993.4, Avg: 363993.4, Max: 363993.4, Diff: 0.0]
      [Ext Root Scanning (ms): Min: 1.2, Avg: 1.2, Max: 1.2, Diff: 0.0, Sum: 4.9]
      [Update RS (ms): Min: 14.0, Avg: 14.7, Max: 16.2, Diff: 2.2, Sum: 58.6]
         [Processed Buffers: Min: 185, Avg: 271.8, Max: 397, Diff: 212, Sum: 1087]
      [Scan RS (ms): Min: 0.0, Avg: 0.1, Max: 0.2, Diff: 0.2, Sum: 0.4]
      [Object Copy (ms): Min: 142.4, Avg: 143.9, Max: 144.4, Diff: 2.0, Sum: 575.5]
      [Termination (ms): Min: 0.0, Avg: 0.0, Max: 0.0, Diff: 0.0, Sum: 0.0]
      [GC Worker Other (ms): Min: 0.0, Avg: 0.0, Max: 0.0, Diff: 0.0, Sum: 0.1]
      [GC Worker Total (ms): Min: 159.9, Avg: 159.9, Max: 159.9, Diff: 0.0, Sum: 639.5]
      [GC Worker End (ms): Min: 364153.3, Avg: 364153.3, Max: 364153.3, Diff: 0.0]
   [Code Root Fixup: 0.0 ms]
   [Clear CT: 0.6 ms]
   [Other: 2.7 ms]
      [Choose CSet: 0.0 ms]
      [Ref Proc: 1.1 ms]
      [Ref Enq: 0.0 ms]
      [Free CSet: 0.2 ms]
   [Eden: 293.0M(293.0M)->0.0B(184.0M) Survivors: 6144.0K->38.0M Heap: 1225.0M(2048.0M)->1108.0M(2048.0M)]
 [Times: user=0.66 sys=0.00, real=0.16 secs] 
364.377: [GC pause (young) (initial-mark), 0.1445820 secs]
   [Parallel Time: 142.4 ms, GC Workers: 4]
      [GC Worker Start (ms): Min: 364377.7, Avg: 364377.8, Max: 364377.8, Diff: 0.0]
      [Ext Root Scanning (ms): Min: 1.2, Avg: 1.2, Max: 1.3, Diff: 0.1, Sum: 5.0]
      [Update RS (ms): Min: 15.4, Avg: 15.4, Max: 15.4, Diff: 0.0, Sum: 61.7]
         [Processed Buffers: Min: 194, Avg: 202.8, Max: 211, Diff: 17, Sum: 811]
      [Scan RS (ms): Min: 6.7, Avg: 6.7, Max: 6.7, Diff: 0.0, Sum: 26.8]
      [Object Copy (ms): Min: 112.7, Avg: 114.3, Max: 119.0, Diff: 6.3, Sum: 457.3]
      [Termination (ms): Min: 0.0, Avg: 4.7, Max: 6.3, Diff: 6.3, Sum: 18.8]
      [GC Worker Other (ms): Min: 0.0, Avg: 0.0, Max: 0.0, Diff: 0.0, Sum: 0.1]
      [GC Worker Total (ms): Min: 142.4, Avg: 142.4, Max: 142.4, Diff: 0.0, Sum: 569.5]
      [GC Worker End (ms): Min: 364520.1, Avg: 364520.1, Max: 364520.1, Diff: 0.0]
   [Code Root Fixup: 0.0 ms]
   [Clear CT: 0.1 ms]
   [Other: 2.1 ms]
      [Choose CSet: 0.0 ms]
      [Ref Proc: 0.1 ms]
      [Ref Enq: 0.0 ms]
      [Free CSet: 0.2 ms]
   [Eden: 184.0M(184.0M)->0.0B(177.0M) Survivors: 38.0M->28.0M Heap: 1292.0M(2048.0M)->1195.5M(2048.0M)]
 [Times: user=0.50 sys=0.00, real=0.14 secs] 
364.522: [GC concurrent-root-region-scan-start]
364.551: [GC concurrent-root-region-scan-end, 0.0296768 secs]
364.551: [GC concurrent-mark-start]
364.715: [GC pause (young), 0.0493366 secs]
   [Parallel Time: 48.4 ms, GC Workers: 4]
      [GC Worker Start (ms): Min: 364714.8, Avg: 364719.0, Max: 364728.7, Diff: 13.9]
      [Ext Root Scanning (ms): Min: 0.0, Avg: 1.2, Max: 2.4, Diff: 2.4, Sum: 4.9]
      [SATB Filtering (ms): Min: 0.0, Avg: 0.0, Max: 0.1, Diff: 0.1, Sum: 0.1]
      [Update RS (ms): Min: 8.1, Avg: 16.4, Max: 19.3, Diff: 11.2, Sum: 65.8]
         [Processed Buffers: Min: 42, Avg: 91.5, Max: 113, Diff: 71, Sum: 366]
      [Scan RS (ms): Min: 0.1, Avg: 0.2, Max: 0.2, Diff: 0.1, Sum: 0.7]
      [Object Copy (ms): Min: 26.1, Avg: 26.2, Max: 26.4, Diff: 0.3, Sum: 104.9]
      [Termination (ms): Min: 0.0, Avg: 0.0, Max: 0.0, Diff: 0.0, Sum: 0.0]
      [GC Worker Other (ms): Min: 0.0, Avg: 0.0, Max: 0.0, Diff: 0.0, Sum: 0.1]
      [GC Worker Total (ms): Min: 34.5, Avg: 44.1, Max: 48.3, Diff: 13.9, Sum: 176.5]
      [GC Worker End (ms): Min: 364763.2, Avg: 364763.2, Max: 364763.2, Diff: 0.0]
   [Code Root Fixup: 0.0 ms]
   [Clear CT: 0.1 ms]
   [Other: 0.9 ms]
      [Choose CSet: 0.0 ms]
      [Ref Proc: 0.0 ms]
      [Ref Enq: 0.0 ms]
      [Free CSet: 0.3 ms]
   [Eden: 177.0M(177.0M)->0.0B(446.0M) Survivors: 28.0M->7168.0K Heap: 1372.5M(2048.0M)->1202.5M(2048.0M)]
 [Times: user=0.19 sys=0.00, real=0.05 secs] 
365.086: [GC concurrent-mark-end, 0.5344514 secs]
365.086: [GC remark 365.089: [GC ref-proc, 0.0018557 secs], 0.0054044 secs]
 [Times: user=0.02 sys=0.00, real=0.01 secs] 
365.092: [GC cleanup 1567M->764M(2048M), 0.0017098 secs]
 [Times: user=0.00 sys=0.00, real=0.00 secs] 
365.094: [GC concurrent-cleanup-start]
365.095: [GC concurrent-cleanup-end, 0.0010767 secs]
365.175: [GC pause (young), 0.2087936 secs]
   [Parallel Time: 206.4 ms, GC Workers: 4]
      [GC Worker Start (ms): Min: 365175.5, Avg: 365175.5, Max: 365175.5, Diff: 0.0]
      [Ext Root Scanning (ms): Min: 1.5, Avg: 6.7, Max: 22.2, Diff: 20.7, Sum: 27.0]
      [Update RS (ms): Min: 0.9, Avg: 16.4, Max: 22.1, Diff: 21.2, Sum: 65.6]
         [Processed Buffers: Min: 62, Avg: 208.8, Max: 361, Diff: 299, Sum: 835]
      [Scan RS (ms): Min: 0.0, Avg: 0.1, Max: 0.4, Diff: 0.4, Sum: 0.4]
      [Object Copy (ms): Min: 182.8, Avg: 183.1, Max: 183.6, Diff: 0.8, Sum: 732.5]
      [Termination (ms): Min: 0.0, Avg: 0.0, Max: 0.0, Diff: 0.0, Sum: 0.0]
      [GC Worker Other (ms): Min: 0.0, Avg: 0.0, Max: 0.0, Diff: 0.0, Sum: 0.1]
      [GC Worker Total (ms): Min: 206.4, Avg: 206.4, Max: 206.4, Diff: 0.0, Sum: 825.6]
      [GC Worker End (ms): Min: 365381.9, Avg: 365381.9, Max: 365381.9, Diff: 0.0]
   [Code Root Fixup: 0.0 ms]
   [Clear CT: 0.2 ms]
   [Other: 2.2 ms]
      [Choose CSet: 0.0 ms]
      [Ref Proc: 0.3 ms]
      [Ref Enq: 0.0 ms]
      [Free CSet: 0.3 ms]
   [Eden: 446.0M(446.0M)->0.0B(235.0M) Survivors: 7168.0K->57.0M Heap: 845.5M(2048.0M)->622.0M(2048.0M)]
 [Times: user=0.80 sys=0.00, real=0.21 secs] 
365.595: [GC pause (young), 0.1528967 secs]
   [Parallel Time: 150.9 ms, GC Workers: 4]
      [GC Worker Start (ms): Min: 365595.1, Avg: 365595.1, Max: 365595.2, Diff: 0.0]
      [Ext Root Scanning (ms): Min: 1.2, Avg: 1.2, Max: 1.2, Diff: 0.0, Sum: 4.9]
      [Update RS (ms): Min: 20.1, Avg: 20.1, Max: 20.1, Diff: 0.0, Sum: 80.3]
         [Processed Buffers: Min: 186, Avg: 202.5, Max: 219, Diff: 33, Sum: 810]
      [Scan RS (ms): Min: 11.2, Avg: 11.7, Max: 13.3, Diff: 2.2, Sum: 46.9]
      [Object Copy (ms): Min: 116.2, Avg: 117.9, Max: 118.4, Diff: 2.2, Sum: 471.5]
      [Termination (ms): Min: 0.0, Avg: 0.0, Max: 0.0, Diff: 0.0, Sum: 0.0]
      [GC Worker Other (ms): Min: 0.0, Avg: 0.0, Max: 0.0, Diff: 0.0, Sum: 0.1]
      [GC Worker Total (ms): Min: 150.9, Avg: 150.9, Max: 150.9, Diff: 0.0, Sum: 603.7]
      [GC Worker End (ms): Min: 365746.1, Avg: 365746.1, Max: 365746.1, Diff: 0.0]
   [Code Root Fixup: 0.0 ms]
   [Clear CT: 0.1 ms]
   [Other: 1.8 ms]
      [Choose CSet: 0.0 ms]
      [Ref Proc: 0.0 ms]
      [Ref Enq: 0.0 ms]
      [Free CSet: 0.2 ms]
   [Eden: 185.0M(185.0M)->0.0B(237.0M) Survivors: 57.0M->31.0M Heap: 807.0M(2048.0M)->706.0M(2048.0M)]
 [Times: user=0.59 sys=0.00, real=0.15 secs] 
366.056: [GC pause (young), 0.1502299 secs]
   [Parallel Time: 148.3 ms, GC Workers: 4]
      [GC Worker Start (ms): Min: 366056.2, Avg: 366056.2, Max: 366056.2, Diff: 0.0]
      [Ext Root Scanning (ms): Min: 1.4, Avg: 1.5, Max: 1.6, Diff: 0.2, Sum: 6.0]
      [Update RS (ms): Min: 19.9, Avg: 20.5, Max: 22.2, Diff: 2.3, Sum: 82.0]
         [Processed Buffers: Min: 118, Avg: 183.0, Max: 243, Diff: 125, Sum: 732]
      [Scan RS (ms): Min: 0.0, Avg: 0.2, Max: 0.3, Diff: 0.3, Sum: 0.9]
      [Object Copy (ms): Min: 124.5, Avg: 126.0, Max: 126.5, Diff: 2.0, Sum: 503.9]
      [Termination (ms): Min: 0.0, Avg: 0.0, Max: 0.0, Diff: 0.0, Sum: 0.0]
      [GC Worker Other (ms): Min: 0.0, Avg: 0.0, Max: 0.0, Diff: 0.0, Sum: 0.1]
      [GC Worker Total (ms): Min: 148.2, Avg: 148.2, Max: 148.3, Diff: 0.0, Sum: 593.0]
      [GC Worker End (ms): Min: 366204.4, Avg: 366204.5, Max: 366204.5, Diff: 0.0]
   [Code Root Fixup: 0.0 ms]
   [Clear CT: 0.1 ms]
   [Other: 1.8 ms]
      [Choose CSet: 0.0 ms]
      [Ref Proc: 0.0 ms]
      [Ref Enq: 0.0 ms]
      [Free CSet: 0.2 ms]
   [Eden: 237.0M(237.0M)->0.0B(245.0M) Survivors: 31.0M->34.0M Heap: 943.0M(2048.0M)->821.5M(2048.0M)]
 [Times: user=0.55 sys=0.00, real=0.15 secs] 
366.491: [GC pause (young), 0.1903795 secs]
   [Parallel Time: 188.1 ms, GC Workers: 4]
      [GC Worker Start (ms): Min: 366490.9, Avg: 366490.9, Max: 366490.9, Diff: 0.0]
      [Ext Root Scanning (ms): Min: 1.2, Avg: 1.3, Max: 1.3, Diff: 0.0, Sum: 5.0]
      [Update RS (ms): Min: 16.2, Avg: 16.6, Max: 17.7, Diff: 1.6, Sum: 66.2]
         [Processed Buffers: Min: 133, Avg: 174.8, Max: 206, Diff: 73, Sum: 699]
      [Scan RS (ms): Min: 0.5, Avg: 1.6, Max: 2.0, Diff: 1.6, Sum: 6.5]
      [Object Copy (ms): Min: 168.6, Avg: 168.6, Max: 168.7, Diff: 0.0, Sum: 674.6]
      [Termination (ms): Min: 0.0, Avg: 0.0, Max: 0.0, Diff: 0.0, Sum: 0.0]
      [GC Worker Other (ms): Min: 0.0, Avg: 0.0, Max: 0.0, Diff: 0.0, Sum: 0.1]
      [GC Worker Total (ms): Min: 188.1, Avg: 188.1, Max: 188.1, Diff: 0.0, Sum: 752.5]
      [GC Worker End (ms): Min: 366679.0, Avg: 366679.0, Max: 366679.0, Diff: 0.0]
   [Code Root Fixup: 0.0 ms]
   [Clear CT: 0.1 ms]
   [Other: 2.1 ms]
      [Choose CSet: 0.0 ms]
      [Ref Proc: 0.3 ms]
      [Ref Enq: 0.0 ms]
      [Free CSet: 0.2 ms]
   [Eden: 245.0M(245.0M)->0.0B(207.0M) Survivors: 34.0M->35.0M Heap: 1066.5M(2048.0M)->1000.5M(2048.0M)]
 [Times: user=0.72 sys=0.00, real=0.19 secs] 
366.949: [GC pause (young) (initial-mark), 0.1436988 secs]
   [Parallel Time: 141.6 ms, GC Workers: 4]
      [GC Worker Start (ms): Min: 366949.9, Avg: 366949.9, Max: 366949.9, Diff: 0.0]
      [Ext Root Scanning (ms): Min: 1.3, Avg: 1.5, Max: 1.6, Diff: 0.3, Sum: 6.0]
      [Update RS (ms): Min: 23.4, Avg: 23.5, Max: 23.6, Diff: 0.2, Sum: 93.9]
         [Processed Buffers: Min: 196, Avg: 213.8, Max: 227, Diff: 31, Sum: 855]
      [Scan RS (ms): Min: 1.9, Avg: 2.0, Max: 2.0, Diff: 0.0, Sum: 7.8]
      [Object Copy (ms): Min: 114.5, Avg: 114.6, Max: 114.7, Diff: 0.2, Sum: 458.6]
      [Termination (ms): Min: 0.0, Avg: 0.0, Max: 0.0, Diff: 0.0, Sum: 0.0]
      [GC Worker Other (ms): Min: 0.0, Avg: 0.0, Max: 0.0, Diff: 0.0, Sum: 0.1]
      [GC Worker Total (ms): Min: 141.6, Avg: 141.6, Max: 141.6, Diff: 0.0, Sum: 566.4]
      [GC Worker End (ms): Min: 367091.5, Avg: 367091.5, Max: 367091.5, Diff: 0.0]
   [Code Root Fixup: 0.0 ms]
   [Clear CT: 0.2 ms]
   [Other: 1.9 ms]
      [Choose CSet: 0.0 ms]
      [Ref Proc: 0.0 ms]
      [Ref Enq: 0.0 ms]
      [Free CSet: 0.2 ms]
   [Eden: 207.0M(207.0M)->0.0B(259.0M) Survivors: 35.0M->31.0M Heap: 1207.5M(2048.0M)->1105.5M(2048.0M)]
 [Times: user=0.56 sys=0.00, real=0.14 secs] 
367.093: [GC concurrent-root-region-scan-start]
367.126: [GC concurrent-root-region-scan-end, 0.0321483 secs]
367.126: [GC concurrent-mark-start]
367.438: [GC pause (young), 0.1596453 secs]
   [Parallel Time: 157.8 ms, GC Workers: 4]
      [GC Worker Start (ms): Min: 367438.3, Avg: 367438.3, Max: 367438.3, Diff: 0.0]
      [Ext Root Scanning (ms): Min: 1.2, Avg: 1.4, Max: 1.5, Diff: 0.3, Sum: 5.6]
      [SATB Filtering (ms): Min: 0.0, Avg: 0.7, Max: 3.0, Diff: 3.0, Sum: 3.0]
      [Update RS (ms): Min: 14.1, Avg: 16.8, Max: 19.4, Diff: 5.4, Sum: 67.3]
         [Processed Buffers: Min: 161, Avg: 186.5, Max: 205, Diff: 44, Sum: 746]
      [Scan RS (ms): Min: 0.0, Avg: 0.2, Max: 0.3, Diff: 0.3, Sum: 0.8]
      [Object Copy (ms): Min: 136.8, Avg: 138.5, Max: 139.3, Diff: 2.6, Sum: 554.1]
      [Termination (ms): Min: 0.0, Avg: 0.0, Max: 0.0, Diff: 0.0, Sum: 0.0]
      [GC Worker Other (ms): Min: 0.0, Avg: 0.0, Max: 0.0, Diff: 0.0, Sum: 0.1]
      [GC Worker Total (ms): Min: 157.7, Avg: 157.8, Max: 157.8, Diff: 0.0, Sum: 631.0]
      [GC Worker End (ms): Min: 367596.1, Avg: 367596.1, Max: 367596.1, Diff: 0.0]
   [Code Root Fixup: 0.0 ms]
   [Clear CT: 0.2 ms]
   [Other: 1.7 ms]
      [Choose CSet: 0.0 ms]
      [Ref Proc: 0.0 ms]
      [Ref Enq: 0.0 ms]
      [Free CSet: 0.2 ms]
   [Eden: 259.0M(259.0M)->0.0B(246.0M) Survivors: 31.0M->37.0M Heap: 1364.5M(2048.0M)->1246.5M(2048.0M)]
 [Times: user=0.61 sys=0.00, real=0.16 secs] 
367.829: [GC concurrent-mark-end, 0.7034232 secs]
367.829: [GC remark 367.830: [GC ref-proc, 0.0018255 secs], 0.0038813 secs]
 [Times: user=0.00 sys=0.00, real=0.00 secs] 
367.833: [GC cleanup 1430M->839M(2048M), 0.0015359 secs]
 [Times: user=0.06 sys=0.00, real=0.00 secs] 
367.835: [GC concurrent-cleanup-start]
367.836: [GC concurrent-cleanup-end, 0.0007758 secs]
367.893: [GC pause (young), 0.1330332 secs]
   [Parallel Time: 130.3 ms, GC Workers: 4]
      [GC Worker Start (ms): Min: 367893.3, Avg: 367893.3, Max: 367893.3, Diff: 0.0]
      [Ext Root Scanning (ms): Min: 1.5, Avg: 2.8, Max: 6.3, Diff: 4.8, Sum: 11.2]
      [Update RS (ms): Min: 20.8, Avg: 25.9, Max: 29.5, Diff: 8.7, Sum: 103.5]
         [Processed Buffers: Min: 128, Avg: 203.3, Max: 370, Diff: 242, Sum: 813]
      [Scan RS (ms): Min: 0.0, Avg: 0.2, Max: 0.7, Diff: 0.7, Sum: 0.8]
      [Object Copy (ms): Min: 98.8, Avg: 101.2, Max: 103.3, Diff: 4.4, Sum: 404.8]
      [Termination (ms): Min: 0.0, Avg: 0.0, Max: 0.0, Diff: 0.0, Sum: 0.0]
      [GC Worker Other (ms): Min: 0.0, Avg: 0.0, Max: 0.0, Diff: 0.0, Sum: 0.1]
      [GC Worker Total (ms): Min: 130.1, Avg: 130.1, Max: 130.1, Diff: 0.0, Sum: 520.4]
      [GC Worker End (ms): Min: 368023.4, Avg: 368023.4, Max: 368023.4, Diff: 0.0]
   [Code Root Fixup: 0.0 ms]
   [Clear CT: 0.4 ms]
   [Other: 2.4 ms]
      [Choose CSet: 0.0 ms]
      [Ref Proc: 0.7 ms]
      [Ref Enq: 0.0 ms]
      [Free CSet: 0.3 ms]
   [Eden: 246.0M(246.0M)->0.0B(66.0M) Survivors: 37.0M->36.0M Heap: 901.5M(2048.0M)->736.5M(2048.0M)]
 [Times: user=0.53 sys=0.00, real=0.13 secs] 
368.095: [GC pause (mixed), 0.0690769 secs]
   [Parallel Time: 67.9 ms, GC Workers: 4]
      [GC Worker Start (ms): Min: 368095.5, Avg: 368095.5, Max: 368095.5, Diff: 0.0]
      [Ext Root Scanning (ms): Min: 1.2, Avg: 1.2, Max: 1.2, Diff: 0.0, Sum: 4.9]
      [Update RS (ms): Min: 21.4, Avg: 21.7, Max: 22.6, Diff: 1.2, Sum: 86.8]
         [Processed Buffers: Min: 129, Avg: 139.0, Max: 159, Diff: 30, Sum: 556]
      [Scan RS (ms): Min: 3.2, Avg: 4.1, Max: 4.4, Diff: 1.2, Sum: 16.2]
      [Object Copy (ms): Min: 39.5, Avg: 39.8, Max: 40.9, Diff: 1.4, Sum: 159.3]
      [Termination (ms): Min: 0.0, Avg: 1.0, Max: 1.4, Diff: 1.4, Sum: 4.1]
      [GC Worker Other (ms): Min: 0.0, Avg: 0.0, Max: 0.0, Diff: 0.0, Sum: 0.0]
      [GC Worker Total (ms): Min: 67.8, Avg: 67.8, Max: 67.8, Diff: 0.0, Sum: 271.3]
      [GC Worker End (ms): Min: 368163.3, Avg: 368163.3, Max: 368163.3, Diff: 0.0]
   [Code Root Fixup: 0.0 ms]
   [Clear CT: 0.2 ms]
   [Other: 1.0 ms]
      [Choose CSet: 0.0 ms]
      [Ref Proc: 0.0 ms]
      [Ref Enq: 0.0 ms]
      [Free CSet: 0.3 ms]
   [Eden: 66.0M(66.0M)->0.0B(392.0M) Survivors: 36.0M->10.0M Heap: 802.5M(2048.0M)->696.0M(2048.0M)]
 [Times: user=0.30 sys=0.00, real=0.07 secs] 
368.548: [GC pause (young), 0.2531636 secs]
   [Parallel Time: 250.7 ms, GC Workers: 4]
      [GC Worker Start (ms): Min: 368548.6, Avg: 368548.6, Max: 368548.6, Diff: 0.0]
      [Ext Root Scanning (ms): Min: 1.3, Avg: 1.4, Max: 1.9, Diff: 0.6, Sum: 5.7]
      [Update RS (ms): Min: 13.5, Avg: 13.8, Max: 14.0, Diff: 0.6, Sum: 55.3]
         [Processed Buffers: Min: 90, Avg: 129.5, Max: 153, Diff: 63, Sum: 518]
      [Scan RS (ms): Min: 0.1, Avg: 0.2, Max: 0.2, Diff: 0.1, Sum: 0.6]
      [Object Copy (ms): Min: 235.2, Avg: 235.2, Max: 235.3, Diff: 0.0, Sum: 941.0]
      [Termination (ms): Min: 0.0, Avg: 0.0, Max: 0.0, Diff: 0.0, Sum: 0.0]
      [GC Worker Other (ms): Min: 0.0, Avg: 0.0, Max: 0.0, Diff: 0.0, Sum: 0.1]
      [GC Worker Total (ms): Min: 250.7, Avg: 250.7, Max: 250.7, Diff: 0.0, Sum: 1002.7]
      [GC Worker End (ms): Min: 368799.2, Avg: 368799.2, Max: 368799.2, Diff: 0.0]
   [Code Root Fixup: 0.0 ms]
   [Clear CT: 0.1 ms]
   [Other: 2.4 ms]
      [Choose CSet: 0.0 ms]
      [Ref Proc: 0.3 ms]
      [Ref Enq: 0.0 ms]
      [Free CSet: 0.3 ms]
   [Eden: 392.0M(392.0M)->0.0B(194.0M) Survivors: 10.0M->51.0M Heap: 1088.0M(2048.0M)->969.5M(2048.0M)]
 [Times: user=0.94 sys=0.00, real=0.25 secs] 
369.120: [GC pause (young), 0.1700366 secs]
   [Parallel Time: 167.7 ms, GC Workers: 4]
      [GC Worker Start (ms): Min: 369120.6, Avg: 369120.6, Max: 369120.6, Diff: 0.0]
      [Ext Root Scanning (ms): Min: 1.3, Avg: 1.5, Max: 2.1, Diff: 0.8, Sum: 6.0]
      [Update RS (ms): Min: 15.7, Avg: 16.3, Max: 16.5, Diff: 0.8, Sum: 65.0]
         [Processed Buffers: Min: 183, Avg: 245.3, Max: 354, Diff: 171, Sum: 981]
      [Scan RS (ms): Min: 28.3, Avg: 28.3, Max: 28.3, Diff: 0.1, Sum: 113.2]
      [Object Copy (ms): Min: 121.5, Avg: 121.6, Max: 121.6, Diff: 0.1, Sum: 486.3]
      [Termination (ms): Min: 0.0, Avg: 0.0, Max: 0.0, Diff: 0.0, Sum: 0.0]
      [GC Worker Other (ms): Min: 0.0, Avg: 0.0, Max: 0.0, Diff: 0.0, Sum: 0.1]
      [GC Worker Total (ms): Min: 167.6, Avg: 167.6, Max: 167.7, Diff: 0.0, Sum: 670.6]
      [GC Worker End (ms): Min: 369288.2, Avg: 369288.2, Max: 369288.2, Diff: 0.0]
   [Code Root Fixup: 0.0 ms]
   [Clear CT: 0.1 ms]
   [Other: 2.2 ms]
      [Choose CSet: 0.0 ms]
      [Ref Proc: 0.0 ms]
      [Ref Enq: 0.0 ms]
      [Free CSet: 0.2 ms]
   [Eden: 194.0M(194.0M)->0.0B(114.0M) Survivors: 51.0M->31.0M Heap: 1163.5M(2048.0M)->1066.5M(2048.0M)]
 [Times: user=0.67 sys=0.00, real=0.17 secs] 
369.532: [GC pause (young) (initial-mark), 0.0857239 secs]
   [Parallel Time: 84.1 ms, GC Workers: 4]
      [GC Worker Start (ms): Min: 369532.8, Avg: 369532.8, Max: 369532.8, Diff: 0.0]
      [Ext Root Scanning (ms): Min: 1.2, Avg: 1.2, Max: 1.3, Diff: 0.1, Sum: 5.0]
      [Update RS (ms): Min: 16.3, Avg: 16.3, Max: 16.4, Diff: 0.0, Sum: 65.4]
         [Processed Buffers: Min: 168, Avg: 188.0, Max: 201, Diff: 33, Sum: 752]
      [Scan RS (ms): Min: 0.1, Avg: 0.1, Max: 0.2, Diff: 0.0, Sum: 0.6]
      [Object Copy (ms): Min: 66.3, Avg: 66.3, Max: 66.4, Diff: 0.1, Sum: 265.4]
      [Termination (ms): Min: 0.0, Avg: 0.0, Max: 0.0, Diff: 0.0, Sum: 0.0]
      [GC Worker Other (ms): Min: 0.0, Avg: 0.0, Max: 0.0, Diff: 0.0, Sum: 0.0]
      [GC Worker Total (ms): Min: 84.1, Avg: 84.1, Max: 84.1, Diff: 0.0, Sum: 336.4]
      [GC Worker End (ms): Min: 369616.9, Avg: 369616.9, Max: 369616.9, Diff: 0.0]
   [Code Root Fixup: 0.0 ms]
   [Clear CT: 0.1 ms]
   [Other: 1.5 ms]
      [Choose CSet: 0.0 ms]
      [Ref Proc: 0.0 ms]
      [Ref Enq: 0.0 ms]
      [Free CSet: 0.2 ms]
   [Eden: 114.0M(114.0M)->0.0B(213.0M) Survivors: 31.0M->19.0M Heap: 1180.5M(2048.0M)->1119.5M(2048.0M)]
 [Times: user=0.33 sys=0.01, real=0.09 secs] 
369.618: [GC concurrent-root-region-scan-start]
369.639: [GC concurrent-root-region-scan-end, 0.0206932 secs]
369.639: [GC concurrent-mark-start]
369.819: [GC pause (young), 0.1132884 secs]
   [Parallel Time: 111.7 ms, GC Workers: 4]
      [GC Worker Start (ms): Min: 369818.8, Avg: 369818.8, Max: 369818.8, Diff: 0.0]
      [Ext Root Scanning (ms): Min: 1.3, Avg: 1.5, Max: 1.9, Diff: 0.6, Sum: 5.9]
      [SATB Filtering (ms): Min: 0.0, Avg: 0.8, Max: 3.1, Diff: 3.1, Sum: 3.1]
      [Update RS (ms): Min: 25.2, Avg: 27.3, Max: 28.2, Diff: 3.1, Sum: 109.3]
         [Processed Buffers: Min: 142, Avg: 156.5, Max: 167, Diff: 25, Sum: 626]
      [Scan RS (ms): Min: 0.1, Avg: 0.1, Max: 0.1, Diff: 0.0, Sum: 0.3]
      [Object Copy (ms): Min: 82.0, Avg: 82.0, Max: 82.0, Diff: 0.0, Sum: 328.0]
      [Termination (ms): Min: 0.0, Avg: 0.0, Max: 0.0, Diff: 0.0, Sum: 0.0]
      [GC Worker Other (ms): Min: 0.0, Avg: 0.0, Max: 0.0, Diff: 0.0, Sum: 0.1]
      [GC Worker Total (ms): Min: 111.7, Avg: 111.7, Max: 111.7, Diff: 0.0, Sum: 446.7]
      [GC Worker End (ms): Min: 369930.5, Avg: 369930.5, Max: 369930.5, Diff: 0.0]
   [Code Root Fixup: 0.0 ms]
   [Clear CT: 0.3 ms]
   [Other: 1.2 ms]
      [Choose CSet: 0.0 ms]
      [Ref Proc: 0.0 ms]
      [Ref Enq: 0.0 ms]
      [Free CSet: 0.2 ms]
   [Eden: 213.0M(213.0M)->0.0B(114.0M) Survivors: 19.0M->29.0M Heap: 1332.5M(2048.0M)->1204.0M(2048.0M)]
 [Times: user=0.44 sys=0.00, real=0.11 secs] 
370.032: [GC pause (young), 0.0575554 secs]
   [Parallel Time: 55.9 ms, GC Workers: 4]
      [GC Worker Start (ms): Min: 370032.3, Avg: 370032.3, Max: 370032.3, Diff: 0.0]
      [Ext Root Scanning (ms): Min: 1.2, Avg: 1.2, Max: 1.2, Diff: 0.0, Sum: 4.9]
      [SATB Filtering (ms): Min: 0.0, Avg: 0.2, Max: 0.8, Diff: 0.8, Sum: 0.8]
      [Update RS (ms): Min: 17.1, Avg: 17.8, Max: 18.2, Diff: 1.1, Sum: 71.3]
         [Processed Buffers: Min: 116, Avg: 136.3, Max: 147, Diff: 31, Sum: 545]
      [Scan RS (ms): Min: 0.0, Avg: 0.2, Max: 0.3, Diff: 0.3, Sum: 0.7]
      [Object Copy (ms): Min: 36.3, Avg: 36.3, Max: 36.3, Diff: 0.1, Sum: 145.2]
      [Termination (ms): Min: 0.0, Avg: 0.0, Max: 0.1, Diff: 0.1, Sum: 0.2]
      [GC Worker Other (ms): Min: 0.0, Avg: 0.0, Max: 0.0, Diff: 0.0, Sum: 0.0]
      [GC Worker Total (ms): Min: 55.8, Avg: 55.8, Max: 55.9, Diff: 0.1, Sum: 223.1]
      [GC Worker End (ms): Min: 370088.0, Avg: 370088.1, Max: 370088.2, Diff: 0.1]
   [Code Root Fixup: 0.0 ms]
   [Clear CT: 0.3 ms]
   [Other: 1.3 ms]
      [Choose CSet: 0.0 ms]
      [Ref Proc: 0.5 ms]
      [Ref Enq: 0.0 ms]
      [Free CSet: 0.1 ms]
   [Eden: 114.0M(114.0M)->0.0B(307.0M) Survivors: 29.0M->16.0M Heap: 1318.0M(2048.0M)->1220.5M(2048.0M)]
 [Times: user=0.22 sys=0.00, real=0.06 secs] 
370.264: [GC concurrent-mark-end, 0.6250714 secs]
370.264: [GC remark 370.266: [GC ref-proc, 0.0018659 secs], 0.0043098 secs]
 [Times: user=0.02 sys=0.00, real=0.00 secs] 
370.269: [GC cleanup 1416M->654M(2048M), 0.0012996 secs]
 [Times: user=0.00 sys=0.00, real=0.00 secs] 
370.271: [GC concurrent-cleanup-start]
370.272: [GC concurrent-cleanup-end, 0.0009782 secs]
370.380: [GC pause (young), 0.2037060 secs]
   [Parallel Time: 202.0 ms, GC Workers: 4]
      [GC Worker Start (ms): Min: 370380.3, Avg: 370380.5, Max: 370381.0, Diff: 0.7]
      [Ext Root Scanning (ms): Min: 0.9, Avg: 1.4, Max: 1.5, Diff: 0.6, Sum: 5.4]
      [Update RS (ms): Min: 17.8, Avg: 18.1, Max: 18.8, Diff: 1.0, Sum: 72.5]
         [Processed Buffers: Min: 122, Avg: 136.8, Max: 150, Diff: 28, Sum: 547]
      [Scan RS (ms): Min: 0.0, Avg: 0.1, Max: 0.2, Diff: 0.1, Sum: 0.3]
      [Object Copy (ms): Min: 181.7, Avg: 182.2, Max: 182.5, Diff: 0.8, Sum: 728.9]
      [Termination (ms): Min: 0.0, Avg: 0.0, Max: 0.0, Diff: 0.0, Sum: 0.0]
      [GC Worker Other (ms): Min: 0.0, Avg: 0.0, Max: 0.0, Diff: 0.0, Sum: 0.1]
      [GC Worker Total (ms): Min: 201.3, Avg: 201.8, Max: 202.0, Diff: 0.7, Sum: 807.3]
      [GC Worker End (ms): Min: 370582.3, Avg: 370582.3, Max: 370582.3, Diff: 0.0]
   [Code Root Fixup: 0.0 ms]
   [Clear CT: 0.1 ms]
   [Other: 1.6 ms]
      [Choose CSet: 0.0 ms]
      [Ref Proc: 0.0 ms]
      [Ref Enq: 0.0 ms]
      [Free CSet: 0.2 ms]
   [Eden: 307.0M(307.0M)->0.0B(61.0M) Survivors: 16.0M->41.0M Heap: 765.5M(2048.0M)->660.0M(2048.0M)]
 [Times: user=0.76 sys=0.00, real=0.20 secs] 
370.721: [GC pause (young), 0.0883650 secs]
   [Parallel Time: 87.0 ms, GC Workers: 4]
      [GC Worker Start (ms): Min: 370720.8, Avg: 370720.8, Max: 370720.9, Diff: 0.0]
      [Ext Root Scanning (ms): Min: 1.5, Avg: 1.6, Max: 1.6, Diff: 0.1, Sum: 6.2]
      [Update RS (ms): Min: 30.0, Avg: 30.0, Max: 30.1, Diff: 0.1, Sum: 120.0]
         [Processed Buffers: Min: 176, Avg: 179.5, Max: 184, Diff: 8, Sum: 718]
      [Scan RS (ms): Min: 2.7, Avg: 2.8, Max: 2.8, Diff: 0.2, Sum: 11.0]
      [Object Copy (ms): Min: 52.6, Avg: 52.7, Max: 52.7, Diff: 0.1, Sum: 210.6]
      [Termination (ms): Min: 0.0, Avg: 0.0, Max: 0.0, Diff: 0.0, Sum: 0.0]
      [GC Worker Other (ms): Min: 0.0, Avg: 0.0, Max: 0.0, Diff: 0.0, Sum: 0.1]
      [GC Worker Total (ms): Min: 87.0, Avg: 87.0, Max: 87.0, Diff: 0.0, Sum: 347.9]
      [GC Worker End (ms): Min: 370807.8, Avg: 370807.8, Max: 370807.8, Diff: 0.0]
   [Code Root Fixup: 0.0 ms]
   [Clear CT: 0.1 ms]
   [Other: 1.3 ms]
      [Choose CSet: 0.0 ms]
      [Ref Proc: 0.0 ms]
      [Ref Enq: 0.0 ms]
      [Free CSet: 0.1 ms]
   [Eden: 61.0M(61.0M)->0.0B(89.0M) Survivors: 41.0M->13.0M Heap: 721.0M(2048.0M)->683.0M(2048.0M)]
 [Times: user=0.30 sys=0.00, real=0.09 secs] 
370.897: [GC pause (young), 0.0416195 secs]
   [Parallel Time: 40.3 ms, GC Workers: 4]
      [GC Worker Start (ms): Min: 370897.5, Avg: 370897.5, Max: 370897.5, Diff: 0.0]
      [Ext Root Scanning (ms): Min: 1.2, Avg: 1.3, Max: 1.3, Diff: 0.0, Sum: 5.0]
      [Update RS (ms): Min: 19.6, Avg: 19.7, Max: 19.7, Diff: 0.1, Sum: 78.6]
         [Processed Buffers: Min: 119, Avg: 138.0, Max: 148, Diff: 29, Sum: 552]
      [Scan RS (ms): Min: 0.0, Avg: 0.1, Max: 0.1, Diff: 0.1, Sum: 0.4]
      [Object Copy (ms): Min: 19.2, Avg: 19.2, Max: 19.2, Diff: 0.0, Sum: 76.8]
      [Termination (ms): Min: 0.0, Avg: 0.0, Max: 0.0, Diff: 0.0, Sum: 0.0]
      [GC Worker Other (ms): Min: 0.0, Avg: 0.0, Max: 0.0, Diff: 0.0, Sum: 0.1]
      [GC Worker Total (ms): Min: 40.2, Avg: 40.2, Max: 40.2, Diff: 0.0, Sum: 160.9]
      [GC Worker End (ms): Min: 370937.7, Avg: 370937.7, Max: 370937.7, Diff: 0.0]
   [Code Root Fixup: 0.0 ms]
   [Clear CT: 0.6 ms]
   [Other: 0.8 ms]
      [Choose CSet: 0.0 ms]
      [Ref Proc: 0.2 ms]
      [Ref Enq: 0.0 ms]
      [Free CSet: 0.2 ms]
   [Eden: 89.0M(89.0M)->0.0B(175.0M) Survivors: 13.0M->13.0M Heap: 772.0M(2048.0M)->696.5M(2048.0M)]
 [Times: user=0.16 sys=0.00, real=0.04 secs] 
371.114: [GC pause (young), 0.1452857 secs]
   [Parallel Time: 143.6 ms, GC Workers: 4]
      [GC Worker Start (ms): Min: 371114.6, Avg: 371114.6, Max: 371114.6, Diff: 0.0]
      [Ext Root Scanning (ms): Min: 1.2, Avg: 1.2, Max: 1.2, Diff: 0.0, Sum: 4.9]
      [Update RS (ms): Min: 7.4, Avg: 7.4, Max: 7.4, Diff: 0.0, Sum: 29.6]
         [Processed Buffers: Min: 175, Avg: 217.3, Max: 261, Diff: 86, Sum: 869]
      [Scan RS (ms): Min: 0.0, Avg: 0.0, Max: 0.0, Diff: 0.0, Sum: 0.2]
      [Object Copy (ms): Min: 134.9, Avg: 134.9, Max: 134.9, Diff: 0.0, Sum: 539.6]
      [Termination (ms): Min: 0.0, Avg: 0.0, Max: 0.0, Diff: 0.0, Sum: 0.0]
      [GC Worker Other (ms): Min: 0.0, Avg: 0.0, Max: 0.0, Diff: 0.0, Sum: 0.0]
      [GC Worker Total (ms): Min: 143.6, Avg: 143.6, Max: 143.6, Diff: 0.0, Sum: 574.4]
      [GC Worker End (ms): Min: 371258.2, Avg: 371258.2, Max: 371258.2, Diff: 0.0]
   [Code Root Fixup: 0.0 ms]
   [Clear CT: 0.2 ms]
   [Other: 1.5 ms]
      [Choose CSet: 0.0 ms]
      [Ref Proc: 0.0 ms]
      [Ref Enq: 0.0 ms]
      [Free CSet: 0.1 ms]
   [Eden: 175.0M(175.0M)->0.0B(153.0M) Survivors: 13.0M->24.0M Heap: 871.5M(2048.0M)->851.5M(2048.0M)]
 [Times: user=0.53 sys=0.00, real=0.14 secs] 
371.391: [GC pause (young), 0.0795131 secs]
   [Parallel Time: 78.1 ms, GC Workers: 4]
      [GC Worker Start (ms): Min: 371390.9, Avg: 371390.9, Max: 371390.9, Diff: 0.0]
      [Ext Root Scanning (ms): Min: 1.3, Avg: 1.5, Max: 1.9, Diff: 0.6, Sum: 5.8]
      [Update RS (ms): Min: 23.8, Avg: 24.2, Max: 24.4, Diff: 0.6, Sum: 97.0]
         [Processed Buffers: Min: 189, Avg: 202.8, Max: 212, Diff: 23, Sum: 811]
      [Scan RS (ms): Min: 0.1, Avg: 0.1, Max: 0.1, Diff: 0.0, Sum: 0.5]
      [Object Copy (ms): Min: 52.2, Avg: 52.2, Max: 52.2, Diff: 0.0, Sum: 208.9]
      [Termination (ms): Min: 0.0, Avg: 0.0, Max: 0.0, Diff: 0.0, Sum: 0.0]
      [GC Worker Other (ms): Min: 0.0, Avg: 0.0, Max: 0.0, Diff: 0.0, Sum: 0.1]
      [GC Worker Total (ms): Min: 78.0, Avg: 78.1, Max: 78.1, Diff: 0.0, Sum: 312.2]
      [GC Worker End (ms): Min: 371469.0, Avg: 371469.0, Max: 371469.0, Diff: 0.0]
   [Code Root Fixup: 0.0 ms]
   [Clear CT: 0.3 ms]
   [Other: 1.1 ms]
      [Choose CSet: 0.0 ms]
      [Ref Proc: 0.0 ms]
      [Ref Enq: 0.0 ms]
      [Free CSet: 0.2 ms]
   [Eden: 153.0M(153.0M)->0.0B(217.0M) Survivors: 24.0M->23.0M Heap: 1004.5M(2048.0M)->886.5M(2048.0M)]
 [Times: user=0.33 sys=0.00, real=0.08 secs] 
371.695: [GC pause (young), 0.1766614 secs]
   [Parallel Time: 174.7 ms, GC Workers: 4]
      [GC Worker Start (ms): Min: 371695.4, Avg: 371695.9, Max: 371697.7, Diff: 2.3]
      [Ext Root Scanning (ms): Min: 0.1, Avg: 1.2, Max: 1.8, Diff: 1.7, Sum: 4.9]
      [Update RS (ms): Min: 16.8, Avg: 17.3, Max: 17.6, Diff: 0.8, Sum: 69.1]
         [Processed Buffers: Min: 107, Avg: 117.5, Max: 122, Diff: 15, Sum: 470]
      [Scan RS (ms): Min: 0.2, Avg: 0.2, Max: 0.2, Diff: 0.0, Sum: 0.7]
      [Object Copy (ms): Min: 155.3, Avg: 155.4, Max: 155.4, Diff: 0.2, Sum: 621.6]
      [Termination (ms): Min: 0.0, Avg: 0.0, Max: 0.0, Diff: 0.0, Sum: 0.0]
      [GC Worker Other (ms): Min: 0.0, Avg: 0.0, Max: 0.0, Diff: 0.0, Sum: 0.1]
      [GC Worker Total (ms): Min: 172.4, Avg: 174.1, Max: 174.7, Diff: 2.3, Sum: 696.4]
      [GC Worker End (ms): Min: 371870.0, Avg: 371870.0, Max: 371870.0, Diff: 0.0]
   [Code Root Fixup: 0.0 ms]
   [Clear CT: 0.1 ms]
   [Other: 1.9 ms]
      [Choose CSet: 0.0 ms]
      [Ref Proc: 0.1 ms]
      [Ref Enq: 0.0 ms]
      [Free CSet: 0.2 ms]
   [Eden: 217.0M(217.0M)->0.0B(207.0M) Survivors: 23.0M->30.0M Heap: 1103.5M(2048.0M)->1058.5M(2048.0M)]
 [Times: user=0.66 sys=0.00, real=0.18 secs] 
372.113: [GC pause (young) (initial-mark), 0.1550356 secs]
   [Parallel Time: 152.8 ms, GC Workers: 4]
      [GC Worker Start (ms): Min: 372113.7, Avg: 372113.7, Max: 372113.7, Diff: 0.0]
      [Ext Root Scanning (ms): Min: 1.2, Avg: 1.2, Max: 1.2, Diff: 0.1, Sum: 4.9]
      [Update RS (ms): Min: 22.8, Avg: 22.8, Max: 22.8, Diff: 0.1, Sum: 91.2]
         [Processed Buffers: Min: 189, Avg: 205.3, Max: 224, Diff: 35, Sum: 821]
      [Scan RS (ms): Min: 1.0, Avg: 1.1, Max: 1.2, Diff: 0.2, Sum: 4.6]
      [Object Copy (ms): Min: 127.6, Avg: 127.6, Max: 127.6, Diff: 0.1, Sum: 510.4]
      [Termination (ms): Min: 0.0, Avg: 0.0, Max: 0.0, Diff: 0.0, Sum: 0.0]
      [GC Worker Other (ms): Min: 0.0, Avg: 0.0, Max: 0.0, Diff: 0.0, Sum: 0.1]
      [GC Worker Total (ms): Min: 152.8, Avg: 152.8, Max: 152.8, Diff: 0.0, Sum: 611.1]
      [GC Worker End (ms): Min: 372266.4, Avg: 372266.4, Max: 372266.5, Diff: 0.0]
   [Code Root Fixup: 0.0 ms]
   [Clear CT: 0.4 ms]
   [Other: 1.9 ms]
      [Choose CSet: 0.0 ms]
      [Ref Proc: 0.0 ms]
      [Ref Enq: 0.0 ms]
      [Free CSet: 0.2 ms]
   [Eden: 207.0M(207.0M)->0.0B(208.0M) Survivors: 30.0M->30.0M Heap: 1265.5M(2048.0M)->1181.0M(2048.0M)]
 [Times: user=0.61 sys=0.00, real=0.15 secs] 
372.270: [GC concurrent-root-region-scan-start]
372.334: [GC concurrent-root-region-scan-end, 0.0633469 secs]
372.334: [GC concurrent-mark-start]
372.494: [GC pause (young), 0.0686860 secs]
   [Parallel Time: 67.3 ms, GC Workers: 4]
      [GC Worker Start (ms): Min: 372494.2, Avg: 372494.2, Max: 372494.3, Diff: 0.0]
      [Ext Root Scanning (ms): Min: 1.2, Avg: 1.2, Max: 1.2, Diff: 0.0, Sum: 4.9]
      [SATB Filtering (ms): Min: 0.0, Avg: 0.5, Max: 2.1, Diff: 2.1, Sum: 2.1]
      [Update RS (ms): Min: 17.9, Avg: 19.4, Max: 20.0, Diff: 2.1, Sum: 77.7]
         [Processed Buffers: Min: 183, Avg: 193.5, Max: 201, Diff: 18, Sum: 774]
      [Scan RS (ms): Min: 0.2, Avg: 0.2, Max: 0.2, Diff: 0.0, Sum: 0.8]
      [Object Copy (ms): Min: 44.6, Avg: 44.9, Max: 45.9, Diff: 1.3, Sum: 179.6]
      [Termination (ms): Min: 0.0, Avg: 1.0, Max: 1.3, Diff: 1.3, Sum: 3.8]
      [GC Worker Other (ms): Min: 0.0, Avg: 0.0, Max: 0.0, Diff: 0.0, Sum: 0.1]
      [GC Worker Total (ms): Min: 67.2, Avg: 67.2, Max: 67.2, Diff: 0.0, Sum: 268.9]
      [GC Worker End (ms): Min: 372561.5, Avg: 372561.5, Max: 372561.5, Diff: 0.0]
   [Code Root Fixup: 0.0 ms]
   [Clear CT: 0.2 ms]
   [Other: 1.2 ms]
      [Choose CSet: 0.0 ms]
      [Ref Proc: 0.1 ms]
      [Ref Enq: 0.0 ms]
      [Free CSet: 0.3 ms]
   [Eden: 208.0M(208.0M)->0.0B(323.0M) Survivors: 30.0M->28.0M Heap: 1389.0M(2048.0M)->1210.0M(2048.0M)]
 [Times: user=0.27 sys=0.00, real=0.07 secs] 
372.864: [GC pause (young), 0.1719917 secs]
   [Parallel Time: 170.3 ms, GC Workers: 4]
      [GC Worker Start (ms): Min: 372864.1, Avg: 372864.1, Max: 372864.1, Diff: 0.0]
      [Ext Root Scanning (ms): Min: 1.2, Avg: 1.2, Max: 1.2, Diff: 0.0, Sum: 4.9]
      [SATB Filtering (ms): Min: 0.0, Avg: 0.7, Max: 2.7, Diff: 2.7, Sum: 2.7]
      [Update RS (ms): Min: 17.5, Avg: 19.6, Max: 20.3, Diff: 2.7, Sum: 78.2]
         [Processed Buffers: Min: 120, Avg: 135.8, Max: 153, Diff: 33, Sum: 543]
      [Scan RS (ms): Min: 0.1, Avg: 0.1, Max: 0.1, Diff: 0.0, Sum: 0.4]
      [Object Copy (ms): Min: 148.7, Avg: 148.7, Max: 148.7, Diff: 0.0, Sum: 594.8]
      [Termination (ms): Min: 0.0, Avg: 0.0, Max: 0.0, Diff: 0.0, Sum: 0.0]
      [GC Worker Other (ms): Min: 0.0, Avg: 0.0, Max: 0.0, Diff: 0.0, Sum: 0.1]
      [GC Worker Total (ms): Min: 170.3, Avg: 170.3, Max: 170.3, Diff: 0.0, Sum: 681.1]
      [GC Worker End (ms): Min: 373034.4, Avg: 373034.4, Max: 373034.4, Diff: 0.0]
   [Code Root Fixup: 0.0 ms]
   [Clear CT: 0.3 ms]
   [Other: 1.4 ms]
      [Choose CSet: 0.0 ms]
      [Ref Proc: 0.0 ms]
      [Ref Enq: 0.0 ms]
      [Free CSet: 0.2 ms]
   [Eden: 323.0M(323.0M)->0.0B(269.0M) Survivors: 28.0M->44.0M Heap: 1533.0M(2048.0M)->1371.5M(2048.0M)]
 [Times: user=0.66 sys=0.00, real=0.17 secs] 
373.106: [GC concurrent-mark-end, 0.7723330 secs]
373.107: [GC remark 373.107: [GC ref-proc, 0.0018473 secs], 0.0035629 secs]
 [Times: user=0.03 sys=0.00, real=0.00 secs] 
373.111: [GC cleanup 1421M->748M(2048M), 0.0014923 secs]
 [Times: user=0.00 sys=0.00, real=0.00 secs] 
373.113: [GC concurrent-cleanup-start]
373.114: [GC concurrent-cleanup-end, 0.0010378 secs]
373.331: [GC pause (young), 0.2309986 secs]
   [Parallel Time: 228.8 ms, GC Workers: 4]
      [GC Worker Start (ms): Min: 373331.7, Avg: 373331.7, Max: 373331.7, Diff: 0.0]
      [Ext Root Scanning (ms): Min: 1.2, Avg: 1.2, Max: 1.3, Diff: 0.0, Sum: 5.0]
      [Update RS (ms): Min: 35.3, Avg: 38.3, Max: 44.7, Diff: 9.4, Sum: 153.0]
         [Processed Buffers: Min: 166, Avg: 221.0, Max: 248, Diff: 82, Sum: 884]
      [Scan RS (ms): Min: 0.0, Avg: 0.2, Max: 0.5, Diff: 0.5, Sum: 1.0]
      [Object Copy (ms): Min: 182.7, Avg: 189.0, Max: 191.7, Diff: 8.9, Sum: 756.0]
      [Termination (ms): Min: 0.0, Avg: 0.0, Max: 0.0, Diff: 0.0, Sum: 0.0]
      [GC Worker Other (ms): Min: 0.0, Avg: 0.0, Max: 0.0, Diff: 0.0, Sum: 0.1]
      [GC Worker Total (ms): Min: 228.8, Avg: 228.8, Max: 228.8, Diff: 0.0, Sum: 915.1]
      [GC Worker End (ms): Min: 373560.5, Avg: 373560.5, Max: 373560.5, Diff: 0.0]
   [Code Root Fixup: 0.0 ms]
   [Clear CT: 0.1 ms]
   [Other: 2.1 ms]
      [Choose CSet: 0.0 ms]
      [Ref Proc: 0.0 ms]
      [Ref Enq: 0.0 ms]
      [Free CSet: 0.2 ms]
   [Eden: 269.0M(269.0M)->0.0B(62.0M) Survivors: 44.0M->40.0M Heap: 967.5M(2048.0M)->898.5M(2048.0M)]
 [Times: user=0.89 sys=0.00, real=0.23 secs] 
373.737: [GC pause (mixed), 0.0890318 secs]
   [Parallel Time: 86.8 ms, GC Workers: 4]
      [GC Worker Start (ms): Min: 373737.1, Avg: 373737.1, Max: 373737.1, Diff: 0.0]
      [Ext Root Scanning (ms): Min: 1.3, Avg: 1.4, Max: 1.4, Diff: 0.1, Sum: 5.5]
      [Update RS (ms): Min: 35.0, Avg: 35.7, Max: 37.4, Diff: 2.3, Sum: 142.6]
         [Processed Buffers: Min: 170, Avg: 226.5, Max: 261, Diff: 91, Sum: 906]
      [Scan RS (ms): Min: 1.8, Avg: 3.4, Max: 4.1, Diff: 2.4, Sum: 13.8]
      [Object Copy (ms): Min: 46.2, Avg: 46.3, Max: 46.3, Diff: 0.1, Sum: 185.1]
      [Termination (ms): Min: 0.0, Avg: 0.0, Max: 0.0, Diff: 0.0, Sum: 0.0]
      [GC Worker Other (ms): Min: 0.0, Avg: 0.0, Max: 0.0, Diff: 0.0, Sum: 0.1]
      [GC Worker Total (ms): Min: 86.8, Avg: 86.8, Max: 86.8, Diff: 0.0, Sum: 347.1]
      [GC Worker End (ms): Min: 373823.9, Avg: 373823.9, Max: 373823.9, Diff: 0.0]
   [Code Root Fixup: 0.0 ms]
   [Clear CT: 0.3 ms]
   [Other: 2.0 ms]
      [Choose CSet: 0.0 ms]
      [Ref Proc: 0.6 ms]
      [Ref Enq: 0.0 ms]
      [Free CSet: 0.3 ms]
   [Eden: 62.0M(62.0M)->0.0B(211.0M) Survivors: 40.0M->9216.0K Heap: 960.5M(2048.0M)->858.5M(2048.0M)]
 [Times: user=0.30 sys=0.00, real=0.09 secs] 
374.013: [GC pause (young), 0.1160585 secs]
   [Parallel Time: 114.3 ms, GC Workers: 4]
      [GC Worker Start (ms): Min: 374013.5, Avg: 374013.5, Max: 374013.5, Diff: 0.0]
      [Ext Root Scanning (ms): Min: 1.4, Avg: 1.4, Max: 1.4, Diff: 0.0, Sum: 5.5]
      [Update RS (ms): Min: 17.7, Avg: 18.1, Max: 19.1, Diff: 1.3, Sum: 72.5]
         [Processed Buffers: Min: 141, Avg: 189.0, Max: 233, Diff: 92, Sum: 756]
      [Scan RS (ms): Min: 0.0, Avg: 0.1, Max: 0.3, Diff: 0.3, Sum: 0.5]
      [Object Copy (ms): Min: 93.8, Avg: 94.6, Max: 94.9, Diff: 1.1, Sum: 378.6]
      [Termination (ms): Min: 0.0, Avg: 0.0, Max: 0.0, Diff: 0.0, Sum: 0.0]
      [GC Worker Other (ms): Min: 0.0, Avg: 0.0, Max: 0.0, Diff: 0.0, Sum: 0.1]
      [GC Worker Total (ms): Min: 114.3, Avg: 114.3, Max: 114.3, Diff: 0.0, Sum: 457.2]
      [GC Worker End (ms): Min: 374127.8, Avg: 374127.8, Max: 374127.8, Diff: 0.0]
   [Code Root Fixup: 0.0 ms]
   [Clear CT: 0.1 ms]
   [Other: 1.6 ms]
      [Choose CSet: 0.0 ms]
      [Ref Proc: 0.0 ms]
      [Ref Enq: 0.0 ms]
      [Free CSet: 0.3 ms]
   [Eden: 211.0M(211.0M)->0.0B(224.0M) Survivors: 9216.0K->28.0M Heap: 1069.5M(2048.0M)->969.5M(2048.0M)]
 [Times: user=0.42 sys=0.00, real=0.12 secs] 
374.338: [GC pause (young) (initial-mark), 0.1960152 secs]
   [Parallel Time: 194.0 ms, GC Workers: 4]
      [GC Worker Start (ms): Min: 374338.2, Avg: 374338.2, Max: 374338.2, Diff: 0.0]
      [Ext Root Scanning (ms): Min: 1.2, Avg: 1.2, Max: 1.3, Diff: 0.1, Sum: 5.0]
      [Update RS (ms): Min: 21.4, Avg: 21.5, Max: 21.5, Diff: 0.0, Sum: 85.8]
         [Processed Buffers: Min: 131, Avg: 133.3, Max: 138, Diff: 7, Sum: 533]
      [Scan RS (ms): Min: 0.2, Avg: 0.2, Max: 0.2, Diff: 0.0, Sum: 0.7]
      [Object Copy (ms): Min: 161.5, Avg: 163.9, Max: 171.0, Diff: 9.5, Sum: 655.5]
      [Termination (ms): Min: 0.0, Avg: 7.2, Max: 9.6, Diff: 9.6, Sum: 28.7]
      [GC Worker Other (ms): Min: 0.0, Avg: 0.0, Max: 0.0, Diff: 0.0, Sum: 0.1]
      [GC Worker Total (ms): Min: 193.9, Avg: 193.9, Max: 194.0, Diff: 0.1, Sum: 775.7]
      [GC Worker End (ms): Min: 374532.1, Avg: 374532.1, Max: 374532.2, Diff: 0.1]
   [Code Root Fixup: 0.0 ms]
   [Clear CT: 0.1 ms]
   [Other: 1.8 ms]
      [Choose CSet: 0.0 ms]
      [Ref Proc: 0.1 ms]
      [Ref Enq: 0.0 ms]
      [Free CSet: 0.2 ms]
   [Eden: 224.0M(224.0M)->0.0B(210.0M) Survivors: 28.0M->32.0M Heap: 1193.5M(2048.0M)->1139.5M(2048.0M)]
 [Times: user=0.78 sys=0.00, real=0.20 secs] 
374.534: [GC concurrent-root-region-scan-start]
374.605: [GC concurrent-root-region-scan-end, 0.0713290 secs]
374.605: [GC concurrent-mark-start]
374.827: [GC pause (young), 0.0793425 secs]
   [Parallel Time: 77.9 ms, GC Workers: 4]
      [GC Worker Start (ms): Min: 374827.1, Avg: 374827.1, Max: 374827.1, Diff: 0.0]
      [Ext Root Scanning (ms): Min: 1.3, Avg: 1.3, Max: 1.3, Diff: 0.0, Sum: 5.2]
      [SATB Filtering (ms): Min: 0.0, Avg: 0.4, Max: 1.8, Diff: 1.8, Sum: 1.8]
      [Update RS (ms): Min: 20.0, Avg: 21.4, Max: 21.8, Diff: 1.8, Sum: 85.4]
         [Processed Buffers: Min: 155, Avg: 206.8, Max: 252, Diff: 97, Sum: 827]
      [Scan RS (ms): Min: 0.1, Avg: 0.2, Max: 0.2, Diff: 0.0, Sum: 0.7]
      [Object Copy (ms): Min: 54.5, Avg: 54.6, Max: 54.6, Diff: 0.0, Sum: 218.3]
      [Termination (ms): Min: 0.0, Avg: 0.0, Max: 0.0, Diff: 0.0, Sum: 0.0]
      [GC Worker Other (ms): Min: 0.0, Avg: 0.0, Max: 0.0, Diff: 0.0, Sum: 0.1]
      [GC Worker Total (ms): Min: 77.8, Avg: 77.8, Max: 77.8, Diff: 0.0, Sum: 311.4]
      [GC Worker End (ms): Min: 374904.9, Avg: 374904.9, Max: 374904.9, Diff: 0.0]
   [Code Root Fixup: 0.0 ms]
   [Clear CT: 0.1 ms]
   [Other: 1.4 ms]
      [Choose CSet: 0.0 ms]
      [Ref Proc: 0.0 ms]
      [Ref Enq: 0.0 ms]
      [Free CSet: 0.2 ms]
   [Eden: 210.0M(210.0M)->0.0B(275.0M) Survivors: 32.0M->31.0M Heap: 1349.5M(2048.0M)->1174.0M(2048.0M)]
 [Times: user=0.31 sys=0.00, real=0.08 secs] 
375.141: [GC pause (young), 0.1407116 secs]
   [Parallel Time: 139.3 ms, GC Workers: 4]
      [GC Worker Start (ms): Min: 375141.6, Avg: 375141.6, Max: 375141.6, Diff: 0.0]
      [Ext Root Scanning (ms): Min: 1.3, Avg: 1.3, Max: 1.3, Diff: 0.0, Sum: 5.1]
      [SATB Filtering (ms): Min: 0.0, Avg: 0.7, Max: 2.6, Diff: 2.6, Sum: 2.6]
      [Update RS (ms): Min: 12.1, Avg: 14.0, Max: 14.7, Diff: 2.6, Sum: 56.1]
         [Processed Buffers: Min: 104, Avg: 114.0, Max: 119, Diff: 15, Sum: 456]
      [Scan RS (ms): Min: 0.3, Avg: 0.3, Max: 0.3, Diff: 0.0, Sum: 1.0]
      [Object Copy (ms): Min: 122.9, Avg: 123.0, Max: 123.1, Diff: 0.2, Sum: 491.8]
      [Termination (ms): Min: 0.0, Avg: 0.1, Max: 0.2, Diff: 0.2, Sum: 0.5]
      [GC Worker Other (ms): Min: 0.0, Avg: 0.0, Max: 0.0, Diff: 0.0, Sum: 0.0]
      [GC Worker Total (ms): Min: 139.3, Avg: 139.3, Max: 139.3, Diff: 0.0, Sum: 557.2]
      [GC Worker End (ms): Min: 375280.9, Avg: 375280.9, Max: 375280.9, Diff: 0.0]
   [Code Root Fixup: 0.0 ms]
   [Clear CT: 0.1 ms]
   [Other: 1.2 ms]
      [Choose CSet: 0.0 ms]
      [Ref Proc: 0.0 ms]
      [Ref Enq: 0.0 ms]
      [Free CSet: 0.2 ms]
   [Eden: 275.0M(275.0M)->0.0B(282.0M) Survivors: 31.0M->39.0M Heap: 1449.0M(2048.0M)->1299.0M(2048.0M)]
 [Times: user=0.53 sys=0.00, real=0.14 secs] 
375.381: [GC concurrent-mark-end, 0.7754437 secs]
375.396: [GC remark 375.396: [GC ref-proc, 0.0018833 secs], 0.0036937 secs]
 [Times: user=0.00 sys=0.00, real=0.00 secs] 
375.400: [GC cleanup 1404M->782M(2048M), 0.0015125 secs]
 [Times: user=0.05 sys=0.00, real=0.00 secs] 
375.401: [GC concurrent-cleanup-start]
375.402: [GC concurrent-cleanup-end, 0.0007277 secs]
375.577: [GC pause (young), 0.1832412 secs]
   [Parallel Time: 181.3 ms, GC Workers: 4]
      [GC Worker Start (ms): Min: 375577.2, Avg: 375577.2, Max: 375577.3, Diff: 0.1]
      [Ext Root Scanning (ms): Min: 1.4, Avg: 1.5, Max: 1.5, Diff: 0.1, Sum: 5.8]
      [Update RS (ms): Min: 20.3, Avg: 20.5, Max: 21.2, Diff: 0.9, Sum: 82.1]
         [Processed Buffers: Min: 147, Avg: 185.8, Max: 230, Diff: 83, Sum: 743]
      [Scan RS (ms): Min: 0.0, Avg: 0.5, Max: 0.7, Diff: 0.7, Sum: 1.9]
      [Object Copy (ms): Min: 158.6, Avg: 158.7, Max: 158.9, Diff: 0.3, Sum: 635.0]
      [Termination (ms): Min: 0.0, Avg: 0.0, Max: 0.0, Diff: 0.0, Sum: 0.0]
      [GC Worker Other (ms): Min: 0.0, Avg: 0.0, Max: 0.0, Diff: 0.0, Sum: 0.1]
      [GC Worker Total (ms): Min: 181.2, Avg: 181.2, Max: 181.2, Diff: 0.1, Sum: 724.9]
      [GC Worker End (ms): Min: 375758.4, Avg: 375758.4, Max: 375758.4, Diff: 0.0]
   [Code Root Fixup: 0.0 ms]
   [Clear CT: 0.1 ms]
   [Other: 1.9 ms]
      [Choose CSet: 0.0 ms]
      [Ref Proc: 0.1 ms]
      [Ref Enq: 0.0 ms]
      [Free CSet: 0.3 ms]
   [Eden: 282.0M(282.0M)->0.0B(61.0M) Survivors: 39.0M->41.0M Heap: 959.0M(2048.0M)->839.0M(2048.0M)]
 [Times: user=0.75 sys=0.00, real=0.18 secs] 
375.919: [GC pause (mixed), 0.0918499 secs]
   [Parallel Time: 87.1 ms, GC Workers: 4]
      [GC Worker Start (ms): Min: 375919.8, Avg: 375919.8, Max: 375919.8, Diff: 0.1]
      [Ext Root Scanning (ms): Min: 1.5, Avg: 1.6, Max: 1.9, Diff: 0.3, Sum: 6.6]
      [Update RS (ms): Min: 26.0, Avg: 26.2, Max: 26.3, Diff: 0.3, Sum: 104.7]
         [Processed Buffers: Min: 150, Avg: 177.8, Max: 191, Diff: 41, Sum: 711]
      [Scan RS (ms): Min: 2.7, Avg: 2.8, Max: 2.8, Diff: 0.1, Sum: 11.0]
      [Object Copy (ms): Min: 56.5, Avg: 56.5, Max: 56.5, Diff: 0.1, Sum: 226.0]
      [Termination (ms): Min: 0.0, Avg: 0.0, Max: 0.0, Diff: 0.0, Sum: 0.0]
      [GC Worker Other (ms): Min: 0.0, Avg: 0.0, Max: 0.0, Diff: 0.0, Sum: 0.1]
      [GC Worker Total (ms): Min: 87.0, Avg: 87.1, Max: 87.1, Diff: 0.1, Sum: 348.3]
      [GC Worker End (ms): Min: 376006.9, Avg: 376006.9, Max: 376006.9, Diff: 0.0]
   [Code Root Fixup: 0.0 ms]
   [Clear CT: 0.5 ms]
   [Other: 4.2 ms]
      [Choose CSet: 0.0 ms]
      [Ref Proc: 3.0 ms]
      [Ref Enq: 0.0 ms]
      [Free CSet: 0.3 ms]
   [Eden: 61.0M(61.0M)->0.0B(290.0M) Survivors: 41.0M->13.0M Heap: 900.0M(2048.0M)->808.0M(2048.0M)]
 [Times: user=0.30 sys=0.00, real=0.09 secs] 
376.345: [GC pause (young), 0.2382350 secs]
   [Parallel Time: 235.3 ms, GC Workers: 4]
      [GC Worker Start (ms): Min: 376345.8, Avg: 376345.9, Max: 376345.9, Diff: 0.0]
      [Ext Root Scanning (ms): Min: 1.2, Avg: 1.2, Max: 1.3, Diff: 0.1, Sum: 4.9]
      [Update RS (ms): Min: 19.5, Avg: 19.9, Max: 21.1, Diff: 1.6, Sum: 79.6]
         [Processed Buffers: Min: 200, Avg: 218.5, Max: 245, Diff: 45, Sum: 874]
      [Scan RS (ms): Min: 0.0, Avg: 0.1, Max: 0.2, Diff: 0.2, Sum: 0.5]
      [Object Copy (ms): Min: 212.9, Avg: 214.0, Max: 214.4, Diff: 1.5, Sum: 855.9]
      [Termination (ms): Min: 0.0, Avg: 0.0, Max: 0.0, Diff: 0.0, Sum: 0.0]
      [GC Worker Other (ms): Min: 0.0, Avg: 0.0, Max: 0.0, Diff: 0.0, Sum: 0.1]
      [GC Worker Total (ms): Min: 235.2, Avg: 235.3, Max: 235.3, Diff: 0.0, Sum: 941.0]
      [GC Worker End (ms): Min: 376581.1, Avg: 376581.1, Max: 376581.1, Diff: 0.0]
   [Code Root Fixup: 0.0 ms]
   [Clear CT: 0.5 ms]
   [Other: 2.4 ms]
      [Choose CSet: 0.0 ms]
      [Ref Proc: 0.1 ms]
      [Ref Enq: 0.0 ms]
      [Free CSet: 0.3 ms]
   [Eden: 290.0M(290.0M)->0.0B(192.0M) Survivors: 13.0M->38.0M Heap: 1098.0M(2048.0M)->1058.5M(2048.0M)]
 [Times: user=0.83 sys=0.00, real=0.24 secs] 
376.877: [GC pause (young) (initial-mark), 0.1626347 secs]
   [Parallel Time: 159.1 ms, GC Workers: 4]
      [GC Worker Start (ms): Min: 376877.1, Avg: 376877.2, Max: 376877.2, Diff: 0.1]
      [Ext Root Scanning (ms): Min: 1.2, Avg: 1.2, Max: 1.2, Diff: 0.1, Sum: 4.8]
      [Update RS (ms): Min: 33.0, Avg: 33.6, Max: 35.1, Diff: 2.1, Sum: 134.3]
         [Processed Buffers: Min: 239, Avg: 253.3, Max: 270, Diff: 31, Sum: 1013]
      [Scan RS (ms): Min: 5.3, Avg: 6.9, Max: 7.4, Diff: 2.1, Sum: 27.4]
      [Object Copy (ms): Min: 117.4, Avg: 117.4, Max: 117.4, Diff: 0.0, Sum: 469.5]
      [Termination (ms): Min: 0.0, Avg: 0.0, Max: 0.0, Diff: 0.0, Sum: 0.0]
      [GC Worker Other (ms): Min: 0.0, Avg: 0.0, Max: 0.0, Diff: 0.0, Sum: 0.1]
      [GC Worker Total (ms): Min: 159.0, Avg: 159.0, Max: 159.1, Diff: 0.1, Sum: 636.2]
      [GC Worker End (ms): Min: 377036.2, Avg: 377036.2, Max: 377036.2, Diff: 0.0]
   [Code Root Fixup: 0.0 ms]
   [Clear CT: 0.6 ms]
   [Other: 3.0 ms]
      [Choose CSet: 0.0 ms]
      [Ref Proc: 0.8 ms]
      [Ref Enq: 0.0 ms]
      [Free CSet: 0.2 ms]
   [Eden: 192.0M(192.0M)->0.0B(175.0M) Survivors: 38.0M->29.0M Heap: 1250.5M(2048.0M)->1163.5M(2048.0M)]
 [Times: user=0.59 sys=0.00, real=0.16 secs] 
377.040: [GC concurrent-root-region-scan-start]
377.101: [GC concurrent-root-region-scan-end, 0.0617097 secs]
377.101: [GC concurrent-mark-start]
377.307: [GC pause (young), 0.1140896 secs]
   [Parallel Time: 112.3 ms, GC Workers: 4]
      [GC Worker Start (ms): Min: 377307.9, Avg: 377307.9, Max: 377308.0, Diff: 0.0]
      [Ext Root Scanning (ms): Min: 1.2, Avg: 1.2, Max: 1.3, Diff: 0.0, Sum: 4.9]
      [SATB Filtering (ms): Min: 0.0, Avg: 0.8, Max: 3.1, Diff: 3.1, Sum: 3.1]
      [Update RS (ms): Min: 12.5, Avg: 14.7, Max: 15.6, Diff: 3.2, Sum: 59.0]
         [Processed Buffers: Min: 168, Avg: 200.5, Max: 221, Diff: 53, Sum: 802]
      [Scan RS (ms): Min: 1.0, Avg: 1.2, Max: 1.2, Diff: 0.2, Sum: 4.7]
      [Object Copy (ms): Min: 81.6, Avg: 84.8, Max: 94.3, Diff: 12.6, Sum: 339.2]
      [Termination (ms): Min: 0.0, Avg: 9.5, Max: 12.7, Diff: 12.7, Sum: 37.9]
      [GC Worker Other (ms): Min: 0.0, Avg: 0.0, Max: 0.0, Diff: 0.0, Sum: 0.0]
      [GC Worker Total (ms): Min: 112.2, Avg: 112.2, Max: 112.3, Diff: 0.1, Sum: 448.9]
      [GC Worker End (ms): Min: 377420.1, Avg: 377420.2, Max: 377420.3, Diff: 0.1]
   [Code Root Fixup: 0.0 ms]
   [Clear CT: 0.1 ms]
   [Other: 1.7 ms]
      [Choose CSet: 0.0 ms]
      [Ref Proc: 0.4 ms]
      [Ref Enq: 0.0 ms]
      [Free CSet: 0.2 ms]
   [Eden: 175.0M(175.0M)->0.0B(222.0M) Survivors: 29.0M->26.0M Heap: 1338.5M(2048.0M)->1232.5M(2048.0M)]
 [Times: user=0.41 sys=0.00, real=0.11 secs] 
377.604: [GC pause (young), 0.0996534 secs]
   [Parallel Time: 98.3 ms, GC Workers: 4]
      [GC Worker Start (ms): Min: 377604.3, Avg: 377604.3, Max: 377604.4, Diff: 0.1]
      [Ext Root Scanning (ms): Min: 1.2, Avg: 1.2, Max: 1.3, Diff: 0.1, Sum: 5.0]
      [SATB Filtering (ms): Min: 0.0, Avg: 0.8, Max: 3.0, Diff: 3.0, Sum: 3.0]
      [Update RS (ms): Min: 13.7, Avg: 16.0, Max: 16.9, Diff: 3.2, Sum: 64.0]
         [Processed Buffers: Min: 145, Avg: 148.8, Max: 156, Diff: 11, Sum: 595]
      [Scan RS (ms): Min: 0.1, Avg: 0.2, Max: 0.3, Diff: 0.2, Sum: 0.9]
      [Object Copy (ms): Min: 79.5, Avg: 79.5, Max: 79.7, Diff: 0.2, Sum: 318.2]
      [Termination (ms): Min: 0.0, Avg: 0.3, Max: 0.5, Diff: 0.5, Sum: 1.1]
      [GC Worker Other (ms): Min: 0.0, Avg: 0.0, Max: 0.0, Diff: 0.0, Sum: 0.0]
      [GC Worker Total (ms): Min: 97.9, Avg: 98.1, Max: 98.3, Diff: 0.4, Sum: 392.2]
      [GC Worker End (ms): Min: 377702.3, Avg: 377702.4, Max: 377702.6, Diff: 0.3]
   [Code Root Fixup: 0.0 ms]
   [Clear CT: 0.2 ms]
   [Other: 1.2 ms]
      [Choose CSet: 0.0 ms]
      [Ref Proc: 0.0 ms]
      [Ref Enq: 0.0 ms]
      [Free CSet: 0.2 ms]
   [Eden: 222.0M(222.0M)->0.0B(278.0M) Survivors: 26.0M->31.0M Heap: 1454.5M(2048.0M)->1307.5M(2048.0M)]
 [Times: user=0.36 sys=0.00, real=0.10 secs] 
377.819: [GC concurrent-mark-end, 0.7173895 secs]
377.819: [GC remark 377.819: [GC ref-proc, 0.0018400 secs], 0.0037502 secs]
 [Times: user=0.00 sys=0.00, real=0.00 secs] 
377.823: [GC cleanup 1421M->675M(2048M), 0.0014920 secs]
 [Times: user=0.00 sys=0.00, real=0.00 secs] 
377.825: [GC concurrent-cleanup-start]
377.826: [GC concurrent-cleanup-end, 0.0008724 secs]
377.984: [GC pause (young), 0.1770016 secs]
   [Parallel Time: 175.0 ms, GC Workers: 4]
      [GC Worker Start (ms): Min: 377984.3, Avg: 377984.3, Max: 377984.4, Diff: 0.0]
      [Ext Root Scanning (ms): Min: 1.3, Avg: 1.3, Max: 1.3, Diff: 0.0, Sum: 5.3]
      [Update RS (ms): Min: 27.8, Avg: 27.9, Max: 27.9, Diff: 0.0, Sum: 111.5]
         [Processed Buffers: Min: 150, Avg: 155.3, Max: 160, Diff: 10, Sum: 621]
      [Scan RS (ms): Min: 0.1, Avg: 0.1, Max: 0.1, Diff: 0.0, Sum: 0.5]
      [Object Copy (ms): Min: 145.7, Avg: 145.7, Max: 145.7, Diff: 0.0, Sum: 582.7]
      [Termination (ms): Min: 0.0, Avg: 0.0, Max: 0.0, Diff: 0.0, Sum: 0.0]
      [GC Worker Other (ms): Min: 0.0, Avg: 0.0, Max: 0.0, Diff: 0.0, Sum: 0.1]
      [GC Worker Total (ms): Min: 175.0, Avg: 175.0, Max: 175.0, Diff: 0.0, Sum: 700.0]
      [GC Worker End (ms): Min: 378159.3, Avg: 378159.3, Max: 378159.3, Diff: 0.0]
   [Code Root Fixup: 0.0 ms]
   [Clear CT: 0.1 ms]
   [Other: 1.9 ms]
      [Choose CSet: 0.0 ms]
      [Ref Proc: 0.4 ms]
      [Ref Enq: 0.0 ms]
      [Free CSet: 0.2 ms]
   [Eden: 278.0M(278.0M)->0.0B(229.0M) Survivors: 31.0M->39.0M Heap: 839.5M(2048.0M)->712.5M(2048.0M)]
 [Times: user=0.66 sys=0.00, real=0.18 secs] 
378.420: [GC pause (young), 0.1809568 secs]
   [Parallel Time: 179.0 ms, GC Workers: 4]
      [GC Worker Start (ms): Min: 378420.2, Avg: 378420.7, Max: 378422.0, Diff: 1.7]
      [Ext Root Scanning (ms): Min: 0.5, Avg: 7.9, Max: 26.7, Diff: 26.2, Sum: 31.5]
      [Update RS (ms): Min: 0.0, Avg: 16.9, Max: 23.1, Diff: 23.1, Sum: 67.4]
         [Processed Buffers: Min: 0, Avg: 166.3, Max: 239, Diff: 239, Sum: 665]
      [Scan RS (ms): Min: 0.1, Avg: 1.0, Max: 1.6, Diff: 1.5, Sum: 3.8]
      [Object Copy (ms): Min: 152.1, Avg: 152.9, Max: 153.2, Diff: 1.1, Sum: 611.5]
      [Termination (ms): Min: 0.0, Avg: 0.0, Max: 0.0, Diff: 0.0, Sum: 0.0]
      [GC Worker Other (ms): Min: 0.0, Avg: 0.0, Max: 0.0, Diff: 0.0, Sum: 0.1]
      [GC Worker Total (ms): Min: 177.3, Avg: 178.6, Max: 179.0, Diff: 1.7, Sum: 714.3]
      [GC Worker End (ms): Min: 378599.2, Avg: 378599.2, Max: 378599.2, Diff: 0.0]
   [Code Root Fixup: 0.0 ms]
   [Clear CT: 0.1 ms]
   [Other: 1.8 ms]
      [Choose CSet: 0.0 ms]
      [Ref Proc: 0.0 ms]
      [Ref Enq: 0.0 ms]
      [Free CSet: 0.2 ms]
   [Eden: 229.0M(229.0M)->0.0B(235.0M) Survivors: 39.0M->34.0M Heap: 941.5M(2048.0M)->859.0M(2048.0M)]
 [Times: user=0.64 sys=0.00, real=0.18 secs] 
378.890: [GC pause (young), 0.1644981 secs]
   [Parallel Time: 162.5 ms, GC Workers: 4]
      [GC Worker Start (ms): Min: 378890.0, Avg: 378890.0, Max: 378890.0, Diff: 0.0]
      [Ext Root Scanning (ms): Min: 1.5, Avg: 2.4, Max: 4.7, Diff: 3.3, Sum: 9.4]
      [Update RS (ms): Min: 21.2, Avg: 23.4, Max: 24.3, Diff: 3.1, Sum: 93.7]
         [Processed Buffers: Min: 174, Avg: 249.0, Max: 280, Diff: 106, Sum: 996]
      [Scan RS (ms): Min: 4.0, Avg: 4.0, Max: 4.0, Diff: 0.1, Sum: 16.0]
      [Object Copy (ms): Min: 132.5, Avg: 132.6, Max: 132.7, Diff: 0.2, Sum: 530.6]
      [Termination (ms): Min: 0.0, Avg: 0.0, Max: 0.0, Diff: 0.0, Sum: 0.0]
      [GC Worker Other (ms): Min: 0.0, Avg: 0.0, Max: 0.0, Diff: 0.0, Sum: 0.1]
      [GC Worker Total (ms): Min: 162.4, Avg: 162.4, Max: 162.4, Diff: 0.0, Sum: 649.8]
      [GC Worker End (ms): Min: 379052.4, Avg: 379052.4, Max: 379052.4, Diff: 0.0]
   [Code Root Fixup: 0.0 ms]
   [Clear CT: 0.3 ms]
   [Other: 1.8 ms]
      [Choose CSet: 0.0 ms]
      [Ref Proc: 0.0 ms]
      [Ref Enq: 0.0 ms]
      [Free CSet: 0.3 ms]
   [Eden: 235.0M(235.0M)->0.0B(228.0M) Survivors: 34.0M->34.0M Heap: 1094.0M(2048.0M)->988.0M(2048.0M)]
 [Times: user=0.67 sys=0.00, real=0.16 secs] 
379.310: [GC pause (young) (initial-mark), 0.1643428 secs]
   [Parallel Time: 162.2 ms, GC Workers: 4]
      [GC Worker Start (ms): Min: 379311.0, Avg: 379311.0, Max: 379311.0, Diff: 0.0]
      [Ext Root Scanning (ms): Min: 1.3, Avg: 1.5, Max: 2.2, Diff: 0.8, Sum: 6.2]
      [Update RS (ms): Min: 16.0, Avg: 16.6, Max: 16.8, Diff: 0.8, Sum: 66.4]
         [Processed Buffers: Min: 161, Avg: 170.3, Max: 179, Diff: 18, Sum: 681]
      [Scan RS (ms): Min: 0.6, Avg: 0.7, Max: 0.7, Diff: 0.1, Sum: 2.6]
      [Object Copy (ms): Min: 143.4, Avg: 143.4, Max: 143.4, Diff: 0.1, Sum: 573.7]
      [Termination (ms): Min: 0.0, Avg: 0.0, Max: 0.0, Diff: 0.0, Sum: 0.0]
      [GC Worker Other (ms): Min: 0.0, Avg: 0.0, Max: 0.0, Diff: 0.0, Sum: 0.1]
      [GC Worker Total (ms): Min: 162.2, Avg: 162.2, Max: 162.2, Diff: 0.0, Sum: 648.8]
      [GC Worker End (ms): Min: 379473.2, Avg: 379473.2, Max: 379473.2, Diff: 0.0]
   [Code Root Fixup: 0.0 ms]
   [Clear CT: 0.2 ms]
   [Other: 1.9 ms]
      [Choose CSet: 0.0 ms]
      [Ref Proc: 0.0 ms]
      [Ref Enq: 0.0 ms]
      [Free CSet: 0.2 ms]
   [Eden: 228.0M(228.0M)->0.0B(246.0M) Survivors: 34.0M->33.0M Heap: 1216.0M(2048.0M)->1119.5M(2048.0M)]
 [Times: user=0.62 sys=0.00, real=0.16 secs] 
379.475: [GC concurrent-root-region-scan-start]
379.536: [GC concurrent-root-region-scan-end, 0.0611359 secs]
379.536: [GC concurrent-mark-start]
379.734: [GC pause (young), 0.0603691 secs]
   [Parallel Time: 59.0 ms, GC Workers: 4]
      [GC Worker Start (ms): Min: 379734.7, Avg: 379734.7, Max: 379734.7, Diff: 0.0]
      [Ext Root Scanning (ms): Min: 1.2, Avg: 1.2, Max: 1.3, Diff: 0.1, Sum: 4.9]
      [SATB Filtering (ms): Min: 0.0, Avg: 0.1, Max: 0.3, Diff: 0.3, Sum: 0.3]
      [Update RS (ms): Min: 17.4, Avg: 17.6, Max: 17.7, Diff: 0.2, Sum: 70.3]
         [Processed Buffers: Min: 105, Avg: 107.8, Max: 111, Diff: 6, Sum: 431]
      [Scan RS (ms): Min: 0.5, Avg: 0.5, Max: 0.6, Diff: 0.1, Sum: 2.1]
      [Object Copy (ms): Min: 39.3, Avg: 39.4, Max: 39.4, Diff: 0.1, Sum: 157.4]
      [Termination (ms): Min: 0.0, Avg: 0.0, Max: 0.0, Diff: 0.0, Sum: 0.0]
      [GC Worker Other (ms): Min: 0.0, Avg: 0.1, Max: 0.3, Diff: 0.2, Sum: 0.3]
      [GC Worker Total (ms): Min: 58.8, Avg: 58.8, Max: 59.0, Diff: 0.2, Sum: 235.3]
      [GC Worker End (ms): Min: 379793.4, Avg: 379793.5, Max: 379793.7, Diff: 0.2]
   [Code Root Fixup: 0.0 ms]
   [Clear CT: 0.3 ms]
   [Other: 1.0 ms]
      [Choose CSet: 0.0 ms]
      [Ref Proc: 0.1 ms]
      [Ref Enq: 0.0 ms]
      [Free CSet: 0.2 ms]
   [Eden: 246.0M(246.0M)->0.0B(394.0M) Survivors: 33.0M->15.0M Heap: 1365.5M(2048.0M)->1135.0M(2048.0M)]
 [Times: user=0.23 sys=0.00, real=0.06 secs] 
380.098: [GC concurrent-mark-end, 0.5618931 secs]
380.098: [GC remark 380.100: [GC ref-proc, 0.0018332 secs], 0.0044436 secs]
 [Times: user=0.00 sys=0.00, real=0.00 secs] 
380.103: [GC cleanup 1466M->855M(2048M), 0.0015802 secs]
 [Times: user=0.00 sys=0.00, real=0.00 secs] 
380.105: [GC concurrent-cleanup-start]
380.106: [GC concurrent-cleanup-end, 0.0006944 secs]
380.172: [GC pause (young), 0.2429005 secs]
   [Parallel Time: 240.9 ms, GC Workers: 4]
      [GC Worker Start (ms): Min: 380172.2, Avg: 380172.4, Max: 380172.8, Diff: 0.6]
      [Ext Root Scanning (ms): Min: 0.9, Avg: 1.2, Max: 1.4, Diff: 0.5, Sum: 5.0]
      [Update RS (ms): Min: 24.1, Avg: 24.3, Max: 24.5, Diff: 0.3, Sum: 97.1]
         [Processed Buffers: Min: 160, Avg: 244.3, Max: 378, Diff: 218, Sum: 977]
      [Scan RS (ms): Min: 0.0, Avg: 0.1, Max: 0.2, Diff: 0.2, Sum: 0.3]
      [Object Copy (ms): Min: 215.0, Avg: 215.1, Max: 215.1, Diff: 0.1, Sum: 860.4]
      [Termination (ms): Min: 0.0, Avg: 0.0, Max: 0.0, Diff: 0.0, Sum: 0.0]
      [GC Worker Other (ms): Min: 0.0, Avg: 0.0, Max: 0.0, Diff: 0.0, Sum: 0.1]
      [GC Worker Total (ms): Min: 240.3, Avg: 240.7, Max: 240.9, Diff: 0.6, Sum: 962.8]
      [GC Worker End (ms): Min: 380413.1, Avg: 380413.1, Max: 380413.1, Diff: 0.0]
   [Code Root Fixup: 0.0 ms]
   [Clear CT: 0.1 ms]
   [Other: 1.9 ms]
      [Choose CSet: 0.0 ms]
      [Ref Proc: 0.0 ms]
      [Ref Enq: 0.0 ms]
      [Free CSet: 0.3 ms]
   [Eden: 394.0M(394.0M)->0.0B(50.0M) Survivors: 15.0M->52.0M Heap: 918.0M(2048.0M)->770.5M(2048.0M)]
 [Times: user=0.98 sys=0.00, real=0.24 secs] 
380.555: [GC pause (mixed), 0.0959551 secs]
   [Parallel Time: 94.1 ms, GC Workers: 4]
      [GC Worker Start (ms): Min: 380554.9, Avg: 380554.9, Max: 380555.0, Diff: 0.1]
      [Ext Root Scanning (ms): Min: 1.2, Avg: 1.2, Max: 1.3, Diff: 0.1, Sum: 5.0]
      [Update RS (ms): Min: 23.3, Avg: 23.4, Max: 23.4, Diff: 0.1, Sum: 93.5]
         [Processed Buffers: Min: 124, Avg: 126.3, Max: 127, Diff: 3, Sum: 505]
      [Scan RS (ms): Min: 15.8, Avg: 15.8, Max: 15.9, Diff: 0.1, Sum: 63.4]
      [Object Copy (ms): Min: 53.5, Avg: 53.6, Max: 53.6, Diff: 0.0, Sum: 214.2]
      [Termination (ms): Min: 0.0, Avg: 0.0, Max: 0.0, Diff: 0.0, Sum: 0.0]
      [GC Worker Other (ms): Min: 0.0, Avg: 0.0, Max: 0.0, Diff: 0.0, Sum: 0.1]
      [GC Worker Total (ms): Min: 94.0, Avg: 94.0, Max: 94.1, Diff: 0.1, Sum: 376.1]
      [GC Worker End (ms): Min: 380648.9, Avg: 380648.9, Max: 380648.9, Diff: 0.0]
   [Code Root Fixup: 0.0 ms]
   [Clear CT: 0.2 ms]
   [Other: 1.7 ms]
      [Choose CSet: 0.0 ms]
      [Ref Proc: 0.0 ms]
      [Ref Enq: 0.0 ms]
      [Free CSet: 0.3 ms]
   [Eden: 50.0M(50.0M)->0.0B(252.0M) Survivors: 52.0M->3072.0K Heap: 820.5M(2048.0M)->723.0M(2048.0M)]
 [Times: user=0.37 sys=0.00, real=0.10 secs] 
380.959: [GC pause (young), 0.1297798 secs]
   [Parallel Time: 128.2 ms, GC Workers: 4]
      [GC Worker Start (ms): Min: 380959.3, Avg: 380959.3, Max: 380959.3, Diff: 0.0]
      [Ext Root Scanning (ms): Min: 1.5, Avg: 1.5, Max: 1.6, Diff: 0.1, Sum: 6.1]
      [Update RS (ms): Min: 16.4, Avg: 17.3, Max: 18.1, Diff: 1.7, Sum: 69.0]
         [Processed Buffers: Min: 246, Avg: 317.3, Max: 378, Diff: 132, Sum: 1269]
      [Scan RS (ms): Min: 0.0, Avg: 0.1, Max: 0.1, Diff: 0.1, Sum: 0.3]
      [Object Copy (ms): Min: 108.5, Avg: 109.3, Max: 110.1, Diff: 1.6, Sum: 437.1]
      [Termination (ms): Min: 0.0, Avg: 0.0, Max: 0.0, Diff: 0.0, Sum: 0.0]
      [GC Worker Other (ms): Min: 0.0, Avg: 0.0, Max: 0.0, Diff: 0.0, Sum: 0.1]
      [GC Worker Total (ms): Min: 128.1, Avg: 128.1, Max: 128.1, Diff: 0.0, Sum: 512.5]
      [GC Worker End (ms): Min: 381087.5, Avg: 381087.5, Max: 381087.5, Diff: 0.0]
   [Code Root Fixup: 0.0 ms]
   [Clear CT: 0.1 ms]
   [Other: 1.5 ms]
      [Choose CSet: 0.0 ms]
      [Ref Proc: 0.0 ms]
      [Ref Enq: 0.0 ms]
      [Free CSet: 0.2 ms]
   [Eden: 252.0M(252.0M)->0.0B(70.0M) Survivors: 3072.0K->32.0M Heap: 975.0M(2048.0M)->859.5M(2048.0M)]
 [Times: user=0.48 sys=0.00, real=0.13 secs] 
381.143: [GC pause (young), 0.0572013 secs]
   [Parallel Time: 55.9 ms, GC Workers: 4]
      [GC Worker Start (ms): Min: 381143.2, Avg: 381143.2, Max: 381143.2, Diff: 0.0]
      [Ext Root Scanning (ms): Min: 1.3, Avg: 1.3, Max: 1.3, Diff: 0.0, Sum: 5.2]
      [Update RS (ms): Min: 23.5, Avg: 23.5, Max: 23.5, Diff: 0.0, Sum: 94.1]
         [Processed Buffers: Min: 126, Avg: 131.5, Max: 134, Diff: 8, Sum: 526]
      [Scan RS (ms): Min: 0.1, Avg: 0.1, Max: 0.1, Diff: 0.0, Sum: 0.5]
      [Object Copy (ms): Min: 30.9, Avg: 30.9, Max: 30.9, Diff: 0.0, Sum: 123.7]
      [Termination (ms): Min: 0.0, Avg: 0.0, Max: 0.0, Diff: 0.0, Sum: 0.0]
      [GC Worker Other (ms): Min: 0.0, Avg: 0.0, Max: 0.0, Diff: 0.0, Sum: 0.1]
      [GC Worker Total (ms): Min: 55.9, Avg: 55.9, Max: 55.9, Diff: 0.0, Sum: 223.6]
      [GC Worker End (ms): Min: 381199.1, Avg: 381199.1, Max: 381199.1, Diff: 0.0]
   [Code Root Fixup: 0.0 ms]
   [Clear CT: 0.1 ms]
   [Other: 1.2 ms]
      [Choose CSet: 0.0 ms]
      [Ref Proc: 0.4 ms]
      [Ref Enq: 0.0 ms]
      [Free CSet: 0.1 ms]
   [Eden: 70.0M(70.0M)->0.0B(119.0M) Survivors: 32.0M->6144.0K Heap: 929.5M(2048.0M)->866.0M(2048.0M)]
 [Times: user=0.19 sys=0.00, real=0.06 secs] 
381.305: [GC pause (young), 0.0919340 secs]
   [Parallel Time: 90.6 ms, GC Workers: 4]
      [GC Worker Start (ms): Min: 381305.6, Avg: 381305.6, Max: 381305.6, Diff: 0.0]
      [Ext Root Scanning (ms): Min: 1.3, Avg: 1.3, Max: 1.4, Diff: 0.1, Sum: 5.2]
      [Update RS (ms): Min: 13.6, Avg: 14.1, Max: 14.6, Diff: 1.0, Sum: 56.3]
         [Processed Buffers: Min: 123, Avg: 204.3, Max: 276, Diff: 153, Sum: 817]
      [Scan RS (ms): Min: 0.0, Avg: 0.1, Max: 0.4, Diff: 0.4, Sum: 0.4]
      [Object Copy (ms): Min: 74.7, Avg: 75.1, Max: 75.3, Diff: 0.5, Sum: 300.3]
      [Termination (ms): Min: 0.0, Avg: 0.0, Max: 0.0, Diff: 0.0, Sum: 0.0]
      [GC Worker Other (ms): Min: 0.0, Avg: 0.0, Max: 0.0, Diff: 0.0, Sum: 0.1]
      [GC Worker Total (ms): Min: 90.5, Avg: 90.6, Max: 90.6, Diff: 0.0, Sum: 362.2]
      [GC Worker End (ms): Min: 381396.1, Avg: 381396.1, Max: 381396.1, Diff: 0.0]
   [Code Root Fixup: 0.0 ms]
   [Clear CT: 0.2 ms]
   [Other: 1.2 ms]
      [Choose CSet: 0.0 ms]
      [Ref Proc: 0.0 ms]
      [Ref Enq: 0.0 ms]
      [Free CSet: 0.2 ms]
   [Eden: 119.0M(119.0M)->0.0B(162.0M) Survivors: 6144.0K->16.0M Heap: 985.0M(2048.0M)->955.5M(2048.0M)]
 [Times: user=0.37 sys=0.00, real=0.09 secs] 
381.543: [GC pause (young) (initial-mark), 0.1182779 secs]
   [Parallel Time: 116.8 ms, GC Workers: 4]
      [GC Worker Start (ms): Min: 381543.7, Avg: 381543.7, Max: 381543.7, Diff: 0.0]
      [Ext Root Scanning (ms): Min: 1.2, Avg: 1.2, Max: 1.3, Diff: 0.1, Sum: 4.9]
      [Update RS (ms): Min: 17.5, Avg: 17.6, Max: 17.7, Diff: 0.2, Sum: 70.2]
         [Processed Buffers: Min: 97, Avg: 114.3, Max: 125, Diff: 28, Sum: 457]
      [Scan RS (ms): Min: 0.1, Avg: 0.2, Max: 0.2, Diff: 0.1, Sum: 0.7]
      [Object Copy (ms): Min: 97.8, Avg: 97.8, Max: 97.8, Diff: 0.0, Sum: 391.3]
      [Termination (ms): Min: 0.0, Avg: 0.0, Max: 0.0, Diff: 0.0, Sum: 0.0]
      [GC Worker Other (ms): Min: 0.0, Avg: 0.0, Max: 0.0, Diff: 0.0, Sum: 0.0]
      [GC Worker Total (ms): Min: 116.8, Avg: 116.8, Max: 116.8, Diff: 0.0, Sum: 467.1]
      [GC Worker End (ms): Min: 381660.5, Avg: 381660.5, Max: 381660.5, Diff: 0.0]
   [Code Root Fixup: 0.0 ms]
   [Clear CT: 0.1 ms]
   [Other: 1.4 ms]
      [Choose CSet: 0.0 ms]
      [Ref Proc: 0.0 ms]
      [Ref Enq: 0.0 ms]
      [Free CSet: 0.2 ms]
   [Eden: 162.0M(162.0M)->0.0B(188.0M) Survivors: 16.0M->23.0M Heap: 1117.5M(2048.0M)->1059.5M(2048.0M)]
 [Times: user=0.45 sys=0.00, real=0.12 secs] 
381.662: [GC concurrent-root-region-scan-start]
381.686: [GC concurrent-root-region-scan-end, 0.0239087 secs]
381.686: [GC concurrent-mark-start]
381.861: [GC pause (young), 0.1223157 secs]
   [Parallel Time: 120.8 ms, GC Workers: 4]
      [GC Worker Start (ms): Min: 381861.6, Avg: 381861.6, Max: 381861.7, Diff: 0.0]
      [Ext Root Scanning (ms): Min: 1.3, Avg: 1.3, Max: 1.3, Diff: 0.0, Sum: 5.2]
      [SATB Filtering (ms): Min: 0.0, Avg: 0.8, Max: 3.0, Diff: 3.0, Sum: 3.0]
      [Update RS (ms): Min: 31.6, Avg: 33.9, Max: 34.9, Diff: 3.4, Sum: 135.7]
         [Processed Buffers: Min: 188, Avg: 212.3, Max: 229, Diff: 41, Sum: 849]
      [Scan RS (ms): Min: 0.0, Avg: 0.2, Max: 0.2, Diff: 0.2, Sum: 0.6]
      [Object Copy (ms): Min: 84.6, Avg: 84.7, Max: 84.7, Diff: 0.2, Sum: 338.7]
      [Termination (ms): Min: 0.0, Avg: 0.0, Max: 0.0, Diff: 0.0, Sum: 0.0]
      [GC Worker Other (ms): Min: 0.0, Avg: 0.0, Max: 0.0, Diff: 0.0, Sum: 0.1]
      [GC Worker Total (ms): Min: 120.8, Avg: 120.8, Max: 120.8, Diff: 0.0, Sum: 483.2]
      [GC Worker End (ms): Min: 381982.4, Avg: 381982.4, Max: 381982.4, Diff: 0.0]
   [Code Root Fixup: 0.0 ms]
   [Clear CT: 0.1 ms]
   [Other: 1.4 ms]
      [Choose CSet: 0.0 ms]
      [Ref Proc: 0.0 ms]
      [Ref Enq: 0.0 ms]
      [Free CSet: 0.2 ms]
   [Eden: 188.0M(188.0M)->0.0B(209.0M) Survivors: 23.0M->27.0M Heap: 1247.5M(2048.0M)->1144.5M(2048.0M)]
 [Times: user=0.50 sys=0.00, real=0.12 secs] 
382.211: [GC pause (young), 0.1238885 secs]
   [Parallel Time: 122.4 ms, GC Workers: 4]
      [GC Worker Start (ms): Min: 382211.1, Avg: 382211.1, Max: 382211.2, Diff: 0.0]
      [Ext Root Scanning (ms): Min: 1.2, Avg: 1.2, Max: 1.3, Diff: 0.0, Sum: 5.0]
      [SATB Filtering (ms): Min: 0.0, Avg: 0.7, Max: 2.8, Diff: 2.8, Sum: 2.8]
      [Update RS (ms): Min: 14.4, Avg: 16.6, Max: 17.4, Diff: 2.9, Sum: 66.2]
         [Processed Buffers: Min: 155, Avg: 165.8, Max: 175, Diff: 20, Sum: 663]
      [Scan RS (ms): Min: 1.2, Avg: 1.3, Max: 1.4, Diff: 0.2, Sum: 5.3]
      [Object Copy (ms): Min: 102.5, Avg: 102.5, Max: 102.5, Diff: 0.1, Sum: 410.1]
      [Termination (ms): Min: 0.0, Avg: 0.0, Max: 0.0, Diff: 0.0, Sum: 0.0]
      [GC Worker Other (ms): Min: 0.0, Avg: 0.0, Max: 0.0, Diff: 0.0, Sum: 0.1]
      [GC Worker Total (ms): Min: 122.3, Avg: 122.3, Max: 122.4, Diff: 0.0, Sum: 489.4]
      [GC Worker End (ms): Min: 382333.5, Avg: 382333.5, Max: 382333.5, Diff: 0.0]
   [Code Root Fixup: 0.0 ms]
   [Clear CT: 0.1 ms]
   [Other: 1.4 ms]
      [Choose CSet: 0.0 ms]
      [Ref Proc: 0.0 ms]
      [Ref Enq: 0.0 ms]
      [Free CSet: 0.2 ms]
   [Eden: 209.0M(209.0M)->0.0B(232.0M) Survivors: 27.0M->30.0M Heap: 1353.5M(2048.0M)->1250.0M(2048.0M)]
 [Times: user=0.50 sys=0.00, real=0.12 secs] 
382.411: [GC concurrent-mark-end, 0.7234075 secs]
382.414: [GC remark 382.414: [GC ref-proc, 0.0018037 secs], 0.0036947 secs]
 [Times: user=0.00 sys=0.00, real=0.00 secs] 
382.419: [GC cleanup 1348M->740M(2048M), 0.0025507 secs]
 [Times: user=0.00 sys=0.02, real=0.00 secs] 
382.422: [GC concurrent-cleanup-start]
382.423: [GC concurrent-cleanup-end, 0.0008425 secs]
382.544: [GC pause (young), 0.1700125 secs]
   [Parallel Time: 168.5 ms, GC Workers: 4]
      [GC Worker Start (ms): Min: 382544.8, Avg: 382544.8, Max: 382544.8, Diff: 0.0]
      [Ext Root Scanning (ms): Min: 1.2, Avg: 1.2, Max: 1.2, Diff: 0.0, Sum: 4.9]
      [Update RS (ms): Min: 26.2, Avg: 26.2, Max: 26.2, Diff: 0.0, Sum: 104.8]
         [Processed Buffers: Min: 182, Avg: 186.0, Max: 193, Diff: 11, Sum: 744]
      [Scan RS (ms): Min: 0.2, Avg: 0.3, Max: 0.4, Diff: 0.2, Sum: 1.0]
      [Object Copy (ms): Min: 127.9, Avg: 131.0, Max: 140.0, Diff: 12.1, Sum: 523.9]
      [Termination (ms): Min: 0.0, Avg: 9.2, Max: 12.5, Diff: 12.5, Sum: 36.9]
      [GC Worker Other (ms): Min: 0.0, Avg: 0.0, Max: 0.0, Diff: 0.0, Sum: 0.0]
      [GC Worker Total (ms): Min: 167.8, Avg: 167.9, Max: 168.2, Diff: 0.4, Sum: 671.6]
      [GC Worker End (ms): Min: 382712.6, Avg: 382712.7, Max: 382713.0, Diff: 0.4]
   [Code Root Fixup: 0.0 ms]
   [Clear CT: 0.1 ms]
   [Other: 1.4 ms]
      [Choose CSet: 0.0 ms]
      [Ref Proc: 0.1 ms]
      [Ref Enq: 0.0 ms]
      [Free CSet: 0.2 ms]
   [Eden: 232.0M(232.0M)->0.0B(69.0M) Survivors: 30.0M->33.0M Heap: 874.0M(2048.0M)->751.0M(2048.0M)]
 [Times: user=0.61 sys=0.01, real=0.17 secs] 
382.814: [GC pause (mixed), 0.0631606 secs]
   [Parallel Time: 61.4 ms, GC Workers: 4]
      [GC Worker Start (ms): Min: 382813.9, Avg: 382813.9, Max: 382813.9, Diff: 0.0]
      [Ext Root Scanning (ms): Min: 1.2, Avg: 1.2, Max: 1.2, Diff: 0.0, Sum: 4.9]
      [Update RS (ms): Min: 23.8, Avg: 23.8, Max: 23.8, Diff: 0.0, Sum: 95.3]
         [Processed Buffers: Min: 157, Avg: 167.8, Max: 178, Diff: 21, Sum: 671]
      [Scan RS (ms): Min: 0.6, Avg: 0.6, Max: 0.7, Diff: 0.0, Sum: 2.6]
      [Object Copy (ms): Min: 35.1, Avg: 35.1, Max: 35.2, Diff: 0.0, Sum: 140.5]
      [Termination (ms): Min: 0.0, Avg: 0.0, Max: 0.0, Diff: 0.0, Sum: 0.0]
      [GC Worker Other (ms): Min: 0.0, Avg: 0.1, Max: 0.3, Diff: 0.3, Sum: 0.5]
      [GC Worker Total (ms): Min: 60.8, Avg: 61.0, Max: 61.1, Diff: 0.3, Sum: 243.9]
      [GC Worker End (ms): Min: 382874.8, Avg: 382874.9, Max: 382875.0, Diff: 0.3]
   [Code Root Fixup: 0.0 ms]
   [Clear CT: 0.1 ms]
   [Other: 1.7 ms]
      [Choose CSet: 0.0 ms]
      [Ref Proc: 0.7 ms]
      [Ref Enq: 0.0 ms]
      [Free CSet: 0.2 ms]
   [Eden: 69.0M(69.0M)->0.0B(298.0M) Survivors: 33.0M->10.0M Heap: 820.0M(2048.0M)->731.5M(2048.0M)]
 [Times: user=0.25 sys=0.00, real=0.06 secs] 
383.159: [GC pause (young), 0.1936011 secs]
   [Parallel Time: 189.6 ms, GC Workers: 4]
      [GC Worker Start (ms): Min: 383159.7, Avg: 383159.7, Max: 383159.8, Diff: 0.0]
      [Ext Root Scanning (ms): Min: 1.2, Avg: 1.2, Max: 1.2, Diff: 0.0, Sum: 4.9]
      [Update RS (ms): Min: 13.8, Avg: 14.5, Max: 16.4, Diff: 2.6, Sum: 57.8]
         [Processed Buffers: Min: 126, Avg: 162.3, Max: 205, Diff: 79, Sum: 649]
      [Scan RS (ms): Min: 0.0, Avg: 0.2, Max: 0.2, Diff: 0.2, Sum: 0.6]
      [Object Copy (ms): Min: 171.7, Avg: 173.5, Max: 174.2, Diff: 2.5, Sum: 694.0]
      [Termination (ms): Min: 0.0, Avg: 0.0, Max: 0.0, Diff: 0.0, Sum: 0.0]
      [GC Worker Other (ms): Min: 0.0, Avg: 0.0, Max: 0.0, Diff: 0.0, Sum: 0.1]
      [GC Worker Total (ms): Min: 189.3, Avg: 189.4, Max: 189.4, Diff: 0.0, Sum: 757.4]
      [GC Worker End (ms): Min: 383349.1, Avg: 383349.1, Max: 383349.1, Diff: 0.0]
   [Code Root Fixup: 0.0 ms]
   [Clear CT: 0.1 ms]
   [Other: 3.9 ms]
      [Choose CSet: 0.0 ms]
      [Ref Proc: 2.3 ms]
      [Ref Enq: 0.0 ms]
      [Free CSet: 0.2 ms]
   [Eden: 298.0M(298.0M)->0.0B(208.0M) Survivors: 10.0M->39.0M Heap: 1029.5M(2048.0M)->938.5M(2048.0M)]
 [Times: user=0.64 sys=0.00, real=0.19 secs] 
383.594: [GC pause (young), 0.1411587 secs]
   [Parallel Time: 139.0 ms, GC Workers: 4]
      [GC Worker Start (ms): Min: 383594.4, Avg: 383594.4, Max: 383594.4, Diff: 0.0]
      [Ext Root Scanning (ms): Min: 1.2, Avg: 1.2, Max: 1.2, Diff: 0.0, Sum: 4.9]
      [Update RS (ms): Min: 16.6, Avg: 16.8, Max: 17.3, Diff: 0.8, Sum: 67.1]
         [Processed Buffers: Min: 163, Avg: 214.8, Max: 246, Diff: 83, Sum: 859]
      [Scan RS (ms): Min: 9.2, Avg: 9.7, Max: 9.9, Diff: 0.7, Sum: 38.8]
      [Object Copy (ms): Min: 111.2, Avg: 111.2, Max: 111.3, Diff: 0.0, Sum: 445.0]
      [Termination (ms): Min: 0.0, Avg: 0.0, Max: 0.0, Diff: 0.0, Sum: 0.0]
      [GC Worker Other (ms): Min: 0.0, Avg: 0.0, Max: 0.0, Diff: 0.0, Sum: 0.1]
      [GC Worker Total (ms): Min: 138.9, Avg: 138.9, Max: 138.9, Diff: 0.0, Sum: 555.8]
      [GC Worker End (ms): Min: 383733.4, Avg: 383733.4, Max: 383733.4, Diff: 0.0]
   [Code Root Fixup: 0.0 ms]
   [Clear CT: 0.2 ms]
   [Other: 2.0 ms]
      [Choose CSet: 0.0 ms]
      [Ref Proc: 0.2 ms]
      [Ref Enq: 0.0 ms]
      [Free CSet: 0.2 ms]
   [Eden: 208.0M(208.0M)->0.0B(158.0M) Survivors: 39.0M->31.0M Heap: 1146.5M(2048.0M)->1032.0M(2048.0M)]
 [Times: user=0.55 sys=0.00, real=0.14 secs] 
383.940: [GC pause (young) (initial-mark), 0.0751472 secs]
   [Parallel Time: 73.8 ms, GC Workers: 4]
      [GC Worker Start (ms): Min: 383940.8, Avg: 383941.0, Max: 383941.6, Diff: 0.8]
      [Ext Root Scanning (ms): Min: 0.8, Avg: 1.2, Max: 1.4, Diff: 0.6, Sum: 4.9]
      [Update RS (ms): Min: 17.5, Avg: 17.7, Max: 18.3, Diff: 0.8, Sum: 70.9]
         [Processed Buffers: Min: 130, Avg: 190.0, Max: 226, Diff: 96, Sum: 760]
      [Scan RS (ms): Min: 0.1, Avg: 0.6, Max: 0.8, Diff: 0.7, Sum: 2.6]
      [Object Copy (ms): Min: 53.8, Avg: 53.9, Max: 53.9, Diff: 0.1, Sum: 215.5]
      [Termination (ms): Min: 0.0, Avg: 0.0, Max: 0.0, Diff: 0.0, Sum: 0.0]
      [GC Worker Other (ms): Min: 0.0, Avg: 0.0, Max: 0.0, Diff: 0.0, Sum: 0.1]
      [GC Worker Total (ms): Min: 72.9, Avg: 73.5, Max: 73.7, Diff: 0.8, Sum: 294.0]
      [GC Worker End (ms): Min: 384014.5, Avg: 384014.5, Max: 384014.5, Diff: 0.0]
   [Code Root Fixup: 0.0 ms]
   [Clear CT: 0.1 ms]
   [Other: 1.2 ms]
      [Choose CSet: 0.0 ms]
      [Ref Proc: 0.0 ms]
      [Ref Enq: 0.0 ms]
      [Free CSet: 0.2 ms]
   [Eden: 158.0M(158.0M)->0.0B(259.0M) Survivors: 31.0M->24.0M Heap: 1190.0M(2048.0M)->1069.5M(2048.0M)]
 [Times: user=0.30 sys=0.00, real=0.08 secs] 
384.016: [GC concurrent-root-region-scan-start]
384.042: [GC concurrent-root-region-scan-end, 0.0260386 secs]
384.042: [GC concurrent-mark-start]
384.244: [GC pause (young), 0.1550096 secs]
   [Parallel Time: 153.6 ms, GC Workers: 4]
      [GC Worker Start (ms): Min: 384243.8, Avg: 384243.8, Max: 384243.8, Diff: 0.0]
      [Ext Root Scanning (ms): Min: 1.2, Avg: 1.2, Max: 1.2, Diff: 0.0, Sum: 4.9]
      [SATB Filtering (ms): Min: 0.0, Avg: 0.7, Max: 2.8, Diff: 2.8, Sum: 2.8]
      [Update RS (ms): Min: 16.9, Avg: 18.9, Max: 19.6, Diff: 2.7, Sum: 75.7]
         [Processed Buffers: Min: 110, Avg: 113.3, Max: 118, Diff: 8, Sum: 453]
      [Scan RS (ms): Min: 0.1, Avg: 0.1, Max: 0.1, Diff: 0.1, Sum: 0.4]
      [Object Copy (ms): Min: 132.1, Avg: 132.1, Max: 132.2, Diff: 0.1, Sum: 528.4]
      [Termination (ms): Min: 0.0, Avg: 0.1, Max: 0.2, Diff: 0.2, Sum: 0.4]
      [GC Worker Other (ms): Min: 0.0, Avg: 0.0, Max: 0.0, Diff: 0.0, Sum: 0.0]
      [GC Worker Total (ms): Min: 153.1, Avg: 153.2, Max: 153.2, Diff: 0.1, Sum: 612.7]
      [GC Worker End (ms): Min: 384396.9, Avg: 384396.9, Max: 384397.0, Diff: 0.1]
   [Code Root Fixup: 0.0 ms]
   [Clear CT: 0.1 ms]
   [Other: 1.3 ms]
      [Choose CSet: 0.0 ms]
      [Ref Proc: 0.0 ms]
      [Ref Enq: 0.0 ms]
      [Free CSet: 0.2 ms]
   [Eden: 259.0M(259.0M)->0.0B(221.0M) Survivors: 24.0M->36.0M Heap: 1328.5M(2048.0M)->1209.0M(2048.0M)]
 [Times: user=0.61 sys=0.00, real=0.15 secs] 
384.570: [GC pause (young), 0.0810516 secs]
   [Parallel Time: 79.7 ms, GC Workers: 4]
      [GC Worker Start (ms): Min: 384570.7, Avg: 384570.7, Max: 384570.7, Diff: 0.0]
      [Ext Root Scanning (ms): Min: 1.2, Avg: 1.3, Max: 1.3, Diff: 0.0, Sum: 5.0]
      [SATB Filtering (ms): Min: 0.0, Avg: 0.3, Max: 1.3, Diff: 1.3, Sum: 1.3]
      [Update RS (ms): Min: 21.8, Avg: 22.8, Max: 23.7, Diff: 1.9, Sum: 91.1]
         [Processed Buffers: Min: 155, Avg: 190.5, Max: 221, Diff: 66, Sum: 762]
      [Scan RS (ms): Min: 0.0, Avg: 0.2, Max: 0.3, Diff: 0.3, Sum: 0.7]
      [Object Copy (ms): Min: 54.7, Avg: 55.1, Max: 55.3, Diff: 0.6, Sum: 220.4]
      [Termination (ms): Min: 0.0, Avg: 0.0, Max: 0.0, Diff: 0.0, Sum: 0.0]
      [GC Worker Other (ms): Min: 0.0, Avg: 0.0, Max: 0.0, Diff: 0.0, Sum: 0.1]
      [GC Worker Total (ms): Min: 79.6, Avg: 79.6, Max: 79.7, Diff: 0.0, Sum: 318.6]
      [GC Worker End (ms): Min: 384650.3, Avg: 384650.3, Max: 384650.3, Diff: 0.0]
   [Code Root Fixup: 0.0 ms]
   [Clear CT: 0.2 ms]
   [Other: 1.1 ms]
      [Choose CSet: 0.0 ms]
      [Ref Proc: 0.0 ms]
      [Ref Enq: 0.0 ms]
      [Free CSet: 0.2 ms]
   [Eden: 221.0M(221.0M)->0.0B(334.0M) Survivors: 36.0M->28.0M Heap: 1430.0M(2048.0M)->1238.0M(2048.0M)]
 [Times: user=0.31 sys=0.00, real=0.08 secs] 
384.740: [GC concurrent-mark-end, 0.6978423 secs]
384.740: [GC remark 384.740: [GC ref-proc, 0.0017345 secs], 0.0032341 secs]
 [Times: user=0.00 sys=0.00, real=0.00 secs] 
384.744: [GC cleanup 1327M->647M(2048M), 0.0012899 secs]
 [Times: user=0.06 sys=0.00, real=0.00 secs] 
384.745: [GC concurrent-cleanup-start]
384.746: [GC concurrent-cleanup-end, 0.0008268 secs]
384.993: [GC pause (young), 0.2281760 secs]
   [Parallel Time: 225.9 ms, GC Workers: 4]
      [GC Worker Start (ms): Min: 384993.2, Avg: 384993.2, Max: 384993.2, Diff: 0.0]
      [Ext Root Scanning (ms): Min: 1.3, Avg: 1.3, Max: 1.3, Diff: 0.0, Sum: 5.0]
      [Update RS (ms): Min: 24.4, Avg: 24.4, Max: 24.5, Diff: 0.0, Sum: 97.8]
         [Processed Buffers: Min: 145, Avg: 152.5, Max: 168, Diff: 23, Sum: 610]
      [Scan RS (ms): Min: 0.1, Avg: 0.1, Max: 0.1, Diff: 0.0, Sum: 0.4]
      [Object Copy (ms): Min: 200.1, Avg: 200.1, Max: 200.1, Diff: 0.0, Sum: 800.3]
      [Termination (ms): Min: 0.0, Avg: 0.0, Max: 0.0, Diff: 0.0, Sum: 0.0]
      [GC Worker Other (ms): Min: 0.0, Avg: 0.0, Max: 0.0, Diff: 0.0, Sum: 0.1]
      [GC Worker Total (ms): Min: 225.9, Avg: 225.9, Max: 225.9, Diff: 0.0, Sum: 903.6]
      [GC Worker End (ms): Min: 385219.1, Avg: 385219.2, Max: 385219.2, Diff: 0.0]
   [Code Root Fixup: 0.0 ms]
   [Clear CT: 0.1 ms]
   [Other: 2.1 ms]
      [Choose CSet: 0.0 ms]
      [Ref Proc: 0.2 ms]
      [Ref Enq: 0.0 ms]
      [Free CSet: 0.3 ms]
   [Eden: 334.0M(334.0M)->0.0B(197.0M) Survivors: 28.0M->46.0M Heap: 892.0M(2048.0M)->776.0M(2048.0M)]
 [Times: user=0.90 sys=0.00, real=0.23 secs] 
385.494: [GC pause (young), 0.1834061 secs]
   [Parallel Time: 181.2 ms, GC Workers: 4]
      [GC Worker Start (ms): Min: 385494.9, Avg: 385494.9, Max: 385494.9, Diff: 0.0]
      [Ext Root Scanning (ms): Min: 1.2, Avg: 1.2, Max: 1.3, Diff: 0.0, Sum: 5.0]
      [Update RS (ms): Min: 18.2, Avg: 18.2, Max: 18.2, Diff: 0.1, Sum: 72.8]
         [Processed Buffers: Min: 150, Avg: 202.0, Max: 231, Diff: 81, Sum: 808]
      [Scan RS (ms): Min: 12.8, Avg: 20.2, Max: 42.3, Diff: 29.6, Sum: 80.8]
      [Object Copy (ms): Min: 119.4, Avg: 141.6, Max: 149.0, Diff: 29.6, Sum: 566.2]
      [Termination (ms): Min: 0.0, Avg: 0.0, Max: 0.0, Diff: 0.0, Sum: 0.0]
      [GC Worker Other (ms): Min: 0.0, Avg: 0.0, Max: 0.0, Diff: 0.0, Sum: 0.1]
      [GC Worker Total (ms): Min: 181.2, Avg: 181.2, Max: 181.2, Diff: 0.0, Sum: 724.9]
      [GC Worker End (ms): Min: 385676.1, Avg: 385676.1, Max: 385676.1, Diff: 0.0]
   [Code Root Fixup: 0.0 ms]
   [Clear CT: 0.1 ms]
   [Other: 2.1 ms]
      [Choose CSet: 0.0 ms]
      [Ref Proc: 0.0 ms]
      [Ref Enq: 0.0 ms]
      [Free CSet: 0.2 ms]
   [Eden: 197.0M(197.0M)->0.0B(124.0M) Survivors: 46.0M->31.0M Heap: 973.0M(2048.0M)->901.5M(2048.0M)]
 [Times: user=0.64 sys=0.00, real=0.18 secs] 
385.890: [GC pause (young), 0.0846379 secs]
   [Parallel Time: 83.3 ms, GC Workers: 4]
      [GC Worker Start (ms): Min: 385890.3, Avg: 385890.3, Max: 385890.3, Diff: 0.0]
      [Ext Root Scanning (ms): Min: 1.2, Avg: 1.2, Max: 1.3, Diff: 0.0, Sum: 5.0]
      [Update RS (ms): Min: 25.9, Avg: 29.4, Max: 39.8, Diff: 13.9, Sum: 117.5]
         [Processed Buffers: Min: 106, Avg: 209.0, Max: 245, Diff: 139, Sum: 836]
      [Scan RS (ms): Min: 0.0, Avg: 0.1, Max: 0.2, Diff: 0.2, Sum: 0.6]
      [Object Copy (ms): Min: 42.2, Avg: 52.4, Max: 55.9, Diff: 13.7, Sum: 209.8]
      [Termination (ms): Min: 0.0, Avg: 0.0, Max: 0.0, Diff: 0.0, Sum: 0.0]
      [GC Worker Other (ms): Min: 0.0, Avg: 0.0, Max: 0.0, Diff: 0.0, Sum: 0.1]
      [GC Worker Total (ms): Min: 83.2, Avg: 83.2, Max: 83.2, Diff: 0.0, Sum: 332.9]
      [GC Worker End (ms): Min: 385973.5, Avg: 385973.5, Max: 385973.5, Diff: 0.0]
   [Code Root Fixup: 0.0 ms]
   [Clear CT: 0.1 ms]
   [Other: 1.3 ms]
      [Choose CSet: 0.0 ms]
      [Ref Proc: 0.2 ms]
      [Ref Enq: 0.0 ms]
      [Free CSet: 0.2 ms]
   [Eden: 124.0M(124.0M)->0.0B(210.0M) Survivors: 31.0M->20.0M Heap: 1025.5M(2048.0M)->933.5M(2048.0M)]
 [Times: user=0.27 sys=0.00, real=0.09 secs] 
386.172: [GC pause (young), 0.1711575 secs]
   [Parallel Time: 168.4 ms, GC Workers: 4]
      [GC Worker Start (ms): Min: 386172.7, Avg: 386172.8, Max: 386172.9, Diff: 0.2]
      [Ext Root Scanning (ms): Min: 0.2, Avg: 1.3, Max: 1.8, Diff: 1.6, Sum: 5.2]
      [Update RS (ms): Min: 16.6, Avg: 16.8, Max: 17.0, Diff: 0.3, Sum: 67.1]
         [Processed Buffers: Min: 96, Avg: 100.5, Max: 105, Diff: 9, Sum: 402]
      [Scan RS (ms): Min: 0.1, Avg: 0.1, Max: 0.1, Diff: 0.0, Sum: 0.5]
      [Object Copy (ms): Min: 149.6, Avg: 150.1, Max: 151.4, Diff: 1.7, Sum: 600.4]
      [Termination (ms): Min: 0.0, Avg: 0.0, Max: 0.0, Diff: 0.0, Sum: 0.0]
      [GC Worker Other (ms): Min: 0.0, Avg: 0.0, Max: 0.0, Diff: 0.0, Sum: 0.1]
      [GC Worker Total (ms): Min: 168.2, Avg: 168.3, Max: 168.4, Diff: 0.2, Sum: 673.2]
      [GC Worker End (ms): Min: 386341.1, Avg: 386341.1, Max: 386341.1, Diff: 0.0]
   [Code Root Fixup: 0.0 ms]
   [Clear CT: 1.1 ms]
   [Other: 1.7 ms]
      [Choose CSet: 0.0 ms]
      [Ref Proc: 0.0 ms]
      [Ref Enq: 0.0 ms]
      [Free CSet: 0.2 ms]
   [Eden: 210.0M(210.0M)->0.0B(196.0M) Survivors: 20.0M->29.0M Heap: 1143.5M(2048.0M)->1102.0M(2048.0M)]
 [Times: user=0.67 sys=0.00, real=0.17 secs] 
386.575: [GC pause (young) (initial-mark), 0.1450637 secs]
   [Parallel Time: 143.1 ms, GC Workers: 4]
      [GC Worker Start (ms): Min: 386575.8, Avg: 386575.8, Max: 386575.8, Diff: 0.0]
      [Ext Root Scanning (ms): Min: 1.2, Avg: 1.3, Max: 1.3, Diff: 0.1, Sum: 5.0]
      [Update RS (ms): Min: 19.6, Avg: 19.7, Max: 19.7, Diff: 0.1, Sum: 78.7]
         [Processed Buffers: Min: 142, Avg: 188.5, Max: 229, Diff: 87, Sum: 754]
      [Scan RS (ms): Min: 2.9, Avg: 2.9, Max: 3.0, Diff: 0.1, Sum: 11.7]
      [Object Copy (ms): Min: 119.1, Avg: 119.2, Max: 119.2, Diff: 0.1, Sum: 476.7]
      [Termination (ms): Min: 0.0, Avg: 0.0, Max: 0.0, Diff: 0.0, Sum: 0.0]
      [GC Worker Other (ms): Min: 0.0, Avg: 0.0, Max: 0.0, Diff: 0.0, Sum: 0.1]
      [GC Worker Total (ms): Min: 143.1, Avg: 143.1, Max: 143.1, Diff: 0.0, Sum: 572.2]
      [GC Worker End (ms): Min: 386718.9, Avg: 386718.9, Max: 386718.9, Diff: 0.0]
   [Code Root Fixup: 0.0 ms]
   [Clear CT: 0.2 ms]
   [Other: 1.8 ms]
      [Choose CSet: 0.0 ms]
      [Ref Proc: 0.0 ms]
      [Ref Enq: 0.0 ms]
      [Free CSet: 0.2 ms]
   [Eden: 196.0M(196.0M)->0.0B(207.0M) Survivors: 29.0M->29.0M Heap: 1298.0M(2048.0M)->1214.5M(2048.0M)]
 [Times: user=0.50 sys=0.00, real=0.15 secs] 
386.721: [GC concurrent-root-region-scan-start]
386.751: [GC concurrent-root-region-scan-end, 0.0301493 secs]
386.751: [GC concurrent-mark-start]
386.983: [GC pause (young), 0.0897659 secs]
   [Parallel Time: 87.9 ms, GC Workers: 4]
      [GC Worker Start (ms): Min: 386983.5, Avg: 386983.5, Max: 386983.5, Diff: 0.0]
      [Ext Root Scanning (ms): Min: 1.2, Avg: 1.3, Max: 1.3, Diff: 0.1, Sum: 5.0]
      [SATB Filtering (ms): Min: 0.0, Avg: 0.7, Max: 2.7, Diff: 2.7, Sum: 2.7]
      [Update RS (ms): Min: 18.5, Avg: 20.4, Max: 21.0, Diff: 2.5, Sum: 81.5]
         [Processed Buffers: Min: 156, Avg: 212.5, Max: 248, Diff: 92, Sum: 850]
      [Scan RS (ms): Min: 0.5, Avg: 0.6, Max: 0.7, Diff: 0.3, Sum: 2.5]
      [Object Copy (ms): Min: 64.9, Avg: 65.0, Max: 65.0, Diff: 0.1, Sum: 259.9]
      [Termination (ms): Min: 0.0, Avg: 0.0, Max: 0.0, Diff: 0.0, Sum: 0.0]
      [GC Worker Other (ms): Min: 0.0, Avg: 0.0, Max: 0.0, Diff: 0.0, Sum: 0.1]
      [GC Worker Total (ms): Min: 87.9, Avg: 87.9, Max: 87.9, Diff: 0.0, Sum: 351.6]
      [GC Worker End (ms): Min: 387071.4, Avg: 387071.4, Max: 387071.4, Diff: 0.0]
   [Code Root Fixup: 0.0 ms]
   [Clear CT: 0.6 ms]
   [Other: 1.2 ms]
      [Choose CSet: 0.0 ms]
      [Ref Proc: 0.0 ms]
      [Ref Enq: 0.0 ms]
      [Free CSet: 0.3 ms]
   [Eden: 207.0M(207.0M)->0.0B(280.0M) Survivors: 29.0M->30.0M Heap: 1421.5M(2048.0M)->1264.5M(2048.0M)]
 [Times: user=0.36 sys=0.00, real=0.09 secs] 
387.317: [GC pause (young), 0.1418771 secs]
   [Parallel Time: 139.6 ms, GC Workers: 4]
      [GC Worker Start (ms): Min: 387317.4, Avg: 387317.5, Max: 387317.5, Diff: 0.0]
      [Ext Root Scanning (ms): Min: 1.3, Avg: 1.3, Max: 1.3, Diff: 0.0, Sum: 5.2]
      [SATB Filtering (ms): Min: 0.0, Avg: 0.7, Max: 2.8, Diff: 2.8, Sum: 2.8]
      [Update RS (ms): Min: 16.0, Avg: 18.1, Max: 18.8, Diff: 2.8, Sum: 72.5]
         [Processed Buffers: Min: 102, Avg: 112.3, Max: 122, Diff: 20, Sum: 449]
      [Scan RS (ms): Min: 0.1, Avg: 0.2, Max: 0.2, Diff: 0.1, Sum: 0.7]
      [Object Copy (ms): Min: 119.0, Avg: 119.1, Max: 119.1, Diff: 0.1, Sum: 476.3]
      [Termination (ms): Min: 0.0, Avg: 0.1, Max: 0.2, Diff: 0.2, Sum: 0.4]
      [GC Worker Other (ms): Min: 0.0, Avg: 0.0, Max: 0.0, Diff: 0.0, Sum: 0.1]
      [GC Worker Total (ms): Min: 139.4, Avg: 139.5, Max: 139.5, Diff: 0.0, Sum: 557.8]
      [GC Worker End (ms): Min: 387456.9, Avg: 387456.9, Max: 387456.9, Diff: 0.0]
   [Code Root Fixup: 0.0 ms]
   [Clear CT: 0.4 ms]
   [Other: 1.9 ms]
      [Choose CSet: 0.0 ms]
      [Ref Proc: 0.6 ms]
      [Ref Enq: 0.0 ms]
      [Free CSet: 0.2 ms]
   [Eden: 280.0M(280.0M)->0.0B(269.0M) Survivors: 30.0M->39.0M Heap: 1544.5M(2048.0M)->1391.0M(2048.0M)]
 [Times: user=0.58 sys=0.00, real=0.14 secs] 
387.513: [GC concurrent-mark-end, 0.7458387 secs]
387.520: [GC remark 387.520: [GC ref-proc, 0.0017912 secs], 0.0033913 secs]
 [Times: user=0.02 sys=0.00, real=0.00 secs] 
387.523: [GC cleanup 1422M->701M(2048M), 0.0013243 secs]
 [Times: user=0.00 sys=0.00, real=0.00 secs] 
387.525: [GC concurrent-cleanup-start]
387.526: [GC concurrent-cleanup-end, 0.0008384 secs]
387.772: [GC pause (young), 0.2238787 secs]
   [Parallel Time: 221.2 ms, GC Workers: 4]
      [GC Worker Start (ms): Min: 387772.4, Avg: 387772.4, Max: 387772.4, Diff: 0.0]
      [Ext Root Scanning (ms): Min: 1.2, Avg: 1.2, Max: 1.3, Diff: 0.0, Sum: 5.0]
      [Update RS (ms): Min: 30.6, Avg: 30.6, Max: 30.8, Diff: 0.2, Sum: 122.6]
         [Processed Buffers: Min: 184, Avg: 202.8, Max: 210, Diff: 26, Sum: 811]
      [Scan RS (ms): Min: 0.1, Avg: 1.1, Max: 3.9, Diff: 3.8, Sum: 4.6]
      [Object Copy (ms): Min: 185.3, Avg: 188.1, Max: 189.0, Diff: 3.7, Sum: 752.2]
      [Termination (ms): Min: 0.0, Avg: 0.0, Max: 0.0, Diff: 0.0, Sum: 0.0]
      [GC Worker Other (ms): Min: 0.0, Avg: 0.0, Max: 0.1, Diff: 0.1, Sum: 0.2]
      [GC Worker Total (ms): Min: 221.1, Avg: 221.1, Max: 221.1, Diff: 0.0, Sum: 884.5]
      [GC Worker End (ms): Min: 387993.6, Avg: 387993.6, Max: 387993.6, Diff: 0.0]
   [Code Root Fixup: 0.0 ms]
   [Clear CT: 0.5 ms]
   [Other: 2.2 ms]
      [Choose CSet: 0.0 ms]
      [Ref Proc: 0.3 ms]
      [Ref Enq: 0.0 ms]
      [Free CSet: 0.2 ms]
   [Eden: 269.0M(269.0M)->0.0B(63.0M) Survivors: 39.0M->39.0M Heap: 939.0M(2048.0M)->865.5M(2048.0M)]
 [Times: user=0.83 sys=0.00, real=0.22 secs] 
388.065: [GC pause (mixed), 0.1153491 secs]
   [Parallel Time: 114.0 ms, GC Workers: 4]
      [GC Worker Start (ms): Min: 388065.6, Avg: 388072.3, Max: 388091.9, Diff: 26.3]
      [Ext Root Scanning (ms): Min: 0.1, Avg: 1.3, Max: 1.8, Diff: 1.7, Sum: 5.0]
      [Update RS (ms): Min: 42.9, Avg: 61.3, Max: 67.5, Diff: 24.6, Sum: 245.2]
         [Processed Buffers: Min: 163, Avg: 313.5, Max: 367, Diff: 204, Sum: 1254]
      [Scan RS (ms): Min: 0.6, Avg: 0.7, Max: 0.8, Diff: 0.1, Sum: 2.7]
      [Object Copy (ms): Min: 43.9, Avg: 44.0, Max: 44.0, Diff: 0.1, Sum: 176.0]
      [Termination (ms): Min: 0.0, Avg: 0.0, Max: 0.0, Diff: 0.0, Sum: 0.0]
      [GC Worker Other (ms): Min: 0.0, Avg: 0.0, Max: 0.0, Diff: 0.0, Sum: 0.0]
      [GC Worker Total (ms): Min: 87.6, Avg: 107.3, Max: 113.9, Diff: 26.3, Sum: 429.0]
      [GC Worker End (ms): Min: 388179.5, Avg: 388179.5, Max: 388179.5, Diff: 0.0]
   [Code Root Fixup: 0.0 ms]
   [Clear CT: 0.2 ms]
   [Other: 1.2 ms]
      [Choose CSet: 0.0 ms]
      [Ref Proc: 0.0 ms]
      [Ref Enq: 0.0 ms]
      [Free CSet: 0.3 ms]
   [Eden: 63.0M(63.0M)->0.0B(180.0M) Survivors: 39.0M->2048.0K Heap: 928.5M(2048.0M)->827.5M(2048.0M)]
 [Times: user=0.39 sys=0.02, real=0.12 secs] 
388.332: [GC pause (young), 0.0868310 secs]
   [Parallel Time: 85.3 ms, GC Workers: 4]
      [GC Worker Start (ms): Min: 388332.7, Avg: 388332.7, Max: 388332.8, Diff: 0.0]
      [Ext Root Scanning (ms): Min: 1.2, Avg: 1.2, Max: 1.2, Diff: 0.0, Sum: 4.9]
      [Update RS (ms): Min: 15.3, Avg: 15.5, Max: 16.1, Diff: 0.8, Sum: 61.9]
         [Processed Buffers: Min: 237, Avg: 265.3, Max: 346, Diff: 109, Sum: 1061]
      [Scan RS (ms): Min: 0.0, Avg: 0.1, Max: 0.1, Diff: 0.1, Sum: 0.2]
      [Object Copy (ms): Min: 68.0, Avg: 68.5, Max: 68.7, Diff: 0.7, Sum: 274.1]
      [Termination (ms): Min: 0.0, Avg: 0.0, Max: 0.0, Diff: 0.0, Sum: 0.0]
      [GC Worker Other (ms): Min: 0.0, Avg: 0.0, Max: 0.0, Diff: 0.0, Sum: 0.1]
      [GC Worker Total (ms): Min: 85.3, Avg: 85.3, Max: 85.3, Diff: 0.0, Sum: 341.2]
      [GC Worker End (ms): Min: 388418.1, Avg: 388418.1, Max: 388418.1, Diff: 0.0]
   [Code Root Fixup: 0.0 ms]
   [Clear CT: 0.3 ms]
   [Other: 1.2 ms]
      [Choose CSet: 0.0 ms]
      [Ref Proc: 0.0 ms]
      [Ref Enq: 0.0 ms]
      [Free CSet: 0.2 ms]
   [Eden: 180.0M(180.0M)->0.0B(193.0M) Survivors: 2048.0K->23.0M Heap: 1007.5M(2048.0M)->910.5M(2048.0M)]
 [Times: user=0.31 sys=0.00, real=0.09 secs] 
388.604: [GC pause (young), 0.1746277 secs]
   [Parallel Time: 173.0 ms, GC Workers: 4]
      [GC Worker Start (ms): Min: 388604.2, Avg: 388604.2, Max: 388604.2, Diff: 0.0]
      [Ext Root Scanning (ms): Min: 1.2, Avg: 1.2, Max: 1.2, Diff: 0.0, Sum: 4.9]
      [Update RS (ms): Min: 18.8, Avg: 18.8, Max: 18.8, Diff: 0.0, Sum: 75.3]
         [Processed Buffers: Min: 100, Avg: 110.5, Max: 117, Diff: 17, Sum: 442]
      [Scan RS (ms): Min: 0.2, Avg: 0.2, Max: 0.2, Diff: 0.0, Sum: 0.8]
      [Object Copy (ms): Min: 152.7, Avg: 152.7, Max: 152.7, Diff: 0.0, Sum: 610.7]
      [Termination (ms): Min: 0.0, Avg: 0.0, Max: 0.0, Diff: 0.0, Sum: 0.0]
      [GC Worker Other (ms): Min: 0.0, Avg: 0.0, Max: 0.0, Diff: 0.0, Sum: 0.1]
      [GC Worker Total (ms): Min: 172.9, Avg: 173.0, Max: 173.0, Diff: 0.0, Sum: 691.8]
      [GC Worker End (ms): Min: 388777.2, Avg: 388777.2, Max: 388777.2, Diff: 0.0]
   [Code Root Fixup: 0.0 ms]
   [Clear CT: 0.1 ms]
   [Other: 1.6 ms]
      [Choose CSet: 0.0 ms]
      [Ref Proc: 0.1 ms]
      [Ref Enq: 0.0 ms]
      [Free CSet: 0.2 ms]
   [Eden: 193.0M(193.0M)->0.0B(184.0M) Survivors: 23.0M->27.0M Heap: 1103.5M(2048.0M)->1071.5M(2048.0M)]
 [Times: user=0.64 sys=0.00, real=0.17 secs] 
388.999: [GC pause (young) (initial-mark), 0.1128497 secs]
   [Parallel Time: 110.2 ms, GC Workers: 4]
      [GC Worker Start (ms): Min: 388999.1, Avg: 388999.1, Max: 388999.1, Diff: 0.0]
      [Ext Root Scanning (ms): Min: 1.2, Avg: 1.3, Max: 1.3, Diff: 0.1, Sum: 5.0]
      [Update RS (ms): Min: 20.4, Avg: 20.5, Max: 20.7, Diff: 0.3, Sum: 81.9]
         [Processed Buffers: Min: 172, Avg: 196.0, Max: 218, Diff: 46, Sum: 784]
      [Scan RS (ms): Min: 0.0, Avg: 0.2, Max: 0.3, Diff: 0.3, Sum: 0.8]
      [Object Copy (ms): Min: 88.2, Avg: 88.2, Max: 88.3, Diff: 0.0, Sum: 352.9]
      [Termination (ms): Min: 0.0, Avg: 0.0, Max: 0.0, Diff: 0.0, Sum: 0.0]
      [GC Worker Other (ms): Min: 0.0, Avg: 0.0, Max: 0.0, Diff: 0.0, Sum: 0.1]
      [GC Worker Total (ms): Min: 110.2, Avg: 110.2, Max: 110.2, Diff: 0.0, Sum: 440.7]
      [GC Worker End (ms): Min: 389109.3, Avg: 389109.3, Max: 389109.3, Diff: 0.0]
   [Code Root Fixup: 0.0 ms]
   [Clear CT: 0.6 ms]
   [Other: 2.1 ms]
      [Choose CSet: 0.0 ms]
      [Ref Proc: 0.6 ms]
      [Ref Enq: 0.0 ms]
      [Free CSet: 0.2 ms]
   [Eden: 184.0M(184.0M)->0.0B(226.0M) Survivors: 27.0M->27.0M Heap: 1255.5M(2048.0M)->1150.0M(2048.0M)]
 [Times: user=0.41 sys=0.00, real=0.11 secs] 
389.112: [GC concurrent-root-region-scan-start]
389.140: [GC concurrent-root-region-scan-end, 0.0280896 secs]
389.140: [GC concurrent-mark-start]
389.337: [GC pause (young), 0.1077105 secs]
   [Parallel Time: 106.3 ms, GC Workers: 4]
      [GC Worker Start (ms): Min: 389337.7, Avg: 389337.7, Max: 389337.7, Diff: 0.0]
      [Ext Root Scanning (ms): Min: 1.3, Avg: 1.3, Max: 1.4, Diff: 0.1, Sum: 5.4]
      [SATB Filtering (ms): Min: 0.0, Avg: 0.8, Max: 3.1, Diff: 3.1, Sum: 3.1]
      [Update RS (ms): Min: 15.5, Avg: 17.8, Max: 18.7, Diff: 3.3, Sum: 71.4]
         [Processed Buffers: Min: 100, Avg: 174.0, Max: 220, Diff: 120, Sum: 696]
      [Scan RS (ms): Min: 0.3, Avg: 0.4, Max: 0.5, Diff: 0.2, Sum: 1.6]
      [Object Copy (ms): Min: 85.8, Avg: 85.9, Max: 85.9, Diff: 0.1, Sum: 343.6]
      [Termination (ms): Min: 0.0, Avg: 0.0, Max: 0.0, Diff: 0.0, Sum: 0.0]
      [GC Worker Other (ms): Min: 0.0, Avg: 0.0, Max: 0.0, Diff: 0.0, Sum: 0.1]
      [GC Worker Total (ms): Min: 106.3, Avg: 106.3, Max: 106.3, Diff: 0.0, Sum: 425.1]
      [GC Worker End (ms): Min: 389443.9, Avg: 389443.9, Max: 389443.9, Diff: 0.0]
   [Code Root Fixup: 0.0 ms]
   [Clear CT: 0.2 ms]
   [Other: 1.3 ms]
      [Choose CSet: 0.0 ms]
      [Ref Proc: 0.0 ms]
      [Ref Enq: 0.0 ms]
      [Free CSet: 0.2 ms]
   [Eden: 226.0M(226.0M)->0.0B(279.0M) Survivors: 27.0M->32.0M Heap: 1376.0M(2048.0M)->1231.0M(2048.0M)]
 [Times: user=0.41 sys=0.00, real=0.11 secs] 
389.688: [GC pause (young), 0.1118680 secs]
   [Parallel Time: 110.4 ms, GC Workers: 4]
      [GC Worker Start (ms): Min: 389688.2, Avg: 389688.2, Max: 389688.2, Diff: 0.0]
      [Ext Root Scanning (ms): Min: 1.3, Avg: 1.3, Max: 1.3, Diff: 0.0, Sum: 5.1]
      [SATB Filtering (ms): Min: 0.0, Avg: 0.8, Max: 3.1, Diff: 3.1, Sum: 3.1]
      [Update RS (ms): Min: 20.6, Avg: 22.0, Max: 25.9, Diff: 5.3, Sum: 88.1]
         [Processed Buffers: Min: 130, Avg: 140.0, Max: 158, Diff: 28, Sum: 560]
      [Scan RS (ms): Min: 0.0, Avg: 0.2, Max: 0.4, Diff: 0.4, Sum: 0.8]
      [Object Copy (ms): Min: 80.1, Avg: 86.1, Max: 88.1, Diff: 8.0, Sum: 344.3]
      [Termination (ms): Min: 0.0, Avg: 0.0, Max: 0.0, Diff: 0.0, Sum: 0.0]
      [GC Worker Other (ms): Min: 0.0, Avg: 0.0, Max: 0.0, Diff: 0.0, Sum: 0.1]
      [GC Worker Total (ms): Min: 110.3, Avg: 110.4, Max: 110.4, Diff: 0.0, Sum: 441.4]
      [GC Worker End (ms): Min: 389798.6, Avg: 389798.6, Max: 389798.6, Diff: 0.0]
   [Code Root Fixup: 0.0 ms]
   [Clear CT: 0.1 ms]
   [Other: 1.4 ms]
      [Choose CSet: 0.0 ms]
      [Ref Proc: 0.2 ms]
      [Ref Enq: 0.0 ms]
      [Free CSet: 0.3 ms]
   [Eden: 279.0M(279.0M)->0.0B(308.0M) Survivors: 32.0M->39.0M Heap: 1510.0M(2048.0M)->1308.5M(2048.0M)]
 [Times: user=0.42 sys=0.00, real=0.11 secs] 
389.852: [GC concurrent-mark-end, 0.7123074 secs]
389.857: [GC remark 389.857: [GC ref-proc, 0.0018114 secs], 0.0038557 secs]
 [Times: user=0.05 sys=0.00, real=0.00 secs] 
389.861: [GC cleanup 1350M->633M(2048M), 0.0020446 secs]
 [Times: user=0.00 sys=0.00, real=0.00 secs] 
389.864: [GC concurrent-cleanup-start]
389.865: [GC concurrent-cleanup-end, 0.0009804 secs]
390.129: [GC pause (young), 0.2403816 secs]
   [Parallel Time: 238.2 ms, GC Workers: 4]
      [GC Worker Start (ms): Min: 390129.3, Avg: 390129.3, Max: 390129.3, Diff: 0.0]
      [Ext Root Scanning (ms): Min: 1.2, Avg: 1.2, Max: 1.2, Diff: 0.0, Sum: 4.8]
      [Update RS (ms): Min: 21.7, Avg: 21.7, Max: 21.7, Diff: 0.0, Sum: 86.8]
         [Processed Buffers: Min: 125, Avg: 131.5, Max: 135, Diff: 10, Sum: 526]
      [Scan RS (ms): Min: 0.2, Avg: 0.2, Max: 0.3, Diff: 0.1, Sum: 0.9]
      [Object Copy (ms): Min: 214.9, Avg: 214.9, Max: 214.9, Diff: 0.1, Sum: 859.7]
      [Termination (ms): Min: 0.0, Avg: 0.0, Max: 0.0, Diff: 0.0, Sum: 0.0]
      [GC Worker Other (ms): Min: 0.0, Avg: 0.0, Max: 0.0, Diff: 0.0, Sum: 0.1]
      [GC Worker Total (ms): Min: 238.1, Avg: 238.1, Max: 238.1, Diff: 0.0, Sum: 952.3]
      [GC Worker End (ms): Min: 390367.4, Avg: 390367.4, Max: 390367.4, Diff: 0.0]
   [Code Root Fixup: 0.0 ms]
   [Clear CT: 0.1 ms]
   [Other: 2.0 ms]
      [Choose CSet: 0.0 ms]
      [Ref Proc: 0.1 ms]
      [Ref Enq: 0.0 ms]
      [Free CSet: 0.3 ms]
   [Eden: 308.0M(308.0M)->0.0B(220.0M) Survivors: 39.0M->44.0M Heap: 899.5M(2048.0M)->818.0M(2048.0M)]
 [Times: user=0.84 sys=0.00, real=0.24 secs] 
390.681: [GC pause (young), 0.1514938 secs]
   [Parallel Time: 149.3 ms, GC Workers: 4]
      [GC Worker Start (ms): Min: 390681.2, Avg: 390683.9, Max: 390691.8, Diff: 10.6]
      [Ext Root Scanning (ms): Min: 0.1, Avg: 1.2, Max: 1.7, Diff: 1.7, Sum: 5.0]
      [Update RS (ms): Min: 9.9, Avg: 16.5, Max: 18.8, Diff: 8.9, Sum: 66.1]
         [Processed Buffers: Min: 159, Avg: 220.8, Max: 251, Diff: 92, Sum: 883]
      [Scan RS (ms): Min: 12.3, Avg: 12.4, Max: 12.4, Diff: 0.1, Sum: 49.4]
      [Object Copy (ms): Min: 116.3, Avg: 116.5, Max: 116.7, Diff: 0.4, Sum: 465.8]
      [Termination (ms): Min: 0.0, Avg: 0.0, Max: 0.0, Diff: 0.0, Sum: 0.0]
      [GC Worker Other (ms): Min: 0.0, Avg: 0.0, Max: 0.0, Diff: 0.0, Sum: 0.1]
      [GC Worker Total (ms): Min: 138.7, Avg: 146.6, Max: 149.3, Diff: 10.6, Sum: 586.4]
      [GC Worker End (ms): Min: 390830.5, Avg: 390830.5, Max: 390830.5, Diff: 0.0]
   [Code Root Fixup: 0.0 ms]
   [Clear CT: 0.1 ms]
   [Other: 2.1 ms]
      [Choose CSet: 0.0 ms]
      [Ref Proc: 0.3 ms]
      [Ref Enq: 0.0 ms]
      [Free CSet: 0.2 ms]
   [Eden: 220.0M(220.0M)->0.0B(153.0M) Survivors: 44.0M->33.0M Heap: 1038.0M(2048.0M)->913.0M(2048.0M)]
 [Times: user=0.58 sys=0.00, real=0.15 secs] 
391.037: [GC pause (young), 0.1050722 secs]
   [Parallel Time: 103.5 ms, GC Workers: 4]
      [GC Worker Start (ms): Min: 391036.9, Avg: 391036.9, Max: 391036.9, Diff: 0.0]
      [Ext Root Scanning (ms): Min: 1.2, Avg: 1.2, Max: 1.2, Diff: 0.0, Sum: 4.9]
      [Update RS (ms): Min: 17.2, Avg: 17.2, Max: 17.2, Diff: 0.0, Sum: 68.8]
         [Processed Buffers: Min: 143, Avg: 166.8, Max: 183, Diff: 40, Sum: 667]
      [Scan RS (ms): Min: 0.3, Avg: 0.4, Max: 0.4, Diff: 0.1, Sum: 1.4]
      [Object Copy (ms): Min: 84.6, Avg: 84.7, Max: 84.7, Diff: 0.1, Sum: 338.7]
      [Termination (ms): Min: 0.0, Avg: 0.0, Max: 0.0, Diff: 0.0, Sum: 0.0]
      [GC Worker Other (ms): Min: 0.0, Avg: 0.0, Max: 0.0, Diff: 0.0, Sum: 0.1]
      [GC Worker Total (ms): Min: 103.5, Avg: 103.5, Max: 103.5, Diff: 0.0, Sum: 413.9]
      [GC Worker End (ms): Min: 391140.4, Avg: 391140.4, Max: 391140.4, Diff: 0.0]
   [Code Root Fixup: 0.0 ms]
   [Clear CT: 0.3 ms]
   [Other: 1.3 ms]
      [Choose CSet: 0.0 ms]
      [Ref Proc: 0.0 ms]
      [Ref Enq: 0.0 ms]
      [Free CSet: 0.2 ms]
   [Eden: 153.0M(153.0M)->0.0B(264.0M) Survivors: 33.0M->24.0M Heap: 1066.0M(2048.0M)->986.0M(2048.0M)]
 [Times: user=0.42 sys=0.00, real=0.11 secs] 
391.375: [GC pause (young) (initial-mark), 0.1626924 secs]
   [Parallel Time: 160.6 ms, GC Workers: 4]
      [GC Worker Start (ms): Min: 391375.2, Avg: 391375.2, Max: 391375.2, Diff: 0.0]
      [Ext Root Scanning (ms): Min: 1.2, Avg: 1.3, Max: 1.4, Diff: 0.2, Sum: 5.1]
      [Update RS (ms): Min: 18.5, Avg: 18.6, Max: 18.7, Diff: 0.1, Sum: 74.5]
         [Processed Buffers: Min: 123, Avg: 123.8, Max: 125, Diff: 2, Sum: 495]
      [Scan RS (ms): Min: 0.3, Avg: 0.3, Max: 0.3, Diff: 0.0, Sum: 1.1]
      [Object Copy (ms): Min: 139.9, Avg: 140.0, Max: 140.0, Diff: 0.0, Sum: 559.9]
      [Termination (ms): Min: 0.0, Avg: 0.0, Max: 0.0, Diff: 0.0, Sum: 0.0]
      [GC Worker Other (ms): Min: 0.0, Avg: 0.0, Max: 0.1, Diff: 0.1, Sum: 0.2]
      [GC Worker Total (ms): Min: 160.1, Avg: 160.2, Max: 160.3, Diff: 0.1, Sum: 640.6]
      [GC Worker End (ms): Min: 391535.3, Avg: 391535.4, Max: 391535.5, Diff: 0.1]
   [Code Root Fixup: 0.0 ms]
   [Clear CT: 0.1 ms]
   [Other: 2.0 ms]
      [Choose CSet: 0.0 ms]
      [Ref Proc: 0.3 ms]
      [Ref Enq: 0.0 ms]
      [Free CSet: 0.3 ms]
   [Eden: 264.0M(264.0M)->0.0B(225.0M) Survivors: 24.0M->36.0M Heap: 1250.0M(2048.0M)->1140.5M(2048.0M)]
 [Times: user=0.58 sys=0.00, real=0.16 secs] 
391.538: [GC concurrent-root-region-scan-start]
391.587: [GC concurrent-root-region-scan-end, 0.0489441 secs]
391.587: [GC concurrent-mark-start]
391.778: [GC pause (young), 0.0890202 secs]
   [Parallel Time: 87.4 ms, GC Workers: 4]
      [GC Worker Start (ms): Min: 391778.7, Avg: 391778.7, Max: 391778.7, Diff: 0.0]
      [Ext Root Scanning (ms): Min: 1.2, Avg: 1.2, Max: 1.3, Diff: 0.0, Sum: 5.0]
      [SATB Filtering (ms): Min: 0.0, Avg: 0.5, Max: 1.9, Diff: 1.9, Sum: 1.9]
      [Update RS (ms): Min: 23.6, Avg: 25.0, Max: 25.5, Diff: 1.9, Sum: 100.1]
         [Processed Buffers: Min: 196, Avg: 213.5, Max: 234, Diff: 38, Sum: 854]
      [Scan RS (ms): Min: 0.2, Avg: 0.2, Max: 0.2, Diff: 0.0, Sum: 0.7]
      [Object Copy (ms): Min: 60.4, Avg: 60.4, Max: 60.4, Diff: 0.0, Sum: 241.6]
      [Termination (ms): Min: 0.0, Avg: 0.0, Max: 0.0, Diff: 0.0, Sum: 0.0]
      [GC Worker Other (ms): Min: 0.0, Avg: 0.0, Max: 0.0, Diff: 0.0, Sum: 0.1]
      [GC Worker Total (ms): Min: 87.4, Avg: 87.4, Max: 87.4, Diff: 0.0, Sum: 349.4]
      [GC Worker End (ms): Min: 391866.0, Avg: 391866.0, Max: 391866.0, Diff: 0.0]
   [Code Root Fixup: 0.0 ms]
   [Clear CT: 0.1 ms]
   [Other: 1.5 ms]
      [Choose CSet: 0.0 ms]
      [Ref Proc: 0.0 ms]
      [Ref Enq: 0.0 ms]
      [Free CSet: 0.2 ms]
   [Eden: 225.0M(225.0M)->0.0B(377.0M) Survivors: 36.0M->33.0M Heap: 1365.5M(2048.0M)->1181.0M(2048.0M)]
 [Times: user=0.37 sys=0.00, real=0.09 secs] 
392.189: [GC pause (young), 0.1545131 secs]
   [Parallel Time: 152.5 ms, GC Workers: 4]
      [GC Worker Start (ms): Min: 392189.3, Avg: 392189.3, Max: 392189.3, Diff: 0.0]
      [Ext Root Scanning (ms): Min: 1.5, Avg: 1.5, Max: 1.6, Diff: 0.1, Sum: 6.0]
      [SATB Filtering (ms): Min: 0.0, Avg: 0.7, Max: 2.8, Diff: 2.8, Sum: 2.8]
      [Update RS (ms): Min: 14.2, Avg: 16.2, Max: 16.9, Diff: 2.8, Sum: 64.9]
         [Processed Buffers: Min: 105, Avg: 124.5, Max: 132, Diff: 27, Sum: 498]
      [Scan RS (ms): Min: 0.2, Avg: 0.2, Max: 0.2, Diff: 0.1, Sum: 0.9]
      [Object Copy (ms): Min: 133.7, Avg: 133.8, Max: 133.8, Diff: 0.1, Sum: 535.0]
      [Termination (ms): Min: 0.0, Avg: 0.0, Max: 0.0, Diff: 0.0, Sum: 0.0]
      [GC Worker Other (ms): Min: 0.0, Avg: 0.0, Max: 0.0, Diff: 0.0, Sum: 0.1]
      [GC Worker Total (ms): Min: 152.4, Avg: 152.4, Max: 152.4, Diff: 0.0, Sum: 609.7]
      [GC Worker End (ms): Min: 392341.7, Avg: 392341.7, Max: 392341.7, Diff: 0.0]
   [Code Root Fixup: 0.0 ms]
   [Clear CT: 0.3 ms]
   [Other: 1.8 ms]
      [Choose CSet: 0.0 ms]
      [Ref Proc: 0.0 ms]
      [Ref Enq: 0.0 ms]
      [Free CSet: 0.3 ms]
   [Eden: 377.0M(377.0M)->0.0B(258.0M) Survivors: 33.0M->52.0M Heap: 1558.0M(2048.0M)->1324.0M(2048.0M)]
 [Times: user=0.62 sys=0.00, real=0.15 secs] 
392.376: [GC concurrent-mark-end, 0.7893529 secs]
392.378: [GC remark 392.378: [GC ref-proc, 0.0017681 secs], 0.0038486 secs]
 [Times: user=0.00 sys=0.00, real=0.00 secs] 
392.382: [GC cleanup 1332M->667M(2048M), 0.0019984 secs]
 [Times: user=0.00 sys=0.00, real=0.00 secs] 
392.384: [GC concurrent-cleanup-start]
392.385: [GC concurrent-cleanup-end, 0.0011373 secs]
392.636: [GC pause (young), 0.2783135 secs]
   [Parallel Time: 275.8 ms, GC Workers: 4]
      [GC Worker Start (ms): Min: 392635.9, Avg: 392635.9, Max: 392635.9, Diff: 0.0]
      [Ext Root Scanning (ms): Min: 1.2, Avg: 1.3, Max: 1.3, Diff: 0.1, Sum: 5.0]
      [Update RS (ms): Min: 39.0, Avg: 45.8, Max: 65.9, Diff: 26.9, Sum: 183.1]
         [Processed Buffers: Min: 184, Avg: 227.5, Max: 250, Diff: 66, Sum: 910]
      [Scan RS (ms): Min: 0.0, Avg: 0.3, Max: 0.4, Diff: 0.3, Sum: 1.1]
      [Object Copy (ms): Min: 208.4, Avg: 228.2, Max: 234.9, Diff: 26.5, Sum: 912.8]
      [Termination (ms): Min: 0.0, Avg: 0.2, Max: 0.3, Diff: 0.3, Sum: 0.7]
      [GC Worker Other (ms): Min: 0.0, Avg: 0.0, Max: 0.0, Diff: 0.0, Sum: 0.0]
      [GC Worker Total (ms): Min: 275.6, Avg: 275.7, Max: 275.8, Diff: 0.2, Sum: 1102.7]
      [GC Worker End (ms): Min: 392911.6, Avg: 392911.6, Max: 392911.7, Diff: 0.2]
   [Code Root Fixup: 0.0 ms]
   [Clear CT: 0.1 ms]
   [Other: 2.4 ms]
      [Choose CSet: 0.0 ms]
      [Ref Proc: 0.0 ms]
      [Ref Enq: 0.0 ms]
      [Free CSet: 0.3 ms]
   [Eden: 258.0M(258.0M)->0.0B(198.0M) Survivors: 52.0M->39.0M Heap: 917.0M(2048.0M)->887.5M(2048.0M)]
 [Times: user=1.06 sys=0.00, real=0.28 secs] 
393.111: [GC pause (young), 0.2483377 secs]
   [Parallel Time: 246.3 ms, GC Workers: 4]
      [GC Worker Start (ms): Min: 393110.8, Avg: 393110.8, Max: 393110.8, Diff: 0.0]
      [Ext Root Scanning (ms): Min: 1.2, Avg: 1.2, Max: 1.2, Diff: 0.0, Sum: 4.8]
      [Update RS (ms): Min: 102.3, Avg: 102.7, Max: 104.1, Diff: 1.8, Sum: 410.9]
         [Processed Buffers: Min: 442, Avg: 526.0, Max: 566, Diff: 124, Sum: 2104]
      [Scan RS (ms): Min: 0.0, Avg: 0.2, Max: 0.3, Diff: 0.2, Sum: 0.7]
      [Object Copy (ms): Min: 141.0, Avg: 142.1, Max: 142.6, Diff: 1.6, Sum: 568.5]
      [Termination (ms): Min: 0.0, Avg: 0.0, Max: 0.0, Diff: 0.0, Sum: 0.0]
      [GC Worker Other (ms): Min: 0.0, Avg: 0.0, Max: 0.0, Diff: 0.0, Sum: 0.1]
      [GC Worker Total (ms): Min: 246.2, Avg: 246.3, Max: 246.3, Diff: 0.0, Sum: 985.0]
      [GC Worker End (ms): Min: 393357.1, Avg: 393357.1, Max: 393357.1, Diff: 0.0]
   [Code Root Fixup: 0.0 ms]
   [Clear CT: 0.2 ms]
   [Other: 1.9 ms]
      [Choose CSet: 0.0 ms]
      [Ref Proc: 0.0 ms]
      [Ref Enq: 0.0 ms]
      [Free CSet: 0.2 ms]
   [Eden: 198.0M(198.0M)->0.0B(135.0M) Survivors: 39.0M->30.0M Heap: 1085.5M(2048.0M)->1019.0M(2048.0M)]
 [Times: user=0.92 sys=0.02, real=0.25 secs] 
393.565: [GC pause (young) (initial-mark), 0.0884179 secs]
   [Parallel Time: 86.7 ms, GC Workers: 4]
      [GC Worker Start (ms): Min: 393565.4, Avg: 393565.4, Max: 393565.4, Diff: 0.0]
      [Ext Root Scanning (ms): Min: 1.2, Avg: 1.3, Max: 1.3, Diff: 0.1, Sum: 5.1]
      [Update RS (ms): Min: 17.1, Avg: 17.2, Max: 17.3, Diff: 0.1, Sum: 68.8]
         [Processed Buffers: Min: 182, Avg: 197.5, Max: 217, Diff: 35, Sum: 790]
      [Scan RS (ms): Min: 0.8, Avg: 0.8, Max: 0.9, Diff: 0.1, Sum: 3.3]
      [Object Copy (ms): Min: 67.2, Avg: 67.3, Max: 67.4, Diff: 0.2, Sum: 269.4]
      [Termination (ms): Min: 0.0, Avg: 0.0, Max: 0.0, Diff: 0.0, Sum: 0.0]
      [GC Worker Other (ms): Min: 0.0, Avg: 0.0, Max: 0.0, Diff: 0.0, Sum: 0.1]
      [GC Worker Total (ms): Min: 86.7, Avg: 86.7, Max: 86.7, Diff: 0.0, Sum: 346.7]
      [GC Worker End (ms): Min: 393652.1, Avg: 393652.1, Max: 393652.1, Diff: 0.0]
   [Code Root Fixup: 0.0 ms]
   [Clear CT: 0.2 ms]
   [Other: 1.5 ms]
      [Choose CSet: 0.0 ms]
      [Ref Proc: 0.0 ms]
      [Ref Enq: 0.0 ms]
      [Free CSet: 0.2 ms]
   [Eden: 135.0M(135.0M)->0.0B(202.0M) Survivors: 30.0M->21.0M Heap: 1154.0M(2048.0M)->1072.5M(2048.0M)]
 [Times: user=0.36 sys=0.00, real=0.09 secs] 
393.654: [GC concurrent-root-region-scan-start]
393.678: [GC concurrent-root-region-scan-end, 0.0239398 secs]
393.678: [GC concurrent-mark-start]
393.824: [GC pause (young), 0.0574277 secs]
   [Parallel Time: 56.2 ms, GC Workers: 4]
      [GC Worker Start (ms): Min: 393824.6, Avg: 393824.6, Max: 393824.6, Diff: 0.0]
      [Ext Root Scanning (ms): Min: 1.2, Avg: 1.2, Max: 1.3, Diff: 0.0, Sum: 5.0]
      [SATB Filtering (ms): Min: 0.0, Avg: 0.3, Max: 1.0, Diff: 1.0, Sum: 1.0]
      [Update RS (ms): Min: 19.1, Avg: 19.8, Max: 20.0, Diff: 1.0, Sum: 79.1]
         [Processed Buffers: Min: 129, Avg: 143.8, Max: 155, Diff: 26, Sum: 575]
      [Scan RS (ms): Min: 0.2, Avg: 0.2, Max: 0.2, Diff: 0.0, Sum: 0.9]
      [Object Copy (ms): Min: 34.6, Avg: 34.6, Max: 34.6, Diff: 0.0, Sum: 138.5]
      [Termination (ms): Min: 0.0, Avg: 0.0, Max: 0.0, Diff: 0.0, Sum: 0.0]
      [GC Worker Other (ms): Min: 0.0, Avg: 0.0, Max: 0.0, Diff: 0.0, Sum: 0.1]
      [GC Worker Total (ms): Min: 56.1, Avg: 56.2, Max: 56.2, Diff: 0.0, Sum: 224.6]
      [GC Worker End (ms): Min: 393880.8, Avg: 393880.8, Max: 393880.8, Diff: 0.0]
   [Code Root Fixup: 0.0 ms]
   [Clear CT: 0.2 ms]
   [Other: 1.1 ms]
      [Choose CSet: 0.0 ms]
      [Ref Proc: 0.2 ms]
      [Ref Enq: 0.0 ms]
      [Free CSet: 0.2 ms]
   [Eden: 202.0M(202.0M)->0.0B(331.0M) Survivors: 21.0M->25.0M Heap: 1274.5M(2048.0M)->1099.0M(2048.0M)]
 [Times: user=0.19 sys=0.00, real=0.06 secs] 
394.176: [GC concurrent-mark-end, 0.4986770 secs]
394.177: [GC remark 394.178: [GC ref-proc, 0.0017383 secs], 0.0041520 secs]
 [Times: user=0.00 sys=0.00, real=0.01 secs] 
394.181: [GC cleanup 1425M->756M(2048M), 0.0017078 secs]
 [Times: user=0.06 sys=0.00, real=0.00 secs] 
394.183: [GC concurrent-cleanup-start]
394.184: [GC concurrent-cleanup-end, 0.0008483 secs]
394.188: [GC pause (young), 0.1865530 secs]
   [Parallel Time: 184.8 ms, GC Workers: 4]
      [GC Worker Start (ms): Min: 394188.4, Avg: 394188.4, Max: 394188.4, Diff: 0.0]
      [Ext Root Scanning (ms): Min: 1.2, Avg: 1.3, Max: 1.3, Diff: 0.0, Sum: 5.0]
      [Update RS (ms): Min: 11.8, Avg: 11.8, Max: 11.9, Diff: 0.2, Sum: 47.3]
         [Processed Buffers: Min: 63, Avg: 67.3, Max: 77, Diff: 14, Sum: 269]
      [Scan RS (ms): Min: 0.0, Avg: 0.1, Max: 0.1, Diff: 0.1, Sum: 0.3]
      [Object Copy (ms): Min: 171.6, Avg: 171.6, Max: 171.6, Diff: 0.1, Sum: 686.4]
      [Termination (ms): Min: 0.0, Avg: 0.0, Max: 0.0, Diff: 0.0, Sum: 0.0]
      [GC Worker Other (ms): Min: 0.0, Avg: 0.0, Max: 0.0, Diff: 0.0, Sum: 0.1]
      [GC Worker Total (ms): Min: 184.8, Avg: 184.8, Max: 184.8, Diff: 0.0, Sum: 739.1]
      [GC Worker End (ms): Min: 394373.2, Avg: 394373.2, Max: 394373.2, Diff: 0.0]
   [Code Root Fixup: 0.0 ms]
   [Clear CT: 0.1 ms]
   [Other: 1.6 ms]
      [Choose CSet: 0.0 ms]
      [Ref Proc: 0.1 ms]
      [Ref Enq: 0.0 ms]
      [Free CSet: 0.2 ms]
   [Eden: 331.0M(331.0M)->0.0B(248.0M) Survivors: 25.0M->45.0M Heap: 761.0M(2048.0M)->621.0M(2048.0M)]
 [Times: user=0.73 sys=0.00, real=0.19 secs] 
394.637: [GC pause (young), 0.1970094 secs]
   [Parallel Time: 193.6 ms, GC Workers: 4]
      [GC Worker Start (ms): Min: 394637.6, Avg: 394637.6, Max: 394637.6, Diff: 0.0]
      [Ext Root Scanning (ms): Min: 1.3, Avg: 1.3, Max: 1.3, Diff: 0.1, Sum: 5.2]
      [Update RS (ms): Min: 21.2, Avg: 21.2, Max: 21.2, Diff: 0.0, Sum: 84.9]
         [Processed Buffers: Min: 161, Avg: 172.5, Max: 181, Diff: 20, Sum: 690]
      [Scan RS (ms): Min: 6.8, Avg: 6.9, Max: 7.2, Diff: 0.4, Sum: 27.6]
      [Object Copy (ms): Min: 163.8, Avg: 164.1, Max: 164.2, Diff: 0.4, Sum: 656.3]
      [Termination (ms): Min: 0.0, Avg: 0.0, Max: 0.0, Diff: 0.0, Sum: 0.0]
      [GC Worker Other (ms): Min: 0.0, Avg: 0.0, Max: 0.0, Diff: 0.0, Sum: 0.1]
      [GC Worker Total (ms): Min: 193.5, Avg: 193.5, Max: 193.6, Diff: 0.0, Sum: 774.2]
      [GC Worker End (ms): Min: 394831.1, Avg: 394831.1, Max: 394831.1, Diff: 0.0]
   [Code Root Fixup: 0.0 ms]
   [Clear CT: 1.1 ms]
   [Other: 2.3 ms]
      [Choose CSet: 0.0 ms]
      [Ref Proc: 0.1 ms]
      [Ref Enq: 0.0 ms]
      [Free CSet: 0.3 ms]
   [Eden: 248.0M(248.0M)->0.0B(186.0M) Survivors: 45.0M->37.0M Heap: 869.0M(2048.0M)->761.0M(2048.0M)]
 [Times: user=0.70 sys=0.00, real=0.20 secs] 
395.094: [GC pause (young), 0.1420583 secs]
   [Parallel Time: 140.4 ms, GC Workers: 4]
      [GC Worker Start (ms): Min: 395094.7, Avg: 395094.7, Max: 395094.7, Diff: 0.0]
      [Ext Root Scanning (ms): Min: 1.2, Avg: 1.2, Max: 1.2, Diff: 0.0, Sum: 4.9]
      [Update RS (ms): Min: 25.8, Avg: 25.9, Max: 26.4, Diff: 0.7, Sum: 103.7]
         [Processed Buffers: Min: 183, Avg: 224.3, Max: 256, Diff: 73, Sum: 897]
      [Scan RS (ms): Min: 0.0, Avg: 0.2, Max: 0.2, Diff: 0.2, Sum: 0.7]
      [Object Copy (ms): Min: 112.7, Avg: 113.0, Max: 113.1, Diff: 0.4, Sum: 452.1]
      [Termination (ms): Min: 0.0, Avg: 0.0, Max: 0.0, Diff: 0.0, Sum: 0.0]
      [GC Worker Other (ms): Min: 0.0, Avg: 0.0, Max: 0.0, Diff: 0.0, Sum: 0.1]
      [GC Worker Total (ms): Min: 140.4, Avg: 140.4, Max: 140.4, Diff: 0.0, Sum: 561.6]
      [GC Worker End (ms): Min: 395235.1, Avg: 395235.1, Max: 395235.1, Diff: 0.0]
   [Code Root Fixup: 0.0 ms]
   [Clear CT: 0.1 ms]
   [Other: 1.5 ms]
      [Choose CSet: 0.0 ms]
      [Ref Proc: 0.0 ms]
      [Ref Enq: 0.0 ms]
      [Free CSet: 0.2 ms]
   [Eden: 186.0M(186.0M)->0.0B(232.0M) Survivors: 37.0M->28.0M Heap: 947.0M(2048.0M)->859.5M(2048.0M)]
 [Times: user=0.51 sys=0.00, real=0.14 secs] 
395.484: [GC pause (young), 0.1691007 secs]
   [Parallel Time: 167.4 ms, GC Workers: 4]
      [GC Worker Start (ms): Min: 395484.5, Avg: 395484.5, Max: 395484.5, Diff: 0.0]
      [Ext Root Scanning (ms): Min: 1.2, Avg: 1.2, Max: 1.2, Diff: 0.0, Sum: 4.9]
      [Update RS (ms): Min: 16.7, Avg: 17.4, Max: 18.7, Diff: 2.0, Sum: 69.7]
         [Processed Buffers: Min: 166, Avg: 178.8, Max: 204, Diff: 38, Sum: 715]
      [Scan RS (ms): Min: 0.3, Avg: 1.6, Max: 2.4, Diff: 2.0, Sum: 6.4]
      [Object Copy (ms): Min: 145.7, Avg: 146.1, Max: 147.1, Diff: 1.4, Sum: 584.4]
      [Termination (ms): Min: 0.0, Avg: 1.0, Max: 1.3, Diff: 1.3, Sum: 4.0]
      [GC Worker Other (ms): Min: 0.0, Avg: 0.0, Max: 0.0, Diff: 0.0, Sum: 0.0]
      [GC Worker Total (ms): Min: 167.3, Avg: 167.4, Max: 167.4, Diff: 0.0, Sum: 669.4]
      [GC Worker End (ms): Min: 395651.9, Avg: 395651.9, Max: 395651.9, Diff: 0.0]
   [Code Root Fixup: 0.0 ms]
   [Clear CT: 0.1 ms]
   [Other: 1.6 ms]
      [Choose CSet: 0.0 ms]
      [Ref Proc: 0.1 ms]
      [Ref Enq: 0.0 ms]
      [Free CSet: 0.2 ms]
   [Eden: 232.0M(232.0M)->0.0B(215.0M) Survivors: 28.0M->33.0M Heap: 1091.5M(2048.0M)->1003.5M(2048.0M)]
 [Times: user=0.62 sys=0.00, real=0.17 secs] 
395.903: [GC pause (young) (initial-mark), 0.1657344 secs]
   [Parallel Time: 163.0 ms, GC Workers: 4]
      [GC Worker Start (ms): Min: 395903.4, Avg: 395905.3, Max: 395910.0, Diff: 6.6]
      [Ext Root Scanning (ms): Min: 0.1, Avg: 1.3, Max: 2.0, Diff: 1.9, Sum: 5.2]
      [Update RS (ms): Min: 23.5, Avg: 27.6, Max: 29.6, Diff: 6.0, Sum: 110.5]
         [Processed Buffers: Min: 147, Avg: 219.5, Max: 270, Diff: 123, Sum: 878]
      [Scan RS (ms): Min: 0.0, Avg: 0.8, Max: 1.6, Diff: 1.6, Sum: 3.3]
      [Object Copy (ms): Min: 131.1, Avg: 131.3, Max: 131.4, Diff: 0.4, Sum: 525.3]
      [Termination (ms): Min: 0.0, Avg: 0.0, Max: 0.0, Diff: 0.0, Sum: 0.0]
      [GC Worker Other (ms): Min: 0.0, Avg: 0.0, Max: 0.0, Diff: 0.0, Sum: 0.1]
      [GC Worker Total (ms): Min: 156.3, Avg: 161.1, Max: 162.9, Diff: 6.6, Sum: 644.4]
      [GC Worker End (ms): Min: 396066.4, Avg: 396066.4, Max: 396066.4, Diff: 0.0]
   [Code Root Fixup: 0.0 ms]
   [Clear CT: 0.4 ms]
   [Other: 2.3 ms]
      [Choose CSet: 0.0 ms]
      [Ref Proc: 0.3 ms]
      [Ref Enq: 0.0 ms]
      [Free CSet: 0.2 ms]
   [Eden: 215.0M(215.0M)->0.0B(233.0M) Survivors: 33.0M->31.0M Heap: 1218.5M(2048.0M)->1132.0M(2048.0M)]
 [Times: user=0.59 sys=0.00, real=0.17 secs] 
396.069: [GC concurrent-root-region-scan-start]
396.131: [GC concurrent-root-region-scan-end, 0.0617356 secs]
396.131: [GC concurrent-mark-start]
396.339: [GC pause (young), 0.1215681 secs]
   [Parallel Time: 119.9 ms, GC Workers: 4]
      [GC Worker Start (ms): Min: 396339.8, Avg: 396339.8, Max: 396339.9, Diff: 0.0]
      [Ext Root Scanning (ms): Min: 1.2, Avg: 1.2, Max: 1.2, Diff: 0.0, Sum: 5.0]
      [SATB Filtering (ms): Min: 0.0, Avg: 0.7, Max: 2.8, Diff: 2.8, Sum: 2.8]
      [Update RS (ms): Min: 14.3, Avg: 16.4, Max: 17.1, Diff: 2.8, Sum: 65.4]
         [Processed Buffers: Min: 181, Avg: 200.3, Max: 225, Diff: 44, Sum: 801]
      [Scan RS (ms): Min: 2.8, Avg: 2.8, Max: 2.8, Diff: 0.0, Sum: 11.2]
      [Object Copy (ms): Min: 98.7, Avg: 98.8, Max: 98.8, Diff: 0.1, Sum: 395.1]
      [Termination (ms): Min: 0.0, Avg: 0.0, Max: 0.0, Diff: 0.0, Sum: 0.0]
      [GC Worker Other (ms): Min: 0.0, Avg: 0.0, Max: 0.0, Diff: 0.0, Sum: 0.1]
      [GC Worker Total (ms): Min: 119.9, Avg: 119.9, Max: 119.9, Diff: 0.0, Sum: 479.6]
      [GC Worker End (ms): Min: 396459.7, Avg: 396459.8, Max: 396459.8, Diff: 0.0]
   [Code Root Fixup: 0.0 ms]
   [Clear CT: 0.1 ms]
   [Other: 1.5 ms]
      [Choose CSet: 0.0 ms]
      [Ref Proc: 0.0 ms]
      [Ref Enq: 0.0 ms]
      [Free CSet: 0.3 ms]
   [Eden: 233.0M(233.0M)->0.0B(283.0M) Survivors: 31.0M->33.0M Heap: 1365.0M(2048.0M)->1224.0M(2048.0M)]
 [Times: user=0.45 sys=0.00, real=0.12 secs] 
396.688: [GC concurrent-mark-end, 0.5574903 secs]
396.688: [GC remark 396.689: [GC ref-proc, 0.0017405 secs], 0.0041610 secs]
 [Times: user=0.00 sys=0.00, real=0.00 secs] 
396.693: [GC cleanup 1466M->812M(2048M), 0.0017123 secs]
 [Times: user=0.05 sys=0.00, real=0.00 secs] 
396.695: [GC concurrent-cleanup-start]
396.696: [GC concurrent-cleanup-end, 0.0008300 secs]
396.746: [GC pause (young), 0.1223135 secs]
   [Parallel Time: 120.5 ms, GC Workers: 4]
      [GC Worker Start (ms): Min: 396746.2, Avg: 396746.7, Max: 396748.3, Diff: 2.1]
      [Ext Root Scanning (ms): Min: 0.1, Avg: 1.3, Max: 1.8, Diff: 1.8, Sum: 5.3]
      [Update RS (ms): Min: 17.7, Avg: 17.9, Max: 18.0, Diff: 0.3, Sum: 71.5]
         [Processed Buffers: Min: 158, Avg: 172.3, Max: 192, Diff: 34, Sum: 689]
      [Scan RS (ms): Min: 0.1, Avg: 0.2, Max: 0.3, Diff: 0.2, Sum: 0.9]
      [Object Copy (ms): Min: 100.4, Avg: 100.5, Max: 100.6, Diff: 0.2, Sum: 402.1]
      [Termination (ms): Min: 0.0, Avg: 0.0, Max: 0.0, Diff: 0.0, Sum: 0.0]
      [GC Worker Other (ms): Min: 0.0, Avg: 0.0, Max: 0.0, Diff: 0.0, Sum: 0.1]
      [GC Worker Total (ms): Min: 118.4, Avg: 120.0, Max: 120.5, Diff: 2.1, Sum: 479.8]
      [GC Worker End (ms): Min: 396866.7, Avg: 396866.7, Max: 396866.7, Diff: 0.0]
   [Code Root Fixup: 0.0 ms]
   [Clear CT: 0.1 ms]
   [Other: 1.7 ms]
      [Choose CSet: 0.0 ms]
      [Ref Proc: 0.0 ms]
      [Ref Enq: 0.0 ms]
      [Free CSet: 0.3 ms]
   [Eden: 283.0M(283.0M)->0.0B(62.0M) Survivors: 33.0M->40.0M Heap: 853.0M(2048.0M)->669.0M(2048.0M)]
 [Times: user=0.50 sys=0.00, real=0.12 secs] 
396.922: [GC pause (mixed), 0.0812793 secs]
   [Parallel Time: 79.7 ms, GC Workers: 4]
      [GC Worker Start (ms): Min: 396922.2, Avg: 396922.6, Max: 396923.0, Diff: 0.8]
      [Ext Root Scanning (ms): Min: 1.0, Avg: 1.4, Max: 1.7, Diff: 0.7, Sum: 5.5]
      [Update RS (ms): Min: 28.5, Avg: 28.6, Max: 28.6, Diff: 0.1, Sum: 114.3]
         [Processed Buffers: Min: 147, Avg: 155.8, Max: 159, Diff: 12, Sum: 623]
      [Scan RS (ms): Min: 0.6, Avg: 0.7, Max: 0.7, Diff: 0.1, Sum: 2.8]
      [Object Copy (ms): Min: 42.0, Avg: 43.7, Max: 48.4, Diff: 6.4, Sum: 174.7]
      [Termination (ms): Min: 0.0, Avg: 4.8, Max: 6.4, Diff: 6.4, Sum: 19.1]
      [GC Worker Other (ms): Min: 0.0, Avg: 0.0, Max: 0.0, Diff: 0.0, Sum: 0.0]
      [GC Worker Total (ms): Min: 78.6, Avg: 79.1, Max: 79.4, Diff: 0.8, Sum: 316.4]
      [GC Worker End (ms): Min: 397001.6, Avg: 397001.7, Max: 397001.7, Diff: 0.1]
   [Code Root Fixup: 0.0 ms]
   [Clear CT: 0.3 ms]
   [Other: 1.2 ms]
      [Choose CSet: 0.0 ms]
      [Ref Proc: 0.3 ms]
      [Ref Enq: 0.0 ms]
      [Free CSet: 0.3 ms]
   [Eden: 62.0M(62.0M)->0.0B(450.0M) Survivors: 40.0M->6144.0K Heap: 731.0M(2048.0M)->630.5M(2048.0M)]
 [Times: user=0.28 sys=0.00, real=0.08 secs] 
397.448: [GC pause (young), 0.2766268 secs]
   [Parallel Time: 274.0 ms, GC Workers: 4]
      [GC Worker Start (ms): Min: 397448.1, Avg: 397448.1, Max: 397448.1, Diff: 0.0]
      [Ext Root Scanning (ms): Min: 1.3, Avg: 1.3, Max: 1.3, Diff: 0.1, Sum: 5.2]
      [Update RS (ms): Min: 16.7, Avg: 16.7, Max: 16.7, Diff: 0.0, Sum: 66.8]
         [Processed Buffers: Min: 171, Avg: 210.8, Max: 245, Diff: 74, Sum: 843]
      [Scan RS (ms): Min: 0.3, Avg: 0.3, Max: 0.3, Diff: 0.0, Sum: 1.2]
      [Object Copy (ms): Min: 255.6, Avg: 255.6, Max: 255.7, Diff: 0.0, Sum: 1022.6]
      [Termination (ms): Min: 0.0, Avg: 0.0, Max: 0.0, Diff: 0.0, Sum: 0.0]
      [GC Worker Other (ms): Min: 0.0, Avg: 0.0, Max: 0.0, Diff: 0.0, Sum: 0.1]
      [GC Worker Total (ms): Min: 274.0, Avg: 274.0, Max: 274.0, Diff: 0.0, Sum: 1096.0]
      [GC Worker End (ms): Min: 397722.1, Avg: 397722.1, Max: 397722.1, Diff: 0.0]
   [Code Root Fixup: 0.0 ms]
   [Clear CT: 0.1 ms]
   [Other: 2.5 ms]
      [Choose CSet: 0.0 ms]
      [Ref Proc: 0.0 ms]
      [Ref Enq: 0.0 ms]
      [Free CSet: 0.5 ms]
   [Eden: 450.0M(450.0M)->0.0B(197.0M) Survivors: 6144.0K->57.0M Heap: 1080.5M(2048.0M)->936.5M(2048.0M)]
 [Times: user=1.05 sys=0.00, real=0.28 secs] 
398.033: [GC pause (young), 0.2131634 secs]
   [Parallel Time: 210.6 ms, GC Workers: 4]
      [GC Worker Start (ms): Min: 398033.4, Avg: 398033.4, Max: 398033.4, Diff: 0.0]
      [Ext Root Scanning (ms): Min: 1.2, Avg: 1.2, Max: 1.2, Diff: 0.0, Sum: 4.9]
      [Update RS (ms): Min: 28.5, Avg: 28.6, Max: 29.1, Diff: 0.7, Sum: 114.5]
         [Processed Buffers: Min: 169, Avg: 288.8, Max: 341, Diff: 172, Sum: 1155]
      [Scan RS (ms): Min: 26.1, Avg: 26.6, Max: 26.8, Diff: 0.7, Sum: 106.5]
      [Object Copy (ms): Min: 141.6, Avg: 144.6, Max: 153.4, Diff: 11.8, Sum: 578.4]
      [Termination (ms): Min: 0.0, Avg: 9.0, Max: 12.5, Diff: 12.5, Sum: 35.9]
      [GC Worker Other (ms): Min: 0.0, Avg: 0.0, Max: 0.0, Diff: 0.0, Sum: 0.0]
      [GC Worker Total (ms): Min: 209.9, Avg: 210.1, Max: 210.6, Diff: 0.7, Sum: 840.3]
      [GC Worker End (ms): Min: 398243.2, Avg: 398243.4, Max: 398244.0, Diff: 0.8]
   [Code Root Fixup: 0.0 ms]
   [Clear CT: 0.1 ms]
   [Other: 2.4 ms]
      [Choose CSet: 0.0 ms]
      [Ref Proc: 0.1 ms]
      [Ref Enq: 0.0 ms]
      [Free CSet: 0.2 ms]
   [Eden: 195.0M(45.0M)->0.0B(218.0M) Survivors: 57.0M->13.0M Heap: 1131.5M(2048.0M)->1043.5M(2048.0M)]
 [Times: user=0.84 sys=0.00, real=0.21 secs] 
398.609: [GC pause (young) (initial-mark), 0.1563524 secs]
   [Parallel Time: 153.1 ms, GC Workers: 4]
      [GC Worker Start (ms): Min: 398609.8, Avg: 398609.8, Max: 398609.8, Diff: 0.0]
      [Ext Root Scanning (ms): Min: 1.2, Avg: 1.2, Max: 1.3, Diff: 0.1, Sum: 4.9]
      [Update RS (ms): Min: 16.9, Avg: 16.9, Max: 16.9, Diff: 0.1, Sum: 67.5]
         [Processed Buffers: Min: 190, Avg: 220.0, Max: 248, Diff: 58, Sum: 880]
      [Scan RS (ms): Min: 1.7, Avg: 1.8, Max: 1.8, Diff: 0.1, Sum: 7.0]
      [Object Copy (ms): Min: 133.2, Avg: 133.2, Max: 133.2, Diff: 0.1, Sum: 532.9]
      [Termination (ms): Min: 0.0, Avg: 0.0, Max: 0.0, Diff: 0.0, Sum: 0.0]
      [GC Worker Other (ms): Min: 0.0, Avg: 0.0, Max: 0.0, Diff: 0.0, Sum: 0.1]
      [GC Worker Total (ms): Min: 153.1, Avg: 153.1, Max: 153.1, Diff: 0.0, Sum: 612.4]
      [GC Worker End (ms): Min: 398762.9, Avg: 398762.9, Max: 398762.9, Diff: 0.0]
   [Code Root Fixup: 0.0 ms]
   [Clear CT: 0.4 ms]
   [Other: 2.8 ms]
      [Choose CSet: 0.0 ms]
      [Ref Proc: 1.0 ms]
      [Ref Enq: 0.0 ms]
      [Free CSet: 0.2 ms]
   [Eden: 218.0M(218.0M)->0.0B(181.0M) Survivors: 13.0M->29.0M Heap: 1261.5M(2048.0M)->1195.0M(2048.0M)]
 [Times: user=0.58 sys=0.00, real=0.16 secs] 
398.766: [GC concurrent-root-region-scan-start]
398.799: [GC concurrent-root-region-scan-end, 0.0331861 secs]
398.799: [GC concurrent-mark-start]
399.012: [GC pause (young), 0.0965757 secs]
   [Parallel Time: 95.2 ms, GC Workers: 4]
      [GC Worker Start (ms): Min: 399012.4, Avg: 399012.4, Max: 399012.4, Diff: 0.0]
      [Ext Root Scanning (ms): Min: 1.3, Avg: 1.3, Max: 1.3, Diff: 0.0, Sum: 5.0]
      [SATB Filtering (ms): Min: 0.0, Avg: 0.7, Max: 2.7, Diff: 2.7, Sum: 2.7]
      [Update RS (ms): Min: 23.2, Avg: 25.3, Max: 26.0, Diff: 2.8, Sum: 101.1]
         [Processed Buffers: Min: 199, Avg: 219.0, Max: 235, Diff: 36, Sum: 876]
      [Scan RS (ms): Min: 0.1, Avg: 0.1, Max: 0.2, Diff: 0.0, Sum: 0.6]
      [Object Copy (ms): Min: 67.8, Avg: 67.8, Max: 67.8, Diff: 0.0, Sum: 271.1]
      [Termination (ms): Min: 0.0, Avg: 0.0, Max: 0.0, Diff: 0.0, Sum: 0.0]
      [GC Worker Other (ms): Min: 0.0, Avg: 0.0, Max: 0.0, Diff: 0.0, Sum: 0.1]
      [GC Worker Total (ms): Min: 95.2, Avg: 95.2, Max: 95.2, Diff: 0.0, Sum: 380.6]
      [GC Worker End (ms): Min: 399107.5, Avg: 399107.5, Max: 399107.5, Diff: 0.0]
   [Code Root Fixup: 0.0 ms]
   [Clear CT: 0.1 ms]
   [Other: 1.3 ms]
      [Choose CSet: 0.0 ms]
      [Ref Proc: 0.0 ms]
      [Ref Enq: 0.0 ms]
      [Free CSet: 0.2 ms]
   [Eden: 181.0M(181.0M)->0.0B(272.0M) Survivors: 29.0M->27.0M Heap: 1376.0M(2048.0M)->1247.0M(2048.0M)]
 [Times: user=0.36 sys=0.00, real=0.10 secs] 
399.334: [GC pause (young), 0.1193160 secs]
   [Parallel Time: 117.3 ms, GC Workers: 4]
      [GC Worker Start (ms): Min: 399333.9, Avg: 399333.9, Max: 399333.9, Diff: 0.0]
      [Ext Root Scanning (ms): Min: 1.2, Avg: 1.2, Max: 1.2, Diff: 0.0, Sum: 4.9]
      [SATB Filtering (ms): Min: 0.0, Avg: 0.8, Max: 3.1, Diff: 3.1, Sum: 3.1]
      [Update RS (ms): Min: 14.3, Avg: 16.6, Max: 17.4, Diff: 3.1, Sum: 66.5]
         [Processed Buffers: Min: 110, Avg: 117.5, Max: 129, Diff: 19, Sum: 470]
      [Scan RS (ms): Min: 0.3, Avg: 0.3, Max: 0.3, Diff: 0.0, Sum: 1.3]
      [Object Copy (ms): Min: 98.3, Avg: 98.3, Max: 98.4, Diff: 0.0, Sum: 393.4]
      [Termination (ms): Min: 0.0, Avg: 0.0, Max: 0.0, Diff: 0.0, Sum: 0.0]
      [GC Worker Other (ms): Min: 0.0, Avg: 0.0, Max: 0.0, Diff: 0.0, Sum: 0.1]
      [GC Worker Total (ms): Min: 117.3, Avg: 117.3, Max: 117.3, Diff: 0.0, Sum: 469.2]
      [GC Worker End (ms): Min: 399451.2, Avg: 399451.2, Max: 399451.2, Diff: 0.0]
   [Code Root Fixup: 0.0 ms]
   [Clear CT: 0.5 ms]
   [Other: 1.5 ms]
      [Choose CSet: 0.0 ms]
      [Ref Proc: 0.3 ms]
      [Ref Enq: 0.0 ms]
      [Free CSet: 0.2 ms]
   [Eden: 272.0M(272.0M)->0.0B(291.0M) Survivors: 27.0M->38.0M Heap: 1519.0M(2048.0M)->1340.0M(2048.0M)]
 [Times: user=0.42 sys=0.00, real=0.12 secs] 
399.505: [GC concurrent-mark-end, 0.7061021 secs]
399.506: [GC remark 399.506: [GC ref-proc, 0.0017813 secs], 0.0032466 secs]
 [Times: user=0.00 sys=0.00, real=0.00 secs] 
399.510: [GC cleanup 1404M->656M(2048M), 0.0013079 secs]
 [Times: user=0.00 sys=0.00, real=0.00 secs] 
399.511: [GC concurrent-cleanup-start]
399.512: [GC concurrent-cleanup-end, 0.0008477 secs]
399.748: [GC pause (young), 0.2144768 secs]
   [Parallel Time: 212.1 ms, GC Workers: 4]
      [GC Worker Start (ms): Min: 399747.8, Avg: 399748.6, Max: 399751.0, Diff: 3.2]
      [Ext Root Scanning (ms): Min: 0.1, Avg: 1.2, Max: 1.6, Diff: 1.5, Sum: 4.9]
      [Update RS (ms): Min: 27.1, Avg: 28.2, Max: 28.7, Diff: 1.6, Sum: 112.9]
         [Processed Buffers: Min: 157, Avg: 165.8, Max: 172, Diff: 15, Sum: 663]
      [Scan RS (ms): Min: 0.2, Avg: 0.2, Max: 0.2, Diff: 0.0, Sum: 0.9]
      [Object Copy (ms): Min: 181.5, Avg: 181.6, Max: 181.6, Diff: 0.2, Sum: 726.4]
      [Termination (ms): Min: 0.0, Avg: 0.0, Max: 0.0, Diff: 0.0, Sum: 0.0]
      [GC Worker Other (ms): Min: 0.0, Avg: 0.0, Max: 0.0, Diff: 0.0, Sum: 0.1]
      [GC Worker Total (ms): Min: 208.9, Avg: 211.3, Max: 212.1, Diff: 3.2, Sum: 845.1]
      [GC Worker End (ms): Min: 399959.9, Avg: 399959.9, Max: 399959.9, Diff: 0.0]
   [Code Root Fixup: 0.0 ms]
   [Clear CT: 0.1 ms]
   [Other: 2.3 ms]
      [Choose CSet: 0.0 ms]
      [Ref Proc: 0.1 ms]
      [Ref Enq: 0.0 ms]
      [Free CSet: 0.3 ms]
   [Eden: 291.0M(291.0M)->0.0B(60.0M) Survivors: 38.0M->42.0M Heap: 883.0M(2048.0M)->787.5M(2048.0M)]
 [Times: user=0.87 sys=0.00, real=0.21 secs] 
400.104: [GC pause (mixed), 0.0770577 secs]
   [Parallel Time: 75.7 ms, GC Workers: 4]
      [GC Worker Start (ms): Min: 400104.1, Avg: 400104.4, Max: 400104.7, Diff: 0.6]
      [Ext Root Scanning (ms): Min: 1.1, Avg: 1.4, Max: 1.6, Diff: 0.5, Sum: 5.4]
      [Update RS (ms): Min: 23.6, Avg: 23.6, Max: 23.7, Diff: 0.1, Sum: 94.6]
         [Processed Buffers: Min: 127, Avg: 135.8, Max: 144, Diff: 17, Sum: 543]
      [Scan RS (ms): Min: 1.5, Avg: 1.5, Max: 1.6, Diff: 0.1, Sum: 6.1]
      [Object Copy (ms): Min: 48.3, Avg: 48.4, Max: 48.8, Diff: 0.6, Sum: 193.7]
      [Termination (ms): Min: 0.0, Avg: 0.4, Max: 0.6, Diff: 0.6, Sum: 1.7]
      [GC Worker Other (ms): Min: 0.0, Avg: 0.0, Max: 0.0, Diff: 0.0, Sum: 0.0]
      [GC Worker Total (ms): Min: 75.1, Avg: 75.4, Max: 75.7, Diff: 0.6, Sum: 301.5]
      [GC Worker End (ms): Min: 400179.7, Avg: 400179.7, Max: 400179.7, Diff: 0.0]
   [Code Root Fixup: 0.0 ms]
   [Clear CT: 0.1 ms]
   [Other: 1.3 ms]
      [Choose CSet: 0.0 ms]
      [Ref Proc: 0.1 ms]
      [Ref Enq: 0.0 ms]
      [Free CSet: 0.2 ms]
   [Eden: 60.0M(60.0M)->0.0B(293.0M) Survivors: 42.0M->6144.0K Heap: 847.5M(2048.0M)->787.5M(2048.0M)]
 [Times: user=0.31 sys=0.00, real=0.08 secs] 
400.464: [GC pause (young), 0.1683791 secs]
   [Parallel Time: 166.7 ms, GC Workers: 4]
      [GC Worker Start (ms): Min: 400464.1, Avg: 400464.1, Max: 400464.1, Diff: 0.0]
      [Ext Root Scanning (ms): Min: 1.2, Avg: 1.2, Max: 1.2, Diff: 0.0, Sum: 4.9]
      [Update RS (ms): Min: 13.9, Avg: 14.1, Max: 14.7, Diff: 0.9, Sum: 56.6]
         [Processed Buffers: Min: 203, Avg: 245.0, Max: 297, Diff: 94, Sum: 980]
      [Scan RS (ms): Min: 0.0, Avg: 0.2, Max: 0.3, Diff: 0.3, Sum: 0.6]
      [Object Copy (ms): Min: 150.6, Avg: 151.1, Max: 151.3, Diff: 0.6, Sum: 604.4]
      [Termination (ms): Min: 0.0, Avg: 0.0, Max: 0.0, Diff: 0.0, Sum: 0.0]
      [GC Worker Other (ms): Min: 0.0, Avg: 0.0, Max: 0.0, Diff: 0.0, Sum: 0.1]
      [GC Worker Total (ms): Min: 166.6, Avg: 166.6, Max: 166.7, Diff: 0.0, Sum: 666.6]
      [GC Worker End (ms): Min: 400630.8, Avg: 400630.8, Max: 400630.8, Diff: 0.0]
   [Code Root Fixup: 0.0 ms]
   [Clear CT: 0.1 ms]
   [Other: 1.6 ms]
      [Choose CSet: 0.0 ms]
      [Ref Proc: 0.0 ms]
      [Ref Enq: 0.0 ms]
      [Free CSet: 0.2 ms]
   [Eden: 293.0M(293.0M)->0.0B(194.0M) Survivors: 6144.0K->38.0M Heap: 1080.5M(2048.0M)->970.0M(2048.0M)]
 [Times: user=0.69 sys=0.00, real=0.17 secs] 
400.870: [GC pause (young) (initial-mark), 0.1459528 secs]
   [Parallel Time: 143.8 ms, GC Workers: 4]
      [GC Worker Start (ms): Min: 400870.1, Avg: 400870.4, Max: 400871.1, Diff: 1.0]
      [Ext Root Scanning (ms): Min: 0.6, Avg: 1.2, Max: 1.4, Diff: 0.9, Sum: 4.8]
      [Update RS (ms): Min: 22.4, Avg: 22.4, Max: 22.4, Diff: 0.0, Sum: 89.7]
         [Processed Buffers: Min: 148, Avg: 198.3, Max: 219, Diff: 71, Sum: 793]
      [Scan RS (ms): Min: 0.4, Avg: 0.4, Max: 0.4, Diff: 0.0, Sum: 1.7]
      [Object Copy (ms): Min: 119.3, Avg: 119.5, Max: 119.5, Diff: 0.2, Sum: 477.9]
      [Termination (ms): Min: 0.0, Avg: 0.0, Max: 0.0, Diff: 0.0, Sum: 0.0]
      [GC Worker Other (ms): Min: 0.0, Avg: 0.0, Max: 0.0, Diff: 0.0, Sum: 0.1]
      [GC Worker Total (ms): Min: 142.8, Avg: 143.5, Max: 143.8, Diff: 1.0, Sum: 574.2]
      [GC Worker End (ms): Min: 401013.9, Avg: 401013.9, Max: 401013.9, Diff: 0.0]
   [Code Root Fixup: 0.0 ms]
   [Clear CT: 0.1 ms]
   [Other: 2.0 ms]
      [Choose CSet: 0.0 ms]
      [Ref Proc: 0.0 ms]
      [Ref Enq: 0.0 ms]
      [Free CSet: 0.3 ms]
   [Eden: 194.0M(194.0M)->0.0B(231.0M) Survivors: 38.0M->29.0M Heap: 1164.0M(2048.0M)->1077.5M(2048.0M)]
 [Times: user=0.56 sys=0.00, real=0.15 secs] 
401.016: [GC concurrent-root-region-scan-start]
401.081: [GC concurrent-root-region-scan-end, 0.0652418 secs]
401.081: [GC concurrent-mark-start]
401.207: [GC pause (young), 0.0476474 secs]
   [Parallel Time: 46.7 ms, GC Workers: 4]
      [GC Worker Start (ms): Min: 401207.3, Avg: 401207.4, Max: 401207.6, Diff: 0.3]
      [Ext Root Scanning (ms): Min: 1.0, Avg: 1.3, Max: 1.5, Diff: 0.6, Sum: 5.2]
      [SATB Filtering (ms): Min: 0.0, Avg: 0.0, Max: 0.1, Diff: 0.1, Sum: 0.1]
      [Update RS (ms): Min: 16.2, Avg: 16.3, Max: 16.4, Diff: 0.1, Sum: 65.1]
         [Processed Buffers: Min: 91, Avg: 92.3, Max: 94, Diff: 3, Sum: 369]
      [Scan RS (ms): Min: 0.2, Avg: 0.2, Max: 0.2, Diff: 0.1, Sum: 0.8]
      [Object Copy (ms): Min: 28.5, Avg: 28.7, Max: 29.2, Diff: 0.6, Sum: 114.9]
      [Termination (ms): Min: 0.0, Avg: 0.0, Max: 0.0, Diff: 0.0, Sum: 0.0]
      [GC Worker Other (ms): Min: 0.0, Avg: 0.0, Max: 0.0, Diff: 0.0, Sum: 0.1]
      [GC Worker Total (ms): Min: 46.3, Avg: 46.6, Max: 46.7, Diff: 0.3, Sum: 186.3]
      [GC Worker End (ms): Min: 401253.9, Avg: 401253.9, Max: 401253.9, Diff: 0.0]
   [Code Root Fixup: 0.0 ms]
   [Clear CT: 0.1 ms]
   [Other: 0.8 ms]
      [Choose CSet: 0.0 ms]
      [Ref Proc: 0.0 ms]
      [Ref Enq: 0.0 ms]
      [Free CSet: 0.2 ms]
   [Eden: 231.0M(231.0M)->0.0B(578.0M) Survivors: 29.0M->5120.0K Heap: 1308.5M(2048.0M)->1083.0M(2048.0M)]
 [Times: user=0.17 sys=0.00, real=0.05 secs] 
401.659: [GC concurrent-mark-end, 0.5776677 secs]
401.660: [GC remark 401.665: [GC ref-proc, 0.0019160 secs], 0.0089009 secs]
 [Times: user=0.00 sys=0.00, real=0.01 secs] 
401.669: [GC cleanup 1527M->910M(2048M), 0.0021912 secs]
 [Times: user=0.03 sys=0.00, real=0.00 secs] 
401.672: [GC concurrent-cleanup-start]
401.672: [GC concurrent-cleanup-end, 0.0007896 secs]
401.825: [GC pause (young), 0.2483842 secs]
   [Parallel Time: 246.0 ms, GC Workers: 4]
      [GC Worker Start (ms): Min: 401825.3, Avg: 401825.3, Max: 401825.3, Diff: 0.0]
      [Ext Root Scanning (ms): Min: 1.2, Avg: 1.3, Max: 1.4, Diff: 0.1, Sum: 5.3]
      [Update RS (ms): Min: 19.0, Avg: 19.1, Max: 19.1, Diff: 0.1, Sum: 76.3]
         [Processed Buffers: Min: 164, Avg: 237.5, Max: 271, Diff: 107, Sum: 950]
      [Scan RS (ms): Min: 0.1, Avg: 0.1, Max: 0.2, Diff: 0.1, Sum: 0.5]
      [Object Copy (ms): Min: 220.1, Avg: 221.4, Max: 225.3, Diff: 5.1, Sum: 885.7]
      [Termination (ms): Min: 0.0, Avg: 3.9, Max: 5.3, Diff: 5.3, Sum: 15.6]
      [GC Worker Other (ms): Min: 0.0, Avg: 0.0, Max: 0.0, Diff: 0.0, Sum: 0.1]
      [GC Worker Total (ms): Min: 245.8, Avg: 245.9, Max: 246.0, Diff: 0.2, Sum: 983.6]
      [GC Worker End (ms): Min: 402071.1, Avg: 402071.2, Max: 402071.3, Diff: 0.2]
   [Code Root Fixup: 0.0 ms]
   [Clear CT: 0.3 ms]
   [Other: 2.1 ms]
      [Choose CSet: 0.0 ms]
      [Ref Proc: 0.1 ms]
      [Ref Enq: 0.0 ms]
      [Free CSet: 0.3 ms]
   [Eden: 578.0M(578.0M)->0.0B(283.0M) Survivors: 5120.0K->73.0M Heap: 1044.0M(2048.0M)->726.5M(2048.0M)]
 [Times: user=0.95 sys=0.00, real=0.25 secs] 
402.374: [GC pause (young), 0.2356844 secs]
   [Parallel Time: 232.8 ms, GC Workers: 4]
      [GC Worker Start (ms): Min: 402374.1, Avg: 402374.1, Max: 402374.1, Diff: 0.0]
      [Ext Root Scanning (ms): Min: 1.2, Avg: 1.2, Max: 1.2, Diff: 0.0, Sum: 4.9]
      [Update RS (ms): Min: 18.9, Avg: 19.0, Max: 19.0, Diff: 0.0, Sum: 75.8]
         [Processed Buffers: Min: 156, Avg: 223.0, Max: 285, Diff: 129, Sum: 892]
      [Scan RS (ms): Min: 19.7, Avg: 19.7, Max: 19.7, Diff: 0.1, Sum: 78.8]
      [Object Copy (ms): Min: 192.9, Avg: 192.9, Max: 192.9, Diff: 0.1, Sum: 771.7]
      [Termination (ms): Min: 0.0, Avg: 0.0, Max: 0.0, Diff: 0.0, Sum: 0.0]
      [GC Worker Other (ms): Min: 0.0, Avg: 0.0, Max: 0.0, Diff: 0.0, Sum: 0.1]
      [GC Worker Total (ms): Min: 232.8, Avg: 232.8, Max: 232.8, Diff: 0.0, Sum: 931.3]
      [GC Worker End (ms): Min: 402607.0, Avg: 402607.0, Max: 402607.0, Diff: 0.0]
   [Code Root Fixup: 0.0 ms]
   [Clear CT: 0.3 ms]
   [Other: 2.6 ms]
      [Choose CSet: 0.0 ms]
      [Ref Proc: 0.0 ms]
      [Ref Enq: 0.0 ms]
      [Free CSet: 0.3 ms]
   [Eden: 272.0M(44.0M)->0.0B(308.0M) Survivors: 73.0M->15.0M Heap: 998.5M(2048.0M)->877.5M(2048.0M)]
 [Times: user=0.91 sys=0.00, real=0.24 secs] 
403.053: [GC pause (young), 0.1895623 secs]
   [Parallel Time: 187.5 ms, GC Workers: 4]
      [GC Worker Start (ms): Min: 403053.1, Avg: 403061.1, Max: 403085.2, Diff: 32.1]
      [Ext Root Scanning (ms): Min: 0.1, Avg: 1.2, Max: 1.7, Diff: 1.6, Sum: 5.0]
      [Update RS (ms): Min: 0.0, Avg: 20.2, Max: 27.1, Diff: 27.1, Sum: 80.9]
         [Processed Buffers: Min: 0, Avg: 218.3, Max: 335, Diff: 335, Sum: 873]
      [Scan RS (ms): Min: 0.0, Avg: 0.1, Max: 0.2, Diff: 0.1, Sum: 0.5]
      [Object Copy (ms): Min: 155.3, Avg: 157.8, Max: 158.7, Diff: 3.4, Sum: 631.2]
      [Termination (ms): Min: 0.0, Avg: 0.0, Max: 0.0, Diff: 0.0, Sum: 0.0]
      [GC Worker Other (ms): Min: 0.0, Avg: 0.0, Max: 0.0, Diff: 0.0, Sum: 0.1]
      [GC Worker Total (ms): Min: 155.4, Avg: 179.4, Max: 187.5, Diff: 32.1, Sum: 717.7]
      [GC Worker End (ms): Min: 403240.6, Avg: 403240.6, Max: 403240.6, Diff: 0.0]
   [Code Root Fixup: 0.0 ms]
   [Clear CT: 0.2 ms]
   [Other: 1.8 ms]
      [Choose CSet: 0.0 ms]
      [Ref Proc: 0.0 ms]
      [Ref Enq: 0.0 ms]
      [Free CSet: 0.2 ms]
   [Eden: 308.0M(308.0M)->0.0B(157.0M) Survivors: 15.0M->41.0M Heap: 1185.5M(2048.0M)->1034.0M(2048.0M)]
 [Times: user=0.62 sys=0.00, real=0.19 secs] 
403.432: [GC pause (young) (initial-mark), 0.0876485 secs]
   [Parallel Time: 86.3 ms, GC Workers: 4]
      [GC Worker Start (ms): Min: 403432.5, Avg: 403433.4, Max: 403435.1, Diff: 2.6]
      [Ext Root Scanning (ms): Min: 0.1, Avg: 1.2, Max: 1.9, Diff: 1.8, Sum: 4.9]
      [Update RS (ms): Min: 17.6, Avg: 17.9, Max: 18.1, Diff: 0.5, Sum: 71.8]
         [Processed Buffers: Min: 129, Avg: 135.0, Max: 141, Diff: 12, Sum: 540]
      [Scan RS (ms): Min: 4.5, Avg: 4.6, Max: 4.7, Diff: 0.2, Sum: 18.4]
      [Object Copy (ms): Min: 51.2, Avg: 54.1, Max: 61.7, Diff: 10.4, Sum: 216.4]
      [Termination (ms): Min: 0.0, Avg: 7.4, Max: 10.3, Diff: 10.3, Sum: 29.8]
      [GC Worker Other (ms): Min: 0.0, Avg: 0.0, Max: 0.0, Diff: 0.0, Sum: 0.1]
      [GC Worker Total (ms): Min: 83.6, Avg: 85.3, Max: 86.2, Diff: 2.6, Sum: 341.3]
      [GC Worker End (ms): Min: 403518.7, Avg: 403518.7, Max: 403518.7, Diff: 0.0]
   [Code Root Fixup: 0.0 ms]
   [Clear CT: 0.1 ms]
   [Other: 1.2 ms]
      [Choose CSet: 0.0 ms]
      [Ref Proc: 0.0 ms]
      [Ref Enq: 0.0 ms]
      [Free CSet: 0.2 ms]
   [Eden: 157.0M(157.0M)->0.0B(281.0M) Survivors: 41.0M->20.0M Heap: 1191.0M(2048.0M)->1054.0M(2048.0M)]
 [Times: user=0.31 sys=0.00, real=0.09 secs] 
403.520: [GC concurrent-root-region-scan-start]
403.543: [GC concurrent-root-region-scan-end, 0.0226364 secs]
403.543: [GC concurrent-mark-start]
403.818: [GC pause (young), 0.0514322 secs]
   [Parallel Time: 50.4 ms, GC Workers: 4]
      [GC Worker Start (ms): Min: 403817.8, Avg: 403817.8, Max: 403817.8, Diff: 0.0]
      [Ext Root Scanning (ms): Min: 1.2, Avg: 1.3, Max: 1.3, Diff: 0.1, Sum: 5.0]
      [SATB Filtering (ms): Min: 0.0, Avg: 0.1, Max: 0.2, Diff: 0.2, Sum: 0.2]
      [Update RS (ms): Min: 18.4, Avg: 18.5, Max: 18.6, Diff: 0.2, Sum: 74.2]
         [Processed Buffers: Min: 116, Avg: 126.8, Max: 133, Diff: 17, Sum: 507]
      [Scan RS (ms): Min: 0.1, Avg: 0.1, Max: 0.1, Diff: 0.1, Sum: 0.4]
      [Object Copy (ms): Min: 30.4, Avg: 30.4, Max: 30.4, Diff: 0.0, Sum: 121.4]
      [Termination (ms): Min: 0.0, Avg: 0.0, Max: 0.0, Diff: 0.0, Sum: 0.0]
      [GC Worker Other (ms): Min: 0.0, Avg: 0.0, Max: 0.0, Diff: 0.0, Sum: 0.1]
      [GC Worker Total (ms): Min: 50.3, Avg: 50.3, Max: 50.4, Diff: 0.0, Sum: 201.4]
      [GC Worker End (ms): Min: 403868.2, Avg: 403868.2, Max: 403868.2, Diff: 0.0]
   [Code Root Fixup: 0.0 ms]
   [Clear CT: 0.2 ms]
   [Other: 0.8 ms]
      [Choose CSet: 0.0 ms]
      [Ref Proc: 0.3 ms]
      [Ref Enq: 0.0 ms]
      [Free CSet: 0.2 ms]
   [Eden: 281.0M(281.0M)->0.0B(323.0M) Survivors: 20.0M->38.0M Heap: 1335.0M(2048.0M)->1076.0M(2048.0M)]
 [Times: user=0.14 sys=0.00, real=0.05 secs] 
404.011: [GC concurrent-mark-end, 0.4681529 secs]
404.011: [GC remark 404.012: [GC ref-proc, 0.0018082 secs], 0.0045058 secs]
 [Times: user=0.00 sys=0.00, real=0.00 secs] 
404.016: [GC cleanup 1241M->604M(2048M), 0.0013788 secs]
 [Times: user=0.00 sys=0.00, real=0.00 secs] 
404.018: [GC concurrent-cleanup-start]
404.018: [GC concurrent-cleanup-end, 0.0007928 secs]
404.179: [GC pause (young), 0.1913824 secs]
   [Parallel Time: 189.4 ms, GC Workers: 4]
      [GC Worker Start (ms): Min: 404180.0, Avg: 404180.0, Max: 404180.0, Diff: 0.0]
      [Ext Root Scanning (ms): Min: 1.2, Avg: 1.3, Max: 1.3, Diff: 0.0, Sum: 5.0]
      [Update RS (ms): Min: 1.7, Avg: 1.7, Max: 1.7, Diff: 0.0, Sum: 6.7]
         [Processed Buffers: Min: 152, Avg: 186.3, Max: 218, Diff: 66, Sum: 745]
      [Scan RS (ms): Min: 0.1, Avg: 0.1, Max: 0.1, Diff: 0.0, Sum: 0.3]
      [Object Copy (ms): Min: 186.3, Avg: 186.3, Max: 186.3, Diff: 0.0, Sum: 745.4]
      [Termination (ms): Min: 0.0, Avg: 0.0, Max: 0.0, Diff: 0.0, Sum: 0.0]
      [GC Worker Other (ms): Min: 0.0, Avg: 0.0, Max: 0.0, Diff: 0.0, Sum: 0.1]
      [GC Worker Total (ms): Min: 189.4, Avg: 189.4, Max: 189.4, Diff: 0.0, Sum: 757.5]
      [GC Worker End (ms): Min: 404369.4, Avg: 404369.4, Max: 404369.4, Diff: 0.0]
   [Code Root Fixup: 0.0 ms]
   [Clear CT: 0.1 ms]
   [Other: 1.9 ms]
      [Choose CSet: 0.0 ms]
      [Ref Proc: 0.0 ms]
      [Ref Enq: 0.0 ms]
      [Free CSet: 0.3 ms]
   [Eden: 323.0M(323.0M)->0.0B(56.0M) Survivors: 38.0M->46.0M Heap: 762.0M(2048.0M)->636.0M(2048.0M)]
 [Times: user=0.78 sys=0.00, real=0.19 secs] 
404.468: [GC pause (mixed), 0.0974904 secs]
   [Parallel Time: 95.9 ms, GC Workers: 4]
      [GC Worker Start (ms): Min: 404467.9, Avg: 404468.0, Max: 404468.5, Diff: 0.6]
      [Ext Root Scanning (ms): Min: 0.8, Avg: 1.2, Max: 1.4, Diff: 0.6, Sum: 5.0]
      [Update RS (ms): Min: 40.7, Avg: 40.7, Max: 41.0, Diff: 0.3, Sum: 163.0]
         [Processed Buffers: Min: 167, Avg: 203.0, Max: 220, Diff: 53, Sum: 812]
      [Scan RS (ms): Min: 0.2, Avg: 0.3, Max: 0.5, Diff: 0.3, Sum: 1.3]
      [Object Copy (ms): Min: 53.3, Avg: 53.4, Max: 53.4, Diff: 0.1, Sum: 213.4]
      [Termination (ms): Min: 0.0, Avg: 0.0, Max: 0.0, Diff: 0.0, Sum: 0.0]
      [GC Worker Other (ms): Min: 0.0, Avg: 0.0, Max: 0.0, Diff: 0.0, Sum: 0.0]
      [GC Worker Total (ms): Min: 95.2, Avg: 95.7, Max: 95.8, Diff: 0.6, Sum: 382.7]
      [GC Worker End (ms): Min: 404563.7, Avg: 404563.7, Max: 404563.7, Diff: 0.0]
   [Code Root Fixup: 0.0 ms]
   [Clear CT: 0.1 ms]
   [Other: 1.4 ms]
      [Choose CSet: 0.0 ms]
      [Ref Proc: 0.1 ms]
      [Ref Enq: 0.0 ms]
      [Free CSet: 0.2 ms]
   [Eden: 56.0M(56.0M)->0.0B(282.0M) Survivors: 46.0M->3072.0K Heap: 692.0M(2048.0M)->626.5M(2048.0M)]
 [Times: user=0.34 sys=0.00, real=0.10 secs] 
404.859: [GC pause (young), 0.0564669 secs]
   [Parallel Time: 55.5 ms, GC Workers: 4]
      [GC Worker Start (ms): Min: 404858.8, Avg: 404858.8, Max: 404858.8, Diff: 0.0]
      [Ext Root Scanning (ms): Min: 1.2, Avg: 1.2, Max: 1.2, Diff: 0.0, Sum: 4.9]
      [Update RS (ms): Min: 19.1, Avg: 19.1, Max: 19.1, Diff: 0.1, Sum: 76.4]
         [Processed Buffers: Min: 196, Avg: 214.5, Max: 222, Diff: 26, Sum: 858]
      [Scan RS (ms): Min: 0.0, Avg: 0.1, Max: 0.1, Diff: 0.0, Sum: 0.3]
      [Object Copy (ms): Min: 35.0, Avg: 35.0, Max: 35.1, Diff: 0.0, Sum: 140.1]
      [Termination (ms): Min: 0.0, Avg: 0.0, Max: 0.0, Diff: 0.0, Sum: 0.0]
      [GC Worker Other (ms): Min: 0.0, Avg: 0.0, Max: 0.0, Diff: 0.0, Sum: 0.1]
      [GC Worker Total (ms): Min: 55.4, Avg: 55.4, Max: 55.4, Diff: 0.0, Sum: 221.7]
      [GC Worker End (ms): Min: 404914.3, Avg: 404914.3, Max: 404914.3, Diff: 0.0]
   [Code Root Fixup: 0.0 ms]
   [Clear CT: 0.1 ms]
   [Other: 0.9 ms]
      [Choose CSet: 0.0 ms]
      [Ref Proc: 0.3 ms]
      [Ref Enq: 0.0 ms]
      [Free CSet: 0.2 ms]
   [Eden: 282.0M(282.0M)->0.0B(145.0M) Survivors: 3072.0K->36.0M Heap: 908.5M(2048.0M)->670.5M(2048.0M)]
 [Times: user=0.25 sys=0.00, real=0.06 secs] 
405.054: [GC pause (young), 0.1644791 secs]
   [Parallel Time: 156.7 ms, GC Workers: 4]
      [GC Worker Start (ms): Min: 405054.5, Avg: 405056.1, Max: 405057.5, Diff: 3.0]
      [Ext Root Scanning (ms): Min: 0.1, Avg: 1.3, Max: 2.7, Diff: 2.6, Sum: 5.3]
      [Update RS (ms): Min: 4.3, Avg: 5.0, Max: 5.9, Diff: 1.6, Sum: 20.2]
         [Processed Buffers: Min: 62, Avg: 128.0, Max: 189, Diff: 127, Sum: 512]
      [Scan RS (ms): Min: 0.0, Avg: 0.0, Max: 0.1, Diff: 0.1, Sum: 0.2]
      [Object Copy (ms): Min: 135.0, Avg: 138.6, Max: 146.2, Diff: 11.2, Sum: 554.2]
      [Termination (ms): Min: 0.0, Avg: 8.0, Max: 11.3, Diff: 11.3, Sum: 32.1]
      [GC Worker Other (ms): Min: 0.0, Avg: 0.0, Max: 0.0, Diff: 0.0, Sum: 0.1]
      [GC Worker Total (ms): Min: 151.3, Avg: 153.0, Max: 154.5, Diff: 3.1, Sum: 612.0]
      [GC Worker End (ms): Min: 405208.8, Avg: 405209.1, Max: 405209.7, Diff: 0.9]
   [Code Root Fixup: 0.0 ms]
   [Clear CT: 0.1 ms]
   [Other: 7.7 ms]
      [Choose CSet: 0.0 ms]
      [Ref Proc: 6.3 ms]
      [Ref Enq: 0.0 ms]
      [Free CSet: 0.2 ms]
   [Eden: 145.0M(145.0M)->0.0B(150.0M) Survivors: 36.0M->23.0M Heap: 815.5M(2048.0M)->775.5M(2048.0M)]
 [Times: user=0.45 sys=0.00, real=0.16 secs] 
405.340: [GC pause (young), 0.0903740 secs]
   [Parallel Time: 86.6 ms, GC Workers: 4]
      [GC Worker Start (ms): Min: 405340.4, Avg: 405340.4, Max: 405340.4, Diff: 0.0]
      [Ext Root Scanning (ms): Min: 1.3, Avg: 1.3, Max: 1.3, Diff: 0.0, Sum: 5.3]
      [Update RS (ms): Min: 27.6, Avg: 27.6, Max: 27.6, Diff: 0.0, Sum: 110.4]
         [Processed Buffers: Min: 170, Avg: 198.3, Max: 219, Diff: 49, Sum: 793]
      [Scan RS (ms): Min: 0.7, Avg: 0.7, Max: 0.7, Diff: 0.1, Sum: 2.8]
      [Object Copy (ms): Min: 56.9, Avg: 57.0, Max: 57.0, Diff: 0.1, Sum: 227.8]
      [Termination (ms): Min: 0.0, Avg: 0.0, Max: 0.0, Diff: 0.0, Sum: 0.0]
      [GC Worker Other (ms): Min: 0.0, Avg: 0.0, Max: 0.0, Diff: 0.0, Sum: 0.1]
      [GC Worker Total (ms): Min: 86.6, Avg: 86.6, Max: 86.6, Diff: 0.0, Sum: 346.4]
      [GC Worker End (ms): Min: 405427.0, Avg: 405427.0, Max: 405427.0, Diff: 0.0]
   [Code Root Fixup: 0.0 ms]
   [Clear CT: 1.4 ms]
   [Other: 2.4 ms]
      [Choose CSet: 0.0 ms]
      [Ref Proc: 1.3 ms]
      [Ref Enq: 0.0 ms]
      [Free CSet: 0.2 ms]
   [Eden: 150.0M(150.0M)->0.0B(195.0M) Survivors: 23.0M->22.0M Heap: 925.5M(2048.0M)->825.5M(2048.0M)]
 [Times: user=0.31 sys=0.00, real=0.09 secs] 
405.615: [GC pause (young), 0.1677024 secs]
   [Parallel Time: 166.1 ms, GC Workers: 4]
      [GC Worker Start (ms): Min: 405615.2, Avg: 405615.4, Max: 405616.0, Diff: 0.8]
      [Ext Root Scanning (ms): Min: 0.8, Avg: 1.4, Max: 1.6, Diff: 0.7, Sum: 5.5]
      [Update RS (ms): Min: 21.2, Avg: 21.2, Max: 21.2, Diff: 0.0, Sum: 84.8]
         [Processed Buffers: Min: 115, Avg: 124.3, Max: 130, Diff: 15, Sum: 497]
      [Scan RS (ms): Min: 0.1, Avg: 0.1, Max: 0.1, Diff: 0.0, Sum: 0.4]
      [Object Copy (ms): Min: 142.7, Avg: 142.9, Max: 143.2, Diff: 0.5, Sum: 571.4]
      [Termination (ms): Min: 0.0, Avg: 0.3, Max: 0.5, Diff: 0.5, Sum: 1.4]
      [GC Worker Other (ms): Min: 0.0, Avg: 0.0, Max: 0.0, Diff: 0.0, Sum: 0.1]
      [GC Worker Total (ms): Min: 165.3, Avg: 165.9, Max: 166.1, Diff: 0.8, Sum: 663.5]
      [GC Worker End (ms): Min: 405781.3, Avg: 405781.3, Max: 405781.3, Diff: 0.0]
   [Code Root Fixup: 0.0 ms]
   [Clear CT: 0.1 ms]
   [Other: 1.5 ms]
      [Choose CSet: 0.0 ms]
      [Ref Proc: 0.1 ms]
      [Ref Enq: 0.0 ms]
      [Free CSet: 0.2 ms]
   [Eden: 195.0M(195.0M)->0.0B(187.0M) Survivors: 22.0M->28.0M Heap: 1020.5M(2048.0M)->980.0M(2048.0M)]
 [Times: user=0.66 sys=0.00, real=0.17 secs] 
406.009: [GC pause (young) (initial-mark), 0.1106024 secs]
   [Parallel Time: 107.0 ms, GC Workers: 4]
      [GC Worker Start (ms): Min: 406009.5, Avg: 406009.5, Max: 406009.5, Diff: 0.0]
      [Ext Root Scanning (ms): Min: 1.2, Avg: 1.2, Max: 1.3, Diff: 0.1, Sum: 4.9]
      [Update RS (ms): Min: 25.8, Avg: 25.8, Max: 25.8, Diff: 0.0, Sum: 103.0]
         [Processed Buffers: Min: 193, Avg: 218.5, Max: 245, Diff: 52, Sum: 874]
      [Scan RS (ms): Min: 0.1, Avg: 0.1, Max: 0.1, Diff: 0.1, Sum: 0.5]
      [Object Copy (ms): Min: 79.9, Avg: 79.9, Max: 79.9, Diff: 0.0, Sum: 319.5]
      [Termination (ms): Min: 0.0, Avg: 0.0, Max: 0.0, Diff: 0.0, Sum: 0.0]
      [GC Worker Other (ms): Min: 0.0, Avg: 0.0, Max: 0.0, Diff: 0.0, Sum: 0.1]
      [GC Worker Total (ms): Min: 107.0, Avg: 107.0, Max: 107.0, Diff: 0.0, Sum: 428.0]
      [GC Worker End (ms): Min: 406116.5, Avg: 406116.5, Max: 406116.5, Diff: 0.0]
   [Code Root Fixup: 0.0 ms]
   [Clear CT: 1.6 ms]
   [Other: 1.9 ms]
      [Choose CSet: 0.0 ms]
      [Ref Proc: 0.3 ms]
      [Ref Enq: 0.0 ms]
      [Free CSet: 0.2 ms]
   [Eden: 187.0M(187.0M)->0.0B(244.0M) Survivors: 28.0M->27.0M Heap: 1167.0M(2048.0M)->1052.5M(2048.0M)]
 [Times: user=0.44 sys=0.00, real=0.11 secs] 
406.120: [GC concurrent-root-region-scan-start]
406.148: [GC concurrent-root-region-scan-end, 0.0288112 secs]
406.148: [GC concurrent-mark-start]
406.355: [GC pause (young), 0.1000863 secs]
   [Parallel Time: 98.8 ms, GC Workers: 4]
      [GC Worker Start (ms): Min: 406355.7, Avg: 406355.7, Max: 406355.7, Diff: 0.0]
      [Ext Root Scanning (ms): Min: 1.3, Avg: 1.3, Max: 1.3, Diff: 0.0, Sum: 5.1]
      [SATB Filtering (ms): Min: 0.0, Avg: 0.8, Max: 3.1, Diff: 3.1, Sum: 3.1]
      [Update RS (ms): Min: 15.1, Avg: 17.4, Max: 18.2, Diff: 3.1, Sum: 69.7]
         [Processed Buffers: Min: 103, Avg: 162.0, Max: 210, Diff: 107, Sum: 648]
      [Scan RS (ms): Min: 0.2, Avg: 0.2, Max: 0.3, Diff: 0.1, Sum: 0.9]
      [Object Copy (ms): Min: 79.0, Avg: 79.0, Max: 79.1, Diff: 0.0, Sum: 316.2]
      [Termination (ms): Min: 0.0, Avg: 0.0, Max: 0.0, Diff: 0.0, Sum: 0.0]
      [GC Worker Other (ms): Min: 0.0, Avg: 0.0, Max: 0.0, Diff: 0.0, Sum: 0.1]
      [GC Worker Total (ms): Min: 98.7, Avg: 98.7, Max: 98.8, Diff: 0.0, Sum: 395.0]
      [GC Worker End (ms): Min: 406454.4, Avg: 406454.4, Max: 406454.4, Diff: 0.0]
   [Code Root Fixup: 0.0 ms]
   [Clear CT: 0.1 ms]
   [Other: 1.2 ms]
      [Choose CSet: 0.0 ms]
      [Ref Proc: 0.0 ms]
      [Ref Enq: 0.0 ms]
      [Free CSet: 0.3 ms]
   [Eden: 244.0M(244.0M)->0.0B(303.0M) Survivors: 27.0M->34.0M Heap: 1296.5M(2048.0M)->1122.5M(2048.0M)]
 [Times: user=0.34 sys=0.00, real=0.10 secs] 
406.703: [GC concurrent-mark-end, 0.5545826 secs]
406.704: [GC pause (young), 0.1097548 secs]
   [Parallel Time: 108.1 ms, GC Workers: 4]
      [GC Worker Start (ms): Min: 406704.2, Avg: 406704.4, Max: 406705.0, Diff: 0.8]
      [Ext Root Scanning (ms): Min: 0.7, Avg: 1.2, Max: 1.4, Diff: 0.7, Sum: 5.0]
      [SATB Filtering (ms): Min: 0.0, Avg: 0.7, Max: 2.7, Diff: 2.7, Sum: 2.7]
      [Update RS (ms): Min: 17.0, Avg: 19.0, Max: 19.6, Diff: 2.6, Sum: 75.9]
         [Processed Buffers: Min: 105, Avg: 117.8, Max: 132, Diff: 27, Sum: 471]
      [Scan RS (ms): Min: 0.1, Avg: 0.2, Max: 0.2, Diff: 0.1, Sum: 0.7]
      [Object Copy (ms): Min: 86.3, Avg: 86.4, Max: 86.7, Diff: 0.5, Sum: 345.7]
      [Termination (ms): Min: 0.0, Avg: 0.3, Max: 0.4, Diff: 0.4, Sum: 1.2]
      [GC Worker Other (ms): Min: 0.0, Avg: 0.0, Max: 0.0, Diff: 0.0, Sum: 0.1]
      [GC Worker Total (ms): Min: 107.2, Avg: 107.8, Max: 108.0, Diff: 0.9, Sum: 431.3]
      [GC Worker End (ms): Min: 406812.2, Avg: 406812.2, Max: 406812.3, Diff: 0.0]
   [Code Root Fixup: 0.0 ms]
   [Clear CT: 0.1 ms]
   [Other: 1.6 ms]
      [Choose CSet: 0.0 ms]
      [Ref Proc: 0.5 ms]
      [Ref Enq: 0.0 ms]
      [Free CSet: 0.2 ms]
   [Eden: 303.0M(303.0M)->0.0B(333.0M) Survivors: 34.0M->43.0M Heap: 1425.5M(2048.0M)->1193.5M(2048.0M)]
 [Times: user=0.36 sys=0.00, real=0.11 secs] 
406.843: [GC remark 406.843: [GC ref-proc, 0.0017829 secs], 0.0032531 secs]
 [Times: user=0.00 sys=0.00, real=0.00 secs] 
406.846: [GC cleanup 1204M->665M(2048M), 0.0015141 secs]
 [Times: user=0.00 sys=0.00, real=0.00 secs] 
406.848: [GC concurrent-cleanup-start]
406.848: [GC concurrent-cleanup-end, 0.0006450 secs]
407.155: [GC pause (young), 0.2612140 secs]
   [Parallel Time: 259.0 ms, GC Workers: 4]
      [GC Worker Start (ms): Min: 407155.5, Avg: 407155.6, Max: 407155.7, Diff: 0.2]
      [Ext Root Scanning (ms): Min: 0.3, Avg: 1.3, Max: 1.7, Diff: 1.5, Sum: 5.1]
      [Update RS (ms): Min: 27.5, Avg: 29.0, Max: 29.7, Diff: 2.2, Sum: 116.2]
         [Processed Buffers: Min: 154, Avg: 160.3, Max: 164, Diff: 10, Sum: 641]
      [Scan RS (ms): Min: 0.1, Avg: 0.1, Max: 0.1, Diff: 0.0, Sum: 0.4]
      [Object Copy (ms): Min: 227.6, Avg: 228.4, Max: 231.0, Diff: 3.4, Sum: 913.7]
      [Termination (ms): Min: 0.0, Avg: 0.0, Max: 0.0, Diff: 0.0, Sum: 0.0]
      [GC Worker Other (ms): Min: 0.0, Avg: 0.0, Max: 0.0, Diff: 0.0, Sum: 0.1]
      [GC Worker Total (ms): Min: 258.7, Avg: 258.9, Max: 258.9, Diff: 0.2, Sum: 1035.4]
      [GC Worker End (ms): Min: 407414.4, Avg: 407414.4, Max: 407414.5, Diff: 0.0]
   [Code Root Fixup: 0.0 ms]
   [Clear CT: 0.1 ms]
   [Other: 2.1 ms]
      [Choose CSet: 0.0 ms]
      [Ref Proc: 0.0 ms]
      [Ref Enq: 0.0 ms]
      [Free CSet: 0.3 ms]
   [Eden: 333.0M(333.0M)->0.0B(55.0M) Survivors: 43.0M->47.0M Heap: 987.5M(2048.0M)->893.0M(2048.0M)]
 [Times: user=1.05 sys=0.00, real=0.26 secs] 
407.570: [GC pause (mixed), 0.0911630 secs]
   [Parallel Time: 89.2 ms, GC Workers: 4]
      [GC Worker Start (ms): Min: 407570.6, Avg: 407571.0, Max: 407572.4, Diff: 1.8]
      [Ext Root Scanning (ms): Min: 0.1, Avg: 1.3, Max: 1.8, Diff: 1.7, Sum: 5.1]
      [Update RS (ms): Min: 28.7, Avg: 28.8, Max: 29.1, Diff: 0.3, Sum: 115.4]
         [Processed Buffers: Min: 152, Avg: 155.3, Max: 157, Diff: 5, Sum: 621]
      [Scan RS (ms): Min: 7.4, Avg: 7.5, Max: 7.6, Diff: 0.2, Sum: 30.0]
      [Object Copy (ms): Min: 51.1, Avg: 51.2, Max: 51.2, Diff: 0.2, Sum: 204.6]
      [Termination (ms): Min: 0.0, Avg: 0.0, Max: 0.0, Diff: 0.0, Sum: 0.0]
      [GC Worker Other (ms): Min: 0.0, Avg: 0.0, Max: 0.0, Diff: 0.0, Sum: 0.1]
      [GC Worker Total (ms): Min: 87.4, Avg: 88.8, Max: 89.2, Diff: 1.8, Sum: 355.1]
      [GC Worker End (ms): Min: 407659.8, Avg: 407659.8, Max: 407659.8, Diff: 0.0]
   [Code Root Fixup: 0.0 ms]
   [Clear CT: 0.2 ms]
   [Other: 1.7 ms]
      [Choose CSet: 0.1 ms]
      [Ref Proc: 0.0 ms]
      [Ref Enq: 0.0 ms]
      [Free CSet: 0.5 ms]
   [Eden: 55.0M(55.0M)->0.0B(212.0M) Survivors: 47.0M->4096.0K Heap: 948.0M(2048.0M)->817.5M(2048.0M)]
 [Times: user=0.33 sys=0.00, real=0.09 secs] 
407.914: [GC pause (young), 0.1149873 secs]
   [Parallel Time: 113.5 ms, GC Workers: 4]
      [GC Worker Start (ms): Min: 407914.7, Avg: 407914.8, Max: 407914.8, Diff: 0.0]
      [Ext Root Scanning (ms): Min: 1.3, Avg: 1.6, Max: 2.3, Diff: 1.0, Sum: 6.4]
      [Update RS (ms): Min: 20.3, Avg: 21.1, Max: 21.7, Diff: 1.4, Sum: 84.4]
         [Processed Buffers: Min: 194, Avg: 317.5, Max: 384, Diff: 190, Sum: 1270]
      [Scan RS (ms): Min: 0.0, Avg: 0.1, Max: 0.1, Diff: 0.1, Sum: 0.3]
      [Object Copy (ms): Min: 90.4, Avg: 90.7, Max: 90.7, Diff: 0.3, Sum: 362.6]
      [Termination (ms): Min: 0.0, Avg: 0.0, Max: 0.0, Diff: 0.0, Sum: 0.0]
      [GC Worker Other (ms): Min: 0.0, Avg: 0.0, Max: 0.0, Diff: 0.0, Sum: 0.1]
      [GC Worker Total (ms): Min: 113.4, Avg: 113.5, Max: 113.5, Diff: 0.0, Sum: 453.8]
      [GC Worker End (ms): Min: 408028.2, Avg: 408028.2, Max: 408028.2, Diff: 0.0]
   [Code Root Fixup: 0.0 ms]
   [Clear CT: 0.1 ms]
   [Other: 1.4 ms]
      [Choose CSet: 0.0 ms]
      [Ref Proc: 0.1 ms]
      [Ref Enq: 0.0 ms]
      [Free CSet: 0.2 ms]
   [Eden: 212.0M(212.0M)->0.0B(75.0M) Survivors: 4096.0K->27.0M Heap: 1029.5M(2048.0M)->926.0M(2048.0M)]
 [Times: user=0.44 sys=0.00, real=0.12 secs] 
408.090: [GC pause (young), 0.0567074 secs]
   [Parallel Time: 54.3 ms, GC Workers: 4]
      [GC Worker Start (ms): Min: 408090.6, Avg: 408090.6, Max: 408090.6, Diff: 0.0]
      [Ext Root Scanning (ms): Min: 1.2, Avg: 1.2, Max: 1.2, Diff: 0.0, Sum: 4.9]
      [Update RS (ms): Min: 19.5, Avg: 19.5, Max: 19.5, Diff: 0.0, Sum: 78.1]
         [Processed Buffers: Min: 107, Avg: 116.5, Max: 127, Diff: 20, Sum: 466]
      [Scan RS (ms): Min: 0.1, Avg: 0.1, Max: 0.1, Diff: 0.0, Sum: 0.5]
      [Object Copy (ms): Min: 33.4, Avg: 33.4, Max: 33.4, Diff: 0.0, Sum: 133.5]
      [Termination (ms): Min: 0.0, Avg: 0.0, Max: 0.0, Diff: 0.0, Sum: 0.0]
      [GC Worker Other (ms): Min: 0.0, Avg: 0.0, Max: 0.0, Diff: 0.0, Sum: 0.1]
      [GC Worker Total (ms): Min: 54.3, Avg: 54.3, Max: 54.3, Diff: 0.0, Sum: 217.1]
      [GC Worker End (ms): Min: 408144.9, Avg: 408144.9, Max: 408144.9, Diff: 0.0]
   [Code Root Fixup: 0.0 ms]
   [Clear CT: 1.1 ms]
   [Other: 1.3 ms]
      [Choose CSet: 0.0 ms]
      [Ref Proc: 0.5 ms]
      [Ref Enq: 0.0 ms]
      [Free CSet: 0.1 ms]
   [Eden: 75.0M(75.0M)->0.0B(183.0M) Survivors: 27.0M->13.0M Heap: 1001.0M(2048.0M)->942.0M(2048.0M)]
 [Times: user=0.25 sys=0.00, real=0.06 secs] 
408.320: [GC pause (young) (initial-mark), 0.1634002 secs]
   [Parallel Time: 160.9 ms, GC Workers: 4]
      [GC Worker Start (ms): Min: 408321.1, Avg: 408321.1, Max: 408321.1, Diff: 0.0]
      [Ext Root Scanning (ms): Min: 1.3, Avg: 1.3, Max: 1.3, Diff: 0.1, Sum: 5.1]
      [Update RS (ms): Min: 19.0, Avg: 19.0, Max: 19.0, Diff: 0.1, Sum: 76.0]
         [Processed Buffers: Min: 177, Avg: 211.0, Max: 240, Diff: 63, Sum: 844]
      [Scan RS (ms): Min: 0.0, Avg: 0.0, Max: 0.1, Diff: 0.1, Sum: 0.2]
      [Object Copy (ms): Min: 140.5, Avg: 140.5, Max: 140.5, Diff: 0.0, Sum: 562.1]
      [Termination (ms): Min: 0.0, Avg: 0.0, Max: 0.0, Diff: 0.0, Sum: 0.0]
      [GC Worker Other (ms): Min: 0.0, Avg: 0.0, Max: 0.0, Diff: 0.0, Sum: 0.1]
      [GC Worker Total (ms): Min: 160.9, Avg: 160.9, Max: 160.9, Diff: 0.0, Sum: 643.5]
      [GC Worker End (ms): Min: 408482.0, Avg: 408482.0, Max: 408482.0, Diff: 0.0]
   [Code Root Fixup: 0.0 ms]
   [Clear CT: 0.7 ms]
   [Other: 1.9 ms]
      [Choose CSet: 0.0 ms]
      [Ref Proc: 0.0 ms]
      [Ref Enq: 0.0 ms]
      [Free CSet: 0.2 ms]
   [Eden: 183.0M(183.0M)->0.0B(159.0M) Survivors: 13.0M->25.0M Heap: 1125.0M(2048.0M)->1093.5M(2048.0M)]
 [Times: user=0.55 sys=0.01, real=0.16 secs] 
408.484: [GC concurrent-root-region-scan-start]
408.515: [GC concurrent-root-region-scan-end, 0.0308038 secs]
408.515: [GC concurrent-mark-start]
408.636: [GC pause (young), 0.0571962 secs]
   [Parallel Time: 56.2 ms, GC Workers: 4]
      [GC Worker Start (ms): Min: 408635.8, Avg: 408635.8, Max: 408635.9, Diff: 0.0]
      [Ext Root Scanning (ms): Min: 1.4, Avg: 1.5, Max: 1.6, Diff: 0.2, Sum: 5.9]
      [SATB Filtering (ms): Min: 0.0, Avg: 0.0, Max: 0.1, Diff: 0.1, Sum: 0.1]
      [Update RS (ms): Min: 20.6, Avg: 20.6, Max: 20.7, Diff: 0.1, Sum: 82.6]
         [Processed Buffers: Min: 101, Avg: 107.5, Max: 113, Diff: 12, Sum: 430]
      [Scan RS (ms): Min: 0.1, Avg: 0.1, Max: 0.2, Diff: 0.1, Sum: 0.5]
      [Object Copy (ms): Min: 30.8, Avg: 31.6, Max: 33.8, Diff: 3.0, Sum: 126.3]
      [Termination (ms): Min: 0.0, Avg: 2.2, Max: 3.0, Diff: 3.0, Sum: 8.9]
      [GC Worker Other (ms): Min: 0.0, Avg: 0.0, Max: 0.0, Diff: 0.0, Sum: 0.0]
      [GC Worker Total (ms): Min: 56.1, Avg: 56.1, Max: 56.1, Diff: 0.1, Sum: 224.3]
      [GC Worker End (ms): Min: 408691.9, Avg: 408691.9, Max: 408692.0, Diff: 0.1]
   [Code Root Fixup: 0.0 ms]
   [Clear CT: 0.1 ms]
   [Other: 1.0 ms]
      [Choose CSet: 0.0 ms]
      [Ref Proc: 0.0 ms]
      [Ref Enq: 0.0 ms]
      [Free CSet: 0.2 ms]
   [Eden: 159.0M(159.0M)->0.0B(255.0M) Survivors: 25.0M->4096.0K Heap: 1252.5M(2048.0M)->1098.5M(2048.0M)]
 [Times: user=0.17 sys=0.00, real=0.06 secs] 
408.932: [GC pause (young), 0.0374645 secs]
   [Parallel Time: 36.6 ms, GC Workers: 4]
      [GC Worker Start (ms): Min: 408932.8, Avg: 408933.0, Max: 408933.6, Diff: 0.8]
      [Ext Root Scanning (ms): Min: 0.9, Avg: 1.4, Max: 1.6, Diff: 0.8, Sum: 5.7]
      [SATB Filtering (ms): Min: 0.0, Avg: 0.2, Max: 0.8, Diff: 0.8, Sum: 0.8]
      [Update RS (ms): Min: 14.5, Avg: 15.2, Max: 15.5, Diff: 1.0, Sum: 60.7]
         [Processed Buffers: Min: 96, Avg: 196.8, Max: 267, Diff: 171, Sum: 787]
      [Scan RS (ms): Min: 0.0, Avg: 0.1, Max: 0.1, Diff: 0.1, Sum: 0.4]
      [Object Copy (ms): Min: 18.3, Avg: 18.6, Max: 19.5, Diff: 1.1, Sum: 74.6]
      [Termination (ms): Min: 0.0, Avg: 0.8, Max: 1.1, Diff: 1.1, Sum: 3.3]
      [GC Worker Other (ms): Min: 0.0, Avg: 0.0, Max: 0.0, Diff: 0.0, Sum: 0.1]
      [GC Worker Total (ms): Min: 35.8, Avg: 36.4, Max: 36.6, Diff: 0.8, Sum: 145.6]
      [GC Worker End (ms): Min: 408969.4, Avg: 408969.4, Max: 408969.4, Diff: 0.0]
   [Code Root Fixup: 0.0 ms]
   [Clear CT: 0.1 ms]
   [Other: 0.8 ms]
      [Choose CSet: 0.0 ms]
      [Ref Proc: 0.0 ms]
      [Ref Enq: 0.0 ms]
      [Free CSet: 0.2 ms]
   [Eden: 255.0M(255.0M)->0.0B(310.0M) Survivors: 4096.0K->25.0M Heap: 1353.5M(2048.0M)->1119.5M(2048.0M)]
 [Times: user=0.13 sys=0.00, real=0.04 secs] 
409.099: [GC concurrent-mark-end, 0.5826716 secs]
409.102: [GC remark 409.104: [GC ref-proc, 0.0017996 secs], 0.0054006 secs]
 [Times: user=0.00 sys=0.00, real=0.01 secs] 
409.108: [GC cleanup 1279M->663M(2048M), 0.0015622 secs]
 [Times: user=0.00 sys=0.00, real=0.00 secs] 
409.110: [GC concurrent-cleanup-start]
409.111: [GC concurrent-cleanup-end, 0.0007867 secs]
409.251: [GC pause (young), 0.1554897 secs]
   [Parallel Time: 153.3 ms, GC Workers: 4]
      [GC Worker Start (ms): Min: 409251.1, Avg: 409255.5, Max: 409267.7, Diff: 16.5]
      [Ext Root Scanning (ms): Min: 0.1, Avg: 1.2, Max: 1.8, Diff: 1.8, Sum: 4.9]
      [Update RS (ms): Min: 0.0, Avg: 0.5, Max: 0.8, Diff: 0.8, Sum: 1.9]
         [Processed Buffers: Min: 0, Avg: 94.8, Max: 260, Diff: 260, Sum: 379]
      [Scan RS (ms): Min: 0.0, Avg: 0.1, Max: 0.1, Diff: 0.1, Sum: 0.3]
      [Object Copy (ms): Min: 136.5, Avg: 147.0, Max: 150.6, Diff: 14.1, Sum: 588.1]
      [Termination (ms): Min: 0.0, Avg: 0.0, Max: 0.0, Diff: 0.0, Sum: 0.0]
      [GC Worker Other (ms): Min: 0.0, Avg: 0.0, Max: 0.0, Diff: 0.0, Sum: 0.1]
      [GC Worker Total (ms): Min: 136.6, Avg: 148.8, Max: 153.2, Diff: 16.5, Sum: 595.4]
      [GC Worker End (ms): Min: 409404.3, Avg: 409404.3, Max: 409404.3, Diff: 0.0]
   [Code Root Fixup: 0.0 ms]
   [Clear CT: 0.6 ms]
   [Other: 1.6 ms]
      [Choose CSet: 0.0 ms]
      [Ref Proc: 0.0 ms]
      [Ref Enq: 0.0 ms]
      [Free CSet: 0.3 ms]
   [Eden: 310.0M(310.0M)->0.0B(60.0M) Survivors: 25.0M->42.0M Heap: 813.5M(2048.0M)->633.0M(2048.0M)]
 [Times: user=0.48 sys=0.00, real=0.15 secs] 
409.454: [GC pause (mixed), 0.0724637 secs]
   [Parallel Time: 71.1 ms, GC Workers: 4]
      [GC Worker Start (ms): Min: 409454.3, Avg: 409454.7, Max: 409454.8, Diff: 0.5]
      [Ext Root Scanning (ms): Min: 1.2, Avg: 1.3, Max: 1.6, Diff: 0.4, Sum: 5.2]
      [Update RS (ms): Min: 28.0, Avg: 28.0, Max: 28.1, Diff: 0.1, Sum: 112.2]
         [Processed Buffers: Min: 142, Avg: 145.0, Max: 150, Diff: 8, Sum: 580]
      [Scan RS (ms): Min: 3.0, Avg: 3.1, Max: 3.5, Diff: 0.5, Sum: 12.6]
      [Object Copy (ms): Min: 37.9, Avg: 38.2, Max: 38.3, Diff: 0.4, Sum: 152.6]
      [Termination (ms): Min: 0.0, Avg: 0.0, Max: 0.0, Diff: 0.0, Sum: 0.0]
      [GC Worker Other (ms): Min: 0.0, Avg: 0.0, Max: 0.0, Diff: 0.0, Sum: 0.1]
      [GC Worker Total (ms): Min: 70.5, Avg: 70.7, Max: 71.0, Diff: 0.5, Sum: 282.7]
      [GC Worker End (ms): Min: 409525.4, Avg: 409525.4, Max: 409525.4, Diff: 0.0]
   [Code Root Fixup: 0.0 ms]
   [Clear CT: 0.1 ms]
   [Other: 1.3 ms]
      [Choose CSet: 0.0 ms]
      [Ref Proc: 0.2 ms]
      [Ref Enq: 0.0 ms]
      [Free CSet: 0.3 ms]
   [Eden: 60.0M(60.0M)->0.0B(272.0M) Survivors: 42.0M->3072.0K Heap: 693.0M(2048.0M)->583.5M(2048.0M)]
 [Times: user=0.25 sys=0.00, real=0.07 secs] 
409.775: [GC pause (young), 0.1287099 secs]
   [Parallel Time: 127.1 ms, GC Workers: 4]
      [GC Worker Start (ms): Min: 409775.4, Avg: 409775.8, Max: 409776.9, Diff: 1.5]
      [Ext Root Scanning (ms): Min: 0.3, Avg: 1.3, Max: 1.8, Diff: 1.5, Sum: 5.3]
      [Update RS (ms): Min: 16.4, Avg: 16.6, Max: 17.0, Diff: 0.5, Sum: 66.6]
         [Processed Buffers: Min: 129, Avg: 223.0, Max: 327, Diff: 198, Sum: 892]
      [Scan RS (ms): Min: 0.0, Avg: 0.1, Max: 0.2, Diff: 0.2, Sum: 0.4]
      [Object Copy (ms): Min: 108.6, Avg: 108.7, Max: 108.9, Diff: 0.3, Sum: 434.7]
      [Termination (ms): Min: 0.0, Avg: 0.0, Max: 0.0, Diff: 0.0, Sum: 0.0]
      [GC Worker Other (ms): Min: 0.0, Avg: 0.0, Max: 0.0, Diff: 0.0, Sum: 0.1]
      [GC Worker Total (ms): Min: 125.7, Avg: 126.8, Max: 127.1, Diff: 1.5, Sum: 507.0]
      [GC Worker End (ms): Min: 409902.5, Avg: 409902.6, Max: 409902.6, Diff: 0.0]
   [Code Root Fixup: 0.0 ms]
   [Clear CT: 0.2 ms]
   [Other: 1.4 ms]
      [Choose CSet: 0.0 ms]
      [Ref Proc: 0.0 ms]
      [Ref Enq: 0.0 ms]
      [Free CSet: 0.2 ms]
   [Eden: 272.0M(272.0M)->0.0B(251.0M) Survivors: 3072.0K->35.0M Heap: 855.5M(2048.0M)->708.5M(2048.0M)]
 [Times: user=0.48 sys=0.00, real=0.13 secs] 
410.116: [GC pause (young), 0.1456882 secs]
   [Parallel Time: 143.8 ms, GC Workers: 4]
      [GC Worker Start (ms): Min: 410116.3, Avg: 410116.3, Max: 410116.3, Diff: 0.0]
      [Ext Root Scanning (ms): Min: 1.2, Avg: 1.2, Max: 1.3, Diff: 0.0, Sum: 5.0]
      [Update RS (ms): Min: 18.8, Avg: 18.8, Max: 18.8, Diff: 0.0, Sum: 75.1]
         [Processed Buffers: Min: 155, Avg: 171.3, Max: 186, Diff: 31, Sum: 685]
      [Scan RS (ms): Min: 0.9, Avg: 0.9, Max: 1.0, Diff: 0.1, Sum: 3.7]
      [Object Copy (ms): Min: 122.8, Avg: 122.8, Max: 122.9, Diff: 0.1, Sum: 491.3]
      [Termination (ms): Min: 0.0, Avg: 0.0, Max: 0.0, Diff: 0.0, Sum: 0.0]
      [GC Worker Other (ms): Min: 0.0, Avg: 0.0, Max: 0.0, Diff: 0.0, Sum: 0.1]
      [GC Worker Total (ms): Min: 143.8, Avg: 143.8, Max: 143.8, Diff: 0.0, Sum: 575.3]
      [GC Worker End (ms): Min: 410260.1, Avg: 410260.1, Max: 410260.1, Diff: 0.0]
   [Code Root Fixup: 0.0 ms]
   [Clear CT: 0.2 ms]
   [Other: 1.7 ms]
      [Choose CSet: 0.0 ms]
      [Ref Proc: 0.0 ms]
      [Ref Enq: 0.0 ms]
      [Free CSet: 0.2 ms]
   [Eden: 251.0M(251.0M)->0.0B(254.0M) Survivors: 35.0M->36.0M Heap: 959.5M(2048.0M)->832.0M(2048.0M)]
 [Times: user=0.56 sys=0.00, real=0.15 secs] 
410.524: [GC pause (young), 0.1470419 secs]
   [Parallel Time: 145.3 ms, GC Workers: 4]
      [GC Worker Start (ms): Min: 410524.3, Avg: 410524.3, Max: 410524.3, Diff: 0.0]
      [Ext Root Scanning (ms): Min: 1.4, Avg: 1.4, Max: 1.5, Diff: 0.0, Sum: 5.7]
      [Update RS (ms): Min: 19.9, Avg: 19.9, Max: 19.9, Diff: 0.0, Sum: 79.7]
         [Processed Buffers: Min: 169, Avg: 186.5, Max: 215, Diff: 46, Sum: 746]
      [Scan RS (ms): Min: 0.2, Avg: 0.3, Max: 0.3, Diff: 0.1, Sum: 1.1]
      [Object Copy (ms): Min: 123.6, Avg: 123.6, Max: 123.7, Diff: 0.1, Sum: 494.5]
      [Termination (ms): Min: 0.0, Avg: 0.0, Max: 0.0, Diff: 0.0, Sum: 0.0]
      [GC Worker Other (ms): Min: 0.0, Avg: 0.0, Max: 0.0, Diff: 0.0, Sum: 0.1]
      [GC Worker Total (ms): Min: 145.2, Avg: 145.3, Max: 145.3, Diff: 0.0, Sum: 581.0]
      [GC Worker End (ms): Min: 410669.6, Avg: 410669.6, Max: 410669.6, Diff: 0.0]
   [Code Root Fixup: 0.0 ms]
   [Clear CT: 0.1 ms]
   [Other: 1.6 ms]
      [Choose CSet: 0.0 ms]
      [Ref Proc: 0.0 ms]
      [Ref Enq: 0.0 ms]
      [Free CSet: 0.2 ms]
   [Eden: 254.0M(254.0M)->0.0B(273.0M) Survivors: 36.0M->37.0M Heap: 1086.0M(2048.0M)->944.0M(2048.0M)]
 [Times: user=0.51 sys=0.00, real=0.15 secs] 
410.938: [GC pause (young), 0.0889615 secs]
   [Parallel Time: 87.6 ms, GC Workers: 4]
      [GC Worker Start (ms): Min: 410937.9, Avg: 410938.0, Max: 410938.4, Diff: 0.5]
      [Ext Root Scanning (ms): Min: 0.3, Avg: 1.3, Max: 1.9, Diff: 1.7, Sum: 5.3]
      [Update RS (ms): Min: 25.1, Avg: 27.7, Max: 28.7, Diff: 3.6, Sum: 110.7]
         [Processed Buffers: Min: 159, Avg: 187.0, Max: 204, Diff: 45, Sum: 748]
      [Scan RS (ms): Min: 0.2, Avg: 0.2, Max: 0.2, Diff: 0.0, Sum: 1.0]
      [Object Copy (ms): Min: 56.8, Avg: 58.1, Max: 61.9, Diff: 5.1, Sum: 232.5]
      [Termination (ms): Min: 0.0, Avg: 0.0, Max: 0.0, Diff: 0.0, Sum: 0.0]
      [GC Worker Other (ms): Min: 0.0, Avg: 0.1, Max: 0.1, Diff: 0.1, Sum: 0.2]
      [GC Worker Total (ms): Min: 87.0, Avg: 87.4, Max: 87.5, Diff: 0.5, Sum: 349.7]
      [GC Worker End (ms): Min: 411025.4, Avg: 411025.4, Max: 411025.4, Diff: 0.0]
   [Code Root Fixup: 0.0 ms]
   [Clear CT: 0.1 ms]
   [Other: 1.3 ms]
      [Choose CSet: 0.0 ms]
      [Ref Proc: 0.2 ms]
      [Ref Enq: 0.0 ms]
      [Free CSet: 0.3 ms]
   [Eden: 273.0M(273.0M)->0.0B(351.0M) Survivors: 37.0M->39.0M Heap: 1217.0M(2048.0M)->983.0M(2048.0M)]
 [Times: user=0.31 sys=0.00, real=0.09 secs] 
411.360: [GC pause (young) (initial-mark), 0.2238527 secs]
   [Parallel Time: 221.6 ms, GC Workers: 4]
      [GC Worker Start (ms): Min: 411360.9, Avg: 411360.9, Max: 411360.9, Diff: 0.0]
      [Ext Root Scanning (ms): Min: 1.2, Avg: 1.2, Max: 1.2, Diff: 0.1, Sum: 4.8]
      [Update RS (ms): Min: 18.1, Avg: 18.1, Max: 18.1, Diff: 0.0, Sum: 72.5]
         [Processed Buffers: Min: 147, Avg: 175.0, Max: 211, Diff: 64, Sum: 700]
      [Scan RS (ms): Min: 0.1, Avg: 0.1, Max: 0.1, Diff: 0.0, Sum: 0.5]
      [Object Copy (ms): Min: 202.1, Avg: 202.1, Max: 202.2, Diff: 0.0, Sum: 808.6]
      [Termination (ms): Min: 0.0, Avg: 0.0, Max: 0.0, Diff: 0.0, Sum: 0.0]
      [GC Worker Other (ms): Min: 0.0, Avg: 0.0, Max: 0.0, Diff: 0.0, Sum: 0.1]
      [GC Worker Total (ms): Min: 221.6, Avg: 221.6, Max: 221.6, Diff: 0.0, Sum: 886.4]
      [GC Worker End (ms): Min: 411582.5, Avg: 411582.5, Max: 411582.5, Diff: 0.0]
   [Code Root Fixup: 0.0 ms]
   [Clear CT: 0.2 ms]
   [Other: 2.1 ms]
      [Choose CSet: 0.0 ms]
      [Ref Proc: 0.0 ms]
      [Ref Enq: 0.0 ms]
      [Free CSet: 0.3 ms]
   [Eden: 351.0M(351.0M)->0.0B(263.0M) Survivors: 39.0M->49.0M Heap: 1334.0M(2048.0M)->1197.0M(2048.0M)]
 [Times: user=0.86 sys=0.00, real=0.22 secs] 
411.585: [GC concurrent-root-region-scan-start]
411.670: [GC concurrent-root-region-scan-end, 0.0853162 secs]
411.670: [GC concurrent-mark-start]
411.906: [GC pause (young), 0.1124956 secs]
   [Parallel Time: 110.6 ms, GC Workers: 4]
      [GC Worker Start (ms): Min: 411906.1, Avg: 411906.1, Max: 411906.2, Diff: 0.1]
      [Ext Root Scanning (ms): Min: 1.5, Avg: 1.5, Max: 1.6, Diff: 0.1, Sum: 6.1]
      [SATB Filtering (ms): Min: 0.0, Avg: 0.4, Max: 1.6, Diff: 1.6, Sum: 1.6]
      [Update RS (ms): Min: 23.1, Avg: 24.7, Max: 26.0, Diff: 2.9, Sum: 98.7]
         [Processed Buffers: Min: 134, Avg: 232.3, Max: 279, Diff: 145, Sum: 929]
      [Scan RS (ms): Min: 10.5, Avg: 11.4, Max: 11.7, Diff: 1.2, Sum: 45.6]
      [Object Copy (ms): Min: 72.6, Avg: 72.6, Max: 72.7, Diff: 0.1, Sum: 290.4]
      [Termination (ms): Min: 0.0, Avg: 0.0, Max: 0.0, Diff: 0.0, Sum: 0.0]
      [GC Worker Other (ms): Min: 0.0, Avg: 0.0, Max: 0.0, Diff: 0.0, Sum: 0.1]
      [GC Worker Total (ms): Min: 110.6, Avg: 110.6, Max: 110.6, Diff: 0.1, Sum: 442.5]
      [GC Worker End (ms): Min: 412016.8, Avg: 412016.8, Max: 412016.8, Diff: 0.0]
   [Code Root Fixup: 0.0 ms]
   [Clear CT: 0.1 ms]
   [Other: 1.7 ms]
      [Choose CSet: 0.0 ms]
      [Ref Proc: 0.1 ms]
      [Ref Enq: 0.0 ms]
      [Free CSet: 0.3 ms]
   [Eden: 263.0M(263.0M)->0.0B(126.0M) Survivors: 49.0M->39.0M Heap: 1460.0M(2048.0M)->1238.5M(2048.0M)]
 [Times: user=0.42 sys=0.00, real=0.11 secs] 
412.157: [GC pause (young), 0.0579059 secs]
   [Parallel Time: 57.1 ms, GC Workers: 4]
      [GC Worker Start (ms): Min: 412157.5, Avg: 412157.5, Max: 412157.5, Diff: 0.0]
      [Ext Root Scanning (ms): Min: 1.2, Avg: 1.3, Max: 1.3, Diff: 0.0, Sum: 5.1]
      [SATB Filtering (ms): Min: 0.0, Avg: 0.0, Max: 0.2, Diff: 0.2, Sum: 0.2]
      [Update RS (ms): Min: 16.6, Avg: 16.7, Max: 16.9, Diff: 0.3, Sum: 66.9]
         [Processed Buffers: Min: 104, Avg: 112.0, Max: 117, Diff: 13, Sum: 448]
      [Scan RS (ms): Min: 0.1, Avg: 0.2, Max: 0.3, Diff: 0.2, Sum: 0.8]
      [Object Copy (ms): Min: 38.8, Avg: 38.8, Max: 38.8, Diff: 0.0, Sum: 155.0]
      [Termination (ms): Min: 0.0, Avg: 0.0, Max: 0.0, Diff: 0.0, Sum: 0.0]
      [GC Worker Other (ms): Min: 0.0, Avg: 0.0, Max: 0.0, Diff: 0.0, Sum: 0.1]
      [GC Worker Total (ms): Min: 57.0, Avg: 57.0, Max: 57.0, Diff: 0.0, Sum: 228.1]
      [GC Worker End (ms): Min: 412214.6, Avg: 412214.6, Max: 412214.6, Diff: 0.0]
   [Code Root Fixup: 0.0 ms]
   [Clear CT: 0.1 ms]
   [Other: 0.7 ms]
      [Choose CSet: 0.0 ms]
      [Ref Proc: 0.0 ms]
      [Ref Enq: 0.0 ms]
      [Free CSet: 0.2 ms]
   [Eden: 126.0M(126.0M)->0.0B(335.0M) Survivors: 39.0M->12.0M Heap: 1364.5M(2048.0M)->1251.0M(2048.0M)]
 [Times: user=0.19 sys=0.00, real=0.06 secs] 
412.299: [GC concurrent-mark-end, 0.6289588 secs]
412.301: [GC remark 412.311: [GC ref-proc, 0.0019141 secs], 0.0138365 secs]
 [Times: user=0.03 sys=0.00, real=0.01 secs] 
412.315: [GC cleanup 1359M->638M(2048M), 0.0033326 secs]
 [Times: user=0.00 sys=0.00, real=0.00 secs] 
412.319: [GC concurrent-cleanup-start]
412.320: [GC concurrent-cleanup-end, 0.0008951 secs]
412.551: [GC pause (young), 0.1244639 secs]
   [Parallel Time: 123.4 ms, GC Workers: 4]
      [GC Worker Start (ms): Min: 412551.0, Avg: 412551.0, Max: 412551.0, Diff: 0.0]
      [Ext Root Scanning (ms): Min: 1.2, Avg: 1.2, Max: 1.3, Diff: 0.0, Sum: 4.9]
      [Update RS (ms): Min: 15.3, Avg: 15.3, Max: 15.4, Diff: 0.1, Sum: 61.4]
         [Processed Buffers: Min: 77, Avg: 79.5, Max: 82, Diff: 5, Sum: 318]
      [Scan RS (ms): Min: 0.0, Avg: 0.1, Max: 0.1, Diff: 0.1, Sum: 0.3]
      [Object Copy (ms): Min: 106.7, Avg: 106.7, Max: 106.7, Diff: 0.0, Sum: 426.6]
      [Termination (ms): Min: 0.0, Avg: 0.0, Max: 0.0, Diff: 0.0, Sum: 0.0]
      [GC Worker Other (ms): Min: 0.0, Avg: 0.0, Max: 0.0, Diff: 0.0, Sum: 0.1]
      [GC Worker Total (ms): Min: 123.3, Avg: 123.3, Max: 123.3, Diff: 0.0, Sum: 493.3]
      [GC Worker End (ms): Min: 412674.3, Avg: 412674.3, Max: 412674.3, Diff: 0.0]
   [Code Root Fixup: 0.0 ms]
   [Clear CT: 0.1 ms]
   [Other: 1.0 ms]
      [Choose CSet: 0.0 ms]
      [Ref Proc: 0.0 ms]
      [Ref Enq: 0.0 ms]
      [Free CSet: 0.2 ms]
   [Eden: 335.0M(335.0M)->0.0B(58.0M) Survivors: 12.0M->44.0M Heap: 865.0M(2048.0M)->650.5M(2048.0M)]
 [Times: user=0.47 sys=0.00, real=0.12 secs] 
412.736: [GC pause (mixed), 0.0891655 secs]
   [Parallel Time: 86.8 ms, GC Workers: 4]
      [GC Worker Start (ms): Min: 412736.4, Avg: 412736.4, Max: 412736.4, Diff: 0.0]
      [Ext Root Scanning (ms): Min: 1.2, Avg: 1.2, Max: 1.2, Diff: 0.0, Sum: 5.0]
      [Update RS (ms): Min: 28.3, Avg: 32.6, Max: 45.5, Diff: 17.2, Sum: 130.6]
         [Processed Buffers: Min: 154, Avg: 162.8, Max: 183, Diff: 29, Sum: 651]
      [Scan RS (ms): Min: 0.0, Avg: 0.9, Max: 1.2, Diff: 1.2, Sum: 3.6]
      [Object Copy (ms): Min: 40.0, Avg: 52.0, Max: 56.0, Diff: 16.0, Sum: 207.9]
      [Termination (ms): Min: 0.0, Avg: 0.0, Max: 0.0, Diff: 0.0, Sum: 0.0]
      [GC Worker Other (ms): Min: 0.0, Avg: 0.0, Max: 0.0, Diff: 0.0, Sum: 0.1]
      [GC Worker Total (ms): Min: 86.8, Avg: 86.8, Max: 86.8, Diff: 0.0, Sum: 347.1]
      [GC Worker End (ms): Min: 412823.2, Avg: 412823.2, Max: 412823.2, Diff: 0.0]
   [Code Root Fixup: 0.0 ms]
   [Clear CT: 0.6 ms]
   [Other: 1.7 ms]
      [Choose CSet: 0.0 ms]
      [Ref Proc: 0.6 ms]
      [Ref Enq: 0.0 ms]
      [Free CSet: 0.3 ms]
   [Eden: 58.0M(58.0M)->0.0B(359.0M) Survivors: 44.0M->13.0M Heap: 708.5M(2048.0M)->616.0M(2048.0M)]
 [Times: user=0.28 sys=0.00, real=0.09 secs] 
413.129: [GC pause (young), 0.1193619 secs]
   [Parallel Time: 118.1 ms, GC Workers: 4]
      [GC Worker Start (ms): Min: 413129.5, Avg: 413133.7, Max: 413140.1, Diff: 10.5]
      [Ext Root Scanning (ms): Min: 0.1, Avg: 1.2, Max: 3.3, Diff: 3.2, Sum: 5.0]
      [Update RS (ms): Min: 13.0, Avg: 18.0, Max: 19.7, Diff: 6.7, Sum: 71.8]
         [Processed Buffers: Min: 106, Avg: 188.0, Max: 219, Diff: 113, Sum: 752]
      [Scan RS (ms): Min: 0.0, Avg: 0.2, Max: 0.2, Diff: 0.2, Sum: 0.6]
      [Object Copy (ms): Min: 94.4, Avg: 94.5, Max: 94.8, Diff: 0.4, Sum: 378.1]
      [Termination (ms): Min: 0.0, Avg: 0.0, Max: 0.0, Diff: 0.0, Sum: 0.0]
      [GC Worker Other (ms): Min: 0.0, Avg: 0.0, Max: 0.0, Diff: 0.0, Sum: 0.1]
      [GC Worker Total (ms): Min: 107.5, Avg: 113.9, Max: 118.0, Diff: 10.5, Sum: 455.6]
      [GC Worker End (ms): Min: 413247.6, Avg: 413247.6, Max: 413247.6, Diff: 0.0]
   [Code Root Fixup: 0.0 ms]
   [Clear CT: 0.1 ms]
   [Other: 1.2 ms]
      [Choose CSet: 0.0 ms]
      [Ref Proc: 0.0 ms]
      [Ref Enq: 0.0 ms]
      [Free CSet: 0.3 ms]
   [Eden: 359.0M(359.0M)->0.0B(292.0M) Survivors: 13.0M->47.0M Heap: 975.0M(2048.0M)->695.5M(2048.0M)]
 [Times: user=0.39 sys=0.00, real=0.12 secs] 
413.511: [GC pause (young), 0.1696742 secs]
   [Parallel Time: 167.6 ms, GC Workers: 4]
      [GC Worker Start (ms): Min: 413511.7, Avg: 413511.8, Max: 413511.8, Diff: 0.1]
      [Ext Root Scanning (ms): Min: 1.5, Avg: 2.4, Max: 4.9, Diff: 3.4, Sum: 9.6]
      [Update RS (ms): Min: 14.9, Avg: 17.2, Max: 18.1, Diff: 3.2, Sum: 69.0]
         [Processed Buffers: Min: 78, Avg: 90.8, Max: 96, Diff: 18, Sum: 363]
      [Scan RS (ms): Min: 0.1, Avg: 0.1, Max: 0.1, Diff: 0.0, Sum: 0.3]
      [Object Copy (ms): Min: 144.6, Avg: 145.6, Max: 147.7, Diff: 3.1, Sum: 582.5]
      [Termination (ms): Min: 0.0, Avg: 2.0, Max: 3.0, Diff: 3.0, Sum: 8.1]
      [GC Worker Other (ms): Min: 0.0, Avg: 0.1, Max: 0.2, Diff: 0.1, Sum: 0.3]
      [GC Worker Total (ms): Min: 167.4, Avg: 167.5, Max: 167.5, Diff: 0.1, Sum: 669.9]
      [GC Worker End (ms): Min: 413679.1, Avg: 413679.2, Max: 413679.3, Diff: 0.1]
   [Code Root Fixup: 0.0 ms]
   [Clear CT: 0.2 ms]
   [Other: 1.9 ms]
      [Choose CSet: 0.0 ms]
      [Ref Proc: 0.3 ms]
      [Ref Enq: 0.0 ms]
      [Free CSet: 0.3 ms]
   [Eden: 292.0M(292.0M)->0.0B(288.0M) Survivors: 47.0M->43.0M Heap: 987.5M(2048.0M)->825.5M(2048.0M)]
 [Times: user=0.61 sys=0.00, real=0.17 secs] 
414.005: [GC pause (young), 0.0989616 secs]
   [Parallel Time: 96.3 ms, GC Workers: 4]
      [GC Worker Start (ms): Min: 414005.1, Avg: 414011.0, Max: 414016.7, Diff: 11.7]
      [Ext Root Scanning (ms): Min: 0.0, Avg: 1.3, Max: 2.8, Diff: 2.7, Sum: 5.0]
      [Update RS (ms): Min: 17.3, Avg: 21.5, Max: 25.7, Diff: 8.4, Sum: 86.1]
         [Processed Buffers: Min: 97, Avg: 125.0, Max: 153, Diff: 56, Sum: 500]
      [Scan RS (ms): Min: 0.7, Avg: 1.0, Max: 1.1, Diff: 0.4, Sum: 3.9]
      [Object Copy (ms): Min: 66.4, Avg: 66.5, Max: 66.6, Diff: 0.2, Sum: 266.1]
      [Termination (ms): Min: 0.0, Avg: 0.0, Max: 0.0, Diff: 0.0, Sum: 0.0]
      [GC Worker Other (ms): Min: 0.0, Avg: 0.0, Max: 0.0, Diff: 0.0, Sum: 0.1]
      [GC Worker Total (ms): Min: 84.5, Avg: 90.3, Max: 96.2, Diff: 11.7, Sum: 361.1]
      [GC Worker End (ms): Min: 414101.2, Avg: 414101.3, Max: 414101.3, Diff: 0.0]
   [Code Root Fixup: 0.0 ms]
   [Clear CT: 1.1 ms]
   [Other: 1.5 ms]
      [Choose CSet: 0.0 ms]
      [Ref Proc: 0.1 ms]
      [Ref Enq: 0.0 ms]
      [Free CSet: 0.3 ms]
   [Eden: 288.0M(288.0M)->0.0B(393.0M) Survivors: 43.0M->23.0M Heap: 1113.5M(2048.0M)->849.5M(2048.0M)]
 [Times: user=0.30 sys=0.00, real=0.10 secs] 
414.447: [GC pause (young), 0.1323555 secs]
   [Parallel Time: 130.8 ms, GC Workers: 4]
      [GC Worker Start (ms): Min: 414447.3, Avg: 414447.3, Max: 414447.3, Diff: 0.0]
      [Ext Root Scanning (ms): Min: 1.2, Avg: 1.2, Max: 1.3, Diff: 0.1, Sum: 4.9]
      [Update RS (ms): Min: 17.2, Avg: 17.3, Max: 17.3, Diff: 0.1, Sum: 69.1]
         [Processed Buffers: Min: 212, Avg: 237.8, Max: 259, Diff: 47, Sum: 951]
      [Scan RS (ms): Min: 0.2, Avg: 0.2, Max: 0.2, Diff: 0.0, Sum: 0.7]
      [Object Copy (ms): Min: 112.0, Avg: 112.0, Max: 112.1, Diff: 0.0, Sum: 448.1]
      [Termination (ms): Min: 0.0, Avg: 0.0, Max: 0.0, Diff: 0.0, Sum: 0.0]
      [GC Worker Other (ms): Min: 0.0, Avg: 0.0, Max: 0.0, Diff: 0.0, Sum: 0.1]
      [GC Worker Total (ms): Min: 130.7, Avg: 130.7, Max: 130.7, Diff: 0.0, Sum: 522.9]
      [GC Worker End (ms): Min: 414578.0, Avg: 414578.0, Max: 414578.0, Diff: 0.0]
   [Code Root Fixup: 0.0 ms]
   [Clear CT: 0.1 ms]
   [Other: 1.5 ms]
      [Choose CSet: 0.0 ms]
      [Ref Proc: 0.1 ms]
      [Ref Enq: 0.0 ms]
      [Free CSet: 0.3 ms]
   [Eden: 393.0M(393.0M)->0.0B(298.0M) Survivors: 23.0M->52.0M Heap: 1242.5M(2048.0M)->970.5M(2048.0M)]
 [Times: user=0.50 sys=0.00, real=0.13 secs] 
414.866: [GC pause (young), 0.2082029 secs]
   [Parallel Time: 205.9 ms, GC Workers: 4]
      [GC Worker Start (ms): Min: 414866.8, Avg: 414866.8, Max: 414866.8, Diff: 0.0]
      [Ext Root Scanning (ms): Min: 1.2, Avg: 1.3, Max: 1.4, Diff: 0.2, Sum: 5.3]
      [Update RS (ms): Min: 21.5, Avg: 24.0, Max: 31.4, Diff: 9.9, Sum: 96.0]
         [Processed Buffers: Min: 133, Avg: 152.8, Max: 174, Diff: 41, Sum: 611]
      [Scan RS (ms): Min: 0.0, Avg: 0.6, Max: 0.8, Diff: 0.8, Sum: 2.4]
      [Object Copy (ms): Min: 172.9, Avg: 179.9, Max: 182.4, Diff: 9.4, Sum: 719.6]
      [Termination (ms): Min: 0.0, Avg: 0.0, Max: 0.0, Diff: 0.0, Sum: 0.0]
      [GC Worker Other (ms): Min: 0.0, Avg: 0.0, Max: 0.0, Diff: 0.0, Sum: 0.1]
      [GC Worker Total (ms): Min: 205.9, Avg: 205.9, Max: 205.9, Diff: 0.0, Sum: 823.5]
      [GC Worker End (ms): Min: 415072.6, Avg: 415072.6, Max: 415072.6, Diff: 0.0]
   [Code Root Fixup: 0.0 ms]
   [Clear CT: 0.1 ms]
   [Other: 2.2 ms]
      [Choose CSet: 0.0 ms]
      [Ref Proc: 0.0 ms]
      [Ref Enq: 0.0 ms]
      [Free CSet: 0.3 ms]
   [Eden: 298.0M(298.0M)->0.0B(257.0M) Survivors: 52.0M->44.0M Heap: 1268.5M(2048.0M)->1129.0M(2048.0M)]
 [Times: user=0.81 sys=0.00, real=0.21 secs] 
415.270: [GC pause (young) (initial-mark), 0.0785850 secs]
   [Parallel Time: 77.2 ms, GC Workers: 4]
      [GC Worker Start (ms): Min: 415270.7, Avg: 415271.2, Max: 415272.5, Diff: 1.8]
      [Ext Root Scanning (ms): Min: 0.1, Avg: 1.3, Max: 1.8, Diff: 1.7, Sum: 5.2]
      [Update RS (ms): Min: 23.6, Avg: 23.8, Max: 23.9, Diff: 0.3, Sum: 95.1]
         [Processed Buffers: Min: 127, Avg: 138.5, Max: 146, Diff: 19, Sum: 554]
      [Scan RS (ms): Min: 1.1, Avg: 1.2, Max: 1.2, Diff: 0.0, Sum: 4.7]
      [Object Copy (ms): Min: 48.9, Avg: 49.5, Max: 50.4, Diff: 1.5, Sum: 197.9]
      [Termination (ms): Min: 0.0, Avg: 0.9, Max: 1.2, Diff: 1.2, Sum: 3.6]
      [GC Worker Other (ms): Min: 0.0, Avg: 0.0, Max: 0.0, Diff: 0.0, Sum: 0.0]
      [GC Worker Total (ms): Min: 75.3, Avg: 76.6, Max: 77.1, Diff: 1.8, Sum: 306.5]
      [GC Worker End (ms): Min: 415347.8, Avg: 415347.8, Max: 415347.8, Diff: 0.1]
   [Code Root Fixup: 0.0 ms]
   [Clear CT: 0.1 ms]
   [Other: 1.3 ms]
      [Choose CSet: 0.0 ms]
      [Ref Proc: 0.1 ms]
      [Ref Enq: 0.0 ms]
      [Free CSet: 0.2 ms]
   [Eden: 257.0M(257.0M)->0.0B(481.0M) Survivors: 44.0M->11.0M Heap: 1386.0M(2048.0M)->1140.5M(2048.0M)]
 [Times: user=0.28 sys=0.00, real=0.08 secs] 
415.349: [GC concurrent-root-region-scan-start]
415.370: [GC concurrent-root-region-scan-end, 0.0207230 secs]
415.370: [GC concurrent-mark-start]
415.774: [GC concurrent-mark-end, 0.4042392 secs]
415.775: [GC remark 415.776: [GC ref-proc, 0.0017819 secs], 0.0048955 secs]
 [Times: user=0.00 sys=0.00, real=0.00 secs] 
415.780: [GC cleanup 1608M->1017M(2048M), 0.0016594 secs]
 [Times: user=0.00 sys=0.00, real=0.00 secs] 
415.782: [GC concurrent-cleanup-start]
415.783: [GC concurrent-cleanup-end, 0.0007184 secs]
415.794: [GC pause (young), 0.1596539 secs]
   [Parallel Time: 157.9 ms, GC Workers: 4]
      [GC Worker Start (ms): Min: 415794.2, Avg: 415794.7, Max: 415796.1, Diff: 1.9]
      [Ext Root Scanning (ms): Min: 0.1, Avg: 1.3, Max: 1.8, Diff: 1.7, Sum: 5.0]
      [Update RS (ms): Min: 14.7, Avg: 15.1, Max: 15.7, Diff: 1.0, Sum: 60.2]
         [Processed Buffers: Min: 139, Avg: 239.8, Max: 329, Diff: 190, Sum: 959]
      [Scan RS (ms): Min: 0.0, Avg: 0.2, Max: 0.3, Diff: 0.3, Sum: 0.6]
      [Object Copy (ms): Min: 140.7, Avg: 140.9, Max: 141.0, Diff: 0.3, Sum: 563.6]
      [Termination (ms): Min: 0.0, Avg: 0.0, Max: 0.0, Diff: 0.0, Sum: 0.0]
      [GC Worker Other (ms): Min: 0.0, Avg: 0.0, Max: 0.0, Diff: 0.0, Sum: 0.1]
      [GC Worker Total (ms): Min: 155.9, Avg: 157.4, Max: 157.9, Diff: 1.9, Sum: 629.5]
      [GC Worker End (ms): Min: 415952.0, Avg: 415952.0, Max: 415952.0, Diff: 0.0]
   [Code Root Fixup: 0.0 ms]
   [Clear CT: 0.2 ms]
   [Other: 1.6 ms]
      [Choose CSet: 0.0 ms]
      [Ref Proc: 0.0 ms]
      [Ref Enq: 0.0 ms]
      [Free CSet: 0.4 ms]
   [Eden: 481.0M(481.0M)->0.0B(40.0M) Survivors: 11.0M->62.0M Heap: 1030.5M(2048.0M)->708.5M(2048.0M)]
 [Times: user=0.61 sys=0.00, real=0.16 secs] 
415.985: [GC pause (mixed), 0.1030787 secs]
   [Parallel Time: 100.5 ms, GC Workers: 4]
      [GC Worker Start (ms): Min: 415984.9, Avg: 415985.5, Max: 415986.6, Diff: 1.7]
      [Ext Root Scanning (ms): Min: 0.3, Avg: 1.3, Max: 1.9, Diff: 1.7, Sum: 5.1]
      [Update RS (ms): Min: 33.2, Avg: 33.3, Max: 33.4, Diff: 0.2, Sum: 133.2]
         [Processed Buffers: Min: 164, Avg: 175.3, Max: 181, Diff: 17, Sum: 701]
      [Scan RS (ms): Min: 2.3, Avg: 2.5, Max: 2.6, Diff: 0.3, Sum: 10.0]
      [Object Copy (ms): Min: 62.7, Avg: 62.7, Max: 62.8, Diff: 0.1, Sum: 250.9]
      [Termination (ms): Min: 0.0, Avg: 0.0, Max: 0.0, Diff: 0.0, Sum: 0.0]
      [GC Worker Other (ms): Min: 0.0, Avg: 0.0, Max: 0.0, Diff: 0.0, Sum: 0.1]
      [GC Worker Total (ms): Min: 98.7, Avg: 99.8, Max: 100.4, Diff: 1.7, Sum: 399.3]
      [GC Worker End (ms): Min: 416085.3, Avg: 416085.3, Max: 416085.3, Diff: 0.0]
   [Code Root Fixup: 0.0 ms]
   [Clear CT: 0.4 ms]
   [Other: 2.3 ms]
      [Choose CSet: 0.1 ms]
      [Ref Proc: 0.0 ms]
      [Ref Enq: 0.0 ms]
      [Free CSet: 0.7 ms]
   [Eden: 40.0M(40.0M)->0.0B(423.0M) Survivors: 62.0M->4096.0K Heap: 748.5M(2048.0M)->549.0M(2048.0M)]
 [Times: user=0.44 sys=0.00, real=0.10 secs] 
416.514: [GC pause (young), 0.2683455 secs]
   [Parallel Time: 265.9 ms, GC Workers: 4]
      [GC Worker Start (ms): Min: 416514.1, Avg: 416514.3, Max: 416514.6, Diff: 0.5]
      [Ext Root Scanning (ms): Min: 1.1, Avg: 1.4, Max: 1.7, Diff: 0.6, Sum: 5.6]
      [Update RS (ms): Min: 23.8, Avg: 23.8, Max: 23.8, Diff: 0.1, Sum: 95.3]
         [Processed Buffers: Min: 255, Avg: 285.3, Max: 331, Diff: 76, Sum: 1141]
      [Scan RS (ms): Min: 0.1, Avg: 0.2, Max: 0.3, Diff: 0.2, Sum: 1.0]
      [Object Copy (ms): Min: 240.2, Avg: 240.2, Max: 240.2, Diff: 0.1, Sum: 960.7]
      [Termination (ms): Min: 0.0, Avg: 0.0, Max: 0.0, Diff: 0.0, Sum: 0.0]
      [GC Worker Other (ms): Min: 0.0, Avg: 0.0, Max: 0.0, Diff: 0.0, Sum: 0.1]
      [GC Worker Total (ms): Min: 265.4, Avg: 265.7, Max: 265.9, Diff: 0.5, Sum: 1062.6]
      [GC Worker End (ms): Min: 416780.0, Avg: 416780.0, Max: 416780.0, Diff: 0.0]
   [Code Root Fixup: 0.0 ms]
   [Clear CT: 0.1 ms]
   [Other: 2.3 ms]
      [Choose CSet: 0.0 ms]
      [Ref Proc: 0.1 ms]
      [Ref Enq: 0.0 ms]
      [Free CSet: 0.3 ms]
   [Eden: 423.0M(423.0M)->0.0B(242.0M) Survivors: 4096.0K->54.0M Heap: 972.0M(2048.0M)->824.5M(2048.0M)]
 [Times: user=1.03 sys=0.00, real=0.27 secs] 
417.116: [GC pause (young), 0.1588714 secs]
   [Parallel Time: 156.1 ms, GC Workers: 4]
      [GC Worker Start (ms): Min: 417116.8, Avg: 417116.8, Max: 417116.8, Diff: 0.0]
      [Ext Root Scanning (ms): Min: 1.2, Avg: 1.2, Max: 1.2, Diff: 0.0, Sum: 4.9]
      [Update RS (ms): Min: 15.1, Avg: 15.1, Max: 15.1, Diff: 0.0, Sum: 60.4]
         [Processed Buffers: Min: 224, Avg: 248.3, Max: 264, Diff: 40, Sum: 993]
      [Scan RS (ms): Min: 25.2, Avg: 25.3, Max: 25.3, Diff: 0.1, Sum: 101.1]
      [Object Copy (ms): Min: 114.3, Avg: 114.4, Max: 114.4, Diff: 0.1, Sum: 457.6]
      [Termination (ms): Min: 0.0, Avg: 0.0, Max: 0.0, Diff: 0.0, Sum: 0.0]
      [GC Worker Other (ms): Min: 0.0, Avg: 0.0, Max: 0.0, Diff: 0.0, Sum: 0.1]
      [GC Worker Total (ms): Min: 156.0, Avg: 156.0, Max: 156.1, Diff: 0.0, Sum: 624.1]
      [GC Worker End (ms): Min: 417272.9, Avg: 417272.9, Max: 417272.9, Diff: 0.0]
   [Code Root Fixup: 0.0 ms]
   [Clear CT: 0.3 ms]
   [Other: 2.5 ms]
      [Choose CSet: 0.0 ms]
      [Ref Proc: 0.1 ms]
      [Ref Enq: 0.0 ms]
      [Free CSet: 0.3 ms]
   [Eden: 232.0M(48.0M)->0.0B(125.0M) Survivors: 54.0M->13.0M Heap: 1056.5M(2048.0M)->914.0M(2048.0M)]
 [Times: user=0.62 sys=0.00, real=0.16 secs] 
417.484: [GC pause (young), 0.0416243 secs]
   [Parallel Time: 40.9 ms, GC Workers: 4]
      [GC Worker Start (ms): Min: 417484.0, Avg: 417484.0, Max: 417484.0, Diff: 0.0]
      [Ext Root Scanning (ms): Min: 1.5, Avg: 2.1, Max: 3.6, Diff: 2.1, Sum: 8.4]
      [Update RS (ms): Min: 14.2, Avg: 15.6, Max: 16.3, Diff: 2.1, Sum: 62.6]
         [Processed Buffers: Min: 95, Avg: 103.5, Max: 113, Diff: 18, Sum: 414]
      [Scan RS (ms): Min: 0.0, Avg: 0.1, Max: 0.2, Diff: 0.2, Sum: 0.4]
      [Object Copy (ms): Min: 23.0, Avg: 23.0, Max: 23.1, Diff: 0.2, Sum: 92.2]
      [Termination (ms): Min: 0.0, Avg: 0.0, Max: 0.0, Diff: 0.0, Sum: 0.0]
      [GC Worker Other (ms): Min: 0.0, Avg: 0.0, Max: 0.0, Diff: 0.0, Sum: 0.1]
      [GC Worker Total (ms): Min: 40.9, Avg: 40.9, Max: 40.9, Diff: 0.0, Sum: 163.6]
      [GC Worker End (ms): Min: 417524.9, Avg: 417524.9, Max: 417524.9, Diff: 0.0]
   [Code Root Fixup: 0.0 ms]
   [Clear CT: 0.1 ms]
   [Other: 0.6 ms]
      [Choose CSet: 0.0 ms]
      [Ref Proc: 0.0 ms]
      [Ref Enq: 0.0 ms]
      [Free CSet: 0.1 ms]
   [Eden: 125.0M(125.0M)->0.0B(251.0M) Survivors: 13.0M->16.0M Heap: 1039.0M(2048.0M)->930.5M(2048.0M)]
 [Times: user=0.19 sys=0.00, real=0.04 secs] 
417.765: [GC pause (young), 0.1845642 secs]
   [Parallel Time: 182.3 ms, GC Workers: 4]
      [GC Worker Start (ms): Min: 417765.4, Avg: 417765.4, Max: 417765.4, Diff: 0.0]
      [Ext Root Scanning (ms): Min: 1.2, Avg: 1.3, Max: 1.3, Diff: 0.0, Sum: 5.0]
      [Update RS (ms): Min: 10.8, Avg: 10.8, Max: 10.8, Diff: 0.0, Sum: 43.2]
         [Processed Buffers: Min: 188, Avg: 200.8, Max: 209, Diff: 21, Sum: 803]
      [Scan RS (ms): Min: 0.1, Avg: 0.1, Max: 0.1, Diff: 0.0, Sum: 0.3]
      [Object Copy (ms): Min: 170.1, Avg: 170.1, Max: 170.1, Diff: 0.0, Sum: 680.5]
      [Termination (ms): Min: 0.0, Avg: 0.0, Max: 0.0, Diff: 0.0, Sum: 0.0]
      [GC Worker Other (ms): Min: 0.0, Avg: 0.0, Max: 0.0, Diff: 0.0, Sum: 0.1]
      [GC Worker Total (ms): Min: 182.3, Avg: 182.3, Max: 182.3, Diff: 0.0, Sum: 729.1]
      [GC Worker End (ms): Min: 417947.6, Avg: 417947.6, Max: 417947.6, Diff: 0.0]
   [Code Root Fixup: 0.0 ms]
   [Clear CT: 0.3 ms]
   [Other: 2.0 ms]
      [Choose CSet: 0.0 ms]
      [Ref Proc: 0.4 ms]
      [Ref Enq: 0.0 ms]
      [Free CSet: 0.2 ms]
   [Eden: 251.0M(251.0M)->0.0B(203.0M) Survivors: 16.0M->34.0M Heap: 1181.5M(2048.0M)->1128.0M(2048.0M)]
 [Times: user=0.72 sys=0.00, real=0.18 secs] 
418.200: [GC pause (young) (initial-mark), 0.1161631 secs]
   [Parallel Time: 114.1 ms, GC Workers: 4]
      [GC Worker Start (ms): Min: 418200.4, Avg: 418200.4, Max: 418200.4, Diff: 0.0]
      [Ext Root Scanning (ms): Min: 1.2, Avg: 1.2, Max: 1.2, Diff: 0.0, Sum: 4.9]
      [Update RS (ms): Min: 21.4, Avg: 21.5, Max: 21.8, Diff: 0.4, Sum: 86.0]
         [Processed Buffers: Min: 150, Avg: 227.5, Max: 301, Diff: 151, Sum: 910]
      [Scan RS (ms): Min: 6.9, Avg: 7.2, Max: 7.3, Diff: 0.4, Sum: 28.8]
      [Object Copy (ms): Min: 84.1, Avg: 84.1, Max: 84.1, Diff: 0.1, Sum: 336.5]
      [Termination (ms): Min: 0.0, Avg: 0.0, Max: 0.0, Diff: 0.0, Sum: 0.0]
      [GC Worker Other (ms): Min: 0.0, Avg: 0.0, Max: 0.0, Diff: 0.0, Sum: 0.1]
      [GC Worker Total (ms): Min: 114.1, Avg: 114.1, Max: 114.1, Diff: 0.0, Sum: 456.3]
      [GC Worker End (ms): Min: 418314.5, Avg: 418314.5, Max: 418314.5, Diff: 0.0]
   [Code Root Fixup: 0.0 ms]
   [Clear CT: 0.1 ms]
   [Other: 2.0 ms]
      [Choose CSet: 0.0 ms]
      [Ref Proc: 0.0 ms]
      [Ref Enq: 0.0 ms]
      [Free CSet: 0.3 ms]
   [Eden: 203.0M(203.0M)->0.0B(196.0M) Survivors: 34.0M->30.0M Heap: 1331.0M(2048.0M)->1200.0M(2048.0M)]
 [Times: user=0.45 sys=0.00, real=0.12 secs] 
418.316: [GC concurrent-root-region-scan-start]
418.349: [GC concurrent-root-region-scan-end, 0.0326842 secs]
418.349: [GC concurrent-mark-start]
418.520: [GC pause (young), 0.0794878 secs]
   [Parallel Time: 78.2 ms, GC Workers: 4]
      [GC Worker Start (ms): Min: 418520.0, Avg: 418520.0, Max: 418520.0, Diff: 0.0]
      [Ext Root Scanning (ms): Min: 1.2, Avg: 1.2, Max: 1.2, Diff: 0.0, Sum: 4.9]
      [SATB Filtering (ms): Min: 0.0, Avg: 0.7, Max: 2.6, Diff: 2.6, Sum: 2.6]
      [Update RS (ms): Min: 15.0, Avg: 17.0, Max: 17.7, Diff: 2.7, Sum: 68.1]
         [Processed Buffers: Min: 118, Avg: 181.3, Max: 213, Diff: 95, Sum: 725]
      [Scan RS (ms): Min: 1.1, Avg: 1.1, Max: 1.1, Diff: 0.1, Sum: 4.5]
      [Object Copy (ms): Min: 58.1, Avg: 58.2, Max: 58.2, Diff: 0.1, Sum: 232.7]
      [Termination (ms): Min: 0.0, Avg: 0.0, Max: 0.0, Diff: 0.0, Sum: 0.0]
      [GC Worker Other (ms): Min: 0.0, Avg: 0.0, Max: 0.0, Diff: 0.0, Sum: 0.1]
      [GC Worker Total (ms): Min: 78.2, Avg: 78.2, Max: 78.2, Diff: 0.0, Sum: 312.8]
      [GC Worker End (ms): Min: 418598.2, Avg: 418598.2, Max: 418598.2, Diff: 0.0]
   [Code Root Fixup: 0.0 ms]
   [Clear CT: 0.1 ms]
   [Other: 1.2 ms]
      [Choose CSet: 0.0 ms]
      [Ref Proc: 0.1 ms]
      [Ref Enq: 0.0 ms]
      [Free CSet: 0.2 ms]
   [Eden: 196.0M(196.0M)->0.0B(279.0M) Survivors: 30.0M->29.0M Heap: 1396.0M(2048.0M)->1247.0M(2048.0M)]
 [Times: user=0.31 sys=0.00, real=0.08 secs] 
418.851: [GC pause (young), 0.1864225 secs]
   [Parallel Time: 184.6 ms, GC Workers: 4]
      [GC Worker Start (ms): Min: 418851.4, Avg: 418851.4, Max: 418851.4, Diff: 0.0]
      [Ext Root Scanning (ms): Min: 1.3, Avg: 1.3, Max: 1.4, Diff: 0.1, Sum: 5.2]
      [SATB Filtering (ms): Min: 0.0, Avg: 0.7, Max: 2.7, Diff: 2.7, Sum: 2.7]
      [Update RS (ms): Min: 17.3, Avg: 19.3, Max: 20.1, Diff: 2.7, Sum: 77.4]
         [Processed Buffers: Min: 96, Avg: 110.3, Max: 118, Diff: 22, Sum: 441]
      [Scan RS (ms): Min: 0.1, Avg: 0.1, Max: 0.1, Diff: 0.1, Sum: 0.4]
      [Object Copy (ms): Min: 163.2, Avg: 163.2, Max: 163.2, Diff: 0.0, Sum: 652.7]
      [Termination (ms): Min: 0.0, Avg: 0.0, Max: 0.0, Diff: 0.0, Sum: 0.0]
      [GC Worker Other (ms): Min: 0.0, Avg: 0.0, Max: 0.0, Diff: 0.0, Sum: 0.1]
      [GC Worker Total (ms): Min: 184.6, Avg: 184.6, Max: 184.6, Diff: 0.0, Sum: 738.4]
      [GC Worker End (ms): Min: 419036.0, Avg: 419036.0, Max: 419036.0, Diff: 0.0]
   [Code Root Fixup: 0.0 ms]
   [Clear CT: 0.1 ms]
   [Other: 1.7 ms]
      [Choose CSet: 0.0 ms]
      [Ref Proc: 0.1 ms]
      [Ref Enq: 0.0 ms]
      [Free CSet: 0.2 ms]
   [Eden: 279.0M(279.0M)->0.0B(217.0M) Survivors: 29.0M->39.0M Heap: 1526.0M(2048.0M)->1431.5M(2048.0M)]
 [Times: user=0.73 sys=0.00, real=0.19 secs] 
419.117: [GC concurrent-mark-end, 0.7648054 secs]
419.120: [GC remark 419.120: [GC ref-proc, 0.0017274 secs], 0.0030969 secs]
 [Times: user=0.00 sys=0.00, real=0.00 secs] 
419.149: [GC cleanup 1431M->714M(2048M), 0.0013890 secs]
 [Times: user=0.00 sys=0.00, real=0.00 secs] 
419.151: [GC concurrent-cleanup-start]
419.152: [GC concurrent-cleanup-end, 0.0008807 secs]
419.356: [GC pause (young), 0.2268091 secs]
   [Parallel Time: 224.6 ms, GC Workers: 4]
      [GC Worker Start (ms): Min: 419356.7, Avg: 419356.7, Max: 419356.7, Diff: 0.0]
      [Ext Root Scanning (ms): Min: 1.2, Avg: 1.2, Max: 1.2, Diff: 0.0, Sum: 4.9]
      [Update RS (ms): Min: 38.6, Avg: 38.6, Max: 38.6, Diff: 0.0, Sum: 154.5]
         [Processed Buffers: Min: 226, Avg: 252.3, Max: 268, Diff: 42, Sum: 1009]
      [Scan RS (ms): Min: 0.1, Avg: 0.1, Max: 0.1, Diff: 0.0, Sum: 0.6]
      [Object Copy (ms): Min: 184.5, Avg: 184.6, Max: 184.6, Diff: 0.0, Sum: 738.2]
      [Termination (ms): Min: 0.0, Avg: 0.0, Max: 0.0, Diff: 0.0, Sum: 0.0]
      [GC Worker Other (ms): Min: 0.0, Avg: 0.0, Max: 0.0, Diff: 0.0, Sum: 0.1]
      [GC Worker Total (ms): Min: 224.6, Avg: 224.6, Max: 224.6, Diff: 0.0, Sum: 898.2]
      [GC Worker End (ms): Min: 419581.3, Avg: 419581.3, Max: 419581.3, Diff: 0.0]
   [Code Root Fixup: 0.0 ms]
   [Clear CT: 0.1 ms]
   [Other: 2.1 ms]
      [Choose CSet: 0.0 ms]
      [Ref Proc: 0.0 ms]
      [Ref Enq: 0.0 ms]
      [Free CSet: 0.2 ms]
   [Eden: 217.0M(217.0M)->0.0B(70.0M) Survivors: 39.0M->32.0M Heap: 931.5M(2048.0M)->905.0M(2048.0M)]
 [Times: user=0.78 sys=0.00, real=0.23 secs] 
419.747: [GC pause (mixed), 0.0752434 secs]
   [Parallel Time: 73.8 ms, GC Workers: 4]
      [GC Worker Start (ms): Min: 419747.5, Avg: 419755.6, Max: 419779.7, Diff: 32.3]
      [Ext Root Scanning (ms): Min: 0.1, Avg: 1.2, Max: 1.7, Diff: 1.6, Sum: 4.8]
      [Update RS (ms): Min: 3.1, Avg: 26.0, Max: 33.8, Diff: 30.8, Sum: 104.2]
         [Processed Buffers: Min: 21, Avg: 143.0, Max: 187, Diff: 166, Sum: 572]
      [Scan RS (ms): Min: 0.7, Avg: 0.7, Max: 0.7, Diff: 0.0, Sum: 2.9]
      [Object Copy (ms): Min: 36.5, Avg: 36.9, Max: 37.7, Diff: 1.2, Sum: 147.6]
      [Termination (ms): Min: 0.0, Avg: 0.8, Max: 1.1, Diff: 1.1, Sum: 3.3]
      [GC Worker Other (ms): Min: 0.0, Avg: 0.0, Max: 0.0, Diff: 0.0, Sum: 0.1]
      [GC Worker Total (ms): Min: 41.5, Avg: 65.7, Max: 73.8, Diff: 32.3, Sum: 262.9]
      [GC Worker End (ms): Min: 419821.3, Avg: 419821.3, Max: 419821.3, Diff: 0.0]
   [Code Root Fixup: 0.0 ms]
   [Clear CT: 0.1 ms]
   [Other: 1.3 ms]
      [Choose CSet: 0.0 ms]
      [Ref Proc: 0.1 ms]
      [Ref Enq: 0.0 ms]
      [Free CSet: 0.3 ms]
   [Eden: 70.0M(70.0M)->0.0B(233.0M) Survivors: 32.0M->4096.0K Heap: 975.0M(2048.0M)->852.0M(2048.0M)]
 [Times: user=0.27 sys=0.00, real=0.08 secs] 
420.032: [GC pause (young), 0.1007922 secs]
   [Parallel Time: 99.5 ms, GC Workers: 4]
      [GC Worker Start (ms): Min: 420032.2, Avg: 420032.2, Max: 420032.2, Diff: 0.0]
      [Ext Root Scanning (ms): Min: 1.2, Avg: 1.2, Max: 1.3, Diff: 0.1, Sum: 4.9]
      [Update RS (ms): Min: 16.2, Avg: 16.2, Max: 16.2, Diff: 0.0, Sum: 64.9]
         [Processed Buffers: Min: 271, Avg: 293.0, Max: 315, Diff: 44, Sum: 1172]
      [Scan RS (ms): Min: 0.1, Avg: 0.1, Max: 0.1, Diff: 0.0, Sum: 0.3]
      [Object Copy (ms): Min: 81.9, Avg: 81.9, Max: 82.0, Diff: 0.0, Sum: 327.7]
      [Termination (ms): Min: 0.0, Avg: 0.0, Max: 0.0, Diff: 0.0, Sum: 0.0]
      [GC Worker Other (ms): Min: 0.0, Avg: 0.0, Max: 0.0, Diff: 0.0, Sum: 0.1]
      [GC Worker Total (ms): Min: 99.4, Avg: 99.5, Max: 99.5, Diff: 0.0, Sum: 397.8]
      [GC Worker End (ms): Min: 420131.6, Avg: 420131.6, Max: 420131.6, Diff: 0.0]
   [Code Root Fixup: 0.0 ms]
   [Clear CT: 0.1 ms]
   [Other: 1.2 ms]
      [Choose CSet: 0.0 ms]
      [Ref Proc: 0.0 ms]
      [Ref Enq: 0.0 ms]
      [Free CSet: 0.2 ms]
   [Eden: 233.0M(233.0M)->0.0B(140.0M) Survivors: 4096.0K->30.0M Heap: 1085.0M(2048.0M)->957.0M(2048.0M)]
 [Times: user=0.37 sys=0.00, real=0.10 secs] 
420.285: [GC pause (young) (initial-mark), 0.1366487 secs]
   [Parallel Time: 135.0 ms, GC Workers: 4]
      [GC Worker Start (ms): Min: 420285.7, Avg: 420285.7, Max: 420285.7, Diff: 0.0]
      [Ext Root Scanning (ms): Min: 1.2, Avg: 1.2, Max: 1.3, Diff: 0.1, Sum: 4.8]
      [Update RS (ms): Min: 28.0, Avg: 28.7, Max: 30.6, Diff: 2.6, Sum: 114.7]
         [Processed Buffers: Min: 150, Avg: 164.3, Max: 191, Diff: 41, Sum: 657]
      [Scan RS (ms): Min: 0.0, Avg: 0.2, Max: 0.2, Diff: 0.2, Sum: 0.6]
      [Object Copy (ms): Min: 103.2, Avg: 105.0, Max: 105.6, Diff: 2.4, Sum: 419.9]
      [Termination (ms): Min: 0.0, Avg: 0.0, Max: 0.0, Diff: 0.0, Sum: 0.0]
      [GC Worker Other (ms): Min: 0.0, Avg: 0.0, Max: 0.0, Diff: 0.0, Sum: 0.1]
      [GC Worker Total (ms): Min: 135.0, Avg: 135.0, Max: 135.0, Diff: 0.0, Sum: 540.1]
      [GC Worker End (ms): Min: 420420.7, Avg: 420420.7, Max: 420420.7, Diff: 0.0]
   [Code Root Fixup: 0.0 ms]
   [Clear CT: 0.1 ms]
   [Other: 1.5 ms]
      [Choose CSet: 0.0 ms]
      [Ref Proc: 0.1 ms]
      [Ref Enq: 0.0 ms]
      [Free CSet: 0.2 ms]
   [Eden: 140.0M(140.0M)->0.0B(194.0M) Survivors: 30.0M->22.0M Heap: 1097.0M(2048.0M)->1063.5M(2048.0M)]
 [Times: user=0.52 sys=0.02, real=0.14 secs] 
420.422: [GC concurrent-root-region-scan-start]
420.477: [GC concurrent-root-region-scan-end, 0.0545518 secs]
420.477: [GC concurrent-mark-start]
420.638: [GC pause (young), 0.0862604 secs]
   [Parallel Time: 85.0 ms, GC Workers: 4]
      [GC Worker Start (ms): Min: 420638.2, Avg: 420638.2, Max: 420638.2, Diff: 0.0]
      [Ext Root Scanning (ms): Min: 1.2, Avg: 1.2, Max: 1.2, Diff: 0.0, Sum: 4.9]
      [SATB Filtering (ms): Min: 0.0, Avg: 0.8, Max: 3.1, Diff: 3.1, Sum: 3.1]
      [Update RS (ms): Min: 15.4, Avg: 17.7, Max: 18.5, Diff: 3.1, Sum: 70.8]
         [Processed Buffers: Min: 124, Avg: 184.0, Max: 221, Diff: 97, Sum: 736]
      [Scan RS (ms): Min: 0.1, Avg: 0.1, Max: 0.2, Diff: 0.0, Sum: 0.6]
      [Object Copy (ms): Min: 65.1, Avg: 65.1, Max: 65.1, Diff: 0.0, Sum: 260.3]
      [Termination (ms): Min: 0.0, Avg: 0.1, Max: 0.1, Diff: 0.1, Sum: 0.2]
      [GC Worker Other (ms): Min: 0.0, Avg: 0.0, Max: 0.0, Diff: 0.0, Sum: 0.0]
      [GC Worker Total (ms): Min: 84.9, Avg: 85.0, Max: 85.0, Diff: 0.1, Sum: 339.8]
      [GC Worker End (ms): Min: 420723.1, Avg: 420723.2, Max: 420723.2, Diff: 0.1]
   [Code Root Fixup: 0.0 ms]
   [Clear CT: 0.1 ms]
   [Other: 1.2 ms]
      [Choose CSet: 0.0 ms]
      [Ref Proc: 0.0 ms]
      [Ref Enq: 0.0 ms]
      [Free CSet: 0.2 ms]
   [Eden: 194.0M(194.0M)->0.0B(273.0M) Survivors: 22.0M->27.0M Heap: 1257.5M(2048.0M)->1127.5M(2048.0M)]
 [Times: user=0.37 sys=0.00, real=0.09 secs] 
420.960: [GC pause (young), 0.1473694 secs]
   [Parallel Time: 145.8 ms, GC Workers: 4]
      [GC Worker Start (ms): Min: 420959.8, Avg: 420959.8, Max: 420959.8, Diff: 0.0]
      [Ext Root Scanning (ms): Min: 1.2, Avg: 1.2, Max: 1.2, Diff: 0.0, Sum: 4.9]
      [SATB Filtering (ms): Min: 0.0, Avg: 0.7, Max: 2.8, Diff: 2.8, Sum: 2.8]
      [Update RS (ms): Min: 16.1, Avg: 18.2, Max: 18.9, Diff: 2.8, Sum: 72.8]
         [Processed Buffers: Min: 104, Avg: 122.8, Max: 132, Diff: 28, Sum: 491]
      [Scan RS (ms): Min: 0.2, Avg: 0.3, Max: 0.3, Diff: 0.1, Sum: 1.1]
      [Object Copy (ms): Min: 125.3, Avg: 125.4, Max: 125.4, Diff: 0.1, Sum: 501.4]
      [Termination (ms): Min: 0.0, Avg: 0.0, Max: 0.0, Diff: 0.0, Sum: 0.0]
      [GC Worker Other (ms): Min: 0.0, Avg: 0.0, Max: 0.0, Diff: 0.0, Sum: 0.1]
      [GC Worker Total (ms): Min: 145.8, Avg: 145.8, Max: 145.8, Diff: 0.0, Sum: 583.1]
      [GC Worker End (ms): Min: 421105.6, Avg: 421105.6, Max: 421105.6, Diff: 0.0]
   [Code Root Fixup: 0.0 ms]
   [Clear CT: 0.1 ms]
   [Other: 1.5 ms]
      [Choose CSet: 0.0 ms]
      [Ref Proc: 0.0 ms]
      [Ref Enq: 0.0 ms]
      [Free CSet: 0.2 ms]
   [Eden: 273.0M(273.0M)->0.0B(268.0M) Survivors: 27.0M->38.0M Heap: 1400.5M(2048.0M)->1267.0M(2048.0M)]
 [Times: user=0.58 sys=0.00, real=0.15 secs] 
421.163: [GC concurrent-mark-end, 0.6849321 secs]
421.204: [GC remark 421.204: [GC ref-proc, 0.0017668 secs], 0.0031770 secs]
 [Times: user=0.00 sys=0.00, real=0.00 secs] 
421.208: [GC cleanup 1319M->661M(2048M), 0.0012482 secs]
 [Times: user=0.00 sys=0.00, real=0.00 secs] 
421.209: [GC concurrent-cleanup-start]
421.210: [GC concurrent-cleanup-end, 0.0007787 secs]
421.413: [GC pause (young), 0.2026865 secs]
   [Parallel Time: 200.7 ms, GC Workers: 4]
      [GC Worker Start (ms): Min: 421413.0, Avg: 421413.0, Max: 421413.0, Diff: 0.0]
      [Ext Root Scanning (ms): Min: 1.2, Avg: 1.2, Max: 1.2, Diff: 0.0, Sum: 4.8]
      [Update RS (ms): Min: 29.4, Avg: 29.4, Max: 29.4, Diff: 0.0, Sum: 117.7]
         [Processed Buffers: Min: 190, Avg: 212.8, Max: 232, Diff: 42, Sum: 851]
      [Scan RS (ms): Min: 0.2, Avg: 0.2, Max: 0.2, Diff: 0.0, Sum: 0.8]
      [Object Copy (ms): Min: 169.8, Avg: 169.8, Max: 169.8, Diff: 0.0, Sum: 679.2]
      [Termination (ms): Min: 0.0, Avg: 0.0, Max: 0.0, Diff: 0.0, Sum: 0.0]
      [GC Worker Other (ms): Min: 0.0, Avg: 0.0, Max: 0.0, Diff: 0.0, Sum: 0.1]
      [GC Worker Total (ms): Min: 200.6, Avg: 200.6, Max: 200.6, Diff: 0.0, Sum: 802.5]
      [GC Worker End (ms): Min: 421613.6, Avg: 421613.6, Max: 421613.6, Diff: 0.0]
   [Code Root Fixup: 0.0 ms]
   [Clear CT: 0.1 ms]
   [Other: 1.9 ms]
      [Choose CSet: 0.0 ms]
      [Ref Proc: 0.1 ms]
      [Ref Enq: 0.0 ms]
      [Free CSet: 0.2 ms]
   [Eden: 268.0M(268.0M)->0.0B(214.0M) Survivors: 38.0M->39.0M Heap: 877.0M(2048.0M)->790.0M(2048.0M)]
 [Times: user=0.80 sys=0.00, real=0.20 secs] 
421.878: [GC pause (young), 0.1496792 secs]
   [Parallel Time: 147.4 ms, GC Workers: 4]
      [GC Worker Start (ms): Min: 421878.5, Avg: 421878.5, Max: 421878.5, Diff: 0.0]
      [Ext Root Scanning (ms): Min: 1.2, Avg: 1.2, Max: 1.2, Diff: 0.0, Sum: 4.9]
      [Update RS (ms): Min: 18.7, Avg: 18.7, Max: 18.7, Diff: 0.0, Sum: 74.9]
         [Processed Buffers: Min: 182, Avg: 196.3, Max: 234, Diff: 52, Sum: 785]
      [Scan RS (ms): Min: 3.0, Avg: 3.0, Max: 3.1, Diff: 0.1, Sum: 12.1]
      [Object Copy (ms): Min: 124.3, Avg: 124.3, Max: 124.4, Diff: 0.1, Sum: 497.4]
      [Termination (ms): Min: 0.0, Avg: 0.0, Max: 0.0, Diff: 0.0, Sum: 0.0]
      [GC Worker Other (ms): Min: 0.0, Avg: 0.0, Max: 0.0, Diff: 0.0, Sum: 0.0]
      [GC Worker Total (ms): Min: 147.3, Avg: 147.3, Max: 147.3, Diff: 0.0, Sum: 589.3]
      [GC Worker End (ms): Min: 422025.8, Avg: 422025.8, Max: 422025.8, Diff: 0.0]
   [Code Root Fixup: 0.0 ms]
   [Clear CT: 0.1 ms]
   [Other: 2.2 ms]
      [Choose CSet: 0.0 ms]
      [Ref Proc: 0.5 ms]
      [Ref Enq: 0.0 ms]
      [Free CSet: 0.2 ms]
   [Eden: 214.0M(214.0M)->0.0B(223.0M) Survivors: 39.0M->32.0M Heap: 1004.0M(2048.0M)->913.0M(2048.0M)]
 [Times: user=0.58 sys=0.00, real=0.15 secs] 
422.280: [GC pause (young), 0.1522511 secs]
   [Parallel Time: 150.4 ms, GC Workers: 4]
      [GC Worker Start (ms): Min: 422280.6, Avg: 422280.6, Max: 422280.6, Diff: 0.0]
      [Ext Root Scanning (ms): Min: 1.2, Avg: 1.2, Max: 1.2, Diff: 0.0, Sum: 4.9]
      [Update RS (ms): Min: 29.1, Avg: 29.1, Max: 29.2, Diff: 0.1, Sum: 116.5]
         [Processed Buffers: Min: 229, Avg: 233.5, Max: 243, Diff: 14, Sum: 934]
      [Scan RS (ms): Min: 0.2, Avg: 0.2, Max: 0.2, Diff: 0.0, Sum: 0.8]
      [Object Copy (ms): Min: 119.8, Avg: 119.8, Max: 119.8, Diff: 0.0, Sum: 479.2]
      [Termination (ms): Min: 0.0, Avg: 0.0, Max: 0.0, Diff: 0.0, Sum: 0.0]
      [GC Worker Other (ms): Min: 0.0, Avg: 0.0, Max: 0.0, Diff: 0.0, Sum: 0.1]
      [GC Worker Total (ms): Min: 150.3, Avg: 150.4, Max: 150.4, Diff: 0.0, Sum: 601.4]
      [GC Worker End (ms): Min: 422430.9, Avg: 422430.9, Max: 422430.9, Diff: 0.0]
   [Code Root Fixup: 0.0 ms]
   [Clear CT: 0.2 ms]
   [Other: 1.7 ms]
      [Choose CSet: 0.0 ms]
      [Ref Proc: 0.0 ms]
      [Ref Enq: 0.0 ms]
      [Free CSet: 0.2 ms]
   [Eden: 223.0M(223.0M)->0.0B(256.0M) Survivors: 32.0M->32.0M Heap: 1136.0M(2048.0M)->1039.0M(2048.0M)]
 [Times: user=0.56 sys=0.00, real=0.15 secs] 
422.696: [GC pause (young) (initial-mark), 0.1708387 secs]
   [Parallel Time: 168.7 ms, GC Workers: 4]
      [GC Worker Start (ms): Min: 422696.9, Avg: 422696.9, Max: 422696.9, Diff: 0.0]
      [Ext Root Scanning (ms): Min: 1.2, Avg: 1.2, Max: 1.2, Diff: 0.1, Sum: 4.8]
      [Update RS (ms): Min: 18.2, Avg: 18.2, Max: 18.2, Diff: 0.0, Sum: 72.7]
         [Processed Buffers: Min: 169, Avg: 178.3, Max: 189, Diff: 20, Sum: 713]
      [Scan RS (ms): Min: 0.2, Avg: 0.2, Max: 0.2, Diff: 0.0, Sum: 0.7]
      [Object Copy (ms): Min: 149.1, Avg: 149.2, Max: 149.2, Diff: 0.1, Sum: 596.6]
      [Termination (ms): Min: 0.0, Avg: 0.0, Max: 0.0, Diff: 0.0, Sum: 0.0]
      [GC Worker Other (ms): Min: 0.0, Avg: 0.0, Max: 0.0, Diff: 0.0, Sum: 0.1]
      [GC Worker Total (ms): Min: 168.7, Avg: 168.7, Max: 168.7, Diff: 0.0, Sum: 674.9]
      [GC Worker End (ms): Min: 422865.6, Avg: 422865.6, Max: 422865.6, Diff: 0.0]
   [Code Root Fixup: 0.0 ms]
   [Clear CT: 0.1 ms]
   [Other: 1.9 ms]
      [Choose CSet: 0.0 ms]
      [Ref Proc: 0.0 ms]
      [Ref Enq: 0.0 ms]
      [Free CSet: 0.2 ms]
   [Eden: 256.0M(256.0M)->0.0B(255.0M) Survivors: 32.0M->36.0M Heap: 1295.0M(2048.0M)->1203.5M(2048.0M)]
 [Times: user=0.69 sys=0.00, real=0.17 secs] 
422.867: [GC concurrent-root-region-scan-start]
422.932: [GC concurrent-root-region-scan-end, 0.0643450 secs]
422.932: [GC concurrent-mark-start]
423.122: [GC pause (young), 0.0837579 secs]
   [Parallel Time: 82.2 ms, GC Workers: 4]
      [GC Worker Start (ms): Min: 423122.1, Avg: 423122.1, Max: 423122.1, Diff: 0.0]
      [Ext Root Scanning (ms): Min: 1.1, Avg: 1.3, Max: 1.3, Diff: 0.2, Sum: 5.0]
      [SATB Filtering (ms): Min: 0.0, Avg: 0.6, Max: 2.6, Diff: 2.6, Sum: 2.6]
      [Update RS (ms): Min: 18.2, Avg: 20.1, Max: 20.8, Diff: 2.6, Sum: 80.6]
         [Processed Buffers: Min: 195, Avg: 209.0, Max: 242, Diff: 47, Sum: 836]
      [Scan RS (ms): Min: 0.2, Avg: 0.2, Max: 0.2, Diff: 0.0, Sum: 0.7]
      [Object Copy (ms): Min: 59.9, Avg: 60.0, Max: 60.1, Diff: 0.2, Sum: 239.9]
      [Termination (ms): Min: 0.0, Avg: 0.0, Max: 0.0, Diff: 0.0, Sum: 0.0]
      [GC Worker Other (ms): Min: 0.0, Avg: 0.0, Max: 0.0, Diff: 0.0, Sum: 0.1]
      [GC Worker Total (ms): Min: 82.2, Avg: 82.2, Max: 82.2, Diff: 0.0, Sum: 328.9]
      [GC Worker End (ms): Min: 423204.3, Avg: 423204.3, Max: 423204.3, Diff: 0.0]
   [Code Root Fixup: 0.0 ms]
   [Clear CT: 0.2 ms]
   [Other: 1.4 ms]
      [Choose CSet: 0.0 ms]
      [Ref Proc: 0.1 ms]
      [Ref Enq: 0.0 ms]
      [Free CSet: 0.2 ms]
   [Eden: 255.0M(255.0M)->0.0B(351.0M) Survivors: 36.0M->37.0M Heap: 1458.5M(2048.0M)->1247.0M(2048.0M)]
 [Times: user=0.31 sys=0.00, real=0.08 secs] 
423.512: [GC pause (young), 0.1658938 secs]
   [Parallel Time: 163.8 ms, GC Workers: 4]
      [GC Worker Start (ms): Min: 423512.2, Avg: 423512.2, Max: 423512.2, Diff: 0.0]
      [Ext Root Scanning (ms): Min: 1.2, Avg: 1.2, Max: 1.2, Diff: 0.0, Sum: 4.9]
      [SATB Filtering (ms): Min: 0.0, Avg: 0.7, Max: 2.9, Diff: 2.9, Sum: 2.9]
      [Update RS (ms): Min: 12.9, Avg: 15.1, Max: 15.8, Diff: 3.0, Sum: 60.3]
         [Processed Buffers: Min: 102, Avg: 116.8, Max: 128, Diff: 26, Sum: 467]
      [Scan RS (ms): Min: 0.2, Avg: 0.3, Max: 0.3, Diff: 0.0, Sum: 1.0]
      [Object Copy (ms): Min: 146.4, Avg: 146.4, Max: 146.5, Diff: 0.1, Sum: 585.7]
      [Termination (ms): Min: 0.0, Avg: 0.0, Max: 0.0, Diff: 0.0, Sum: 0.0]
      [GC Worker Other (ms): Min: 0.0, Avg: 0.0, Max: 0.0, Diff: 0.0, Sum: 0.1]
      [GC Worker Total (ms): Min: 163.7, Avg: 163.7, Max: 163.8, Diff: 0.0, Sum: 655.0]
      [GC Worker End (ms): Min: 423675.9, Avg: 423675.9, Max: 423675.9, Diff: 0.0]
   [Code Root Fixup: 0.0 ms]
   [Clear CT: 0.1 ms]
   [Other: 1.9 ms]
      [Choose CSet: 0.0 ms]
      [Ref Proc: 0.5 ms]
      [Ref Enq: 0.0 ms]
      [Free CSet: 0.3 ms]
   [Eden: 351.0M(351.0M)->0.0B(275.0M) Survivors: 37.0M->49.0M Heap: 1598.0M(2048.0M)->1402.5M(2048.0M)]
 [Times: user=0.62 sys=0.00, real=0.17 secs] 
423.766: [GC concurrent-mark-end, 0.8339182 secs]
423.766: [GC remark 423.766: [GC ref-proc, 0.0017438 secs], 0.0035260 secs]
 [Times: user=0.00 sys=0.00, real=0.00 secs] 
423.770: [GC cleanup 1483M->758M(2048M), 0.0013692 secs]
 [Times: user=0.00 sys=0.00, real=0.00 secs] 
423.772: [GC concurrent-cleanup-start]
423.773: [GC concurrent-cleanup-end, 0.0010225 secs]
423.967: [GC pause (young), 0.2074004 secs]
   [Parallel Time: 204.9 ms, GC Workers: 4]
      [GC Worker Start (ms): Min: 423967.1, Avg: 423967.1, Max: 423967.1, Diff: 0.0]
      [Ext Root Scanning (ms): Min: 1.2, Avg: 1.2, Max: 1.2, Diff: 0.0, Sum: 4.8]
      [Update RS (ms): Min: 27.4, Avg: 27.4, Max: 27.4, Diff: 0.0, Sum: 109.6]
         [Processed Buffers: Min: 194, Avg: 211.3, Max: 229, Diff: 35, Sum: 845]
      [Scan RS (ms): Min: 0.7, Avg: 0.7, Max: 0.8, Diff: 0.1, Sum: 2.9]
      [Object Copy (ms): Min: 175.5, Avg: 175.6, Max: 175.6, Diff: 0.1, Sum: 702.3]
      [Termination (ms): Min: 0.0, Avg: 0.0, Max: 0.0, Diff: 0.0, Sum: 0.0]
      [GC Worker Other (ms): Min: 0.0, Avg: 0.0, Max: 0.0, Diff: 0.0, Sum: 0.1]
      [GC Worker Total (ms): Min: 204.9, Avg: 204.9, Max: 204.9, Diff: 0.0, Sum: 819.6]
      [GC Worker End (ms): Min: 424172.0, Avg: 424172.0, Max: 424172.0, Diff: 0.0]
   [Code Root Fixup: 0.0 ms]
   [Clear CT: 0.4 ms]
   [Other: 2.0 ms]
      [Choose CSet: 0.0 ms]
      [Ref Proc: 0.0 ms]
      [Ref Enq: 0.0 ms]
      [Free CSet: 0.2 ms]
   [Eden: 275.0M(275.0M)->0.0B(263.0M) Survivors: 49.0M->41.0M Heap: 952.5M(2048.0M)->858.0M(2048.0M)]
 [Times: user=0.81 sys=0.00, real=0.21 secs] 
424.490: [GC pause (young), 0.1420496 secs]
   [Parallel Time: 140.2 ms, GC Workers: 4]
      [GC Worker Start (ms): Min: 424490.5, Avg: 424490.5, Max: 424490.5, Diff: 0.0]
      [Ext Root Scanning (ms): Min: 1.2, Avg: 1.2, Max: 1.3, Diff: 0.0, Sum: 5.0]
      [Update RS (ms): Min: 18.1, Avg: 18.1, Max: 18.1, Diff: 0.0, Sum: 72.4]
         [Processed Buffers: Min: 159, Avg: 191.8, Max: 220, Diff: 61, Sum: 767]
      [Scan RS (ms): Min: 2.0, Avg: 2.0, Max: 2.1, Diff: 0.1, Sum: 8.2]
      [Object Copy (ms): Min: 118.7, Avg: 118.8, Max: 118.8, Diff: 0.1, Sum: 475.1]
      [Termination (ms): Min: 0.0, Avg: 0.0, Max: 0.0, Diff: 0.0, Sum: 0.0]
      [GC Worker Other (ms): Min: 0.0, Avg: 0.0, Max: 0.0, Diff: 0.0, Sum: 0.1]
      [GC Worker Total (ms): Min: 140.2, Avg: 140.2, Max: 140.2, Diff: 0.0, Sum: 560.8]
      [GC Worker End (ms): Min: 424630.6, Avg: 424630.7, Max: 424630.7, Diff: 0.0]
   [Code Root Fixup: 0.0 ms]
   [Clear CT: 0.1 ms]
   [Other: 1.7 ms]
      [Choose CSet: 0.0 ms]
      [Ref Proc: 0.0 ms]
      [Ref Enq: 0.0 ms]
      [Free CSet: 0.2 ms]
   [Eden: 193.0M(193.0M)->0.0B(295.0M) Survivors: 41.0M->30.0M Heap: 1051.0M(2048.0M)->968.0M(2048.0M)]
 [Times: user=0.55 sys=0.00, real=0.14 secs] 
424.948: [GC pause (young) (initial-mark), 0.2140210 secs]
   [Parallel Time: 211.5 ms, GC Workers: 4]
      [GC Worker Start (ms): Min: 424948.4, Avg: 424948.4, Max: 424948.5, Diff: 0.0]
      [Ext Root Scanning (ms): Min: 0.2, Avg: 1.3, Max: 1.7, Diff: 1.5, Sum: 5.1]
      [Update RS (ms): Min: 0.1, Avg: 19.8, Max: 27.9, Diff: 27.7, Sum: 79.2]
         [Processed Buffers: Min: 43, Avg: 184.3, Max: 278, Diff: 235, Sum: 737]
      [Scan RS (ms): Min: 0.0, Avg: 0.3, Max: 0.3, Diff: 0.3, Sum: 1.0]
      [Object Copy (ms): Min: 182.1, Avg: 190.1, Max: 210.8, Diff: 28.6, Sum: 760.6]
      [Termination (ms): Min: 0.0, Avg: 0.0, Max: 0.0, Diff: 0.0, Sum: 0.0]
      [GC Worker Other (ms): Min: 0.0, Avg: 0.0, Max: 0.0, Diff: 0.0, Sum: 0.1]
      [GC Worker Total (ms): Min: 211.5, Avg: 211.5, Max: 211.5, Diff: 0.0, Sum: 846.0]
      [GC Worker End (ms): Min: 425159.9, Avg: 425159.9, Max: 425159.9, Diff: 0.0]
   [Code Root Fixup: 0.0 ms]
   [Clear CT: 0.3 ms]
   [Other: 2.2 ms]
      [Choose CSet: 0.0 ms]
      [Ref Proc: 0.0 ms]
      [Ref Enq: 0.0 ms]
      [Free CSet: 0.3 ms]
   [Eden: 295.0M(295.0M)->0.0B(207.0M) Survivors: 30.0M->41.0M Heap: 1263.0M(2048.0M)->1169.5M(2048.0M)]
 [Times: user=0.76 sys=0.00, real=0.22 secs] 
425.162: [GC concurrent-root-region-scan-start]
425.226: [GC concurrent-root-region-scan-end, 0.0637174 secs]
425.226: [GC concurrent-mark-start]
425.463: [GC pause (young), 0.1028269 secs]
   [Parallel Time: 101.2 ms, GC Workers: 4]
      [GC Worker Start (ms): Min: 425463.2, Avg: 425463.2, Max: 425463.2, Diff: 0.0]
      [Ext Root Scanning (ms): Min: 1.2, Avg: 1.2, Max: 1.3, Diff: 0.0, Sum: 5.0]
      [SATB Filtering (ms): Min: 0.0, Avg: 0.5, Max: 2.0, Diff: 2.0, Sum: 2.0]
      [Update RS (ms): Min: 26.8, Avg: 28.3, Max: 28.8, Diff: 2.0, Sum: 113.2]
         [Processed Buffers: Min: 242, Avg: 247.0, Max: 255, Diff: 13, Sum: 988]
      [Scan RS (ms): Min: 6.2, Avg: 6.3, Max: 6.3, Diff: 0.0, Sum: 25.0]
      [Object Copy (ms): Min: 64.8, Avg: 64.8, Max: 64.9, Diff: 0.0, Sum: 259.3]
      [Termination (ms): Min: 0.0, Avg: 0.0, Max: 0.0, Diff: 0.0, Sum: 0.0]
      [GC Worker Other (ms): Min: 0.0, Avg: 0.0, Max: 0.0, Diff: 0.0, Sum: 0.1]
      [GC Worker Total (ms): Min: 101.2, Avg: 101.2, Max: 101.2, Diff: 0.0, Sum: 404.6]
      [GC Worker End (ms): Min: 425564.3, Avg: 425564.3, Max: 425564.3, Diff: 0.0]
   [Code Root Fixup: 0.0 ms]
   [Clear CT: 0.1 ms]
   [Other: 1.5 ms]
      [Choose CSet: 0.0 ms]
      [Ref Proc: 0.0 ms]
      [Ref Enq: 0.0 ms]
      [Free CSet: 0.2 ms]
   [Eden: 198.0M(139.0M)->0.0B(345.0M) Survivors: 41.0M->23.0M Heap: 1367.5M(2048.0M)->1212.5M(2048.0M)]
 [Times: user=0.37 sys=0.00, real=0.10 secs] 
425.868: [GC pause (young), 0.1258546 secs]
   [Parallel Time: 124.2 ms, GC Workers: 4]
      [GC Worker Start (ms): Min: 425868.1, Avg: 425868.1, Max: 425868.1, Diff: 0.0]
      [Ext Root Scanning (ms): Min: 1.2, Avg: 1.2, Max: 1.2, Diff: 0.0, Sum: 4.8]
      [SATB Filtering (ms): Min: 0.0, Avg: 0.7, Max: 2.6, Diff: 2.6, Sum: 2.6]
      [Update RS (ms): Min: 15.6, Avg: 17.6, Max: 18.2, Diff: 2.6, Sum: 70.3]
         [Processed Buffers: Min: 114, Avg: 128.5, Max: 136, Diff: 22, Sum: 514]
      [Scan RS (ms): Min: 0.3, Avg: 0.3, Max: 0.3, Diff: 0.0, Sum: 1.2]
      [Object Copy (ms): Min: 104.4, Avg: 104.5, Max: 104.5, Diff: 0.0, Sum: 417.8]
      [Termination (ms): Min: 0.0, Avg: 0.0, Max: 0.0, Diff: 0.0, Sum: 0.0]
      [GC Worker Other (ms): Min: 0.0, Avg: 0.0, Max: 0.0, Diff: 0.0, Sum: 0.1]
      [GC Worker Total (ms): Min: 124.2, Avg: 124.2, Max: 124.2, Diff: 0.0, Sum: 496.8]
      [GC Worker End (ms): Min: 425992.3, Avg: 425992.3, Max: 425992.3, Diff: 0.0]
   [Code Root Fixup: 0.0 ms]
   [Clear CT: 0.1 ms]
   [Other: 1.5 ms]
      [Choose CSet: 0.0 ms]
      [Ref Proc: 0.2 ms]
      [Ref Enq: 0.0 ms]
      [Free CSet: 0.3 ms]
   [Eden: 345.0M(345.0M)->0.0B(302.0M) Survivors: 23.0M->46.0M Heap: 1557.5M(2048.0M)->1330.5M(2048.0M)]
 [Times: user=0.50 sys=0.00, real=0.13 secs] 
426.011: [GC concurrent-mark-end, 0.7839584 secs]
426.011: [GC remark 426.012: [GC ref-proc, 0.0017489 secs], 0.0034580 secs]
 [Times: user=0.00 sys=0.00, real=0.00 secs] 
426.015: [GC cleanup 1352M->738M(2048M), 0.0014121 secs]
 [Times: user=0.00 sys=0.00, real=0.00 secs] 
426.017: [GC concurrent-cleanup-start]
426.018: [GC concurrent-cleanup-end, 0.0007197 secs]
426.300: [GC pause (young), 0.2311122 secs]
   [Parallel Time: 229.2 ms, GC Workers: 4]
      [GC Worker Start (ms): Min: 426300.2, Avg: 426308.2, Max: 426332.0, Diff: 31.7]
      [Ext Root Scanning (ms): Min: 0.2, Avg: 1.3, Max: 1.7, Diff: 1.5, Sum: 5.1]
      [Update RS (ms): Min: 18.8, Avg: 44.7, Max: 62.2, Diff: 43.4, Sum: 178.9]
         [Processed Buffers: Min: 105, Avg: 200.3, Max: 273, Diff: 168, Sum: 801]
      [Scan RS (ms): Min: 0.0, Avg: 0.1, Max: 0.2, Diff: 0.1, Sum: 0.5]
      [Object Copy (ms): Min: 165.2, Avg: 175.1, Max: 178.4, Diff: 13.2, Sum: 700.4]
      [Termination (ms): Min: 0.0, Avg: 0.0, Max: 0.0, Diff: 0.0, Sum: 0.0]
      [GC Worker Other (ms): Min: 0.0, Avg: 0.0, Max: 0.0, Diff: 0.0, Sum: 0.1]
      [GC Worker Total (ms): Min: 197.4, Avg: 221.2, Max: 229.2, Diff: 31.7, Sum: 885.0]
      [GC Worker End (ms): Min: 426529.4, Avg: 426529.4, Max: 426529.4, Diff: 0.0]
   [Code Root Fixup: 0.0 ms]
   [Clear CT: 0.1 ms]
   [Other: 1.8 ms]
      [Choose CSet: 0.0 ms]
      [Ref Proc: 0.1 ms]
      [Ref Enq: 0.0 ms]
      [Free CSet: 0.2 ms]
   [Eden: 302.0M(302.0M)->0.0B(58.0M) Survivors: 46.0M->44.0M Heap: 1018.5M(2048.0M)->890.0M(2048.0M)]
 [Times: user=0.84 sys=0.00, real=0.23 secs] 
426.577: [GC pause (mixed), 0.1115072 secs]
   [Parallel Time: 109.7 ms, GC Workers: 4]
      [GC Worker Start (ms): Min: 426577.5, Avg: 426577.9, Max: 426578.9, Diff: 1.3]
      [Ext Root Scanning (ms): Min: 0.5, Avg: 1.2, Max: 1.5, Diff: 1.1, Sum: 5.0]
      [Update RS (ms): Min: 62.8, Avg: 62.9, Max: 62.9, Diff: 0.1, Sum: 251.5]
         [Processed Buffers: Min: 338, Avg: 340.3, Max: 343, Diff: 5, Sum: 1361]
      [Scan RS (ms): Min: 1.4, Avg: 1.4, Max: 1.5, Diff: 0.1, Sum: 5.8]
      [Object Copy (ms): Min: 43.7, Avg: 43.7, Max: 43.8, Diff: 0.1, Sum: 174.9]
      [Termination (ms): Min: 0.0, Avg: 0.0, Max: 0.0, Diff: 0.0, Sum: 0.0]
      [GC Worker Other (ms): Min: 0.0, Avg: 0.0, Max: 0.0, Diff: 0.0, Sum: 0.1]
      [GC Worker Total (ms): Min: 108.3, Avg: 109.3, Max: 109.7, Diff: 1.3, Sum: 437.2]
      [GC Worker End (ms): Min: 426687.2, Avg: 426687.2, Max: 426687.2, Diff: 0.0]
   [Code Root Fixup: 0.0 ms]
   [Clear CT: 0.2 ms]
   [Other: 1.6 ms]
      [Choose CSet: 0.1 ms]
      [Ref Proc: 0.1 ms]
      [Ref Enq: 0.0 ms]
      [Free CSet: 0.5 ms]
   [Eden: 58.0M(58.0M)->0.0B(258.0M) Survivors: 44.0M->2048.0K Heap: 948.0M(2048.0M)->807.5M(2048.0M)]
 [Times: user=0.44 sys=0.00, real=0.11 secs] 
426.943: [GC pause (young), 0.1148147 secs]
   [Parallel Time: 113.4 ms, GC Workers: 4]
      [GC Worker Start (ms): Min: 426943.9, Avg: 426943.9, Max: 426943.9, Diff: 0.0]
      [Ext Root Scanning (ms): Min: 1.2, Avg: 1.2, Max: 1.2, Diff: 0.0, Sum: 4.9]
      [Update RS (ms): Min: 15.9, Avg: 15.9, Max: 15.9, Diff: 0.0, Sum: 63.5]
         [Processed Buffers: Min: 247, Avg: 256.8, Max: 266, Diff: 19, Sum: 1027]
      [Scan RS (ms): Min: 0.1, Avg: 0.1, Max: 0.1, Diff: 0.0, Sum: 0.3]
      [Object Copy (ms): Min: 96.1, Avg: 96.1, Max: 96.2, Diff: 0.0, Sum: 384.5]
      [Termination (ms): Min: 0.0, Avg: 0.0, Max: 0.0, Diff: 0.0, Sum: 0.0]
      [GC Worker Other (ms): Min: 0.0, Avg: 0.0, Max: 0.0, Diff: 0.0, Sum: 0.1]
      [GC Worker Total (ms): Min: 113.3, Avg: 113.3, Max: 113.3, Diff: 0.0, Sum: 453.4]
      [GC Worker End (ms): Min: 427057.2, Avg: 427057.2, Max: 427057.2, Diff: 0.0]
   [Code Root Fixup: 0.0 ms]
   [Clear CT: 0.1 ms]
   [Other: 1.3 ms]
      [Choose CSet: 0.0 ms]
      [Ref Proc: 0.0 ms]
      [Ref Enq: 0.0 ms]
      [Free CSet: 0.2 ms]
   [Eden: 258.0M(258.0M)->0.0B(216.0M) Survivors: 2048.0K->33.0M Heap: 1065.5M(2048.0M)->932.5M(2048.0M)]
 [Times: user=0.44 sys=0.00, real=0.12 secs] 
427.274: [GC pause (young), 0.1701924 secs]
   [Parallel Time: 168.4 ms, GC Workers: 4]
      [GC Worker Start (ms): Min: 427274.1, Avg: 427274.1, Max: 427274.2, Diff: 0.0]
      [Ext Root Scanning (ms): Min: 1.2, Avg: 1.2, Max: 1.2, Diff: 0.0, Sum: 4.9]
      [Update RS (ms): Min: 23.1, Avg: 23.1, Max: 23.1, Diff: 0.0, Sum: 92.5]
         [Processed Buffers: Min: 156, Avg: 171.3, Max: 186, Diff: 30, Sum: 685]
      [Scan RS (ms): Min: 0.2, Avg: 0.2, Max: 0.2, Diff: 0.0, Sum: 0.7]
      [Object Copy (ms): Min: 143.8, Avg: 143.8, Max: 143.8, Diff: 0.0, Sum: 575.3]
      [Termination (ms): Min: 0.0, Avg: 0.0, Max: 0.0, Diff: 0.0, Sum: 0.0]
      [GC Worker Other (ms): Min: 0.0, Avg: 0.0, Max: 0.0, Diff: 0.0, Sum: 0.1]
      [GC Worker Total (ms): Min: 168.4, Avg: 168.4, Max: 168.4, Diff: 0.0, Sum: 673.5]
      [GC Worker End (ms): Min: 427442.5, Avg: 427442.5, Max: 427442.5, Diff: 0.0]
   [Code Root Fixup: 0.0 ms]
   [Clear CT: 0.1 ms]
   [Other: 1.7 ms]
      [Choose CSet: 0.0 ms]
      [Ref Proc: 0.0 ms]
      [Ref Enq: 0.0 ms]
      [Free CSet: 0.2 ms]
   [Eden: 216.0M(216.0M)->0.0B(216.0M) Survivors: 33.0M->32.0M Heap: 1148.5M(2048.0M)->1078.0M(2048.0M)]
 [Times: user=0.66 sys=0.00, real=0.17 secs] 
427.711: [GC pause (young) (initial-mark), 0.1483639 secs]
   [Parallel Time: 146.0 ms, GC Workers: 4]
      [GC Worker Start (ms): Min: 427711.6, Avg: 427711.6, Max: 427711.6, Diff: 0.0]
      [Ext Root Scanning (ms): Min: 1.2, Avg: 1.2, Max: 1.2, Diff: 0.1, Sum: 4.8]
      [Update RS (ms): Min: 17.2, Avg: 17.2, Max: 17.2, Diff: 0.0, Sum: 68.9]
         [Processed Buffers: Min: 173, Avg: 187.8, Max: 209, Diff: 36, Sum: 751]
      [Scan RS (ms): Min: 0.2, Avg: 0.2, Max: 0.2, Diff: 0.0, Sum: 0.7]
      [Object Copy (ms): Min: 127.4, Avg: 127.4, Max: 127.4, Diff: 0.1, Sum: 509.6]
      [Termination (ms): Min: 0.0, Avg: 0.0, Max: 0.0, Diff: 0.0, Sum: 0.0]
      [GC Worker Other (ms): Min: 0.0, Avg: 0.0, Max: 0.0, Diff: 0.0, Sum: 0.1]
      [GC Worker Total (ms): Min: 146.0, Avg: 146.0, Max: 146.0, Diff: 0.0, Sum: 584.1]
      [GC Worker End (ms): Min: 427857.6, Avg: 427857.6, Max: 427857.6, Diff: 0.0]
   [Code Root Fixup: 0.0 ms]
   [Clear CT: 0.1 ms]
   [Other: 2.2 ms]
      [Choose CSet: 0.0 ms]
      [Ref Proc: 0.1 ms]
      [Ref Enq: 0.0 ms]
      [Free CSet: 0.2 ms]
   [Eden: 216.0M(216.0M)->0.0B(239.0M) Survivors: 32.0M->31.0M Heap: 1294.0M(2048.0M)->1212.0M(2048.0M)]
 [Times: user=0.56 sys=0.00, real=0.15 secs] 
427.860: [GC concurrent-root-region-scan-start]
427.913: [GC concurrent-root-region-scan-end, 0.0537670 secs]
427.913: [GC concurrent-mark-start]
428.153: [GC pause (young), 0.1167622 secs]
   [Parallel Time: 115.0 ms, GC Workers: 4]
      [GC Worker Start (ms): Min: 428153.0, Avg: 428153.0, Max: 428153.0, Diff: 0.0]
      [Ext Root Scanning (ms): Min: 1.2, Avg: 1.3, Max: 1.3, Diff: 0.1, Sum: 5.1]
      [SATB Filtering (ms): Min: 0.0, Avg: 0.7, Max: 2.9, Diff: 2.9, Sum: 2.9]
      [Update RS (ms): Min: 16.6, Avg: 18.7, Max: 19.4, Diff: 2.9, Sum: 74.8]
         [Processed Buffers: Min: 169, Avg: 203.3, Max: 217, Diff: 48, Sum: 813]
      [Scan RS (ms): Min: 0.2, Avg: 0.2, Max: 0.2, Diff: 0.0, Sum: 0.8]
      [Object Copy (ms): Min: 94.1, Avg: 94.1, Max: 94.1, Diff: 0.0, Sum: 376.3]
      [Termination (ms): Min: 0.0, Avg: 0.0, Max: 0.0, Diff: 0.0, Sum: 0.0]
      [GC Worker Other (ms): Min: 0.0, Avg: 0.0, Max: 0.0, Diff: 0.0, Sum: 0.1]
      [GC Worker Total (ms): Min: 114.9, Avg: 115.0, Max: 115.0, Diff: 0.0, Sum: 459.8]
      [GC Worker End (ms): Min: 428267.9, Avg: 428267.9, Max: 428267.9, Diff: 0.0]
   [Code Root Fixup: 0.0 ms]
   [Clear CT: 0.1 ms]
   [Other: 1.7 ms]
      [Choose CSet: 0.0 ms]
      [Ref Proc: 0.2 ms]
      [Ref Enq: 0.0 ms]
      [Free CSet: 0.2 ms]
   [Eden: 239.0M(239.0M)->0.0B(313.0M) Survivors: 31.0M->34.0M Heap: 1451.0M(2048.0M)->1305.5M(2048.0M)]
 [Times: user=0.50 sys=0.00, real=0.12 secs] 
428.563: [GC pause (young), 0.1166101 secs]
   [Parallel Time: 115.2 ms, GC Workers: 4]
      [GC Worker Start (ms): Min: 428563.7, Avg: 428563.7, Max: 428563.7, Diff: 0.0]
      [Ext Root Scanning (ms): Min: 1.2, Avg: 1.2, Max: 1.2, Diff: 0.0, Sum: 4.9]
      [SATB Filtering (ms): Min: 0.0, Avg: 0.8, Max: 3.1, Diff: 3.1, Sum: 3.1]
      [Update RS (ms): Min: 18.3, Avg: 20.5, Max: 21.3, Diff: 3.0, Sum: 82.0]
         [Processed Buffers: Min: 134, Avg: 170.5, Max: 194, Diff: 60, Sum: 682]
      [Scan RS (ms): Min: 0.2, Avg: 0.2, Max: 0.2, Diff: 0.0, Sum: 0.9]
      [Object Copy (ms): Min: 92.4, Avg: 92.4, Max: 92.4, Diff: 0.0, Sum: 369.6]
      [Termination (ms): Min: 0.0, Avg: 0.0, Max: 0.0, Diff: 0.0, Sum: 0.0]
      [GC Worker Other (ms): Min: 0.0, Avg: 0.0, Max: 0.0, Diff: 0.0, Sum: 0.1]
      [GC Worker Total (ms): Min: 115.1, Avg: 115.1, Max: 115.2, Diff: 0.0, Sum: 460.6]
      [GC Worker End (ms): Min: 428678.9, Avg: 428678.9, Max: 428678.9, Diff: 0.0]
   [Code Root Fixup: 0.0 ms]
   [Clear CT: 0.1 ms]
   [Other: 1.3 ms]
      [Choose CSet: 0.0 ms]
      [Ref Proc: 0.0 ms]
      [Ref Enq: 0.0 ms]
      [Free CSet: 0.3 ms]
   [Eden: 313.0M(313.0M)->0.0B(291.0M) Survivors: 34.0M->44.0M Heap: 1618.5M(2048.0M)->1395.0M(2048.0M)]
 [Times: user=0.50 sys=0.00, real=0.12 secs] 
428.688: [GC concurrent-mark-end, 0.7711999 secs]
428.710: [GC remark 428.710: [GC ref-proc, 0.0017832 secs], 0.0034583 secs]
 [Times: user=0.00 sys=0.00, real=0.00 secs] 
428.713: [GC cleanup 1430M->722M(2048M), 0.0012832 secs]
 [Times: user=0.00 sys=0.00, real=0.00 secs] 
428.715: [GC concurrent-cleanup-start]
428.716: [GC concurrent-cleanup-end, 0.0008297 secs]
428.974: [GC pause (young), 0.2457854 secs]
   [Parallel Time: 243.6 ms, GC Workers: 4]
      [GC Worker Start (ms): Min: 428974.0, Avg: 428974.0, Max: 428974.0, Diff: 0.0]
      [Ext Root Scanning (ms): Min: 1.2, Avg: 1.2, Max: 1.2, Diff: 0.1, Sum: 4.9]
      [Update RS (ms): Min: 28.8, Avg: 28.8, Max: 28.8, Diff: 0.0, Sum: 115.3]
         [Processed Buffers: Min: 163, Avg: 169.0, Max: 172, Diff: 9, Sum: 676]
      [Scan RS (ms): Min: 0.1, Avg: 0.2, Max: 0.2, Diff: 0.0, Sum: 0.6]
      [Object Copy (ms): Min: 213.4, Avg: 213.4, Max: 213.4, Diff: 0.0, Sum: 853.6]
      [Termination (ms): Min: 0.0, Avg: 0.0, Max: 0.0, Diff: 0.0, Sum: 0.0]
      [GC Worker Other (ms): Min: 0.0, Avg: 0.0, Max: 0.0, Diff: 0.0, Sum: 0.1]
      [GC Worker Total (ms): Min: 243.6, Avg: 243.6, Max: 243.6, Diff: 0.0, Sum: 974.5]
      [GC Worker End (ms): Min: 429217.6, Avg: 429217.6, Max: 429217.6, Diff: 0.0]
   [Code Root Fixup: 0.0 ms]
   [Clear CT: 0.1 ms]
   [Other: 2.0 ms]
      [Choose CSet: 0.0 ms]
      [Ref Proc: 0.0 ms]
      [Ref Enq: 0.0 ms]
      [Free CSet: 0.2 ms]
   [Eden: 291.0M(291.0M)->0.0B(60.0M) Survivors: 44.0M->42.0M Heap: 978.0M(2048.0M)->923.0M(2048.0M)]
 [Times: user=0.95 sys=0.00, real=0.25 secs] 
429.410: [GC pause (mixed), 0.1091759 secs]
   [Parallel Time: 107.3 ms, GC Workers: 4]
      [GC Worker Start (ms): Min: 429410.5, Avg: 429410.5, Max: 429410.5, Diff: 0.0]
      [Ext Root Scanning (ms): Min: 1.5, Avg: 3.8, Max: 10.3, Diff: 8.8, Sum: 15.1]
      [Update RS (ms): Min: 26.4, Avg: 33.5, Max: 37.5, Diff: 11.0, Sum: 134.0]
         [Processed Buffers: Min: 216, Avg: 253.5, Max: 283, Diff: 67, Sum: 1014]
      [Scan RS (ms): Min: 2.1, Avg: 4.0, Max: 4.7, Diff: 2.6, Sum: 16.0]
      [Object Copy (ms): Min: 65.9, Avg: 66.0, Max: 66.0, Diff: 0.1, Sum: 264.0]
      [Termination (ms): Min: 0.0, Avg: 0.0, Max: 0.0, Diff: 0.0, Sum: 0.0]
      [GC Worker Other (ms): Min: 0.0, Avg: 0.0, Max: 0.0, Diff: 0.0, Sum: 0.0]
      [GC Worker Total (ms): Min: 107.3, Avg: 107.3, Max: 107.3, Diff: 0.0, Sum: 429.1]
      [GC Worker End (ms): Min: 429517.8, Avg: 429517.8, Max: 429517.8, Diff: 0.0]
   [Code Root Fixup: 0.0 ms]
   [Clear CT: 0.3 ms]
   [Other: 1.6 ms]
      [Choose CSet: 0.0 ms]
      [Ref Proc: 0.0 ms]
      [Ref Enq: 0.0 ms]
      [Free CSet: 0.2 ms]
   [Eden: 60.0M(60.0M)->0.0B(239.0M) Survivors: 42.0M->13.0M Heap: 983.0M(2048.0M)->932.0M(2048.0M)]
 [Times: user=0.44 sys=0.00, real=0.11 secs] 
429.791: [GC pause (young), 0.1324178 secs]
   [Parallel Time: 130.8 ms, GC Workers: 4]
      [GC Worker Start (ms): Min: 429791.9, Avg: 429791.9, Max: 429791.9, Diff: 0.0]
      [Ext Root Scanning (ms): Min: 1.2, Avg: 1.2, Max: 1.2, Diff: 0.0, Sum: 4.9]
      [Update RS (ms): Min: 13.8, Avg: 13.8, Max: 13.8, Diff: 0.0, Sum: 55.3]
         [Processed Buffers: Min: 166, Avg: 182.3, Max: 193, Diff: 27, Sum: 729]
      [Scan RS (ms): Min: 0.9, Avg: 0.9, Max: 0.9, Diff: 0.0, Sum: 3.6]
      [Object Copy (ms): Min: 114.8, Avg: 114.8, Max: 114.8, Diff: 0.0, Sum: 459.3]
      [Termination (ms): Min: 0.0, Avg: 0.0, Max: 0.0, Diff: 0.0, Sum: 0.0]
      [GC Worker Other (ms): Min: 0.0, Avg: 0.0, Max: 0.0, Diff: 0.0, Sum: 0.1]
      [GC Worker Total (ms): Min: 130.8, Avg: 130.8, Max: 130.8, Diff: 0.0, Sum: 523.1]
      [GC Worker End (ms): Min: 429922.7, Avg: 429922.7, Max: 429922.7, Diff: 0.0]
   [Code Root Fixup: 0.0 ms]
   [Clear CT: 0.1 ms]
   [Other: 1.5 ms]
      [Choose CSet: 0.0 ms]
      [Ref Proc: 0.1 ms]
      [Ref Enq: 0.0 ms]
      [Free CSet: 0.2 ms]
   [Eden: 239.0M(239.0M)->0.0B(229.0M) Survivors: 13.0M->32.0M Heap: 1171.0M(2048.0M)->1073.0M(2048.0M)]
 [Times: user=0.56 sys=0.00, real=0.13 secs] 
430.171: [GC pause (young) (initial-mark), 0.1582902 secs]
   [Parallel Time: 156.4 ms, GC Workers: 4]
      [GC Worker Start (ms): Min: 430171.5, Avg: 430171.5, Max: 430171.5, Diff: 0.0]
      [Ext Root Scanning (ms): Min: 1.2, Avg: 1.2, Max: 1.2, Diff: 0.1, Sum: 4.8]
      [Update RS (ms): Min: 16.5, Avg: 16.5, Max: 16.5, Diff: 0.0, Sum: 65.9]
         [Processed Buffers: Min: 156, Avg: 168.8, Max: 193, Diff: 37, Sum: 675]
      [Scan RS (ms): Min: 0.2, Avg: 0.2, Max: 0.2, Diff: 0.0, Sum: 0.7]
      [Object Copy (ms): Min: 138.5, Avg: 138.5, Max: 138.5, Diff: 0.1, Sum: 554.0]
      [Termination (ms): Min: 0.0, Avg: 0.0, Max: 0.0, Diff: 0.0, Sum: 0.0]
      [GC Worker Other (ms): Min: 0.0, Avg: 0.0, Max: 0.0, Diff: 0.0, Sum: 0.1]
      [GC Worker Total (ms): Min: 156.3, Avg: 156.3, Max: 156.3, Diff: 0.0, Sum: 625.4]
      [GC Worker End (ms): Min: 430327.9, Avg: 430327.9, Max: 430327.9, Diff: 0.0]
   [Code Root Fixup: 0.0 ms]
   [Clear CT: 0.1 ms]
   [Other: 1.8 ms]
      [Choose CSet: 0.0 ms]
      [Ref Proc: 0.0 ms]
      [Ref Enq: 0.0 ms]
      [Free CSet: 0.2 ms]
   [Eden: 229.0M(229.0M)->0.0B(247.0M) Survivors: 32.0M->33.0M Heap: 1302.0M(2048.0M)->1223.5M(2048.0M)]
 [Times: user=0.62 sys=0.00, real=0.16 secs] 
430.330: [GC concurrent-root-region-scan-start]
430.363: [GC concurrent-root-region-scan-end, 0.0338048 secs]
430.363: [GC concurrent-mark-start]
430.612: [GC pause (young), 0.0933913 secs]
   [Parallel Time: 91.8 ms, GC Workers: 4]
      [GC Worker Start (ms): Min: 430612.9, Avg: 430612.9, Max: 430613.1, Diff: 0.2]
      [Ext Root Scanning (ms): Min: 0.2, Avg: 1.2, Max: 1.7, Diff: 1.4, Sum: 4.9]
      [SATB Filtering (ms): Min: 0.0, Avg: 0.7, Max: 3.0, Diff: 3.0, Sum: 3.0]
      [Update RS (ms): Min: 17.0, Avg: 18.6, Max: 19.8, Diff: 2.8, Sum: 74.3]
         [Processed Buffers: Min: 172, Avg: 203.0, Max: 236, Diff: 64, Sum: 812]
      [Scan RS (ms): Min: 0.1, Avg: 0.2, Max: 0.2, Diff: 0.1, Sum: 0.7]
      [Object Copy (ms): Min: 70.1, Avg: 71.0, Max: 73.7, Diff: 3.7, Sum: 284.0]
      [Termination (ms): Min: 0.0, Avg: 0.0, Max: 0.0, Diff: 0.0, Sum: 0.0]
      [GC Worker Other (ms): Min: 0.0, Avg: 0.0, Max: 0.0, Diff: 0.0, Sum: 0.1]
      [GC Worker Total (ms): Min: 91.6, Avg: 91.7, Max: 91.8, Diff: 0.2, Sum: 366.8]
      [GC Worker End (ms): Min: 430704.6, Avg: 430704.6, Max: 430704.6, Diff: 0.0]
   [Code Root Fixup: 0.0 ms]
   [Clear CT: 0.3 ms]
   [Other: 1.3 ms]
      [Choose CSet: 0.0 ms]
      [Ref Proc: 0.1 ms]
      [Ref Enq: 0.0 ms]
      [Free CSet: 0.2 ms]
   [Eden: 247.0M(247.0M)->0.0B(379.0M) Survivors: 33.0M->35.0M Heap: 1470.5M(2048.0M)->1283.0M(2048.0M)]
 [Times: user=0.38 sys=0.00, real=0.09 secs] 
430.950: [GC concurrent-mark-end, 0.5868198 secs]
430.950: [GC remark 430.952: [GC ref-proc, 0.0014429 secs], 0.0039019 secs]
 [Times: user=0.00 sys=0.00, real=0.00 secs] 
430.955: [GC cleanup 1573M->817M(2048M), 0.0012704 secs]
 [Times: user=0.00 sys=0.00, real=0.00 secs] 
430.956: [GC concurrent-cleanup-start]
430.957: [GC concurrent-cleanup-end, 0.0008801 secs]
431.041: [GC pause (young), 0.1948080 secs]
   [Parallel Time: 192.9 ms, GC Workers: 4]
      [GC Worker Start (ms): Min: 431041.1, Avg: 431048.7, Max: 431071.0, Diff: 29.8]
      [Ext Root Scanning (ms): Min: 0.1, Avg: 1.4, Max: 2.0, Diff: 1.9, Sum: 5.5]
      [Update RS (ms): Min: 0.0, Avg: 18.1, Max: 24.3, Diff: 24.3, Sum: 72.6]
         [Processed Buffers: Min: 0, Avg: 132.0, Max: 180, Diff: 180, Sum: 528]
      [Scan RS (ms): Min: 0.0, Avg: 0.6, Max: 0.8, Diff: 0.8, Sum: 2.5]
      [Object Copy (ms): Min: 162.9, Avg: 165.2, Max: 165.9, Diff: 3.0, Sum: 660.6]
      [Termination (ms): Min: 0.0, Avg: 0.0, Max: 0.0, Diff: 0.0, Sum: 0.0]
      [GC Worker Other (ms): Min: 0.0, Avg: 0.0, Max: 0.0, Diff: 0.0, Sum: 0.1]
      [GC Worker Total (ms): Min: 163.0, Avg: 185.3, Max: 192.9, Diff: 29.8, Sum: 741.3]
      [GC Worker End (ms): Min: 431234.0, Avg: 431234.0, Max: 431234.0, Diff: 0.0]
   [Code Root Fixup: 0.0 ms]
   [Clear CT: 0.2 ms]
   [Other: 1.7 ms]
      [Choose CSet: 0.0 ms]
      [Ref Proc: 0.0 ms]
      [Ref Enq: 0.0 ms]
      [Free CSet: 0.3 ms]
   [Eden: 379.0M(379.0M)->0.0B(50.0M) Survivors: 35.0M->52.0M Heap: 906.0M(2048.0M)->708.0M(2048.0M)]
 [Times: user=0.78 sys=0.00, real=0.19 secs] 
431.309: [GC pause (mixed), 0.0837704 secs]
   [Parallel Time: 82.7 ms, GC Workers: 4]
      [GC Worker Start (ms): Min: 431309.3, Avg: 431309.3, Max: 431309.4, Diff: 0.1]
      [Ext Root Scanning (ms): Min: 1.2, Avg: 1.2, Max: 1.3, Diff: 0.0, Sum: 4.9]
      [Update RS (ms): Min: 35.6, Avg: 35.6, Max: 35.6, Diff: 0.0, Sum: 142.4]
         [Processed Buffers: Min: 190, Avg: 194.5, Max: 199, Diff: 9, Sum: 778]
      [Scan RS (ms): Min: 3.4, Avg: 3.4, Max: 3.5, Diff: 0.1, Sum: 13.7]
      [Object Copy (ms): Min: 42.3, Avg: 42.4, Max: 42.4, Diff: 0.1, Sum: 169.5]
      [Termination (ms): Min: 0.0, Avg: 0.0, Max: 0.0, Diff: 0.0, Sum: 0.0]
      [GC Worker Other (ms): Min: 0.0, Avg: 0.0, Max: 0.0, Diff: 0.0, Sum: 0.1]
      [GC Worker Total (ms): Min: 82.6, Avg: 82.6, Max: 82.7, Diff: 0.1, Sum: 330.5]
      [GC Worker End (ms): Min: 431392.0, Avg: 431392.0, Max: 431392.0, Diff: 0.0]
   [Code Root Fixup: 0.0 ms]
   [Clear CT: 0.1 ms]
   [Other: 1.0 ms]
      [Choose CSet: 0.0 ms]
      [Ref Proc: 0.1 ms]
      [Ref Enq: 0.0 ms]
      [Free CSet: 0.1 ms]
   [Eden: 50.0M(50.0M)->0.0B(428.0M) Survivors: 52.0M->2048.0K Heap: 758.0M(2048.0M)->708.5M(2048.0M)]
 [Times: user=0.31 sys=0.02, real=0.08 secs] 
431.813: [GC pause (young), 0.2357703 secs]
   [Parallel Time: 233.4 ms, GC Workers: 4]
      [GC Worker Start (ms): Min: 431813.6, Avg: 431813.6, Max: 431813.6, Diff: 0.0]
      [Ext Root Scanning (ms): Min: 1.3, Avg: 1.3, Max: 1.3, Diff: 0.0, Sum: 5.1]
      [Update RS (ms): Min: 24.6, Avg: 24.7, Max: 24.8, Diff: 0.2, Sum: 98.6]
         [Processed Buffers: Min: 247, Avg: 289.8, Max: 331, Diff: 84, Sum: 1159]
      [Scan RS (ms): Min: 0.0, Avg: 0.1, Max: 0.1, Diff: 0.1, Sum: 0.4]
      [Object Copy (ms): Min: 207.2, Avg: 207.3, Max: 207.3, Diff: 0.1, Sum: 829.3]
      [Termination (ms): Min: 0.0, Avg: 0.0, Max: 0.0, Diff: 0.0, Sum: 0.0]
      [GC Worker Other (ms): Min: 0.0, Avg: 0.0, Max: 0.0, Diff: 0.0, Sum: 0.1]
      [GC Worker Total (ms): Min: 233.3, Avg: 233.3, Max: 233.4, Diff: 0.0, Sum: 933.4]
      [GC Worker End (ms): Min: 432047.0, Avg: 432047.0, Max: 432047.0, Diff: 0.0]
   [Code Root Fixup: 0.0 ms]
   [Clear CT: 0.1 ms]
   [Other: 2.3 ms]
      [Choose CSet: 0.0 ms]
      [Ref Proc: 0.3 ms]
      [Ref Enq: 0.0 ms]
      [Free CSet: 0.3 ms]
   [Eden: 428.0M(428.0M)->0.0B(198.0M) Survivors: 2048.0K->54.0M Heap: 1136.5M(2048.0M)->980.0M(2048.0M)]
 [Times: user=0.94 sys=0.00, real=0.23 secs] 
432.341: [GC pause (young) (initial-mark), 0.1874023 secs]
   [Parallel Time: 184.8 ms, GC Workers: 4]
      [GC Worker Start (ms): Min: 432341.8, Avg: 432341.8, Max: 432341.8, Diff: 0.0]
      [Ext Root Scanning (ms): Min: 1.2, Avg: 1.2, Max: 1.3, Diff: 0.1, Sum: 4.8]
      [Update RS (ms): Min: 24.1, Avg: 24.2, Max: 24.2, Diff: 0.0, Sum: 96.6]
         [Processed Buffers: Min: 214, Avg: 251.5, Max: 279, Diff: 65, Sum: 1006]
      [Scan RS (ms): Min: 15.1, Avg: 15.2, Max: 15.2, Diff: 0.1, Sum: 60.7]
      [Object Copy (ms): Min: 144.1, Avg: 144.2, Max: 144.2, Diff: 0.1, Sum: 576.8]
      [Termination (ms): Min: 0.0, Avg: 0.0, Max: 0.0, Diff: 0.0, Sum: 0.0]
      [GC Worker Other (ms): Min: 0.0, Avg: 0.0, Max: 0.0, Diff: 0.0, Sum: 0.1]
      [GC Worker Total (ms): Min: 184.7, Avg: 184.8, Max: 184.8, Diff: 0.0, Sum: 739.0]
      [GC Worker End (ms): Min: 432526.5, Avg: 432526.5, Max: 432526.5, Diff: 0.0]
   [Code Root Fixup: 0.0 ms]
   [Clear CT: 0.1 ms]
   [Other: 2.5 ms]
      [Choose CSet: 0.0 ms]
      [Ref Proc: 0.1 ms]
      [Ref Enq: 0.0 ms]
      [Free CSet: 0.2 ms]
   [Eden: 198.0M(198.0M)->0.0B(156.0M) Survivors: 54.0M->32.0M Heap: 1178.0M(2048.0M)->1110.5M(2048.0M)]
 [Times: user=0.75 sys=0.00, real=0.19 secs] 
432.529: [GC concurrent-root-region-scan-start]
432.561: [GC concurrent-root-region-scan-end, 0.0321117 secs]
432.561: [GC concurrent-mark-start]
432.803: [GC pause (young), 0.0516211 secs]
   [Parallel Time: 50.5 ms, GC Workers: 4]
      [GC Worker Start (ms): Min: 432803.7, Avg: 432803.7, Max: 432803.7, Diff: 0.0]
      [Ext Root Scanning (ms): Min: 1.2, Avg: 1.2, Max: 1.2, Diff: 0.0, Sum: 4.9]
      [SATB Filtering (ms): Min: 0.0, Avg: 0.1, Max: 0.2, Diff: 0.2, Sum: 0.2]
      [Update RS (ms): Min: 15.4, Avg: 15.5, Max: 15.5, Diff: 0.1, Sum: 61.9]
         [Processed Buffers: Min: 100, Avg: 108.8, Max: 115, Diff: 15, Sum: 435]
      [Scan RS (ms): Min: 0.0, Avg: 0.1, Max: 0.2, Diff: 0.2, Sum: 0.5]
      [Object Copy (ms): Min: 33.5, Avg: 33.5, Max: 33.6, Diff: 0.0, Sum: 134.2]
      [Termination (ms): Min: 0.0, Avg: 0.0, Max: 0.0, Diff: 0.0, Sum: 0.0]
      [GC Worker Other (ms): Min: 0.0, Avg: 0.0, Max: 0.0, Diff: 0.0, Sum: 0.1]
      [GC Worker Total (ms): Min: 50.4, Avg: 50.5, Max: 50.5, Diff: 0.0, Sum: 201.8]
      [GC Worker End (ms): Min: 432854.2, Avg: 432854.2, Max: 432854.2, Diff: 0.0]
   [Code Root Fixup: 0.0 ms]
   [Clear CT: 0.1 ms]
   [Other: 1.0 ms]
      [Choose CSet: 0.0 ms]
      [Ref Proc: 0.3 ms]
      [Ref Enq: 0.0 ms]
      [Free CSet: 0.2 ms]
   [Eden: 156.0M(156.0M)->0.0B(284.0M) Survivors: 32.0M->7168.0K Heap: 1266.5M(2048.0M)->1118.0M(2048.0M)]
 [Times: user=0.25 sys=0.00, real=0.05 secs] 
433.084: [GC concurrent-mark-end, 0.5232621 secs]
433.085: [GC remark 433.086: [GC ref-proc, 0.0017861 secs], 0.0041338 secs]
 [Times: user=0.02 sys=0.00, real=0.00 secs] 
433.089: [GC cleanup 1367M->566M(2048M), 0.0012514 secs]
 [Times: user=0.00 sys=0.00, real=0.00 secs] 
433.090: [GC concurrent-cleanup-start]
433.091: [GC concurrent-cleanup-end, 0.0008701 secs]
433.127: [GC pause (young), 0.1912509 secs]
   [Parallel Time: 189.4 ms, GC Workers: 4]
      [GC Worker Start (ms): Min: 433127.3, Avg: 433127.4, Max: 433127.4, Diff: 0.0]
      [Ext Root Scanning (ms): Min: 1.2, Avg: 1.2, Max: 1.3, Diff: 0.0, Sum: 4.9]
      [Update RS (ms): Min: 20.9, Avg: 20.9, Max: 20.9, Diff: 0.1, Sum: 83.6]
         [Processed Buffers: Min: 194, Avg: 220.8, Max: 242, Diff: 48, Sum: 883]
      [Scan RS (ms): Min: 0.0, Avg: 0.1, Max: 0.1, Diff: 0.0, Sum: 0.3]
      [Object Copy (ms): Min: 167.1, Avg: 167.1, Max: 167.1, Diff: 0.0, Sum: 668.5]
      [Termination (ms): Min: 0.0, Avg: 0.0, Max: 0.0, Diff: 0.0, Sum: 0.0]
      [GC Worker Other (ms): Min: 0.0, Avg: 0.0, Max: 0.0, Diff: 0.0, Sum: 0.1]
      [GC Worker Total (ms): Min: 189.3, Avg: 189.3, Max: 189.3, Diff: 0.0, Sum: 757.3]
      [GC Worker End (ms): Min: 433316.7, Avg: 433316.7, Max: 433316.7, Diff: 0.0]
   [Code Root Fixup: 0.0 ms]
   [Clear CT: 0.1 ms]
   [Other: 1.8 ms]
      [Choose CSet: 0.0 ms]
      [Ref Proc: 0.0 ms]
      [Ref Enq: 0.0 ms]
      [Free CSet: 0.2 ms]
   [Eden: 284.0M(284.0M)->0.0B(215.0M) Survivors: 7168.0K->37.0M Heap: 601.0M(2048.0M)->530.0M(2048.0M)]
 [Times: user=0.75 sys=0.00, real=0.19 secs] 
433.610: [GC pause (young), 0.2066156 secs]
   [Parallel Time: 204.3 ms, GC Workers: 4]
      [GC Worker Start (ms): Min: 433610.4, Avg: 433610.4, Max: 433610.4, Diff: 0.0]
      [Ext Root Scanning (ms): Min: 1.5, Avg: 3.5, Max: 9.4, Diff: 8.0, Sum: 14.1]
      [Update RS (ms): Min: 21.4, Avg: 27.2, Max: 29.4, Diff: 7.9, Sum: 108.9]
         [Processed Buffers: Min: 211, Avg: 233.0, Max: 255, Diff: 44, Sum: 932]
      [Scan RS (ms): Min: 7.7, Avg: 11.1, Max: 21.3, Diff: 13.6, Sum: 44.6]
      [Object Copy (ms): Min: 152.3, Avg: 162.4, Max: 165.8, Diff: 13.5, Sum: 649.4]
      [Termination (ms): Min: 0.0, Avg: 0.0, Max: 0.0, Diff: 0.0, Sum: 0.0]
      [GC Worker Other (ms): Min: 0.0, Avg: 0.0, Max: 0.0, Diff: 0.0, Sum: 0.1]
      [GC Worker Total (ms): Min: 204.3, Avg: 204.3, Max: 204.3, Diff: 0.0, Sum: 817.1]
      [GC Worker End (ms): Min: 433814.7, Avg: 433814.7, Max: 433814.7, Diff: 0.0]
   [Code Root Fixup: 0.0 ms]
   [Clear CT: 0.2 ms]
   [Other: 2.2 ms]
      [Choose CSet: 0.0 ms]
      [Ref Proc: 0.0 ms]
      [Ref Enq: 0.0 ms]
      [Free CSet: 0.2 ms]
   [Eden: 215.0M(215.0M)->0.0B(179.0M) Survivors: 37.0M->32.0M Heap: 745.0M(2048.0M)->684.5M(2048.0M)]
 [Times: user=0.72 sys=0.00, real=0.21 secs] 
434.095: [GC pause (young), 0.1137618 secs]
   [Parallel Time: 111.6 ms, GC Workers: 4]
      [GC Worker Start (ms): Min: 434095.5, Avg: 434095.5, Max: 434095.5, Diff: 0.0]
      [Ext Root Scanning (ms): Min: 1.2, Avg: 1.2, Max: 1.3, Diff: 0.0, Sum: 4.9]
      [Update RS (ms): Min: 14.3, Avg: 14.3, Max: 14.4, Diff: 0.0, Sum: 57.4]
         [Processed Buffers: Min: 165, Avg: 201.5, Max: 247, Diff: 82, Sum: 806]
      [Scan RS (ms): Min: 3.1, Avg: 3.1, Max: 3.1, Diff: 0.1, Sum: 12.3]
      [Object Copy (ms): Min: 92.8, Avg: 92.9, Max: 92.9, Diff: 0.1, Sum: 371.5]
      [Termination (ms): Min: 0.0, Avg: 0.0, Max: 0.0, Diff: 0.0, Sum: 0.0]
      [GC Worker Other (ms): Min: 0.0, Avg: 0.0, Max: 0.0, Diff: 0.0, Sum: 0.1]
      [GC Worker Total (ms): Min: 111.5, Avg: 111.5, Max: 111.5, Diff: 0.0, Sum: 446.1]
      [GC Worker End (ms): Min: 434207.0, Avg: 434207.0, Max: 434207.0, Diff: 0.0]
   [Code Root Fixup: 0.0 ms]
   [Clear CT: 0.1 ms]
   [Other: 2.1 ms]
      [Choose CSet: 0.0 ms]
      [Ref Proc: 0.4 ms]
      [Ref Enq: 0.0 ms]
      [Free CSet: 0.2 ms]
   [Eden: 179.0M(179.0M)->0.0B(238.0M) Survivors: 32.0M->27.0M Heap: 863.5M(2048.0M)->774.0M(2048.0M)]
 [Times: user=0.44 sys=0.00, real=0.11 secs] 
434.492: [GC pause (young), 0.1392135 secs]
   [Parallel Time: 137.5 ms, GC Workers: 4]
      [GC Worker Start (ms): Min: 434492.6, Avg: 434492.6, Max: 434492.6, Diff: 0.0]
      [Ext Root Scanning (ms): Min: 1.2, Avg: 1.2, Max: 1.2, Diff: 0.0, Sum: 4.9]
      [Update RS (ms): Min: 15.0, Avg: 15.0, Max: 15.0, Diff: 0.0, Sum: 60.0]
         [Processed Buffers: Min: 119, Avg: 174.0, Max: 200, Diff: 81, Sum: 696]
      [Scan RS (ms): Min: 0.2, Avg: 0.2, Max: 0.2, Diff: 0.0, Sum: 0.8]
      [Object Copy (ms): Min: 121.0, Avg: 121.1, Max: 121.1, Diff: 0.0, Sum: 484.2]
      [Termination (ms): Min: 0.0, Avg: 0.0, Max: 0.0, Diff: 0.0, Sum: 0.0]
      [GC Worker Other (ms): Min: 0.0, Avg: 0.0, Max: 0.0, Diff: 0.0, Sum: 0.1]
      [GC Worker Total (ms): Min: 137.5, Avg: 137.5, Max: 137.5, Diff: 0.0, Sum: 550.0]
      [GC Worker End (ms): Min: 434630.1, Avg: 434630.1, Max: 434630.1, Diff: 0.0]
   [Code Root Fixup: 0.0 ms]
   [Clear CT: 0.1 ms]
   [Other: 1.6 ms]
      [Choose CSet: 0.0 ms]
      [Ref Proc: 0.1 ms]
      [Ref Enq: 0.0 ms]
      [Free CSet: 0.2 ms]
   [Eden: 238.0M(238.0M)->0.0B(244.0M) Survivors: 27.0M->34.0M Heap: 1012.0M(2048.0M)->908.0M(2048.0M)]
 [Times: user=0.50 sys=0.00, real=0.14 secs] 
434.910: [GC pause (young), 0.1786543 secs]
   [Parallel Time: 176.7 ms, GC Workers: 4]
      [GC Worker Start (ms): Min: 434910.3, Avg: 434910.3, Max: 434910.3, Diff: 0.0]
      [Ext Root Scanning (ms): Min: 1.2, Avg: 1.2, Max: 1.2, Diff: 0.1, Sum: 4.9]
      [Update RS (ms): Min: 17.0, Avg: 17.0, Max: 17.0, Diff: 0.0, Sum: 68.1]
         [Processed Buffers: Min: 160, Avg: 172.5, Max: 193, Diff: 33, Sum: 690]
      [Scan RS (ms): Min: 0.2, Avg: 0.3, Max: 0.3, Diff: 0.0, Sum: 1.0]
      [Object Copy (ms): Min: 158.1, Avg: 158.1, Max: 158.1, Diff: 0.0, Sum: 632.5]
      [Termination (ms): Min: 0.0, Avg: 0.0, Max: 0.0, Diff: 0.0, Sum: 0.0]
      [GC Worker Other (ms): Min: 0.0, Avg: 0.0, Max: 0.0, Diff: 0.0, Sum: 0.1]
      [GC Worker Total (ms): Min: 176.6, Avg: 176.6, Max: 176.6, Diff: 0.0, Sum: 706.6]
      [GC Worker End (ms): Min: 435087.0, Avg: 435087.0, Max: 435087.0, Diff: 0.0]
   [Code Root Fixup: 0.0 ms]
   [Clear CT: 0.2 ms]
   [Other: 1.8 ms]
      [Choose CSet: 0.0 ms]
      [Ref Proc: 0.0 ms]
      [Ref Enq: 0.0 ms]
      [Free CSet: 0.2 ms]
   [Eden: 244.0M(244.0M)->0.0B(238.0M) Survivors: 34.0M->35.0M Heap: 1152.0M(2048.0M)->1082.5M(2048.0M)]
 [Times: user=0.75 sys=0.00, real=0.18 secs] 
435.387: [GC pause (young) (initial-mark), 0.1827319 secs]
   [Parallel Time: 180.4 ms, GC Workers: 4]
      [GC Worker Start (ms): Min: 435387.0, Avg: 435387.0, Max: 435387.0, Diff: 0.0]
      [Ext Root Scanning (ms): Min: 1.2, Avg: 1.2, Max: 1.3, Diff: 0.1, Sum: 4.8]
      [Update RS (ms): Min: 26.7, Avg: 26.7, Max: 26.7, Diff: 0.0, Sum: 106.7]
         [Processed Buffers: Min: 199, Avg: 228.3, Max: 240, Diff: 41, Sum: 913]
      [Scan RS (ms): Min: 0.2, Avg: 0.2, Max: 0.2, Diff: 0.0, Sum: 0.8]
      [Object Copy (ms): Min: 152.3, Avg: 152.3, Max: 152.3, Diff: 0.0, Sum: 609.2]
      [Termination (ms): Min: 0.0, Avg: 0.0, Max: 0.0, Diff: 0.0, Sum: 0.0]
      [GC Worker Other (ms): Min: 0.0, Avg: 0.0, Max: 0.0, Diff: 0.0, Sum: 0.1]
      [GC Worker Total (ms): Min: 180.4, Avg: 180.4, Max: 180.4, Diff: 0.0, Sum: 721.5]
      [GC Worker End (ms): Min: 435567.4, Avg: 435567.4, Max: 435567.4, Diff: 0.0]
   [Code Root Fixup: 0.0 ms]
   [Clear CT: 0.1 ms]
   [Other: 2.2 ms]
      [Choose CSet: 0.0 ms]
      [Ref Proc: 0.2 ms]
      [Ref Enq: 0.0 ms]
      [Free CSet: 0.2 ms]
   [Eden: 238.0M(238.0M)->0.0B(221.0M) Survivors: 35.0M->35.0M Heap: 1320.5M(2048.0M)->1240.5M(2048.0M)]
 [Times: user=0.69 sys=0.00, real=0.18 secs] 
435.570: [GC concurrent-root-region-scan-start]
435.638: [GC concurrent-root-region-scan-end, 0.0684730 secs]
435.638: [GC concurrent-mark-start]
435.821: [GC pause (young), 0.0729201 secs]
   [Parallel Time: 71.4 ms, GC Workers: 4]
      [GC Worker Start (ms): Min: 435821.0, Avg: 435821.0, Max: 435821.0, Diff: 0.0]
      [Ext Root Scanning (ms): Min: 1.2, Avg: 1.2, Max: 1.3, Diff: 0.0, Sum: 5.0]
      [SATB Filtering (ms): Min: 0.0, Avg: 0.5, Max: 2.1, Diff: 2.1, Sum: 2.1]
      [Update RS (ms): Min: 15.5, Avg: 17.0, Max: 17.5, Diff: 2.1, Sum: 68.0]
         [Processed Buffers: Min: 183, Avg: 203.8, Max: 229, Diff: 46, Sum: 815]
      [Scan RS (ms): Min: 0.6, Avg: 0.6, Max: 0.6, Diff: 0.1, Sum: 2.3]
      [Object Copy (ms): Min: 52.0, Avg: 52.0, Max: 52.0, Diff: 0.1, Sum: 208.1]
      [Termination (ms): Min: 0.0, Avg: 0.0, Max: 0.0, Diff: 0.0, Sum: 0.0]
      [GC Worker Other (ms): Min: 0.0, Avg: 0.0, Max: 0.0, Diff: 0.0, Sum: 0.1]
      [GC Worker Total (ms): Min: 71.4, Avg: 71.4, Max: 71.4, Diff: 0.0, Sum: 285.5]
      [GC Worker End (ms): Min: 435892.3, Avg: 435892.3, Max: 435892.4, Diff: 0.0]
   [Code Root Fixup: 0.0 ms]
   [Clear CT: 0.1 ms]
   [Other: 1.4 ms]
      [Choose CSet: 0.0 ms]
      [Ref Proc: 0.0 ms]
      [Ref Enq: 0.0 ms]
      [Free CSet: 0.2 ms]
   [Eden: 221.0M(221.0M)->0.0B(358.0M) Survivors: 35.0M->32.0M Heap: 1461.5M(2048.0M)->1274.5M(2048.0M)]
 [Times: user=0.25 sys=0.00, real=0.07 secs] 
436.228: [GC pause (young), 0.1728830 secs]
   [Parallel Time: 170.9 ms, GC Workers: 4]
      [GC Worker Start (ms): Min: 436228.2, Avg: 436228.2, Max: 436228.2, Diff: 0.0]
      [Ext Root Scanning (ms): Min: 1.2, Avg: 1.2, Max: 1.3, Diff: 0.0, Sum: 5.0]
      [SATB Filtering (ms): Min: 0.0, Avg: 0.7, Max: 2.6, Diff: 2.6, Sum: 2.6]
      [Update RS (ms): Min: 13.6, Avg: 15.6, Max: 16.3, Diff: 2.7, Sum: 62.3]
         [Processed Buffers: Min: 102, Avg: 113.3, Max: 117, Diff: 15, Sum: 453]
      [Scan RS (ms): Min: 0.1, Avg: 0.1, Max: 0.1, Diff: 0.1, Sum: 0.5]
      [Object Copy (ms): Min: 153.2, Avg: 153.3, Max: 153.3, Diff: 0.0, Sum: 613.0]
      [Termination (ms): Min: 0.0, Avg: 0.0, Max: 0.0, Diff: 0.0, Sum: 0.0]
      [GC Worker Other (ms): Min: 0.0, Avg: 0.0, Max: 0.0, Diff: 0.0, Sum: 0.1]
      [GC Worker Total (ms): Min: 170.9, Avg: 170.9, Max: 170.9, Diff: 0.0, Sum: 683.5]
      [GC Worker End (ms): Min: 436399.1, Avg: 436399.1, Max: 436399.1, Diff: 0.0]
   [Code Root Fixup: 0.0 ms]
   [Clear CT: 0.1 ms]
   [Other: 1.9 ms]
      [Choose CSet: 0.0 ms]
      [Ref Proc: 0.4 ms]
      [Ref Enq: 0.0 ms]
      [Free CSet: 0.2 ms]
   [Eden: 358.0M(358.0M)->0.0B(236.0M) Survivors: 32.0M->49.0M Heap: 1632.5M(2048.0M)->1445.5M(2048.0M)]
 [Times: user=0.69 sys=0.00, real=0.17 secs] 
436.546: [GC concurrent-mark-end, 0.9075769 secs]
436.550: [GC remark 436.550: [GC ref-proc, 0.0017438 secs], 0.0035638 secs]
 [Times: user=0.02 sys=0.00, real=0.00 secs] 
436.555: [GC cleanup 1575M->825M(2048M), 0.0016847 secs]
 [Times: user=0.00 sys=0.00, real=0.00 secs] 
436.557: [GC concurrent-cleanup-start]
436.558: [GC concurrent-cleanup-end, 0.0008688 secs]
436.665: [GC pause (young), 0.1459512 secs]
   [Parallel Time: 144.2 ms, GC Workers: 4]
      [GC Worker Start (ms): Min: 436665.6, Avg: 436665.6, Max: 436665.6, Diff: 0.0]
      [Ext Root Scanning (ms): Min: 1.5, Avg: 5.2, Max: 15.9, Diff: 14.4, Sum: 20.6]
      [Update RS (ms): Min: 10.2, Avg: 20.8, Max: 24.5, Diff: 14.3, Sum: 83.3]
         [Processed Buffers: Min: 145, Avg: 197.5, Max: 224, Diff: 79, Sum: 790]
      [Scan RS (ms): Min: 4.4, Avg: 4.4, Max: 4.5, Diff: 0.1, Sum: 17.7]
      [Object Copy (ms): Min: 113.7, Avg: 113.7, Max: 113.8, Diff: 0.1, Sum: 455.0]
      [Termination (ms): Min: 0.0, Avg: 0.0, Max: 0.0, Diff: 0.0, Sum: 0.0]
      [GC Worker Other (ms): Min: 0.0, Avg: 0.0, Max: 0.0, Diff: 0.0, Sum: 0.1]
      [GC Worker Total (ms): Min: 144.1, Avg: 144.1, Max: 144.2, Diff: 0.0, Sum: 576.5]
      [GC Worker End (ms): Min: 436809.7, Avg: 436809.7, Max: 436809.7, Diff: 0.0]
   [Code Root Fixup: 0.0 ms]
   [Clear CT: 0.1 ms]
   [Other: 1.7 ms]
      [Choose CSet: 0.0 ms]
      [Ref Proc: 0.0 ms]
      [Ref Enq: 0.0 ms]
      [Free CSet: 0.2 ms]
   [Eden: 236.0M(236.0M)->0.0B(266.0M) Survivors: 49.0M->36.0M Heap: 931.5M(2048.0M)->784.5M(2048.0M)]
 [Times: user=0.51 sys=0.00, real=0.15 secs] 
437.141: [GC pause (young), 0.1792197 secs]
   [Parallel Time: 177.1 ms, GC Workers: 4]
      [GC Worker Start (ms): Min: 437141.0, Avg: 437141.0, Max: 437141.0, Diff: 0.0]
      [Ext Root Scanning (ms): Min: 1.2, Avg: 1.2, Max: 1.2, Diff: 0.0, Sum: 4.8]
      [Update RS (ms): Min: 17.7, Avg: 17.7, Max: 17.7, Diff: 0.0, Sum: 70.7]
         [Processed Buffers: Min: 152, Avg: 171.8, Max: 184, Diff: 32, Sum: 687]
      [Scan RS (ms): Min: 0.8, Avg: 0.9, Max: 0.9, Diff: 0.1, Sum: 3.5]
      [Object Copy (ms): Min: 157.2, Avg: 157.3, Max: 157.3, Diff: 0.1, Sum: 629.1]
      [Termination (ms): Min: 0.0, Avg: 0.0, Max: 0.0, Diff: 0.0, Sum: 0.0]
      [GC Worker Other (ms): Min: 0.0, Avg: 0.0, Max: 0.0, Diff: 0.0, Sum: 0.1]
      [GC Worker Total (ms): Min: 177.0, Avg: 177.0, Max: 177.0, Diff: 0.0, Sum: 708.2]
      [GC Worker End (ms): Min: 437318.1, Avg: 437318.1, Max: 437318.1, Diff: 0.0]
   [Code Root Fixup: 0.0 ms]
   [Clear CT: 0.1 ms]
   [Other: 2.0 ms]
      [Choose CSet: 0.0 ms]
      [Ref Proc: 0.2 ms]
      [Ref Enq: 0.0 ms]
      [Free CSet: 0.2 ms]
   [Eden: 266.0M(266.0M)->0.0B(247.0M) Survivors: 36.0M->38.0M Heap: 1050.5M(2048.0M)->956.5M(2048.0M)]
 [Times: user=0.73 sys=0.00, real=0.18 secs] 
437.629: [GC pause (young), 0.1788038 secs]
   [Parallel Time: 176.0 ms, GC Workers: 4]
      [GC Worker Start (ms): Min: 437629.5, Avg: 437629.5, Max: 437629.5, Diff: 0.0]
      [Ext Root Scanning (ms): Min: 1.2, Avg: 1.2, Max: 1.3, Diff: 0.1, Sum: 4.9]
      [Update RS (ms): Min: 20.2, Avg: 20.2, Max: 20.2, Diff: 0.1, Sum: 80.8]
         [Processed Buffers: Min: 186, Avg: 190.5, Max: 204, Diff: 18, Sum: 762]
      [Scan RS (ms): Min: 0.2, Avg: 0.2, Max: 0.2, Diff: 0.0, Sum: 0.7]
      [Object Copy (ms): Min: 141.5, Avg: 144.5, Max: 153.4, Diff: 11.8, Sum: 578.0]
      [Termination (ms): Min: 0.0, Avg: 9.3, Max: 12.9, Diff: 12.9, Sum: 37.2]
      [GC Worker Other (ms): Min: 0.0, Avg: 0.0, Max: 0.0, Diff: 0.0, Sum: 0.1]
      [GC Worker Total (ms): Min: 175.0, Avg: 175.4, Max: 176.0, Diff: 1.0, Sum: 701.7]
      [GC Worker End (ms): Min: 437804.5, Avg: 437804.9, Max: 437805.5, Diff: 1.0]
   [Code Root Fixup: 0.0 ms]
   [Clear CT: 0.2 ms]
   [Other: 2.6 ms]
      [Choose CSet: 0.0 ms]
      [Ref Proc: 0.8 ms]
      [Ref Enq: 0.0 ms]
      [Free CSet: 0.2 ms]
   [Eden: 247.0M(247.0M)->0.0B(256.0M) Survivors: 38.0M->36.0M Heap: 1203.5M(2048.0M)->1101.0M(2048.0M)]
 [Times: user=0.65 sys=0.00, real=0.18 secs] 
438.117: [GC pause (young) (initial-mark), 0.1697200 secs]
   [Parallel Time: 167.4 ms, GC Workers: 4]
      [GC Worker Start (ms): Min: 438117.3, Avg: 438117.4, Max: 438117.4, Diff: 0.0]
      [Ext Root Scanning (ms): Min: 1.2, Avg: 1.2, Max: 1.2, Diff: 0.0, Sum: 4.9]
      [Update RS (ms): Min: 18.0, Avg: 18.0, Max: 18.0, Diff: 0.0, Sum: 72.0]
         [Processed Buffers: Min: 171, Avg: 202.8, Max: 228, Diff: 57, Sum: 811]
      [Scan RS (ms): Min: 0.2, Avg: 0.2, Max: 0.2, Diff: 0.0, Sum: 0.9]
      [Object Copy (ms): Min: 147.9, Avg: 147.9, Max: 147.9, Diff: 0.0, Sum: 591.7]
      [Termination (ms): Min: 0.0, Avg: 0.0, Max: 0.0, Diff: 0.0, Sum: 0.0]
      [GC Worker Other (ms): Min: 0.0, Avg: 0.0, Max: 0.0, Diff: 0.0, Sum: 0.1]
      [GC Worker Total (ms): Min: 167.4, Avg: 167.4, Max: 167.4, Diff: 0.0, Sum: 669.5]
      [GC Worker End (ms): Min: 438284.7, Avg: 438284.7, Max: 438284.7, Diff: 0.0]
   [Code Root Fixup: 0.0 ms]
   [Clear CT: 0.1 ms]
   [Other: 2.2 ms]
      [Choose CSet: 0.0 ms]
      [Ref Proc: 0.1 ms]
      [Ref Enq: 0.0 ms]
      [Free CSet: 0.3 ms]
   [Eden: 256.0M(256.0M)->0.0B(267.0M) Survivors: 36.0M->37.0M Heap: 1357.0M(2048.0M)->1259.5M(2048.0M)]
 [Times: user=0.69 sys=0.00, real=0.17 secs] 
438.287: [GC concurrent-root-region-scan-start]
438.350: [GC concurrent-root-region-scan-end, 0.0635525 secs]
438.350: [GC concurrent-mark-start]
438.555: [GC pause (young), 0.1091245 secs]
   [Parallel Time: 107.7 ms, GC Workers: 4]
      [GC Worker Start (ms): Min: 438555.8, Avg: 438555.8, Max: 438555.9, Diff: 0.0]
      [Ext Root Scanning (ms): Min: 1.2, Avg: 1.2, Max: 1.2, Diff: 0.0, Sum: 4.9]
      [SATB Filtering (ms): Min: 0.0, Avg: 0.8, Max: 3.1, Diff: 3.1, Sum: 3.1]
      [Update RS (ms): Min: 27.7, Avg: 30.0, Max: 30.8, Diff: 3.1, Sum: 119.9]
         [Processed Buffers: Min: 218, Avg: 237.3, Max: 267, Diff: 49, Sum: 949]
      [Scan RS (ms): Min: 0.2, Avg: 0.2, Max: 0.2, Diff: 0.0, Sum: 0.8]
      [Object Copy (ms): Min: 75.5, Avg: 75.5, Max: 75.5, Diff: 0.0, Sum: 301.9]
      [Termination (ms): Min: 0.0, Avg: 0.0, Max: 0.0, Diff: 0.0, Sum: 0.0]
      [GC Worker Other (ms): Min: 0.0, Avg: 0.0, Max: 0.0, Diff: 0.0, Sum: 0.1]
      [GC Worker Total (ms): Min: 107.7, Avg: 107.7, Max: 107.7, Diff: 0.0, Sum: 430.6]
      [GC Worker End (ms): Min: 438663.5, Avg: 438663.5, Max: 438663.5, Diff: 0.0]
   [Code Root Fixup: 0.0 ms]
   [Clear CT: 0.1 ms]
   [Other: 1.3 ms]
      [Choose CSet: 0.0 ms]
      [Ref Proc: 0.0 ms]
      [Ref Enq: 0.0 ms]
      [Free CSet: 0.2 ms]
   [Eden: 267.0M(267.0M)->0.0B(335.0M) Survivors: 37.0M->38.0M Heap: 1526.5M(2048.0M)->1321.5M(2048.0M)]
 [Times: user=0.44 sys=0.00, real=0.11 secs] 
438.953: [GC pause (young), 0.1440304 secs]
   [Parallel Time: 142.5 ms, GC Workers: 4]
      [GC Worker Start (ms): Min: 438953.0, Avg: 438953.0, Max: 438953.0, Diff: 0.0]
      [Ext Root Scanning (ms): Min: 1.2, Avg: 1.2, Max: 1.2, Diff: 0.0, Sum: 4.9]
      [SATB Filtering (ms): Min: 0.0, Avg: 0.7, Max: 2.7, Diff: 2.7, Sum: 2.7]
      [Update RS (ms): Min: 14.4, Avg: 16.4, Max: 17.0, Diff: 2.7, Sum: 65.5]
         [Processed Buffers: Min: 104, Avg: 117.3, Max: 123, Diff: 19, Sum: 469]
      [Scan RS (ms): Min: 0.2, Avg: 0.3, Max: 0.3, Diff: 0.1, Sum: 1.1]
      [Object Copy (ms): Min: 123.9, Avg: 123.9, Max: 123.9, Diff: 0.0, Sum: 495.6]
      [Termination (ms): Min: 0.0, Avg: 0.0, Max: 0.0, Diff: 0.0, Sum: 0.0]
      [GC Worker Other (ms): Min: 0.0, Avg: 0.0, Max: 0.0, Diff: 0.0, Sum: 0.1]
      [GC Worker Total (ms): Min: 142.4, Avg: 142.5, Max: 142.5, Diff: 0.0, Sum: 569.8]
      [GC Worker End (ms): Min: 439095.5, Avg: 439095.5, Max: 439095.5, Diff: 0.0]
   [Code Root Fixup: 0.0 ms]
   [Clear CT: 0.1 ms]
   [Other: 1.4 ms]
      [Choose CSet: 0.0 ms]
      [Ref Proc: 0.0 ms]
      [Ref Enq: 0.0 ms]
      [Free CSet: 0.3 ms]
   [Eden: 335.0M(335.0M)->0.0B(242.0M) Survivors: 38.0M->47.0M Heap: 1656.5M(2048.0M)->1449.5M(2048.0M)]
 [Times: user=0.62 sys=0.00, real=0.14 secs] 
439.188: [GC concurrent-mark-end, 0.8374769 secs]
439.189: [GC remark 439.189: [GC ref-proc, 0.0017284 secs], 0.0032380 secs]
 [Times: user=0.00 sys=0.00, real=0.00 secs] 
439.192: [GC cleanup 1522M->754M(2048M), 0.0013313 secs]
 [Times: user=0.00 sys=0.00, real=0.00 secs] 
439.194: [GC concurrent-cleanup-start]
439.195: [GC concurrent-cleanup-end, 0.0008704 secs]
439.369: [GC pause (young), 0.1779003 secs]
   [Parallel Time: 176.0 ms, GC Workers: 4]
      [GC Worker Start (ms): Min: 439369.0, Avg: 439369.0, Max: 439369.0, Diff: 0.0]
      [Ext Root Scanning (ms): Min: 1.2, Avg: 1.2, Max: 1.2, Diff: 0.0, Sum: 4.9]
      [Update RS (ms): Min: 23.9, Avg: 24.0, Max: 24.0, Diff: 0.0, Sum: 95.8]
         [Processed Buffers: Min: 165, Avg: 187.0, Max: 199, Diff: 34, Sum: 748]
      [Scan RS (ms): Min: 0.3, Avg: 0.3, Max: 0.4, Diff: 0.1, Sum: 1.3]
      [Object Copy (ms): Min: 150.5, Avg: 150.5, Max: 150.5, Diff: 0.1, Sum: 602.0]
      [Termination (ms): Min: 0.0, Avg: 0.0, Max: 0.0, Diff: 0.0, Sum: 0.0]
      [GC Worker Other (ms): Min: 0.0, Avg: 0.0, Max: 0.0, Diff: 0.0, Sum: 0.1]
      [GC Worker Total (ms): Min: 176.0, Avg: 176.0, Max: 176.0, Diff: 0.0, Sum: 704.0]
      [GC Worker End (ms): Min: 439545.0, Avg: 439545.0, Max: 439545.0, Diff: 0.0]
   [Code Root Fixup: 0.0 ms]
   [Clear CT: 0.1 ms]
   [Other: 1.7 ms]
      [Choose CSet: 0.0 ms]
      [Ref Proc: 0.0 ms]
      [Ref Enq: 0.0 ms]
      [Free CSet: 0.2 ms]
   [Eden: 242.0M(242.0M)->0.0B(327.0M) Survivors: 47.0M->37.0M Heap: 923.5M(2048.0M)->827.5M(2048.0M)]
 [Times: user=0.69 sys=0.00, real=0.18 secs] 
439.929: [GC pause (young), 0.2341593 secs]
   [Parallel Time: 231.7 ms, GC Workers: 4]
      [GC Worker Start (ms): Min: 439929.8, Avg: 439929.8, Max: 439929.8, Diff: 0.0]
      [Ext Root Scanning (ms): Min: 1.1, Avg: 1.2, Max: 1.3, Diff: 0.1, Sum: 4.9]
      [Update RS (ms): Min: 17.6, Avg: 17.6, Max: 17.6, Diff: 0.0, Sum: 70.3]
         [Processed Buffers: Min: 156, Avg: 185.8, Max: 222, Diff: 66, Sum: 743]
      [Scan RS (ms): Min: 0.2, Avg: 0.2, Max: 0.3, Diff: 0.1, Sum: 1.0]
      [Object Copy (ms): Min: 212.5, Avg: 212.6, Max: 212.7, Diff: 0.2, Sum: 850.4]
      [Termination (ms): Min: 0.0, Avg: 0.0, Max: 0.0, Diff: 0.0, Sum: 0.0]
      [GC Worker Other (ms): Min: 0.0, Avg: 0.0, Max: 0.0, Diff: 0.0, Sum: 0.1]
      [GC Worker Total (ms): Min: 231.6, Avg: 231.6, Max: 231.7, Diff: 0.0, Sum: 926.6]
      [GC Worker End (ms): Min: 440161.4, Avg: 440161.4, Max: 440161.4, Diff: 0.0]
   [Code Root Fixup: 0.0 ms]
   [Clear CT: 0.3 ms]
   [Other: 2.2 ms]
      [Choose CSet: 0.0 ms]
      [Ref Proc: 0.0 ms]
      [Ref Enq: 0.0 ms]
      [Free CSet: 0.3 ms]
   [Eden: 327.0M(327.0M)->0.0B(219.0M) Survivors: 37.0M->46.0M Heap: 1154.5M(2048.0M)->1062.0M(2048.0M)]
 [Times: user=0.92 sys=0.00, real=0.23 secs] 
440.483: [GC pause (young) (initial-mark), 0.1849199 secs]
   [Parallel Time: 182.6 ms, GC Workers: 4]
      [GC Worker Start (ms): Min: 440483.8, Avg: 440483.8, Max: 440483.8, Diff: 0.0]
      [Ext Root Scanning (ms): Min: 1.2, Avg: 1.2, Max: 1.2, Diff: 0.0, Sum: 4.8]
      [Update RS (ms): Min: 27.6, Avg: 27.7, Max: 27.7, Diff: 0.0, Sum: 110.6]
         [Processed Buffers: Min: 243, Avg: 246.8, Max: 250, Diff: 7, Sum: 987]
      [Scan RS (ms): Min: 4.6, Avg: 4.6, Max: 4.7, Diff: 0.1, Sum: 18.5]
      [Object Copy (ms): Min: 149.0, Avg: 149.0, Max: 149.1, Diff: 0.1, Sum: 596.1]
      [Termination (ms): Min: 0.0, Avg: 0.0, Max: 0.0, Diff: 0.0, Sum: 0.0]
      [GC Worker Other (ms): Min: 0.0, Avg: 0.0, Max: 0.0, Diff: 0.0, Sum: 0.1]
      [GC Worker Total (ms): Min: 182.5, Avg: 182.5, Max: 182.5, Diff: 0.0, Sum: 730.2]
      [GC Worker End (ms): Min: 440666.4, Avg: 440666.4, Max: 440666.4, Diff: 0.0]
   [Code Root Fixup: 0.0 ms]
   [Clear CT: 0.1 ms]
   [Other: 2.2 ms]
      [Choose CSet: 0.0 ms]
      [Ref Proc: 0.0 ms]
      [Ref Enq: 0.0 ms]
      [Free CSet: 0.2 ms]
   [Eden: 219.0M(219.0M)->0.0B(221.0M) Survivors: 46.0M->34.0M Heap: 1281.0M(2048.0M)->1204.5M(2048.0M)]
 [Times: user=0.69 sys=0.00, real=0.19 secs] 
440.669: [GC concurrent-root-region-scan-start]
440.748: [GC concurrent-root-region-scan-end, 0.0794044 secs]
440.748: [GC concurrent-mark-start]
440.935: [GC pause (young), 0.0675590 secs]
   [Parallel Time: 65.9 ms, GC Workers: 4]
      [GC Worker Start (ms): Min: 440935.8, Avg: 440935.8, Max: 440935.8, Diff: 0.0]
      [Ext Root Scanning (ms): Min: 1.2, Avg: 1.2, Max: 1.2, Diff: 0.0, Sum: 4.9]
      [SATB Filtering (ms): Min: 0.0, Avg: 0.4, Max: 1.7, Diff: 1.7, Sum: 1.7]
      [Update RS (ms): Min: 16.2, Avg: 17.4, Max: 17.9, Diff: 1.7, Sum: 69.8]
         [Processed Buffers: Min: 135, Avg: 198.5, Max: 233, Diff: 98, Sum: 794]
      [Scan RS (ms): Min: 0.2, Avg: 0.2, Max: 0.2, Diff: 0.0, Sum: 0.8]
      [Object Copy (ms): Min: 46.6, Avg: 46.6, Max: 46.6, Diff: 0.0, Sum: 186.4]
      [Termination (ms): Min: 0.0, Avg: 0.0, Max: 0.0, Diff: 0.0, Sum: 0.0]
      [GC Worker Other (ms): Min: 0.0, Avg: 0.0, Max: 0.0, Diff: 0.0, Sum: 0.1]
      [GC Worker Total (ms): Min: 65.9, Avg: 65.9, Max: 65.9, Diff: 0.0, Sum: 263.6]
      [GC Worker End (ms): Min: 441001.7, Avg: 441001.7, Max: 441001.7, Diff: 0.0]
   [Code Root Fixup: 0.0 ms]
   [Clear CT: 0.1 ms]
   [Other: 1.5 ms]
      [Choose CSet: 0.0 ms]
      [Ref Proc: 0.1 ms]
      [Ref Enq: 0.0 ms]
      [Free CSet: 0.2 ms]
   [Eden: 221.0M(221.0M)->0.0B(384.0M) Survivors: 34.0M->27.0M Heap: 1425.5M(2048.0M)->1232.5M(2048.0M)]
 [Times: user=0.25 sys=0.00, real=0.07 secs] 
441.362: [GC pause (young), 0.1800039 secs]
   [Parallel Time: 178.3 ms, GC Workers: 4]
      [GC Worker Start (ms): Min: 441361.8, Avg: 441361.8, Max: 441361.8, Diff: 0.0]
      [Ext Root Scanning (ms): Min: 1.2, Avg: 1.2, Max: 1.2, Diff: 0.0, Sum: 4.9]
      [SATB Filtering (ms): Min: 0.0, Avg: 0.7, Max: 2.7, Diff: 2.7, Sum: 2.7]
      [Update RS (ms): Min: 14.6, Avg: 16.7, Max: 17.4, Diff: 2.7, Sum: 66.7]
         [Processed Buffers: Min: 105, Avg: 112.8, Max: 119, Diff: 14, Sum: 451]
      [Scan RS (ms): Min: 0.1, Avg: 0.1, Max: 0.2, Diff: 0.1, Sum: 0.5]
      [Object Copy (ms): Min: 159.5, Avg: 159.5, Max: 159.5, Diff: 0.1, Sum: 638.1]
      [Termination (ms): Min: 0.0, Avg: 0.0, Max: 0.0, Diff: 0.0, Sum: 0.0]
      [GC Worker Other (ms): Min: 0.0, Avg: 0.0, Max: 0.0, Diff: 0.0, Sum: 0.2]
      [GC Worker Total (ms): Min: 178.3, Avg: 178.3, Max: 178.3, Diff: 0.0, Sum: 713.2]
      [GC Worker End (ms): Min: 441540.1, Avg: 441540.1, Max: 441540.1, Diff: 0.0]
   [Code Root Fixup: 0.0 ms]
   [Clear CT: 0.1 ms]
   [Other: 1.6 ms]
      [Choose CSet: 0.0 ms]
      [Ref Proc: 0.0 ms]
      [Ref Enq: 0.0 ms]
      [Free CSet: 0.3 ms]
   [Eden: 384.0M(384.0M)->0.0B(259.0M) Survivors: 27.0M->52.0M Heap: 1616.5M(2048.0M)->1418.5M(2048.0M)]
 [Times: user=0.67 sys=0.00, real=0.18 secs] 
441.611: [GC concurrent-mark-end, 0.8273249 secs]
441.611: [GC remark 441.611: [GC ref-proc, 0.0017970 secs], 0.0033124 secs]
 [Times: user=0.00 sys=0.00, real=0.00 secs] 
441.615: [GC cleanup 1467M->734M(2048M), 0.0012755 secs]
 [Times: user=0.00 sys=0.00, real=0.00 secs] 
441.616: [GC concurrent-cleanup-start]
441.617: [GC concurrent-cleanup-end, 0.0008207 secs]
441.780: [GC pause (young), 0.2033837 secs]
   [Parallel Time: 200.6 ms, GC Workers: 4]
      [GC Worker Start (ms): Min: 441780.5, Avg: 441780.5, Max: 441780.6, Diff: 0.0]
      [Ext Root Scanning (ms): Min: 1.2, Avg: 1.2, Max: 1.2, Diff: 0.0, Sum: 4.9]
      [Update RS (ms): Min: 36.3, Avg: 36.3, Max: 36.3, Diff: 0.1, Sum: 145.1]
         [Processed Buffers: Min: 245, Avg: 249.8, Max: 256, Diff: 11, Sum: 999]
      [Scan RS (ms): Min: 3.4, Avg: 3.5, Max: 3.5, Diff: 0.2, Sum: 13.8]
      [Object Copy (ms): Min: 159.5, Avg: 159.6, Max: 159.6, Diff: 0.1, Sum: 638.4]
      [Termination (ms): Min: 0.0, Avg: 0.0, Max: 0.0, Diff: 0.0, Sum: 0.0]
      [GC Worker Other (ms): Min: 0.0, Avg: 0.0, Max: 0.0, Diff: 0.0, Sum: 0.1]
      [GC Worker Total (ms): Min: 200.5, Avg: 200.6, Max: 200.6, Diff: 0.0, Sum: 802.2]
      [GC Worker End (ms): Min: 441981.1, Avg: 441981.1, Max: 441981.1, Diff: 0.0]
   [Code Root Fixup: 0.0 ms]
   [Clear CT: 0.1 ms]
   [Other: 2.7 ms]
      [Choose CSet: 0.0 ms]
      [Ref Proc: 0.2 ms]
      [Ref Enq: 0.6 ms]
      [Free CSet: 0.2 ms]
   [Eden: 212.0M(212.0M)->0.0B(253.0M) Survivors: 52.0M->33.0M Heap: 897.5M(2048.0M)->841.5M(2048.0M)]
 [Times: user=0.81 sys=0.00, real=0.20 secs] 
442.311: [GC pause (young), 0.1351904 secs]
   [Parallel Time: 133.2 ms, GC Workers: 4]
      [GC Worker Start (ms): Min: 442311.5, Avg: 442311.5, Max: 442311.5, Diff: 0.0]
      [Ext Root Scanning (ms): Min: 0.7, Avg: 1.3, Max: 1.5, Diff: 0.7, Sum: 5.0]
      [Update RS (ms): Min: 18.9, Avg: 18.9, Max: 18.9, Diff: 0.0, Sum: 75.7]
         [Processed Buffers: Min: 192, Avg: 205.0, Max: 219, Diff: 27, Sum: 820]
      [Scan RS (ms): Min: 0.2, Avg: 0.2, Max: 0.2, Diff: 0.1, Sum: 0.8]
      [Object Copy (ms): Min: 112.6, Avg: 112.8, Max: 113.3, Diff: 0.7, Sum: 451.1]
      [Termination (ms): Min: 0.0, Avg: 0.0, Max: 0.0, Diff: 0.0, Sum: 0.0]
      [GC Worker Other (ms): Min: 0.0, Avg: 0.0, Max: 0.0, Diff: 0.0, Sum: 0.1]
      [GC Worker Total (ms): Min: 133.2, Avg: 133.2, Max: 133.2, Diff: 0.0, Sum: 532.7]
      [GC Worker End (ms): Min: 442444.7, Avg: 442444.7, Max: 442444.7, Diff: 0.0]
   [Code Root Fixup: 0.0 ms]
   [Clear CT: 0.2 ms]
   [Other: 1.8 ms]
      [Choose CSet: 0.0 ms]
      [Ref Proc: 0.2 ms]
      [Ref Enq: 0.0 ms]
      [Free CSet: 0.2 ms]
   [Eden: 253.0M(253.0M)->0.0B(280.0M) Survivors: 33.0M->36.0M Heap: 1094.5M(2048.0M)->956.5M(2048.0M)]
 [Times: user=0.50 sys=0.00, real=0.14 secs] 
442.723: [GC pause (young), 0.1967708 secs]
   [Parallel Time: 194.4 ms, GC Workers: 4]
      [GC Worker Start (ms): Min: 442723.1, Avg: 442723.1, Max: 442723.1, Diff: 0.0]
      [Ext Root Scanning (ms): Min: 1.2, Avg: 1.2, Max: 1.2, Diff: 0.0, Sum: 4.8]
      [Update RS (ms): Min: 20.3, Avg: 20.3, Max: 20.3, Diff: 0.0, Sum: 81.3]
         [Processed Buffers: Min: 159, Avg: 169.5, Max: 179, Diff: 20, Sum: 678]
      [Scan RS (ms): Min: 0.3, Avg: 0.3, Max: 0.3, Diff: 0.0, Sum: 1.1]
      [Object Copy (ms): Min: 172.5, Avg: 172.5, Max: 172.5, Diff: 0.0, Sum: 690.1]
      [Termination (ms): Min: 0.0, Avg: 0.0, Max: 0.0, Diff: 0.0, Sum: 0.0]
      [GC Worker Other (ms): Min: 0.0, Avg: 0.0, Max: 0.0, Diff: 0.0, Sum: 0.1]
      [GC Worker Total (ms): Min: 194.3, Avg: 194.3, Max: 194.4, Diff: 0.0, Sum: 777.4]
      [GC Worker End (ms): Min: 442917.4, Avg: 442917.4, Max: 442917.4, Diff: 0.0]
   [Code Root Fixup: 0.0 ms]
   [Clear CT: 0.2 ms]
   [Other: 2.2 ms]
      [Choose CSet: 0.0 ms]
      [Ref Proc: 0.0 ms]
      [Ref Enq: 0.0 ms]
      [Free CSet: 0.3 ms]
   [Eden: 280.0M(280.0M)->0.0B(235.0M) Survivors: 36.0M->40.0M Heap: 1236.5M(2048.0M)->1146.0M(2048.0M)]
 [Times: user=0.81 sys=0.00, real=0.20 secs] 
443.209: [GC pause (young) (initial-mark), 0.1695664 secs]
   [Parallel Time: 167.4 ms, GC Workers: 4]
      [GC Worker Start (ms): Min: 443209.9, Avg: 443209.9, Max: 443209.9, Diff: 0.0]
      [Ext Root Scanning (ms): Min: 1.2, Avg: 1.2, Max: 1.3, Diff: 0.1, Sum: 4.9]
      [Update RS (ms): Min: 18.7, Avg: 18.7, Max: 18.8, Diff: 0.1, Sum: 75.0]
         [Processed Buffers: Min: 166, Avg: 190.5, Max: 215, Diff: 49, Sum: 762]
      [Scan RS (ms): Min: 3.1, Avg: 3.1, Max: 3.1, Diff: 0.1, Sum: 12.3]
      [Object Copy (ms): Min: 144.2, Avg: 144.3, Max: 144.3, Diff: 0.1, Sum: 577.2]
      [Termination (ms): Min: 0.0, Avg: 0.0, Max: 0.0, Diff: 0.0, Sum: 0.0]
      [GC Worker Other (ms): Min: 0.0, Avg: 0.0, Max: 0.0, Diff: 0.0, Sum: 0.1]
      [GC Worker Total (ms): Min: 167.4, Avg: 167.4, Max: 167.4, Diff: 0.0, Sum: 669.5]
      [GC Worker End (ms): Min: 443377.2, Avg: 443377.2, Max: 443377.2, Diff: 0.0]
   [Code Root Fixup: 0.0 ms]
   [Clear CT: 0.1 ms]
   [Other: 2.1 ms]
      [Choose CSet: 0.0 ms]
      [Ref Proc: 0.0 ms]
      [Ref Enq: 0.0 ms]
      [Free CSet: 0.2 ms]
   [Eden: 235.0M(235.0M)->0.0B(247.0M) Survivors: 40.0M->35.0M Heap: 1381.0M(2048.0M)->1293.5M(2048.0M)]
 [Times: user=0.69 sys=0.00, real=0.17 secs] 
443.379: [GC concurrent-root-region-scan-start]
443.415: [GC concurrent-root-region-scan-end, 0.0357516 secs]
443.415: [GC concurrent-mark-start]
443.695: [GC pause (young), 0.1276612 secs]
   [Parallel Time: 125.9 ms, GC Workers: 4]
      [GC Worker Start (ms): Min: 443695.2, Avg: 443695.2, Max: 443695.2, Diff: 0.0]
      [Ext Root Scanning (ms): Min: 1.2, Avg: 1.2, Max: 1.2, Diff: 0.0, Sum: 4.9]
      [SATB Filtering (ms): Min: 0.0, Avg: 0.7, Max: 3.0, Diff: 3.0, Sum: 3.0]
      [Update RS (ms): Min: 24.6, Avg: 26.8, Max: 27.5, Diff: 2.9, Sum: 107.1]
         [Processed Buffers: Min: 208, Avg: 232.8, Max: 253, Diff: 45, Sum: 931]
      [Scan RS (ms): Min: 0.2, Avg: 0.2, Max: 0.2, Diff: 0.0, Sum: 0.8]
      [Object Copy (ms): Min: 96.9, Avg: 97.0, Max: 97.0, Diff: 0.0, Sum: 387.8]
      [Termination (ms): Min: 0.0, Avg: 0.0, Max: 0.0, Diff: 0.0, Sum: 0.0]
      [GC Worker Other (ms): Min: 0.0, Avg: 0.0, Max: 0.0, Diff: 0.0, Sum: 0.1]
      [GC Worker Total (ms): Min: 125.9, Avg: 125.9, Max: 125.9, Diff: 0.0, Sum: 503.7]
      [GC Worker End (ms): Min: 443821.2, Avg: 443821.2, Max: 443821.2, Diff: 0.0]
   [Code Root Fixup: 0.0 ms]
   [Clear CT: 0.1 ms]
   [Other: 1.6 ms]
      [Choose CSet: 0.0 ms]
      [Ref Proc: 0.0 ms]
      [Ref Enq: 0.0 ms]
      [Free CSet: 0.2 ms]
   [Eden: 247.0M(247.0M)->0.0B(286.0M) Survivors: 35.0M->36.0M Heap: 1540.5M(2048.0M)->1384.5M(2048.0M)]
 [Times: user=0.56 sys=0.00, real=0.13 secs] 
444.096: [GC pause (young), 0.1346157 secs]
   [Parallel Time: 133.1 ms, GC Workers: 4]
      [GC Worker Start (ms): Min: 444096.8, Avg: 444096.8, Max: 444096.8, Diff: 0.0]
      [Ext Root Scanning (ms): Min: 1.2, Avg: 1.2, Max: 1.2, Diff: 0.1, Sum: 4.9]
      [SATB Filtering (ms): Min: 0.0, Avg: 0.7, Max: 2.7, Diff: 2.7, Sum: 2.7]
      [Update RS (ms): Min: 15.7, Avg: 17.7, Max: 18.4, Diff: 2.8, Sum: 70.9]
         [Processed Buffers: Min: 145, Avg: 159.5, Max: 171, Diff: 26, Sum: 638]
      [Scan RS (ms): Min: 0.2, Avg: 0.2, Max: 0.3, Diff: 0.1, Sum: 1.0]
      [Object Copy (ms): Min: 113.1, Avg: 113.1, Max: 113.2, Diff: 0.0, Sum: 452.6]
      [Termination (ms): Min: 0.0, Avg: 0.0, Max: 0.0, Diff: 0.0, Sum: 0.0]
      [GC Worker Other (ms): Min: 0.0, Avg: 0.0, Max: 0.0, Diff: 0.0, Sum: 0.1]
      [GC Worker Total (ms): Min: 133.0, Avg: 133.0, Max: 133.1, Diff: 0.0, Sum: 532.2]
      [GC Worker End (ms): Min: 444229.8, Avg: 444229.8, Max: 444229.8, Diff: 0.0]
   [Code Root Fixup: 0.0 ms]
   [Clear CT: 0.1 ms]
   [Other: 1.4 ms]
      [Choose CSet: 0.0 ms]
      [Ref Proc: 0.0 ms]
      [Ref Enq: 0.0 ms]
      [Free CSet: 0.2 ms]
   [Eden: 286.0M(286.0M)->0.0B(205.0M) Survivors: 36.0M->41.0M Heap: 1670.5M(2048.0M)->1491.5M(2048.0M)]
 [Times: user=0.53 sys=0.00, real=0.13 secs] 
444.267: [GC concurrent-mark-end, 0.8518413 secs]
444.278: [GC remark 444.278: [GC ref-proc, 0.0018528 secs], 0.0033820 secs]
 [Times: user=0.00 sys=0.00, real=0.00 secs] 
444.282: [GC cleanup 1550M->775M(2048M), 0.0014516 secs]
 [Times: user=0.00 sys=0.00, real=0.00 secs] 
444.284: [GC concurrent-cleanup-start]
444.284: [GC concurrent-cleanup-end, 0.0008874 secs]
444.444: [GC pause (young), 0.1572001 secs]
   [Parallel Time: 155.5 ms, GC Workers: 4]
      [GC Worker Start (ms): Min: 444444.6, Avg: 444444.6, Max: 444444.6, Diff: 0.0]
      [Ext Root Scanning (ms): Min: 1.2, Avg: 1.2, Max: 1.2, Diff: 0.0, Sum: 4.9]
      [Update RS (ms): Min: 30.0, Avg: 30.2, Max: 30.6, Diff: 0.6, Sum: 120.7]
         [Processed Buffers: Min: 181, Avg: 192.5, Max: 209, Diff: 28, Sum: 770]
      [Scan RS (ms): Min: 0.0, Avg: 0.3, Max: 0.4, Diff: 0.4, Sum: 1.0]
      [Object Copy (ms): Min: 123.7, Avg: 123.8, Max: 123.9, Diff: 0.2, Sum: 495.3]
      [Termination (ms): Min: 0.0, Avg: 0.0, Max: 0.0, Diff: 0.0, Sum: 0.0]
      [GC Worker Other (ms): Min: 0.0, Avg: 0.0, Max: 0.0, Diff: 0.0, Sum: 0.1]
      [GC Worker Total (ms): Min: 155.5, Avg: 155.5, Max: 155.5, Diff: 0.0, Sum: 622.0]
      [GC Worker End (ms): Min: 444600.1, Avg: 444600.1, Max: 444600.1, Diff: 0.0]
   [Code Root Fixup: 0.0 ms]
   [Clear CT: 0.1 ms]
   [Other: 1.6 ms]
      [Choose CSet: 0.0 ms]
      [Ref Proc: 0.0 ms]
      [Ref Enq: 0.0 ms]
      [Free CSet: 0.2 ms]
   [Eden: 205.0M(205.0M)->0.0B(71.0M) Survivors: 41.0M->31.0M Heap: 921.5M(2048.0M)->839.5M(2048.0M)]
 [Times: user=0.59 sys=0.00, real=0.16 secs] 
444.653: [GC pause (mixed), 0.0740910 secs]
   [Parallel Time: 72.9 ms, GC Workers: 4]
      [GC Worker Start (ms): Min: 444652.8, Avg: 444652.9, Max: 444653.3, Diff: 0.6]
      [Ext Root Scanning (ms): Min: 0.8, Avg: 1.2, Max: 1.4, Diff: 0.6, Sum: 4.9]
      [Update RS (ms): Min: 42.3, Avg: 42.6, Max: 43.2, Diff: 0.8, Sum: 170.4]
         [Processed Buffers: Min: 167, Avg: 216.3, Max: 235, Diff: 68, Sum: 865]
      [Scan RS (ms): Min: 0.0, Avg: 0.7, Max: 0.9, Diff: 0.9, Sum: 2.7]
      [Object Copy (ms): Min: 28.1, Avg: 28.2, Max: 28.3, Diff: 0.2, Sum: 112.8]
      [Termination (ms): Min: 0.0, Avg: 0.0, Max: 0.0, Diff: 0.0, Sum: 0.0]
      [GC Worker Other (ms): Min: 0.0, Avg: 0.0, Max: 0.0, Diff: 0.0, Sum: 0.1]
      [GC Worker Total (ms): Min: 72.3, Avg: 72.7, Max: 72.9, Diff: 0.6, Sum: 290.9]
      [GC Worker End (ms): Min: 444725.6, Avg: 444725.6, Max: 444725.6, Diff: 0.0]
   [Code Root Fixup: 0.0 ms]
   [Clear CT: 0.2 ms]
   [Other: 1.0 ms]
      [Choose CSet: 0.0 ms]
      [Ref Proc: 0.0 ms]
      [Ref Enq: 0.0 ms]
      [Free CSet: 0.3 ms]
   [Eden: 71.0M(71.0M)->0.0B(423.0M) Survivors: 31.0M->1024.0K Heap: 910.5M(2048.0M)->801.5M(2048.0M)]
 [Times: user=0.30 sys=0.00, real=0.07 secs] 
445.154: [GC pause (young), 0.2600860 secs]
   [Parallel Time: 257.6 ms, GC Workers: 4]
      [GC Worker Start (ms): Min: 445154.4, Avg: 445154.4, Max: 445154.4, Diff: 0.0]
      [Ext Root Scanning (ms): Min: 1.2, Avg: 1.2, Max: 1.2, Diff: 0.0, Sum: 4.9]
      [Update RS (ms): Min: 14.9, Avg: 14.9, Max: 14.9, Diff: 0.0, Sum: 59.5]
         [Processed Buffers: Min: 129, Avg: 221.3, Max: 270, Diff: 141, Sum: 885]
      [Scan RS (ms): Min: 0.1, Avg: 0.1, Max: 0.1, Diff: 0.0, Sum: 0.5]
      [Object Copy (ms): Min: 241.4, Avg: 241.4, Max: 241.4, Diff: 0.0, Sum: 965.6]
      [Termination (ms): Min: 0.0, Avg: 0.0, Max: 0.0, Diff: 0.0, Sum: 0.0]
      [GC Worker Other (ms): Min: 0.0, Avg: 0.0, Max: 0.0, Diff: 0.0, Sum: 0.1]
      [GC Worker Total (ms): Min: 257.6, Avg: 257.6, Max: 257.6, Diff: 0.0, Sum: 1030.5]
      [GC Worker End (ms): Min: 445412.0, Avg: 445412.0, Max: 445412.0, Diff: 0.0]
   [Code Root Fixup: 0.0 ms]
   [Clear CT: 0.1 ms]
   [Other: 2.3 ms]
      [Choose CSet: 0.0 ms]
      [Ref Proc: 0.0 ms]
      [Ref Enq: 0.0 ms]
      [Free CSet: 0.3 ms]
   [Eden: 423.0M(423.0M)->0.0B(213.0M) Survivors: 1024.0K->53.0M Heap: 1224.5M(2048.0M)->1118.5M(2048.0M)]
 [Times: user=1.06 sys=0.00, real=0.26 secs] 
445.747: [GC pause (young) (initial-mark), 0.2180724 secs]
   [Parallel Time: 214.7 ms, GC Workers: 4]
      [GC Worker Start (ms): Min: 445747.7, Avg: 445747.7, Max: 445747.7, Diff: 0.0]
      [Ext Root Scanning (ms): Min: 1.2, Avg: 1.2, Max: 1.3, Diff: 0.1, Sum: 4.8]
      [Update RS (ms): Min: 30.7, Avg: 30.7, Max: 30.7, Diff: 0.1, Sum: 122.8]
         [Processed Buffers: Min: 238, Avg: 281.8, Max: 311, Diff: 73, Sum: 1127]
      [Scan RS (ms): Min: 21.8, Avg: 21.8, Max: 21.8, Diff: 0.1, Sum: 87.1]
      [Object Copy (ms): Min: 160.9, Avg: 161.0, Max: 161.0, Diff: 0.1, Sum: 644.0]
      [Termination (ms): Min: 0.0, Avg: 0.0, Max: 0.0, Diff: 0.0, Sum: 0.0]
      [GC Worker Other (ms): Min: 0.0, Avg: 0.0, Max: 0.0, Diff: 0.0, Sum: 0.1]
      [GC Worker Total (ms): Min: 214.7, Avg: 214.7, Max: 214.7, Diff: 0.0, Sum: 858.8]
      [GC Worker End (ms): Min: 445962.4, Avg: 445962.4, Max: 445962.4, Diff: 0.0]
   [Code Root Fixup: 0.0 ms]
   [Clear CT: 0.1 ms]
   [Other: 3.2 ms]
      [Choose CSet: 0.0 ms]
      [Ref Proc: 0.0 ms]
      [Ref Enq: 0.0 ms]
      [Free CSet: 0.2 ms]
   [Eden: 178.0M(49.0M)->0.0B(162.0M) Survivors: 53.0M->13.0M Heap: 1296.5M(2048.0M)->1266.5M(2048.0M)]
 [Times: user=0.87 sys=0.00, real=0.22 secs] 
445.965: [GC concurrent-root-region-scan-start]
445.979: [GC concurrent-root-region-scan-end, 0.0135963 secs]
445.979: [GC concurrent-mark-start]
446.095: [GC pause (young), 0.0957018 secs]
   [Parallel Time: 94.5 ms, GC Workers: 4]
      [GC Worker Start (ms): Min: 446095.1, Avg: 446095.2, Max: 446095.3, Diff: 0.2]
      [Ext Root Scanning (ms): Min: 1.2, Avg: 1.2, Max: 1.3, Diff: 0.1, Sum: 4.9]
      [SATB Filtering (ms): Min: 0.0, Avg: 0.0, Max: 0.1, Diff: 0.1, Sum: 0.1]
      [Update RS (ms): Min: 79.8, Avg: 79.8, Max: 79.8, Diff: 0.0, Sum: 319.2]
         [Processed Buffers: Min: 453, Avg: 457.8, Max: 462, Diff: 9, Sum: 1831]
      [Scan RS (ms): Min: 0.1, Avg: 0.1, Max: 0.1, Diff: 0.0, Sum: 0.4]
      [Object Copy (ms): Min: 13.2, Avg: 13.2, Max: 13.3, Diff: 0.1, Sum: 52.9]
      [Termination (ms): Min: 0.0, Avg: 0.0, Max: 0.0, Diff: 0.0, Sum: 0.0]
      [GC Worker Other (ms): Min: 0.0, Avg: 0.0, Max: 0.0, Diff: 0.0, Sum: 0.1]
      [GC Worker Total (ms): Min: 94.3, Avg: 94.4, Max: 94.5, Diff: 0.1, Sum: 377.5]
      [GC Worker End (ms): Min: 446189.6, Avg: 446189.6, Max: 446189.6, Diff: 0.0]
   [Code Root Fixup: 0.0 ms]
   [Clear CT: 0.5 ms]
   [Other: 0.7 ms]
      [Choose CSet: 0.0 ms]
      [Ref Proc: 0.0 ms]
      [Ref Enq: 0.0 ms]
      [Free CSet: 0.2 ms]
   [Eden: 162.0M(162.0M)->0.0B(195.0M) Survivors: 13.0M->3072.0K Heap: 1428.5M(2048.0M)->1269.5M(2048.0M)]
 [Times: user=0.37 sys=0.00, real=0.10 secs] 
446.371: [GC pause (young), 0.0521410 secs]
   [Parallel Time: 51.1 ms, GC Workers: 4]
      [GC Worker Start (ms): Min: 446371.5, Avg: 446371.5, Max: 446371.5, Diff: 0.0]
      [Ext Root Scanning (ms): Min: 1.3, Avg: 1.3, Max: 1.3, Diff: 0.0, Sum: 5.1]
      [SATB Filtering (ms): Min: 0.0, Avg: 0.7, Max: 2.6, Diff: 2.6, Sum: 2.6]
      [Update RS (ms): Min: 10.2, Avg: 12.1, Max: 12.8, Diff: 2.6, Sum: 48.6]
         [Processed Buffers: Min: 224, Avg: 238.3, Max: 254, Diff: 30, Sum: 953]
      [Scan RS (ms): Min: 0.0, Avg: 0.1, Max: 0.1, Diff: 0.1, Sum: 0.3]
      [Object Copy (ms): Min: 36.9, Avg: 36.9, Max: 37.0, Diff: 0.1, Sum: 147.8]
      [Termination (ms): Min: 0.0, Avg: 0.0, Max: 0.0, Diff: 0.0, Sum: 0.0]
      [GC Worker Other (ms): Min: 0.0, Avg: 0.0, Max: 0.0, Diff: 0.0, Sum: 0.0]
      [GC Worker Total (ms): Min: 51.1, Avg: 51.1, Max: 51.1, Diff: 0.0, Sum: 204.3]
      [GC Worker End (ms): Min: 446422.6, Avg: 446422.6, Max: 446422.6, Diff: 0.0]
   [Code Root Fixup: 0.0 ms]
   [Clear CT: 0.1 ms]
   [Other: 1.0 ms]
      [Choose CSet: 0.0 ms]
      [Ref Proc: 0.0 ms]
      [Ref Enq: 0.0 ms]
      [Free CSet: 0.2 ms]
   [Eden: 195.0M(195.0M)->0.0B(77.0M) Survivors: 3072.0K->25.0M Heap: 1464.5M(2048.0M)->1317.0M(2048.0M)]
 [Times: user=0.19 sys=0.00, real=0.05 secs] 
446.481: [GC pause (young), 0.0607828 secs]
   [Parallel Time: 59.9 ms, GC Workers: 4]
      [GC Worker Start (ms): Min: 446481.7, Avg: 446489.8, Max: 446513.7, Diff: 31.9]
      [Ext Root Scanning (ms): Min: 0.1, Avg: 1.2, Max: 1.7, Diff: 1.6, Sum: 4.8]
      [SATB Filtering (ms): Min: 0.0, Avg: 0.5, Max: 1.8, Diff: 1.8, Sum: 1.8]
      [Update RS (ms): Min: 0.0, Avg: 9.4, Max: 13.1, Diff: 13.1, Sum: 37.4]
         [Processed Buffers: Min: 0, Avg: 50.3, Max: 69, Diff: 69, Sum: 201]
      [Scan RS (ms): Min: 0.0, Avg: 0.0, Max: 0.0, Diff: 0.0, Sum: 0.1]
      [Object Copy (ms): Min: 27.8, Avg: 40.8, Max: 45.1, Diff: 17.3, Sum: 163.0]
      [Termination (ms): Min: 0.0, Avg: 0.0, Max: 0.0, Diff: 0.0, Sum: 0.0]
      [GC Worker Other (ms): Min: 0.0, Avg: 0.0, Max: 0.0, Diff: 0.0, Sum: 0.1]
      [GC Worker Total (ms): Min: 27.9, Avg: 51.8, Max: 59.9, Diff: 31.9, Sum: 207.3]
      [GC Worker End (ms): Min: 446541.6, Avg: 446541.6, Max: 446541.6, Diff: 0.0]
   [Code Root Fixup: 0.0 ms]
   [Clear CT: 0.0 ms]
   [Other: 0.9 ms]
      [Choose CSet: 0.0 ms]
      [Ref Proc: 0.1 ms]
      [Ref Enq: 0.0 ms]
      [Free CSet: 0.1 ms]
   [Eden: 77.0M(77.0M)->0.0B(90.0M) Survivors: 25.0M->13.0M Heap: 1394.0M(2048.0M)->1345.0M(2048.0M)]
 [Times: user=0.20 sys=0.00, real=0.06 secs] 
446.619: [GC pause (young), 0.0805603 secs]
   [Parallel Time: 79.7 ms, GC Workers: 4]
      [GC Worker Start (ms): Min: 446618.8, Avg: 446618.8, Max: 446618.8, Diff: 0.0]
      [Ext Root Scanning (ms): Min: 1.2, Avg: 1.2, Max: 1.2, Diff: 0.1, Sum: 4.9]
      [SATB Filtering (ms): Min: 0.0, Avg: 0.7, Max: 3.0, Diff: 3.0, Sum: 3.0]
      [Update RS (ms): Min: 17.0, Avg: 19.1, Max: 19.9, Diff: 2.9, Sum: 76.5]
         [Processed Buffers: Min: 88, Avg: 102.5, Max: 108, Diff: 20, Sum: 410]
      [Scan RS (ms): Min: 0.0, Avg: 0.0, Max: 0.1, Diff: 0.1, Sum: 0.1]
      [Object Copy (ms): Min: 58.5, Avg: 58.6, Max: 58.6, Diff: 0.1, Sum: 234.2]
      [Termination (ms): Min: 0.0, Avg: 0.0, Max: 0.0, Diff: 0.0, Sum: 0.0]
      [GC Worker Other (ms): Min: 0.0, Avg: 0.0, Max: 0.0, Diff: 0.0, Sum: 0.1]
      [GC Worker Total (ms): Min: 79.7, Avg: 79.7, Max: 79.7, Diff: 0.0, Sum: 318.8]
      [GC Worker End (ms): Min: 446698.5, Avg: 446698.5, Max: 446698.5, Diff: 0.0]
   [Code Root Fixup: 0.0 ms]
   [Clear CT: 0.0 ms]
   [Other: 0.8 ms]
      [Choose CSet: 0.0 ms]
      [Ref Proc: 0.0 ms]
      [Ref Enq: 0.0 ms]
      [Free CSet: 0.1 ms]
   [Eden: 90.0M(90.0M)->0.0B(128.0M) Survivors: 13.0M->13.0M Heap: 1435.0M(2048.0M)->1409.5M(2048.0M)]
 [Times: user=0.31 sys=0.00, real=0.08 secs] 
446.802: [GC pause (young), 0.0549813 secs]
   [Parallel Time: 54.0 ms, GC Workers: 4]
      [GC Worker Start (ms): Min: 446802.2, Avg: 446802.3, Max: 446802.3, Diff: 0.0]
      [Ext Root Scanning (ms): Min: 1.3, Avg: 1.3, Max: 1.4, Diff: 0.0, Sum: 5.4]
      [SATB Filtering (ms): Min: 0.0, Avg: 0.1, Max: 0.3, Diff: 0.3, Sum: 0.3]
      [Update RS (ms): Min: 24.9, Avg: 25.2, Max: 25.4, Diff: 0.4, Sum: 100.9]
         [Processed Buffers: Min: 131, Avg: 131.5, Max: 132, Diff: 1, Sum: 526]
      [Scan RS (ms): Min: 0.0, Avg: 0.0, Max: 0.1, Diff: 0.1, Sum: 0.1]
      [Object Copy (ms): Min: 27.3, Avg: 27.3, Max: 27.3, Diff: 0.0, Sum: 109.3]
      [Termination (ms): Min: 0.0, Avg: 0.0, Max: 0.0, Diff: 0.0, Sum: 0.0]
      [GC Worker Other (ms): Min: 0.0, Avg: 0.0, Max: 0.0, Diff: 0.0, Sum: 0.1]
      [GC Worker Total (ms): Min: 54.0, Avg: 54.0, Max: 54.0, Diff: 0.0, Sum: 216.1]
      [GC Worker End (ms): Min: 446856.3, Avg: 446856.3, Max: 446856.3, Diff: 0.0]
   [Code Root Fixup: 0.0 ms]
   [Clear CT: 0.0 ms]
   [Other: 0.9 ms]
      [Choose CSet: 0.0 ms]
      [Ref Proc: 0.0 ms]
      [Ref Enq: 0.0 ms]
      [Free CSet: 0.1 ms]
   [Eden: 128.0M(128.0M)->0.0B(186.0M) Survivors: 13.0M->18.0M Heap: 1537.5M(2048.0M)->1432.5M(2048.0M)]
 [Times: user=0.19 sys=0.00, real=0.05 secs] 
446.861: [GC concurrent-mark-end, 0.8819280 secs]
446.862: [GC remark 446.870: [GC ref-proc, 0.0018599 secs], 0.0110995 secs]
 [Times: user=0.03 sys=0.00, real=0.01 secs] 
446.873: [GC cleanup 1437M->525M(2048M), 0.0014772 secs]
 [Times: user=0.00 sys=0.00, real=0.00 secs] 
446.875: [GC concurrent-cleanup-start]
446.878: [GC concurrent-cleanup-end, 0.0024266 secs]
447.035: [GC pause (young), 0.1203221 secs]
   [Parallel Time: 118.8 ms, GC Workers: 4]
      [GC Worker Start (ms): Min: 447035.2, Avg: 447035.2, Max: 447035.2, Diff: 0.0]
      [Ext Root Scanning (ms): Min: 1.4, Avg: 1.4, Max: 1.5, Diff: 0.1, Sum: 5.6]
      [Update RS (ms): Min: 10.3, Avg: 10.9, Max: 12.3, Diff: 1.9, Sum: 43.6]
         [Processed Buffers: Min: 157, Avg: 188.0, Max: 228, Diff: 71, Sum: 752]
      [Scan RS (ms): Min: 0.0, Avg: 0.0, Max: 0.1, Diff: 0.1, Sum: 0.2]
      [Object Copy (ms): Min: 105.0, Avg: 106.5, Max: 107.0, Diff: 1.9, Sum: 425.8]
      [Termination (ms): Min: 0.0, Avg: 0.0, Max: 0.0, Diff: 0.0, Sum: 0.0]
      [GC Worker Other (ms): Min: 0.0, Avg: 0.0, Max: 0.0, Diff: 0.0, Sum: 0.1]
      [GC Worker Total (ms): Min: 118.8, Avg: 118.8, Max: 118.8, Diff: 0.0, Sum: 475.3]
      [GC Worker End (ms): Min: 447154.0, Avg: 447154.0, Max: 447154.0, Diff: 0.0]
   [Code Root Fixup: 0.0 ms]
   [Clear CT: 0.1 ms]
   [Other: 1.4 ms]
      [Choose CSet: 0.0 ms]
      [Ref Proc: 0.0 ms]
      [Ref Enq: 0.0 ms]
      [Free CSet: 0.3 ms]
   [Eden: 186.0M(186.0M)->0.0B(200.0M) Survivors: 18.0M->26.0M Heap: 706.5M(2048.0M)->638.0M(2048.0M)]
 [Times: user=0.42 sys=0.00, real=0.12 secs] 
447.368: [GC pause (young), 0.1345762 secs]
   [Parallel Time: 132.9 ms, GC Workers: 4]
      [GC Worker Start (ms): Min: 447368.4, Avg: 447372.4, Max: 447384.2, Diff: 15.8]
      [Ext Root Scanning (ms): Min: 0.1, Avg: 1.2, Max: 1.7, Diff: 1.6, Sum: 4.9]
      [Update RS (ms): Min: 7.2, Avg: 17.8, Max: 21.4, Diff: 14.2, Sum: 71.1]
         [Processed Buffers: Min: 110, Avg: 169.3, Max: 195, Diff: 85, Sum: 677]
      [Scan RS (ms): Min: 0.2, Avg: 0.2, Max: 0.2, Diff: 0.0, Sum: 0.8]
      [Object Copy (ms): Min: 109.6, Avg: 109.7, Max: 109.8, Diff: 0.2, Sum: 438.9]
      [Termination (ms): Min: 0.0, Avg: 0.0, Max: 0.0, Diff: 0.0, Sum: 0.0]
      [GC Worker Other (ms): Min: 0.0, Avg: 0.0, Max: 0.0, Diff: 0.0, Sum: 0.1]
      [GC Worker Total (ms): Min: 117.1, Avg: 128.9, Max: 132.9, Diff: 15.8, Sum: 515.7]
      [GC Worker End (ms): Min: 447501.3, Avg: 447501.3, Max: 447501.3, Diff: 0.0]
   [Code Root Fixup: 0.0 ms]
   [Clear CT: 0.2 ms]
   [Other: 1.5 ms]
      [Choose CSet: 0.0 ms]
      [Ref Proc: 0.0 ms]
      [Ref Enq: 0.0 ms]
      [Free CSet: 0.2 ms]
   [Eden: 200.0M(200.0M)->0.0B(249.0M) Survivors: 26.0M->29.0M Heap: 838.0M(2048.0M)->751.5M(2048.0M)]
 [Times: user=0.48 sys=0.00, real=0.13 secs] 
447.793: [GC pause (young), 0.1967856 secs]
   [Parallel Time: 194.6 ms, GC Workers: 4]
      [GC Worker Start (ms): Min: 447793.3, Avg: 447793.3, Max: 447793.3, Diff: 0.0]
      [Ext Root Scanning (ms): Min: 1.2, Avg: 1.2, Max: 1.2, Diff: 0.0, Sum: 4.9]
      [Update RS (ms): Min: 18.6, Avg: 18.7, Max: 18.7, Diff: 0.0, Sum: 74.6]
         [Processed Buffers: Min: 164, Avg: 180.3, Max: 201, Diff: 37, Sum: 721]
      [Scan RS (ms): Min: 0.8, Avg: 0.8, Max: 0.8, Diff: 0.0, Sum: 3.2]
      [Object Copy (ms): Min: 173.9, Avg: 173.9, Max: 174.0, Diff: 0.1, Sum: 695.7]
      [Termination (ms): Min: 0.0, Avg: 0.0, Max: 0.0, Diff: 0.0, Sum: 0.0]
      [GC Worker Other (ms): Min: 0.0, Avg: 0.0, Max: 0.0, Diff: 0.0, Sum: 0.1]
      [GC Worker Total (ms): Min: 194.6, Avg: 194.6, Max: 194.6, Diff: 0.0, Sum: 778.5]
      [GC Worker End (ms): Min: 447987.9, Avg: 447987.9, Max: 447987.9, Diff: 0.0]
   [Code Root Fixup: 0.0 ms]
   [Clear CT: 0.1 ms]
   [Other: 2.0 ms]
      [Choose CSet: 0.0 ms]
      [Ref Proc: 0.0 ms]
      [Ref Enq: 0.0 ms]
      [Free CSet: 0.2 ms]
   [Eden: 249.0M(249.0M)->0.0B(200.0M) Survivors: 29.0M->35.0M Heap: 1000.5M(2048.0M)->946.0M(2048.0M)]
 [Times: user=0.80 sys=0.00, real=0.20 secs] 
448.137: [GC pause (young), 0.0805173 secs]
   [Parallel Time: 79.4 ms, GC Workers: 4]
      [GC Worker Start (ms): Min: 448137.1, Avg: 448138.3, Max: 448141.8, Diff: 4.7]
      [Ext Root Scanning (ms): Min: 1.4, Avg: 8.9, Max: 30.9, Diff: 29.5, Sum: 35.7]
      [Update RS (ms): Min: 6.5, Avg: 31.8, Max: 40.4, Diff: 34.0, Sum: 127.3]
         [Processed Buffers: Min: 36, Avg: 176.5, Max: 226, Diff: 190, Sum: 706]
      [Scan RS (ms): Min: 0.1, Avg: 0.2, Max: 0.2, Diff: 0.1, Sum: 0.7]
      [Object Copy (ms): Min: 34.3, Avg: 35.0, Max: 37.1, Diff: 2.8, Sum: 140.0]
      [Termination (ms): Min: 0.0, Avg: 2.2, Max: 2.9, Diff: 2.9, Sum: 8.8]
      [GC Worker Other (ms): Min: 0.0, Avg: 0.0, Max: 0.0, Diff: 0.0, Sum: 0.0]
      [GC Worker Total (ms): Min: 74.6, Avg: 78.1, Max: 79.3, Diff: 4.7, Sum: 312.6]
      [GC Worker End (ms): Min: 448216.4, Avg: 448216.4, Max: 448216.4, Diff: 0.0]
   [Code Root Fixup: 0.0 ms]
   [Clear CT: 0.1 ms]
   [Other: 1.0 ms]
      [Choose CSet: 0.0 ms]
      [Ref Proc: 0.0 ms]
      [Ref Enq: 0.0 ms]
      [Free CSet: 0.2 ms]
   [Eden: 200.0M(200.0M)->0.0B(385.0M) Survivors: 35.0M->3072.0K Heap: 1146.0M(2048.0M)->949.5M(2048.0M)]
 [Times: user=0.27 sys=0.00, real=0.08 secs] 
448.590: [GC pause (young) (initial-mark), 0.2055264 secs]
   [Parallel Time: 203.3 ms, GC Workers: 4]
      [GC Worker Start (ms): Min: 448590.8, Avg: 448590.8, Max: 448590.8, Diff: 0.0]
      [Ext Root Scanning (ms): Min: 1.3, Avg: 1.3, Max: 1.4, Diff: 0.1, Sum: 5.1]
      [Update RS (ms): Min: 17.8, Avg: 17.9, Max: 17.9, Diff: 0.1, Sum: 71.4]
         [Processed Buffers: Min: 210, Avg: 241.8, Max: 285, Diff: 75, Sum: 967]
      [Scan RS (ms): Min: 0.1, Avg: 0.1, Max: 0.1, Diff: 0.0, Sum: 0.4]
      [Object Copy (ms): Min: 184.0, Avg: 184.1, Max: 184.1, Diff: 0.1, Sum: 736.2]
      [Termination (ms): Min: 0.0, Avg: 0.0, Max: 0.0, Diff: 0.0, Sum: 0.0]
      [GC Worker Other (ms): Min: 0.0, Avg: 0.0, Max: 0.0, Diff: 0.0, Sum: 0.1]
      [GC Worker Total (ms): Min: 203.3, Avg: 203.3, Max: 203.3, Diff: 0.0, Sum: 813.3]
      [GC Worker End (ms): Min: 448794.1, Avg: 448794.1, Max: 448794.1, Diff: 0.0]
   [Code Root Fixup: 0.0 ms]
   [Clear CT: 0.2 ms]
   [Other: 2.0 ms]
      [Choose CSet: 0.0 ms]
      [Ref Proc: 0.0 ms]
      [Ref Enq: 0.0 ms]
      [Free CSet: 0.2 ms]
   [Eden: 385.0M(385.0M)->0.0B(203.0M) Survivors: 3072.0K->49.0M Heap: 1334.5M(2048.0M)->1169.0M(2048.0M)]
 [Times: user=0.75 sys=0.00, real=0.21 secs] 
448.796: [GC concurrent-root-region-scan-start]
448.848: [GC concurrent-root-region-scan-end, 0.0520727 secs]
448.848: [GC concurrent-mark-start]
449.052: [GC pause (young), 0.1346708 secs]
   [Parallel Time: 132.5 ms, GC Workers: 4]
      [GC Worker Start (ms): Min: 449052.0, Avg: 449052.0, Max: 449052.1, Diff: 0.0]
      [Ext Root Scanning (ms): Min: 1.2, Avg: 1.2, Max: 1.3, Diff: 0.1, Sum: 4.9]
      [SATB Filtering (ms): Min: 0.0, Avg: 0.8, Max: 3.1, Diff: 3.1, Sum: 3.1]
      [Update RS (ms): Min: 18.8, Avg: 21.6, Max: 23.3, Diff: 4.5, Sum: 86.2]
         [Processed Buffers: Min: 130, Avg: 222.3, Max: 345, Diff: 215, Sum: 889]
      [Scan RS (ms): Min: 6.9, Avg: 7.8, Max: 8.3, Diff: 1.4, Sum: 31.2]
      [Object Copy (ms): Min: 101.0, Avg: 101.1, Max: 101.1, Diff: 0.1, Sum: 404.3]
      [Termination (ms): Min: 0.0, Avg: 0.0, Max: 0.0, Diff: 0.0, Sum: 0.0]
      [GC Worker Other (ms): Min: 0.0, Avg: 0.0, Max: 0.0, Diff: 0.0, Sum: 0.1]
      [GC Worker Total (ms): Min: 132.4, Avg: 132.5, Max: 132.5, Diff: 0.1, Sum: 529.9]
      [GC Worker End (ms): Min: 449184.5, Avg: 449184.5, Max: 449184.5, Diff: 0.0]
   [Code Root Fixup: 0.0 ms]
   [Clear CT: 0.1 ms]
   [Other: 2.1 ms]
      [Choose CSet: 0.0 ms]
      [Ref Proc: 0.0 ms]
      [Ref Enq: 0.0 ms]
      [Free CSet: 0.3 ms]
   [Eden: 203.0M(203.0M)->0.0B(134.0M) Survivors: 49.0M->32.0M Heap: 1372.0M(2048.0M)->1244.0M(2048.0M)]
 [Times: user=0.50 sys=0.00, real=0.13 secs] 
449.378: [GC pause (young), 0.0653223 secs]
   [Parallel Time: 63.3 ms, GC Workers: 4]
      [GC Worker Start (ms): Min: 449378.3, Avg: 449378.3, Max: 449378.5, Diff: 0.2]
      [Ext Root Scanning (ms): Min: 1.1, Avg: 1.2, Max: 1.3, Diff: 0.2, Sum: 5.0]
      [SATB Filtering (ms): Min: 0.0, Avg: 0.1, Max: 0.4, Diff: 0.4, Sum: 0.4]
      [Update RS (ms): Min: 17.0, Avg: 17.3, Max: 17.5, Diff: 0.5, Sum: 69.3]
         [Processed Buffers: Min: 98, Avg: 123.0, Max: 135, Diff: 37, Sum: 492]
      [Scan RS (ms): Min: 3.7, Avg: 3.7, Max: 3.8, Diff: 0.1, Sum: 14.9]
      [Object Copy (ms): Min: 40.7, Avg: 40.8, Max: 40.9, Diff: 0.1, Sum: 163.2]
      [Termination (ms): Min: 0.0, Avg: 0.0, Max: 0.0, Diff: 0.0, Sum: 0.0]
      [GC Worker Other (ms): Min: 0.0, Avg: 0.0, Max: 0.0, Diff: 0.0, Sum: 0.1]
      [GC Worker Total (ms): Min: 63.1, Avg: 63.2, Max: 63.3, Diff: 0.2, Sum: 252.8]
      [GC Worker End (ms): Min: 449441.6, Avg: 449441.6, Max: 449441.6, Diff: 0.0]
   [Code Root Fixup: 0.0 ms]
   [Clear CT: 0.9 ms]
   [Other: 1.2 ms]
      [Choose CSet: 0.0 ms]
      [Ref Proc: 0.4 ms]
      [Ref Enq: 0.0 ms]
      [Free CSet: 0.2 ms]
   [Eden: 134.0M(134.0M)->0.0B(220.0M) Survivors: 32.0M->21.0M Heap: 1378.0M(2048.0M)->1266.0M(2048.0M)]
 [Times: user=0.25 sys=0.00, real=0.06 secs] 
449.628: [GC concurrent-mark-end, 0.7800056 secs]
449.628: [GC remark 449.629: [GC ref-proc, 0.0017983 secs], 0.0041726 secs]
 [Times: user=0.00 sys=0.00, real=0.00 secs] 
449.633: [GC cleanup 1479M->832M(2048M), 0.0013150 secs]
 [Times: user=0.00 sys=0.00, real=0.00 secs] 
449.634: [GC concurrent-cleanup-start]
449.635: [GC concurrent-cleanup-end, 0.0007457 secs]
449.638: [GC pause (young), 0.0939356 secs]
   [Parallel Time: 92.7 ms, GC Workers: 4]
      [GC Worker Start (ms): Min: 449637.9, Avg: 449637.9, Max: 449637.9, Diff: 0.0]
      [Ext Root Scanning (ms): Min: 1.2, Avg: 1.3, Max: 1.3, Diff: 0.1, Sum: 5.0]
      [Update RS (ms): Min: 17.5, Avg: 17.6, Max: 17.8, Diff: 0.4, Sum: 70.6]
         [Processed Buffers: Min: 122, Avg: 158.0, Max: 199, Diff: 77, Sum: 632]
      [Scan RS (ms): Min: 0.0, Avg: 0.1, Max: 0.1, Diff: 0.1, Sum: 0.2]
      [Object Copy (ms): Min: 73.6, Avg: 73.7, Max: 73.9, Diff: 0.3, Sum: 294.8]
      [Termination (ms): Min: 0.0, Avg: 0.0, Max: 0.0, Diff: 0.0, Sum: 0.0]
      [GC Worker Other (ms): Min: 0.0, Avg: 0.0, Max: 0.0, Diff: 0.0, Sum: 0.1]
      [GC Worker Total (ms): Min: 92.7, Avg: 92.7, Max: 92.7, Diff: 0.0, Sum: 370.7]
      [GC Worker End (ms): Min: 449730.6, Avg: 449730.6, Max: 449730.6, Diff: 0.0]
   [Code Root Fixup: 0.0 ms]
   [Clear CT: 0.1 ms]
   [Other: 1.2 ms]
      [Choose CSet: 0.0 ms]
      [Ref Proc: 0.3 ms]
      [Ref Enq: 0.0 ms]
      [Free CSet: 0.2 ms]
   [Eden: 220.0M(220.0M)->0.0B(71.0M) Survivors: 21.0M->31.0M Heap: 839.0M(2048.0M)->687.5M(2048.0M)]
 [Times: user=0.31 sys=0.00, real=0.09 secs] 
449.795: [GC pause (mixed), 0.0949183 secs]
   [Parallel Time: 93.4 ms, GC Workers: 4]
      [GC Worker Start (ms): Min: 449794.9, Avg: 449794.9, Max: 449794.9, Diff: 0.0]
      [Ext Root Scanning (ms): Min: 1.2, Avg: 1.3, Max: 1.4, Diff: 0.1, Sum: 5.1]
      [Update RS (ms): Min: 21.9, Avg: 22.0, Max: 22.1, Diff: 0.2, Sum: 88.1]
         [Processed Buffers: Min: 137, Avg: 140.3, Max: 148, Diff: 11, Sum: 561]
      [Scan RS (ms): Min: 1.0, Avg: 1.1, Max: 1.1, Diff: 0.2, Sum: 4.2]
      [Object Copy (ms): Min: 69.0, Avg: 69.0, Max: 69.0, Diff: 0.1, Sum: 276.1]
      [Termination (ms): Min: 0.0, Avg: 0.0, Max: 0.0, Diff: 0.0, Sum: 0.0]
      [GC Worker Other (ms): Min: 0.0, Avg: 0.0, Max: 0.0, Diff: 0.0, Sum: 0.1]
      [GC Worker Total (ms): Min: 93.4, Avg: 93.4, Max: 93.4, Diff: 0.0, Sum: 373.6]
      [GC Worker End (ms): Min: 449888.3, Avg: 449888.3, Max: 449888.3, Diff: 0.0]
   [Code Root Fixup: 0.0 ms]
   [Clear CT: 0.2 ms]
   [Other: 1.3 ms]
      [Choose CSet: 0.0 ms]
      [Ref Proc: 0.0 ms]
      [Ref Enq: 0.0 ms]
      [Free CSet: 0.3 ms]
   [Eden: 71.0M(71.0M)->0.0B(293.0M) Survivors: 31.0M->13.0M Heap: 758.5M(2048.0M)->695.0M(2048.0M)]
 [Times: user=0.34 sys=0.00, real=0.10 secs] 
450.167: [GC pause (young), 0.2171349 secs]
   [Parallel Time: 213.9 ms, GC Workers: 4]
      [GC Worker Start (ms): Min: 450167.7, Avg: 450167.7, Max: 450167.7, Diff: 0.0]
      [Ext Root Scanning (ms): Min: 1.2, Avg: 1.2, Max: 1.3, Diff: 0.0, Sum: 5.0]
      [Update RS (ms): Min: 21.8, Avg: 21.8, Max: 21.8, Diff: 0.0, Sum: 87.1]
         [Processed Buffers: Min: 122, Avg: 138.3, Max: 158, Diff: 36, Sum: 553]
      [Scan RS (ms): Min: 0.2, Avg: 0.2, Max: 0.2, Diff: 0.0, Sum: 0.7]
      [Object Copy (ms): Min: 190.7, Avg: 190.7, Max: 190.7, Diff: 0.0, Sum: 762.7]
      [Termination (ms): Min: 0.0, Avg: 0.0, Max: 0.0, Diff: 0.0, Sum: 0.0]
      [GC Worker Other (ms): Min: 0.0, Avg: 0.0, Max: 0.0, Diff: 0.0, Sum: 0.1]
      [GC Worker Total (ms): Min: 213.9, Avg: 213.9, Max: 213.9, Diff: 0.0, Sum: 855.6]
      [GC Worker End (ms): Min: 450381.6, Avg: 450381.6, Max: 450381.6, Diff: 0.0]
   [Code Root Fixup: 0.0 ms]
   [Clear CT: 0.3 ms]
   [Other: 2.9 ms]
      [Choose CSet: 0.0 ms]
      [Ref Proc: 1.1 ms]
      [Ref Enq: 0.0 ms]
      [Free CSet: 0.2 ms]
   [Eden: 293.0M(293.0M)->0.0B(201.0M) Survivors: 13.0M->39.0M Heap: 988.0M(2048.0M)->902.5M(2048.0M)]
 [Times: user=0.75 sys=0.00, real=0.22 secs] 
450.643: [GC pause (young), 0.1330275 secs]
   [Parallel Time: 131.1 ms, GC Workers: 4]
      [GC Worker Start (ms): Min: 450643.4, Avg: 450643.4, Max: 450643.4, Diff: 0.0]
      [Ext Root Scanning (ms): Min: 1.3, Avg: 1.4, Max: 1.5, Diff: 0.1, Sum: 5.4]
      [Update RS (ms): Min: 19.1, Avg: 19.8, Max: 21.3, Diff: 2.2, Sum: 79.0]
         [Processed Buffers: Min: 126, Avg: 214.5, Max: 319, Diff: 193, Sum: 858]
      [Scan RS (ms): Min: 5.5, Avg: 7.0, Max: 7.7, Diff: 2.2, Sum: 28.1]
      [Object Copy (ms): Min: 102.9, Avg: 102.9, Max: 103.0, Diff: 0.1, Sum: 411.8]
      [Termination (ms): Min: 0.0, Avg: 0.0, Max: 0.0, Diff: 0.0, Sum: 0.0]
      [GC Worker Other (ms): Min: 0.0, Avg: 0.0, Max: 0.0, Diff: 0.0, Sum: 0.1]
      [GC Worker Total (ms): Min: 131.1, Avg: 131.1, Max: 131.1, Diff: 0.0, Sum: 524.4]
      [GC Worker End (ms): Min: 450774.5, Avg: 450774.5, Max: 450774.5, Diff: 0.0]
   [Code Root Fixup: 0.0 ms]
   [Clear CT: 0.1 ms]
   [Other: 1.8 ms]
      [Choose CSet: 0.0 ms]
      [Ref Proc: 0.0 ms]
      [Ref Enq: 0.0 ms]
      [Free CSet: 0.2 ms]
   [Eden: 201.0M(201.0M)->0.0B(190.0M) Survivors: 39.0M->30.0M Heap: 1103.5M(2048.0M)->992.0M(2048.0M)]
 [Times: user=0.45 sys=0.00, real=0.13 secs] 
450.967: [GC pause (young) (initial-mark), 0.0918993 secs]
   [Parallel Time: 90.5 ms, GC Workers: 4]
      [GC Worker Start (ms): Min: 450967.3, Avg: 450967.3, Max: 450967.4, Diff: 0.0]
      [Ext Root Scanning (ms): Min: 1.2, Avg: 1.2, Max: 1.2, Diff: 0.1, Sum: 4.8]
      [Update RS (ms): Min: 19.4, Avg: 19.5, Max: 19.5, Diff: 0.0, Sum: 77.8]
         [Processed Buffers: Min: 177, Avg: 190.0, Max: 203, Diff: 26, Sum: 760]
      [Scan RS (ms): Min: 1.2, Avg: 1.2, Max: 1.3, Diff: 0.1, Sum: 4.8]
      [Object Copy (ms): Min: 68.5, Avg: 68.6, Max: 68.6, Diff: 0.1, Sum: 274.4]
      [Termination (ms): Min: 0.0, Avg: 0.0, Max: 0.0, Diff: 0.0, Sum: 0.0]
      [GC Worker Other (ms): Min: 0.0, Avg: 0.0, Max: 0.0, Diff: 0.0, Sum: 0.1]
      [GC Worker Total (ms): Min: 90.5, Avg: 90.5, Max: 90.5, Diff: 0.0, Sum: 361.9]
      [GC Worker End (ms): Min: 451057.8, Avg: 451057.8, Max: 451057.8, Diff: 0.0]
   [Code Root Fixup: 0.0 ms]
   [Clear CT: 0.1 ms]
   [Other: 1.3 ms]
      [Choose CSet: 0.0 ms]
      [Ref Proc: 0.0 ms]
      [Ref Enq: 0.0 ms]
      [Free CSet: 0.2 ms]
   [Eden: 190.0M(190.0M)->0.0B(281.0M) Survivors: 30.0M->28.0M Heap: 1182.0M(2048.0M)->1050.0M(2048.0M)]
 [Times: user=0.31 sys=0.00, real=0.09 secs] 
451.059: [GC concurrent-root-region-scan-start]
451.090: [GC concurrent-root-region-scan-end, 0.0306444 secs]
451.090: [GC concurrent-mark-start]
451.298: [GC pause (young), 0.1466330 secs]
   [Parallel Time: 144.9 ms, GC Workers: 4]
      [GC Worker Start (ms): Min: 451298.6, Avg: 451298.6, Max: 451298.6, Diff: 0.0]
      [Ext Root Scanning (ms): Min: 1.5, Avg: 1.5, Max: 1.6, Diff: 0.1, Sum: 6.0]
      [SATB Filtering (ms): Min: 0.0, Avg: 0.7, Max: 2.8, Diff: 2.8, Sum: 2.8]
      [Update RS (ms): Min: 20.0, Avg: 22.1, Max: 22.8, Diff: 2.8, Sum: 88.4]
         [Processed Buffers: Min: 111, Avg: 126.3, Max: 138, Diff: 27, Sum: 505]
      [Scan RS (ms): Min: 0.1, Avg: 0.1, Max: 0.1, Diff: 0.0, Sum: 0.5]
      [Object Copy (ms): Min: 120.4, Avg: 120.4, Max: 120.4, Diff: 0.1, Sum: 481.6]
      [Termination (ms): Min: 0.0, Avg: 0.0, Max: 0.0, Diff: 0.0, Sum: 0.0]
      [GC Worker Other (ms): Min: 0.0, Avg: 0.0, Max: 0.0, Diff: 0.0, Sum: 0.1]
      [GC Worker Total (ms): Min: 144.8, Avg: 144.8, Max: 144.9, Diff: 0.0, Sum: 579.4]
      [GC Worker End (ms): Min: 451443.5, Avg: 451443.5, Max: 451443.5, Diff: 0.0]
   [Code Root Fixup: 0.0 ms]
   [Clear CT: 0.1 ms]
   [Other: 1.7 ms]
      [Choose CSet: 0.0 ms]
      [Ref Proc: 0.1 ms]
      [Ref Enq: 0.0 ms]
      [Free CSet: 0.3 ms]
   [Eden: 281.0M(281.0M)->0.0B(254.0M) Survivors: 28.0M->39.0M Heap: 1331.0M(2048.0M)->1177.0M(2048.0M)]
 [Times: user=0.53 sys=0.00, real=0.15 secs] 
451.687: [GC concurrent-mark-end, 0.5976046 secs]
451.688: [GC remark 451.689: [GC ref-proc, 0.0017749 secs], 0.0041443 secs]
 [Times: user=0.00 sys=0.00, real=0.00 secs] 
451.692: [GC cleanup 1416M->828M(2048M), 0.0016972 secs]
 [Times: user=0.00 sys=0.00, real=0.00 secs] 
451.694: [GC concurrent-cleanup-start]
451.695: [GC concurrent-cleanup-end, 0.0007793 secs]
451.712: [GC pause (young), 0.2064761 secs]
   [Parallel Time: 204.4 ms, GC Workers: 4]
      [GC Worker Start (ms): Min: 451712.4, Avg: 451712.4, Max: 451712.4, Diff: 0.0]
      [Ext Root Scanning (ms): Min: 1.2, Avg: 1.2, Max: 1.2, Diff: 0.0, Sum: 4.9]
      [Update RS (ms): Min: 47.8, Avg: 47.9, Max: 47.9, Diff: 0.1, Sum: 191.4]
         [Processed Buffers: Min: 161, Avg: 232.8, Max: 263, Diff: 102, Sum: 931]
      [Scan RS (ms): Min: 0.1, Avg: 0.1, Max: 0.2, Diff: 0.0, Sum: 0.6]
      [Object Copy (ms): Min: 155.1, Avg: 155.1, Max: 155.1, Diff: 0.0, Sum: 620.3]
      [Termination (ms): Min: 0.0, Avg: 0.0, Max: 0.0, Diff: 0.0, Sum: 0.0]
      [GC Worker Other (ms): Min: 0.0, Avg: 0.0, Max: 0.0, Diff: 0.0, Sum: 0.0]
      [GC Worker Total (ms): Min: 204.3, Avg: 204.3, Max: 204.3, Diff: 0.0, Sum: 817.4]
      [GC Worker End (ms): Min: 451916.8, Avg: 451916.8, Max: 451916.8, Diff: 0.0]
   [Code Root Fixup: 0.0 ms]
   [Clear CT: 0.2 ms]
   [Other: 1.9 ms]
      [Choose CSet: 0.0 ms]
      [Ref Proc: 0.3 ms]
      [Ref Enq: 0.0 ms]
      [Free CSet: 0.2 ms]
   [Eden: 254.0M(254.0M)->0.0B(65.0M) Survivors: 39.0M->37.0M Heap: 843.0M(2048.0M)->732.0M(2048.0M)]
 [Times: user=0.76 sys=0.00, real=0.21 secs] 
452.025: [GC pause (mixed), 0.0682774 secs]
   [Parallel Time: 67.0 ms, GC Workers: 4]
      [GC Worker Start (ms): Min: 452025.1, Avg: 452025.1, Max: 452025.1, Diff: 0.0]
      [Ext Root Scanning (ms): Min: 1.4, Avg: 1.4, Max: 1.4, Diff: 0.0, Sum: 5.5]
      [Update RS (ms): Min: 24.7, Avg: 25.1, Max: 26.1, Diff: 1.4, Sum: 100.3]
         [Processed Buffers: Min: 133, Avg: 144.0, Max: 152, Diff: 19, Sum: 576]
      [Scan RS (ms): Min: 0.5, Avg: 1.5, Max: 1.9, Diff: 1.3, Sum: 6.0]
      [Object Copy (ms): Min: 38.9, Avg: 39.0, Max: 39.0, Diff: 0.1, Sum: 155.8]
      [Termination (ms): Min: 0.0, Avg: 0.0, Max: 0.0, Diff: 0.0, Sum: 0.0]
      [GC Worker Other (ms): Min: 0.0, Avg: 0.0, Max: 0.0, Diff: 0.0, Sum: 0.1]
      [GC Worker Total (ms): Min: 66.9, Avg: 66.9, Max: 66.9, Diff: 0.0, Sum: 267.7]
      [GC Worker End (ms): Min: 452092.1, Avg: 452092.1, Max: 452092.1, Diff: 0.0]
   [Code Root Fixup: 0.0 ms]
   [Clear CT: 0.1 ms]
   [Other: 1.2 ms]
      [Choose CSet: 0.0 ms]
      [Ref Proc: 0.0 ms]
      [Ref Enq: 0.0 ms]
      [Free CSet: 0.2 ms]
   [Eden: 65.0M(65.0M)->0.0B(319.0M) Survivors: 37.0M->6144.0K Heap: 797.0M(2048.0M)->704.0M(2048.0M)]
 [Times: user=0.30 sys=0.00, real=0.07 secs] 
452.408: [GC pause (young), 0.1985107 secs]
   [Parallel Time: 196.6 ms, GC Workers: 4]
      [GC Worker Start (ms): Min: 452408.1, Avg: 452408.1, Max: 452408.1, Diff: 0.0]
      [Ext Root Scanning (ms): Min: 1.6, Avg: 2.8, Max: 6.1, Diff: 4.5, Sum: 11.3]
      [Update RS (ms): Min: 13.5, Avg: 15.4, Max: 16.1, Diff: 2.6, Sum: 61.4]
         [Processed Buffers: Min: 153, Avg: 229.5, Max: 284, Diff: 131, Sum: 918]
      [Scan RS (ms): Min: 0.0, Avg: 0.1, Max: 0.2, Diff: 0.2, Sum: 0.5]
      [Object Copy (ms): Min: 176.9, Avg: 178.2, Max: 178.6, Diff: 1.7, Sum: 712.8]
      [Termination (ms): Min: 0.0, Avg: 0.0, Max: 0.0, Diff: 0.0, Sum: 0.0]
      [GC Worker Other (ms): Min: 0.0, Avg: 0.0, Max: 0.0, Diff: 0.0, Sum: 0.1]
      [GC Worker Total (ms): Min: 196.5, Avg: 196.5, Max: 196.5, Diff: 0.0, Sum: 786.1]
      [GC Worker End (ms): Min: 452604.6, Avg: 452604.6, Max: 452604.6, Diff: 0.0]
   [Code Root Fixup: 0.0 ms]
   [Clear CT: 0.1 ms]
   [Other: 1.9 ms]
      [Choose CSet: 0.0 ms]
      [Ref Proc: 0.0 ms]
      [Ref Enq: 0.0 ms]
      [Free CSet: 0.3 ms]
   [Eden: 319.0M(319.0M)->0.0B(201.0M) Survivors: 6144.0K->41.0M Heap: 1023.0M(2048.0M)->918.5M(2048.0M)]
 [Times: user=0.73 sys=0.00, real=0.20 secs] 
452.849: [GC pause (young), 0.1713191 secs]
   [Parallel Time: 169.2 ms, GC Workers: 4]
      [GC Worker Start (ms): Min: 452849.5, Avg: 452849.5, Max: 452849.5, Diff: 0.0]
      [Ext Root Scanning (ms): Min: 1.2, Avg: 1.2, Max: 1.3, Diff: 0.1, Sum: 5.0]
      [Update RS (ms): Min: 17.9, Avg: 17.9, Max: 18.0, Diff: 0.2, Sum: 71.7]
         [Processed Buffers: Min: 134, Avg: 190.5, Max: 270, Diff: 136, Sum: 762]
      [Scan RS (ms): Min: 10.4, Avg: 10.4, Max: 10.5, Diff: 0.1, Sum: 41.7]
      [Object Copy (ms): Min: 137.3, Avg: 137.8, Max: 139.5, Diff: 2.3, Sum: 551.4]
      [Termination (ms): Min: 0.0, Avg: 1.7, Max: 2.3, Diff: 2.3, Sum: 6.8]
      [GC Worker Other (ms): Min: 0.0, Avg: 0.0, Max: 0.0, Diff: 0.0, Sum: 0.1]
      [GC Worker Total (ms): Min: 169.1, Avg: 169.2, Max: 169.2, Diff: 0.0, Sum: 676.6]
      [GC Worker End (ms): Min: 453018.7, Avg: 453018.7, Max: 453018.7, Diff: 0.0]
   [Code Root Fixup: 0.0 ms]
   [Clear CT: 0.2 ms]
   [Other: 2.0 ms]
      [Choose CSet: 0.0 ms]
      [Ref Proc: 0.0 ms]
      [Ref Enq: 0.0 ms]
      [Free CSet: 0.2 ms]
   [Eden: 201.0M(201.0M)->0.0B(150.0M) Survivors: 41.0M->31.0M Heap: 1119.5M(2048.0M)->1041.5M(2048.0M)]
 [Times: user=0.66 sys=0.00, real=0.17 secs] 
453.196: [GC pause (young) (initial-mark), 0.0829182 secs]
   [Parallel Time: 81.1 ms, GC Workers: 4]
      [GC Worker Start (ms): Min: 453196.3, Avg: 453196.4, Max: 453196.7, Diff: 0.4]
      [Ext Root Scanning (ms): Min: 1.1, Avg: 1.4, Max: 1.5, Diff: 0.3, Sum: 5.4]
      [Update RS (ms): Min: 21.5, Avg: 22.0, Max: 23.3, Diff: 1.8, Sum: 88.0]
         [Processed Buffers: Min: 179, Avg: 200.8, Max: 215, Diff: 36, Sum: 803]
      [Scan RS (ms): Min: 0.0, Avg: 0.2, Max: 0.2, Diff: 0.2, Sum: 0.7]
      [Object Copy (ms): Min: 56.3, Avg: 57.5, Max: 57.9, Diff: 1.6, Sum: 229.8]
      [Termination (ms): Min: 0.0, Avg: 0.0, Max: 0.0, Diff: 0.0, Sum: 0.0]
      [GC Worker Other (ms): Min: 0.0, Avg: 0.0, Max: 0.0, Diff: 0.0, Sum: 0.1]
      [GC Worker Total (ms): Min: 80.7, Avg: 81.0, Max: 81.1, Diff: 0.4, Sum: 324.0]
      [GC Worker End (ms): Min: 453277.4, Avg: 453277.4, Max: 453277.4, Diff: 0.0]
   [Code Root Fixup: 0.0 ms]
   [Clear CT: 0.2 ms]
   [Other: 1.6 ms]
      [Choose CSet: 0.0 ms]
      [Ref Proc: 0.1 ms]
      [Ref Enq: 0.0 ms]
      [Free CSet: 0.2 ms]
   [Eden: 150.0M(150.0M)->0.0B(227.0M) Survivors: 31.0M->23.0M Heap: 1191.5M(2048.0M)->1078.5M(2048.0M)]
 [Times: user=0.33 sys=0.00, real=0.08 secs] 
453.279: [GC concurrent-root-region-scan-start]
453.303: [GC concurrent-root-region-scan-end, 0.0242964 secs]
453.303: [GC concurrent-mark-start]
453.485: [GC pause (young), 0.0863753 secs]
   [Parallel Time: 85.3 ms, GC Workers: 4]
      [GC Worker Start (ms): Min: 453485.2, Avg: 453485.3, Max: 453485.3, Diff: 0.0]
      [Ext Root Scanning (ms): Min: 1.3, Avg: 1.3, Max: 1.3, Diff: 0.0, Sum: 5.2]
      [SATB Filtering (ms): Min: 0.0, Avg: 0.7, Max: 2.9, Diff: 2.9, Sum: 2.9]
      [Update RS (ms): Min: 14.7, Avg: 16.9, Max: 17.6, Diff: 2.9, Sum: 67.6]
         [Processed Buffers: Min: 106, Avg: 110.5, Max: 120, Diff: 14, Sum: 442]
      [Scan RS (ms): Min: 0.1, Avg: 0.1, Max: 0.1, Diff: 0.0, Sum: 0.5]
      [Object Copy (ms): Min: 66.2, Avg: 66.2, Max: 66.2, Diff: 0.0, Sum: 264.9]
      [Termination (ms): Min: 0.0, Avg: 0.0, Max: 0.0, Diff: 0.0, Sum: 0.0]
      [GC Worker Other (ms): Min: 0.0, Avg: 0.0, Max: 0.0, Diff: 0.0, Sum: 0.1]
      [GC Worker Total (ms): Min: 85.2, Avg: 85.3, Max: 85.3, Diff: 0.0, Sum: 341.0]
      [GC Worker End (ms): Min: 453570.5, Avg: 453570.5, Max: 453570.5, Diff: 0.0]
   [Code Root Fixup: 0.0 ms]
   [Clear CT: 0.1 ms]
   [Other: 1.0 ms]
      [Choose CSet: 0.0 ms]
      [Ref Proc: 0.0 ms]
      [Ref Enq: 0.0 ms]
      [Free CSet: 0.3 ms]
   [Eden: 227.0M(227.0M)->0.0B(277.0M) Survivors: 23.0M->32.0M Heap: 1305.5M(2048.0M)->1142.0M(2048.0M)]
 [Times: user=0.36 sys=0.00, real=0.09 secs] 
453.813: [GC concurrent-mark-end, 0.5100023 secs]
453.813: [GC remark 453.815: [GC ref-proc, 0.0017473 secs], 0.0042883 secs]
 [Times: user=0.00 sys=0.00, real=0.00 secs] 
453.818: [GC cleanup 1405M->722M(2048M), 0.0012229 secs]
 [Times: user=0.00 sys=0.00, real=0.00 secs] 
453.820: [GC concurrent-cleanup-start]
453.820: [GC concurrent-cleanup-end, 0.0007896 secs]
453.834: [GC pause (young), 0.2111304 secs]
   [Parallel Time: 208.6 ms, GC Workers: 4]
      [GC Worker Start (ms): Min: 453834.0, Avg: 453834.0, Max: 453834.0, Diff: 0.0]
      [Ext Root Scanning (ms): Min: 1.3, Avg: 1.3, Max: 1.3, Diff: 0.0, Sum: 5.1]
      [Update RS (ms): Min: 23.5, Avg: 23.5, Max: 23.5, Diff: 0.0, Sum: 93.9]
         [Processed Buffers: Min: 117, Avg: 121.0, Max: 124, Diff: 7, Sum: 484]
      [Scan RS (ms): Min: 0.1, Avg: 0.1, Max: 0.1, Diff: 0.0, Sum: 0.3]
      [Object Copy (ms): Min: 183.7, Avg: 183.8, Max: 183.8, Diff: 0.0, Sum: 735.0]
      [Termination (ms): Min: 0.0, Avg: 0.0, Max: 0.0, Diff: 0.0, Sum: 0.0]
      [GC Worker Other (ms): Min: 0.0, Avg: 0.0, Max: 0.0, Diff: 0.0, Sum: 0.1]
      [GC Worker Total (ms): Min: 208.6, Avg: 208.6, Max: 208.6, Diff: 0.0, Sum: 834.5]
      [GC Worker End (ms): Min: 454042.6, Avg: 454042.6, Max: 454042.6, Diff: 0.0]
   [Code Root Fixup: 0.0 ms]
   [Clear CT: 0.5 ms]
   [Other: 2.0 ms]
      [Choose CSet: 0.0 ms]
      [Ref Proc: 0.1 ms]
      [Ref Enq: 0.0 ms]
      [Free CSet: 0.3 ms]
   [Eden: 277.0M(277.0M)->0.0B(228.0M) Survivors: 32.0M->39.0M Heap: 736.0M(2048.0M)->650.5M(2048.0M)]
 [Times: user=0.84 sys=0.00, real=0.21 secs] 
454.254: [GC pause (young), 0.0966235 secs]
   [Parallel Time: 95.0 ms, GC Workers: 4]
      [GC Worker Start (ms): Min: 454254.2, Avg: 454254.2, Max: 454254.2, Diff: 0.0]
      [Ext Root Scanning (ms): Min: 1.3, Avg: 1.3, Max: 1.3, Diff: 0.0, Sum: 5.1]
      [Update RS (ms): Min: 17.6, Avg: 17.6, Max: 17.6, Diff: 0.0, Sum: 70.5]
         [Processed Buffers: Min: 161, Avg: 189.8, Max: 222, Diff: 61, Sum: 759]
      [Scan RS (ms): Min: 5.5, Avg: 5.5, Max: 5.5, Diff: 0.1, Sum: 22.0]
      [Object Copy (ms): Min: 70.5, Avg: 70.5, Max: 70.6, Diff: 0.1, Sum: 282.2]
      [Termination (ms): Min: 0.0, Avg: 0.0, Max: 0.0, Diff: 0.0, Sum: 0.0]
      [GC Worker Other (ms): Min: 0.0, Avg: 0.0, Max: 0.0, Diff: 0.0, Sum: 0.1]
      [GC Worker Total (ms): Min: 95.0, Avg: 95.0, Max: 95.0, Diff: 0.0, Sum: 379.9]
      [GC Worker End (ms): Min: 454349.1, Avg: 454349.1, Max: 454349.1, Diff: 0.0]
   [Code Root Fixup: 0.0 ms]
   [Clear CT: 0.1 ms]
   [Other: 1.5 ms]
      [Choose CSet: 0.0 ms]
      [Ref Proc: 0.0 ms]
      [Ref Enq: 0.0 ms]
      [Free CSet: 0.2 ms]
   [Eden: 228.0M(228.0M)->0.0B(272.0M) Survivors: 39.0M->34.0M Heap: 878.5M(2048.0M)->700.5M(2048.0M)]
 [Times: user=0.36 sys=0.00, real=0.10 secs] 
454.646: [GC pause (young), 0.2457793 secs]
   [Parallel Time: 243.8 ms, GC Workers: 4]
      [GC Worker Start (ms): Min: 454645.9, Avg: 454645.9, Max: 454645.9, Diff: 0.0]
      [Ext Root Scanning (ms): Min: 1.2, Avg: 1.2, Max: 1.3, Diff: 0.0, Sum: 5.0]
      [Update RS (ms): Min: 36.6, Avg: 37.8, Max: 41.4, Diff: 4.8, Sum: 151.1]
         [Processed Buffers: Min: 197, Avg: 216.8, Max: 235, Diff: 38, Sum: 867]
      [Scan RS (ms): Min: 0.0, Avg: 0.1, Max: 0.1, Diff: 0.1, Sum: 0.4]
      [Object Copy (ms): Min: 201.1, Avg: 204.6, Max: 205.8, Diff: 4.7, Sum: 818.4]
      [Termination (ms): Min: 0.0, Avg: 0.0, Max: 0.0, Diff: 0.0, Sum: 0.1]
      [GC Worker Other (ms): Min: 0.0, Avg: 0.0, Max: 0.0, Diff: 0.0, Sum: 0.0]
      [GC Worker Total (ms): Min: 243.7, Avg: 243.8, Max: 243.8, Diff: 0.0, Sum: 975.0]
      [GC Worker End (ms): Min: 454889.7, Avg: 454889.7, Max: 454889.7, Diff: 0.0]
   [Code Root Fixup: 0.0 ms]
   [Clear CT: 0.1 ms]
   [Other: 1.9 ms]
      [Choose CSet: 0.0 ms]
      [Ref Proc: 0.0 ms]
      [Ref Enq: 0.0 ms]
      [Free CSet: 0.2 ms]
   [Eden: 272.0M(272.0M)->0.0B(180.0M) Survivors: 34.0M->39.0M Heap: 972.5M(2048.0M)->929.5M(2048.0M)]
 [Times: user=0.98 sys=0.00, real=0.25 secs] 
455.148: [GC pause (young), 0.1251903 secs]
   [Parallel Time: 123.1 ms, GC Workers: 4]
      [GC Worker Start (ms): Min: 455148.6, Avg: 455148.6, Max: 455148.6, Diff: 0.0]
      [Ext Root Scanning (ms): Min: 1.2, Avg: 1.2, Max: 1.2, Diff: 0.0, Sum: 4.9]
      [Update RS (ms): Min: 17.2, Avg: 17.3, Max: 17.3, Diff: 0.0, Sum: 69.0]
         [Processed Buffers: Min: 155, Avg: 217.3, Max: 263, Diff: 108, Sum: 869]
      [Scan RS (ms): Min: 10.6, Avg: 10.6, Max: 10.6, Diff: 0.1, Sum: 42.3]
      [Object Copy (ms): Min: 93.9, Avg: 94.0, Max: 94.0, Diff: 0.1, Sum: 375.9]
      [Termination (ms): Min: 0.0, Avg: 0.0, Max: 0.0, Diff: 0.0, Sum: 0.0]
      [GC Worker Other (ms): Min: 0.0, Avg: 0.0, Max: 0.0, Diff: 0.0, Sum: 0.1]
      [GC Worker Total (ms): Min: 123.0, Avg: 123.1, Max: 123.1, Diff: 0.0, Sum: 492.2]
      [GC Worker End (ms): Min: 455271.6, Avg: 455271.6, Max: 455271.7, Diff: 0.0]
   [Code Root Fixup: 0.0 ms]
   [Clear CT: 0.1 ms]
   [Other: 2.0 ms]
      [Choose CSet: 0.0 ms]
      [Ref Proc: 0.3 ms]
      [Ref Enq: 0.0 ms]
      [Free CSet: 0.2 ms]
   [Eden: 180.0M(180.0M)->0.0B(162.0M) Survivors: 39.0M->28.0M Heap: 1109.5M(2048.0M)->1006.0M(2048.0M)]
 [Times: user=0.50 sys=0.00, real=0.13 secs] 
455.410: [GC pause (young) (initial-mark), 0.0744397 secs]
   [Parallel Time: 72.0 ms, GC Workers: 4]
      [GC Worker Start (ms): Min: 455410.5, Avg: 455418.5, Max: 455442.3, Diff: 31.8]
      [Ext Root Scanning (ms): Min: 0.1, Avg: 1.2, Max: 1.7, Diff: 1.6, Sum: 4.9]
      [Update RS (ms): Min: 4.0, Avg: 33.7, Max: 63.0, Diff: 59.0, Sum: 134.7]
         [Processed Buffers: Min: 24, Avg: 148.5, Max: 203, Diff: 179, Sum: 594]
      [Scan RS (ms): Min: 0.0, Avg: 0.3, Max: 0.4, Diff: 0.3, Sum: 1.1]
      [Object Copy (ms): Min: 7.2, Avg: 28.6, Max: 35.9, Diff: 28.7, Sum: 114.4]
      [Termination (ms): Min: 0.0, Avg: 0.2, Max: 0.3, Diff: 0.3, Sum: 0.6]
      [GC Worker Other (ms): Min: 0.0, Avg: 0.0, Max: 0.0, Diff: 0.0, Sum: 0.0]
      [GC Worker Total (ms): Min: 40.0, Avg: 63.9, Max: 72.0, Diff: 32.1, Sum: 255.7]
      [GC Worker End (ms): Min: 455482.3, Avg: 455482.4, Max: 455482.6, Diff: 0.3]
   [Code Root Fixup: 0.0 ms]
   [Clear CT: 0.1 ms]
   [Other: 2.3 ms]
      [Choose CSet: 0.0 ms]
      [Ref Proc: 1.5 ms]
      [Ref Enq: 0.0 ms]
      [Free CSet: 0.2 ms]
   [Eden: 162.0M(162.0M)->0.0B(262.0M) Survivors: 28.0M->5120.0K Heap: 1168.0M(2048.0M)->1011.5M(2048.0M)]
 [Times: user=0.23 sys=0.00, real=0.07 secs] 
455.485: [GC concurrent-root-region-scan-start]
455.490: [GC concurrent-root-region-scan-end, 0.0054901 secs]
455.490: [GC concurrent-mark-start]
455.697: [GC pause (young), 0.0297490 secs]
   [Parallel Time: 28.0 ms, GC Workers: 4]
      [GC Worker Start (ms): Min: 455697.0, Avg: 455697.0, Max: 455697.0, Diff: 0.0]
      [Ext Root Scanning (ms): Min: 1.2, Avg: 1.2, Max: 1.3, Diff: 0.0, Sum: 5.0]
      [SATB Filtering (ms): Min: 0.0, Avg: 0.0, Max: 0.2, Diff: 0.2, Sum: 0.2]
      [Update RS (ms): Min: 14.9, Avg: 15.0, Max: 15.1, Diff: 0.2, Sum: 60.1]
         [Processed Buffers: Min: 87, Avg: 90.8, Max: 99, Diff: 12, Sum: 363]
      [Scan RS (ms): Min: 0.0, Avg: 0.1, Max: 0.1, Diff: 0.1, Sum: 0.2]
      [Object Copy (ms): Min: 11.6, Avg: 11.6, Max: 11.6, Diff: 0.0, Sum: 46.3]
      [Termination (ms): Min: 0.0, Avg: 0.0, Max: 0.0, Diff: 0.0, Sum: 0.0]
      [GC Worker Other (ms): Min: 0.0, Avg: 0.0, Max: 0.0, Diff: 0.0, Sum: 0.1]
      [GC Worker Total (ms): Min: 27.9, Avg: 28.0, Max: 28.0, Diff: 0.0, Sum: 111.8]
      [GC Worker End (ms): Min: 455724.9, Avg: 455724.9, Max: 455724.9, Diff: 0.0]
   [Code Root Fixup: 0.0 ms]
   [Clear CT: 0.5 ms]
   [Other: 1.3 ms]
      [Choose CSet: 0.0 ms]
      [Ref Proc: 0.9 ms]
      [Ref Enq: 0.0 ms]
      [Free CSet: 0.2 ms]
   [Eden: 262.0M(262.0M)->0.0B(357.0M) Survivors: 5120.0K->16.0M Heap: 1273.5M(2048.0M)->1022.5M(2048.0M)]
 [Times: user=0.13 sys=0.00, real=0.03 secs] 
455.910: [GC concurrent-mark-end, 0.4193708 secs]
455.910: [GC remark 455.922: [GC ref-proc, 0.0017758 secs], 0.0146957 secs]
 [Times: user=0.00 sys=0.00, real=0.01 secs] 
455.927: [GC cleanup 1251M->646M(2048M), 0.0021347 secs]
 [Times: user=0.00 sys=0.00, real=0.00 secs] 
455.929: [GC concurrent-cleanup-start]
455.930: [GC concurrent-cleanup-end, 0.0009391 secs]
456.041: [GC pause (young), 0.0861761 secs]
   [Parallel Time: 84.8 ms, GC Workers: 4]
      [GC Worker Start (ms): Min: 456041.3, Avg: 456041.3, Max: 456041.3, Diff: 0.0]
      [Ext Root Scanning (ms): Min: 1.4, Avg: 1.5, Max: 1.6, Diff: 0.2, Sum: 6.1]
      [Update RS (ms): Min: 0.5, Avg: 0.6, Max: 0.7, Diff: 0.2, Sum: 2.3]
         [Processed Buffers: Min: 214, Avg: 232.8, Max: 260, Diff: 46, Sum: 931]
      [Scan RS (ms): Min: 0.1, Avg: 0.1, Max: 0.1, Diff: 0.0, Sum: 0.5]
      [Object Copy (ms): Min: 82.5, Avg: 82.6, Max: 82.6, Diff: 0.1, Sum: 330.3]
      [Termination (ms): Min: 0.0, Avg: 0.0, Max: 0.0, Diff: 0.0, Sum: 0.0]
      [GC Worker Other (ms): Min: 0.0, Avg: 0.0, Max: 0.0, Diff: 0.0, Sum: 0.1]
      [GC Worker Total (ms): Min: 84.8, Avg: 84.8, Max: 84.8, Diff: 0.0, Sum: 339.3]
      [GC Worker End (ms): Min: 456126.1, Avg: 456126.1, Max: 456126.1, Diff: 0.0]
   [Code Root Fixup: 0.0 ms]
   [Clear CT: 0.1 ms]
   [Other: 1.2 ms]
      [Choose CSet: 0.0 ms]
      [Ref Proc: 0.0 ms]
      [Ref Enq: 0.0 ms]
      [Free CSet: 0.2 ms]
   [Eden: 357.0M(357.0M)->0.0B(55.0M) Survivors: 16.0M->47.0M Heap: 774.5M(2048.0M)->508.0M(2048.0M)]
 [Times: user=0.31 sys=0.00, real=0.09 secs] 
456.167: [GC pause (mixed), 0.1185287 secs]
   [Parallel Time: 116.4 ms, GC Workers: 4]
      [GC Worker Start (ms): Min: 456167.0, Avg: 456174.0, Max: 456194.1, Diff: 27.1]
      [Ext Root Scanning (ms): Min: 0.1, Avg: 1.2, Max: 1.9, Diff: 1.8, Sum: 4.9]
      [Update RS (ms): Min: 6.3, Avg: 23.1, Max: 28.8, Diff: 22.5, Sum: 92.5]
         [Processed Buffers: Min: 32, Avg: 127.8, Max: 193, Diff: 161, Sum: 511]
      [Scan RS (ms): Min: 0.0, Avg: 0.6, Max: 0.9, Diff: 0.9, Sum: 2.6]
      [Object Copy (ms): Min: 72.3, Avg: 74.7, Max: 82.0, Diff: 9.7, Sum: 299.0]
      [Termination (ms): Min: 0.0, Avg: 9.1, Max: 12.6, Diff: 12.6, Sum: 36.5]
      [GC Worker Other (ms): Min: 0.0, Avg: 0.0, Max: 0.0, Diff: 0.0, Sum: 0.1]
      [GC Worker Total (ms): Min: 88.5, Avg: 108.9, Max: 116.4, Diff: 27.9, Sum: 435.4]
      [GC Worker End (ms): Min: 456282.6, Avg: 456282.8, Max: 456283.4, Diff: 0.8]
   [Code Root Fixup: 0.0 ms]
   [Clear CT: 0.1 ms]
   [Other: 2.0 ms]
      [Choose CSet: 0.0 ms]
      [Ref Proc: 0.9 ms]
      [Ref Enq: 0.0 ms]
      [Free CSet: 0.2 ms]
   [Eden: 55.0M(55.0M)->0.0B(370.0M) Survivors: 47.0M->13.0M Heap: 563.0M(2048.0M)->520.0M(2048.0M)]
 [Times: user=0.39 sys=0.00, real=0.12 secs] 
456.642: [GC pause (young), 0.1555291 secs]
   [Parallel Time: 153.8 ms, GC Workers: 4]
      [GC Worker Start (ms): Min: 456641.9, Avg: 456641.9, Max: 456641.9, Diff: 0.0]
      [Ext Root Scanning (ms): Min: 1.2, Avg: 1.2, Max: 1.3, Diff: 0.0, Sum: 5.0]
      [Update RS (ms): Min: 20.4, Avg: 20.4, Max: 20.4, Diff: 0.0, Sum: 81.7]
         [Processed Buffers: Min: 122, Avg: 137.8, Max: 149, Diff: 27, Sum: 551]
      [Scan RS (ms): Min: 0.3, Avg: 0.3, Max: 0.3, Diff: 0.0, Sum: 1.3]
      [Object Copy (ms): Min: 131.7, Avg: 131.7, Max: 131.8, Diff: 0.1, Sum: 526.9]
      [Termination (ms): Min: 0.0, Avg: 0.0, Max: 0.0, Diff: 0.0, Sum: 0.1]
      [GC Worker Other (ms): Min: 0.0, Avg: 0.0, Max: 0.0, Diff: 0.0, Sum: 0.0]
      [GC Worker Total (ms): Min: 153.7, Avg: 153.7, Max: 153.7, Diff: 0.0, Sum: 614.9]
      [GC Worker End (ms): Min: 456795.6, Avg: 456795.6, Max: 456795.6, Diff: 0.0]
   [Code Root Fixup: 0.0 ms]
   [Clear CT: 0.4 ms]
   [Other: 1.3 ms]
      [Choose CSet: 0.0 ms]
      [Ref Proc: 0.0 ms]
      [Ref Enq: 0.0 ms]
      [Free CSet: 0.3 ms]
   [Eden: 370.0M(370.0M)->0.0B(239.0M) Survivors: 13.0M->48.0M Heap: 890.0M(2048.0M)->675.5M(2048.0M)]
 [Times: user=0.56 sys=0.00, real=0.16 secs] 
457.011: [GC pause (young), 0.1340249 secs]
   [Parallel Time: 132.2 ms, GC Workers: 4]
      [GC Worker Start (ms): Min: 457011.5, Avg: 457011.5, Max: 457011.5, Diff: 0.0]
      [Ext Root Scanning (ms): Min: 1.2, Avg: 1.2, Max: 1.2, Diff: 0.0, Sum: 4.9]
      [Update RS (ms): Min: 17.0, Avg: 17.0, Max: 17.1, Diff: 0.1, Sum: 68.1]
         [Processed Buffers: Min: 170, Avg: 192.8, Max: 223, Diff: 53, Sum: 771]
      [Scan RS (ms): Min: 3.1, Avg: 3.2, Max: 3.3, Diff: 0.2, Sum: 12.9]
      [Object Copy (ms): Min: 110.6, Avg: 110.7, Max: 110.7, Diff: 0.1, Sum: 442.8]
      [Termination (ms): Min: 0.0, Avg: 0.0, Max: 0.0, Diff: 0.0, Sum: 0.0]
      [GC Worker Other (ms): Min: 0.0, Avg: 0.0, Max: 0.0, Diff: 0.0, Sum: 0.1]
      [GC Worker Total (ms): Min: 132.2, Avg: 132.2, Max: 132.2, Diff: 0.0, Sum: 528.8]
      [GC Worker End (ms): Min: 457143.7, Avg: 457143.7, Max: 457143.7, Diff: 0.0]
   [Code Root Fixup: 0.0 ms]
   [Clear CT: 0.1 ms]
   [Other: 1.7 ms]
      [Choose CSet: 0.0 ms]
      [Ref Proc: 0.1 ms]
      [Ref Enq: 0.0 ms]
      [Free CSet: 0.2 ms]
   [Eden: 239.0M(239.0M)->0.0B(306.0M) Survivors: 48.0M->36.0M Heap: 914.5M(2048.0M)->762.5M(2048.0M)]
 [Times: user=0.56 sys=0.00, real=0.13 secs] 
457.466: [GC pause (young), 0.1548746 secs]
   [Parallel Time: 153.1 ms, GC Workers: 4]
      [GC Worker Start (ms): Min: 457466.8, Avg: 457466.8, Max: 457466.8, Diff: 0.0]
      [Ext Root Scanning (ms): Min: 0.8, Avg: 1.3, Max: 1.5, Diff: 0.7, Sum: 5.3]
      [Update RS (ms): Min: 17.7, Avg: 17.8, Max: 18.2, Diff: 0.5, Sum: 71.3]
         [Processed Buffers: Min: 98, Avg: 151.0, Max: 176, Diff: 78, Sum: 604]
      [Scan RS (ms): Min: 0.0, Avg: 0.3, Max: 0.4, Diff: 0.4, Sum: 1.2]
      [Object Copy (ms): Min: 133.3, Avg: 133.6, Max: 134.1, Diff: 0.8, Sum: 534.5]
      [Termination (ms): Min: 0.0, Avg: 0.0, Max: 0.0, Diff: 0.0, Sum: 0.0]
      [GC Worker Other (ms): Min: 0.0, Avg: 0.0, Max: 0.0, Diff: 0.0, Sum: 0.1]
      [GC Worker Total (ms): Min: 153.1, Avg: 153.1, Max: 153.1, Diff: 0.0, Sum: 612.4]
      [GC Worker End (ms): Min: 457619.9, Avg: 457619.9, Max: 457619.9, Diff: 0.0]
   [Code Root Fixup: 0.0 ms]
   [Clear CT: 0.1 ms]
   [Other: 1.6 ms]
      [Choose CSet: 0.0 ms]
      [Ref Proc: 0.0 ms]
      [Ref Enq: 0.0 ms]
      [Free CSet: 0.3 ms]
   [Eden: 306.0M(306.0M)->0.0B(279.0M) Survivors: 36.0M->43.0M Heap: 1068.5M(2048.0M)->891.5M(2048.0M)]
 [Times: user=0.55 sys=0.00, real=0.15 secs] 
457.889: [GC pause (young), 0.1719243 secs]
   [Parallel Time: 170.1 ms, GC Workers: 4]
      [GC Worker Start (ms): Min: 457889.8, Avg: 457889.8, Max: 457889.8, Diff: 0.0]
      [Ext Root Scanning (ms): Min: 1.3, Avg: 1.3, Max: 1.3, Diff: 0.0, Sum: 5.2]
      [Update RS (ms): Min: 19.6, Avg: 19.6, Max: 19.6, Diff: 0.0, Sum: 78.4]
         [Processed Buffers: Min: 144, Avg: 187.0, Max: 214, Diff: 70, Sum: 748]
      [Scan RS (ms): Min: 3.6, Avg: 3.6, Max: 3.6, Diff: 0.1, Sum: 14.4]
      [Object Copy (ms): Min: 145.4, Avg: 145.4, Max: 145.5, Diff: 0.1, Sum: 581.6]
      [Termination (ms): Min: 0.0, Avg: 0.1, Max: 0.2, Diff: 0.2, Sum: 0.3]
      [GC Worker Other (ms): Min: 0.0, Avg: 0.0, Max: 0.0, Diff: 0.0, Sum: 0.0]
      [GC Worker Total (ms): Min: 169.9, Avg: 170.0, Max: 170.1, Diff: 0.1, Sum: 680.0]
      [GC Worker End (ms): Min: 458059.8, Avg: 458059.8, Max: 458059.9, Diff: 0.1]
   [Code Root Fixup: 0.0 ms]
   [Clear CT: 0.1 ms]
   [Other: 1.7 ms]
      [Choose CSet: 0.0 ms]
      [Ref Proc: 0.1 ms]
      [Ref Enq: 0.0 ms]
      [Free CSet: 0.2 ms]
   [Eden: 279.0M(279.0M)->0.0B(246.0M) Survivors: 43.0M->41.0M Heap: 1170.5M(2048.0M)->1027.0M(2048.0M)]
 [Times: user=0.67 sys=0.00, real=0.17 secs] 
458.321: [GC pause (young) (initial-mark), 0.1220790 secs]
   [Parallel Time: 120.0 ms, GC Workers: 4]
      [GC Worker Start (ms): Min: 458321.8, Avg: 458322.8, Max: 458325.7, Diff: 3.9]
      [Ext Root Scanning (ms): Min: 0.1, Avg: 1.2, Max: 1.7, Diff: 1.5, Sum: 4.9]
      [Update RS (ms): Min: 26.1, Avg: 27.6, Max: 28.1, Diff: 2.1, Sum: 110.2]
         [Processed Buffers: Min: 148, Avg: 193.8, Max: 255, Diff: 107, Sum: 775]
      [Scan RS (ms): Min: 0.1, Avg: 0.2, Max: 0.3, Diff: 0.2, Sum: 0.7]
      [Object Copy (ms): Min: 89.8, Avg: 90.0, Max: 90.1, Diff: 0.4, Sum: 360.2]
      [Termination (ms): Min: 0.0, Avg: 0.0, Max: 0.0, Diff: 0.0, Sum: 0.0]
      [GC Worker Other (ms): Min: 0.0, Avg: 0.0, Max: 0.0, Diff: 0.0, Sum: 0.1]
      [GC Worker Total (ms): Min: 116.1, Avg: 119.0, Max: 120.0, Diff: 3.9, Sum: 476.1]
      [GC Worker End (ms): Min: 458441.8, Avg: 458441.8, Max: 458441.8, Diff: 0.0]
   [Code Root Fixup: 0.0 ms]
   [Clear CT: 0.5 ms]
   [Other: 1.5 ms]
      [Choose CSet: 0.0 ms]
      [Ref Proc: 0.0 ms]
      [Ref Enq: 0.0 ms]
      [Free CSet: 0.2 ms]
   [Eden: 246.0M(246.0M)->0.0B(349.0M) Survivors: 41.0M->36.0M Heap: 1273.0M(2048.0M)->1094.0M(2048.0M)]
 [Times: user=0.42 sys=0.00, real=0.12 secs] 
458.444: [GC concurrent-root-region-scan-start]
458.481: [GC concurrent-root-region-scan-end, 0.0372699 secs]
458.481: [GC concurrent-mark-start]
458.758: [GC pause (young), 0.1009295 secs]
   [Parallel Time: 99.4 ms, GC Workers: 4]
      [GC Worker Start (ms): Min: 458757.9, Avg: 458757.9, Max: 458757.9, Diff: 0.0]
      [Ext Root Scanning (ms): Min: 1.2, Avg: 1.3, Max: 1.3, Diff: 0.0, Sum: 5.0]
      [SATB Filtering (ms): Min: 0.0, Avg: 0.1, Max: 0.5, Diff: 0.5, Sum: 0.5]
      [Update RS (ms): Min: 35.1, Avg: 37.2, Max: 39.5, Diff: 4.4, Sum: 148.9]
         [Processed Buffers: Min: 179, Avg: 200.5, Max: 213, Diff: 34, Sum: 802]
      [Scan RS (ms): Min: 0.0, Avg: 0.2, Max: 0.3, Diff: 0.3, Sum: 0.6]
      [Object Copy (ms): Min: 58.6, Avg: 60.6, Max: 62.3, Diff: 3.6, Sum: 242.4]
      [Termination (ms): Min: 0.0, Avg: 0.0, Max: 0.0, Diff: 0.0, Sum: 0.0]
      [GC Worker Other (ms): Min: 0.0, Avg: 0.0, Max: 0.0, Diff: 0.0, Sum: 0.1]
      [GC Worker Total (ms): Min: 99.4, Avg: 99.4, Max: 99.4, Diff: 0.0, Sum: 397.5]
      [GC Worker End (ms): Min: 458857.3, Avg: 458857.3, Max: 458857.3, Diff: 0.0]
   [Code Root Fixup: 0.0 ms]
   [Clear CT: 0.1 ms]
   [Other: 1.4 ms]
      [Choose CSet: 0.0 ms]
      [Ref Proc: 0.1 ms]
      [Ref Enq: 0.0 ms]
      [Free CSet: 0.5 ms]
   [Eden: 349.0M(349.0M)->0.0B(384.0M) Survivors: 36.0M->35.0M Heap: 1443.0M(2048.0M)->1129.5M(2048.0M)]
 [Times: user=0.34 sys=0.00, real=0.10 secs] 
459.031: [GC concurrent-mark-end, 0.5495467 secs]
459.031: [GC remark 459.032: [GC ref-proc, 0.0017470 secs], 0.0036277 secs]
 [Times: user=0.00 sys=0.00, real=0.00 secs] 
459.036: [GC cleanup 1345M->770M(2048M), 0.0016530 secs]
 [Times: user=0.00 sys=0.00, real=0.00 secs] 
459.038: [GC concurrent-cleanup-start]
459.039: [GC concurrent-cleanup-end, 0.0006665 secs]
459.194: [GC pause (young), 0.1488553 secs]
   [Parallel Time: 147.4 ms, GC Workers: 4]
      [GC Worker Start (ms): Min: 459194.1, Avg: 459194.1, Max: 459194.1, Diff: 0.0]
      [Ext Root Scanning (ms): Min: 1.2, Avg: 1.2, Max: 1.2, Diff: 0.0, Sum: 4.9]
      [Update RS (ms): Min: 17.3, Avg: 17.3, Max: 17.4, Diff: 0.1, Sum: 69.3]
         [Processed Buffers: Min: 125, Avg: 158.8, Max: 182, Diff: 57, Sum: 635]
      [Scan RS (ms): Min: 0.1, Avg: 0.1, Max: 0.1, Diff: 0.0, Sum: 0.4]
      [Object Copy (ms): Min: 128.6, Avg: 128.7, Max: 128.7, Diff: 0.0, Sum: 514.6]
      [Termination (ms): Min: 0.0, Avg: 0.0, Max: 0.0, Diff: 0.0, Sum: 0.0]
      [GC Worker Other (ms): Min: 0.0, Avg: 0.0, Max: 0.0, Diff: 0.0, Sum: 0.1]
      [GC Worker Total (ms): Min: 147.3, Avg: 147.3, Max: 147.3, Diff: 0.0, Sum: 589.3]
      [GC Worker End (ms): Min: 459341.5, Avg: 459341.5, Max: 459341.5, Diff: 0.0]
   [Code Root Fixup: 0.0 ms]
   [Clear CT: 0.2 ms]
   [Other: 1.3 ms]
      [Choose CSet: 0.0 ms]
      [Ref Proc: 0.0 ms]
      [Ref Enq: 0.0 ms]
      [Free CSet: 0.3 ms]
   [Eden: 384.0M(384.0M)->0.0B(49.0M) Survivors: 35.0M->53.0M Heap: 938.5M(2048.0M)->686.5M(2048.0M)]
 [Times: user=0.56 sys=0.00, real=0.15 secs] 
459.380: [GC pause (mixed), 0.0865302 secs]
   [Parallel Time: 84.8 ms, GC Workers: 4]
      [GC Worker Start (ms): Min: 459380.6, Avg: 459380.6, Max: 459380.6, Diff: 0.1]
      [Ext Root Scanning (ms): Min: 1.2, Avg: 1.2, Max: 1.3, Diff: 0.1, Sum: 4.9]
      [Update RS (ms): Min: 33.1, Avg: 33.2, Max: 33.2, Diff: 0.1, Sum: 132.7]
         [Processed Buffers: Min: 173, Avg: 175.8, Max: 178, Diff: 5, Sum: 703]
      [Scan RS (ms): Min: 1.6, Avg: 1.6, Max: 1.7, Diff: 0.1, Sum: 6.5]
      [Object Copy (ms): Min: 48.7, Avg: 48.8, Max: 48.8, Diff: 0.1, Sum: 195.1]
      [Termination (ms): Min: 0.0, Avg: 0.0, Max: 0.0, Diff: 0.0, Sum: 0.0]
      [GC Worker Other (ms): Min: 0.0, Avg: 0.0, Max: 0.0, Diff: 0.0, Sum: 0.1]
      [GC Worker Total (ms): Min: 84.8, Avg: 84.8, Max: 84.8, Diff: 0.1, Sum: 339.2]
      [GC Worker End (ms): Min: 459465.4, Avg: 459465.4, Max: 459465.4, Diff: 0.0]
   [Code Root Fixup: 0.0 ms]
   [Clear CT: 0.2 ms]
   [Other: 1.5 ms]
      [Choose CSet: 0.1 ms]
      [Ref Proc: 0.1 ms]
      [Ref Enq: 0.0 ms]
      [Free CSet: 0.5 ms]
   [Eden: 49.0M(49.0M)->0.0B(470.0M) Survivors: 53.0M->3072.0K Heap: 735.5M(2048.0M)->608.5M(2048.0M)]
 [Times: user=0.31 sys=0.00, real=0.09 secs] 
459.889: [GC pause (young), 0.1770347 secs]
   [Parallel Time: 175.3 ms, GC Workers: 4]
      [GC Worker Start (ms): Min: 459889.6, Avg: 459889.6, Max: 459889.6, Diff: 0.0]
      [Ext Root Scanning (ms): Min: 1.2, Avg: 1.2, Max: 1.3, Diff: 0.0, Sum: 4.9]
      [Update RS (ms): Min: 30.9, Avg: 31.0, Max: 31.2, Diff: 0.3, Sum: 124.0]
         [Processed Buffers: Min: 198, Avg: 275.0, Max: 411, Diff: 213, Sum: 1100]
      [Scan RS (ms): Min: 0.0, Avg: 0.1, Max: 0.2, Diff: 0.2, Sum: 0.5]
      [Object Copy (ms): Min: 142.8, Avg: 142.9, Max: 142.9, Diff: 0.1, Sum: 571.7]
      [Termination (ms): Min: 0.0, Avg: 0.0, Max: 0.0, Diff: 0.0, Sum: 0.0]
      [GC Worker Other (ms): Min: 0.0, Avg: 0.0, Max: 0.0, Diff: 0.0, Sum: 0.1]
      [GC Worker Total (ms): Min: 175.3, Avg: 175.3, Max: 175.3, Diff: 0.0, Sum: 701.1]
      [GC Worker End (ms): Min: 460064.8, Avg: 460064.9, Max: 460064.9, Diff: 0.0]
   [Code Root Fixup: 0.0 ms]
   [Clear CT: 0.1 ms]
   [Other: 1.6 ms]
      [Choose CSet: 0.0 ms]
      [Ref Proc: 0.0 ms]
      [Ref Enq: 0.0 ms]
      [Free CSet: 0.3 ms]
   [Eden: 470.0M(470.0M)->0.0B(244.0M) Survivors: 3072.0K->60.0M Heap: 1078.5M(2048.0M)->781.5M(2048.0M)]
 [Times: user=0.67 sys=0.00, real=0.18 secs] 
460.295: [GC pause (young), 0.1705690 secs]
   [Parallel Time: 168.6 ms, GC Workers: 4]
      [GC Worker Start (ms): Min: 460295.3, Avg: 460295.3, Max: 460295.3, Diff: 0.0]
      [Ext Root Scanning (ms): Min: 1.3, Avg: 1.3, Max: 1.3, Diff: 0.0, Sum: 5.1]
      [Update RS (ms): Min: 15.9, Avg: 15.9, Max: 15.9, Diff: 0.1, Sum: 63.7]
         [Processed Buffers: Min: 151, Avg: 190.0, Max: 236, Diff: 85, Sum: 760]
      [Scan RS (ms): Min: 6.0, Avg: 6.0, Max: 6.1, Diff: 0.1, Sum: 24.1]
      [Object Copy (ms): Min: 141.8, Avg: 142.7, Max: 145.4, Diff: 3.6, Sum: 570.9]
      [Termination (ms): Min: 0.0, Avg: 2.7, Max: 3.6, Diff: 3.6, Sum: 10.7]
      [GC Worker Other (ms): Min: 0.0, Avg: 0.0, Max: 0.0, Diff: 0.0, Sum: 0.1]
      [GC Worker Total (ms): Min: 168.6, Avg: 168.6, Max: 168.6, Diff: 0.0, Sum: 674.5]
      [GC Worker End (ms): Min: 460463.9, Avg: 460463.9, Max: 460463.9, Diff: 0.0]
   [Code Root Fixup: 0.0 ms]
   [Clear CT: 0.1 ms]
   [Other: 1.8 ms]
      [Choose CSet: 0.0 ms]
      [Ref Proc: 0.1 ms]
      [Ref Enq: 0.0 ms]
      [Free CSet: 0.2 ms]
   [Eden: 244.0M(244.0M)->0.0B(146.0M) Survivors: 60.0M->38.0M Heap: 1025.5M(2048.0M)->887.0M(2048.0M)]
 [Times: user=0.61 sys=0.00, real=0.17 secs] 
460.671: [GC pause (young), 0.0970296 secs]
   [Parallel Time: 95.8 ms, GC Workers: 4]
      [GC Worker Start (ms): Min: 460671.4, Avg: 460671.4, Max: 460671.4, Diff: 0.0]
      [Ext Root Scanning (ms): Min: 1.2, Avg: 1.2, Max: 1.2, Diff: 0.1, Sum: 4.9]
      [Update RS (ms): Min: 23.2, Avg: 23.5, Max: 24.3, Diff: 1.0, Sum: 94.1]
         [Processed Buffers: Min: 184, Avg: 191.0, Max: 198, Diff: 14, Sum: 764]
      [Scan RS (ms): Min: 0.0, Avg: 0.2, Max: 0.3, Diff: 0.3, Sum: 0.8]
      [Object Copy (ms): Min: 70.2, Avg: 70.8, Max: 71.0, Diff: 0.8, Sum: 283.0]
      [Termination (ms): Min: 0.0, Avg: 0.0, Max: 0.0, Diff: 0.0, Sum: 0.0]
      [GC Worker Other (ms): Min: 0.0, Avg: 0.0, Max: 0.0, Diff: 0.0, Sum: 0.1]
      [GC Worker Total (ms): Min: 95.7, Avg: 95.7, Max: 95.7, Diff: 0.0, Sum: 382.9]
      [GC Worker End (ms): Min: 460767.1, Avg: 460767.1, Max: 460767.1, Diff: 0.0]
   [Code Root Fixup: 0.0 ms]
   [Clear CT: 0.1 ms]
   [Other: 1.2 ms]
      [Choose CSet: 0.0 ms]
      [Ref Proc: 0.0 ms]
      [Ref Enq: 0.0 ms]
      [Free CSet: 0.2 ms]
   [Eden: 146.0M(146.0M)->0.0B(307.0M) Survivors: 38.0M->23.0M Heap: 1033.0M(2048.0M)->927.0M(2048.0M)]
 [Times: user=0.34 sys=0.00, real=0.10 secs] 
461.038: [GC pause (young), 0.1746767 secs]
   [Parallel Time: 173.0 ms, GC Workers: 4]
      [GC Worker Start (ms): Min: 461037.9, Avg: 461037.9, Max: 461037.9, Diff: 0.0]
      [Ext Root Scanning (ms): Min: 1.4, Avg: 1.4, Max: 1.5, Diff: 0.1, Sum: 5.7]
      [Update RS (ms): Min: 13.8, Avg: 13.8, Max: 14.0, Diff: 0.2, Sum: 55.3]
         [Processed Buffers: Min: 100, Avg: 103.8, Max: 107, Diff: 7, Sum: 415]
      [Scan RS (ms): Min: 0.2, Avg: 0.3, Max: 0.4, Diff: 0.2, Sum: 1.3]
      [Object Copy (ms): Min: 157.3, Avg: 157.4, Max: 157.4, Diff: 0.1, Sum: 629.5]
      [Termination (ms): Min: 0.0, Avg: 0.0, Max: 0.0, Diff: 0.0, Sum: 0.0]
      [GC Worker Other (ms): Min: 0.0, Avg: 0.0, Max: 0.0, Diff: 0.0, Sum: 0.1]
      [GC Worker Total (ms): Min: 172.9, Avg: 173.0, Max: 173.0, Diff: 0.0, Sum: 691.8]
      [GC Worker End (ms): Min: 461210.8, Avg: 461210.8, Max: 461210.8, Diff: 0.0]
   [Code Root Fixup: 0.0 ms]
   [Clear CT: 0.1 ms]
   [Other: 1.6 ms]
      [Choose CSet: 0.0 ms]
      [Ref Proc: 0.0 ms]
      [Ref Enq: 0.0 ms]
      [Free CSet: 0.3 ms]
   [Eden: 307.0M(307.0M)->0.0B(228.0M) Survivors: 23.0M->42.0M Heap: 1234.0M(2048.0M)->1092.5M(2048.0M)]
 [Times: user=0.62 sys=0.00, real=0.17 secs] 
461.484: [GC pause (young) (initial-mark), 0.0940645 secs]
   [Parallel Time: 92.2 ms, GC Workers: 4]
      [GC Worker Start (ms): Min: 461484.7, Avg: 461489.8, Max: 461501.7, Diff: 17.0]
      [Ext Root Scanning (ms): Min: 0.1, Avg: 1.8, Max: 3.5, Diff: 3.4, Sum: 7.1]
      [Update RS (ms): Min: 8.3, Avg: 18.2, Max: 21.8, Diff: 13.5, Sum: 72.8]
         [Processed Buffers: Min: 43, Avg: 100.3, Max: 128, Diff: 85, Sum: 401]
      [Scan RS (ms): Min: 2.8, Avg: 2.9, Max: 3.0, Diff: 0.1, Sum: 11.5]
      [Object Copy (ms): Min: 63.8, Avg: 64.2, Max: 64.6, Diff: 0.8, Sum: 256.8]
      [Termination (ms): Min: 0.0, Avg: 0.0, Max: 0.0, Diff: 0.0, Sum: 0.0]
      [GC Worker Other (ms): Min: 0.0, Avg: 0.0, Max: 0.0, Diff: 0.0, Sum: 0.1]
      [GC Worker Total (ms): Min: 75.2, Avg: 87.1, Max: 92.2, Diff: 17.0, Sum: 348.3]
      [GC Worker End (ms): Min: 461576.9, Avg: 461576.9, Max: 461576.9, Diff: 0.0]
   [Code Root Fixup: 0.0 ms]
   [Clear CT: 0.6 ms]
   [Other: 1.3 ms]
      [Choose CSet: 0.0 ms]
      [Ref Proc: 0.0 ms]
      [Ref Enq: 0.0 ms]
      [Free CSet: 0.2 ms]
   [Eden: 228.0M(228.0M)->0.0B(334.0M) Survivors: 42.0M->23.0M Heap: 1320.5M(2048.0M)->1116.0M(2048.0M)]
 [Times: user=0.33 sys=0.00, real=0.09 secs] 
461.579: [GC concurrent-root-region-scan-start]
461.602: [GC concurrent-root-region-scan-end, 0.0228384 secs]
461.602: [GC concurrent-mark-start]
461.893: [GC pause (young), 0.0750882 secs]
   [Parallel Time: 74.1 ms, GC Workers: 4]
      [GC Worker Start (ms): Min: 461893.9, Avg: 461894.8, Max: 461897.6, Diff: 3.7]
      [Ext Root Scanning (ms): Min: 0.1, Avg: 1.3, Max: 1.8, Diff: 1.7, Sum: 5.0]
      [SATB Filtering (ms): Min: 0.0, Avg: 0.4, Max: 1.6, Diff: 1.6, Sum: 1.6]
      [Update RS (ms): Min: 17.4, Avg: 18.7, Max: 20.8, Diff: 3.3, Sum: 74.6]
         [Processed Buffers: Min: 160, Avg: 259.5, Max: 342, Diff: 182, Sum: 1038]
      [Scan RS (ms): Min: 0.0, Avg: 0.1, Max: 0.3, Diff: 0.2, Sum: 0.5]
      [Object Copy (ms): Min: 51.5, Avg: 52.7, Max: 53.3, Diff: 1.8, Sum: 210.6]
      [Termination (ms): Min: 0.0, Avg: 0.0, Max: 0.0, Diff: 0.0, Sum: 0.0]
      [GC Worker Other (ms): Min: 0.0, Avg: 0.0, Max: 0.0, Diff: 0.0, Sum: 0.1]
      [GC Worker Total (ms): Min: 70.3, Avg: 73.1, Max: 74.1, Diff: 3.7, Sum: 292.4]
      [GC Worker End (ms): Min: 461968.0, Avg: 461968.0, Max: 461968.0, Diff: 0.0]
   [Code Root Fixup: 0.0 ms]
   [Clear CT: 0.1 ms]
   [Other: 0.9 ms]
      [Choose CSet: 0.0 ms]
      [Ref Proc: 0.0 ms]
      [Ref Enq: 0.0 ms]
      [Free CSet: 0.3 ms]
   [Eden: 334.0M(334.0M)->0.0B(246.0M) Survivors: 23.0M->45.0M Heap: 1450.0M(2048.0M)->1151.5M(2048.0M)]
 [Times: user=0.28 sys=0.00, real=0.08 secs] 
462.098: [GC concurrent-mark-end, 0.4967072 secs]
462.099: [GC remark 462.099: [GC ref-proc, 0.0018999 secs], 0.0063512 secs]
 [Times: user=0.02 sys=0.00, real=0.01 secs] 
462.108: [GC cleanup 1312M->680M(2048M), 0.0026459 secs]
 [Times: user=0.00 sys=0.00, real=0.00 secs] 
462.111: [GC concurrent-cleanup-start]
462.112: [GC concurrent-cleanup-end, 0.0013778 secs]
462.185: [GC pause (young), 0.1066662 secs]
   [Parallel Time: 105.5 ms, GC Workers: 4]
      [GC Worker Start (ms): Min: 462184.8, Avg: 462184.8, Max: 462184.8, Diff: 0.0]
      [Ext Root Scanning (ms): Min: 1.3, Avg: 1.3, Max: 1.4, Diff: 0.1, Sum: 5.2]
      [Update RS (ms): Min: 4.6, Avg: 4.7, Max: 4.7, Diff: 0.1, Sum: 18.7]
         [Processed Buffers: Min: 22, Avg: 23.5, Max: 25, Diff: 3, Sum: 94]
      [Scan RS (ms): Min: 0.0, Avg: 0.1, Max: 0.1, Diff: 0.1, Sum: 0.3]
      [Object Copy (ms): Min: 97.5, Avg: 98.0, Max: 99.4, Diff: 1.8, Sum: 392.0]
      [Termination (ms): Min: 0.0, Avg: 1.4, Max: 1.8, Diff: 1.8, Sum: 5.5]
      [GC Worker Other (ms): Min: 0.0, Avg: 0.0, Max: 0.0, Diff: 0.0, Sum: 0.0]
      [GC Worker Total (ms): Min: 105.4, Avg: 105.4, Max: 105.4, Diff: 0.0, Sum: 421.8]
      [GC Worker End (ms): Min: 462290.2, Avg: 462290.2, Max: 462290.2, Diff: 0.0]
   [Code Root Fixup: 0.0 ms]
   [Clear CT: 0.1 ms]
   [Other: 1.1 ms]
      [Choose CSet: 0.0 ms]
      [Ref Proc: 0.1 ms]
      [Ref Enq: 0.0 ms]
      [Free CSet: 0.2 ms]
   [Eden: 246.0M(246.0M)->0.0B(65.0M) Survivors: 45.0M->37.0M Heap: 765.5M(2048.0M)->595.5M(2048.0M)]
 [Times: user=0.40 sys=0.00, real=0.11 secs] 
462.335: [GC pause (mixed), 0.0878037 secs]
   [Parallel Time: 86.4 ms, GC Workers: 4]
      [GC Worker Start (ms): Min: 462335.0, Avg: 462335.0, Max: 462335.0, Diff: 0.0]
      [Ext Root Scanning (ms): Min: 1.2, Avg: 1.3, Max: 1.3, Diff: 0.1, Sum: 5.1]
      [Update RS (ms): Min: 30.7, Avg: 30.7, Max: 30.9, Diff: 0.2, Sum: 123.0]
         [Processed Buffers: Min: 153, Avg: 161.8, Max: 172, Diff: 19, Sum: 647]
      [Scan RS (ms): Min: 1.9, Avg: 5.9, Max: 17.6, Diff: 15.7, Sum: 23.6]
      [Object Copy (ms): Min: 36.6, Avg: 48.5, Max: 52.4, Diff: 15.9, Sum: 193.8]
      [Termination (ms): Min: 0.0, Avg: 0.0, Max: 0.0, Diff: 0.0, Sum: 0.0]
      [GC Worker Other (ms): Min: 0.0, Avg: 0.0, Max: 0.0, Diff: 0.0, Sum: 0.1]
      [GC Worker Total (ms): Min: 86.4, Avg: 86.4, Max: 86.4, Diff: 0.0, Sum: 345.5]
      [GC Worker End (ms): Min: 462421.3, Avg: 462421.3, Max: 462421.3, Diff: 0.0]
   [Code Root Fixup: 0.0 ms]
   [Clear CT: 0.2 ms]
   [Other: 1.2 ms]
      [Choose CSet: 0.0 ms]
      [Ref Proc: 0.0 ms]
      [Ref Enq: 0.0 ms]
      [Free CSet: 0.5 ms]
   [Eden: 65.0M(65.0M)->0.0B(470.0M) Survivors: 37.0M->13.0M Heap: 660.5M(2048.0M)->531.0M(2048.0M)]
 [Times: user=0.36 sys=0.00, real=0.09 secs] 
462.876: [GC pause (young), 0.2692143 secs]
   [Parallel Time: 265.9 ms, GC Workers: 4]
      [GC Worker Start (ms): Min: 462876.5, Avg: 462881.1, Max: 462894.7, Diff: 18.2]
      [Ext Root Scanning (ms): Min: 0.1, Avg: 2.7, Max: 6.2, Diff: 6.1, Sum: 11.0]
      [Update RS (ms): Min: 13.5, Avg: 24.4, Max: 29.3, Diff: 15.7, Sum: 97.8]
         [Processed Buffers: Min: 80, Avg: 138.8, Max: 167, Diff: 87, Sum: 555]
      [Scan RS (ms): Min: 0.1, Avg: 0.1, Max: 0.1, Diff: 0.1, Sum: 0.5]
      [Object Copy (ms): Min: 233.7, Avg: 233.8, Max: 234.0, Diff: 0.3, Sum: 935.4]
      [Termination (ms): Min: 0.0, Avg: 0.0, Max: 0.0, Diff: 0.0, Sum: 0.0]
      [GC Worker Other (ms): Min: 0.0, Avg: 0.0, Max: 0.0, Diff: 0.0, Sum: 0.1]
      [GC Worker Total (ms): Min: 247.5, Avg: 261.2, Max: 265.8, Diff: 18.3, Sum: 1044.7]
      [GC Worker End (ms): Min: 463142.2, Avg: 463142.2, Max: 463142.3, Diff: 0.0]
   [Code Root Fixup: 0.0 ms]
   [Clear CT: 0.6 ms]
   [Other: 2.6 ms]
      [Choose CSet: 0.0 ms]
      [Ref Proc: 0.0 ms]
      [Ref Enq: 0.0 ms]
      [Free CSet: 0.6 ms]
   [Eden: 470.0M(470.0M)->0.0B(193.0M) Survivors: 13.0M->61.0M Heap: 1001.0M(2048.0M)->788.0M(2048.0M)]
 [Times: user=0.98 sys=0.00, real=0.27 secs] 
463.391: [GC pause (young), 0.1389778 secs]
   [Parallel Time: 136.8 ms, GC Workers: 4]
      [GC Worker Start (ms): Min: 463391.6, Avg: 463391.6, Max: 463391.6, Diff: 0.0]
      [Ext Root Scanning (ms): Min: 1.3, Avg: 1.3, Max: 1.3, Diff: 0.0, Sum: 5.1]
      [Update RS (ms): Min: 16.8, Avg: 16.9, Max: 16.9, Diff: 0.1, Sum: 67.5]
         [Processed Buffers: Min: 191, Avg: 240.8, Max: 289, Diff: 98, Sum: 963]
      [Scan RS (ms): Min: 21.5, Avg: 21.6, Max: 21.6, Diff: 0.1, Sum: 86.3]
      [Object Copy (ms): Min: 97.0, Avg: 97.0, Max: 97.0, Diff: 0.0, Sum: 388.1]
      [Termination (ms): Min: 0.0, Avg: 0.0, Max: 0.0, Diff: 0.0, Sum: 0.0]
      [GC Worker Other (ms): Min: 0.0, Avg: 0.0, Max: 0.0, Diff: 0.0, Sum: 0.1]
      [GC Worker Total (ms): Min: 136.8, Avg: 136.8, Max: 136.8, Diff: 0.0, Sum: 547.1]
      [GC Worker End (ms): Min: 463528.3, Avg: 463528.3, Max: 463528.3, Diff: 0.0]
   [Code Root Fixup: 0.0 ms]
   [Clear CT: 0.1 ms]
   [Other: 2.1 ms]
      [Choose CSet: 0.0 ms]
      [Ref Proc: 0.0 ms]
      [Ref Enq: 0.0 ms]
      [Free CSet: 0.3 ms]
   [Eden: 193.0M(193.0M)->0.0B(70.0M) Survivors: 61.0M->32.0M Heap: 981.0M(2048.0M)->844.0M(2048.0M)]
 [Times: user=0.55 sys=0.00, real=0.14 secs] 
463.687: [GC pause (young), 0.0569733 secs]
   [Parallel Time: 56.2 ms, GC Workers: 4]
      [GC Worker Start (ms): Min: 463687.6, Avg: 463687.6, Max: 463687.8, Diff: 0.2]
      [Ext Root Scanning (ms): Min: 1.1, Avg: 1.2, Max: 1.3, Diff: 0.2, Sum: 4.9]
      [Update RS (ms): Min: 21.2, Avg: 21.2, Max: 21.2, Diff: 0.0, Sum: 85.0]
         [Processed Buffers: Min: 126, Avg: 128.8, Max: 133, Diff: 7, Sum: 515]
      [Scan RS (ms): Min: 0.3, Avg: 0.3, Max: 0.3, Diff: 0.0, Sum: 1.0]
      [Object Copy (ms): Min: 33.4, Avg: 33.4, Max: 33.4, Diff: 0.0, Sum: 133.6]
      [Termination (ms): Min: 0.0, Avg: 0.0, Max: 0.0, Diff: 0.0, Sum: 0.0]
      [GC Worker Other (ms): Min: 0.0, Avg: 0.0, Max: 0.0, Diff: 0.0, Sum: 0.1]
      [GC Worker Total (ms): Min: 56.0, Avg: 56.2, Max: 56.2, Diff: 0.2, Sum: 224.6]
      [GC Worker End (ms): Min: 463743.8, Avg: 463743.8, Max: 463743.8, Diff: 0.0]
   [Code Root Fixup: 0.0 ms]
   [Clear CT: 0.1 ms]
   [Other: 0.7 ms]
      [Choose CSet: 0.0 ms]
      [Ref Proc: 0.0 ms]
      [Ref Enq: 0.0 ms]
      [Free CSet: 0.1 ms]
   [Eden: 70.0M(70.0M)->0.0B(97.0M) Survivors: 32.0M->5120.0K Heap: 914.0M(2048.0M)->850.0M(2048.0M)]
 [Times: user=0.22 sys=0.00, real=0.06 secs] 
463.819: [GC pause (young), 0.0565313 secs]
   [Parallel Time: 55.8 ms, GC Workers: 4]
      [GC Worker Start (ms): Min: 463818.9, Avg: 463818.9, Max: 463818.9, Diff: 0.0]
      [Ext Root Scanning (ms): Min: 1.5, Avg: 4.5, Max: 13.4, Diff: 11.9, Sum: 18.1]
      [Update RS (ms): Min: 8.1, Avg: 20.7, Max: 27.6, Diff: 19.5, Sum: 82.9]
         [Processed Buffers: Min: 82, Avg: 141.5, Max: 199, Diff: 117, Sum: 566]
      [Scan RS (ms): Min: 0.0, Avg: 0.0, Max: 0.1, Diff: 0.0, Sum: 0.1]
      [Object Copy (ms): Min: 26.7, Avg: 30.5, Max: 34.3, Diff: 7.7, Sum: 121.9]
      [Termination (ms): Min: 0.0, Avg: 0.0, Max: 0.0, Diff: 0.0, Sum: 0.0]
      [GC Worker Other (ms): Min: 0.0, Avg: 0.0, Max: 0.0, Diff: 0.0, Sum: 0.1]
      [GC Worker Total (ms): Min: 55.8, Avg: 55.8, Max: 55.8, Diff: 0.0, Sum: 223.1]
      [GC Worker End (ms): Min: 463874.7, Avg: 463874.7, Max: 463874.7, Diff: 0.0]
   [Code Root Fixup: 0.0 ms]
   [Clear CT: 0.0 ms]
   [Other: 0.7 ms]
      [Choose CSet: 0.0 ms]
      [Ref Proc: 0.0 ms]
      [Ref Enq: 0.0 ms]
      [Free CSet: 0.2 ms]
   [Eden: 97.0M(97.0M)->0.0B(161.0M) Survivors: 5120.0K->13.0M Heap: 947.0M(2048.0M)->885.0M(2048.0M)]
 [Times: user=0.23 sys=0.00, real=0.06 secs] 
464.018: [GC pause (young), 0.1126618 secs]
   [Parallel Time: 111.5 ms, GC Workers: 4]
      [GC Worker Start (ms): Min: 464018.7, Avg: 464018.8, Max: 464018.8, Diff: 0.0]
      [Ext Root Scanning (ms): Min: 1.5, Avg: 1.7, Max: 1.9, Diff: 0.4, Sum: 6.7]
      [Update RS (ms): Min: 10.4, Avg: 10.5, Max: 10.7, Diff: 0.3, Sum: 41.9]
         [Processed Buffers: Min: 53, Avg: 54.0, Max: 55, Diff: 2, Sum: 216]
      [Scan RS (ms): Min: 0.0, Avg: 0.0, Max: 0.1, Diff: 0.1, Sum: 0.2]
      [Object Copy (ms): Min: 98.0, Avg: 98.4, Max: 99.3, Diff: 1.3, Sum: 393.6]
      [Termination (ms): Min: 0.0, Avg: 0.9, Max: 1.2, Diff: 1.2, Sum: 3.4]
      [GC Worker Other (ms): Min: 0.0, Avg: 0.0, Max: 0.0, Diff: 0.0, Sum: 0.1]
      [GC Worker Total (ms): Min: 111.5, Avg: 111.5, Max: 111.5, Diff: 0.0, Sum: 445.9]
      [GC Worker End (ms): Min: 464130.2, Avg: 464130.2, Max: 464130.3, Diff: 0.0]
   [Code Root Fixup: 0.0 ms]
   [Clear CT: 0.0 ms]
   [Other: 1.1 ms]
      [Choose CSet: 0.0 ms]
      [Ref Proc: 0.1 ms]
      [Ref Enq: 0.0 ms]
      [Free CSet: 0.1 ms]
   [Eden: 161.0M(161.0M)->0.0B(167.0M) Survivors: 13.0M->22.0M Heap: 1046.0M(2048.0M)->992.5M(2048.0M)]
 [Times: user=0.39 sys=0.00, real=0.11 secs] 
464.294: [GC pause (young) (initial-mark), 0.1013407 secs]
   [Parallel Time: 99.9 ms, GC Workers: 4]
      [GC Worker Start (ms): Min: 464294.7, Avg: 464295.2, Max: 464297.0, Diff: 2.3]
      [Ext Root Scanning (ms): Min: 0.1, Avg: 1.4, Max: 1.8, Diff: 1.8, Sum: 5.5]
      [Update RS (ms): Min: 15.8, Avg: 20.6, Max: 34.6, Diff: 18.8, Sum: 82.4]
         [Processed Buffers: Min: 121, Avg: 183.0, Max: 272, Diff: 151, Sum: 732]
      [Scan RS (ms): Min: 0.0, Avg: 0.1, Max: 0.2, Diff: 0.1, Sum: 0.5]
      [Object Copy (ms): Min: 62.7, Avg: 76.6, Max: 81.5, Diff: 18.8, Sum: 306.3]
      [Termination (ms): Min: 0.0, Avg: 0.6, Max: 0.8, Diff: 0.8, Sum: 2.4]
      [GC Worker Other (ms): Min: 0.0, Avg: 0.0, Max: 0.0, Diff: 0.0, Sum: 0.1]
      [GC Worker Total (ms): Min: 97.6, Avg: 99.3, Max: 99.9, Diff: 2.3, Sum: 397.1]
      [GC Worker End (ms): Min: 464394.5, Avg: 464394.5, Max: 464394.5, Diff: 0.0]
   [Code Root Fixup: 0.0 ms]
   [Clear CT: 0.1 ms]
   [Other: 1.4 ms]
      [Choose CSet: 0.0 ms]
      [Ref Proc: 0.0 ms]
      [Ref Enq: 0.0 ms]
      [Free CSet: 0.2 ms]
   [Eden: 167.0M(167.0M)->0.0B(210.0M) Survivors: 22.0M->24.0M Heap: 1159.5M(2048.0M)->1047.5M(2048.0M)]
 [Times: user=0.31 sys=0.00, real=0.10 secs] 
464.396: [GC concurrent-root-region-scan-start]
464.422: [GC concurrent-root-region-scan-end, 0.0260607 secs]
464.422: [GC concurrent-mark-start]
464.596: [GC pause (young), 0.0495608 secs]
   [Parallel Time: 47.6 ms, GC Workers: 4]
      [GC Worker Start (ms): Min: 464595.9, Avg: 464601.6, Max: 464609.8, Diff: 14.0]
      [Ext Root Scanning (ms): Min: 0.1, Avg: 1.2, Max: 2.4, Diff: 2.3, Sum: 4.8]
      [SATB Filtering (ms): Min: 0.0, Avg: 0.0, Max: 0.1, Diff: 0.1, Sum: 0.1]
      [Update RS (ms): Min: 9.1, Avg: 16.2, Max: 20.6, Diff: 11.5, Sum: 64.7]
         [Processed Buffers: Min: 55, Avg: 91.0, Max: 117, Diff: 62, Sum: 364]
      [Scan RS (ms): Min: 0.2, Avg: 0.2, Max: 0.3, Diff: 0.1, Sum: 1.0]
      [Object Copy (ms): Min: 24.1, Avg: 24.2, Max: 24.3, Diff: 0.2, Sum: 96.7]
      [Termination (ms): Min: 0.0, Avg: 0.0, Max: 0.0, Diff: 0.0, Sum: 0.0]
      [GC Worker Other (ms): Min: 0.0, Avg: 0.0, Max: 0.0, Diff: 0.0, Sum: 0.1]
      [GC Worker Total (ms): Min: 33.6, Avg: 41.8, Max: 47.6, Diff: 14.0, Sum: 167.3]
      [GC Worker End (ms): Min: 464643.4, Avg: 464643.4, Max: 464643.4, Diff: 0.0]
   [Code Root Fixup: 0.0 ms]
   [Clear CT: 1.1 ms]
   [Other: 0.9 ms]
      [Choose CSet: 0.0 ms]
      [Ref Proc: 0.0 ms]
      [Ref Enq: 0.0 ms]
      [Free CSet: 0.3 ms]
   [Eden: 210.0M(210.0M)->0.0B(347.0M) Survivors: 24.0M->7168.0K Heap: 1257.5M(2048.0M)->1055.0M(2048.0M)]
 [Times: user=0.16 sys=0.00, real=0.05 secs] 
464.941: [GC pause (young), 0.1241887 secs]
   [Parallel Time: 122.7 ms, GC Workers: 4]
      [GC Worker Start (ms): Min: 464941.3, Avg: 464941.3, Max: 464941.3, Diff: 0.0]
      [Ext Root Scanning (ms): Min: 1.2, Avg: 1.3, Max: 1.3, Diff: 0.1, Sum: 5.1]
      [SATB Filtering (ms): Min: 0.0, Avg: 0.7, Max: 2.7, Diff: 2.7, Sum: 2.7]
      [Update RS (ms): Min: 10.7, Avg: 12.7, Max: 13.4, Diff: 2.7, Sum: 50.9]
         [Processed Buffers: Min: 130, Avg: 157.8, Max: 198, Diff: 68, Sum: 631]
      [Scan RS (ms): Min: 0.0, Avg: 0.1, Max: 0.1, Diff: 0.1, Sum: 0.3]
      [Object Copy (ms): Min: 107.9, Avg: 107.9, Max: 108.0, Diff: 0.0, Sum: 431.7]
      [Termination (ms): Min: 0.0, Avg: 0.0, Max: 0.0, Diff: 0.0, Sum: 0.0]
      [GC Worker Other (ms): Min: 0.0, Avg: 0.0, Max: 0.0, Diff: 0.0, Sum: 0.1]
      [GC Worker Total (ms): Min: 122.7, Avg: 122.7, Max: 122.7, Diff: 0.0, Sum: 490.7]
      [GC Worker End (ms): Min: 465064.0, Avg: 465064.0, Max: 465064.0, Diff: 0.0]
   [Code Root Fixup: 0.0 ms]
   [Clear CT: 0.1 ms]
   [Other: 1.4 ms]
      [Choose CSet: 0.0 ms]
      [Ref Proc: 0.0 ms]
      [Ref Enq: 0.0 ms]
      [Free CSet: 0.3 ms]
   [Eden: 347.0M(347.0M)->0.0B(277.0M) Survivors: 7168.0K->45.0M Heap: 1402.0M(2048.0M)->1189.5M(2048.0M)]
 [Times: user=0.50 sys=0.00, real=0.13 secs] 
465.112: [GC concurrent-mark-end, 0.6898057 secs]
465.112: [GC remark 465.112: [GC ref-proc, 0.0019025 secs], 0.0042685 secs]
 [Times: user=0.02 sys=0.00, real=0.01 secs] 
465.117: [GC cleanup 1222M->602M(2048M), 0.0016879 secs]
 [Times: user=0.00 sys=0.00, real=0.00 secs] 
465.119: [GC concurrent-cleanup-start]
465.120: [GC concurrent-cleanup-end, 0.0012268 secs]
465.362: [GC pause (young), 0.2349845 secs]
   [Parallel Time: 232.7 ms, GC Workers: 4]
      [GC Worker Start (ms): Min: 465362.6, Avg: 465362.6, Max: 465362.6, Diff: 0.0]
      [Ext Root Scanning (ms): Min: 1.2, Avg: 1.2, Max: 1.2, Diff: 0.0, Sum: 4.9]
      [Update RS (ms): Min: 22.2, Avg: 22.2, Max: 22.3, Diff: 0.1, Sum: 88.9]
         [Processed Buffers: Min: 160, Avg: 179.3, Max: 192, Diff: 32, Sum: 717]
      [Scan RS (ms): Min: 0.2, Avg: 0.2, Max: 0.3, Diff: 0.0, Sum: 1.0]
      [Object Copy (ms): Min: 209.0, Avg: 209.0, Max: 209.0, Diff: 0.0, Sum: 835.9]
      [Termination (ms): Min: 0.0, Avg: 0.0, Max: 0.0, Diff: 0.0, Sum: 0.0]
      [GC Worker Other (ms): Min: 0.0, Avg: 0.0, Max: 0.0, Diff: 0.0, Sum: 0.1]
      [GC Worker Total (ms): Min: 232.7, Avg: 232.7, Max: 232.7, Diff: 0.0, Sum: 930.7]
      [GC Worker End (ms): Min: 465595.3, Avg: 465595.3, Max: 465595.3, Diff: 0.0]
   [Code Root Fixup: 0.0 ms]
   [Clear CT: 0.1 ms]
   [Other: 2.2 ms]
      [Choose CSet: 0.0 ms]
      [Ref Proc: 0.0 ms]
      [Ref Enq: 0.0 ms]
      [Free CSet: 0.2 ms]
   [Eden: 277.0M(277.0M)->0.0B(61.0M) Survivors: 45.0M->41.0M Heap: 846.5M(2048.0M)->780.0M(2048.0M)]
 [Times: user=0.94 sys=0.00, real=0.24 secs] 
465.827: [GC pause (mixed), 0.0711840 secs]
   [Parallel Time: 69.6 ms, GC Workers: 4]
      [GC Worker Start (ms): Min: 465827.4, Avg: 465827.9, Max: 465829.3, Diff: 1.9]
      [Ext Root Scanning (ms): Min: 0.1, Avg: 1.2, Max: 1.7, Diff: 1.6, Sum: 4.9]
      [Update RS (ms): Min: 17.4, Avg: 17.5, Max: 17.7, Diff: 0.4, Sum: 70.2]
         [Processed Buffers: Min: 96, Avg: 97.0, Max: 98, Diff: 2, Sum: 388]
      [Scan RS (ms): Min: 6.8, Avg: 6.9, Max: 6.9, Diff: 0.1, Sum: 27.4]
      [Object Copy (ms): Min: 43.4, Avg: 43.5, Max: 43.5, Diff: 0.1, Sum: 173.9]
      [Termination (ms): Min: 0.0, Avg: 0.0, Max: 0.0, Diff: 0.0, Sum: 0.0]
      [GC Worker Other (ms): Min: 0.0, Avg: 0.0, Max: 0.0, Diff: 0.0, Sum: 0.1]
      [GC Worker Total (ms): Min: 67.7, Avg: 69.1, Max: 69.6, Diff: 1.9, Sum: 276.5]
      [GC Worker End (ms): Min: 465897.0, Avg: 465897.0, Max: 465897.0, Diff: 0.0]
   [Code Root Fixup: 0.0 ms]
   [Clear CT: 0.1 ms]
   [Other: 1.5 ms]
      [Choose CSet: 0.0 ms]
      [Ref Proc: 0.0 ms]
      [Ref Enq: 0.0 ms]
      [Free CSet: 0.2 ms]
   [Eden: 61.0M(61.0M)->0.0B(224.0M) Survivors: 41.0M->6144.0K Heap: 841.0M(2048.0M)->778.5M(2048.0M)]
 [Times: user=0.31 sys=0.00, real=0.07 secs] 
466.135: [GC pause (young), 0.1456324 secs]
   [Parallel Time: 143.6 ms, GC Workers: 4]
      [GC Worker Start (ms): Min: 466135.1, Avg: 466135.1, Max: 466135.2, Diff: 0.0]
      [Ext Root Scanning (ms): Min: 1.2, Avg: 1.3, Max: 1.4, Diff: 0.1, Sum: 5.2]
      [Update RS (ms): Min: 14.6, Avg: 14.7, Max: 14.9, Diff: 0.3, Sum: 58.8]
         [Processed Buffers: Min: 230, Avg: 274.3, Max: 325, Diff: 95, Sum: 1097]
      [Scan RS (ms): Min: 0.0, Avg: 0.1, Max: 0.1, Diff: 0.1, Sum: 0.3]
      [Object Copy (ms): Min: 127.4, Avg: 127.5, Max: 127.5, Diff: 0.1, Sum: 510.0]
      [Termination (ms): Min: 0.0, Avg: 0.0, Max: 0.0, Diff: 0.0, Sum: 0.0]
      [GC Worker Other (ms): Min: 0.0, Avg: 0.0, Max: 0.0, Diff: 0.0, Sum: 0.1]
      [GC Worker Total (ms): Min: 143.6, Avg: 143.6, Max: 143.6, Diff: 0.0, Sum: 574.4]
      [GC Worker End (ms): Min: 466278.7, Avg: 466278.7, Max: 466278.7, Diff: 0.0]
   [Code Root Fixup: 0.0 ms]
   [Clear CT: 0.4 ms]
   [Other: 1.6 ms]
      [Choose CSet: 0.0 ms]
      [Ref Proc: 0.2 ms]
      [Ref Enq: 0.0 ms]
      [Free CSet: 0.2 ms]
   [Eden: 224.0M(224.0M)->0.0B(176.0M) Survivors: 6144.0K->29.0M Heap: 1002.5M(2048.0M)->931.5M(2048.0M)]
 [Times: user=0.45 sys=0.01, real=0.15 secs] 
466.453: [GC pause (young), 0.1247952 secs]
   [Parallel Time: 123.1 ms, GC Workers: 4]
      [GC Worker Start (ms): Min: 466453.8, Avg: 466453.8, Max: 466453.8, Diff: 0.0]
      [Ext Root Scanning (ms): Min: 1.2, Avg: 1.2, Max: 1.2, Diff: 0.0, Sum: 4.9]
      [Update RS (ms): Min: 17.7, Avg: 17.7, Max: 17.7, Diff: 0.0, Sum: 70.8]
         [Processed Buffers: Min: 135, Avg: 176.3, Max: 205, Diff: 70, Sum: 705]
      [Scan RS (ms): Min: 0.7, Avg: 0.7, Max: 0.8, Diff: 0.1, Sum: 3.0]
      [Object Copy (ms): Min: 103.3, Avg: 103.4, Max: 103.4, Diff: 0.1, Sum: 413.5]
      [Termination (ms): Min: 0.0, Avg: 0.0, Max: 0.0, Diff: 0.0, Sum: 0.0]
      [GC Worker Other (ms): Min: 0.0, Avg: 0.0, Max: 0.0, Diff: 0.0, Sum: 0.0]
      [GC Worker Total (ms): Min: 123.1, Avg: 123.1, Max: 123.1, Diff: 0.0, Sum: 492.2]
      [GC Worker End (ms): Min: 466576.9, Avg: 466576.9, Max: 466576.9, Diff: 0.0]
   [Code Root Fixup: 0.0 ms]
   [Clear CT: 0.1 ms]
   [Other: 1.6 ms]
      [Choose CSet: 0.0 ms]
      [Ref Proc: 0.1 ms]
      [Ref Enq: 0.0 ms]
      [Free CSet: 0.2 ms]
   [Eden: 176.0M(176.0M)->0.0B(224.0M) Survivors: 29.0M->26.0M Heap: 1107.5M(2048.0M)->1025.5M(2048.0M)]
 [Times: user=0.47 sys=0.00, real=0.13 secs] 
466.834: [GC pause (young) (initial-mark), 0.1610542 secs]
   [Parallel Time: 159.4 ms, GC Workers: 4]
      [GC Worker Start (ms): Min: 466834.3, Avg: 466842.7, Max: 466865.3, Diff: 31.0]
      [Ext Root Scanning (ms): Min: 0.1, Avg: 1.2, Max: 2.4, Diff: 2.3, Sum: 4.8]
      [Update RS (ms): Min: 14.7, Avg: 36.7, Max: 46.2, Diff: 31.4, Sum: 147.0]
         [Processed Buffers: Min: 111, Avg: 232.5, Max: 288, Diff: 177, Sum: 930]
      [Scan RS (ms): Min: 0.0, Avg: 0.3, Max: 0.4, Diff: 0.3, Sum: 1.1]
      [Object Copy (ms): Min: 110.8, Avg: 112.7, Max: 113.8, Diff: 3.0, Sum: 450.6]
      [Termination (ms): Min: 0.0, Avg: 0.0, Max: 0.0, Diff: 0.0, Sum: 0.0]
      [GC Worker Other (ms): Min: 0.0, Avg: 0.0, Max: 0.0, Diff: 0.0, Sum: 0.1]
      [GC Worker Total (ms): Min: 128.3, Avg: 150.9, Max: 159.3, Diff: 31.0, Sum: 603.6]
      [GC Worker End (ms): Min: 466993.6, Avg: 466993.6, Max: 466993.6, Diff: 0.0]
   [Code Root Fixup: 0.0 ms]
   [Clear CT: 0.2 ms]
   [Other: 1.5 ms]
      [Choose CSet: 0.0 ms]
      [Ref Proc: 0.0 ms]
      [Ref Enq: 0.0 ms]
      [Free CSet: 0.2 ms]
   [Eden: 224.0M(224.0M)->0.0B(204.0M) Survivors: 26.0M->32.0M Heap: 1249.5M(2048.0M)->1136.0M(2048.0M)]
 [Times: user=0.55 sys=0.00, real=0.16 secs] 
466.995: [GC concurrent-root-region-scan-start]
467.030: [GC concurrent-root-region-scan-end, 0.0343173 secs]
467.030: [GC concurrent-mark-start]
467.205: [GC pause (young), 0.1024269 secs]
   [Parallel Time: 100.8 ms, GC Workers: 4]
      [GC Worker Start (ms): Min: 467205.9, Avg: 467205.9, Max: 467205.9, Diff: 0.0]
      [Ext Root Scanning (ms): Min: 1.2, Avg: 1.2, Max: 1.2, Diff: 0.0, Sum: 4.9]
      [SATB Filtering (ms): Min: 0.0, Avg: 0.8, Max: 3.1, Diff: 3.1, Sum: 3.1]
      [Update RS (ms): Min: 14.4, Avg: 16.7, Max: 17.5, Diff: 3.1, Sum: 66.8]
         [Processed Buffers: Min: 172, Avg: 189.8, Max: 209, Diff: 37, Sum: 759]
      [Scan RS (ms): Min: 0.6, Avg: 0.6, Max: 0.7, Diff: 0.1, Sum: 2.4]
      [Object Copy (ms): Min: 81.4, Avg: 81.5, Max: 81.5, Diff: 0.1, Sum: 326.0]
      [Termination (ms): Min: 0.0, Avg: 0.0, Max: 0.0, Diff: 0.0, Sum: 0.0]
      [GC Worker Other (ms): Min: 0.0, Avg: 0.0, Max: 0.0, Diff: 0.0, Sum: 0.1]
      [GC Worker Total (ms): Min: 100.8, Avg: 100.8, Max: 100.8, Diff: 0.0, Sum: 403.2]
      [GC Worker End (ms): Min: 467306.7, Avg: 467306.7, Max: 467306.7, Diff: 0.0]
   [Code Root Fixup: 0.0 ms]
   [Clear CT: 0.1 ms]
   [Other: 1.5 ms]
      [Choose CSet: 0.0 ms]
      [Ref Proc: 0.1 ms]
      [Ref Enq: 0.0 ms]
      [Free CSet: 0.2 ms]
   [Eden: 204.0M(204.0M)->0.0B(306.0M) Survivors: 32.0M->30.0M Heap: 1340.0M(2048.0M)->1204.5M(2048.0M)]
 [Times: user=0.36 sys=0.00, real=0.10 secs] 
467.575: [GC pause (young), 0.1148539 secs]
   [Parallel Time: 113.5 ms, GC Workers: 4]
      [GC Worker Start (ms): Min: 467575.5, Avg: 467576.8, Max: 467580.6, Diff: 5.2]
      [Ext Root Scanning (ms): Min: 0.1, Avg: 1.2, Max: 1.7, Diff: 1.6, Sum: 4.9]
      [SATB Filtering (ms): Min: 0.0, Avg: 0.7, Max: 2.9, Diff: 2.9, Sum: 2.9]
      [Update RS (ms): Min: 16.2, Avg: 18.5, Max: 21.4, Diff: 5.2, Sum: 73.9]
         [Processed Buffers: Min: 128, Avg: 140.5, Max: 156, Diff: 28, Sum: 562]
      [Scan RS (ms): Min: 0.0, Avg: 0.3, Max: 0.4, Diff: 0.4, Sum: 1.1]
      [Object Copy (ms): Min: 87.1, Avg: 89.0, Max: 91.9, Diff: 4.7, Sum: 356.1]
      [Termination (ms): Min: 0.0, Avg: 2.4, Max: 3.2, Diff: 3.2, Sum: 9.7]
      [GC Worker Other (ms): Min: 0.0, Avg: 0.0, Max: 0.0, Diff: 0.0, Sum: 0.1]
      [GC Worker Total (ms): Min: 108.3, Avg: 112.2, Max: 113.5, Diff: 5.2, Sum: 448.7]
      [GC Worker End (ms): Min: 467688.9, Avg: 467688.9, Max: 467688.9, Diff: 0.0]
   [Code Root Fixup: 0.0 ms]
   [Clear CT: 0.1 ms]
   [Other: 1.2 ms]
      [Choose CSet: 0.0 ms]
      [Ref Proc: 0.0 ms]
      [Ref Enq: 0.0 ms]
      [Free CSet: 0.2 ms]
   [Eden: 306.0M(306.0M)->0.0B(328.0M) Survivors: 30.0M->42.0M Heap: 1510.5M(2048.0M)->1284.5M(2048.0M)]
 [Times: user=0.39 sys=0.00, real=0.12 secs] 
467.748: [GC concurrent-mark-end, 0.7183299 secs]
467.749: [GC remark 467.749: [GC ref-proc, 0.0017415 secs], 0.0037123 secs]
 [Times: user=0.01 sys=0.00, real=0.00 secs] 
467.753: [GC cleanup 1353M->685M(2048M), 0.0012588 secs]
 [Times: user=0.00 sys=0.00, real=0.00 secs] 
467.755: [GC concurrent-cleanup-start]
467.756: [GC concurrent-cleanup-end, 0.0009522 secs]
468.011: [GC pause (young), 0.2461029 secs]
   [Parallel Time: 243.4 ms, GC Workers: 4]
      [GC Worker Start (ms): Min: 468011.7, Avg: 468012.6, Max: 468015.0, Diff: 3.3]
      [Ext Root Scanning (ms): Min: 0.1, Avg: 1.2, Max: 1.7, Diff: 1.6, Sum: 4.8]
      [Update RS (ms): Min: 22.4, Avg: 23.6, Max: 24.1, Diff: 1.8, Sum: 94.5]
         [Processed Buffers: Min: 133, Avg: 140.3, Max: 148, Diff: 15, Sum: 561]
      [Scan RS (ms): Min: 0.2, Avg: 0.2, Max: 0.2, Diff: 0.0, Sum: 0.7]
      [Object Copy (ms): Min: 216.4, Avg: 216.5, Max: 216.5, Diff: 0.2, Sum: 866.0]
      [Termination (ms): Min: 0.0, Avg: 0.0, Max: 0.0, Diff: 0.0, Sum: 0.0]
      [GC Worker Other (ms): Min: 0.0, Avg: 0.0, Max: 0.0, Diff: 0.0, Sum: 0.1]
      [GC Worker Total (ms): Min: 239.0, Avg: 241.5, Max: 242.4, Diff: 3.3, Sum: 966.1]
      [GC Worker End (ms): Min: 468254.1, Avg: 468254.1, Max: 468254.1, Diff: 0.0]
   [Code Root Fixup: 0.0 ms]
   [Clear CT: 0.2 ms]
   [Other: 2.5 ms]
      [Choose CSet: 0.0 ms]
      [Ref Proc: 0.6 ms]
      [Ref Enq: 0.0 ms]
      [Free CSet: 0.3 ms]
   [Eden: 328.0M(328.0M)->0.0B(55.0M) Survivors: 42.0M->47.0M Heap: 944.5M(2048.0M)->838.5M(2048.0M)]
 [Times: user=0.91 sys=0.00, real=0.25 secs] 
468.402: [GC pause (mixed), 0.0840850 secs]
   [Parallel Time: 82.5 ms, GC Workers: 4]
      [GC Worker Start (ms): Min: 468401.8, Avg: 468401.8, Max: 468401.8, Diff: 0.0]
      [Ext Root Scanning (ms): Min: 1.2, Avg: 1.2, Max: 1.3, Diff: 0.0, Sum: 5.0]
      [Update RS (ms): Min: 27.4, Avg: 27.4, Max: 27.5, Diff: 0.1, Sum: 109.7]
         [Processed Buffers: Min: 145, Avg: 148.5, Max: 152, Diff: 7, Sum: 594]
      [Scan RS (ms): Min: 2.0, Avg: 2.1, Max: 2.1, Diff: 0.1, Sum: 8.4]
      [Object Copy (ms): Min: 51.6, Avg: 51.7, Max: 51.7, Diff: 0.1, Sum: 206.8]
      [Termination (ms): Min: 0.0, Avg: 0.0, Max: 0.0, Diff: 0.0, Sum: 0.0]
      [GC Worker Other (ms): Min: 0.0, Avg: 0.0, Max: 0.0, Diff: 0.0, Sum: 0.1]
      [GC Worker Total (ms): Min: 82.5, Avg: 82.5, Max: 82.5, Diff: 0.0, Sum: 329.8]
      [GC Worker End (ms): Min: 468484.3, Avg: 468484.3, Max: 468484.3, Diff: 0.0]
   [Code Root Fixup: 0.0 ms]
   [Clear CT: 0.1 ms]
   [Other: 1.5 ms]
      [Choose CSet: 0.0 ms]
      [Ref Proc: 0.3 ms]
      [Ref Enq: 0.0 ms]
      [Free CSet: 0.1 ms]
   [Eden: 55.0M(55.0M)->0.0B(286.0M) Survivors: 47.0M->4096.0K Heap: 893.5M(2048.0M)->833.5M(2048.0M)]
 [Times: user=0.33 sys=0.00, real=0.08 secs] 
468.769: [GC pause (young), 0.1382161 secs]
   [Parallel Time: 135.5 ms, GC Workers: 4]
      [GC Worker Start (ms): Min: 468769.7, Avg: 468772.7, Max: 468781.4, Diff: 11.7]
      [Ext Root Scanning (ms): Min: 0.1, Avg: 1.2, Max: 1.7, Diff: 1.6, Sum: 4.9]
      [Update RS (ms): Min: 12.2, Avg: 20.1, Max: 23.6, Diff: 11.4, Sum: 80.5]
         [Processed Buffers: Min: 203, Avg: 289.5, Max: 432, Diff: 229, Sum: 1158]
      [Scan RS (ms): Min: 0.0, Avg: 0.1, Max: 0.2, Diff: 0.2, Sum: 0.3]
      [Object Copy (ms): Min: 110.1, Avg: 111.0, Max: 111.4, Diff: 1.3, Sum: 444.0]
      [Termination (ms): Min: 0.0, Avg: 0.0, Max: 0.0, Diff: 0.0, Sum: 0.0]
      [GC Worker Other (ms): Min: 0.0, Avg: 0.0, Max: 0.0, Diff: 0.0, Sum: 0.1]
      [GC Worker Total (ms): Min: 123.7, Avg: 132.4, Max: 135.4, Diff: 11.7, Sum: 529.8]
      [GC Worker End (ms): Min: 468905.1, Avg: 468905.1, Max: 468905.1, Diff: 0.0]
   [Code Root Fixup: 0.0 ms]
   [Clear CT: 0.1 ms]
   [Other: 2.6 ms]
      [Choose CSet: 0.0 ms]
      [Ref Proc: 0.9 ms]
      [Ref Enq: 0.0 ms]
      [Free CSet: 0.4 ms]
   [Eden: 286.0M(286.0M)->0.0B(209.0M) Survivors: 4096.0K->37.0M Heap: 1119.5M(2048.0M)->970.5M(2048.0M)]
 [Times: user=0.55 sys=0.00, real=0.14 secs] 
469.083: [GC pause (young) (initial-mark), 0.1234434 secs]
   [Parallel Time: 121.5 ms, GC Workers: 4]
      [GC Worker Start (ms): Min: 469083.1, Avg: 469083.1, Max: 469083.1, Diff: 0.0]
      [Ext Root Scanning (ms): Min: 1.2, Avg: 1.3, Max: 1.4, Diff: 0.1, Sum: 5.2]
      [Update RS (ms): Min: 15.2, Avg: 15.4, Max: 15.9, Diff: 0.8, Sum: 61.5]
         [Processed Buffers: Min: 140, Avg: 181.8, Max: 224, Diff: 84, Sum: 727]
      [Scan RS (ms): Min: 2.9, Avg: 3.4, Max: 3.6, Diff: 0.7, Sum: 13.7]
      [Object Copy (ms): Min: 101.3, Avg: 101.4, Max: 101.4, Diff: 0.1, Sum: 405.4]
      [Termination (ms): Min: 0.0, Avg: 0.0, Max: 0.0, Diff: 0.0, Sum: 0.0]
      [GC Worker Other (ms): Min: 0.0, Avg: 0.0, Max: 0.0, Diff: 0.0, Sum: 0.1]
      [GC Worker Total (ms): Min: 121.5, Avg: 121.5, Max: 121.5, Diff: 0.0, Sum: 485.9]
      [GC Worker End (ms): Min: 469204.5, Avg: 469204.6, Max: 469204.6, Diff: 0.0]
   [Code Root Fixup: 0.0 ms]
   [Clear CT: 0.1 ms]
   [Other: 1.8 ms]
      [Choose CSet: 0.0 ms]
      [Ref Proc: 0.1 ms]
      [Ref Enq: 0.0 ms]
      [Free CSet: 0.2 ms]
   [Eden: 209.0M(209.0M)->0.0B(244.0M) Survivors: 37.0M->31.0M Heap: 1179.5M(2048.0M)->1058.5M(2048.0M)]
 [Times: user=0.50 sys=0.00, real=0.12 secs] 
469.206: [GC concurrent-root-region-scan-start]
469.272: [GC concurrent-root-region-scan-end, 0.0661234 secs]
469.272: [GC concurrent-mark-start]
469.397: [GC pause (young), 0.0715612 secs]
   [Parallel Time: 70.2 ms, GC Workers: 4]
      [GC Worker Start (ms): Min: 469397.8, Avg: 469397.8, Max: 469397.8, Diff: 0.0]
      [Ext Root Scanning (ms): Min: 1.2, Avg: 1.2, Max: 1.2, Diff: 0.0, Sum: 4.9]
      [SATB Filtering (ms): Min: 0.0, Avg: 0.4, Max: 1.6, Diff: 1.6, Sum: 1.6]
      [Update RS (ms): Min: 14.8, Avg: 16.2, Max: 17.1, Diff: 2.3, Sum: 64.8]
         [Processed Buffers: Min: 106, Avg: 166.8, Max: 209, Diff: 103, Sum: 667]
      [Scan RS (ms): Min: 0.5, Avg: 0.9, Max: 1.1, Diff: 0.6, Sum: 3.7]
      [Object Copy (ms): Min: 51.4, Avg: 51.4, Max: 51.4, Diff: 0.1, Sum: 205.6]
      [Termination (ms): Min: 0.0, Avg: 0.0, Max: 0.0, Diff: 0.0, Sum: 0.0]
      [GC Worker Other (ms): Min: 0.0, Avg: 0.0, Max: 0.0, Diff: 0.0, Sum: 0.1]
      [GC Worker Total (ms): Min: 70.2, Avg: 70.2, Max: 70.2, Diff: 0.0, Sum: 280.7]
      [GC Worker End (ms): Min: 469467.9, Avg: 469467.9, Max: 469468.0, Diff: 0.0]
   [Code Root Fixup: 0.0 ms]
   [Clear CT: 0.1 ms]
   [Other: 1.3 ms]
      [Choose CSet: 0.0 ms]
      [Ref Proc: 0.1 ms]
      [Ref Enq: 0.0 ms]
      [Free CSet: 0.3 ms]
   [Eden: 244.0M(244.0M)->0.0B(382.0M) Survivors: 31.0M->35.0M Heap: 1302.5M(2048.0M)->1094.0M(2048.0M)]
 [Times: user=0.31 sys=0.00, real=0.07 secs] 
469.803: [GC pause (young), 0.1326929 secs]
   [Parallel Time: 131.2 ms, GC Workers: 4]
      [GC Worker Start (ms): Min: 469802.8, Avg: 469802.8, Max: 469802.8, Diff: 0.0]
      [Ext Root Scanning (ms): Min: 1.3, Avg: 1.4, Max: 1.4, Diff: 0.1, Sum: 5.5]
      [SATB Filtering (ms): Min: 0.0, Avg: 0.7, Max: 2.8, Diff: 2.8, Sum: 2.8]
      [Update RS (ms): Min: 14.9, Avg: 17.0, Max: 17.8, Diff: 2.8, Sum: 68.1]
         [Processed Buffers: Min: 92, Avg: 102.0, Max: 107, Diff: 15, Sum: 408]
      [Scan RS (ms): Min: 0.1, Avg: 0.1, Max: 0.1, Diff: 0.0, Sum: 0.5]
      [Object Copy (ms): Min: 111.8, Avg: 111.9, Max: 111.9, Diff: 0.1, Sum: 447.5]
      [Termination (ms): Min: 0.0, Avg: 0.0, Max: 0.0, Diff: 0.0, Sum: 0.0]
      [GC Worker Other (ms): Min: 0.0, Avg: 0.0, Max: 0.1, Diff: 0.0, Sum: 0.1]
      [GC Worker Total (ms): Min: 131.1, Avg: 131.1, Max: 131.1, Diff: 0.0, Sum: 524.5]
      [GC Worker End (ms): Min: 469933.9, Avg: 469934.0, Max: 469934.0, Diff: 0.0]
   [Code Root Fixup: 0.0 ms]
   [Clear CT: 0.1 ms]
   [Other: 1.4 ms]
      [Choose CSet: 0.0 ms]
      [Ref Proc: 0.3 ms]
      [Ref Enq: 0.0 ms]
      [Free CSet: 0.3 ms]
   [Eden: 382.0M(382.0M)->0.0B(333.0M) Survivors: 35.0M->53.0M Heap: 1476.0M(2048.0M)->1202.5M(2048.0M)]
 [Times: user=0.50 sys=0.00, real=0.13 secs] 
469.941: [GC concurrent-mark-end, 0.6687813 secs]
469.942: [GC remark 469.942: [GC ref-proc, 0.0017309 secs], 0.0034115 secs]
 [Times: user=0.00 sys=0.00, real=0.00 secs] 
469.946: [GC cleanup 1207M->594M(2048M), 0.0012072 secs]
 [Times: user=0.00 sys=0.00, real=0.00 secs] 
469.947: [GC concurrent-cleanup-start]
469.948: [GC concurrent-cleanup-end, 0.0007219 secs]
470.276: [GC pause (young), 0.3129666 secs]
   [Parallel Time: 309.4 ms, GC Workers: 4]
      [GC Worker Start (ms): Min: 470276.0, Avg: 470276.0, Max: 470276.0, Diff: 0.0]
      [Ext Root Scanning (ms): Min: 1.2, Avg: 1.3, Max: 1.3, Diff: 0.0, Sum: 5.0]
      [Update RS (ms): Min: 33.9, Avg: 34.0, Max: 34.0, Diff: 0.1, Sum: 135.8]
         [Processed Buffers: Min: 173, Avg: 177.0, Max: 181, Diff: 8, Sum: 708]
      [Scan RS (ms): Min: 0.1, Avg: 0.1, Max: 0.2, Diff: 0.0, Sum: 0.6]
      [Object Copy (ms): Min: 274.0, Avg: 274.0, Max: 274.0, Diff: 0.0, Sum: 1096.0]
      [Termination (ms): Min: 0.0, Avg: 0.0, Max: 0.0, Diff: 0.0, Sum: 0.0]
      [GC Worker Other (ms): Min: 0.0, Avg: 0.0, Max: 0.0, Diff: 0.0, Sum: 0.1]
      [GC Worker Total (ms): Min: 309.4, Avg: 309.4, Max: 309.4, Diff: 0.0, Sum: 1237.6]
      [GC Worker End (ms): Min: 470585.4, Avg: 470585.4, Max: 470585.4, Diff: 0.0]
   [Code Root Fixup: 0.0 ms]
   [Clear CT: 0.5 ms]
   [Other: 3.1 ms]
      [Choose CSet: 0.0 ms]
      [Ref Proc: 0.0 ms]
      [Ref Enq: 0.0 ms]
      [Free CSet: 0.4 ms]
   [Eden: 333.0M(333.0M)->0.0B(53.0M) Survivors: 53.0M->49.0M Heap: 922.5M(2048.0M)->867.5M(2048.0M)]
 [Times: user=1.17 sys=0.00, real=0.31 secs] 
470.793: [GC pause (mixed), 0.1013057 secs]
   [Parallel Time: 99.5 ms, GC Workers: 4]
      [GC Worker Start (ms): Min: 470793.1, Avg: 470793.1, Max: 470793.1, Diff: 0.0]
      [Ext Root Scanning (ms): Min: 1.3, Avg: 1.3, Max: 1.3, Diff: 0.0, Sum: 5.1]
      [Update RS (ms): Min: 25.8, Avg: 25.8, Max: 25.9, Diff: 0.1, Sum: 103.3]
         [Processed Buffers: Min: 139, Avg: 141.8, Max: 144, Diff: 5, Sum: 567]
      [Scan RS (ms): Min: 16.4, Avg: 16.4, Max: 16.4, Diff: 0.0, Sum: 65.5]
      [Object Copy (ms): Min: 55.9, Avg: 56.0, Max: 56.0, Diff: 0.1, Sum: 223.9]
      [Termination (ms): Min: 0.0, Avg: 0.0, Max: 0.0, Diff: 0.0, Sum: 0.0]
      [GC Worker Other (ms): Min: 0.0, Avg: 0.0, Max: 0.0, Diff: 0.0, Sum: 0.1]
      [GC Worker Total (ms): Min: 99.5, Avg: 99.5, Max: 99.5, Diff: 0.0, Sum: 397.8]
      [GC Worker End (ms): Min: 470892.6, Avg: 470892.6, Max: 470892.6, Diff: 0.0]
   [Code Root Fixup: 0.0 ms]
   [Clear CT: 0.1 ms]
   [Other: 1.7 ms]
      [Choose CSet: 0.0 ms]
      [Ref Proc: 0.1 ms]
      [Ref Enq: 0.0 ms]
      [Free CSet: 0.2 ms]
   [Eden: 53.0M(53.0M)->0.0B(98.0M) Survivors: 49.0M->4096.0K Heap: 920.5M(2048.0M)->865.0M(2048.0M)]
 [Times: user=0.37 sys=0.00, real=0.10 secs] 
471.081: [GC pause (young), 0.0694592 secs]
   [Parallel Time: 67.6 ms, GC Workers: 4]
      [GC Worker Start (ms): Min: 471081.9, Avg: 471086.2, Max: 471099.1, Diff: 17.1]
      [Ext Root Scanning (ms): Min: 0.1, Avg: 1.3, Max: 1.7, Diff: 1.6, Sum: 5.0]
      [Update RS (ms): Min: 12.7, Avg: 24.3, Max: 28.3, Diff: 15.6, Sum: 97.2]
         [Processed Buffers: Min: 183, Avg: 328.8, Max: 397, Diff: 214, Sum: 1315]
      [Scan RS (ms): Min: 0.0, Avg: 0.0, Max: 0.0, Diff: 0.0, Sum: 0.1]
      [Object Copy (ms): Min: 37.6, Avg: 37.7, Max: 37.8, Diff: 0.1, Sum: 150.9]
      [Termination (ms): Min: 0.0, Avg: 0.0, Max: 0.0, Diff: 0.0, Sum: 0.0]
      [GC Worker Other (ms): Min: 0.0, Avg: 0.0, Max: 0.0, Diff: 0.0, Sum: 0.0]
      [GC Worker Total (ms): Min: 50.5, Avg: 63.3, Max: 67.6, Diff: 17.1, Sum: 253.3]
      [GC Worker End (ms): Min: 471149.5, Avg: 471149.5, Max: 471149.5, Diff: 0.0]
   [Code Root Fixup: 0.0 ms]
   [Clear CT: 0.0 ms]
   [Other: 1.8 ms]
      [Choose CSet: 0.0 ms]
      [Ref Proc: 0.8 ms]
      [Ref Enq: 0.0 ms]
      [Free CSet: 0.1 ms]
   [Eden: 98.0M(98.0M)->0.0B(89.0M) Survivors: 4096.0K->13.0M Heap: 963.0M(2048.0M)->909.5M(2048.0M)]
 [Times: user=0.23 sys=0.00, real=0.07 secs] 
471.228: [GC pause (young), 0.0764817 secs]
   [Parallel Time: 74.8 ms, GC Workers: 4]
      [GC Worker Start (ms): Min: 471227.9, Avg: 471228.6, Max: 471229.3, Diff: 1.4]
      [Ext Root Scanning (ms): Min: 0.6, Avg: 1.2, Max: 1.9, Diff: 1.3, Sum: 5.0]
      [Update RS (ms): Min: 13.7, Avg: 13.7, Max: 13.7, Diff: 0.0, Sum: 54.7]
         [Processed Buffers: Min: 67, Avg: 70.5, Max: 74, Diff: 7, Sum: 282]
      [Scan RS (ms): Min: 0.0, Avg: 0.0, Max: 0.1, Diff: 0.0, Sum: 0.1]
      [Object Copy (ms): Min: 59.0, Avg: 59.1, Max: 59.2, Diff: 0.1, Sum: 236.4]
      [Termination (ms): Min: 0.0, Avg: 0.0, Max: 0.0, Diff: 0.0, Sum: 0.0]
      [GC Worker Other (ms): Min: 0.0, Avg: 0.0, Max: 0.0, Diff: 0.0, Sum: 0.0]
      [GC Worker Total (ms): Min: 73.4, Avg: 74.1, Max: 74.8, Diff: 1.4, Sum: 296.2]
      [GC Worker End (ms): Min: 471302.7, Avg: 471302.7, Max: 471302.7, Diff: 0.0]
   [Code Root Fixup: 0.0 ms]
   [Clear CT: 0.2 ms]
   [Other: 1.5 ms]
      [Choose CSet: 0.0 ms]
      [Ref Proc: 0.5 ms]
      [Ref Enq: 0.0 ms]
      [Free CSet: 0.1 ms]
   [Eden: 89.0M(89.0M)->0.0B(123.0M) Survivors: 13.0M->13.0M Heap: 998.5M(2048.0M)->972.5M(2048.0M)]
 [Times: user=0.31 sys=0.00, real=0.08 secs] 
471.400: [GC pause (young) (initial-mark), 0.0526936 secs]
   [Parallel Time: 50.7 ms, GC Workers: 4]
      [GC Worker Start (ms): Min: 471400.4, Avg: 471400.4, Max: 471400.4, Diff: 0.0]
      [Ext Root Scanning (ms): Min: 1.2, Avg: 1.3, Max: 1.3, Diff: 0.1, Sum: 5.1]
      [Update RS (ms): Min: 15.3, Avg: 15.3, Max: 15.4, Diff: 0.2, Sum: 61.3]
         [Processed Buffers: Min: 119, Avg: 142.5, Max: 156, Diff: 37, Sum: 570]
      [Scan RS (ms): Min: 0.1, Avg: 0.1, Max: 0.2, Diff: 0.1, Sum: 0.6]
      [Object Copy (ms): Min: 33.9, Avg: 33.9, Max: 33.9, Diff: 0.0, Sum: 135.5]
      [Termination (ms): Min: 0.0, Avg: 0.0, Max: 0.0, Diff: 0.0, Sum: 0.0]
      [GC Worker Other (ms): Min: 0.0, Avg: 0.0, Max: 0.0, Diff: 0.0, Sum: 0.1]
      [GC Worker Total (ms): Min: 50.6, Avg: 50.6, Max: 50.6, Diff: 0.0, Sum: 202.5]
      [GC Worker End (ms): Min: 471451.0, Avg: 471451.0, Max: 471451.0, Diff: 0.0]
   [Code Root Fixup: 0.0 ms]
   [Clear CT: 0.1 ms]
   [Other: 1.9 ms]
      [Choose CSet: 0.0 ms]
      [Ref Proc: 0.9 ms]
      [Ref Enq: 0.0 ms]
      [Free CSet: 0.2 ms]
   [Eden: 123.0M(123.0M)->0.0B(203.0M) Survivors: 13.0M->17.0M Heap: 1095.5M(2048.0M)->1003.5M(2048.0M)]
 [Times: user=0.25 sys=0.00, real=0.05 secs] 
471.453: [GC concurrent-root-region-scan-start]
471.470: [GC concurrent-root-region-scan-end, 0.0175411 secs]
471.470: [GC concurrent-mark-start]
471.632: [GC pause (young), 0.0649509 secs]
   [Parallel Time: 63.5 ms, GC Workers: 4]
      [GC Worker Start (ms): Min: 471632.0, Avg: 471632.0, Max: 471632.0, Diff: 0.0]
      [Ext Root Scanning (ms): Min: 1.2, Avg: 1.2, Max: 1.2, Diff: 0.0, Sum: 5.0]
      [SATB Filtering (ms): Min: 0.0, Avg: 0.5, Max: 2.1, Diff: 2.1, Sum: 2.1]
      [Update RS (ms): Min: 12.5, Avg: 14.1, Max: 14.7, Diff: 2.1, Sum: 56.4]
         [Processed Buffers: Min: 69, Avg: 78.3, Max: 84, Diff: 15, Sum: 313]
      [Scan RS (ms): Min: 0.0, Avg: 0.1, Max: 0.1, Diff: 0.1, Sum: 0.2]
      [Object Copy (ms): Min: 47.0, Avg: 47.1, Max: 47.1, Diff: 0.0, Sum: 188.2]
      [Termination (ms): Min: 0.0, Avg: 0.0, Max: 0.0, Diff: 0.0, Sum: 0.0]
      [GC Worker Other (ms): Min: 0.0, Avg: 0.2, Max: 0.5, Diff: 0.4, Sum: 0.9]
      [GC Worker Total (ms): Min: 63.0, Avg: 63.2, Max: 63.4, Diff: 0.4, Sum: 252.9]
      [GC Worker End (ms): Min: 471695.0, Avg: 471695.2, Max: 471695.4, Diff: 0.4]
   [Code Root Fixup: 0.0 ms]
   [Clear CT: 0.2 ms]
   [Other: 1.3 ms]
      [Choose CSet: 0.0 ms]
      [Ref Proc: 0.6 ms]
      [Ref Enq: 0.0 ms]
      [Free CSet: 0.2 ms]
   [Eden: 203.0M(203.0M)->0.0B(235.0M) Survivors: 17.0M->28.0M Heap: 1206.5M(2048.0M)->1047.5M(2048.0M)]
 [Times: user=0.23 sys=0.00, real=0.07 secs] 
471.901: [GC pause (young), 0.1061912 secs]
   [Parallel Time: 104.8 ms, GC Workers: 4]
      [GC Worker Start (ms): Min: 471901.3, Avg: 471901.3, Max: 471901.3, Diff: 0.0]
      [Ext Root Scanning (ms): Min: 1.2, Avg: 1.3, Max: 1.3, Diff: 0.1, Sum: 5.0]
      [SATB Filtering (ms): Min: 0.0, Avg: 0.8, Max: 3.1, Diff: 3.1, Sum: 3.1]
      [Update RS (ms): Min: 12.1, Avg: 14.3, Max: 15.1, Diff: 3.0, Sum: 57.2]
         [Processed Buffers: Min: 63, Avg: 76.5, Max: 84, Diff: 21, Sum: 306]
      [Scan RS (ms): Min: 0.0, Avg: 0.1, Max: 0.1, Diff: 0.1, Sum: 0.2]
      [Object Copy (ms): Min: 88.3, Avg: 88.3, Max: 88.3, Diff: 0.0, Sum: 353.2]
      [Termination (ms): Min: 0.0, Avg: 0.0, Max: 0.0, Diff: 0.0, Sum: 0.0]
      [GC Worker Other (ms): Min: 0.0, Avg: 0.0, Max: 0.1, Diff: 0.1, Sum: 0.1]
      [GC Worker Total (ms): Min: 104.7, Avg: 104.7, Max: 104.8, Diff: 0.0, Sum: 418.9]
      [GC Worker End (ms): Min: 472006.0, Avg: 472006.0, Max: 472006.1, Diff: 0.1]
   [Code Root Fixup: 0.0 ms]
   [Clear CT: 0.2 ms]
   [Other: 1.2 ms]
      [Choose CSet: 0.0 ms]
      [Ref Proc: 0.1 ms]
      [Ref Enq: 0.0 ms]
      [Free CSet: 0.2 ms]
   [Eden: 235.0M(235.0M)->0.0B(256.0M) Survivors: 28.0M->33.0M Heap: 1282.5M(2048.0M)->1133.0M(2048.0M)]
 [Times: user=0.34 sys=0.00, real=0.11 secs] 
472.095: [GC concurrent-mark-end, 0.6243446 secs]
472.099: [GC remark 472.100: [GC ref-proc, 0.0017768 secs], 0.0034266 secs]
 [Times: user=0.05 sys=0.00, real=0.00 secs] 
472.103: [GC cleanup 1224M->589M(2048M), 0.0016232 secs]
 [Times: user=0.00 sys=0.00, real=0.00 secs] 
472.105: [GC concurrent-cleanup-start]
472.106: [GC concurrent-cleanup-end, 0.0007941 secs]
472.264: [GC pause (young), 0.1655481 secs]
   [Parallel Time: 163.8 ms, GC Workers: 4]
      [GC Worker Start (ms): Min: 472263.9, Avg: 472264.0, Max: 472264.0, Diff: 0.0]
      [Ext Root Scanning (ms): Min: 1.2, Avg: 1.3, Max: 1.4, Diff: 0.1, Sum: 5.1]
      [Update RS (ms): Min: 17.6, Avg: 17.7, Max: 17.8, Diff: 0.2, Sum: 71.0]
         [Processed Buffers: Min: 118, Avg: 143.5, Max: 156, Diff: 38, Sum: 574]
      [Scan RS (ms): Min: 0.2, Avg: 0.2, Max: 0.3, Diff: 0.1, Sum: 0.9]
      [Object Copy (ms): Min: 144.5, Avg: 144.5, Max: 144.5, Diff: 0.0, Sum: 578.0]
      [Termination (ms): Min: 0.0, Avg: 0.0, Max: 0.0, Diff: 0.0, Sum: 0.0]
      [GC Worker Other (ms): Min: 0.0, Avg: 0.0, Max: 0.0, Diff: 0.0, Sum: 0.1]
      [GC Worker Total (ms): Min: 163.8, Avg: 163.8, Max: 163.8, Diff: 0.0, Sum: 655.1]
      [GC Worker End (ms): Min: 472427.7, Avg: 472427.7, Max: 472427.7, Diff: 0.0]
   [Code Root Fixup: 0.0 ms]
   [Clear CT: 0.2 ms]
   [Other: 1.6 ms]
      [Choose CSet: 0.0 ms]
      [Ref Proc: 0.0 ms]
      [Ref Enq: 0.0 ms]
      [Free CSet: 0.2 ms]
   [Eden: 256.0M(256.0M)->0.0B(244.0M) Survivors: 33.0M->37.0M Heap: 754.0M(2048.0M)->639.0M(2048.0M)]
 [Times: user=0.59 sys=0.00, real=0.16 secs] 
472.712: [GC pause (young), 0.1771966 secs]
   [Parallel Time: 175.2 ms, GC Workers: 4]
      [GC Worker Start (ms): Min: 472712.1, Avg: 472712.1, Max: 472712.1, Diff: 0.0]
      [Ext Root Scanning (ms): Min: 1.5, Avg: 1.5, Max: 1.6, Diff: 0.1, Sum: 6.0]
      [Update RS (ms): Min: 22.8, Avg: 22.8, Max: 22.8, Diff: 0.0, Sum: 91.1]
         [Processed Buffers: Min: 168, Avg: 192.3, Max: 210, Diff: 42, Sum: 769]
      [Scan RS (ms): Min: 0.2, Avg: 0.2, Max: 0.2, Diff: 0.0, Sum: 0.7]
      [Object Copy (ms): Min: 150.7, Avg: 150.7, Max: 150.8, Diff: 0.1, Sum: 602.9]
      [Termination (ms): Min: 0.0, Avg: 0.0, Max: 0.0, Diff: 0.0, Sum: 0.0]
      [GC Worker Other (ms): Min: 0.0, Avg: 0.0, Max: 0.0, Diff: 0.0, Sum: 0.1]
      [GC Worker Total (ms): Min: 175.2, Avg: 175.2, Max: 175.2, Diff: 0.0, Sum: 700.8]
      [GC Worker End (ms): Min: 472887.3, Avg: 472887.3, Max: 472887.3, Diff: 0.0]
   [Code Root Fixup: 0.0 ms]
   [Clear CT: 0.1 ms]
   [Other: 1.9 ms]
      [Choose CSet: 0.0 ms]
      [Ref Proc: 0.0 ms]
      [Ref Enq: 0.0 ms]
      [Free CSet: 0.3 ms]
   [Eden: 244.0M(244.0M)->0.0B(241.0M) Survivors: 37.0M->36.0M Heap: 883.0M(2048.0M)->785.5M(2048.0M)]
 [Times: user=0.69 sys=0.00, real=0.18 secs] 
473.072: [GC pause (young), 0.0602930 secs]
   [Parallel Time: 57.6 ms, GC Workers: 4]
      [GC Worker Start (ms): Min: 473072.6, Avg: 473072.6, Max: 473072.6, Diff: 0.0]
      [Ext Root Scanning (ms): Min: 1.3, Avg: 1.5, Max: 1.7, Diff: 0.3, Sum: 5.9]
      [Update RS (ms): Min: 15.4, Avg: 15.6, Max: 15.8, Diff: 0.3, Sum: 62.4]
         [Processed Buffers: Min: 127, Avg: 137.3, Max: 144, Diff: 17, Sum: 549]
      [Scan RS (ms): Min: 0.3, Avg: 0.3, Max: 0.4, Diff: 0.1, Sum: 1.3]
      [Object Copy (ms): Min: 40.2, Avg: 40.2, Max: 40.3, Diff: 0.1, Sum: 160.9]
      [Termination (ms): Min: 0.0, Avg: 0.0, Max: 0.0, Diff: 0.0, Sum: 0.0]
      [GC Worker Other (ms): Min: 0.0, Avg: 0.0, Max: 0.0, Diff: 0.0, Sum: 0.1]
      [GC Worker Total (ms): Min: 57.6, Avg: 57.6, Max: 57.6, Diff: 0.0, Sum: 230.5]
      [GC Worker End (ms): Min: 473130.2, Avg: 473130.3, Max: 473130.3, Diff: 0.0]
   [Code Root Fixup: 0.0 ms]
   [Clear CT: 0.2 ms]
   [Other: 2.5 ms]
      [Choose CSet: 0.0 ms]
      [Ref Proc: 1.4 ms]
      [Ref Enq: 0.0 ms]
      [Free CSet: 0.3 ms]
   [Eden: 241.0M(241.0M)->0.0B(383.0M) Survivors: 36.0M->14.0M Heap: 1026.5M(2048.0M)->800.0M(2048.0M)]
 [Times: user=0.20 sys=0.00, real=0.06 secs] 
473.472: [GC pause (young), 0.1954514 secs]
   [Parallel Time: 193.5 ms, GC Workers: 4]
      [GC Worker Start (ms): Min: 473472.6, Avg: 473472.6, Max: 473472.6, Diff: 0.0]
      [Ext Root Scanning (ms): Min: 1.2, Avg: 1.2, Max: 1.3, Diff: 0.1, Sum: 5.0]
      [Update RS (ms): Min: 14.6, Avg: 14.6, Max: 14.6, Diff: 0.0, Sum: 58.3]
         [Processed Buffers: Min: 123, Avg: 175.0, Max: 200, Diff: 77, Sum: 700]
      [Scan RS (ms): Min: 0.1, Avg: 0.1, Max: 0.1, Diff: 0.0, Sum: 0.5]
      [Object Copy (ms): Min: 177.5, Avg: 177.5, Max: 177.5, Diff: 0.0, Sum: 710.0]
      [Termination (ms): Min: 0.0, Avg: 0.0, Max: 0.0, Diff: 0.0, Sum: 0.0]
      [GC Worker Other (ms): Min: 0.0, Avg: 0.0, Max: 0.0, Diff: 0.0, Sum: 0.1]
      [GC Worker Total (ms): Min: 193.5, Avg: 193.5, Max: 193.5, Diff: 0.0, Sum: 774.0]
      [GC Worker End (ms): Min: 473666.1, Avg: 473666.1, Max: 473666.1, Diff: 0.0]
   [Code Root Fixup: 0.0 ms]
   [Clear CT: 0.1 ms]
   [Other: 1.8 ms]
      [Choose CSet: 0.0 ms]
      [Ref Proc: 0.0 ms]
      [Ref Enq: 0.0 ms]
      [Free CSet: 0.3 ms]
   [Eden: 383.0M(383.0M)->0.0B(277.0M) Survivors: 14.0M->50.0M Heap: 1183.0M(2048.0M)->999.0M(2048.0M)]
 [Times: user=0.73 sys=0.00, real=0.20 secs] 
473.968: [GC pause (young) (initial-mark), 0.1719606 secs]
   [Parallel Time: 169.6 ms, GC Workers: 4]
      [GC Worker Start (ms): Min: 473968.9, Avg: 473968.9, Max: 473968.9, Diff: 0.0]
      [Ext Root Scanning (ms): Min: 0.2, Avg: 1.2, Max: 1.7, Diff: 1.4, Sum: 5.0]
      [Update RS (ms): Min: 2.0, Avg: 20.1, Max: 28.7, Diff: 26.7, Sum: 80.6]
         [Processed Buffers: Min: 150, Avg: 211.0, Max: 271, Diff: 121, Sum: 844]
      [Scan RS (ms): Min: 9.3, Avg: 13.8, Max: 19.5, Diff: 10.2, Sum: 55.1]
      [Object Copy (ms): Min: 123.5, Avg: 134.3, Max: 154.2, Diff: 30.7, Sum: 537.4]
      [Termination (ms): Min: 0.0, Avg: 0.0, Max: 0.0, Diff: 0.0, Sum: 0.0]
      [GC Worker Other (ms): Min: 0.0, Avg: 0.0, Max: 0.0, Diff: 0.0, Sum: 0.1]
      [GC Worker Total (ms): Min: 169.5, Avg: 169.5, Max: 169.5, Diff: 0.0, Sum: 678.1]
      [GC Worker End (ms): Min: 474138.4, Avg: 474138.4, Max: 474138.4, Diff: 0.0]
   [Code Root Fixup: 0.0 ms]
   [Clear CT: 0.1 ms]
   [Other: 2.3 ms]
      [Choose CSet: 0.0 ms]
      [Ref Proc: 0.0 ms]
      [Ref Enq: 0.0 ms]
      [Free CSet: 0.3 ms]
   [Eden: 235.0M(69.0M)->0.0B(291.0M) Survivors: 50.0M->15.0M Heap: 1234.0M(2048.0M)->1085.0M(2048.0M)]
 [Times: user=0.56 sys=0.00, real=0.17 secs] 
474.141: [GC concurrent-root-region-scan-start]
474.157: [GC concurrent-root-region-scan-end, 0.0158852 secs]
474.157: [GC concurrent-mark-start]
474.453: [GC pause (young), 0.0558764 secs]
   [Parallel Time: 54.8 ms, GC Workers: 4]
      [GC Worker Start (ms): Min: 474453.2, Avg: 474453.2, Max: 474453.2, Diff: 0.0]
      [Ext Root Scanning (ms): Min: 1.5, Avg: 1.5, Max: 1.5, Diff: 0.0, Sum: 6.0]
      [SATB Filtering (ms): Min: 0.0, Avg: 0.3, Max: 1.2, Diff: 1.2, Sum: 1.2]
      [Update RS (ms): Min: 15.3, Avg: 16.2, Max: 16.5, Diff: 1.2, Sum: 64.6]
         [Processed Buffers: Min: 162, Avg: 182.3, Max: 193, Diff: 31, Sum: 729]
      [Scan RS (ms): Min: 1.8, Avg: 1.8, Max: 1.9, Diff: 0.1, Sum: 7.2]
      [Object Copy (ms): Min: 34.9, Avg: 35.0, Max: 35.0, Diff: 0.1, Sum: 139.9]
      [Termination (ms): Min: 0.0, Avg: 0.0, Max: 0.0, Diff: 0.0, Sum: 0.0]
      [GC Worker Other (ms): Min: 0.0, Avg: 0.0, Max: 0.0, Diff: 0.0, Sum: 0.1]
      [GC Worker Total (ms): Min: 54.7, Avg: 54.7, Max: 54.7, Diff: 0.0, Sum: 219.0]
      [GC Worker End (ms): Min: 474508.0, Avg: 474508.0, Max: 474508.0, Diff: 0.0]
   [Code Root Fixup: 0.0 ms]
   [Clear CT: 0.1 ms]
   [Other: 1.0 ms]
      [Choose CSet: 0.0 ms]
      [Ref Proc: 0.0 ms]
      [Ref Enq: 0.0 ms]
      [Free CSet: 0.3 ms]
   [Eden: 291.0M(291.0M)->0.0B(359.0M) Survivors: 15.0M->31.0M Heap: 1376.0M(2048.0M)->1116.5M(2048.0M)]
 [Times: user=0.25 sys=0.00, real=0.06 secs] 
474.688: [GC concurrent-mark-end, 0.5317038 secs]
474.689: [GC remark 474.700: [GC ref-proc, 0.0019304 secs], 0.0149160 secs]
 [Times: user=0.03 sys=0.00, real=0.02 secs] 
474.704: [GC cleanup 1299M->642M(2048M), 0.0046857 secs]
 [Times: user=0.03 sys=0.00, real=0.01 secs] 
474.709: [GC concurrent-cleanup-start]
474.711: [GC concurrent-cleanup-end, 0.0018624 secs]
474.871: [GC pause (young), 0.1633916 secs]
   [Parallel Time: 161.8 ms, GC Workers: 4]
      [GC Worker Start (ms): Min: 474871.6, Avg: 474871.7, Max: 474871.7, Diff: 0.0]
      [Ext Root Scanning (ms): Min: 0.2, Avg: 1.3, Max: 1.6, Diff: 1.4, Sum: 5.0]
      [Update RS (ms): Min: 0.0, Avg: 12.1, Max: 16.2, Diff: 16.2, Sum: 48.4]
         [Processed Buffers: Min: 0, Avg: 110.3, Max: 164, Diff: 164, Sum: 441]
      [Scan RS (ms): Min: 0.0, Avg: 0.1, Max: 0.1, Diff: 0.1, Sum: 0.4]
      [Object Copy (ms): Min: 143.8, Avg: 148.3, Max: 161.4, Diff: 17.6, Sum: 593.0]
      [Termination (ms): Min: 0.0, Avg: 0.0, Max: 0.0, Diff: 0.0, Sum: 0.0]
      [GC Worker Other (ms): Min: 0.0, Avg: 0.0, Max: 0.0, Diff: 0.0, Sum: 0.1]
      [GC Worker Total (ms): Min: 161.7, Avg: 161.7, Max: 161.7, Diff: 0.0, Sum: 646.9]
      [GC Worker End (ms): Min: 475033.4, Avg: 475033.4, Max: 475033.4, Diff: 0.0]
   [Code Root Fixup: 0.0 ms]
   [Clear CT: 0.3 ms]
   [Other: 1.3 ms]
      [Choose CSet: 0.0 ms]
      [Ref Proc: 0.1 ms]
      [Ref Enq: 0.0 ms]
      [Free CSet: 0.3 ms]
   [Eden: 359.0M(359.0M)->0.0B(53.0M) Survivors: 31.0M->49.0M Heap: 818.5M(2048.0M)->577.5M(2048.0M)]
 [Times: user=0.50 sys=0.00, real=0.16 secs] 
475.121: [GC pause (mixed), 0.0946357 secs]
   [Parallel Time: 93.5 ms, GC Workers: 4]
      [GC Worker Start (ms): Min: 475121.2, Avg: 475122.0, Max: 475124.2, Diff: 3.1]
      [Ext Root Scanning (ms): Min: 0.1, Avg: 1.2, Max: 1.7, Diff: 1.6, Sum: 4.9]
      [Update RS (ms): Min: 29.2, Avg: 37.7, Max: 60.2, Diff: 31.0, Sum: 150.8]
         [Processed Buffers: Min: 104, Avg: 128.8, Max: 149, Diff: 45, Sum: 515]
      [Scan RS (ms): Min: 0.0, Avg: 1.8, Max: 2.4, Diff: 2.3, Sum: 7.0]
      [Object Copy (ms): Min: 31.5, Avg: 51.4, Max: 58.0, Diff: 26.5, Sum: 205.4]
      [Termination (ms): Min: 0.0, Avg: 0.7, Max: 0.9, Diff: 0.9, Sum: 2.6]
      [GC Worker Other (ms): Min: 0.0, Avg: 0.0, Max: 0.0, Diff: 0.0, Sum: 0.0]
      [GC Worker Total (ms): Min: 90.5, Avg: 92.7, Max: 93.5, Diff: 3.1, Sum: 370.9]
      [GC Worker End (ms): Min: 475214.7, Avg: 475214.7, Max: 475214.7, Diff: 0.0]
   [Code Root Fixup: 0.0 ms]
   [Clear CT: 0.1 ms]
   [Other: 1.0 ms]
      [Choose CSet: 0.0 ms]
      [Ref Proc: 0.1 ms]
      [Ref Enq: 0.0 ms]
      [Free CSet: 0.2 ms]
   [Eden: 53.0M(53.0M)->0.0B(423.0M) Survivors: 49.0M->5120.0K Heap: 630.5M(2048.0M)->551.0M(2048.0M)]
 [Times: user=0.33 sys=0.00, real=0.10 secs] 
475.617: [GC pause (young), 0.2161105 secs]
   [Parallel Time: 213.9 ms, GC Workers: 4]
      [GC Worker Start (ms): Min: 475617.4, Avg: 475617.9, Max: 475619.4, Diff: 2.0]
      [Ext Root Scanning (ms): Min: 0.1, Avg: 1.2, Max: 1.6, Diff: 1.6, Sum: 4.8]
      [Update RS (ms): Min: 26.2, Avg: 28.2, Max: 33.6, Diff: 7.4, Sum: 112.6]
         [Processed Buffers: Min: 144, Avg: 233.0, Max: 275, Diff: 131, Sum: 932]
      [Scan RS (ms): Min: 0.0, Avg: 0.1, Max: 0.2, Diff: 0.2, Sum: 0.4]
      [Object Copy (ms): Min: 178.8, Avg: 183.9, Max: 185.7, Diff: 7.0, Sum: 735.7]
      [Termination (ms): Min: 0.0, Avg: 0.0, Max: 0.0, Diff: 0.0, Sum: 0.0]
      [GC Worker Other (ms): Min: 0.0, Avg: 0.0, Max: 0.0, Diff: 0.0, Sum: 0.1]
      [GC Worker Total (ms): Min: 211.9, Avg: 213.4, Max: 213.9, Diff: 2.0, Sum: 853.7]
      [GC Worker End (ms): Min: 475831.3, Avg: 475831.3, Max: 475831.3, Diff: 0.0]
   [Code Root Fixup: 0.0 ms]
   [Clear CT: 0.3 ms]
   [Other: 1.8 ms]
      [Choose CSet: 0.0 ms]
      [Ref Proc: 0.0 ms]
      [Ref Enq: 0.0 ms]
      [Free CSet: 0.3 ms]
   [Eden: 423.0M(423.0M)->0.0B(244.0M) Survivors: 5120.0K->54.0M Heap: 974.0M(2048.0M)->778.5M(2048.0M)]
 [Times: user=0.87 sys=0.00, real=0.22 secs] 
476.100: [GC pause (young), 0.2194476 secs]
   [Parallel Time: 206.2 ms, GC Workers: 4]
      [GC Worker Start (ms): Min: 476100.1, Avg: 476101.9, Max: 476107.2, Diff: 7.1]
      [Ext Root Scanning (ms): Min: 0.1, Avg: 1.2, Max: 1.7, Diff: 1.6, Sum: 4.9]
      [Update RS (ms): Min: 15.0, Avg: 21.9, Max: 31.9, Diff: 16.9, Sum: 87.6]
         [Processed Buffers: Min: 141, Avg: 221.3, Max: 301, Diff: 160, Sum: 885]
      [Scan RS (ms): Min: 6.3, Avg: 16.3, Max: 23.3, Diff: 17.1, Sum: 65.0]
      [Object Copy (ms): Min: 151.2, Avg: 155.9, Max: 158.6, Diff: 7.4, Sum: 623.5]
      [Termination (ms): Min: 0.0, Avg: 2.6, Max: 7.0, Diff: 7.0, Sum: 10.3]
      [GC Worker Other (ms): Min: 0.0, Avg: 0.0, Max: 0.0, Diff: 0.0, Sum: 0.1]
      [GC Worker Total (ms): Min: 196.5, Avg: 197.9, Max: 198.3, Diff: 1.9, Sum: 791.4]
      [GC Worker End (ms): Min: 476298.4, Avg: 476299.7, Max: 476303.6, Diff: 5.2]
   [Code Root Fixup: 0.0 ms]
   [Clear CT: 0.2 ms]
   [Other: 13.0 ms]
      [Choose CSet: 0.0 ms]
      [Ref Proc: 10.8 ms]
      [Ref Enq: 0.0 ms]
      [Free CSet: 0.3 ms]
   [Eden: 244.0M(244.0M)->0.0B(129.0M) Survivors: 54.0M->38.0M Heap: 1022.5M(2048.0M)->856.0M(2048.0M)]
 [Times: user=0.58 sys=0.00, real=0.22 secs] 
476.507: [GC pause (young), 0.0647783 secs]
   [Parallel Time: 63.8 ms, GC Workers: 4]
      [GC Worker Start (ms): Min: 476507.7, Avg: 476507.7, Max: 476507.7, Diff: 0.0]
      [Ext Root Scanning (ms): Min: 1.3, Avg: 1.4, Max: 1.5, Diff: 0.2, Sum: 5.4]
      [Update RS (ms): Min: 16.8, Avg: 16.9, Max: 17.0, Diff: 0.2, Sum: 67.4]
         [Processed Buffers: Min: 85, Avg: 120.3, Max: 137, Diff: 52, Sum: 481]
      [Scan RS (ms): Min: 0.8, Avg: 0.9, Max: 0.9, Diff: 0.0, Sum: 3.5]
      [Object Copy (ms): Min: 44.6, Avg: 44.7, Max: 44.7, Diff: 0.0, Sum: 178.6]
      [Termination (ms): Min: 0.0, Avg: 0.0, Max: 0.0, Diff: 0.0, Sum: 0.0]
      [GC Worker Other (ms): Min: 0.0, Avg: 0.0, Max: 0.0, Diff: 0.0, Sum: 0.1]
      [GC Worker Total (ms): Min: 63.7, Avg: 63.7, Max: 63.8, Diff: 0.0, Sum: 255.0]
      [GC Worker End (ms): Min: 476571.4, Avg: 476571.4, Max: 476571.4, Diff: 0.0]
   [Code Root Fixup: 0.0 ms]
   [Clear CT: 0.1 ms]
   [Other: 0.9 ms]
      [Choose CSet: 0.0 ms]
      [Ref Proc: 0.0 ms]
      [Ref Enq: 0.0 ms]
      [Free CSet: 0.2 ms]
   [Eden: 129.0M(129.0M)->0.0B(302.0M) Survivors: 38.0M->18.0M Heap: 985.0M(2048.0M)->874.5M(2048.0M)]
 [Times: user=0.23 sys=0.00, real=0.07 secs] 
476.877: [GC pause (young), 0.1940360 secs]
   [Parallel Time: 192.3 ms, GC Workers: 4]
      [GC Worker Start (ms): Min: 476877.4, Avg: 476877.4, Max: 476877.4, Diff: 0.0]
      [Ext Root Scanning (ms): Min: 1.2, Avg: 1.2, Max: 1.2, Diff: 0.0, Sum: 4.9]
      [Update RS (ms): Min: 18.1, Avg: 18.1, Max: 18.1, Diff: 0.0, Sum: 72.4]
         [Processed Buffers: Min: 124, Avg: 145.5, Max: 181, Diff: 57, Sum: 582]
      [Scan RS (ms): Min: 0.1, Avg: 0.1, Max: 0.1, Diff: 0.0, Sum: 0.4]
      [Object Copy (ms): Min: 172.8, Avg: 172.8, Max: 172.8, Diff: 0.0, Sum: 691.2]
      [Termination (ms): Min: 0.0, Avg: 0.0, Max: 0.0, Diff: 0.0, Sum: 0.0]
      [GC Worker Other (ms): Min: 0.0, Avg: 0.0, Max: 0.0, Diff: 0.0, Sum: 0.1]
      [GC Worker Total (ms): Min: 192.3, Avg: 192.3, Max: 192.3, Diff: 0.0, Sum: 769.1]
      [GC Worker End (ms): Min: 477069.6, Avg: 477069.6, Max: 477069.6, Diff: 0.0]
   [Code Root Fixup: 0.0 ms]
   [Clear CT: 0.1 ms]
   [Other: 1.6 ms]
      [Choose CSet: 0.0 ms]
      [Ref Proc: 0.0 ms]
      [Ref Enq: 0.0 ms]
      [Free CSet: 0.2 ms]
   [Eden: 302.0M(302.0M)->0.0B(129.0M) Survivors: 18.0M->40.0M Heap: 1176.5M(2048.0M)->1068.5M(2048.0M)]
 [Times: user=0.75 sys=0.00, real=0.19 secs] 
477.257: [GC pause (young) (initial-mark), 0.0965870 secs]
   [Parallel Time: 94.8 ms, GC Workers: 4]
      [GC Worker Start (ms): Min: 477257.1, Avg: 477257.1, Max: 477257.1, Diff: 0.0]
      [Ext Root Scanning (ms): Min: 1.2, Avg: 1.3, Max: 1.3, Diff: 0.0, Sum: 5.0]
      [Update RS (ms): Min: 18.1, Avg: 18.1, Max: 18.2, Diff: 0.1, Sum: 72.6]
         [Processed Buffers: Min: 104, Avg: 211.0, Max: 265, Diff: 161, Sum: 844]
      [Scan RS (ms): Min: 9.4, Avg: 9.5, Max: 9.5, Diff: 0.1, Sum: 37.9]
      [Object Copy (ms): Min: 65.8, Avg: 65.9, Max: 65.9, Diff: 0.1, Sum: 263.6]
      [Termination (ms): Min: 0.0, Avg: 0.0, Max: 0.0, Diff: 0.0, Sum: 0.0]
      [GC Worker Other (ms): Min: 0.0, Avg: 0.0, Max: 0.0, Diff: 0.0, Sum: 0.1]
      [GC Worker Total (ms): Min: 94.8, Avg: 94.8, Max: 94.8, Diff: 0.0, Sum: 379.1]
      [GC Worker End (ms): Min: 477351.9, Avg: 477351.9, Max: 477351.9, Diff: 0.0]
   [Code Root Fixup: 0.0 ms]
   [Clear CT: 0.1 ms]
   [Other: 1.7 ms]
      [Choose CSet: 0.0 ms]
      [Ref Proc: 0.0 ms]
      [Ref Enq: 0.0 ms]
      [Free CSet: 0.2 ms]
   [Eden: 129.0M(129.0M)->0.0B(134.0M) Survivors: 40.0M->22.0M Heap: 1197.5M(2048.0M)->1108.0M(2048.0M)]
 [Times: user=0.38 sys=0.00, real=0.10 secs] 
477.353: [GC concurrent-root-region-scan-start]
477.389: [GC concurrent-root-region-scan-end, 0.0353799 secs]
477.389: [GC concurrent-mark-start]
477.506: [GC pause (young), 0.0538059 secs]
   [Parallel Time: 53.1 ms, GC Workers: 4]
      [GC Worker Start (ms): Min: 477506.3, Avg: 477506.3, Max: 477506.4, Diff: 0.0]
      [Ext Root Scanning (ms): Min: 1.3, Avg: 1.3, Max: 1.3, Diff: 0.0, Sum: 5.1]
      [SATB Filtering (ms): Min: 0.0, Avg: 0.1, Max: 0.5, Diff: 0.5, Sum: 0.5]
      [Update RS (ms): Min: 17.8, Avg: 18.7, Max: 20.4, Diff: 2.6, Sum: 75.0]
         [Processed Buffers: Min: 112, Avg: 122.0, Max: 132, Diff: 20, Sum: 488]
      [Scan RS (ms): Min: 0.0, Avg: 0.2, Max: 0.3, Diff: 0.3, Sum: 0.9]
      [Object Copy (ms): Min: 31.3, Avg: 32.6, Max: 33.1, Diff: 1.8, Sum: 130.6]
      [Termination (ms): Min: 0.0, Avg: 0.0, Max: 0.0, Diff: 0.0, Sum: 0.0]
      [GC Worker Other (ms): Min: 0.0, Avg: 0.0, Max: 0.0, Diff: 0.0, Sum: 0.1]
      [GC Worker Total (ms): Min: 53.0, Avg: 53.0, Max: 53.0, Diff: 0.0, Sum: 212.1]
      [GC Worker End (ms): Min: 477559.4, Avg: 477559.4, Max: 477559.4, Diff: 0.0]
   [Code Root Fixup: 0.0 ms]
   [Clear CT: 0.1 ms]
   [Other: 0.7 ms]
      [Choose CSet: 0.0 ms]
      [Ref Proc: 0.0 ms]
      [Ref Enq: 0.0 ms]
      [Free CSet: 0.2 ms]
   [Eden: 134.0M(134.0M)->0.0B(263.0M) Survivors: 22.0M->19.0M Heap: 1242.0M(2048.0M)->1127.5M(2048.0M)]
 [Times: user=0.17 sys=0.00, real=0.05 secs] 
477.804: [GC pause (young), 0.0878416 secs]
   [Parallel Time: 86.6 ms, GC Workers: 4]
      [GC Worker Start (ms): Min: 477804.6, Avg: 477804.6, Max: 477804.6, Diff: 0.0]
      [Ext Root Scanning (ms): Min: 1.2, Avg: 1.3, Max: 1.3, Diff: 0.1, Sum: 5.1]
      [SATB Filtering (ms): Min: 0.0, Avg: 0.8, Max: 3.0, Diff: 3.0, Sum: 3.0]
      [Update RS (ms): Min: 8.3, Avg: 10.5, Max: 11.3, Diff: 3.0, Sum: 42.2]
         [Processed Buffers: Min: 75, Avg: 99.3, Max: 125, Diff: 50, Sum: 397]
      [Scan RS (ms): Min: 0.0, Avg: 0.1, Max: 0.1, Diff: 0.0, Sum: 0.3]
      [Object Copy (ms): Min: 73.9, Avg: 73.9, Max: 73.9, Diff: 0.0, Sum: 295.7]
      [Termination (ms): Min: 0.0, Avg: 0.0, Max: 0.0, Diff: 0.0, Sum: 0.0]
      [GC Worker Other (ms): Min: 0.0, Avg: 0.0, Max: 0.0, Diff: 0.0, Sum: 0.1]
      [GC Worker Total (ms): Min: 86.6, Avg: 86.6, Max: 86.6, Diff: 0.0, Sum: 346.4]
      [GC Worker End (ms): Min: 477891.2, Avg: 477891.2, Max: 477891.2, Diff: 0.0]
   [Code Root Fixup: 0.0 ms]
   [Clear CT: 0.1 ms]
   [Other: 1.1 ms]
      [Choose CSet: 0.0 ms]
      [Ref Proc: 0.0 ms]
      [Ref Enq: 0.0 ms]
      [Free CSet: 0.3 ms]
   [Eden: 263.0M(263.0M)->0.0B(291.0M) Survivors: 19.0M->36.0M Heap: 1390.5M(2048.0M)->1203.5M(2048.0M)]
 [Times: user=0.36 sys=0.00, real=0.09 secs] 
477.965: [GC concurrent-mark-end, 0.5765718 secs]
477.966: [GC remark 477.967: [GC ref-proc, 0.0017633 secs], 0.0040815 secs]
 [Times: user=0.02 sys=0.00, real=0.00 secs] 
477.970: [GC cleanup 1289M->630M(2048M), 0.0012396 secs]
 [Times: user=0.00 sys=0.00, real=0.00 secs] 
477.971: [GC concurrent-cleanup-start]
477.972: [GC concurrent-cleanup-end, 0.0007909 secs]
478.182: [GC pause (young), 0.2499506 secs]
   [Parallel Time: 247.0 ms, GC Workers: 4]
      [GC Worker Start (ms): Min: 478182.3, Avg: 478183.3, Max: 478186.3, Diff: 4.0]
      [Ext Root Scanning (ms): Min: 0.1, Avg: 1.2, Max: 1.6, Diff: 1.5, Sum: 4.8]
      [Update RS (ms): Min: 20.0, Avg: 21.8, Max: 22.6, Diff: 2.6, Sum: 87.2]
         [Processed Buffers: Min: 106, Avg: 116.8, Max: 121, Diff: 15, Sum: 467]
      [Scan RS (ms): Min: 0.0, Avg: 0.1, Max: 0.1, Diff: 0.1, Sum: 0.3]
      [Object Copy (ms): Min: 222.8, Avg: 222.9, Max: 222.9, Diff: 0.2, Sum: 891.6]
      [Termination (ms): Min: 0.0, Avg: 0.0, Max: 0.0, Diff: 0.0, Sum: 0.0]
      [GC Worker Other (ms): Min: 0.0, Avg: 0.0, Max: 0.0, Diff: 0.0, Sum: 0.1]
      [GC Worker Total (ms): Min: 243.0, Avg: 246.0, Max: 247.0, Diff: 4.0, Sum: 984.0]
      [GC Worker End (ms): Min: 478429.3, Avg: 478429.3, Max: 478429.3, Diff: 0.0]
   [Code Root Fixup: 0.0 ms]
   [Clear CT: 0.2 ms]
   [Other: 2.8 ms]
      [Choose CSet: 0.0 ms]
      [Ref Proc: 0.5 ms]
      [Ref Enq: 0.0 ms]
      [Free CSet: 0.3 ms]
   [Eden: 291.0M(291.0M)->0.0B(61.0M) Survivors: 36.0M->41.0M Heap: 835.5M(2048.0M)->768.5M(2048.0M)]
 [Times: user=0.87 sys=0.00, real=0.25 secs] 
478.587: [GC pause (mixed), 0.0850985 secs]
   [Parallel Time: 83.0 ms, GC Workers: 4]
      [GC Worker Start (ms): Min: 478587.2, Avg: 478587.2, Max: 478587.3, Diff: 0.0]
      [Ext Root Scanning (ms): Min: 1.2, Avg: 1.3, Max: 1.3, Diff: 0.0, Sum: 5.0]
      [Update RS (ms): Min: 28.0, Avg: 28.0, Max: 28.0, Diff: 0.0, Sum: 112.0]
         [Processed Buffers: Min: 148, Avg: 150.8, Max: 153, Diff: 5, Sum: 603]
      [Scan RS (ms): Min: 6.7, Avg: 6.8, Max: 6.8, Diff: 0.1, Sum: 27.1]
      [Object Copy (ms): Min: 46.9, Avg: 47.0, Max: 47.0, Diff: 0.1, Sum: 187.9]
      [Termination (ms): Min: 0.0, Avg: 0.0, Max: 0.0, Diff: 0.0, Sum: 0.0]
      [GC Worker Other (ms): Min: 0.0, Avg: 0.0, Max: 0.0, Diff: 0.0, Sum: 0.1]
      [GC Worker Total (ms): Min: 83.0, Avg: 83.0, Max: 83.0, Diff: 0.0, Sum: 332.0]
      [GC Worker End (ms): Min: 478670.3, Avg: 478670.3, Max: 478670.3, Diff: 0.0]
   [Code Root Fixup: 0.0 ms]
   [Clear CT: 0.2 ms]
   [Other: 1.8 ms]
      [Choose CSet: 0.0 ms]
      [Ref Proc: 0.6 ms]
      [Ref Enq: 0.0 ms]
      [Free CSet: 0.3 ms]
   [Eden: 61.0M(61.0M)->0.0B(224.0M) Survivors: 41.0M->4096.0K Heap: 829.5M(2048.0M)->729.5M(2048.0M)]
 [Times: user=0.38 sys=0.00, real=0.09 secs] 
478.906: [GC pause (young), 0.1530734 secs]
   [Parallel Time: 151.2 ms, GC Workers: 4]
      [GC Worker Start (ms): Min: 478906.7, Avg: 478906.7, Max: 478906.7, Diff: 0.0]
      [Ext Root Scanning (ms): Min: 1.2, Avg: 1.2, Max: 1.3, Diff: 0.0, Sum: 4.9]
      [Update RS (ms): Min: 23.7, Avg: 23.9, Max: 24.4, Diff: 0.7, Sum: 95.5]
         [Processed Buffers: Min: 213, Avg: 304.8, Max: 418, Diff: 205, Sum: 1219]
      [Scan RS (ms): Min: 0.0, Avg: 0.1, Max: 0.1, Diff: 0.1, Sum: 0.2]
      [Object Copy (ms): Min: 109.4, Avg: 113.4, Max: 125.4, Diff: 16.0, Sum: 453.7]
      [Termination (ms): Min: 0.0, Avg: 12.5, Max: 16.7, Diff: 16.7, Sum: 49.9]
      [GC Worker Other (ms): Min: 0.0, Avg: 0.0, Max: 0.0, Diff: 0.0, Sum: 0.0]
      [GC Worker Total (ms): Min: 151.1, Avg: 151.1, Max: 151.1, Diff: 0.1, Sum: 604.3]
      [GC Worker End (ms): Min: 479057.7, Avg: 479057.7, Max: 479057.8, Diff: 0.1]
   [Code Root Fixup: 0.0 ms]
   [Clear CT: 0.1 ms]
   [Other: 1.8 ms]
      [Choose CSet: 0.0 ms]
      [Ref Proc: 0.2 ms]
      [Ref Enq: 0.0 ms]
      [Free CSet: 0.3 ms]
   [Eden: 224.0M(224.0M)->0.0B(73.0M) Survivors: 4096.0K->29.0M Heap: 953.5M(2048.0M)->860.0M(2048.0M)]
 [Times: user=0.51 sys=0.00, real=0.15 secs] 
479.142: [GC pause (young), 0.0902316 secs]
   [Parallel Time: 89.1 ms, GC Workers: 4]
      [GC Worker Start (ms): Min: 479142.4, Avg: 479142.4, Max: 479142.4, Diff: 0.0]
      [Ext Root Scanning (ms): Min: 1.2, Avg: 1.2, Max: 1.3, Diff: 0.0, Sum: 5.0]
      [Update RS (ms): Min: 18.6, Avg: 18.7, Max: 18.7, Diff: 0.0, Sum: 74.7]
         [Processed Buffers: Min: 156, Avg: 177.5, Max: 201, Diff: 45, Sum: 710]
      [Scan RS (ms): Min: 1.0, Avg: 1.1, Max: 1.1, Diff: 0.1, Sum: 4.3]
      [Object Copy (ms): Min: 58.1, Avg: 60.6, Max: 67.9, Diff: 9.8, Sum: 242.4]
      [Termination (ms): Min: 0.0, Avg: 7.4, Max: 10.0, Diff: 10.0, Sum: 29.5]
      [GC Worker Other (ms): Min: 0.0, Avg: 0.0, Max: 0.0, Diff: 0.0, Sum: 0.0]
      [GC Worker Total (ms): Min: 88.9, Avg: 89.0, Max: 89.1, Diff: 0.2, Sum: 355.9]
      [GC Worker End (ms): Min: 479231.4, Avg: 479231.4, Max: 479231.5, Diff: 0.2]
   [Code Root Fixup: 0.0 ms]
   [Clear CT: 0.1 ms]
   [Other: 1.0 ms]
      [Choose CSet: 0.0 ms]
      [Ref Proc: 0.0 ms]
      [Ref Enq: 0.0 ms]
      [Free CSet: 0.1 ms]
   [Eden: 73.0M(73.0M)->0.0B(139.0M) Survivors: 29.0M->13.0M Heap: 933.0M(2048.0M)->888.5M(2048.0M)]
 [Times: user=0.30 sys=0.00, real=0.09 secs] 
479.349: [GC pause (young), 0.0948188 secs]
   [Parallel Time: 93.0 ms, GC Workers: 4]
      [GC Worker Start (ms): Min: 479349.8, Avg: 479349.8, Max: 479349.8, Diff: 0.0]
      [Ext Root Scanning (ms): Min: 0.2, Avg: 1.2, Max: 1.6, Diff: 1.4, Sum: 4.9]
      [Update RS (ms): Min: 0.0, Avg: 15.4, Max: 20.7, Diff: 20.7, Sum: 61.8]
         [Processed Buffers: Min: 0, Avg: 106.3, Max: 147, Diff: 147, Sum: 425]
      [Scan RS (ms): Min: 0.0, Avg: 0.2, Max: 0.2, Diff: 0.2, Sum: 0.6]
      [Object Copy (ms): Min: 70.6, Avg: 76.1, Max: 92.7, Diff: 22.1, Sum: 304.5]
      [Termination (ms): Min: 0.0, Avg: 0.0, Max: 0.0, Diff: 0.0, Sum: 0.0]
      [GC Worker Other (ms): Min: 0.0, Avg: 0.0, Max: 0.0, Diff: 0.0, Sum: 0.0]
      [GC Worker Total (ms): Min: 93.0, Avg: 93.0, Max: 93.0, Diff: 0.0, Sum: 371.9]
      [GC Worker End (ms): Min: 479442.7, Avg: 479442.7, Max: 479442.7, Diff: 0.0]
   [Code Root Fixup: 0.0 ms]
   [Clear CT: 0.6 ms]
   [Other: 1.3 ms]
      [Choose CSet: 0.0 ms]
      [Ref Proc: 0.3 ms]
      [Ref Enq: 0.0 ms]
      [Free CSet: 0.2 ms]
   [Eden: 139.0M(139.0M)->0.0B(229.0M) Survivors: 13.0M->19.0M Heap: 1027.5M(2048.0M)->962.0M(2048.0M)]
 [Times: user=0.34 sys=0.00, real=0.10 secs] 
479.658: [GC pause (young) (initial-mark), 0.1514858 secs]
   [Parallel Time: 149.9 ms, GC Workers: 4]
      [GC Worker Start (ms): Min: 479658.5, Avg: 479661.2, Max: 479669.3, Diff: 10.8]
      [Ext Root Scanning (ms): Min: 0.1, Avg: 1.2, Max: 1.7, Diff: 1.6, Sum: 5.0]
      [Update RS (ms): Min: 21.5, Avg: 28.0, Max: 30.3, Diff: 8.9, Sum: 112.1]
         [Processed Buffers: Min: 113, Avg: 144.3, Max: 158, Diff: 45, Sum: 577]
      [Scan RS (ms): Min: 0.0, Avg: 0.1, Max: 0.1, Diff: 0.1, Sum: 0.2]
      [Object Copy (ms): Min: 117.4, Avg: 117.7, Max: 117.8, Diff: 0.4, Sum: 470.6]
      [Termination (ms): Min: 0.0, Avg: 0.0, Max: 0.0, Diff: 0.0, Sum: 0.0]
      [GC Worker Other (ms): Min: 0.0, Avg: 0.0, Max: 0.0, Diff: 0.0, Sum: 0.1]
      [GC Worker Total (ms): Min: 138.9, Avg: 147.0, Max: 149.7, Diff: 10.8, Sum: 587.9]
      [GC Worker End (ms): Min: 479808.2, Avg: 479808.2, Max: 479808.2, Diff: 0.0]
   [Code Root Fixup: 0.0 ms]
   [Clear CT: 0.1 ms]
   [Other: 1.6 ms]
      [Choose CSet: 0.0 ms]
      [Ref Proc: 0.1 ms]
      [Ref Enq: 0.0 ms]
      [Free CSet: 0.2 ms]
   [Eden: 229.0M(229.0M)->0.0B(200.0M) Survivors: 19.0M->31.0M Heap: 1191.0M(2048.0M)->1082.0M(2048.0M)]
 [Times: user=0.53 sys=0.02, real=0.15 secs] 
479.810: [GC concurrent-root-region-scan-start]
479.843: [GC concurrent-root-region-scan-end, 0.0332878 secs]
479.843: [GC concurrent-mark-start]
480.054: [GC pause (young), 0.1062984 secs]
   [Parallel Time: 104.9 ms, GC Workers: 4]
      [GC Worker Start (ms): Min: 480054.8, Avg: 480054.8, Max: 480054.8, Diff: 0.0]
      [Ext Root Scanning (ms): Min: 0.2, Avg: 1.3, Max: 1.7, Diff: 1.5, Sum: 5.2]
      [SATB Filtering (ms): Min: 0.0, Avg: 0.7, Max: 2.6, Diff: 2.6, Sum: 2.6]
      [Update RS (ms): Min: 0.0, Avg: 17.6, Max: 24.4, Diff: 24.4, Sum: 70.6]
         [Processed Buffers: Min: 0, Avg: 187.8, Max: 255, Diff: 255, Sum: 751]
      [Scan RS (ms): Min: 0.0, Avg: 0.9, Max: 1.1, Diff: 1.1, Sum: 3.4]
      [Object Copy (ms): Min: 77.6, Avg: 84.4, Max: 104.6, Diff: 27.0, Sum: 337.5]
      [Termination (ms): Min: 0.0, Avg: 0.0, Max: 0.0, Diff: 0.0, Sum: 0.0]
      [GC Worker Other (ms): Min: 0.0, Avg: 0.0, Max: 0.0, Diff: 0.0, Sum: 0.1]
      [GC Worker Total (ms): Min: 104.8, Avg: 104.9, Max: 104.9, Diff: 0.0, Sum: 419.4]
      [GC Worker End (ms): Min: 480159.7, Avg: 480159.7, Max: 480159.7, Diff: 0.0]
   [Code Root Fixup: 0.0 ms]
   [Clear CT: 0.1 ms]
   [Other: 1.3 ms]
      [Choose CSet: 0.0 ms]
      [Ref Proc: 0.0 ms]
      [Ref Enq: 0.0 ms]
      [Free CSet: 0.2 ms]
   [Eden: 200.0M(200.0M)->0.0B(244.0M) Survivors: 31.0M->29.0M Heap: 1282.0M(2048.0M)->1140.0M(2048.0M)]
 [Times: user=0.37 sys=0.00, real=0.11 secs] 
480.380: [GC pause (young), 0.0688720 secs]
   [Parallel Time: 67.7 ms, GC Workers: 4]
      [GC Worker Start (ms): Min: 480380.1, Avg: 480380.4, Max: 480380.5, Diff: 0.4]
      [Ext Root Scanning (ms): Min: 1.1, Avg: 1.2, Max: 1.5, Diff: 0.3, Sum: 5.0]
      [SATB Filtering (ms): Min: 0.0, Avg: 0.3, Max: 1.2, Diff: 1.2, Sum: 1.2]
      [Update RS (ms): Min: 16.6, Avg: 17.4, Max: 17.7, Diff: 1.1, Sum: 69.5]
         [Processed Buffers: Min: 139, Avg: 152.0, Max: 167, Diff: 28, Sum: 608]
      [Scan RS (ms): Min: 0.7, Avg: 0.7, Max: 0.8, Diff: 0.1, Sum: 2.9]
      [Object Copy (ms): Min: 47.5, Avg: 47.6, Max: 47.8, Diff: 0.3, Sum: 190.4]
      [Termination (ms): Min: 0.0, Avg: 0.2, Max: 0.3, Diff: 0.3, Sum: 0.8]
      [GC Worker Other (ms): Min: 0.0, Avg: 0.0, Max: 0.0, Diff: 0.0, Sum: 0.1]
      [GC Worker Total (ms): Min: 67.4, Avg: 67.5, Max: 67.7, Diff: 0.4, Sum: 269.9]
      [GC Worker End (ms): Min: 480447.9, Avg: 480447.9, Max: 480447.9, Diff: 0.0]
   [Code Root Fixup: 0.0 ms]
   [Clear CT: 0.1 ms]
   [Other: 1.0 ms]
      [Choose CSet: 0.0 ms]
      [Ref Proc: 0.0 ms]
      [Ref Enq: 0.0 ms]
      [Free CSet: 0.3 ms]
   [Eden: 244.0M(244.0M)->0.0B(340.0M) Survivors: 29.0M->30.0M Heap: 1384.0M(2048.0M)->1170.5M(2048.0M)]
 [Times: user=0.25 sys=0.00, real=0.07 secs] 
480.481: [GC concurrent-mark-end, 0.6380275 secs]
480.481: [GC remark 480.482: [GC ref-proc, 0.0017835 secs], 0.0032803 secs]
 [Times: user=0.00 sys=0.00, real=0.00 secs] 
480.485: [GC cleanup 1209M->594M(2048M), 0.0015125 secs]
 [Times: user=0.00 sys=0.00, real=0.00 secs] 
480.487: [GC concurrent-cleanup-start]
480.488: [GC concurrent-cleanup-end, 0.0007110 secs]
480.803: [GC pause (young), 0.2242321 secs]
   [Parallel Time: 220.9 ms, GC Workers: 4]
      [GC Worker Start (ms): Min: 480803.4, Avg: 480803.4, Max: 480803.4, Diff: 0.0]
      [Ext Root Scanning (ms): Min: 1.2, Avg: 1.2, Max: 1.2, Diff: 0.0, Sum: 4.9]
      [Update RS (ms): Min: 14.0, Avg: 14.0, Max: 14.0, Diff: 0.1, Sum: 56.0]
         [Processed Buffers: Min: 74, Avg: 76.0, Max: 77, Diff: 3, Sum: 304]
      [Scan RS (ms): Min: 0.1, Avg: 0.1, Max: 0.1, Diff: 0.1, Sum: 0.3]
      [Object Copy (ms): Min: 205.6, Avg: 205.6, Max: 205.6, Diff: 0.0, Sum: 822.3]
      [Termination (ms): Min: 0.0, Avg: 0.0, Max: 0.0, Diff: 0.0, Sum: 0.0]
      [GC Worker Other (ms): Min: 0.0, Avg: 0.0, Max: 0.0, Diff: 0.0, Sum: 0.1]
      [GC Worker Total (ms): Min: 220.9, Avg: 220.9, Max: 220.9, Diff: 0.0, Sum: 883.6]
      [GC Worker End (ms): Min: 481024.3, Avg: 481024.3, Max: 481024.3, Diff: 0.0]
   [Code Root Fixup: 0.0 ms]
   [Clear CT: 0.9 ms]
   [Other: 2.4 ms]
      [Choose CSet: 0.0 ms]
      [Ref Proc: 0.6 ms]
      [Ref Enq: 0.0 ms]
      [Free CSet: 0.3 ms]
   [Eden: 340.0M(340.0M)->0.0B(55.0M) Survivors: 30.0M->47.0M Heap: 895.5M(2048.0M)->775.5M(2048.0M)]
 [Times: user=0.86 sys=0.00, real=0.22 secs] 
481.149: [GC pause (mixed), 0.0910565 secs]
   [Parallel Time: 88.7 ms, GC Workers: 4]
      [GC Worker Start (ms): Min: 481149.4, Avg: 481149.4, Max: 481149.4, Diff: 0.0]
      [Ext Root Scanning (ms): Min: 1.3, Avg: 1.3, Max: 1.4, Diff: 0.1, Sum: 5.4]
      [Update RS (ms): Min: 28.1, Avg: 28.2, Max: 28.2, Diff: 0.1, Sum: 112.7]
         [Processed Buffers: Min: 151, Avg: 154.5, Max: 159, Diff: 8, Sum: 618]
      [Scan RS (ms): Min: 8.0, Avg: 8.1, Max: 8.1, Diff: 0.1, Sum: 32.3]
      [Object Copy (ms): Min: 51.0, Avg: 51.0, Max: 51.0, Diff: 0.1, Sum: 204.1]
      [Termination (ms): Min: 0.0, Avg: 0.0, Max: 0.0, Diff: 0.0, Sum: 0.0]
      [GC Worker Other (ms): Min: 0.0, Avg: 0.0, Max: 0.0, Diff: 0.0, Sum: 0.1]
      [GC Worker Total (ms): Min: 88.6, Avg: 88.6, Max: 88.6, Diff: 0.0, Sum: 354.5]
      [GC Worker End (ms): Min: 481238.1, Avg: 481238.1, Max: 481238.1, Diff: 0.0]
   [Code Root Fixup: 0.0 ms]
   [Clear CT: 0.3 ms]
   [Other: 2.1 ms]
      [Choose CSet: 0.0 ms]
      [Ref Proc: 0.5 ms]
      [Ref Enq: 0.0 ms]
      [Free CSet: 0.3 ms]
   [Eden: 55.0M(55.0M)->0.0B(230.0M) Survivors: 47.0M->5120.0K Heap: 830.5M(2048.0M)->740.5M(2048.0M)]
 [Times: user=0.37 sys=0.00, real=0.09 secs] 
481.489: [GC pause (young), 0.1322843 secs]
   [Parallel Time: 130.7 ms, GC Workers: 4]
      [GC Worker Start (ms): Min: 481489.3, Avg: 481489.3, Max: 481489.3, Diff: 0.0]
      [Ext Root Scanning (ms): Min: 1.2, Avg: 1.2, Max: 1.2, Diff: 0.0, Sum: 4.9]
      [Update RS (ms): Min: 17.8, Avg: 18.1, Max: 18.9, Diff: 1.1, Sum: 72.2]
         [Processed Buffers: Min: 289, Avg: 296.0, Max: 301, Diff: 12, Sum: 1184]
      [Scan RS (ms): Min: 0.0, Avg: 0.1, Max: 0.1, Diff: 0.1, Sum: 0.3]
      [Object Copy (ms): Min: 110.6, Avg: 111.3, Max: 111.6, Diff: 1.0, Sum: 445.4]
      [Termination (ms): Min: 0.0, Avg: 0.0, Max: 0.0, Diff: 0.0, Sum: 0.0]
      [GC Worker Other (ms): Min: 0.0, Avg: 0.0, Max: 0.0, Diff: 0.0, Sum: 0.1]
      [GC Worker Total (ms): Min: 130.7, Avg: 130.7, Max: 130.7, Diff: 0.0, Sum: 522.8]
      [GC Worker End (ms): Min: 481620.0, Avg: 481620.0, Max: 481620.0, Diff: 0.0]
   [Code Root Fixup: 0.0 ms]
   [Clear CT: 0.1 ms]
   [Other: 1.5 ms]
      [Choose CSet: 0.0 ms]
      [Ref Proc: 0.0 ms]
      [Ref Enq: 0.0 ms]
      [Free CSet: 0.3 ms]
   [Eden: 230.0M(230.0M)->0.0B(164.0M) Survivors: 5120.0K->30.0M Heap: 970.5M(2048.0M)->868.5M(2048.0M)]
 [Times: user=0.34 sys=0.00, real=0.13 secs] 
481.773: [GC pause (young), 0.0924199 secs]
   [Parallel Time: 90.9 ms, GC Workers: 4]
      [GC Worker Start (ms): Min: 481773.1, Avg: 481773.1, Max: 481773.1, Diff: 0.0]
      [Ext Root Scanning (ms): Min: 1.2, Avg: 1.2, Max: 1.2, Diff: 0.0, Sum: 4.9]
      [Update RS (ms): Min: 20.4, Avg: 20.7, Max: 21.4, Diff: 1.0, Sum: 82.6]
         [Processed Buffers: Min: 152, Avg: 166.8, Max: 184, Diff: 32, Sum: 667]
      [Scan RS (ms): Min: 0.0, Avg: 0.2, Max: 0.3, Diff: 0.3, Sum: 0.8]
      [Object Copy (ms): Min: 68.3, Avg: 68.8, Max: 69.0, Diff: 0.8, Sum: 275.3]
      [Termination (ms): Min: 0.0, Avg: 0.0, Max: 0.0, Diff: 0.0, Sum: 0.0]
      [GC Worker Other (ms): Min: 0.0, Avg: 0.0, Max: 0.0, Diff: 0.0, Sum: 0.1]
      [GC Worker Total (ms): Min: 90.9, Avg: 90.9, Max: 90.9, Diff: 0.0, Sum: 363.6]
      [GC Worker End (ms): Min: 481864.0, Avg: 481864.0, Max: 481864.0, Diff: 0.0]
   [Code Root Fixup: 0.0 ms]
   [Clear CT: 0.1 ms]
   [Other: 1.4 ms]
      [Choose CSet: 0.0 ms]
      [Ref Proc: 0.0 ms]
      [Ref Enq: 0.0 ms]
      [Free CSet: 0.2 ms]
   [Eden: 164.0M(164.0M)->0.0B(249.0M) Survivors: 30.0M->25.0M Heap: 1032.5M(2048.0M)->924.0M(2048.0M)]
 [Times: user=0.34 sys=0.00, real=0.09 secs] 
482.098: [GC pause (young), 0.1841672 secs]
   [Parallel Time: 180.4 ms, GC Workers: 4]
      [GC Worker Start (ms): Min: 482098.6, Avg: 482098.6, Max: 482098.6, Diff: 0.0]
      [Ext Root Scanning (ms): Min: 1.2, Avg: 1.2, Max: 1.3, Diff: 0.1, Sum: 4.9]
      [Update RS (ms): Min: 17.1, Avg: 17.1, Max: 17.1, Diff: 0.0, Sum: 68.5]
         [Processed Buffers: Min: 106, Avg: 114.3, Max: 121, Diff: 15, Sum: 457]
      [Scan RS (ms): Min: 0.3, Avg: 0.3, Max: 0.3, Diff: 0.0, Sum: 1.0]
      [Object Copy (ms): Min: 161.7, Avg: 161.7, Max: 161.7, Diff: 0.0, Sum: 646.9]
      [Termination (ms): Min: 0.0, Avg: 0.0, Max: 0.0, Diff: 0.0, Sum: 0.0]
      [GC Worker Other (ms): Min: 0.0, Avg: 0.0, Max: 0.0, Diff: 0.0, Sum: 0.1]
      [GC Worker Total (ms): Min: 180.3, Avg: 180.3, Max: 180.3, Diff: 0.0, Sum: 721.4]
      [GC Worker End (ms): Min: 482278.9, Avg: 482278.9, Max: 482278.9, Diff: 0.0]
   [Code Root Fixup: 0.0 ms]
   [Clear CT: 1.6 ms]
   [Other: 2.2 ms]
      [Choose CSet: 0.0 ms]
      [Ref Proc: 0.7 ms]
      [Ref Enq: 0.0 ms]
      [Free CSet: 0.2 ms]
   [Eden: 249.0M(249.0M)->0.0B(212.0M) Survivors: 25.0M->35.0M Heap: 1173.0M(2048.0M)->1095.0M(2048.0M)]
 [Times: user=0.69 sys=0.00, real=0.18 secs] 
482.498: [GC pause (young) (initial-mark), 0.1096255 secs]
   [Parallel Time: 107.9 ms, GC Workers: 4]
      [GC Worker Start (ms): Min: 482498.7, Avg: 482498.7, Max: 482498.7, Diff: 0.0]
      [Ext Root Scanning (ms): Min: 1.2, Avg: 1.3, Max: 1.3, Diff: 0.0, Sum: 5.0]
      [Update RS (ms): Min: 20.1, Avg: 20.5, Max: 21.3, Diff: 1.2, Sum: 82.1]
         [Processed Buffers: Min: 168, Avg: 197.8, Max: 233, Diff: 65, Sum: 791]
      [Scan RS (ms): Min: 0.4, Avg: 1.1, Max: 1.6, Diff: 1.2, Sum: 4.6]
      [Object Copy (ms): Min: 84.8, Avg: 84.9, Max: 84.9, Diff: 0.1, Sum: 339.6]
      [Termination (ms): Min: 0.0, Avg: 0.0, Max: 0.0, Diff: 0.0, Sum: 0.0]
      [GC Worker Other (ms): Min: 0.0, Avg: 0.0, Max: 0.0, Diff: 0.0, Sum: 0.1]
      [GC Worker Total (ms): Min: 107.8, Avg: 107.8, Max: 107.9, Diff: 0.0, Sum: 431.4]
      [GC Worker End (ms): Min: 482606.6, Avg: 482606.6, Max: 482606.6, Diff: 0.0]
   [Code Root Fixup: 0.0 ms]
   [Clear CT: 0.1 ms]
   [Other: 1.7 ms]
      [Choose CSet: 0.0 ms]
      [Ref Proc: 0.0 ms]
      [Ref Enq: 0.0 ms]
      [Free CSet: 0.2 ms]
   [Eden: 212.0M(212.0M)->0.0B(280.0M) Survivors: 35.0M->31.0M Heap: 1307.0M(2048.0M)->1164.0M(2048.0M)]
 [Times: user=0.41 sys=0.00, real=0.11 secs] 
482.608: [GC concurrent-root-region-scan-start]
482.654: [GC concurrent-root-region-scan-end, 0.0464145 secs]
482.655: [GC concurrent-mark-start]
482.864: [GC pause (young), 0.0854894 secs]
   [Parallel Time: 84.3 ms, GC Workers: 4]
      [GC Worker Start (ms): Min: 482864.3, Avg: 482864.3, Max: 482864.3, Diff: 0.0]
      [Ext Root Scanning (ms): Min: 1.2, Avg: 1.3, Max: 1.3, Diff: 0.1, Sum: 5.1]
      [SATB Filtering (ms): Min: 0.0, Avg: 0.7, Max: 2.8, Diff: 2.8, Sum: 2.8]
      [Update RS (ms): Min: 15.9, Avg: 18.1, Max: 18.8, Diff: 2.8, Sum: 72.2]
         [Processed Buffers: Min: 138, Avg: 144.8, Max: 153, Diff: 15, Sum: 579]
      [Scan RS (ms): Min: 0.3, Avg: 0.3, Max: 0.3, Diff: 0.0, Sum: 1.2]
      [Object Copy (ms): Min: 63.9, Avg: 63.9, Max: 64.0, Diff: 0.1, Sum: 255.8]
      [Termination (ms): Min: 0.0, Avg: 0.0, Max: 0.0, Diff: 0.0, Sum: 0.0]
      [GC Worker Other (ms): Min: 0.0, Avg: 0.0, Max: 0.0, Diff: 0.0, Sum: 0.1]
      [GC Worker Total (ms): Min: 84.3, Avg: 84.3, Max: 84.3, Diff: 0.0, Sum: 337.1]
      [GC Worker End (ms): Min: 482948.6, Avg: 482948.6, Max: 482948.6, Diff: 0.0]
   [Code Root Fixup: 0.0 ms]
   [Clear CT: 0.1 ms]
   [Other: 1.1 ms]
      [Choose CSet: 0.0 ms]
      [Ref Proc: 0.0 ms]
      [Ref Enq: 0.0 ms]
      [Free CSet: 0.3 ms]
   [Eden: 280.0M(280.0M)->0.0B(376.0M) Survivors: 31.0M->39.0M Heap: 1444.0M(2048.0M)->1218.0M(2048.0M)]
 [Times: user=0.34 sys=0.00, real=0.09 secs] 
483.212: [GC concurrent-mark-end, 0.5573479 secs]
483.212: [GC remark 483.214: [GC ref-proc, 0.0017569 secs], 0.0047794 secs]
 [Times: user=0.00 sys=0.00, real=0.00 secs] 
483.217: [GC cleanup 1512M->835M(2048M), 0.0014250 secs]
 [Times: user=0.00 sys=0.00, real=0.00 secs] 
483.219: [GC concurrent-cleanup-start]
483.220: [GC concurrent-cleanup-end, 0.0008810 secs]
483.296: [GC pause (young), 0.2519792 secs]
   [Parallel Time: 249.8 ms, GC Workers: 4]
      [GC Worker Start (ms): Min: 483296.2, Avg: 483296.2, Max: 483296.2, Diff: 0.0]
      [Ext Root Scanning (ms): Min: 1.5, Avg: 9.4, Max: 32.9, Diff: 31.4, Sum: 37.7]
      [Update RS (ms): Min: 0.0, Avg: 18.7, Max: 25.1, Diff: 25.1, Sum: 74.8]
         [Processed Buffers: Min: 0, Avg: 110.5, Max: 152, Diff: 152, Sum: 442]
      [Scan RS (ms): Min: 0.0, Avg: 0.1, Max: 0.2, Diff: 0.1, Sum: 0.5]
      [Object Copy (ms): Min: 216.9, Avg: 221.5, Max: 223.1, Diff: 6.2, Sum: 886.2]
      [Termination (ms): Min: 0.0, Avg: 0.0, Max: 0.0, Diff: 0.0, Sum: 0.0]
      [GC Worker Other (ms): Min: 0.0, Avg: 0.0, Max: 0.0, Diff: 0.0, Sum: 0.1]
      [GC Worker Total (ms): Min: 249.8, Avg: 249.8, Max: 249.8, Diff: 0.0, Sum: 999.3]
      [GC Worker End (ms): Min: 483546.0, Avg: 483546.0, Max: 483546.0, Diff: 0.0]
   [Code Root Fixup: 0.0 ms]
   [Clear CT: 0.1 ms]
   [Other: 2.0 ms]
      [Choose CSet: 0.0 ms]
      [Ref Proc: 0.0 ms]
      [Ref Enq: 0.0 ms]
      [Free CSet: 0.3 ms]
   [Eden: 376.0M(376.0M)->0.0B(50.0M) Survivors: 39.0M->52.0M Heap: 917.0M(2048.0M)->765.5M(2048.0M)]
 [Times: user=0.84 sys=0.02, real=0.25 secs] 
483.690: [GC pause (mixed), 0.1253340 secs]
   [Parallel Time: 123.3 ms, GC Workers: 4]
      [GC Worker Start (ms): Min: 483690.4, Avg: 483690.4, Max: 483690.4, Diff: 0.0]
      [Ext Root Scanning (ms): Min: 1.5, Avg: 1.6, Max: 1.7, Diff: 0.3, Sum: 6.4]
      [Update RS (ms): Min: 45.7, Avg: 45.8, Max: 45.9, Diff: 0.2, Sum: 183.0]
         [Processed Buffers: Min: 299, Avg: 305.5, Max: 315, Diff: 16, Sum: 1222]
      [Scan RS (ms): Min: 6.2, Avg: 6.2, Max: 6.3, Diff: 0.0, Sum: 25.0]
      [Object Copy (ms): Min: 67.3, Avg: 67.3, Max: 67.4, Diff: 0.1, Sum: 269.4]
      [Termination (ms): Min: 0.0, Avg: 0.0, Max: 0.0, Diff: 0.0, Sum: 0.0]
      [GC Worker Other (ms): Min: 0.0, Avg: 0.3, Max: 1.3, Diff: 1.3, Sum: 1.3]
      [GC Worker Total (ms): Min: 120.9, Avg: 121.3, Max: 122.2, Diff: 1.3, Sum: 485.0]
      [GC Worker End (ms): Min: 483811.3, Avg: 483811.7, Max: 483812.6, Diff: 1.3]
   [Code Root Fixup: 0.0 ms]
   [Clear CT: 0.2 ms]
   [Other: 1.9 ms]
      [Choose CSet: 0.0 ms]
      [Ref Proc: 0.3 ms]
      [Ref Enq: 0.0 ms]
      [Free CSet: 0.4 ms]
   [Eden: 50.0M(50.0M)->0.0B(255.0M) Survivors: 52.0M->13.0M Heap: 815.5M(2048.0M)->744.0M(2048.0M)]
 [Times: user=0.47 sys=0.00, real=0.13 secs] 
484.029: [GC pause (young), 0.1145312 secs]
   [Parallel Time: 113.0 ms, GC Workers: 4]
      [GC Worker Start (ms): Min: 484028.8, Avg: 484028.8, Max: 484028.9, Diff: 0.0]
      [Ext Root Scanning (ms): Min: 1.2, Avg: 1.2, Max: 1.2, Diff: 0.0, Sum: 4.9]
      [Update RS (ms): Min: 19.3, Avg: 19.4, Max: 19.5, Diff: 0.2, Sum: 77.6]
         [Processed Buffers: Min: 101, Avg: 122.8, Max: 137, Diff: 36, Sum: 491]
      [Scan RS (ms): Min: 0.1, Avg: 0.3, Max: 0.3, Diff: 0.2, Sum: 1.0]
      [Object Copy (ms): Min: 92.1, Avg: 92.1, Max: 92.1, Diff: 0.0, Sum: 368.5]
      [Termination (ms): Min: 0.0, Avg: 0.0, Max: 0.0, Diff: 0.0, Sum: 0.0]
      [GC Worker Other (ms): Min: 0.0, Avg: 0.0, Max: 0.0, Diff: 0.0, Sum: 0.1]
      [GC Worker Total (ms): Min: 113.0, Avg: 113.0, Max: 113.0, Diff: 0.0, Sum: 452.1]
      [GC Worker End (ms): Min: 484141.9, Avg: 484141.9, Max: 484141.9, Diff: 0.0]
   [Code Root Fixup: 0.0 ms]
   [Clear CT: 0.1 ms]
   [Other: 1.4 ms]
      [Choose CSet: 0.0 ms]
      [Ref Proc: 0.3 ms]
      [Ref Enq: 0.0 ms]
      [Free CSet: 0.2 ms]
   [Eden: 255.0M(255.0M)->0.0B(257.0M) Survivors: 13.0M->34.0M Heap: 999.0M(2048.0M)->846.5M(2048.0M)]
 [Times: user=0.42 sys=0.00, real=0.12 secs] 
484.396: [GC pause (young), 0.2389762 secs]
   [Parallel Time: 236.9 ms, GC Workers: 4]
      [GC Worker Start (ms): Min: 484396.0, Avg: 484396.0, Max: 484396.0, Diff: 0.0]
      [Ext Root Scanning (ms): Min: 1.3, Avg: 1.5, Max: 1.9, Diff: 0.6, Sum: 6.2]
      [Update RS (ms): Min: 33.1, Avg: 33.4, Max: 33.6, Diff: 0.5, Sum: 133.7]
         [Processed Buffers: Min: 163, Avg: 171.0, Max: 175, Diff: 12, Sum: 684]
      [Scan RS (ms): Min: 0.1, Avg: 0.1, Max: 0.1, Diff: 0.0, Sum: 0.4]
      [Object Copy (ms): Min: 201.5, Avg: 201.6, Max: 201.7, Diff: 0.2, Sum: 806.3]
      [Termination (ms): Min: 0.0, Avg: 0.2, Max: 0.3, Diff: 0.3, Sum: 0.8]
      [GC Worker Other (ms): Min: 0.0, Avg: 0.0, Max: 0.0, Diff: 0.0, Sum: 0.0]
      [GC Worker Total (ms): Min: 236.9, Avg: 236.9, Max: 236.9, Diff: 0.0, Sum: 947.5]
      [GC Worker End (ms): Min: 484632.8, Avg: 484632.9, Max: 484632.9, Diff: 0.0]
   [Code Root Fixup: 0.0 ms]
   [Clear CT: 0.1 ms]
   [Other: 2.0 ms]
      [Choose CSet: 0.0 ms]
      [Ref Proc: 0.1 ms]
      [Ref Enq: 0.0 ms]
      [Free CSet: 0.2 ms]
   [Eden: 257.0M(257.0M)->0.0B(201.0M) Survivors: 34.0M->37.0M Heap: 1103.5M(2048.0M)->1065.0M(2048.0M)]
 [Times: user=0.94 sys=0.00, real=0.24 secs] 
484.955: [GC pause (young) (initial-mark), 0.2022551 secs]
   [Parallel Time: 199.7 ms, GC Workers: 4]
      [GC Worker Start (ms): Min: 484955.8, Avg: 484955.8, Max: 484955.9, Diff: 0.0]
      [Ext Root Scanning (ms): Min: 1.2, Avg: 1.2, Max: 1.2, Diff: 0.0, Sum: 4.9]
      [Update RS (ms): Min: 35.5, Avg: 35.5, Max: 35.5, Diff: 0.0, Sum: 141.9]
         [Processed Buffers: Min: 221, Avg: 236.5, Max: 256, Diff: 35, Sum: 946]
      [Scan RS (ms): Min: 0.1, Avg: 0.1, Max: 0.1, Diff: 0.0, Sum: 0.6]
      [Object Copy (ms): Min: 162.8, Avg: 162.8, Max: 162.9, Diff: 0.0, Sum: 651.4]
      [Termination (ms): Min: 0.0, Avg: 0.0, Max: 0.0, Diff: 0.0, Sum: 0.0]
      [GC Worker Other (ms): Min: 0.0, Avg: 0.0, Max: 0.0, Diff: 0.0, Sum: 0.1]
      [GC Worker Total (ms): Min: 199.7, Avg: 199.7, Max: 199.7, Diff: 0.0, Sum: 798.7]
      [GC Worker End (ms): Min: 485155.5, Avg: 485155.5, Max: 485155.5, Diff: 0.0]
   [Code Root Fixup: 0.0 ms]
   [Clear CT: 0.1 ms]
   [Other: 2.5 ms]
      [Choose CSet: 0.0 ms]
      [Ref Proc: 0.3 ms]
      [Ref Enq: 0.0 ms]
      [Free CSet: 0.2 ms]
   [Eden: 201.0M(201.0M)->0.0B(198.0M) Survivors: 37.0M->30.0M Heap: 1266.0M(2048.0M)->1220.5M(2048.0M)]
 [Times: user=0.78 sys=0.00, real=0.20 secs] 
485.158: [GC concurrent-root-region-scan-start]
485.192: [GC concurrent-root-region-scan-end, 0.0341015 secs]
485.192: [GC concurrent-mark-start]
485.504: [GC pause (young), 0.1220239 secs]
   [Parallel Time: 120.2 ms, GC Workers: 4]
      [GC Worker Start (ms): Min: 485504.4, Avg: 485504.4, Max: 485504.4, Diff: 0.0]
      [Ext Root Scanning (ms): Min: 1.3, Avg: 1.3, Max: 1.3, Diff: 0.0, Sum: 5.1]
      [SATB Filtering (ms): Min: 0.0, Avg: 0.7, Max: 3.0, Diff: 3.0, Sum: 3.0]
      [Update RS (ms): Min: 15.0, Avg: 17.5, Max: 19.2, Diff: 4.1, Sum: 70.1]
         [Processed Buffers: Min: 115, Avg: 215.5, Max: 273, Diff: 158, Sum: 862]
      [Scan RS (ms): Min: 0.5, Avg: 1.4, Max: 1.7, Diff: 1.2, Sum: 5.5]
      [Object Copy (ms): Min: 99.2, Avg: 99.2, Max: 99.3, Diff: 0.0, Sum: 397.0]
      [Termination (ms): Min: 0.0, Avg: 0.0, Max: 0.0, Diff: 0.0, Sum: 0.0]
      [GC Worker Other (ms): Min: 0.0, Avg: 0.0, Max: 0.0, Diff: 0.0, Sum: 0.1]
      [GC Worker Total (ms): Min: 120.2, Avg: 120.2, Max: 120.2, Diff: 0.0, Sum: 480.8]
      [GC Worker End (ms): Min: 485624.6, Avg: 485624.6, Max: 485624.6, Diff: 0.0]
   [Code Root Fixup: 0.0 ms]
   [Clear CT: 0.1 ms]
   [Other: 1.7 ms]
      [Choose CSet: 0.0 ms]
      [Ref Proc: 0.0 ms]
      [Ref Enq: 0.0 ms]
      [Free CSet: 0.2 ms]
   [Eden: 198.0M(198.0M)->0.0B(228.0M) Survivors: 30.0M->29.0M Heap: 1418.5M(2048.0M)->1311.5M(2048.0M)]
 [Times: user=0.44 sys=0.00, real=0.12 secs] 
485.841: [GC pause (young), 0.0781558 secs]
   [Parallel Time: 76.2 ms, GC Workers: 4]
      [GC Worker Start (ms): Min: 485841.4, Avg: 485841.4, Max: 485841.4, Diff: 0.0]
      [Ext Root Scanning (ms): Min: 1.2, Avg: 1.2, Max: 1.2, Diff: 0.0, Sum: 4.9]
      [SATB Filtering (ms): Min: 0.0, Avg: 0.4, Max: 1.7, Diff: 1.7, Sum: 1.7]
      [Update RS (ms): Min: 20.4, Avg: 21.7, Max: 22.2, Diff: 1.8, Sum: 86.8]
         [Processed Buffers: Min: 147, Avg: 193.8, Max: 221, Diff: 74, Sum: 775]
      [Scan RS (ms): Min: 0.9, Avg: 1.0, Max: 1.0, Diff: 0.1, Sum: 3.9]
      [Object Copy (ms): Min: 51.8, Avg: 51.8, Max: 51.9, Diff: 0.1, Sum: 207.3]
      [Termination (ms): Min: 0.0, Avg: 0.0, Max: 0.0, Diff: 0.0, Sum: 0.0]
      [GC Worker Other (ms): Min: 0.0, Avg: 0.0, Max: 0.0, Diff: 0.0, Sum: 0.1]
      [GC Worker Total (ms): Min: 76.2, Avg: 76.2, Max: 76.2, Diff: 0.0, Sum: 304.7]
      [GC Worker End (ms): Min: 485917.6, Avg: 485917.6, Max: 485917.6, Diff: 0.0]
   [Code Root Fixup: 0.0 ms]
   [Clear CT: 0.6 ms]
   [Other: 1.4 ms]
      [Choose CSet: 0.0 ms]
      [Ref Proc: 0.4 ms]
      [Ref Enq: 0.0 ms]
      [Free CSet: 0.2 ms]
   [Eden: 228.0M(228.0M)->0.0B(272.0M) Survivors: 29.0M->32.0M Heap: 1539.5M(2048.0M)->1344.5M(2048.0M)]
 [Times: user=0.27 sys=0.00, real=0.08 secs] 
486.015: [GC concurrent-mark-end, 0.8231032 secs]
486.015: [GC remark 486.017: [GC ref-proc, 0.0017418 secs], 0.0043288 secs]
 [Times: user=0.02 sys=0.00, real=0.00 secs] 
486.020: [GC cleanup 1460M->808M(2048M), 0.0013127 secs]
 [Times: user=0.00 sys=0.00, real=0.00 secs] 
486.022: [GC concurrent-cleanup-start]
486.022: [GC concurrent-cleanup-end, 0.0007771 secs]
486.174: [GC pause (young), 0.1881742 secs]
   [Parallel Time: 184.6 ms, GC Workers: 4]
      [GC Worker Start (ms): Min: 486173.8, Avg: 486174.9, Max: 486178.2, Diff: 4.4]
      [Ext Root Scanning (ms): Min: 0.1, Avg: 1.4, Max: 1.9, Diff: 1.8, Sum: 5.5]
      [Update RS (ms): Min: 13.9, Avg: 15.9, Max: 16.6, Diff: 2.6, Sum: 63.4]
         [Processed Buffers: Min: 91, Avg: 97.0, Max: 106, Diff: 15, Sum: 388]
      [Scan RS (ms): Min: 0.1, Avg: 0.1, Max: 0.1, Diff: 0.0, Sum: 0.4]
      [Object Copy (ms): Min: 166.0, Avg: 166.1, Max: 166.2, Diff: 0.2, Sum: 664.4]
      [Termination (ms): Min: 0.0, Avg: 0.0, Max: 0.0, Diff: 0.0, Sum: 0.0]
      [GC Worker Other (ms): Min: 0.0, Avg: 0.0, Max: 0.0, Diff: 0.0, Sum: 0.1]
      [GC Worker Total (ms): Min: 180.1, Avg: 183.5, Max: 184.6, Diff: 4.5, Sum: 733.9]
      [GC Worker End (ms): Min: 486358.3, Avg: 486358.3, Max: 486358.3, Diff: 0.0]
   [Code Root Fixup: 0.0 ms]
   [Clear CT: 1.6 ms]
   [Other: 1.9 ms]
      [Choose CSet: 0.0 ms]
      [Ref Proc: 0.6 ms]
      [Ref Enq: 0.0 ms]
      [Free CSet: 0.2 ms]
   [Eden: 272.0M(272.0M)->0.0B(64.0M) Survivors: 32.0M->38.0M Heap: 964.5M(2048.0M)->847.5M(2048.0M)]
 [Times: user=0.62 sys=0.00, real=0.19 secs] 
486.443: [GC pause (mixed), 0.0731087 secs]
   [Parallel Time: 71.5 ms, GC Workers: 4]
      [GC Worker Start (ms): Min: 486443.6, Avg: 486443.6, Max: 486443.6, Diff: 0.0]
      [Ext Root Scanning (ms): Min: 1.2, Avg: 1.3, Max: 1.4, Diff: 0.2, Sum: 5.2]
      [Update RS (ms): Min: 26.4, Avg: 26.5, Max: 26.6, Diff: 0.2, Sum: 106.1]
         [Processed Buffers: Min: 137, Avg: 142.3, Max: 146, Diff: 9, Sum: 569]
      [Scan RS (ms): Min: 1.3, Avg: 1.3, Max: 1.3, Diff: 0.1, Sum: 5.1]
      [Object Copy (ms): Min: 42.4, Avg: 42.4, Max: 42.4, Diff: 0.1, Sum: 169.6]
      [Termination (ms): Min: 0.0, Avg: 0.0, Max: 0.0, Diff: 0.0, Sum: 0.0]
      [GC Worker Other (ms): Min: 0.0, Avg: 0.0, Max: 0.0, Diff: 0.0, Sum: 0.0]
      [GC Worker Total (ms): Min: 71.5, Avg: 71.5, Max: 71.5, Diff: 0.0, Sum: 286.1]
      [GC Worker End (ms): Min: 486515.1, Avg: 486515.1, Max: 486515.1, Diff: 0.0]
   [Code Root Fixup: 0.0 ms]
   [Clear CT: 0.2 ms]
   [Other: 1.4 ms]
      [Choose CSet: 0.1 ms]
      [Ref Proc: 0.0 ms]
      [Ref Enq: 0.0 ms]
      [Free CSet: 0.4 ms]
   [Eden: 64.0M(64.0M)->0.0B(302.0M) Survivors: 38.0M->5120.0K Heap: 911.5M(2048.0M)->774.5M(2048.0M)]
 [Times: user=0.25 sys=0.00, real=0.07 secs] 
486.815: [GC pause (young), 0.1327994 secs]
   [Parallel Time: 131.2 ms, GC Workers: 4]
      [GC Worker Start (ms): Min: 486815.4, Avg: 486815.4, Max: 486815.4, Diff: 0.0]
      [Ext Root Scanning (ms): Min: 1.3, Avg: 1.3, Max: 1.3, Diff: 0.0, Sum: 5.1]
      [Update RS (ms): Min: 16.2, Avg: 16.2, Max: 16.2, Diff: 0.0, Sum: 64.8]
         [Processed Buffers: Min: 140, Avg: 264.8, Max: 323, Diff: 183, Sum: 1059]
      [Scan RS (ms): Min: 0.1, Avg: 0.1, Max: 0.1, Diff: 0.0, Sum: 0.4]
      [Object Copy (ms): Min: 113.6, Avg: 113.6, Max: 113.6, Diff: 0.0, Sum: 454.3]
      [Termination (ms): Min: 0.0, Avg: 0.0, Max: 0.0, Diff: 0.0, Sum: 0.0]
      [GC Worker Other (ms): Min: 0.0, Avg: 0.0, Max: 0.0, Diff: 0.0, Sum: 0.1]
      [GC Worker Total (ms): Min: 131.2, Avg: 131.2, Max: 131.2, Diff: 0.0, Sum: 524.7]
      [GC Worker End (ms): Min: 486946.6, Avg: 486946.6, Max: 486946.6, Diff: 0.0]
   [Code Root Fixup: 0.0 ms]
   [Clear CT: 0.1 ms]
   [Other: 1.5 ms]
      [Choose CSet: 0.0 ms]
      [Ref Proc: 0.0 ms]
      [Ref Enq: 0.0 ms]
      [Free CSet: 0.2 ms]
   [Eden: 302.0M(302.0M)->0.0B(233.0M) Survivors: 5120.0K->39.0M Heap: 1076.5M(2048.0M)->916.0M(2048.0M)]
 [Times: user=0.50 sys=0.00, real=0.13 secs] 
487.149: [GC pause (young), 0.1575458 secs]
   [Parallel Time: 155.5 ms, GC Workers: 4]
      [GC Worker Start (ms): Min: 487149.4, Avg: 487149.4, Max: 487149.4, Diff: 0.0]
      [Ext Root Scanning (ms): Min: 1.3, Avg: 1.3, Max: 1.3, Diff: 0.0, Sum: 5.2]
      [Update RS (ms): Min: 19.1, Avg: 19.1, Max: 19.2, Diff: 0.0, Sum: 76.6]
         [Processed Buffers: Min: 160, Avg: 179.8, Max: 215, Diff: 55, Sum: 719]
      [Scan RS (ms): Min: 3.6, Avg: 3.6, Max: 3.7, Diff: 0.1, Sum: 14.4]
      [Object Copy (ms): Min: 131.3, Avg: 131.3, Max: 131.4, Diff: 0.0, Sum: 525.4]
      [Termination (ms): Min: 0.0, Avg: 0.1, Max: 0.1, Diff: 0.1, Sum: 0.3]
      [GC Worker Other (ms): Min: 0.0, Avg: 0.0, Max: 0.0, Diff: 0.0, Sum: 0.0]
      [GC Worker Total (ms): Min: 155.5, Avg: 155.5, Max: 155.5, Diff: 0.0, Sum: 621.9]
      [GC Worker End (ms): Min: 487304.9, Avg: 487304.9, Max: 487304.9, Diff: 0.0]
   [Code Root Fixup: 0.0 ms]
   [Clear CT: 0.2 ms]
   [Other: 1.8 ms]
      [Choose CSet: 0.0 ms]
      [Ref Proc: 0.1 ms]
      [Ref Enq: 0.0 ms]
      [Free CSet: 0.2 ms]
   [Eden: 233.0M(233.0M)->0.0B(187.0M) Survivors: 39.0M->34.0M Heap: 1149.0M(2048.0M)->1039.5M(2048.0M)]
 [Times: user=0.61 sys=0.00, real=0.16 secs] 
487.500: [GC pause (young) (initial-mark), 0.0805879 secs]
   [Parallel Time: 78.6 ms, GC Workers: 4]
      [GC Worker Start (ms): Min: 487500.5, Avg: 487500.5, Max: 487500.5, Diff: 0.0]
      [Ext Root Scanning (ms): Min: 1.2, Avg: 1.2, Max: 1.3, Diff: 0.0, Sum: 5.0]
      [Update RS (ms): Min: 20.3, Avg: 20.3, Max: 20.4, Diff: 0.1, Sum: 81.3]
         [Processed Buffers: Min: 182, Avg: 197.8, Max: 214, Diff: 32, Sum: 791]
      [Scan RS (ms): Min: 0.2, Avg: 0.2, Max: 0.2, Diff: 0.0, Sum: 0.8]
      [Object Copy (ms): Min: 56.7, Avg: 56.8, Max: 56.8, Diff: 0.1, Sum: 227.0]
      [Termination (ms): Min: 0.0, Avg: 0.0, Max: 0.0, Diff: 0.0, Sum: 0.0]
      [GC Worker Other (ms): Min: 0.0, Avg: 0.0, Max: 0.0, Diff: 0.0, Sum: 0.1]
      [GC Worker Total (ms): Min: 78.5, Avg: 78.5, Max: 78.5, Diff: 0.0, Sum: 314.1]
      [GC Worker End (ms): Min: 487579.1, Avg: 487579.1, Max: 487579.1, Diff: 0.0]
   [Code Root Fixup: 0.0 ms]
   [Clear CT: 0.3 ms]
   [Other: 1.8 ms]
      [Choose CSet: 0.0 ms]
      [Ref Proc: 0.3 ms]
      [Ref Enq: 0.0 ms]
      [Free CSet: 0.2 ms]
   [Eden: 187.0M(187.0M)->0.0B(307.0M) Survivors: 34.0M->28.0M Heap: 1226.5M(2048.0M)->1075.5M(2048.0M)]
 [Times: user=0.33 sys=0.00, real=0.08 secs] 
487.581: [GC concurrent-root-region-scan-start]
487.613: [GC concurrent-root-region-scan-end, 0.0318109 secs]
487.613: [GC concurrent-mark-start]
487.858: [GC pause (young), 0.0598341 secs]
   [Parallel Time: 57.8 ms, GC Workers: 4]
      [GC Worker Start (ms): Min: 487858.0, Avg: 487858.0, Max: 487858.0, Diff: 0.0]
      [Ext Root Scanning (ms): Min: 1.3, Avg: 1.3, Max: 1.3, Diff: 0.0, Sum: 5.2]
      [SATB Filtering (ms): Min: 0.0, Avg: 0.1, Max: 0.3, Diff: 0.3, Sum: 0.3]
      [Update RS (ms): Min: 16.1, Avg: 16.3, Max: 16.4, Diff: 0.3, Sum: 65.2]
         [Processed Buffers: Min: 105, Avg: 109.5, Max: 119, Diff: 14, Sum: 438]
      [Scan RS (ms): Min: 0.1, Avg: 0.1, Max: 0.1, Diff: 0.0, Sum: 0.5]
      [Object Copy (ms): Min: 39.4, Avg: 39.4, Max: 39.4, Diff: 0.0, Sum: 157.6]
      [Termination (ms): Min: 0.0, Avg: 0.0, Max: 0.0, Diff: 0.0, Sum: 0.0]
      [GC Worker Other (ms): Min: 0.0, Avg: 0.2, Max: 0.3, Diff: 0.3, Sum: 0.7]
      [GC Worker Total (ms): Min: 57.2, Avg: 57.4, Max: 57.5, Diff: 0.3, Sum: 229.5]
      [GC Worker End (ms): Min: 487915.2, Avg: 487915.4, Max: 487915.5, Diff: 0.3]
   [Code Root Fixup: 0.0 ms]
   [Clear CT: 0.4 ms]
   [Other: 1.6 ms]
      [Choose CSet: 0.0 ms]
      [Ref Proc: 0.7 ms]
      [Ref Enq: 0.0 ms]
      [Free CSet: 0.4 ms]
   [Eden: 307.0M(307.0M)->0.0B(441.0M) Survivors: 28.0M->24.0M Heap: 1382.5M(2048.0M)->1100.5M(2048.0M)]
 [Times: user=0.20 sys=0.00, real=0.06 secs] 
488.121: [GC concurrent-mark-end, 0.5088637 secs]
488.122: [GC remark 488.122: [GC ref-proc, 0.0018233 secs], 0.0037178 secs]
 [Times: user=0.02 sys=0.00, real=0.00 secs] 
488.126: [GC cleanup 1356M->738M(2048M), 0.0016665 secs]
 [Times: user=0.00 sys=0.00, real=0.00 secs] 
488.128: [GC concurrent-cleanup-start]
488.129: [GC concurrent-cleanup-end, 0.0007543 secs]
488.308: [GC pause (young), 0.1640757 secs]
   [Parallel Time: 162.6 ms, GC Workers: 4]
      [GC Worker Start (ms): Min: 488308.6, Avg: 488308.6, Max: 488308.6, Diff: 0.1]
      [Ext Root Scanning (ms): Min: 1.2, Avg: 1.3, Max: 1.3, Diff: 0.0, Sum: 5.0]
      [Update RS (ms): Min: 13.0, Avg: 13.0, Max: 13.1, Diff: 0.1, Sum: 52.2]
         [Processed Buffers: Min: 67, Avg: 71.0, Max: 78, Diff: 11, Sum: 284]
      [Scan RS (ms): Min: 0.1, Avg: 0.1, Max: 0.1, Diff: 0.1, Sum: 0.4]
      [Object Copy (ms): Min: 148.1, Avg: 148.1, Max: 148.1, Diff: 0.0, Sum: 592.4]
      [Termination (ms): Min: 0.0, Avg: 0.0, Max: 0.0, Diff: 0.0, Sum: 0.0]
      [GC Worker Other (ms): Min: 0.0, Avg: 0.0, Max: 0.0, Diff: 0.0, Sum: 0.1]
      [GC Worker Total (ms): Min: 162.5, Avg: 162.5, Max: 162.5, Diff: 0.1, Sum: 650.1]
      [GC Worker End (ms): Min: 488471.1, Avg: 488471.1, Max: 488471.1, Diff: 0.0]
   [Code Root Fixup: 0.0 ms]
   [Clear CT: 0.2 ms]
   [Other: 1.3 ms]
      [Choose CSet: 0.0 ms]
      [Ref Proc: 0.0 ms]
      [Ref Enq: 0.0 ms]
      [Free CSet: 0.3 ms]
   [Eden: 441.0M(441.0M)->0.0B(43.0M) Survivors: 24.0M->59.0M Heap: 923.5M(2048.0M)->636.5M(2048.0M)]
 [Times: user=0.64 sys=0.00, real=0.16 secs] 
488.506: [GC pause (mixed), 0.1112041 secs]
   [Parallel Time: 109.4 ms, GC Workers: 4]
      [GC Worker Start (ms): Min: 488506.1, Avg: 488506.3, Max: 488506.6, Diff: 0.5]
      [Ext Root Scanning (ms): Min: 1.0, Avg: 1.3, Max: 1.5, Diff: 0.5, Sum: 5.3]
      [Update RS (ms): Min: 34.4, Avg: 34.5, Max: 34.8, Diff: 0.4, Sum: 137.9]
         [Processed Buffers: Min: 172, Avg: 180.0, Max: 186, Diff: 14, Sum: 720]
      [Scan RS (ms): Min: 0.9, Avg: 1.2, Max: 1.3, Diff: 0.4, Sum: 4.8]
      [Object Copy (ms): Min: 72.2, Avg: 72.2, Max: 72.2, Diff: 0.1, Sum: 288.8]
      [Termination (ms): Min: 0.0, Avg: 0.0, Max: 0.0, Diff: 0.0, Sum: 0.0]
      [GC Worker Other (ms): Min: 0.0, Avg: 0.0, Max: 0.0, Diff: 0.0, Sum: 0.1]
      [GC Worker Total (ms): Min: 108.9, Avg: 109.2, Max: 109.4, Diff: 0.5, Sum: 436.9]
      [GC Worker End (ms): Min: 488615.5, Avg: 488615.5, Max: 488615.5, Diff: 0.0]
   [Code Root Fixup: 0.0 ms]
   [Clear CT: 0.2 ms]
   [Other: 1.5 ms]
      [Choose CSet: 0.0 ms]
      [Ref Proc: 0.2 ms]
      [Ref Enq: 0.0 ms]
      [Free CSet: 0.3 ms]
   [Eden: 43.0M(43.0M)->0.0B(384.0M) Survivors: 59.0M->2048.0K Heap: 679.5M(2048.0M)->600.0M(2048.0M)]
 [Times: user=0.37 sys=0.00, real=0.11 secs] 
488.997: [GC pause (young), 0.2093943 secs]
   [Parallel Time: 207.4 ms, GC Workers: 4]
      [GC Worker Start (ms): Min: 488997.4, Avg: 488997.4, Max: 488997.4, Diff: 0.0]
      [Ext Root Scanning (ms): Min: 1.2, Avg: 1.3, Max: 1.3, Diff: 0.0, Sum: 5.1]
      [Update RS (ms): Min: 22.2, Avg: 22.2, Max: 22.3, Diff: 0.1, Sum: 88.9]
         [Processed Buffers: Min: 235, Avg: 286.5, Max: 332, Diff: 97, Sum: 1146]
      [Scan RS (ms): Min: 0.0, Avg: 0.1, Max: 0.1, Diff: 0.1, Sum: 0.3]
      [Object Copy (ms): Min: 183.1, Avg: 183.2, Max: 183.6, Diff: 0.6, Sum: 732.9]
      [Termination (ms): Min: 0.0, Avg: 0.5, Max: 0.7, Diff: 0.7, Sum: 2.0]
      [GC Worker Other (ms): Min: 0.0, Avg: 0.0, Max: 0.0, Diff: 0.0, Sum: 0.0]
      [GC Worker Total (ms): Min: 207.2, Avg: 207.3, Max: 207.4, Diff: 0.2, Sum: 829.1]
      [GC Worker End (ms): Min: 489204.6, Avg: 489204.7, Max: 489204.8, Diff: 0.2]
   [Code Root Fixup: 0.0 ms]
   [Clear CT: 0.1 ms]
   [Other: 1.9 ms]
      [Choose CSet: 0.0 ms]
      [Ref Proc: 0.1 ms]
      [Ref Enq: 0.0 ms]
      [Free CSet: 0.3 ms]
   [Eden: 384.0M(384.0M)->0.0B(179.0M) Survivors: 2048.0K->49.0M Heap: 984.0M(2048.0M)->827.5M(2048.0M)]
 [Times: user=0.81 sys=0.00, real=0.21 secs] 
489.434: [GC pause (young), 0.1330794 secs]
   [Parallel Time: 131.1 ms, GC Workers: 4]
      [GC Worker Start (ms): Min: 489434.1, Avg: 489434.1, Max: 489434.1, Diff: 0.0]
      [Ext Root Scanning (ms): Min: 1.5, Avg: 3.2, Max: 7.9, Diff: 6.4, Sum: 12.8]
      [Update RS (ms): Min: 11.8, Avg: 16.9, Max: 20.1, Diff: 8.4, Sum: 67.7]
         [Processed Buffers: Min: 159, Avg: 216.3, Max: 256, Diff: 97, Sum: 865]
      [Scan RS (ms): Min: 10.8, Avg: 12.4, Max: 13.0, Diff: 2.2, Sum: 49.7]
      [Object Copy (ms): Min: 98.4, Avg: 98.4, Max: 98.5, Diff: 0.2, Sum: 393.7]
      [Termination (ms): Min: 0.0, Avg: 0.0, Max: 0.1, Diff: 0.1, Sum: 0.2]
      [GC Worker Other (ms): Min: 0.0, Avg: 0.0, Max: 0.0, Diff: 0.0, Sum: 0.0]
      [GC Worker Total (ms): Min: 131.1, Avg: 131.1, Max: 131.1, Diff: 0.0, Sum: 524.2]
      [GC Worker End (ms): Min: 489565.2, Avg: 489565.2, Max: 489565.2, Diff: 0.0]
   [Code Root Fixup: 0.0 ms]
   [Clear CT: 0.1 ms]
   [Other: 1.9 ms]
      [Choose CSet: 0.0 ms]
      [Ref Proc: 0.1 ms]
      [Ref Enq: 0.0 ms]
      [Free CSet: 0.2 ms]
   [Eden: 179.0M(179.0M)->0.0B(111.0M) Survivors: 49.0M->29.0M Heap: 1006.5M(2048.0M)->901.5M(2048.0M)]
 [Times: user=0.55 sys=0.00, real=0.13 secs] 
489.733: [GC pause (young), 0.0561298 secs]
   [Parallel Time: 55.2 ms, GC Workers: 4]
      [GC Worker Start (ms): Min: 489733.5, Avg: 489734.9, Max: 489739.0, Diff: 5.6]
      [Ext Root Scanning (ms): Min: 0.1, Avg: 1.3, Max: 1.7, Diff: 1.6, Sum: 5.1]
      [Update RS (ms): Min: 16.2, Avg: 19.1, Max: 20.1, Diff: 3.9, Sum: 76.3]
         [Processed Buffers: Min: 99, Avg: 119.8, Max: 128, Diff: 29, Sum: 479]
      [Scan RS (ms): Min: 0.2, Avg: 0.2, Max: 0.2, Diff: 0.0, Sum: 0.8]
      [Object Copy (ms): Min: 33.1, Avg: 33.2, Max: 33.3, Diff: 0.2, Sum: 133.0]
      [Termination (ms): Min: 0.0, Avg: 0.0, Max: 0.0, Diff: 0.0, Sum: 0.0]
      [GC Worker Other (ms): Min: 0.0, Avg: 0.0, Max: 0.0, Diff: 0.0, Sum: 0.1]
      [GC Worker Total (ms): Min: 49.6, Avg: 53.8, Max: 55.2, Diff: 5.6, Sum: 215.3]
      [GC Worker End (ms): Min: 489788.7, Avg: 489788.7, Max: 489788.7, Diff: 0.0]
   [Code Root Fixup: 0.0 ms]
   [Clear CT: 0.1 ms]
   [Other: 0.8 ms]
      [Choose CSet: 0.0 ms]
      [Ref Proc: 0.0 ms]
      [Ref Enq: 0.0 ms]
      [Free CSet: 0.2 ms]
   [Eden: 111.0M(111.0M)->0.0B(274.0M) Survivors: 29.0M->13.0M Heap: 1012.5M(2048.0M)->915.5M(2048.0M)]
 [Times: user=0.17 sys=0.00, real=0.06 secs] 
490.037: [GC pause (young), 0.1663781 secs]
   [Parallel Time: 164.7 ms, GC Workers: 4]
      [GC Worker Start (ms): Min: 490037.5, Avg: 490037.5, Max: 490037.5, Diff: 0.0]
      [Ext Root Scanning (ms): Min: 1.2, Avg: 1.2, Max: 1.2, Diff: 0.0, Sum: 5.0]
      [Update RS (ms): Min: 15.7, Avg: 15.8, Max: 15.8, Diff: 0.0, Sum: 63.1]
         [Processed Buffers: Min: 112, Avg: 187.3, Max: 231, Diff: 119, Sum: 749]
      [Scan RS (ms): Min: 0.1, Avg: 0.1, Max: 0.2, Diff: 0.1, Sum: 0.5]
      [Object Copy (ms): Min: 147.5, Avg: 147.6, Max: 147.6, Diff: 0.1, Sum: 590.3]
      [Termination (ms): Min: 0.0, Avg: 0.0, Max: 0.0, Diff: 0.0, Sum: 0.0]
      [GC Worker Other (ms): Min: 0.0, Avg: 0.0, Max: 0.0, Diff: 0.0, Sum: 0.1]
      [GC Worker Total (ms): Min: 164.7, Avg: 164.7, Max: 164.7, Diff: 0.0, Sum: 658.9]
      [GC Worker End (ms): Min: 490202.2, Avg: 490202.2, Max: 490202.2, Diff: 0.0]
   [Code Root Fixup: 0.0 ms]
   [Clear CT: 0.1 ms]
   [Other: 1.5 ms]
      [Choose CSet: 0.0 ms]
      [Ref Proc: 0.1 ms]
      [Ref Enq: 0.0 ms]
      [Free CSet: 0.2 ms]
   [Eden: 274.0M(274.0M)->0.0B(198.0M) Survivors: 13.0M->36.0M Heap: 1189.5M(2048.0M)->1084.0M(2048.0M)]
 [Times: user=0.66 sys=0.00, real=0.17 secs] 
490.358: [GC pause (young) (initial-mark), 0.0992056 secs]
   [Parallel Time: 97.3 ms, GC Workers: 4]
      [GC Worker Start (ms): Min: 490358.7, Avg: 490358.7, Max: 490358.7, Diff: 0.0]
      [Ext Root Scanning (ms): Min: 1.3, Avg: 1.3, Max: 1.4, Diff: 0.1, Sum: 5.3]
      [Update RS (ms): Min: 21.7, Avg: 21.8, Max: 21.8, Diff: 0.2, Sum: 87.0]
         [Processed Buffers: Min: 150, Avg: 186.8, Max: 205, Diff: 55, Sum: 747]
      [Scan RS (ms): Min: 2.2, Avg: 2.3, Max: 2.4, Diff: 0.2, Sum: 9.1]
      [Object Copy (ms): Min: 71.9, Avg: 71.9, Max: 71.9, Diff: 0.1, Sum: 287.6]
      [Termination (ms): Min: 0.0, Avg: 0.0, Max: 0.0, Diff: 0.0, Sum: 0.0]
      [GC Worker Other (ms): Min: 0.0, Avg: 0.0, Max: 0.0, Diff: 0.0, Sum: 0.1]
      [GC Worker Total (ms): Min: 97.3, Avg: 97.3, Max: 97.3, Diff: 0.0, Sum: 389.1]
      [GC Worker End (ms): Min: 490455.9, Avg: 490455.9, Max: 490455.9, Diff: 0.0]
   [Code Root Fixup: 0.0 ms]
   [Clear CT: 0.1 ms]
   [Other: 1.8 ms]
      [Choose CSet: 0.0 ms]
      [Ref Proc: 0.0 ms]
      [Ref Enq: 0.0 ms]
      [Free CSet: 0.2 ms]
   [Eden: 198.0M(198.0M)->0.0B(272.0M) Survivors: 36.0M->30.0M Heap: 1282.0M(2048.0M)->1137.5M(2048.0M)]
 [Times: user=0.37 sys=0.00, real=0.10 secs] 
490.457: [GC concurrent-root-region-scan-start]
490.490: [GC concurrent-root-region-scan-end, 0.0322978 secs]
490.490: [GC concurrent-mark-start]
490.693: [GC pause (young), 0.0974670 secs]
   [Parallel Time: 96.3 ms, GC Workers: 4]
      [GC Worker Start (ms): Min: 490693.1, Avg: 490693.1, Max: 490693.1, Diff: 0.0]
      [Ext Root Scanning (ms): Min: 1.2, Avg: 1.2, Max: 1.3, Diff: 0.0, Sum: 5.0]
      [SATB Filtering (ms): Min: 0.0, Avg: 0.7, Max: 2.8, Diff: 2.8, Sum: 2.8]
      [Update RS (ms): Min: 16.0, Avg: 18.1, Max: 18.8, Diff: 2.8, Sum: 72.4]
         [Processed Buffers: Min: 103, Avg: 126.5, Max: 142, Diff: 39, Sum: 506]
      [Scan RS (ms): Min: 0.3, Avg: 0.3, Max: 0.3, Diff: 0.0, Sum: 1.3]
      [Object Copy (ms): Min: 65.9, Avg: 68.4, Max: 75.9, Diff: 10.0, Sum: 273.5]
      [Termination (ms): Min: 0.0, Avg: 7.5, Max: 10.0, Diff: 10.0, Sum: 29.9]
      [GC Worker Other (ms): Min: 0.0, Avg: 0.0, Max: 0.0, Diff: 0.0, Sum: 0.1]
      [GC Worker Total (ms): Min: 96.2, Avg: 96.2, Max: 96.2, Diff: 0.0, Sum: 384.9]
      [GC Worker End (ms): Min: 490789.3, Avg: 490789.3, Max: 490789.3, Diff: 0.0]
   [Code Root Fixup: 0.0 ms]
   [Clear CT: 0.1 ms]
   [Other: 1.1 ms]
      [Choose CSet: 0.0 ms]
      [Ref Proc: 0.2 ms]
      [Ref Enq: 0.0 ms]
      [Free CSet: 0.2 ms]
   [Eden: 272.0M(272.0M)->0.0B(361.0M) Survivors: 30.0M->38.0M Heap: 1409.5M(2048.0M)->1194.0M(2048.0M)]
 [Times: user=0.38 sys=0.00, real=0.10 secs] 
491.080: [GC concurrent-mark-end, 0.5901254 secs]
491.080: [GC remark 491.082: [GC ref-proc, 0.0017588 secs], 0.0045497 secs]
 [Times: user=0.00 sys=0.00, real=0.00 secs] 
491.085: [GC cleanup 1493M->807M(2048M), 0.0013021 secs]
 [Times: user=0.00 sys=0.00, real=0.00 secs] 
491.087: [GC concurrent-cleanup-start]
491.087: [GC concurrent-cleanup-end, 0.0007983 secs]
491.151: [GC pause (young), 0.2278703 secs]
   [Parallel Time: 224.8 ms, GC Workers: 4]
      [GC Worker Start (ms): Min: 491151.1, Avg: 491151.1, Max: 491151.1, Diff: 0.0]
      [Ext Root Scanning (ms): Min: 0.6, Avg: 1.4, Max: 1.6, Diff: 1.0, Sum: 5.4]
      [Update RS (ms): Min: 21.7, Avg: 21.7, Max: 21.8, Diff: 0.1, Sum: 86.9]
         [Processed Buffers: Min: 117, Avg: 119.5, Max: 121, Diff: 4, Sum: 478]
      [Scan RS (ms): Min: 0.0, Avg: 0.1, Max: 0.2, Diff: 0.1, Sum: 0.4]
      [Object Copy (ms): Min: 201.2, Avg: 201.5, Max: 202.3, Diff: 1.1, Sum: 806.2]
      [Termination (ms): Min: 0.0, Avg: 0.0, Max: 0.0, Diff: 0.0, Sum: 0.0]
      [GC Worker Other (ms): Min: 0.0, Avg: 0.0, Max: 0.0, Diff: 0.0, Sum: 0.1]
      [GC Worker Total (ms): Min: 224.7, Avg: 224.8, Max: 224.8, Diff: 0.0, Sum: 899.0]
      [GC Worker End (ms): Min: 491375.9, Avg: 491375.9, Max: 491375.9, Diff: 0.0]
   [Code Root Fixup: 0.0 ms]
   [Clear CT: 0.9 ms]
   [Other: 2.2 ms]
      [Choose CSet: 0.0 ms]
      [Ref Proc: 0.5 ms]
      [Ref Enq: 0.0 ms]
      [Free CSet: 0.3 ms]
   [Eden: 361.0M(361.0M)->0.0B(52.0M) Survivors: 38.0M->50.0M Heap: 869.0M(2048.0M)->721.5M(2048.0M)]
 [Times: user=0.87 sys=0.00, real=0.23 secs] 
491.497: [GC pause (mixed), 0.0876492 secs]
   [Parallel Time: 85.9 ms, GC Workers: 4]
      [GC Worker Start (ms): Min: 491496.7, Avg: 491496.7, Max: 491496.7, Diff: 0.0]
      [Ext Root Scanning (ms): Min: 1.2, Avg: 1.2, Max: 1.2, Diff: 0.0, Sum: 4.9]
      [Update RS (ms): Min: 29.9, Avg: 29.9, Max: 30.0, Diff: 0.1, Sum: 119.7]
         [Processed Buffers: Min: 160, Avg: 163.0, Max: 165, Diff: 5, Sum: 652]
      [Scan RS (ms): Min: 0.8, Avg: 0.9, Max: 1.0, Diff: 0.2, Sum: 3.7]
      [Object Copy (ms): Min: 53.8, Avg: 53.8, Max: 53.8, Diff: 0.0, Sum: 215.2]
      [Termination (ms): Min: 0.0, Avg: 0.0, Max: 0.0, Diff: 0.0, Sum: 0.0]
      [GC Worker Other (ms): Min: 0.0, Avg: 0.0, Max: 0.0, Diff: 0.0, Sum: 0.1]
      [GC Worker Total (ms): Min: 85.9, Avg: 85.9, Max: 85.9, Diff: 0.0, Sum: 343.5]
      [GC Worker End (ms): Min: 491582.6, Avg: 491582.6, Max: 491582.6, Diff: 0.0]
   [Code Root Fixup: 0.0 ms]
   [Clear CT: 0.2 ms]
   [Other: 1.5 ms]
      [Choose CSet: 0.0 ms]
      [Ref Proc: 0.2 ms]
      [Ref Enq: 0.0 ms]
      [Free CSet: 0.2 ms]
   [Eden: 52.0M(52.0M)->0.0B(325.0M) Survivors: 50.0M->3072.0K Heap: 773.5M(2048.0M)->703.0M(2048.0M)]
 [Times: user=0.31 sys=0.00, real=0.09 secs] 
491.928: [GC pause (young), 0.1281015 secs]
   [Parallel Time: 125.3 ms, GC Workers: 4]
      [GC Worker Start (ms): Min: 491928.0, Avg: 491928.1, Max: 491928.1, Diff: 0.0]
      [Ext Root Scanning (ms): Min: 1.2, Avg: 1.2, Max: 1.3, Diff: 0.0, Sum: 4.9]
      [Update RS (ms): Min: 15.4, Avg: 15.4, Max: 15.4, Diff: 0.0, Sum: 61.5]
         [Processed Buffers: Min: 234, Avg: 281.3, Max: 321, Diff: 87, Sum: 1125]
      [Scan RS (ms): Min: 0.1, Avg: 0.1, Max: 0.1, Diff: 0.0, Sum: 0.3]
      [Object Copy (ms): Min: 108.6, Avg: 108.6, Max: 108.6, Diff: 0.0, Sum: 434.4]
      [Termination (ms): Min: 0.0, Avg: 0.0, Max: 0.0, Diff: 0.0, Sum: 0.0]
      [GC Worker Other (ms): Min: 0.0, Avg: 0.0, Max: 0.0, Diff: 0.0, Sum: 0.1]
      [GC Worker Total (ms): Min: 125.3, Avg: 125.3, Max: 125.3, Diff: 0.0, Sum: 501.3]
      [GC Worker End (ms): Min: 492053.4, Avg: 492053.4, Max: 492053.4, Diff: 0.0]
   [Code Root Fixup: 0.0 ms]
   [Clear CT: 0.3 ms]
   [Other: 2.5 ms]
      [Choose CSet: 0.0 ms]
      [Ref Proc: 1.2 ms]
      [Ref Enq: 0.0 ms]
      [Free CSet: 0.2 ms]
   [Eden: 325.0M(325.0M)->0.0B(240.0M) Survivors: 3072.0K->41.0M Heap: 1028.0M(2048.0M)->838.5M(2048.0M)]
 [Times: user=0.48 sys=0.00, real=0.13 secs] 
492.278: [GC pause (young), 0.1909497 secs]
   [Parallel Time: 188.4 ms, GC Workers: 4]
      [GC Worker Start (ms): Min: 492278.8, Avg: 492278.8, Max: 492278.8, Diff: 0.0]
      [Ext Root Scanning (ms): Min: 1.2, Avg: 1.2, Max: 1.2, Diff: 0.0, Sum: 4.9]
      [Update RS (ms): Min: 18.8, Avg: 18.8, Max: 18.8, Diff: 0.0, Sum: 75.3]
         [Processed Buffers: Min: 137, Avg: 154.0, Max: 168, Diff: 31, Sum: 616]
      [Scan RS (ms): Min: 0.3, Avg: 0.3, Max: 0.3, Diff: 0.0, Sum: 1.1]
      [Object Copy (ms): Min: 168.0, Avg: 168.0, Max: 168.0, Diff: 0.0, Sum: 672.1]
      [Termination (ms): Min: 0.0, Avg: 0.0, Max: 0.0, Diff: 0.0, Sum: 0.0]
      [GC Worker Other (ms): Min: 0.0, Avg: 0.0, Max: 0.0, Diff: 0.0, Sum: 0.1]
      [GC Worker Total (ms): Min: 188.3, Avg: 188.3, Max: 188.4, Diff: 0.0, Sum: 753.4]
      [GC Worker End (ms): Min: 492467.1, Avg: 492467.1, Max: 492467.1, Diff: 0.0]
   [Code Root Fixup: 0.0 ms]
   [Clear CT: 0.6 ms]
   [Other: 1.9 ms]
      [Choose CSet: 0.0 ms]
      [Ref Proc: 0.0 ms]
      [Ref Enq: 0.0 ms]
      [Free CSet: 0.3 ms]
   [Eden: 240.0M(240.0M)->0.0B(224.0M) Survivors: 41.0M->36.0M Heap: 1078.5M(2048.0M)->1004.0M(2048.0M)]
 [Times: user=0.72 sys=0.00, real=0.19 secs] 
492.727: [GC pause (young) (initial-mark), 0.1249113 secs]
   [Parallel Time: 122.2 ms, GC Workers: 4]
      [GC Worker Start (ms): Min: 492727.6, Avg: 492727.6, Max: 492727.7, Diff: 0.0]
      [Ext Root Scanning (ms): Min: 1.2, Avg: 1.2, Max: 1.2, Diff: 0.1, Sum: 4.9]
      [Update RS (ms): Min: 20.9, Avg: 20.9, Max: 20.9, Diff: 0.0, Sum: 83.6]
         [Processed Buffers: Min: 185, Avg: 203.8, Max: 217, Diff: 32, Sum: 815]
      [Scan RS (ms): Min: 0.5, Avg: 0.5, Max: 0.6, Diff: 0.1, Sum: 2.1]
      [Object Copy (ms): Min: 99.5, Avg: 99.6, Max: 99.6, Diff: 0.2, Sum: 398.2]
      [Termination (ms): Min: 0.0, Avg: 0.0, Max: 0.0, Diff: 0.0, Sum: 0.0]
      [GC Worker Other (ms): Min: 0.0, Avg: 0.0, Max: 0.0, Diff: 0.0, Sum: 0.1]
      [GC Worker Total (ms): Min: 122.2, Avg: 122.2, Max: 122.2, Diff: 0.0, Sum: 488.9]
      [GC Worker End (ms): Min: 492849.9, Avg: 492849.9, Max: 492849.9, Diff: 0.0]
   [Code Root Fixup: 0.0 ms]
   [Clear CT: 0.6 ms]
   [Other: 2.1 ms]
      [Choose CSet: 0.0 ms]
      [Ref Proc: 0.4 ms]
      [Ref Enq: 0.0 ms]
      [Free CSet: 0.2 ms]
   [Eden: 224.0M(224.0M)->0.0B(290.0M) Survivors: 36.0M->33.0M Heap: 1228.0M(2048.0M)->1089.5M(2048.0M)]
 [Times: user=0.48 sys=0.00, real=0.13 secs] 
492.852: [GC concurrent-root-region-scan-start]
492.890: [GC concurrent-root-region-scan-end, 0.0373404 secs]
492.890: [GC concurrent-mark-start]
493.169: [GC pause (young), 0.1502299 secs]
   [Parallel Time: 148.6 ms, GC Workers: 4]
      [GC Worker Start (ms): Min: 493169.8, Avg: 493169.8, Max: 493169.8, Diff: 0.0]
      [Ext Root Scanning (ms): Min: 1.2, Avg: 1.2, Max: 1.2, Diff: 0.1, Sum: 4.9]
      [SATB Filtering (ms): Min: 0.0, Avg: 0.7, Max: 2.7, Diff: 2.7, Sum: 2.7]
      [Update RS (ms): Min: 23.7, Avg: 23.8, Max: 23.8, Diff: 0.1, Sum: 95.2]
         [Processed Buffers: Min: 123, Avg: 185.8, Max: 224, Diff: 101, Sum: 743]
      [Scan RS (ms): Min: 0.0, Avg: 0.3, Max: 0.4, Diff: 0.3, Sum: 1.1]
      [Object Copy (ms): Min: 120.9, Avg: 122.6, Max: 123.2, Diff: 2.3, Sum: 490.3]
      [Termination (ms): Min: 0.0, Avg: 0.0, Max: 0.1, Diff: 0.1, Sum: 0.2]
      [GC Worker Other (ms): Min: 0.0, Avg: 0.0, Max: 0.0, Diff: 0.0, Sum: 0.1]
      [GC Worker Total (ms): Min: 148.6, Avg: 148.6, Max: 148.6, Diff: 0.0, Sum: 594.3]
      [GC Worker End (ms): Min: 493318.3, Avg: 493318.3, Max: 493318.4, Diff: 0.0]
   [Code Root Fixup: 0.0 ms]
   [Clear CT: 0.1 ms]
   [Other: 1.5 ms]
      [Choose CSet: 0.0 ms]
      [Ref Proc: 0.0 ms]
      [Ref Enq: 0.0 ms]
      [Free CSet: 0.3 ms]
   [Eden: 290.0M(290.0M)->0.0B(283.0M) Survivors: 33.0M->41.0M Heap: 1379.5M(2048.0M)->1215.0M(2048.0M)]
 [Times: user=0.62 sys=0.00, real=0.15 secs] 
493.570: [GC concurrent-mark-end, 0.6799808 secs]
493.570: [GC remark 493.571: [GC ref-proc, 0.0017361 secs], 0.0042303 secs]
 [Times: user=0.00 sys=0.00, real=0.00 secs] 
493.574: [GC cleanup 1455M->878M(2048M), 0.0013470 secs]
 [Times: user=0.00 sys=0.00, real=0.00 secs] 
493.576: [GC concurrent-cleanup-start]
493.577: [GC concurrent-cleanup-end, 0.0007450 secs]
493.618: [GC pause (young), 0.1600035 secs]
   [Parallel Time: 157.5 ms, GC Workers: 4]
      [GC Worker Start (ms): Min: 493618.7, Avg: 493618.7, Max: 493618.7, Diff: 0.0]
      [Ext Root Scanning (ms): Min: 1.2, Avg: 1.2, Max: 1.2, Diff: 0.0, Sum: 4.9]
      [Update RS (ms): Min: 17.1, Avg: 17.1, Max: 17.2, Diff: 0.1, Sum: 68.5]
         [Processed Buffers: Min: 160, Avg: 188.8, Max: 207, Diff: 47, Sum: 755]
      [Scan RS (ms): Min: 2.4, Avg: 2.5, Max: 2.6, Diff: 0.1, Sum: 10.0]
      [Object Copy (ms): Min: 136.5, Avg: 136.6, Max: 136.6, Diff: 0.1, Sum: 546.3]
      [Termination (ms): Min: 0.0, Avg: 0.0, Max: 0.0, Diff: 0.0, Sum: 0.0]
      [GC Worker Other (ms): Min: 0.0, Avg: 0.0, Max: 0.0, Diff: 0.0, Sum: 0.1]
      [GC Worker Total (ms): Min: 157.4, Avg: 157.4, Max: 157.4, Diff: 0.0, Sum: 629.8]
      [GC Worker End (ms): Min: 493776.1, Avg: 493776.1, Max: 493776.1, Diff: 0.0]
   [Code Root Fixup: 0.0 ms]
   [Clear CT: 0.5 ms]
   [Other: 2.1 ms]
      [Choose CSet: 0.0 ms]
      [Ref Proc: 0.5 ms]
      [Ref Enq: 0.0 ms]
      [Free CSet: 0.3 ms]
   [Eden: 283.0M(283.0M)->0.0B(61.0M) Survivors: 41.0M->41.0M Heap: 921.0M(2048.0M)->760.5M(2048.0M)]
 [Times: user=0.59 sys=0.00, real=0.16 secs] 
493.861: [GC pause (mixed), 0.0698720 secs]
   [Parallel Time: 68.4 ms, GC Workers: 4]
      [GC Worker Start (ms): Min: 493861.0, Avg: 493861.0, Max: 493861.0, Diff: 0.0]
      [Ext Root Scanning (ms): Min: 1.3, Avg: 1.3, Max: 1.4, Diff: 0.1, Sum: 5.3]
      [Update RS (ms): Min: 25.8, Avg: 25.9, Max: 25.9, Diff: 0.1, Sum: 103.4]
         [Processed Buffers: Min: 140, Avg: 143.8, Max: 146, Diff: 6, Sum: 575]
      [Scan RS (ms): Min: 1.5, Avg: 1.6, Max: 1.6, Diff: 0.1, Sum: 6.3]
      [Object Copy (ms): Min: 39.6, Avg: 39.6, Max: 39.7, Diff: 0.1, Sum: 158.5]
      [Termination (ms): Min: 0.0, Avg: 0.0, Max: 0.0, Diff: 0.0, Sum: 0.0]
      [GC Worker Other (ms): Min: 0.0, Avg: 0.0, Max: 0.0, Diff: 0.0, Sum: 0.1]
      [GC Worker Total (ms): Min: 68.4, Avg: 68.4, Max: 68.4, Diff: 0.0, Sum: 273.6]
      [GC Worker End (ms): Min: 493929.4, Avg: 493929.4, Max: 493929.4, Diff: 0.0]
   [Code Root Fixup: 0.0 ms]
   [Clear CT: 0.2 ms]
   [Other: 1.3 ms]
      [Choose CSet: 0.0 ms]
      [Ref Proc: 0.0 ms]
      [Ref Enq: 0.0 ms]
      [Free CSet: 0.4 ms]
   [Eden: 61.0M(61.0M)->0.0B(571.0M) Survivors: 41.0M->5120.0K Heap: 821.5M(2048.0M)->706.0M(2048.0M)]
 [Times: user=0.31 sys=0.00, real=0.07 secs] 
494.511: [GC pause (young), 0.3115217 secs]
   [Parallel Time: 308.6 ms, GC Workers: 4]
      [GC Worker Start (ms): Min: 494511.6, Avg: 494511.6, Max: 494511.6, Diff: 0.0]
      [Ext Root Scanning (ms): Min: 1.5, Avg: 9.0, Max: 31.3, Diff: 29.8, Sum: 36.1]
      [Update RS (ms): Min: 2.7, Avg: 24.8, Max: 32.3, Diff: 29.7, Sum: 99.2]
         [Processed Buffers: Min: 187, Avg: 257.5, Max: 348, Diff: 161, Sum: 1030]
      [Scan RS (ms): Min: 0.2, Avg: 0.2, Max: 0.2, Diff: 0.0, Sum: 0.7]
      [Object Copy (ms): Min: 274.4, Avg: 274.5, Max: 274.5, Diff: 0.2, Sum: 1097.9]
      [Termination (ms): Min: 0.0, Avg: 0.0, Max: 0.0, Diff: 0.0, Sum: 0.0]
      [GC Worker Other (ms): Min: 0.0, Avg: 0.0, Max: 0.1, Diff: 0.0, Sum: 0.2]
      [GC Worker Total (ms): Min: 308.5, Avg: 308.5, Max: 308.6, Diff: 0.0, Sum: 1234.2]
      [GC Worker End (ms): Min: 494820.2, Avg: 494820.2, Max: 494820.2, Diff: 0.0]
   [Code Root Fixup: 0.0 ms]
   [Clear CT: 0.4 ms]
   [Other: 2.6 ms]
      [Choose CSet: 0.0 ms]
      [Ref Proc: 0.2 ms]
      [Ref Enq: 0.0 ms]
      [Free CSet: 0.4 ms]
   [Eden: 571.0M(571.0M)->0.0B(183.0M) Survivors: 5120.0K->72.0M Heap: 1277.0M(2048.0M)->1029.5M(2048.0M)]
 [Times: user=1.15 sys=0.00, real=0.31 secs] 
495.146: [GC pause (young) (initial-mark), 0.1799144 secs]
   [Parallel Time: 176.9 ms, GC Workers: 4]
      [GC Worker Start (ms): Min: 495146.3, Avg: 495146.3, Max: 495146.3, Diff: 0.0]
      [Ext Root Scanning (ms): Min: 1.2, Avg: 1.2, Max: 1.2, Diff: 0.0, Sum: 4.9]
      [Update RS (ms): Min: 19.6, Avg: 20.2, Max: 20.8, Diff: 1.2, Sum: 80.8]
         [Processed Buffers: Min: 169, Avg: 278.8, Max: 365, Diff: 196, Sum: 1115]
      [Scan RS (ms): Min: 33.9, Avg: 34.5, Max: 35.1, Diff: 1.2, Sum: 137.9]
      [Object Copy (ms): Min: 121.0, Avg: 121.0, Max: 121.0, Diff: 0.0, Sum: 484.0]
      [Termination (ms): Min: 0.0, Avg: 0.0, Max: 0.0, Diff: 0.0, Sum: 0.0]
      [GC Worker Other (ms): Min: 0.0, Avg: 0.0, Max: 0.0, Diff: 0.0, Sum: 0.1]
      [GC Worker Total (ms): Min: 176.9, Avg: 176.9, Max: 176.9, Diff: 0.0, Sum: 707.7]
      [GC Worker End (ms): Min: 495323.2, Avg: 495323.2, Max: 495323.2, Diff: 0.0]
   [Code Root Fixup: 0.0 ms]
   [Clear CT: 0.2 ms]
   [Other: 2.8 ms]
      [Choose CSet: 0.0 ms]
      [Ref Proc: 0.2 ms]
      [Ref Enq: 0.0 ms]
      [Free CSet: 0.2 ms]
   [Eden: 183.0M(183.0M)->0.0B(105.0M) Survivors: 72.0M->32.0M Heap: 1212.5M(2048.0M)->1098.5M(2048.0M)]
 [Times: user=0.69 sys=0.00, real=0.18 secs] 
495.326: [GC concurrent-root-region-scan-start]
495.359: [GC concurrent-root-region-scan-end, 0.0332269 secs]
495.359: [GC concurrent-mark-start]
495.589: [GC pause (young), 0.0573145 secs]
   [Parallel Time: 55.1 ms, GC Workers: 4]
      [GC Worker Start (ms): Min: 495589.6, Avg: 495589.6, Max: 495589.6, Diff: 0.0]
      [Ext Root Scanning (ms): Min: 1.2, Avg: 1.2, Max: 1.3, Diff: 0.0, Sum: 5.0]
      [SATB Filtering (ms): Min: 0.0, Avg: 0.1, Max: 0.5, Diff: 0.5, Sum: 0.5]
      [Update RS (ms): Min: 12.7, Avg: 13.0, Max: 13.1, Diff: 0.5, Sum: 52.0]
         [Processed Buffers: Min: 116, Avg: 130.0, Max: 150, Diff: 34, Sum: 520]
      [Scan RS (ms): Min: 5.5, Avg: 5.5, Max: 5.6, Diff: 0.1, Sum: 22.2]
      [Object Copy (ms): Min: 34.9, Avg: 34.9, Max: 34.9, Diff: 0.1, Sum: 139.6]
      [Termination (ms): Min: 0.0, Avg: 0.0, Max: 0.0, Diff: 0.0, Sum: 0.0]
      [GC Worker Other (ms): Min: 0.0, Avg: 0.1, Max: 0.2, Diff: 0.2, Sum: 0.2]
      [GC Worker Total (ms): Min: 54.8, Avg: 54.9, Max: 55.0, Diff: 0.2, Sum: 219.5]
      [GC Worker End (ms): Min: 495644.4, Avg: 495644.5, Max: 495644.6, Diff: 0.2]
   [Code Root Fixup: 0.0 ms]
   [Clear CT: 0.8 ms]
   [Other: 1.4 ms]
      [Choose CSet: 0.0 ms]
      [Ref Proc: 0.5 ms]
      [Ref Enq: 0.0 ms]
      [Free CSet: 0.2 ms]
   [Eden: 105.0M(105.0M)->0.0B(239.0M) Survivors: 32.0M->13.0M Heap: 1203.5M(2048.0M)->1111.5M(2048.0M)]
 [Times: user=0.25 sys=0.00, real=0.06 secs] 
495.861: [GC pause (young), 0.0672100 secs]
   [Parallel Time: 66.2 ms, GC Workers: 4]
      [GC Worker Start (ms): Min: 495861.2, Avg: 495861.2, Max: 495861.2, Diff: 0.0]
      [Ext Root Scanning (ms): Min: 1.6, Avg: 5.5, Max: 16.9, Diff: 15.3, Sum: 21.8]
      [SATB Filtering (ms): Min: 0.0, Avg: 0.7, Max: 2.9, Diff: 2.9, Sum: 2.9]
      [Update RS (ms): Min: 3.4, Avg: 15.5, Max: 24.3, Diff: 20.8, Sum: 62.0]
         [Processed Buffers: Min: 91, Avg: 142.0, Max: 200, Diff: 109, Sum: 568]
      [Scan RS (ms): Min: 0.0, Avg: 0.1, Max: 0.1, Diff: 0.1, Sum: 0.3]
      [Object Copy (ms): Min: 40.3, Avg: 44.4, Max: 45.8, Diff: 5.5, Sum: 177.5]
      [Termination (ms): Min: 0.0, Avg: 0.1, Max: 0.1, Diff: 0.1, Sum: 0.2]
      [GC Worker Other (ms): Min: 0.0, Avg: 0.0, Max: 0.0, Diff: 0.0, Sum: 0.0]
      [GC Worker Total (ms): Min: 66.2, Avg: 66.2, Max: 66.2, Diff: 0.0, Sum: 264.9]
      [GC Worker End (ms): Min: 495927.4, Avg: 495927.5, Max: 495927.5, Diff: 0.0]
   [Code Root Fixup: 0.0 ms]
   [Clear CT: 0.1 ms]
   [Other: 0.9 ms]
      [Choose CSet: 0.0 ms]
      [Ref Proc: 0.1 ms]
      [Ref Enq: 0.0 ms]
      [Free CSet: 0.2 ms]
   [Eden: 239.0M(239.0M)->0.0B(99.0M) Survivors: 13.0M->32.0M Heap: 1350.5M(2048.0M)->1151.0M(2048.0M)]
 [Times: user=0.25 sys=0.00, real=0.07 secs] 
496.009: [GC pause (young), 0.0813271 secs]
   [Parallel Time: 79.9 ms, GC Workers: 4]
      [GC Worker Start (ms): Min: 496009.5, Avg: 496010.5, Max: 496011.2, Diff: 1.7]
      [Ext Root Scanning (ms): Min: 0.7, Avg: 1.3, Max: 2.3, Diff: 1.5, Sum: 5.4]
      [SATB Filtering (ms): Min: 0.0, Avg: 0.7, Max: 2.8, Diff: 2.8, Sum: 2.8]
      [Update RS (ms): Min: 6.2, Avg: 8.2, Max: 9.0, Diff: 2.8, Sum: 32.9]
         [Processed Buffers: Min: 33, Avg: 40.5, Max: 46, Diff: 13, Sum: 162]
      [Scan RS (ms): Min: 0.0, Avg: 0.0, Max: 0.1, Diff: 0.1, Sum: 0.1]
      [Object Copy (ms): Min: 68.4, Avg: 68.5, Max: 68.5, Diff: 0.1, Sum: 273.9]
      [Termination (ms): Min: 0.0, Avg: 0.0, Max: 0.0, Diff: 0.0, Sum: 0.0]
      [GC Worker Other (ms): Min: 0.0, Avg: 0.0, Max: 0.0, Diff: 0.0, Sum: 0.1]
      [GC Worker Total (ms): Min: 78.1, Avg: 78.8, Max: 79.8, Diff: 1.7, Sum: 315.2]
      [GC Worker End (ms): Min: 496089.3, Avg: 496089.3, Max: 496089.3, Diff: 0.0]
   [Code Root Fixup: 0.0 ms]
   [Clear CT: 0.4 ms]
   [Other: 1.1 ms]
      [Choose CSet: 0.0 ms]
      [Ref Proc: 0.0 ms]
      [Ref Enq: 0.0 ms]
      [Free CSet: 0.1 ms]
   [Eden: 99.0M(99.0M)->0.0B(154.0M) Survivors: 32.0M->17.0M Heap: 1250.0M(2048.0M)->1202.5M(2048.0M)]
 [Times: user=0.30 sys=0.00, real=0.08 secs] 
496.131: [GC concurrent-mark-end, 0.7720280 secs]
496.136: [GC remark 496.137: [GC ref-proc, 0.0017527 secs], 0.0036626 secs]
 [Times: user=0.00 sys=0.00, real=0.00 secs] 
496.141: [GC cleanup 1255M->467M(2048M), 0.0022944 secs]
 [Times: user=0.05 sys=0.00, real=0.00 secs] 
496.144: [GC concurrent-cleanup-start]
496.145: [GC concurrent-cleanup-end, 0.0009529 secs]
496.227: [GC pause (young), 0.0864038 secs]
   [Parallel Time: 84.9 ms, GC Workers: 4]
      [GC Worker Start (ms): Min: 496227.4, Avg: 496227.4, Max: 496227.4, Diff: 0.0]
      [Ext Root Scanning (ms): Min: 1.2, Avg: 1.2, Max: 1.3, Diff: 0.0, Sum: 5.0]
      [Update RS (ms): Min: 21.9, Avg: 22.0, Max: 22.0, Diff: 0.1, Sum: 87.9]
         [Processed Buffers: Min: 110, Avg: 122.5, Max: 132, Diff: 22, Sum: 490]
      [Scan RS (ms): Min: 0.2, Avg: 0.2, Max: 0.3, Diff: 0.1, Sum: 1.0]
      [Object Copy (ms): Min: 61.4, Avg: 61.4, Max: 61.5, Diff: 0.1, Sum: 245.7]
      [Termination (ms): Min: 0.0, Avg: 0.0, Max: 0.0, Diff: 0.0, Sum: 0.0]
      [GC Worker Other (ms): Min: 0.0, Avg: 0.0, Max: 0.0, Diff: 0.0, Sum: 0.1]
      [GC Worker Total (ms): Min: 84.9, Avg: 84.9, Max: 84.9, Diff: 0.0, Sum: 339.6]
      [GC Worker End (ms): Min: 496312.3, Avg: 496312.3, Max: 496312.3, Diff: 0.0]
   [Code Root Fixup: 0.0 ms]
   [Clear CT: 0.4 ms]
   [Other: 1.1 ms]
      [Choose CSet: 0.0 ms]
      [Ref Proc: 0.0 ms]
      [Ref Enq: 0.0 ms]
      [Free CSet: 0.2 ms]
   [Eden: 154.0M(154.0M)->0.0B(211.0M) Survivors: 17.0M->22.0M Heap: 568.5M(2048.0M)->475.5M(2048.0M)]
 [Times: user=0.33 sys=0.00, real=0.09 secs] 
496.501: [GC pause (young), 0.1541292 secs]
   [Parallel Time: 148.1 ms, GC Workers: 4]
      [GC Worker Start (ms): Min: 496501.4, Avg: 496501.4, Max: 496501.4, Diff: 0.0]
      [Ext Root Scanning (ms): Min: 1.5, Avg: 1.6, Max: 1.7, Diff: 0.2, Sum: 6.4]
      [Update RS (ms): Min: 14.5, Avg: 14.8, Max: 15.3, Diff: 0.8, Sum: 59.0]
         [Processed Buffers: Min: 90, Avg: 101.5, Max: 112, Diff: 22, Sum: 406]
      [Scan RS (ms): Min: 0.0, Avg: 0.2, Max: 0.3, Diff: 0.3, Sum: 0.8]
      [Object Copy (ms): Min: 118.5, Avg: 121.7, Max: 130.4, Diff: 11.9, Sum: 486.7]
      [Termination (ms): Min: 0.0, Avg: 9.0, Max: 12.7, Diff: 12.7, Sum: 36.1]
      [GC Worker Other (ms): Min: 0.0, Avg: 0.0, Max: 0.0, Diff: 0.0, Sum: 0.0]
      [GC Worker Total (ms): Min: 147.0, Avg: 147.3, Max: 148.1, Diff: 1.1, Sum: 589.1]
      [GC Worker End (ms): Min: 496648.5, Avg: 496648.7, Max: 496649.5, Diff: 1.0]
   [Code Root Fixup: 0.0 ms]
   [Clear CT: 0.1 ms]
   [Other: 5.9 ms]
      [Choose CSet: 0.0 ms]
      [Ref Proc: 4.5 ms]
      [Ref Enq: 0.0 ms]
      [Free CSet: 0.2 ms]
   [Eden: 211.0M(211.0M)->0.0B(221.0M) Survivors: 22.0M->30.0M Heap: 686.5M(2048.0M)->599.5M(2048.0M)]
 [Times: user=0.53 sys=0.00, real=0.15 secs] 
496.879: [GC pause (young), 0.0545172 secs]
   [Parallel Time: 53.6 ms, GC Workers: 4]
      [GC Worker Start (ms): Min: 496879.4, Avg: 496879.6, Max: 496879.6, Diff: 0.2]
      [Ext Root Scanning (ms): Min: 1.2, Avg: 1.4, Max: 1.6, Diff: 0.4, Sum: 5.5]
      [Update RS (ms): Min: 18.1, Avg: 18.2, Max: 18.3, Diff: 0.1, Sum: 72.7]
         [Processed Buffers: Min: 57, Avg: 91.8, Max: 104, Diff: 47, Sum: 367]
      [Scan RS (ms): Min: 1.0, Avg: 1.0, Max: 1.1, Diff: 0.1, Sum: 4.1]
      [Object Copy (ms): Min: 32.7, Avg: 32.8, Max: 32.8, Diff: 0.1, Sum: 131.2]
      [Termination (ms): Min: 0.0, Avg: 0.0, Max: 0.0, Diff: 0.0, Sum: 0.0]
      [GC Worker Other (ms): Min: 0.0, Avg: 0.0, Max: 0.0, Diff: 0.0, Sum: 0.1]
      [GC Worker Total (ms): Min: 53.3, Avg: 53.4, Max: 53.6, Diff: 0.2, Sum: 213.6]
      [GC Worker End (ms): Min: 496933.0, Avg: 496933.0, Max: 496933.0, Diff: 0.0]
   [Code Root Fixup: 0.0 ms]
   [Clear CT: 0.1 ms]
   [Other: 0.9 ms]
      [Choose CSet: 0.0 ms]
      [Ref Proc: 0.0 ms]
      [Ref Enq: 0.0 ms]
      [Free CSet: 0.2 ms]
   [Eden: 221.0M(221.0M)->0.0B(363.0M) Survivors: 30.0M->13.0M Heap: 820.5M(2048.0M)->613.0M(2048.0M)]
 [Times: user=0.17 sys=0.00, real=0.06 secs] 
497.263: [GC pause (young), 0.1973045 secs]
   [Parallel Time: 192.3 ms, GC Workers: 4]
      [GC Worker Start (ms): Min: 497263.1, Avg: 497266.6, Max: 497275.8, Diff: 12.8]
      [Ext Root Scanning (ms): Min: 0.1, Avg: 3.6, Max: 9.5, Diff: 9.4, Sum: 14.3]
      [Update RS (ms): Min: 16.1, Avg: 22.2, Max: 28.1, Diff: 12.0, Sum: 88.6]
         [Processed Buffers: Min: 187, Avg: 235.8, Max: 324, Diff: 137, Sum: 943]
      [Scan RS (ms): Min: 0.0, Avg: 0.1, Max: 0.2, Diff: 0.2, Sum: 0.4]
      [Object Copy (ms): Min: 161.4, Avg: 162.9, Max: 163.5, Diff: 2.1, Sum: 651.5]
      [Termination (ms): Min: 0.0, Avg: 0.0, Max: 0.0, Diff: 0.0, Sum: 0.0]
      [GC Worker Other (ms): Min: 0.0, Avg: 0.0, Max: 0.0, Diff: 0.0, Sum: 0.1]
      [GC Worker Total (ms): Min: 179.5, Avg: 188.7, Max: 192.3, Diff: 12.8, Sum: 754.9]
      [GC Worker End (ms): Min: 497455.4, Avg: 497455.4, Max: 497455.4, Diff: 0.0]
   [Code Root Fixup: 0.0 ms]
   [Clear CT: 0.6 ms]
   [Other: 4.4 ms]
      [Choose CSet: 0.0 ms]
      [Ref Proc: 2.9 ms]
      [Ref Enq: 0.0 ms]
      [Free CSet: 0.3 ms]
   [Eden: 363.0M(363.0M)->0.0B(244.0M) Survivors: 13.0M->47.0M Heap: 976.0M(2048.0M)->780.5M(2048.0M)]
 [Times: user=0.70 sys=0.00, real=0.20 secs] 
497.719: [GC pause (young), 0.1413023 secs]
   [Parallel Time: 138.8 ms, GC Workers: 4]
      [GC Worker Start (ms): Min: 497719.9, Avg: 497719.9, Max: 497719.9, Diff: 0.0]
      [Ext Root Scanning (ms): Min: 1.3, Avg: 1.3, Max: 1.3, Diff: 0.1, Sum: 5.3]
      [Update RS (ms): Min: 16.1, Avg: 16.1, Max: 16.2, Diff: 0.0, Sum: 64.6]
         [Processed Buffers: Min: 158, Avg: 188.5, Max: 214, Diff: 56, Sum: 754]
      [Scan RS (ms): Min: 5.9, Avg: 6.0, Max: 6.0, Diff: 0.1, Sum: 23.9]
      [Object Copy (ms): Min: 115.3, Avg: 115.4, Max: 115.4, Diff: 0.1, Sum: 461.4]
      [Termination (ms): Min: 0.0, Avg: 0.0, Max: 0.0, Diff: 0.0, Sum: 0.0]
      [GC Worker Other (ms): Min: 0.0, Avg: 0.0, Max: 0.0, Diff: 0.0, Sum: 0.1]
      [GC Worker Total (ms): Min: 138.8, Avg: 138.8, Max: 138.8, Diff: 0.0, Sum: 555.2]
      [GC Worker End (ms): Min: 497858.7, Avg: 497858.7, Max: 497858.7, Diff: 0.0]
   [Code Root Fixup: 0.0 ms]
   [Clear CT: 0.1 ms]
   [Other: 2.4 ms]
      [Choose CSet: 0.0 ms]
      [Ref Proc: 0.0 ms]
      [Ref Enq: 0.0 ms]
      [Free CSet: 0.5 ms]
   [Eden: 244.0M(244.0M)->0.0B(272.0M) Survivors: 47.0M->37.0M Heap: 1024.5M(2048.0M)->880.5M(2048.0M)]
 [Times: user=0.55 sys=0.00, real=0.14 secs] 
498.198: [GC pause (young), 0.1829391 secs]
   [Parallel Time: 180.7 ms, GC Workers: 4]
      [GC Worker Start (ms): Min: 498198.1, Avg: 498198.1, Max: 498198.1, Diff: 0.0]
      [Ext Root Scanning (ms): Min: 1.2, Avg: 1.2, Max: 1.3, Diff: 0.0, Sum: 5.0]
      [Update RS (ms): Min: 22.2, Avg: 22.2, Max: 22.2, Diff: 0.1, Sum: 88.9]
         [Processed Buffers: Min: 184, Avg: 187.8, Max: 193, Diff: 9, Sum: 751]
      [Scan RS (ms): Min: 0.2, Avg: 0.3, Max: 0.3, Diff: 0.0, Sum: 1.0]
      [Object Copy (ms): Min: 156.9, Avg: 156.9, Max: 156.9, Diff: 0.0, Sum: 627.6]
      [Termination (ms): Min: 0.0, Avg: 0.0, Max: 0.0, Diff: 0.0, Sum: 0.0]
      [GC Worker Other (ms): Min: 0.0, Avg: 0.0, Max: 0.0, Diff: 0.0, Sum: 0.1]
      [GC Worker Total (ms): Min: 180.6, Avg: 180.6, Max: 180.7, Diff: 0.0, Sum: 722.6]
      [GC Worker End (ms): Min: 498378.7, Avg: 498378.7, Max: 498378.7, Diff: 0.0]
   [Code Root Fixup: 0.0 ms]
   [Clear CT: 0.2 ms]
   [Other: 2.1 ms]
      [Choose CSet: 0.0 ms]
      [Ref Proc: 0.3 ms]
      [Ref Enq: 0.0 ms]
      [Free CSet: 0.3 ms]
   [Eden: 272.0M(272.0M)->0.0B(232.0M) Survivors: 37.0M->39.0M Heap: 1152.5M(2048.0M)->1040.0M(2048.0M)]
 [Times: user=0.72 sys=0.00, real=0.18 secs] 
498.664: [GC pause (young) (initial-mark), 0.1588306 secs]
   [Parallel Time: 156.2 ms, GC Workers: 4]
      [GC Worker Start (ms): Min: 498664.2, Avg: 498664.2, Max: 498664.2, Diff: 0.0]
      [Ext Root Scanning (ms): Min: 1.2, Avg: 1.3, Max: 1.3, Diff: 0.0, Sum: 5.1]
      [Update RS (ms): Min: 16.0, Avg: 16.1, Max: 16.1, Diff: 0.0, Sum: 64.2]
         [Processed Buffers: Min: 160, Avg: 177.3, Max: 198, Diff: 38, Sum: 709]
      [Scan RS (ms): Min: 2.2, Avg: 2.2, Max: 2.3, Diff: 0.1, Sum: 8.9]
      [Object Copy (ms): Min: 136.6, Avg: 136.6, Max: 136.6, Diff: 0.1, Sum: 546.4]
      [Termination (ms): Min: 0.0, Avg: 0.0, Max: 0.0, Diff: 0.0, Sum: 0.0]
      [GC Worker Other (ms): Min: 0.0, Avg: 0.0, Max: 0.0, Diff: 0.0, Sum: 0.1]
      [GC Worker Total (ms): Min: 156.2, Avg: 156.2, Max: 156.2, Diff: 0.0, Sum: 624.7]
      [GC Worker End (ms): Min: 498820.3, Avg: 498820.3, Max: 498820.4, Diff: 0.0]
   [Code Root Fixup: 0.0 ms]
   [Clear CT: 0.4 ms]
   [Other: 2.2 ms]
      [Choose CSet: 0.0 ms]
      [Ref Proc: 0.3 ms]
      [Ref Enq: 0.0 ms]
      [Free CSet: 0.2 ms]
   [Eden: 232.0M(232.0M)->0.0B(259.0M) Survivors: 39.0M->34.0M Heap: 1272.0M(2048.0M)->1169.5M(2048.0M)]
 [Times: user=0.55 sys=0.00, real=0.16 secs] 
498.823: [GC concurrent-root-region-scan-start]
498.888: [GC concurrent-root-region-scan-end, 0.0650163 secs]
498.888: [GC concurrent-mark-start]
499.132: [GC pause (young), 0.0882723 secs]
   [Parallel Time: 86.6 ms, GC Workers: 4]
      [GC Worker Start (ms): Min: 499132.0, Avg: 499132.0, Max: 499132.0, Diff: 0.0]
      [Ext Root Scanning (ms): Min: 1.2, Avg: 1.2, Max: 1.2, Diff: 0.1, Sum: 4.9]
      [SATB Filtering (ms): Min: 0.0, Avg: 0.7, Max: 2.6, Diff: 2.6, Sum: 2.6]
      [Update RS (ms): Min: 15.1, Avg: 17.0, Max: 17.7, Diff: 2.7, Sum: 68.1]
         [Processed Buffers: Min: 138, Avg: 194.0, Max: 235, Diff: 97, Sum: 776]
      [Scan RS (ms): Min: 0.1, Avg: 0.2, Max: 0.3, Diff: 0.1, Sum: 0.9]
      [Object Copy (ms): Min: 66.8, Avg: 67.0, Max: 67.4, Diff: 0.6, Sum: 268.0]
      [Termination (ms): Min: 0.0, Avg: 0.2, Max: 0.3, Diff: 0.3, Sum: 0.9]
      [GC Worker Other (ms): Min: 0.0, Avg: 0.0, Max: 0.0, Diff: 0.0, Sum: 0.0]
      [GC Worker Total (ms): Min: 86.3, Avg: 86.4, Max: 86.5, Diff: 0.2, Sum: 345.5]
      [GC Worker End (ms): Min: 499218.3, Avg: 499218.3, Max: 499218.5, Diff: 0.2]
   [Code Root Fixup: 0.0 ms]
   [Clear CT: 0.2 ms]
   [Other: 1.5 ms]
      [Choose CSet: 0.0 ms]
      [Ref Proc: 0.1 ms]
      [Ref Enq: 0.0 ms]
      [Free CSet: 0.2 ms]
   [Eden: 259.0M(259.0M)->0.0B(350.0M) Survivors: 34.0M->37.0M Heap: 1428.5M(2048.0M)->1218.0M(2048.0M)]
 [Times: user=0.36 sys=0.00, real=0.09 secs] 
499.506: [GC concurrent-mark-end, 0.6180309 secs]
499.506: [GC remark 499.508: [GC ref-proc, 0.0018121 secs], 0.0045571 secs]
 [Times: user=0.00 sys=0.00, real=0.01 secs] 
499.511: [GC cleanup 1549M->934M(2048M), 0.0013570 secs]
 [Times: user=0.02 sys=0.00, real=0.00 secs] 
499.513: [GC concurrent-cleanup-start]
499.514: [GC concurrent-cleanup-end, 0.0007678 secs]
499.532: [GC pause (young), 0.1839375 secs]
   [Parallel Time: 182.3 ms, GC Workers: 4]
      [GC Worker Start (ms): Min: 499532.5, Avg: 499532.5, Max: 499532.6, Diff: 0.1]
      [Ext Root Scanning (ms): Min: 1.2, Avg: 1.2, Max: 1.2, Diff: 0.1, Sum: 4.9]
      [Update RS (ms): Min: 16.7, Avg: 16.8, Max: 16.8, Diff: 0.1, Sum: 67.1]
         [Processed Buffers: Min: 107, Avg: 115.8, Max: 124, Diff: 17, Sum: 463]
      [Scan RS (ms): Min: 0.1, Avg: 0.1, Max: 0.2, Diff: 0.1, Sum: 0.6]
      [Object Copy (ms): Min: 159.8, Avg: 160.8, Max: 163.7, Diff: 3.9, Sum: 643.3]
      [Termination (ms): Min: 0.0, Avg: 3.0, Max: 4.3, Diff: 4.3, Sum: 12.1]
      [GC Worker Other (ms): Min: 0.0, Avg: 0.0, Max: 0.0, Diff: 0.0, Sum: 0.0]
      [GC Worker Total (ms): Min: 181.8, Avg: 182.0, Max: 182.3, Diff: 0.5, Sum: 728.0]
      [GC Worker End (ms): Min: 499714.4, Avg: 499714.5, Max: 499714.8, Diff: 0.4]
   [Code Root Fixup: 0.0 ms]
   [Clear CT: 0.1 ms]
   [Other: 1.5 ms]
      [Choose CSet: 0.0 ms]
      [Ref Proc: 0.1 ms]
      [Ref Enq: 0.0 ms]
      [Free CSet: 0.3 ms]
   [Eden: 350.0M(350.0M)->0.0B(53.0M) Survivors: 37.0M->49.0M Heap: 953.0M(2048.0M)->762.5M(2048.0M)]
 [Times: user=0.62 sys=0.00, real=0.18 secs] 
499.786: [GC pause (mixed), 0.0885372 secs]
   [Parallel Time: 86.2 ms, GC Workers: 4]
      [GC Worker Start (ms): Min: 499786.3, Avg: 499786.3, Max: 499786.3, Diff: 0.0]
      [Ext Root Scanning (ms): Min: 1.2, Avg: 1.3, Max: 1.3, Diff: 0.1, Sum: 5.0]
      [Update RS (ms): Min: 33.9, Avg: 33.9, Max: 33.9, Diff: 0.0, Sum: 135.7]
         [Processed Buffers: Min: 169, Avg: 173.8, Max: 181, Diff: 12, Sum: 695]
      [Scan RS (ms): Min: 2.5, Avg: 2.5, Max: 2.5, Diff: 0.0, Sum: 10.1]
      [Object Copy (ms): Min: 48.5, Avg: 48.5, Max: 48.5, Diff: 0.1, Sum: 193.9]
      [Termination (ms): Min: 0.0, Avg: 0.0, Max: 0.0, Diff: 0.0, Sum: 0.0]
      [GC Worker Other (ms): Min: 0.0, Avg: 0.0, Max: 0.0, Diff: 0.0, Sum: 0.1]
      [GC Worker Total (ms): Min: 86.2, Avg: 86.2, Max: 86.2, Diff: 0.0, Sum: 344.8]
      [GC Worker End (ms): Min: 499872.5, Avg: 499872.5, Max: 499872.5, Diff: 0.0]
   [Code Root Fixup: 0.0 ms]
   [Clear CT: 0.6 ms]
   [Other: 1.7 ms]
      [Choose CSet: 0.1 ms]
      [Ref Proc: 0.1 ms]
      [Ref Enq: 0.0 ms]
      [Free CSet: 0.5 ms]
   [Eden: 53.0M(53.0M)->0.0B(402.0M) Survivors: 49.0M->4096.0K Heap: 815.5M(2048.0M)->678.5M(2048.0M)]
 [Times: user=0.37 sys=0.00, real=0.09 secs] 
500.279: [GC pause (young), 0.2401151 secs]
   [Parallel Time: 237.6 ms, GC Workers: 4]
      [GC Worker Start (ms): Min: 500279.5, Avg: 500279.5, Max: 500279.5, Diff: 0.0]
      [Ext Root Scanning (ms): Min: 1.3, Avg: 1.3, Max: 1.3, Diff: 0.0, Sum: 5.2]
      [Update RS (ms): Min: 24.3, Avg: 24.6, Max: 25.2, Diff: 0.9, Sum: 98.5]
         [Processed Buffers: Min: 163, Avg: 284.0, Max: 352, Diff: 189, Sum: 1136]
      [Scan RS (ms): Min: 0.0, Avg: 0.1, Max: 0.2, Diff: 0.2, Sum: 0.4]
      [Object Copy (ms): Min: 211.1, Avg: 211.6, Max: 211.8, Diff: 0.7, Sum: 846.3]
      [Termination (ms): Min: 0.0, Avg: 0.0, Max: 0.0, Diff: 0.0, Sum: 0.0]
      [GC Worker Other (ms): Min: 0.0, Avg: 0.0, Max: 0.0, Diff: 0.0, Sum: 0.1]
      [GC Worker Total (ms): Min: 237.6, Avg: 237.6, Max: 237.6, Diff: 0.0, Sum: 950.5]
      [GC Worker End (ms): Min: 500517.1, Avg: 500517.2, Max: 500517.2, Diff: 0.0]
   [Code Root Fixup: 0.0 ms]
   [Clear CT: 0.1 ms]
   [Other: 2.3 ms]
      [Choose CSet: 0.0 ms]
      [Ref Proc: 0.0 ms]
      [Ref Enq: 0.0 ms]
      [Free CSet: 0.3 ms]
   [Eden: 402.0M(402.0M)->0.0B(203.0M) Survivors: 4096.0K->51.0M Heap: 1080.5M(2048.0M)->944.0M(2048.0M)]
 [Times: user=0.94 sys=0.00, real=0.24 secs] 
500.790: [GC pause (young), 0.1709968 secs]
   [Parallel Time: 168.2 ms, GC Workers: 4]
      [GC Worker Start (ms): Min: 500790.0, Avg: 500790.0, Max: 500790.0, Diff: 0.0]
      [Ext Root Scanning (ms): Min: 1.7, Avg: 1.7, Max: 1.8, Diff: 0.1, Sum: 6.9]
      [Update RS (ms): Min: 17.0, Avg: 17.0, Max: 17.0, Diff: 0.0, Sum: 68.1]
         [Processed Buffers: Min: 207, Avg: 238.0, Max: 291, Diff: 84, Sum: 952]
      [Scan RS (ms): Min: 23.5, Avg: 23.6, Max: 23.6, Diff: 0.1, Sum: 94.2]
      [Object Copy (ms): Min: 125.8, Avg: 125.9, Max: 125.9, Diff: 0.1, Sum: 503.4]
      [Termination (ms): Min: 0.0, Avg: 0.0, Max: 0.0, Diff: 0.0, Sum: 0.0]
      [GC Worker Other (ms): Min: 0.0, Avg: 0.0, Max: 0.0, Diff: 0.0, Sum: 0.1]
      [GC Worker Total (ms): Min: 168.2, Avg: 168.2, Max: 168.2, Diff: 0.0, Sum: 672.7]
      [GC Worker End (ms): Min: 500958.2, Avg: 500958.2, Max: 500958.2, Diff: 0.0]
   [Code Root Fixup: 0.0 ms]
   [Clear CT: 0.2 ms]
   [Other: 2.6 ms]
      [Choose CSet: 0.0 ms]
      [Ref Proc: 0.0 ms]
      [Ref Enq: 0.0 ms]
      [Free CSet: 0.2 ms]
   [Eden: 203.0M(203.0M)->0.0B(119.0M) Survivors: 51.0M->32.0M Heap: 1147.0M(2048.0M)->1039.5M(2048.0M)]
 [Times: user=0.61 sys=0.00, real=0.17 secs] 
501.184: [GC pause (young) (initial-mark), 0.1060463 secs]
   [Parallel Time: 104.6 ms, GC Workers: 4]
      [GC Worker Start (ms): Min: 501184.8, Avg: 501184.8, Max: 501184.8, Diff: 0.0]
      [Ext Root Scanning (ms): Min: 1.2, Avg: 1.2, Max: 1.2, Diff: 0.0, Sum: 4.9]
      [Update RS (ms): Min: 25.0, Avg: 25.0, Max: 25.1, Diff: 0.1, Sum: 100.1]
         [Processed Buffers: Min: 193, Avg: 210.3, Max: 221, Diff: 28, Sum: 841]
      [Scan RS (ms): Min: 0.1, Avg: 0.2, Max: 0.2, Diff: 0.0, Sum: 0.6]
      [Object Copy (ms): Min: 78.2, Avg: 78.2, Max: 78.2, Diff: 0.0, Sum: 312.8]
      [Termination (ms): Min: 0.0, Avg: 0.0, Max: 0.0, Diff: 0.0, Sum: 0.0]
      [GC Worker Other (ms): Min: 0.0, Avg: 0.0, Max: 0.0, Diff: 0.0, Sum: 0.1]
      [GC Worker Total (ms): Min: 104.6, Avg: 104.6, Max: 104.6, Diff: 0.0, Sum: 418.4]
      [GC Worker End (ms): Min: 501289.4, Avg: 501289.4, Max: 501289.4, Diff: 0.0]
   [Code Root Fixup: 0.0 ms]
   [Clear CT: 0.1 ms]
   [Other: 1.3 ms]
      [Choose CSet: 0.0 ms]
      [Ref Proc: 0.0 ms]
      [Ref Enq: 0.0 ms]
      [Free CSet: 0.2 ms]
   [Eden: 119.0M(119.0M)->0.0B(204.0M) Survivors: 32.0M->19.0M Heap: 1158.5M(2048.0M)->1104.5M(2048.0M)]
 [Times: user=0.37 sys=0.00, real=0.11 secs] 
501.291: [GC concurrent-root-region-scan-start]
501.318: [GC concurrent-root-region-scan-end, 0.0267002 secs]
501.318: [GC concurrent-mark-start]
501.457: [GC pause (young), 0.0715686 secs]
   [Parallel Time: 70.2 ms, GC Workers: 4]
      [GC Worker Start (ms): Min: 501457.4, Avg: 501457.4, Max: 501457.4, Diff: 0.0]
      [Ext Root Scanning (ms): Min: 1.2, Avg: 1.2, Max: 1.3, Diff: 0.0, Sum: 5.0]
      [SATB Filtering (ms): Min: 0.0, Avg: 0.7, Max: 2.8, Diff: 2.8, Sum: 2.8]
      [Update RS (ms): Min: 13.7, Avg: 15.8, Max: 16.7, Diff: 2.9, Sum: 63.4]
         [Processed Buffers: Min: 90, Avg: 153.3, Max: 199, Diff: 109, Sum: 613]
      [Scan RS (ms): Min: 0.1, Avg: 0.1, Max: 0.2, Diff: 0.1, Sum: 0.6]
      [Object Copy (ms): Min: 52.2, Avg: 52.2, Max: 52.2, Diff: 0.0, Sum: 208.9]
      [Termination (ms): Min: 0.0, Avg: 0.0, Max: 0.0, Diff: 0.0, Sum: 0.0]
      [GC Worker Other (ms): Min: 0.0, Avg: 0.0, Max: 0.0, Diff: 0.0, Sum: 0.1]
      [GC Worker Total (ms): Min: 70.2, Avg: 70.2, Max: 70.2, Diff: 0.0, Sum: 280.7]
      [GC Worker End (ms): Min: 501527.5, Avg: 501527.5, Max: 501527.5, Diff: 0.0]
   [Code Root Fixup: 0.0 ms]
   [Clear CT: 0.2 ms]
   [Other: 1.1 ms]
      [Choose CSet: 0.0 ms]
      [Ref Proc: 0.3 ms]
      [Ref Enq: 0.0 ms]
      [Free CSet: 0.2 ms]
   [Eden: 204.0M(204.0M)->0.0B(272.0M) Survivors: 19.0M->28.0M Heap: 1308.5M(2048.0M)->1149.0M(2048.0M)]
 [Times: user=0.31 sys=0.00, real=0.07 secs] 
501.772: [GC pause (young), 0.1726706 secs]
   [Parallel Time: 171.0 ms, GC Workers: 4]
      [GC Worker Start (ms): Min: 501771.9, Avg: 501771.9, Max: 501771.9, Diff: 0.0]
      [Ext Root Scanning (ms): Min: 1.2, Avg: 1.2, Max: 1.2, Diff: 0.0, Sum: 4.9]
      [SATB Filtering (ms): Min: 0.0, Avg: 0.7, Max: 3.0, Diff: 3.0, Sum: 3.0]
      [Update RS (ms): Min: 15.0, Avg: 17.2, Max: 18.0, Diff: 3.0, Sum: 68.8]
         [Processed Buffers: Min: 82, Avg: 94.8, Max: 101, Diff: 19, Sum: 379]
      [Scan RS (ms): Min: 0.0, Avg: 0.1, Max: 0.1, Diff: 0.1, Sum: 0.3]
      [Object Copy (ms): Min: 151.7, Avg: 151.7, Max: 151.8, Diff: 0.0, Sum: 606.9]
      [Termination (ms): Min: 0.0, Avg: 0.0, Max: 0.0, Diff: 0.0, Sum: 0.0]
      [GC Worker Other (ms): Min: 0.0, Avg: 0.0, Max: 0.0, Diff: 0.0, Sum: 0.1]
      [GC Worker Total (ms): Min: 171.0, Avg: 171.0, Max: 171.0, Diff: 0.0, Sum: 683.9]
      [GC Worker End (ms): Min: 501942.9, Avg: 501942.9, Max: 501942.9, Diff: 0.0]
   [Code Root Fixup: 0.0 ms]
   [Clear CT: 0.1 ms]
   [Other: 1.6 ms]
      [Choose CSet: 0.0 ms]
      [Ref Proc: 0.0 ms]
      [Ref Enq: 0.0 ms]
      [Free CSet: 0.2 ms]
   [Eden: 272.0M(272.0M)->0.0B(238.0M) Survivors: 28.0M->38.0M Heap: 1421.0M(2048.0M)->1309.0M(2048.0M)]
 [Times: user=0.67 sys=0.00, real=0.17 secs] 
502.059: [GC concurrent-mark-end, 0.7415166 secs]
502.060: [GC remark 502.061: [GC ref-proc, 0.0015735 secs], 0.0038660 secs]
 [Times: user=0.00 sys=0.00, real=0.00 secs] 
502.065: [GC cleanup 1319M->561M(2048M), 0.0013967 secs]
 [Times: user=0.00 sys=0.00, real=0.00 secs] 
502.067: [GC concurrent-cleanup-start]
502.068: [GC concurrent-cleanup-end, 0.0009092 secs]
502.286: [GC pause (young), 0.2177568 secs]
   [Parallel Time: 215.5 ms, GC Workers: 4]
      [GC Worker Start (ms): Min: 502286.8, Avg: 502286.8, Max: 502286.8, Diff: 0.0]
      [Ext Root Scanning (ms): Min: 1.2, Avg: 1.2, Max: 1.2, Diff: 0.1, Sum: 4.9]
      [Update RS (ms): Min: 27.0, Avg: 27.0, Max: 27.0, Diff: 0.0, Sum: 107.9]
         [Processed Buffers: Min: 193, Avg: 199.8, Max: 206, Diff: 13, Sum: 799]
      [Scan RS (ms): Min: 0.2, Avg: 0.2, Max: 0.2, Diff: 0.0, Sum: 0.6]
      [Object Copy (ms): Min: 187.1, Avg: 187.1, Max: 187.1, Diff: 0.0, Sum: 748.3]
      [Termination (ms): Min: 0.0, Avg: 0.0, Max: 0.0, Diff: 0.0, Sum: 0.0]
      [GC Worker Other (ms): Min: 0.0, Avg: 0.0, Max: 0.0, Diff: 0.0, Sum: 0.1]
      [GC Worker Total (ms): Min: 215.4, Avg: 215.5, Max: 215.5, Diff: 0.0, Sum: 861.8]
      [GC Worker End (ms): Min: 502502.3, Avg: 502502.3, Max: 502502.3, Diff: 0.0]
   [Code Root Fixup: 0.0 ms]
   [Clear CT: 0.1 ms]
   [Other: 2.2 ms]
      [Choose CSet: 0.0 ms]
      [Ref Proc: 0.0 ms]
      [Ref Enq: 0.0 ms]
      [Free CSet: 0.2 ms]
   [Eden: 238.0M(238.0M)->0.0B(202.0M) Survivors: 38.0M->35.0M Heap: 789.0M(2048.0M)->744.0M(2048.0M)]
 [Times: user=0.84 sys=0.00, real=0.22 secs] 
502.804: [GC pause (young), 0.1575635 secs]
   [Parallel Time: 141.6 ms, GC Workers: 4]
      [GC Worker Start (ms): Min: 502804.1, Avg: 502804.1, Max: 502804.1, Diff: 0.0]
      [Ext Root Scanning (ms): Min: 1.4, Avg: 1.4, Max: 1.4, Diff: 0.0, Sum: 5.5]
      [Update RS (ms): Min: 16.8, Avg: 16.8, Max: 16.9, Diff: 0.0, Sum: 67.4]
         [Processed Buffers: Min: 127, Avg: 206.5, Max: 239, Diff: 112, Sum: 826]
      [Scan RS (ms): Min: 5.2, Avg: 5.2, Max: 5.3, Diff: 0.1, Sum: 20.9]
      [Object Copy (ms): Min: 117.6, Avg: 117.7, Max: 117.7, Diff: 0.1, Sum: 470.7]
      [Termination (ms): Min: 0.0, Avg: 0.0, Max: 0.0, Diff: 0.0, Sum: 0.0]
      [GC Worker Other (ms): Min: 0.0, Avg: 0.0, Max: 0.0, Diff: 0.0, Sum: 0.1]
      [GC Worker Total (ms): Min: 141.1, Avg: 141.2, Max: 141.2, Diff: 0.0, Sum: 564.6]
      [GC Worker End (ms): Min: 502945.2, Avg: 502945.2, Max: 502945.2, Diff: 0.0]
   [Code Root Fixup: 0.0 ms]
   [Clear CT: 0.1 ms]
   [Other: 15.9 ms]
      [Choose CSet: 0.0 ms]
      [Ref Proc: 14.0 ms]
      [Ref Enq: 0.0 ms]
      [Free CSet: 0.2 ms]
   [Eden: 202.0M(202.0M)->0.0B(204.0M) Survivors: 35.0M->30.0M Heap: 946.0M(2048.0M)->854.0M(2048.0M)]
 [Times: user=0.59 sys=0.00, real=0.16 secs] 
503.238: [GC pause (young), 0.1966159 secs]
   [Parallel Time: 192.2 ms, GC Workers: 4]
      [GC Worker Start (ms): Min: 503238.4, Avg: 503238.4, Max: 503238.5, Diff: 0.0]
      [Ext Root Scanning (ms): Min: 1.2, Avg: 1.2, Max: 1.2, Diff: 0.0, Sum: 4.9]
      [Update RS (ms): Min: 34.3, Avg: 34.3, Max: 34.3, Diff: 0.0, Sum: 137.1]
         [Processed Buffers: Min: 225, Avg: 233.3, Max: 242, Diff: 17, Sum: 933]
      [Scan RS (ms): Min: 0.2, Avg: 0.2, Max: 0.3, Diff: 0.1, Sum: 0.9]
      [Object Copy (ms): Min: 156.0, Avg: 156.1, Max: 156.2, Diff: 0.1, Sum: 624.5]
      [Termination (ms): Min: 0.0, Avg: 0.0, Max: 0.0, Diff: 0.0, Sum: 0.0]
      [GC Worker Other (ms): Min: 0.0, Avg: 0.1, Max: 0.3, Diff: 0.2, Sum: 0.3]
      [GC Worker Total (ms): Min: 191.9, Avg: 191.9, Max: 192.1, Diff: 0.2, Sum: 767.7]
      [GC Worker End (ms): Min: 503430.3, Avg: 503430.4, Max: 503430.6, Diff: 0.2]
   [Code Root Fixup: 0.0 ms]
   [Clear CT: 0.1 ms]
   [Other: 4.3 ms]
      [Choose CSet: 0.0 ms]
      [Ref Proc: 2.7 ms]
      [Ref Enq: 0.0 ms]
      [Free CSet: 0.2 ms]
   [Eden: 204.0M(204.0M)->0.0B(181.0M) Survivors: 30.0M->30.0M Heap: 1058.0M(2048.0M)->1022.0M(2048.0M)]
 [Times: user=0.81 sys=0.00, real=0.20 secs] 
503.670: [GC pause (young) (initial-mark), 0.1377363 secs]
   [Parallel Time: 135.6 ms, GC Workers: 4]
      [GC Worker Start (ms): Min: 503670.5, Avg: 503676.8, Max: 503695.9, Diff: 25.4]
      [Ext Root Scanning (ms): Min: 0.1, Avg: 1.9, Max: 2.8, Diff: 2.7, Sum: 7.5]
      [Update RS (ms): Min: 0.0, Avg: 16.1, Max: 21.5, Diff: 21.5, Sum: 64.6]
         [Processed Buffers: Min: 0, Avg: 186.3, Max: 274, Diff: 274, Sum: 745]
      [Scan RS (ms): Min: 0.8, Avg: 1.7, Max: 2.0, Diff: 1.2, Sum: 6.8]
      [Object Copy (ms): Min: 109.2, Avg: 109.5, Max: 109.8, Diff: 0.5, Sum: 437.9]
      [Termination (ms): Min: 0.0, Avg: 0.0, Max: 0.0, Diff: 0.0, Sum: 0.0]
      [GC Worker Other (ms): Min: 0.0, Avg: 0.0, Max: 0.0, Diff: 0.0, Sum: 0.1]
      [GC Worker Total (ms): Min: 110.1, Avg: 129.2, Max: 135.6, Diff: 25.4, Sum: 516.8]
      [GC Worker End (ms): Min: 503806.0, Avg: 503806.0, Max: 503806.0, Diff: 0.0]
   [Code Root Fixup: 0.0 ms]
   [Clear CT: 0.1 ms]
   [Other: 2.0 ms]
      [Choose CSet: 0.0 ms]
      [Ref Proc: 0.1 ms]
      [Ref Enq: 0.0 ms]
      [Free CSet: 0.2 ms]
   [Eden: 181.0M(181.0M)->0.0B(216.0M) Survivors: 30.0M->27.0M Heap: 1203.0M(2048.0M)->1124.5M(2048.0M)]
 [Times: user=0.51 sys=0.00, real=0.14 secs] 
503.808: [GC concurrent-root-region-scan-start]
503.837: [GC concurrent-root-region-scan-end, 0.0288327 secs]
503.837: [GC concurrent-mark-start]
504.020: [GC pause (young), 0.0705397 secs]
   [Parallel Time: 69.5 ms, GC Workers: 4]
      [GC Worker Start (ms): Min: 504020.6, Avg: 504020.6, Max: 504020.6, Diff: 0.0]
      [Ext Root Scanning (ms): Min: 1.5, Avg: 1.5, Max: 1.5, Diff: 0.1, Sum: 5.9]
      [SATB Filtering (ms): Min: 0.0, Avg: 0.1, Max: 0.3, Diff: 0.3, Sum: 0.3]
      [Update RS (ms): Min: 23.3, Avg: 30.1, Max: 50.7, Diff: 27.4, Sum: 120.6]
         [Processed Buffers: Min: 110, Avg: 141.3, Max: 159, Diff: 49, Sum: 565]
      [Scan RS (ms): Min: 0.0, Avg: 1.4, Max: 1.9, Diff: 1.9, Sum: 5.5]
      [Object Copy (ms): Min: 17.0, Avg: 36.4, Max: 42.9, Diff: 25.9, Sum: 145.8]
      [Termination (ms): Min: 0.0, Avg: 0.0, Max: 0.0, Diff: 0.0, Sum: 0.0]
      [GC Worker Other (ms): Min: 0.0, Avg: 0.0, Max: 0.0, Diff: 0.0, Sum: 0.1]
      [GC Worker Total (ms): Min: 69.5, Avg: 69.5, Max: 69.5, Diff: 0.0, Sum: 278.0]
      [GC Worker End (ms): Min: 504090.1, Avg: 504090.1, Max: 504090.1, Diff: 0.0]
   [Code Root Fixup: 0.0 ms]
   [Clear CT: 0.1 ms]
   [Other: 0.9 ms]
      [Choose CSet: 0.0 ms]
      [Ref Proc: 0.0 ms]
      [Ref Enq: 0.0 ms]
      [Free CSet: 0.2 ms]
   [Eden: 216.0M(216.0M)->0.0B(351.0M) Survivors: 27.0M->16.0M Heap: 1340.5M(2048.0M)->1140.5M(2048.0M)]
 [Times: user=0.22 sys=0.00, real=0.07 secs] 
504.381: [GC concurrent-mark-end, 0.5443725 secs]
504.381: [GC remark 504.383: [GC ref-proc, 0.0015850 secs], 0.0039898 secs]
 [Times: user=0.00 sys=0.00, real=0.00 secs] 
504.386: [GC cleanup 1458M->784M(2048M), 0.0012797 secs]
 [Times: user=0.00 sys=0.00, real=0.00 secs] 
504.387: [GC concurrent-cleanup-start]
504.388: [GC concurrent-cleanup-end, 0.0007521 secs]
504.423: [GC pause (young), 0.2104014 secs]
   [Parallel Time: 208.5 ms, GC Workers: 4]
      [GC Worker Start (ms): Min: 504423.0, Avg: 504423.0, Max: 504423.0, Diff: 0.0]
      [Ext Root Scanning (ms): Min: 1.2, Avg: 1.3, Max: 1.3, Diff: 0.1, Sum: 5.1]
      [Update RS (ms): Min: 16.1, Avg: 16.2, Max: 16.2, Diff: 0.1, Sum: 64.6]
         [Processed Buffers: Min: 167, Avg: 197.5, Max: 217, Diff: 50, Sum: 790]
      [Scan RS (ms): Min: 0.1, Avg: 0.1, Max: 0.1, Diff: 0.0, Sum: 0.4]
      [Object Copy (ms): Min: 190.9, Avg: 190.9, Max: 190.9, Diff: 0.0, Sum: 763.6]
      [Termination (ms): Min: 0.0, Avg: 0.0, Max: 0.0, Diff: 0.0, Sum: 0.0]
      [GC Worker Other (ms): Min: 0.0, Avg: 0.0, Max: 0.0, Diff: 0.0, Sum: 0.1]
      [GC Worker Total (ms): Min: 208.4, Avg: 208.4, Max: 208.4, Diff: 0.0, Sum: 833.8]
      [GC Worker End (ms): Min: 504631.5, Avg: 504631.5, Max: 504631.5, Diff: 0.0]
   [Code Root Fixup: 0.0 ms]
   [Clear CT: 0.1 ms]
   [Other: 1.8 ms]
      [Choose CSet: 0.0 ms]
      [Ref Proc: 0.0 ms]
      [Ref Enq: 0.0 ms]
      [Free CSet: 0.3 ms]
   [Eden: 351.0M(351.0M)->0.0B(56.0M) Survivors: 16.0M->46.0M Heap: 817.5M(2048.0M)->686.5M(2048.0M)]
 [Times: user=0.86 sys=0.00, real=0.21 secs] 
504.742: [GC pause (mixed), 0.0863781 secs]
   [Parallel Time: 84.8 ms, GC Workers: 4]
      [GC Worker Start (ms): Min: 504742.0, Avg: 504742.2, Max: 504742.7, Diff: 0.7]
      [Ext Root Scanning (ms): Min: 0.9, Avg: 1.4, Max: 1.5, Diff: 0.6, Sum: 5.5]
      [Update RS (ms): Min: 26.4, Avg: 26.4, Max: 26.4, Diff: 0.0, Sum: 105.6]
         [Processed Buffers: Min: 143, Avg: 144.0, Max: 145, Diff: 2, Sum: 576]
      [Scan RS (ms): Min: 7.4, Avg: 7.4, Max: 7.5, Diff: 0.1, Sum: 29.8]
      [Object Copy (ms): Min: 49.3, Avg: 49.4, Max: 49.4, Diff: 0.1, Sum: 197.4]
      [Termination (ms): Min: 0.0, Avg: 0.0, Max: 0.0, Diff: 0.0, Sum: 0.0]
      [GC Worker Other (ms): Min: 0.0, Avg: 0.0, Max: 0.0, Diff: 0.0, Sum: 0.1]
      [GC Worker Total (ms): Min: 84.1, Avg: 84.6, Max: 84.8, Diff: 0.7, Sum: 338.4]
      [GC Worker End (ms): Min: 504826.8, Avg: 504826.8, Max: 504826.8, Diff: 0.0]
   [Code Root Fixup: 0.0 ms]
   [Clear CT: 0.1 ms]
   [Other: 1.4 ms]
      [Choose CSet: 0.0 ms]
      [Ref Proc: 0.0 ms]
      [Ref Enq: 0.0 ms]
      [Free CSet: 0.2 ms]
   [Eden: 56.0M(56.0M)->0.0B(296.0M) Survivors: 46.0M->3072.0K Heap: 742.5M(2048.0M)->662.5M(2048.0M)]
 [Times: user=0.31 sys=0.00, real=0.09 secs] 
505.149: [GC pause (young), 0.1540054 secs]
   [Parallel Time: 152.0 ms, GC Workers: 4]
      [GC Worker Start (ms): Min: 505149.5, Avg: 505149.5, Max: 505149.5, Diff: 0.0]
      [Ext Root Scanning (ms): Min: 1.2, Avg: 1.3, Max: 1.3, Diff: 0.1, Sum: 5.0]
      [Update RS (ms): Min: 18.5, Avg: 18.5, Max: 18.5, Diff: 0.0, Sum: 74.1]
         [Processed Buffers: Min: 232, Avg: 305.3, Max: 386, Diff: 154, Sum: 1221]
      [Scan RS (ms): Min: 0.1, Avg: 0.1, Max: 0.1, Diff: 0.0, Sum: 0.3]
      [Object Copy (ms): Min: 132.0, Avg: 132.0, Max: 132.1, Diff: 0.0, Sum: 528.2]
      [Termination (ms): Min: 0.0, Avg: 0.0, Max: 0.0, Diff: 0.0, Sum: 0.0]
      [GC Worker Other (ms): Min: 0.0, Avg: 0.0, Max: 0.0, Diff: 0.0, Sum: 0.1]
      [GC Worker Total (ms): Min: 151.9, Avg: 151.9, Max: 151.9, Diff: 0.0, Sum: 607.7]
      [GC Worker End (ms): Min: 505301.4, Avg: 505301.4, Max: 505301.4, Diff: 0.0]
   [Code Root Fixup: 0.0 ms]
   [Clear CT: 0.2 ms]
   [Other: 1.9 ms]
      [Choose CSet: 0.0 ms]
      [Ref Proc: 0.0 ms]
      [Ref Enq: 0.0 ms]
      [Free CSet: 0.3 ms]
   [Eden: 296.0M(296.0M)->0.0B(217.0M) Survivors: 3072.0K->38.0M Heap: 958.5M(2048.0M)->826.5M(2048.0M)]
 [Times: user=0.61 sys=0.00, real=0.15 secs] 
505.515: [GC pause (young), 0.1573383 secs]
   [Parallel Time: 154.7 ms, GC Workers: 4]
      [GC Worker Start (ms): Min: 505515.6, Avg: 505515.6, Max: 505515.6, Diff: 0.0]
      [Ext Root Scanning (ms): Min: 1.2, Avg: 1.2, Max: 1.2, Diff: 0.0, Sum: 4.9]
      [Update RS (ms): Min: 17.4, Avg: 17.6, Max: 18.1, Diff: 0.7, Sum: 70.6]
         [Processed Buffers: Min: 106, Avg: 168.0, Max: 206, Diff: 100, Sum: 672]
      [Scan RS (ms): Min: 1.2, Avg: 1.6, Max: 1.8, Diff: 0.6, Sum: 6.5]
      [Object Copy (ms): Min: 134.1, Avg: 134.1, Max: 134.2, Diff: 0.1, Sum: 536.5]
      [Termination (ms): Min: 0.0, Avg: 0.0, Max: 0.0, Diff: 0.0, Sum: 0.0]
      [GC Worker Other (ms): Min: 0.0, Avg: 0.0, Max: 0.0, Diff: 0.0, Sum: 0.1]
      [GC Worker Total (ms): Min: 154.6, Avg: 154.6, Max: 154.6, Diff: 0.0, Sum: 618.5]
      [GC Worker End (ms): Min: 505670.3, Avg: 505670.3, Max: 505670.3, Diff: 0.0]
   [Code Root Fixup: 0.0 ms]
   [Clear CT: 0.8 ms]
   [Other: 1.9 ms]
      [Choose CSet: 0.0 ms]
      [Ref Proc: 0.3 ms]
      [Ref Enq: 0.0 ms]
      [Free CSet: 0.2 ms]
   [Eden: 217.0M(217.0M)->0.0B(240.0M) Survivors: 38.0M->32.0M Heap: 1043.5M(2048.0M)->953.0M(2048.0M)]
 [Times: user=0.62 sys=0.00, real=0.16 secs] 
505.973: [GC pause (young), 0.1549069 secs]
   [Parallel Time: 152.8 ms, GC Workers: 4]
      [GC Worker Start (ms): Min: 505973.3, Avg: 505974.3, Max: 505977.3, Diff: 4.0]
      [Ext Root Scanning (ms): Min: 0.1, Avg: 1.3, Max: 1.8, Diff: 1.7, Sum: 5.4]
      [Update RS (ms): Min: 17.1, Avg: 18.7, Max: 19.3, Diff: 2.3, Sum: 74.9]
         [Processed Buffers: Min: 116, Avg: 195.8, Max: 244, Diff: 128, Sum: 783]
      [Scan RS (ms): Min: 2.6, Avg: 2.7, Max: 2.8, Diff: 0.2, Sum: 10.9]
      [Object Copy (ms): Min: 128.7, Avg: 128.9, Max: 129.1, Diff: 0.3, Sum: 515.5]
      [Termination (ms): Min: 0.0, Avg: 0.1, Max: 0.2, Diff: 0.2, Sum: 0.4]
      [GC Worker Other (ms): Min: 0.0, Avg: 0.0, Max: 0.0, Diff: 0.0, Sum: 0.1]
      [GC Worker Total (ms): Min: 148.8, Avg: 151.8, Max: 152.8, Diff: 4.0, Sum: 607.2]
      [GC Worker End (ms): Min: 506126.1, Avg: 506126.1, Max: 506126.1, Diff: 0.0]
   [Code Root Fixup: 0.0 ms]
   [Clear CT: 0.1 ms]
   [Other: 2.0 ms]
      [Choose CSet: 0.0 ms]
      [Ref Proc: 0.0 ms]
      [Ref Enq: 0.0 ms]
      [Free CSet: 0.3 ms]
   [Eden: 240.0M(240.0M)->0.0B(242.0M) Survivors: 32.0M->34.0M Heap: 1193.0M(2048.0M)->1086.0M(2048.0M)]
 [Times: user=0.62 sys=0.00, real=0.15 secs] 
506.379: [GC pause (young) (initial-mark), 0.1608140 secs]
   [Parallel Time: 158.8 ms, GC Workers: 4]
      [GC Worker Start (ms): Min: 506379.6, Avg: 506379.6, Max: 506379.6, Diff: 0.0]
      [Ext Root Scanning (ms): Min: 1.2, Avg: 1.2, Max: 1.3, Diff: 0.1, Sum: 4.9]
      [Update RS (ms): Min: 20.9, Avg: 20.9, Max: 21.0, Diff: 0.1, Sum: 83.7]
         [Processed Buffers: Min: 162, Avg: 194.0, Max: 227, Diff: 65, Sum: 776]
      [Scan RS (ms): Min: 2.9, Avg: 3.0, Max: 3.0, Diff: 0.1, Sum: 11.9]
      [Object Copy (ms): Min: 133.6, Avg: 133.6, Max: 133.6, Diff: 0.0, Sum: 534.4]
      [Termination (ms): Min: 0.0, Avg: 0.0, Max: 0.0, Diff: 0.0, Sum: 0.0]
      [GC Worker Other (ms): Min: 0.0, Avg: 0.0, Max: 0.0, Diff: 0.0, Sum: 0.1]
      [GC Worker Total (ms): Min: 158.7, Avg: 158.7, Max: 158.7, Diff: 0.0, Sum: 635.0]
      [GC Worker End (ms): Min: 506538.4, Avg: 506538.4, Max: 506538.4, Diff: 0.0]
   [Code Root Fixup: 0.0 ms]
   [Clear CT: 0.2 ms]
   [Other: 1.9 ms]
      [Choose CSet: 0.0 ms]
      [Ref Proc: 0.0 ms]
      [Ref Enq: 0.0 ms]
      [Free CSet: 0.2 ms]
   [Eden: 242.0M(242.0M)->0.0B(250.0M) Survivors: 34.0M->35.0M Heap: 1328.0M(2048.0M)->1218.0M(2048.0M)]
 [Times: user=0.61 sys=0.00, real=0.16 secs] 
506.540: [GC concurrent-root-region-scan-start]
506.616: [GC concurrent-root-region-scan-end, 0.0760189 secs]
506.616: [GC concurrent-mark-start]
506.780: [GC pause (young), 0.0894320 secs]
   [Parallel Time: 88.0 ms, GC Workers: 4]
      [GC Worker Start (ms): Min: 506780.5, Avg: 506780.5, Max: 506780.5, Diff: 0.0]
      [Ext Root Scanning (ms): Min: 1.2, Avg: 1.2, Max: 1.3, Diff: 0.1, Sum: 4.9]
      [SATB Filtering (ms): Min: 0.0, Avg: 0.6, Max: 2.6, Diff: 2.6, Sum: 2.6]
      [Update RS (ms): Min: 17.0, Avg: 19.0, Max: 19.8, Diff: 2.7, Sum: 75.9]
         [Processed Buffers: Min: 156, Avg: 188.5, Max: 239, Diff: 83, Sum: 754]
      [Scan RS (ms): Min: 0.2, Avg: 0.3, Max: 0.4, Diff: 0.3, Sum: 1.1]
      [Object Copy (ms): Min: 66.8, Avg: 66.9, Max: 66.9, Diff: 0.1, Sum: 267.4]
      [Termination (ms): Min: 0.0, Avg: 0.0, Max: 0.0, Diff: 0.0, Sum: 0.0]
      [GC Worker Other (ms): Min: 0.0, Avg: 0.0, Max: 0.0, Diff: 0.0, Sum: 0.1]
      [GC Worker Total (ms): Min: 88.0, Avg: 88.0, Max: 88.0, Diff: 0.0, Sum: 352.0]
      [GC Worker End (ms): Min: 506868.5, Avg: 506868.5, Max: 506868.5, Diff: 0.0]
   [Code Root Fixup: 0.0 ms]
   [Clear CT: 0.1 ms]
   [Other: 1.3 ms]
      [Choose CSet: 0.0 ms]
      [Ref Proc: 0.1 ms]
      [Ref Enq: 0.0 ms]
      [Free CSet: 0.2 ms]
   [Eden: 250.0M(250.0M)->0.0B(361.0M) Survivors: 35.0M->36.0M Heap: 1468.0M(2048.0M)->1267.0M(2048.0M)]
 [Times: user=0.38 sys=0.00, real=0.09 secs] 
507.187: [GC concurrent-mark-end, 0.5711340 secs]
507.188: [GC remark 507.189: [GC ref-proc, 0.0018352 secs], 0.0042540 secs]
 [Times: user=0.00 sys=0.00, real=0.00 secs] 
507.192: [GC cleanup 1602M->844M(2048M), 0.0012466 secs]
 [Times: user=0.00 sys=0.00, real=0.00 secs] 
507.194: [GC concurrent-cleanup-start]
507.195: [GC concurrent-cleanup-end, 0.0008467 secs]
507.220: [GC pause (young), 0.1890213 secs]
   [Parallel Time: 187.3 ms, GC Workers: 4]
      [GC Worker Start (ms): Min: 507220.5, Avg: 507220.5, Max: 507220.5, Diff: 0.0]
      [Ext Root Scanning (ms): Min: 1.2, Avg: 1.2, Max: 1.2, Diff: 0.0, Sum: 4.9]
      [Update RS (ms): Min: 21.0, Avg: 21.0, Max: 21.1, Diff: 0.0, Sum: 84.2]
         [Processed Buffers: Min: 122, Avg: 134.5, Max: 140, Diff: 18, Sum: 538]
      [Scan RS (ms): Min: 0.1, Avg: 0.2, Max: 0.2, Diff: 0.0, Sum: 0.6]
      [Object Copy (ms): Min: 164.9, Avg: 164.9, Max: 164.9, Diff: 0.0, Sum: 659.5]
      [Termination (ms): Min: 0.0, Avg: 0.0, Max: 0.0, Diff: 0.0, Sum: 0.0]
      [GC Worker Other (ms): Min: 0.0, Avg: 0.0, Max: 0.0, Diff: 0.0, Sum: 0.1]
      [GC Worker Total (ms): Min: 187.3, Avg: 187.3, Max: 187.3, Diff: 0.0, Sum: 749.2]
      [GC Worker End (ms): Min: 507407.8, Avg: 507407.8, Max: 507407.8, Diff: 0.0]
   [Code Root Fixup: 0.0 ms]
   [Clear CT: 0.1 ms]
   [Other: 1.6 ms]
      [Choose CSet: 0.0 ms]
      [Ref Proc: 0.0 ms]
      [Ref Enq: 0.0 ms]
      [Free CSet: 0.3 ms]
   [Eden: 361.0M(361.0M)->0.0B(52.0M) Survivors: 36.0M->50.0M Heap: 870.0M(2048.0M)->672.0M(2048.0M)]
 [Times: user=0.73 sys=0.00, real=0.19 secs] 
507.482: [GC pause (mixed), 0.0888881 secs]
   [Parallel Time: 87.7 ms, GC Workers: 4]
      [GC Worker Start (ms): Min: 507482.1, Avg: 507482.1, Max: 507482.1, Diff: 0.0]
      [Ext Root Scanning (ms): Min: 1.2, Avg: 1.2, Max: 1.2, Diff: 0.0, Sum: 4.9]
      [Update RS (ms): Min: 33.1, Avg: 33.2, Max: 33.2, Diff: 0.1, Sum: 132.6]
         [Processed Buffers: Min: 165, Avg: 170.0, Max: 177, Diff: 12, Sum: 680]
      [Scan RS (ms): Min: 2.4, Avg: 2.5, Max: 2.5, Diff: 0.1, Sum: 9.9]
      [Object Copy (ms): Min: 50.7, Avg: 50.8, Max: 50.8, Diff: 0.1, Sum: 203.0]
      [Termination (ms): Min: 0.0, Avg: 0.0, Max: 0.0, Diff: 0.0, Sum: 0.0]
      [GC Worker Other (ms): Min: 0.0, Avg: 0.0, Max: 0.0, Diff: 0.0, Sum: 0.1]
      [GC Worker Total (ms): Min: 87.6, Avg: 87.6, Max: 87.7, Diff: 0.0, Sum: 350.6]
      [GC Worker End (ms): Min: 507569.8, Avg: 507569.8, Max: 507569.8, Diff: 0.0]
   [Code Root Fixup: 0.0 ms]
   [Clear CT: 0.1 ms]
   [Other: 1.1 ms]
      [Choose CSet: 0.0 ms]
      [Ref Proc: 0.0 ms]
      [Ref Enq: 0.0 ms]
      [Free CSet: 0.2 ms]
   [Eden: 52.0M(52.0M)->0.0B(391.0M) Survivors: 50.0M->5120.0K Heap: 724.0M(2048.0M)->662.0M(2048.0M)]
 [Times: user=0.38 sys=0.00, real=0.09 secs] 
507.961: [GC pause (young), 0.2292231 secs]
   [Parallel Time: 226.6 ms, GC Workers: 4]
      [GC Worker Start (ms): Min: 507961.9, Avg: 507962.4, Max: 507963.9, Diff: 2.0]
      [Ext Root Scanning (ms): Min: 0.1, Avg: 1.2, Max: 1.7, Diff: 1.6, Sum: 4.9]
      [Update RS (ms): Min: 15.3, Avg: 15.7, Max: 16.9, Diff: 1.6, Sum: 62.9]
         [Processed Buffers: Min: 115, Avg: 249.8, Max: 354, Diff: 239, Sum: 999]
      [Scan RS (ms): Min: 0.0, Avg: 0.1, Max: 0.2, Diff: 0.1, Sum: 0.5]
      [Object Copy (ms): Min: 207.6, Avg: 209.0, Max: 209.4, Diff: 1.9, Sum: 835.8]
      [Termination (ms): Min: 0.0, Avg: 0.0, Max: 0.0, Diff: 0.0, Sum: 0.0]
      [GC Worker Other (ms): Min: 0.0, Avg: 0.0, Max: 0.0, Diff: 0.0, Sum: 0.1]
      [GC Worker Total (ms): Min: 224.5, Avg: 226.1, Max: 226.6, Diff: 2.0, Sum: 904.2]
      [GC Worker End (ms): Min: 508188.4, Avg: 508188.4, Max: 508188.5, Diff: 0.0]
   [Code Root Fixup: 0.0 ms]
   [Clear CT: 0.1 ms]
   [Other: 2.5 ms]
      [Choose CSet: 0.0 ms]
      [Ref Proc: 0.0 ms]
      [Ref Enq: 0.0 ms]
      [Free CSet: 0.5 ms]
   [Eden: 391.0M(391.0M)->0.0B(176.0M) Survivors: 5120.0K->50.0M Heap: 1053.0M(2048.0M)->924.5M(2048.0M)]
 [Times: user=0.89 sys=0.00, real=0.23 secs] 
508.473: [GC pause (young), 0.1840616 secs]
   [Parallel Time: 181.6 ms, GC Workers: 4]
      [GC Worker Start (ms): Min: 508473.7, Avg: 508473.7, Max: 508473.7, Diff: 0.0]
      [Ext Root Scanning (ms): Min: 1.3, Avg: 1.3, Max: 1.3, Diff: 0.1, Sum: 5.2]
      [Update RS (ms): Min: 18.5, Avg: 18.5, Max: 18.6, Diff: 0.1, Sum: 74.1]
         [Processed Buffers: Min: 186, Avg: 224.8, Max: 267, Diff: 81, Sum: 899]
      [Scan RS (ms): Min: 20.0, Avg: 20.1, Max: 20.1, Diff: 0.1, Sum: 80.3]
      [Object Copy (ms): Min: 141.6, Avg: 141.6, Max: 141.7, Diff: 0.1, Sum: 566.6]
      [Termination (ms): Min: 0.0, Avg: 0.0, Max: 0.0, Diff: 0.0, Sum: 0.0]
      [GC Worker Other (ms): Min: 0.0, Avg: 0.0, Max: 0.0, Diff: 0.0, Sum: 0.1]
      [GC Worker Total (ms): Min: 181.6, Avg: 181.6, Max: 181.6, Diff: 0.0, Sum: 726.3]
      [GC Worker End (ms): Min: 508655.3, Avg: 508655.3, Max: 508655.3, Diff: 0.0]
   [Code Root Fixup: 0.0 ms]
   [Clear CT: 0.1 ms]
   [Other: 2.4 ms]
      [Choose CSet: 0.0 ms]
      [Ref Proc: 0.0 ms]
      [Ref Enq: 0.0 ms]
      [Free CSet: 0.3 ms]
   [Eden: 176.0M(176.0M)->0.0B(73.0M) Survivors: 50.0M->29.0M Heap: 1100.5M(2048.0M)->1045.0M(2048.0M)]
 [Times: user=0.73 sys=0.00, real=0.18 secs] 
508.827: [GC pause (young) (initial-mark), 0.0599557 secs]
   [Parallel Time: 57.3 ms, GC Workers: 4]
      [GC Worker Start (ms): Min: 508827.3, Avg: 508827.3, Max: 508827.3, Diff: 0.0]
      [Ext Root Scanning (ms): Min: 1.2, Avg: 1.2, Max: 1.2, Diff: 0.0, Sum: 4.8]
      [Update RS (ms): Min: 23.7, Avg: 23.7, Max: 23.7, Diff: 0.1, Sum: 94.8]
         [Processed Buffers: Min: 167, Avg: 168.8, Max: 173, Diff: 6, Sum: 675]
      [Scan RS (ms): Min: 0.1, Avg: 0.1, Max: 0.1, Diff: 0.0, Sum: 0.5]
      [Object Copy (ms): Min: 32.3, Avg: 32.3, Max: 32.3, Diff: 0.0, Sum: 129.2]
      [Termination (ms): Min: 0.0, Avg: 0.0, Max: 0.0, Diff: 0.0, Sum: 0.0]
      [GC Worker Other (ms): Min: 0.0, Avg: 0.0, Max: 0.0, Diff: 0.0, Sum: 0.0]
      [GC Worker Total (ms): Min: 57.3, Avg: 57.3, Max: 57.3, Diff: 0.0, Sum: 229.3]
      [GC Worker End (ms): Min: 508884.7, Avg: 508884.7, Max: 508884.7, Diff: 0.0]
   [Code Root Fixup: 0.0 ms]
   [Clear CT: 0.3 ms]
   [Other: 2.3 ms]
      [Choose CSet: 0.0 ms]
      [Ref Proc: 1.2 ms]
      [Ref Enq: 0.0 ms]
      [Free CSet: 0.2 ms]
   [Eden: 73.0M(73.0M)->0.0B(177.0M) Survivors: 29.0M->10.0M Heap: 1118.0M(2048.0M)->1056.0M(2048.0M)]
 [Times: user=0.20 sys=0.00, real=0.06 secs] 
508.887: [GC concurrent-root-region-scan-start]
508.897: [GC concurrent-root-region-scan-end, 0.0095773 secs]
508.897: [GC concurrent-mark-start]
509.040: [GC pause (young), 0.0550769 secs]
   [Parallel Time: 54.0 ms, GC Workers: 4]
      [GC Worker Start (ms): Min: 509040.7, Avg: 509040.7, Max: 509040.7, Diff: 0.0]
      [Ext Root Scanning (ms): Min: 1.3, Avg: 1.3, Max: 1.4, Diff: 0.1, Sum: 5.3]
      [SATB Filtering (ms): Min: 0.0, Avg: 0.5, Max: 2.0, Diff: 2.0, Sum: 2.0]
      [Update RS (ms): Min: 16.0, Avg: 17.2, Max: 17.9, Diff: 1.9, Sum: 68.7]
         [Processed Buffers: Min: 147, Avg: 198.8, Max: 315, Diff: 168, Sum: 795]
      [Scan RS (ms): Min: 0.0, Avg: 0.1, Max: 0.2, Diff: 0.2, Sum: 0.2]
      [Object Copy (ms): Min: 34.7, Avg: 35.0, Max: 35.2, Diff: 0.5, Sum: 139.8]
      [Termination (ms): Min: 0.0, Avg: 0.0, Max: 0.0, Diff: 0.0, Sum: 0.0]
      [GC Worker Other (ms): Min: 0.0, Avg: 0.0, Max: 0.0, Diff: 0.0, Sum: 0.1]
      [GC Worker Total (ms): Min: 54.0, Avg: 54.0, Max: 54.0, Diff: 0.0, Sum: 216.1]
      [GC Worker End (ms): Min: 509094.7, Avg: 509094.7, Max: 509094.7, Diff: 0.0]
   [Code Root Fixup: 0.0 ms]
   [Clear CT: 0.1 ms]
   [Other: 0.9 ms]
      [Choose CSet: 0.0 ms]
      [Ref Proc: 0.0 ms]
      [Ref Enq: 0.0 ms]
      [Free CSet: 0.2 ms]
   [Eden: 177.0M(177.0M)->0.0B(224.0M) Survivors: 10.0M->24.0M Heap: 1233.0M(2048.0M)->1091.0M(2048.0M)]
 [Times: user=0.25 sys=0.00, real=0.06 secs] 
509.297: [GC pause (young), 0.1634740 secs]
   [Parallel Time: 162.0 ms, GC Workers: 4]
      [GC Worker Start (ms): Min: 509296.8, Avg: 509297.2, Max: 509298.0, Diff: 1.2]
      [Ext Root Scanning (ms): Min: 0.5, Avg: 1.2, Max: 1.6, Diff: 1.1, Sum: 4.8]
      [SATB Filtering (ms): Min: 0.0, Avg: 0.7, Max: 2.9, Diff: 2.9, Sum: 2.9]
      [Update RS (ms): Min: 5.9, Avg: 8.0, Max: 8.8, Diff: 2.9, Sum: 32.1]
         [Processed Buffers: Min: 31, Avg: 42.3, Max: 48, Diff: 17, Sum: 169]
      [Scan RS (ms): Min: 0.0, Avg: 0.1, Max: 0.1, Diff: 0.0, Sum: 0.2]
      [Object Copy (ms): Min: 151.3, Avg: 151.3, Max: 151.3, Diff: 0.0, Sum: 605.2]
      [Termination (ms): Min: 0.0, Avg: 0.1, Max: 0.3, Diff: 0.3, Sum: 0.6]
      [GC Worker Other (ms): Min: 0.0, Avg: 0.0, Max: 0.0, Diff: 0.0, Sum: 0.1]
      [GC Worker Total (ms): Min: 160.6, Avg: 161.5, Max: 161.9, Diff: 1.3, Sum: 645.9]
      [GC Worker End (ms): Min: 509458.7, Avg: 509458.7, Max: 509458.8, Diff: 0.1]
   [Code Root Fixup: 0.0 ms]
   [Clear CT: 0.1 ms]
   [Other: 1.4 ms]
      [Choose CSet: 0.0 ms]
      [Ref Proc: 0.1 ms]
      [Ref Enq: 0.0 ms]
      [Free CSet: 0.2 ms]
   [Eden: 224.0M(224.0M)->0.0B(202.0M) Survivors: 24.0M->31.0M Heap: 1315.0M(2048.0M)->1248.5M(2048.0M)]
 [Times: user=0.59 sys=0.00, real=0.16 secs] 
509.550: [GC concurrent-mark-end, 0.6533492 secs]
509.551: [GC remark 509.551: [GC ref-proc, 0.0015308 secs], 0.0029804 secs]
 [Times: user=0.00 sys=0.00, real=0.00 secs] 
509.554: [GC cleanup 1290M->572M(2048M), 0.0017136 secs]
 [Times: user=0.00 sys=0.00, real=0.00 secs] 
509.556: [GC concurrent-cleanup-start]
509.557: [GC concurrent-cleanup-end, 0.0010375 secs]
509.627: [GC pause (young), 0.1258966 secs]
   [Parallel Time: 124.1 ms, GC Workers: 4]
      [GC Worker Start (ms): Min: 509627.3, Avg: 509627.4, Max: 509627.4, Diff: 0.0]
      [Ext Root Scanning (ms): Min: 1.2, Avg: 1.2, Max: 1.2, Diff: 0.0, Sum: 4.9]
      [Update RS (ms): Min: 34.6, Avg: 35.5, Max: 37.9, Diff: 3.3, Sum: 141.8]
         [Processed Buffers: Min: 117, Avg: 248.8, Max: 300, Diff: 183, Sum: 995]
      [Scan RS (ms): Min: 3.6, Avg: 6.1, Max: 7.0, Diff: 3.4, Sum: 24.6]
      [Object Copy (ms): Min: 81.2, Avg: 81.3, Max: 81.3, Diff: 0.1, Sum: 325.1]
      [Termination (ms): Min: 0.0, Avg: 0.0, Max: 0.0, Diff: 0.0, Sum: 0.0]
      [GC Worker Other (ms): Min: 0.0, Avg: 0.0, Max: 0.0, Diff: 0.0, Sum: 0.1]
      [GC Worker Total (ms): Min: 124.1, Avg: 124.1, Max: 124.1, Diff: 0.0, Sum: 496.4]
      [GC Worker End (ms): Min: 509751.5, Avg: 509751.5, Max: 509751.5, Diff: 0.0]
   [Code Root Fixup: 0.0 ms]
   [Clear CT: 0.2 ms]
   [Other: 1.6 ms]
      [Choose CSet: 0.0 ms]
      [Ref Proc: 0.2 ms]
      [Ref Enq: 0.0 ms]
      [Free CSet: 0.2 ms]
   [Eden: 125.0M(125.0M)->0.0B(230.0M) Survivors: 31.0M->20.0M Heap: 655.5M(2048.0M)->591.5M(2048.0M)]
 [Times: user=0.47 sys=0.00, real=0.13 secs] 
509.970: [GC pause (young), 0.1296352 secs]
   [Parallel Time: 128.1 ms, GC Workers: 4]
      [GC Worker Start (ms): Min: 509970.6, Avg: 509970.6, Max: 509970.7, Diff: 0.2]
      [Ext Root Scanning (ms): Min: 0.2, Avg: 1.2, Max: 1.7, Diff: 1.5, Sum: 4.9]
      [Update RS (ms): Min: 18.1, Avg: 18.4, Max: 18.6, Diff: 0.5, Sum: 73.5]
         [Processed Buffers: Min: 114, Avg: 137.8, Max: 155, Diff: 41, Sum: 551]
      [Scan RS (ms): Min: 1.3, Avg: 1.3, Max: 1.4, Diff: 0.1, Sum: 5.4]
      [Object Copy (ms): Min: 106.7, Avg: 107.1, Max: 108.3, Diff: 1.7, Sum: 428.3]
      [Termination (ms): Min: 0.0, Avg: 0.0, Max: 0.0, Diff: 0.0, Sum: 0.0]
      [GC Worker Other (ms): Min: 0.0, Avg: 0.0, Max: 0.0, Diff: 0.0, Sum: 0.1]
      [GC Worker Total (ms): Min: 127.9, Avg: 128.0, Max: 128.1, Diff: 0.2, Sum: 512.1]
      [GC Worker End (ms): Min: 510098.6, Avg: 510098.6, Max: 510098.6, Diff: 0.0]
   [Code Root Fixup: 0.0 ms]
   [Clear CT: 0.1 ms]
   [Other: 1.4 ms]
      [Choose CSet: 0.0 ms]
      [Ref Proc: 0.1 ms]
      [Ref Enq: 0.0 ms]
      [Free CSet: 0.2 ms]
   [Eden: 230.0M(230.0M)->0.0B(242.0M) Survivors: 20.0M->32.0M Heap: 821.5M(2048.0M)->701.5M(2048.0M)]
 [Times: user=0.47 sys=0.00, real=0.13 secs] 
510.314: [GC pause (young), 0.1526003 secs]
   [Parallel Time: 150.5 ms, GC Workers: 4]
      [GC Worker Start (ms): Min: 510313.9, Avg: 510313.9, Max: 510313.9, Diff: 0.0]
      [Ext Root Scanning (ms): Min: 1.4, Avg: 1.5, Max: 1.5, Diff: 0.1, Sum: 5.8]
      [Update RS (ms): Min: 19.8, Avg: 20.6, Max: 21.5, Diff: 1.6, Sum: 82.6]
         [Processed Buffers: Min: 117, Avg: 151.3, Max: 177, Diff: 60, Sum: 605]
      [Scan RS (ms): Min: 0.0, Avg: 0.2, Max: 0.4, Diff: 0.4, Sum: 0.8]
      [Object Copy (ms): Min: 127.6, Avg: 128.2, Max: 128.8, Diff: 1.2, Sum: 512.6]
      [Termination (ms): Min: 0.0, Avg: 0.0, Max: 0.0, Diff: 0.0, Sum: 0.1]
      [GC Worker Other (ms): Min: 0.0, Avg: 0.0, Max: 0.0, Diff: 0.0, Sum: 0.0]
      [GC Worker Total (ms): Min: 150.5, Avg: 150.5, Max: 150.5, Diff: 0.0, Sum: 601.9]
      [GC Worker End (ms): Min: 510464.4, Avg: 510464.4, Max: 510464.4, Diff: 0.0]
   [Code Root Fixup: 0.0 ms]
   [Clear CT: 0.1 ms]
   [Other: 2.0 ms]
      [Choose CSet: 0.0 ms]
      [Ref Proc: 0.1 ms]
      [Ref Enq: 0.0 ms]
      [Free CSet: 0.3 ms]
   [Eden: 242.0M(242.0M)->0.0B(257.0M) Survivors: 32.0M->35.0M Heap: 943.5M(2048.0M)->835.0M(2048.0M)]
 [Times: user=0.62 sys=0.00, real=0.15 secs] 
510.755: [GC pause (young), 0.1913455 secs]
   [Parallel Time: 189.2 ms, GC Workers: 4]
      [GC Worker Start (ms): Min: 510755.8, Avg: 510755.8, Max: 510755.8, Diff: 0.0]
      [Ext Root Scanning (ms): Min: 1.3, Avg: 1.3, Max: 1.3, Diff: 0.0, Sum: 5.1]
      [Update RS (ms): Min: 17.9, Avg: 17.9, Max: 18.1, Diff: 0.2, Sum: 71.8]
         [Processed Buffers: Min: 163, Avg: 183.3, Max: 215, Diff: 52, Sum: 733]
      [Scan RS (ms): Min: 4.0, Avg: 4.1, Max: 4.2, Diff: 0.2, Sum: 16.5]
      [Object Copy (ms): Min: 165.7, Avg: 165.8, Max: 165.8, Diff: 0.0, Sum: 663.0]
      [Termination (ms): Min: 0.0, Avg: 0.0, Max: 0.0, Diff: 0.0, Sum: 0.0]
      [GC Worker Other (ms): Min: 0.0, Avg: 0.0, Max: 0.0, Diff: 0.0, Sum: 0.1]
      [GC Worker Total (ms): Min: 189.1, Avg: 189.1, Max: 189.1, Diff: 0.0, Sum: 756.5]
      [GC Worker End (ms): Min: 510944.9, Avg: 510944.9, Max: 510944.9, Diff: 0.0]
   [Code Root Fixup: 0.0 ms]
   [Clear CT: 0.2 ms]
   [Other: 2.0 ms]
      [Choose CSet: 0.0 ms]
      [Ref Proc: 0.0 ms]
      [Ref Enq: 0.0 ms]
      [Free CSet: 0.2 ms]
   [Eden: 257.0M(257.0M)->0.0B(197.0M) Survivors: 35.0M->37.0M Heap: 1092.0M(2048.0M)->999.0M(2048.0M)]
 [Times: user=0.73 sys=0.00, real=0.19 secs] 
511.230: [GC pause (young) (initial-mark), 0.2111413 secs]
   [Parallel Time: 208.9 ms, GC Workers: 4]
      [GC Worker Start (ms): Min: 511230.4, Avg: 511230.4, Max: 511230.4, Diff: 0.0]
      [Ext Root Scanning (ms): Min: 1.2, Avg: 1.2, Max: 1.2, Diff: 0.0, Sum: 4.8]
      [Update RS (ms): Min: 37.9, Avg: 37.9, Max: 37.9, Diff: 0.0, Sum: 151.7]
         [Processed Buffers: Min: 246, Avg: 252.8, Max: 263, Diff: 17, Sum: 1011]
      [Scan RS (ms): Min: 0.1, Avg: 0.1, Max: 0.2, Diff: 0.0, Sum: 0.6]
      [Object Copy (ms): Min: 169.6, Avg: 169.6, Max: 169.7, Diff: 0.0, Sum: 678.6]
      [Termination (ms): Min: 0.0, Avg: 0.0, Max: 0.0, Diff: 0.0, Sum: 0.0]
      [GC Worker Other (ms): Min: 0.0, Avg: 0.0, Max: 0.0, Diff: 0.0, Sum: 0.1]
      [GC Worker Total (ms): Min: 208.9, Avg: 208.9, Max: 208.9, Diff: 0.0, Sum: 835.7]
      [GC Worker End (ms): Min: 511439.3, Avg: 511439.3, Max: 511439.3, Diff: 0.0]
   [Code Root Fixup: 0.0 ms]
   [Clear CT: 0.1 ms]
   [Other: 2.1 ms]
      [Choose CSet: 0.0 ms]
      [Ref Proc: 0.0 ms]
      [Ref Enq: 0.0 ms]
      [Free CSet: 0.2 ms]
   [Eden: 197.0M(197.0M)->0.0B(181.0M) Survivors: 37.0M->30.0M Heap: 1196.0M(2048.0M)->1165.0M(2048.0M)]
 [Times: user=0.76 sys=0.00, real=0.21 secs] 
511.442: [GC concurrent-root-region-scan-start]
511.506: [GC concurrent-root-region-scan-end, 0.0640544 secs]
511.506: [GC concurrent-mark-start]
511.704: [GC pause (young), 0.0920215 secs]
   [Parallel Time: 90.3 ms, GC Workers: 4]
      [GC Worker Start (ms): Min: 511704.8, Avg: 511704.8, Max: 511704.8, Diff: 0.0]
      [Ext Root Scanning (ms): Min: 1.3, Avg: 1.3, Max: 1.4, Diff: 0.1, Sum: 5.3]
      [SATB Filtering (ms): Min: 0.0, Avg: 0.6, Max: 2.6, Diff: 2.6, Sum: 2.6]
      [Update RS (ms): Min: 15.5, Avg: 17.4, Max: 18.1, Diff: 2.6, Sum: 69.6]
         [Processed Buffers: Min: 179, Avg: 212.5, Max: 245, Diff: 66, Sum: 850]
      [Scan RS (ms): Min: 1.6, Avg: 1.6, Max: 1.7, Diff: 0.1, Sum: 6.5]
      [Object Copy (ms): Min: 69.2, Avg: 69.3, Max: 69.3, Diff: 0.1, Sum: 277.1]
      [Termination (ms): Min: 0.0, Avg: 0.0, Max: 0.0, Diff: 0.0, Sum: 0.0]
      [GC Worker Other (ms): Min: 0.0, Avg: 0.0, Max: 0.0, Diff: 0.0, Sum: 0.1]
      [GC Worker Total (ms): Min: 90.3, Avg: 90.3, Max: 90.3, Diff: 0.0, Sum: 361.2]
      [GC Worker End (ms): Min: 511795.1, Avg: 511795.1, Max: 511795.1, Diff: 0.0]
   [Code Root Fixup: 0.0 ms]
   [Clear CT: 0.1 ms]
   [Other: 1.6 ms]
      [Choose CSet: 0.0 ms]
      [Ref Proc: 0.2 ms]
      [Ref Enq: 0.0 ms]
      [Free CSet: 0.2 ms]
   [Eden: 181.0M(181.0M)->0.0B(241.0M) Survivors: 30.0M->27.0M Heap: 1346.0M(2048.0M)->1220.5M(2048.0M)]
 [Times: user=0.34 sys=0.00, real=0.09 secs] 
512.007: [GC pause (young), 0.0731728 secs]
   [Parallel Time: 72.2 ms, GC Workers: 4]
      [GC Worker Start (ms): Min: 512007.5, Avg: 512007.6, Max: 512007.6, Diff: 0.0]
      [Ext Root Scanning (ms): Min: 1.2, Avg: 1.2, Max: 1.3, Diff: 0.0, Sum: 4.9]
      [SATB Filtering (ms): Min: 0.0, Avg: 0.3, Max: 1.2, Diff: 1.2, Sum: 1.2]
      [Update RS (ms): Min: 18.4, Avg: 20.5, Max: 26.9, Diff: 8.6, Sum: 82.1]
         [Processed Buffers: Min: 113, Avg: 124.0, Max: 133, Diff: 20, Sum: 496]
      [Scan RS (ms): Min: 0.0, Avg: 0.3, Max: 0.4, Diff: 0.4, Sum: 1.2]
      [Object Copy (ms): Min: 39.3, Avg: 47.2, Max: 52.1, Diff: 12.8, Sum: 188.8]
      [Termination (ms): Min: 0.0, Avg: 2.6, Max: 3.4, Diff: 3.4, Sum: 10.3]
      [GC Worker Other (ms): Min: 0.0, Avg: 0.0, Max: 0.0, Diff: 0.0, Sum: 0.1]
      [GC Worker Total (ms): Min: 72.2, Avg: 72.2, Max: 72.2, Diff: 0.0, Sum: 288.6]
      [GC Worker End (ms): Min: 512079.7, Avg: 512079.7, Max: 512079.7, Diff: 0.0]
   [Code Root Fixup: 0.0 ms]
   [Clear CT: 0.1 ms]
   [Other: 0.9 ms]
      [Choose CSet: 0.0 ms]
      [Ref Proc: 0.1 ms]
      [Ref Enq: 0.0 ms]
      [Free CSet: 0.2 ms]
   [Eden: 241.0M(241.0M)->0.0B(318.0M) Survivors: 27.0M->32.0M Heap: 1461.5M(2048.0M)->1254.0M(2048.0M)]
 [Times: user=0.25 sys=0.00, real=0.07 secs] 
512.268: [GC concurrent-mark-end, 0.7614584 secs]
512.268: [GC remark 512.269: [GC ref-proc, 0.0015350 secs], 0.0041184 secs]
 [Times: user=0.06 sys=0.00, real=0.00 secs] 
512.272: [GC cleanup 1463M->837M(2048M), 0.0018890 secs]
 [Times: user=0.00 sys=0.00, real=0.00 secs] 
512.275: [GC concurrent-cleanup-start]
512.275: [GC concurrent-cleanup-end, 0.0007992 secs]
512.385: [GC pause (young), 0.2078613 secs]
   [Parallel Time: 206.0 ms, GC Workers: 4]
      [GC Worker Start (ms): Min: 512385.2, Avg: 512385.2, Max: 512385.2, Diff: 0.0]
      [Ext Root Scanning (ms): Min: 1.2, Avg: 1.2, Max: 1.2, Diff: 0.0, Sum: 4.9]
      [Update RS (ms): Min: 15.3, Avg: 15.3, Max: 15.4, Diff: 0.1, Sum: 61.2]
         [Processed Buffers: Min: 86, Avg: 96.8, Max: 103, Diff: 17, Sum: 387]
      [Scan RS (ms): Min: 0.0, Avg: 0.1, Max: 0.1, Diff: 0.1, Sum: 0.3]
      [Object Copy (ms): Min: 189.3, Avg: 189.4, Max: 189.4, Diff: 0.0, Sum: 757.4]
      [Termination (ms): Min: 0.0, Avg: 0.0, Max: 0.0, Diff: 0.0, Sum: 0.0]
      [GC Worker Other (ms): Min: 0.0, Avg: 0.0, Max: 0.0, Diff: 0.0, Sum: 0.1]
      [GC Worker Total (ms): Min: 206.0, Avg: 206.0, Max: 206.0, Diff: 0.0, Sum: 823.9]
      [GC Worker End (ms): Min: 512591.2, Avg: 512591.2, Max: 512591.2, Diff: 0.0]
   [Code Root Fixup: 0.0 ms]
   [Clear CT: 0.1 ms]
   [Other: 1.8 ms]
      [Choose CSet: 0.0 ms]
      [Ref Proc: 0.0 ms]
      [Ref Enq: 0.0 ms]
      [Free CSet: 0.2 ms]
   [Eden: 318.0M(318.0M)->0.0B(58.0M) Survivors: 32.0M->44.0M Heap: 946.0M(2048.0M)->833.0M(2048.0M)]
 [Times: user=0.80 sys=0.00, real=0.21 secs] 
512.720: [GC pause (mixed), 0.0912082 secs]
   [Parallel Time: 89.4 ms, GC Workers: 4]
      [GC Worker Start (ms): Min: 512720.6, Avg: 512720.6, Max: 512720.6, Diff: 0.0]
      [Ext Root Scanning (ms): Min: 1.2, Avg: 1.2, Max: 1.2, Diff: 0.0, Sum: 4.9]
      [Update RS (ms): Min: 25.4, Avg: 25.4, Max: 25.4, Diff: 0.1, Sum: 101.5]
         [Processed Buffers: Min: 176, Avg: 183.8, Max: 193, Diff: 17, Sum: 735]
      [Scan RS (ms): Min: 8.6, Avg: 8.7, Max: 8.8, Diff: 0.3, Sum: 34.7]
      [Object Copy (ms): Min: 54.0, Avg: 54.2, Max: 54.2, Diff: 0.2, Sum: 216.6]
      [Termination (ms): Min: 0.0, Avg: 0.0, Max: 0.0, Diff: 0.0, Sum: 0.0]
      [GC Worker Other (ms): Min: 0.0, Avg: 0.0, Max: 0.0, Diff: 0.0, Sum: 0.1]
      [GC Worker Total (ms): Min: 89.4, Avg: 89.4, Max: 89.4, Diff: 0.0, Sum: 357.7]
      [GC Worker End (ms): Min: 512810.0, Avg: 512810.0, Max: 512810.0, Diff: 0.0]
   [Code Root Fixup: 0.0 ms]
   [Clear CT: 0.2 ms]
   [Other: 1.6 ms]
      [Choose CSet: 0.0 ms]
      [Ref Proc: 0.0 ms]
      [Ref Enq: 0.0 ms]
      [Free CSet: 0.4 ms]
   [Eden: 58.0M(58.0M)->0.0B(272.0M) Survivors: 44.0M->13.0M Heap: 891.0M(2048.0M)->783.5M(2048.0M)]
 [Times: user=0.26 sys=0.00, real=0.09 secs] 
513.096: [GC pause (young), 0.1527193 secs]
   [Parallel Time: 150.5 ms, GC Workers: 4]
      [GC Worker Start (ms): Min: 513095.9, Avg: 513095.9, Max: 513095.9, Diff: 0.0]
      [Ext Root Scanning (ms): Min: 1.2, Avg: 1.2, Max: 1.2, Diff: 0.0, Sum: 4.9]
      [Update RS (ms): Min: 15.0, Avg: 15.0, Max: 15.0, Diff: 0.0, Sum: 59.9]
         [Processed Buffers: Min: 150, Avg: 175.8, Max: 204, Diff: 54, Sum: 703]
      [Scan RS (ms): Min: 0.2, Avg: 0.2, Max: 0.2, Diff: 0.0, Sum: 0.7]
      [Object Copy (ms): Min: 134.0, Avg: 134.0, Max: 134.1, Diff: 0.0, Sum: 536.2]
      [Termination (ms): Min: 0.0, Avg: 0.0, Max: 0.0, Diff: 0.0, Sum: 0.0]
      [GC Worker Other (ms): Min: 0.0, Avg: 0.0, Max: 0.0, Diff: 0.0, Sum: 0.1]
      [GC Worker Total (ms): Min: 150.4, Avg: 150.4, Max: 150.4, Diff: 0.0, Sum: 601.8]
      [GC Worker End (ms): Min: 513246.3, Avg: 513246.3, Max: 513246.3, Diff: 0.0]
   [Code Root Fixup: 0.0 ms]
   [Clear CT: 0.7 ms]
   [Other: 1.6 ms]
      [Choose CSet: 0.0 ms]
      [Ref Proc: 0.0 ms]
      [Ref Enq: 0.0 ms]
      [Free CSet: 0.2 ms]
   [Eden: 272.0M(272.0M)->0.0B(223.0M) Survivors: 13.0M->36.0M Heap: 1055.5M(2048.0M)->939.5M(2048.0M)]
 [Times: user=0.55 sys=0.00, real=0.15 secs] 
513.456: [GC pause (young), 0.1368899 secs]
   [Parallel Time: 135.1 ms, GC Workers: 4]
      [GC Worker Start (ms): Min: 513456.4, Avg: 513456.4, Max: 513456.4, Diff: 0.0]
      [Ext Root Scanning (ms): Min: 1.2, Avg: 1.2, Max: 1.2, Diff: 0.0, Sum: 4.9]
      [Update RS (ms): Min: 19.2, Avg: 19.2, Max: 19.2, Diff: 0.0, Sum: 76.8]
         [Processed Buffers: Min: 159, Avg: 188.5, Max: 211, Diff: 52, Sum: 754]
      [Scan RS (ms): Min: 1.4, Avg: 1.4, Max: 1.5, Diff: 0.1, Sum: 5.7]
      [Object Copy (ms): Min: 113.1, Avg: 113.2, Max: 113.2, Diff: 0.1, Sum: 452.8]
      [Termination (ms): Min: 0.0, Avg: 0.0, Max: 0.0, Diff: 0.0, Sum: 0.0]
      [GC Worker Other (ms): Min: 0.0, Avg: 0.0, Max: 0.0, Diff: 0.0, Sum: 0.1]
      [GC Worker Total (ms): Min: 135.0, Avg: 135.0, Max: 135.0, Diff: 0.0, Sum: 540.2]
      [GC Worker End (ms): Min: 513591.4, Avg: 513591.4, Max: 513591.4, Diff: 0.0]
   [Code Root Fixup: 0.0 ms]
   [Clear CT: 0.2 ms]
   [Other: 1.7 ms]
      [Choose CSet: 0.0 ms]
      [Ref Proc: 0.0 ms]
      [Ref Enq: 0.0 ms]
      [Free CSet: 0.2 ms]
   [Eden: 223.0M(223.0M)->0.0B(264.0M) Survivors: 36.0M->33.0M Heap: 1162.5M(2048.0M)->1043.5M(2048.0M)]
 [Times: user=0.55 sys=0.00, real=0.14 secs] 
513.866: [GC pause (young) (initial-mark), 0.1811508 secs]
   [Parallel Time: 178.8 ms, GC Workers: 4]
      [GC Worker Start (ms): Min: 513866.9, Avg: 513866.9, Max: 513866.9, Diff: 0.0]
      [Ext Root Scanning (ms): Min: 1.2, Avg: 1.2, Max: 1.2, Diff: 0.0, Sum: 4.9]
      [Update RS (ms): Min: 20.2, Avg: 23.3, Max: 30.6, Diff: 10.4, Sum: 93.4]
         [Processed Buffers: Min: 155, Avg: 180.0, Max: 207, Diff: 52, Sum: 720]
      [Scan RS (ms): Min: 0.0, Avg: 0.3, Max: 0.5, Diff: 0.5, Sum: 1.1]
      [Object Copy (ms): Min: 146.9, Avg: 153.9, Max: 156.8, Diff: 9.9, Sum: 615.7]
      [Termination (ms): Min: 0.0, Avg: 0.0, Max: 0.0, Diff: 0.0, Sum: 0.0]
      [GC Worker Other (ms): Min: 0.0, Avg: 0.0, Max: 0.0, Diff: 0.0, Sum: 0.1]
      [GC Worker Total (ms): Min: 178.8, Avg: 178.8, Max: 178.8, Diff: 0.0, Sum: 715.1]
      [GC Worker End (ms): Min: 514045.6, Avg: 514045.6, Max: 514045.6, Diff: 0.0]
   [Code Root Fixup: 0.0 ms]
   [Clear CT: 0.2 ms]
   [Other: 2.1 ms]
      [Choose CSet: 0.0 ms]
      [Ref Proc: 0.0 ms]
      [Ref Enq: 0.0 ms]
      [Free CSet: 0.3 ms]
   [Eden: 264.0M(264.0M)->0.0B(226.0M) Survivors: 33.0M->38.0M Heap: 1307.5M(2048.0M)->1204.0M(2048.0M)]
 [Times: user=0.67 sys=0.00, real=0.18 secs] 
514.048: [GC concurrent-root-region-scan-start]
514.088: [GC concurrent-root-region-scan-end, 0.0402150 secs]
514.088: [GC concurrent-mark-start]
514.327: [GC pause (young), 0.0970106 secs]
   [Parallel Time: 95.6 ms, GC Workers: 4]
      [GC Worker Start (ms): Min: 514327.1, Avg: 514327.1, Max: 514327.1, Diff: 0.0]
      [Ext Root Scanning (ms): Min: 0.2, Avg: 1.3, Max: 1.7, Diff: 1.4, Sum: 5.0]
      [SATB Filtering (ms): Min: 0.0, Avg: 0.4, Max: 1.8, Diff: 1.8, Sum: 1.8]
      [Update RS (ms): Min: 4.6, Avg: 23.9, Max: 31.3, Diff: 26.8, Sum: 95.4]
         [Processed Buffers: Min: 169, Avg: 224.3, Max: 318, Diff: 149, Sum: 897]
      [Scan RS (ms): Min: 2.2, Avg: 2.7, Max: 2.9, Diff: 0.8, Sum: 11.0]
      [Object Copy (ms): Min: 60.3, Avg: 67.2, Max: 87.8, Diff: 27.5, Sum: 268.9]
      [Termination (ms): Min: 0.0, Avg: 0.0, Max: 0.0, Diff: 0.0, Sum: 0.0]
      [GC Worker Other (ms): Min: 0.0, Avg: 0.0, Max: 0.0, Diff: 0.0, Sum: 0.1]
      [GC Worker Total (ms): Min: 95.5, Avg: 95.5, Max: 95.6, Diff: 0.0, Sum: 382.2]
      [GC Worker End (ms): Min: 514422.7, Avg: 514422.7, Max: 514422.7, Diff: 0.0]
   [Code Root Fixup: 0.0 ms]
   [Clear CT: 0.1 ms]
   [Other: 1.3 ms]
      [Choose CSet: 0.0 ms]
      [Ref Proc: 0.0 ms]
      [Ref Enq: 0.0 ms]
      [Free CSet: 0.2 ms]
   [Eden: 226.0M(226.0M)->0.0B(311.0M) Survivors: 38.0M->33.0M Heap: 1430.0M(2048.0M)->1240.5M(2048.0M)]
 [Times: user=0.31 sys=0.00, real=0.10 secs] 
514.690: [GC pause (young), 0.1543303 secs]
   [Parallel Time: 152.8 ms, GC Workers: 4]
      [GC Worker Start (ms): Min: 514690.5, Avg: 514690.5, Max: 514690.5, Diff: 0.0]
      [Ext Root Scanning (ms): Min: 1.2, Avg: 1.2, Max: 1.2, Diff: 0.0, Sum: 4.9]
      [SATB Filtering (ms): Min: 0.0, Avg: 0.7, Max: 2.8, Diff: 2.8, Sum: 2.8]
      [Update RS (ms): Min: 12.9, Avg: 15.0, Max: 15.7, Diff: 2.8, Sum: 60.1]
         [Processed Buffers: Min: 90, Avg: 99.3, Max: 110, Diff: 20, Sum: 397]
      [Scan RS (ms): Min: 0.2, Avg: 0.2, Max: 0.2, Diff: 0.0, Sum: 0.7]
      [Object Copy (ms): Min: 135.7, Avg: 135.7, Max: 135.7, Diff: 0.0, Sum: 542.7]
      [Termination (ms): Min: 0.0, Avg: 0.0, Max: 0.0, Diff: 0.0, Sum: 0.0]
      [GC Worker Other (ms): Min: 0.0, Avg: 0.0, Max: 0.0, Diff: 0.0, Sum: 0.1]
      [GC Worker Total (ms): Min: 152.8, Avg: 152.8, Max: 152.8, Diff: 0.0, Sum: 611.3]
      [GC Worker End (ms): Min: 514843.3, Avg: 514843.3, Max: 514843.4, Diff: 0.0]
   [Code Root Fixup: 0.0 ms]
   [Clear CT: 0.1 ms]
   [Other: 1.4 ms]
      [Choose CSet: 0.0 ms]
      [Ref Proc: 0.0 ms]
      [Ref Enq: 0.0 ms]
      [Free CSet: 0.3 ms]
   [Eden: 311.0M(311.0M)->0.0B(278.0M) Survivors: 33.0M->43.0M Heap: 1551.5M(2048.0M)->1374.5M(2048.0M)]
 [Times: user=0.53 sys=0.00, real=0.15 secs] 
514.904: [GC concurrent-mark-end, 0.8109037 secs]
514.925: [GC remark 514.925: [GC ref-proc, 0.0015844 secs], 0.0031370 secs]
 [Times: user=0.00 sys=0.00, real=0.00 secs] 
514.928: [GC cleanup 1474M->802M(2048M), 0.0012861 secs]
 [Times: user=0.00 sys=0.00, real=0.00 secs] 
514.930: [GC concurrent-cleanup-start]
514.930: [GC concurrent-cleanup-end, 0.0007931 secs]
515.115: [GC pause (young), 0.1803095 secs]
   [Parallel Time: 178.0 ms, GC Workers: 4]
      [GC Worker Start (ms): Min: 515115.3, Avg: 515115.3, Max: 515115.3, Diff: 0.0]
      [Ext Root Scanning (ms): Min: 1.2, Avg: 1.2, Max: 1.2, Diff: 0.0, Sum: 4.9]
      [Update RS (ms): Min: 25.7, Avg: 25.7, Max: 25.7, Diff: 0.0, Sum: 102.7]
         [Processed Buffers: Min: 181, Avg: 190.8, Max: 199, Diff: 18, Sum: 763]
      [Scan RS (ms): Min: 0.2, Avg: 0.2, Max: 0.2, Diff: 0.0, Sum: 0.7]
      [Object Copy (ms): Min: 150.9, Avg: 150.9, Max: 150.9, Diff: 0.0, Sum: 603.7]
      [Termination (ms): Min: 0.0, Avg: 0.0, Max: 0.0, Diff: 0.0, Sum: 0.0]
      [GC Worker Other (ms): Min: 0.0, Avg: 0.0, Max: 0.0, Diff: 0.0, Sum: 0.1]
      [GC Worker Total (ms): Min: 178.0, Avg: 178.0, Max: 178.0, Diff: 0.0, Sum: 712.0]
      [GC Worker End (ms): Min: 515293.3, Avg: 515293.3, Max: 515293.3, Diff: 0.0]
   [Code Root Fixup: 0.0 ms]
   [Clear CT: 0.1 ms]
   [Other: 2.1 ms]
      [Choose CSet: 0.0 ms]
      [Ref Proc: 0.3 ms]
      [Ref Enq: 0.0 ms]
      [Free CSet: 0.3 ms]
   [Eden: 278.0M(278.0M)->0.0B(61.0M) Survivors: 43.0M->41.0M Heap: 980.5M(2048.0M)->846.0M(2048.0M)]
 [Times: user=0.64 sys=0.00, real=0.18 secs] 
515.414: [GC pause (mixed), 0.0783114 secs]
   [Parallel Time: 76.9 ms, GC Workers: 4]
      [GC Worker Start (ms): Min: 515414.7, Avg: 515423.3, Max: 515447.0, Diff: 32.3]
      [Ext Root Scanning (ms): Min: 0.1, Avg: 1.2, Max: 2.2, Diff: 2.1, Sum: 4.8]
      [Update RS (ms): Min: 0.0, Avg: 21.1, Max: 28.3, Diff: 28.3, Sum: 84.5]
         [Processed Buffers: Min: 0, Avg: 118.8, Max: 165, Diff: 165, Sum: 475]
      [Scan RS (ms): Min: 0.2, Avg: 2.0, Max: 3.3, Diff: 3.0, Sum: 8.0]
      [Object Copy (ms): Min: 43.3, Avg: 43.9, Max: 44.2, Diff: 1.0, Sum: 175.8]
      [Termination (ms): Min: 0.0, Avg: 0.0, Max: 0.0, Diff: 0.0, Sum: 0.0]
      [GC Worker Other (ms): Min: 0.0, Avg: 0.0, Max: 0.0, Diff: 0.0, Sum: 0.1]
      [GC Worker Total (ms): Min: 44.5, Avg: 68.3, Max: 76.9, Diff: 32.3, Sum: 273.2]
      [GC Worker End (ms): Min: 515491.5, Avg: 515491.6, Max: 515491.6, Diff: 0.0]
   [Code Root Fixup: 0.0 ms]
   [Clear CT: 0.2 ms]
   [Other: 1.3 ms]
      [Choose CSet: 0.1 ms]
      [Ref Proc: 0.0 ms]
      [Ref Enq: 0.0 ms]
      [Free CSet: 0.3 ms]
   [Eden: 61.0M(61.0M)->0.0B(405.0M) Survivors: 41.0M->6144.0K Heap: 907.0M(2048.0M)->796.5M(2048.0M)]
 [Times: user=0.26 sys=0.01, real=0.08 secs] 
515.889: [GC pause (young), 0.2562191 secs]
   [Parallel Time: 253.7 ms, GC Workers: 4]
      [GC Worker Start (ms): Min: 515889.9, Avg: 515889.9, Max: 515889.9, Diff: 0.0]
      [Ext Root Scanning (ms): Min: 1.2, Avg: 1.2, Max: 1.3, Diff: 0.0, Sum: 5.0]
      [Update RS (ms): Min: 14.9, Avg: 14.9, Max: 14.9, Diff: 0.0, Sum: 59.8]
         [Processed Buffers: Min: 197, Avg: 257.0, Max: 292, Diff: 95, Sum: 1028]
      [Scan RS (ms): Min: 0.1, Avg: 0.1, Max: 0.1, Diff: 0.0, Sum: 0.5]
      [Object Copy (ms): Min: 237.3, Avg: 237.3, Max: 237.3, Diff: 0.0, Sum: 949.3]
      [Termination (ms): Min: 0.0, Avg: 0.0, Max: 0.0, Diff: 0.0, Sum: 0.0]
      [GC Worker Other (ms): Min: 0.0, Avg: 0.0, Max: 0.0, Diff: 0.0, Sum: 0.1]
      [GC Worker Total (ms): Min: 253.6, Avg: 253.6, Max: 253.7, Diff: 0.0, Sum: 1014.6]
      [GC Worker End (ms): Min: 516143.5, Avg: 516143.5, Max: 516143.5, Diff: 0.0]
   [Code Root Fixup: 0.0 ms]
   [Clear CT: 0.2 ms]
   [Other: 2.4 ms]
      [Choose CSet: 0.0 ms]
      [Ref Proc: 0.0 ms]
      [Ref Enq: 0.0 ms]
      [Free CSet: 0.4 ms]
   [Eden: 405.0M(405.0M)->0.0B(183.0M) Survivors: 6144.0K->52.0M Heap: 1201.5M(2048.0M)->1078.5M(2048.0M)]
 [Times: user=1.03 sys=0.00, real=0.26 secs] 
516.435: [GC pause (young) (initial-mark), 0.1410499 secs]
   [Parallel Time: 138.6 ms, GC Workers: 4]
      [GC Worker Start (ms): Min: 516435.6, Avg: 516435.9, Max: 516436.7, Diff: 1.1]
      [Ext Root Scanning (ms): Min: 0.7, Avg: 1.3, Max: 1.6, Diff: 0.9, Sum: 5.3]
      [Update RS (ms): Min: 16.8, Avg: 17.0, Max: 17.8, Diff: 1.0, Sum: 68.2]
         [Processed Buffers: Min: 191, Avg: 255.8, Max: 332, Diff: 141, Sum: 1023]
      [Scan RS (ms): Min: 25.7, Avg: 26.5, Max: 26.8, Diff: 1.1, Sum: 105.9]
      [Object Copy (ms): Min: 93.3, Avg: 93.4, Max: 93.5, Diff: 0.2, Sum: 373.7]
      [Termination (ms): Min: 0.0, Avg: 0.0, Max: 0.0, Diff: 0.0, Sum: 0.0]
      [GC Worker Other (ms): Min: 0.0, Avg: 0.0, Max: 0.0, Diff: 0.0, Sum: 0.1]
      [GC Worker Total (ms): Min: 137.5, Avg: 138.3, Max: 138.6, Diff: 1.1, Sum: 553.2]
      [GC Worker End (ms): Min: 516574.2, Avg: 516574.2, Max: 516574.2, Diff: 0.0]
   [Code Root Fixup: 0.0 ms]
   [Clear CT: 0.1 ms]
   [Other: 2.3 ms]
      [Choose CSet: 0.0 ms]
      [Ref Proc: 0.0 ms]
      [Ref Enq: 0.0 ms]
      [Free CSet: 0.2 ms]
   [Eden: 183.0M(183.0M)->0.0B(72.0M) Survivors: 52.0M->30.0M Heap: 1261.5M(2048.0M)->1137.5M(2048.0M)]
 [Times: user=0.55 sys=0.00, real=0.14 secs] 
516.576: [GC concurrent-root-region-scan-start]
516.650: [GC concurrent-root-region-scan-end, 0.0738649 secs]
516.650: [GC concurrent-mark-start]
516.701: [GC pause (young), 0.0552369 secs]
   [Parallel Time: 54.6 ms, GC Workers: 4]
      [GC Worker Start (ms): Min: 516701.0, Avg: 516701.3, Max: 516701.8, Diff: 0.8]
      [Ext Root Scanning (ms): Min: 0.9, Avg: 1.4, Max: 1.6, Diff: 0.8, Sum: 5.6]
      [SATB Filtering (ms): Min: 0.0, Avg: 0.0, Max: 0.1, Diff: 0.1, Sum: 0.1]
      [Update RS (ms): Min: 27.9, Avg: 28.0, Max: 28.0, Diff: 0.1, Sum: 111.8]
         [Processed Buffers: Min: 149, Avg: 156.8, Max: 165, Diff: 16, Sum: 627]
      [Scan RS (ms): Min: 0.2, Avg: 0.2, Max: 0.2, Diff: 0.1, Sum: 0.8]
      [Object Copy (ms): Min: 24.7, Avg: 24.7, Max: 24.7, Diff: 0.1, Sum: 98.8]
      [Termination (ms): Min: 0.0, Avg: 0.0, Max: 0.0, Diff: 0.0, Sum: 0.0]
      [GC Worker Other (ms): Min: 0.0, Avg: 0.0, Max: 0.0, Diff: 0.0, Sum: 0.1]
      [GC Worker Total (ms): Min: 53.7, Avg: 54.3, Max: 54.5, Diff: 0.8, Sum: 217.2]
      [GC Worker End (ms): Min: 516755.6, Avg: 516755.6, Max: 516755.6, Diff: 0.0]
   [Code Root Fixup: 0.0 ms]
   [Clear CT: 0.1 ms]
   [Other: 0.6 ms]
      [Choose CSet: 0.0 ms]
      [Ref Proc: 0.0 ms]
      [Ref Enq: 0.0 ms]
      [Free CSet: 0.1 ms]
   [Eden: 72.0M(72.0M)->0.0B(173.0M) Survivors: 30.0M->3072.0K Heap: 1209.5M(2048.0M)->1141.0M(2048.0M)]
 [Times: user=0.25 sys=0.00, real=0.06 secs] 
516.909: [GC pause (young), 0.1070774 secs]
   [Parallel Time: 105.9 ms, GC Workers: 4]
      [GC Worker Start (ms): Min: 516909.7, Avg: 516909.7, Max: 516909.7, Diff: 0.0]
      [Ext Root Scanning (ms): Min: 1.2, Avg: 1.2, Max: 1.3, Diff: 0.1, Sum: 4.9]
      [SATB Filtering (ms): Min: 0.0, Avg: 0.7, Max: 2.7, Diff: 2.7, Sum: 2.7]
      [Update RS (ms): Min: 12.2, Avg: 14.2, Max: 14.9, Diff: 2.7, Sum: 56.8]
         [Processed Buffers: Min: 131, Avg: 164.3, Max: 204, Diff: 73, Sum: 657]
      [Scan RS (ms): Min: 0.0, Avg: 0.0, Max: 0.1, Diff: 0.1, Sum: 0.2]
      [Object Copy (ms): Min: 89.7, Avg: 89.7, Max: 89.7, Diff: 0.0, Sum: 358.8]
      [Termination (ms): Min: 0.0, Avg: 0.0, Max: 0.0, Diff: 0.0, Sum: 0.0]
      [GC Worker Other (ms): Min: 0.0, Avg: 0.0, Max: 0.0, Diff: 0.0, Sum: 0.1]
      [GC Worker Total (ms): Min: 105.9, Avg: 105.9, Max: 105.9, Diff: 0.0, Sum: 423.5]
      [GC Worker End (ms): Min: 517015.6, Avg: 517015.6, Max: 517015.6, Diff: 0.0]
   [Code Root Fixup: 0.0 ms]
   [Clear CT: 0.1 ms]
   [Other: 1.1 ms]
      [Choose CSet: 0.0 ms]
      [Ref Proc: 0.0 ms]
      [Ref Enq: 0.0 ms]
      [Free CSet: 0.2 ms]
   [Eden: 173.0M(173.0M)->0.0B(175.0M) Survivors: 3072.0K->22.0M Heap: 1314.0M(2048.0M)->1254.5M(2048.0M)]
 [Times: user=0.44 sys=0.00, real=0.11 secs] 
517.220: [GC pause (young), 0.0802588 secs]
   [Parallel Time: 78.9 ms, GC Workers: 4]
      [GC Worker Start (ms): Min: 517220.7, Avg: 517220.7, Max: 517220.7, Diff: 0.0]
      [Ext Root Scanning (ms): Min: 1.5, Avg: 1.5, Max: 1.6, Diff: 0.1, Sum: 6.0]
      [SATB Filtering (ms): Min: 0.0, Avg: 0.4, Max: 1.7, Diff: 1.7, Sum: 1.7]
      [Update RS (ms): Min: 21.8, Avg: 23.3, Max: 24.4, Diff: 2.6, Sum: 93.4]
         [Processed Buffers: Min: 146, Avg: 180.8, Max: 213, Diff: 67, Sum: 723]
      [Scan RS (ms): Min: 0.0, Avg: 0.1, Max: 0.2, Diff: 0.2, Sum: 0.6]
      [Object Copy (ms): Min: 52.3, Avg: 52.9, Max: 53.1, Diff: 0.7, Sum: 211.5]
      [Termination (ms): Min: 0.0, Avg: 0.0, Max: 0.0, Diff: 0.0, Sum: 0.0]
      [GC Worker Other (ms): Min: 0.0, Avg: 0.0, Max: 0.0, Diff: 0.0, Sum: 0.1]
      [GC Worker Total (ms): Min: 78.3, Avg: 78.3, Max: 78.3, Diff: 0.0, Sum: 313.2]
      [GC Worker End (ms): Min: 517299.0, Avg: 517299.0, Max: 517299.0, Diff: 0.0]
   [Code Root Fixup: 0.0 ms]
   [Clear CT: 0.1 ms]
   [Other: 1.3 ms]
      [Choose CSet: 0.0 ms]
      [Ref Proc: 0.0 ms]
      [Ref Enq: 0.0 ms]
      [Free CSet: 0.2 ms]
   [Eden: 175.0M(175.0M)->0.0B(228.0M) Survivors: 22.0M->25.0M Heap: 1429.5M(2048.0M)->1298.0M(2048.0M)]
 [Times: user=0.31 sys=0.00, real=0.08 secs] 
517.321: [GC concurrent-mark-end, 0.6707203 secs]
517.321: [GC remark 517.322: [GC ref-proc, 0.0016982 secs], 0.0036995 secs]
 [Times: user=0.00 sys=0.00, real=0.00 secs] 
517.325: [GC cleanup 1316M->522M(2048M), 0.0015305 secs]
 [Times: user=0.05 sys=0.00, real=0.00 secs] 
517.327: [GC concurrent-cleanup-start]
517.328: [GC concurrent-cleanup-end, 0.0009426 secs]
517.527: [GC pause (young), 0.1871749 secs]
   [Parallel Time: 185.2 ms, GC Workers: 4]
      [GC Worker Start (ms): Min: 517527.1, Avg: 517527.4, Max: 517527.9, Diff: 0.8]
      [Ext Root Scanning (ms): Min: 0.8, Avg: 1.3, Max: 1.5, Diff: 0.7, Sum: 5.2]
      [Update RS (ms): Min: 23.1, Avg: 23.2, Max: 23.2, Diff: 0.1, Sum: 92.7]
         [Processed Buffers: Min: 109, Avg: 130.8, Max: 151, Diff: 42, Sum: 523]
      [Scan RS (ms): Min: 0.1, Avg: 0.1, Max: 0.1, Diff: 0.0, Sum: 0.4]
      [Object Copy (ms): Min: 160.3, Avg: 160.4, Max: 160.5, Diff: 0.1, Sum: 641.6]
      [Termination (ms): Min: 0.0, Avg: 0.0, Max: 0.0, Diff: 0.0, Sum: 0.0]
      [GC Worker Other (ms): Min: 0.0, Avg: 0.0, Max: 0.0, Diff: 0.0, Sum: 0.1]
      [GC Worker Total (ms): Min: 184.4, Avg: 185.0, Max: 185.2, Diff: 0.8, Sum: 740.0]
      [GC Worker End (ms): Min: 517712.3, Avg: 517712.3, Max: 517712.4, Diff: 0.0]
   [Code Root Fixup: 0.0 ms]
   [Clear CT: 0.1 ms]
   [Other: 1.8 ms]
      [Choose CSet: 0.0 ms]
      [Ref Proc: 0.0 ms]
      [Ref Enq: 0.0 ms]
      [Free CSet: 0.2 ms]
   [Eden: 228.0M(228.0M)->0.0B(188.0M) Survivors: 25.0M->32.0M Heap: 732.0M(2048.0M)->680.5M(2048.0M)]
 [Times: user=0.72 sys=0.00, real=0.19 secs] 
518.014: [GC pause (young), 0.1651517 secs]
   [Parallel Time: 162.4 ms, GC Workers: 4]
      [GC Worker Start (ms): Min: 518014.0, Avg: 518017.5, Max: 518020.6, Diff: 6.6]
      [Ext Root Scanning (ms): Min: 0.0, Avg: 1.3, Max: 2.9, Diff: 2.8, Sum: 5.0]
      [Update RS (ms): Min: 12.7, Avg: 14.5, Max: 16.1, Diff: 3.5, Sum: 57.8]
         [Processed Buffers: Min: 110, Avg: 176.5, Max: 216, Diff: 106, Sum: 706]
      [Scan RS (ms): Min: 6.1, Avg: 6.2, Max: 6.3, Diff: 0.1, Sum: 24.8]
      [Object Copy (ms): Min: 136.8, Avg: 137.0, Max: 137.2, Diff: 0.4, Sum: 547.9]
      [Termination (ms): Min: 0.0, Avg: 0.0, Max: 0.0, Diff: 0.0, Sum: 0.0]
      [GC Worker Other (ms): Min: 0.0, Avg: 0.0, Max: 0.0, Diff: 0.0, Sum: 0.1]
      [GC Worker Total (ms): Min: 155.8, Avg: 158.9, Max: 162.4, Diff: 6.6, Sum: 635.6]
      [GC Worker End (ms): Min: 518176.4, Avg: 518176.4, Max: 518176.4, Diff: 0.0]
   [Code Root Fixup: 0.0 ms]
   [Clear CT: 0.5 ms]
   [Other: 2.2 ms]
      [Choose CSet: 0.0 ms]
      [Ref Proc: 0.1 ms]
      [Ref Enq: 0.0 ms]
      [Free CSet: 0.2 ms]
   [Eden: 188.0M(188.0M)->0.0B(171.0M) Survivors: 32.0M->28.0M Heap: 868.5M(2048.0M)->806.0M(2048.0M)]
 [Times: user=0.51 sys=0.00, real=0.16 secs] 
518.409: [GC pause (young), 0.0753255 secs]
   [Parallel Time: 74.3 ms, GC Workers: 4]
      [GC Worker Start (ms): Min: 518409.8, Avg: 518415.9, Max: 518432.6, Diff: 22.8]
      [Ext Root Scanning (ms): Min: 0.1, Avg: 1.3, Max: 2.1, Diff: 2.0, Sum: 5.2]
      [Update RS (ms): Min: 0.0, Avg: 17.0, Max: 25.5, Diff: 25.5, Sum: 68.1]
         [Processed Buffers: Min: 0, Avg: 101.3, Max: 139, Diff: 139, Sum: 405]
      [Scan RS (ms): Min: 0.0, Avg: 0.4, Max: 0.7, Diff: 0.7, Sum: 1.4]
      [Object Copy (ms): Min: 46.5, Avg: 49.4, Max: 50.7, Diff: 4.3, Sum: 197.8]
      [Termination (ms): Min: 0.0, Avg: 0.0, Max: 0.0, Diff: 0.0, Sum: 0.0]
      [GC Worker Other (ms): Min: 0.0, Avg: 0.0, Max: 0.0, Diff: 0.0, Sum: 0.1]
      [GC Worker Total (ms): Min: 51.4, Avg: 68.1, Max: 74.2, Diff: 22.8, Sum: 272.6]
      [GC Worker End (ms): Min: 518484.0, Avg: 518484.0, Max: 518484.0, Diff: 0.0]
   [Code Root Fixup: 0.0 ms]
   [Clear CT: 0.1 ms]
   [Other: 1.0 ms]
      [Choose CSet: 0.0 ms]
      [Ref Proc: 0.0 ms]
      [Ref Enq: 0.0 ms]
      [Free CSet: 0.2 ms]
   [Eden: 171.0M(171.0M)->0.0B(238.0M) Survivors: 28.0M->19.0M Heap: 977.0M(2048.0M)->826.0M(2048.0M)]
 [Times: user=0.20 sys=0.00, real=0.07 secs] 
518.721: [GC pause (young), 0.2087577 secs]
   [Parallel Time: 207.0 ms, GC Workers: 4]
      [GC Worker Start (ms): Min: 518721.4, Avg: 518721.4, Max: 518721.4, Diff: 0.0]
      [Ext Root Scanning (ms): Min: 1.2, Avg: 1.2, Max: 1.3, Diff: 0.1, Sum: 4.9]
      [Update RS (ms): Min: 19.7, Avg: 19.7, Max: 19.7, Diff: 0.0, Sum: 78.8]
         [Processed Buffers: Min: 177, Avg: 224.0, Max: 269, Diff: 92, Sum: 896]
      [Scan RS (ms): Min: 0.1, Avg: 0.1, Max: 0.1, Diff: 0.0, Sum: 0.3]
      [Object Copy (ms): Min: 186.0, Avg: 186.0, Max: 186.0, Diff: 0.0, Sum: 743.9]
      [Termination (ms): Min: 0.0, Avg: 0.0, Max: 0.0, Diff: 0.0, Sum: 0.0]
      [GC Worker Other (ms): Min: 0.0, Avg: 0.0, Max: 0.0, Diff: 0.0, Sum: 0.1]
      [GC Worker Total (ms): Min: 207.0, Avg: 207.0, Max: 207.0, Diff: 0.0, Sum: 827.9]
      [GC Worker End (ms): Min: 518928.4, Avg: 518928.4, Max: 518928.4, Diff: 0.0]
   [Code Root Fixup: 0.0 ms]
   [Clear CT: 0.1 ms]
   [Other: 1.7 ms]
      [Choose CSet: 0.0 ms]
      [Ref Proc: 0.0 ms]
      [Ref Enq: 0.0 ms]
      [Free CSet: 0.2 ms]
   [Eden: 238.0M(238.0M)->0.0B(182.0M) Survivors: 19.0M->33.0M Heap: 1064.0M(2048.0M)->1024.0M(2048.0M)]
 [Times: user=0.72 sys=0.00, real=0.21 secs] 
519.139: [GC pause (young) (initial-mark), 0.0952448 secs]
   [Parallel Time: 93.4 ms, GC Workers: 4]
      [GC Worker Start (ms): Min: 519139.6, Avg: 519139.6, Max: 519139.7, Diff: 0.1]
      [Ext Root Scanning (ms): Min: 1.2, Avg: 1.2, Max: 1.2, Diff: 0.1, Sum: 4.9]
      [Update RS (ms): Min: 24.9, Avg: 25.4, Max: 26.2, Diff: 1.3, Sum: 101.7]
         [Processed Buffers: Min: 146, Avg: 229.8, Max: 412, Diff: 266, Sum: 919]
      [Scan RS (ms): Min: 2.0, Avg: 2.8, Max: 3.4, Diff: 1.4, Sum: 11.2]
      [Object Copy (ms): Min: 63.8, Avg: 63.9, Max: 63.9, Diff: 0.1, Sum: 255.5]
      [Termination (ms): Min: 0.0, Avg: 0.0, Max: 0.0, Diff: 0.0, Sum: 0.0]
      [GC Worker Other (ms): Min: 0.0, Avg: 0.0, Max: 0.0, Diff: 0.0, Sum: 0.1]
      [GC Worker Total (ms): Min: 93.3, Avg: 93.3, Max: 93.4, Diff: 0.1, Sum: 373.3]
      [GC Worker End (ms): Min: 519232.9, Avg: 519232.9, Max: 519232.9, Diff: 0.0]
   [Code Root Fixup: 0.0 ms]
   [Clear CT: 0.1 ms]
   [Other: 1.7 ms]
      [Choose CSet: 0.0 ms]
      [Ref Proc: 0.0 ms]
      [Ref Enq: 0.0 ms]
      [Free CSet: 0.2 ms]
   [Eden: 182.0M(182.0M)->0.0B(241.0M) Survivors: 33.0M->27.0M Heap: 1206.0M(2048.0M)->1067.5M(2048.0M)]
 [Times: user=0.36 sys=0.00, real=0.10 secs] 
519.235: [GC concurrent-root-region-scan-start]
519.263: [GC concurrent-root-region-scan-end, 0.0286634 secs]
519.263: [GC concurrent-mark-start]
519.466: [GC pause (young), 0.0992448 secs]
   [Parallel Time: 97.9 ms, GC Workers: 4]
      [GC Worker Start (ms): Min: 519466.6, Avg: 519466.6, Max: 519466.6, Diff: 0.0]
      [Ext Root Scanning (ms): Min: 1.2, Avg: 1.2, Max: 1.2, Diff: 0.0, Sum: 4.9]
      [SATB Filtering (ms): Min: 0.0, Avg: 0.8, Max: 3.0, Diff: 3.0, Sum: 3.0]
      [Update RS (ms): Min: 13.3, Avg: 15.6, Max: 16.3, Diff: 3.0, Sum: 62.2]
         [Processed Buffers: Min: 93, Avg: 110.5, Max: 126, Diff: 33, Sum: 442]
      [Scan RS (ms): Min: 0.3, Avg: 0.3, Max: 0.3, Diff: 0.0, Sum: 1.3]
      [Object Copy (ms): Min: 78.8, Avg: 79.1, Max: 80.0, Diff: 1.3, Sum: 316.3]
      [Termination (ms): Min: 0.0, Avg: 1.0, Max: 1.3, Diff: 1.3, Sum: 3.8]
      [GC Worker Other (ms): Min: 0.0, Avg: 0.0, Max: 0.0, Diff: 0.0, Sum: 0.0]
      [GC Worker Total (ms): Min: 97.9, Avg: 97.9, Max: 97.9, Diff: 0.0, Sum: 391.6]
      [GC Worker End (ms): Min: 519564.6, Avg: 519564.6, Max: 519564.6, Diff: 0.0]
   [Code Root Fixup: 0.0 ms]
   [Clear CT: 0.1 ms]
   [Other: 1.2 ms]
      [Choose CSet: 0.0 ms]
      [Ref Proc: 0.0 ms]
      [Ref Enq: 0.0 ms]
      [Free CSet: 0.2 ms]
   [Eden: 241.0M(241.0M)->0.0B(328.0M) Survivors: 27.0M->34.0M Heap: 1308.5M(2048.0M)->1141.0M(2048.0M)]
 [Times: user=0.38 sys=0.00, real=0.10 secs] 
519.770: [GC concurrent-mark-end, 0.5066546 secs]
519.770: [GC remark 519.771: [GC ref-proc, 0.0017088 secs], 0.0041572 secs]
 [Times: user=0.00 sys=0.00, real=0.01 secs] 
519.775: [GC cleanup 1368M->713M(2048M), 0.0011992 secs]
 [Times: user=0.06 sys=0.00, real=0.00 secs] 
519.776: [GC concurrent-cleanup-start]
519.777: [GC concurrent-cleanup-end, 0.0007229 secs]
519.882: [GC pause (young), 0.2509452 secs]
   [Parallel Time: 248.7 ms, GC Workers: 4]
      [GC Worker Start (ms): Min: 519882.2, Avg: 519882.2, Max: 519882.3, Diff: 0.0]
      [Ext Root Scanning (ms): Min: 1.4, Avg: 1.5, Max: 1.7, Diff: 0.3, Sum: 6.0]
      [Update RS (ms): Min: 27.4, Avg: 27.5, Max: 27.6, Diff: 0.2, Sum: 109.9]
         [Processed Buffers: Min: 142, Avg: 144.5, Max: 148, Diff: 6, Sum: 578]
      [Scan RS (ms): Min: 0.0, Avg: 0.1, Max: 0.1, Diff: 0.1, Sum: 0.3]
      [Object Copy (ms): Min: 219.5, Avg: 219.5, Max: 219.6, Diff: 0.1, Sum: 878.2]
      [Termination (ms): Min: 0.0, Avg: 0.0, Max: 0.0, Diff: 0.0, Sum: 0.0]
      [GC Worker Other (ms): Min: 0.0, Avg: 0.0, Max: 0.0, Diff: 0.0, Sum: 0.1]
      [GC Worker Total (ms): Min: 248.6, Avg: 248.6, Max: 248.6, Diff: 0.0, Sum: 994.5]
      [GC Worker End (ms): Min: 520130.9, Avg: 520130.9, Max: 520130.9, Diff: 0.0]
   [Code Root Fixup: 0.0 ms]
   [Clear CT: 0.1 ms]
   [Other: 2.2 ms]
      [Choose CSet: 0.0 ms]
      [Ref Proc: 0.0 ms]
      [Ref Enq: 0.0 ms]
      [Free CSet: 0.3 ms]
   [Eden: 328.0M(328.0M)->0.0B(203.0M) Survivors: 34.0M->46.0M Heap: 814.0M(2048.0M)->718.5M(2048.0M)]
 [Times: user=0.94 sys=0.00, real=0.25 secs] 
520.436: [GC pause (young), 0.1655693 secs]
   [Parallel Time: 163.4 ms, GC Workers: 4]
      [GC Worker Start (ms): Min: 520436.3, Avg: 520436.3, Max: 520436.3, Diff: 0.0]
      [Ext Root Scanning (ms): Min: 1.2, Avg: 1.2, Max: 1.2, Diff: 0.0, Sum: 5.0]
      [Update RS (ms): Min: 23.9, Avg: 25.2, Max: 27.2, Diff: 3.3, Sum: 100.7]
         [Processed Buffers: Min: 193, Avg: 218.3, Max: 272, Diff: 79, Sum: 873]
      [Scan RS (ms): Min: 5.2, Avg: 7.2, Max: 8.5, Diff: 3.3, Sum: 28.9]
      [Object Copy (ms): Min: 129.7, Avg: 129.8, Max: 129.8, Diff: 0.1, Sum: 519.1]
      [Termination (ms): Min: 0.0, Avg: 0.0, Max: 0.0, Diff: 0.0, Sum: 0.0]
      [GC Worker Other (ms): Min: 0.0, Avg: 0.0, Max: 0.0, Diff: 0.0, Sum: 0.1]
      [GC Worker Total (ms): Min: 163.4, Avg: 163.4, Max: 163.4, Diff: 0.0, Sum: 653.7]
      [GC Worker End (ms): Min: 520599.7, Avg: 520599.7, Max: 520599.7, Diff: 0.0]
   [Code Root Fixup: 0.0 ms]
   [Clear CT: 0.1 ms]
   [Other: 2.0 ms]
      [Choose CSet: 0.0 ms]
      [Ref Proc: 0.1 ms]
      [Ref Enq: 0.0 ms]
      [Free CSet: 0.2 ms]
   [Eden: 203.0M(203.0M)->0.0B(221.0M) Survivors: 46.0M->32.0M Heap: 921.5M(2048.0M)->827.5M(2048.0M)]
 [Times: user=0.59 sys=0.00, real=0.17 secs] 
520.913: [GC pause (young), 0.1675048 secs]
   [Parallel Time: 165.5 ms, GC Workers: 4]
      [GC Worker Start (ms): Min: 520912.9, Avg: 520912.9, Max: 520912.9, Diff: 0.0]
      [Ext Root Scanning (ms): Min: 1.2, Avg: 1.3, Max: 1.3, Diff: 0.0, Sum: 5.1]
      [Update RS (ms): Min: 14.5, Avg: 14.6, Max: 14.8, Diff: 0.3, Sum: 58.4]
         [Processed Buffers: Min: 140, Avg: 189.5, Max: 273, Diff: 133, Sum: 758]
      [Scan RS (ms): Min: 2.3, Avg: 2.5, Max: 2.6, Diff: 0.3, Sum: 10.2]
      [Object Copy (ms): Min: 147.1, Avg: 147.1, Max: 147.1, Diff: 0.0, Sum: 588.4]
      [Termination (ms): Min: 0.0, Avg: 0.0, Max: 0.0, Diff: 0.0, Sum: 0.0]
      [GC Worker Other (ms): Min: 0.0, Avg: 0.0, Max: 0.0, Diff: 0.0, Sum: 0.1]
      [GC Worker Total (ms): Min: 165.5, Avg: 165.5, Max: 165.5, Diff: 0.0, Sum: 662.1]
      [GC Worker End (ms): Min: 521078.4, Avg: 521078.4, Max: 521078.4, Diff: 0.0]
   [Code Root Fixup: 0.0 ms]
   [Clear CT: 0.1 ms]
   [Other: 1.8 ms]
      [Choose CSet: 0.0 ms]
      [Ref Proc: 0.1 ms]
      [Ref Enq: 0.0 ms]
      [Free CSet: 0.2 ms]
   [Eden: 221.0M(221.0M)->0.0B(223.0M) Survivors: 32.0M->32.0M Heap: 1048.5M(2048.0M)->982.0M(2048.0M)]
 [Times: user=0.67 sys=0.00, real=0.17 secs] 
521.379: [GC pause (young) (initial-mark), 0.1598531 secs]
   [Parallel Time: 157.8 ms, GC Workers: 4]
      [GC Worker Start (ms): Min: 521379.0, Avg: 521379.0, Max: 521379.0, Diff: 0.0]
      [Ext Root Scanning (ms): Min: 0.2, Avg: 1.2, Max: 1.7, Diff: 1.4, Sum: 4.9]
      [Update RS (ms): Min: 5.9, Avg: 23.2, Max: 30.4, Diff: 24.5, Sum: 92.6]
         [Processed Buffers: Min: 71, Avg: 203.0, Max: 277, Diff: 206, Sum: 812]
      [Scan RS (ms): Min: 0.0, Avg: 0.2, Max: 0.3, Diff: 0.2, Sum: 0.6]
      [Object Copy (ms): Min: 125.9, Avg: 133.2, Max: 151.6, Diff: 25.7, Sum: 532.8]
      [Termination (ms): Min: 0.0, Avg: 0.0, Max: 0.0, Diff: 0.0, Sum: 0.0]
      [GC Worker Other (ms): Min: 0.0, Avg: 0.0, Max: 0.0, Diff: 0.0, Sum: 0.1]
      [GC Worker Total (ms): Min: 157.8, Avg: 157.8, Max: 157.8, Diff: 0.0, Sum: 631.1]
      [GC Worker End (ms): Min: 521536.8, Avg: 521536.8, Max: 521536.8, Diff: 0.0]
   [Code Root Fixup: 0.0 ms]
   [Clear CT: 0.2 ms]
   [Other: 1.9 ms]
      [Choose CSet: 0.0 ms]
      [Ref Proc: 0.1 ms]
      [Ref Enq: 0.0 ms]
      [Free CSet: 0.2 ms]
   [Eden: 223.0M(223.0M)->0.0B(227.0M) Survivors: 32.0M->32.0M Heap: 1205.0M(2048.0M)->1101.5M(2048.0M)]
 [Times: user=0.56 sys=0.00, real=0.16 secs] 
521.539: [GC concurrent-root-region-scan-start]
521.607: [GC concurrent-root-region-scan-end, 0.0680647 secs]
521.607: [GC concurrent-mark-start]
521.783: [GC pause (young), 0.0783694 secs]
   [Parallel Time: 76.5 ms, GC Workers: 4]
      [GC Worker Start (ms): Min: 521784.0, Avg: 521787.7, Max: 521799.1, Diff: 15.1]
      [Ext Root Scanning (ms): Min: 0.1, Avg: 1.3, Max: 1.7, Diff: 1.6, Sum: 5.2]
      [SATB Filtering (ms): Min: 0.0, Avg: 0.3, Max: 1.3, Diff: 1.3, Sum: 1.3]
      [Update RS (ms): Min: 8.4, Avg: 16.8, Max: 19.9, Diff: 11.5, Sum: 67.2]
         [Processed Buffers: Min: 130, Avg: 196.3, Max: 235, Diff: 105, Sum: 785]
      [Scan RS (ms): Min: 2.7, Avg: 3.9, Max: 4.9, Diff: 2.2, Sum: 15.6]
      [Object Copy (ms): Min: 50.2, Avg: 50.4, Max: 50.4, Diff: 0.2, Sum: 201.5]
      [Termination (ms): Min: 0.0, Avg: 0.0, Max: 0.0, Diff: 0.0, Sum: 0.0]
      [GC Worker Other (ms): Min: 0.0, Avg: 0.0, Max: 0.0, Diff: 0.0, Sum: 0.1]
      [GC Worker Total (ms): Min: 61.4, Avg: 72.7, Max: 76.5, Diff: 15.1, Sum: 290.9]
      [GC Worker End (ms): Min: 521860.5, Avg: 521860.5, Max: 521860.5, Diff: 0.0]
   [Code Root Fixup: 0.0 ms]
   [Clear CT: 0.2 ms]
   [Other: 1.6 ms]
      [Choose CSet: 0.0 ms]
      [Ref Proc: 0.2 ms]
      [Ref Enq: 0.0 ms]
      [Free CSet: 0.3 ms]
   [Eden: 227.0M(227.0M)->0.0B(301.0M) Survivors: 32.0M->30.0M Heap: 1328.5M(2048.0M)->1132.0M(2048.0M)]
 [Times: user=0.30 sys=0.00, real=0.08 secs] 
522.124: [GC pause (young), 0.0950825 secs]
   [Parallel Time: 92.8 ms, GC Workers: 4]
      [GC Worker Start (ms): Min: 522124.1, Avg: 522125.4, Max: 522126.8, Diff: 2.7]
      [Ext Root Scanning (ms): Min: 0.1, Avg: 1.3, Max: 2.5, Diff: 2.4, Sum: 5.1]
      [SATB Filtering (ms): Min: 0.0, Avg: 0.7, Max: 2.8, Diff: 2.8, Sum: 2.8]
      [Update RS (ms): Min: 13.3, Avg: 15.3, Max: 16.0, Diff: 2.7, Sum: 61.1]
         [Processed Buffers: Min: 93, Avg: 115.0, Max: 137, Diff: 44, Sum: 460]
      [Scan RS (ms): Min: 0.1, Avg: 0.1, Max: 0.2, Diff: 0.1, Sum: 0.5]
      [Object Copy (ms): Min: 73.9, Avg: 74.0, Max: 74.1, Diff: 0.2, Sum: 296.1]
      [Termination (ms): Min: 0.0, Avg: 0.0, Max: 0.0, Diff: 0.0, Sum: 0.0]
      [GC Worker Other (ms): Min: 0.0, Avg: 0.0, Max: 0.0, Diff: 0.0, Sum: 0.1]
      [GC Worker Total (ms): Min: 90.1, Avg: 91.4, Max: 92.8, Diff: 2.7, Sum: 365.7]
      [GC Worker End (ms): Min: 522216.9, Avg: 522216.9, Max: 522216.9, Diff: 0.0]
   [Code Root Fixup: 0.0 ms]
   [Clear CT: 0.7 ms]
   [Other: 1.5 ms]
      [Choose CSet: 0.0 ms]
      [Ref Proc: 0.6 ms]
      [Ref Enq: 0.0 ms]
      [Free CSet: 0.2 ms]
   [Eden: 301.0M(301.0M)->0.0B(322.0M) Survivors: 30.0M->42.0M Heap: 1433.0M(2048.0M)->1198.5M(2048.0M)]
 [Times: user=0.37 sys=0.00, real=0.10 secs] 
522.316: [GC concurrent-mark-end, 0.7076817 secs]
522.319: [GC remark 522.319: [GC ref-proc, 0.0017611 secs], 0.0037707 secs]
 [Times: user=0.00 sys=0.00, real=0.00 secs] 
522.323: [GC cleanup 1319M->726M(2048M), 0.0016007 secs]
 [Times: user=0.00 sys=0.00, real=0.00 secs] 
522.325: [GC concurrent-cleanup-start]
522.326: [GC concurrent-cleanup-end, 0.0008746 secs]
522.509: [GC pause (young), 0.1782069 secs]
   [Parallel Time: 175.7 ms, GC Workers: 4]
      [GC Worker Start (ms): Min: 522509.3, Avg: 522509.3, Max: 522509.3, Diff: 0.0]
      [Ext Root Scanning (ms): Min: 1.3, Avg: 1.3, Max: 1.3, Diff: 0.0, Sum: 5.1]
      [Update RS (ms): Min: 20.6, Avg: 20.7, Max: 20.8, Diff: 0.2, Sum: 82.9]
         [Processed Buffers: Min: 104, Avg: 106.5, Max: 109, Diff: 5, Sum: 426]
      [Scan RS (ms): Min: 0.0, Avg: 0.1, Max: 0.2, Diff: 0.1, Sum: 0.3]
      [Object Copy (ms): Min: 153.5, Avg: 153.5, Max: 153.6, Diff: 0.0, Sum: 614.2]
      [Termination (ms): Min: 0.0, Avg: 0.0, Max: 0.0, Diff: 0.0, Sum: 0.0]
      [GC Worker Other (ms): Min: 0.0, Avg: 0.0, Max: 0.0, Diff: 0.0, Sum: 0.1]
      [GC Worker Total (ms): Min: 175.6, Avg: 175.6, Max: 175.6, Diff: 0.0, Sum: 702.5]
      [GC Worker End (ms): Min: 522684.9, Avg: 522684.9, Max: 522684.9, Diff: 0.0]
   [Code Root Fixup: 0.0 ms]
   [Clear CT: 0.1 ms]
   [Other: 2.5 ms]
      [Choose CSet: 0.0 ms]
      [Ref Proc: 1.0 ms]
      [Ref Enq: 0.0 ms]
      [Free CSet: 0.2 ms]
   [Eden: 322.0M(322.0M)->0.0B(56.0M) Survivors: 42.0M->46.0M Heap: 927.5M(2048.0M)->748.5M(2048.0M)]
 [Times: user=0.69 sys=0.00, real=0.18 secs] 
522.789: [GC pause (mixed), 0.0708858 secs]
   [Parallel Time: 69.3 ms, GC Workers: 4]
      [GC Worker Start (ms): Min: 522789.7, Avg: 522789.7, Max: 522789.7, Diff: 0.0]
      [Ext Root Scanning (ms): Min: 1.3, Avg: 1.3, Max: 1.3, Diff: 0.0, Sum: 5.2]
      [Update RS (ms): Min: 22.0, Avg: 22.0, Max: 22.0, Diff: 0.0, Sum: 88.0]
         [Processed Buffers: Min: 117, Avg: 119.8, Max: 124, Diff: 7, Sum: 479]
      [Scan RS (ms): Min: 1.1, Avg: 1.1, Max: 1.2, Diff: 0.1, Sum: 4.4]
      [Object Copy (ms): Min: 44.8, Avg: 44.9, Max: 44.9, Diff: 0.1, Sum: 179.5]
      [Termination (ms): Min: 0.0, Avg: 0.0, Max: 0.0, Diff: 0.0, Sum: 0.0]
      [GC Worker Other (ms): Min: 0.0, Avg: 0.0, Max: 0.0, Diff: 0.0, Sum: 0.1]
      [GC Worker Total (ms): Min: 69.3, Avg: 69.3, Max: 69.3, Diff: 0.0, Sum: 277.2]
      [GC Worker End (ms): Min: 522859.0, Avg: 522859.0, Max: 522859.0, Diff: 0.0]
   [Code Root Fixup: 0.0 ms]
   [Clear CT: 0.2 ms]
   [Other: 1.4 ms]
      [Choose CSet: 0.0 ms]
      [Ref Proc: 0.1 ms]
      [Ref Enq: 0.0 ms]
      [Free CSet: 0.4 ms]
   [Eden: 56.0M(56.0M)->0.0B(472.0M) Survivors: 46.0M->5120.0K Heap: 804.5M(2048.0M)->710.5M(2048.0M)]
 [Times: user=0.25 sys=0.00, real=0.07 secs] 
523.319: [GC pause (young), 0.2375997 secs]
   [Parallel Time: 233.9 ms, GC Workers: 4]
      [GC Worker Start (ms): Min: 523319.7, Avg: 523319.7, Max: 523319.7, Diff: 0.0]
      [Ext Root Scanning (ms): Min: 1.2, Avg: 1.3, Max: 1.3, Diff: 0.0, Sum: 5.0]
      [Update RS (ms): Min: 13.6, Avg: 13.8, Max: 14.2, Diff: 0.7, Sum: 55.0]
         [Processed Buffers: Min: 160, Avg: 245.8, Max: 307, Diff: 147, Sum: 983]
      [Scan RS (ms): Min: 0.0, Avg: 0.1, Max: 0.2, Diff: 0.2, Sum: 0.5]
      [Object Copy (ms): Min: 218.4, Avg: 218.7, Max: 218.9, Diff: 0.5, Sum: 875.0]
      [Termination (ms): Min: 0.0, Avg: 0.0, Max: 0.0, Diff: 0.0, Sum: 0.0]
      [GC Worker Other (ms): Min: 0.0, Avg: 0.0, Max: 0.0, Diff: 0.0, Sum: 0.1]
      [GC Worker Total (ms): Min: 233.9, Avg: 233.9, Max: 233.9, Diff: 0.0, Sum: 935.6]
      [GC Worker End (ms): Min: 523553.6, Avg: 523553.6, Max: 523553.6, Diff: 0.0]
   [Code Root Fixup: 0.0 ms]
   [Clear CT: 0.9 ms]
   [Other: 2.8 ms]
      [Choose CSet: 0.0 ms]
      [Ref Proc: 0.5 ms]
      [Ref Enq: 0.0 ms]
      [Free CSet: 0.3 ms]
   [Eden: 472.0M(472.0M)->0.0B(199.0M) Survivors: 5120.0K->60.0M Heap: 1182.5M(2048.0M)->975.0M(2048.0M)]
 [Times: user=0.91 sys=0.00, real=0.24 secs] 
523.860: [GC pause (young), 0.2139678 secs]
   [Parallel Time: 210.6 ms, GC Workers: 4]
      [GC Worker Start (ms): Min: 523860.0, Avg: 523860.1, Max: 523860.1, Diff: 0.0]
      [Ext Root Scanning (ms): Min: 1.3, Avg: 1.4, Max: 1.9, Diff: 0.6, Sum: 5.7]
      [Update RS (ms): Min: 16.2, Avg: 16.4, Max: 16.5, Diff: 0.3, Sum: 65.8]
         [Processed Buffers: Min: 197, Avg: 238.5, Max: 301, Diff: 104, Sum: 954]
      [Scan RS (ms): Min: 23.7, Avg: 24.0, Max: 24.1, Diff: 0.4, Sum: 96.0]
      [Object Copy (ms): Min: 168.7, Avg: 168.7, Max: 168.7, Diff: 0.1, Sum: 674.8]
      [Termination (ms): Min: 0.0, Avg: 0.0, Max: 0.0, Diff: 0.0, Sum: 0.0]
      [GC Worker Other (ms): Min: 0.0, Avg: 0.0, Max: 0.0, Diff: 0.0, Sum: 0.1]
      [GC Worker Total (ms): Min: 210.6, Avg: 210.6, Max: 210.6, Diff: 0.0, Sum: 842.4]
      [GC Worker End (ms): Min: 524070.6, Avg: 524070.6, Max: 524070.6, Diff: 0.0]
   [Code Root Fixup: 0.0 ms]
   [Clear CT: 0.2 ms]
   [Other: 3.2 ms]
      [Choose CSet: 0.0 ms]
      [Ref Proc: 0.6 ms]
      [Ref Enq: 0.0 ms]
      [Free CSet: 0.2 ms]
   [Eden: 199.0M(199.0M)->0.0B(69.0M) Survivors: 60.0M->33.0M Heap: 1174.0M(2048.0M)->1110.5M(2048.0M)]
 [Times: user=0.83 sys=0.00, real=0.21 secs] 
524.275: [GC pause (young) (initial-mark), 0.0592594 secs]
   [Parallel Time: 58.2 ms, GC Workers: 4]
      [GC Worker Start (ms): Min: 524275.6, Avg: 524275.6, Max: 524275.6, Diff: 0.0]
      [Ext Root Scanning (ms): Min: 1.2, Avg: 1.2, Max: 1.3, Diff: 0.0, Sum: 5.0]
      [Update RS (ms): Min: 24.0, Avg: 24.0, Max: 24.0, Diff: 0.0, Sum: 96.0]
         [Processed Buffers: Min: 137, Avg: 139.8, Max: 143, Diff: 6, Sum: 559]
      [Scan RS (ms): Min: 2.3, Avg: 2.3, Max: 2.3, Diff: 0.1, Sum: 9.1]
      [Object Copy (ms): Min: 30.6, Avg: 30.7, Max: 30.7, Diff: 0.1, Sum: 122.6]
      [Termination (ms): Min: 0.0, Avg: 0.0, Max: 0.0, Diff: 0.0, Sum: 0.0]
      [GC Worker Other (ms): Min: 0.0, Avg: 0.0, Max: 0.0, Diff: 0.0, Sum: 0.1]
      [GC Worker Total (ms): Min: 58.2, Avg: 58.2, Max: 58.2, Diff: 0.0, Sum: 232.8]
      [GC Worker End (ms): Min: 524333.8, Avg: 524333.8, Max: 524333.8, Diff: 0.0]
   [Code Root Fixup: 0.0 ms]
   [Clear CT: 0.1 ms]
   [Other: 1.0 ms]
      [Choose CSet: 0.0 ms]
      [Ref Proc: 0.0 ms]
      [Ref Enq: 0.0 ms]
      [Free CSet: 0.2 ms]
   [Eden: 69.0M(69.0M)->0.0B(132.0M) Survivors: 33.0M->4096.0K Heap: 1179.5M(2048.0M)->1115.5M(2048.0M)]
 [Times: user=0.25 sys=0.00, real=0.06 secs] 
524.336: [GC concurrent-root-region-scan-start]
524.340: [GC concurrent-root-region-scan-end, 0.0044105 secs]
524.340: [GC concurrent-mark-start]
524.454: [GC pause (young), 0.0455043 secs]
   [Parallel Time: 43.7 ms, GC Workers: 4]
      [GC Worker Start (ms): Min: 524454.4, Avg: 524454.5, Max: 524454.5, Diff: 0.0]
      [Ext Root Scanning (ms): Min: 1.2, Avg: 1.2, Max: 1.3, Diff: 0.0, Sum: 5.0]
      [SATB Filtering (ms): Min: 0.0, Avg: 0.3, Max: 1.4, Diff: 1.4, Sum: 1.4]
      [Update RS (ms): Min: 12.9, Avg: 21.0, Max: 42.3, Diff: 29.4, Sum: 83.9]
         [Processed Buffers: Min: 138, Avg: 221.3, Max: 259, Diff: 121, Sum: 885]
      [Scan RS (ms): Min: 0.0, Avg: 0.0, Max: 0.0, Diff: 0.0, Sum: 0.1]
      [Object Copy (ms): Min: 0.1, Avg: 19.7, Max: 26.2, Diff: 26.1, Sum: 78.7]
      [Termination (ms): Min: 0.0, Avg: 1.4, Max: 1.9, Diff: 1.9, Sum: 5.6]
      [GC Worker Other (ms): Min: 0.0, Avg: 0.0, Max: 0.0, Diff: 0.0, Sum: 0.0]
      [GC Worker Total (ms): Min: 43.7, Avg: 43.7, Max: 43.7, Diff: 0.0, Sum: 174.7]
      [GC Worker End (ms): Min: 524498.1, Avg: 524498.1, Max: 524498.1, Diff: 0.0]
   [Code Root Fixup: 0.0 ms]
   [Clear CT: 0.0 ms]
   [Other: 1.8 ms]
      [Choose CSet: 0.0 ms]
      [Ref Proc: 1.1 ms]
      [Ref Enq: 0.0 ms]
      [Free CSet: 0.1 ms]
   [Eden: 132.0M(132.0M)->0.0B(197.0M) Survivors: 4096.0K->17.0M Heap: 1247.5M(2048.0M)->1137.5M(2048.0M)]
 [Times: user=0.16 sys=0.00, real=0.05 secs] 
524.674: [GC pause (young), 0.1275181 secs]
   [Parallel Time: 126.1 ms, GC Workers: 4]
      [GC Worker Start (ms): Min: 524674.0, Avg: 524674.0, Max: 524674.0, Diff: 0.0]
      [Ext Root Scanning (ms): Min: 1.3, Avg: 1.3, Max: 1.3, Diff: 0.0, Sum: 5.1]
      [SATB Filtering (ms): Min: 0.0, Avg: 0.7, Max: 2.7, Diff: 2.7, Sum: 2.7]
      [Update RS (ms): Min: 1.6, Avg: 3.6, Max: 4.3, Diff: 2.7, Sum: 14.4]
         [Processed Buffers: Min: 34, Avg: 50.0, Max: 72, Diff: 38, Sum: 200]
      [Scan RS (ms): Min: 0.1, Avg: 0.1, Max: 0.1, Diff: 0.0, Sum: 0.2]
      [Object Copy (ms): Min: 120.5, Avg: 120.5, Max: 120.5, Diff: 0.0, Sum: 482.0]
      [Termination (ms): Min: 0.0, Avg: 0.0, Max: 0.0, Diff: 0.0, Sum: 0.0]
      [GC Worker Other (ms): Min: 0.0, Avg: 0.0, Max: 0.0, Diff: 0.0, Sum: 0.1]
      [GC Worker Total (ms): Min: 126.1, Avg: 126.1, Max: 126.1, Diff: 0.0, Sum: 504.4]
      [GC Worker End (ms): Min: 524800.1, Avg: 524800.1, Max: 524800.1, Diff: 0.0]
   [Code Root Fixup: 0.0 ms]
   [Clear CT: 0.1 ms]
   [Other: 1.3 ms]
      [Choose CSet: 0.0 ms]
      [Ref Proc: 0.0 ms]
      [Ref Enq: 0.0 ms]
      [Free CSet: 0.2 ms]
   [Eden: 197.0M(197.0M)->0.0B(193.0M) Survivors: 17.0M->27.0M Heap: 1334.5M(2048.0M)->1269.0M(2048.0M)]
 [Times: user=0.50 sys=0.00, real=0.13 secs] 
524.952: [GC concurrent-mark-end, 0.6118433 secs]
524.952: [GC remark 524.953: [GC ref-proc, 0.0017155 secs], 0.0036084 secs]
 [Times: user=0.02 sys=0.00, real=0.00 secs] 
524.957: [GC cleanup 1455M->679M(2048M), 0.0016148 secs]
 [Times: user=0.00 sys=0.00, real=0.00 secs] 
524.959: [GC concurrent-cleanup-start]
524.960: [GC concurrent-cleanup-end, 0.0010452 secs]
524.963: [GC pause (young), 0.0593562 secs]
   [Parallel Time: 58.1 ms, GC Workers: 4]
      [GC Worker Start (ms): Min: 524963.5, Avg: 524963.5, Max: 524963.5, Diff: 0.0]
      [Ext Root Scanning (ms): Min: 1.2, Avg: 1.3, Max: 1.3, Diff: 0.1, Sum: 5.1]
      [Update RS (ms): Min: 14.7, Avg: 14.8, Max: 14.8, Diff: 0.0, Sum: 59.1]
         [Processed Buffers: Min: 140, Avg: 159.8, Max: 185, Diff: 45, Sum: 639]
      [Scan RS (ms): Min: 6.0, Avg: 6.1, Max: 6.1, Diff: 0.1, Sum: 24.3]
      [Object Copy (ms): Min: 35.9, Avg: 36.0, Max: 36.1, Diff: 0.2, Sum: 144.0]
      [Termination (ms): Min: 0.0, Avg: 0.0, Max: 0.0, Diff: 0.0, Sum: 0.0]
      [GC Worker Other (ms): Min: 0.0, Avg: 0.0, Max: 0.0, Diff: 0.0, Sum: 0.1]
      [GC Worker Total (ms): Min: 58.1, Avg: 58.1, Max: 58.1, Diff: 0.0, Sum: 232.5]
      [GC Worker End (ms): Min: 525021.6, Avg: 525021.6, Max: 525021.6, Diff: 0.0]
   [Code Root Fixup: 0.0 ms]
   [Clear CT: 0.1 ms]
   [Other: 1.1 ms]
      [Choose CSet: 0.0 ms]
      [Ref Proc: 0.0 ms]
      [Ref Enq: 0.0 ms]
      [Free CSet: 0.2 ms]
   [Eden: 193.0M(193.0M)->0.0B(321.0M) Survivors: 27.0M->18.0M Heap: 686.0M(2048.0M)->512.0M(2048.0M)]
 [Times: user=0.25 sys=0.00, real=0.06 secs] 
525.337: [GC pause (young), 0.2034973 secs]
   [Parallel Time: 201.7 ms, GC Workers: 4]
      [GC Worker Start (ms): Min: 525337.7, Avg: 525337.7, Max: 525337.7, Diff: 0.0]
      [Ext Root Scanning (ms): Min: 1.2, Avg: 1.3, Max: 1.3, Diff: 0.0, Sum: 5.0]
      [Update RS (ms): Min: 15.8, Avg: 15.8, Max: 15.8, Diff: 0.0, Sum: 63.3]
         [Processed Buffers: Min: 131, Avg: 139.5, Max: 143, Diff: 12, Sum: 558]
      [Scan RS (ms): Min: 0.1, Avg: 0.1, Max: 0.2, Diff: 0.0, Sum: 0.6]
      [Object Copy (ms): Min: 184.1, Avg: 184.1, Max: 184.2, Diff: 0.1, Sum: 736.5]
      [Termination (ms): Min: 0.0, Avg: 0.0, Max: 0.0, Diff: 0.0, Sum: 0.0]
      [GC Worker Other (ms): Min: 0.0, Avg: 0.0, Max: 0.1, Diff: 0.1, Sum: 0.1]
      [GC Worker Total (ms): Min: 201.4, Avg: 201.4, Max: 201.4, Diff: 0.0, Sum: 805.5]
      [GC Worker End (ms): Min: 525539.0, Avg: 525539.0, Max: 525539.1, Diff: 0.1]
   [Code Root Fixup: 0.0 ms]
   [Clear CT: 0.1 ms]
   [Other: 1.7 ms]
      [Choose CSet: 0.0 ms]
      [Ref Proc: 0.0 ms]
      [Ref Enq: 0.0 ms]
      [Free CSet: 0.2 ms]
   [Eden: 321.0M(321.0M)->0.0B(218.0M) Survivors: 18.0M->43.0M Heap: 833.0M(2048.0M)->721.5M(2048.0M)]
 [Times: user=0.75 sys=0.00, real=0.20 secs] 
525.820: [GC pause (young), 0.1628085 secs]
   [Parallel Time: 159.4 ms, GC Workers: 4]
      [GC Worker Start (ms): Min: 525820.2, Avg: 525820.2, Max: 525820.2, Diff: 0.0]
      [Ext Root Scanning (ms): Min: 1.2, Avg: 1.2, Max: 1.3, Diff: 0.1, Sum: 4.9]
      [Update RS (ms): Min: 17.1, Avg: 17.1, Max: 17.2, Diff: 0.2, Sum: 68.6]
         [Processed Buffers: Min: 150, Avg: 204.3, Max: 284, Diff: 134, Sum: 817]
      [Scan RS (ms): Min: 12.8, Avg: 12.9, Max: 13.0, Diff: 0.1, Sum: 51.6]
      [Object Copy (ms): Min: 128.0, Avg: 128.1, Max: 128.1, Diff: 0.1, Sum: 512.4]
      [Termination (ms): Min: 0.0, Avg: 0.0, Max: 0.0, Diff: 0.0, Sum: 0.0]
      [GC Worker Other (ms): Min: 0.0, Avg: 0.0, Max: 0.0, Diff: 0.0, Sum: 0.1]
      [GC Worker Total (ms): Min: 159.4, Avg: 159.4, Max: 159.4, Diff: 0.0, Sum: 637.5]
      [GC Worker End (ms): Min: 525979.6, Avg: 525979.6, Max: 525979.6, Diff: 0.0]
   [Code Root Fixup: 0.0 ms]
   [Clear CT: 1.0 ms]
   [Other: 2.4 ms]
      [Choose CSet: 0.0 ms]
      [Ref Proc: 0.4 ms]
      [Ref Enq: 0.0 ms]
      [Free CSet: 0.2 ms]
   [Eden: 218.0M(218.0M)->0.0B(163.0M) Survivors: 43.0M->33.0M Heap: 939.5M(2048.0M)->831.0M(2048.0M)]
 [Times: user=0.59 sys=0.00, real=0.16 secs] 
526.210: [GC pause (young), 0.1286448 secs]
   [Parallel Time: 125.7 ms, GC Workers: 4]
      [GC Worker Start (ms): Min: 526209.9, Avg: 526209.9, Max: 526210.0, Diff: 0.0]
      [Ext Root Scanning (ms): Min: 0.2, Avg: 1.2, Max: 1.6, Diff: 1.4, Sum: 4.9]
      [Update RS (ms): Min: 25.1, Avg: 27.5, Max: 30.2, Diff: 5.1, Sum: 110.1]
         [Processed Buffers: Min: 209, Avg: 218.3, Max: 229, Diff: 20, Sum: 873]
      [Scan RS (ms): Min: 0.0, Avg: 0.2, Max: 0.2, Diff: 0.2, Sum: 0.7]
      [Object Copy (ms): Min: 94.1, Avg: 96.8, Max: 100.1, Diff: 6.1, Sum: 387.1]
      [Termination (ms): Min: 0.0, Avg: 0.0, Max: 0.0, Diff: 0.0, Sum: 0.0]
      [GC Worker Other (ms): Min: 0.0, Avg: 0.0, Max: 0.0, Diff: 0.0, Sum: 0.1]
      [GC Worker Total (ms): Min: 125.7, Avg: 125.7, Max: 125.7, Diff: 0.0, Sum: 502.9]
      [GC Worker End (ms): Min: 526335.7, Avg: 526335.7, Max: 526335.7, Diff: 0.0]
   [Code Root Fixup: 0.0 ms]
   [Clear CT: 1.4 ms]
   [Other: 1.5 ms]
      [Choose CSet: 0.0 ms]
      [Ref Proc: 0.2 ms]
      [Ref Enq: 0.0 ms]
      [Free CSet: 0.2 ms]
   [Eden: 163.0M(163.0M)->0.0B(231.0M) Survivors: 33.0M->25.0M Heap: 994.0M(2048.0M)->914.5M(2048.0M)]
 [Times: user=0.48 sys=0.00, real=0.13 secs] 
526.518: [GC pause (young), 0.0709515 secs]
   [Parallel Time: 69.8 ms, GC Workers: 4]
      [GC Worker Start (ms): Min: 526518.9, Avg: 526518.9, Max: 526518.9, Diff: 0.0]
      [Ext Root Scanning (ms): Min: 1.2, Avg: 1.2, Max: 1.3, Diff: 0.0, Sum: 5.0]
      [Update RS (ms): Min: 16.4, Avg: 16.7, Max: 17.5, Diff: 1.1, Sum: 66.7]
         [Processed Buffers: Min: 136, Avg: 170.5, Max: 201, Diff: 65, Sum: 682]
      [Scan RS (ms): Min: 0.0, Avg: 0.2, Max: 0.3, Diff: 0.2, Sum: 0.7]
      [Object Copy (ms): Min: 51.0, Avg: 51.7, Max: 51.9, Diff: 0.9, Sum: 206.6]
      [Termination (ms): Min: 0.0, Avg: 0.0, Max: 0.0, Diff: 0.0, Sum: 0.0]
      [GC Worker Other (ms): Min: 0.0, Avg: 0.0, Max: 0.0, Diff: 0.0, Sum: 0.1]
      [GC Worker Total (ms): Min: 69.8, Avg: 69.8, Max: 69.8, Diff: 0.0, Sum: 279.1]
      [GC Worker End (ms): Min: 526588.6, Avg: 526588.6, Max: 526588.6, Diff: 0.0]
   [Code Root Fixup: 0.0 ms]
   [Clear CT: 0.1 ms]
   [Other: 1.1 ms]
      [Choose CSet: 0.0 ms]
      [Ref Proc: 0.0 ms]
      [Ref Enq: 0.0 ms]
      [Free CSet: 0.2 ms]
   [Eden: 231.0M(231.0M)->0.0B(340.0M) Survivors: 25.0M->32.0M Heap: 1145.5M(2048.0M)->953.5M(2048.0M)]
 [Times: user=0.25 sys=0.00, real=0.07 secs] 
526.935: [GC pause (young) (initial-mark), 0.2778074 secs]
   [Parallel Time: 275.2 ms, GC Workers: 4]
      [GC Worker Start (ms): Min: 526935.6, Avg: 526935.7, Max: 526935.7, Diff: 0.0]
      [Ext Root Scanning (ms): Min: 1.5, Avg: 1.8, Max: 2.4, Diff: 0.9, Sum: 7.1]
      [Update RS (ms): Min: 17.3, Avg: 17.5, Max: 17.7, Diff: 0.4, Sum: 70.2]
         [Processed Buffers: Min: 94, Avg: 98.0, Max: 101, Diff: 7, Sum: 392]
      [Scan RS (ms): Min: 0.0, Avg: 0.1, Max: 0.1, Diff: 0.1, Sum: 0.3]
      [Object Copy (ms): Min: 254.5, Avg: 255.1, Max: 255.8, Diff: 1.3, Sum: 1020.3]
      [Termination (ms): Min: 0.0, Avg: 0.7, Max: 0.9, Diff: 0.9, Sum: 2.7]
      [GC Worker Other (ms): Min: 0.0, Avg: 0.0, Max: 0.0, Diff: 0.0, Sum: 0.0]
      [GC Worker Total (ms): Min: 275.1, Avg: 275.2, Max: 275.2, Diff: 0.0, Sum: 1100.6]
      [GC Worker End (ms): Min: 527210.8, Avg: 527210.8, Max: 527210.8, Diff: 0.0]
   [Code Root Fixup: 0.0 ms]
   [Clear CT: 0.1 ms]
   [Other: 2.5 ms]
      [Choose CSet: 0.0 ms]
      [Ref Proc: 0.0 ms]
      [Ref Enq: 0.0 ms]
      [Free CSet: 0.2 ms]
   [Eden: 340.0M(340.0M)->0.0B(207.0M) Survivors: 32.0M->47.0M Heap: 1293.5M(2048.0M)->1236.5M(2048.0M)]
 [Times: user=1.08 sys=0.00, real=0.28 secs] 
527.213: [GC concurrent-root-region-scan-start]
527.295: [GC concurrent-root-region-scan-end, 0.0812694 secs]
527.295: [GC concurrent-mark-start]
527.514: [GC pause (young), 0.1102859 secs]
   [Parallel Time: 108.1 ms, GC Workers: 4]
      [GC Worker Start (ms): Min: 527514.7, Avg: 527521.0, Max: 527538.8, Diff: 24.1]
      [Ext Root Scanning (ms): Min: 0.1, Avg: 1.2, Max: 2.1, Diff: 2.0, Sum: 4.9]
      [SATB Filtering (ms): Min: 0.0, Avg: 0.0, Max: 0.2, Diff: 0.2, Sum: 0.2]
      [Update RS (ms): Min: 3.3, Avg: 19.8, Max: 25.3, Diff: 21.9, Sum: 79.0]
         [Processed Buffers: Min: 18, Avg: 115.3, Max: 157, Diff: 139, Sum: 461]
      [Scan RS (ms): Min: 25.8, Avg: 25.8, Max: 25.9, Diff: 0.1, Sum: 103.4]
      [Object Copy (ms): Min: 54.8, Avg: 54.9, Max: 54.9, Diff: 0.2, Sum: 219.4]
      [Termination (ms): Min: 0.0, Avg: 0.0, Max: 0.0, Diff: 0.0, Sum: 0.0]
      [GC Worker Other (ms): Min: 0.0, Avg: 0.0, Max: 0.0, Diff: 0.0, Sum: 0.2]
      [GC Worker Total (ms): Min: 84.0, Avg: 101.8, Max: 108.1, Diff: 24.1, Sum: 407.1]
      [GC Worker End (ms): Min: 527622.8, Avg: 527622.8, Max: 527622.8, Diff: 0.0]
   [Code Root Fixup: 0.0 ms]
   [Clear CT: 0.4 ms]
   [Other: 1.8 ms]
      [Choose CSet: 0.0 ms]
      [Ref Proc: 0.1 ms]
      [Ref Enq: 0.0 ms]
      [Free CSet: 0.2 ms]
   [Eden: 127.0M(55.0M)->0.0B(252.0M) Survivors: 47.0M->13.0M Heap: 1363.5M(2048.0M)->1251.5M(2048.0M)]
 [Times: user=0.42 sys=0.00, real=0.11 secs] 
527.905: [GC pause (young), 0.1015463 secs]
   [Parallel Time: 100.3 ms, GC Workers: 4]
      [GC Worker Start (ms): Min: 527905.8, Avg: 527905.8, Max: 527905.8, Diff: 0.0]
      [Ext Root Scanning (ms): Min: 1.2, Avg: 1.2, Max: 1.3, Diff: 0.0, Sum: 5.0]
      [SATB Filtering (ms): Min: 0.0, Avg: 0.7, Max: 2.8, Diff: 2.8, Sum: 2.8]
      [Update RS (ms): Min: 14.8, Avg: 16.9, Max: 17.6, Diff: 2.8, Sum: 67.6]
         [Processed Buffers: Min: 256, Avg: 279.8, Max: 322, Diff: 66, Sum: 1119]
      [Scan RS (ms): Min: 0.0, Avg: 0.1, Max: 0.1, Diff: 0.1, Sum: 0.4]
      [Object Copy (ms): Min: 81.3, Avg: 81.4, Max: 81.4, Diff: 0.1, Sum: 325.5]
      [Termination (ms): Min: 0.0, Avg: 0.0, Max: 0.0, Diff: 0.0, Sum: 0.0]
      [GC Worker Other (ms): Min: 0.0, Avg: 0.0, Max: 0.0, Diff: 0.0, Sum: 0.1]
      [GC Worker Total (ms): Min: 100.3, Avg: 100.3, Max: 100.3, Diff: 0.0, Sum: 401.2]
      [GC Worker End (ms): Min: 528006.1, Avg: 528006.1, Max: 528006.1, Diff: 0.0]
   [Code Root Fixup: 0.0 ms]
   [Clear CT: 0.1 ms]
   [Other: 1.1 ms]
      [Choose CSet: 0.0 ms]
      [Ref Proc: 0.0 ms]
      [Ref Enq: 0.0 ms]
      [Free CSet: 0.2 ms]
   [Eden: 252.0M(252.0M)->0.0B(72.0M) Survivors: 13.0M->34.0M Heap: 1503.5M(2048.0M)->1342.0M(2048.0M)]
 [Times: user=0.38 sys=0.00, real=0.10 secs] 
528.061: [GC pause (young), 0.0736064 secs]
   [Parallel Time: 72.5 ms, GC Workers: 4]
      [GC Worker Start (ms): Min: 528061.8, Avg: 528061.8, Max: 528061.9, Diff: 0.0]
      [Ext Root Scanning (ms): Min: 1.4, Avg: 1.4, Max: 1.4, Diff: 0.0, Sum: 5.5]
      [SATB Filtering (ms): Min: 0.0, Avg: 0.3, Max: 1.3, Diff: 1.3, Sum: 1.3]
      [Update RS (ms): Min: 21.5, Avg: 23.2, Max: 24.4, Diff: 2.8, Sum: 92.7]
         [Processed Buffers: Min: 121, Avg: 145.5, Max: 170, Diff: 49, Sum: 582]
      [Scan RS (ms): Min: 0.0, Avg: 0.2, Max: 0.3, Diff: 0.3, Sum: 0.6]
      [Object Copy (ms): Min: 46.7, Avg: 47.4, Max: 47.9, Diff: 1.2, Sum: 189.7]
      [Termination (ms): Min: 0.0, Avg: 0.0, Max: 0.0, Diff: 0.0, Sum: 0.0]
      [GC Worker Other (ms): Min: 0.0, Avg: 0.0, Max: 0.0, Diff: 0.0, Sum: 0.1]
      [GC Worker Total (ms): Min: 72.5, Avg: 72.5, Max: 72.5, Diff: 0.0, Sum: 289.9]
      [GC Worker End (ms): Min: 528134.3, Avg: 528134.3, Max: 528134.3, Diff: 0.0]
   [Code Root Fixup: 0.0 ms]
   [Clear CT: 0.1 ms]
   [Other: 1.0 ms]
      [Choose CSet: 0.0 ms]
      [Ref Proc: 0.0 ms]
      [Ref Enq: 0.0 ms]
      [Free CSet: 0.1 ms]
   [Eden: 72.0M(72.0M)->0.0B(208.0M) Survivors: 34.0M->14.0M Heap: 1414.0M(2048.0M)->1366.5M(2048.0M)]
 [Times: user=0.25 sys=0.00, real=0.07 secs] 
528.143: [GC concurrent-mark-end, 0.8485424 secs]
528.148: [GC remark 528.148: [GC ref-proc, 0.0016803 secs], 0.0035414 secs]
 [Times: user=0.00 sys=0.00, real=0.00 secs] 
528.163: [GC cleanup 1376M->508M(2048M), 0.0014641 secs]
 [Times: user=0.00 sys=0.00, real=0.00 secs] 
528.164: [GC concurrent-cleanup-start]
528.165: [GC concurrent-cleanup-end, 0.0009599 secs]
528.345: [GC pause (young), 0.1639083 secs]
   [Parallel Time: 162.3 ms, GC Workers: 4]
      [GC Worker Start (ms): Min: 528345.6, Avg: 528345.6, Max: 528345.6, Diff: 0.0]
      [Ext Root Scanning (ms): Min: 1.2, Avg: 1.2, Max: 1.2, Diff: 0.0, Sum: 4.9]
      [Update RS (ms): Min: 25.1, Avg: 25.1, Max: 25.2, Diff: 0.1, Sum: 100.5]
         [Processed Buffers: Min: 143, Avg: 151.5, Max: 159, Diff: 16, Sum: 606]
      [Scan RS (ms): Min: 0.0, Avg: 0.1, Max: 0.1, Diff: 0.0, Sum: 0.2]
      [Object Copy (ms): Min: 135.4, Avg: 135.5, Max: 135.7, Diff: 0.3, Sum: 541.9]
      [Termination (ms): Min: 0.0, Avg: 0.2, Max: 0.3, Diff: 0.3, Sum: 0.9]
      [GC Worker Other (ms): Min: 0.0, Avg: 0.0, Max: 0.0, Diff: 0.0, Sum: 0.0]
      [GC Worker Total (ms): Min: 162.1, Avg: 162.1, Max: 162.1, Diff: 0.0, Sum: 648.5]
      [GC Worker End (ms): Min: 528507.7, Avg: 528507.7, Max: 528507.7, Diff: 0.0]
   [Code Root Fixup: 0.0 ms]
   [Clear CT: 0.1 ms]
   [Other: 1.6 ms]
      [Choose CSet: 0.0 ms]
      [Ref Proc: 0.1 ms]
      [Ref Enq: 0.0 ms]
      [Free CSet: 0.2 ms]
   [Eden: 208.0M(208.0M)->0.0B(175.0M) Survivors: 14.0M->28.0M Heap: 706.5M(2048.0M)->644.5M(2048.0M)]
 [Times: user=0.48 sys=0.00, real=0.16 secs] 
528.702: [GC pause (young), 0.1324072 secs]
   [Parallel Time: 127.8 ms, GC Workers: 4]
      [GC Worker Start (ms): Min: 528702.0, Avg: 528702.0, Max: 528702.0, Diff: 0.0]
      [Ext Root Scanning (ms): Min: 1.4, Avg: 1.5, Max: 1.6, Diff: 0.2, Sum: 6.1]
      [Update RS (ms): Min: 18.2, Avg: 18.3, Max: 18.4, Diff: 0.2, Sum: 73.1]
         [Processed Buffers: Min: 155, Avg: 173.3, Max: 191, Diff: 36, Sum: 693]
      [Scan RS (ms): Min: 0.4, Avg: 0.5, Max: 0.5, Diff: 0.0, Sum: 1.8]
      [Object Copy (ms): Min: 107.5, Avg: 107.5, Max: 107.6, Diff: 0.1, Sum: 430.2]
      [Termination (ms): Min: 0.0, Avg: 0.0, Max: 0.0, Diff: 0.0, Sum: 0.0]
      [GC Worker Other (ms): Min: 0.0, Avg: 0.0, Max: 0.0, Diff: 0.0, Sum: 0.1]
      [GC Worker Total (ms): Min: 127.8, Avg: 127.8, Max: 127.8, Diff: 0.0, Sum: 511.3]
      [GC Worker End (ms): Min: 528829.8, Avg: 528829.8, Max: 528829.8, Diff: 0.0]
   [Code Root Fixup: 0.0 ms]
   [Clear CT: 1.9 ms]
   [Other: 2.7 ms]
      [Choose CSet: 0.0 ms]
      [Ref Proc: 1.3 ms]
      [Ref Enq: 0.0 ms]
      [Free CSet: 0.2 ms]
   [Eden: 175.0M(175.0M)->0.0B(227.0M) Survivors: 28.0M->26.0M Heap: 819.5M(2048.0M)->749.0M(2048.0M)]
 [Times: user=0.47 sys=0.00, real=0.13 secs] 
529.079: [GC pause (young), 0.1660516 secs]
   [Parallel Time: 164.3 ms, GC Workers: 4]
      [GC Worker Start (ms): Min: 529078.9, Avg: 529078.9, Max: 529078.9, Diff: 0.0]
      [Ext Root Scanning (ms): Min: 1.2, Avg: 1.2, Max: 1.2, Diff: 0.0, Sum: 4.8]
      [Update RS (ms): Min: 19.3, Avg: 19.3, Max: 19.3, Diff: 0.0, Sum: 77.1]
         [Processed Buffers: Min: 167, Avg: 180.3, Max: 196, Diff: 29, Sum: 721]
      [Scan RS (ms): Min: 0.2, Avg: 0.2, Max: 0.3, Diff: 0.0, Sum: 0.9]
      [Object Copy (ms): Min: 142.7, Avg: 142.9, Max: 143.1, Diff: 0.4, Sum: 571.6]
      [Termination (ms): Min: 0.0, Avg: 0.4, Max: 0.5, Diff: 0.5, Sum: 1.4]
      [GC Worker Other (ms): Min: 0.0, Avg: 0.0, Max: 0.0, Diff: 0.0, Sum: 0.0]
      [GC Worker Total (ms): Min: 163.9, Avg: 164.0, Max: 164.3, Diff: 0.4, Sum: 655.9]
      [GC Worker End (ms): Min: 529242.7, Avg: 529242.8, Max: 529243.2, Diff: 0.4]
   [Code Root Fixup: 0.0 ms]
   [Clear CT: 0.1 ms]
   [Other: 1.6 ms]
      [Choose CSet: 0.0 ms]
      [Ref Proc: 0.0 ms]
      [Ref Enq: 0.0 ms]
      [Free CSet: 0.2 ms]
   [Eden: 227.0M(227.0M)->0.0B(219.0M) Survivors: 26.0M->32.0M Heap: 976.0M(2048.0M)->902.0M(2048.0M)]
 [Times: user=0.64 sys=0.00, real=0.17 secs] 
529.481: [GC pause (young), 0.1550083 secs]
   [Parallel Time: 153.3 ms, GC Workers: 4]
      [GC Worker Start (ms): Min: 529481.0, Avg: 529482.2, Max: 529484.6, Diff: 3.6]
      [Ext Root Scanning (ms): Min: 0.1, Avg: 1.2, Max: 2.1, Diff: 2.0, Sum: 4.9]
      [Update RS (ms): Min: 27.4, Avg: 28.6, Max: 29.1, Diff: 1.6, Sum: 114.3]
         [Processed Buffers: Min: 196, Avg: 233.0, Max: 254, Diff: 58, Sum: 932]
      [Scan RS (ms): Min: 0.1, Avg: 0.2, Max: 0.2, Diff: 0.1, Sum: 0.6]
      [Object Copy (ms): Min: 121.9, Avg: 122.1, Max: 122.2, Diff: 0.2, Sum: 488.3]
      [Termination (ms): Min: 0.0, Avg: 0.0, Max: 0.0, Diff: 0.0, Sum: 0.0]
      [GC Worker Other (ms): Min: 0.0, Avg: 0.0, Max: 0.0, Diff: 0.0, Sum: 0.1]
      [GC Worker Total (ms): Min: 149.7, Avg: 152.0, Max: 153.3, Diff: 3.6, Sum: 608.2]
      [GC Worker End (ms): Min: 529634.3, Avg: 529634.3, Max: 529634.3, Diff: 0.0]
   [Code Root Fixup: 0.0 ms]
   [Clear CT: 0.1 ms]
   [Other: 1.6 ms]
      [Choose CSet: 0.0 ms]
      [Ref Proc: 0.0 ms]
      [Ref Enq: 0.0 ms]
      [Free CSet: 0.2 ms]
   [Eden: 219.0M(219.0M)->0.0B(239.0M) Survivors: 32.0M->32.0M Heap: 1121.0M(2048.0M)->1011.0M(2048.0M)]
 [Times: user=0.53 sys=0.00, real=0.16 secs] 
529.889: [GC pause (young) (initial-mark), 0.1658874 secs]
   [Parallel Time: 163.2 ms, GC Workers: 4]
      [GC Worker Start (ms): Min: 529889.1, Avg: 529889.1, Max: 529889.1, Diff: 0.0]
      [Ext Root Scanning (ms): Min: 1.2, Avg: 1.2, Max: 1.2, Diff: 0.0, Sum: 4.9]
      [Update RS (ms): Min: 19.5, Avg: 19.5, Max: 19.5, Diff: 0.0, Sum: 78.1]
         [Processed Buffers: Min: 147, Avg: 176.8, Max: 199, Diff: 52, Sum: 707]
      [Scan RS (ms): Min: 0.2, Avg: 0.2, Max: 0.2, Diff: 0.0, Sum: 0.8]
      [Object Copy (ms): Min: 142.0, Avg: 142.0, Max: 142.1, Diff: 0.0, Sum: 568.2]
      [Termination (ms): Min: 0.0, Avg: 0.0, Max: 0.0, Diff: 0.0, Sum: 0.0]
      [GC Worker Other (ms): Min: 0.0, Avg: 0.0, Max: 0.0, Diff: 0.0, Sum: 0.1]
      [GC Worker Total (ms): Min: 163.0, Avg: 163.0, Max: 163.0, Diff: 0.0, Sum: 652.0]
      [GC Worker End (ms): Min: 530052.1, Avg: 530052.1, Max: 530052.1, Diff: 0.0]
   [Code Root Fixup: 0.0 ms]
   [Clear CT: 0.2 ms]
   [Other: 2.5 ms]
      [Choose CSet: 0.0 ms]
      [Ref Proc: 0.7 ms]
      [Ref Enq: 0.0 ms]
      [Free CSet: 0.2 ms]
   [Eden: 239.0M(239.0M)->0.0B(245.0M) Survivors: 32.0M->34.0M Heap: 1250.0M(2048.0M)->1160.5M(2048.0M)]
 [Times: user=0.61 sys=0.00, real=0.17 secs] 
530.055: [GC concurrent-root-region-scan-start]
530.124: [GC concurrent-root-region-scan-end, 0.0688877 secs]
530.124: [GC concurrent-mark-start]
530.293: [GC pause (young), 0.0668951 secs]
   [Parallel Time: 65.7 ms, GC Workers: 4]
      [GC Worker Start (ms): Min: 530293.3, Avg: 530294.7, Max: 530299.0, Diff: 5.7]
      [Ext Root Scanning (ms): Min: 0.1, Avg: 1.2, Max: 1.7, Diff: 1.6, Sum: 4.9]
      [SATB Filtering (ms): Min: 0.0, Avg: 0.0, Max: 0.2, Diff: 0.2, Sum: 0.2]
      [Update RS (ms): Min: 24.5, Avg: 27.5, Max: 28.5, Diff: 4.0, Sum: 109.8]
         [Processed Buffers: Min: 144, Avg: 156.0, Max: 167, Diff: 23, Sum: 624]
      [Scan RS (ms): Min: 0.2, Avg: 0.2, Max: 0.2, Diff: 0.0, Sum: 0.8]
      [Object Copy (ms): Min: 34.6, Avg: 34.6, Max: 34.7, Diff: 0.1, Sum: 138.4]
      [Termination (ms): Min: 0.0, Avg: 0.2, Max: 0.7, Diff: 0.7, Sum: 1.0]
      [GC Worker Other (ms): Min: 0.0, Avg: 0.0, Max: 0.0, Diff: 0.0, Sum: 0.1]
      [GC Worker Total (ms): Min: 59.4, Avg: 63.8, Max: 65.7, Diff: 6.3, Sum: 255.1]
      [GC Worker End (ms): Min: 530358.4, Avg: 530358.5, Max: 530359.0, Diff: 0.6]
   [Code Root Fixup: 0.0 ms]
   [Clear CT: 0.2 ms]
   [Other: 1.1 ms]
      [Choose CSet: 0.0 ms]
      [Ref Proc: 0.1 ms]
      [Ref Enq: 0.0 ms]
      [Free CSet: 0.3 ms]
   [Eden: 245.0M(245.0M)->0.0B(460.0M) Survivors: 34.0M->9216.0K Heap: 1405.5M(2048.0M)->1170.5M(2048.0M)]
 [Times: user=0.25 sys=0.00, real=0.07 secs] 
530.753: [GC concurrent-mark-end, 0.6294068 secs]
530.755: [GC remark 530.758: [GC ref-proc, 0.0017418 secs], 0.0071004 secs]
 [Times: user=0.02 sys=0.00, real=0.01 secs] 
530.764: [GC cleanup 1630M->1021M(2048M), 0.0028868 secs]
 [Times: user=0.00 sys=0.00, real=0.00 secs] 
530.767: [GC concurrent-cleanup-start]
530.768: [GC concurrent-cleanup-end, 0.0009394 secs]
530.769: [GC pause (young), 0.1365660 secs]
   [Parallel Time: 135.1 ms, GC Workers: 4]
      [GC Worker Start (ms): Min: 530771.6, Avg: 530772.0, Max: 530773.1, Diff: 1.5]
      [Ext Root Scanning (ms): Min: 0.3, Avg: 1.3, Max: 1.7, Diff: 1.4, Sum: 5.3]
      [Update RS (ms): Min: 28.3, Avg: 30.7, Max: 37.0, Diff: 8.7, Sum: 122.9]
         [Processed Buffers: Min: 161, Avg: 266.8, Max: 413, Diff: 252, Sum: 1067]
      [Scan RS (ms): Min: 0.0, Avg: 0.1, Max: 0.3, Diff: 0.3, Sum: 0.4]
      [Object Copy (ms): Min: 94.1, Avg: 100.4, Max: 102.8, Diff: 8.7, Sum: 401.7]
      [Termination (ms): Min: 0.0, Avg: 0.0, Max: 0.0, Diff: 0.0, Sum: 0.0]
      [GC Worker Other (ms): Min: 0.0, Avg: 0.0, Max: 0.0, Diff: 0.0, Sum: 0.1]
      [GC Worker Total (ms): Min: 131.5, Avg: 132.6, Max: 133.1, Diff: 1.5, Sum: 530.4]
      [GC Worker End (ms): Min: 530904.6, Avg: 530904.6, Max: 530904.6, Diff: 0.0]
   [Code Root Fixup: 0.0 ms]
   [Clear CT: 0.2 ms]
   [Other: 1.3 ms]
      [Choose CSet: 0.0 ms]
      [Ref Proc: 0.0 ms]
      [Ref Enq: 0.0 ms]
      [Free CSet: 0.3 ms]
   [Eden: 460.0M(460.0M)->0.0B(43.0M) Survivors: 9216.0K->59.0M Heap: 1021.5M(2048.0M)->673.0M(2048.0M)]
 [Times: user=0.50 sys=0.00, real=0.14 secs] 
530.960: [GC pause (mixed), 0.0978605 secs]
   [Parallel Time: 95.0 ms, GC Workers: 4]
      [GC Worker Start (ms): Min: 530960.4, Avg: 530968.5, Max: 530983.1, Diff: 22.7]
      [Ext Root Scanning (ms): Min: 0.1, Avg: 1.3, Max: 3.1, Diff: 3.0, Sum: 5.2]
      [Update RS (ms): Min: 3.8, Avg: 17.1, Max: 23.1, Diff: 19.3, Sum: 68.3]
         [Processed Buffers: Min: 21, Avg: 93.5, Max: 129, Diff: 108, Sum: 374]
      [Scan RS (ms): Min: 2.9, Avg: 2.9, Max: 3.0, Diff: 0.1, Sum: 11.7]
      [Object Copy (ms): Min: 63.8, Avg: 64.1, Max: 64.5, Diff: 0.6, Sum: 256.4]
      [Termination (ms): Min: 0.0, Avg: 0.6, Max: 1.4, Diff: 1.4, Sum: 2.4]
      [GC Worker Other (ms): Min: 0.0, Avg: 0.0, Max: 0.0, Diff: 0.0, Sum: 0.0]
      [GC Worker Total (ms): Min: 72.1, Avg: 86.0, Max: 93.8, Diff: 21.6, Sum: 344.1]
      [GC Worker End (ms): Min: 531054.2, Avg: 531054.5, Max: 531055.2, Diff: 1.0]
   [Code Root Fixup: 0.0 ms]
   [Clear CT: 0.5 ms]
   [Other: 2.4 ms]
      [Choose CSet: 0.1 ms]
      [Ref Proc: 0.9 ms]
      [Ref Enq: 0.0 ms]
      [Free CSet: 0.4 ms]
   [Eden: 43.0M(43.0M)->0.0B(435.0M) Survivors: 59.0M->4096.0K Heap: 716.0M(2048.0M)->606.0M(2048.0M)]
 [Times: user=0.26 sys=0.00, real=0.10 secs] 
531.472: [GC pause (young), 0.1424794 secs]
   [Parallel Time: 140.3 ms, GC Workers: 4]
      [GC Worker Start (ms): Min: 531472.1, Avg: 531472.1, Max: 531472.1, Diff: 0.0]
      [Ext Root Scanning (ms): Min: 1.2, Avg: 1.3, Max: 1.5, Diff: 0.2, Sum: 5.2]
      [Update RS (ms): Min: 18.3, Avg: 19.2, Max: 21.5, Diff: 3.2, Sum: 76.9]
         [Processed Buffers: Min: 120, Avg: 250.3, Max: 390, Diff: 270, Sum: 1001]
      [Scan RS (ms): Min: 0.0, Avg: 0.1, Max: 0.2, Diff: 0.1, Sum: 0.5]
      [Object Copy (ms): Min: 117.4, Avg: 119.6, Max: 120.3, Diff: 2.9, Sum: 478.3]
      [Termination (ms): Min: 0.0, Avg: 0.0, Max: 0.0, Diff: 0.0, Sum: 0.0]
      [GC Worker Other (ms): Min: 0.0, Avg: 0.0, Max: 0.0, Diff: 0.0, Sum: 0.1]
      [GC Worker Total (ms): Min: 140.2, Avg: 140.2, Max: 140.2, Diff: 0.0, Sum: 560.9]
      [GC Worker End (ms): Min: 531612.4, Avg: 531612.4, Max: 531612.4, Diff: 0.0]
   [Code Root Fixup: 0.0 ms]
   [Clear CT: 0.3 ms]
   [Other: 1.9 ms]
      [Choose CSet: 0.0 ms]
      [Ref Proc: 0.1 ms]
      [Ref Enq: 0.0 ms]
      [Free CSet: 0.4 ms]
   [Eden: 435.0M(435.0M)->0.0B(123.0M) Survivors: 4096.0K->55.0M Heap: 1041.0M(2048.0M)->756.0M(2048.0M)]
 [Times: user=0.55 sys=0.00, real=0.14 secs] 
531.709: [GC pause (young), 0.1091056 secs]
   [Parallel Time: 107.5 ms, GC Workers: 4]
      [GC Worker Start (ms): Min: 531709.3, Avg: 531709.3, Max: 531709.3, Diff: 0.0]
      [Ext Root Scanning (ms): Min: 1.3, Avg: 1.3, Max: 1.3, Diff: 0.0, Sum: 5.1]
      [Update RS (ms): Min: 25.6, Avg: 26.9, Max: 30.9, Diff: 5.3, Sum: 107.8]
         [Processed Buffers: Min: 173, Avg: 178.0, Max: 186, Diff: 13, Sum: 712]
      [Scan RS (ms): Min: 0.0, Avg: 2.2, Max: 3.0, Diff: 3.0, Sum: 8.8]
      [Object Copy (ms): Min: 75.3, Avg: 77.0, Max: 77.6, Diff: 2.4, Sum: 308.1]
      [Termination (ms): Min: 0.0, Avg: 0.0, Max: 0.0, Diff: 0.0, Sum: 0.0]
      [GC Worker Other (ms): Min: 0.0, Avg: 0.0, Max: 0.0, Diff: 0.0, Sum: 0.0]
      [GC Worker Total (ms): Min: 107.5, Avg: 107.5, Max: 107.5, Diff: 0.0, Sum: 429.9]
      [GC Worker End (ms): Min: 531816.8, Avg: 531816.8, Max: 531816.8, Diff: 0.0]
   [Code Root Fixup: 0.0 ms]
   [Clear CT: 0.1 ms]
   [Other: 1.5 ms]
      [Choose CSet: 0.0 ms]
      [Ref Proc: 0.0 ms]
      [Ref Enq: 0.0 ms]
      [Free CSet: 0.2 ms]
   [Eden: 123.0M(123.0M)->0.0B(132.0M) Survivors: 55.0M->23.0M Heap: 879.0M(2048.0M)->794.0M(2048.0M)]
 [Times: user=0.41 sys=0.00, real=0.11 secs] 
531.929: [GC pause (young), 0.0752549 secs]
   [Parallel Time: 74.2 ms, GC Workers: 4]
      [GC Worker Start (ms): Min: 531928.9, Avg: 531928.9, Max: 531928.9, Diff: 0.0]
      [Ext Root Scanning (ms): Min: 1.3, Avg: 1.4, Max: 1.4, Diff: 0.1, Sum: 5.6]
      [Update RS (ms): Min: 17.6, Avg: 17.7, Max: 17.7, Diff: 0.0, Sum: 70.6]
         [Processed Buffers: Min: 112, Avg: 116.3, Max: 122, Diff: 10, Sum: 465]
      [Scan RS (ms): Min: 0.2, Avg: 0.2, Max: 0.2, Diff: 0.0, Sum: 0.8]
      [Object Copy (ms): Min: 54.9, Avg: 54.9, Max: 55.0, Diff: 0.1, Sum: 219.8]
      [Termination (ms): Min: 0.0, Avg: 0.0, Max: 0.0, Diff: 0.0, Sum: 0.0]
      [GC Worker Other (ms): Min: 0.0, Avg: 0.0, Max: 0.0, Diff: 0.0, Sum: 0.1]
      [GC Worker Total (ms): Min: 74.2, Avg: 74.2, Max: 74.2, Diff: 0.0, Sum: 296.8]
      [GC Worker End (ms): Min: 532003.1, Avg: 532003.1, Max: 532003.1, Diff: 0.0]
   [Code Root Fixup: 0.0 ms]
   [Clear CT: 0.1 ms]
   [Other: 0.9 ms]
      [Choose CSet: 0.0 ms]
      [Ref Proc: 0.0 ms]
      [Ref Enq: 0.0 ms]
      [Free CSet: 0.2 ms]
   [Eden: 132.0M(132.0M)->0.0B(259.0M) Survivors: 23.0M->20.0M Heap: 926.0M(2048.0M)->841.5M(2048.0M)]
 [Times: user=0.25 sys=0.00, real=0.07 secs] 
532.255: [GC pause (young), 0.1801896 secs]
   [Parallel Time: 178.4 ms, GC Workers: 4]
      [GC Worker Start (ms): Min: 532254.9, Avg: 532254.9, Max: 532254.9, Diff: 0.0]
      [Ext Root Scanning (ms): Min: 1.5, Avg: 2.2, Max: 3.9, Diff: 2.4, Sum: 9.0]
      [Update RS (ms): Min: 20.7, Avg: 22.3, Max: 22.8, Diff: 2.1, Sum: 89.2]
         [Processed Buffers: Min: 107, Avg: 115.0, Max: 118, Diff: 11, Sum: 460]
      [Scan RS (ms): Min: 0.0, Avg: 0.1, Max: 0.1, Diff: 0.1, Sum: 0.3]
      [Object Copy (ms): Min: 153.6, Avg: 153.7, Max: 153.9, Diff: 0.3, Sum: 615.0]
      [Termination (ms): Min: 0.0, Avg: 0.0, Max: 0.0, Diff: 0.0, Sum: 0.0]
      [GC Worker Other (ms): Min: 0.0, Avg: 0.0, Max: 0.0, Diff: 0.0, Sum: 0.1]
      [GC Worker Total (ms): Min: 178.4, Avg: 178.4, Max: 178.4, Diff: 0.0, Sum: 713.5]
      [GC Worker End (ms): Min: 532433.3, Avg: 532433.3, Max: 532433.3, Diff: 0.0]
   [Code Root Fixup: 0.0 ms]
   [Clear CT: 0.3 ms]
   [Other: 1.5 ms]
      [Choose CSet: 0.0 ms]
      [Ref Proc: 0.0 ms]
      [Ref Enq: 0.0 ms]
      [Free CSet: 0.2 ms]
   [Eden: 259.0M(259.0M)->0.0B(210.0M) Survivors: 20.0M->35.0M Heap: 1100.5M(2048.0M)->1007.5M(2048.0M)]
 [Times: user=0.67 sys=0.00, real=0.18 secs] 
532.663: [GC pause (young) (initial-mark), 0.1098195 secs]
   [Parallel Time: 108.1 ms, GC Workers: 4]
      [GC Worker Start (ms): Min: 532663.8, Avg: 532663.8, Max: 532663.8, Diff: 0.0]
      [Ext Root Scanning (ms): Min: 1.2, Avg: 1.2, Max: 1.2, Diff: 0.0, Sum: 4.8]
      [Update RS (ms): Min: 18.7, Avg: 18.8, Max: 19.1, Diff: 0.4, Sum: 75.4]
         [Processed Buffers: Min: 98, Avg: 193.5, Max: 235, Diff: 137, Sum: 774]
      [Scan RS (ms): Min: 0.0, Avg: 0.2, Max: 0.3, Diff: 0.3, Sum: 0.7]
      [Object Copy (ms): Min: 87.8, Avg: 87.9, Max: 87.9, Diff: 0.1, Sum: 351.5]
      [Termination (ms): Min: 0.0, Avg: 0.0, Max: 0.0, Diff: 0.0, Sum: 0.0]
      [GC Worker Other (ms): Min: 0.0, Avg: 0.0, Max: 0.0, Diff: 0.0, Sum: 0.1]
      [GC Worker Total (ms): Min: 108.1, Avg: 108.1, Max: 108.1, Diff: 0.0, Sum: 432.4]
      [GC Worker End (ms): Min: 532771.9, Avg: 532771.9, Max: 532772.0, Diff: 0.0]
   [Code Root Fixup: 0.0 ms]
   [Clear CT: 0.1 ms]
   [Other: 1.6 ms]
      [Choose CSet: 0.0 ms]
      [Ref Proc: 0.0 ms]
      [Ref Enq: 0.0 ms]
      [Free CSet: 0.2 ms]
   [Eden: 210.0M(210.0M)->0.0B(273.0M) Survivors: 35.0M->31.0M Heap: 1217.5M(2048.0M)->1077.5M(2048.0M)]
 [Times: user=0.42 sys=0.00, real=0.11 secs] 
532.773: [GC concurrent-root-region-scan-start]
532.806: [GC concurrent-root-region-scan-end, 0.0324106 secs]
532.806: [GC concurrent-mark-start]
533.054: [GC pause (young), 0.0613553 secs]
   [Parallel Time: 60.4 ms, GC Workers: 4]
      [GC Worker Start (ms): Min: 533054.4, Avg: 533054.6, Max: 533054.8, Diff: 0.4]
      [Ext Root Scanning (ms): Min: 1.1, Avg: 1.3, Max: 1.5, Diff: 0.4, Sum: 5.1]
      [SATB Filtering (ms): Min: 0.0, Avg: 0.1, Max: 0.3, Diff: 0.3, Sum: 0.3]
      [Update RS (ms): Min: 18.5, Avg: 18.7, Max: 18.8, Diff: 0.3, Sum: 74.7]
         [Processed Buffers: Min: 115, Avg: 127.5, Max: 137, Diff: 22, Sum: 510]
      [Scan RS (ms): Min: 0.9, Avg: 0.9, Max: 1.0, Diff: 0.1, Sum: 3.7]
      [Object Copy (ms): Min: 39.2, Avg: 39.2, Max: 39.2, Diff: 0.1, Sum: 156.8]
      [Termination (ms): Min: 0.0, Avg: 0.0, Max: 0.0, Diff: 0.0, Sum: 0.1]
      [GC Worker Other (ms): Min: 0.0, Avg: 0.0, Max: 0.0, Diff: 0.0, Sum: 0.1]
      [GC Worker Total (ms): Min: 60.0, Avg: 60.2, Max: 60.4, Diff: 0.4, Sum: 240.7]
      [GC Worker End (ms): Min: 533114.8, Avg: 533114.8, Max: 533114.8, Diff: 0.0]
   [Code Root Fixup: 0.0 ms]
   [Clear CT: 0.1 ms]
   [Other: 0.8 ms]
      [Choose CSet: 0.0 ms]
      [Ref Proc: 0.0 ms]
      [Ref Enq: 0.0 ms]
      [Free CSet: 0.3 ms]
   [Eden: 273.0M(273.0M)->0.0B(395.0M) Survivors: 31.0M->17.0M Heap: 1350.5M(2048.0M)->1094.5M(2048.0M)]
 [Times: user=0.25 sys=0.00, real=0.06 secs] 
533.325: [GC concurrent-mark-end, 0.5181877 secs]
533.327: [GC remark 533.328: [GC ref-proc, 0.0017925 secs], 0.0046556 secs]
 [Times: user=0.00 sys=0.00, real=0.00 secs] 
533.332: [GC cleanup 1319M->741M(2048M), 0.0018393 secs]
 [Times: user=0.00 sys=0.00, real=0.00 secs] 
533.334: [GC concurrent-cleanup-start]
533.335: [GC concurrent-cleanup-end, 0.0007941 secs]
533.486: [GC pause (young), 0.1213876 secs]
   [Parallel Time: 118.6 ms, GC Workers: 4]
      [GC Worker Start (ms): Min: 533486.2, Avg: 533486.2, Max: 533486.4, Diff: 0.2]
      [Ext Root Scanning (ms): Min: 1.3, Avg: 1.4, Max: 1.4, Diff: 0.2, Sum: 5.6]
      [Update RS (ms): Min: 17.6, Avg: 17.9, Max: 18.2, Diff: 0.6, Sum: 71.5]
         [Processed Buffers: Min: 100, Avg: 176.5, Max: 213, Diff: 113, Sum: 706]
      [Scan RS (ms): Min: 0.0, Avg: 0.2, Max: 0.3, Diff: 0.3, Sum: 0.6]
      [Object Copy (ms): Min: 98.9, Avg: 99.1, Max: 99.2, Diff: 0.2, Sum: 396.4]
      [Termination (ms): Min: 0.0, Avg: 0.0, Max: 0.0, Diff: 0.0, Sum: 0.0]
      [GC Worker Other (ms): Min: 0.0, Avg: 0.0, Max: 0.0, Diff: 0.0, Sum: 0.1]
      [GC Worker Total (ms): Min: 118.4, Avg: 118.5, Max: 118.6, Diff: 0.2, Sum: 474.1]
      [GC Worker End (ms): Min: 533604.7, Avg: 533604.7, Max: 533604.8, Diff: 0.0]
   [Code Root Fixup: 0.0 ms]
   [Clear CT: 1.4 ms]
   [Other: 1.4 ms]
      [Choose CSet: 0.0 ms]
      [Ref Proc: 0.1 ms]
      [Ref Enq: 0.0 ms]
      [Free CSet: 0.3 ms]
   [Eden: 395.0M(395.0M)->0.0B(50.0M) Survivors: 17.0M->52.0M Heap: 911.5M(2048.0M)->617.0M(2048.0M)]
 [Times: user=0.50 sys=0.00, real=0.12 secs] 
533.646: [GC pause (mixed), 0.1044670 secs]
   [Parallel Time: 102.7 ms, GC Workers: 4]
      [GC Worker Start (ms): Min: 533645.9, Avg: 533646.3, Max: 533646.6, Diff: 0.7]
      [Ext Root Scanning (ms): Min: 1.1, Avg: 1.5, Max: 1.9, Diff: 0.8, Sum: 6.1]
      [Update RS (ms): Min: 27.8, Avg: 28.0, Max: 28.2, Diff: 0.4, Sum: 112.2]
         [Processed Buffers: Min: 78, Avg: 129.5, Max: 152, Diff: 74, Sum: 518]
      [Scan RS (ms): Min: 0.9, Avg: 1.0, Max: 1.0, Diff: 0.1, Sum: 3.8]
      [Object Copy (ms): Min: 71.7, Avg: 71.7, Max: 71.8, Diff: 0.1, Sum: 287.0]
      [Termination (ms): Min: 0.0, Avg: 0.0, Max: 0.0, Diff: 0.0, Sum: 0.0]
      [GC Worker Other (ms): Min: 0.0, Avg: 0.0, Max: 0.0, Diff: 0.0, Sum: 0.1]
      [GC Worker Total (ms): Min: 101.9, Avg: 102.3, Max: 102.7, Diff: 0.7, Sum: 409.1]
      [GC Worker End (ms): Min: 533748.6, Avg: 533748.6, Max: 533748.6, Diff: 0.0]
   [Code Root Fixup: 0.0 ms]
   [Clear CT: 0.1 ms]
   [Other: 1.6 ms]
      [Choose CSet: 0.1 ms]
      [Ref Proc: 0.2 ms]
      [Ref Enq: 0.0 ms]
      [Free CSet: 0.4 ms]
   [Eden: 50.0M(50.0M)->0.0B(414.0M) Survivors: 52.0M->13.0M Heap: 667.0M(2048.0M)->576.0M(2048.0M)]
 [Times: user=0.34 sys=0.00, real=0.11 secs] 
534.150: [GC pause (young), 0.2399310 secs]
   [Parallel Time: 237.9 ms, GC Workers: 4]
      [GC Worker Start (ms): Min: 534150.5, Avg: 534150.5, Max: 534150.5, Diff: 0.0]
      [Ext Root Scanning (ms): Min: 1.3, Avg: 1.3, Max: 1.4, Diff: 0.1, Sum: 5.3]
      [Update RS (ms): Min: 23.0, Avg: 23.2, Max: 23.6, Diff: 0.6, Sum: 92.6]
         [Processed Buffers: Min: 158, Avg: 183.5, Max: 204, Diff: 46, Sum: 734]
      [Scan RS (ms): Min: 0.0, Avg: 0.2, Max: 0.3, Diff: 0.3, Sum: 0.9]
      [Object Copy (ms): Min: 212.4, Avg: 212.5, Max: 212.8, Diff: 0.4, Sum: 849.9]
      [Termination (ms): Min: 0.0, Avg: 0.5, Max: 0.7, Diff: 0.7, Sum: 2.0]
      [GC Worker Other (ms): Min: 0.0, Avg: 0.0, Max: 0.1, Diff: 0.1, Sum: 0.2]
      [GC Worker Total (ms): Min: 237.7, Avg: 237.8, Max: 237.8, Diff: 0.1, Sum: 951.0]
      [GC Worker End (ms): Min: 534388.2, Avg: 534388.3, Max: 534388.4, Diff: 0.1]
   [Code Root Fixup: 0.0 ms]
   [Clear CT: 0.1 ms]
   [Other: 1.9 ms]
      [Choose CSet: 0.0 ms]
      [Ref Proc: 0.0 ms]
      [Ref Enq: 0.0 ms]
      [Free CSet: 0.3 ms]
   [Eden: 414.0M(414.0M)->0.0B(210.0M) Survivors: 13.0M->54.0M Heap: 990.0M(2048.0M)->824.0M(2048.0M)]
 [Times: user=0.94 sys=0.00, real=0.24 secs] 
534.691: [GC pause (young), 0.1521433 secs]
   [Parallel Time: 149.5 ms, GC Workers: 4]
      [GC Worker Start (ms): Min: 534691.0, Avg: 534691.0, Max: 534691.0, Diff: 0.0]
      [Ext Root Scanning (ms): Min: 1.2, Avg: 1.2, Max: 1.3, Diff: 0.1, Sum: 5.0]
      [Update RS (ms): Min: 19.9, Avg: 19.9, Max: 20.0, Diff: 0.1, Sum: 79.8]
         [Processed Buffers: Min: 184, Avg: 212.5, Max: 241, Diff: 57, Sum: 850]
      [Scan RS (ms): Min: 13.3, Avg: 13.4, Max: 13.5, Diff: 0.2, Sum: 53.7]
      [Object Copy (ms): Min: 114.8, Avg: 114.8, Max: 114.8, Diff: 0.0, Sum: 459.2]
      [Termination (ms): Min: 0.0, Avg: 0.0, Max: 0.0, Diff: 0.0, Sum: 0.0]
      [GC Worker Other (ms): Min: 0.0, Avg: 0.0, Max: 0.0, Diff: 0.0, Sum: 0.1]
      [GC Worker Total (ms): Min: 149.4, Avg: 149.4, Max: 149.4, Diff: 0.0, Sum: 597.7]
      [GC Worker End (ms): Min: 534840.4, Avg: 534840.4, Max: 534840.4, Diff: 0.0]
   [Code Root Fixup: 0.0 ms]
   [Clear CT: 0.2 ms]
   [Other: 2.5 ms]
      [Choose CSet: 0.0 ms]
      [Ref Proc: 0.0 ms]
      [Ref Enq: 0.0 ms]
      [Free CSet: 0.2 ms]
   [Eden: 202.0M(48.0M)->0.0B(176.0M) Survivors: 54.0M->13.0M Heap: 1026.0M(2048.0M)->907.5M(2048.0M)]
 [Times: user=0.56 sys=0.00, real=0.15 secs] 
535.045: [GC pause (young), 0.0564470 secs]
   [Parallel Time: 54.3 ms, GC Workers: 4]
      [GC Worker Start (ms): Min: 535045.1, Avg: 535049.2, Max: 535061.3, Diff: 16.2]
      [Ext Root Scanning (ms): Min: 0.1, Avg: 1.4, Max: 1.9, Diff: 1.8, Sum: 5.5]
      [Update RS (ms): Min: 10.3, Avg: 21.1, Max: 24.8, Diff: 14.5, Sum: 84.3]
         [Processed Buffers: Min: 166, Avg: 192.5, Max: 268, Diff: 102, Sum: 770]
      [Scan RS (ms): Min: 1.3, Avg: 1.3, Max: 1.3, Diff: 0.1, Sum: 5.2]
      [Object Copy (ms): Min: 26.4, Avg: 26.5, Max: 26.5, Diff: 0.2, Sum: 106.0]
      [Termination (ms): Min: 0.0, Avg: 0.0, Max: 0.0, Diff: 0.0, Sum: 0.0]
      [GC Worker Other (ms): Min: 0.0, Avg: 0.0, Max: 0.0, Diff: 0.0, Sum: 0.1]
      [GC Worker Total (ms): Min: 38.1, Avg: 50.3, Max: 54.3, Diff: 16.2, Sum: 201.0]
      [GC Worker End (ms): Min: 535099.4, Avg: 535099.5, Max: 535099.5, Diff: 0.0]
   [Code Root Fixup: 0.0 ms]
   [Clear CT: 0.2 ms]
   [Other: 1.9 ms]
      [Choose CSet: 0.0 ms]
      [Ref Proc: 1.0 ms]
      [Ref Enq: 0.0 ms]
      [Free CSet: 0.2 ms]
   [Eden: 176.0M(176.0M)->0.0B(268.0M) Survivors: 13.0M->21.0M Heap: 1083.5M(2048.0M)->929.0M(2048.0M)]
 [Times: user=0.17 sys=0.00, real=0.06 secs] 
535.379: [GC pause (young), 0.1855588 secs]
   [Parallel Time: 183.8 ms, GC Workers: 4]
      [GC Worker Start (ms): Min: 535379.3, Avg: 535379.3, Max: 535379.3, Diff: 0.0]
      [Ext Root Scanning (ms): Min: 1.3, Avg: 1.3, Max: 1.3, Diff: 0.1, Sum: 5.2]
      [Update RS (ms): Min: 9.7, Avg: 9.7, Max: 9.8, Diff: 0.1, Sum: 38.7]
         [Processed Buffers: Min: 71, Avg: 98.0, Max: 119, Diff: 48, Sum: 392]
      [Scan RS (ms): Min: 0.0, Avg: 0.1, Max: 0.1, Diff: 0.1, Sum: 0.3]
      [Object Copy (ms): Min: 172.7, Avg: 172.7, Max: 172.7, Diff: 0.0, Sum: 690.9]
      [Termination (ms): Min: 0.0, Avg: 0.0, Max: 0.0, Diff: 0.0, Sum: 0.0]
      [GC Worker Other (ms): Min: 0.0, Avg: 0.0, Max: 0.0, Diff: 0.0, Sum: 0.1]
      [GC Worker Total (ms): Min: 183.8, Avg: 183.8, Max: 183.8, Diff: 0.0, Sum: 735.2]
      [GC Worker End (ms): Min: 535563.1, Avg: 535563.1, Max: 535563.1, Diff: 0.0]
   [Code Root Fixup: 0.0 ms]
   [Clear CT: 0.1 ms]
   [Other: 1.7 ms]
      [Choose CSet: 0.0 ms]
      [Ref Proc: 0.0 ms]
      [Ref Enq: 0.0 ms]
      [Free CSet: 0.2 ms]
   [Eden: 268.0M(268.0M)->0.0B(219.0M) Survivors: 21.0M->37.0M Heap: 1197.0M(2048.0M)->1122.0M(2048.0M)]
 [Times: user=0.72 sys=0.00, real=0.19 secs] 
535.790: [GC pause (young) (initial-mark), 0.1186413 secs]
   [Parallel Time: 116.5 ms, GC Workers: 4]
      [GC Worker Start (ms): Min: 535790.8, Avg: 535790.8, Max: 535790.9, Diff: 0.0]
      [Ext Root Scanning (ms): Min: 1.2, Avg: 1.2, Max: 1.3, Diff: 0.1, Sum: 5.0]
      [Update RS (ms): Min: 20.8, Avg: 21.2, Max: 22.5, Diff: 1.8, Sum: 84.9]
         [Processed Buffers: Min: 158, Avg: 210.0, Max: 249, Diff: 91, Sum: 840]
      [Scan RS (ms): Min: 5.3, Avg: 6.7, Max: 7.1, Diff: 1.8, Sum: 26.7]
      [Object Copy (ms): Min: 87.3, Avg: 87.4, Max: 87.4, Diff: 0.1, Sum: 349.4]
      [Termination (ms): Min: 0.0, Avg: 0.0, Max: 0.0, Diff: 0.0, Sum: 0.0]
      [GC Worker Other (ms): Min: 0.0, Avg: 0.0, Max: 0.0, Diff: 0.0, Sum: 0.1]
      [GC Worker Total (ms): Min: 116.5, Avg: 116.5, Max: 116.5, Diff: 0.0, Sum: 466.0]
      [GC Worker End (ms): Min: 535907.3, Avg: 535907.4, Max: 535907.4, Diff: 0.0]
   [Code Root Fixup: 0.0 ms]
   [Clear CT: 0.1 ms]
   [Other: 2.0 ms]
      [Choose CSet: 0.0 ms]
      [Ref Proc: 0.1 ms]
      [Ref Enq: 0.0 ms]
      [Free CSet: 0.3 ms]
   [Eden: 219.0M(219.0M)->0.0B(185.0M) Survivors: 37.0M->32.0M Heap: 1341.0M(2048.0M)->1194.0M(2048.0M)]
 [Times: user=0.50 sys=0.00, real=0.12 secs] 
535.909: [GC concurrent-root-region-scan-start]
535.977: [GC concurrent-root-region-scan-end, 0.0680891 secs]
535.977: [GC concurrent-mark-start]
536.062: [GC pause (young), 0.0478963 secs]
   [Parallel Time: 46.8 ms, GC Workers: 4]
      [GC Worker Start (ms): Min: 536062.5, Avg: 536062.5, Max: 536062.5, Diff: 0.0]
      [Ext Root Scanning (ms): Min: 1.3, Avg: 1.3, Max: 1.3, Diff: 0.1, Sum: 5.2]
      [SATB Filtering (ms): Min: 0.0, Avg: 0.0, Max: 0.2, Diff: 0.2, Sum: 0.2]
      [Update RS (ms): Min: 16.5, Avg: 16.6, Max: 16.7, Diff: 0.2, Sum: 66.4]
         [Processed Buffers: Min: 96, Avg: 107.5, Max: 114, Diff: 18, Sum: 430]
      [Scan RS (ms): Min: 0.5, Avg: 0.5, Max: 0.6, Diff: 0.1, Sum: 2.2]
      [Object Copy (ms): Min: 28.2, Avg: 28.3, Max: 28.3, Diff: 0.1, Sum: 113.1]
      [Termination (ms): Min: 0.0, Avg: 0.0, Max: 0.0, Diff: 0.0, Sum: 0.0]
      [GC Worker Other (ms): Min: 0.0, Avg: 0.0, Max: 0.0, Diff: 0.0, Sum: 0.1]
      [GC Worker Total (ms): Min: 46.8, Avg: 46.8, Max: 46.8, Diff: 0.0, Sum: 187.1]
      [GC Worker End (ms): Min: 536109.3, Avg: 536109.3, Max: 536109.3, Diff: 0.0]
   [Code Root Fixup: 0.0 ms]
   [Clear CT: 0.3 ms]
   [Other: 0.8 ms]
      [Choose CSet: 0.0 ms]
      [Ref Proc: 0.0 ms]
      [Ref Enq: 0.0 ms]
      [Free CSet: 0.2 ms]
   [Eden: 185.0M(185.0M)->0.0B(389.0M) Survivors: 32.0M->6144.0K Heap: 1379.0M(2048.0M)->1200.5M(2048.0M)]
 [Times: user=0.19 sys=0.00, real=0.05 secs] 
536.478: [GC pause (young), 0.1837499 secs]
   [Parallel Time: 181.9 ms, GC Workers: 4]
      [GC Worker Start (ms): Min: 536478.0, Avg: 536478.0, Max: 536478.0, Diff: 0.0]
      [Ext Root Scanning (ms): Min: 1.3, Avg: 1.3, Max: 1.3, Diff: 0.0, Sum: 5.3]
      [SATB Filtering (ms): Min: 0.0, Avg: 0.7, Max: 2.7, Diff: 2.7, Sum: 2.7]
      [Update RS (ms): Min: 14.6, Avg: 16.6, Max: 17.3, Diff: 2.8, Sum: 66.5]
         [Processed Buffers: Min: 123, Avg: 179.8, Max: 261, Diff: 138, Sum: 719]
      [Scan RS (ms): Min: 0.1, Avg: 0.1, Max: 0.1, Diff: 0.0, Sum: 0.4]
      [Object Copy (ms): Min: 163.1, Avg: 163.1, Max: 163.1, Diff: 0.0, Sum: 652.4]
      [Termination (ms): Min: 0.0, Avg: 0.0, Max: 0.0, Diff: 0.0, Sum: 0.0]
      [GC Worker Other (ms): Min: 0.0, Avg: 0.0, Max: 0.0, Diff: 0.0, Sum: 0.1]
      [GC Worker Total (ms): Min: 181.9, Avg: 181.9, Max: 181.9, Diff: 0.0, Sum: 727.5]
      [GC Worker End (ms): Min: 536659.9, Avg: 536659.9, Max: 536659.9, Diff: 0.0]
   [Code Root Fixup: 0.0 ms]
   [Clear CT: 0.1 ms]
   [Other: 1.7 ms]
      [Choose CSet: 0.0 ms]
      [Ref Proc: 0.1 ms]
      [Ref Enq: 0.0 ms]
      [Free CSet: 0.3 ms]
   [Eden: 389.0M(389.0M)->0.0B(290.0M) Survivors: 6144.0K->50.0M Heap: 1589.5M(2048.0M)->1403.0M(2048.0M)]
 [Times: user=0.75 sys=0.00, real=0.18 secs] 
536.726: [GC concurrent-mark-end, 0.7481581 secs]
536.757: [GC remark 536.757: [GC ref-proc, 0.0017255 secs], 0.0039080 secs]
 [Times: user=0.00 sys=0.00, real=0.00 secs] 
536.766: [GC cleanup 1438M->726M(2048M), 0.0043592 secs]
 [Times: user=0.00 sys=0.00, real=0.01 secs] 
536.770: [GC concurrent-cleanup-start]
536.771: [GC concurrent-cleanup-end, 0.0009365 secs]
537.026: [GC pause (young), 0.2538637 secs]
   [Parallel Time: 251.1 ms, GC Workers: 4]
      [GC Worker Start (ms): Min: 537026.1, Avg: 537026.1, Max: 537026.1, Diff: 0.0]
      [Ext Root Scanning (ms): Min: 1.2, Avg: 1.2, Max: 1.2, Diff: 0.0, Sum: 4.9]
      [Update RS (ms): Min: 28.4, Avg: 28.5, Max: 28.5, Diff: 0.1, Sum: 113.8]
         [Processed Buffers: Min: 197, Avg: 211.0, Max: 224, Diff: 27, Sum: 844]
      [Scan RS (ms): Min: 1.8, Avg: 1.9, Max: 1.9, Diff: 0.2, Sum: 7.5]
      [Object Copy (ms): Min: 219.4, Avg: 219.5, Max: 219.5, Diff: 0.1, Sum: 877.9]
      [Termination (ms): Min: 0.0, Avg: 0.0, Max: 0.0, Diff: 0.0, Sum: 0.0]
      [GC Worker Other (ms): Min: 0.0, Avg: 0.0, Max: 0.0, Diff: 0.0, Sum: 0.1]
      [GC Worker Total (ms): Min: 251.0, Avg: 251.0, Max: 251.0, Diff: 0.0, Sum: 1004.2]
      [GC Worker End (ms): Min: 537277.1, Avg: 537277.1, Max: 537277.1, Diff: 0.0]
   [Code Root Fixup: 0.0 ms]
   [Clear CT: 0.2 ms]
   [Other: 2.6 ms]
      [Choose CSet: 0.0 ms]
      [Ref Proc: 0.1 ms]
      [Ref Enq: 0.0 ms]
      [Free CSet: 0.2 ms]
   [Eden: 290.0M(290.0M)->0.0B(59.0M) Survivors: 50.0M->43.0M Heap: 981.0M(2048.0M)->919.0M(2048.0M)]
 [Times: user=1.01 sys=0.00, real=0.25 secs] 
537.504: [GC pause (mixed), 0.0917204 secs]
   [Parallel Time: 90.1 ms, GC Workers: 4]
      [GC Worker Start (ms): Min: 537504.0, Avg: 537504.0, Max: 537504.0, Diff: 0.0]
      [Ext Root Scanning (ms): Min: 1.2, Avg: 1.3, Max: 1.3, Diff: 0.1, Sum: 5.0]
      [Update RS (ms): Min: 33.1, Avg: 36.7, Max: 47.8, Diff: 14.7, Sum: 147.0]
         [Processed Buffers: Min: 168, Avg: 179.3, Max: 183, Diff: 15, Sum: 717]
      [Scan RS (ms): Min: 0.0, Avg: 0.9, Max: 1.2, Diff: 1.2, Sum: 3.5]
      [Object Copy (ms): Min: 40.9, Avg: 51.2, Max: 54.6, Diff: 13.7, Sum: 204.7]
      [Termination (ms): Min: 0.0, Avg: 0.0, Max: 0.0, Diff: 0.0, Sum: 0.0]
      [GC Worker Other (ms): Min: 0.0, Avg: 0.0, Max: 0.0, Diff: 0.0, Sum: 0.1]
      [GC Worker Total (ms): Min: 90.0, Avg: 90.0, Max: 90.0, Diff: 0.0, Sum: 360.2]
      [GC Worker End (ms): Min: 537594.0, Avg: 537594.0, Max: 537594.1, Diff: 0.0]
   [Code Root Fixup: 0.0 ms]
   [Clear CT: 0.2 ms]
   [Other: 1.5 ms]
      [Choose CSet: 0.0 ms]
      [Ref Proc: 0.0 ms]
      [Ref Enq: 0.0 ms]
      [Free CSet: 0.3 ms]
   [Eden: 59.0M(59.0M)->0.0B(255.0M) Survivors: 43.0M->9216.0K Heap: 978.0M(2048.0M)->884.5M(2048.0M)]
 [Times: user=0.36 sys=0.00, real=0.09 secs] 
537.859: [GC pause (young), 0.1437206 secs]
   [Parallel Time: 141.7 ms, GC Workers: 4]
      [GC Worker Start (ms): Min: 537859.7, Avg: 537859.7, Max: 537859.8, Diff: 0.0]
      [Ext Root Scanning (ms): Min: 1.3, Avg: 1.3, Max: 1.3, Diff: 0.0, Sum: 5.1]
      [Update RS (ms): Min: 20.1, Avg: 20.1, Max: 20.1, Diff: 0.0, Sum: 80.4]
         [Processed Buffers: Min: 205, Avg: 302.5, Max: 379, Diff: 174, Sum: 1210]
      [Scan RS (ms): Min: 0.0, Avg: 0.1, Max: 0.1, Diff: 0.0, Sum: 0.3]
      [Object Copy (ms): Min: 120.3, Avg: 120.3, Max: 120.3, Diff: 0.0, Sum: 481.1]
      [Termination (ms): Min: 0.0, Avg: 0.0, Max: 0.0, Diff: 0.0, Sum: 0.0]
      [GC Worker Other (ms): Min: 0.0, Avg: 0.0, Max: 0.0, Diff: 0.0, Sum: 0.1]
      [GC Worker Total (ms): Min: 141.7, Avg: 141.7, Max: 141.7, Diff: 0.0, Sum: 566.9]
      [GC Worker End (ms): Min: 538001.5, Avg: 538001.5, Max: 538001.5, Diff: 0.0]
   [Code Root Fixup: 0.0 ms]
   [Clear CT: 0.3 ms]
   [Other: 1.7 ms]
      [Choose CSet: 0.0 ms]
      [Ref Proc: 0.1 ms]
      [Ref Enq: 0.0 ms]
      [Free CSet: 0.2 ms]
   [Eden: 255.0M(255.0M)->0.0B(179.0M) Survivors: 9216.0K->33.0M Heap: 1139.5M(2048.0M)->1031.5M(2048.0M)]
 [Times: user=0.56 sys=0.00, real=0.14 secs] 
538.207: [GC pause (young) (initial-mark), 0.1509608 secs]
   [Parallel Time: 148.7 ms, GC Workers: 4]
      [GC Worker Start (ms): Min: 538207.0, Avg: 538207.0, Max: 538207.0, Diff: 0.0]
      [Ext Root Scanning (ms): Min: 1.2, Avg: 1.2, Max: 1.2, Diff: 0.1, Sum: 4.9]
      [Update RS (ms): Min: 15.7, Avg: 16.0, Max: 16.6, Diff: 0.9, Sum: 64.0]
         [Processed Buffers: Min: 118, Avg: 173.8, Max: 231, Diff: 113, Sum: 695]
      [Scan RS (ms): Min: 2.3, Avg: 2.9, Max: 3.2, Diff: 0.9, Sum: 11.5]
      [Object Copy (ms): Min: 128.6, Avg: 128.6, Max: 128.6, Diff: 0.1, Sum: 514.3]
      [Termination (ms): Min: 0.0, Avg: 0.0, Max: 0.0, Diff: 0.0, Sum: 0.0]
      [GC Worker Other (ms): Min: 0.0, Avg: 0.0, Max: 0.0, Diff: 0.0, Sum: 0.1]
      [GC Worker Total (ms): Min: 148.7, Avg: 148.7, Max: 148.7, Diff: 0.0, Sum: 594.8]
      [GC Worker End (ms): Min: 538355.7, Avg: 538355.7, Max: 538355.7, Diff: 0.0]
   [Code Root Fixup: 0.0 ms]
   [Clear CT: 0.2 ms]
   [Other: 2.0 ms]
      [Choose CSet: 0.0 ms]
      [Ref Proc: 0.0 ms]
      [Ref Enq: 0.0 ms]
      [Free CSet: 0.2 ms]
   [Eden: 179.0M(179.0M)->0.0B(175.0M) Survivors: 33.0M->27.0M Heap: 1210.5M(2048.0M)->1160.5M(2048.0M)]
 [Times: user=0.59 sys=0.00, real=0.15 secs] 
538.358: [GC concurrent-root-region-scan-start]
538.433: [GC concurrent-root-region-scan-end, 0.0750436 secs]
538.433: [GC concurrent-mark-start]
538.587: [GC pause (young), 0.0828499 secs]
   [Parallel Time: 81.5 ms, GC Workers: 4]
      [GC Worker Start (ms): Min: 538587.9, Avg: 538587.9, Max: 538587.9, Diff: 0.0]
      [Ext Root Scanning (ms): Min: 1.3, Avg: 1.3, Max: 1.3, Diff: 0.0, Sum: 5.1]
      [SATB Filtering (ms): Min: 0.0, Avg: 0.6, Max: 2.2, Diff: 2.2, Sum: 2.2]
      [Update RS (ms): Min: 21.4, Avg: 23.0, Max: 23.6, Diff: 2.2, Sum: 92.1]
         [Processed Buffers: Min: 223, Avg: 230.8, Max: 238, Diff: 15, Sum: 923]
      [Scan RS (ms): Min: 3.4, Avg: 3.4, Max: 3.5, Diff: 0.1, Sum: 13.7]
      [Object Copy (ms): Min: 53.1, Avg: 53.2, Max: 53.2, Diff: 0.1, Sum: 212.6]
      [Termination (ms): Min: 0.0, Avg: 0.0, Max: 0.0, Diff: 0.0, Sum: 0.0]
      [GC Worker Other (ms): Min: 0.0, Avg: 0.0, Max: 0.0, Diff: 0.0, Sum: 0.1]
      [GC Worker Total (ms): Min: 81.5, Avg: 81.5, Max: 81.5, Diff: 0.0, Sum: 325.8]
      [GC Worker End (ms): Min: 538669.3, Avg: 538669.3, Max: 538669.3, Diff: 0.0]
   [Code Root Fixup: 0.0 ms]
   [Clear CT: 0.1 ms]
   [Other: 1.3 ms]
      [Choose CSet: 0.0 ms]
      [Ref Proc: 0.0 ms]
      [Ref Enq: 0.0 ms]
      [Free CSet: 0.2 ms]
   [Eden: 175.0M(175.0M)->0.0B(215.0M) Survivors: 27.0M->26.0M Heap: 1335.5M(2048.0M)->1201.5M(2048.0M)]
 [Times: user=0.36 sys=0.00, real=0.08 secs] 
538.853: [GC pause (young), 0.0732168 secs]
   [Parallel Time: 72.1 ms, GC Workers: 4]
      [GC Worker Start (ms): Min: 538852.8, Avg: 538852.8, Max: 538852.8, Diff: 0.0]
      [Ext Root Scanning (ms): Min: 1.3, Avg: 1.3, Max: 1.3, Diff: 0.0, Sum: 5.1]
      [SATB Filtering (ms): Min: 0.0, Avg: 0.6, Max: 2.6, Diff: 2.6, Sum: 2.6]
      [Update RS (ms): Min: 12.5, Avg: 14.4, Max: 15.1, Diff: 2.6, Sum: 57.6]
         [Processed Buffers: Min: 81, Avg: 93.3, Max: 101, Diff: 20, Sum: 373]
      [Scan RS (ms): Min: 0.1, Avg: 0.1, Max: 0.1, Diff: 0.0, Sum: 0.5]
      [Object Copy (ms): Min: 55.6, Avg: 55.6, Max: 55.6, Diff: 0.0, Sum: 222.4]
      [Termination (ms): Min: 0.0, Avg: 0.0, Max: 0.0, Diff: 0.0, Sum: 0.0]
      [GC Worker Other (ms): Min: 0.0, Avg: 0.0, Max: 0.0, Diff: 0.0, Sum: 0.1]
      [GC Worker Total (ms): Min: 72.1, Avg: 72.1, Max: 72.1, Diff: 0.0, Sum: 288.4]
      [GC Worker End (ms): Min: 538924.9, Avg: 538924.9, Max: 538924.9, Diff: 0.0]
   [Code Root Fixup: 0.0 ms]
   [Clear CT: 0.1 ms]
   [Other: 1.0 ms]
      [Choose CSet: 0.0 ms]
      [Ref Proc: 0.0 ms]
      [Ref Enq: 0.0 ms]
      [Free CSet: 0.2 ms]
   [Eden: 215.0M(215.0M)->0.0B(327.0M) Survivors: 26.0M->31.0M Heap: 1416.5M(2048.0M)->1248.0M(2048.0M)]
 [Times: user=0.31 sys=0.00, real=0.07 secs] 
539.024: [GC concurrent-mark-end, 0.5916450 secs]
539.025: [GC remark 539.026: [GC ref-proc, 0.0016799 secs], 0.0040882 secs]
 [Times: user=0.06 sys=0.00, real=0.00 secs] 
539.029: [GC cleanup 1359M->610M(2048M), 0.0012319 secs]
 [Times: user=0.00 sys=0.00, real=0.00 secs] 
539.031: [GC concurrent-cleanup-start]
539.031: [GC concurrent-cleanup-end, 0.0008631 secs]
539.258: [GC pause (young), 0.2576463 secs]
   [Parallel Time: 254.8 ms, GC Workers: 4]
      [GC Worker Start (ms): Min: 539258.7, Avg: 539258.7, Max: 539258.7, Diff: 0.0]
      [Ext Root Scanning (ms): Min: 1.2, Avg: 1.2, Max: 1.2, Diff: 0.0, Sum: 4.9]
      [Update RS (ms): Min: 18.4, Avg: 18.4, Max: 18.5, Diff: 0.1, Sum: 73.8]
         [Processed Buffers: Min: 96, Avg: 98.0, Max: 100, Diff: 4, Sum: 392]
      [Scan RS (ms): Min: 0.0, Avg: 0.1, Max: 0.1, Diff: 0.1, Sum: 0.3]
      [Object Copy (ms): Min: 235.0, Avg: 235.0, Max: 235.0, Diff: 0.0, Sum: 940.1]
      [Termination (ms): Min: 0.0, Avg: 0.0, Max: 0.0, Diff: 0.0, Sum: 0.0]
      [GC Worker Other (ms): Min: 0.0, Avg: 0.0, Max: 0.0, Diff: 0.0, Sum: 0.1]
      [GC Worker Total (ms): Min: 254.8, Avg: 254.8, Max: 254.8, Diff: 0.0, Sum: 1019.2]
      [GC Worker End (ms): Min: 539513.5, Avg: 539513.5, Max: 539513.5, Diff: 0.0]
   [Code Root Fixup: 0.0 ms]
   [Clear CT: 0.8 ms]
   [Other: 2.0 ms]
      [Choose CSet: 0.0 ms]
      [Ref Proc: 0.0 ms]
      [Ref Enq: 0.0 ms]
      [Free CSet: 0.2 ms]
   [Eden: 327.0M(327.0M)->0.0B(211.0M) Survivors: 31.0M->45.0M Heap: 826.0M(2048.0M)->772.5M(2048.0M)]
 [Times: user=1.06 sys=0.00, real=0.26 secs] 
539.817: [GC pause (young), 0.1023962 secs]
   [Parallel Time: 100.0 ms, GC Workers: 4]
      [GC Worker Start (ms): Min: 539817.0, Avg: 539817.0, Max: 539817.0, Diff: 0.0]
      [Ext Root Scanning (ms): Min: 1.2, Avg: 1.2, Max: 1.3, Diff: 0.1, Sum: 5.0]
      [Update RS (ms): Min: 19.1, Avg: 19.6, Max: 20.8, Diff: 1.6, Sum: 78.3]
         [Processed Buffers: Min: 140, Avg: 238.3, Max: 433, Diff: 293, Sum: 953]
      [Scan RS (ms): Min: 19.0, Avg: 20.2, Max: 20.7, Diff: 1.7, Sum: 80.9]
      [Object Copy (ms): Min: 58.9, Avg: 59.0, Max: 59.0, Diff: 0.1, Sum: 235.8]
      [Termination (ms): Min: 0.0, Avg: 0.0, Max: 0.0, Diff: 0.0, Sum: 0.0]
      [GC Worker Other (ms): Min: 0.0, Avg: 0.0, Max: 0.0, Diff: 0.0, Sum: 0.1]
      [GC Worker Total (ms): Min: 100.0, Avg: 100.0, Max: 100.0, Diff: 0.0, Sum: 400.1]
      [GC Worker End (ms): Min: 539917.0, Avg: 539917.0, Max: 539917.0, Diff: 0.0]
   [Code Root Fixup: 0.0 ms]
   [Clear CT: 0.5 ms]
   [Other: 1.8 ms]
      [Choose CSet: 0.0 ms]
      [Ref Proc: 0.0 ms]
      [Ref Enq: 0.0 ms]
      [Free CSet: 0.2 ms]
   [Eden: 191.0M(57.0M)->0.0B(216.0M) Survivors: 45.0M->13.0M Heap: 963.5M(2048.0M)->795.5M(2048.0M)]
 [Times: user=0.44 sys=0.00, real=0.10 secs] 
540.154: [GC pause (young), 0.1521664 secs]
   [Parallel Time: 149.7 ms, GC Workers: 4]
      [GC Worker Start (ms): Min: 540154.5, Avg: 540154.5, Max: 540154.5, Diff: 0.0]
      [Ext Root Scanning (ms): Min: 1.2, Avg: 1.2, Max: 1.2, Diff: 0.0, Sum: 4.9]
      [Update RS (ms): Min: 17.8, Avg: 17.8, Max: 17.8, Diff: 0.0, Sum: 71.3]
         [Processed Buffers: Min: 122, Avg: 128.3, Max: 137, Diff: 15, Sum: 513]
      [Scan RS (ms): Min: 0.9, Avg: 0.9, Max: 0.9, Diff: 0.0, Sum: 3.7]
      [Object Copy (ms): Min: 122.5, Avg: 124.3, Max: 129.7, Diff: 7.1, Sum: 497.3]
      [Termination (ms): Min: 0.0, Avg: 5.4, Max: 7.2, Diff: 7.2, Sum: 21.4]
      [GC Worker Other (ms): Min: 0.0, Avg: 0.0, Max: 0.0, Diff: 0.0, Sum: 0.0]
      [GC Worker Total (ms): Min: 149.6, Avg: 149.7, Max: 149.7, Diff: 0.1, Sum: 598.6]
      [GC Worker End (ms): Min: 540304.1, Avg: 540304.2, Max: 540304.2, Diff: 0.1]
   [Code Root Fixup: 0.0 ms]
   [Clear CT: 0.2 ms]
   [Other: 2.2 ms]
      [Choose CSet: 0.0 ms]
      [Ref Proc: 1.1 ms]
      [Ref Enq: 0.0 ms]
      [Free CSet: 0.2 ms]
   [Eden: 216.0M(216.0M)->0.0B(207.0M) Survivors: 13.0M->29.0M Heap: 1011.5M(2048.0M)->934.5M(2048.0M)]
 [Times: user=0.56 sys=0.00, real=0.15 secs] 
540.536: [GC pause (young), 0.1807518 secs]
   [Parallel Time: 178.9 ms, GC Workers: 4]
      [GC Worker Start (ms): Min: 540536.6, Avg: 540536.6, Max: 540536.6, Diff: 0.0]
      [Ext Root Scanning (ms): Min: 1.2, Avg: 1.3, Max: 1.3, Diff: 0.0, Sum: 5.0]
      [Update RS (ms): Min: 46.5, Avg: 46.5, Max: 46.6, Diff: 0.1, Sum: 186.2]
         [Processed Buffers: Min: 201, Avg: 237.5, Max: 250, Diff: 49, Sum: 950]
      [Scan RS (ms): Min: 0.0, Avg: 0.1, Max: 0.1, Diff: 0.1, Sum: 0.4]
      [Object Copy (ms): Min: 130.9, Avg: 131.0, Max: 131.0, Diff: 0.0, Sum: 523.8]
      [Termination (ms): Min: 0.0, Avg: 0.0, Max: 0.0, Diff: 0.0, Sum: 0.0]
      [GC Worker Other (ms): Min: 0.0, Avg: 0.0, Max: 0.0, Diff: 0.0, Sum: 0.1]
      [GC Worker Total (ms): Min: 178.9, Avg: 178.9, Max: 178.9, Diff: 0.0, Sum: 715.5]
      [GC Worker End (ms): Min: 540715.5, Avg: 540715.5, Max: 540715.5, Diff: 0.0]
   [Code Root Fixup: 0.0 ms]
   [Clear CT: 0.1 ms]
   [Other: 1.8 ms]
      [Choose CSet: 0.0 ms]
      [Ref Proc: 0.2 ms]
      [Ref Enq: 0.0 ms]
      [Free CSet: 0.2 ms]
   [Eden: 207.0M(207.0M)->0.0B(188.0M) Survivors: 29.0M->30.0M Heap: 1141.5M(2048.0M)->1070.5M(2048.0M)]
 [Times: user=0.73 sys=0.00, real=0.18 secs] 
540.915: [GC pause (young) (initial-mark), 0.0836459 secs]
   [Parallel Time: 82.1 ms, GC Workers: 4]
      [GC Worker Start (ms): Min: 540915.0, Avg: 540915.0, Max: 540915.0, Diff: 0.0]
      [Ext Root Scanning (ms): Min: 1.2, Avg: 1.2, Max: 1.2, Diff: 0.0, Sum: 4.9]
      [Update RS (ms): Min: 19.9, Avg: 20.0, Max: 20.0, Diff: 0.1, Sum: 79.9]
         [Processed Buffers: Min: 172, Avg: 196.3, Max: 231, Diff: 59, Sum: 785]
      [Scan RS (ms): Min: 0.1, Avg: 0.2, Max: 0.2, Diff: 0.1, Sum: 0.6]
      [Object Copy (ms): Min: 60.7, Avg: 60.7, Max: 60.7, Diff: 0.0, Sum: 242.9]
      [Termination (ms): Min: 0.0, Avg: 0.0, Max: 0.0, Diff: 0.0, Sum: 0.0]
      [GC Worker Other (ms): Min: 0.0, Avg: 0.0, Max: 0.0, Diff: 0.0, Sum: 0.1]
      [GC Worker Total (ms): Min: 82.1, Avg: 82.1, Max: 82.1, Diff: 0.0, Sum: 328.3]
      [GC Worker End (ms): Min: 540997.1, Avg: 540997.1, Max: 540997.1, Diff: 0.0]
   [Code Root Fixup: 0.0 ms]
   [Clear CT: 0.1 ms]
   [Other: 1.4 ms]
      [Choose CSet: 0.0 ms]
      [Ref Proc: 0.0 ms]
      [Ref Enq: 0.0 ms]
      [Free CSet: 0.2 ms]
   [Eden: 188.0M(188.0M)->0.0B(289.0M) Survivors: 30.0M->28.0M Heap: 1258.5M(2048.0M)->1118.5M(2048.0M)]
 [Times: user=0.31 sys=0.00, real=0.08 secs] 
540.998: [GC concurrent-root-region-scan-start]
541.028: [GC concurrent-root-region-scan-end, 0.0298866 secs]
541.028: [GC concurrent-mark-start]
541.254: [GC pause (young), 0.1725927 secs]
   [Parallel Time: 170.9 ms, GC Workers: 4]
      [GC Worker Start (ms): Min: 541253.9, Avg: 541253.9, Max: 541253.9, Diff: 0.0]
      [Ext Root Scanning (ms): Min: 1.2, Avg: 1.2, Max: 1.3, Diff: 0.0, Sum: 5.0]
      [SATB Filtering (ms): Min: 0.0, Avg: 0.7, Max: 2.8, Diff: 2.8, Sum: 2.8]
      [Update RS (ms): Min: 18.3, Avg: 20.4, Max: 21.1, Diff: 2.8, Sum: 81.5]
         [Processed Buffers: Min: 110, Avg: 126.8, Max: 138, Diff: 28, Sum: 507]
      [Scan RS (ms): Min: 0.1, Avg: 0.1, Max: 0.1, Diff: 0.0, Sum: 0.5]
      [Object Copy (ms): Min: 148.4, Avg: 148.4, Max: 148.4, Diff: 0.1, Sum: 593.5]
      [Termination (ms): Min: 0.0, Avg: 0.0, Max: 0.0, Diff: 0.0, Sum: 0.0]
      [GC Worker Other (ms): Min: 0.0, Avg: 0.0, Max: 0.0, Diff: 0.0, Sum: 0.1]
      [GC Worker Total (ms): Min: 170.8, Avg: 170.8, Max: 170.8, Diff: 0.0, Sum: 683.4]
      [GC Worker End (ms): Min: 541424.7, Avg: 541424.7, Max: 541424.7, Diff: 0.0]
   [Code Root Fixup: 0.0 ms]
   [Clear CT: 0.1 ms]
   [Other: 1.6 ms]
      [Choose CSet: 0.0 ms]
      [Ref Proc: 0.0 ms]
      [Ref Enq: 0.0 ms]
      [Free CSet: 0.2 ms]
   [Eden: 289.0M(289.0M)->0.0B(215.0M) Survivors: 28.0M->40.0M Heap: 1407.5M(2048.0M)->1285.0M(2048.0M)]
 [Times: user=0.69 sys=0.00, real=0.17 secs] 
541.690: [GC concurrent-mark-end, 0.6614551 secs]
541.690: [GC remark 541.691: [GC ref-proc, 0.0018063 secs], 0.0033935 secs]
 [Times: user=0.02 sys=0.00, real=0.00 secs] 
541.694: [GC cleanup 1493M->838M(2048M), 0.0015587 secs]
 [Times: user=0.00 sys=0.00, real=0.00 secs] 
541.696: [GC concurrent-cleanup-start]
541.697: [GC concurrent-cleanup-end, 0.0007479 secs]
541.699: [GC pause (young), 0.0771809 secs]
   [Parallel Time: 75.6 ms, GC Workers: 4]
      [GC Worker Start (ms): Min: 541698.9, Avg: 541698.9, Max: 541698.9, Diff: 0.0]
      [Ext Root Scanning (ms): Min: 1.2, Avg: 1.3, Max: 1.3, Diff: 0.0, Sum: 5.0]
      [Update RS (ms): Min: 19.9, Avg: 19.9, Max: 19.9, Diff: 0.0, Sum: 79.5]
         [Processed Buffers: Min: 132, Avg: 145.5, Max: 157, Diff: 25, Sum: 582]
      [Scan RS (ms): Min: 2.1, Avg: 2.2, Max: 2.2, Diff: 0.1, Sum: 8.7]
      [Object Copy (ms): Min: 48.9, Avg: 49.7, Max: 52.3, Diff: 3.4, Sum: 198.9]
      [Termination (ms): Min: 0.0, Avg: 2.5, Max: 3.4, Diff: 3.4, Sum: 10.1]
      [GC Worker Other (ms): Min: 0.0, Avg: 0.0, Max: 0.0, Diff: 0.0, Sum: 0.1]
      [GC Worker Total (ms): Min: 75.6, Avg: 75.6, Max: 75.6, Diff: 0.0, Sum: 302.3]
      [GC Worker End (ms): Min: 541774.5, Avg: 541774.5, Max: 541774.5, Diff: 0.0]
   [Code Root Fixup: 0.0 ms]
   [Clear CT: 0.4 ms]
   [Other: 1.2 ms]
      [Choose CSet: 0.0 ms]
      [Ref Proc: 0.0 ms]
      [Ref Enq: 0.0 ms]
      [Free CSet: 0.2 ms]
   [Eden: 215.0M(215.0M)->0.0B(84.0M) Survivors: 40.0M->18.0M Heap: 845.0M(2048.0M)->648.0M(2048.0M)]
 [Times: user=0.28 sys=0.00, real=0.08 secs] 
541.849: [GC pause (mixed), 0.0693893 secs]
   [Parallel Time: 68.1 ms, GC Workers: 4]
      [GC Worker Start (ms): Min: 541849.0, Avg: 541849.1, Max: 541849.2, Diff: 0.1]
      [Ext Root Scanning (ms): Min: 1.2, Avg: 1.3, Max: 1.3, Diff: 0.1, Sum: 5.1]
      [Update RS (ms): Min: 22.4, Avg: 22.4, Max: 22.5, Diff: 0.1, Sum: 89.8]
         [Processed Buffers: Min: 191, Avg: 213.8, Max: 266, Diff: 75, Sum: 855]
      [Scan RS (ms): Min: 0.6, Avg: 0.6, Max: 0.6, Diff: 0.0, Sum: 2.5]
      [Object Copy (ms): Min: 43.5, Avg: 43.5, Max: 43.6, Diff: 0.0, Sum: 174.2]
      [Termination (ms): Min: 0.0, Avg: 0.0, Max: 0.0, Diff: 0.0, Sum: 0.0]
      [GC Worker Other (ms): Min: 0.0, Avg: 0.0, Max: 0.0, Diff: 0.0, Sum: 0.1]
      [GC Worker Total (ms): Min: 67.9, Avg: 67.9, Max: 68.0, Diff: 0.1, Sum: 271.6]
      [GC Worker End (ms): Min: 541917.0, Avg: 541917.0, Max: 541917.0, Diff: 0.0]
   [Code Root Fixup: 0.0 ms]
   [Clear CT: 0.2 ms]
   [Other: 1.1 ms]
      [Choose CSet: 0.0 ms]
      [Ref Proc: 0.0 ms]
      [Ref Enq: 0.0 ms]
      [Free CSet: 0.3 ms]
   [Eden: 84.0M(84.0M)->0.0B(513.0M) Survivors: 18.0M->13.0M Heap: 732.0M(2048.0M)->649.0M(2048.0M)]
 [Times: user=0.26 sys=0.00, real=0.07 secs] 
542.459: [GC pause (young), 0.2869864 secs]
   [Parallel Time: 283.7 ms, GC Workers: 4]
      [GC Worker Start (ms): Min: 542459.4, Avg: 542459.4, Max: 542459.4, Diff: 0.0]
      [Ext Root Scanning (ms): Min: 1.2, Avg: 1.2, Max: 1.2, Diff: 0.0, Sum: 4.9]
      [Update RS (ms): Min: 17.8, Avg: 17.8, Max: 17.9, Diff: 0.1, Sum: 71.3]
         [Processed Buffers: Min: 89, Avg: 90.0, Max: 92, Diff: 3, Sum: 360]
      [Scan RS (ms): Min: 0.1, Avg: 0.1, Max: 0.2, Diff: 0.1, Sum: 0.5]
      [Object Copy (ms): Min: 264.5, Avg: 264.5, Max: 264.5, Diff: 0.0, Sum: 1058.0]
      [Termination (ms): Min: 0.0, Avg: 0.0, Max: 0.0, Diff: 0.0, Sum: 0.0]
      [GC Worker Other (ms): Min: 0.0, Avg: 0.0, Max: 0.0, Diff: 0.0, Sum: 0.1]
      [GC Worker Total (ms): Min: 283.7, Avg: 283.7, Max: 283.7, Diff: 0.0, Sum: 1134.7]
      [GC Worker End (ms): Min: 542743.1, Avg: 542743.1, Max: 542743.1, Diff: 0.0]
   [Code Root Fixup: 0.0 ms]
   [Clear CT: 0.5 ms]
   [Other: 2.8 ms]
      [Choose CSet: 0.0 ms]
      [Ref Proc: 0.2 ms]
      [Ref Enq: 0.0 ms]
      [Free CSet: 0.4 ms]
   [Eden: 513.0M(513.0M)->0.0B(226.0M) Survivors: 13.0M->66.0M Heap: 1162.0M(2048.0M)->978.0M(2048.0M)]
 [Times: user=1.09 sys=0.00, real=0.29 secs] 
543.047: [GC pause (young), 0.1998452 secs]
   [Parallel Time: 197.2 ms, GC Workers: 4]
      [GC Worker Start (ms): Min: 543047.5, Avg: 543047.5, Max: 543047.5, Diff: 0.0]
      [Ext Root Scanning (ms): Min: 1.2, Avg: 1.2, Max: 1.2, Diff: 0.0, Sum: 4.9]
      [Update RS (ms): Min: 19.8, Avg: 20.7, Max: 22.1, Diff: 2.3, Sum: 82.7]
         [Processed Buffers: Min: 206, Avg: 259.3, Max: 284, Diff: 78, Sum: 1037]
      [Scan RS (ms): Min: 31.3, Avg: 32.7, Max: 33.6, Diff: 2.3, Sum: 130.8]
      [Object Copy (ms): Min: 142.5, Avg: 142.5, Max: 142.5, Diff: 0.1, Sum: 570.0]
      [Termination (ms): Min: 0.0, Avg: 0.0, Max: 0.0, Diff: 0.0, Sum: 0.0]
      [GC Worker Other (ms): Min: 0.0, Avg: 0.0, Max: 0.0, Diff: 0.0, Sum: 0.1]
      [GC Worker Total (ms): Min: 197.1, Avg: 197.1, Max: 197.1, Diff: 0.0, Sum: 788.5]
      [GC Worker End (ms): Min: 543244.6, Avg: 543244.6, Max: 543244.6, Diff: 0.0]
   [Code Root Fixup: 0.0 ms]
   [Clear CT: 0.1 ms]
   [Other: 2.6 ms]
      [Choose CSet: 0.0 ms]
      [Ref Proc: 0.0 ms]
      [Ref Enq: 0.0 ms]
      [Free CSet: 0.2 ms]
   [Eden: 140.0M(36.0M)->0.0B(199.0M) Survivors: 66.0M->13.0M Heap: 1118.0M(2048.0M)->1076.0M(2048.0M)]
 [Times: user=0.78 sys=0.00, real=0.20 secs] 
543.623: [GC pause (young) (initial-mark), 0.1816983 secs]
   [Parallel Time: 179.5 ms, GC Workers: 4]
      [GC Worker Start (ms): Min: 543623.2, Avg: 543623.2, Max: 543623.2, Diff: 0.1]
      [Ext Root Scanning (ms): Min: 1.2, Avg: 1.2, Max: 1.3, Diff: 0.1, Sum: 5.0]
      [Update RS (ms): Min: 30.3, Avg: 30.3, Max: 30.3, Diff: 0.1, Sum: 121.1]
         [Processed Buffers: Min: 234, Avg: 318.8, Max: 365, Diff: 131, Sum: 1275]
      [Scan RS (ms): Min: 2.8, Avg: 2.8, Max: 2.9, Diff: 0.1, Sum: 11.4]
      [Object Copy (ms): Min: 145.0, Avg: 145.0, Max: 145.1, Diff: 0.1, Sum: 580.1]
      [Termination (ms): Min: 0.0, Avg: 0.0, Max: 0.0, Diff: 0.0, Sum: 0.0]
      [GC Worker Other (ms): Min: 0.0, Avg: 0.0, Max: 0.0, Diff: 0.0, Sum: 0.1]
      [GC Worker Total (ms): Min: 179.4, Avg: 179.4, Max: 179.4, Diff: 0.1, Sum: 717.7]
      [GC Worker End (ms): Min: 543802.6, Avg: 543802.6, Max: 543802.6, Diff: 0.0]
   [Code Root Fixup: 0.0 ms]
   [Clear CT: 0.2 ms]
   [Other: 2.0 ms]
      [Choose CSet: 0.0 ms]
      [Ref Proc: 0.0 ms]
      [Ref Enq: 0.0 ms]
      [Free CSet: 0.2 ms]
   [Eden: 199.0M(199.0M)->0.0B(165.0M) Survivors: 13.0M->27.0M Heap: 1275.0M(2048.0M)->1245.5M(2048.0M)]
 [Times: user=0.66 sys=0.00, real=0.18 secs] 
543.805: [GC concurrent-root-region-scan-start]
543.842: [GC concurrent-root-region-scan-end, 0.0374822 secs]
543.842: [GC concurrent-mark-start]
544.025: [GC pause (young), 0.0649704 secs]
   [Parallel Time: 63.5 ms, GC Workers: 4]
      [GC Worker Start (ms): Min: 544025.8, Avg: 544025.8, Max: 544025.8, Diff: 0.0]
      [Ext Root Scanning (ms): Min: 0.6, Avg: 1.3, Max: 1.5, Diff: 0.9, Sum: 5.1]
      [SATB Filtering (ms): Min: 0.0, Avg: 0.2, Max: 0.9, Diff: 0.9, Sum: 0.9]
      [Update RS (ms): Min: 15.8, Avg: 16.6, Max: 17.3, Diff: 1.5, Sum: 66.4]
         [Processed Buffers: Min: 134, Avg: 187.5, Max: 322, Diff: 188, Sum: 750]
      [Scan RS (ms): Min: 2.1, Avg: 2.5, Max: 2.8, Diff: 0.7, Sum: 10.2]
      [Object Copy (ms): Min: 42.5, Avg: 42.8, Max: 43.4, Diff: 0.9, Sum: 171.2]
      [Termination (ms): Min: 0.0, Avg: 0.0, Max: 0.0, Diff: 0.0, Sum: 0.0]
      [GC Worker Other (ms): Min: 0.0, Avg: 0.0, Max: 0.0, Diff: 0.0, Sum: 0.1]
      [GC Worker Total (ms): Min: 63.4, Avg: 63.5, Max: 63.5, Diff: 0.0, Sum: 253.8]
      [GC Worker End (ms): Min: 544089.3, Avg: 544089.3, Max: 544089.3, Diff: 0.0]
   [Code Root Fixup: 0.0 ms]
   [Clear CT: 0.1 ms]
   [Other: 1.4 ms]
      [Choose CSet: 0.0 ms]
      [Ref Proc: 0.1 ms]
      [Ref Enq: 0.0 ms]
      [Free CSet: 0.2 ms]
   [Eden: 165.0M(165.0M)->0.0B(239.0M) Survivors: 27.0M->22.0M Heap: 1410.5M(2048.0M)->1268.5M(2048.0M)]
 [Times: user=0.23 sys=0.00, real=0.07 secs] 
544.293: [GC pause (young), 0.1148590 secs]
   [Parallel Time: 113.5 ms, GC Workers: 4]
      [GC Worker Start (ms): Min: 544293.6, Avg: 544293.6, Max: 544293.6, Diff: 0.0]
      [Ext Root Scanning (ms): Min: 1.2, Avg: 1.2, Max: 1.3, Diff: 0.0, Sum: 5.0]
      [SATB Filtering (ms): Min: 0.0, Avg: 0.7, Max: 2.7, Diff: 2.7, Sum: 2.7]
      [Update RS (ms): Min: 13.2, Avg: 15.3, Max: 16.1, Diff: 2.9, Sum: 61.1]
         [Processed Buffers: Min: 110, Avg: 118.8, Max: 126, Diff: 16, Sum: 475]
      [Scan RS (ms): Min: 0.0, Avg: 0.2, Max: 0.2, Diff: 0.2, Sum: 0.7]
      [Object Copy (ms): Min: 96.1, Avg: 96.1, Max: 96.1, Diff: 0.0, Sum: 384.4]
      [Termination (ms): Min: 0.0, Avg: 0.0, Max: 0.0, Diff: 0.0, Sum: 0.0]
      [GC Worker Other (ms): Min: 0.0, Avg: 0.0, Max: 0.0, Diff: 0.0, Sum: 0.1]
      [GC Worker Total (ms): Min: 113.5, Avg: 113.5, Max: 113.5, Diff: 0.0, Sum: 453.9]
      [GC Worker End (ms): Min: 544407.1, Avg: 544407.1, Max: 544407.1, Diff: 0.0]
   [Code Root Fixup: 0.0 ms]
   [Clear CT: 0.1 ms]
   [Other: 1.2 ms]
      [Choose CSet: 0.0 ms]
      [Ref Proc: 0.1 ms]
      [Ref Enq: 0.0 ms]
      [Free CSet: 0.2 ms]
   [Eden: 239.0M(239.0M)->0.0B(254.0M) Survivors: 22.0M->33.0M Heap: 1507.5M(2048.0M)->1371.5M(2048.0M)]
 [Times: user=0.48 sys=0.00, real=0.12 secs] 
544.464: [GC concurrent-mark-end, 0.6214665 secs]
544.468: [GC remark 544.468: [GC ref-proc, 0.0017223 secs], 0.0031270 secs]
 [Times: user=0.02 sys=0.00, real=0.00 secs] 
544.471: [GC cleanup 1419M->634M(2048M), 0.0014099 secs]
 [Times: user=0.00 sys=0.00, real=0.00 secs] 
544.473: [GC concurrent-cleanup-start]
544.474: [GC concurrent-cleanup-end, 0.0008332 secs]
544.672: [GC pause (young), 0.2049161 secs]
   [Parallel Time: 203.0 ms, GC Workers: 4]
      [GC Worker Start (ms): Min: 544671.8, Avg: 544671.8, Max: 544671.8, Diff: 0.0]
      [Ext Root Scanning (ms): Min: 1.2, Avg: 1.3, Max: 1.4, Diff: 0.1, Sum: 5.2]
      [Update RS (ms): Min: 33.9, Avg: 34.0, Max: 34.1, Diff: 0.2, Sum: 136.1]
         [Processed Buffers: Min: 170, Avg: 178.8, Max: 185, Diff: 15, Sum: 715]
      [Scan RS (ms): Min: 0.2, Avg: 0.2, Max: 0.2, Diff: 0.0, Sum: 0.8]
      [Object Copy (ms): Min: 167.5, Avg: 167.5, Max: 167.5, Diff: 0.0, Sum: 669.9]
      [Termination (ms): Min: 0.0, Avg: 0.0, Max: 0.0, Diff: 0.0, Sum: 0.0]
      [GC Worker Other (ms): Min: 0.0, Avg: 0.0, Max: 0.0, Diff: 0.0, Sum: 0.1]
      [GC Worker Total (ms): Min: 203.0, Avg: 203.0, Max: 203.0, Diff: 0.0, Sum: 812.0]
      [GC Worker End (ms): Min: 544874.8, Avg: 544874.8, Max: 544874.8, Diff: 0.0]
   [Code Root Fixup: 0.0 ms]
   [Clear CT: 0.1 ms]
   [Other: 1.8 ms]
      [Choose CSet: 0.0 ms]
      [Ref Proc: 0.0 ms]
      [Ref Enq: 0.0 ms]
      [Free CSet: 0.2 ms]
   [Eden: 254.0M(254.0M)->0.0B(66.0M) Survivors: 33.0M->36.0M Heap: 840.5M(2048.0M)->768.5M(2048.0M)]
 [Times: user=0.80 sys=0.00, real=0.20 secs] 
545.022: [GC pause (mixed), 0.0719573 secs]
   [Parallel Time: 69.8 ms, GC Workers: 4]
      [GC Worker Start (ms): Min: 545022.4, Avg: 545022.4, Max: 545022.5, Diff: 0.0]
      [Ext Root Scanning (ms): Min: 1.2, Avg: 1.3, Max: 1.3, Diff: 0.1, Sum: 5.2]
      [Update RS (ms): Min: 21.3, Avg: 21.3, Max: 21.3, Diff: 0.0, Sum: 85.1]
         [Processed Buffers: Min: 117, Avg: 119.5, Max: 125, Diff: 8, Sum: 478]
      [Scan RS (ms): Min: 0.9, Avg: 0.9, Max: 0.9, Diff: 0.1, Sum: 3.7]
      [Object Copy (ms): Min: 42.9, Avg: 43.7, Max: 46.1, Diff: 3.3, Sum: 174.8]
      [Termination (ms): Min: 0.0, Avg: 2.3, Max: 3.1, Diff: 3.1, Sum: 9.4]
      [GC Worker Other (ms): Min: 0.0, Avg: 0.1, Max: 0.3, Diff: 0.3, Sum: 0.3]
      [GC Worker Total (ms): Min: 69.5, Avg: 69.6, Max: 69.8, Diff: 0.3, Sum: 278.5]
      [GC Worker End (ms): Min: 545092.0, Avg: 545092.1, Max: 545092.2, Diff: 0.2]
   [Code Root Fixup: 0.0 ms]
   [Clear CT: 0.5 ms]
   [Other: 1.6 ms]
      [Choose CSet: 0.0 ms]
      [Ref Proc: 0.4 ms]
      [Ref Enq: 0.0 ms]
      [Free CSet: 0.3 ms]
   [Eden: 66.0M(66.0M)->0.0B(275.0M) Survivors: 36.0M->6144.0K Heap: 834.5M(2048.0M)->719.5M(2048.0M)]
 [Times: user=0.23 sys=0.00, real=0.07 secs] 
545.350: [GC pause (young), 0.1661671 secs]
   [Parallel Time: 164.4 ms, GC Workers: 4]
      [GC Worker Start (ms): Min: 545350.8, Avg: 545350.8, Max: 545350.8, Diff: 0.0]
      [Ext Root Scanning (ms): Min: 1.2, Avg: 1.3, Max: 1.3, Diff: 0.0, Sum: 5.1]
      [Update RS (ms): Min: 14.6, Avg: 14.6, Max: 14.6, Diff: 0.0, Sum: 58.4]
         [Processed Buffers: Min: 163, Avg: 244.8, Max: 305, Diff: 142, Sum: 979]
      [Scan RS (ms): Min: 0.1, Avg: 0.1, Max: 0.1, Diff: 0.0, Sum: 0.4]
      [Object Copy (ms): Min: 148.3, Avg: 148.3, Max: 148.4, Diff: 0.0, Sum: 593.4]
      [Termination (ms): Min: 0.0, Avg: 0.0, Max: 0.0, Diff: 0.0, Sum: 0.0]
      [GC Worker Other (ms): Min: 0.0, Avg: 0.0, Max: 0.0, Diff: 0.0, Sum: 0.1]
      [GC Worker Total (ms): Min: 164.3, Avg: 164.3, Max: 164.3, Diff: 0.0, Sum: 657.3]
      [GC Worker End (ms): Min: 545515.1, Avg: 545515.1, Max: 545515.1, Diff: 0.0]
   [Code Root Fixup: 0.0 ms]
   [Clear CT: 0.1 ms]
   [Other: 1.7 ms]
      [Choose CSet: 0.0 ms]
      [Ref Proc: 0.1 ms]
      [Ref Enq: 0.0 ms]
      [Free CSet: 0.2 ms]
   [Eden: 275.0M(275.0M)->0.0B(184.0M) Survivors: 6144.0K->36.0M Heap: 994.5M(2048.0M)->904.0M(2048.0M)]
 [Times: user=0.67 sys=0.00, real=0.17 secs] 
545.733: [GC pause (young), 0.1131980 secs]
   [Parallel Time: 111.3 ms, GC Workers: 4]
      [GC Worker Start (ms): Min: 545733.1, Avg: 545733.2, Max: 545733.4, Diff: 0.2]
      [Ext Root Scanning (ms): Min: 1.1, Avg: 1.2, Max: 1.3, Diff: 0.2, Sum: 4.9]
      [Update RS (ms): Min: 17.3, Avg: 17.5, Max: 17.9, Diff: 0.6, Sum: 70.0]
         [Processed Buffers: Min: 125, Avg: 202.8, Max: 371, Diff: 246, Sum: 811]
      [Scan RS (ms): Min: 4.9, Avg: 5.4, Max: 5.6, Diff: 0.6, Sum: 21.5]
      [Object Copy (ms): Min: 87.1, Avg: 87.2, Max: 87.2, Diff: 0.1, Sum: 348.6]
      [Termination (ms): Min: 0.0, Avg: 0.0, Max: 0.0, Diff: 0.0, Sum: 0.0]
      [GC Worker Other (ms): Min: 0.0, Avg: 0.0, Max: 0.0, Diff: 0.0, Sum: 0.1]
      [GC Worker Total (ms): Min: 111.1, Avg: 111.3, Max: 111.3, Diff: 0.2, Sum: 445.1]
      [GC Worker End (ms): Min: 545844.5, Avg: 545844.5, Max: 545844.5, Diff: 0.0]
   [Code Root Fixup: 0.0 ms]
   [Clear CT: 0.1 ms]
   [Other: 1.7 ms]
      [Choose CSet: 0.0 ms]
      [Ref Proc: 0.0 ms]
      [Ref Enq: 0.0 ms]
      [Free CSet: 0.2 ms]
   [Eden: 184.0M(184.0M)->0.0B(208.0M) Survivors: 36.0M->28.0M Heap: 1088.0M(2048.0M)->970.5M(2048.0M)]
 [Times: user=0.42 sys=0.00, real=0.11 secs] 
546.045: [GC pause (young) (initial-mark), 0.1189960 secs]
   [Parallel Time: 117.1 ms, GC Workers: 4]
      [GC Worker Start (ms): Min: 546045.5, Avg: 546045.6, Max: 546045.7, Diff: 0.2]
      [Ext Root Scanning (ms): Min: 1.2, Avg: 1.3, Max: 1.4, Diff: 0.2, Sum: 5.2]
      [Update RS (ms): Min: 18.1, Avg: 18.3, Max: 18.4, Diff: 0.3, Sum: 73.4]
         [Processed Buffers: Min: 133, Avg: 145.5, Max: 154, Diff: 21, Sum: 582]
      [Scan RS (ms): Min: 1.0, Avg: 1.0, Max: 1.0, Diff: 0.0, Sum: 4.0]
      [Object Copy (ms): Min: 96.3, Avg: 96.4, Max: 96.5, Diff: 0.2, Sum: 385.4]
      [Termination (ms): Min: 0.0, Avg: 0.0, Max: 0.0, Diff: 0.0, Sum: 0.0]
      [GC Worker Other (ms): Min: 0.0, Avg: 0.0, Max: 0.0, Diff: 0.0, Sum: 0.1]
      [GC Worker Total (ms): Min: 116.9, Avg: 117.0, Max: 117.1, Diff: 0.2, Sum: 468.0]
      [GC Worker End (ms): Min: 546162.6, Avg: 546162.6, Max: 546162.6, Diff: 0.0]
   [Code Root Fixup: 0.0 ms]
   [Clear CT: 0.2 ms]
   [Other: 1.7 ms]
      [Choose CSet: 0.0 ms]
      [Ref Proc: 0.3 ms]
      [Ref Enq: 0.0 ms]
      [Free CSet: 0.2 ms]
   [Eden: 208.0M(208.0M)->0.0B(270.0M) Survivors: 28.0M->30.0M Heap: 1178.5M(2048.0M)->1062.5M(2048.0M)]
 [Times: user=0.42 sys=0.02, real=0.12 secs] 
546.164: [GC concurrent-root-region-scan-start]
546.196: [GC concurrent-root-region-scan-end, 0.0312824 secs]
546.196: [GC concurrent-mark-start]
546.391: [GC pause (young), 0.1168330 secs]
   [Parallel Time: 115.2 ms, GC Workers: 4]
      [GC Worker Start (ms): Min: 546391.5, Avg: 546391.5, Max: 546391.5, Diff: 0.0]
      [Ext Root Scanning (ms): Min: 1.2, Avg: 1.2, Max: 1.2, Diff: 0.0, Sum: 4.9]
      [SATB Filtering (ms): Min: 0.0, Avg: 0.8, Max: 3.0, Diff: 3.0, Sum: 3.0]
      [Update RS (ms): Min: 18.8, Avg: 21.0, Max: 21.8, Diff: 3.0, Sum: 84.1]
         [Processed Buffers: Min: 146, Avg: 163.3, Max: 185, Diff: 39, Sum: 653]
      [Scan RS (ms): Min: 0.1, Avg: 0.2, Max: 0.2, Diff: 0.0, Sum: 0.7]
      [Object Copy (ms): Min: 92.0, Avg: 92.0, Max: 92.0, Diff: 0.0, Sum: 368.1]
      [Termination (ms): Min: 0.0, Avg: 0.0, Max: 0.0, Diff: 0.0, Sum: 0.0]
      [GC Worker Other (ms): Min: 0.0, Avg: 0.0, Max: 0.0, Diff: 0.0, Sum: 0.1]
      [GC Worker Total (ms): Min: 115.2, Avg: 115.2, Max: 115.2, Diff: 0.0, Sum: 460.8]
      [GC Worker End (ms): Min: 546506.7, Avg: 546506.7, Max: 546506.7, Diff: 0.0]
   [Code Root Fixup: 0.0 ms]
   [Clear CT: 0.1 ms]
   [Other: 1.5 ms]
      [Choose CSet: 0.0 ms]
      [Ref Proc: 0.2 ms]
      [Ref Enq: 0.0 ms]
      [Free CSet: 0.3 ms]
   [Eden: 270.0M(270.0M)->0.0B(296.0M) Survivors: 30.0M->38.0M Heap: 1332.5M(2048.0M)->1152.0M(2048.0M)]
 [Times: user=0.44 sys=0.00, real=0.12 secs] 
546.738: [GC concurrent-mark-end, 0.5428305 secs]
546.739: [GC remark 546.740: [GC ref-proc, 0.0017367 secs], 0.0041187 secs]
 [Times: user=0.00 sys=0.00, real=0.00 secs] 
546.743: [GC cleanup 1386M->738M(2048M), 0.0012361 secs]
 [Times: user=0.00 sys=0.00, real=0.00 secs] 
546.745: [GC concurrent-cleanup-start]
546.745: [GC concurrent-cleanup-end, 0.0007332 secs]
546.809: [GC pause (young), 0.2119999 secs]
   [Parallel Time: 210.0 ms, GC Workers: 4]
      [GC Worker Start (ms): Min: 546809.3, Avg: 546809.3, Max: 546809.3, Diff: 0.0]
      [Ext Root Scanning (ms): Min: 1.3, Avg: 1.3, Max: 1.3, Diff: 0.0, Sum: 5.0]
      [Update RS (ms): Min: 35.1, Avg: 35.2, Max: 35.2, Diff: 0.1, Sum: 140.7]
         [Processed Buffers: Min: 189, Avg: 197.0, Max: 205, Diff: 16, Sum: 788]
      [Scan RS (ms): Min: 0.1, Avg: 0.1, Max: 0.1, Diff: 0.0, Sum: 0.4]
      [Object Copy (ms): Min: 166.5, Avg: 168.3, Max: 173.4, Diff: 6.9, Sum: 673.0]
      [Termination (ms): Min: 0.0, Avg: 5.2, Max: 6.9, Diff: 6.9, Sum: 20.6]
      [GC Worker Other (ms): Min: 0.0, Avg: 0.0, Max: 0.0, Diff: 0.0, Sum: 0.1]
      [GC Worker Total (ms): Min: 210.0, Avg: 210.0, Max: 210.0, Diff: 0.0, Sum: 839.9]
      [GC Worker End (ms): Min: 547019.3, Avg: 547019.3, Max: 547019.3, Diff: 0.0]
   [Code Root Fixup: 0.0 ms]
   [Clear CT: 0.1 ms]
   [Other: 1.9 ms]
      [Choose CSet: 0.0 ms]
      [Ref Proc: 0.0 ms]
      [Ref Enq: 0.0 ms]
      [Free CSet: 0.4 ms]
   [Eden: 296.0M(296.0M)->0.0B(198.0M) Survivors: 38.0M->42.0M Heap: 800.0M(2048.0M)->673.0M(2048.0M)]
 [Times: user=0.84 sys=0.00, real=0.21 secs] 
547.260: [GC pause (young), 0.1110758 secs]
   [Parallel Time: 109.3 ms, GC Workers: 4]
      [GC Worker Start (ms): Min: 547260.8, Avg: 547260.8, Max: 547260.8, Diff: 0.0]
      [Ext Root Scanning (ms): Min: 1.2, Avg: 1.2, Max: 1.2, Diff: 0.0, Sum: 4.9]
      [Update RS (ms): Min: 16.6, Avg: 17.0, Max: 17.9, Diff: 1.3, Sum: 68.1]
         [Processed Buffers: Min: 146, Avg: 193.8, Max: 226, Diff: 80, Sum: 775]
      [Scan RS (ms): Min: 2.3, Avg: 3.1, Max: 3.5, Diff: 1.2, Sum: 12.5]
      [Object Copy (ms): Min: 87.8, Avg: 87.9, Max: 87.9, Diff: 0.1, Sum: 351.4]
      [Termination (ms): Min: 0.0, Avg: 0.0, Max: 0.0, Diff: 0.0, Sum: 0.0]
      [GC Worker Other (ms): Min: 0.0, Avg: 0.0, Max: 0.0, Diff: 0.0, Sum: 0.1]
      [GC Worker Total (ms): Min: 109.2, Avg: 109.2, Max: 109.3, Diff: 0.0, Sum: 437.0]
      [GC Worker End (ms): Min: 547370.0, Avg: 547370.0, Max: 547370.0, Diff: 0.0]
   [Code Root Fixup: 0.0 ms]
   [Clear CT: 0.1 ms]
   [Other: 1.7 ms]
      [Choose CSet: 0.0 ms]
      [Ref Proc: 0.1 ms]
      [Ref Enq: 0.0 ms]
      [Free CSet: 0.2 ms]
   [Eden: 198.0M(198.0M)->0.0B(280.0M) Survivors: 42.0M->30.0M Heap: 871.0M(2048.0M)->742.0M(2048.0M)]
 [Times: user=0.45 sys=0.00, real=0.11 secs] 
547.674: [GC pause (young), 0.2059152 secs]
   [Parallel Time: 202.8 ms, GC Workers: 4]
      [GC Worker Start (ms): Min: 547673.9, Avg: 547673.9, Max: 547673.9, Diff: 0.0]
      [Ext Root Scanning (ms): Min: 1.2, Avg: 1.2, Max: 1.2, Diff: 0.0, Sum: 4.9]
      [Update RS (ms): Min: 24.1, Avg: 24.2, Max: 24.6, Diff: 0.5, Sum: 96.8]
         [Processed Buffers: Min: 163, Avg: 170.3, Max: 187, Diff: 24, Sum: 681]
      [Scan RS (ms): Min: 0.0, Avg: 0.2, Max: 0.3, Diff: 0.3, Sum: 1.0]
      [Object Copy (ms): Min: 176.9, Avg: 177.0, Max: 177.1, Diff: 0.2, Sum: 708.2]
      [Termination (ms): Min: 0.0, Avg: 0.0, Max: 0.0, Diff: 0.0, Sum: 0.0]
      [GC Worker Other (ms): Min: 0.0, Avg: 0.0, Max: 0.0, Diff: 0.0, Sum: 0.1]
      [GC Worker Total (ms): Min: 202.7, Avg: 202.7, Max: 202.7, Diff: 0.0, Sum: 811.0]
      [GC Worker End (ms): Min: 547876.6, Avg: 547876.6, Max: 547876.6, Diff: 0.0]
   [Code Root Fixup: 0.0 ms]
   [Clear CT: 1.1 ms]
   [Other: 2.0 ms]
      [Choose CSet: 0.0 ms]
      [Ref Proc: 0.1 ms]
      [Ref Enq: 0.0 ms]
      [Free CSet: 0.3 ms]
   [Eden: 280.0M(280.0M)->0.0B(202.0M) Survivors: 30.0M->39.0M Heap: 1022.0M(2048.0M)->932.0M(2048.0M)]
 [Times: user=0.76 sys=0.00, real=0.21 secs] 
548.132: [GC pause (young), 0.1159017 secs]
   [Parallel Time: 112.2 ms, GC Workers: 4]
      [GC Worker Start (ms): Min: 548132.5, Avg: 548134.2, Max: 548139.5, Diff: 7.0]
      [Ext Root Scanning (ms): Min: 0.1, Avg: 1.3, Max: 1.7, Diff: 1.7, Sum: 5.1]
      [Update RS (ms): Min: 12.5, Avg: 16.5, Max: 17.9, Diff: 5.4, Sum: 65.9]
         [Processed Buffers: Min: 173, Avg: 202.0, Max: 232, Diff: 59, Sum: 808]
      [Scan RS (ms): Min: 5.4, Avg: 5.5, Max: 5.5, Diff: 0.1, Sum: 21.9]
      [Object Copy (ms): Min: 84.9, Avg: 85.0, Max: 85.1, Diff: 0.1, Sum: 340.1]
      [Termination (ms): Min: 0.0, Avg: 0.0, Max: 0.0, Diff: 0.0, Sum: 0.0]
      [GC Worker Other (ms): Min: 0.0, Avg: 0.0, Max: 0.0, Diff: 0.0, Sum: 0.1]
      [GC Worker Total (ms): Min: 103.0, Avg: 108.3, Max: 110.0, Diff: 7.0, Sum: 433.1]
      [GC Worker End (ms): Min: 548242.5, Avg: 548242.5, Max: 548242.5, Diff: 0.0]
   [Code Root Fixup: 0.0 ms]
   [Clear CT: 0.1 ms]
   [Other: 3.6 ms]
      [Choose CSet: 0.0 ms]
      [Ref Proc: 1.9 ms]
      [Ref Enq: 0.0 ms]
      [Free CSet: 0.2 ms]
   [Eden: 202.0M(202.0M)->0.0B(238.0M) Survivors: 39.0M->31.0M Heap: 1134.0M(2048.0M)->1001.0M(2048.0M)]
 [Times: user=0.44 sys=0.00, real=0.12 secs] 
548.483: [GC pause (young) (initial-mark), 0.0989045 secs]
   [Parallel Time: 97.4 ms, GC Workers: 4]
      [GC Worker Start (ms): Min: 548483.5, Avg: 548489.1, Max: 548506.0, Diff: 22.5]
      [Ext Root Scanning (ms): Min: 0.1, Avg: 1.3, Max: 1.8, Diff: 1.7, Sum: 5.1]
      [Update RS (ms): Min: 2.0, Avg: 17.4, Max: 22.7, Diff: 20.7, Sum: 69.6]
         [Processed Buffers: Min: 50, Avg: 149.0, Max: 203, Diff: 153, Sum: 596]
      [Scan RS (ms): Min: 0.2, Avg: 0.3, Max: 0.3, Diff: 0.2, Sum: 1.2]
      [Object Copy (ms): Min: 72.5, Avg: 72.8, Max: 72.9, Diff: 0.4, Sum: 291.0]
      [Termination (ms): Min: 0.0, Avg: 0.0, Max: 0.0, Diff: 0.0, Sum: 0.0]
      [GC Worker Other (ms): Min: 0.0, Avg: 0.0, Max: 0.0, Diff: 0.0, Sum: 0.1]
      [GC Worker Total (ms): Min: 74.9, Avg: 91.8, Max: 97.4, Diff: 22.5, Sum: 367.0]
      [GC Worker End (ms): Min: 548580.8, Avg: 548580.8, Max: 548580.8, Diff: 0.0]
   [Code Root Fixup: 0.0 ms]
   [Clear CT: 0.1 ms]
   [Other: 1.4 ms]
      [Choose CSet: 0.0 ms]
      [Ref Proc: 0.0 ms]
      [Ref Enq: 0.0 ms]
      [Free CSet: 0.3 ms]
   [Eden: 238.0M(238.0M)->0.0B(324.0M) Survivors: 31.0M->34.0M Heap: 1239.0M(2048.0M)->1065.5M(2048.0M)]
 [Times: user=0.36 sys=0.00, real=0.10 secs] 
548.582: [GC concurrent-root-region-scan-start]
548.618: [GC concurrent-root-region-scan-end, 0.0357731 secs]
548.618: [GC concurrent-mark-start]
548.902: [GC pause (young), 0.1637809 secs]
   [Parallel Time: 162.1 ms, GC Workers: 4]
      [GC Worker Start (ms): Min: 548902.6, Avg: 548908.0, Max: 548924.1, Diff: 21.5]
      [Ext Root Scanning (ms): Min: 0.1, Avg: 1.3, Max: 1.8, Diff: 1.7, Sum: 5.3]
      [SATB Filtering (ms): Min: 0.0, Avg: 0.7, Max: 2.8, Diff: 2.8, Sum: 2.8]
      [Update RS (ms): Min: 5.2, Avg: 19.4, Max: 25.1, Diff: 19.8, Sum: 77.6]
         [Processed Buffers: Min: 46, Avg: 122.3, Max: 152, Diff: 106, Sum: 489]
      [Scan RS (ms): Min: 0.1, Avg: 0.2, Max: 0.2, Diff: 0.2, Sum: 0.8]
      [Object Copy (ms): Min: 134.6, Avg: 134.7, Max: 134.7, Diff: 0.2, Sum: 538.7]
      [Termination (ms): Min: 0.0, Avg: 0.0, Max: 0.0, Diff: 0.0, Sum: 0.0]
      [GC Worker Other (ms): Min: 0.0, Avg: 0.0, Max: 0.0, Diff: 0.0, Sum: 0.1]
      [GC Worker Total (ms): Min: 140.2, Avg: 156.3, Max: 161.7, Diff: 21.5, Sum: 625.2]
      [GC Worker End (ms): Min: 549064.3, Avg: 549064.3, Max: 549064.3, Diff: 0.0]
   [Code Root Fixup: 0.0 ms]
   [Clear CT: 0.1 ms]
   [Other: 1.6 ms]
      [Choose CSet: 0.0 ms]
      [Ref Proc: 0.0 ms]
      [Ref Enq: 0.0 ms]
      [Free CSet: 0.3 ms]
   [Eden: 324.0M(324.0M)->0.0B(271.0M) Survivors: 34.0M->45.0M Heap: 1389.5M(2048.0M)->1207.5M(2048.0M)]
 [Times: user=0.61 sys=0.00, real=0.16 secs] 
549.244: [GC concurrent-mark-end, 0.6258963 secs]
549.244: [GC remark 549.245: [GC ref-proc, 0.0019785 secs], 0.0052258 secs]
 [Times: user=0.00 sys=0.00, real=0.01 secs] 
549.254: [GC cleanup 1383M->777M(2048M), 0.0020635 secs]
 [Times: user=0.00 sys=0.00, real=0.00 secs] 
549.257: [GC concurrent-cleanup-start]
549.257: [GC concurrent-cleanup-end, 0.0007203 secs]
549.343: [GC pause (young), 0.1273700 secs]
   [Parallel Time: 122.8 ms, GC Workers: 4]
      [GC Worker Start (ms): Min: 549343.8, Avg: 549350.3, Max: 549369.8, Diff: 26.0]
      [Ext Root Scanning (ms): Min: 0.1, Avg: 2.0, Max: 3.1, Diff: 3.0, Sum: 7.9]
      [Update RS (ms): Min: 5.9, Avg: 22.4, Max: 29.5, Diff: 23.6, Sum: 89.5]
         [Processed Buffers: Min: 91, Avg: 192.8, Max: 240, Diff: 149, Sum: 771]
      [Scan RS (ms): Min: 0.6, Avg: 0.6, Max: 0.7, Diff: 0.0, Sum: 2.6]
      [Object Copy (ms): Min: 89.8, Avg: 91.1, Max: 94.3, Diff: 4.5, Sum: 364.3]
      [Termination (ms): Min: 0.0, Avg: 0.0, Max: 0.0, Diff: 0.0, Sum: 0.0]
      [GC Worker Other (ms): Min: 0.0, Avg: 0.0, Max: 0.0, Diff: 0.0, Sum: 0.1]
      [GC Worker Total (ms): Min: 96.6, Avg: 116.1, Max: 122.6, Diff: 26.0, Sum: 464.3]
      [GC Worker End (ms): Min: 549466.4, Avg: 549466.4, Max: 549466.4, Diff: 0.0]
   [Code Root Fixup: 0.0 ms]
   [Clear CT: 0.1 ms]
   [Other: 4.5 ms]
      [Choose CSet: 0.0 ms]
      [Ref Proc: 1.4 ms]
      [Ref Enq: 0.0 ms]
      [Free CSet: 0.3 ms]
   [Eden: 271.0M(271.0M)->0.0B(62.0M) Survivors: 45.0M->40.0M Heap: 872.5M(2048.0M)->671.5M(2048.0M)]
 [Times: user=0.47 sys=0.00, real=0.13 secs] 
549.522: [GC pause (mixed), 0.0653187 secs]
   [Parallel Time: 63.7 ms, GC Workers: 4]
      [GC Worker Start (ms): Min: 549522.5, Avg: 549522.5, Max: 549522.5, Diff: 0.0]
      [Ext Root Scanning (ms): Min: 1.3, Avg: 1.3, Max: 1.3, Diff: 0.1, Sum: 5.2]
      [Update RS (ms): Min: 29.7, Avg: 29.8, Max: 29.8, Diff: 0.1, Sum: 119.1]
         [Processed Buffers: Min: 171, Avg: 173.8, Max: 176, Diff: 5, Sum: 695]
      [Scan RS (ms): Min: 0.2, Avg: 0.3, Max: 0.4, Diff: 0.2, Sum: 1.2]
      [Object Copy (ms): Min: 32.2, Avg: 32.3, Max: 32.3, Diff: 0.1, Sum: 129.1]
      [Termination (ms): Min: 0.0, Avg: 0.0, Max: 0.0, Diff: 0.0, Sum: 0.0]
      [GC Worker Other (ms): Min: 0.0, Avg: 0.0, Max: 0.0, Diff: 0.0, Sum: 0.1]
      [GC Worker Total (ms): Min: 63.6, Avg: 63.7, Max: 63.7, Diff: 0.0, Sum: 254.6]
      [GC Worker End (ms): Min: 549586.1, Avg: 549586.1, Max: 549586.2, Diff: 0.0]
   [Code Root Fixup: 0.0 ms]
   [Clear CT: 0.2 ms]
   [Other: 1.5 ms]
      [Choose CSet: 0.0 ms]
      [Ref Proc: 0.8 ms]
      [Ref Enq: 0.0 ms]
      [Free CSet: 0.2 ms]
   [Eden: 62.0M(62.0M)->0.0B(505.0M) Survivors: 40.0M->3072.0K Heap: 733.5M(2048.0M)->663.0M(2048.0M)]
 [Times: user=0.25 sys=0.00, real=0.06 secs] 
550.056: [GC pause (young), 0.2094697 secs]
   [Parallel Time: 207.2 ms, GC Workers: 4]
      [GC Worker Start (ms): Min: 550056.7, Avg: 550056.7, Max: 550056.7, Diff: 0.0]
      [Ext Root Scanning (ms): Min: 1.2, Avg: 1.2, Max: 1.2, Diff: 0.0, Sum: 4.9]
      [Update RS (ms): Min: 17.3, Avg: 17.4, Max: 17.6, Diff: 0.3, Sum: 69.8]
         [Processed Buffers: Min: 154, Avg: 182.5, Max: 207, Diff: 53, Sum: 730]
      [Scan RS (ms): Min: 0.0, Avg: 0.1, Max: 0.2, Diff: 0.2, Sum: 0.4]
      [Object Copy (ms): Min: 188.3, Avg: 188.4, Max: 188.5, Diff: 0.1, Sum: 753.6]
      [Termination (ms): Min: 0.0, Avg: 0.0, Max: 0.0, Diff: 0.0, Sum: 0.0]
      [GC Worker Other (ms): Min: 0.0, Avg: 0.0, Max: 0.0, Diff: 0.0, Sum: 0.1]
      [GC Worker Total (ms): Min: 207.2, Avg: 207.2, Max: 207.2, Diff: 0.0, Sum: 828.8]
      [GC Worker End (ms): Min: 550263.9, Avg: 550263.9, Max: 550263.9, Diff: 0.0]
   [Code Root Fixup: 0.0 ms]
   [Clear CT: 0.5 ms]
   [Other: 1.7 ms]
      [Choose CSet: 0.0 ms]
      [Ref Proc: 0.0 ms]
      [Ref Enq: 0.0 ms]
      [Free CSet: 0.3 ms]
   [Eden: 505.0M(505.0M)->0.0B(290.0M) Survivors: 3072.0K->64.0M Heap: 1168.0M(2048.0M)->907.5M(2048.0M)]
 [Times: user=0.81 sys=0.00, real=0.21 secs] 
550.599: [GC pause (young), 0.1993587 secs]
   [Parallel Time: 196.8 ms, GC Workers: 4]
      [GC Worker Start (ms): Min: 550599.6, Avg: 550599.6, Max: 550599.6, Diff: 0.0]
      [Ext Root Scanning (ms): Min: 1.2, Avg: 1.2, Max: 1.2, Diff: 0.1, Sum: 4.9]
      [Update RS (ms): Min: 19.6, Avg: 19.6, Max: 19.6, Diff: 0.0, Sum: 78.5]
         [Processed Buffers: Min: 164, Avg: 226.0, Max: 265, Diff: 101, Sum: 904]
      [Scan RS (ms): Min: 15.2, Avg: 15.2, Max: 15.2, Diff: 0.1, Sum: 60.8]
      [Object Copy (ms): Min: 160.7, Avg: 160.8, Max: 160.8, Diff: 0.1, Sum: 643.0]
      [Termination (ms): Min: 0.0, Avg: 0.0, Max: 0.0, Diff: 0.0, Sum: 0.0]
      [GC Worker Other (ms): Min: 0.0, Avg: 0.0, Max: 0.0, Diff: 0.0, Sum: 0.1]
      [GC Worker Total (ms): Min: 196.8, Avg: 196.8, Max: 196.8, Diff: 0.0, Sum: 787.2]
      [GC Worker End (ms): Min: 550796.4, Avg: 550796.4, Max: 550796.4, Diff: 0.0]
   [Code Root Fixup: 0.0 ms]
   [Clear CT: 0.1 ms]
   [Other: 2.4 ms]
      [Choose CSet: 0.0 ms]
      [Ref Proc: 0.0 ms]
      [Ref Enq: 0.0 ms]
      [Free CSet: 0.3 ms]
   [Eden: 282.0M(71.0M)->0.0B(335.0M) Survivors: 64.0M->17.0M Heap: 1189.5M(2048.0M)->1043.5M(2048.0M)]
 [Times: user=0.81 sys=0.00, real=0.20 secs] 
551.256: [GC pause (young) (initial-mark), 0.2051185 secs]
   [Parallel Time: 202.5 ms, GC Workers: 4]
      [GC Worker Start (ms): Min: 551256.8, Avg: 551256.8, Max: 551256.9, Diff: 0.0]
      [Ext Root Scanning (ms): Min: 1.2, Avg: 1.2, Max: 1.2, Diff: 0.0, Sum: 4.9]
      [Update RS (ms): Min: 21.0, Avg: 21.0, Max: 21.0, Diff: 0.0, Sum: 84.0]
         [Processed Buffers: Min: 154, Avg: 221.8, Max: 266, Diff: 112, Sum: 887]
      [Scan RS (ms): Min: 0.1, Avg: 0.1, Max: 0.1, Diff: 0.0, Sum: 0.5]
      [Object Copy (ms): Min: 180.1, Avg: 180.1, Max: 180.1, Diff: 0.0, Sum: 720.4]
      [Termination (ms): Min: 0.0, Avg: 0.0, Max: 0.0, Diff: 0.0, Sum: 0.0]
      [GC Worker Other (ms): Min: 0.0, Avg: 0.0, Max: 0.0, Diff: 0.0, Sum: 0.1]
      [GC Worker Total (ms): Min: 202.5, Avg: 202.5, Max: 202.5, Diff: 0.0, Sum: 809.9]
      [GC Worker End (ms): Min: 551459.3, Avg: 551459.3, Max: 551459.3, Diff: 0.0]
   [Code Root Fixup: 0.0 ms]
   [Clear CT: 0.2 ms]
   [Other: 2.5 ms]
      [Choose CSet: 0.0 ms]
      [Ref Proc: 0.2 ms]
      [Ref Enq: 0.0 ms]
      [Free CSet: 0.3 ms]
   [Eden: 335.0M(335.0M)->0.0B(201.0M) Survivors: 17.0M->44.0M Heap: 1378.5M(2048.0M)->1256.5M(2048.0M)]
 [Times: user=0.81 sys=0.00, real=0.20 secs] 
551.462: [GC concurrent-root-region-scan-start]
551.543: [GC concurrent-root-region-scan-end, 0.0809188 secs]
551.543: [GC concurrent-mark-start]
551.622: [GC pause (young), 0.0737767 secs]
   [Parallel Time: 72.4 ms, GC Workers: 4]
      [GC Worker Start (ms): Min: 551622.6, Avg: 551622.6, Max: 551622.6, Diff: 0.0]
      [Ext Root Scanning (ms): Min: 1.3, Avg: 1.3, Max: 1.3, Diff: 0.0, Sum: 5.2]
      [SATB Filtering (ms): Min: 0.0, Avg: 0.0, Max: 0.1, Diff: 0.1, Sum: 0.1]
      [Update RS (ms): Min: 31.3, Avg: 31.3, Max: 31.4, Diff: 0.0, Sum: 125.4]
         [Processed Buffers: Min: 164, Avg: 170.0, Max: 176, Diff: 12, Sum: 680]
      [Scan RS (ms): Min: 0.3, Avg: 0.3, Max: 0.3, Diff: 0.0, Sum: 1.2]
      [Object Copy (ms): Min: 39.3, Avg: 39.4, Max: 39.4, Diff: 0.1, Sum: 157.4]
      [Termination (ms): Min: 0.0, Avg: 0.0, Max: 0.0, Diff: 0.0, Sum: 0.0]
      [GC Worker Other (ms): Min: 0.0, Avg: 0.0, Max: 0.0, Diff: 0.0, Sum: 0.1]
      [GC Worker Total (ms): Min: 72.3, Avg: 72.4, Max: 72.4, Diff: 0.0, Sum: 289.4]
      [GC Worker End (ms): Min: 551695.0, Avg: 551695.0, Max: 551695.0, Diff: 0.0]
   [Code Root Fixup: 0.0 ms]
   [Clear CT: 0.2 ms]
   [Other: 1.2 ms]
      [Choose CSet: 0.0 ms]
      [Ref Proc: 0.0 ms]
      [Ref Enq: 0.0 ms]
      [Free CSet: 0.2 ms]
   [Eden: 201.0M(201.0M)->0.0B(406.0M) Survivors: 44.0M->2048.0K Heap: 1457.5M(2048.0M)->1259.0M(2048.0M)]
 [Times: user=0.31 sys=0.00, real=0.07 secs] 
552.046: [GC pause (young), 0.0627754 secs]
   [Parallel Time: 61.9 ms, GC Workers: 4]
      [GC Worker Start (ms): Min: 552046.3, Avg: 552046.3, Max: 552046.3, Diff: 0.0]
      [Ext Root Scanning (ms): Min: 1.2, Avg: 1.3, Max: 1.4, Diff: 0.1, Sum: 5.2]
      [SATB Filtering (ms): Min: 0.0, Avg: 0.3, Max: 1.2, Diff: 1.2, Sum: 1.2]
      [Update RS (ms): Min: 13.6, Avg: 15.5, Max: 19.0, Diff: 5.4, Sum: 61.9]
         [Processed Buffers: Min: 126, Avg: 178.3, Max: 203, Diff: 77, Sum: 713]
      [Scan RS (ms): Min: 0.1, Avg: 0.1, Max: 0.1, Diff: 0.1, Sum: 0.4]
      [Object Copy (ms): Min: 41.5, Avg: 44.7, Max: 45.8, Diff: 4.3, Sum: 178.7]
      [Termination (ms): Min: 0.0, Avg: 0.0, Max: 0.0, Diff: 0.0, Sum: 0.0]
      [GC Worker Other (ms): Min: 0.0, Avg: 0.0, Max: 0.0, Diff: 0.0, Sum: 0.1]
      [GC Worker Total (ms): Min: 61.9, Avg: 61.9, Max: 61.9, Diff: 0.0, Sum: 247.4]
      [GC Worker End (ms): Min: 552108.1, Avg: 552108.1, Max: 552108.1, Diff: 0.0]
   [Code Root Fixup: 0.0 ms]
   [Clear CT: 0.1 ms]
   [Other: 0.8 ms]
      [Choose CSet: 0.0 ms]
      [Ref Proc: 0.0 ms]
      [Ref Enq: 0.0 ms]
      [Free CSet: 0.3 ms]
   [Eden: 406.0M(406.0M)->0.0B(376.0M) Survivors: 2048.0K->51.0M Heap: 1665.0M(2048.0M)->1318.5M(2048.0M)]
 [Times: user=0.25 sys=0.00, real=0.06 secs] 
552.336: [GC concurrent-mark-end, 0.7933687 secs]
552.336: [GC remark 552.337: [GC ref-proc, 0.0017579 secs], 0.0043028 secs]
 [Times: user=0.00 sys=0.00, real=0.00 secs] 
552.341: [GC cleanup 1577M->901M(2048M), 0.0012870 secs]
 [Times: user=0.00 sys=0.00, real=0.00 secs] 
552.342: [GC concurrent-cleanup-start]
552.343: [GC concurrent-cleanup-end, 0.0008284 secs]
552.461: [GC pause (young), 0.2143488 secs]
   [Parallel Time: 210.7 ms, GC Workers: 4]
      [GC Worker Start (ms): Min: 552461.7, Avg: 552462.5, Max: 552464.9, Diff: 3.2]
      [Ext Root Scanning (ms): Min: 0.1, Avg: 1.3, Max: 1.7, Diff: 1.6, Sum: 5.1]
      [Update RS (ms): Min: 2.9, Avg: 4.0, Max: 4.5, Diff: 1.7, Sum: 15.9]
         [Processed Buffers: Min: 109, Avg: 154.5, Max: 208, Diff: 99, Sum: 618]
      [Scan RS (ms): Min: 0.0, Avg: 0.1, Max: 0.1, Diff: 0.1, Sum: 0.4]
      [Object Copy (ms): Min: 204.4, Avg: 204.5, Max: 204.6, Diff: 0.2, Sum: 818.0]
      [Termination (ms): Min: 0.0, Avg: 0.0, Max: 0.0, Diff: 0.0, Sum: 0.0]
      [GC Worker Other (ms): Min: 0.0, Avg: 0.0, Max: 0.0, Diff: 0.0, Sum: 0.1]
      [GC Worker Total (ms): Min: 207.4, Avg: 209.9, Max: 210.7, Diff: 3.3, Sum: 839.5]
      [GC Worker End (ms): Min: 552672.4, Avg: 552672.4, Max: 552672.4, Diff: 0.0]
   [Code Root Fixup: 0.0 ms]
   [Clear CT: 0.1 ms]
   [Other: 3.5 ms]
      [Choose CSet: 0.0 ms]
      [Ref Proc: 0.0 ms]
      [Ref Enq: 0.0 ms]
      [Free CSet: 0.3 ms]
   [Eden: 376.0M(376.0M)->0.0B(48.0M) Survivors: 51.0M->54.0M Heap: 1018.5M(2048.0M)->855.5M(2048.0M)]
 [Times: user=0.83 sys=0.00, real=0.21 secs] 
552.807: [GC pause (mixed), 0.1057060 secs]
   [Parallel Time: 103.7 ms, GC Workers: 4]
      [GC Worker Start (ms): Min: 552806.8, Avg: 552806.8, Max: 552806.8, Diff: 0.0]
      [Ext Root Scanning (ms): Min: 1.2, Avg: 1.2, Max: 1.3, Diff: 0.1, Sum: 5.0]
      [Update RS (ms): Min: 28.7, Avg: 28.7, Max: 28.7, Diff: 0.0, Sum: 114.9]
         [Processed Buffers: Min: 152, Avg: 157.0, Max: 160, Diff: 8, Sum: 628]
      [Scan RS (ms): Min: 9.6, Avg: 9.7, Max: 9.7, Diff: 0.0, Sum: 38.6]
      [Object Copy (ms): Min: 64.0, Avg: 64.0, Max: 64.1, Diff: 0.0, Sum: 256.2]
      [Termination (ms): Min: 0.0, Avg: 0.0, Max: 0.0, Diff: 0.0, Sum: 0.0]
      [GC Worker Other (ms): Min: 0.0, Avg: 0.0, Max: 0.0, Diff: 0.0, Sum: 0.1]
      [GC Worker Total (ms): Min: 103.7, Avg: 103.7, Max: 103.7, Diff: 0.0, Sum: 414.7]
      [GC Worker End (ms): Min: 552910.5, Avg: 552910.5, Max: 552910.5, Diff: 0.0]
   [Code Root Fixup: 0.0 ms]
   [Clear CT: 0.2 ms]
   [Other: 1.8 ms]
      [Choose CSet: 0.1 ms]
      [Ref Proc: 0.0 ms]
      [Ref Enq: 0.0 ms]
      [Free CSet: 0.5 ms]
   [Eden: 48.0M(48.0M)->0.0B(292.0M) Survivors: 54.0M->5120.0K Heap: 903.5M(2048.0M)->779.5M(2048.0M)]
 [Times: user=0.39 sys=0.00, real=0.11 secs] 
553.275: [GC pause (young), 0.1737970 secs]
   [Parallel Time: 171.7 ms, GC Workers: 4]
      [GC Worker Start (ms): Min: 553275.5, Avg: 553275.5, Max: 553275.5, Diff: 0.0]
      [Ext Root Scanning (ms): Min: 1.2, Avg: 1.2, Max: 1.3, Diff: 0.0, Sum: 4.9]
      [Update RS (ms): Min: 23.1, Avg: 23.2, Max: 23.2, Diff: 0.0, Sum: 92.7]
         [Processed Buffers: Min: 294, Avg: 327.0, Max: 361, Diff: 67, Sum: 1308]
      [Scan RS (ms): Min: 0.1, Avg: 0.1, Max: 0.1, Diff: 0.0, Sum: 0.3]
      [Object Copy (ms): Min: 147.2, Avg: 147.2, Max: 147.2, Diff: 0.0, Sum: 588.8]
      [Termination (ms): Min: 0.0, Avg: 0.0, Max: 0.0, Diff: 0.0, Sum: 0.0]
      [GC Worker Other (ms): Min: 0.0, Avg: 0.0, Max: 0.0, Diff: 0.0, Sum: 0.1]
      [GC Worker Total (ms): Min: 171.7, Avg: 171.7, Max: 171.7, Diff: 0.0, Sum: 686.7]
      [GC Worker End (ms): Min: 553447.2, Avg: 553447.2, Max: 553447.2, Diff: 0.0]
   [Code Root Fixup: 0.0 ms]
   [Clear CT: 0.1 ms]
   [Other: 2.0 ms]
      [Choose CSet: 0.0 ms]
      [Ref Proc: 0.1 ms]
      [Ref Enq: 0.0 ms]
      [Free CSet: 0.2 ms]
   [Eden: 292.0M(292.0M)->0.0B(79.0M) Survivors: 5120.0K->38.0M Heap: 1071.5M(2048.0M)->964.5M(2048.0M)]
 [Times: user=0.67 sys=0.00, real=0.17 secs] 
553.549: [GC pause (young) (initial-mark), 0.0655490 secs]
   [Parallel Time: 63.3 ms, GC Workers: 4]
      [GC Worker Start (ms): Min: 553549.0, Avg: 553549.0, Max: 553549.0, Diff: 0.0]
      [Ext Root Scanning (ms): Min: 1.2, Avg: 1.2, Max: 1.3, Diff: 0.1, Sum: 4.9]
      [Update RS (ms): Min: 21.9, Avg: 21.9, Max: 21.9, Diff: 0.0, Sum: 87.5]
         [Processed Buffers: Min: 152, Avg: 164.3, Max: 175, Diff: 23, Sum: 657]
      [Scan RS (ms): Min: 1.3, Avg: 1.3, Max: 1.4, Diff: 0.0, Sum: 5.4]
      [Object Copy (ms): Min: 38.8, Avg: 38.8, Max: 38.8, Diff: 0.1, Sum: 155.3]
      [Termination (ms): Min: 0.0, Avg: 0.0, Max: 0.0, Diff: 0.0, Sum: 0.0]
      [GC Worker Other (ms): Min: 0.0, Avg: 0.0, Max: 0.0, Diff: 0.0, Sum: 0.1]
      [GC Worker Total (ms): Min: 63.3, Avg: 63.3, Max: 63.3, Diff: 0.0, Sum: 253.1]
      [GC Worker End (ms): Min: 553612.3, Avg: 553612.3, Max: 553612.3, Diff: 0.0]
   [Code Root Fixup: 0.0 ms]
   [Clear CT: 0.4 ms]
   [Other: 1.8 ms]
      [Choose CSet: 0.0 ms]
      [Ref Proc: 0.3 ms]
      [Ref Enq: 0.0 ms]
      [Free CSet: 0.1 ms]
   [Eden: 79.0M(79.0M)->0.0B(186.0M) Survivors: 38.0M->9216.0K Heap: 1043.5M(2048.0M)->974.5M(2048.0M)]
 [Times: user=0.31 sys=0.00, real=0.07 secs] 
553.614: [GC concurrent-root-region-scan-start]
553.625: [GC concurrent-root-region-scan-end, 0.0110526 secs]
553.625: [GC concurrent-mark-start]
553.811: [GC pause (young), 0.0591901 secs]
   [Parallel Time: 57.9 ms, GC Workers: 4]
      [GC Worker Start (ms): Min: 553810.8, Avg: 553810.8, Max: 553810.9, Diff: 0.0]
      [Ext Root Scanning (ms): Min: 1.2, Avg: 1.2, Max: 1.2, Diff: 0.0, Sum: 4.9]
      [SATB Filtering (ms): Min: 0.0, Avg: 0.6, Max: 2.4, Diff: 2.4, Sum: 2.4]
      [Update RS (ms): Min: 13.6, Avg: 15.4, Max: 16.0, Diff: 2.4, Sum: 61.6]
         [Processed Buffers: Min: 169, Avg: 180.0, Max: 194, Diff: 25, Sum: 720]
      [Scan RS (ms): Min: 0.2, Avg: 0.2, Max: 0.2, Diff: 0.0, Sum: 0.8]
      [Object Copy (ms): Min: 40.4, Avg: 40.4, Max: 40.4, Diff: 0.0, Sum: 161.6]
      [Termination (ms): Min: 0.0, Avg: 0.0, Max: 0.0, Diff: 0.0, Sum: 0.0]
      [GC Worker Other (ms): Min: 0.0, Avg: 0.0, Max: 0.0, Diff: 0.0, Sum: 0.1]
      [GC Worker Total (ms): Min: 57.8, Avg: 57.9, Max: 57.9, Diff: 0.0, Sum: 231.4]
      [GC Worker End (ms): Min: 553868.7, Avg: 553868.7, Max: 553868.7, Diff: 0.0]
   [Code Root Fixup: 0.0 ms]
   [Clear CT: 0.3 ms]
   [Other: 1.0 ms]
      [Choose CSet: 0.0 ms]
      [Ref Proc: 0.1 ms]
      [Ref Enq: 0.0 ms]
      [Free CSet: 0.2 ms]
   [Eden: 186.0M(186.0M)->0.0B(312.0M) Survivors: 9216.0K->25.0M Heap: 1160.5M(2048.0M)->1019.0M(2048.0M)]
 [Times: user=0.25 sys=0.00, real=0.06 secs] 
554.098: [GC concurrent-mark-end, 0.4720272 secs]
554.098: [GC remark 554.099: [GC ref-proc, 0.0016963 secs], 0.0041508 secs]
 [Times: user=0.00 sys=0.00, real=0.00 secs] 
554.102: [GC cleanup 1267M->694M(2048M), 0.0011732 secs]
 [Times: user=0.00 sys=0.00, real=0.00 secs] 
554.104: [GC concurrent-cleanup-start]
554.104: [GC concurrent-cleanup-end, 0.0006745 secs]
554.170: [GC pause (young), 0.1910334 secs]
   [Parallel Time: 188.8 ms, GC Workers: 4]
      [GC Worker Start (ms): Min: 554170.3, Avg: 554170.3, Max: 554170.4, Diff: 0.0]
      [Ext Root Scanning (ms): Min: 1.2, Avg: 1.2, Max: 1.3, Diff: 0.1, Sum: 4.9]
      [Update RS (ms): Min: 11.2, Avg: 11.3, Max: 11.3, Diff: 0.1, Sum: 45.1]
         [Processed Buffers: Min: 54, Avg: 58.0, Max: 61, Diff: 7, Sum: 232]
      [Scan RS (ms): Min: 0.0, Avg: 0.1, Max: 0.1, Diff: 0.1, Sum: 0.3]
      [Object Copy (ms): Min: 176.2, Avg: 176.2, Max: 176.2, Diff: 0.0, Sum: 704.9]
      [Termination (ms): Min: 0.0, Avg: 0.0, Max: 0.0, Diff: 0.0, Sum: 0.0]
      [GC Worker Other (ms): Min: 0.0, Avg: 0.0, Max: 0.0, Diff: 0.0, Sum: 0.1]
      [GC Worker Total (ms): Min: 188.8, Avg: 188.8, Max: 188.8, Diff: 0.0, Sum: 755.2]
      [GC Worker End (ms): Min: 554359.2, Avg: 554359.2, Max: 554359.2, Diff: 0.0]
   [Code Root Fixup: 0.0 ms]
   [Clear CT: 0.3 ms]
   [Other: 1.9 ms]
      [Choose CSet: 0.0 ms]
      [Ref Proc: 0.3 ms]
      [Ref Enq: 0.0 ms]
      [Free CSet: 0.2 ms]
   [Eden: 312.0M(312.0M)->0.0B(59.0M) Survivors: 25.0M->43.0M Heap: 758.0M(2048.0M)->650.5M(2048.0M)]
 [Times: user=0.75 sys=0.00, real=0.19 secs] 
554.483: [GC pause (mixed), 0.0735259 secs]
   [Parallel Time: 72.3 ms, GC Workers: 4]
      [GC Worker Start (ms): Min: 554483.3, Avg: 554483.3, Max: 554483.3, Diff: 0.0]
      [Ext Root Scanning (ms): Min: 1.2, Avg: 1.2, Max: 1.3, Diff: 0.0, Sum: 5.0]
      [Update RS (ms): Min: 22.6, Avg: 22.6, Max: 22.7, Diff: 0.1, Sum: 90.5]
         [Processed Buffers: Min: 124, Avg: 124.8, Max: 127, Diff: 3, Sum: 499]
      [Scan RS (ms): Min: 3.7, Avg: 3.7, Max: 3.8, Diff: 0.1, Sum: 15.0]
      [Object Copy (ms): Min: 44.6, Avg: 44.6, Max: 44.7, Diff: 0.1, Sum: 178.5]
      [Termination (ms): Min: 0.0, Avg: 0.0, Max: 0.0, Diff: 0.0, Sum: 0.0]
      [GC Worker Other (ms): Min: 0.0, Avg: 0.0, Max: 0.0, Diff: 0.0, Sum: 0.1]
      [GC Worker Total (ms): Min: 72.3, Avg: 72.3, Max: 72.3, Diff: 0.0, Sum: 289.0]
      [GC Worker End (ms): Min: 554555.6, Avg: 554555.6, Max: 554555.6, Diff: 0.0]
   [Code Root Fixup: 0.0 ms]
   [Clear CT: 0.1 ms]
   [Other: 1.2 ms]
      [Choose CSet: 0.0 ms]
      [Ref Proc: 0.0 ms]
      [Ref Enq: 0.0 ms]
      [Free CSet: 0.1 ms]
   [Eden: 59.0M(59.0M)->0.0B(244.0M) Survivors: 43.0M->4096.0K Heap: 709.5M(2048.0M)->642.0M(2048.0M)]
 [Times: user=0.31 sys=0.00, real=0.07 secs] 
554.826: [GC pause (young), 0.1398976 secs]
   [Parallel Time: 137.7 ms, GC Workers: 4]
      [GC Worker Start (ms): Min: 554826.5, Avg: 554826.6, Max: 554826.6, Diff: 0.0]
      [Ext Root Scanning (ms): Min: 1.2, Avg: 1.2, Max: 1.3, Diff: 0.0, Sum: 5.0]
      [Update RS (ms): Min: 18.3, Avg: 18.3, Max: 18.3, Diff: 0.0, Sum: 73.3]
         [Processed Buffers: Min: 237, Avg: 288.0, Max: 343, Diff: 106, Sum: 1152]
      [Scan RS (ms): Min: 0.1, Avg: 0.1, Max: 0.1, Diff: 0.0, Sum: 0.3]
      [Object Copy (ms): Min: 118.0, Avg: 118.0, Max: 118.0, Diff: 0.0, Sum: 472.1]
      [Termination (ms): Min: 0.0, Avg: 0.0, Max: 0.0, Diff: 0.0, Sum: 0.0]
      [GC Worker Other (ms): Min: 0.0, Avg: 0.0, Max: 0.0, Diff: 0.0, Sum: 0.1]
      [GC Worker Total (ms): Min: 137.7, Avg: 137.7, Max: 137.7, Diff: 0.0, Sum: 550.7]
      [GC Worker End (ms): Min: 554964.2, Avg: 554964.2, Max: 554964.2, Diff: 0.0]
   [Code Root Fixup: 0.0 ms]
   [Clear CT: 0.1 ms]
   [Other: 2.1 ms]
      [Choose CSet: 0.0 ms]
      [Ref Proc: 0.3 ms]
      [Ref Enq: 0.0 ms]
      [Free CSet: 0.2 ms]
   [Eden: 244.0M(244.0M)->0.0B(108.0M) Survivors: 4096.0K->31.0M Heap: 886.0M(2048.0M)->794.5M(2048.0M)]
 [Times: user=0.56 sys=0.00, real=0.14 secs] 
555.089: [GC pause (young), 0.0841446 secs]
   [Parallel Time: 82.3 ms, GC Workers: 4]
      [GC Worker Start (ms): Min: 555089.5, Avg: 555089.5, Max: 555089.6, Diff: 0.0]
      [Ext Root Scanning (ms): Min: 1.3, Avg: 1.3, Max: 1.3, Diff: 0.1, Sum: 5.1]
      [Update RS (ms): Min: 16.5, Avg: 17.5, Max: 20.2, Diff: 3.7, Sum: 70.0]
         [Processed Buffers: Min: 101, Avg: 176.5, Max: 264, Diff: 163, Sum: 706]
      [Scan RS (ms): Min: 0.0, Avg: 0.8, Max: 1.2, Diff: 1.2, Sum: 3.3]
      [Object Copy (ms): Min: 60.7, Avg: 62.6, Max: 63.3, Diff: 2.5, Sum: 250.5]
      [Termination (ms): Min: 0.0, Avg: 0.0, Max: 0.0, Diff: 0.0, Sum: 0.0]
      [GC Worker Other (ms): Min: 0.0, Avg: 0.0, Max: 0.0, Diff: 0.0, Sum: 0.1]
      [GC Worker Total (ms): Min: 82.2, Avg: 82.2, Max: 82.3, Diff: 0.1, Sum: 329.0]
      [GC Worker End (ms): Min: 555171.8, Avg: 555171.8, Max: 555171.8, Diff: 0.0]
   [Code Root Fixup: 0.0 ms]
   [Clear CT: 0.1 ms]
   [Other: 1.8 ms]
      [Choose CSet: 0.0 ms]
      [Ref Proc: 0.6 ms]
      [Ref Enq: 0.0 ms]
      [Free CSet: 0.1 ms]
   [Eden: 108.0M(108.0M)->0.0B(190.0M) Survivors: 31.0M->18.0M Heap: 902.5M(2048.0M)->838.0M(2048.0M)]
 [Times: user=0.36 sys=0.00, real=0.09 secs] 
555.340: [GC pause (young), 0.1094549 secs]
   [Parallel Time: 108.1 ms, GC Workers: 4]
      [GC Worker Start (ms): Min: 555340.4, Avg: 555340.5, Max: 555340.7, Diff: 0.2]
      [Ext Root Scanning (ms): Min: 1.1, Avg: 1.2, Max: 1.3, Diff: 0.2, Sum: 4.9]
      [Update RS (ms): Min: 16.7, Avg: 16.7, Max: 16.7, Diff: 0.0, Sum: 66.7]
         [Processed Buffers: Min: 101, Avg: 108.5, Max: 115, Diff: 14, Sum: 434]
      [Scan RS (ms): Min: 1.1, Avg: 1.1, Max: 1.1, Diff: 0.1, Sum: 4.3]
      [Object Copy (ms): Min: 89.0, Avg: 89.0, Max: 89.0, Diff: 0.0, Sum: 356.0]
      [Termination (ms): Min: 0.0, Avg: 0.0, Max: 0.0, Diff: 0.0, Sum: 0.0]
      [GC Worker Other (ms): Min: 0.0, Avg: 0.0, Max: 0.0, Diff: 0.0, Sum: 0.1]
      [GC Worker Total (ms): Min: 107.8, Avg: 108.0, Max: 108.1, Diff: 0.2, Sum: 432.0]
      [GC Worker End (ms): Min: 555448.5, Avg: 555448.5, Max: 555448.5, Diff: 0.0]
   [Code Root Fixup: 0.0 ms]
   [Clear CT: 0.1 ms]
   [Other: 1.3 ms]
      [Choose CSet: 0.0 ms]
      [Ref Proc: 0.1 ms]
      [Ref Enq: 0.0 ms]
      [Free CSet: 0.3 ms]
   [Eden: 190.0M(190.0M)->0.0B(248.0M) Survivors: 18.0M->26.0M Heap: 1028.0M(2048.0M)->938.5M(2048.0M)]
 [Times: user=0.44 sys=0.00, real=0.11 secs] 
555.688: [GC pause (young), 0.1598338 secs]
   [Parallel Time: 157.9 ms, GC Workers: 4]
      [GC Worker Start (ms): Min: 555688.8, Avg: 555688.8, Max: 555688.8, Diff: 0.0]
      [Ext Root Scanning (ms): Min: 1.2, Avg: 1.2, Max: 1.2, Diff: 0.0, Sum: 4.9]
      [Update RS (ms): Min: 20.0, Avg: 20.1, Max: 20.2, Diff: 0.2, Sum: 80.2]
         [Processed Buffers: Min: 134, Avg: 139.3, Max: 154, Diff: 20, Sum: 557]
      [Scan RS (ms): Min: 0.0, Avg: 0.2, Max: 0.3, Diff: 0.2, Sum: 0.8]
      [Object Copy (ms): Min: 136.4, Avg: 136.4, Max: 136.4, Diff: 0.0, Sum: 545.7]
      [Termination (ms): Min: 0.0, Avg: 0.0, Max: 0.0, Diff: 0.0, Sum: 0.0]
      [GC Worker Other (ms): Min: 0.0, Avg: 0.0, Max: 0.0, Diff: 0.0, Sum: 0.0]
      [GC Worker Total (ms): Min: 157.9, Avg: 157.9, Max: 157.9, Diff: 0.0, Sum: 631.6]
      [GC Worker End (ms): Min: 555846.7, Avg: 555846.7, Max: 555846.7, Diff: 0.0]
   [Code Root Fixup: 0.0 ms]
   [Clear CT: 0.1 ms]
   [Other: 1.8 ms]
      [Choose CSet: 0.0 ms]
      [Ref Proc: 0.0 ms]
      [Ref Enq: 0.0 ms]
      [Free CSet: 0.2 ms]
   [Eden: 248.0M(248.0M)->0.0B(244.0M) Survivors: 26.0M->35.0M Heap: 1186.5M(2048.0M)->1091.0M(2048.0M)]
 [Times: user=0.62 sys=0.00, real=0.16 secs] 
556.155: [GC pause (young) (initial-mark), 0.1790077 secs]
   [Parallel Time: 175.3 ms, GC Workers: 4]
      [GC Worker Start (ms): Min: 556155.2, Avg: 556155.2, Max: 556155.3, Diff: 0.1]
      [Ext Root Scanning (ms): Min: 1.2, Avg: 1.2, Max: 1.2, Diff: 0.1, Sum: 4.8]
      [Update RS (ms): Min: 17.9, Avg: 18.0, Max: 18.0, Diff: 0.1, Sum: 71.8]
         [Processed Buffers: Min: 137, Avg: 190.5, Max: 223, Diff: 86, Sum: 762]
      [Scan RS (ms): Min: 1.3, Avg: 1.3, Max: 1.4, Diff: 0.1, Sum: 5.3]
      [Object Copy (ms): Min: 154.7, Avg: 154.8, Max: 154.8, Diff: 0.1, Sum: 619.2]
      [Termination (ms): Min: 0.0, Avg: 0.0, Max: 0.0, Diff: 0.0, Sum: 0.0]
      [GC Worker Other (ms): Min: 0.0, Avg: 0.0, Max: 0.0, Diff: 0.0, Sum: 0.1]
      [GC Worker Total (ms): Min: 175.3, Avg: 175.3, Max: 175.3, Diff: 0.1, Sum: 701.3]
      [GC Worker End (ms): Min: 556330.5, Avg: 556330.5, Max: 556330.5, Diff: 0.0]
   [Code Root Fixup: 0.0 ms]
   [Clear CT: 1.4 ms]
   [Other: 2.3 ms]
      [Choose CSet: 0.0 ms]
      [Ref Proc: 0.2 ms]
      [Ref Enq: 0.0 ms]
      [Free CSet: 0.3 ms]
   [Eden: 244.0M(244.0M)->0.0B(206.0M) Survivors: 35.0M->35.0M Heap: 1335.0M(2048.0M)->1247.5M(2048.0M)]
 [Times: user=0.67 sys=0.00, real=0.18 secs] 
556.334: [GC concurrent-root-region-scan-start]
556.371: [GC concurrent-root-region-scan-end, 0.0372641 secs]
556.371: [GC concurrent-mark-start]
556.624: [GC pause (young), 0.0857758 secs]
   [Parallel Time: 83.4 ms, GC Workers: 4]
      [GC Worker Start (ms): Min: 556624.5, Avg: 556624.5, Max: 556624.7, Diff: 0.2]
      [Ext Root Scanning (ms): Min: 1.1, Avg: 1.3, Max: 1.3, Diff: 0.2, Sum: 5.0]
      [SATB Filtering (ms): Min: 0.0, Avg: 0.5, Max: 2.1, Diff: 2.1, Sum: 2.1]
      [Update RS (ms): Min: 18.0, Avg: 19.6, Max: 20.1, Diff: 2.1, Sum: 78.4]
         [Processed Buffers: Min: 192, Avg: 206.5, Max: 240, Diff: 48, Sum: 826]
      [Scan RS (ms): Min: 0.2, Avg: 0.2, Max: 0.2, Diff: 0.0, Sum: 0.7]
      [Object Copy (ms): Min: 61.7, Avg: 61.7, Max: 61.8, Diff: 0.1, Sum: 246.9]
      [Termination (ms): Min: 0.0, Avg: 0.0, Max: 0.0, Diff: 0.0, Sum: 0.0]
      [GC Worker Other (ms): Min: 0.0, Avg: 0.0, Max: 0.0, Diff: 0.0, Sum: 0.1]
      [GC Worker Total (ms): Min: 83.2, Avg: 83.3, Max: 83.3, Diff: 0.2, Sum: 333.2]
      [GC Worker End (ms): Min: 556707.8, Avg: 556707.8, Max: 556707.8, Diff: 0.0]
   [Code Root Fixup: 0.0 ms]
   [Clear CT: 0.2 ms]
   [Other: 2.2 ms]
      [Choose CSet: 0.0 ms]
      [Ref Proc: 0.8 ms]
      [Ref Enq: 0.0 ms]
      [Free CSet: 0.3 ms]
   [Eden: 206.0M(206.0M)->0.0B(386.0M) Survivors: 35.0M->31.0M Heap: 1453.5M(2048.0M)->1291.5M(2048.0M)]
 [Times: user=0.31 sys=0.00, real=0.09 secs] 
557.019: [GC concurrent-mark-end, 0.6472408 secs]
557.019: [GC remark 557.020: [GC ref-proc, 0.0017072 secs], 0.0041793 secs]
 [Times: user=0.00 sys=0.00, real=0.00 secs] 
557.023: [GC cleanup 1613M->909M(2048M), 0.0014904 secs]
 [Times: user=0.00 sys=0.00, real=0.00 secs] 
557.025: [GC concurrent-cleanup-start]
557.026: [GC concurrent-cleanup-end, 0.0011742 secs]
557.092: [GC pause (young), 0.1362648 secs]
   [Parallel Time: 134.6 ms, GC Workers: 4]
      [GC Worker Start (ms): Min: 557092.7, Avg: 557092.8, Max: 557092.8, Diff: 0.1]
      [Ext Root Scanning (ms): Min: 1.3, Avg: 1.3, Max: 1.3, Diff: 0.1, Sum: 5.1]
      [Update RS (ms): Min: 19.1, Avg: 23.1, Max: 35.3, Diff: 16.2, Sum: 92.5]
         [Processed Buffers: Min: 123, Avg: 128.5, Max: 132, Diff: 9, Sum: 514]
      [Scan RS (ms): Min: 0.0, Avg: 0.1, Max: 0.2, Diff: 0.2, Sum: 0.6]
      [Object Copy (ms): Min: 97.9, Avg: 110.0, Max: 114.0, Diff: 16.1, Sum: 439.9]
      [Termination (ms): Min: 0.0, Avg: 0.0, Max: 0.0, Diff: 0.0, Sum: 0.0]
      [GC Worker Other (ms): Min: 0.0, Avg: 0.0, Max: 0.0, Diff: 0.0, Sum: 0.1]
      [GC Worker Total (ms): Min: 134.5, Avg: 134.6, Max: 134.6, Diff: 0.1, Sum: 538.3]
      [GC Worker End (ms): Min: 557227.4, Avg: 557227.4, Max: 557227.4, Diff: 0.0]
   [Code Root Fixup: 0.0 ms]
   [Clear CT: 0.1 ms]
   [Other: 1.5 ms]
      [Choose CSet: 0.0 ms]
      [Ref Proc: 0.0 ms]
      [Ref Enq: 0.0 ms]
      [Free CSet: 0.3 ms]
   [Eden: 386.0M(386.0M)->0.0B(49.0M) Survivors: 31.0M->53.0M Heap: 973.5M(2048.0M)->702.5M(2048.0M)]
 [Times: user=0.47 sys=0.00, real=0.14 secs] 
557.268: [GC pause (mixed), 0.0820802 secs]
   [Parallel Time: 80.8 ms, GC Workers: 4]
      [GC Worker Start (ms): Min: 557268.3, Avg: 557268.3, Max: 557268.4, Diff: 0.1]
      [Ext Root Scanning (ms): Min: 1.2, Avg: 1.2, Max: 1.3, Diff: 0.2, Sum: 5.0]
      [Update RS (ms): Min: 28.8, Avg: 28.8, Max: 28.8, Diff: 0.0, Sum: 115.1]
         [Processed Buffers: Min: 152, Avg: 152.5, Max: 153, Diff: 1, Sum: 610]
      [Scan RS (ms): Min: 1.3, Avg: 1.4, Max: 1.5, Diff: 0.1, Sum: 5.5]
      [Object Copy (ms): Min: 49.2, Avg: 49.3, Max: 49.3, Diff: 0.1, Sum: 197.1]
      [Termination (ms): Min: 0.0, Avg: 0.0, Max: 0.0, Diff: 0.0, Sum: 0.0]
      [GC Worker Other (ms): Min: 0.0, Avg: 0.0, Max: 0.0, Diff: 0.0, Sum: 0.1]
      [GC Worker Total (ms): Min: 80.6, Avg: 80.7, Max: 80.7, Diff: 0.1, Sum: 322.8]
      [GC Worker End (ms): Min: 557349.0, Avg: 557349.0, Max: 557349.0, Diff: 0.0]
   [Code Root Fixup: 0.0 ms]
   [Clear CT: 0.2 ms]
   [Other: 1.2 ms]
      [Choose CSet: 0.0 ms]
      [Ref Proc: 0.0 ms]
      [Ref Enq: 0.0 ms]
      [Free CSet: 0.4 ms]
   [Eden: 49.0M(49.0M)->0.0B(670.0M) Survivors: 53.0M->5120.0K Heap: 751.5M(2048.0M)->646.0M(2048.0M)]
 [Times: user=0.31 sys=0.00, real=0.08 secs] 
558.038: [GC pause (young), 0.2695309 secs]
   [Parallel Time: 267.1 ms, GC Workers: 4]
      [GC Worker Start (ms): Min: 558038.4, Avg: 558038.4, Max: 558038.4, Diff: 0.0]
      [Ext Root Scanning (ms): Min: 1.2, Avg: 1.2, Max: 1.2, Diff: 0.0, Sum: 4.9]
      [Update RS (ms): Min: 17.3, Avg: 17.3, Max: 17.3, Diff: 0.0, Sum: 69.3]
         [Processed Buffers: Min: 204, Avg: 238.0, Max: 316, Diff: 112, Sum: 952]
      [Scan RS (ms): Min: 0.2, Avg: 0.2, Max: 0.2, Diff: 0.0, Sum: 0.7]
      [Object Copy (ms): Min: 248.3, Avg: 248.3, Max: 248.3, Diff: 0.0, Sum: 993.1]
      [Termination (ms): Min: 0.0, Avg: 0.0, Max: 0.0, Diff: 0.0, Sum: 0.0]
      [GC Worker Other (ms): Min: 0.0, Avg: 0.0, Max: 0.0, Diff: 0.0, Sum: 0.1]
      [GC Worker Total (ms): Min: 267.0, Avg: 267.0, Max: 267.1, Diff: 0.0, Sum: 1068.2]
      [GC Worker End (ms): Min: 558305.5, Avg: 558305.5, Max: 558305.5, Diff: 0.0]
   [Code Root Fixup: 0.0 ms]
   [Clear CT: 0.2 ms]
   [Other: 2.3 ms]
      [Choose CSet: 0.0 ms]
      [Ref Proc: 0.0 ms]
      [Ref Enq: 0.0 ms]
      [Free CSet: 0.4 ms]
   [Eden: 670.0M(670.0M)->0.0B(202.0M) Survivors: 5120.0K->85.0M Heap: 1316.0M(2048.0M)->967.5M(2048.0M)]
 [Times: user=1.08 sys=0.00, real=0.27 secs] 
558.603: [GC pause (young), 0.2196311 secs]
   [Parallel Time: 216.7 ms, GC Workers: 4]
      [GC Worker Start (ms): Min: 558603.2, Avg: 558603.2, Max: 558603.2, Diff: 0.0]
      [Ext Root Scanning (ms): Min: 1.2, Avg: 1.2, Max: 1.2, Diff: 0.0, Sum: 4.9]
      [Update RS (ms): Min: 19.3, Avg: 19.5, Max: 20.1, Diff: 0.8, Sum: 78.1]
         [Processed Buffers: Min: 223, Avg: 261.0, Max: 281, Diff: 58, Sum: 1044]
      [Scan RS (ms): Min: 32.9, Avg: 33.4, Max: 33.6, Diff: 0.7, Sum: 133.6]
      [Object Copy (ms): Min: 162.5, Avg: 162.5, Max: 162.5, Diff: 0.1, Sum: 650.0]
      [Termination (ms): Min: 0.0, Avg: 0.0, Max: 0.0, Diff: 0.0, Sum: 0.0]
      [GC Worker Other (ms): Min: 0.0, Avg: 0.0, Max: 0.0, Diff: 0.0, Sum: 0.1]
      [GC Worker Total (ms): Min: 216.7, Avg: 216.7, Max: 216.7, Diff: 0.0, Sum: 866.7]
      [GC Worker End (ms): Min: 558819.9, Avg: 558819.9, Max: 558819.9, Diff: 0.0]
   [Code Root Fixup: 0.0 ms]
   [Clear CT: 0.1 ms]
   [Other: 2.8 ms]
      [Choose CSet: 0.0 ms]
      [Ref Proc: 0.1 ms]
      [Ref Enq: 0.0 ms]
      [Free CSet: 0.3 ms]
   [Eden: 202.0M(202.0M)->0.0B(66.0M) Survivors: 85.0M->36.0M Heap: 1169.5M(2048.0M)->1086.5M(2048.0M)]
 [Times: user=0.87 sys=0.00, real=0.22 secs] 
559.058: [GC pause (young) (initial-mark), 0.0663441 secs]
   [Parallel Time: 64.5 ms, GC Workers: 4]
      [GC Worker Start (ms): Min: 559058.2, Avg: 559058.2, Max: 559058.2, Diff: 0.0]
      [Ext Root Scanning (ms): Min: 1.2, Avg: 1.2, Max: 1.2, Diff: 0.0, Sum: 4.9]
      [Update RS (ms): Min: 24.8, Avg: 24.9, Max: 24.9, Diff: 0.1, Sum: 99.5]
         [Processed Buffers: Min: 145, Avg: 148.5, Max: 152, Diff: 7, Sum: 594]
      [Scan RS (ms): Min: 2.9, Avg: 2.9, Max: 2.9, Diff: 0.0, Sum: 11.7]
      [Object Copy (ms): Min: 35.4, Avg: 35.5, Max: 35.5, Diff: 0.1, Sum: 141.9]
      [Termination (ms): Min: 0.0, Avg: 0.0, Max: 0.0, Diff: 0.0, Sum: 0.0]
      [GC Worker Other (ms): Min: 0.0, Avg: 0.0, Max: 0.0, Diff: 0.0, Sum: 0.1]
      [GC Worker Total (ms): Min: 64.5, Avg: 64.5, Max: 64.5, Diff: 0.0, Sum: 258.1]
      [GC Worker End (ms): Min: 559122.7, Avg: 559122.7, Max: 559122.7, Diff: 0.0]
   [Code Root Fixup: 0.0 ms]
   [Clear CT: 0.1 ms]
   [Other: 1.7 ms]
      [Choose CSet: 0.0 ms]
      [Ref Proc: 0.0 ms]
      [Ref Enq: 0.0 ms]
      [Free CSet: 0.1 ms]
   [Eden: 66.0M(66.0M)->0.0B(96.0M) Survivors: 36.0M->6144.0K Heap: 1152.5M(2048.0M)->1093.0M(2048.0M)]
 [Times: user=0.25 sys=0.00, real=0.07 secs] 
559.125: [GC concurrent-root-region-scan-start]
559.130: [GC concurrent-root-region-scan-end, 0.0056950 secs]
559.130: [GC concurrent-mark-start]
559.201: [GC pause (young), 0.0504774 secs]
   [Parallel Time: 49.7 ms, GC Workers: 4]
      [GC Worker Start (ms): Min: 559201.1, Avg: 559201.1, Max: 559201.1, Diff: 0.0]
      [Ext Root Scanning (ms): Min: 1.2, Avg: 1.2, Max: 1.2, Diff: 0.0, Sum: 4.9]
      [SATB Filtering (ms): Min: 0.0, Avg: 0.5, Max: 1.9, Diff: 1.9, Sum: 1.9]
      [Update RS (ms): Min: 21.8, Avg: 23.2, Max: 23.7, Diff: 1.9, Sum: 92.6]
         [Processed Buffers: Min: 175, Avg: 237.5, Max: 294, Diff: 119, Sum: 950]
      [Scan RS (ms): Min: 0.0, Avg: 0.0, Max: 0.1, Diff: 0.0, Sum: 0.1]
      [Object Copy (ms): Min: 24.7, Avg: 24.8, Max: 24.8, Diff: 0.1, Sum: 99.1]
      [Termination (ms): Min: 0.0, Avg: 0.0, Max: 0.0, Diff: 0.0, Sum: 0.0]
      [GC Worker Other (ms): Min: 0.0, Avg: 0.0, Max: 0.0, Diff: 0.0, Sum: 0.1]
      [GC Worker Total (ms): Min: 49.7, Avg: 49.7, Max: 49.7, Diff: 0.0, Sum: 198.7]
      [GC Worker End (ms): Min: 559250.8, Avg: 559250.8, Max: 559250.8, Diff: 0.0]
   [Code Root Fixup: 0.0 ms]
   [Clear CT: 0.0 ms]
   [Other: 0.7 ms]
      [Choose CSet: 0.0 ms]
      [Ref Proc: 0.0 ms]
      [Ref Enq: 0.0 ms]
      [Free CSet: 0.2 ms]
   [Eden: 96.0M(96.0M)->0.0B(89.0M) Survivors: 6144.0K->13.0M Heap: 1189.0M(2048.0M)->1120.5M(2048.0M)]
 [Times: user=0.19 sys=0.00, real=0.05 secs] 
559.325: [GC pause (young), 0.0663463 secs]
   [Parallel Time: 65.0 ms, GC Workers: 4]
      [GC Worker Start (ms): Min: 559325.4, Avg: 559325.4, Max: 559325.6, Diff: 0.2]
      [Ext Root Scanning (ms): Min: 1.2, Avg: 1.3, Max: 1.4, Diff: 0.2, Sum: 5.4]
      [SATB Filtering (ms): Min: 0.0, Avg: 0.7, Max: 3.0, Diff: 3.0, Sum: 3.0]
      [Update RS (ms): Min: 5.7, Avg: 7.9, Max: 8.7, Diff: 3.0, Sum: 31.5]
         [Processed Buffers: Min: 31, Avg: 40.8, Max: 46, Diff: 15, Sum: 163]
      [Scan RS (ms): Min: 0.0, Avg: 0.0, Max: 0.1, Diff: 0.1, Sum: 0.1]
      [Object Copy (ms): Min: 55.0, Avg: 55.0, Max: 55.0, Diff: 0.0, Sum: 219.9]
      [Termination (ms): Min: 0.0, Avg: 0.0, Max: 0.0, Diff: 0.0, Sum: 0.0]
      [GC Worker Other (ms): Min: 0.0, Avg: 0.0, Max: 0.0, Diff: 0.0, Sum: 0.0]
      [GC Worker Total (ms): Min: 64.8, Avg: 65.0, Max: 65.0, Diff: 0.2, Sum: 259.9]
      [GC Worker End (ms): Min: 559390.4, Avg: 559390.4, Max: 559390.4, Diff: 0.0]
   [Code Root Fixup: 0.0 ms]
   [Clear CT: 0.3 ms]
   [Other: 1.0 ms]
      [Choose CSet: 0.0 ms]
      [Ref Proc: 0.0 ms]
      [Ref Enq: 0.0 ms]
      [Free CSet: 0.1 ms]
   [Eden: 89.0M(89.0M)->0.0B(89.0M) Survivors: 13.0M->13.0M Heap: 1209.5M(2048.0M)->1180.5M(2048.0M)]
 [Times: user=0.19 sys=0.00, real=0.07 secs] 
559.464: [GC pause (young), 0.0715782 secs]
   [Parallel Time: 70.7 ms, GC Workers: 4]
      [GC Worker Start (ms): Min: 559464.6, Avg: 559464.6, Max: 559464.6, Diff: 0.0]
      [Ext Root Scanning (ms): Min: 1.3, Avg: 1.3, Max: 1.3, Diff: 0.0, Sum: 5.1]
      [SATB Filtering (ms): Min: 0.0, Avg: 0.6, Max: 2.4, Diff: 2.4, Sum: 2.4]
      [Update RS (ms): Min: 23.6, Avg: 25.4, Max: 26.0, Diff: 2.4, Sum: 101.6]
         [Processed Buffers: Min: 121, Avg: 133.3, Max: 138, Diff: 17, Sum: 533]
      [Scan RS (ms): Min: 0.0, Avg: 0.0, Max: 0.1, Diff: 0.1, Sum: 0.1]
      [Object Copy (ms): Min: 43.4, Avg: 43.4, Max: 43.4, Diff: 0.0, Sum: 173.5]
      [Termination (ms): Min: 0.0, Avg: 0.0, Max: 0.0, Diff: 0.0, Sum: 0.0]
      [GC Worker Other (ms): Min: 0.0, Avg: 0.0, Max: 0.0, Diff: 0.0, Sum: 0.1]
      [GC Worker Total (ms): Min: 70.7, Avg: 70.7, Max: 70.7, Diff: 0.0, Sum: 282.8]
      [GC Worker End (ms): Min: 559535.3, Avg: 559535.3, Max: 559535.3, Diff: 0.0]
   [Code Root Fixup: 0.0 ms]
   [Clear CT: 0.0 ms]
   [Other: 0.8 ms]
      [Choose CSet: 0.0 ms]
      [Ref Proc: 0.1 ms]
      [Ref Enq: 0.0 ms]
      [Free CSet: 0.1 ms]
   [Eden: 89.0M(89.0M)->0.0B(115.0M) Survivors: 13.0M->13.0M Heap: 1269.5M(2048.0M)->1224.5M(2048.0M)]
 [Times: user=0.19 sys=0.00, real=0.07 secs] 
559.653: [GC pause (young), 0.0715734 secs]
   [Parallel Time: 70.6 ms, GC Workers: 4]
      [GC Worker Start (ms): Min: 559653.2, Avg: 559653.3, Max: 559653.3, Diff: 0.0]
      [Ext Root Scanning (ms): Min: 1.2, Avg: 1.3, Max: 1.3, Diff: 0.0, Sum: 5.0]
      [SATB Filtering (ms): Min: 0.0, Avg: 0.6, Max: 2.2, Diff: 2.2, Sum: 2.2]
      [Update RS (ms): Min: 18.8, Avg: 20.5, Max: 21.2, Diff: 2.4, Sum: 82.2]
         [Processed Buffers: Min: 104, Avg: 113.8, Max: 119, Diff: 15, Sum: 455]
      [Scan RS (ms): Min: 0.0, Avg: 0.0, Max: 0.1, Diff: 0.1, Sum: 0.1]
      [Object Copy (ms): Min: 48.1, Avg: 48.2, Max: 48.2, Diff: 0.1, Sum: 192.8]
      [Termination (ms): Min: 0.0, Avg: 0.0, Max: 0.0, Diff: 0.0, Sum: 0.0]
      [GC Worker Other (ms): Min: 0.0, Avg: 0.0, Max: 0.0, Diff: 0.0, Sum: 0.1]
      [GC Worker Total (ms): Min: 70.6, Avg: 70.6, Max: 70.6, Diff: 0.0, Sum: 282.4]
      [GC Worker End (ms): Min: 559723.9, Avg: 559723.9, Max: 559723.9, Diff: 0.0]
   [Code Root Fixup: 0.0 ms]
   [Clear CT: 0.0 ms]
   [Other: 0.9 ms]
      [Choose CSet: 0.0 ms]
      [Ref Proc: 0.0 ms]
      [Ref Enq: 0.0 ms]
      [Free CSet: 0.2 ms]
   [Eden: 115.0M(115.0M)->0.0B(181.0M) Survivors: 13.0M->16.0M Heap: 1339.5M(2048.0M)->1273.5M(2048.0M)]
 [Times: user=0.25 sys=0.00, real=0.07 secs] 
559.789: [GC concurrent-mark-end, 0.6586558 secs]
559.789: [GC remark 559.790: [GC ref-proc, 0.0017511 secs], 0.0039423 secs]
 [Times: user=0.00 sys=0.00, real=0.00 secs] 
559.794: [GC cleanup 1350M->607M(2048M), 0.0014853 secs]
 [Times: user=0.00 sys=0.00, real=0.00 secs] 
559.795: [GC concurrent-cleanup-start]
559.796: [GC concurrent-cleanup-end, 0.0008534 secs]
559.902: [GC pause (young), 0.1388479 secs]
   [Parallel Time: 137.4 ms, GC Workers: 4]
      [GC Worker Start (ms): Min: 559902.5, Avg: 559902.5, Max: 559902.5, Diff: 0.0]
      [Ext Root Scanning (ms): Min: 1.3, Avg: 1.3, Max: 1.4, Diff: 0.0, Sum: 5.4]
      [Update RS (ms): Min: 22.1, Avg: 22.2, Max: 22.4, Diff: 0.3, Sum: 88.9]
         [Processed Buffers: Min: 91, Avg: 109.0, Max: 117, Diff: 26, Sum: 436]
      [Scan RS (ms): Min: 0.0, Avg: 0.0, Max: 0.1, Diff: 0.1, Sum: 0.2]
      [Object Copy (ms): Min: 113.6, Avg: 113.8, Max: 113.8, Diff: 0.2, Sum: 455.1]
      [Termination (ms): Min: 0.0, Avg: 0.0, Max: 0.0, Diff: 0.0, Sum: 0.0]
      [GC Worker Other (ms): Min: 0.0, Avg: 0.0, Max: 0.0, Diff: 0.0, Sum: 0.0]
      [GC Worker Total (ms): Min: 137.4, Avg: 137.4, Max: 137.4, Diff: 0.0, Sum: 549.7]
      [GC Worker End (ms): Min: 560039.9, Avg: 560039.9, Max: 560039.9, Diff: 0.0]
   [Code Root Fixup: 0.0 ms]
   [Clear CT: 0.1 ms]
   [Other: 1.3 ms]
      [Choose CSet: 0.0 ms]
      [Ref Proc: 0.0 ms]
      [Ref Enq: 0.0 ms]
      [Free CSet: 0.2 ms]
   [Eden: 181.0M(181.0M)->0.0B(170.0M) Survivors: 16.0M->25.0M Heap: 711.5M(2048.0M)->660.5M(2048.0M)]
 [Times: user=0.53 sys=0.00, real=0.14 secs] 
560.262: [GC pause (young), 0.0984240 secs]
   [Parallel Time: 96.7 ms, GC Workers: 4]
      [GC Worker Start (ms): Min: 560262.6, Avg: 560262.6, Max: 560262.7, Diff: 0.1]
      [Ext Root Scanning (ms): Min: 1.1, Avg: 1.3, Max: 1.3, Diff: 0.2, Sum: 5.0]
      [Update RS (ms): Min: 12.5, Avg: 12.5, Max: 12.5, Diff: 0.0, Sum: 50.0]
         [Processed Buffers: Min: 147, Avg: 178.0, Max: 205, Diff: 58, Sum: 712]
      [Scan RS (ms): Min: 0.6, Avg: 0.7, Max: 0.7, Diff: 0.0, Sum: 2.7]
      [Object Copy (ms): Min: 82.1, Avg: 82.2, Max: 82.2, Diff: 0.0, Sum: 328.7]
      [Termination (ms): Min: 0.0, Avg: 0.0, Max: 0.0, Diff: 0.0, Sum: 0.0]
      [GC Worker Other (ms): Min: 0.0, Avg: 0.0, Max: 0.0, Diff: 0.0, Sum: 0.0]
      [GC Worker Total (ms): Min: 96.5, Avg: 96.6, Max: 96.6, Diff: 0.1, Sum: 386.4]
      [GC Worker End (ms): Min: 560359.2, Avg: 560359.2, Max: 560359.2, Diff: 0.0]
   [Code Root Fixup: 0.0 ms]
   [Clear CT: 0.2 ms]
   [Other: 1.5 ms]
      [Choose CSet: 0.0 ms]
      [Ref Proc: 0.0 ms]
      [Ref Enq: 0.0 ms]
      [Free CSet: 0.2 ms]
   [Eden: 170.0M(170.0M)->0.0B(287.0M) Survivors: 25.0M->25.0M Heap: 830.5M(2048.0M)->742.5M(2048.0M)]
 [Times: user=0.36 sys=0.00, real=0.10 secs] 
560.684: [GC pause (young), 0.1951348 secs]
   [Parallel Time: 192.6 ms, GC Workers: 4]
      [GC Worker Start (ms): Min: 560684.8, Avg: 560684.8, Max: 560684.8, Diff: 0.0]
      [Ext Root Scanning (ms): Min: 1.2, Avg: 1.2, Max: 1.2, Diff: 0.0, Sum: 4.9]
      [Update RS (ms): Min: 13.2, Avg: 13.2, Max: 13.2, Diff: 0.0, Sum: 52.7]
         [Processed Buffers: Min: 146, Avg: 162.8, Max: 176, Diff: 30, Sum: 651]
      [Scan RS (ms): Min: 0.2, Avg: 0.2, Max: 0.2, Diff: 0.0, Sum: 0.9]
      [Object Copy (ms): Min: 177.9, Avg: 177.9, Max: 177.9, Diff: 0.0, Sum: 711.6]
      [Termination (ms): Min: 0.0, Avg: 0.0, Max: 0.0, Diff: 0.0, Sum: 0.0]
      [GC Worker Other (ms): Min: 0.0, Avg: 0.0, Max: 0.0, Diff: 0.0, Sum: 0.1]
      [GC Worker Total (ms): Min: 192.5, Avg: 192.5, Max: 192.5, Diff: 0.0, Sum: 770.1]
      [GC Worker End (ms): Min: 560877.4, Avg: 560877.4, Max: 560877.4, Diff: 0.0]
   [Code Root Fixup: 0.0 ms]
   [Clear CT: 0.3 ms]
   [Other: 2.3 ms]
      [Choose CSet: 0.0 ms]
      [Ref Proc: 0.2 ms]
      [Ref Enq: 0.0 ms]
      [Free CSet: 0.3 ms]
   [Eden: 287.0M(287.0M)->0.0B(217.0M) Survivors: 25.0M->39.0M Heap: 1029.5M(2048.0M)->943.0M(2048.0M)]
 [Times: user=0.72 sys=0.00, real=0.20 secs] 
561.174: [GC pause (young), 0.1608422 secs]
   [Parallel Time: 158.5 ms, GC Workers: 4]
      [GC Worker Start (ms): Min: 561174.2, Avg: 561174.2, Max: 561174.2, Diff: 0.0]
      [Ext Root Scanning (ms): Min: 1.2, Avg: 1.3, Max: 1.3, Diff: 0.1, Sum: 5.1]
      [Update RS (ms): Min: 15.0, Avg: 16.0, Max: 19.0, Diff: 4.0, Sum: 64.1]
         [Processed Buffers: Min: 120, Avg: 229.5, Max: 336, Diff: 216, Sum: 918]
      [Scan RS (ms): Min: 7.1, Avg: 10.1, Max: 11.2, Diff: 4.1, Sum: 40.6]
      [Object Copy (ms): Min: 130.6, Avg: 130.7, Max: 130.9, Diff: 0.3, Sum: 522.8]
      [Termination (ms): Min: 0.0, Avg: 0.2, Max: 0.4, Diff: 0.4, Sum: 0.9]
      [GC Worker Other (ms): Min: 0.0, Avg: 0.0, Max: 0.0, Diff: 0.0, Sum: 0.0]
      [GC Worker Total (ms): Min: 158.3, Avg: 158.4, Max: 158.4, Diff: 0.1, Sum: 633.5]
      [GC Worker End (ms): Min: 561332.6, Avg: 561332.6, Max: 561332.7, Diff: 0.1]
   [Code Root Fixup: 0.0 ms]
   [Clear CT: 0.2 ms]
   [Other: 2.2 ms]
      [Choose CSet: 0.0 ms]
      [Ref Proc: 0.1 ms]
      [Ref Enq: 0.0 ms]
      [Free CSet: 0.2 ms]
   [Eden: 217.0M(217.0M)->0.0B(153.0M) Survivors: 39.0M->32.0M Heap: 1160.0M(2048.0M)->1068.5M(2048.0M)]
 [Times: user=0.61 sys=0.00, real=0.16 secs] 
561.536: [GC pause (young) (initial-mark), 0.0887499 secs]
   [Parallel Time: 87.3 ms, GC Workers: 4]
      [GC Worker Start (ms): Min: 561536.9, Avg: 561536.9, Max: 561536.9, Diff: 0.0]
      [Ext Root Scanning (ms): Min: 1.2, Avg: 1.2, Max: 1.2, Diff: 0.0, Sum: 4.9]
      [Update RS (ms): Min: 16.0, Avg: 16.2, Max: 16.7, Diff: 0.7, Sum: 65.0]
         [Processed Buffers: Min: 116, Avg: 192.5, Max: 268, Diff: 152, Sum: 770]
      [Scan RS (ms): Min: 2.0, Avg: 2.5, Max: 2.7, Diff: 0.7, Sum: 10.0]
      [Object Copy (ms): Min: 67.3, Avg: 67.3, Max: 67.3, Diff: 0.0, Sum: 269.1]
      [Termination (ms): Min: 0.0, Avg: 0.0, Max: 0.0, Diff: 0.0, Sum: 0.0]
      [GC Worker Other (ms): Min: 0.0, Avg: 0.0, Max: 0.0, Diff: 0.0, Sum: 0.1]
      [GC Worker Total (ms): Min: 87.3, Avg: 87.3, Max: 87.3, Diff: 0.0, Sum: 349.0]
      [GC Worker End (ms): Min: 561624.2, Avg: 561624.2, Max: 561624.2, Diff: 0.0]
   [Code Root Fixup: 0.0 ms]
   [Clear CT: 0.1 ms]
   [Other: 1.4 ms]
      [Choose CSet: 0.0 ms]
      [Ref Proc: 0.0 ms]
      [Ref Enq: 0.0 ms]
      [Free CSet: 0.2 ms]
   [Eden: 153.0M(153.0M)->0.0B(266.0M) Survivors: 32.0M->24.0M Heap: 1221.5M(2048.0M)->1121.0M(2048.0M)]
 [Times: user=0.31 sys=0.00, real=0.09 secs] 
561.626: [GC concurrent-root-region-scan-start]
561.650: [GC concurrent-root-region-scan-end, 0.0246694 secs]
561.650: [GC concurrent-mark-start]
561.894: [GC pause (young), 0.1633823 secs]
   [Parallel Time: 160.6 ms, GC Workers: 4]
      [GC Worker Start (ms): Min: 561894.8, Avg: 561894.8, Max: 561894.8, Diff: 0.0]
      [Ext Root Scanning (ms): Min: 1.3, Avg: 1.3, Max: 1.3, Diff: 0.0, Sum: 5.2]
      [SATB Filtering (ms): Min: 0.0, Avg: 0.7, Max: 2.8, Diff: 2.8, Sum: 2.8]
      [Update RS (ms): Min: 26.5, Avg: 28.6, Max: 29.3, Diff: 2.8, Sum: 114.3]
         [Processed Buffers: Min: 151, Avg: 167.5, Max: 181, Diff: 30, Sum: 670]
      [Scan RS (ms): Min: 0.1, Avg: 0.1, Max: 0.1, Diff: 0.0, Sum: 0.4]
      [Object Copy (ms): Min: 128.9, Avg: 128.9, Max: 128.9, Diff: 0.0, Sum: 515.6]
      [Termination (ms): Min: 0.0, Avg: 0.0, Max: 0.0, Diff: 0.0, Sum: 0.0]
      [GC Worker Other (ms): Min: 0.0, Avg: 0.3, Max: 0.6, Diff: 0.6, Sum: 1.3]
      [GC Worker Total (ms): Min: 159.6, Avg: 159.9, Max: 160.2, Diff: 0.6, Sum: 639.6]
      [GC Worker End (ms): Min: 562054.4, Avg: 562054.7, Max: 562055.0, Diff: 0.6]
   [Code Root Fixup: 0.0 ms]
   [Clear CT: 0.1 ms]
   [Other: 2.6 ms]
      [Choose CSet: 0.0 ms]
      [Ref Proc: 1.2 ms]
      [Ref Enq: 0.0 ms]
      [Free CSet: 0.3 ms]
   [Eden: 266.0M(266.0M)->0.0B(194.0M) Survivors: 24.0M->37.0M Heap: 1387.0M(2048.0M)->1264.5M(2048.0M)]
 [Times: user=0.62 sys=0.00, real=0.16 secs] 
562.255: [GC concurrent-mark-end, 0.6049876 secs]
562.255: [GC remark 562.256: [GC ref-proc, 0.0017284 secs], 0.0038971 secs]
 [Times: user=0.00 sys=0.00, real=0.00 secs] 
562.260: [GC cleanup 1450M->732M(2048M), 0.0014250 secs]
 [Times: user=0.00 sys=0.00, real=0.00 secs] 
562.261: [GC concurrent-cleanup-start]
562.262: [GC concurrent-cleanup-end, 0.0008396 secs]
562.272: [GC pause (young), 0.0770923 secs]
   [Parallel Time: 75.5 ms, GC Workers: 4]
      [GC Worker Start (ms): Min: 562272.9, Avg: 562272.9, Max: 562272.9, Diff: 0.0]
      [Ext Root Scanning (ms): Min: 1.2, Avg: 1.2, Max: 1.2, Diff: 0.0, Sum: 4.9]
      [Update RS (ms): Min: 16.2, Avg: 16.2, Max: 16.2, Diff: 0.0, Sum: 64.7]
         [Processed Buffers: Min: 152, Avg: 196.3, Max: 219, Diff: 67, Sum: 785]
      [Scan RS (ms): Min: 2.5, Avg: 2.5, Max: 2.6, Diff: 0.0, Sum: 10.1]
      [Object Copy (ms): Min: 55.6, Avg: 55.6, Max: 55.6, Diff: 0.0, Sum: 222.2]
      [Termination (ms): Min: 0.0, Avg: 0.0, Max: 0.0, Diff: 0.0, Sum: 0.0]
      [GC Worker Other (ms): Min: 0.0, Avg: 0.0, Max: 0.0, Diff: 0.0, Sum: 0.1]
      [GC Worker Total (ms): Min: 75.5, Avg: 75.5, Max: 75.5, Diff: 0.0, Sum: 302.1]
      [GC Worker End (ms): Min: 562348.4, Avg: 562348.4, Max: 562348.4, Diff: 0.0]
   [Code Root Fixup: 0.0 ms]
   [Clear CT: 0.1 ms]
   [Other: 1.4 ms]
      [Choose CSet: 0.0 ms]
      [Ref Proc: 0.2 ms]
      [Ref Enq: 0.0 ms]
      [Free CSet: 0.2 ms]
   [Eden: 194.0M(194.0M)->0.0B(357.0M) Survivors: 37.0M->29.0M Heap: 740.5M(2048.0M)->583.0M(2048.0M)]
 [Times: user=0.31 sys=0.00, real=0.08 secs] 
562.708: [GC pause (young), 0.2339175 secs]
   [Parallel Time: 231.5 ms, GC Workers: 4]
      [GC Worker Start (ms): Min: 562708.0, Avg: 562708.0, Max: 562708.0, Diff: 0.0]
      [Ext Root Scanning (ms): Min: 1.2, Avg: 1.2, Max: 1.2, Diff: 0.0, Sum: 4.9]
      [Update RS (ms): Min: 15.3, Avg: 15.3, Max: 15.3, Diff: 0.0, Sum: 61.2]
         [Processed Buffers: Min: 107, Avg: 109.3, Max: 111, Diff: 4, Sum: 437]
      [Scan RS (ms): Min: 0.2, Avg: 0.2, Max: 0.2, Diff: 0.0, Sum: 0.7]
      [Object Copy (ms): Min: 214.7, Avg: 214.8, Max: 214.8, Diff: 0.1, Sum: 859.0]
      [Termination (ms): Min: 0.0, Avg: 0.0, Max: 0.0, Diff: 0.0, Sum: 0.0]
      [GC Worker Other (ms): Min: 0.0, Avg: 0.0, Max: 0.0, Diff: 0.0, Sum: 0.1]
      [GC Worker Total (ms): Min: 231.5, Avg: 231.5, Max: 231.5, Diff: 0.0, Sum: 925.9]
      [GC Worker End (ms): Min: 562939.5, Avg: 562939.5, Max: 562939.5, Diff: 0.0]
   [Code Root Fixup: 0.0 ms]
   [Clear CT: 0.3 ms]
   [Other: 2.1 ms]
      [Choose CSet: 0.0 ms]
      [Ref Proc: 0.0 ms]
      [Ref Enq: 0.0 ms]
      [Free CSet: 0.3 ms]
   [Eden: 357.0M(357.0M)->0.0B(230.0M) Survivors: 29.0M->49.0M Heap: 940.0M(2048.0M)->832.5M(2048.0M)]
 [Times: user=0.91 sys=0.00, real=0.23 secs] 
563.259: [GC pause (young), 0.1975242 secs]
   [Parallel Time: 195.2 ms, GC Workers: 4]
      [GC Worker Start (ms): Min: 563259.3, Avg: 563259.3, Max: 563259.3, Diff: 0.0]
      [Ext Root Scanning (ms): Min: 1.2, Avg: 1.2, Max: 1.2, Diff: 0.0, Sum: 4.9]
      [Update RS (ms): Min: 19.5, Avg: 19.5, Max: 19.6, Diff: 0.0, Sum: 78.2]
         [Processed Buffers: Min: 192, Avg: 206.8, Max: 235, Diff: 43, Sum: 827]
      [Scan RS (ms): Min: 15.7, Avg: 15.7, Max: 15.8, Diff: 0.1, Sum: 63.0]
      [Object Copy (ms): Min: 158.6, Avg: 158.7, Max: 158.7, Diff: 0.1, Sum: 634.6]
      [Termination (ms): Min: 0.0, Avg: 0.0, Max: 0.0, Diff: 0.0, Sum: 0.0]
      [GC Worker Other (ms): Min: 0.0, Avg: 0.0, Max: 0.0, Diff: 0.0, Sum: 0.1]
      [GC Worker Total (ms): Min: 195.2, Avg: 195.2, Max: 195.2, Diff: 0.0, Sum: 780.8]
      [GC Worker End (ms): Min: 563454.5, Avg: 563454.5, Max: 563454.5, Diff: 0.0]
   [Code Root Fixup: 0.0 ms]
   [Clear CT: 0.1 ms]
   [Other: 2.2 ms]
      [Choose CSet: 0.0 ms]
      [Ref Proc: 0.0 ms]
      [Ref Enq: 0.0 ms]
      [Free CSet: 0.2 ms]
   [Eden: 230.0M(230.0M)->0.0B(153.0M) Survivors: 49.0M->35.0M Heap: 1062.5M(2048.0M)->985.0M(2048.0M)]
 [Times: user=0.77 sys=0.00, real=0.20 secs] 
563.736: [GC pause (young) (initial-mark), 0.1249104 secs]
   [Parallel Time: 122.9 ms, GC Workers: 4]
      [GC Worker Start (ms): Min: 563736.3, Avg: 563736.3, Max: 563736.4, Diff: 0.0]
      [Ext Root Scanning (ms): Min: 1.2, Avg: 1.2, Max: 1.3, Diff: 0.1, Sum: 4.9]
      [Update RS (ms): Min: 27.3, Avg: 27.3, Max: 27.4, Diff: 0.1, Sum: 109.3]
         [Processed Buffers: Min: 217, Avg: 232.0, Max: 255, Diff: 38, Sum: 928]
      [Scan RS (ms): Min: 0.1, Avg: 0.1, Max: 0.1, Diff: 0.0, Sum: 0.5]
      [Object Copy (ms): Min: 94.2, Avg: 94.2, Max: 94.2, Diff: 0.1, Sum: 376.8]
      [Termination (ms): Min: 0.0, Avg: 0.0, Max: 0.0, Diff: 0.0, Sum: 0.0]
      [GC Worker Other (ms): Min: 0.0, Avg: 0.0, Max: 0.0, Diff: 0.0, Sum: 0.1]
      [GC Worker Total (ms): Min: 122.9, Avg: 122.9, Max: 122.9, Diff: 0.0, Sum: 491.6]
      [GC Worker End (ms): Min: 563859.2, Avg: 563859.2, Max: 563859.2, Diff: 0.0]
   [Code Root Fixup: 0.0 ms]
   [Clear CT: 0.2 ms]
   [Other: 1.8 ms]
      [Choose CSet: 0.0 ms]
      [Ref Proc: 0.2 ms]
      [Ref Enq: 0.0 ms]
      [Free CSet: 0.2 ms]
   [Eden: 153.0M(153.0M)->0.0B(221.0M) Survivors: 35.0M->24.0M Heap: 1138.0M(2048.0M)->1069.5M(2048.0M)]
 [Times: user=0.45 sys=0.00, real=0.13 secs] 
563.862: [GC concurrent-root-region-scan-start]
563.920: [GC concurrent-root-region-scan-end, 0.0587327 secs]
563.920: [GC concurrent-mark-start]
564.062: [GC pause (young), 0.0924096 secs]
   [Parallel Time: 90.8 ms, GC Workers: 4]
      [GC Worker Start (ms): Min: 564062.5, Avg: 564062.5, Max: 564062.5, Diff: 0.0]
      [Ext Root Scanning (ms): Min: 1.3, Avg: 1.3, Max: 1.4, Diff: 0.0, Sum: 5.3]
      [SATB Filtering (ms): Min: 0.0, Avg: 0.8, Max: 3.1, Diff: 3.1, Sum: 3.1]
      [Update RS (ms): Min: 16.3, Avg: 18.5, Max: 19.2, Diff: 3.0, Sum: 74.0]
         [Processed Buffers: Min: 145, Avg: 186.5, Max: 211, Diff: 66, Sum: 746]
      [Scan RS (ms): Min: 0.1, Avg: 0.2, Max: 0.2, Diff: 0.1, Sum: 0.7]
      [Object Copy (ms): Min: 69.9, Avg: 70.0, Max: 70.0, Diff: 0.1, Sum: 279.8]
      [Termination (ms): Min: 0.0, Avg: 0.0, Max: 0.0, Diff: 0.0, Sum: 0.0]
      [GC Worker Other (ms): Min: 0.0, Avg: 0.0, Max: 0.0, Diff: 0.0, Sum: 0.1]
      [GC Worker Total (ms): Min: 90.7, Avg: 90.7, Max: 90.8, Diff: 0.0, Sum: 363.0]
      [GC Worker End (ms): Min: 564153.2, Avg: 564153.2, Max: 564153.2, Diff: 0.0]
   [Code Root Fixup: 0.0 ms]
   [Clear CT: 0.2 ms]
   [Other: 1.4 ms]
      [Choose CSet: 0.0 ms]
      [Ref Proc: 0.3 ms]
      [Ref Enq: 0.0 ms]
      [Free CSet: 0.2 ms]
   [Eden: 221.0M(221.0M)->0.0B(317.0M) Survivors: 24.0M->31.0M Heap: 1290.5M(2048.0M)->1135.5M(2048.0M)]
 [Times: user=0.37 sys=0.00, real=0.09 secs] 
564.452: [GC pause (young), 0.1923096 secs]
   [Parallel Time: 190.2 ms, GC Workers: 4]
      [GC Worker Start (ms): Min: 564451.8, Avg: 564451.8, Max: 564451.8, Diff: 0.0]
      [Ext Root Scanning (ms): Min: 1.3, Avg: 1.3, Max: 1.3, Diff: 0.0, Sum: 5.1]
      [SATB Filtering (ms): Min: 0.0, Avg: 0.7, Max: 2.7, Diff: 2.7, Sum: 2.7]
      [Update RS (ms): Min: 18.4, Avg: 20.4, Max: 21.1, Diff: 2.7, Sum: 81.8]
         [Processed Buffers: Min: 98, Avg: 123.3, Max: 133, Diff: 35, Sum: 493]
      [Scan RS (ms): Min: 0.2, Avg: 0.2, Max: 0.2, Diff: 0.0, Sum: 0.7]
      [Object Copy (ms): Min: 167.5, Avg: 167.5, Max: 167.5, Diff: 0.0, Sum: 670.0]
      [Termination (ms): Min: 0.0, Avg: 0.0, Max: 0.0, Diff: 0.0, Sum: 0.0]
      [GC Worker Other (ms): Min: 0.0, Avg: 0.0, Max: 0.0, Diff: 0.0, Sum: 0.1]
      [GC Worker Total (ms): Min: 190.1, Avg: 190.1, Max: 190.1, Diff: 0.0, Sum: 760.4]
      [GC Worker End (ms): Min: 564641.9, Avg: 564641.9, Max: 564641.9, Diff: 0.0]
   [Code Root Fixup: 0.0 ms]
   [Clear CT: 0.6 ms]
   [Other: 1.6 ms]
      [Choose CSet: 0.0 ms]
      [Ref Proc: 0.0 ms]
      [Ref Enq: 0.0 ms]
      [Free CSet: 0.2 ms]
   [Eden: 317.0M(317.0M)->0.0B(216.0M) Survivors: 31.0M->44.0M Heap: 1452.5M(2048.0M)->1321.0M(2048.0M)]
 [Times: user=0.81 sys=0.00, real=0.19 secs] 
564.760: [GC concurrent-mark-end, 0.8390231 secs]
564.760: [GC remark 564.760: [GC ref-proc, 0.0016924 secs], 0.0031507 secs]
 [Times: user=0.00 sys=0.00, real=0.00 secs] 
564.763: [GC cleanup 1331M->694M(2048M), 0.0012563 secs]
 [Times: user=0.01 sys=0.00, real=0.00 secs] 
564.765: [GC concurrent-cleanup-start]
564.766: [GC concurrent-cleanup-end, 0.0008188 secs]
564.960: [GC pause (young), 0.2098635 secs]
   [Parallel Time: 207.4 ms, GC Workers: 4]
      [GC Worker Start (ms): Min: 564960.1, Avg: 564960.1, Max: 564960.1, Diff: 0.0]
      [Ext Root Scanning (ms): Min: 1.2, Avg: 1.2, Max: 1.3, Diff: 0.1, Sum: 4.9]
      [Update RS (ms): Min: 32.1, Avg: 32.1, Max: 32.1, Diff: 0.0, Sum: 128.5]
         [Processed Buffers: Min: 170, Avg: 245.8, Max: 277, Diff: 107, Sum: 983]
      [Scan RS (ms): Min: 2.5, Avg: 2.5, Max: 2.6, Diff: 0.1, Sum: 10.0]
      [Object Copy (ms): Min: 171.5, Avg: 171.5, Max: 171.5, Diff: 0.1, Sum: 686.0]
      [Termination (ms): Min: 0.0, Avg: 0.0, Max: 0.0, Diff: 0.0, Sum: 0.0]
      [GC Worker Other (ms): Min: 0.0, Avg: 0.0, Max: 0.0, Diff: 0.0, Sum: 0.1]
      [GC Worker Total (ms): Min: 207.4, Avg: 207.4, Max: 207.4, Diff: 0.0, Sum: 829.6]
      [GC Worker End (ms): Min: 565167.5, Avg: 565167.5, Max: 565167.5, Diff: 0.0]
   [Code Root Fixup: 0.0 ms]
   [Clear CT: 0.2 ms]
   [Other: 2.2 ms]
      [Choose CSet: 0.0 ms]
      [Ref Proc: 0.0 ms]
      [Ref Enq: 0.0 ms]
      [Free CSet: 0.2 ms]
   [Eden: 216.0M(216.0M)->0.0B(206.0M) Survivors: 44.0M->33.0M Heap: 900.0M(2048.0M)->857.0M(2048.0M)]
 [Times: user=0.81 sys=0.00, real=0.21 secs] 
565.517: [GC pause (young), 0.1821729 secs]
   [Parallel Time: 179.9 ms, GC Workers: 4]
      [GC Worker Start (ms): Min: 565517.0, Avg: 565517.0, Max: 565517.0, Diff: 0.0]
      [Ext Root Scanning (ms): Min: 1.2, Avg: 1.2, Max: 1.2, Diff: 0.0, Sum: 4.9]
      [Update RS (ms): Min: 17.0, Avg: 17.0, Max: 17.1, Diff: 0.0, Sum: 68.2]
         [Processed Buffers: Min: 165, Avg: 194.3, Max: 215, Diff: 50, Sum: 777]
      [Scan RS (ms): Min: 2.7, Avg: 2.7, Max: 2.7, Diff: 0.1, Sum: 10.7]
      [Object Copy (ms): Min: 158.8, Avg: 158.9, Max: 158.9, Diff: 0.1, Sum: 635.6]
      [Termination (ms): Min: 0.0, Avg: 0.0, Max: 0.0, Diff: 0.0, Sum: 0.0]
      [GC Worker Other (ms): Min: 0.0, Avg: 0.0, Max: 0.0, Diff: 0.0, Sum: 0.1]
      [GC Worker Total (ms): Min: 179.9, Avg: 179.9, Max: 179.9, Diff: 0.0, Sum: 719.5]
      [GC Worker End (ms): Min: 565696.9, Avg: 565696.9, Max: 565696.9, Diff: 0.0]
   [Code Root Fixup: 0.0 ms]
   [Clear CT: 0.2 ms]
   [Other: 2.0 ms]
      [Choose CSet: 0.0 ms]
      [Ref Proc: 0.1 ms]
      [Ref Enq: 0.0 ms]
      [Free CSet: 0.2 ms]
   [Eden: 206.0M(206.0M)->0.0B(202.0M) Survivors: 33.0M->30.0M Heap: 1063.0M(2048.0M)->1023.5M(2048.0M)]
 [Times: user=0.67 sys=0.00, real=0.18 secs] 
565.971: [GC pause (young) (initial-mark), 0.1223568 secs]
   [Parallel Time: 120.5 ms, GC Workers: 4]
      [GC Worker Start (ms): Min: 565971.7, Avg: 565971.7, Max: 565971.8, Diff: 0.0]
      [Ext Root Scanning (ms): Min: 1.2, Avg: 1.3, Max: 1.3, Diff: 0.1, Sum: 5.1]
      [Update RS (ms): Min: 23.5, Avg: 23.5, Max: 23.5, Diff: 0.0, Sum: 94.0]
         [Processed Buffers: Min: 197, Avg: 223.5, Max: 244, Diff: 47, Sum: 894]
      [Scan RS (ms): Min: 0.2, Avg: 0.2, Max: 0.2, Diff: 0.0, Sum: 0.7]
      [Object Copy (ms): Min: 95.5, Avg: 95.5, Max: 95.5, Diff: 0.1, Sum: 382.0]
      [Termination (ms): Min: 0.0, Avg: 0.0, Max: 0.0, Diff: 0.0, Sum: 0.0]
      [GC Worker Other (ms): Min: 0.0, Avg: 0.0, Max: 0.0, Diff: 0.0, Sum: 0.0]
      [GC Worker Total (ms): Min: 120.4, Avg: 120.4, Max: 120.4, Diff: 0.0, Sum: 481.8]
      [GC Worker End (ms): Min: 566092.2, Avg: 566092.2, Max: 566092.2, Diff: 0.0]
   [Code Root Fixup: 0.0 ms]
   [Clear CT: 0.1 ms]
   [Other: 1.8 ms]
      [Choose CSet: 0.0 ms]
      [Ref Proc: 0.1 ms]
      [Ref Enq: 0.0 ms]
      [Free CSet: 0.2 ms]
   [Eden: 202.0M(202.0M)->0.0B(270.0M) Survivors: 30.0M->29.0M Heap: 1225.5M(2048.0M)->1116.5M(2048.0M)]
 [Times: user=0.50 sys=0.00, real=0.12 secs] 
566.094: [GC concurrent-root-region-scan-start]
566.137: [GC concurrent-root-region-scan-end, 0.0432452 secs]
566.137: [GC concurrent-mark-start]
566.382: [GC pause (young), 0.1117573 secs]
   [Parallel Time: 110.3 ms, GC Workers: 4]
      [GC Worker Start (ms): Min: 566382.3, Avg: 566382.3, Max: 566382.3, Diff: 0.0]
      [Ext Root Scanning (ms): Min: 1.4, Avg: 1.5, Max: 1.6, Diff: 0.1, Sum: 5.9]
      [SATB Filtering (ms): Min: 0.0, Avg: 0.8, Max: 3.0, Diff: 3.0, Sum: 3.0]
      [Update RS (ms): Min: 13.8, Avg: 16.1, Max: 16.9, Diff: 3.1, Sum: 64.4]
         [Processed Buffers: Min: 160, Avg: 183.8, Max: 208, Diff: 48, Sum: 735]
      [Scan RS (ms): Min: 0.2, Avg: 0.2, Max: 0.3, Diff: 0.1, Sum: 0.9]
      [Object Copy (ms): Min: 91.5, Avg: 91.6, Max: 91.6, Diff: 0.1, Sum: 366.3]
      [Termination (ms): Min: 0.0, Avg: 0.1, Max: 0.2, Diff: 0.2, Sum: 0.4]
      [GC Worker Other (ms): Min: 0.0, Avg: 0.0, Max: 0.0, Diff: 0.0, Sum: 0.1]
      [GC Worker Total (ms): Min: 110.3, Avg: 110.3, Max: 110.3, Diff: 0.0, Sum: 441.1]
      [GC Worker End (ms): Min: 566492.5, Avg: 566492.5, Max: 566492.5, Diff: 0.0]
   [Code Root Fixup: 0.0 ms]
   [Clear CT: 0.1 ms]
   [Other: 1.3 ms]
      [Choose CSet: 0.0 ms]
      [Ref Proc: 0.1 ms]
      [Ref Enq: 0.0 ms]
      [Free CSet: 0.2 ms]
   [Eden: 270.0M(270.0M)->0.0B(317.0M) Survivors: 29.0M->38.0M Heap: 1386.5M(2048.0M)->1207.5M(2048.0M)]
 [Times: user=0.44 sys=0.00, real=0.11 secs] 
566.740: [GC concurrent-mark-end, 0.6029584 secs]
566.740: [GC remark 566.741: [GC ref-proc, 0.0017120 secs], 0.0038666 secs]
 [Times: user=0.00 sys=0.00, real=0.00 secs] 
566.745: [GC cleanup 1488M->856M(2048M), 0.0019201 secs]
 [Times: user=0.06 sys=0.00, real=0.00 secs] 
566.747: [GC concurrent-cleanup-start]
566.748: [GC concurrent-cleanup-end, 0.0007896 secs]
566.785: [GC pause (young), 0.1133757 secs]
   [Parallel Time: 112.0 ms, GC Workers: 4]
      [GC Worker Start (ms): Min: 566785.3, Avg: 566785.3, Max: 566785.3, Diff: 0.0]
      [Ext Root Scanning (ms): Min: 1.2, Avg: 1.2, Max: 1.3, Diff: 0.0, Sum: 4.9]
      [Update RS (ms): Min: 18.0, Avg: 18.0, Max: 18.1, Diff: 0.1, Sum: 72.2]
         [Processed Buffers: Min: 136, Avg: 148.0, Max: 158, Diff: 22, Sum: 592]
      [Scan RS (ms): Min: 0.3, Avg: 0.3, Max: 0.3, Diff: 0.0, Sum: 1.2]
      [Object Copy (ms): Min: 92.3, Avg: 92.3, Max: 92.4, Diff: 0.0, Sum: 369.4]
      [Termination (ms): Min: 0.0, Avg: 0.0, Max: 0.0, Diff: 0.0, Sum: 0.0]
      [GC Worker Other (ms): Min: 0.0, Avg: 0.0, Max: 0.0, Diff: 0.0, Sum: 0.1]
      [GC Worker Total (ms): Min: 111.9, Avg: 111.9, Max: 111.9, Diff: 0.0, Sum: 447.7]
      [GC Worker End (ms): Min: 566897.2, Avg: 566897.2, Max: 566897.2, Diff: 0.0]
   [Code Root Fixup: 0.0 ms]
   [Clear CT: 0.1 ms]
   [Other: 1.3 ms]
      [Choose CSet: 0.0 ms]
      [Ref Proc: 0.0 ms]
      [Ref Enq: 0.0 ms]
      [Free CSet: 0.3 ms]
   [Eden: 317.0M(317.0M)->0.0B(57.0M) Survivors: 38.0M->45.0M Heap: 892.5M(2048.0M)->658.5M(2048.0M)]
 [Times: user=0.42 sys=0.00, real=0.11 secs] 
566.943: [GC pause (mixed), 0.0797934 secs]
   [Parallel Time: 77.8 ms, GC Workers: 4]
      [GC Worker Start (ms): Min: 566943.6, Avg: 566943.6, Max: 566943.6, Diff: 0.0]
      [Ext Root Scanning (ms): Min: 1.2, Avg: 1.2, Max: 1.3, Diff: 0.0, Sum: 5.0]
      [Update RS (ms): Min: 29.4, Avg: 29.4, Max: 29.4, Diff: 0.0, Sum: 117.6]
         [Processed Buffers: Min: 163, Avg: 169.5, Max: 181, Diff: 18, Sum: 678]
      [Scan RS (ms): Min: 0.5, Avg: 0.5, Max: 0.6, Diff: 0.1, Sum: 2.1]
      [Object Copy (ms): Min: 46.6, Avg: 46.6, Max: 46.7, Diff: 0.1, Sum: 186.5]
      [Termination (ms): Min: 0.0, Avg: 0.0, Max: 0.0, Diff: 0.0, Sum: 0.0]
      [GC Worker Other (ms): Min: 0.0, Avg: 0.0, Max: 0.0, Diff: 0.0, Sum: 0.1]
      [GC Worker Total (ms): Min: 77.8, Avg: 77.8, Max: 77.8, Diff: 0.0, Sum: 311.2]
      [GC Worker End (ms): Min: 567021.4, Avg: 567021.4, Max: 567021.4, Diff: 0.0]
   [Code Root Fixup: 0.0 ms]
   [Clear CT: 0.2 ms]
   [Other: 1.8 ms]
      [Choose CSet: 0.0 ms]
      [Ref Proc: 0.8 ms]
      [Ref Enq: 0.0 ms]
      [Free CSet: 0.2 ms]
   [Eden: 57.0M(57.0M)->0.0B(476.0M) Survivors: 45.0M->13.0M Heap: 715.5M(2048.0M)->643.5M(2048.0M)]
 [Times: user=0.31 sys=0.00, real=0.08 secs] 
567.485: [GC pause (young), 0.2912741 secs]
   [Parallel Time: 287.9 ms, GC Workers: 4]
      [GC Worker Start (ms): Min: 567485.4, Avg: 567485.4, Max: 567485.4, Diff: 0.0]
      [Ext Root Scanning (ms): Min: 1.6, Avg: 2.9, Max: 6.3, Diff: 4.7, Sum: 11.5]
      [Update RS (ms): Min: 14.4, Avg: 17.7, Max: 18.9, Diff: 4.5, Sum: 70.7]
         [Processed Buffers: Min: 114, Avg: 145.0, Max: 169, Diff: 55, Sum: 580]
      [Scan RS (ms): Min: 0.2, Avg: 0.2, Max: 0.2, Diff: 0.0, Sum: 0.8]
      [Object Copy (ms): Min: 266.9, Avg: 267.1, Max: 267.2, Diff: 0.2, Sum: 1068.3]
      [Termination (ms): Min: 0.0, Avg: 0.0, Max: 0.0, Diff: 0.0, Sum: 0.0]
      [GC Worker Other (ms): Min: 0.0, Avg: 0.0, Max: 0.0, Diff: 0.0, Sum: 0.1]
      [GC Worker Total (ms): Min: 287.9, Avg: 287.9, Max: 287.9, Diff: 0.0, Sum: 1151.5]
      [GC Worker End (ms): Min: 567773.2, Avg: 567773.2, Max: 567773.2, Diff: 0.0]
   [Code Root Fixup: 0.0 ms]
   [Clear CT: 0.7 ms]
   [Other: 2.7 ms]
      [Choose CSet: 0.0 ms]
      [Ref Proc: 0.4 ms]
      [Ref Enq: 0.0 ms]
      [Free CSet: 0.3 ms]
   [Eden: 476.0M(476.0M)->0.0B(239.0M) Survivors: 13.0M->62.0M Heap: 1119.5M(2048.0M)->943.0M(2048.0M)]
 [Times: user=1.06 sys=0.00, real=0.29 secs] 
568.101: [GC pause (young), 0.2009623 secs]
   [Parallel Time: 197.4 ms, GC Workers: 4]
      [GC Worker Start (ms): Min: 568101.4, Avg: 568101.4, Max: 568101.4, Diff: 0.0]
      [Ext Root Scanning (ms): Min: 1.4, Avg: 1.4, Max: 1.4, Diff: 0.0, Sum: 5.7]
      [Update RS (ms): Min: 30.0, Avg: 30.1, Max: 30.5, Diff: 0.5, Sum: 120.6]
         [Processed Buffers: Min: 185, Avg: 280.3, Max: 405, Diff: 220, Sum: 1121]
      [Scan RS (ms): Min: 23.0, Avg: 23.4, Max: 23.6, Diff: 0.6, Sum: 93.8]
      [Object Copy (ms): Min: 142.2, Avg: 142.2, Max: 142.3, Diff: 0.1, Sum: 568.9]
      [Termination (ms): Min: 0.0, Avg: 0.0, Max: 0.0, Diff: 0.0, Sum: 0.0]
      [GC Worker Other (ms): Min: 0.0, Avg: 0.0, Max: 0.0, Diff: 0.0, Sum: 0.1]
      [GC Worker Total (ms): Min: 197.2, Avg: 197.3, Max: 197.3, Diff: 0.0, Sum: 789.0]
      [GC Worker End (ms): Min: 568298.7, Avg: 568298.7, Max: 568298.7, Diff: 0.0]
   [Code Root Fixup: 0.0 ms]
   [Clear CT: 0.3 ms]
   [Other: 3.3 ms]
      [Choose CSet: 0.0 ms]
      [Ref Proc: 0.6 ms]
      [Ref Enq: 0.0 ms]
      [Free CSet: 0.2 ms]
   [Eden: 185.0M(40.0M)->0.0B(221.0M) Survivors: 62.0M->13.0M Heap: 1128.0M(2048.0M)->1051.5M(2048.0M)]
 [Times: user=0.80 sys=0.00, real=0.20 secs] 
568.491: [GC pause (young) (initial-mark), 0.0770176 secs]
   [Parallel Time: 75.9 ms, GC Workers: 4]
      [GC Worker Start (ms): Min: 568491.1, Avg: 568492.1, Max: 568494.2, Diff: 3.1]
      [Ext Root Scanning (ms): Min: 0.1, Avg: 1.3, Max: 2.1, Diff: 2.0, Sum: 5.4]
      [Update RS (ms): Min: 55.0, Avg: 55.6, Max: 55.9, Diff: 1.0, Sum: 222.3]
         [Processed Buffers: Min: 292, Avg: 303.0, Max: 315, Diff: 23, Sum: 1212]
      [Scan RS (ms): Min: 0.1, Avg: 0.1, Max: 0.1, Diff: 0.1, Sum: 0.5]
      [Object Copy (ms): Min: 14.0, Avg: 15.1, Max: 17.7, Diff: 3.7, Sum: 60.4]
      [Termination (ms): Min: 0.0, Avg: 2.6, Max: 3.6, Diff: 3.6, Sum: 10.5]
      [GC Worker Other (ms): Min: 0.0, Avg: 0.0, Max: 0.0, Diff: 0.0, Sum: 0.0]
      [GC Worker Total (ms): Min: 72.7, Avg: 74.8, Max: 75.8, Diff: 3.1, Sum: 299.1]
      [GC Worker End (ms): Min: 568566.8, Avg: 568566.9, Max: 568567.0, Diff: 0.2]
   [Code Root Fixup: 0.0 ms]
   [Clear CT: 0.1 ms]
   [Other: 1.1 ms]
      [Choose CSet: 0.0 ms]
      [Ref Proc: 0.3 ms]
      [Ref Enq: 0.0 ms]
      [Free CSet: 0.2 ms]
   [Eden: 221.0M(221.0M)->0.0B(299.0M) Survivors: 13.0M->3072.0K Heap: 1272.5M(2048.0M)->1055.0M(2048.0M)]
 [Times: user=0.25 sys=0.00, real=0.08 secs] 
568.568: [GC concurrent-root-region-scan-start]
568.569: [GC concurrent-root-region-scan-end, 0.0013031 secs]
568.569: [GC concurrent-mark-start]
568.841: [GC pause (young), 0.1311160 secs]
   [Parallel Time: 129.4 ms, GC Workers: 4]
      [GC Worker Start (ms): Min: 568841.5, Avg: 568841.5, Max: 568841.5, Diff: 0.0]
      [Ext Root Scanning (ms): Min: 1.3, Avg: 1.4, Max: 1.4, Diff: 0.1, Sum: 5.4]
      [SATB Filtering (ms): Min: 0.0, Avg: 0.7, Max: 2.9, Diff: 2.9, Sum: 2.9]
      [Update RS (ms): Min: 10.2, Avg: 12.3, Max: 13.1, Diff: 2.9, Sum: 49.3]
         [Processed Buffers: Min: 192, Avg: 219.3, Max: 235, Diff: 43, Sum: 877]
      [Scan RS (ms): Min: 0.0, Avg: 0.1, Max: 0.1, Diff: 0.0, Sum: 0.3]
      [Object Copy (ms): Min: 114.9, Avg: 114.9, Max: 114.9, Diff: 0.0, Sum: 459.5]
      [Termination (ms): Min: 0.0, Avg: 0.0, Max: 0.0, Diff: 0.0, Sum: 0.0]
      [GC Worker Other (ms): Min: 0.0, Avg: 0.0, Max: 0.0, Diff: 0.0, Sum: 0.1]
      [GC Worker Total (ms): Min: 129.3, Avg: 129.4, Max: 129.4, Diff: 0.0, Sum: 517.4]
      [GC Worker End (ms): Min: 568970.8, Avg: 568970.8, Max: 568970.8, Diff: 0.0]
   [Code Root Fixup: 0.0 ms]
   [Clear CT: 0.1 ms]
   [Other: 1.6 ms]
      [Choose CSet: 0.0 ms]
      [Ref Proc: 0.0 ms]
      [Ref Enq: 0.0 ms]
      [Free CSet: 0.3 ms]
   [Eden: 299.0M(299.0M)->0.0B(250.0M) Survivors: 3072.0K->38.0M Heap: 1354.0M(2048.0M)->1203.0M(2048.0M)]
 [Times: user=0.50 sys=0.00, real=0.13 secs] 
569.107: [GC concurrent-mark-end, 0.5375034 secs]
569.107: [GC remark 569.108: [GC ref-proc, 0.0017518 secs], 0.0039298 secs]
 [Times: user=0.00 sys=0.00, real=0.00 secs] 
569.112: [GC cleanup 1341M->631M(2048M), 0.0013900 secs]
 [Times: user=0.00 sys=0.00, real=0.00 secs] 
569.113: [GC concurrent-cleanup-start]
569.114: [GC concurrent-cleanup-end, 0.0008897 secs]
569.233: [GC pause (young), 0.1603807 secs]
   [Parallel Time: 158.4 ms, GC Workers: 4]
      [GC Worker Start (ms): Min: 569233.0, Avg: 569233.0, Max: 569233.0, Diff: 0.0]
      [Ext Root Scanning (ms): Min: 0.7, Avg: 1.3, Max: 1.5, Diff: 0.8, Sum: 5.1]
      [Update RS (ms): Min: 18.3, Avg: 18.9, Max: 19.3, Diff: 1.0, Sum: 75.4]
         [Processed Buffers: Min: 108, Avg: 186.8, Max: 314, Diff: 206, Sum: 747]
      [Scan RS (ms): Min: 0.0, Avg: 0.2, Max: 0.6, Diff: 0.6, Sum: 0.8]
      [Object Copy (ms): Min: 137.6, Avg: 138.0, Max: 138.8, Diff: 1.2, Sum: 552.0]
      [Termination (ms): Min: 0.0, Avg: 0.0, Max: 0.0, Diff: 0.0, Sum: 0.0]
      [GC Worker Other (ms): Min: 0.0, Avg: 0.0, Max: 0.0, Diff: 0.0, Sum: 0.1]
      [GC Worker Total (ms): Min: 158.3, Avg: 158.4, Max: 158.4, Diff: 0.0, Sum: 633.4]
      [GC Worker End (ms): Min: 569391.4, Avg: 569391.4, Max: 569391.4, Diff: 0.0]
   [Code Root Fixup: 0.0 ms]
   [Clear CT: 0.2 ms]
   [Other: 1.8 ms]
      [Choose CSet: 0.0 ms]
      [Ref Proc: 0.0 ms]
      [Ref Enq: 0.0 ms]
      [Free CSet: 0.3 ms]
   [Eden: 250.0M(250.0M)->0.0B(251.0M) Survivors: 38.0M->36.0M Heap: 743.0M(2048.0M)->628.5M(2048.0M)]
 [Times: user=0.61 sys=0.00, real=0.16 secs] 
569.663: [GC pause (young), 0.1510089 secs]
   [Parallel Time: 149.0 ms, GC Workers: 4]
      [GC Worker Start (ms): Min: 569663.0, Avg: 569663.0, Max: 569663.0, Diff: 0.0]
      [Ext Root Scanning (ms): Min: 1.2, Avg: 1.2, Max: 1.2, Diff: 0.0, Sum: 4.9]
      [Update RS (ms): Min: 18.8, Avg: 20.1, Max: 21.6, Diff: 2.8, Sum: 80.6]
         [Processed Buffers: Min: 159, Avg: 202.8, Max: 246, Diff: 87, Sum: 811]
      [Scan RS (ms): Min: 3.6, Avg: 5.0, Max: 6.4, Diff: 2.8, Sum: 20.1]
      [Object Copy (ms): Min: 122.5, Avg: 122.6, Max: 122.6, Diff: 0.1, Sum: 490.3]
      [Termination (ms): Min: 0.0, Avg: 0.0, Max: 0.0, Diff: 0.0, Sum: 0.0]
      [GC Worker Other (ms): Min: 0.0, Avg: 0.0, Max: 0.0, Diff: 0.0, Sum: 0.1]
      [GC Worker Total (ms): Min: 149.0, Avg: 149.0, Max: 149.0, Diff: 0.0, Sum: 595.9]
      [GC Worker End (ms): Min: 569811.9, Avg: 569811.9, Max: 569811.9, Diff: 0.0]
   [Code Root Fixup: 0.0 ms]
   [Clear CT: 0.1 ms]
   [Other: 1.9 ms]
      [Choose CSet: 0.0 ms]
      [Ref Proc: 0.0 ms]
      [Ref Enq: 0.0 ms]
      [Free CSet: 0.4 ms]
   [Eden: 251.0M(251.0M)->0.0B(238.0M) Survivors: 36.0M->36.0M Heap: 879.5M(2048.0M)->752.0M(2048.0M)]
 [Times: user=0.62 sys=0.00, real=0.15 secs] 
570.075: [GC pause (young), 0.1324210 secs]
   [Parallel Time: 130.4 ms, GC Workers: 4]
      [GC Worker Start (ms): Min: 570075.3, Avg: 570075.3, Max: 570075.3, Diff: 0.0]
      [Ext Root Scanning (ms): Min: 1.2, Avg: 1.2, Max: 1.2, Diff: 0.0, Sum: 4.9]
      [Update RS (ms): Min: 18.0, Avg: 18.0, Max: 18.1, Diff: 0.2, Sum: 72.0]
         [Processed Buffers: Min: 156, Avg: 182.0, Max: 211, Diff: 55, Sum: 728]
      [Scan RS (ms): Min: 2.3, Avg: 2.4, Max: 2.5, Diff: 0.2, Sum: 9.6]
      [Object Copy (ms): Min: 108.7, Avg: 108.8, Max: 108.8, Diff: 0.1, Sum: 435.0]
      [Termination (ms): Min: 0.0, Avg: 0.0, Max: 0.0, Diff: 0.0, Sum: 0.0]
      [GC Worker Other (ms): Min: 0.0, Avg: 0.0, Max: 0.0, Diff: 0.0, Sum: 0.1]
      [GC Worker Total (ms): Min: 130.4, Avg: 130.4, Max: 130.4, Diff: 0.0, Sum: 521.6]
      [GC Worker End (ms): Min: 570205.7, Avg: 570205.7, Max: 570205.7, Diff: 0.0]
   [Code Root Fixup: 0.0 ms]
   [Clear CT: 0.3 ms]
   [Other: 1.7 ms]
      [Choose CSet: 0.0 ms]
      [Ref Proc: 0.0 ms]
      [Ref Enq: 0.0 ms]
      [Free CSet: 0.2 ms]
   [Eden: 238.0M(238.0M)->0.0B(282.0M) Survivors: 36.0M->35.0M Heap: 990.0M(2048.0M)->853.0M(2048.0M)]
 [Times: user=0.50 sys=0.00, real=0.13 secs] 
570.451: [GC pause (young), 0.1638367 secs]
   [Parallel Time: 161.3 ms, GC Workers: 4]
      [GC Worker Start (ms): Min: 570451.5, Avg: 570451.5, Max: 570451.5, Diff: 0.0]
      [Ext Root Scanning (ms): Min: 1.3, Avg: 1.4, Max: 1.6, Diff: 0.3, Sum: 5.8]
      [Update RS (ms): Min: 18.4, Avg: 18.6, Max: 19.0, Diff: 0.6, Sum: 74.5]
         [Processed Buffers: Min: 139, Avg: 158.8, Max: 180, Diff: 41, Sum: 635]
      [Scan RS (ms): Min: 0.0, Avg: 0.2, Max: 0.3, Diff: 0.3, Sum: 0.8]
      [Object Copy (ms): Min: 139.0, Avg: 139.0, Max: 139.1, Diff: 0.1, Sum: 556.2]
      [Termination (ms): Min: 0.0, Avg: 0.0, Max: 0.0, Diff: 0.0, Sum: 0.0]
      [GC Worker Other (ms): Min: 0.0, Avg: 0.3, Max: 1.1, Diff: 1.0, Sum: 1.1]
      [GC Worker Total (ms): Min: 159.3, Avg: 159.6, Max: 160.4, Diff: 1.0, Sum: 638.4]
      [GC Worker End (ms): Min: 570610.9, Avg: 570611.1, Max: 570611.9, Diff: 1.0]
   [Code Root Fixup: 0.0 ms]
   [Clear CT: 0.1 ms]
   [Other: 2.4 ms]
      [Choose CSet: 0.0 ms]
      [Ref Proc: 0.8 ms]
      [Ref Enq: 0.0 ms]
      [Free CSet: 0.3 ms]
   [Eden: 282.0M(282.0M)->0.0B(269.0M) Survivors: 35.0M->40.0M Heap: 1135.0M(2048.0M)->987.0M(2048.0M)]
 [Times: user=0.58 sys=0.00, real=0.16 secs] 
570.879: [GC pause (young) (initial-mark), 0.1381170 secs]
   [Parallel Time: 136.0 ms, GC Workers: 4]
      [GC Worker Start (ms): Min: 570879.2, Avg: 570879.2, Max: 570879.2, Diff: 0.0]
      [Ext Root Scanning (ms): Min: 1.2, Avg: 1.2, Max: 1.3, Diff: 0.1, Sum: 4.8]
      [Update RS (ms): Min: 20.8, Avg: 21.1, Max: 21.8, Diff: 1.0, Sum: 84.3]
         [Processed Buffers: Min: 162, Avg: 189.8, Max: 211, Diff: 49, Sum: 759]
      [Scan RS (ms): Min: 0.0, Avg: 0.2, Max: 0.3, Diff: 0.2, Sum: 0.8]
      [Object Copy (ms): Min: 109.4, Avg: 110.3, Max: 113.0, Diff: 3.5, Sum: 441.2]
      [Termination (ms): Min: 0.0, Avg: 3.2, Max: 4.2, Diff: 4.2, Sum: 12.7]
      [GC Worker Other (ms): Min: 0.0, Avg: 0.0, Max: 0.0, Diff: 0.0, Sum: 0.0]
      [GC Worker Total (ms): Min: 135.9, Avg: 136.0, Max: 136.0, Diff: 0.0, Sum: 543.8]
      [GC Worker End (ms): Min: 571015.1, Avg: 571015.1, Max: 571015.1, Diff: 0.0]
   [Code Root Fixup: 0.0 ms]
   [Clear CT: 0.2 ms]
   [Other: 2.0 ms]
      [Choose CSet: 0.0 ms]
      [Ref Proc: 0.2 ms]
      [Ref Enq: 0.0 ms]
      [Free CSet: 0.3 ms]
   [Eden: 269.0M(269.0M)->0.0B(323.0M) Survivors: 40.0M->39.0M Heap: 1256.0M(2048.0M)->1082.5M(2048.0M)]
 [Times: user=0.56 sys=0.00, real=0.14 secs] 
571.017: [GC concurrent-root-region-scan-start]
571.078: [GC concurrent-root-region-scan-end, 0.0608517 secs]
571.078: [GC concurrent-mark-start]
571.299: [GC pause (young), 0.1591600 secs]
   [Parallel Time: 157.4 ms, GC Workers: 4]
      [GC Worker Start (ms): Min: 571299.2, Avg: 571299.2, Max: 571299.3, Diff: 0.1]
      [Ext Root Scanning (ms): Min: 1.6, Avg: 1.8, Max: 1.9, Diff: 0.3, Sum: 7.2]
      [SATB Filtering (ms): Min: 0.0, Avg: 0.7, Max: 2.7, Diff: 2.7, Sum: 2.7]
      [Update RS (ms): Min: 16.2, Avg: 18.5, Max: 20.4, Diff: 4.2, Sum: 73.9]
         [Processed Buffers: Min: 154, Avg: 175.0, Max: 200, Diff: 46, Sum: 700]
      [Scan RS (ms): Min: 0.0, Avg: 1.0, Max: 1.4, Diff: 1.4, Sum: 4.2]
      [Object Copy (ms): Min: 135.0, Avg: 135.3, Max: 135.4, Diff: 0.4, Sum: 541.0]
      [Termination (ms): Min: 0.0, Avg: 0.0, Max: 0.0, Diff: 0.0, Sum: 0.0]
      [GC Worker Other (ms): Min: 0.0, Avg: 0.0, Max: 0.0, Diff: 0.0, Sum: 0.1]
      [GC Worker Total (ms): Min: 157.2, Avg: 157.3, Max: 157.3, Diff: 0.1, Sum: 629.1]
      [GC Worker End (ms): Min: 571456.5, Avg: 571456.5, Max: 571456.5, Diff: 0.0]
   [Code Root Fixup: 0.0 ms]
   [Clear CT: 0.1 ms]
   [Other: 1.7 ms]
      [Choose CSet: 0.0 ms]
      [Ref Proc: 0.0 ms]
      [Ref Enq: 0.0 ms]
      [Free CSet: 0.3 ms]
   [Eden: 323.0M(323.0M)->0.0B(308.0M) Survivors: 39.0M->46.0M Heap: 1405.5M(2048.0M)->1204.0M(2048.0M)]
 [Times: user=0.58 sys=0.00, real=0.16 secs] 
571.736: [GC concurrent-mark-end, 0.6575320 secs]
571.738: [GC remark 571.739: [GC ref-proc, 0.0017425 secs], 0.0039137 secs]
 [Times: user=0.06 sys=0.00, real=0.00 secs] 
571.742: [GC cleanup 1498M->942M(2048M), 0.0014679 secs]
 [Times: user=0.00 sys=0.00, real=0.00 secs] 
571.744: [GC concurrent-cleanup-start]
571.745: [GC concurrent-cleanup-end, 0.0008884 secs]
571.757: [GC pause (young), 0.1038837 secs]
   [Parallel Time: 102.4 ms, GC Workers: 4]
      [GC Worker Start (ms): Min: 571757.6, Avg: 571757.6, Max: 571757.6, Diff: 0.0]
      [Ext Root Scanning (ms): Min: 1.5, Avg: 3.2, Max: 8.0, Diff: 6.6, Sum: 12.8]
      [Update RS (ms): Min: 16.0, Avg: 22.0, Max: 25.1, Diff: 9.2, Sum: 88.0]
         [Processed Buffers: Min: 134, Avg: 179.3, Max: 239, Diff: 105, Sum: 717]
      [Scan RS (ms): Min: 0.0, Avg: 1.3, Max: 2.6, Diff: 2.6, Sum: 5.4]
      [Object Copy (ms): Min: 75.6, Avg: 75.8, Max: 76.0, Diff: 0.3, Sum: 303.3]
      [Termination (ms): Min: 0.0, Avg: 0.0, Max: 0.0, Diff: 0.0, Sum: 0.0]
      [GC Worker Other (ms): Min: 0.0, Avg: 0.0, Max: 0.0, Diff: 0.0, Sum: 0.1]
      [GC Worker Total (ms): Min: 102.4, Avg: 102.4, Max: 102.4, Diff: 0.0, Sum: 409.6]
      [GC Worker End (ms): Min: 571860.0, Avg: 571860.0, Max: 571860.0, Diff: 0.0]
   [Code Root Fixup: 0.0 ms]
   [Clear CT: 0.1 ms]
   [Other: 1.3 ms]
      [Choose CSet: 0.0 ms]
      [Ref Proc: 0.0 ms]
      [Ref Enq: 0.0 ms]
      [Free CSet: 0.3 ms]
   [Eden: 308.0M(308.0M)->0.0B(57.0M) Survivors: 46.0M->45.0M Heap: 956.0M(2048.0M)->693.5M(2048.0M)]
 [Times: user=0.37 sys=0.00, real=0.10 secs] 
571.904: [GC pause (mixed), 0.0842723 secs]
   [Parallel Time: 82.4 ms, GC Workers: 4]
      [GC Worker Start (ms): Min: 571903.9, Avg: 571903.9, Max: 571903.9, Diff: 0.0]
      [Ext Root Scanning (ms): Min: 1.3, Avg: 1.3, Max: 1.3, Diff: 0.1, Sum: 5.2]
      [Update RS (ms): Min: 23.0, Avg: 23.0, Max: 23.0, Diff: 0.0, Sum: 92.0]
         [Processed Buffers: Min: 131, Avg: 138.5, Max: 147, Diff: 16, Sum: 554]
      [Scan RS (ms): Min: 1.0, Avg: 1.0, Max: 1.0, Diff: 0.0, Sum: 4.1]
      [Object Copy (ms): Min: 56.9, Avg: 56.9, Max: 57.0, Diff: 0.1, Sum: 227.8]
      [Termination (ms): Min: 0.0, Avg: 0.0, Max: 0.0, Diff: 0.0, Sum: 0.0]
      [GC Worker Other (ms): Min: 0.0, Avg: 0.0, Max: 0.0, Diff: 0.0, Sum: 0.1]
      [GC Worker Total (ms): Min: 82.3, Avg: 82.3, Max: 82.3, Diff: 0.0, Sum: 329.1]
      [GC Worker End (ms): Min: 571986.2, Avg: 571986.2, Max: 571986.2, Diff: 0.0]
   [Code Root Fixup: 0.0 ms]
   [Clear CT: 0.5 ms]
   [Other: 1.4 ms]
      [Choose CSet: 0.0 ms]
      [Ref Proc: 0.2 ms]
      [Ref Enq: 0.0 ms]
      [Free CSet: 0.4 ms]
   [Eden: 57.0M(57.0M)->0.0B(528.0M) Survivors: 45.0M->13.0M Heap: 750.5M(2048.0M)->656.5M(2048.0M)]
 [Times: user=0.30 sys=0.00, real=0.09 secs] 
572.525: [GC pause (young), 0.3133995 secs]
   [Parallel Time: 310.0 ms, GC Workers: 4]
      [GC Worker Start (ms): Min: 572525.5, Avg: 572525.5, Max: 572525.5, Diff: 0.0]
      [Ext Root Scanning (ms): Min: 1.2, Avg: 1.3, Max: 1.3, Diff: 0.1, Sum: 5.1]
      [Update RS (ms): Min: 25.9, Avg: 26.0, Max: 26.1, Diff: 0.2, Sum: 104.0]
         [Processed Buffers: Min: 105, Avg: 117.5, Max: 127, Diff: 22, Sum: 470]
      [Scan RS (ms): Min: 0.1, Avg: 1.5, Max: 5.5, Diff: 5.4, Sum: 6.0]
      [Object Copy (ms): Min: 277.2, Avg: 281.2, Max: 282.6, Diff: 5.4, Sum: 1124.9]
      [Termination (ms): Min: 0.0, Avg: 0.0, Max: 0.0, Diff: 0.0, Sum: 0.0]
      [GC Worker Other (ms): Min: 0.0, Avg: 0.0, Max: 0.0, Diff: 0.0, Sum: 0.1]
      [GC Worker Total (ms): Min: 310.0, Avg: 310.0, Max: 310.0, Diff: 0.0, Sum: 1240.1]
      [GC Worker End (ms): Min: 572835.5, Avg: 572835.5, Max: 572835.5, Diff: 0.0]
   [Code Root Fixup: 0.0 ms]
   [Clear CT: 0.7 ms]
   [Other: 2.6 ms]
      [Choose CSet: 0.0 ms]
      [Ref Proc: 0.1 ms]
      [Ref Enq: 0.0 ms]
      [Free CSet: 0.5 ms]
   [Eden: 528.0M(528.0M)->0.0B(234.0M) Survivors: 13.0M->68.0M Heap: 1184.5M(2048.0M)->974.0M(2048.0M)]
 [Times: user=1.20 sys=0.00, real=0.31 secs] 
573.140: [GC pause (young), 0.1591837 secs]
   [Parallel Time: 156.5 ms, GC Workers: 4]
      [GC Worker Start (ms): Min: 573140.2, Avg: 573140.2, Max: 573140.2, Diff: 0.0]
      [Ext Root Scanning (ms): Min: 1.3, Avg: 1.3, Max: 1.3, Diff: 0.1, Sum: 5.2]
      [Update RS (ms): Min: 16.1, Avg: 16.1, Max: 16.1, Diff: 0.0, Sum: 64.5]
         [Processed Buffers: Min: 166, Avg: 267.8, Max: 352, Diff: 186, Sum: 1071]
      [Scan RS (ms): Min: 36.9, Avg: 36.9, Max: 37.0, Diff: 0.1, Sum: 147.7]
      [Object Copy (ms): Min: 102.1, Avg: 102.1, Max: 102.1, Diff: 0.1, Sum: 408.4]
      [Termination (ms): Min: 0.0, Avg: 0.0, Max: 0.0, Diff: 0.0, Sum: 0.0]
      [GC Worker Other (ms): Min: 0.0, Avg: 0.0, Max: 0.0, Diff: 0.0, Sum: 0.1]
      [GC Worker Total (ms): Min: 156.5, Avg: 156.5, Max: 156.5, Diff: 0.0, Sum: 626.0]
      [GC Worker End (ms): Min: 573296.7, Avg: 573296.7, Max: 573296.7, Diff: 0.0]
   [Code Root Fixup: 0.0 ms]
   [Clear CT: 0.2 ms]
   [Other: 2.5 ms]
      [Choose CSet: 0.0 ms]
      [Ref Proc: 0.0 ms]
      [Ref Enq: 0.0 ms]
      [Free CSet: 0.3 ms]
   [Eden: 178.0M(34.0M)->0.0B(316.0M) Survivors: 68.0M->13.0M Heap: 1152.0M(2048.0M)->1027.5M(2048.0M)]
 [Times: user=0.62 sys=0.00, real=0.16 secs] 
573.736: [GC pause (young) (initial-mark), 0.1315268 secs]
   [Parallel Time: 128.9 ms, GC Workers: 4]
      [GC Worker Start (ms): Min: 573736.1, Avg: 573736.1, Max: 573736.1, Diff: 0.0]
      [Ext Root Scanning (ms): Min: 1.2, Avg: 1.3, Max: 1.4, Diff: 0.2, Sum: 5.1]
      [Update RS (ms): Min: 15.3, Avg: 15.4, Max: 15.4, Diff: 0.1, Sum: 61.5]
         [Processed Buffers: Min: 201, Avg: 211.0, Max: 230, Diff: 29, Sum: 844]
      [Scan RS (ms): Min: 0.2, Avg: 0.2, Max: 0.2, Diff: 0.0, Sum: 0.7]
      [Object Copy (ms): Min: 112.0, Avg: 112.1, Max: 112.1, Diff: 0.1, Sum: 448.2]
      [Termination (ms): Min: 0.0, Avg: 0.0, Max: 0.0, Diff: 0.0, Sum: 0.0]
      [GC Worker Other (ms): Min: 0.0, Avg: 0.0, Max: 0.0, Diff: 0.0, Sum: 0.1]
      [GC Worker Total (ms): Min: 128.9, Avg: 128.9, Max: 128.9, Diff: 0.0, Sum: 515.5]
      [GC Worker End (ms): Min: 573865.0, Avg: 573865.0, Max: 573865.0, Diff: 0.0]
   [Code Root Fixup: 0.0 ms]
   [Clear CT: 0.9 ms]
   [Other: 1.8 ms]
      [Choose CSet: 0.0 ms]
      [Ref Proc: 0.0 ms]
      [Ref Enq: 0.0 ms]
      [Free CSet: 0.3 ms]
   [Eden: 316.0M(316.0M)->0.0B(215.0M) Survivors: 13.0M->42.0M Heap: 1343.5M(2048.0M)->1152.0M(2048.0M)]
 [Times: user=0.50 sys=0.00, real=0.13 secs] 
573.867: [GC concurrent-root-region-scan-start]
573.913: [GC concurrent-root-region-scan-end, 0.0451817 secs]
573.913: [GC concurrent-mark-start]
574.061: [GC pause (young), 0.0980729 secs]
   [Parallel Time: 96.6 ms, GC Workers: 4]
      [GC Worker Start (ms): Min: 574061.1, Avg: 574061.1, Max: 574061.1, Diff: 0.0]
      [Ext Root Scanning (ms): Min: 1.2, Avg: 1.3, Max: 1.4, Diff: 0.2, Sum: 5.3]
      [SATB Filtering (ms): Min: 0.0, Avg: 0.3, Max: 1.2, Diff: 1.2, Sum: 1.2]
      [Update RS (ms): Min: 17.8, Avg: 19.8, Max: 23.5, Diff: 5.7, Sum: 79.1]
         [Processed Buffers: Min: 127, Avg: 149.3, Max: 198, Diff: 71, Sum: 597]
      [Scan RS (ms): Min: 0.0, Avg: 0.4, Max: 0.5, Diff: 0.5, Sum: 1.4]
      [Object Copy (ms): Min: 71.6, Avg: 74.8, Max: 75.9, Diff: 4.4, Sum: 299.3]
      [Termination (ms): Min: 0.0, Avg: 0.0, Max: 0.0, Diff: 0.0, Sum: 0.0]
      [GC Worker Other (ms): Min: 0.0, Avg: 0.0, Max: 0.0, Diff: 0.0, Sum: 0.1]
      [GC Worker Total (ms): Min: 96.6, Avg: 96.6, Max: 96.6, Diff: 0.0, Sum: 386.3]
      [GC Worker End (ms): Min: 574157.7, Avg: 574157.7, Max: 574157.7, Diff: 0.0]
   [Code Root Fixup: 0.0 ms]
   [Clear CT: 0.1 ms]
   [Other: 1.4 ms]
      [Choose CSet: 0.0 ms]
      [Ref Proc: 0.2 ms]
      [Ref Enq: 0.0 ms]
      [Free CSet: 0.2 ms]
   [Eden: 215.0M(215.0M)->0.0B(336.0M) Survivors: 42.0M->33.0M Heap: 1367.0M(2048.0M)->1190.0M(2048.0M)]
 [Times: user=0.44 sys=0.00, real=0.10 secs] 
574.453: [GC pause (young), 0.1270691 secs]
   [Parallel Time: 125.0 ms, GC Workers: 4]
      [GC Worker Start (ms): Min: 574453.6, Avg: 574453.6, Max: 574453.7, Diff: 0.0]
      [Ext Root Scanning (ms): Min: 1.2, Avg: 1.2, Max: 1.2, Diff: 0.0, Sum: 4.9]
      [SATB Filtering (ms): Min: 0.0, Avg: 0.8, Max: 3.4, Diff: 3.4, Sum: 3.4]
      [Update RS (ms): Min: 15.9, Avg: 18.4, Max: 19.3, Diff: 3.4, Sum: 73.7]
         [Processed Buffers: Min: 128, Avg: 156.0, Max: 184, Diff: 56, Sum: 624]
      [Scan RS (ms): Min: 0.2, Avg: 0.2, Max: 0.2, Diff: 0.0, Sum: 0.9]
      [Object Copy (ms): Min: 104.2, Avg: 104.3, Max: 104.3, Diff: 0.0, Sum: 417.0]
      [Termination (ms): Min: 0.0, Avg: 0.0, Max: 0.0, Diff: 0.0, Sum: 0.0]
      [GC Worker Other (ms): Min: 0.0, Avg: 0.0, Max: 0.0, Diff: 0.0, Sum: 0.1]
      [GC Worker Total (ms): Min: 125.0, Avg: 125.0, Max: 125.0, Diff: 0.0, Sum: 500.0]
      [GC Worker End (ms): Min: 574578.6, Avg: 574578.6, Max: 574578.7, Diff: 0.0]
   [Code Root Fixup: 0.0 ms]
   [Clear CT: 0.9 ms]
   [Other: 1.2 ms]
      [Choose CSet: 0.0 ms]
      [Ref Proc: 0.0 ms]
      [Ref Enq: 0.0 ms]
      [Free CSet: 0.3 ms]
   [Eden: 336.0M(336.0M)->0.0B(319.0M) Survivors: 33.0M->47.0M Heap: 1526.0M(2048.0M)->1289.0M(2048.0M)]
 [Times: user=0.48 sys=0.00, real=0.13 secs] 
574.608: [GC concurrent-mark-end, 0.6950376 secs]
574.609: [GC remark 574.610: [GC ref-proc, 0.0018464 secs], 0.0042261 secs]
 [Times: user=0.00 sys=0.00, real=0.00 secs] 
574.614: [GC cleanup 1323M->545M(2048M), 0.0019131 secs]
 [Times: user=0.00 sys=0.00, real=0.00 secs] 
574.616: [GC concurrent-cleanup-start]
574.617: [GC concurrent-cleanup-end, 0.0011633 secs]
574.911: [GC pause (young), 0.2551854 secs]
   [Parallel Time: 253.0 ms, GC Workers: 4]
      [GC Worker Start (ms): Min: 574910.8, Avg: 574910.8, Max: 574910.8, Diff: 0.0]
      [Ext Root Scanning (ms): Min: 1.2, Avg: 1.2, Max: 1.3, Diff: 0.0, Sum: 4.9]
      [Update RS (ms): Min: 35.6, Avg: 36.5, Max: 39.1, Diff: 3.5, Sum: 146.1]
         [Processed Buffers: Min: 158, Avg: 175.0, Max: 187, Diff: 29, Sum: 700]
      [Scan RS (ms): Min: 0.0, Avg: 0.1, Max: 0.1, Diff: 0.1, Sum: 0.4]
      [Object Copy (ms): Min: 212.6, Avg: 215.1, Max: 216.0, Diff: 3.4, Sum: 860.6]
      [Termination (ms): Min: 0.0, Avg: 0.0, Max: 0.0, Diff: 0.0, Sum: 0.0]
      [GC Worker Other (ms): Min: 0.0, Avg: 0.0, Max: 0.0, Diff: 0.0, Sum: 0.1]
      [GC Worker Total (ms): Min: 253.0, Avg: 253.0, Max: 253.0, Diff: 0.0, Sum: 1012.0]
      [GC Worker End (ms): Min: 575163.8, Avg: 575163.8, Max: 575163.8, Diff: 0.0]
   [Code Root Fixup: 0.0 ms]
   [Clear CT: 0.1 ms]
   [Other: 2.0 ms]
      [Choose CSet: 0.0 ms]
      [Ref Proc: 0.0 ms]
      [Ref Enq: 0.0 ms]
      [Free CSet: 0.3 ms]
   [Eden: 319.0M(319.0M)->0.0B(218.0M) Survivors: 47.0M->46.0M Heap: 830.0M(2048.0M)->723.0M(2048.0M)]
 [Times: user=0.78 sys=0.00, real=0.26 secs] 
575.438: [GC pause (young), 0.1230232 secs]
   [Parallel Time: 121.0 ms, GC Workers: 4]
      [GC Worker Start (ms): Min: 575438.4, Avg: 575438.4, Max: 575438.4, Diff: 0.0]
      [Ext Root Scanning (ms): Min: 1.2, Avg: 1.2, Max: 1.3, Diff: 0.1, Sum: 5.0]
      [Update RS (ms): Min: 20.0, Avg: 20.1, Max: 20.1, Diff: 0.0, Sum: 80.3]
         [Processed Buffers: Min: 166, Avg: 194.3, Max: 221, Diff: 55, Sum: 777]
      [Scan RS (ms): Min: 6.6, Avg: 6.6, Max: 6.7, Diff: 0.1, Sum: 26.5]
      [Object Copy (ms): Min: 93.0, Avg: 93.0, Max: 93.1, Diff: 0.0, Sum: 372.2]
      [Termination (ms): Min: 0.0, Avg: 0.0, Max: 0.0, Diff: 0.0, Sum: 0.0]
      [GC Worker Other (ms): Min: 0.0, Avg: 0.0, Max: 0.0, Diff: 0.0, Sum: 0.1]
      [GC Worker Total (ms): Min: 121.0, Avg: 121.0, Max: 121.0, Diff: 0.0, Sum: 483.9]
      [GC Worker End (ms): Min: 575559.4, Avg: 575559.4, Max: 575559.4, Diff: 0.0]
   [Code Root Fixup: 0.0 ms]
   [Clear CT: 0.2 ms]
   [Other: 1.8 ms]
      [Choose CSet: 0.0 ms]
      [Ref Proc: 0.1 ms]
      [Ref Enq: 0.0 ms]
      [Free CSet: 0.3 ms]
   [Eden: 218.0M(218.0M)->0.0B(260.0M) Survivors: 46.0M->33.0M Heap: 941.0M(2048.0M)->788.5M(2048.0M)]
 [Times: user=0.44 sys=0.00, real=0.12 secs] 
575.809: [GC pause (young), 0.0886187 secs]
   [Parallel Time: 87.2 ms, GC Workers: 4]
      [GC Worker Start (ms): Min: 575809.6, Avg: 575809.6, Max: 575809.6, Diff: 0.0]
      [Ext Root Scanning (ms): Min: 1.6, Avg: 1.7, Max: 1.8, Diff: 0.2, Sum: 6.8]
      [Update RS (ms): Min: 20.5, Avg: 21.8, Max: 25.4, Diff: 4.9, Sum: 87.2]
         [Processed Buffers: Min: 80, Avg: 132.3, Max: 161, Diff: 81, Sum: 529]
      [Scan RS (ms): Min: 0.0, Avg: 0.5, Max: 0.6, Diff: 0.6, Sum: 1.9]
      [Object Copy (ms): Min: 60.0, Avg: 63.2, Max: 64.3, Diff: 4.3, Sum: 252.7]
      [Termination (ms): Min: 0.0, Avg: 0.0, Max: 0.0, Diff: 0.0, Sum: 0.0]
      [GC Worker Other (ms): Min: 0.0, Avg: 0.0, Max: 0.0, Diff: 0.0, Sum: 0.1]
      [GC Worker Total (ms): Min: 87.2, Avg: 87.2, Max: 87.2, Diff: 0.0, Sum: 348.7]
      [GC Worker End (ms): Min: 575896.8, Avg: 575896.8, Max: 575896.8, Diff: 0.0]
   [Code Root Fixup: 0.0 ms]
   [Clear CT: 0.2 ms]
   [Other: 1.2 ms]
      [Choose CSet: 0.0 ms]
      [Ref Proc: 0.1 ms]
      [Ref Enq: 0.0 ms]
      [Free CSet: 0.3 ms]
   [Eden: 260.0M(260.0M)->0.0B(316.0M) Survivors: 33.0M->37.0M Heap: 1048.5M(2048.0M)->834.5M(2048.0M)]
 [Times: user=0.30 sys=0.00, real=0.09 secs] 
